  Determining projects to restore...
C:\Projects\Hazina\src\Tools\Services\Hazina.Tools.Services.FileOps\Hazina.Tools.Services.FileOps.csproj : warning NU1902: Package 'MimeKit' 4.13.0 has a known moderate severity vulnerability, https://github.com/advisories/GHSA-g7hc-96xr-gvvx [C:\Projects\Hazina\Hazina.sln]
C:\Projects\Hazina\src\Tools\Services\Hazina.Tools.Services.BigQuery\Hazina.Tools.Services.BigQuery.csproj : warning NU1902: Package 'MimeKit' 4.13.0 has a known moderate severity vulnerability, https://github.com/advisories/GHSA-g7hc-96xr-gvvx [C:\Projects\Hazina\Hazina.sln]
C:\Projects\Hazina\src\Tools\Services\Hazina.Tools.Services.Chat\Hazina.Tools.Services.Chat.csproj : warning NU1902: Package 'MimeKit' 4.13.0 has a known moderate severity vulnerability, https://github.com/advisories/GHSA-g7hc-96xr-gvvx [C:\Projects\Hazina\Hazina.sln]
C:\Projects\Hazina\src\Tools\Services\Hazina.Tools.Services.ToolAgent\Hazina.Tools.Services.ToolAgent.csproj : warning NU1902: Package 'MimeKit' 4.13.0 has a known moderate severity vulnerability, https://github.com/advisories/GHSA-g7hc-96xr-gvvx [C:\Projects\Hazina\Hazina.sln]
C:\Projects\Hazina\src\Tools\Services\Hazina.Tools.Services.Prompts\Hazina.Tools.Services.Prompts.csproj : warning NU1902: Package 'MimeKit' 4.13.0 has a known moderate severity vulnerability, https://github.com/advisories/GHSA-g7hc-96xr-gvvx [C:\Projects\Hazina\Hazina.sln]
C:\Projects\Hazina\src\Tools\Services\Hazina.Tools.Services.Store\Hazina.Tools.Services.Store.csproj : warning NU1902: Package 'MimeKit' 4.13.0 has a known moderate severity vulnerability, https://github.com/advisories/GHSA-g7hc-96xr-gvvx [C:\Projects\Hazina\Hazina.sln]
C:\Projects\Hazina\src\Tools\Services\Hazina.Tools.Services.Web\Hazina.Tools.Services.Web.csproj : warning NU1902: Package 'MimeKit' 4.13.0 has a known moderate severity vulnerability, https://github.com/advisories/GHSA-g7hc-96xr-gvvx [C:\Projects\Hazina\Hazina.sln]
C:\Projects\Hazina\src\Tools\Services\Hazina.Tools.Services.Intake\Hazina.Tools.Services.Intake.csproj : warning NU1902: Package 'MimeKit' 4.13.0 has a known moderate severity vulnerability, https://github.com/advisories/GHSA-g7hc-96xr-gvvx [C:\Projects\Hazina\Hazina.sln]
C:\Projects\Hazina\src\Tools\Services\Hazina.Tools.Services.WordPress\Hazina.Tools.Services.WordPress.csproj : warning NU1902: Package 'MimeKit' 4.13.0 has a known moderate severity vulnerability, https://github.com/advisories/GHSA-g7hc-96xr-gvvx [C:\Projects\Hazina\Hazina.sln]
C:\Projects\Hazina\src\Tools\Services\Hazina.Tools.Services.Social\Hazina.Tools.Services.Social.csproj : warning NU1902: Package 'MimeKit' 4.13.0 has a known moderate severity vulnerability, https://github.com/advisories/GHSA-g7hc-96xr-gvvx [C:\Projects\Hazina\Hazina.sln]
C:\Projects\Hazina\src\Tools\Foundation\Hazina.Tools.TextExtraction\Hazina.Tools.TextExtraction.csproj : warning NU1902: Package 'MimeKit' 4.13.0 has a known moderate severity vulnerability, https://github.com/advisories/GHSA-g7hc-96xr-gvvx [C:\Projects\Hazina\Hazina.sln]
C:\Projects\Hazina\src\Tools\Services\Hazina.Tools.Services\Hazina.Tools.Services.csproj : warning NU1902: Package 'MimeKit' 4.13.0 has a known moderate severity vulnerability, https://github.com/advisories/GHSA-g7hc-96xr-gvvx [C:\Projects\Hazina\Hazina.sln]
C:\Projects\Hazina\src\Core\AI\Hazina.AI.FluentAPI\Hazina.AI.FluentAPI.csproj : warning NU1902: Package 'MimeKit' 4.13.0 has a known moderate severity vulnerability, https://github.com/advisories/GHSA-g7hc-96xr-gvvx [C:\Projects\Hazina\Hazina.sln]
C:\Projects\Hazina\src\Tools\Foundation\Hazina.Tools.Extensions\Hazina.Tools.Extensions.csproj : warning NU1902: Package 'MimeKit' 4.13.0 has a known moderate severity vulnerability, https://github.com/advisories/GHSA-g7hc-96xr-gvvx [C:\Projects\Hazina\Hazina.sln]
C:\Projects\Hazina\src\Tools\Foundation\Hazina.Tools.Data\Hazina.Tools.Data.csproj : warning NU1902: Package 'MimeKit' 4.13.0 has a known moderate severity vulnerability, https://github.com/advisories/GHSA-g7hc-96xr-gvvx [C:\Projects\Hazina\Hazina.sln]
C:\Projects\Hazina\src\Tools\Services\Hazina.Tools.Services.Images\Hazina.Tools.Services.Images.csproj : warning NU1902: Package 'MimeKit' 4.13.0 has a known moderate severity vulnerability, https://github.com/advisories/GHSA-g7hc-96xr-gvvx [C:\Projects\Hazina\Hazina.sln]
C:\Projects\Hazina\src\Tools\Foundation\Hazina.Tools.Models\Hazina.Tools.Models.csproj : warning NU1902: Package 'MimeKit' 4.13.0 has a known moderate severity vulnerability, https://github.com/advisories/GHSA-g7hc-96xr-gvvx [C:\Projects\Hazina\Hazina.sln]
C:\Projects\Hazina\src\Tools\Migration\Hazina.Tools.Migration\Hazina.Tools.Migration.csproj : warning NU1902: Package 'MimeKit' 4.13.0 has a known moderate severity vulnerability, https://github.com/advisories/GHSA-g7hc-96xr-gvvx [C:\Projects\Hazina\Hazina.sln]
C:\Projects\Hazina\src\Tools\Common\Hazina.Tools.Common.Infrastructure.AspNetCore\Hazina.Tools.Common.Infrastructure.AspNetCore.csproj : warning NU1902: Package 'MimeKit' 4.13.0 has a known moderate severity vulnerability, https://github.com/advisories/GHSA-g7hc-96xr-gvvx [C:\Projects\Hazina\Hazina.sln]
C:\Projects\Hazina\src\Core\Observability\Hazina.Observability.Core\Hazina.Observability.Core.csproj : warning NU1902: Package 'OpenTelemetry.Api' 1.10.0 has a known moderate severity vulnerability, https://github.com/advisories/GHSA-8785-wc3w-h8q6 [C:\Projects\Hazina\Hazina.sln]
C:\Projects\Hazina\src\Tools\Services\Hazina.Tools.Services.GoogleDrive\Hazina.Tools.Services.GoogleDrive.csproj : warning NU1902: Package 'MimeKit' 4.13.0 has a known moderate severity vulnerability, https://github.com/advisories/GHSA-g7hc-96xr-gvvx [C:\Projects\Hazina\Hazina.sln]
C:\Projects\Hazina\src\Tools\Common\Hazina.Tools.Common.Models\Hazina.Tools.Common.Models.csproj : warning NU1902: Package 'MimeKit' 4.13.0 has a known moderate severity vulnerability, https://github.com/advisories/GHSA-g7hc-96xr-gvvx [C:\Projects\Hazina\Hazina.sln]
C:\Projects\Hazina\src\Core\Observability\Hazina.Observability.AspNetCore\Hazina.Observability.AspNetCore.csproj : warning NU1902: Package 'OpenTelemetry.Api' 1.11.0 has a known moderate severity vulnerability, https://github.com/advisories/GHSA-8785-wc3w-h8q6 [C:\Projects\Hazina\Hazina.sln]
C:\Projects\Hazina\src\Hazina.AgenticOrchestration\Hazina.AgenticOrchestration.csproj : warning NU1902: Package 'MimeKit' 4.13.0 has a known moderate severity vulnerability, https://github.com/advisories/GHSA-g7hc-96xr-gvvx [C:\Projects\Hazina\Hazina.sln]
C:\Projects\Hazina\src\Tools\Services\Hazina.Tools.Services.ContentRetrieval\Hazina.Tools.Services.ContentRetrieval.csproj : warning NU1902: Package 'MimeKit' 4.13.0 has a known moderate severity vulnerability, https://github.com/advisories/GHSA-g7hc-96xr-gvvx [C:\Projects\Hazina\Hazina.sln]
C:\Projects\Hazina\src\Tools\Foundation\Hazina.Tools.Core\Hazina.Tools.Core.csproj : warning NU1902: Package 'MimeKit' 4.13.0 has a known moderate severity vulnerability, https://github.com/advisories/GHSA-g7hc-96xr-gvvx [C:\Projects\Hazina\Hazina.sln]
C:\Projects\Hazina\src\Tools\Services\Hazina.Tools.Services.Embeddings\Hazina.Tools.Services.Embeddings.csproj : warning NU1902: Package 'MimeKit' 4.13.0 has a known moderate severity vulnerability, https://github.com/advisories/GHSA-g7hc-96xr-gvvx [C:\Projects\Hazina\Hazina.sln]
C:\Projects\Hazina\src\Tools\Foundation\Hazina.Tools.ContextCompression\Hazina.Tools.ContextCompression.csproj : warning NU1902: Package 'MimeKit' 4.13.0 has a known moderate severity vulnerability, https://github.com/advisories/GHSA-g7hc-96xr-gvvx [C:\Projects\Hazina\Hazina.sln]
C:\Projects\Hazina\src\Core\Agents\Hazina.AgentFactory\Hazina.AgentFactory.csproj : warning NU1902: Package 'MimeKit' 4.13.0 has a known moderate severity vulnerability, https://github.com/advisories/GHSA-g7hc-96xr-gvvx [C:\Projects\Hazina\Hazina.sln]
C:\Projects\Hazina\src\Tools\Services\Hazina.Tools.Services.DataGathering\Hazina.Tools.Services.DataGathering.csproj : warning NU1902: Package 'MimeKit' 4.13.0 has a known moderate severity vulnerability, https://github.com/advisories/GHSA-g7hc-96xr-gvvx [C:\Projects\Hazina\Hazina.sln]
C:\Projects\Hazina\Tests\Core\Observability\Hazina.Observability.Core.LoadTests\Hazina.Observability.Core.LoadTests.csproj : warning NU1601: Dependency specified was NBomber (>= 5.10.3) but ended up with NBomber 6.0.0. [C:\Projects\Hazina\Hazina.sln]
C:\Projects\Hazina\src\Tools\Foundation\Hazina.Tools.AI.Agents\Hazina.Tools.AI.Agents.csproj : warning NU1902: Package 'MimeKit' 4.13.0 has a known moderate severity vulnerability, https://github.com/advisories/GHSA-g7hc-96xr-gvvx [C:\Projects\Hazina\Hazina.sln]
C:\Projects\Hazina\src\Tools\Services\Hazina.Tools.Services.Database\Hazina.Tools.Services.Database.csproj : warning NU1902: Package 'MimeKit' 4.13.0 has a known moderate severity vulnerability, https://github.com/advisories/GHSA-g7hc-96xr-gvvx [C:\Projects\Hazina\Hazina.sln]
C:\Projects\Hazina\src\Core\API\Hazina.API.Generic\Hazina.API.Generic.csproj : warning NU1902: Package 'MimeKit' 4.13.0 has a known moderate severity vulnerability, https://github.com/advisories/GHSA-g7hc-96xr-gvvx [C:\Projects\Hazina\Hazina.sln]
  All projects are up-to-date for restore.
C:\Projects\Hazina\src\Core\Agents\Hazina.AgentFactory\Hazina.AgentFactory.csproj : warning NU1902: Package 'MimeKit' 4.13.0 has a known moderate severity vulnerability, https://github.com/advisories/GHSA-g7hc-96xr-gvvx [TargetFramework=net8.0]
  Hazina.LLMs.Tools -> C:\Projects\Hazina\src\Core\LLMs\Hazina.LLMs.Tools\bin\Debug\net8.0\Hazina.LLMs.Tools.dll
  Hazina.Demo.Llama -> C:\Projects\Hazina\apps\Demos\Hazina.Demo.Llama\bin\Debug\net9.0\Hazina.Demo.Llama.dll
C:\Projects\Hazina\src\Core\Agents\Hazina.AgentFactory\Hazina.AgentFactory.csproj : warning NU1902: Package 'MimeKit' 4.13.0 has a known moderate severity vulnerability, https://github.com/advisories/GHSA-g7hc-96xr-gvvx [TargetFramework=net10.0]
C:\Projects\Hazina\src\Core\Agents\Hazina.AgentFactory\Hazina.AgentFactory.csproj : warning NU1902: Package 'MimeKit' 4.13.0 has a known moderate severity vulnerability, https://github.com/advisories/GHSA-g7hc-96xr-gvvx [TargetFramework=net9.0]
  Hazina.LLMs.Classes -> C:\Projects\Hazina\src\Core\LLMs\Hazina.LLMs.Classes\bin\Debug\net9.0\Hazina.LLMs.Classes.dll
  Hazina.LLMs.Helpers -> C:\Projects\Hazina\src\Core\LLMs\Hazina.LLMs.Helpers\bin\Debug\net8.0\Hazina.LLMs.Helpers.dll
  Hazina.LLMs.Classes -> C:\Projects\Hazina\src\Core\LLMs\Hazina.LLMs.Classes\bin\Debug\net10.0\Hazina.LLMs.Classes.dll
C:\Projects\Hazina\src\Tools\Common\Hazina.Tools.Common.Infrastructure.AspNetCore\Hazina.Tools.Common.Infrastructure.AspNetCore.csproj : warning NU1902: Package 'MimeKit' 4.13.0 has a known moderate severity vulnerability, https://github.com/advisories/GHSA-g7hc-96xr-gvvx [TargetFramework=net8.0]
C:\Projects\Hazina\src\Tools\Common\Hazina.Tools.Common.Infrastructure.AspNetCore\Hazina.Tools.Common.Infrastructure.AspNetCore.csproj : warning NU1902: Package 'MimeKit' 4.13.0 has a known moderate severity vulnerability, https://github.com/advisories/GHSA-g7hc-96xr-gvvx [TargetFramework=net10.0]
  Hazina.LLMs.Helpers -> C:\Projects\Hazina\src\Core\LLMs\Hazina.LLMs.Helpers\bin\Debug\net10.0\Hazina.LLMs.Helpers.dll
  Hazina.LLMs.Tools -> C:\Projects\Hazina\src\Core\LLMs\Hazina.LLMs.Tools\bin\Debug\net9.0\Hazina.LLMs.Tools.dll
C:\Projects\Hazina\src\Tools\Common\Hazina.Tools.Common.Infrastructure.AspNetCore\Hazina.Tools.Common.Infrastructure.AspNetCore.csproj : warning NU1902: Package 'MimeKit' 4.13.0 has a known moderate severity vulnerability, https://github.com/advisories/GHSA-g7hc-96xr-gvvx [TargetFramework=net9.0]
C:\Projects\Hazina\src\Tools\Common\Hazina.Tools.Common.Models\Hazina.Tools.Common.Models.csproj : warning NU1902: Package 'MimeKit' 4.13.0 has a known moderate severity vulnerability, https://github.com/advisories/GHSA-g7hc-96xr-gvvx [TargetFramework=net9.0]
C:\Projects\Hazina\src\Tools\Common\Hazina.Tools.Common.Models\Hazina.Tools.Common.Models.csproj : warning NU1902: Package 'MimeKit' 4.13.0 has a known moderate severity vulnerability, https://github.com/advisories/GHSA-g7hc-96xr-gvvx [TargetFramework=net10.0]
C:\Projects\Hazina\src\Tools\Common\Hazina.Tools.Common.Models\Hazina.Tools.Common.Models.csproj : warning NU1902: Package 'MimeKit' 4.13.0 has a known moderate severity vulnerability, https://github.com/advisories/GHSA-g7hc-96xr-gvvx [TargetFramework=net8.0]
  Hazina.LLMs.Classes -> C:\Projects\Hazina\src\Core\LLMs\Hazina.LLMs.Classes\bin\Debug\net8.0\Hazina.LLMs.Classes.dll
C:\Projects\Hazina\src\Tools\Foundation\Hazina.Tools.AI.Agents\Hazina.Tools.AI.Agents.csproj : warning NU1902: Package 'MimeKit' 4.13.0 has a known moderate severity vulnerability, https://github.com/advisories/GHSA-g7hc-96xr-gvvx [TargetFramework=net8.0]
C:\Projects\Hazina\src\Tools\Foundation\Hazina.Tools.Core\Hazina.Tools.Core.csproj : warning NU1902: Package 'MimeKit' 4.13.0 has a known moderate severity vulnerability, https://github.com/advisories/GHSA-g7hc-96xr-gvvx [TargetFramework=net8.0]
C:\Projects\Hazina\src\Tools\Foundation\Hazina.Tools.AI.Agents\Hazina.Tools.AI.Agents.csproj : warning NU1902: Package 'MimeKit' 4.13.0 has a known moderate severity vulnerability, https://github.com/advisories/GHSA-g7hc-96xr-gvvx [TargetFramework=net9.0]
C:\Projects\Hazina\src\Tools\Foundation\Hazina.Tools.Data\Hazina.Tools.Data.csproj : warning NU1902: Package 'MimeKit' 4.13.0 has a known moderate severity vulnerability, https://github.com/advisories/GHSA-g7hc-96xr-gvvx [TargetFramework=net8.0]
C:\Projects\Hazina\src\Tools\Foundation\Hazina.Tools.Data\Hazina.Tools.Data.csproj : warning NU1902: Package 'MimeKit' 4.13.0 has a known moderate severity vulnerability, https://github.com/advisories/GHSA-g7hc-96xr-gvvx [TargetFramework=net9.0]
C:\Projects\Hazina\src\Tools\Foundation\Hazina.Tools.Core\Hazina.Tools.Core.csproj : warning NU1902: Package 'MimeKit' 4.13.0 has a known moderate severity vulnerability, https://github.com/advisories/GHSA-g7hc-96xr-gvvx [TargetFramework=net9.0]
C:\Projects\Hazina\src\Tools\Foundation\Hazina.Tools.Extensions\Hazina.Tools.Extensions.csproj : warning NU1902: Package 'MimeKit' 4.13.0 has a known moderate severity vulnerability, https://github.com/advisories/GHSA-g7hc-96xr-gvvx [TargetFramework=net8.0]
C:\Projects\Hazina\src\Tools\Foundation\Hazina.Tools.Core\Hazina.Tools.Core.csproj : warning NU1902: Package 'MimeKit' 4.13.0 has a known moderate severity vulnerability, https://github.com/advisories/GHSA-g7hc-96xr-gvvx [TargetFramework=net10.0]
C:\Projects\Hazina\src\Tools\Foundation\Hazina.Tools.Data\Hazina.Tools.Data.csproj : warning NU1902: Package 'MimeKit' 4.13.0 has a known moderate severity vulnerability, https://github.com/advisories/GHSA-g7hc-96xr-gvvx [TargetFramework=net10.0]
C:\Projects\Hazina\src\Tools\Foundation\Hazina.Tools.AI.Agents\Hazina.Tools.AI.Agents.csproj : warning NU1902: Package 'MimeKit' 4.13.0 has a known moderate severity vulnerability, https://github.com/advisories/GHSA-g7hc-96xr-gvvx [TargetFramework=net10.0]
C:\Projects\Hazina\src\Tools\Foundation\Hazina.Tools.Extensions\Hazina.Tools.Extensions.csproj : warning NU1902: Package 'MimeKit' 4.13.0 has a known moderate severity vulnerability, https://github.com/advisories/GHSA-g7hc-96xr-gvvx [TargetFramework=net10.0]
C:\Projects\Hazina\src\Tools\Foundation\Hazina.Tools.Extensions\Hazina.Tools.Extensions.csproj : warning NU1902: Package 'MimeKit' 4.13.0 has a known moderate severity vulnerability, https://github.com/advisories/GHSA-g7hc-96xr-gvvx [TargetFramework=net9.0]
  Hazina.LLMs.Helpers -> C:\Projects\Hazina\src\Core\LLMs\Hazina.LLMs.Helpers\bin\Debug\net9.0\Hazina.LLMs.Helpers.dll
  Hazina.LLMs.Tools -> C:\Projects\Hazina\src\Core\LLMs\Hazina.LLMs.Tools\bin\Debug\net10.0\Hazina.LLMs.Tools.dll
C:\Projects\Hazina\src\Tools\Foundation\Hazina.Tools.Models\Hazina.Tools.Models.csproj : warning NU1902: Package 'MimeKit' 4.13.0 has a known moderate severity vulnerability, https://github.com/advisories/GHSA-g7hc-96xr-gvvx [TargetFramework=net8.0]
C:\Projects\Hazina\src\Tools\Foundation\Hazina.Tools.Models\Hazina.Tools.Models.csproj : warning NU1902: Package 'MimeKit' 4.13.0 has a known moderate severity vulnerability, https://github.com/advisories/GHSA-g7hc-96xr-gvvx [TargetFramework=net9.0]
  Hazina.Demo.PDFMaker -> C:\Projects\Hazina\apps\Demos\Hazina.Demo.PDFMaker\bin\Debug\net9.0\Hazina.Demo.PDFMaker.dll
C:\Projects\Hazina\src\Tools\Foundation\Hazina.Tools.Models\Hazina.Tools.Models.csproj : warning NU1902: Package 'MimeKit' 4.13.0 has a known moderate severity vulnerability, https://github.com/advisories/GHSA-g7hc-96xr-gvvx [TargetFramework=net10.0]
C:\Projects\Hazina\src\Tools\Services\Hazina.Tools.Services.Chat\Hazina.Tools.Services.Chat.csproj : warning NU1902: Package 'MimeKit' 4.13.0 has a known moderate severity vulnerability, https://github.com/advisories/GHSA-g7hc-96xr-gvvx [TargetFramework=net10.0]
C:\Projects\Hazina\src\Tools\Services\Hazina.Tools.Services.Chat\Hazina.Tools.Services.Chat.csproj : warning NU1902: Package 'MimeKit' 4.13.0 has a known moderate severity vulnerability, https://github.com/advisories/GHSA-g7hc-96xr-gvvx [TargetFramework=net9.0]
C:\Projects\Hazina\src\Tools\Services\Hazina.Tools.Services\Hazina.Tools.Services.csproj : warning NU1902: Package 'MimeKit' 4.13.0 has a known moderate severity vulnerability, https://github.com/advisories/GHSA-g7hc-96xr-gvvx [TargetFramework=net10.0]
C:\Projects\Hazina\src\Tools\Services\Hazina.Tools.Services.Chat\Hazina.Tools.Services.Chat.csproj : warning NU1902: Package 'MimeKit' 4.13.0 has a known moderate severity vulnerability, https://github.com/advisories/GHSA-g7hc-96xr-gvvx [TargetFramework=net8.0]
C:\Projects\Hazina\src\Tools\Services\Hazina.Tools.Services.Intake\Hazina.Tools.Services.Intake.csproj : warning NU1902: Package 'MimeKit' 4.13.0 has a known moderate severity vulnerability, https://github.com/advisories/GHSA-g7hc-96xr-gvvx [TargetFramework=net8.0]
C:\Projects\Hazina\src\Tools\Services\Hazina.Tools.Services.Prompts\Hazina.Tools.Services.Prompts.csproj : warning NU1902: Package 'MimeKit' 4.13.0 has a known moderate severity vulnerability, https://github.com/advisories/GHSA-g7hc-96xr-gvvx [TargetFramework=net8.0]
C:\Projects\Hazina\src\Tools\Services\Hazina.Tools.Services.Prompts\Hazina.Tools.Services.Prompts.csproj : warning NU1902: Package 'MimeKit' 4.13.0 has a known moderate severity vulnerability, https://github.com/advisories/GHSA-g7hc-96xr-gvvx [TargetFramework=net9.0]
C:\Projects\Hazina\src\Tools\Services\Hazina.Tools.Services.Prompts\Hazina.Tools.Services.Prompts.csproj : warning NU1902: Package 'MimeKit' 4.13.0 has a known moderate severity vulnerability, https://github.com/advisories/GHSA-g7hc-96xr-gvvx [TargetFramework=net10.0]
C:\Projects\Hazina\src\Tools\Services\Hazina.Tools.Services.DataGathering\Hazina.Tools.Services.DataGathering.csproj : warning NU1902: Package 'MimeKit' 4.13.0 has a known moderate severity vulnerability, https://github.com/advisories/GHSA-g7hc-96xr-gvvx [TargetFramework=net9.0]
C:\Projects\Hazina\src\Tools\Foundation\Hazina.Tools.TextExtraction\Hazina.Tools.TextExtraction.csproj : warning NU1902: Package 'MimeKit' 4.13.0 has a known moderate severity vulnerability, https://github.com/advisories/GHSA-g7hc-96xr-gvvx [TargetFramework=net10.0]
C:\Projects\Hazina\src\Tools\Services\Hazina.Tools.Services\Hazina.Tools.Services.csproj : warning NU1902: Package 'MimeKit' 4.13.0 has a known moderate severity vulnerability, https://github.com/advisories/GHSA-g7hc-96xr-gvvx [TargetFramework=net8.0]
C:\Projects\Hazina\src\Tools\Services\Hazina.Tools.Services\Hazina.Tools.Services.csproj : warning NU1902: Package 'MimeKit' 4.13.0 has a known moderate severity vulnerability, https://github.com/advisories/GHSA-g7hc-96xr-gvvx [TargetFramework=net9.0]
C:\Projects\Hazina\src\Tools\Services\Hazina.Tools.Services.DataGathering\Hazina.Tools.Services.DataGathering.csproj : warning NU1902: Package 'MimeKit' 4.13.0 has a known moderate severity vulnerability, https://github.com/advisories/GHSA-g7hc-96xr-gvvx [TargetFramework=net10.0]
C:\Projects\Hazina\src\Tools\Services\Hazina.Tools.Services.DataGathering\Hazina.Tools.Services.DataGathering.csproj : warning NU1902: Package 'MimeKit' 4.13.0 has a known moderate severity vulnerability, https://github.com/advisories/GHSA-g7hc-96xr-gvvx [TargetFramework=net8.0]
C:\Projects\Hazina\src\Tools\Services\Hazina.Tools.Services.Social\Hazina.Tools.Services.Social.csproj : warning NU1902: Package 'MimeKit' 4.13.0 has a known moderate severity vulnerability, https://github.com/advisories/GHSA-g7hc-96xr-gvvx [TargetFramework=net8.0]
C:\Projects\Hazina\src\Tools\Services\Hazina.Tools.Services.Social\Hazina.Tools.Services.Social.csproj : warning NU1902: Package 'MimeKit' 4.13.0 has a known moderate severity vulnerability, https://github.com/advisories/GHSA-g7hc-96xr-gvvx [TargetFramework=net9.0]
C:\Projects\Hazina\src\Tools\Foundation\Hazina.Tools.TextExtraction\Hazina.Tools.TextExtraction.csproj : warning NU1902: Package 'MimeKit' 4.13.0 has a known moderate severity vulnerability, https://github.com/advisories/GHSA-g7hc-96xr-gvvx [TargetFramework=net9.0]
C:\Projects\Hazina\src\Tools\Services\Hazina.Tools.Services.Intake\Hazina.Tools.Services.Intake.csproj : warning NU1902: Package 'MimeKit' 4.13.0 has a known moderate severity vulnerability, https://github.com/advisories/GHSA-g7hc-96xr-gvvx [TargetFramework=net10.0]
C:\Projects\Hazina\src\Tools\Services\Hazina.Tools.Services.Social\Hazina.Tools.Services.Social.csproj : warning NU1902: Package 'MimeKit' 4.13.0 has a known moderate severity vulnerability, https://github.com/advisories/GHSA-g7hc-96xr-gvvx [TargetFramework=net10.0]
C:\Projects\Hazina\src\Tools\Services\Hazina.Tools.Services.Intake\Hazina.Tools.Services.Intake.csproj : warning NU1902: Package 'MimeKit' 4.13.0 has a known moderate severity vulnerability, https://github.com/advisories/GHSA-g7hc-96xr-gvvx [TargetFramework=net9.0]
C:\Projects\Hazina\src\Tools\Services\Hazina.Tools.Services.WordPress\Hazina.Tools.Services.WordPress.csproj : warning NU1902: Package 'MimeKit' 4.13.0 has a known moderate severity vulnerability, https://github.com/advisories/GHSA-g7hc-96xr-gvvx [TargetFramework=net8.0]
C:\Projects\Hazina\src\Tools\Services\Hazina.Tools.Services.ContentRetrieval\Hazina.Tools.Services.ContentRetrieval.csproj : warning NU1902: Package 'MimeKit' 4.13.0 has a known moderate severity vulnerability, https://github.com/advisories/GHSA-g7hc-96xr-gvvx [TargetFramework=net10.0]
C:\Projects\Hazina\src\Tools\Services\Hazina.Tools.Services.Store\Hazina.Tools.Services.Store.csproj : warning NU1902: Package 'MimeKit' 4.13.0 has a known moderate severity vulnerability, https://github.com/advisories/GHSA-g7hc-96xr-gvvx [TargetFramework=net8.0]
C:\Projects\Hazina\src\Tools\Services\Hazina.Tools.Services.Store\Hazina.Tools.Services.Store.csproj : warning NU1902: Package 'MimeKit' 4.13.0 has a known moderate severity vulnerability, https://github.com/advisories/GHSA-g7hc-96xr-gvvx [TargetFramework=net10.0]
C:\Projects\Hazina\src\Tools\Services\Hazina.Tools.Services.WordPress\Hazina.Tools.Services.WordPress.csproj : warning NU1902: Package 'MimeKit' 4.13.0 has a known moderate severity vulnerability, https://github.com/advisories/GHSA-g7hc-96xr-gvvx [TargetFramework=net9.0]
C:\Projects\Hazina\src\Tools\Services\Hazina.Tools.Services.ContentRetrieval\Hazina.Tools.Services.ContentRetrieval.csproj : warning NU1902: Package 'MimeKit' 4.13.0 has a known moderate severity vulnerability, https://github.com/advisories/GHSA-g7hc-96xr-gvvx [TargetFramework=net8.0]
C:\Projects\Hazina\src\Tools\Services\Hazina.Tools.Services.WordPress\Hazina.Tools.Services.WordPress.csproj : warning NU1902: Package 'MimeKit' 4.13.0 has a known moderate severity vulnerability, https://github.com/advisories/GHSA-g7hc-96xr-gvvx [TargetFramework=net10.0]
C:\Projects\Hazina\src\Tools\Foundation\Hazina.Tools.TextExtraction\Hazina.Tools.TextExtraction.csproj : warning NU1902: Package 'MimeKit' 4.13.0 has a known moderate severity vulnerability, https://github.com/advisories/GHSA-g7hc-96xr-gvvx [TargetFramework=net8.0]
C:\Projects\Hazina\src\Tools\Services\Hazina.Tools.Services.ContentRetrieval\Hazina.Tools.Services.ContentRetrieval.csproj : warning NU1902: Package 'MimeKit' 4.13.0 has a known moderate severity vulnerability, https://github.com/advisories/GHSA-g7hc-96xr-gvvx [TargetFramework=net9.0]
C:\Projects\Hazina\src\Tools\Services\Hazina.Tools.Services.Embeddings\Hazina.Tools.Services.Embeddings.csproj : warning NU1902: Package 'MimeKit' 4.13.0 has a known moderate severity vulnerability, https://github.com/advisories/GHSA-g7hc-96xr-gvvx [TargetFramework=net8.0]
C:\Projects\Hazina\src\Tools\Services\Hazina.Tools.Services.Store\Hazina.Tools.Services.Store.csproj : warning NU1902: Package 'MimeKit' 4.13.0 has a known moderate severity vulnerability, https://github.com/advisories/GHSA-g7hc-96xr-gvvx [TargetFramework=net9.0]
  Hazina.LLMs.Client -> C:\Projects\Hazina\src\Core\LLMs\Hazina.LLMs.Client\bin\Debug\net8.0\Hazina.LLMs.Client.dll
C:\Projects\Hazina\src\Tools\Services\Hazina.Tools.Services.FileOps\Hazina.Tools.Services.FileOps.csproj : warning NU1902: Package 'MimeKit' 4.13.0 has a known moderate severity vulnerability, https://github.com/advisories/GHSA-g7hc-96xr-gvvx [TargetFramework=net8.0]
C:\Projects\Hazina\src\Core\AI\Hazina.AI.FluentAPI\Hazina.AI.FluentAPI.csproj : warning NU1902: Package 'MimeKit' 4.13.0 has a known moderate severity vulnerability, https://github.com/advisories/GHSA-g7hc-96xr-gvvx [TargetFramework=net8.0]
C:\Projects\Hazina\src\Tools\Services\Hazina.Tools.Services.FileOps\Hazina.Tools.Services.FileOps.csproj : warning NU1902: Package 'MimeKit' 4.13.0 has a known moderate severity vulnerability, https://github.com/advisories/GHSA-g7hc-96xr-gvvx [TargetFramework=net9.0]
C:\Projects\Hazina\src\Core\AI\Hazina.AI.FluentAPI\Hazina.AI.FluentAPI.csproj : warning NU1902: Package 'MimeKit' 4.13.0 has a known moderate severity vulnerability, https://github.com/advisories/GHSA-g7hc-96xr-gvvx [TargetFramework=net9.0]
C:\Projects\Hazina\src\Core\AI\Hazina.AI.FluentAPI\Hazina.AI.FluentAPI.csproj : warning NU1902: Package 'MimeKit' 4.13.0 has a known moderate severity vulnerability, https://github.com/advisories/GHSA-g7hc-96xr-gvvx [TargetFramework=net10.0]
C:\Projects\Hazina\src\Tools\Services\Hazina.Tools.Services.Embeddings\Hazina.Tools.Services.Embeddings.csproj : warning NU1902: Package 'MimeKit' 4.13.0 has a known moderate severity vulnerability, https://github.com/advisories/GHSA-g7hc-96xr-gvvx [TargetFramework=net9.0]
  Hazina.LLMs.Client -> C:\Projects\Hazina\src\Core\LLMs\Hazina.LLMs.Client\bin\Debug\net9.0\Hazina.LLMs.Client.dll
C:\Projects\Hazina\src\Tools\Services\Hazina.Tools.Services.BigQuery\Hazina.Tools.Services.BigQuery.csproj : warning NU1902: Package 'MimeKit' 4.13.0 has a known moderate severity vulnerability, https://github.com/advisories/GHSA-g7hc-96xr-gvvx [TargetFramework=net10.0]
C:\Projects\Hazina\src\Tools\Services\Hazina.Tools.Services.Web\Hazina.Tools.Services.Web.csproj : warning NU1902: Package 'MimeKit' 4.13.0 has a known moderate severity vulnerability, https://github.com/advisories/GHSA-g7hc-96xr-gvvx [TargetFramework=net9.0]
  Hazina.LLMs.Classes.Tests -> C:\Projects\Hazina\artifacts\tests\Hazina.LLMs.Classes.Tests\bin\Debug\Hazina.LLMs.Classes.Tests.dll
C:\Projects\Hazina\src\Tools\Services\Hazina.Tools.Services.Web\Hazina.Tools.Services.Web.csproj : warning NU1902: Package 'MimeKit' 4.13.0 has a known moderate severity vulnerability, https://github.com/advisories/GHSA-g7hc-96xr-gvvx [TargetFramework=net8.0]
C:\Projects\Hazina\src\Tools\Services\Hazina.Tools.Services.Web\Hazina.Tools.Services.Web.csproj : warning NU1902: Package 'MimeKit' 4.13.0 has a known moderate severity vulnerability, https://github.com/advisories/GHSA-g7hc-96xr-gvvx [TargetFramework=net10.0]
C:\Projects\Hazina\src\Tools\Services\Hazina.Tools.Services.Embeddings\Hazina.Tools.Services.Embeddings.csproj : warning NU1902: Package 'MimeKit' 4.13.0 has a known moderate severity vulnerability, https://github.com/advisories/GHSA-g7hc-96xr-gvvx [TargetFramework=net10.0]
C:\Projects\Hazina\src\Tools\Services\Hazina.Tools.Services.BigQuery\Hazina.Tools.Services.BigQuery.csproj : warning NU1902: Package 'MimeKit' 4.13.0 has a known moderate severity vulnerability, https://github.com/advisories/GHSA-g7hc-96xr-gvvx [TargetFramework=net9.0]
  Hazina.AI.Compression -> C:\Projects\Hazina\src\Core\AI\Hazina.AI.Compression\bin\Debug\net8.0\Hazina.AI.Compression.dll
C:\Projects\Hazina\src\Tools\Services\Hazina.Tools.Services.Images\Hazina.Tools.Services.Images.csproj : warning NU1902: Package 'MimeKit' 4.13.0 has a known moderate severity vulnerability, https://github.com/advisories/GHSA-g7hc-96xr-gvvx [TargetFramework=net8.0]
  Hazina.LLMClientTools -> C:\Projects\Hazina\src\Core\LLMs\Hazina.LLMClientTools\bin\Debug\net8.0\Hazina.LLMClientTools.dll
  Hazina.Observability.LLMLogs -> C:\Projects\Hazina\src\Core\Observability\Hazina.Observability.LLMLogs\bin\Debug\net8.0\Hazina.Observability.LLMLogs.dll
C:\Projects\Hazina\src\Tools\Services\Hazina.Tools.Services.Images\Hazina.Tools.Services.Images.csproj : warning NU1902: Package 'MimeKit' 4.13.0 has a known moderate severity vulnerability, https://github.com/advisories/GHSA-g7hc-96xr-gvvx [TargetFramework=net10.0]
  Hazina.LLMs.Anthropic -> C:\Projects\Hazina\src\Core\LLMs.Providers\Hazina.LLMs.Anthropic\bin\Debug\net8.0\Hazina.LLMs.Anthropic.dll
  Hazina.Store.EmbeddingStore -> C:\Projects\Hazina\src\Core\Storage\Hazina.Store.EmbeddingStore\bin\Debug\net8.0\Hazina.Store.EmbeddingStore.dll
  Hazina.LLMs.Gemini -> C:\Projects\Hazina\src\Core\LLMs.Providers\Hazina.LLMs.Gemini\bin\Debug\net8.0\Hazina.LLMs.Gemini.dll
C:\Projects\Hazina\src\Tools\Services\Hazina.Tools.Services.Images\Hazina.Tools.Services.Images.csproj : warning NU1902: Package 'MimeKit' 4.13.0 has a known moderate severity vulnerability, https://github.com/advisories/GHSA-g7hc-96xr-gvvx [TargetFramework=net9.0]
  Hazina.LLMs.Mistral -> C:\Projects\Hazina\src\Core\LLMs.Providers\Hazina.LLMs.Mistral\bin\Debug\net8.0\Hazina.LLMs.Mistral.dll
  Hazina.LLMs.Gemini -> C:\Projects\Hazina\src\Core\LLMs.Providers\Hazina.LLMs.Gemini\bin\Debug\net9.0\Hazina.LLMs.Gemini.dll
  Hazina.LLMs.HuggingFace -> C:\Projects\Hazina\src\Core\LLMs.Providers\Hazina.LLMs.HuggingFace\bin\Debug\net8.0\Hazina.LLMs.HuggingFace.dll
C:\Projects\Hazina\src\Tools\Services\Hazina.Tools.Services.Database\Hazina.Tools.Services.Database.csproj : warning NU1902: Package 'MimeKit' 4.13.0 has a known moderate severity vulnerability, https://github.com/advisories/GHSA-g7hc-96xr-gvvx [TargetFramework=net9.0]
C:\Projects\Hazina\src\Tools\Services\Hazina.Tools.Services.Database\Hazina.Tools.Services.Database.csproj : warning NU1902: Package 'MimeKit' 4.13.0 has a known moderate severity vulnerability, https://github.com/advisories/GHSA-g7hc-96xr-gvvx [TargetFramework=net8.0]
  Hazina.LLMs.Anthropic -> C:\Projects\Hazina\src\Core\LLMs.Providers\Hazina.LLMs.Anthropic\bin\Debug\net9.0\Hazina.LLMs.Anthropic.dll
C:\Projects\Hazina\src\Tools\Services\Hazina.Tools.Services.Database\Hazina.Tools.Services.Database.csproj : warning NU1902: Package 'MimeKit' 4.13.0 has a known moderate severity vulnerability, https://github.com/advisories/GHSA-g7hc-96xr-gvvx [TargetFramework=net10.0]
  Hazina.LLMs.OpenAI -> C:\Projects\Hazina\src\Core\LLMs.Providers\Hazina.LLMs.OpenAI\bin\Debug\net8.0\Hazina.LLMs.OpenAI.dll
  Hazina.LLMs.Mistral -> C:\Projects\Hazina\src\Core\LLMs.Providers\Hazina.LLMs.Mistral\bin\Debug\net9.0\Hazina.LLMs.Mistral.dll
  Hazina.LLMClientTools -> C:\Projects\Hazina\src\Core\LLMs\Hazina.LLMClientTools\bin\Debug\net9.0\Hazina.LLMClientTools.dll
  Hazina.AI.Providers -> C:\Projects\Hazina\src\Core\AI\Hazina.AI.Providers\bin\Debug\net9.0\Hazina.AI.Providers.dll
  Hazina.DynamicAPI -> C:\Projects\Hazina\src\Core\Agents\Hazina.DynamicAPI\bin\Debug\net8.0\Hazina.DynamicAPI.dll
C:\Projects\Hazina\src\Tools\Services\Hazina.Tools.Services.FileOps\Hazina.Tools.Services.FileOps.csproj : warning NU1902: Package 'MimeKit' 4.13.0 has a known moderate severity vulnerability, https://github.com/advisories/GHSA-g7hc-96xr-gvvx [TargetFramework=net10.0]
C:\Projects\Hazina\src\Core\Observability\Hazina.Observability.Core\Hazina.Observability.Core.csproj : warning NU1902: Package 'OpenTelemetry.Api' 1.10.0 has a known moderate severity vulnerability, https://github.com/advisories/GHSA-8785-wc3w-h8q6 [TargetFramework=net8.0]
  Hazina.Store.EmbeddingStore -> C:\Projects\Hazina\src\Core\Storage\Hazina.Store.EmbeddingStore\bin\Debug\net9.0\Hazina.Store.EmbeddingStore.dll
  Hazina.CodeGeneration.Core -> C:\Projects\Hazina\src\Core\CodeGeneration\Hazina.CodeGeneration.Core\bin\Debug\net8.0\Hazina.CodeGeneration.Core.dll
C:\Projects\Hazina\src\Core\Observability\Hazina.Observability.Core\Hazina.Observability.Core.csproj : warning NU1902: Package 'OpenTelemetry.Api' 1.10.0 has a known moderate severity vulnerability, https://github.com/advisories/GHSA-8785-wc3w-h8q6 [TargetFramework=net9.0]
  Hazina.LLMs.HuggingFace -> C:\Projects\Hazina\src\Core\LLMs.Providers\Hazina.LLMs.HuggingFace\bin\Debug\net9.0\Hazina.LLMs.HuggingFace.dll
  Hazina.CodeGeneration.Core -> C:\Projects\Hazina\src\Core\CodeGeneration\Hazina.CodeGeneration.Core\bin\Debug\net10.0\Hazina.CodeGeneration.Core.dll
  Hazina.Enterprise.Core -> C:\Projects\Hazina\src\Core\Enterprise\Hazina.Enterprise.Core\bin\Debug\net9.0\Hazina.Enterprise.Core.dll
  Hazina.Agents.Tools -> C:\Projects\Hazina\src\Hazina.Agents.Tools\bin\Debug\net8.0\Hazina.Agents.Tools.dll
  Hazina.LLMs.OpenAI -> C:\Projects\Hazina\src\Core\LLMs.Providers\Hazina.LLMs.OpenAI\bin\Debug\net9.0\Hazina.LLMs.OpenAI.dll
C:\Projects\Hazina\src\Core\Observability\Hazina.Observability.Core\Hazina.Observability.Core.csproj : warning NU1902: Package 'OpenTelemetry.Api' 1.10.0 has a known moderate severity vulnerability, https://github.com/advisories/GHSA-8785-wc3w-h8q6 [TargetFramework=net10.0]
C:\Projects\Hazina\src\Core\Observability\Hazina.Observability.AspNetCore\Hazina.Observability.AspNetCore.csproj : warning NU1902: Package 'OpenTelemetry.Api' 1.11.0 has a known moderate severity vulnerability, https://github.com/advisories/GHSA-8785-wc3w-h8q6 [TargetFramework=net9.0]
C:\Projects\Hazina\src\Core\Observability\Hazina.Observability.AspNetCore\Hazina.Observability.AspNetCore.csproj : warning NU1902: Package 'OpenTelemetry.Api' 1.11.0 has a known moderate severity vulnerability, https://github.com/advisories/GHSA-8785-wc3w-h8q6 [TargetFramework=net8.0]
  Hazina.Enterprise.Core -> C:\Projects\Hazina\src\Core\Enterprise\Hazina.Enterprise.Core\bin\Debug\net10.0\Hazina.Enterprise.Core.dll
  Hazina.Enterprise.Core -> C:\Projects\Hazina\src\Core\Enterprise\Hazina.Enterprise.Core\bin\Debug\net8.0\Hazina.Enterprise.Core.dll
C:\Projects\Hazina\src\Core\Observability\Hazina.Observability.AspNetCore\Hazina.Observability.AspNetCore.csproj : warning NU1902: Package 'OpenTelemetry.Api' 1.11.0 has a known moderate severity vulnerability, https://github.com/advisories/GHSA-8785-wc3w-h8q6 [TargetFramework=net10.0]
  Hazina.DynamicAPI -> C:\Projects\Hazina\src\Core\Agents\Hazina.DynamicAPI\bin\Debug\net9.0\Hazina.DynamicAPI.dll
  Hazina.CodeGeneration.Core -> C:\Projects\Hazina\src\Core\CodeGeneration\Hazina.CodeGeneration.Core\bin\Debug\net9.0\Hazina.CodeGeneration.Core.dll
  Hazina.Observability.LLMLogs -> C:\Projects\Hazina\src\Core\Observability\Hazina.Observability.LLMLogs\bin\Debug\net9.0\Hazina.Observability.LLMLogs.dll
  Hazina.AI.Compression -> C:\Projects\Hazina\src\Core\AI\Hazina.AI.Compression\bin\Debug\net9.0\Hazina.AI.Compression.dll
C:\Projects\Hazina\src\Tools\Migration\Hazina.Tools.Migration\Hazina.Tools.Migration.csproj : warning NU1902: Package 'MimeKit' 4.13.0 has a known moderate severity vulnerability, https://github.com/advisories/GHSA-g7hc-96xr-gvvx [TargetFramework=net8.0]
  Hazina.AI.Providers -> C:\Projects\Hazina\src\Core\AI\Hazina.AI.Providers\bin\Debug\net8.0\Hazina.AI.Providers.dll
C:\Projects\Hazina\src\Tools\Services\Hazina.Tools.Services.ToolAgent\Hazina.Tools.Services.ToolAgent.csproj : warning NU1902: Package 'MimeKit' 4.13.0 has a known moderate severity vulnerability, https://github.com/advisories/GHSA-g7hc-96xr-gvvx [TargetFramework=net8.0]
C:\Projects\Hazina\src\Tools\Migration\Hazina.Tools.Migration\Hazina.Tools.Migration.csproj : warning NU1902: Package 'MimeKit' 4.13.0 has a known moderate severity vulnerability, https://github.com/advisories/GHSA-g7hc-96xr-gvvx [TargetFramework=net10.0]
  Hazina.Agents.Tools -> C:\Projects\Hazina\src\Hazina.Agents.Tools\bin\Debug\net9.0\Hazina.Agents.Tools.dll
  Hazina.LLMs.GoogleADK -> C:\Projects\Hazina\src\Core\LLMs.Providers\Hazina.LLMs.GoogleADK\bin\Debug\net9.0\Hazina.LLMs.GoogleADK.dll
  Hazina.Security.Core -> C:\Projects\Hazina\src\Core\Security\Hazina.Security.Core\bin\Debug\net10.0\Hazina.Security.Core.dll
C:\Projects\Hazina\src\Tools\Services\Hazina.Tools.Services.ToolAgent\Hazina.Tools.Services.ToolAgent.csproj : warning NU1902: Package 'MimeKit' 4.13.0 has a known moderate severity vulnerability, https://github.com/advisories/GHSA-g7hc-96xr-gvvx [TargetFramework=net9.0]
  Hazina.Security.Core -> C:\Projects\Hazina\src\Core\Security\Hazina.Security.Core\bin\Debug\net8.0\Hazina.Security.Core.dll
C:\Projects\Hazina\src\Tools\Migration\Hazina.Tools.Migration\Hazina.Tools.Migration.csproj : warning NU1902: Package 'MimeKit' 4.13.0 has a known moderate severity vulnerability, https://github.com/advisories/GHSA-g7hc-96xr-gvvx [TargetFramework=net9.0]
C:\Projects\Hazina\src\Tools\Services\Hazina.Tools.Services.ToolAgent\Hazina.Tools.Services.ToolAgent.csproj : warning NU1902: Package 'MimeKit' 4.13.0 has a known moderate severity vulnerability, https://github.com/advisories/GHSA-g7hc-96xr-gvvx [TargetFramework=net10.0]
  Hazina.ChatShared -> C:\Projects\Hazina\src\Core\UI\Hazina.ChatShared\bin\Debug\net8.0-windows\Hazina.ChatShared.dll
C:\Projects\Hazina\src\Tools\Services\Hazina.Tools.Services.BigQuery\Hazina.Tools.Services.BigQuery.csproj : warning NU1902: Package 'MimeKit' 4.13.0 has a known moderate severity vulnerability, https://github.com/advisories/GHSA-g7hc-96xr-gvvx [TargetFramework=net8.0]
C:\Projects\Hazina\Tests\Core\Observability\Hazina.Observability.Core.LoadTests\Hazina.Observability.Core.LoadTests.csproj : warning NU1601: Dependency specified was NBomber (>= 5.10.3) but ended up with NBomber 6.0.0.
  Hazina.LLMs.Client.Tests -> C:\Projects\Hazina\artifacts\tests\Hazina.LLMs.Client.Tests\bin\Debug\Hazina.LLMs.Client.Tests.dll
  Hazina.ChatShared -> C:\Projects\Hazina\src\Core\UI\Hazina.ChatShared\bin\Debug\net9.0-windows\Hazina.ChatShared.dll
  Hazina.Store.DocumentStore -> C:\Projects\Hazina\src\Core\Storage\Hazina.Store.DocumentStore\bin\Debug\net9.0\Hazina.Store.DocumentStore.dll
  Hazina.Security.Core -> C:\Projects\Hazina\src\Core\Security\Hazina.Security.Core\bin\Debug\net9.0\Hazina.Security.Core.dll
C:\Program Files\dotnet\sdk\10.0.103\Sdks\Microsoft.NET.Sdk\targets\Microsoft.NET.Sdk.DefaultItems.targets(158,5): warning NETSDK1137: It is no longer necessary to use the Microsoft.NET.Sdk.WindowsDesktop SDK. Consider changing the Sdk attribute of the root Project element to 'Microsoft.NET.Sdk'. [C:\Projects\Hazina\apps\Desktop\Hazina.App.Windows\Hazina.App.Windows.csproj]
  Hazina.AI.Compression -> C:\Projects\Hazina\src\Core\AI\Hazina.AI.Compression\bin\Debug\net10.0\Hazina.AI.Compression.dll
  Hazina.App.AppBuilder -> C:\Projects\Hazina\apps\Desktop\Hazina.App.AppBuilder\bin\Debug\net9.0\Hazina.App.AppBuilder.dll
C:\Program Files\dotnet\sdk\10.0.103\Sdks\Microsoft.NET.Sdk\targets\Microsoft.NET.Sdk.DefaultItems.targets(158,5): warning NETSDK1137: It is no longer necessary to use the Microsoft.NET.Sdk.WindowsDesktop SDK. Consider changing the Sdk attribute of the root Project element to 'Microsoft.NET.Sdk'. [C:\Projects\Hazina\apps\Desktop\Hazina.App.ExplorerIntegration\Hazina.App.ExplorerIntegration.csproj]
  Hazina.Store.EmbeddingStore.Tests -> C:\Projects\Hazina\artifacts\tests\Hazina.Store.EmbeddingStore.Tests\bin\Debug\Hazina.Store.EmbeddingStore.Tests.dll
  Hazina.AI.FaultDetection -> C:\Projects\Hazina\src\Core\AI\Hazina.AI.FaultDetection\bin\Debug\net9.0\Hazina.AI.FaultDetection.dll
  Hazina.Store.FactsStore -> C:\Projects\Hazina\src\Core\Storage\Hazina.Store.FactsStore\bin\Debug\net8.0\Hazina.Store.FactsStore.dll
C:\Projects\Hazina\src\Tools\Foundation\Hazina.Tools.ContextCompression\Hazina.Tools.ContextCompression.csproj : warning NU1902: Package 'MimeKit' 4.13.0 has a known moderate severity vulnerability, https://github.com/advisories/GHSA-g7hc-96xr-gvvx [TargetFramework=net8.0]
C:\Projects\Hazina\src\Tools\Services\Hazina.Tools.Services.GoogleDrive\Hazina.Tools.Services.GoogleDrive.csproj : warning NU1902: Package 'MimeKit' 4.13.0 has a known moderate severity vulnerability, https://github.com/advisories/GHSA-g7hc-96xr-gvvx [TargetFramework=net8.0]
  Hazina.AI.PromptManagement -> C:\Projects\Hazina\src\Core\AI\Hazina.AI.PromptManagement\bin\Debug\net8.0\Hazina.AI.PromptManagement.dll
  Hazina.ChatShared -> C:\Projects\Hazina\src\Core\UI\Hazina.ChatShared\bin\Debug\net10.0-windows\Hazina.ChatShared.dll
  Hazina.IntegrationTests.OpenAI -> C:\Projects\Hazina\apps\Testing\Hazina.IntegrationTests.OpenAI\bin\Debug\net9.0\Hazina.IntegrationTests.OpenAI.dll
C:\Projects\Hazina\src\Tools\Services\Hazina.Tools.Services.GoogleDrive\Hazina.Tools.Services.GoogleDrive.csproj : warning NU1902: Package 'MimeKit' 4.13.0 has a known moderate severity vulnerability, https://github.com/advisories/GHSA-g7hc-96xr-gvvx [TargetFramework=net9.0]
  Hazina.Store.FactsStore -> C:\Projects\Hazina\src\Core\Storage\Hazina.Store.FactsStore\bin\Debug\net10.0\Hazina.Store.FactsStore.dll
  Hazina.Store.FactsStore -> C:\Projects\Hazina\src\Core\Storage\Hazina.Store.FactsStore\bin\Debug\net9.0\Hazina.Store.FactsStore.dll
C:\Projects\Hazina\src\Tools\Services\Hazina.Tools.Services.GoogleDrive\Hazina.Tools.Services.GoogleDrive.csproj : warning NU1902: Package 'MimeKit' 4.13.0 has a known moderate severity vulnerability, https://github.com/advisories/GHSA-g7hc-96xr-gvvx [TargetFramework=net10.0]
C:\Projects\Hazina\src\Tools\Foundation\Hazina.Tools.ContextCompression\Hazina.Tools.ContextCompression.csproj : warning NU1902: Package 'MimeKit' 4.13.0 has a known moderate severity vulnerability, https://github.com/advisories/GHSA-g7hc-96xr-gvvx [TargetFramework=net10.0]
C:\Projects\Hazina\src\Tools\Foundation\Hazina.Tools.ContextCompression\Hazina.Tools.ContextCompression.csproj : warning NU1902: Package 'MimeKit' 4.13.0 has a known moderate severity vulnerability, https://github.com/advisories/GHSA-g7hc-96xr-gvvx [TargetFramework=net9.0]
C:\Program Files\dotnet\sdk\10.0.103\Microsoft.Common.CurrentVersion.targets(2437,5): warning MSB3277: Found conflicts between different versions of "System.Text.Json" that could not be resolved. [C:\Projects\Hazina\apps\Desktop\Hazina.App.EmbeddingsViewer\Hazina.App.EmbeddingsViewer.csproj]
C:\Program Files\dotnet\sdk\10.0.103\Microsoft.Common.CurrentVersion.targets(2437,5): warning MSB3277: There was a conflict between "System.Text.Json, Version=9.0.0.0, Culture=neutral, PublicKeyToken=cc7b13ffcd2ddd51" and "System.Text.Json, Version=10.0.0.0, Culture=neutral, PublicKeyToken=cc7b13ffcd2ddd51". [C:\Projects\Hazina\apps\Desktop\Hazina.App.EmbeddingsViewer\Hazina.App.EmbeddingsViewer.csproj]
C:\Program Files\dotnet\sdk\10.0.103\Microsoft.Common.CurrentVersion.targets(2437,5): warning MSB3277:     "System.Text.Json, Version=9.0.0.0, Culture=neutral, PublicKeyToken=cc7b13ffcd2ddd51" was chosen because it was primary and "System.Text.Json, Version=10.0.0.0, Culture=neutral, PublicKeyToken=cc7b13ffcd2ddd51" was not. [C:\Projects\Hazina\apps\Desktop\Hazina.App.EmbeddingsViewer\Hazina.App.EmbeddingsViewer.csproj]
C:\Program Files\dotnet\sdk\10.0.103\Microsoft.Common.CurrentVersion.targets(2437,5): warning MSB3277:     References which depend on "System.Text.Json, Version=9.0.0.0, Culture=neutral, PublicKeyToken=cc7b13ffcd2ddd51" [E:\nuget-cache\.nuget\microsoft.netcore.app.ref\9.0.13\ref\net9.0\System.Text.Json.dll]. [C:\Projects\Hazina\apps\Desktop\Hazina.App.EmbeddingsViewer\Hazina.App.EmbeddingsViewer.csproj]
C:\Program Files\dotnet\sdk\10.0.103\Microsoft.Common.CurrentVersion.targets(2437,5): warning MSB3277:         E:\nuget-cache\.nuget\microsoft.netcore.app.ref\9.0.13\ref\net9.0\System.Text.Json.dll [C:\Projects\Hazina\apps\Desktop\Hazina.App.EmbeddingsViewer\Hazina.App.EmbeddingsViewer.csproj]
C:\Program Files\dotnet\sdk\10.0.103\Microsoft.Common.CurrentVersion.targets(2437,5): warning MSB3277:           Project file item includes which caused reference "E:\nuget-cache\.nuget\microsoft.netcore.app.ref\9.0.13\ref\net9.0\System.Text.Json.dll". [C:\Projects\Hazina\apps\Desktop\Hazina.App.EmbeddingsViewer\Hazina.App.EmbeddingsViewer.csproj]
C:\Program Files\dotnet\sdk\10.0.103\Microsoft.Common.CurrentVersion.targets(2437,5): warning MSB3277:             E:\nuget-cache\.nuget\microsoft.netcore.app.ref\9.0.13\ref/net9.0/System.Text.Json.dll [C:\Projects\Hazina\apps\Desktop\Hazina.App.EmbeddingsViewer\Hazina.App.EmbeddingsViewer.csproj]
C:\Program Files\dotnet\sdk\10.0.103\Microsoft.Common.CurrentVersion.targets(2437,5): warning MSB3277:     References which depend on or have been unified to "System.Text.Json, Version=10.0.0.0, Culture=neutral, PublicKeyToken=cc7b13ffcd2ddd51" []. [C:\Projects\Hazina\apps\Desktop\Hazina.App.EmbeddingsViewer\Hazina.App.EmbeddingsViewer.csproj]
C:\Program Files\dotnet\sdk\10.0.103\Microsoft.Common.CurrentVersion.targets(2437,5): warning MSB3277:         C:\Projects\Hazina\src\Core\Storage\Hazina.Store.EmbeddingStore\bin\Debug\net9.0\Hazina.Store.EmbeddingStore.dll [C:\Projects\Hazina\apps\Desktop\Hazina.App.EmbeddingsViewer\Hazina.App.EmbeddingsViewer.csproj]
C:\Program Files\dotnet\sdk\10.0.103\Microsoft.Common.CurrentVersion.targets(2437,5): warning MSB3277:           Project file item includes which caused reference "C:\Projects\Hazina\src\Core\Storage\Hazina.Store.EmbeddingStore\bin\Debug\net9.0\Hazina.Store.EmbeddingStore.dll". [C:\Projects\Hazina\apps\Desktop\Hazina.App.EmbeddingsViewer\Hazina.App.EmbeddingsViewer.csproj]
C:\Program Files\dotnet\sdk\10.0.103\Microsoft.Common.CurrentVersion.targets(2437,5): warning MSB3277:             C:\Projects\Hazina\src\Core\Storage\Hazina.Store.EmbeddingStore\bin\Debug\net9.0\Hazina.Store.EmbeddingStore.dll [C:\Projects\Hazina\apps\Desktop\Hazina.App.EmbeddingsViewer\Hazina.App.EmbeddingsViewer.csproj]
C:\Program Files\dotnet\sdk\10.0.103\Microsoft.Common.CurrentVersion.targets(2437,5): warning MSB3277:         C:\Projects\Hazina\src\Core\LLMs\Hazina.LLMs.Classes\bin\Debug\net9.0\Hazina.LLMs.Classes.dll [C:\Projects\Hazina\apps\Desktop\Hazina.App.EmbeddingsViewer\Hazina.App.EmbeddingsViewer.csproj]
C:\Program Files\dotnet\sdk\10.0.103\Microsoft.Common.CurrentVersion.targets(2437,5): warning MSB3277:           Project file item includes which caused reference "C:\Projects\Hazina\src\Core\LLMs\Hazina.LLMs.Classes\bin\Debug\net9.0\Hazina.LLMs.Classes.dll". [C:\Projects\Hazina\apps\Desktop\Hazina.App.EmbeddingsViewer\Hazina.App.EmbeddingsViewer.csproj]
C:\Program Files\dotnet\sdk\10.0.103\Microsoft.Common.CurrentVersion.targets(2437,5): warning MSB3277:             C:\Projects\Hazina\src\Core\LLMs\Hazina.LLMs.Classes\bin\Debug\net9.0\Hazina.LLMs.Classes.dll [C:\Projects\Hazina\apps\Desktop\Hazina.App.EmbeddingsViewer\Hazina.App.EmbeddingsViewer.csproj]
C:\Program Files\dotnet\sdk\10.0.103\Microsoft.Common.CurrentVersion.targets(2437,5): warning MSB3277:             C:\Projects\Hazina\src\Core\LLMs\Hazina.LLMs.Client\bin\Debug\net9.0\Hazina.LLMs.Client.dll [C:\Projects\Hazina\apps\Desktop\Hazina.App.EmbeddingsViewer\Hazina.App.EmbeddingsViewer.csproj]
C:\Program Files\dotnet\sdk\10.0.103\Microsoft.Common.CurrentVersion.targets(2437,5): warning MSB3277:             C:\Projects\Hazina\src\Core\Storage\Hazina.Store.EmbeddingStore\bin\Debug\net9.0\Hazina.Store.EmbeddingStore.dll [C:\Projects\Hazina\apps\Desktop\Hazina.App.EmbeddingsViewer\Hazina.App.EmbeddingsViewer.csproj]
C:\Program Files\dotnet\sdk\10.0.103\Microsoft.Common.CurrentVersion.targets(2437,5): warning MSB3277:         C:\Projects\Hazina\src\Core\LLMs\Hazina.LLMs.Client\bin\Debug\net9.0\Hazina.LLMs.Client.dll [C:\Projects\Hazina\apps\Desktop\Hazina.App.EmbeddingsViewer\Hazina.App.EmbeddingsViewer.csproj]
C:\Program Files\dotnet\sdk\10.0.103\Microsoft.Common.CurrentVersion.targets(2437,5): warning MSB3277:           Project file item includes which caused reference "C:\Projects\Hazina\src\Core\LLMs\Hazina.LLMs.Client\bin\Debug\net9.0\Hazina.LLMs.Client.dll". [C:\Projects\Hazina\apps\Desktop\Hazina.App.EmbeddingsViewer\Hazina.App.EmbeddingsViewer.csproj]
C:\Program Files\dotnet\sdk\10.0.103\Microsoft.Common.CurrentVersion.targets(2437,5): warning MSB3277:             C:\Projects\Hazina\src\Core\LLMs\Hazina.LLMs.Client\bin\Debug\net9.0\Hazina.LLMs.Client.dll [C:\Projects\Hazina\apps\Desktop\Hazina.App.EmbeddingsViewer\Hazina.App.EmbeddingsViewer.csproj]
C:\Program Files\dotnet\sdk\10.0.103\Microsoft.Common.CurrentVersion.targets(2437,5): warning MSB3277:             C:\Projects\Hazina\src\Core\Storage\Hazina.Store.EmbeddingStore\bin\Debug\net9.0\Hazina.Store.EmbeddingStore.dll [C:\Projects\Hazina\apps\Desktop\Hazina.App.EmbeddingsViewer\Hazina.App.EmbeddingsViewer.csproj]
C:\Program Files\dotnet\sdk\10.0.103\Microsoft.Common.CurrentVersion.targets(2437,5): warning MSB3277:         C:\Projects\Hazina\src\Core\LLMs\Hazina.LLMs.Helpers\bin\Debug\net9.0\Hazina.LLMs.Helpers.dll [C:\Projects\Hazina\apps\Desktop\Hazina.App.EmbeddingsViewer\Hazina.App.EmbeddingsViewer.csproj]
C:\Program Files\dotnet\sdk\10.0.103\Microsoft.Common.CurrentVersion.targets(2437,5): warning MSB3277:           Project file item includes which caused reference "C:\Projects\Hazina\src\Core\LLMs\Hazina.LLMs.Helpers\bin\Debug\net9.0\Hazina.LLMs.Helpers.dll". [C:\Projects\Hazina\apps\Desktop\Hazina.App.EmbeddingsViewer\Hazina.App.EmbeddingsViewer.csproj]
C:\Program Files\dotnet\sdk\10.0.103\Microsoft.Common.CurrentVersion.targets(2437,5): warning MSB3277:             C:\Projects\Hazina\src\Core\LLMs\Hazina.LLMs.Helpers\bin\Debug\net9.0\Hazina.LLMs.Helpers.dll [C:\Projects\Hazina\apps\Desktop\Hazina.App.EmbeddingsViewer\Hazina.App.EmbeddingsViewer.csproj]
C:\Program Files\dotnet\sdk\10.0.103\Microsoft.Common.CurrentVersion.targets(2437,5): warning MSB3277:             C:\Projects\Hazina\src\Core\Storage\Hazina.Store.EmbeddingStore\bin\Debug\net9.0\Hazina.Store.EmbeddingStore.dll [C:\Projects\Hazina\apps\Desktop\Hazina.App.EmbeddingsViewer\Hazina.App.EmbeddingsViewer.csproj]
C:\Program Files\dotnet\sdk\10.0.103\Microsoft.Common.CurrentVersion.targets(2437,5): warning MSB3277:             C:\Projects\Hazina\src\Core\LLMs\Hazina.LLMs.Client\bin\Debug\net9.0\Hazina.LLMs.Client.dll [C:\Projects\Hazina\apps\Desktop\Hazina.App.EmbeddingsViewer\Hazina.App.EmbeddingsViewer.csproj]
  Hazina.Agents.Coding -> C:\Projects\Hazina\src\Hazina.Agents.Coding\bin\Debug\net9.0\Hazina.Agents.Coding.dll
  Hazina.AI.PromptManagement -> C:\Projects\Hazina\src\Core\AI\Hazina.AI.PromptManagement\bin\Debug\net9.0\Hazina.AI.PromptManagement.dll
  Hazina.App.EmbeddingsViewer -> C:\Projects\Hazina\apps\Desktop\Hazina.App.EmbeddingsViewer\bin\Debug\net9.0-windows\Hazina.App.EmbeddingsViewer.dll
  Hazina.Store.PgVector -> C:\Projects\Hazina\src\Core\Storage\Hazina.Store.PgVector\bin\Debug\net9.0\Hazina.Store.PgVector.dll
  Hazina.AI.FaultDetection -> C:\Projects\Hazina\src\Core\AI\Hazina.AI.FaultDetection\bin\Debug\net8.0\Hazina.AI.FaultDetection.dll
C:\Projects\Hazina\src\Core\API\Hazina.API.Generic\Hazina.API.Generic.csproj : warning NU1902: Package 'MimeKit' 4.13.0 has a known moderate severity vulnerability, https://github.com/advisories/GHSA-g7hc-96xr-gvvx [TargetFramework=net9.0]
C:\Projects\Hazina\src\Core\API\Hazina.API.Generic\Hazina.API.Generic.csproj : warning NU1902: Package 'MimeKit' 4.13.0 has a known moderate severity vulnerability, https://github.com/advisories/GHSA-g7hc-96xr-gvvx [TargetFramework=net10.0]
C:\Projects\Hazina\src\Core\API\Hazina.API.Generic\Hazina.API.Generic.csproj : warning NU1902: Package 'MimeKit' 4.13.0 has a known moderate severity vulnerability, https://github.com/advisories/GHSA-g7hc-96xr-gvvx [TargetFramework=net8.0]
  Hazina.Store.Faiss -> C:\Projects\Hazina\src\Core\Storage\Hazina.Store.Faiss\bin\Debug\net8.0\Hazina.Store.Faiss.dll
  Hazina.AI.Core -> C:\Projects\Hazina\src\Core\AI\Hazina.AI.Core\bin\Debug\net10.0\Hazina.AI.Core.dll
  Hazina.Store.Faiss -> C:\Projects\Hazina\src\Core\Storage\Hazina.Store.Faiss\bin\Debug\net9.0\Hazina.Store.Faiss.dll
C:\Projects\Hazina\src\Hazina.AgenticOrchestration\Hazina.AgenticOrchestration.csproj : warning NU1902: Package 'MimeKit' 4.13.0 has a known moderate severity vulnerability, https://github.com/advisories/GHSA-g7hc-96xr-gvvx [TargetFramework=net8.0]
  Hazina.AI.Core -> C:\Projects\Hazina\src\Core\AI\Hazina.AI.Core\bin\Debug\net9.0\Hazina.AI.Core.dll
C:\Projects\Hazina\src\Hazina.AgenticOrchestration\Hazina.AgenticOrchestration.csproj : warning NU1902: Package 'MimeKit' 4.13.0 has a known moderate severity vulnerability, https://github.com/advisories/GHSA-g7hc-96xr-gvvx [TargetFramework=net10.0]
C:\Projects\Hazina\src\Hazina.AgenticOrchestration\Hazina.AgenticOrchestration.csproj : warning NU1902: Package 'MimeKit' 4.13.0 has a known moderate severity vulnerability, https://github.com/advisories/GHSA-g7hc-96xr-gvvx [TargetFramework=net9.0]
C:\Projects\Hazina\apps\Demos\Hazina.Demo.Postgres\Program.cs(75,34): warning CS0618: 'PgVectorTextEmbeddingStore' is obsolete: 'Use PgVectorStore with EmbeddingService instead. See Store/EmbeddingStore/PgVectorStore.cs' [C:\Projects\Hazina\apps\Demos\Hazina.Demo.Postgres\Hazina.Demo.Postgres.csproj]
CSC : warning CA1016: Mark assemblies with assembly version (https://learn.microsoft.com/dotnet/fundamentals/code-analysis/quality-rules/ca1016) [C:\Projects\Hazina\apps\Demos\Hazina.Demo.Postgres\Hazina.Demo.Postgres.csproj]
C:\Projects\Hazina\apps\Demos\Hazina.Demo.Postgres\Program.cs(5,7): warning MA0047: Declare type 'DummyLLMClient' in a namespace (https://github.com/meziantou/Meziantou.Analyzer/blob/main/docs/Rules/MA0047.md) [C:\Projects\Hazina\apps\Demos\Hazina.Demo.Postgres\Hazina.Demo.Postgres.csproj]
C:\Projects\Hazina\apps\Demos\Hazina.Demo.Postgres\Program.cs(5,7): warning MA0048: File name must match type name (https://github.com/meziantou/Meziantou.Analyzer/blob/main/docs/Rules/MA0048.md) [C:\Projects\Hazina\apps\Demos\Hazina.Demo.Postgres\Hazina.Demo.Postgres.csproj]
C:\Projects\Hazina\apps\Demos\Hazina.Demo.Postgres\Program.cs(62,7): warning MA0047: Declare type 'Program' in a namespace (https://github.com/meziantou/Meziantou.Analyzer/blob/main/docs/Rules/MA0047.md) [C:\Projects\Hazina\apps\Demos\Hazina.Demo.Postgres\Hazina.Demo.Postgres.csproj]
C:\Projects\Hazina\apps\Demos\Hazina.Demo.Postgres\Program.cs(62,7): warning S1118: Add a 'protected' constructor or the 'static' keyword to the class declaration. (https://rules.sonarsource.com/csharp/RSPEC-1118) [C:\Projects\Hazina\apps\Demos\Hazina.Demo.Postgres\Hazina.Demo.Postgres.csproj]
C:\Projects\Hazina\apps\Demos\Hazina.Demo.Postgres\Program.cs(1,1): warning SA1633: The file header is missing or not located at the top of the file. (https://github.com/DotNetAnalyzers/StyleCopAnalyzers/blob/master/documentation/SA1633.md) [C:\Projects\Hazina\apps\Demos\Hazina.Demo.Postgres\Hazina.Demo.Postgres.csproj]
C:\Projects\Hazina\apps\Demos\Hazina.Demo.Postgres\Program.cs(5,7): warning SA1649: File name should match first type name (https://github.com/DotNetAnalyzers/StyleCopAnalyzers/blob/master/documentation/SA1649.md) [C:\Projects\Hazina\apps\Demos\Hazina.Demo.Postgres\Hazina.Demo.Postgres.csproj]
C:\Projects\Hazina\apps\Demos\Hazina.Demo.Postgres\Program.cs(39,10): warning SA1513: Closing brace should be followed by blank line (https://github.com/DotNetAnalyzers/StyleCopAnalyzers/blob/master/documentation/SA1513.md) [C:\Projects\Hazina\apps\Demos\Hazina.Demo.Postgres\Hazina.Demo.Postgres.csproj]
C:\Projects\Hazina\apps\Demos\Hazina.Demo.Postgres\Program.cs(28,9): warning SA1515: Single-line comment should be preceded by blank line (https://github.com/DotNetAnalyzers/StyleCopAnalyzers/blob/master/documentation/SA1515.md) [C:\Projects\Hazina\apps\Demos\Hazina.Demo.Postgres\Hazina.Demo.Postgres.csproj]
C:\Projects\Hazina\apps\Demos\Hazina.Demo.Postgres\Program.cs(62,7): warning S3903: Move 'Program' into a named namespace. (https://rules.sonarsource.com/csharp/RSPEC-3903) [C:\Projects\Hazina\apps\Demos\Hazina.Demo.Postgres\Hazina.Demo.Postgres.csproj]
C:\Projects\Hazina\apps\Demos\Hazina.Demo.Postgres\Program.cs(62,7): warning SA1400: Element 'Program' should declare an access modifier (https://github.com/DotNetAnalyzers/StyleCopAnalyzers/blob/master/documentation/SA1400.md) [C:\Projects\Hazina\apps\Demos\Hazina.Demo.Postgres\Hazina.Demo.Postgres.csproj]
C:\Projects\Hazina\apps\Demos\Hazina.Demo.Postgres\Program.cs(98,2): warning SA1518: File is required to end with a single newline character (https://github.com/DotNetAnalyzers/StyleCopAnalyzers/blob/master/documentation/SA1518.md) [C:\Projects\Hazina\apps\Demos\Hazina.Demo.Postgres\Hazina.Demo.Postgres.csproj]
C:\Projects\Hazina\apps\Demos\Hazina.Demo.Postgres\Program.cs(5,7): warning SA1402: File may only contain a single type (https://github.com/DotNetAnalyzers/StyleCopAnalyzers/blob/master/documentation/SA1402.md) [C:\Projects\Hazina\apps\Demos\Hazina.Demo.Postgres\Hazina.Demo.Postgres.csproj]
C:\Projects\Hazina\apps\Demos\Hazina.Demo.Postgres\Program.cs(5,7): warning S101: Rename class 'DummyLLMClient' to match pascal case naming rules, consider using 'DummyLlmClient'. (https://rules.sonarsource.com/csharp/RSPEC-101) [C:\Projects\Hazina\apps\Demos\Hazina.Demo.Postgres\Hazina.Demo.Postgres.csproj]
C:\Projects\Hazina\apps\Demos\Hazina.Demo.Postgres\Program.cs(5,7): warning S3903: Move 'DummyLLMClient' into a named namespace. (https://rules.sonarsource.com/csharp/RSPEC-3903) [C:\Projects\Hazina\apps\Demos\Hazina.Demo.Postgres\Hazina.Demo.Postgres.csproj]
C:\Projects\Hazina\apps\Demos\Hazina.Demo.Postgres\Program.cs(8,1): warning SA1516: Elements should be separated by blank line (https://github.com/DotNetAnalyzers/StyleCopAnalyzers/blob/master/documentation/SA1516.md) [C:\Projects\Hazina\apps\Demos\Hazina.Demo.Postgres\Hazina.Demo.Postgres.csproj]
C:\Projects\Hazina\apps\Demos\Hazina.Demo.Postgres\Program.cs(5,7): warning SA1400: Element 'DummyLLMClient' should declare an access modifier (https://github.com/DotNetAnalyzers/StyleCopAnalyzers/blob/master/documentation/SA1400.md) [C:\Projects\Hazina\apps\Demos\Hazina.Demo.Postgres\Hazina.Demo.Postgres.csproj]
C:\Projects\Hazina\apps\Demos\Hazina.Demo.Postgres\Program.cs(44,12): warning MA0025: Implement the functionality (or raise NotSupportedException or PlatformNotSupportedException) (https://github.com/meziantou/Meziantou.Analyzer/blob/main/docs/Rules/MA0025.md) [C:\Projects\Hazina\apps\Demos\Hazina.Demo.Postgres\Hazina.Demo.Postgres.csproj]
C:\Projects\Hazina\apps\Demos\Hazina.Demo.Postgres\Program.cs(21,13): warning SA1503: Braces should not be omitted (https://github.com/DotNetAnalyzers/StyleCopAnalyzers/blob/master/documentation/SA1503.md) [C:\Projects\Hazina\apps\Demos\Hazina.Demo.Postgres\Hazina.Demo.Postgres.csproj]
C:\Projects\Hazina\apps\Demos\Hazina.Demo.Postgres\Program.cs(47,12): warning MA0025: Implement the functionality (or raise NotSupportedException or PlatformNotSupportedException) (https://github.com/meziantou/Meziantou.Analyzer/blob/main/docs/Rules/MA0025.md) [C:\Projects\Hazina\apps\Demos\Hazina.Demo.Postgres\Hazina.Demo.Postgres.csproj]
C:\Projects\Hazina\apps\Demos\Hazina.Demo.Postgres\Program.cs(53,12): warning MA0025: Implement the functionality (or raise NotSupportedException or PlatformNotSupportedException) (https://github.com/meziantou/Meziantou.Analyzer/blob/main/docs/Rules/MA0025.md) [C:\Projects\Hazina\apps\Demos\Hazina.Demo.Postgres\Hazina.Demo.Postgres.csproj]
C:\Projects\Hazina\apps\Demos\Hazina.Demo.Postgres\Program.cs(55,63): warning SA1314: Type parameter names should begin with T (https://github.com/DotNetAnalyzers/StyleCopAnalyzers/blob/master/documentation/SA1314.md) [C:\Projects\Hazina\apps\Demos\Hazina.Demo.Postgres\Hazina.Demo.Postgres.csproj]
C:\Projects\Hazina\apps\Demos\Hazina.Demo.Postgres\Program.cs(55,223): warning SA1127: Generic type constraints should be on their own line (https://github.com/DotNetAnalyzers/StyleCopAnalyzers/blob/master/documentation/SA1127.md) [C:\Projects\Hazina\apps\Demos\Hazina.Demo.Postgres\Hazina.Demo.Postgres.csproj]
C:\Projects\Hazina\apps\Demos\Hazina.Demo.Postgres\Program.cs(56,12): warning MA0025: Implement the functionality (or raise NotSupportedException or PlatformNotSupportedException) (https://github.com/meziantou/Meziantou.Analyzer/blob/main/docs/Rules/MA0025.md) [C:\Projects\Hazina\apps\Demos\Hazina.Demo.Postgres\Hazina.Demo.Postgres.csproj]
C:\Projects\Hazina\apps\Demos\Hazina.Demo.Postgres\Program.cs(49,57): warning SA1314: Type parameter names should begin with T (https://github.com/DotNetAnalyzers/StyleCopAnalyzers/blob/master/documentation/SA1314.md) [C:\Projects\Hazina\apps\Demos\Hazina.Demo.Postgres\Hazina.Demo.Postgres.csproj]
C:\Projects\Hazina\apps\Demos\Hazina.Demo.Postgres\Program.cs(49,185): warning SA1127: Generic type constraints should be on their own line (https://github.com/DotNetAnalyzers/StyleCopAnalyzers/blob/master/documentation/SA1127.md) [C:\Projects\Hazina\apps\Demos\Hazina.Demo.Postgres\Hazina.Demo.Postgres.csproj]
C:\Projects\Hazina\apps\Demos\Hazina.Demo.Postgres\Program.cs(50,12): warning MA0025: Implement the functionality (or raise NotSupportedException or PlatformNotSupportedException) (https://github.com/meziantou/Meziantou.Analyzer/blob/main/docs/Rules/MA0025.md) [C:\Projects\Hazina\apps\Demos\Hazina.Demo.Postgres\Hazina.Demo.Postgres.csproj]
C:\Projects\Hazina\apps\Demos\Hazina.Demo.Postgres\Program.cs(64,28): warning SA1400: Element 'Main' should declare an access modifier (https://github.com/DotNetAnalyzers/StyleCopAnalyzers/blob/master/documentation/SA1400.md) [C:\Projects\Hazina\apps\Demos\Hazina.Demo.Postgres\Hazina.Demo.Postgres.csproj]
C:\Projects\Hazina\apps\Demos\Hazina.Demo.Postgres\Program.cs(86,9): warning MA0004: Use Task.ConfigureAwait(false) if the current SynchronizationContext is not needed (https://github.com/meziantou/Meziantou.Analyzer/blob/main/docs/Rules/MA0004.md) [C:\Projects\Hazina\apps\Demos\Hazina.Demo.Postgres\Hazina.Demo.Postgres.csproj]
C:\Projects\Hazina\apps\Demos\Hazina.Demo.Postgres\Program.cs(89,23): warning MA0004: Use Task.ConfigureAwait(false) if the current SynchronizationContext is not needed (https://github.com/meziantou/Meziantou.Analyzer/blob/main/docs/Rules/MA0004.md) [C:\Projects\Hazina\apps\Demos\Hazina.Demo.Postgres\Hazina.Demo.Postgres.csproj]
C:\Projects\Hazina\apps\Demos\Hazina.Demo.Postgres\Program.cs(38,25): warning SA1119: Statement should not use unnecessary parenthesis (https://github.com/DotNetAnalyzers/StyleCopAnalyzers/blob/master/documentation/SA1119.md) [C:\Projects\Hazina\apps\Demos\Hazina.Demo.Postgres\Hazina.Demo.Postgres.csproj]
C:\Projects\Hazina\apps\Demos\Hazina.Demo.Postgres\Program.cs(34,29): warning SA1407: Arithmetic expressions should declare precedence (https://github.com/DotNetAnalyzers/StyleCopAnalyzers/blob/master/documentation/SA1407.md) [C:\Projects\Hazina\apps\Demos\Hazina.Demo.Postgres\Hazina.Demo.Postgres.csproj]
C:\Projects\Hazina\apps\Demos\Hazina.Demo.Postgres\Program.cs(35,29): warning SA1407: Arithmetic expressions should declare precedence (https://github.com/DotNetAnalyzers/StyleCopAnalyzers/blob/master/documentation/SA1407.md) [C:\Projects\Hazina\apps\Demos\Hazina.Demo.Postgres\Hazina.Demo.Postgres.csproj]
C:\Projects\Hazina\apps\Demos\Hazina.Demo.Postgres\Program.cs(36,29): warning SA1407: Arithmetic expressions should declare precedence (https://github.com/DotNetAnalyzers/StyleCopAnalyzers/blob/master/documentation/SA1407.md) [C:\Projects\Hazina\apps\Demos\Hazina.Demo.Postgres\Hazina.Demo.Postgres.csproj]
C:\Projects\Hazina\apps\Demos\Hazina.Demo.Postgres\Program.cs(85,27): warning CA1303: Method 'Task<int> Program.Main(string[] args)' passes a literal string as parameter 'value' of a call to 'void Console.WriteLine(string? value)'. Retrieve the following string(s) from a resource table instead: "Storing 'examples/demo.txt' to Postgres...". (https://learn.microsoft.com/dotnet/fundamentals/code-analysis/quality-rules/ca1303) [C:\Projects\Hazina\apps\Demos\Hazina.Demo.Postgres\Hazina.Demo.Postgres.csproj]
C:\Projects\Hazina\apps\Demos\Hazina.Demo.Postgres\Program.cs(90,27): warning CA1303: Method 'Task<int> Program.Main(string[] args)' passes a literal string as parameter 'value' of a call to 'void Console.WriteLine(string? value)'. Retrieve the following string(s) from a resource table instead: "Fetched content:". (https://learn.microsoft.com/dotnet/fundamentals/code-analysis/quality-rules/ca1303) [C:\Projects\Hazina\apps\Demos\Hazina.Demo.Postgres\Hazina.Demo.Postgres.csproj]
C:\Projects\Hazina\apps\Demos\Hazina.Demo.Postgres\Program.cs(95,27): warning CA1303: Method 'Task<int> Program.Main(string[] args)' passes a literal string as parameter 'value' of a call to 'void Console.WriteLine(string? value)'. Retrieve the following string(s) from a resource table instead: "Done.". (https://learn.microsoft.com/dotnet/fundamentals/code-analysis/quality-rules/ca1303) [C:\Projects\Hazina\apps\Demos\Hazina.Demo.Postgres\Hazina.Demo.Postgres.csproj]
C:\Projects\Hazina\apps\Demos\Hazina.Demo.Postgres\Program.cs(27,21): warning CA1850: Prefer static 'System.Security.Cryptography.SHA256.HashData' method over 'ComputeHash' (https://learn.microsoft.com/dotnet/fundamentals/code-analysis/quality-rules/ca1850) [C:\Projects\Hazina\apps\Demos\Hazina.Demo.Postgres\Hazina.Demo.Postgres.csproj]
C:\Projects\Hazina\apps\Demos\Hazina.Demo.Postgres\Program.cs(62,7): warning CA1852: Type 'Program' can be sealed because it has no subtypes in its containing assembly and is not externally visible (https://learn.microsoft.com/dotnet/fundamentals/code-analysis/quality-rules/ca1852) [C:\Projects\Hazina\apps\Demos\Hazina.Demo.Postgres\Hazina.Demo.Postgres.csproj]
C:\Projects\Hazina\apps\Demos\Hazina.Demo.Postgres\Program.cs(5,7): warning CA1852: Type 'DummyLLMClient' can be sealed because it has no subtypes in its containing assembly and is not externally visible (https://learn.microsoft.com/dotnet/fundamentals/code-analysis/quality-rules/ca1852) [C:\Projects\Hazina\apps\Demos\Hazina.Demo.Postgres\Hazina.Demo.Postgres.csproj]
CSC : warning S3904: Provide an 'AssemblyVersion' attribute for assembly 'Hazina.Demo.Postgres'. (https://rules.sonarsource.com/csharp/RSPEC-3904) [C:\Projects\Hazina\apps\Demos\Hazina.Demo.Postgres\Hazina.Demo.Postgres.csproj]
  Hazina.LLMs.Client -> C:\Projects\Hazina\src\Core\LLMs\Hazina.LLMs.Client\bin\Debug\net10.0\Hazina.LLMs.Client.dll
  Hazina.Store.DocumentStore -> C:\Projects\Hazina\src\Core\Storage\Hazina.Store.DocumentStore\bin\Debug\net8.0\Hazina.Store.DocumentStore.dll
  Hazina.AI.Providers.Tests -> C:\Projects\Hazina\artifacts\tests\Hazina.AI.Providers.Tests\bin\Debug\Hazina.AI.Providers.Tests.dll
  Hazina.AI.Core -> C:\Projects\Hazina\src\Core\AI\Hazina.AI.Core\bin\Debug\net8.0\Hazina.AI.Core.dll
  Hazina.Demo.Postgres -> C:\Projects\Hazina\apps\Demos\Hazina.Demo.Postgres\bin\Debug\net9.0\Hazina.Demo.Postgres.dll
  Hazina.Agents.Coding -> C:\Projects\Hazina\src\Hazina.Agents.Coding\bin\Debug\net8.0\Hazina.Agents.Coding.dll
  Hazina.Core -> C:\Projects\Hazina\Hazina.Core\bin\Debug\net10.0\Hazina.Core.dll
  Hazina.TaskRunner -> C:\Projects\Hazina\src\Hazina.TaskRunner\bin\Debug\net8.0\Hazina.TaskRunner.dll
C:\Projects\Hazina\src\Core\Agents\Hazina.Generator\Core\DocumentGenerator.cs(18,5): warning S125: Remove this commented out code. (https://rules.sonarsource.com/csharp/RSPEC-125) [C:\Projects\Hazina\src\Core\Agents\Hazina.Generator\Hazina.Generator.csproj::TargetFramework=net9.0]
  Hazina.LLMs.Mistral -> C:\Projects\Hazina\src\Core\LLMs.Providers\Hazina.LLMs.Mistral\bin\Debug\net10.0\Hazina.LLMs.Mistral.dll
C:\Projects\Hazina\src\Core\Agents\Hazina.Generator\Core\DocumentGenerator.cs(44,9): warning S125: Remove this commented out code. (https://rules.sonarsource.com/csharp/RSPEC-125) [C:\Projects\Hazina\src\Core\Agents\Hazina.Generator\Hazina.Generator.csproj::TargetFramework=net9.0]
C:\Projects\Hazina\src\Core\Agents\Hazina.Generator\Core\DocumentGenerator.cs(56,9): warning S125: Remove this commented out code. (https://rules.sonarsource.com/csharp/RSPEC-125) [C:\Projects\Hazina\src\Core\Agents\Hazina.Generator\Hazina.Generator.csproj::TargetFramework=net9.0]
C:\Projects\Hazina\src\Core\Agents\Hazina.Generator\Core\DocumentGenerator.cs(3,1): warning SA1208: Using directive for 'System.Collections.Generic' should appear before directive for 'OpenAI.Chat' (https://github.com/DotNetAnalyzers/StyleCopAnalyzers/blob/master/documentation/SA1208.md) [C:\Projects\Hazina\src\Core\Agents\Hazina.Generator\Hazina.Generator.csproj::TargetFramework=net9.0]
C:\Projects\Hazina\src\Core\Agents\Hazina.Generator\Core\DocumentGenerator.cs(4,1): warning SA1208: Using directive for 'System.IO' should appear before directive for 'OpenAI.Chat' (https://github.com/DotNetAnalyzers/StyleCopAnalyzers/blob/master/documentation/SA1208.md) [C:\Projects\Hazina\src\Core\Agents\Hazina.Generator\Hazina.Generator.csproj::TargetFramework=net9.0]
  Hazina.TaskRunner -> C:\Projects\Hazina\src\Hazina.TaskRunner\bin\Debug\net10.0\Hazina.TaskRunner.dll
C:\Projects\Hazina\src\Core\Agents\Hazina.Generator\Core\DocumentGenerator.cs(5,1): warning SA1208: Using directive for 'System.Security.Cryptography' should appear before directive for 'OpenAI.Chat' (https://github.com/DotNetAnalyzers/StyleCopAnalyzers/blob/master/documentation/SA1208.md) [C:\Projects\Hazina\src\Core\Agents\Hazina.Generator\Hazina.Generator.csproj::TargetFramework=net9.0]
C:\Projects\Hazina\src\Core\Agents\Hazina.Generator\Core\DocumentGenerator.cs(6,1): warning SA1208: Using directive for 'System.Text.Json' should appear before directive for 'OpenAI.Chat' (https://github.com/DotNetAnalyzers/StyleCopAnalyzers/blob/master/documentation/SA1208.md) [C:\Projects\Hazina\src\Core\Agents\Hazina.Generator\Hazina.Generator.csproj::TargetFramework=net9.0]
C:\Projects\Hazina\src\Core\Agents\Hazina.Generator\Core\DocumentGenerator.cs(7,1): warning SA1208: Using directive for 'System.Threading.Channels' should appear before directive for 'OpenAI.Chat' (https://github.com/DotNetAnalyzers/StyleCopAnalyzers/blob/master/documentation/SA1208.md) [C:\Projects\Hazina\src\Core\Agents\Hazina.Generator\Hazina.Generator.csproj::TargetFramework=net9.0]
C:\Projects\Hazina\src\Core\Agents\Hazina.Generator\Core\DocumentGenerator.cs(2,1): warning SA1210: Using directives should be ordered alphabetically by the namespaces (https://github.com/DotNetAnalyzers/StyleCopAnalyzers/blob/master/documentation/SA1210.md) [C:\Projects\Hazina\src\Core\Agents\Hazina.Generator\Hazina.Generator.csproj::TargetFramework=net9.0]
C:\Projects\Hazina\src\Core\Agents\Hazina.Generator\Core\DocumentGenerator.cs(113,9): warning S125: Remove this commented out code. (https://rules.sonarsource.com/csharp/RSPEC-125) [C:\Projects\Hazina\src\Core\Agents\Hazina.Generator\Hazina.Generator.csproj::TargetFramework=net9.0]
C:\Projects\Hazina\src\Core\Agents\Hazina.Generator\Models\DeleteDocumentRequest.cs(1,14): warning CA1050: Declare types in namespaces (https://learn.microsoft.com/dotnet/fundamentals/code-analysis/quality-rules/ca1050) [C:\Projects\Hazina\src\Core\Agents\Hazina.Generator\Hazina.Generator.csproj::TargetFramework=net9.0]
C:\Projects\Hazina\src\Core\Agents\Hazina.Generator\Models\DeleteDocumentRequest.cs(6,14): warning CA1050: Declare types in namespaces (https://learn.microsoft.com/dotnet/fundamentals/code-analysis/quality-rules/ca1050) [C:\Projects\Hazina\src\Core\Agents\Hazina.Generator\Hazina.Generator.csproj::TargetFramework=net9.0]
C:\Projects\Hazina\src\Core\Agents\Hazina.Generator\Models\DeleteDocumentRequest.cs(6,14): warning MA0047: Declare type 'MoveDocumentRequest' in a namespace (https://github.com/meziantou/Meziantou.Analyzer/blob/main/docs/Rules/MA0047.md) [C:\Projects\Hazina\src\Core\Agents\Hazina.Generator\Hazina.Generator.csproj::TargetFramework=net9.0]
C:\Projects\Hazina\src\Core\Agents\Hazina.Generator\Models\DeleteDocumentRequest.cs(1,14): warning MA0047: Declare type 'DeleteDocumentRequest' in a namespace (https://github.com/meziantou/Meziantou.Analyzer/blob/main/docs/Rules/MA0047.md) [C:\Projects\Hazina\src\Core\Agents\Hazina.Generator\Hazina.Generator.csproj::TargetFramework=net9.0]
C:\Projects\Hazina\src\Core\Agents\Hazina.Generator\Models\DeleteDocumentRequest.cs(6,14): warning MA0048: File name must match type name (https://github.com/meziantou/Meziantou.Analyzer/blob/main/docs/Rules/MA0048.md) [C:\Projects\Hazina\src\Core\Agents\Hazina.Generator\Hazina.Generator.csproj::TargetFramework=net9.0]
C:\Projects\Hazina\src\Core\Agents\Hazina.Generator\Models\DeleteDocumentRequest.cs(6,14): warning S3903: Move 'MoveDocumentRequest' into a named namespace. (https://rules.sonarsource.com/csharp/RSPEC-3903) [C:\Projects\Hazina\src\Core\Agents\Hazina.Generator\Hazina.Generator.csproj::TargetFramework=net9.0]
C:\Projects\Hazina\src\Core\Agents\Hazina.Generator\Models\DeleteDocumentRequest.cs(1,14): warning S3903: Move 'DeleteDocumentRequest' into a named namespace. (https://rules.sonarsource.com/csharp/RSPEC-3903) [C:\Projects\Hazina\src\Core\Agents\Hazina.Generator\Hazina.Generator.csproj::TargetFramework=net9.0]
C:\Projects\Hazina\src\Core\Agents\Hazina.Generator\Models\DeleteDocumentRequest.cs(9,1): warning SA1516: Elements should be separated by blank line (https://github.com/DotNetAnalyzers/StyleCopAnalyzers/blob/master/documentation/SA1516.md) [C:\Projects\Hazina\src\Core\Agents\Hazina.Generator\Hazina.Generator.csproj::TargetFramework=net9.0]
C:\Projects\Hazina\src\Core\Agents\Hazina.Generator\Core\DocumentGenerator.cs(1,1): warning SA1633: The file header is missing or not located at the top of the file. (https://github.com/DotNetAnalyzers/StyleCopAnalyzers/blob/master/documentation/SA1633.md) [C:\Projects\Hazina\src\Core\Agents\Hazina.Generator\Hazina.Generator.csproj::TargetFramework=net9.0]
C:\Projects\Hazina\src\Core\Agents\Hazina.Generator\Core\DocumentGenerator.cs(179,1): warning SA1507: Code should not contain multiple blank lines in a row (https://github.com/DotNetAnalyzers/StyleCopAnalyzers/blob/master/documentation/SA1507.md) [C:\Projects\Hazina\src\Core\Agents\Hazina.Generator\Hazina.Generator.csproj::TargetFramework=net9.0]
C:\Projects\Hazina\src\Core\Agents\Hazina.Generator\Core\DocumentGenerator.cs(134,9): warning SA1512: Single-line comments should not be followed by blank line (https://github.com/DotNetAnalyzers/StyleCopAnalyzers/blob/master/documentation/SA1512.md) [C:\Projects\Hazina\src\Core\Agents\Hazina.Generator\Hazina.Generator.csproj::TargetFramework=net9.0]
C:\Projects\Hazina\src\Core\Agents\Hazina.Generator\Core\DocumentGenerator.cs(166,14): warning SA1513: Closing brace should be followed by blank line (https://github.com/DotNetAnalyzers/StyleCopAnalyzers/blob/master/documentation/SA1513.md) [C:\Projects\Hazina\src\Core\Agents\Hazina.Generator\Hazina.Generator.csproj::TargetFramework=net9.0]
C:\Projects\Hazina\src\Core\Agents\Hazina.Generator\Core\DocumentGenerator.cs(171,14): warning SA1513: Closing brace should be followed by blank line (https://github.com/DotNetAnalyzers/StyleCopAnalyzers/blob/master/documentation/SA1513.md) [C:\Projects\Hazina\src\Core\Agents\Hazina.Generator\Hazina.Generator.csproj::TargetFramework=net9.0]
C:\Projects\Hazina\src\Core\Agents\Hazina.Generator\Core\DocumentGenerator.cs(203,14): warning SA1513: Closing brace should be followed by blank line (https://github.com/DotNetAnalyzers/StyleCopAnalyzers/blob/master/documentation/SA1513.md) [C:\Projects\Hazina\src\Core\Agents\Hazina.Generator\Hazina.Generator.csproj::TargetFramework=net9.0]
C:\Projects\Hazina\src\Core\Agents\Hazina.Generator\Core\DocumentGenerator.cs(210,10): warning SA1513: Closing brace should be followed by blank line (https://github.com/DotNetAnalyzers/StyleCopAnalyzers/blob/master/documentation/SA1513.md) [C:\Projects\Hazina\src\Core\Agents\Hazina.Generator\Hazina.Generator.csproj::TargetFramework=net9.0]
C:\Projects\Hazina\src\Core\Agents\Hazina.Generator\Core\DocumentGenerator.cs(216,10): warning SA1513: Closing brace should be followed by blank line (https://github.com/DotNetAnalyzers/StyleCopAnalyzers/blob/master/documentation/SA1513.md) [C:\Projects\Hazina\src\Core\Agents\Hazina.Generator\Hazina.Generator.csproj::TargetFramework=net9.0]
C:\Projects\Hazina\src\Core\Agents\Hazina.Generator\Core\DocumentGenerator.cs(223,10): warning SA1513: Closing brace should be followed by blank line (https://github.com/DotNetAnalyzers/StyleCopAnalyzers/blob/master/documentation/SA1513.md) [C:\Projects\Hazina\src\Core\Agents\Hazina.Generator\Hazina.Generator.csproj::TargetFramework=net9.0]
C:\Projects\Hazina\src\Core\Agents\Hazina.Generator\Core\DocumentGenerator.cs(18,5): warning SA1515: Single-line comment should be preceded by blank line (https://github.com/DotNetAnalyzers/StyleCopAnalyzers/blob/master/documentation/SA1515.md) [C:\Projects\Hazina\src\Core\Agents\Hazina.Generator\Hazina.Generator.csproj::TargetFramework=net9.0]
C:\Projects\Hazina\src\Core\Agents\Hazina.Generator\Core\DocumentGenerator.cs(44,9): warning SA1515: Single-line comment should be preceded by blank line (https://github.com/DotNetAnalyzers/StyleCopAnalyzers/blob/master/documentation/SA1515.md) [C:\Projects\Hazina\src\Core\Agents\Hazina.Generator\Hazina.Generator.csproj::TargetFramework=net9.0]
C:\Projects\Hazina\src\Core\Agents\Hazina.Generator\Core\DocumentGenerator.cs(56,9): warning SA1515: Single-line comment should be preceded by blank line (https://github.com/DotNetAnalyzers/StyleCopAnalyzers/blob/master/documentation/SA1515.md) [C:\Projects\Hazina\src\Core\Agents\Hazina.Generator\Hazina.Generator.csproj::TargetFramework=net9.0]
C:\Projects\Hazina\src\Core\Agents\Hazina.Generator\Models\DeleteDocumentRequest.cs(9,43): warning SA1122: Use string.Empty for empty strings (https://github.com/DotNetAnalyzers/StyleCopAnalyzers/blob/master/documentation/SA1122.md) [C:\Projects\Hazina\src\Core\Agents\Hazina.Generator\Hazina.Generator.csproj::TargetFramework=net9.0]
C:\Projects\Hazina\src\Core\Agents\Hazina.Generator\Models\ModifyDocumentRequest.cs(1,14): warning CA1050: Declare types in namespaces (https://learn.microsoft.com/dotnet/fundamentals/code-analysis/quality-rules/ca1050) [C:\Projects\Hazina\src\Core\Agents\Hazina.Generator\Hazina.Generator.csproj::TargetFramework=net9.0]
C:\Projects\Hazina\src\Core\Agents\Hazina.Generator\Core\DocumentGenerator.cs(189,9): warning SA1000: The keyword 'if' should be followed by a space (https://github.com/DotNetAnalyzers/StyleCopAnalyzers/blob/master/documentation/SA1000.md) [C:\Projects\Hazina\src\Core\Agents\Hazina.Generator\Hazina.Generator.csproj::TargetFramework=net9.0]
C:\Projects\Hazina\src\Core\Agents\Hazina.Generator\Core\DocumentGenerator.cs(200,13): warning SA1000: The keyword 'foreach' should be followed by a space (https://github.com/DotNetAnalyzers/StyleCopAnalyzers/blob/master/documentation/SA1000.md) [C:\Projects\Hazina\src\Core\Agents\Hazina.Generator\Hazina.Generator.csproj::TargetFramework=net9.0]
C:\Projects\Hazina\src\Core\Agents\Hazina.Generator\Core\DocumentGenerator.cs(218,9): warning SA1000: The keyword 'if' should be followed by a space (https://github.com/DotNetAnalyzers/StyleCopAnalyzers/blob/master/documentation/SA1000.md) [C:\Projects\Hazina\src\Core\Agents\Hazina.Generator\Hazina.Generator.csproj::TargetFramework=net9.0]
C:\Projects\Hazina\src\Core\Agents\Hazina.Generator\Models\ModifyDocumentRequest.cs(1,14): warning MA0047: Declare type 'ModifyDocumentRequest' in a namespace (https://github.com/meziantou/Meziantou.Analyzer/blob/main/docs/Rules/MA0047.md) [C:\Projects\Hazina\src\Core\Agents\Hazina.Generator\Hazina.Generator.csproj::TargetFramework=net9.0]
C:\Projects\Hazina\src\Core\Agents\Hazina.Generator\Models\ModifyDocumentRequest.cs(1,14): warning S3903: Move 'ModifyDocumentRequest' into a named namespace. (https://rules.sonarsource.com/csharp/RSPEC-3903) [C:\Projects\Hazina\src\Core\Agents\Hazina.Generator\Hazina.Generator.csproj::TargetFramework=net9.0]
C:\Projects\Hazina\src\Core\Agents\Hazina.Generator\Core\DocumentGenerator.cs(18,5): warning SA1005: Single line comment should begin with a space (https://github.com/DotNetAnalyzers/StyleCopAnalyzers/blob/master/documentation/SA1005.md) [C:\Projects\Hazina\src\Core\Agents\Hazina.Generator\Hazina.Generator.csproj::TargetFramework=net9.0]
C:\Projects\Hazina\src\Core\Agents\Hazina.Generator\Core\DocumentGenerator.cs(19,5): warning SA1005: Single line comment should begin with a space (https://github.com/DotNetAnalyzers/StyleCopAnalyzers/blob/master/documentation/SA1005.md) [C:\Projects\Hazina\src\Core\Agents\Hazina.Generator\Hazina.Generator.csproj::TargetFramework=net9.0]
C:\Projects\Hazina\src\Core\Agents\Hazina.Generator\Core\DocumentGenerator.cs(44,9): warning SA1005: Single line comment should begin with a space (https://github.com/DotNetAnalyzers/StyleCopAnalyzers/blob/master/documentation/SA1005.md) [C:\Projects\Hazina\src\Core\Agents\Hazina.Generator\Hazina.Generator.csproj::TargetFramework=net9.0]
C:\Projects\Hazina\src\Core\Agents\Hazina.Generator\Core\DocumentGenerator.cs(45,9): warning SA1005: Single line comment should begin with a space (https://github.com/DotNetAnalyzers/StyleCopAnalyzers/blob/master/documentation/SA1005.md) [C:\Projects\Hazina\src\Core\Agents\Hazina.Generator\Hazina.Generator.csproj::TargetFramework=net9.0]
C:\Projects\Hazina\src\Core\Agents\Hazina.Generator\Core\DocumentGenerator.cs(56,9): warning SA1005: Single line comment should begin with a space (https://github.com/DotNetAnalyzers/StyleCopAnalyzers/blob/master/documentation/SA1005.md) [C:\Projects\Hazina\src\Core\Agents\Hazina.Generator\Hazina.Generator.csproj::TargetFramework=net9.0]
C:\Projects\Hazina\src\Core\Agents\Hazina.Generator\Core\DocumentGenerator.cs(57,9): warning SA1005: Single line comment should begin with a space (https://github.com/DotNetAnalyzers/StyleCopAnalyzers/blob/master/documentation/SA1005.md) [C:\Projects\Hazina\src\Core\Agents\Hazina.Generator\Hazina.Generator.csproj::TargetFramework=net9.0]
C:\Projects\Hazina\src\Core\Agents\Hazina.Generator\Core\DocumentGenerator.cs(58,9): warning SA1005: Single line comment should begin with a space (https://github.com/DotNetAnalyzers/StyleCopAnalyzers/blob/master/documentation/SA1005.md) [C:\Projects\Hazina\src\Core\Agents\Hazina.Generator\Hazina.Generator.csproj::TargetFramework=net9.0]
C:\Projects\Hazina\src\Core\Agents\Hazina.Generator\Models\ModifyDocumentRequest.cs(4,1): warning SA1516: Elements should be separated by blank line (https://github.com/DotNetAnalyzers/StyleCopAnalyzers/blob/master/documentation/SA1516.md) [C:\Projects\Hazina\src\Core\Agents\Hazina.Generator\Hazina.Generator.csproj::TargetFramework=net9.0]
C:\Projects\Hazina\src\Core\Agents\Hazina.Generator\Models\ModifyDocumentRequest.cs(5,1): warning SA1516: Elements should be separated by blank line (https://github.com/DotNetAnalyzers/StyleCopAnalyzers/blob/master/documentation/SA1516.md) [C:\Projects\Hazina\src\Core\Agents\Hazina.Generator\Hazina.Generator.csproj::TargetFramework=net9.0]
C:\Projects\Hazina\src\Core\Agents\Hazina.Generator\Models\ModifyDocumentRequest.cs(4,40): warning SA1122: Use string.Empty for empty strings (https://github.com/DotNetAnalyzers/StyleCopAnalyzers/blob/master/documentation/SA1122.md) [C:\Projects\Hazina\src\Core\Agents\Hazina.Generator\Hazina.Generator.csproj::TargetFramework=net9.0]
C:\Projects\Hazina\src\Core\Agents\Hazina.Generator\Core\DocumentGenerator.cs(113,9): warning SA1005: Single line comment should begin with a space (https://github.com/DotNetAnalyzers/StyleCopAnalyzers/blob/master/documentation/SA1005.md) [C:\Projects\Hazina\src\Core\Agents\Hazina.Generator\Hazina.Generator.csproj::TargetFramework=net9.0]
C:\Projects\Hazina\src\Core\Agents\Hazina.Generator\Core\DocumentGenerator.cs(133,9): warning SA1005: Single line comment should begin with a space (https://github.com/DotNetAnalyzers/StyleCopAnalyzers/blob/master/documentation/SA1005.md) [C:\Projects\Hazina\src\Core\Agents\Hazina.Generator\Hazina.Generator.csproj::TargetFramework=net9.0]
C:\Projects\Hazina\src\Core\Agents\Hazina.Generator\Core\DocumentGenerator.cs(134,9): warning SA1005: Single line comment should begin with a space (https://github.com/DotNetAnalyzers/StyleCopAnalyzers/blob/master/documentation/SA1005.md) [C:\Projects\Hazina\src\Core\Agents\Hazina.Generator\Hazina.Generator.csproj::TargetFramework=net9.0]
C:\Projects\Hazina\src\Core\Agents\Hazina.Generator\Models\DeleteDocumentRequest.cs(8,40): warning SA1122: Use string.Empty for empty strings (https://github.com/DotNetAnalyzers/StyleCopAnalyzers/blob/master/documentation/SA1122.md) [C:\Projects\Hazina\src\Core\Agents\Hazina.Generator\Hazina.Generator.csproj::TargetFramework=net9.0]
C:\Projects\Hazina\src\Core\Agents\Hazina.Generator\Models\ModifyDocumentRequest.cs(5,44): warning SA1122: Use string.Empty for empty strings (https://github.com/DotNetAnalyzers/StyleCopAnalyzers/blob/master/documentation/SA1122.md) [C:\Projects\Hazina\src\Core\Agents\Hazina.Generator\Hazina.Generator.csproj::TargetFramework=net9.0]
C:\Projects\Hazina\src\Core\Agents\Hazina.Generator\Models\DeleteDocumentRequest.cs(3,40): warning SA1122: Use string.Empty for empty strings (https://github.com/DotNetAnalyzers/StyleCopAnalyzers/blob/master/documentation/SA1122.md) [C:\Projects\Hazina\src\Core\Agents\Hazina.Generator\Hazina.Generator.csproj::TargetFramework=net9.0]
C:\Projects\Hazina\src\Core\Agents\Hazina.Generator\Models\StoreSafetyPolicy.cs(6,14): warning CA1050: Declare types in namespaces (https://learn.microsoft.com/dotnet/fundamentals/code-analysis/quality-rules/ca1050) [C:\Projects\Hazina\src\Core\Agents\Hazina.Generator\Hazina.Generator.csproj::TargetFramework=net9.0]
C:\Projects\Hazina\src\Core\Agents\Hazina.Generator\Models\StoreSafetyPolicy.cs(6,14): warning MA0047: Declare type 'StoreSafetyPolicy' in a namespace (https://github.com/meziantou/Meziantou.Analyzer/blob/main/docs/Rules/MA0047.md) [C:\Projects\Hazina\src\Core\Agents\Hazina.Generator\Hazina.Generator.csproj::TargetFramework=net9.0]
C:\Projects\Hazina\src\Core\Agents\Hazina.Generator\Models\StoreSafetyPolicy.cs(19,28): warning CA2227: Change 'AllowedExtensions' to be read-only by removing the property setter (https://learn.microsoft.com/dotnet/fundamentals/code-analysis/quality-rules/ca2227) [C:\Projects\Hazina\src\Core\Agents\Hazina.Generator\Hazina.Generator.csproj::TargetFramework=net9.0]
C:\Projects\Hazina\src\Core\Agents\Hazina.Generator\Models\StoreSafetyPolicy.cs(19,12): warning MA0016: Prefer using collection abstraction instead of implementation (https://github.com/meziantou/Meziantou.Analyzer/blob/main/docs/Rules/MA0016.md) [C:\Projects\Hazina\src\Core\Agents\Hazina.Generator\Hazina.Generator.csproj::TargetFramework=net9.0]
  Hazina.TaskRunner -> C:\Projects\Hazina\src\Hazina.TaskRunner\bin\Debug\net9.0\Hazina.TaskRunner.dll
C:\Projects\Hazina\src\Core\Agents\Hazina.Generator\Models\StoreSafetyPolicy.cs(12,17): warning SA1623: The property's documentation summary text should begin with: 'Gets or sets' (https://github.com/DotNetAnalyzers/StyleCopAnalyzers/blob/master/documentation/SA1623.md) [C:\Projects\Hazina\src\Core\Agents\Hazina.Generator\Hazina.Generator.csproj::TargetFramework=net9.0]
C:\Projects\Hazina\src\Core\Agents\Hazina.Generator\Models\StoreSafetyPolicyViolationException.cs(4,14): warning CA1032: Add the following constructor to StoreSafetyPolicyViolationException: public StoreSafetyPolicyViolationException() (https://learn.microsoft.com/dotnet/fundamentals/code-analysis/quality-rules/ca1032) [C:\Projects\Hazina\src\Core\Agents\Hazina.Generator\Hazina.Generator.csproj::TargetFramework=net9.0]
C:\Projects\Hazina\src\Core\Agents\Hazina.Generator\Models\StoreSafetyPolicyViolationException.cs(4,14): warning CA1050: Declare types in namespaces (https://learn.microsoft.com/dotnet/fundamentals/code-analysis/quality-rules/ca1050) [C:\Projects\Hazina\src\Core\Agents\Hazina.Generator\Hazina.Generator.csproj::TargetFramework=net9.0]
C:\Projects\Hazina\src\Core\Agents\Hazina.Generator\Models\StoreSafetyPolicyViolationException.cs(4,14): warning MA0047: Declare type 'StoreSafetyPolicyViolationException' in a namespace (https://github.com/meziantou/Meziantou.Analyzer/blob/main/docs/Rules/MA0047.md) [C:\Projects\Hazina\src\Core\Agents\Hazina.Generator\Hazina.Generator.csproj::TargetFramework=net9.0]
C:\Projects\Hazina\src\Core\Agents\Hazina.Generator\Models\ModifyDocumentRequest.cs(3,40): warning SA1122: Use string.Empty for empty strings (https://github.com/DotNetAnalyzers/StyleCopAnalyzers/blob/master/documentation/SA1122.md) [C:\Projects\Hazina\src\Core\Agents\Hazina.Generator\Hazina.Generator.csproj::TargetFramework=net9.0]
C:\Projects\Hazina\src\Core\Agents\Hazina.Generator\Models\StoreSafetyPolicy.cs(19,28): warning SA1623: The property's documentation summary text should begin with: 'Gets or sets' (https://github.com/DotNetAnalyzers/StyleCopAnalyzers/blob/master/documentation/SA1623.md) [C:\Projects\Hazina\src\Core\Agents\Hazina.Generator\Hazina.Generator.csproj::TargetFramework=net9.0]
C:\Projects\Hazina\src\Core\Agents\Hazina.Generator\Models\StoreSafetyPolicyViolationException.cs(4,14): warning S3903: Move 'StoreSafetyPolicyViolationException' into a named namespace. (https://rules.sonarsource.com/csharp/RSPEC-3903) [C:\Projects\Hazina\src\Core\Agents\Hazina.Generator\Hazina.Generator.csproj::TargetFramework=net9.0]
C:\Projects\Hazina\src\Core\Agents\Hazina.Generator\Models\StoreSafetyPolicy.cs(31,17): warning SA1623: The property's documentation summary text should begin with: 'Gets or sets a value indicating whether' (https://github.com/DotNetAnalyzers/StyleCopAnalyzers/blob/master/documentation/SA1623.md) [C:\Projects\Hazina\src\Core\Agents\Hazina.Generator\Hazina.Generator.csproj::TargetFramework=net9.0]
C:\Projects\Hazina\src\Core\Agents\Hazina.Generator\Models\StoreSafetyPolicy.cs(6,14): warning S3903: Move 'StoreSafetyPolicy' into a named namespace. (https://rules.sonarsource.com/csharp/RSPEC-3903) [C:\Projects\Hazina\src\Core\Agents\Hazina.Generator\Hazina.Generator.csproj::TargetFramework=net9.0]
C:\Projects\Hazina\src\Core\Agents\Hazina.Generator\Interfaces\IDocumentGenerator.cs(3,18): warning CA1050: Declare types in namespaces (https://learn.microsoft.com/dotnet/fundamentals/code-analysis/quality-rules/ca1050) [C:\Projects\Hazina\src\Core\Agents\Hazina.Generator\Hazina.Generator.csproj::TargetFramework=net9.0]
C:\Projects\Hazina\src\Core\Agents\Hazina.Generator\Interfaces\IDocumentGenerator.cs(3,18): warning MA0047: Declare type 'IDocumentGenerator' in a namespace (https://github.com/meziantou/Meziantou.Analyzer/blob/main/docs/Rules/MA0047.md) [C:\Projects\Hazina\src\Core\Agents\Hazina.Generator\Hazina.Generator.csproj::TargetFramework=net9.0]
C:\Projects\Hazina\src\Core\Agents\Hazina.Generator\Models\UpdateStoreResponse.cs(5,39): warning CA2227: Change 'Moves' to be read-only by removing the property setter (https://learn.microsoft.com/dotnet/fundamentals/code-analysis/quality-rules/ca2227) [C:\Projects\Hazina\src\Core\Agents\Hazina.Generator\Hazina.Generator.csproj::TargetFramework=net9.0]
C:\Projects\Hazina\src\Core\Agents\Hazina.Generator\Models\UpdateStoreResponse.cs(3,14): warning CA1050: Declare types in namespaces (https://learn.microsoft.com/dotnet/fundamentals/code-analysis/quality-rules/ca1050) [C:\Projects\Hazina\src\Core\Agents\Hazina.Generator\Hazina.Generator.csproj::TargetFramework=net9.0]
C:\Projects\Hazina\src\Core\Agents\Hazina.Generator\Models\UpdateStoreResponse.cs(5,39): warning CA1002: Change 'List<MoveDocumentRequest>' in 'UpdateStoreResponse.Moves' to use 'Collection<T>', 'ReadOnlyCollection<T>' or 'KeyedCollection<K,V>' (https://learn.microsoft.com/dotnet/fundamentals/code-analysis/quality-rules/ca1002) [C:\Projects\Hazina\src\Core\Agents\Hazina.Generator\Hazina.Generator.csproj::TargetFramework=net9.0]
C:\Projects\Hazina\src\Core\Agents\Hazina.Generator\Models\UpdateStoreResponse.cs(5,12): warning MA0016: Prefer using collection abstraction instead of implementation (https://github.com/meziantou/Meziantou.Analyzer/blob/main/docs/Rules/MA0016.md) [C:\Projects\Hazina\src\Core\Agents\Hazina.Generator\Hazina.Generator.csproj::TargetFramework=net9.0]
C:\Projects\Hazina\src\Core\Agents\Hazina.Generator\Interfaces\IDocumentGenerator.cs(3,18): warning S3903: Move 'IDocumentGenerator' into a named namespace. (https://rules.sonarsource.com/csharp/RSPEC-3903) [C:\Projects\Hazina\src\Core\Agents\Hazina.Generator\Hazina.Generator.csproj::TargetFramework=net9.0]
C:\Projects\Hazina\src\Core\Agents\Hazina.Generator\Models\UpdateStoreResponse.cs(6,41): warning CA2227: Change 'Deletions' to be read-only by removing the property setter (https://learn.microsoft.com/dotnet/fundamentals/code-analysis/quality-rules/ca2227) [C:\Projects\Hazina\src\Core\Agents\Hazina.Generator\Hazina.Generator.csproj::TargetFramework=net9.0]
C:\Projects\Hazina\src\Core\Agents\Hazina.Generator\Models\UpdateStoreResponse.cs(6,41): warning CA1002: Change 'List<DeleteDocumentRequest>' in 'UpdateStoreResponse.Deletions' to use 'Collection<T>', 'ReadOnlyCollection<T>' or 'KeyedCollection<K,V>' (https://learn.microsoft.com/dotnet/fundamentals/code-analysis/quality-rules/ca1002) [C:\Projects\Hazina\src\Core\Agents\Hazina.Generator\Hazina.Generator.csproj::TargetFramework=net9.0]
C:\Projects\Hazina\src\Core\Agents\Hazina.Generator\Models\UpdateStoreResponse.cs(3,14): warning MA0047: Declare type 'UpdateStoreResponse' in a namespace (https://github.com/meziantou/Meziantou.Analyzer/blob/main/docs/Rules/MA0047.md) [C:\Projects\Hazina\src\Core\Agents\Hazina.Generator\Hazina.Generator.csproj::TargetFramework=net9.0]
C:\Projects\Hazina\src\Core\Agents\Hazina.Generator\Interfaces\IDocumentGenerator.cs(5,31): warning S4136: All 'GetResponse' method overloads should be adjacent. (https://rules.sonarsource.com/csharp/RSPEC-4136) [C:\Projects\Hazina\src\Core\Agents\Hazina.Generator\Hazina.Generator.csproj::TargetFramework=net9.0]
C:\Projects\Hazina\src\Core\Agents\Hazina.Generator\Interfaces\IDocumentGenerator.cs(6,31): warning S4136: All 'StreamResponse' method overloads should be adjacent. (https://rules.sonarsource.com/csharp/RSPEC-4136) [C:\Projects\Hazina\src\Core\Agents\Hazina.Generator\Hazina.Generator.csproj::TargetFramework=net9.0]
C:\Projects\Hazina\src\Core\Agents\Hazina.Generator\Models\StoreSafetyPolicyViolationException.cs(1,1): warning SA1514: Element documentation header should be preceded by blank line (https://github.com/DotNetAnalyzers/StyleCopAnalyzers/blob/master/documentation/SA1514.md) [C:\Projects\Hazina\src\Core\Agents\Hazina.Generator\Hazina.Generator.csproj::TargetFramework=net9.0]
C:\Projects\Hazina\src\Core\Agents\Hazina.Generator\Models\UpdateStoreResponse.cs(7,41): warning CA2227: Change 'Modifications' to be read-only by removing the property setter (https://learn.microsoft.com/dotnet/fundamentals/code-analysis/quality-rules/ca2227) [C:\Projects\Hazina\src\Core\Agents\Hazina.Generator\Hazina.Generator.csproj::TargetFramework=net9.0]
C:\Projects\Hazina\src\Core\Agents\Hazina.Generator\Models\UpdateStoreResponse.cs(7,41): warning CA1002: Change 'List<ModifyDocumentRequest>' in 'UpdateStoreResponse.Modifications' to use 'Collection<T>', 'ReadOnlyCollection<T>' or 'KeyedCollection<K,V>' (https://learn.microsoft.com/dotnet/fundamentals/code-analysis/quality-rules/ca1002) [C:\Projects\Hazina\src\Core\Agents\Hazina.Generator\Hazina.Generator.csproj::TargetFramework=net9.0]
C:\Projects\Hazina\src\Core\Agents\Hazina.Generator\Models\UpdateStoreResponse.cs(7,12): warning MA0016: Prefer using collection abstraction instead of implementation (https://github.com/meziantou/Meziantou.Analyzer/blob/main/docs/Rules/MA0016.md) [C:\Projects\Hazina\src\Core\Agents\Hazina.Generator\Hazina.Generator.csproj::TargetFramework=net9.0]
C:\Projects\Hazina\src\Core\Agents\Hazina.Generator\Models\UpdateStoreResponse.cs(6,12): warning MA0016: Prefer using collection abstraction instead of implementation (https://github.com/meziantou/Meziantou.Analyzer/blob/main/docs/Rules/MA0016.md) [C:\Projects\Hazina\src\Core\Agents\Hazina.Generator\Hazina.Generator.csproj::TargetFramework=net9.0]
C:\Projects\Hazina\src\Core\Agents\Hazina.Generator\Models\StoreSafetyPolicy.cs(1,1): warning SA1514: Element documentation header should be preceded by blank line (https://github.com/DotNetAnalyzers/StyleCopAnalyzers/blob/master/documentation/SA1514.md) [C:\Projects\Hazina\src\Core\Agents\Hazina.Generator\Hazina.Generator.csproj::TargetFramework=net9.0]
C:\Projects\Hazina\src\Core\Agents\Hazina.Generator\Interfaces\IDocumentGenerator.cs(6,1): warning SA1516: Elements should be separated by blank line (https://github.com/DotNetAnalyzers/StyleCopAnalyzers/blob/master/documentation/SA1516.md) [C:\Projects\Hazina\src\Core\Agents\Hazina.Generator\Hazina.Generator.csproj::TargetFramework=net9.0]
C:\Projects\Hazina\src\Core\Agents\Hazina.Generator\Interfaces\IDocumentGenerator.cs(7,1): warning SA1516: Elements should be separated by blank line (https://github.com/DotNetAnalyzers/StyleCopAnalyzers/blob/master/documentation/SA1516.md) [C:\Projects\Hazina\src\Core\Agents\Hazina.Generator\Hazina.Generator.csproj::TargetFramework=net9.0]
C:\Projects\Hazina\src\Core\Agents\Hazina.Generator\Interfaces\IDocumentGenerator.cs(8,1): warning SA1516: Elements should be separated by blank line (https://github.com/DotNetAnalyzers/StyleCopAnalyzers/blob/master/documentation/SA1516.md) [C:\Projects\Hazina\src\Core\Agents\Hazina.Generator\Hazina.Generator.csproj::TargetFramework=net9.0]
C:\Projects\Hazina\src\Core\Agents\Hazina.Generator\Interfaces\IDocumentGenerator.cs(9,1): warning SA1516: Elements should be separated by blank line (https://github.com/DotNetAnalyzers/StyleCopAnalyzers/blob/master/documentation/SA1516.md) [C:\Projects\Hazina\src\Core\Agents\Hazina.Generator\Hazina.Generator.csproj::TargetFramework=net9.0]
C:\Projects\Hazina\src\Core\Agents\Hazina.Generator\Interfaces\IDocumentGenerator.cs(10,1): warning SA1516: Elements should be separated by blank line (https://github.com/DotNetAnalyzers/StyleCopAnalyzers/blob/master/documentation/SA1516.md) [C:\Projects\Hazina\src\Core\Agents\Hazina.Generator\Hazina.Generator.csproj::TargetFramework=net9.0]
C:\Projects\Hazina\src\Core\Agents\Hazina.Generator\Models\UpdateStoreResponse.cs(3,14): warning S3903: Move 'UpdateStoreResponse' into a named namespace. (https://rules.sonarsource.com/csharp/RSPEC-3903) [C:\Projects\Hazina\src\Core\Agents\Hazina.Generator\Hazina.Generator.csproj::TargetFramework=net9.0]
C:\Projects\Hazina\src\Core\Agents\Hazina.Generator\Core\DocumentGenerator.cs(17,36): warning CA2227: Change 'ReadonlyStores' to be read-only by removing the property setter (https://learn.microsoft.com/dotnet/fundamentals/code-analysis/quality-rules/ca2227) [C:\Projects\Hazina\src\Core\Agents\Hazina.Generator\Hazina.Generator.csproj::TargetFramework=net9.0]
C:\Projects\Hazina\src\Core\Agents\Hazina.Generator\Core\DocumentGenerator.cs(17,36): warning CA1002: Change 'List<IDocumentStore>' in 'DocumentGenerator.ReadonlyStores' to use 'Collection<T>', 'ReadOnlyCollection<T>' or 'KeyedCollection<K,V>' (https://learn.microsoft.com/dotnet/fundamentals/code-analysis/quality-rules/ca1002) [C:\Projects\Hazina\src\Core\Agents\Hazina.Generator\Hazina.Generator.csproj::TargetFramework=net9.0]
C:\Projects\Hazina\src\Core\Agents\Hazina.Generator\Core\DocumentGenerator.cs(17,15): warning MA0016: Prefer using collection abstraction instead of implementation (https://github.com/meziantou/Meziantou.Analyzer/blob/main/docs/Rules/MA0016.md) [C:\Projects\Hazina\src\Core\Agents\Hazina.Generator\Hazina.Generator.csproj::TargetFramework=net9.0]
C:\Projects\Hazina\src\Core\Agents\Hazina.Generator\Models\UpdateStoreResponse.cs(6,1): warning SA1516: Elements should be separated by blank line (https://github.com/DotNetAnalyzers/StyleCopAnalyzers/blob/master/documentation/SA1516.md) [C:\Projects\Hazina\src\Core\Agents\Hazina.Generator\Hazina.Generator.csproj::TargetFramework=net9.0]
C:\Projects\Hazina\src\Core\Agents\Hazina.Generator\Models\UpdateStoreResponse.cs(7,1): warning SA1516: Elements should be separated by blank line (https://github.com/DotNetAnalyzers/StyleCopAnalyzers/blob/master/documentation/SA1516.md) [C:\Projects\Hazina\src\Core\Agents\Hazina.Generator\Hazina.Generator.csproj::TargetFramework=net9.0]
C:\Projects\Hazina\src\Core\Agents\Hazina.Generator\Models\UpdateStoreResponse.cs(8,1): warning SA1516: Elements should be separated by blank line (https://github.com/DotNetAnalyzers/StyleCopAnalyzers/blob/master/documentation/SA1516.md) [C:\Projects\Hazina\src\Core\Agents\Hazina.Generator\Hazina.Generator.csproj::TargetFramework=net9.0]
C:\Projects\Hazina\src\Core\Agents\Hazina.Generator\Models\UpdateStoreResponse.cs(8,51): warning SA1122: Use string.Empty for empty strings (https://github.com/DotNetAnalyzers/StyleCopAnalyzers/blob/master/documentation/SA1122.md) [C:\Projects\Hazina\src\Core\Agents\Hazina.Generator\Hazina.Generator.csproj::TargetFramework=net9.0]
C:\Projects\Hazina\src\Core\Agents\Hazina.Generator\Core\DocumentGenerator.cs(14,14): warning CA1050: Declare types in namespaces (https://learn.microsoft.com/dotnet/fundamentals/code-analysis/quality-rules/ca1050) [C:\Projects\Hazina\src\Core\Agents\Hazina.Generator\Hazina.Generator.csproj::TargetFramework=net9.0]
C:\Projects\Hazina\src\Core\Agents\Hazina.Generator\Core\DocumentGenerator.cs(14,14): warning MA0047: Declare type 'DocumentGenerator' in a namespace (https://github.com/meziantou/Meziantou.Analyzer/blob/main/docs/Rules/MA0047.md) [C:\Projects\Hazina\src\Core\Agents\Hazina.Generator\Hazina.Generator.csproj::TargetFramework=net9.0]
C:\Projects\Hazina\src\Core\Agents\Hazina.Generator\Interfaces\IDocumentGenerator.cs(7,38): warning CA1068: Method 'IDocumentGenerator.GetResponse<ResponseType>(string, System.Threading.CancellationToken, System.Collections.Generic.IEnumerable<HazinaChatMessage>?, bool, bool, Hazina.LLMs.IToolsContext, System.Collections.Generic.List<ImageData>)' should take CancellationToken as the last parameter (https://learn.microsoft.com/dotnet/fundamentals/code-analysis/quality-rules/ca1068) [C:\Projects\Hazina\src\Core\Agents\Hazina.Generator\Hazina.Generator.csproj::TargetFramework=net9.0]
C:\Projects\Hazina\src\Core\Agents\Hazina.Generator\Interfaces\IDocumentGenerator.cs(8,38): warning CA1068: Method 'IDocumentGenerator.StreamResponse<ResponseType>(string, System.Threading.CancellationToken, System.Action<string>, System.Collections.Generic.IEnumerable<HazinaChatMessage>?, bool, bool, Hazina.LLMs.IToolsContext, System.Collections.Generic.List<ImageData>)' should take CancellationToken as the last parameter (https://learn.microsoft.com/dotnet/fundamentals/code-analysis/quality-rules/ca1068) [C:\Projects\Hazina\src\Core\Agents\Hazina.Generator\Hazina.Generator.csproj::TargetFramework=net9.0]
C:\Projects\Hazina\src\Core\Agents\Hazina.Generator\Interfaces\IDocumentGenerator.cs(9,31): warning CA1068: Method 'IDocumentGenerator.UpdateStore(string, System.Threading.CancellationToken, System.Collections.Generic.IEnumerable<HazinaChatMessage>?, bool, bool, Hazina.LLMs.IToolsContext, System.Collections.Generic.List<ImageData>)' should take CancellationToken as the last parameter (https://learn.microsoft.com/dotnet/fundamentals/code-analysis/quality-rules/ca1068) [C:\Projects\Hazina\src\Core\Agents\Hazina.Generator\Hazina.Generator.csproj::TargetFramework=net9.0]
C:\Projects\Hazina\src\Core\Agents\Hazina.Generator\Interfaces\IDocumentGenerator.cs(10,31): warning CA1068: Method 'IDocumentGenerator.StreamUpdateStore(string, System.Threading.CancellationToken, System.Action<string>, System.Collections.Generic.IEnumerable<HazinaChatMessage>?, bool, bool, Hazina.LLMs.IToolsContext, System.Collections.Generic.List<ImageData>)' should take CancellationToken as the last parameter (https://learn.microsoft.com/dotnet/fundamentals/code-analysis/quality-rules/ca1068) [C:\Projects\Hazina\src\Core\Agents\Hazina.Generator\Hazina.Generator.csproj::TargetFramework=net9.0]
C:\Projects\Hazina\src\Core\Agents\Hazina.Generator\Interfaces\IDocumentGenerator.cs(8,271): warning CA1002: Change 'List<ImageData>' in 'IDocumentGenerator.StreamResponse<ResponseType>(string, CancellationToken, Action<string>, IEnumerable<HazinaChatMessage>, bool, bool, IToolsContext, List<ImageData>)' to use 'Collection<T>', 'ReadOnlyCollection<T>' or 'KeyedCollection<K,V>' (https://learn.microsoft.com/dotnet/fundamentals/code-analysis/quality-rules/ca1002) [C:\Projects\Hazina\src\Core\Agents\Hazina.Generator\Hazina.Generator.csproj::TargetFramework=net9.0]
C:\Projects\Hazina\src\Core\Agents\Hazina.Generator\Interfaces\IDocumentGenerator.cs(9,215): warning CA1002: Change 'List<ImageData>' in 'IDocumentGenerator.UpdateStore(string, CancellationToken, IEnumerable<HazinaChatMessage>, bool, bool, IToolsContext, List<ImageData>)' to use 'Collection<T>', 'ReadOnlyCollection<T>' or 'KeyedCollection<K,V>' (https://learn.microsoft.com/dotnet/fundamentals/code-analysis/quality-rules/ca1002) [C:\Projects\Hazina\src\Core\Agents\Hazina.Generator\Hazina.Generator.csproj::TargetFramework=net9.0]
C:\Projects\Hazina\src\Core\Agents\Hazina.Generator\Interfaces\IDocumentGenerator.cs(10,253): warning CA1002: Change 'List<ImageData>' in 'IDocumentGenerator.StreamUpdateStore(string, CancellationToken, Action<string>, IEnumerable<HazinaChatMessage>, bool, bool, IToolsContext, List<ImageData>)' to use 'Collection<T>', 'ReadOnlyCollection<T>' or 'KeyedCollection<K,V>' (https://learn.microsoft.com/dotnet/fundamentals/code-analysis/quality-rules/ca1002) [C:\Projects\Hazina\src\Core\Agents\Hazina.Generator\Hazina.Generator.csproj::TargetFramework=net9.0]
C:\Projects\Hazina\src\Core\Agents\Hazina.Generator\Interfaces\IDocumentGenerator.cs(8,53): warning CA1715: Prefix generic type parameter name ResponseType with 'T' (https://learn.microsoft.com/dotnet/fundamentals/code-analysis/quality-rules/ca1715) [C:\Projects\Hazina\src\Core\Agents\Hazina.Generator\Hazina.Generator.csproj::TargetFramework=net9.0]
C:\Projects\Hazina\src\Core\Agents\Hazina.Generator\Interfaces\IDocumentGenerator.cs(7,236): warning CA1002: Change 'List<ImageData>' in 'IDocumentGenerator.GetResponse<ResponseType>(string, CancellationToken, IEnumerable<HazinaChatMessage>, bool, bool, IToolsContext, List<ImageData>)' to use 'Collection<T>', 'ReadOnlyCollection<T>' or 'KeyedCollection<K,V>' (https://learn.microsoft.com/dotnet/fundamentals/code-analysis/quality-rules/ca1002) [C:\Projects\Hazina\src\Core\Agents\Hazina.Generator\Hazina.Generator.csproj::TargetFramework=net9.0]
C:\Projects\Hazina\src\Core\Agents\Hazina.Generator\Interfaces\IDocumentGenerator.cs(5,31): warning CA1068: Method 'IDocumentGenerator.GetResponse(string, System.Threading.CancellationToken, System.Collections.Generic.IEnumerable<HazinaChatMessage>?, bool, bool, Hazina.LLMs.IToolsContext, System.Collections.Generic.List<ImageData>)' should take CancellationToken as the last parameter (https://learn.microsoft.com/dotnet/fundamentals/code-analysis/quality-rules/ca1068) [C:\Projects\Hazina\src\Core\Agents\Hazina.Generator\Hazina.Generator.csproj::TargetFramework=net9.0]
C:\Projects\Hazina\src\Core\Agents\Hazina.Generator\Interfaces\IDocumentGenerator.cs(5,215): warning CA1002: Change 'List<ImageData>' in 'IDocumentGenerator.GetResponse(string, CancellationToken, IEnumerable<HazinaChatMessage>, bool, bool, IToolsContext, List<ImageData>)' to use 'Collection<T>', 'ReadOnlyCollection<T>' or 'KeyedCollection<K,V>' (https://learn.microsoft.com/dotnet/fundamentals/code-analysis/quality-rules/ca1002) [C:\Projects\Hazina\src\Core\Agents\Hazina.Generator\Hazina.Generator.csproj::TargetFramework=net9.0]
C:\Projects\Hazina\src\Core\Agents\Hazina.Generator\Interfaces\IDocumentGenerator.cs(7,50): warning CA1715: Prefix generic type parameter name ResponseType with 'T' (https://learn.microsoft.com/dotnet/fundamentals/code-analysis/quality-rules/ca1715) [C:\Projects\Hazina\src\Core\Agents\Hazina.Generator\Hazina.Generator.csproj::TargetFramework=net9.0]
C:\Projects\Hazina\src\Core\Agents\Hazina.Generator\Interfaces\IDocumentGenerator.cs(5,199): warning MA0016: Prefer using collection abstraction instead of implementation (https://github.com/meziantou/Meziantou.Analyzer/blob/main/docs/Rules/MA0016.md) [C:\Projects\Hazina\src\Core\Agents\Hazina.Generator\Hazina.Generator.csproj::TargetFramework=net9.0]
C:\Projects\Hazina\src\Core\Agents\Hazina.Generator\Interfaces\IDocumentGenerator.cs(10,237): warning MA0016: Prefer using collection abstraction instead of implementation (https://github.com/meziantou/Meziantou.Analyzer/blob/main/docs/Rules/MA0016.md) [C:\Projects\Hazina\src\Core\Agents\Hazina.Generator\Hazina.Generator.csproj::TargetFramework=net9.0]
C:\Projects\Hazina\src\Core\Agents\Hazina.Generator\Interfaces\IDocumentGenerator.cs(9,199): warning MA0016: Prefer using collection abstraction instead of implementation (https://github.com/meziantou/Meziantou.Analyzer/blob/main/docs/Rules/MA0016.md) [C:\Projects\Hazina\src\Core\Agents\Hazina.Generator\Hazina.Generator.csproj::TargetFramework=net9.0]
C:\Projects\Hazina\src\Core\Agents\Hazina.Generator\Interfaces\IDocumentGenerator.cs(6,31): warning CA1068: Method 'IDocumentGenerator.StreamResponse(string, System.Threading.CancellationToken, System.Action<string>, System.Collections.Generic.IEnumerable<HazinaChatMessage>?, bool, bool, Hazina.LLMs.IToolsContext, System.Collections.Generic.List<ImageData>)' should take CancellationToken as the last parameter (https://learn.microsoft.com/dotnet/fundamentals/code-analysis/quality-rules/ca1068) [C:\Projects\Hazina\src\Core\Agents\Hazina.Generator\Hazina.Generator.csproj::TargetFramework=net9.0]
C:\Projects\Hazina\src\Core\Agents\Hazina.Generator\Interfaces\IDocumentGenerator.cs(6,250): warning CA1002: Change 'List<ImageData>' in 'IDocumentGenerator.StreamResponse(string, CancellationToken, Action<string>, IEnumerable<HazinaChatMessage>, bool, bool, IToolsContext, List<ImageData>)' to use 'Collection<T>', 'ReadOnlyCollection<T>' or 'KeyedCollection<K,V>' (https://learn.microsoft.com/dotnet/fundamentals/code-analysis/quality-rules/ca1002) [C:\Projects\Hazina\src\Core\Agents\Hazina.Generator\Hazina.Generator.csproj::TargetFramework=net9.0]
C:\Projects\Hazina\src\Core\Agents\Hazina.Generator\Interfaces\IDocumentGenerator.cs(6,234): warning MA0016: Prefer using collection abstraction instead of implementation (https://github.com/meziantou/Meziantou.Analyzer/blob/main/docs/Rules/MA0016.md) [C:\Projects\Hazina\src\Core\Agents\Hazina.Generator\Hazina.Generator.csproj::TargetFramework=net9.0]
C:\Projects\Hazina\src\Core\Agents\Hazina.Generator\Interfaces\IDocumentGenerator.cs(8,255): warning MA0016: Prefer using collection abstraction instead of implementation (https://github.com/meziantou/Meziantou.Analyzer/blob/main/docs/Rules/MA0016.md) [C:\Projects\Hazina\src\Core\Agents\Hazina.Generator\Hazina.Generator.csproj::TargetFramework=net9.0]
C:\Projects\Hazina\src\Core\Agents\Hazina.Generator\Core\DocumentGenerator.cs(28,30): warning SA1623: The property's documentation summary text should begin with: 'Gets or sets' (https://github.com/DotNetAnalyzers/StyleCopAnalyzers/blob/master/documentation/SA1623.md) [C:\Projects\Hazina\src\Core\Agents\Hazina.Generator\Hazina.Generator.csproj::TargetFramework=net9.0]
C:\Projects\Hazina\src\Core\Agents\Hazina.Generator\Core\DocumentGenerator.cs(20,36): warning CA2227: Change 'BaseMessages' to be read-only by removing the property setter (https://learn.microsoft.com/dotnet/fundamentals/code-analysis/quality-rules/ca2227) [C:\Projects\Hazina\src\Core\Agents\Hazina.Generator\Hazina.Generator.csproj::TargetFramework=net9.0]
C:\Projects\Hazina\src\Core\Agents\Hazina.Generator\Core\DocumentGenerator.cs(189,22): warning SA1025: Code should not contain multiple whitespace characters in a row (https://github.com/DotNetAnalyzers/StyleCopAnalyzers/blob/master/documentation/SA1025.md) [C:\Projects\Hazina\src\Core\Agents\Hazina.Generator\Hazina.Generator.csproj::TargetFramework=net9.0]
C:\Projects\Hazina\src\Core\Agents\Hazina.Generator\Interfaces\IDocumentGenerator.cs(7,220): warning MA0016: Prefer using collection abstraction instead of implementation (https://github.com/meziantou/Meziantou.Analyzer/blob/main/docs/Rules/MA0016.md) [C:\Projects\Hazina\src\Core\Agents\Hazina.Generator\Hazina.Generator.csproj::TargetFramework=net9.0]
C:\Projects\Hazina\src\Core\Agents\Hazina.Generator\Core\DocumentGenerator.cs(20,36): warning CA1002: Change 'List<HazinaChatMessage>' in 'DocumentGenerator.BaseMessages' to use 'Collection<T>', 'ReadOnlyCollection<T>' or 'KeyedCollection<K,V>' (https://learn.microsoft.com/dotnet/fundamentals/code-analysis/quality-rules/ca1002) [C:\Projects\Hazina\src\Core\Agents\Hazina.Generator\Hazina.Generator.csproj::TargetFramework=net9.0]
C:\Projects\Hazina\src\Core\Agents\Hazina.Generator\Interfaces\IDocumentGenerator.cs(8,53): warning SA1314: Type parameter names should begin with T (https://github.com/DotNetAnalyzers/StyleCopAnalyzers/blob/master/documentation/SA1314.md) [C:\Projects\Hazina\src\Core\Agents\Hazina.Generator\Hazina.Generator.csproj::TargetFramework=net9.0]
C:\Projects\Hazina\src\Core\Agents\Hazina.Generator\Interfaces\IDocumentGenerator.cs(8,279): warning SA1127: Generic type constraints should be on their own line (https://github.com/DotNetAnalyzers/StyleCopAnalyzers/blob/master/documentation/SA1127.md) [C:\Projects\Hazina\src\Core\Agents\Hazina.Generator\Hazina.Generator.csproj::TargetFramework=net9.0]
C:\Projects\Hazina\src\Core\Agents\Hazina.Generator\Core\DocumentGenerator.cs(20,12): warning MA0016: Prefer using collection abstraction instead of implementation (https://github.com/meziantou/Meziantou.Analyzer/blob/main/docs/Rules/MA0016.md) [C:\Projects\Hazina\src\Core\Agents\Hazina.Generator\Hazina.Generator.csproj::TargetFramework=net9.0]
C:\Projects\Hazina\src\Core\Agents\Hazina.Generator\Interfaces\IDocumentGenerator.cs(7,50): warning SA1314: Type parameter names should begin with T (https://github.com/DotNetAnalyzers/StyleCopAnalyzers/blob/master/documentation/SA1314.md) [C:\Projects\Hazina\src\Core\Agents\Hazina.Generator\Hazina.Generator.csproj::TargetFramework=net9.0]
C:\Projects\Hazina\src\Core\Agents\Hazina.Generator\Interfaces\IDocumentGenerator.cs(7,244): warning SA1127: Generic type constraints should be on their own line (https://github.com/DotNetAnalyzers/StyleCopAnalyzers/blob/master/documentation/SA1127.md) [C:\Projects\Hazina\src\Core\Agents\Hazina.Generator\Hazina.Generator.csproj::TargetFramework=net9.0]
C:\Projects\Hazina\src\Core\Agents\Hazina.Generator\Core\DocumentGenerator.cs(30,29): warning CA1051: Do not declare visible instance fields (https://learn.microsoft.com/dotnet/fundamentals/code-analysis/quality-rules/ca1051) [C:\Projects\Hazina\src\Core\Agents\Hazina.Generator\Hazina.Generator.csproj::TargetFramework=net9.0]
C:\Projects\Hazina\src\Core\Agents\Hazina.Generator\Core\DocumentGenerator.cs(30,29): warning SA1401: Field should be private (https://github.com/DotNetAnalyzers/StyleCopAnalyzers/blob/master/documentation/SA1401.md) [C:\Projects\Hazina\src\Core\Agents\Hazina.Generator\Hazina.Generator.csproj::TargetFramework=net9.0]
C:\Projects\Hazina\src\Core\Agents\Hazina.Generator\Core\DocumentGenerator.cs(218,28): warning SA1028: Code should not contain trailing whitespace (https://github.com/DotNetAnalyzers/StyleCopAnalyzers/blob/master/documentation/SA1028.md) [C:\Projects\Hazina\src\Core\Agents\Hazina.Generator\Hazina.Generator.csproj::TargetFramework=net9.0]
C:\Projects\Hazina\src\Core\Agents\Hazina.Generator\Core\Serializer.cs(1,1): warning S125: Remove this commented out code. (https://rules.sonarsource.com/csharp/RSPEC-125) [C:\Projects\Hazina\src\Core\Agents\Hazina.Generator\Hazina.Generator.csproj::TargetFramework=net9.0]
C:\Projects\Hazina\src\Core\Agents\Hazina.Generator\Core\Serializer.cs(1,1): warning SA1633: The file header XML is invalid. (https://github.com/DotNetAnalyzers/StyleCopAnalyzers/blob/master/documentation/SA1633.md) [C:\Projects\Hazina\src\Core\Agents\Hazina.Generator\Hazina.Generator.csproj::TargetFramework=net9.0]
C:\Projects\Hazina\src\Core\Agents\Hazina.Generator\Core\Serializer.cs(1,1): warning SA1005: Single line comment should begin with a space (https://github.com/DotNetAnalyzers/StyleCopAnalyzers/blob/master/documentation/SA1005.md) [C:\Projects\Hazina\src\Core\Agents\Hazina.Generator\Hazina.Generator.csproj::TargetFramework=net9.0]
C:\Projects\Hazina\src\Core\Agents\Hazina.Generator\Core\Serializer.cs(2,1): warning SA1005: Single line comment should begin with a space (https://github.com/DotNetAnalyzers/StyleCopAnalyzers/blob/master/documentation/SA1005.md) [C:\Projects\Hazina\src\Core\Agents\Hazina.Generator\Hazina.Generator.csproj::TargetFramework=net9.0]
C:\Projects\Hazina\src\Core\Agents\Hazina.Generator\Core\Serializer.cs(4,1): warning SA1005: Single line comment should begin with a space (https://github.com/DotNetAnalyzers/StyleCopAnalyzers/blob/master/documentation/SA1005.md) [C:\Projects\Hazina\src\Core\Agents\Hazina.Generator\Hazina.Generator.csproj::TargetFramework=net9.0]
C:\Projects\Hazina\src\Core\Agents\Hazina.Generator\Core\Serializer.cs(5,1): warning SA1005: Single line comment should begin with a space (https://github.com/DotNetAnalyzers/StyleCopAnalyzers/blob/master/documentation/SA1005.md) [C:\Projects\Hazina\src\Core\Agents\Hazina.Generator\Hazina.Generator.csproj::TargetFramework=net9.0]
C:\Projects\Hazina\src\Core\Agents\Hazina.Generator\Core\Serializer.cs(22,1): warning SA1005: Single line comment should begin with a space (https://github.com/DotNetAnalyzers/StyleCopAnalyzers/blob/master/documentation/SA1005.md) [C:\Projects\Hazina\src\Core\Agents\Hazina.Generator\Hazina.Generator.csproj::TargetFramework=net9.0]
C:\Projects\Hazina\src\Core\Agents\Hazina.Generator\Core\Serializer.cs(32,1): warning SA1005: Single line comment should begin with a space (https://github.com/DotNetAnalyzers/StyleCopAnalyzers/blob/master/documentation/SA1005.md) [C:\Projects\Hazina\src\Core\Agents\Hazina.Generator\Hazina.Generator.csproj::TargetFramework=net9.0]
C:\Projects\Hazina\src\Core\Agents\Hazina.Generator\Core\Serializer.cs(40,1): warning SA1005: Single line comment should begin with a space (https://github.com/DotNetAnalyzers/StyleCopAnalyzers/blob/master/documentation/SA1005.md) [C:\Projects\Hazina\src\Core\Agents\Hazina.Generator\Hazina.Generator.csproj::TargetFramework=net9.0]
C:\Projects\Hazina\src\Core\Agents\Hazina.Generator\Core\Serializer.cs(57,1): warning SA1005: Single line comment should begin with a space (https://github.com/DotNetAnalyzers/StyleCopAnalyzers/blob/master/documentation/SA1005.md) [C:\Projects\Hazina\src\Core\Agents\Hazina.Generator\Hazina.Generator.csproj::TargetFramework=net9.0]
C:\Projects\Hazina\src\Core\Agents\Hazina.Generator\Core\Serializer.cs(78,1): warning SA1005: Single line comment should begin with a space (https://github.com/DotNetAnalyzers/StyleCopAnalyzers/blob/master/documentation/SA1005.md) [C:\Projects\Hazina\src\Core\Agents\Hazina.Generator\Hazina.Generator.csproj::TargetFramework=net9.0]
C:\Projects\Hazina\src\Core\Agents\Hazina.Generator\Core\Serializer.cs(44,29): warning SA1028: Code should not contain trailing whitespace (https://github.com/DotNetAnalyzers/StyleCopAnalyzers/blob/master/documentation/SA1028.md) [C:\Projects\Hazina\src\Core\Agents\Hazina.Generator\Hazina.Generator.csproj::TargetFramework=net9.0]
C:\Projects\Hazina\src\Core\Agents\Hazina.Generator\Core\Serializer.cs(45,49): warning SA1028: Code should not contain trailing whitespace (https://github.com/DotNetAnalyzers/StyleCopAnalyzers/blob/master/documentation/SA1028.md) [C:\Projects\Hazina\src\Core\Agents\Hazina.Generator\Hazina.Generator.csproj::TargetFramework=net9.0]
C:\Projects\Hazina\src\Core\Agents\Hazina.Generator\Core\Serializer.cs(63,56): warning SA1028: Code should not contain trailing whitespace (https://github.com/DotNetAnalyzers/StyleCopAnalyzers/blob/master/documentation/SA1028.md) [C:\Projects\Hazina\src\Core\Agents\Hazina.Generator\Hazina.Generator.csproj::TargetFramework=net9.0]
C:\Projects\Hazina\src\Core\Agents\Hazina.Generator\Core\Serializer.cs(64,28): warning SA1028: Code should not contain trailing whitespace (https://github.com/DotNetAnalyzers/StyleCopAnalyzers/blob/master/documentation/SA1028.md) [C:\Projects\Hazina\src\Core\Agents\Hazina.Generator\Hazina.Generator.csproj::TargetFramework=net9.0]
C:\Projects\Hazina\src\Core\Agents\Hazina.Generator\Core\DocumentGenerator.cs(30,29): warning S1104: Make this field 'private' and encapsulate it in a 'public' property. (https://rules.sonarsource.com/csharp/RSPEC-1104) [C:\Projects\Hazina\src\Core\Agents\Hazina.Generator\Hazina.Generator.csproj::TargetFramework=net9.0]
C:\Projects\Hazina\src\Core\Agents\Hazina.Generator\Interfaces\IDocumentGenerator.cs(1,1): warning SA1633: The file header is missing or not located at the top of the file. (https://github.com/DotNetAnalyzers/StyleCopAnalyzers/blob/master/documentation/SA1633.md) [C:\Projects\Hazina\src\Core\Agents\Hazina.Generator\Hazina.Generator.csproj::TargetFramework=net9.0]
C:\Projects\Hazina\src\Core\Agents\Hazina.Generator\Interfaces\ISerializer.cs(2,1): warning S125: Remove this commented out code. (https://rules.sonarsource.com/csharp/RSPEC-125) [C:\Projects\Hazina\src\Core\Agents\Hazina.Generator\Hazina.Generator.csproj::TargetFramework=net9.0]
C:\Projects\Hazina\src\Core\Agents\Hazina.Generator\Interfaces\ISerializer.cs(1,1): warning SA1633: The file header XML is invalid. (https://github.com/DotNetAnalyzers/StyleCopAnalyzers/blob/master/documentation/SA1633.md) [C:\Projects\Hazina\src\Core\Agents\Hazina.Generator\Hazina.Generator.csproj::TargetFramework=net9.0]
C:\Projects\Hazina\src\Core\Agents\Hazina.Generator\Interfaces\ISerializer.cs(8,4): warning SA1518: File is required to end with a single newline character (https://github.com/DotNetAnalyzers/StyleCopAnalyzers/blob/master/documentation/SA1518.md) [C:\Projects\Hazina\src\Core\Agents\Hazina.Generator\Hazina.Generator.csproj::TargetFramework=net9.0]
C:\Projects\Hazina\src\Core\Agents\Hazina.Generator\Interfaces\ISerializer.cs(1,1): warning SA1005: Single line comment should begin with a space (https://github.com/DotNetAnalyzers/StyleCopAnalyzers/blob/master/documentation/SA1005.md) [C:\Projects\Hazina\src\Core\Agents\Hazina.Generator\Hazina.Generator.csproj::TargetFramework=net9.0]
C:\Projects\Hazina\src\Core\Agents\Hazina.Generator\Interfaces\ISerializer.cs(2,1): warning SA1005: Single line comment should begin with a space (https://github.com/DotNetAnalyzers/StyleCopAnalyzers/blob/master/documentation/SA1005.md) [C:\Projects\Hazina\src\Core\Agents\Hazina.Generator\Hazina.Generator.csproj::TargetFramework=net9.0]
C:\Projects\Hazina\src\Core\Agents\Hazina.Generator\Interfaces\ISerializer.cs(8,1): warning SA1005: Single line comment should begin with a space (https://github.com/DotNetAnalyzers/StyleCopAnalyzers/blob/master/documentation/SA1005.md) [C:\Projects\Hazina\src\Core\Agents\Hazina.Generator\Hazina.Generator.csproj::TargetFramework=net9.0]
C:\Projects\Hazina\src\Core\Agents\Hazina.Generator\Models\DeleteDocumentRequest.cs(1,1): warning SA1633: The file header is missing or not located at the top of the file. (https://github.com/DotNetAnalyzers/StyleCopAnalyzers/blob/master/documentation/SA1633.md) [C:\Projects\Hazina\src\Core\Agents\Hazina.Generator\Hazina.Generator.csproj::TargetFramework=net9.0]
C:\Projects\Hazina\src\Core\Agents\Hazina.Generator\Models\DeleteDocumentRequest.cs(6,14): warning SA1402: File may only contain a single type (https://github.com/DotNetAnalyzers/StyleCopAnalyzers/blob/master/documentation/SA1402.md) [C:\Projects\Hazina\src\Core\Agents\Hazina.Generator\Hazina.Generator.csproj::TargetFramework=net9.0]
C:\Projects\Hazina\src\Core\Agents\Hazina.Generator\Models\ModifyDocumentRequest.cs(1,1): warning SA1633: The file header is missing or not located at the top of the file. (https://github.com/DotNetAnalyzers/StyleCopAnalyzers/blob/master/documentation/SA1633.md) [C:\Projects\Hazina\src\Core\Agents\Hazina.Generator\Hazina.Generator.csproj::TargetFramework=net9.0]
C:\Projects\Hazina\src\Core\Agents\Hazina.Generator\Models\StoreSafetyPolicy.cs(1,1): warning SA1633: The file header is missing or not located at the top of the file. (https://github.com/DotNetAnalyzers/StyleCopAnalyzers/blob/master/documentation/SA1633.md) [C:\Projects\Hazina\src\Core\Agents\Hazina.Generator\Hazina.Generator.csproj::TargetFramework=net9.0]
C:\Projects\Hazina\src\Core\Agents\Hazina.Generator\Core\DocumentGenerator.cs(14,14): warning S3903: Move 'DocumentGenerator' into a named namespace. (https://rules.sonarsource.com/csharp/RSPEC-3903) [C:\Projects\Hazina\src\Core\Agents\Hazina.Generator\Hazina.Generator.csproj::TargetFramework=net9.0]
C:\Projects\Hazina\src\Core\Agents\Hazina.Generator\Core\DocumentGenerator.cs(32,270): warning CA1002: Change 'List<ImageData>' in 'DocumentGenerator.GetImage(string, CancellationToken, [IEnumerable<HazinaChatMessage>], [bool], [bool], [IToolsContext], [List<ImageData>])' to use 'Collection<T>', 'ReadOnlyCollection<T>' or 'KeyedCollection<K,V>' (https://learn.microsoft.com/dotnet/fundamentals/code-analysis/quality-rules/ca1002) [C:\Projects\Hazina\src\Core\Agents\Hazina.Generator\Hazina.Generator.csproj::TargetFramework=net9.0]
C:\Projects\Hazina\src\Core\Agents\Hazina.Generator\Core\DocumentGenerator.cs(32,253): warning MA0016: Prefer using collection abstraction instead of implementation (https://github.com/meziantou/Meziantou.Analyzer/blob/main/docs/Rules/MA0016.md) [C:\Projects\Hazina\src\Core\Agents\Hazina.Generator\Hazina.Generator.csproj::TargetFramework=net9.0]
C:\Projects\Hazina\src\Core\Agents\Hazina.Generator\Core\DocumentGenerator.cs(61,44): warning S4136: All 'GetResponse' method overloads should be adjacent. (https://rules.sonarsource.com/csharp/RSPEC-4136) [C:\Projects\Hazina\src\Core\Agents\Hazina.Generator\Hazina.Generator.csproj::TargetFramework=net9.0]
C:\Projects\Hazina\src\Core\Agents\Hazina.Generator\Core\DocumentGenerator.cs(73,44): warning S4136: All 'StreamResponse' method overloads should be adjacent. (https://rules.sonarsource.com/csharp/RSPEC-4136) [C:\Projects\Hazina\src\Core\Agents\Hazina.Generator\Hazina.Generator.csproj::TargetFramework=net9.0]
C:\Projects\Hazina\src\Core\Agents\Hazina.Generator\Models\StoreSafetyPolicyViolationException.cs(6,64): warning SA1128: Put constructor initializers on their own line (https://github.com/DotNetAnalyzers/StyleCopAnalyzers/blob/master/documentation/SA1128.md) [C:\Projects\Hazina\src\Core\Agents\Hazina.Generator\Hazina.Generator.csproj::TargetFramework=net9.0]
C:\Projects\Hazina\src\Core\Agents\Hazina.Generator\Core\DocumentGenerator.cs(38,76): warning CA1002: Change 'List<HazinaChatMessage>' in 'DocumentGenerator.DocumentGenerator(IDocumentStore, List<HazinaChatMessage>, ILLMClient, List<IDocumentStore>)' to use 'Collection<T>', 'ReadOnlyCollection<T>' or 'KeyedCollection<K,V>' (https://learn.microsoft.com/dotnet/fundamentals/code-analysis/quality-rules/ca1002) [C:\Projects\Hazina\src\Core\Agents\Hazina.Generator\Hazina.Generator.csproj::TargetFramework=net9.0]
C:\Projects\Hazina\src\Core\Agents\Hazina.Generator\Core\DocumentGenerator.cs(38,130): warning CA1002: Change 'List<IDocumentStore>' in 'DocumentGenerator.DocumentGenerator(IDocumentStore, List<HazinaChatMessage>, ILLMClient, List<IDocumentStore>)' to use 'Collection<T>', 'ReadOnlyCollection<T>' or 'KeyedCollection<K,V>' (https://learn.microsoft.com/dotnet/fundamentals/code-analysis/quality-rules/ca1002) [C:\Projects\Hazina\src\Core\Agents\Hazina.Generator\Hazina.Generator.csproj::TargetFramework=net9.0]
C:\Projects\Hazina\src\Core\Agents\Hazina.Generator\Core\DocumentGenerator.cs(61,63): warning CA1725: In member Task<LLMResponse<string>> DocumentGenerator.GetResponse(string message, CancellationToken cancel, IEnumerable<HazinaChatMessage>? history = null, bool addRelevantDocuments = true, bool addFilesList = true, IToolsContext? toolsContext = null, List<ImageData>? images = null), change parameter name message to query in order to match the identifier as it has been declared in Task<LLMResponse<string>> IDocumentGenerator.GetResponse(string query, CancellationToken cancel, IEnumerable<HazinaChatMessage>? messages, bool addRelevantDocuments, bool addFilesList, IToolsContext toolsContext, List<ImageData> images) (https://learn.microsoft.com/dotnet/fundamentals/code-analysis/quality-rules/ca1725) [C:\Projects\Hazina\src\Core\Agents\Hazina.Generator\Hazina.Generator.csproj::TargetFramework=net9.0]
C:\Projects\Hazina\src\Core\Agents\Hazina.Generator\Core\DocumentGenerator.cs(49,76): warning CA1002: Change 'List<HazinaChatMessage>' in 'DocumentGenerator.DocumentGenerator(IDocumentStore, List<HazinaChatMessage>, ILLMClient, string, string, List<IDocumentStore>)' to use 'Collection<T>', 'ReadOnlyCollection<T>' or 'KeyedCollection<K,V>' (https://learn.microsoft.com/dotnet/fundamentals/code-analysis/quality-rules/ca1002) [C:\Projects\Hazina\src\Core\Agents\Hazina.Generator\Hazina.Generator.csproj::TargetFramework=net9.0]
C:\Projects\Hazina\src\Core\Agents\Hazina.Generator\Core\DocumentGenerator.cs(38,52): warning MA0016: Prefer using collection abstraction instead of implementation (https://github.com/meziantou/Meziantou.Analyzer/blob/main/docs/Rules/MA0016.md) [C:\Projects\Hazina\src\Core\Agents\Hazina.Generator\Hazina.Generator.csproj::TargetFramework=net9.0]
C:\Projects\Hazina\src\Core\Agents\Hazina.Generator\Core\DocumentGenerator.cs(38,109): warning MA0016: Prefer using collection abstraction instead of implementation (https://github.com/meziantou/Meziantou.Analyzer/blob/main/docs/Rules/MA0016.md) [C:\Projects\Hazina\src\Core\Agents\Hazina.Generator\Hazina.Generator.csproj::TargetFramework=net9.0]
C:\Projects\Hazina\src\Core\Agents\Hazina.Generator\Core\DocumentGenerator.cs(49,171): warning CA1002: Change 'List<IDocumentStore>' in 'DocumentGenerator.DocumentGenerator(IDocumentStore, List<HazinaChatMessage>, ILLMClient, string, string, List<IDocumentStore>)' to use 'Collection<T>', 'ReadOnlyCollection<T>' or 'KeyedCollection<K,V>' (https://learn.microsoft.com/dotnet/fundamentals/code-analysis/quality-rules/ca1002) [C:\Projects\Hazina\src\Core\Agents\Hazina.Generator\Hazina.Generator.csproj::TargetFramework=net9.0]
C:\Projects\Hazina\src\Core\Agents\Hazina.Generator\Core\DocumentGenerator.cs(61,130): warning CA1725: In member Task<LLMResponse<string>> DocumentGenerator.GetResponse(string message, CancellationToken cancel, IEnumerable<HazinaChatMessage>? history = null, bool addRelevantDocuments = true, bool addFilesList = true, IToolsContext? toolsContext = null, List<ImageData>? images = null), change parameter name history to messages in order to match the identifier as it has been declared in Task<LLMResponse<string>> IDocumentGenerator.GetResponse(string query, CancellationToken cancel, IEnumerable<HazinaChatMessage>? messages, bool addRelevantDocuments, bool addFilesList, IToolsContext toolsContext, List<ImageData> images) (https://learn.microsoft.com/dotnet/fundamentals/code-analysis/quality-rules/ca1725) [C:\Projects\Hazina\src\Core\Agents\Hazina.Generator\Hazina.Generator.csproj::TargetFramework=net9.0]
C:\Projects\Hazina\src\Core\Agents\Hazina.Generator\Core\DocumentGenerator.cs(49,52): warning MA0016: Prefer using collection abstraction instead of implementation (https://github.com/meziantou/Meziantou.Analyzer/blob/main/docs/Rules/MA0016.md) [C:\Projects\Hazina\src\Core\Agents\Hazina.Generator\Hazina.Generator.csproj::TargetFramework=net9.0]
C:\Projects\Hazina\src\Core\Agents\Hazina.Generator\Core\DocumentGenerator.cs(49,150): warning MA0016: Prefer using collection abstraction instead of implementation (https://github.com/meziantou/Meziantou.Analyzer/blob/main/docs/Rules/MA0016.md) [C:\Projects\Hazina\src\Core\Agents\Hazina.Generator\Hazina.Generator.csproj::TargetFramework=net9.0]
C:\Projects\Hazina\src\Core\Agents\Hazina.Generator\Models\StoreSafetyPolicy.cs(43,23): warning SA1503: Braces should not be omitted (https://github.com/DotNetAnalyzers/StyleCopAnalyzers/blob/master/documentation/SA1503.md) [C:\Projects\Hazina\src\Core\Agents\Hazina.Generator\Hazina.Generator.csproj::TargetFramework=net9.0]
C:\Projects\Hazina\src\Core\Agents\Hazina.Generator\Core\DocumentGenerator.cs(61,130): warning MA0061: Method overrides should not change default values (original: <no default value>; current: null) (https://github.com/meziantou/Meziantou.Analyzer/blob/main/docs/Rules/MA0061.md) [C:\Projects\Hazina\src\Core\Agents\Hazina.Generator\Hazina.Generator.csproj::TargetFramework=net9.0]
C:\Projects\Hazina\src\Core\Agents\Hazina.Generator\Core\DocumentGenerator.cs(61,151): warning MA0061: Method overrides should not change default values (original: <no default value>; current: 'True') (https://github.com/meziantou/Meziantou.Analyzer/blob/main/docs/Rules/MA0061.md) [C:\Projects\Hazina\src\Core\Agents\Hazina.Generator\Hazina.Generator.csproj::TargetFramework=net9.0]
C:\Projects\Hazina\src\Core\Agents\Hazina.Generator\Core\DocumentGenerator.cs(61,185): warning MA0061: Method overrides should not change default values (original: <no default value>; current: 'True') (https://github.com/meziantou/Meziantou.Analyzer/blob/main/docs/Rules/MA0061.md) [C:\Projects\Hazina\src\Core\Agents\Hazina.Generator\Hazina.Generator.csproj::TargetFramework=net9.0]
C:\Projects\Hazina\src\Core\Agents\Hazina.Generator\Core\DocumentGenerator.cs(61,221): warning MA0061: Method overrides should not change default values (original: <no default value>; current: null) (https://github.com/meziantou/Meziantou.Analyzer/blob/main/docs/Rules/MA0061.md) [C:\Projects\Hazina\src\Core\Agents\Hazina.Generator\Hazina.Generator.csproj::TargetFramework=net9.0]
C:\Projects\Hazina\src\Core\Agents\Hazina.Generator\Core\DocumentGenerator.cs(61,259): warning MA0061: Method overrides should not change default values (original: <no default value>; current: null) (https://github.com/meziantou/Meziantou.Analyzer/blob/main/docs/Rules/MA0061.md) [C:\Projects\Hazina\src\Core\Agents\Hazina.Generator\Hazina.Generator.csproj::TargetFramework=net9.0]
C:\Projects\Hazina\src\Core\Agents\Hazina.Generator\Models\StoreSafetyPolicy.cs(58,23): warning SA1503: Braces should not be omitted (https://github.com/DotNetAnalyzers/StyleCopAnalyzers/blob/master/documentation/SA1503.md) [C:\Projects\Hazina\src\Core\Agents\Hazina.Generator\Hazina.Generator.csproj::TargetFramework=net9.0]
C:\Projects\Hazina\src\Core\Agents\Hazina.Generator\Models\StoreSafetyPolicyViolationException.cs(1,1): warning SA1633: The file header is missing or not located at the top of the file. (https://github.com/DotNetAnalyzers/StyleCopAnalyzers/blob/master/documentation/SA1633.md) [C:\Projects\Hazina\src\Core\Agents\Hazina.Generator\Hazina.Generator.csproj::TargetFramework=net9.0]
C:\Projects\Hazina\src\Core\Agents\Hazina.Generator\Core\DocumentGenerator.cs(67,284): warning CA1002: Change 'List<ImageData>' in 'DocumentGenerator.GetResponse(IEnumerable<HazinaChatMessage>, CancellationToken, [IEnumerable<HazinaChatMessage>], [bool], [bool], [IToolsContext], [List<ImageData>])' to use 'Collection<T>', 'ReadOnlyCollection<T>' or 'KeyedCollection<K,V>' (https://learn.microsoft.com/dotnet/fundamentals/code-analysis/quality-rules/ca1002) [C:\Projects\Hazina\src\Core\Agents\Hazina.Generator\Hazina.Generator.csproj::TargetFramework=net9.0]
C:\Projects\Hazina\src\Core\Agents\Hazina.Generator\Core\DocumentGenerator.cs(79,44): warning CA1068: Method 'DocumentGenerator.StreamResponse(System.Collections.Generic.IEnumerable<HazinaChatMessage>, System.Threading.CancellationToken, System.Action<string>, System.Collections.Generic.IEnumerable<HazinaChatMessage>?, bool, bool, Hazina.LLMs.IToolsContext?, System.Collections.Generic.List<ImageData>?)' should take CancellationToken as the last parameter (https://learn.microsoft.com/dotnet/fundamentals/code-analysis/quality-rules/ca1068) [C:\Projects\Hazina\src\Core\Agents\Hazina.Generator\Hazina.Generator.csproj::TargetFramework=net9.0]
C:\Projects\Hazina\src\Core\Agents\Hazina.Generator\Core\DocumentGenerator.cs(61,138): warning S1006: Remove the default parameter value to match the signature of overridden method. (https://rules.sonarsource.com/csharp/RSPEC-1006) [C:\Projects\Hazina\src\Core\Agents\Hazina.Generator\Hazina.Generator.csproj::TargetFramework=net9.0]
C:\Projects\Hazina\src\Core\Agents\Hazina.Generator\Core\DocumentGenerator.cs(61,172): warning S1006: Remove the default parameter value to match the signature of overridden method. (https://rules.sonarsource.com/csharp/RSPEC-1006) [C:\Projects\Hazina\src\Core\Agents\Hazina.Generator\Hazina.Generator.csproj::TargetFramework=net9.0]
C:\Projects\Hazina\src\Core\Agents\Hazina.Generator\Core\DocumentGenerator.cs(61,198): warning S1006: Remove the default parameter value to match the signature of overridden method. (https://rules.sonarsource.com/csharp/RSPEC-1006) [C:\Projects\Hazina\src\Core\Agents\Hazina.Generator\Hazina.Generator.csproj::TargetFramework=net9.0]
C:\Projects\Hazina\src\Core\Agents\Hazina.Generator\Core\DocumentGenerator.cs(61,234): warning S1006: Remove the default parameter value to match the signature of overridden method. (https://rules.sonarsource.com/csharp/RSPEC-1006) [C:\Projects\Hazina\src\Core\Agents\Hazina.Generator\Hazina.Generator.csproj::TargetFramework=net9.0]
C:\Projects\Hazina\src\Core\Agents\Hazina.Generator\Core\DocumentGenerator.cs(61,266): warning S1006: Remove the default parameter value to match the signature of overridden method. (https://rules.sonarsource.com/csharp/RSPEC-1006) [C:\Projects\Hazina\src\Core\Agents\Hazina.Generator\Hazina.Generator.csproj::TargetFramework=net9.0]
C:\Projects\Hazina\src\Core\Agents\Hazina.Generator\Core\DocumentGenerator.cs(61,63): warning S927: Rename parameter 'message' to 'query' to match the interface declaration. (https://rules.sonarsource.com/csharp/RSPEC-927) [C:\Projects\Hazina\src\Core\Agents\Hazina.Generator\Hazina.Generator.csproj::TargetFramework=net9.0]
C:\Projects\Hazina\src\Core\Agents\Hazina.Generator\Core\DocumentGenerator.cs(61,130): warning S927: Rename parameter 'history' to 'messages' to match the interface declaration. (https://rules.sonarsource.com/csharp/RSPEC-927) [C:\Projects\Hazina\src\Core\Agents\Hazina.Generator\Hazina.Generator.csproj::TargetFramework=net9.0]
C:\Projects\Hazina\src\Core\Agents\Hazina.Generator\Models\UpdateStoreResponse.cs(1,1): warning SA1633: The file header is missing or not located at the top of the file. (https://github.com/DotNetAnalyzers/StyleCopAnalyzers/blob/master/documentation/SA1633.md) [C:\Projects\Hazina\src\Core\Agents\Hazina.Generator\Hazina.Generator.csproj::TargetFramework=net9.0]
C:\Projects\Hazina\src\Core\Agents\Hazina.Generator\Core\DocumentGenerator.cs(73,66): warning CA1725: In member Task<LLMResponse<string>> DocumentGenerator.StreamResponse(string message, CancellationToken cancel, Action<string> onChunkReceived, IEnumerable<HazinaChatMessage>? history = null, bool addRelevantDocuments = true, bool addFilesList = true, IToolsContext? toolsContext = null, List<ImageData>? images = null), change parameter name message to query in order to match the identifier as it has been declared in Task<LLMResponse<string>> IDocumentGenerator.StreamResponse(string query, CancellationToken cancel, Action<string> onChunkReceived, IEnumerable<HazinaChatMessage>? messages, bool addRelevantDocuments, bool addFilesList, IToolsContext toolsContext, List<ImageData> images) (https://learn.microsoft.com/dotnet/fundamentals/code-analysis/quality-rules/ca1725) [C:\Projects\Hazina\src\Core\Agents\Hazina.Generator\Hazina.Generator.csproj::TargetFramework=net9.0]
C:\Projects\Hazina\src\Core\Agents\Hazina.Generator\Core\DocumentGenerator.cs(79,319): warning CA1002: Change 'List<ImageData>' in 'DocumentGenerator.StreamResponse(IEnumerable<HazinaChatMessage>, CancellationToken, Action<string>, [IEnumerable<HazinaChatMessage>], [bool], [bool], [IToolsContext], [List<ImageData>])' to use 'Collection<T>', 'ReadOnlyCollection<T>' or 'KeyedCollection<K,V>' (https://learn.microsoft.com/dotnet/fundamentals/code-analysis/quality-rules/ca1002) [C:\Projects\Hazina\src\Core\Agents\Hazina.Generator\Hazina.Generator.csproj::TargetFramework=net9.0]
C:\Projects\Hazina\src\Core\Agents\Hazina.Generator\Core\DocumentGenerator.cs(73,165): warning CA1725: In member Task<LLMResponse<string>> DocumentGenerator.StreamResponse(string message, CancellationToken cancel, Action<string> onChunkReceived, IEnumerable<HazinaChatMessage>? history = null, bool addRelevantDocuments = true, bool addFilesList = true, IToolsContext? toolsContext = null, List<ImageData>? images = null), change parameter name history to messages in order to match the identifier as it has been declared in Task<LLMResponse<string>> IDocumentGenerator.StreamResponse(string query, CancellationToken cancel, Action<string> onChunkReceived, IEnumerable<HazinaChatMessage>? messages, bool addRelevantDocuments, bool addFilesList, IToolsContext toolsContext, List<ImageData> images) (https://learn.microsoft.com/dotnet/fundamentals/code-analysis/quality-rules/ca1725) [C:\Projects\Hazina\src\Core\Agents\Hazina.Generator\Hazina.Generator.csproj::TargetFramework=net9.0]
  Hazina.Core -> C:\Projects\Hazina\Hazina.Core\bin\Debug\net9.0\Hazina.Core.dll
C:\Projects\Hazina\src\Core\Agents\Hazina.Generator\Core\DocumentGenerator.cs(79,302): warning MA0016: Prefer using collection abstraction instead of implementation (https://github.com/meziantou/Meziantou.Analyzer/blob/main/docs/Rules/MA0016.md) [C:\Projects\Hazina\src\Core\Agents\Hazina.Generator\Hazina.Generator.csproj::TargetFramework=net9.0]
C:\Projects\Hazina\src\Core\Agents\Hazina.Generator\Core\DocumentGenerator.cs(73,165): warning MA0061: Method overrides should not change default values (original: <no default value>; current: null) (https://github.com/meziantou/Meziantou.Analyzer/blob/main/docs/Rules/MA0061.md) [C:\Projects\Hazina\src\Core\Agents\Hazina.Generator\Hazina.Generator.csproj::TargetFramework=net9.0]
C:\Projects\Hazina\src\Core\Agents\Hazina.Generator\Core\DocumentGenerator.cs(73,186): warning MA0061: Method overrides should not change default values (original: <no default value>; current: 'True') (https://github.com/meziantou/Meziantou.Analyzer/blob/main/docs/Rules/MA0061.md) [C:\Projects\Hazina\src\Core\Agents\Hazina.Generator\Hazina.Generator.csproj::TargetFramework=net9.0]
C:\Projects\Hazina\src\Core\Agents\Hazina.Generator\Core\DocumentGenerator.cs(73,220): warning MA0061: Method overrides should not change default values (original: <no default value>; current: 'True') (https://github.com/meziantou/Meziantou.Analyzer/blob/main/docs/Rules/MA0061.md) [C:\Projects\Hazina\src\Core\Agents\Hazina.Generator\Hazina.Generator.csproj::TargetFramework=net9.0]
C:\Projects\Hazina\src\Core\Agents\Hazina.Generator\Core\DocumentGenerator.cs(73,256): warning MA0061: Method overrides should not change default values (original: <no default value>; current: null) (https://github.com/meziantou/Meziantou.Analyzer/blob/main/docs/Rules/MA0061.md) [C:\Projects\Hazina\src\Core\Agents\Hazina.Generator\Hazina.Generator.csproj::TargetFramework=net9.0]
C:\Projects\Hazina\src\Core\Agents\Hazina.Generator\Core\DocumentGenerator.cs(73,294): warning MA0061: Method overrides should not change default values (original: <no default value>; current: null) (https://github.com/meziantou/Meziantou.Analyzer/blob/main/docs/Rules/MA0061.md) [C:\Projects\Hazina\src\Core\Agents\Hazina.Generator\Hazina.Generator.csproj::TargetFramework=net9.0]
C:\Projects\Hazina\src\Core\Agents\Hazina.Generator\Core\DocumentGenerator.cs(67,267): warning MA0016: Prefer using collection abstraction instead of implementation (https://github.com/meziantou/Meziantou.Analyzer/blob/main/docs/Rules/MA0016.md) [C:\Projects\Hazina\src\Core\Agents\Hazina.Generator\Hazina.Generator.csproj::TargetFramework=net9.0]
C:\Projects\Hazina\src\Core\Agents\Hazina.Generator\Core\DocumentGenerator.cs(55,13): warning SA1312: Variable 'OpenAIAPI' should begin with lower-case letter (https://github.com/DotNetAnalyzers/StyleCopAnalyzers/blob/master/documentation/SA1312.md) [C:\Projects\Hazina\src\Core\Agents\Hazina.Generator\Hazina.Generator.csproj::TargetFramework=net9.0]
C:\Projects\Hazina\src\Core\Agents\Hazina.Generator\Core\DocumentGenerator.cs(85,63): warning CA1715: Prefix generic type parameter name ResponseType with 'T' (https://learn.microsoft.com/dotnet/fundamentals/code-analysis/quality-rules/ca1715) [C:\Projects\Hazina\src\Core\Agents\Hazina.Generator\Hazina.Generator.csproj::TargetFramework=net9.0]
C:\Projects\Hazina\src\Core\Agents\Hazina.Generator\Core\DocumentGenerator.cs(85,84): warning CA1725: In member Task<LLMResponse<ResponseType?>> DocumentGenerator.GetResponse<ResponseType>(string message, CancellationToken cancel, IEnumerable<HazinaChatMessage>? history = null, bool addRelevantDocuments = true, bool addFilesList = true, IToolsContext? toolsContext = null, List<ImageData>? images = null), change parameter name message to query in order to match the identifier as it has been declared in Task<LLMResponse<ResponseType?>> IDocumentGenerator.GetResponse<ResponseType>(string query, CancellationToken cancel, IEnumerable<HazinaChatMessage>? messages, bool addRelevantDocuments, bool addFilesList, IToolsContext toolsContext, List<ImageData> images) (https://learn.microsoft.com/dotnet/fundamentals/code-analysis/quality-rules/ca1725) [C:\Projects\Hazina\src\Core\Agents\Hazina.Generator\Hazina.Generator.csproj::TargetFramework=net9.0]
C:\Projects\Hazina\src\Core\Agents\Hazina.Generator\Core\DocumentGenerator.cs(85,151): warning CA1725: In member Task<LLMResponse<ResponseType?>> DocumentGenerator.GetResponse<ResponseType>(string message, CancellationToken cancel, IEnumerable<HazinaChatMessage>? history = null, bool addRelevantDocuments = true, bool addFilesList = true, IToolsContext? toolsContext = null, List<ImageData>? images = null), change parameter name history to messages in order to match the identifier as it has been declared in Task<LLMResponse<ResponseType?>> IDocumentGenerator.GetResponse<ResponseType>(string query, CancellationToken cancel, IEnumerable<HazinaChatMessage>? messages, bool addRelevantDocuments, bool addFilesList, IToolsContext toolsContext, List<ImageData> images) (https://learn.microsoft.com/dotnet/fundamentals/code-analysis/quality-rules/ca1725) [C:\Projects\Hazina\src\Core\Agents\Hazina.Generator\Hazina.Generator.csproj::TargetFramework=net9.0]
C:\Projects\Hazina\src\Core\Agents\Hazina.Generator\Core\DocumentGenerator.cs(85,151): warning MA0061: Method overrides should not change default values (original: <no default value>; current: null) (https://github.com/meziantou/Meziantou.Analyzer/blob/main/docs/Rules/MA0061.md) [C:\Projects\Hazina\src\Core\Agents\Hazina.Generator\Hazina.Generator.csproj::TargetFramework=net9.0]
C:\Projects\Hazina\src\Core\Agents\Hazina.Generator\Core\DocumentGenerator.cs(85,172): warning MA0061: Method overrides should not change default values (original: <no default value>; current: 'True') (https://github.com/meziantou/Meziantou.Analyzer/blob/main/docs/Rules/MA0061.md) [C:\Projects\Hazina\src\Core\Agents\Hazina.Generator\Hazina.Generator.csproj::TargetFramework=net9.0]
C:\Projects\Hazina\src\Core\Agents\Hazina.Generator\Core\DocumentGenerator.cs(85,206): warning MA0061: Method overrides should not change default values (original: <no default value>; current: 'True') (https://github.com/meziantou/Meziantou.Analyzer/blob/main/docs/Rules/MA0061.md) [C:\Projects\Hazina\src\Core\Agents\Hazina.Generator\Hazina.Generator.csproj::TargetFramework=net9.0]
C:\Projects\Hazina\src\Core\Agents\Hazina.Generator\Core\DocumentGenerator.cs(85,242): warning MA0061: Method overrides should not change default values (original: <no default value>; current: null) (https://github.com/meziantou/Meziantou.Analyzer/blob/main/docs/Rules/MA0061.md) [C:\Projects\Hazina\src\Core\Agents\Hazina.Generator\Hazina.Generator.csproj::TargetFramework=net9.0]
C:\Projects\Hazina\src\Core\Agents\Hazina.Generator\Core\DocumentGenerator.cs(85,280): warning MA0061: Method overrides should not change default values (original: <no default value>; current: null) (https://github.com/meziantou/Meziantou.Analyzer/blob/main/docs/Rules/MA0061.md) [C:\Projects\Hazina\src\Core\Agents\Hazina.Generator\Hazina.Generator.csproj::TargetFramework=net9.0]
C:\Projects\Hazina\src\Core\Agents\Hazina.Generator\Core\DocumentGenerator.cs(73,173): warning S1006: Remove the default parameter value to match the signature of overridden method. (https://rules.sonarsource.com/csharp/RSPEC-1006) [C:\Projects\Hazina\src\Core\Agents\Hazina.Generator\Hazina.Generator.csproj::TargetFramework=net9.0]
C:\Projects\Hazina\src\Core\Agents\Hazina.Generator\Core\DocumentGenerator.cs(73,207): warning S1006: Remove the default parameter value to match the signature of overridden method. (https://rules.sonarsource.com/csharp/RSPEC-1006) [C:\Projects\Hazina\src\Core\Agents\Hazina.Generator\Hazina.Generator.csproj::TargetFramework=net9.0]
C:\Projects\Hazina\src\Core\Agents\Hazina.Generator\Core\DocumentGenerator.cs(73,233): warning S1006: Remove the default parameter value to match the signature of overridden method. (https://rules.sonarsource.com/csharp/RSPEC-1006) [C:\Projects\Hazina\src\Core\Agents\Hazina.Generator\Hazina.Generator.csproj::TargetFramework=net9.0]
C:\Projects\Hazina\src\Core\Agents\Hazina.Generator\Core\DocumentGenerator.cs(73,269): warning S1006: Remove the default parameter value to match the signature of overridden method. (https://rules.sonarsource.com/csharp/RSPEC-1006) [C:\Projects\Hazina\src\Core\Agents\Hazina.Generator\Hazina.Generator.csproj::TargetFramework=net9.0]
C:\Projects\Hazina\src\Core\Agents\Hazina.Generator\Core\DocumentGenerator.cs(73,301): warning S1006: Remove the default parameter value to match the signature of overridden method. (https://rules.sonarsource.com/csharp/RSPEC-1006) [C:\Projects\Hazina\src\Core\Agents\Hazina.Generator\Hazina.Generator.csproj::TargetFramework=net9.0]
C:\Projects\Hazina\src\Core\Agents\Hazina.Generator\Core\DocumentGenerator.cs(73,66): warning S927: Rename parameter 'message' to 'query' to match the interface declaration. (https://rules.sonarsource.com/csharp/RSPEC-927) [C:\Projects\Hazina\src\Core\Agents\Hazina.Generator\Hazina.Generator.csproj::TargetFramework=net9.0]
C:\Projects\Hazina\src\Core\Agents\Hazina.Generator\Core\DocumentGenerator.cs(73,165): warning S927: Rename parameter 'history' to 'messages' to match the interface declaration. (https://rules.sonarsource.com/csharp/RSPEC-927) [C:\Projects\Hazina\src\Core\Agents\Hazina.Generator\Hazina.Generator.csproj::TargetFramework=net9.0]
C:\Projects\Hazina\src\Core\Agents\Hazina.Generator\Core\DocumentGenerator.cs(63,28): warning MA0004: Use Task.ConfigureAwait(false) if the current SynchronizationContext is not needed (https://github.com/meziantou/Meziantou.Analyzer/blob/main/docs/Rules/MA0004.md) [C:\Projects\Hazina\src\Core\Agents\Hazina.Generator\Hazina.Generator.csproj::TargetFramework=net9.0]
C:\Projects\Hazina\src\Core\Agents\Hazina.Generator\Core\DocumentGenerator.cs(91,305): warning CA1002: Change 'List<ImageData>' in 'DocumentGenerator.GetResponse<ResponseType>(IEnumerable<HazinaChatMessage>, CancellationToken, [IEnumerable<HazinaChatMessage>], [bool], [bool], [IToolsContext], [List<ImageData>])' to use 'Collection<T>', 'ReadOnlyCollection<T>' or 'KeyedCollection<K,V>' (https://learn.microsoft.com/dotnet/fundamentals/code-analysis/quality-rules/ca1002) [C:\Projects\Hazina\src\Core\Agents\Hazina.Generator\Hazina.Generator.csproj::TargetFramework=net9.0]
C:\Projects\Hazina\src\Core\Agents\Hazina.Generator\Core\DocumentGenerator.cs(64,16): warning MA0004: Use Task.ConfigureAwait(false) if the current SynchronizationContext is not needed (https://github.com/meziantou/Meziantou.Analyzer/blob/main/docs/Rules/MA0004.md) [C:\Projects\Hazina\src\Core\Agents\Hazina.Generator\Hazina.Generator.csproj::TargetFramework=net9.0]
C:\Projects\Hazina\src\Core\Agents\Hazina.Generator\Core\DocumentGenerator.cs(91,63): warning CA1715: Prefix generic type parameter name ResponseType with 'T' (https://learn.microsoft.com/dotnet/fundamentals/code-analysis/quality-rules/ca1715) [C:\Projects\Hazina\src\Core\Agents\Hazina.Generator\Hazina.Generator.csproj::TargetFramework=net9.0]
C:\Projects\Hazina\src\Core\Agents\Hazina.Generator\Core\DocumentGenerator.cs(91,288): warning MA0016: Prefer using collection abstraction instead of implementation (https://github.com/meziantou/Meziantou.Analyzer/blob/main/docs/Rules/MA0016.md) [C:\Projects\Hazina\src\Core\Agents\Hazina.Generator\Hazina.Generator.csproj::TargetFramework=net9.0]
C:\Projects\Hazina\src\Core\Agents\Hazina.Generator\Core\DocumentGenerator.cs(85,159): warning S1006: Remove the default parameter value to match the signature of overridden method. (https://rules.sonarsource.com/csharp/RSPEC-1006) [C:\Projects\Hazina\src\Core\Agents\Hazina.Generator\Hazina.Generator.csproj::TargetFramework=net9.0]
C:\Projects\Hazina\src\Core\Agents\Hazina.Generator\Core\DocumentGenerator.cs(85,193): warning S1006: Remove the default parameter value to match the signature of overridden method. (https://rules.sonarsource.com/csharp/RSPEC-1006) [C:\Projects\Hazina\src\Core\Agents\Hazina.Generator\Hazina.Generator.csproj::TargetFramework=net9.0]
C:\Projects\Hazina\src\Core\Agents\Hazina.Generator\Core\DocumentGenerator.cs(85,219): warning S1006: Remove the default parameter value to match the signature of overridden method. (https://rules.sonarsource.com/csharp/RSPEC-1006) [C:\Projects\Hazina\src\Core\Agents\Hazina.Generator\Hazina.Generator.csproj::TargetFramework=net9.0]
C:\Projects\Hazina\src\Core\Agents\Hazina.Generator\Core\DocumentGenerator.cs(85,255): warning S1006: Remove the default parameter value to match the signature of overridden method. (https://rules.sonarsource.com/csharp/RSPEC-1006) [C:\Projects\Hazina\src\Core\Agents\Hazina.Generator\Hazina.Generator.csproj::TargetFramework=net9.0]
C:\Projects\Hazina\src\Core\Agents\Hazina.Generator\Core\DocumentGenerator.cs(85,287): warning S1006: Remove the default parameter value to match the signature of overridden method. (https://rules.sonarsource.com/csharp/RSPEC-1006) [C:\Projects\Hazina\src\Core\Agents\Hazina.Generator\Hazina.Generator.csproj::TargetFramework=net9.0]
C:\Projects\Hazina\src\Core\Agents\Hazina.Generator\Core\DocumentGenerator.cs(85,84): warning S927: Rename parameter 'message' to 'query' to match the interface declaration. (https://rules.sonarsource.com/csharp/RSPEC-927) [C:\Projects\Hazina\src\Core\Agents\Hazina.Generator\Hazina.Generator.csproj::TargetFramework=net9.0]
C:\Projects\Hazina\src\Core\Agents\Hazina.Generator\Core\DocumentGenerator.cs(85,151): warning S927: Rename parameter 'history' to 'messages' to match the interface declaration. (https://rules.sonarsource.com/csharp/RSPEC-927) [C:\Projects\Hazina\src\Core\Agents\Hazina.Generator\Hazina.Generator.csproj::TargetFramework=net9.0]
C:\Projects\Hazina\src\Core\Agents\Hazina.Generator\Core\DocumentGenerator.cs(97,66): warning CA1715: Prefix generic type parameter name ResponseType with 'T' (https://learn.microsoft.com/dotnet/fundamentals/code-analysis/quality-rules/ca1715) [C:\Projects\Hazina\src\Core\Agents\Hazina.Generator\Hazina.Generator.csproj::TargetFramework=net9.0]
C:\Projects\Hazina\src\Core\Agents\Hazina.Generator\Core\DocumentGenerator.cs(97,87): warning CA1725: In member Task<LLMResponse<ResponseType?>> DocumentGenerator.StreamResponse<ResponseType>(string message, CancellationToken cancel, Action<string> onChunkReceived, IEnumerable<HazinaChatMessage>? history = null, bool addRelevantDocuments = true, bool addFilesList = true, IToolsContext? toolsContext = null, List<ImageData>? images = null), change parameter name message to query in order to match the identifier as it has been declared in Task<LLMResponse<ResponseType?>> IDocumentGenerator.StreamResponse<ResponseType>(string query, CancellationToken cancel, Action<string> onChunkReceived, IEnumerable<HazinaChatMessage>? messages, bool addRelevantDocuments, bool addFilesList, IToolsContext toolsContext, List<ImageData> images) (https://learn.microsoft.com/dotnet/fundamentals/code-analysis/quality-rules/ca1725) [C:\Projects\Hazina\src\Core\Agents\Hazina.Generator\Hazina.Generator.csproj::TargetFramework=net9.0]
C:\Projects\Hazina\src\Core\Agents\Hazina.Generator\Core\DocumentGenerator.cs(97,186): warning CA1725: In member Task<LLMResponse<ResponseType?>> DocumentGenerator.StreamResponse<ResponseType>(string message, CancellationToken cancel, Action<string> onChunkReceived, IEnumerable<HazinaChatMessage>? history = null, bool addRelevantDocuments = true, bool addFilesList = true, IToolsContext? toolsContext = null, List<ImageData>? images = null), change parameter name history to messages in order to match the identifier as it has been declared in Task<LLMResponse<ResponseType?>> IDocumentGenerator.StreamResponse<ResponseType>(string query, CancellationToken cancel, Action<string> onChunkReceived, IEnumerable<HazinaChatMessage>? messages, bool addRelevantDocuments, bool addFilesList, IToolsContext toolsContext, List<ImageData> images) (https://learn.microsoft.com/dotnet/fundamentals/code-analysis/quality-rules/ca1725) [C:\Projects\Hazina\src\Core\Agents\Hazina.Generator\Hazina.Generator.csproj::TargetFramework=net9.0]
C:\Projects\Hazina\src\Core\Agents\Hazina.Generator\Core\DocumentGenerator.cs(103,51): warning CA1068: Method 'DocumentGenerator.StreamResponse<ResponseType>(System.Collections.Generic.IEnumerable<HazinaChatMessage>, System.Threading.CancellationToken, System.Action<string>, System.Collections.Generic.IEnumerable<HazinaChatMessage>?, bool, bool, Hazina.LLMs.IToolsContext?, System.Collections.Generic.List<ImageData>?)' should take CancellationToken as the last parameter (https://learn.microsoft.com/dotnet/fundamentals/code-analysis/quality-rules/ca1068) [C:\Projects\Hazina\src\Core\Agents\Hazina.Generator\Hazina.Generator.csproj::TargetFramework=net9.0]
C:\Projects\Hazina\src\Core\Agents\Hazina.Generator\Core\DocumentGenerator.cs(103,340): warning CA1002: Change 'List<ImageData>' in 'DocumentGenerator.StreamResponse<ResponseType>(IEnumerable<HazinaChatMessage>, CancellationToken, Action<string>, [IEnumerable<HazinaChatMessage>], [bool], [bool], [IToolsContext], [List<ImageData>])' to use 'Collection<T>', 'ReadOnlyCollection<T>' or 'KeyedCollection<K,V>' (https://learn.microsoft.com/dotnet/fundamentals/code-analysis/quality-rules/ca1002) [C:\Projects\Hazina\src\Core\Agents\Hazina.Generator\Hazina.Generator.csproj::TargetFramework=net9.0]
C:\Projects\Hazina\src\Core\Agents\Hazina.Generator\Core\DocumentGenerator.cs(103,66): warning CA1715: Prefix generic type parameter name ResponseType with 'T' (https://learn.microsoft.com/dotnet/fundamentals/code-analysis/quality-rules/ca1715) [C:\Projects\Hazina\src\Core\Agents\Hazina.Generator\Hazina.Generator.csproj::TargetFramework=net9.0]
C:\Projects\Hazina\src\Core\Agents\Hazina.Generator\Core\DocumentGenerator.cs(97,186): warning MA0061: Method overrides should not change default values (original: <no default value>; current: null) (https://github.com/meziantou/Meziantou.Analyzer/blob/main/docs/Rules/MA0061.md) [C:\Projects\Hazina\src\Core\Agents\Hazina.Generator\Hazina.Generator.csproj::TargetFramework=net9.0]
C:\Projects\Hazina\src\Core\Agents\Hazina.Generator\Core\DocumentGenerator.cs(97,207): warning MA0061: Method overrides should not change default values (original: <no default value>; current: 'True') (https://github.com/meziantou/Meziantou.Analyzer/blob/main/docs/Rules/MA0061.md) [C:\Projects\Hazina\src\Core\Agents\Hazina.Generator\Hazina.Generator.csproj::TargetFramework=net9.0]
C:\Projects\Hazina\src\Core\Agents\Hazina.Generator\Core\DocumentGenerator.cs(97,241): warning MA0061: Method overrides should not change default values (original: <no default value>; current: 'True') (https://github.com/meziantou/Meziantou.Analyzer/blob/main/docs/Rules/MA0061.md) [C:\Projects\Hazina\src\Core\Agents\Hazina.Generator\Hazina.Generator.csproj::TargetFramework=net9.0]
C:\Projects\Hazina\src\Core\Agents\Hazina.Generator\Core\DocumentGenerator.cs(97,277): warning MA0061: Method overrides should not change default values (original: <no default value>; current: null) (https://github.com/meziantou/Meziantou.Analyzer/blob/main/docs/Rules/MA0061.md) [C:\Projects\Hazina\src\Core\Agents\Hazina.Generator\Hazina.Generator.csproj::TargetFramework=net9.0]
C:\Projects\Hazina\src\Core\Agents\Hazina.Generator\Core\DocumentGenerator.cs(97,315): warning MA0061: Method overrides should not change default values (original: <no default value>; current: null) (https://github.com/meziantou/Meziantou.Analyzer/blob/main/docs/Rules/MA0061.md) [C:\Projects\Hazina\src\Core\Agents\Hazina.Generator\Hazina.Generator.csproj::TargetFramework=net9.0]
C:\Projects\Hazina\src\Core\Agents\Hazina.Generator\Core\DocumentGenerator.cs(103,323): warning MA0016: Prefer using collection abstraction instead of implementation (https://github.com/meziantou/Meziantou.Analyzer/blob/main/docs/Rules/MA0016.md) [C:\Projects\Hazina\src\Core\Agents\Hazina.Generator\Hazina.Generator.csproj::TargetFramework=net9.0]
C:\Projects\Hazina\src\Core\Agents\Hazina.Generator\Core\DocumentGenerator.cs(17,1): warning SA1516: Elements should be separated by blank line (https://github.com/DotNetAnalyzers/StyleCopAnalyzers/blob/master/documentation/SA1516.md) [C:\Projects\Hazina\src\Core\Agents\Hazina.Generator\Hazina.Generator.csproj::TargetFramework=net9.0]
C:\Projects\Hazina\src\Core\Agents\Hazina.Generator\Core\DocumentGenerator.cs(18,1): warning SA1516: Elements should be separated by blank line (https://github.com/DotNetAnalyzers/StyleCopAnalyzers/blob/master/documentation/SA1516.md) [C:\Projects\Hazina\src\Core\Agents\Hazina.Generator\Hazina.Generator.csproj::TargetFramework=net9.0]
C:\Projects\Hazina\src\Core\Agents\Hazina.Generator\Core\DocumentGenerator.cs(21,1): warning SA1516: Elements should be separated by blank line (https://github.com/DotNetAnalyzers/StyleCopAnalyzers/blob/master/documentation/SA1516.md) [C:\Projects\Hazina\src\Core\Agents\Hazina.Generator\Hazina.Generator.csproj::TargetFramework=net9.0]
C:\Projects\Hazina\src\Core\Agents\Hazina.Generator\Core\DocumentGenerator.cs(22,1): warning SA1516: Elements should be separated by blank line (https://github.com/DotNetAnalyzers/StyleCopAnalyzers/blob/master/documentation/SA1516.md) [C:\Projects\Hazina\src\Core\Agents\Hazina.Generator\Hazina.Generator.csproj::TargetFramework=net9.0]
  Hazina.DynamicAPI.Tests -> C:\Projects\Hazina\artifacts\tests\Hazina.DynamicAPI.Tests\bin\Debug\Hazina.DynamicAPI.Tests.dll
C:\Projects\Hazina\src\Core\Agents\Hazina.Generator\Core\DocumentGenerator.cs(55,13): warning S1481: Remove the unused local variable 'OpenAIAPI'. (https://rules.sonarsource.com/csharp/RSPEC-1481) [C:\Projects\Hazina\src\Core\Agents\Hazina.Generator\Hazina.Generator.csproj::TargetFramework=net9.0]
C:\Projects\Hazina\src\Core\Agents\Hazina.Generator\Core\DocumentGenerator.cs(109,63): warning CA1725: In member Task<LLMResponse<string>> DocumentGenerator.UpdateStore(string message, CancellationToken cancel, IEnumerable<HazinaChatMessage>? history = null, bool addRelevantDocuments = true, bool addFilesList = true, IToolsContext? toolsContext = null, List<ImageData>? images = null), change parameter name message to query in order to match the identifier as it has been declared in Task<LLMResponse<string>> IDocumentGenerator.UpdateStore(string query, CancellationToken cancel, IEnumerable<HazinaChatMessage>? messages, bool addRelevantDocuments, bool addFilesList, IToolsContext toolsContext, List<ImageData> images) (https://learn.microsoft.com/dotnet/fundamentals/code-analysis/quality-rules/ca1725) [C:\Projects\Hazina\src\Core\Agents\Hazina.Generator\Hazina.Generator.csproj::TargetFramework=net9.0]
C:\Projects\Hazina\src\Core\Agents\Hazina.Generator\Core\DocumentGenerator.cs(109,130): warning CA1725: In member Task<LLMResponse<string>> DocumentGenerator.UpdateStore(string message, CancellationToken cancel, IEnumerable<HazinaChatMessage>? history = null, bool addRelevantDocuments = true, bool addFilesList = true, IToolsContext? toolsContext = null, List<ImageData>? images = null), change parameter name history to messages in order to match the identifier as it has been declared in Task<LLMResponse<string>> IDocumentGenerator.UpdateStore(string query, CancellationToken cancel, IEnumerable<HazinaChatMessage>? messages, bool addRelevantDocuments, bool addFilesList, IToolsContext toolsContext, List<ImageData> images) (https://learn.microsoft.com/dotnet/fundamentals/code-analysis/quality-rules/ca1725) [C:\Projects\Hazina\src\Core\Agents\Hazina.Generator\Hazina.Generator.csproj::TargetFramework=net9.0]
C:\Projects\Hazina\src\Core\Agents\Hazina.Generator\Core\DocumentGenerator.cs(97,194): warning S1006: Remove the default parameter value to match the signature of overridden method. (https://rules.sonarsource.com/csharp/RSPEC-1006) [C:\Projects\Hazina\src\Core\Agents\Hazina.Generator\Hazina.Generator.csproj::TargetFramework=net9.0]
C:\Projects\Hazina\src\Core\Agents\Hazina.Generator\Core\DocumentGenerator.cs(97,228): warning S1006: Remove the default parameter value to match the signature of overridden method. (https://rules.sonarsource.com/csharp/RSPEC-1006) [C:\Projects\Hazina\src\Core\Agents\Hazina.Generator\Hazina.Generator.csproj::TargetFramework=net9.0]
C:\Projects\Hazina\src\Core\Agents\Hazina.Generator\Core\DocumentGenerator.cs(97,254): warning S1006: Remove the default parameter value to match the signature of overridden method. (https://rules.sonarsource.com/csharp/RSPEC-1006) [C:\Projects\Hazina\src\Core\Agents\Hazina.Generator\Hazina.Generator.csproj::TargetFramework=net9.0]
C:\Projects\Hazina\src\Core\Agents\Hazina.Generator\Core\DocumentGenerator.cs(97,290): warning S1006: Remove the default parameter value to match the signature of overridden method. (https://rules.sonarsource.com/csharp/RSPEC-1006) [C:\Projects\Hazina\src\Core\Agents\Hazina.Generator\Hazina.Generator.csproj::TargetFramework=net9.0]
C:\Projects\Hazina\src\Core\Agents\Hazina.Generator\Core\DocumentGenerator.cs(97,322): warning S1006: Remove the default parameter value to match the signature of overridden method. (https://rules.sonarsource.com/csharp/RSPEC-1006) [C:\Projects\Hazina\src\Core\Agents\Hazina.Generator\Hazina.Generator.csproj::TargetFramework=net9.0]
C:\Projects\Hazina\src\Core\Agents\Hazina.Generator\Core\DocumentGenerator.cs(151,69): warning CA1725: In member Task<LLMResponse<string>> DocumentGenerator.StreamUpdateStore(string message, CancellationToken cancel, Action<string> onChunkReceived, IEnumerable<HazinaChatMessage>? history = null, bool addRelevantDocuments = true, bool addFilesList = true, IToolsContext? toolsContext = null, List<ImageData>? images = null), change parameter name message to query in order to match the identifier as it has been declared in Task<LLMResponse<string>> IDocumentGenerator.StreamUpdateStore(string query, CancellationToken cancel, Action<string> onChunkReceived, IEnumerable<HazinaChatMessage>? messages, bool addRelevantDocuments, bool addFilesList, IToolsContext toolsContext, List<ImageData> images) (https://learn.microsoft.com/dotnet/fundamentals/code-analysis/quality-rules/ca1725) [C:\Projects\Hazina\src\Core\Agents\Hazina.Generator\Hazina.Generator.csproj::TargetFramework=net9.0]
C:\Projects\Hazina\src\Core\Agents\Hazina.Generator\Core\DocumentGenerator.cs(97,87): warning S927: Rename parameter 'message' to 'query' to match the interface declaration. (https://rules.sonarsource.com/csharp/RSPEC-927) [C:\Projects\Hazina\src\Core\Agents\Hazina.Generator\Hazina.Generator.csproj::TargetFramework=net9.0]
C:\Projects\Hazina\src\Core\Agents\Hazina.Generator\Core\DocumentGenerator.cs(151,168): warning CA1725: In member Task<LLMResponse<string>> DocumentGenerator.StreamUpdateStore(string message, CancellationToken cancel, Action<string> onChunkReceived, IEnumerable<HazinaChatMessage>? history = null, bool addRelevantDocuments = true, bool addFilesList = true, IToolsContext? toolsContext = null, List<ImageData>? images = null), change parameter name history to messages in order to match the identifier as it has been declared in Task<LLMResponse<string>> IDocumentGenerator.StreamUpdateStore(string query, CancellationToken cancel, Action<string> onChunkReceived, IEnumerable<HazinaChatMessage>? messages, bool addRelevantDocuments, bool addFilesList, IToolsContext toolsContext, List<ImageData> images) (https://learn.microsoft.com/dotnet/fundamentals/code-analysis/quality-rules/ca1725) [C:\Projects\Hazina\src\Core\Agents\Hazina.Generator\Hazina.Generator.csproj::TargetFramework=net9.0]
C:\Projects\Hazina\src\Core\Agents\Hazina.Generator\Core\DocumentGenerator.cs(97,186): warning S927: Rename parameter 'history' to 'messages' to match the interface declaration. (https://rules.sonarsource.com/csharp/RSPEC-927) [C:\Projects\Hazina\src\Core\Agents\Hazina.Generator\Hazina.Generator.csproj::TargetFramework=net9.0]
C:\Projects\Hazina\src\Core\Agents\Hazina.Generator\Core\DocumentGenerator.cs(109,130): warning MA0061: Method overrides should not change default values (original: <no default value>; current: null) (https://github.com/meziantou/Meziantou.Analyzer/blob/main/docs/Rules/MA0061.md) [C:\Projects\Hazina\src\Core\Agents\Hazina.Generator\Hazina.Generator.csproj::TargetFramework=net9.0]
C:\Projects\Hazina\src\Core\Agents\Hazina.Generator\Core\DocumentGenerator.cs(109,151): warning MA0061: Method overrides should not change default values (original: <no default value>; current: 'True') (https://github.com/meziantou/Meziantou.Analyzer/blob/main/docs/Rules/MA0061.md) [C:\Projects\Hazina\src\Core\Agents\Hazina.Generator\Hazina.Generator.csproj::TargetFramework=net9.0]
C:\Projects\Hazina\src\Core\Agents\Hazina.Generator\Core\DocumentGenerator.cs(109,185): warning MA0061: Method overrides should not change default values (original: <no default value>; current: 'True') (https://github.com/meziantou/Meziantou.Analyzer/blob/main/docs/Rules/MA0061.md) [C:\Projects\Hazina\src\Core\Agents\Hazina.Generator\Hazina.Generator.csproj::TargetFramework=net9.0]
C:\Projects\Hazina\src\Core\Agents\Hazina.Generator\Core\DocumentGenerator.cs(109,221): warning MA0061: Method overrides should not change default values (original: <no default value>; current: null) (https://github.com/meziantou/Meziantou.Analyzer/blob/main/docs/Rules/MA0061.md) [C:\Projects\Hazina\src\Core\Agents\Hazina.Generator\Hazina.Generator.csproj::TargetFramework=net9.0]
C:\Projects\Hazina\src\Core\Agents\Hazina.Generator\Core\DocumentGenerator.cs(109,259): warning MA0061: Method overrides should not change default values (original: <no default value>; current: null) (https://github.com/meziantou/Meziantou.Analyzer/blob/main/docs/Rules/MA0061.md) [C:\Projects\Hazina\src\Core\Agents\Hazina.Generator\Hazina.Generator.csproj::TargetFramework=net9.0]
C:\Projects\Hazina\src\Core\Agents\Hazina.Generator\Core\DocumentGenerator.cs(143,284): warning CA1002: Change 'List<ImageData>' in 'DocumentGenerator.UpdateStore(IEnumerable<HazinaChatMessage>, CancellationToken, [IEnumerable<HazinaChatMessage>], [bool], [bool], [IToolsContext], [List<ImageData>])' to use 'Collection<T>', 'ReadOnlyCollection<T>' or 'KeyedCollection<K,V>' (https://learn.microsoft.com/dotnet/fundamentals/code-analysis/quality-rules/ca1002) [C:\Projects\Hazina\src\Core\Agents\Hazina.Generator\Hazina.Generator.csproj::TargetFramework=net9.0]
C:\Projects\Hazina\src\Core\Agents\Hazina.Generator\Core\DocumentGenerator.cs(151,168): warning MA0061: Method overrides should not change default values (original: <no default value>; current: null) (https://github.com/meziantou/Meziantou.Analyzer/blob/main/docs/Rules/MA0061.md) [C:\Projects\Hazina\src\Core\Agents\Hazina.Generator\Hazina.Generator.csproj::TargetFramework=net9.0]
C:\Projects\Hazina\src\Core\Agents\Hazina.Generator\Core\DocumentGenerator.cs(151,189): warning MA0061: Method overrides should not change default values (original: <no default value>; current: 'True') (https://github.com/meziantou/Meziantou.Analyzer/blob/main/docs/Rules/MA0061.md) [C:\Projects\Hazina\src\Core\Agents\Hazina.Generator\Hazina.Generator.csproj::TargetFramework=net9.0]
C:\Projects\Hazina\src\Core\Agents\Hazina.Generator\Core\DocumentGenerator.cs(151,223): warning MA0061: Method overrides should not change default values (original: <no default value>; current: 'True') (https://github.com/meziantou/Meziantou.Analyzer/blob/main/docs/Rules/MA0061.md) [C:\Projects\Hazina\src\Core\Agents\Hazina.Generator\Hazina.Generator.csproj::TargetFramework=net9.0]
C:\Projects\Hazina\src\Core\Agents\Hazina.Generator\Core\DocumentGenerator.cs(151,259): warning MA0061: Method overrides should not change default values (original: <no default value>; current: null) (https://github.com/meziantou/Meziantou.Analyzer/blob/main/docs/Rules/MA0061.md) [C:\Projects\Hazina\src\Core\Agents\Hazina.Generator\Hazina.Generator.csproj::TargetFramework=net9.0]
C:\Projects\Hazina\src\Core\Agents\Hazina.Generator\Core\DocumentGenerator.cs(151,297): warning MA0061: Method overrides should not change default values (original: <no default value>; current: null) (https://github.com/meziantou/Meziantou.Analyzer/blob/main/docs/Rules/MA0061.md) [C:\Projects\Hazina\src\Core\Agents\Hazina.Generator\Hazina.Generator.csproj::TargetFramework=net9.0]
C:\Projects\Hazina\src\Core\Agents\Hazina.Generator\Core\DocumentGenerator.cs(143,267): warning MA0016: Prefer using collection abstraction instead of implementation (https://github.com/meziantou/Meziantou.Analyzer/blob/main/docs/Rules/MA0016.md) [C:\Projects\Hazina\src\Core\Agents\Hazina.Generator\Hazina.Generator.csproj::TargetFramework=net9.0]
C:\Projects\Hazina\src\Core\Agents\Hazina.Generator\Models\StoreSafetyPolicy.cs(84,36): warning SA1503: Braces should not be omitted (https://github.com/DotNetAnalyzers/StyleCopAnalyzers/blob/master/documentation/SA1503.md) [C:\Projects\Hazina\src\Core\Agents\Hazina.Generator\Hazina.Generator.csproj::TargetFramework=net9.0]
C:\Projects\Hazina\src\Core\Agents\Hazina.Generator\Core\DocumentGenerator.cs(34,24): warning MA0004: Use Task.ConfigureAwait(false) if the current SynchronizationContext is not needed (https://github.com/meziantou/Meziantou.Analyzer/blob/main/docs/Rules/MA0004.md) [C:\Projects\Hazina\src\Core\Agents\Hazina.Generator\Hazina.Generator.csproj::TargetFramework=net9.0]
C:\Projects\Hazina\src\Core\Agents\Hazina.Generator\Core\DocumentGenerator.cs(85,63): warning SA1314: Type parameter names should begin with T (https://github.com/DotNetAnalyzers/StyleCopAnalyzers/blob/master/documentation/SA1314.md) [C:\Projects\Hazina\src\Core\Agents\Hazina.Generator\Hazina.Generator.csproj::TargetFramework=net9.0]
C:\Projects\Hazina\src\Core\Agents\Hazina.Generator\Core\DocumentGenerator.cs(85,295): warning SA1127: Generic type constraints should be on their own line (https://github.com/DotNetAnalyzers/StyleCopAnalyzers/blob/master/documentation/SA1127.md) [C:\Projects\Hazina\src\Core\Agents\Hazina.Generator\Hazina.Generator.csproj::TargetFramework=net9.0]
C:\Projects\Hazina\src\Core\Agents\Hazina.Generator\Core\DocumentGenerator.cs(151,176): warning S1006: Remove the default parameter value to match the signature of overridden method. (https://rules.sonarsource.com/csharp/RSPEC-1006) [C:\Projects\Hazina\src\Core\Agents\Hazina.Generator\Hazina.Generator.csproj::TargetFramework=net9.0]
C:\Projects\Hazina\src\Core\Agents\Hazina.Generator\Core\DocumentGenerator.cs(151,210): warning S1006: Remove the default parameter value to match the signature of overridden method. (https://rules.sonarsource.com/csharp/RSPEC-1006) [C:\Projects\Hazina\src\Core\Agents\Hazina.Generator\Hazina.Generator.csproj::TargetFramework=net9.0]
C:\Projects\Hazina\src\Core\Agents\Hazina.Generator\Core\DocumentGenerator.cs(151,236): warning S1006: Remove the default parameter value to match the signature of overridden method. (https://rules.sonarsource.com/csharp/RSPEC-1006) [C:\Projects\Hazina\src\Core\Agents\Hazina.Generator\Hazina.Generator.csproj::TargetFramework=net9.0]
C:\Projects\Hazina\src\Core\Agents\Hazina.Generator\Core\DocumentGenerator.cs(151,272): warning S1006: Remove the default parameter value to match the signature of overridden method. (https://rules.sonarsource.com/csharp/RSPEC-1006) [C:\Projects\Hazina\src\Core\Agents\Hazina.Generator\Hazina.Generator.csproj::TargetFramework=net9.0]
C:\Projects\Hazina\src\Core\Agents\Hazina.Generator\Core\DocumentGenerator.cs(151,304): warning S1006: Remove the default parameter value to match the signature of overridden method. (https://rules.sonarsource.com/csharp/RSPEC-1006) [C:\Projects\Hazina\src\Core\Agents\Hazina.Generator\Hazina.Generator.csproj::TargetFramework=net9.0]
C:\Projects\Hazina\src\Core\Agents\Hazina.Generator\Core\DocumentGenerator.cs(151,69): warning S927: Rename parameter 'message' to 'query' to match the interface declaration. (https://rules.sonarsource.com/csharp/RSPEC-927) [C:\Projects\Hazina\src\Core\Agents\Hazina.Generator\Hazina.Generator.csproj::TargetFramework=net9.0]
C:\Projects\Hazina\src\Core\Agents\Hazina.Generator\Core\DocumentGenerator.cs(151,168): warning S927: Rename parameter 'history' to 'messages' to match the interface declaration. (https://rules.sonarsource.com/csharp/RSPEC-927) [C:\Projects\Hazina\src\Core\Agents\Hazina.Generator\Hazina.Generator.csproj::TargetFramework=net9.0]
C:\Projects\Hazina\src\Core\Agents\Hazina.Generator\Core\DocumentGenerator.cs(81,28): warning MA0004: Use Task.ConfigureAwait(false) if the current SynchronizationContext is not needed (https://github.com/meziantou/Meziantou.Analyzer/blob/main/docs/Rules/MA0004.md) [C:\Projects\Hazina\src\Core\Agents\Hazina.Generator\Hazina.Generator.csproj::TargetFramework=net9.0]
C:\Projects\Hazina\src\Core\Agents\Hazina.Generator\Core\DocumentGenerator.cs(82,16): warning MA0004: Use Task.ConfigureAwait(false) if the current SynchronizationContext is not needed (https://github.com/meziantou/Meziantou.Analyzer/blob/main/docs/Rules/MA0004.md) [C:\Projects\Hazina\src\Core\Agents\Hazina.Generator\Hazina.Generator.csproj::TargetFramework=net9.0]
C:\Projects\Hazina\src\Core\Agents\Hazina.Generator\Models\StoreSafetyPolicy.cs(65,43): warning SA1503: Braces should not be omitted (https://github.com/DotNetAnalyzers/StyleCopAnalyzers/blob/master/documentation/SA1503.md) [C:\Projects\Hazina\src\Core\Agents\Hazina.Generator\Hazina.Generator.csproj::TargetFramework=net9.0]
C:\Projects\Hazina\src\Core\Agents\Hazina.Generator\Core\DocumentGenerator.cs(87,28): warning MA0004: Use Task.ConfigureAwait(false) if the current SynchronizationContext is not needed (https://github.com/meziantou/Meziantou.Analyzer/blob/main/docs/Rules/MA0004.md) [C:\Projects\Hazina\src\Core\Agents\Hazina.Generator\Hazina.Generator.csproj::TargetFramework=net9.0]
C:\Projects\Hazina\src\Core\Agents\Hazina.Generator\Core\DocumentGenerator.cs(88,16): warning MA0004: Use Task.ConfigureAwait(false) if the current SynchronizationContext is not needed (https://github.com/meziantou/Meziantou.Analyzer/blob/main/docs/Rules/MA0004.md) [C:\Projects\Hazina\src\Core\Agents\Hazina.Generator\Hazina.Generator.csproj::TargetFramework=net9.0]
C:\Projects\Hazina\src\Core\Agents\Hazina.Generator\Core\DocumentGenerator.cs(75,28): warning MA0004: Use Task.ConfigureAwait(false) if the current SynchronizationContext is not needed (https://github.com/meziantou/Meziantou.Analyzer/blob/main/docs/Rules/MA0004.md) [C:\Projects\Hazina\src\Core\Agents\Hazina.Generator\Hazina.Generator.csproj::TargetFramework=net9.0]
C:\Projects\Hazina\src\Core\Agents\Hazina.Generator\Core\DocumentGenerator.cs(97,66): warning SA1314: Type parameter names should begin with T (https://github.com/DotNetAnalyzers/StyleCopAnalyzers/blob/master/documentation/SA1314.md) [C:\Projects\Hazina\src\Core\Agents\Hazina.Generator\Hazina.Generator.csproj::TargetFramework=net9.0]
C:\Projects\Hazina\src\Core\Agents\Hazina.Generator\Core\DocumentGenerator.cs(76,16): warning MA0004: Use Task.ConfigureAwait(false) if the current SynchronizationContext is not needed (https://github.com/meziantou/Meziantou.Analyzer/blob/main/docs/Rules/MA0004.md) [C:\Projects\Hazina\src\Core\Agents\Hazina.Generator\Hazina.Generator.csproj::TargetFramework=net9.0]
C:\Projects\Hazina\src\Core\Agents\Hazina.Generator\Core\DocumentGenerator.cs(156,76): warning SA1122: Use string.Empty for empty strings (https://github.com/DotNetAnalyzers/StyleCopAnalyzers/blob/master/documentation/SA1122.md) [C:\Projects\Hazina\src\Core\Agents\Hazina.Generator\Hazina.Generator.csproj::TargetFramework=net9.0]
C:\Projects\Hazina\src\Core\Agents\Hazina.Generator\Core\DocumentGenerator.cs(91,63): warning SA1314: Type parameter names should begin with T (https://github.com/DotNetAnalyzers/StyleCopAnalyzers/blob/master/documentation/SA1314.md) [C:\Projects\Hazina\src\Core\Agents\Hazina.Generator\Hazina.Generator.csproj::TargetFramework=net9.0]
C:\Projects\Hazina\src\Core\Agents\Hazina.Generator\Core\DocumentGenerator.cs(91,320): warning SA1127: Generic type constraints should be on their own line (https://github.com/DotNetAnalyzers/StyleCopAnalyzers/blob/master/documentation/SA1127.md) [C:\Projects\Hazina\src\Core\Agents\Hazina.Generator\Hazina.Generator.csproj::TargetFramework=net9.0]
C:\Projects\Hazina\src\Core\Agents\Hazina.Generator\Core\DocumentGenerator.cs(97,330): warning SA1127: Generic type constraints should be on their own line (https://github.com/DotNetAnalyzers/StyleCopAnalyzers/blob/master/documentation/SA1127.md) [C:\Projects\Hazina\src\Core\Agents\Hazina.Generator\Hazina.Generator.csproj::TargetFramework=net9.0]
C:\Projects\Hazina\src\Core\Agents\Hazina.Generator\Core\DocumentGenerator.cs(109,138): warning S1006: Remove the default parameter value to match the signature of overridden method. (https://rules.sonarsource.com/csharp/RSPEC-1006) [C:\Projects\Hazina\src\Core\Agents\Hazina.Generator\Hazina.Generator.csproj::TargetFramework=net9.0]
C:\Projects\Hazina\src\Core\Agents\Hazina.Generator\Core\DocumentGenerator.cs(109,172): warning S1006: Remove the default parameter value to match the signature of overridden method. (https://rules.sonarsource.com/csharp/RSPEC-1006) [C:\Projects\Hazina\src\Core\Agents\Hazina.Generator\Hazina.Generator.csproj::TargetFramework=net9.0]
C:\Projects\Hazina\src\Core\Agents\Hazina.Generator\Core\DocumentGenerator.cs(109,198): warning S1006: Remove the default parameter value to match the signature of overridden method. (https://rules.sonarsource.com/csharp/RSPEC-1006) [C:\Projects\Hazina\src\Core\Agents\Hazina.Generator\Hazina.Generator.csproj::TargetFramework=net9.0]
C:\Projects\Hazina\src\Core\Agents\Hazina.Generator\Core\DocumentGenerator.cs(109,234): warning S1006: Remove the default parameter value to match the signature of overridden method. (https://rules.sonarsource.com/csharp/RSPEC-1006) [C:\Projects\Hazina\src\Core\Agents\Hazina.Generator\Hazina.Generator.csproj::TargetFramework=net9.0]
C:\Projects\Hazina\src\Core\Agents\Hazina.Generator\Core\DocumentGenerator.cs(109,266): warning S1006: Remove the default parameter value to match the signature of overridden method. (https://rules.sonarsource.com/csharp/RSPEC-1006) [C:\Projects\Hazina\src\Core\Agents\Hazina.Generator\Hazina.Generator.csproj::TargetFramework=net9.0]
C:\Projects\Hazina\src\Core\Agents\Hazina.Generator\Core\DocumentGenerator.cs(109,63): warning S927: Rename parameter 'message' to 'query' to match the interface declaration. (https://rules.sonarsource.com/csharp/RSPEC-927) [C:\Projects\Hazina\src\Core\Agents\Hazina.Generator\Hazina.Generator.csproj::TargetFramework=net9.0]
C:\Projects\Hazina\src\Core\Agents\Hazina.Generator\Core\DocumentGenerator.cs(109,130): warning S927: Rename parameter 'history' to 'messages' to match the interface declaration. (https://rules.sonarsource.com/csharp/RSPEC-927) [C:\Projects\Hazina\src\Core\Agents\Hazina.Generator\Hazina.Generator.csproj::TargetFramework=net9.0]
C:\Projects\Hazina\src\Core\Agents\Hazina.Generator\Core\DocumentGenerator.cs(103,66): warning SA1314: Type parameter names should begin with T (https://github.com/DotNetAnalyzers/StyleCopAnalyzers/blob/master/documentation/SA1314.md) [C:\Projects\Hazina\src\Core\Agents\Hazina.Generator\Hazina.Generator.csproj::TargetFramework=net9.0]
C:\Projects\Hazina\src\Core\Agents\Hazina.Generator\Core\DocumentGenerator.cs(103,355): warning SA1127: Generic type constraints should be on their own line (https://github.com/DotNetAnalyzers/StyleCopAnalyzers/blob/master/documentation/SA1127.md) [C:\Projects\Hazina\src\Core\Agents\Hazina.Generator\Hazina.Generator.csproj::TargetFramework=net9.0]
C:\Projects\Hazina\src\Core\Agents\Hazina.Generator\Core\DocumentGenerator.cs(93,28): warning MA0004: Use Task.ConfigureAwait(false) if the current SynchronizationContext is not needed (https://github.com/meziantou/Meziantou.Analyzer/blob/main/docs/Rules/MA0004.md) [C:\Projects\Hazina\src\Core\Agents\Hazina.Generator\Hazina.Generator.csproj::TargetFramework=net9.0]
C:\Projects\Hazina\src\Core\Agents\Hazina.Generator\Core\DocumentGenerator.cs(99,28): warning MA0004: Use Task.ConfigureAwait(false) if the current SynchronizationContext is not needed (https://github.com/meziantou/Meziantou.Analyzer/blob/main/docs/Rules/MA0004.md) [C:\Projects\Hazina\src\Core\Agents\Hazina.Generator\Hazina.Generator.csproj::TargetFramework=net9.0]
C:\Projects\Hazina\src\Core\Agents\Hazina.Generator\Core\DocumentGenerator.cs(153,28): warning MA0004: Use Task.ConfigureAwait(false) if the current SynchronizationContext is not needed (https://github.com/meziantou/Meziantou.Analyzer/blob/main/docs/Rules/MA0004.md) [C:\Projects\Hazina\src\Core\Agents\Hazina.Generator\Hazina.Generator.csproj::TargetFramework=net9.0]
C:\Projects\Hazina\src\Core\Agents\Hazina.Generator\Core\DocumentGenerator.cs(94,16): warning MA0004: Use Task.ConfigureAwait(false) if the current SynchronizationContext is not needed (https://github.com/meziantou/Meziantou.Analyzer/blob/main/docs/Rules/MA0004.md) [C:\Projects\Hazina\src\Core\Agents\Hazina.Generator\Hazina.Generator.csproj::TargetFramework=net9.0]
C:\Projects\Hazina\src\Core\Agents\Hazina.Generator\Core\DocumentGenerator.cs(100,16): warning MA0004: Use Task.ConfigureAwait(false) if the current SynchronizationContext is not needed (https://github.com/meziantou/Meziantou.Analyzer/blob/main/docs/Rules/MA0004.md) [C:\Projects\Hazina\src\Core\Agents\Hazina.Generator\Hazina.Generator.csproj::TargetFramework=net9.0]
C:\Projects\Hazina\src\Core\Agents\Hazina.Generator\Core\DocumentGenerator.cs(154,24): warning MA0004: Use Task.ConfigureAwait(false) if the current SynchronizationContext is not needed (https://github.com/meziantou/Meziantou.Analyzer/blob/main/docs/Rules/MA0004.md) [C:\Projects\Hazina\src\Core\Agents\Hazina.Generator\Hazina.Generator.csproj::TargetFramework=net9.0]
C:\Projects\Hazina\src\Core\Agents\Hazina.Generator\Core\DocumentGenerator.cs(155,9): warning MA0004: Use Task.ConfigureAwait(false) if the current SynchronizationContext is not needed (https://github.com/meziantou/Meziantou.Analyzer/blob/main/docs/Rules/MA0004.md) [C:\Projects\Hazina\src\Core\Agents\Hazina.Generator\Hazina.Generator.csproj::TargetFramework=net9.0]
C:\Projects\Hazina\src\Core\Agents\Hazina.Generator\Models\StoreSafetyPolicy.cs(78,74): warning MA0002: Use an overload that has a IEqualityComparer<string> or IComparer<string> parameter (https://github.com/meziantou/Meziantou.Analyzer/blob/main/docs/Rules/MA0002.md) [C:\Projects\Hazina\src\Core\Agents\Hazina.Generator\Hazina.Generator.csproj::TargetFramework=net9.0]
C:\Projects\Hazina\src\Core\Agents\Hazina.Generator\Core\DocumentGenerator.cs(105,28): warning MA0004: Use Task.ConfigureAwait(false) if the current SynchronizationContext is not needed (https://github.com/meziantou/Meziantou.Analyzer/blob/main/docs/Rules/MA0004.md) [C:\Projects\Hazina\src\Core\Agents\Hazina.Generator\Hazina.Generator.csproj::TargetFramework=net9.0]
C:\Projects\Hazina\src\Core\Agents\Hazina.Generator\Core\DocumentGenerator.cs(106,16): warning MA0004: Use Task.ConfigureAwait(false) if the current SynchronizationContext is not needed (https://github.com/meziantou/Meziantou.Analyzer/blob/main/docs/Rules/MA0004.md) [C:\Projects\Hazina\src\Core\Agents\Hazina.Generator\Hazina.Generator.csproj::TargetFramework=net9.0]
C:\Projects\Hazina\src\Core\Agents\Hazina.Generator\Core\DocumentGenerator.cs(148,76): warning SA1122: Use string.Empty for empty strings (https://github.com/DotNetAnalyzers/StyleCopAnalyzers/blob/master/documentation/SA1122.md) [C:\Projects\Hazina\src\Core\Agents\Hazina.Generator\Hazina.Generator.csproj::TargetFramework=net9.0]
C:\Projects\Hazina\src\Core\Agents\Hazina.Generator\Core\DocumentGenerator.cs(183,16): warning MA0004: Use Task.ConfigureAwait(false) if the current SynchronizationContext is not needed (https://github.com/meziantou/Meziantou.Analyzer/blob/main/docs/Rules/MA0004.md) [C:\Projects\Hazina\src\Core\Agents\Hazina.Generator\Hazina.Generator.csproj::TargetFramework=net9.0]
C:\Projects\Hazina\src\Core\Agents\Hazina.Generator\Core\DocumentGenerator.cs(140,76): warning SA1122: Use string.Empty for empty strings (https://github.com/DotNetAnalyzers/StyleCopAnalyzers/blob/master/documentation/SA1122.md) [C:\Projects\Hazina\src\Core\Agents\Hazina.Generator\Hazina.Generator.csproj::TargetFramework=net9.0]
C:\Projects\Hazina\src\Core\Agents\Hazina.Generator\Core\DocumentGenerator.cs(145,28): warning MA0004: Use Task.ConfigureAwait(false) if the current SynchronizationContext is not needed (https://github.com/meziantou/Meziantou.Analyzer/blob/main/docs/Rules/MA0004.md) [C:\Projects\Hazina\src\Core\Agents\Hazina.Generator\Hazina.Generator.csproj::TargetFramework=net9.0]
C:\Projects\Hazina\src\Core\Agents\Hazina.Generator\Core\DocumentGenerator.cs(146,24): warning MA0004: Use Task.ConfigureAwait(false) if the current SynchronizationContext is not needed (https://github.com/meziantou/Meziantou.Analyzer/blob/main/docs/Rules/MA0004.md) [C:\Projects\Hazina\src\Core\Agents\Hazina.Generator\Hazina.Generator.csproj::TargetFramework=net9.0]
C:\Projects\Hazina\src\Core\Agents\Hazina.Generator\Core\DocumentGenerator.cs(69,28): warning MA0004: Use Task.ConfigureAwait(false) if the current SynchronizationContext is not needed (https://github.com/meziantou/Meziantou.Analyzer/blob/main/docs/Rules/MA0004.md) [C:\Projects\Hazina\src\Core\Agents\Hazina.Generator\Hazina.Generator.csproj::TargetFramework=net9.0]
C:\Projects\Hazina\src\Core\Agents\Hazina.Generator\Core\DocumentGenerator.cs(147,9): warning MA0004: Use Task.ConfigureAwait(false) if the current SynchronizationContext is not needed (https://github.com/meziantou/Meziantou.Analyzer/blob/main/docs/Rules/MA0004.md) [C:\Projects\Hazina\src\Core\Agents\Hazina.Generator\Hazina.Generator.csproj::TargetFramework=net9.0]
C:\Projects\Hazina\src\Core\Agents\Hazina.Generator\Core\DocumentGenerator.cs(70,16): warning MA0004: Use Task.ConfigureAwait(false) if the current SynchronizationContext is not needed (https://github.com/meziantou/Meziantou.Analyzer/blob/main/docs/Rules/MA0004.md) [C:\Projects\Hazina\src\Core\Agents\Hazina.Generator\Hazina.Generator.csproj::TargetFramework=net9.0]
C:\Projects\Hazina\src\Core\Agents\Hazina.Generator\Core\DocumentGenerator.cs(111,28): warning MA0004: Use Task.ConfigureAwait(false) if the current SynchronizationContext is not needed (https://github.com/meziantou/Meziantou.Analyzer/blob/main/docs/Rules/MA0004.md) [C:\Projects\Hazina\src\Core\Agents\Hazina.Generator\Hazina.Generator.csproj::TargetFramework=net9.0]
C:\Projects\Hazina\src\Core\Agents\Hazina.Generator\Core\DocumentGenerator.cs(136,24): warning MA0004: Use Task.ConfigureAwait(false) if the current SynchronizationContext is not needed (https://github.com/meziantou/Meziantou.Analyzer/blob/main/docs/Rules/MA0004.md) [C:\Projects\Hazina\src\Core\Agents\Hazina.Generator\Hazina.Generator.csproj::TargetFramework=net9.0]
C:\Projects\Hazina\src\Core\Agents\Hazina.Generator\Core\DocumentGenerator.cs(138,9): warning MA0004: Use Task.ConfigureAwait(false) if the current SynchronizationContext is not needed (https://github.com/meziantou/Meziantou.Analyzer/blob/main/docs/Rules/MA0004.md) [C:\Projects\Hazina\src\Core\Agents\Hazina.Generator\Hazina.Generator.csproj::TargetFramework=net9.0]
C:\Projects\Hazina\src\Core\Agents\Hazina.Generator\Core\DocumentGenerator.cs(162,13): warning SA1519: Braces should not be omitted from multi-line child statement (https://github.com/DotNetAnalyzers/StyleCopAnalyzers/blob/master/documentation/SA1519.md) [C:\Projects\Hazina\src\Core\Agents\Hazina.Generator\Hazina.Generator.csproj::TargetFramework=net9.0]
C:\Projects\Hazina\src\Core\Agents\Hazina.Generator\Core\DocumentGenerator.cs(168,13): warning SA1519: Braces should not be omitted from multi-line child statement (https://github.com/DotNetAnalyzers/StyleCopAnalyzers/blob/master/documentation/SA1519.md) [C:\Projects\Hazina\src\Core\Agents\Hazina.Generator\Hazina.Generator.csproj::TargetFramework=net9.0]
C:\Projects\Hazina\src\Core\Agents\Hazina.Generator\Core\DocumentGenerator.cs(173,13): warning SA1519: Braces should not be omitted from multi-line child statement (https://github.com/DotNetAnalyzers/StyleCopAnalyzers/blob/master/documentation/SA1519.md) [C:\Projects\Hazina\src\Core\Agents\Hazina.Generator\Hazina.Generator.csproj::TargetFramework=net9.0]
C:\Projects\Hazina\src\Core\Agents\Hazina.Generator\Core\DocumentGenerator.cs(165,17): warning MA0004: Use Task.ConfigureAwait(false) if the current SynchronizationContext is not needed (https://github.com/meziantou/Meziantou.Analyzer/blob/main/docs/Rules/MA0004.md) [C:\Projects\Hazina\src\Core\Agents\Hazina.Generator\Hazina.Generator.csproj::TargetFramework=net9.0]
C:\Projects\Hazina\src\Core\Agents\Hazina.Generator\Core\DocumentGenerator.cs(170,17): warning MA0004: Use Task.ConfigureAwait(false) if the current SynchronizationContext is not needed (https://github.com/meziantou/Meziantou.Analyzer/blob/main/docs/Rules/MA0004.md) [C:\Projects\Hazina\src\Core\Agents\Hazina.Generator\Hazina.Generator.csproj::TargetFramework=net9.0]
C:\Projects\Hazina\src\Core\Agents\Hazina.Generator\Core\DocumentGenerator.cs(176,17): warning MA0004: Use Task.ConfigureAwait(false) if the current SynchronizationContext is not needed (https://github.com/meziantou/Meziantou.Analyzer/blob/main/docs/Rules/MA0004.md) [C:\Projects\Hazina\src\Core\Agents\Hazina.Generator\Hazina.Generator.csproj::TargetFramework=net9.0]
C:\Projects\Hazina\src\Core\Agents\Hazina.Generator\Core\DocumentGenerator.cs(191,17): warning SA1503: Braces should not be omitted (https://github.com/DotNetAnalyzers/StyleCopAnalyzers/blob/master/documentation/SA1503.md) [C:\Projects\Hazina\src\Core\Agents\Hazina.Generator\Hazina.Generator.csproj::TargetFramework=net9.0]
C:\Projects\Hazina\src\Core\Agents\Hazina.Generator\Core\DocumentGenerator.cs(193,17): warning SA1503: Braces should not be omitted (https://github.com/DotNetAnalyzers/StyleCopAnalyzers/blob/master/documentation/SA1503.md) [C:\Projects\Hazina\src\Core\Agents\Hazina.Generator\Hazina.Generator.csproj::TargetFramework=net9.0]
C:\Projects\Hazina\src\Core\Agents\Hazina.Generator\Core\DocumentGenerator.cs(219,13): warning SA1503: Braces should not be omitted (https://github.com/DotNetAnalyzers/StyleCopAnalyzers/blob/master/documentation/SA1503.md) [C:\Projects\Hazina\src\Core\Agents\Hazina.Generator\Hazina.Generator.csproj::TargetFramework=net9.0]
C:\Projects\Hazina\src\Core\Agents\Hazina.Generator\Core\DocumentGenerator.cs(190,13): warning SA1519: Braces should not be omitted from multi-line child statement (https://github.com/DotNetAnalyzers/StyleCopAnalyzers/blob/master/documentation/SA1519.md) [C:\Projects\Hazina\src\Core\Agents\Hazina.Generator\Hazina.Generator.csproj::TargetFramework=net9.0]
C:\Projects\Hazina\src\Core\Agents\Hazina.Generator\Core\DocumentGenerator.cs(213,46): warning SA1122: Use string.Empty for empty strings (https://github.com/DotNetAnalyzers/StyleCopAnalyzers/blob/master/documentation/SA1122.md) [C:\Projects\Hazina\src\Core\Agents\Hazina.Generator\Hazina.Generator.csproj::TargetFramework=net9.0]
C:\Projects\Hazina\src\Core\Agents\Hazina.Generator\Core\DocumentGenerator.cs(199,30): warning MA0004: Use Task.ConfigureAwait(false) if the current SynchronizationContext is not needed (https://github.com/meziantou/Meziantou.Analyzer/blob/main/docs/Rules/MA0004.md) [C:\Projects\Hazina\src\Core\Agents\Hazina.Generator\Hazina.Generator.csproj::TargetFramework=net9.0]
C:\Projects\Hazina\src\Core\Agents\Hazina.Generator\Core\DocumentGenerator.cs(202,37): warning MA0004: Use Task.ConfigureAwait(false) if the current SynchronizationContext is not needed (https://github.com/meziantou/Meziantou.Analyzer/blob/main/docs/Rules/MA0004.md) [C:\Projects\Hazina\src\Core\Agents\Hazina.Generator\Hazina.Generator.csproj::TargetFramework=net9.0]
C:\Projects\Hazina\src\Core\Agents\Hazina.Generator\Core\DocumentGenerator.cs(205,24): warning MA0004: Use Task.ConfigureAwait(false) if the current SynchronizationContext is not needed (https://github.com/meziantou/Meziantou.Analyzer/blob/main/docs/Rules/MA0004.md) [C:\Projects\Hazina\src\Core\Agents\Hazina.Generator\Hazina.Generator.csproj::TargetFramework=net9.0]
C:\Projects\Hazina\src\Core\Agents\Hazina.Generator\Core\DocumentGenerator.cs(213,29): warning MA0004: Use Task.ConfigureAwait(false) if the current SynchronizationContext is not needed (https://github.com/meziantou/Meziantou.Analyzer/blob/main/docs/Rules/MA0004.md) [C:\Projects\Hazina\src\Core\Agents\Hazina.Generator\Hazina.Generator.csproj::TargetFramework=net9.0]
C:\Projects\Hazina\src\Core\Agents\Hazina.Generator\Core\DocumentGenerator.cs(193,31): warning CA1851: Possible multiple enumerations of 'IEnumerable' collection. Consider using an implementation that avoids multiple enumerations. (https://learn.microsoft.com/dotnet/fundamentals/code-analysis/quality-rules/ca1851) [C:\Projects\Hazina\src\Core\Agents\Hazina.Generator\Hazina.Generator.csproj::TargetFramework=net9.0]
C:\Projects\Hazina\src\Core\Agents\Hazina.Generator\Core\DocumentGenerator.cs(190,17): warning CA1851: Possible multiple enumerations of 'IEnumerable' collection. Consider using an implementation that avoids multiple enumerations. (https://learn.microsoft.com/dotnet/fundamentals/code-analysis/quality-rules/ca1851) [C:\Projects\Hazina\src\Core\Agents\Hazina.Generator\Hazina.Generator.csproj::TargetFramework=net9.0]
C:\Projects\Hazina\src\Core\Agents\Hazina.Generator\Core\DocumentGenerator.cs(219,35): warning CA1851: Possible multiple enumerations of 'IEnumerable' collection. Consider using an implementation that avoids multiple enumerations. (https://learn.microsoft.com/dotnet/fundamentals/code-analysis/quality-rules/ca1851) [C:\Projects\Hazina\src\Core\Agents\Hazina.Generator\Hazina.Generator.csproj::TargetFramework=net9.0]
C:\Projects\Hazina\src\Core\Agents\Hazina.Generator\Core\DocumentGenerator.cs(194,78): warning CA1851: Possible multiple enumerations of 'IEnumerable' collection. Consider using an implementation that avoids multiple enumerations. (https://learn.microsoft.com/dotnet/fundamentals/code-analysis/quality-rules/ca1851) [C:\Projects\Hazina\src\Core\Agents\Hazina.Generator\Hazina.Generator.csproj::TargetFramework=net9.0]
  Hazina.Generator -> C:\Projects\Hazina\src\Core\Agents\Hazina.Generator\bin\Debug\net9.0\Hazina.Generator.dll
  Hazina.LLMs.HuggingFace.Tests -> C:\Projects\Hazina\artifacts\tests\Hazina.LLMs.HuggingFace.Tests\bin\Debug\Hazina.LLMs.HuggingFace.Tests.dll
  Hazina.Store.Sqlite -> C:\Projects\Hazina\src\Core\Storage\Hazina.Store.Sqlite\bin\Debug\net9.0\Hazina.Store.Sqlite.dll
  Hazina.App.ClaudeCode -> C:\Projects\Hazina\apps\CLI\Hazina.App.ClaudeCode\bin\Debug\net9.0\Hazina.App.ClaudeCode.dll
  Hazina.Store.EmbeddingStore -> C:\Projects\Hazina\src\Core\Storage\Hazina.Store.EmbeddingStore\bin\Debug\net10.0\Hazina.Store.EmbeddingStore.dll
  Hazina.LLMs.SemanticKernel -> C:\Projects\Hazina\src\Core\LLMs.Providers\Hazina.LLMs.SemanticKernel\bin\Debug\net9.0\Hazina.LLMs.SemanticKernel.dll
  Hazina.AI.Providers -> C:\Projects\Hazina\src\Core\AI\Hazina.AI.Providers\bin\Debug\net10.0\Hazina.AI.Providers.dll
  Hazina.LLMs.Gemini -> C:\Projects\Hazina\src\Core\LLMs.Providers\Hazina.LLMs.Gemini\bin\Debug\net10.0\Hazina.LLMs.Gemini.dll
  Hazina.Agents.Tools -> C:\Projects\Hazina\src\Hazina.Agents.Tools\bin\Debug\net10.0\Hazina.Agents.Tools.dll
  Hazina.LLMs.HuggingFace -> C:\Projects\Hazina\src\Core\LLMs.Providers\Hazina.LLMs.HuggingFace\bin\Debug\net10.0\Hazina.LLMs.HuggingFace.dll
  Hazina.LLMs.Ollama -> C:\Projects\Hazina\src\Core\LLMs.Providers\Hazina.LLMs.Ollama\bin\Debug\net9.0\Hazina.LLMs.Ollama.dll
  Hazina.DynamicAPI -> C:\Projects\Hazina\src\Core\Agents\Hazina.DynamicAPI\bin\Debug\net10.0\Hazina.DynamicAPI.dll
  Hazina.LLMs.OpenAI -> C:\Projects\Hazina\src\Core\LLMs.Providers\Hazina.LLMs.OpenAI\bin\Debug\net10.0\Hazina.LLMs.OpenAI.dll
  Hazina.Observability.LLMLogs -> C:\Projects\Hazina\src\Core\Observability\Hazina.Observability.LLMLogs\bin\Debug\net10.0\Hazina.Observability.LLMLogs.dll
  Hazina.Services.Geometric -> C:\Projects\Hazina\Hazina.Services.Geometric\bin\Debug\net10.0\Hazina.Services.Geometric.dll
  Hazina.Data -> C:\Projects\Hazina\Hazina.Data\bin\Debug\net10.0\Hazina.Data.dll
  Hazina.TaskRunner.UI -> C:\Projects\Hazina\src\Hazina.TaskRunner.UI\bin\Debug\net8.0-windows\Hazina.TaskRunner.UI.dll
  Hazina.TaskRunner.UI -> C:\Projects\Hazina\src\Hazina.TaskRunner.UI\bin\Debug\net9.0-windows\Hazina.TaskRunner.UI.dll
  Hazina.Store.PgVector -> C:\Projects\Hazina\src\Core\Storage\Hazina.Store.PgVector\bin\Debug\net8.0\Hazina.Store.PgVector.dll
  Hazina.AI.PromptManagement -> C:\Projects\Hazina\src\Core\AI\Hazina.AI.PromptManagement\bin\Debug\net10.0\Hazina.AI.PromptManagement.dll
  Hazina.Data -> C:\Projects\Hazina\Hazina.Data\bin\Debug\net9.0\Hazina.Data.dll
  Hazina.LLMClientTools -> C:\Projects\Hazina\src\Core\LLMs\Hazina.LLMClientTools\bin\Debug\net10.0\Hazina.LLMClientTools.dll
  Hazina.Store.PgVector -> C:\Projects\Hazina\src\Core\Storage\Hazina.Store.PgVector\bin\Debug\net10.0\Hazina.Store.PgVector.dll
  Hazina.LLMs.Ollama -> C:\Projects\Hazina\src\Core\LLMs.Providers\Hazina.LLMs.Ollama\bin\Debug\net10.0\Hazina.LLMs.Ollama.dll
  Hazina.LLMs.Anthropic -> C:\Projects\Hazina\src\Core\LLMs.Providers\Hazina.LLMs.Anthropic\bin\Debug\net10.0\Hazina.LLMs.Anthropic.dll
  Hazina.LLMs.Ollama -> C:\Projects\Hazina\src\Core\LLMs.Providers\Hazina.LLMs.Ollama\bin\Debug\net8.0\Hazina.LLMs.Ollama.dll
  Hazina.AI.FaultDetection -> C:\Projects\Hazina\src\Core\AI\Hazina.AI.FaultDetection\bin\Debug\net10.0\Hazina.AI.FaultDetection.dll
  Hazina.Agents.Coding -> C:\Projects\Hazina\src\Hazina.Agents.Coding\bin\Debug\net10.0\Hazina.Agents.Coding.dll
  Hazina.Services.Geometric -> C:\Projects\Hazina\Hazina.Services.Geometric\bin\Debug\net9.0\Hazina.Services.Geometric.dll
  Hazina.Store.Faiss -> C:\Projects\Hazina\src\Core\Storage\Hazina.Store.Faiss\bin\Debug\net10.0\Hazina.Store.Faiss.dll
  Hazina.Store.DocumentStore -> C:\Projects\Hazina\src\Core\Storage\Hazina.Store.DocumentStore\bin\Debug\net10.0\Hazina.Store.DocumentStore.dll
  Hazina.Core -> C:\Projects\Hazina\Hazina.Core\bin\Debug\net8.0\Hazina.Core.dll
  Hazina.LLMs.Anthropic.Tests -> C:\Projects\Hazina\artifacts\tests\Hazina.LLMs.Anthropic.Tests\bin\Debug\Hazina.LLMs.Anthropic.Tests.dll
  Hazina.App.HazinaCoder -> C:\Projects\Hazina\apps\CLI\Hazina.App.HazinaCoder\bin\Debug\net9.0\hazinacoder.dll
  Hazina.Security.AspNetCore -> C:\Projects\Hazina\src\Core\Security\Hazina.Security.AspNetCore\bin\Debug\net9.0\Hazina.Security.AspNetCore.dll
  Hazina.TaskRunner.UI -> C:\Projects\Hazina\src\Hazina.TaskRunner.UI\bin\Debug\net10.0-windows\Hazina.TaskRunner.UI.dll
C:\Projects\Hazina\Tests\Hazina.LLMs.GoogleADK.Tests\DeveloperUI\AgentMonitorTests.cs(77,23): warning CA2000: Call System.IDisposable.Dispose on object created by 'new AgentMonitor()' before all references to it are out of scope (https://learn.microsoft.com/dotnet/fundamentals/code-analysis/quality-rules/ca2000) [C:\Projects\Hazina\Tests\Hazina.LLMs.GoogleADK.Tests\Hazina.LLMs.GoogleADK.Tests.csproj]
C:\Projects\Hazina\Tests\Hazina.LLMs.GoogleADK.Tests\DeveloperUI\AgentMonitorTests.cs(95,23): warning CA2000: Call System.IDisposable.Dispose on object created by 'new AgentMonitor()' before all references to it are out of scope (https://learn.microsoft.com/dotnet/fundamentals/code-analysis/quality-rules/ca2000) [C:\Projects\Hazina\Tests\Hazina.LLMs.GoogleADK.Tests\Hazina.LLMs.GoogleADK.Tests.csproj]
  Hazina.AI.Orchestration -> C:\Projects\Hazina\src\Core\AI\Hazina.AI.Orchestration\bin\Debug\net9.0\Hazina.AI.Orchestration.dll
  Hazina.AI.Orchestration -> C:\Projects\Hazina\src\Core\AI\Hazina.AI.Orchestration\bin\Debug\net10.0\Hazina.AI.Orchestration.dll
C:\Projects\Hazina\Tests\Hazina.LLMs.GoogleADK.Tests\DeveloperUI\AgentMonitorTests.cs(113,23): warning CA2000: Call System.IDisposable.Dispose on object created by 'new AgentMonitor()' before all references to it are out of scope (https://learn.microsoft.com/dotnet/fundamentals/code-analysis/quality-rules/ca2000) [C:\Projects\Hazina\Tests\Hazina.LLMs.GoogleADK.Tests\Hazina.LLMs.GoogleADK.Tests.csproj]
C:\Projects\Hazina\Tests\Hazina.LLMs.GoogleADK.Tests\DeveloperUI\AgentMonitorTests.cs(131,23): warning CA2000: Call System.IDisposable.Dispose on object created by 'new AgentMonitor()' before all references to it are out of scope (https://learn.microsoft.com/dotnet/fundamentals/code-analysis/quality-rules/ca2000) [C:\Projects\Hazina\Tests\Hazina.LLMs.GoogleADK.Tests\Hazina.LLMs.GoogleADK.Tests.csproj]
C:\Projects\Hazina\Tests\Hazina.LLMs.GoogleADK.Tests\Artifacts\ArtifactManagerTests.cs(11,38): warning CA2213: 'ArtifactManagerTests' contains field '_manager' that is of IDisposable type 'ArtifactManager', but it is never disposed. Change the Dispose method on 'ArtifactManagerTests' to call Close or Dispose on this field. (https://learn.microsoft.com/dotnet/fundamentals/code-analysis/quality-rules/ca2213) [C:\Projects\Hazina\Tests\Hazina.LLMs.GoogleADK.Tests\Hazina.LLMs.GoogleADK.Tests.csproj]
C:\Projects\Hazina\Tests\Hazina.LLMs.GoogleADK.Tests\Events\StreamingEventBusTests.cs(43,21): warning CA1849: 'CancellationTokenSource.Cancel()' synchronously blocks. Await 'CancellationTokenSource.CancelAsync()' instead. (https://learn.microsoft.com/dotnet/fundamentals/code-analysis/quality-rules/ca1849) [C:\Projects\Hazina\Tests\Hazina.LLMs.GoogleADK.Tests\Hazina.LLMs.GoogleADK.Tests.csproj]
C:\Projects\Hazina\Tests\Hazina.LLMs.GoogleADK.Tests\Events\StreamingEventBusTests.cs(89,25): warning xUnit1031: Test methods should not use blocking task operations, as they can cause deadlocks. Use an async test method and await instead. (https://xunit.net/xunit.analyzers/rules/xUnit1031) [C:\Projects\Hazina\Tests\Hazina.LLMs.GoogleADK.Tests\Hazina.LLMs.GoogleADK.Tests.csproj]
C:\Projects\Hazina\Tests\Hazina.LLMs.GoogleADK.Tests\Events\StreamingEventBusTests.cs(33,19): warning CA2000: Call System.IDisposable.Dispose on object created by 'new CancellationTokenSource()' before all references to it are out of scope (https://learn.microsoft.com/dotnet/fundamentals/code-analysis/quality-rules/ca2000) [C:\Projects\Hazina\Tests\Hazina.LLMs.GoogleADK.Tests\Hazina.LLMs.GoogleADK.Tests.csproj]
C:\Projects\Hazina\Tests\Hazina.LLMs.GoogleADK.Tests\Events\StreamingEventBusTests.cs(73,19): warning CA2000: Call System.IDisposable.Dispose on object created by 'new CancellationTokenSource()' before all references to it are out of scope (https://learn.microsoft.com/dotnet/fundamentals/code-analysis/quality-rules/ca2000) [C:\Projects\Hazina\Tests\Hazina.LLMs.GoogleADK.Tests\Hazina.LLMs.GoogleADK.Tests.csproj]
C:\Projects\Hazina\apps\Demos\Hazina.Demo.FolderToPostgres\Program.cs(49,34): warning CS0618: 'PgVectorTextEmbeddingStore' is obsolete: 'Use PgVectorStore with EmbeddingService instead. See Store/EmbeddingStore/PgVectorStore.cs' [C:\Projects\Hazina\apps\Demos\Hazina.Demo.FolderToPostgres\Hazina.Demo.FolderToPostgres.csproj]
CSC : warning CA1016: Mark assemblies with assembly version (https://learn.microsoft.com/dotnet/fundamentals/code-analysis/quality-rules/ca1016) [C:\Projects\Hazina\apps\Demos\Hazina.Demo.FolderToPostgres\Hazina.Demo.FolderToPostgres.csproj]
C:\Projects\Hazina\apps\Demos\Hazina.Demo.FolderToPostgres\Program.cs(136,7): warning MA0047: Declare type 'DummyLLMClient' in a namespace (https://github.com/meziantou/Meziantou.Analyzer/blob/main/docs/Rules/MA0047.md) [C:\Projects\Hazina\apps\Demos\Hazina.Demo.FolderToPostgres\Hazina.Demo.FolderToPostgres.csproj]
C:\Projects\Hazina\apps\Demos\Hazina.Demo.FolderToPostgres\Program.cs(136,7): warning MA0048: File name must match type name (https://github.com/meziantou/Meziantou.Analyzer/blob/main/docs/Rules/MA0048.md) [C:\Projects\Hazina\apps\Demos\Hazina.Demo.FolderToPostgres\Hazina.Demo.FolderToPostgres.csproj]
C:\Projects\Hazina\apps\Demos\Hazina.Demo.FolderToPostgres\Program.cs(2,1): warning SA1208: Using directive for 'System.Security.Cryptography' should appear before directive for 'Hazina.LLMs.OpenAI' (https://github.com/DotNetAnalyzers/StyleCopAnalyzers/blob/master/documentation/SA1208.md) [C:\Projects\Hazina\apps\Demos\Hazina.Demo.FolderToPostgres\Hazina.Demo.FolderToPostgres.csproj]
C:\Projects\Hazina\apps\Demos\Hazina.Demo.FolderToPostgres\Program.cs(1,1): warning SA1210: Using directives should be ordered alphabetically by the namespaces (https://github.com/DotNetAnalyzers/StyleCopAnalyzers/blob/master/documentation/SA1210.md) [C:\Projects\Hazina\apps\Demos\Hazina.Demo.FolderToPostgres\Hazina.Demo.FolderToPostgres.csproj]
C:\Projects\Hazina\apps\Demos\Hazina.Demo.FolderToPostgres\Program.cs(6,7): warning MA0047: Declare type 'Program' in a namespace (https://github.com/meziantou/Meziantou.Analyzer/blob/main/docs/Rules/MA0047.md) [C:\Projects\Hazina\apps\Demos\Hazina.Demo.FolderToPostgres\Hazina.Demo.FolderToPostgres.csproj]
C:\Projects\Hazina\apps\Demos\Hazina.Demo.FolderToPostgres\Program.cs(6,7): warning S1118: Add a 'protected' constructor or the 'static' keyword to the class declaration. (https://rules.sonarsource.com/csharp/RSPEC-1118) [C:\Projects\Hazina\apps\Demos\Hazina.Demo.FolderToPostgres\Hazina.Demo.FolderToPostgres.csproj]
C:\Projects\Hazina\apps\Demos\Hazina.Demo.FolderToPostgres\Program.cs(1,1): warning SA1633: The file header is missing or not located at the top of the file. (https://github.com/DotNetAnalyzers/StyleCopAnalyzers/blob/master/documentation/SA1633.md) [C:\Projects\Hazina\apps\Demos\Hazina.Demo.FolderToPostgres\Hazina.Demo.FolderToPostgres.csproj]
C:\Projects\Hazina\apps\Demos\Hazina.Demo.FolderToPostgres\Program.cs(136,7): warning S101: Rename class 'DummyLLMClient' to match pascal case naming rules, consider using 'DummyLlmClient'. (https://rules.sonarsource.com/csharp/RSPEC-101) [C:\Projects\Hazina\apps\Demos\Hazina.Demo.FolderToPostgres\Hazina.Demo.FolderToPostgres.csproj]
C:\Projects\Hazina\apps\Demos\Hazina.Demo.FolderToPostgres\Program.cs(136,7): warning S3903: Move 'DummyLLMClient' into a named namespace. (https://rules.sonarsource.com/csharp/RSPEC-3903) [C:\Projects\Hazina\apps\Demos\Hazina.Demo.FolderToPostgres\Hazina.Demo.FolderToPostgres.csproj]
C:\Projects\Hazina\apps\Demos\Hazina.Demo.FolderToPostgres\Program.cs(168,10): warning SA1513: Closing brace should be followed by blank line (https://github.com/DotNetAnalyzers/StyleCopAnalyzers/blob/master/documentation/SA1513.md) [C:\Projects\Hazina\apps\Demos\Hazina.Demo.FolderToPostgres\Hazina.Demo.FolderToPostgres.csproj]
C:\Projects\Hazina\apps\Demos\Hazina.Demo.FolderToPostgres\Program.cs(41,9): warning SA1515: Single-line comment should be preceded by blank line (https://github.com/DotNetAnalyzers/StyleCopAnalyzers/blob/master/documentation/SA1515.md) [C:\Projects\Hazina\apps\Demos\Hazina.Demo.FolderToPostgres\Hazina.Demo.FolderToPostgres.csproj]
C:\Projects\Hazina\apps\Demos\Hazina.Demo.FolderToPostgres\Program.cs(131,9): warning SA1515: Single-line comment should be preceded by blank line (https://github.com/DotNetAnalyzers/StyleCopAnalyzers/blob/master/documentation/SA1515.md) [C:\Projects\Hazina\apps\Demos\Hazina.Demo.FolderToPostgres\Hazina.Demo.FolderToPostgres.csproj]
C:\Projects\Hazina\apps\Demos\Hazina.Demo.FolderToPostgres\Program.cs(189,2): warning SA1518: File is required to end with a single newline character (https://github.com/DotNetAnalyzers/StyleCopAnalyzers/blob/master/documentation/SA1518.md) [C:\Projects\Hazina\apps\Demos\Hazina.Demo.FolderToPostgres\Hazina.Demo.FolderToPostgres.csproj]
C:\Projects\Hazina\apps\Demos\Hazina.Demo.FolderToPostgres\Program.cs(136,7): warning SA1402: File may only contain a single type (https://github.com/DotNetAnalyzers/StyleCopAnalyzers/blob/master/documentation/SA1402.md) [C:\Projects\Hazina\apps\Demos\Hazina.Demo.FolderToPostgres\Hazina.Demo.FolderToPostgres.csproj]
C:\Projects\Hazina\apps\Demos\Hazina.Demo.FolderToPostgres\Program.cs(139,1): warning SA1516: Elements should be separated by blank line (https://github.com/DotNetAnalyzers/StyleCopAnalyzers/blob/master/documentation/SA1516.md) [C:\Projects\Hazina\apps\Demos\Hazina.Demo.FolderToPostgres\Hazina.Demo.FolderToPostgres.csproj]
C:\Projects\Hazina\apps\Demos\Hazina.Demo.FolderToPostgres\Program.cs(136,7): warning SA1400: Element 'DummyLLMClient' should declare an access modifier (https://github.com/DotNetAnalyzers/StyleCopAnalyzers/blob/master/documentation/SA1400.md) [C:\Projects\Hazina\apps\Demos\Hazina.Demo.FolderToPostgres\Hazina.Demo.FolderToPostgres.csproj]
C:\Projects\Hazina\apps\Demos\Hazina.Demo.FolderToPostgres\Program.cs(173,12): warning MA0025: Implement the functionality (or raise NotSupportedException or PlatformNotSupportedException) (https://github.com/meziantou/Meziantou.Analyzer/blob/main/docs/Rules/MA0025.md) [C:\Projects\Hazina\apps\Demos\Hazina.Demo.FolderToPostgres\Hazina.Demo.FolderToPostgres.csproj]
C:\Projects\Hazina\apps\Demos\Hazina.Demo.FolderToPostgres\Program.cs(6,7): warning S3903: Move 'Program' into a named namespace. (https://rules.sonarsource.com/csharp/RSPEC-3903) [C:\Projects\Hazina\apps\Demos\Hazina.Demo.FolderToPostgres\Hazina.Demo.FolderToPostgres.csproj]
C:\Projects\Hazina\apps\Demos\Hazina.Demo.FolderToPostgres\Program.cs(176,12): warning MA0025: Implement the functionality (or raise NotSupportedException or PlatformNotSupportedException) (https://github.com/meziantou/Meziantou.Analyzer/blob/main/docs/Rules/MA0025.md) [C:\Projects\Hazina\apps\Demos\Hazina.Demo.FolderToPostgres\Hazina.Demo.FolderToPostgres.csproj]
C:\Projects\Hazina\apps\Demos\Hazina.Demo.FolderToPostgres\Program.cs(184,63): warning SA1314: Type parameter names should begin with T (https://github.com/DotNetAnalyzers/StyleCopAnalyzers/blob/master/documentation/SA1314.md) [C:\Projects\Hazina\apps\Demos\Hazina.Demo.FolderToPostgres\Hazina.Demo.FolderToPostgres.csproj]
C:\Projects\Hazina\apps\Demos\Hazina.Demo.FolderToPostgres\Program.cs(184,223): warning SA1127: Generic type constraints should be on their own line (https://github.com/DotNetAnalyzers/StyleCopAnalyzers/blob/master/documentation/SA1127.md) [C:\Projects\Hazina\apps\Demos\Hazina.Demo.FolderToPostgres\Hazina.Demo.FolderToPostgres.csproj]
C:\Projects\Hazina\apps\Demos\Hazina.Demo.FolderToPostgres\Program.cs(182,12): warning MA0025: Implement the functionality (or raise NotSupportedException or PlatformNotSupportedException) (https://github.com/meziantou/Meziantou.Analyzer/blob/main/docs/Rules/MA0025.md) [C:\Projects\Hazina\apps\Demos\Hazina.Demo.FolderToPostgres\Hazina.Demo.FolderToPostgres.csproj]
  Hazina.TaskRunner.Tests -> C:\Projects\Hazina\src\Hazina.TaskRunner.Tests\bin\Debug\net10.0\Hazina.TaskRunner.Tests.dll
C:\Projects\Hazina\apps\Demos\Hazina.Demo.FolderToPostgres\Program.cs(185,12): warning MA0025: Implement the functionality (or raise NotSupportedException or PlatformNotSupportedException) (https://github.com/meziantou/Meziantou.Analyzer/blob/main/docs/Rules/MA0025.md) [C:\Projects\Hazina\apps\Demos\Hazina.Demo.FolderToPostgres\Hazina.Demo.FolderToPostgres.csproj]
C:\Projects\Hazina\apps\Demos\Hazina.Demo.FolderToPostgres\Program.cs(14,28): warning MA0051: Method is too long (83 lines; maximum allowed: 60) (https://github.com/meziantou/Meziantou.Analyzer/blob/main/docs/Rules/MA0051.md) [C:\Projects\Hazina\apps\Demos\Hazina.Demo.FolderToPostgres\Hazina.Demo.FolderToPostgres.csproj]
C:\Projects\Hazina\apps\Demos\Hazina.Demo.FolderToPostgres\Program.cs(178,57): warning SA1314: Type parameter names should begin with T (https://github.com/DotNetAnalyzers/StyleCopAnalyzers/blob/master/documentation/SA1314.md) [C:\Projects\Hazina\apps\Demos\Hazina.Demo.FolderToPostgres\Hazina.Demo.FolderToPostgres.csproj]
C:\Projects\Hazina\apps\Demos\Hazina.Demo.FolderToPostgres\Program.cs(178,185): warning SA1127: Generic type constraints should be on their own line (https://github.com/DotNetAnalyzers/StyleCopAnalyzers/blob/master/documentation/SA1127.md) [C:\Projects\Hazina\apps\Demos\Hazina.Demo.FolderToPostgres\Hazina.Demo.FolderToPostgres.csproj]
C:\Projects\Hazina\apps\Demos\Hazina.Demo.FolderToPostgres\Program.cs(179,12): warning MA0025: Implement the functionality (or raise NotSupportedException or PlatformNotSupportedException) (https://github.com/meziantou/Meziantou.Analyzer/blob/main/docs/Rules/MA0025.md) [C:\Projects\Hazina\apps\Demos\Hazina.Demo.FolderToPostgres\Hazina.Demo.FolderToPostgres.csproj]
C:\Projects\Hazina\apps\Demos\Hazina.Demo.FolderToPostgres\Program.cs(152,13): warning SA1503: Braces should not be omitted (https://github.com/DotNetAnalyzers/StyleCopAnalyzers/blob/master/documentation/SA1503.md) [C:\Projects\Hazina\apps\Demos\Hazina.Demo.FolderToPostgres\Hazina.Demo.FolderToPostgres.csproj]
C:\Projects\Hazina\apps\Demos\Hazina.Demo.FolderToPostgres\Program.cs(10,27): warning CA1303: Method 'void Program.PrintUsage()' passes a literal string as parameter 'value' of a call to 'void Console.WriteLine(string? value)'. Retrieve the following string(s) from a resource table instead: "Usage: FolderToPostgres <folder> [--pattern <glob>] [--recurse] [--no-split]". (https://learn.microsoft.com/dotnet/fundamentals/code-analysis/quality-rules/ca1303) [C:\Projects\Hazina\apps\Demos\Hazina.Demo.FolderToPostgres\Hazina.Demo.FolderToPostgres.csproj]
C:\Projects\Hazina\apps\Demos\Hazina.Demo.FolderToPostgres\Program.cs(11,27): warning CA1303: Method 'void Program.PrintUsage()' passes a literal string as parameter 'value' of a call to 'void Console.WriteLine(string? value)'. Retrieve the following string(s) from a resource table instead: "Env: DEVGPT_PG_CONN=Postgres connection string (default local)       PROVIDER=openai|hf|dummy (auto by API keys)       OPENAI_API_KEY / DEVGPT_OPENAI_API_KEY       OPENAI_EMBED_MODEL (e.g. text-embedding-3-small|large)       HUGGINGFACE_API_KEY / HF_API_KEY       HUGGINGFACE_ENDPOINT (default https://api-inference.huggingface.co)       DEVGPT_EMBED_DIM=embedding dimension override". (https://learn.microsoft.com/dotnet/fundamentals/code-analysis/quality-rules/ca1303) [C:\Projects\Hazina\apps\Demos\Hazina.Demo.FolderToPostgres\Hazina.Demo.FolderToPostgres.csproj]
C:\Projects\Hazina\apps\Demos\Hazina.Demo.FolderToPostgres\Program.cs(130,36): warning SA1503: Braces should not be omitted (https://github.com/DotNetAnalyzers/StyleCopAnalyzers/blob/master/documentation/SA1503.md) [C:\Projects\Hazina\apps\Demos\Hazina.Demo.FolderToPostgres\Hazina.Demo.FolderToPostgres.csproj]
C:\Projects\Hazina\apps\Demos\Hazina.Demo.FolderToPostgres\Program.cs(167,25): warning SA1119: Statement should not use unnecessary parenthesis (https://github.com/DotNetAnalyzers/StyleCopAnalyzers/blob/master/documentation/SA1119.md) [C:\Projects\Hazina\apps\Demos\Hazina.Demo.FolderToPostgres\Hazina.Demo.FolderToPostgres.csproj]
C:\Projects\Hazina\apps\Demos\Hazina.Demo.FolderToPostgres\Program.cs(163,29): warning SA1407: Arithmetic expressions should declare precedence (https://github.com/DotNetAnalyzers/StyleCopAnalyzers/blob/master/documentation/SA1407.md) [C:\Projects\Hazina\apps\Demos\Hazina.Demo.FolderToPostgres\Hazina.Demo.FolderToPostgres.csproj]
C:\Projects\Hazina\apps\Demos\Hazina.Demo.FolderToPostgres\Program.cs(164,29): warning SA1407: Arithmetic expressions should declare precedence (https://github.com/DotNetAnalyzers/StyleCopAnalyzers/blob/master/documentation/SA1407.md) [C:\Projects\Hazina\apps\Demos\Hazina.Demo.FolderToPostgres\Hazina.Demo.FolderToPostgres.csproj]
C:\Projects\Hazina\apps\Demos\Hazina.Demo.FolderToPostgres\Program.cs(165,29): warning SA1407: Arithmetic expressions should declare precedence (https://github.com/DotNetAnalyzers/StyleCopAnalyzers/blob/master/documentation/SA1407.md) [C:\Projects\Hazina\apps\Demos\Hazina.Demo.FolderToPostgres\Hazina.Demo.FolderToPostgres.csproj]
C:\Projects\Hazina\apps\Demos\Hazina.Demo.FolderToPostgres\Program.cs(129,17): warning CA1308: In method 'GetOpenAiDefaultDim', replace the call to 'ToLowerInvariant' with 'ToUpperInvariant' (https://learn.microsoft.com/dotnet/fundamentals/code-analysis/quality-rules/ca1308) [C:\Projects\Hazina\apps\Demos\Hazina.Demo.FolderToPostgres\Hazina.Demo.FolderToPostgres.csproj]
C:\Projects\Hazina\apps\Demos\Hazina.Demo.FolderToPostgres\Program.cs(130,13): warning CA1307: 'string.Contains(string)' has a method overload that takes a 'StringComparison' parameter. Replace this call in 'Program.GetOpenAiDefaultDim(string)' with a call to 'string.Contains(string, System.StringComparison)' for clarity of intent. (https://learn.microsoft.com/dotnet/fundamentals/code-analysis/quality-rules/ca1307) [C:\Projects\Hazina\apps\Demos\Hazina.Demo.FolderToPostgres\Hazina.Demo.FolderToPostgres.csproj]
C:\Projects\Hazina\apps\Demos\Hazina.Demo.FolderToPostgres\Program.cs(34,83): warning S127: Do not update the loop counter 'i' within the loop body. (https://rules.sonarsource.com/csharp/RSPEC-127) [C:\Projects\Hazina\apps\Demos\Hazina.Demo.FolderToPostgres\Hazina.Demo.FolderToPostgres.csproj]
C:\Projects\Hazina\apps\Demos\Hazina.Demo.FolderToPostgres\Program.cs(6,7): warning SA1400: Element 'Program' should declare an access modifier (https://github.com/DotNetAnalyzers/StyleCopAnalyzers/blob/master/documentation/SA1400.md) [C:\Projects\Hazina\apps\Demos\Hazina.Demo.FolderToPostgres\Hazina.Demo.FolderToPostgres.csproj]
C:\Projects\Hazina\apps\Demos\Hazina.Demo.FolderToPostgres\Program.cs(112,105): warning SA1122: Use string.Empty for empty strings (https://github.com/DotNetAnalyzers/StyleCopAnalyzers/blob/master/documentation/SA1122.md) [C:\Projects\Hazina\apps\Demos\Hazina.Demo.FolderToPostgres\Hazina.Demo.FolderToPostgres.csproj]
C:\Projects\Hazina\apps\Demos\Hazina.Demo.FolderToPostgres\Program.cs(158,21): warning CA1850: Prefer static 'System.Security.Cryptography.SHA256.HashData' method over 'ComputeHash' (https://learn.microsoft.com/dotnet/fundamentals/code-analysis/quality-rules/ca1850) [C:\Projects\Hazina\apps\Demos\Hazina.Demo.FolderToPostgres\Hazina.Demo.FolderToPostgres.csproj]
C:\Projects\Hazina\apps\Demos\Hazina.Demo.FolderToPostgres\Program.cs(102,75): warning CA1308: In method 'CreateEmbeddingClient', replace the call to 'ToLowerInvariant' with 'ToUpperInvariant' (https://learn.microsoft.com/dotnet/fundamentals/code-analysis/quality-rules/ca1308) [C:\Projects\Hazina\apps\Demos\Hazina.Demo.FolderToPostgres\Hazina.Demo.FolderToPostgres.csproj]
C:\Projects\Hazina\apps\Demos\Hazina.Demo.FolderToPostgres\Program.cs(36,59): warning S3626: Remove this redundant jump. (https://rules.sonarsource.com/csharp/RSPEC-3626) [C:\Projects\Hazina\apps\Demos\Hazina.Demo.FolderToPostgres\Hazina.Demo.FolderToPostgres.csproj]
C:\Projects\Hazina\apps\Demos\Hazina.Demo.FolderToPostgres\Program.cs(107,13): warning MA0006: Use string.Equals instead of Equals operator (https://github.com/meziantou/Meziantou.Analyzer/blob/main/docs/Rules/MA0006.md) [C:\Projects\Hazina\apps\Demos\Hazina.Demo.FolderToPostgres\Hazina.Demo.FolderToPostgres.csproj]
C:\Projects\Hazina\apps\Demos\Hazina.Demo.FolderToPostgres\Program.cs(107,79): warning MA0006: Use string.Equals instead of NotEquals operator (https://github.com/meziantou/Meziantou.Analyzer/blob/main/docs/Rules/MA0006.md) [C:\Projects\Hazina\apps\Demos\Hazina.Demo.FolderToPostgres\Hazina.Demo.FolderToPostgres.csproj]
C:\Projects\Hazina\apps\Demos\Hazina.Demo.FolderToPostgres\Program.cs(123,27): warning CA1303: Method 'ILLMClient Program.CreateEmbeddingClient(out int defaultDimension)' passes a literal string as parameter 'value' of a call to 'void Console.WriteLine(string? value)'. Retrieve the following string(s) from a resource table instead: "Provider: Dummy deterministic embeddings (for local testing)". (https://learn.microsoft.com/dotnet/fundamentals/code-analysis/quality-rules/ca1303) [C:\Projects\Hazina\apps\Demos\Hazina.Demo.FolderToPostgres\Hazina.Demo.FolderToPostgres.csproj]
C:\Projects\Hazina\apps\Demos\Hazina.Demo.FolderToPostgres\Program.cs(34,64): warning SA1501: Statement should not be on a single line (https://github.com/DotNetAnalyzers/StyleCopAnalyzers/blob/master/documentation/SA1501.md) [C:\Projects\Hazina\apps\Demos\Hazina.Demo.FolderToPostgres\Hazina.Demo.FolderToPostgres.csproj]
C:\Projects\Hazina\apps\Demos\Hazina.Demo.FolderToPostgres\Program.cs(35,41): warning SA1501: Statement should not be on a single line (https://github.com/DotNetAnalyzers/StyleCopAnalyzers/blob/master/documentation/SA1501.md) [C:\Projects\Hazina\apps\Demos\Hazina.Demo.FolderToPostgres\Hazina.Demo.FolderToPostgres.csproj]
C:\Projects\Hazina\apps\Demos\Hazina.Demo.FolderToPostgres\Program.cs(36,42): warning SA1501: Statement should not be on a single line (https://github.com/DotNetAnalyzers/StyleCopAnalyzers/blob/master/documentation/SA1501.md) [C:\Projects\Hazina\apps\Demos\Hazina.Demo.FolderToPostgres\Hazina.Demo.FolderToPostgres.csproj]
C:\Projects\Hazina\apps\Demos\Hazina.Demo.FolderToPostgres\Program.cs(45,93): warning SA1503: Braces should not be omitted (https://github.com/DotNetAnalyzers/StyleCopAnalyzers/blob/master/documentation/SA1503.md) [C:\Projects\Hazina\apps\Demos\Hazina.Demo.FolderToPostgres\Hazina.Demo.FolderToPostgres.csproj]
C:\Projects\Hazina\apps\Demos\Hazina.Demo.FolderToPostgres\Program.cs(14,28): warning SA1400: Element 'Main' should declare an access modifier (https://github.com/DotNetAnalyzers/StyleCopAnalyzers/blob/master/documentation/SA1400.md) [C:\Projects\Hazina\apps\Demos\Hazina.Demo.FolderToPostgres\Hazina.Demo.FolderToPostgres.csproj]
C:\Projects\Hazina\apps\Demos\Hazina.Demo.FolderToPostgres\Program.cs(34,87): warning SA1107: Code should not contain multiple statements on one line (https://github.com/DotNetAnalyzers/StyleCopAnalyzers/blob/master/documentation/SA1107.md) [C:\Projects\Hazina\apps\Demos\Hazina.Demo.FolderToPostgres\Hazina.Demo.FolderToPostgres.csproj]
C:\Projects\Hazina\apps\Demos\Hazina.Demo.FolderToPostgres\Program.cs(35,59): warning SA1107: Code should not contain multiple statements on one line (https://github.com/DotNetAnalyzers/StyleCopAnalyzers/blob/master/documentation/SA1107.md) [C:\Projects\Hazina\apps\Demos\Hazina.Demo.FolderToPostgres\Hazina.Demo.FolderToPostgres.csproj]
C:\Projects\Hazina\apps\Demos\Hazina.Demo.FolderToPostgres\Program.cs(36,59): warning SA1107: Code should not contain multiple statements on one line (https://github.com/DotNetAnalyzers/StyleCopAnalyzers/blob/master/documentation/SA1107.md) [C:\Projects\Hazina\apps\Demos\Hazina.Demo.FolderToPostgres\Hazina.Demo.FolderToPostgres.csproj]
C:\Projects\Hazina\apps\Demos\Hazina.Demo.FolderToPostgres\Program.cs(25,13): warning CA1849: 'TextWriter.WriteLine(string?)' synchronously blocks. Await 'TextWriter.WriteLineAsync()' instead. (https://learn.microsoft.com/dotnet/fundamentals/code-analysis/quality-rules/ca1849) [C:\Projects\Hazina\apps\Demos\Hazina.Demo.FolderToPostgres\Hazina.Demo.FolderToPostgres.csproj]
C:\Projects\Hazina\apps\Demos\Hazina.Demo.FolderToPostgres\Program.cs(76,31): warning CA1849: 'File.ReadAllText(string)' synchronously blocks. Await 'File.ReadAllTextAsync(string, CancellationToken)' instead. (https://learn.microsoft.com/dotnet/fundamentals/code-analysis/quality-rules/ca1849) [C:\Projects\Hazina\apps\Demos\Hazina.Demo.FolderToPostgres\Hazina.Demo.FolderToPostgres.csproj]
C:\Projects\Hazina\apps\Demos\Hazina.Demo.FolderToPostgres\Program.cs(85,17): warning MA0004: Use Task.ConfigureAwait(false) if the current SynchronizationContext is not needed (https://github.com/meziantou/Meziantou.Analyzer/blob/main/docs/Rules/MA0004.md) [C:\Projects\Hazina\apps\Demos\Hazina.Demo.FolderToPostgres\Hazina.Demo.FolderToPostgres.csproj]
C:\Projects\Hazina\apps\Demos\Hazina.Demo.FolderToPostgres\Program.cs(45,51): warning MA0011: Use an overload of 'TryParse' that has a 'System.IFormatProvider' parameter (https://github.com/meziantou/Meziantou.Analyzer/blob/main/docs/Rules/MA0011.md) [C:\Projects\Hazina\apps\Demos\Hazina.Demo.FolderToPostgres\Hazina.Demo.FolderToPostgres.csproj]
C:\Projects\Hazina\apps\Demos\Hazina.Demo.FolderToPostgres\Program.cs(34,17): warning MA0006: Use string.Equals instead of Equals operator (https://github.com/meziantou/Meziantou.Analyzer/blob/main/docs/Rules/MA0006.md) [C:\Projects\Hazina\apps\Demos\Hazina.Demo.FolderToPostgres\Hazina.Demo.FolderToPostgres.csproj]
C:\Projects\Hazina\apps\Demos\Hazina.Demo.FolderToPostgres\Program.cs(35,17): warning MA0006: Use string.Equals instead of Equals operator (https://github.com/meziantou/Meziantou.Analyzer/blob/main/docs/Rules/MA0006.md) [C:\Projects\Hazina\apps\Demos\Hazina.Demo.FolderToPostgres\Hazina.Demo.FolderToPostgres.csproj]
C:\Projects\Hazina\apps\Demos\Hazina.Demo.FolderToPostgres\Program.cs(36,17): warning MA0006: Use string.Equals instead of Equals operator (https://github.com/meziantou/Meziantou.Analyzer/blob/main/docs/Rules/MA0006.md) [C:\Projects\Hazina\apps\Demos\Hazina.Demo.FolderToPostgres\Hazina.Demo.FolderToPostgres.csproj]
C:\Projects\Hazina\apps\Demos\Hazina.Demo.FolderToPostgres\Program.cs(78,17): warning CA1031: Modify 'Main' to catch a more specific allowed exception type, or rethrow the exception (https://learn.microsoft.com/dotnet/fundamentals/code-analysis/quality-rules/ca1031) [C:\Projects\Hazina\apps\Demos\Hazina.Demo.FolderToPostgres\Hazina.Demo.FolderToPostgres.csproj]
C:\Projects\Hazina\apps\Demos\Hazina.Demo.FolderToPostgres\Program.cs(89,13): warning CA1031: Modify 'Main' to catch a more specific allowed exception type, or rethrow the exception (https://learn.microsoft.com/dotnet/fundamentals/code-analysis/quality-rules/ca1031) [C:\Projects\Hazina\apps\Demos\Hazina.Demo.FolderToPostgres\Hazina.Demo.FolderToPostgres.csproj]
C:\Projects\Hazina\apps\Demos\Hazina.Demo.FolderToPostgres\Program.cs(59,31): warning CA1303: Method 'Task<int> Program.Main(string[] args)' passes a literal string as parameter 'value' of a call to 'void Console.WriteLine(string? value)'. Retrieve the following string(s) from a resource table instead: "No files matched.". (https://learn.microsoft.com/dotnet/fundamentals/code-analysis/quality-rules/ca1303) [C:\Projects\Hazina\apps\Demos\Hazina.Demo.FolderToPostgres\Hazina.Demo.FolderToPostgres.csproj]
C:\Projects\Hazina\apps\Demos\Hazina.Demo.FolderToPostgres\Program.cs(25,13): warning S6966: Await WriteLineAsync instead. (https://rules.sonarsource.com/csharp/RSPEC-6966) [C:\Projects\Hazina\apps\Demos\Hazina.Demo.FolderToPostgres\Hazina.Demo.FolderToPostgres.csproj]
C:\Projects\Hazina\apps\Demos\Hazina.Demo.FolderToPostgres\Program.cs(76,31): warning S6966: Await ReadAllTextAsync instead. (https://rules.sonarsource.com/csharp/RSPEC-6966) [C:\Projects\Hazina\apps\Demos\Hazina.Demo.FolderToPostgres\Hazina.Demo.FolderToPostgres.csproj]
C:\Projects\Hazina\apps\Demos\Hazina.Demo.FolderToPostgres\Program.cs(6,7): warning CA1852: Type 'Program' can be sealed because it has no subtypes in its containing assembly and is not externally visible (https://learn.microsoft.com/dotnet/fundamentals/code-analysis/quality-rules/ca1852) [C:\Projects\Hazina\apps\Demos\Hazina.Demo.FolderToPostgres\Hazina.Demo.FolderToPostgres.csproj]
C:\Projects\Hazina\apps\Demos\Hazina.Demo.FolderToPostgres\Program.cs(136,7): warning CA1852: Type 'DummyLLMClient' can be sealed because it has no subtypes in its containing assembly and is not externally visible (https://learn.microsoft.com/dotnet/fundamentals/code-analysis/quality-rules/ca1852) [C:\Projects\Hazina\apps\Demos\Hazina.Demo.FolderToPostgres\Hazina.Demo.FolderToPostgres.csproj]
CSC : warning S3904: Provide an 'AssemblyVersion' attribute for assembly 'Hazina.Demo.FolderToPostgres'. (https://rules.sonarsource.com/csharp/RSPEC-3904) [C:\Projects\Hazina\apps\Demos\Hazina.Demo.FolderToPostgres\Hazina.Demo.FolderToPostgres.csproj]
  Hazina.Services.Geometric -> C:\Projects\Hazina\Hazina.Services.Geometric\bin\Debug\net8.0\Hazina.Services.Geometric.dll
  Hazina.Neurochain.Core -> C:\Projects\Hazina\src\Core\AI\Hazina.Neurochain.Core\bin\Debug\net9.0\Hazina.Neurochain.Core.dll
  Hazina.Store.Sqlite -> C:\Projects\Hazina\src\Core\Storage\Hazina.Store.Sqlite\bin\Debug\net10.0\Hazina.Store.Sqlite.dll
  Hazina.Demo.FolderToPostgres -> C:\Projects\Hazina\apps\Demos\Hazina.Demo.FolderToPostgres\bin\Debug\net9.0\Hazina.Demo.FolderToPostgres.dll
  Hazina.Data -> C:\Projects\Hazina\Hazina.Data\bin\Debug\net8.0\Hazina.Data.dll
  Hazina.LLMs.GoogleADK.Tests -> C:\Projects\Hazina\artifacts\tests\Hazina.LLMs.GoogleADK.Tests\bin\Debug\Hazina.LLMs.GoogleADK.Tests.dll
C:\Projects\Hazina\apps\Demos\Hazina.Demo.Crosslink\Program.cs(17,47): warning CS0618: 'EmbeddingFileStore' is obsolete: 'Use EmbeddingJsonFileStore with EmbeddingService instead. See Store/EmbeddingStore/EmbeddingJsonFileStore.cs' [C:\Projects\Hazina\apps\Demos\Hazina.Demo.Crosslink\Hazina.Demo.Crosslink.csproj]
C:\Projects\Hazina\Tests\Core\Hazina.Generator.Tests\DocumentGeneratorBasicTests.cs(31,13): warning xUnit2009: Do not use Assert.True() to check for substrings. Use Assert.Contains instead. (https://xunit.net/xunit.analyzers/rules/xUnit2009) [C:\Projects\Hazina\Tests\Core\Hazina.Generator.Tests\Hazina.Generator.Tests.csproj]
C:\Projects\Hazina\apps\Demos\Hazina.Demo.Crosslink\Program.cs(23,43): warning CS0618: 'EmbeddingFileStore' is obsolete: 'Use EmbeddingJsonFileStore with EmbeddingService instead. See Store/EmbeddingStore/EmbeddingJsonFileStore.cs' [C:\Projects\Hazina\apps\Demos\Hazina.Demo.Crosslink\Hazina.Demo.Crosslink.csproj]
CSC : warning CA1016: Mark assemblies with assembly version (https://learn.microsoft.com/dotnet/fundamentals/code-analysis/quality-rules/ca1016) [C:\Projects\Hazina\apps\Demos\Hazina.Demo.Crosslink\Hazina.Demo.Crosslink.csproj]
C:\Projects\Hazina\apps\Demos\Hazina.Demo.Crosslink\Program.cs(7,7): warning MA0047: Declare type 'Program' in a namespace (https://github.com/meziantou/Meziantou.Analyzer/blob/main/docs/Rules/MA0047.md) [C:\Projects\Hazina\apps\Demos\Hazina.Demo.Crosslink\Hazina.Demo.Crosslink.csproj]
  Hazina.Observability.Core -> C:\Projects\Hazina\src\Core\Observability\Hazina.Observability.Core\bin\Debug\net9.0\Hazina.Observability.Core.dll
C:\Projects\Hazina\apps\Demos\Hazina.Demo.Crosslink\Program.cs(7,7): warning S1118: Add a 'protected' constructor or the 'static' keyword to the class declaration. (https://rules.sonarsource.com/csharp/RSPEC-1118) [C:\Projects\Hazina\apps\Demos\Hazina.Demo.Crosslink\Hazina.Demo.Crosslink.csproj]
  Hazina.Security.AspNetCore -> C:\Projects\Hazina\src\Core\Security\Hazina.Security.AspNetCore\bin\Debug\net8.0\Hazina.Security.AspNetCore.dll
C:\Projects\Hazina\apps\Demos\Hazina.Demo.Crosslink\Program.cs(1,1): warning SA1633: The file header is missing or not located at the top of the file. (https://github.com/DotNetAnalyzers/StyleCopAnalyzers/blob/master/documentation/SA1633.md) [C:\Projects\Hazina\apps\Demos\Hazina.Demo.Crosslink\Hazina.Demo.Crosslink.csproj]
C:\Projects\Hazina\apps\Demos\Hazina.Demo.Crosslink\Program.cs(2,1): warning SA1208: Using directive for 'System' should appear before directive for 'Hazina.LLMs.OpenAI' (https://github.com/DotNetAnalyzers/StyleCopAnalyzers/blob/master/documentation/SA1208.md) [C:\Projects\Hazina\apps\Demos\Hazina.Demo.Crosslink\Hazina.Demo.Crosslink.csproj]
C:\Projects\Hazina\apps\Demos\Hazina.Demo.Crosslink\Program.cs(3,1): warning SA1208: Using directive for 'System.IO' should appear before directive for 'Hazina.LLMs.OpenAI' (https://github.com/DotNetAnalyzers/StyleCopAnalyzers/blob/master/documentation/SA1208.md) [C:\Projects\Hazina\apps\Demos\Hazina.Demo.Crosslink\Hazina.Demo.Crosslink.csproj]
C:\Projects\Hazina\apps\Demos\Hazina.Demo.Crosslink\Program.cs(4,1): warning SA1208: Using directive for 'System.Collections.Generic' should appear before directive for 'Hazina.LLMs.OpenAI' (https://github.com/DotNetAnalyzers/StyleCopAnalyzers/blob/master/documentation/SA1208.md) [C:\Projects\Hazina\apps\Demos\Hazina.Demo.Crosslink\Hazina.Demo.Crosslink.csproj]
C:\Projects\Hazina\apps\Demos\Hazina.Demo.Crosslink\Program.cs(5,1): warning SA1208: Using directive for 'System.Threading.Tasks' should appear before directive for 'Hazina.LLMs.OpenAI' (https://github.com/DotNetAnalyzers/StyleCopAnalyzers/blob/master/documentation/SA1208.md) [C:\Projects\Hazina\apps\Demos\Hazina.Demo.Crosslink\Hazina.Demo.Crosslink.csproj]
C:\Projects\Hazina\apps\Demos\Hazina.Demo.Crosslink\Program.cs(3,1): warning SA1210: Using directives should be ordered alphabetically by the namespaces (https://github.com/DotNetAnalyzers/StyleCopAnalyzers/blob/master/documentation/SA1210.md) [C:\Projects\Hazina\apps\Demos\Hazina.Demo.Crosslink\Hazina.Demo.Crosslink.csproj]
C:\Projects\Hazina\apps\Demos\Hazina.Demo.Crosslink\Program.cs(9,23): warning MA0051: Method is too long (79 lines; maximum allowed: 60) (https://github.com/meziantou/Meziantou.Analyzer/blob/main/docs/Rules/MA0051.md) [C:\Projects\Hazina\apps\Demos\Hazina.Demo.Crosslink\Hazina.Demo.Crosslink.csproj]
C:\Projects\Hazina\apps\Demos\Hazina.Demo.Crosslink\Program.cs(7,7): warning S3903: Move 'Program' into a named namespace. (https://rules.sonarsource.com/csharp/RSPEC-3903) [C:\Projects\Hazina\apps\Demos\Hazina.Demo.Crosslink\Hazina.Demo.Crosslink.csproj]
C:\Projects\Hazina\apps\Demos\Hazina.Demo.Crosslink\Program.cs(7,7): warning SA1400: Element 'Program' should declare an access modifier (https://github.com/DotNetAnalyzers/StyleCopAnalyzers/blob/master/documentation/SA1400.md) [C:\Projects\Hazina\apps\Demos\Hazina.Demo.Crosslink\Hazina.Demo.Crosslink.csproj]
C:\Projects\Hazina\apps\Demos\Hazina.Demo.Crosslink\Program.cs(17,66): warning S1075: Refactor your code not to use hardcoded absolute paths or URIs. (https://rules.sonarsource.com/csharp/RSPEC-1075) [C:\Projects\Hazina\apps\Demos\Hazina.Demo.Crosslink\Hazina.Demo.Crosslink.csproj]
C:\Projects\Hazina\apps\Demos\Hazina.Demo.Crosslink\Program.cs(19,58): warning S1075: Refactor your code not to use hardcoded absolute paths or URIs. (https://rules.sonarsource.com/csharp/RSPEC-1075) [C:\Projects\Hazina\apps\Demos\Hazina.Demo.Crosslink\Hazina.Demo.Crosslink.csproj]
C:\Projects\Hazina\apps\Demos\Hazina.Demo.Crosslink\Program.cs(23,62): warning S1075: Refactor your code not to use hardcoded absolute paths or URIs. (https://rules.sonarsource.com/csharp/RSPEC-1075) [C:\Projects\Hazina\apps\Demos\Hazina.Demo.Crosslink\Hazina.Demo.Crosslink.csproj]
C:\Projects\Hazina\apps\Demos\Hazina.Demo.Crosslink\Program.cs(25,54): warning S1075: Refactor your code not to use hardcoded absolute paths or URIs. (https://rules.sonarsource.com/csharp/RSPEC-1075) [C:\Projects\Hazina\apps\Demos\Hazina.Demo.Crosslink\Hazina.Demo.Crosslink.csproj]
C:\Projects\Hazina\apps\Demos\Hazina.Demo.Crosslink\Program.cs(9,23): warning SA1400: Element 'Main' should declare an access modifier (https://github.com/DotNetAnalyzers/StyleCopAnalyzers/blob/master/documentation/SA1400.md) [C:\Projects\Hazina\apps\Demos\Hazina.Demo.Crosslink\Hazina.Demo.Crosslink.csproj]
C:\Projects\Hazina\apps\Demos\Hazina.Demo.Crosslink\Program.cs(60,40): warning SA1117: The parameters should all be placed on the same line or each parameter should be placed on its own line (https://github.com/DotNetAnalyzers/StyleCopAnalyzers/blob/master/documentation/SA1117.md) [C:\Projects\Hazina\apps\Demos\Hazina.Demo.Crosslink\Hazina.Demo.Crosslink.csproj]
C:\Projects\Hazina\apps\Demos\Hazina.Demo.Crosslink\Program.cs(75,40): warning SA1117: The parameters should all be placed on the same line or each parameter should be placed on its own line (https://github.com/DotNetAnalyzers/StyleCopAnalyzers/blob/master/documentation/SA1117.md) [C:\Projects\Hazina\apps\Demos\Hazina.Demo.Crosslink\Hazina.Demo.Crosslink.csproj]
C:\Projects\Hazina\apps\Demos\Hazina.Demo.Crosslink\Program.cs(80,13): warning CA1849: 'File.WriteAllText(string, string?)' synchronously blocks. Await 'File.WriteAllTextAsync(string, string?, CancellationToken)' instead. (https://learn.microsoft.com/dotnet/fundamentals/code-analysis/quality-rules/ca1849) [C:\Projects\Hazina\apps\Demos\Hazina.Demo.Crosslink\Hazina.Demo.Crosslink.csproj]
  Hazina.Neurochain.Core -> C:\Projects\Hazina\src\Core\AI\Hazina.Neurochain.Core\bin\Debug\net10.0\Hazina.Neurochain.Core.dll
C:\Projects\Hazina\apps\Demos\Hazina.Demo.Crosslink\Program.cs(37,42): warning MA0004: Use Task.ConfigureAwait(false) if the current SynchronizationContext is not needed (https://github.com/meziantou/Meziantou.Analyzer/blob/main/docs/Rules/MA0004.md) [C:\Projects\Hazina\apps\Demos\Hazina.Demo.Crosslink\Hazina.Demo.Crosslink.csproj]
C:\Projects\Hazina\apps\Demos\Hazina.Demo.Crosslink\Program.cs(56,46): warning MA0004: Use Task.ConfigureAwait(false) if the current SynchronizationContext is not needed (https://github.com/meziantou/Meziantou.Analyzer/blob/main/docs/Rules/MA0004.md) [C:\Projects\Hazina\apps\Demos\Hazina.Demo.Crosslink\Hazina.Demo.Crosslink.csproj]
C:\Projects\Hazina\apps\Demos\Hazina.Demo.Crosslink\Program.cs(71,36): warning MA0004: Use Task.ConfigureAwait(false) if the current SynchronizationContext is not needed (https://github.com/meziantou/Meziantou.Analyzer/blob/main/docs/Rules/MA0004.md) [C:\Projects\Hazina\apps\Demos\Hazina.Demo.Crosslink\Hazina.Demo.Crosslink.csproj]
C:\Projects\Hazina\apps\Demos\Hazina.Demo.Crosslink\Program.cs(32,27): warning CA1303: Method 'Task Program.Main(string[] args)' passes a literal string as parameter 'value' of a call to 'void Console.WriteLine(string? value)'. Retrieve the following string(s) from a resource table instead: "Vacatures vinden op basis van het volgende CV:". (https://learn.microsoft.com/dotnet/fundamentals/code-analysis/quality-rules/ca1303) [C:\Projects\Hazina\apps\Demos\Hazina.Demo.Crosslink\Hazina.Demo.Crosslink.csproj]
C:\Projects\Hazina\apps\Demos\Hazina.Demo.Crosslink\Program.cs(33,27): warning CA1303: Method 'Task Program.Main(string[] args)' passes a literal string as parameter 'value' of a call to 'void Console.WriteLine(string? value)'. Retrieve the following string(s) from a resource table instead: "**Curriculum Vitae**\n        \n**Persoonlijke gegevens**\nNaam: Mark van den Berg\nAdres: Keizersgracht 112, 1015 CV Amsterdam\nTelefoonnummer: 06-12345678\nE-mail: markvandenberg@email.com\nGeboortedatum: 12 mei 1990\nNationaliteit: Nederlands\nRijbewijs: B\n\n---\n**Profiel**\nAnalytische en gedreven IT-professional met een passie voor softwareontwikkeling en procesoptimalisatie. Ik ben een probleemoplosser die graag complexe vraagstukken analyseert en vertaalt naar effici+½nte technologische oplossingen. Mijn sterke communicatieve vaardigheden maken mij een bruggenbouwer tussen techniek en eindgebruikers. ... (etc, rest of CV as per sample)". (https://learn.microsoft.com/dotnet/fundamentals/code-analysis/quality-rules/ca1303) [C:\Projects\Hazina\apps\Demos\Hazina.Demo.Crosslink\Hazina.Demo.Crosslink.csproj]
C:\Projects\Hazina\apps\Demos\Hazina.Demo.Crosslink\Program.cs(43,31): warning CA1303: Method 'Task Program.Main(string[] args)' passes a literal string as parameter 'value' of a call to 'void Console.WriteLine(string? value)'. Retrieve the following string(s) from a resource table instead: "BEGIN MATCH". (https://learn.microsoft.com/dotnet/fundamentals/code-analysis/quality-rules/ca1303) [C:\Projects\Hazina\apps\Demos\Hazina.Demo.Crosslink\Hazina.Demo.Crosslink.csproj]
C:\Projects\Hazina\apps\Demos\Hazina.Demo.Crosslink\Program.cs(44,31): warning CA1303: Method 'Task Program.Main(string[] args)' passes a literal string as parameter 'value' of a call to 'void Console.WriteLine(string? value)'. Retrieve the following string(s) from a resource table instead: "Match gevonden met vacature:". (https://learn.microsoft.com/dotnet/fundamentals/code-analysis/quality-rules/ca1303) [C:\Projects\Hazina\apps\Demos\Hazina.Demo.Crosslink\Hazina.Demo.Crosslink.csproj]
C:\Projects\Hazina\apps\Demos\Hazina.Demo.Crosslink\Program.cs(82,31): warning CA1303: Method 'Task Program.Main(string[] args)' passes a literal string as parameter 'value' of a call to 'void Console.WriteLine(string? value)'. Retrieve the following string(s) from a resource table instead: "Op basis van de match van CV en vacature wordt het volgende gesprek gesimuleerd:". (https://learn.microsoft.com/dotnet/fundamentals/code-analysis/quality-rules/ca1303) [C:\Projects\Hazina\apps\Demos\Hazina.Demo.Crosslink\Hazina.Demo.Crosslink.csproj]
C:\Projects\Hazina\apps\Demos\Hazina.Demo.Crosslink\Program.cs(84,31): warning CA1303: Method 'Task Program.Main(string[] args)' passes a literal string as parameter 'value' of a call to 'void Console.WriteLine(string? value)'. Retrieve the following string(s) from a resource table instead: "EINDE MATCH". (https://learn.microsoft.com/dotnet/fundamentals/code-analysis/quality-rules/ca1303) [C:\Projects\Hazina\apps\Demos\Hazina.Demo.Crosslink\Hazina.Demo.Crosslink.csproj]
  Hazina.Production.Monitoring -> C:\Projects\Hazina\src\Tools\Production\Hazina.Production.Monitoring\bin\Debug\net9.0\Hazina.Production.Monitoring.dll
C:\Projects\Hazina\apps\Demos\Hazina.Demo.Crosslink\Program.cs(86,31): warning CA1303: Method 'Task Program.Main(string[] args)' passes a literal string as parameter 'value' of a call to 'void Console.WriteLine(string? value)'. Retrieve the following string(s) from a resource table instead: "Druk op enter om verder te gaan.". (https://learn.microsoft.com/dotnet/fundamentals/code-analysis/quality-rules/ca1303) [C:\Projects\Hazina\apps\Demos\Hazina.Demo.Crosslink\Hazina.Demo.Crosslink.csproj]
C:\Projects\Hazina\apps\Demos\Hazina.Demo.Crosslink\Program.cs(80,13): warning S6966: Await WriteAllTextAsync instead. (https://rules.sonarsource.com/csharp/RSPEC-6966) [C:\Projects\Hazina\apps\Demos\Hazina.Demo.Crosslink\Hazina.Demo.Crosslink.csproj]
C:\Projects\Hazina\apps\Demos\Hazina.Demo.Crosslink\Program.cs(13,16): warning S1481: Remove the unused local variable 'apikey'. (https://rules.sonarsource.com/csharp/RSPEC-1481) [C:\Projects\Hazina\apps\Demos\Hazina.Demo.Crosslink\Hazina.Demo.Crosslink.csproj]
C:\Projects\Hazina\apps\Demos\Hazina.Demo.Crosslink\Program.cs(21,13): warning S1481: Remove the unused local variable 'werkzoekenden'. (https://rules.sonarsource.com/csharp/RSPEC-1481) [C:\Projects\Hazina\apps\Demos\Hazina.Demo.Crosslink\Hazina.Demo.Crosslink.csproj]
C:\Projects\Hazina\apps\Demos\Hazina.Demo.Crosslink\Program.cs(7,7): warning CA1852: Type 'Program' can be sealed because it has no subtypes in its containing assembly and is not externally visible (https://learn.microsoft.com/dotnet/fundamentals/code-analysis/quality-rules/ca1852) [C:\Projects\Hazina\apps\Demos\Hazina.Demo.Crosslink\Hazina.Demo.Crosslink.csproj]
CSC : warning S3904: Provide an 'AssemblyVersion' attribute for assembly 'Hazina.Demo.Crosslink'. (https://rules.sonarsource.com/csharp/RSPEC-3904) [C:\Projects\Hazina\apps\Demos\Hazina.Demo.Crosslink\Hazina.Demo.Crosslink.csproj]
  Hazina.AI.CognitivePipeline -> C:\Projects\Hazina\src\Core\AI\Hazina.AI.CognitivePipeline\bin\Debug\net9.0\Hazina.AI.CognitivePipeline.dll
  Hazina.Generator.Tests -> C:\Projects\Hazina\artifacts\tests\Hazina.Generator.Tests\bin\Debug\Hazina.Generator.Tests.dll
  Hazina.Production.Monitoring -> C:\Projects\Hazina\src\Tools\Production\Hazina.Production.Monitoring\bin\Debug\net10.0\Hazina.Production.Monitoring.dll
  Hazina.Demo.Crosslink -> C:\Projects\Hazina\apps\Demos\Hazina.Demo.Crosslink\bin\Debug\net9.0\Hazina.Demo.Crosslink.dll
  Hazina.AI.CognitivePipeline -> C:\Projects\Hazina\src\Core\AI\Hazina.AI.CognitivePipeline\bin\Debug\net10.0\Hazina.AI.CognitivePipeline.dll
  Hazina.CodeIntelligence -> C:\Projects\Hazina\src\Core\AI\Hazina.CodeIntelligence\bin\Debug\net9.0\Hazina.CodeIntelligence.dll
  Hazina.Observability.Core -> C:\Projects\Hazina\src\Core\Observability\Hazina.Observability.Core\bin\Debug\net10.0\Hazina.Observability.Core.dll
  Hazina.AI.Orchestration -> C:\Projects\Hazina\src\Core\AI\Hazina.AI.Orchestration\bin\Debug\net8.0\Hazina.AI.Orchestration.dll
  Hazina.CodeIntelligence -> C:\Projects\Hazina\src\Core\AI\Hazina.CodeIntelligence\bin\Debug\net10.0\Hazina.CodeIntelligence.dll
  Hazina.LLMs.GoogleADK -> C:\Projects\Hazina\src\Core\LLMs.Providers\Hazina.LLMs.GoogleADK\bin\Debug\net8.0\Hazina.LLMs.GoogleADK.dll
C:\Projects\Hazina\src\Core\Agents\Hazina.Generator\Core\DocumentGenerator.cs(18,5): warning S125: Remove this commented out code. (https://rules.sonarsource.com/csharp/RSPEC-125) [C:\Projects\Hazina\src\Core\Agents\Hazina.Generator\Hazina.Generator.csproj::TargetFramework=net10.0]
C:\Projects\Hazina\src\Core\Agents\Hazina.Generator\Core\DocumentGenerator.cs(44,9): warning S125: Remove this commented out code. (https://rules.sonarsource.com/csharp/RSPEC-125) [C:\Projects\Hazina\src\Core\Agents\Hazina.Generator\Hazina.Generator.csproj::TargetFramework=net10.0]
C:\Projects\Hazina\src\Core\Agents\Hazina.Generator\Interfaces\IDocumentGenerator.cs(3,18): warning CA1050: Declare types in namespaces (https://learn.microsoft.com/dotnet/fundamentals/code-analysis/quality-rules/ca1050) [C:\Projects\Hazina\src\Core\Agents\Hazina.Generator\Hazina.Generator.csproj::TargetFramework=net10.0]
C:\Projects\Hazina\src\Core\Agents\Hazina.Generator\Core\DocumentGenerator.cs(56,9): warning S125: Remove this commented out code. (https://rules.sonarsource.com/csharp/RSPEC-125) [C:\Projects\Hazina\src\Core\Agents\Hazina.Generator\Hazina.Generator.csproj::TargetFramework=net10.0]
C:\Projects\Hazina\src\Core\Agents\Hazina.Generator\Models\DeleteDocumentRequest.cs(1,14): warning CA1050: Declare types in namespaces (https://learn.microsoft.com/dotnet/fundamentals/code-analysis/quality-rules/ca1050) [C:\Projects\Hazina\src\Core\Agents\Hazina.Generator\Hazina.Generator.csproj::TargetFramework=net10.0]
C:\Projects\Hazina\src\Core\Agents\Hazina.Generator\Interfaces\IDocumentGenerator.cs(3,18): warning MA0047: Declare type 'IDocumentGenerator' in a namespace (https://github.com/meziantou/Meziantou.Analyzer/blob/main/docs/Rules/MA0047.md) [C:\Projects\Hazina\src\Core\Agents\Hazina.Generator\Hazina.Generator.csproj::TargetFramework=net10.0]
C:\Projects\Hazina\src\Core\Agents\Hazina.Generator\Models\DeleteDocumentRequest.cs(1,14): warning MA0047: Declare type 'DeleteDocumentRequest' in a namespace (https://github.com/meziantou/Meziantou.Analyzer/blob/main/docs/Rules/MA0047.md) [C:\Projects\Hazina\src\Core\Agents\Hazina.Generator\Hazina.Generator.csproj::TargetFramework=net10.0]
C:\Projects\Hazina\src\Core\Agents\Hazina.Generator\Interfaces\IDocumentGenerator.cs(3,18): warning S3903: Move 'IDocumentGenerator' into a named namespace. (https://rules.sonarsource.com/csharp/RSPEC-3903) [C:\Projects\Hazina\src\Core\Agents\Hazina.Generator\Hazina.Generator.csproj::TargetFramework=net10.0]
C:\Projects\Hazina\src\Core\Agents\Hazina.Generator\Interfaces\IDocumentGenerator.cs(5,31): warning S4136: All 'GetResponse' method overloads should be adjacent. (https://rules.sonarsource.com/csharp/RSPEC-4136) [C:\Projects\Hazina\src\Core\Agents\Hazina.Generator\Hazina.Generator.csproj::TargetFramework=net10.0]
C:\Projects\Hazina\src\Core\Agents\Hazina.Generator\Interfaces\IDocumentGenerator.cs(6,31): warning S4136: All 'StreamResponse' method overloads should be adjacent. (https://rules.sonarsource.com/csharp/RSPEC-4136) [C:\Projects\Hazina\src\Core\Agents\Hazina.Generator\Hazina.Generator.csproj::TargetFramework=net10.0]
C:\Projects\Hazina\src\Core\Agents\Hazina.Generator\Core\DocumentGenerator.cs(113,9): warning S125: Remove this commented out code. (https://rules.sonarsource.com/csharp/RSPEC-125) [C:\Projects\Hazina\src\Core\Agents\Hazina.Generator\Hazina.Generator.csproj::TargetFramework=net10.0]
C:\Projects\Hazina\src\Core\Agents\Hazina.Generator\Models\DeleteDocumentRequest.cs(1,14): warning S3903: Move 'DeleteDocumentRequest' into a named namespace. (https://rules.sonarsource.com/csharp/RSPEC-3903) [C:\Projects\Hazina\src\Core\Agents\Hazina.Generator\Hazina.Generator.csproj::TargetFramework=net10.0]
C:\Projects\Hazina\src\Core\Agents\Hazina.Generator\Core\DocumentGenerator.cs(3,1): warning SA1208: Using directive for 'System.Collections.Generic' should appear before directive for 'OpenAI.Chat' (https://github.com/DotNetAnalyzers/StyleCopAnalyzers/blob/master/documentation/SA1208.md) [C:\Projects\Hazina\src\Core\Agents\Hazina.Generator\Hazina.Generator.csproj::TargetFramework=net10.0]
C:\Projects\Hazina\src\Core\Agents\Hazina.Generator\Core\DocumentGenerator.cs(4,1): warning SA1208: Using directive for 'System.IO' should appear before directive for 'OpenAI.Chat' (https://github.com/DotNetAnalyzers/StyleCopAnalyzers/blob/master/documentation/SA1208.md) [C:\Projects\Hazina\src\Core\Agents\Hazina.Generator\Hazina.Generator.csproj::TargetFramework=net10.0]
C:\Projects\Hazina\src\Core\Agents\Hazina.Generator\Core\DocumentGenerator.cs(5,1): warning SA1208: Using directive for 'System.Security.Cryptography' should appear before directive for 'OpenAI.Chat' (https://github.com/DotNetAnalyzers/StyleCopAnalyzers/blob/master/documentation/SA1208.md) [C:\Projects\Hazina\src\Core\Agents\Hazina.Generator\Hazina.Generator.csproj::TargetFramework=net10.0]
C:\Projects\Hazina\src\Core\Agents\Hazina.Generator\Core\DocumentGenerator.cs(6,1): warning SA1208: Using directive for 'System.Text.Json' should appear before directive for 'OpenAI.Chat' (https://github.com/DotNetAnalyzers/StyleCopAnalyzers/blob/master/documentation/SA1208.md) [C:\Projects\Hazina\src\Core\Agents\Hazina.Generator\Hazina.Generator.csproj::TargetFramework=net10.0]
C:\Projects\Hazina\src\Core\Agents\Hazina.Generator\Core\DocumentGenerator.cs(7,1): warning SA1208: Using directive for 'System.Threading.Channels' should appear before directive for 'OpenAI.Chat' (https://github.com/DotNetAnalyzers/StyleCopAnalyzers/blob/master/documentation/SA1208.md) [C:\Projects\Hazina\src\Core\Agents\Hazina.Generator\Hazina.Generator.csproj::TargetFramework=net10.0]
C:\Projects\Hazina\src\Core\Agents\Hazina.Generator\Core\DocumentGenerator.cs(2,1): warning SA1210: Using directives should be ordered alphabetically by the namespaces (https://github.com/DotNetAnalyzers/StyleCopAnalyzers/blob/master/documentation/SA1210.md) [C:\Projects\Hazina\src\Core\Agents\Hazina.Generator\Hazina.Generator.csproj::TargetFramework=net10.0]
C:\Projects\Hazina\src\Core\Agents\Hazina.Generator\Models\DeleteDocumentRequest.cs(6,14): warning CA1050: Declare types in namespaces (https://learn.microsoft.com/dotnet/fundamentals/code-analysis/quality-rules/ca1050) [C:\Projects\Hazina\src\Core\Agents\Hazina.Generator\Hazina.Generator.csproj::TargetFramework=net10.0]
C:\Projects\Hazina\src\Core\Agents\Hazina.Generator\Models\DeleteDocumentRequest.cs(6,14): warning MA0047: Declare type 'MoveDocumentRequest' in a namespace (https://github.com/meziantou/Meziantou.Analyzer/blob/main/docs/Rules/MA0047.md) [C:\Projects\Hazina\src\Core\Agents\Hazina.Generator\Hazina.Generator.csproj::TargetFramework=net10.0]
C:\Projects\Hazina\src\Core\Agents\Hazina.Generator\Models\DeleteDocumentRequest.cs(6,14): warning MA0048: File name must match type name (https://github.com/meziantou/Meziantou.Analyzer/blob/main/docs/Rules/MA0048.md) [C:\Projects\Hazina\src\Core\Agents\Hazina.Generator\Hazina.Generator.csproj::TargetFramework=net10.0]
C:\Projects\Hazina\src\Core\Agents\Hazina.Generator\Interfaces\IDocumentGenerator.cs(6,1): warning SA1516: Elements should be separated by blank line (https://github.com/DotNetAnalyzers/StyleCopAnalyzers/blob/master/documentation/SA1516.md) [C:\Projects\Hazina\src\Core\Agents\Hazina.Generator\Hazina.Generator.csproj::TargetFramework=net10.0]
C:\Projects\Hazina\src\Core\Agents\Hazina.Generator\Interfaces\IDocumentGenerator.cs(7,1): warning SA1516: Elements should be separated by blank line (https://github.com/DotNetAnalyzers/StyleCopAnalyzers/blob/master/documentation/SA1516.md) [C:\Projects\Hazina\src\Core\Agents\Hazina.Generator\Hazina.Generator.csproj::TargetFramework=net10.0]
C:\Projects\Hazina\src\Core\Agents\Hazina.Generator\Interfaces\IDocumentGenerator.cs(8,1): warning SA1516: Elements should be separated by blank line (https://github.com/DotNetAnalyzers/StyleCopAnalyzers/blob/master/documentation/SA1516.md) [C:\Projects\Hazina\src\Core\Agents\Hazina.Generator\Hazina.Generator.csproj::TargetFramework=net10.0]
C:\Projects\Hazina\src\Core\Agents\Hazina.Generator\Interfaces\IDocumentGenerator.cs(9,1): warning SA1516: Elements should be separated by blank line (https://github.com/DotNetAnalyzers/StyleCopAnalyzers/blob/master/documentation/SA1516.md) [C:\Projects\Hazina\src\Core\Agents\Hazina.Generator\Hazina.Generator.csproj::TargetFramework=net10.0]
C:\Projects\Hazina\src\Core\Agents\Hazina.Generator\Interfaces\IDocumentGenerator.cs(10,1): warning SA1516: Elements should be separated by blank line (https://github.com/DotNetAnalyzers/StyleCopAnalyzers/blob/master/documentation/SA1516.md) [C:\Projects\Hazina\src\Core\Agents\Hazina.Generator\Hazina.Generator.csproj::TargetFramework=net10.0]
C:\Projects\Hazina\src\Core\Agents\Hazina.Generator\Models\DeleteDocumentRequest.cs(6,14): warning S3903: Move 'MoveDocumentRequest' into a named namespace. (https://rules.sonarsource.com/csharp/RSPEC-3903) [C:\Projects\Hazina\src\Core\Agents\Hazina.Generator\Hazina.Generator.csproj::TargetFramework=net10.0]
C:\Projects\Hazina\src\Core\Agents\Hazina.Generator\Models\DeleteDocumentRequest.cs(8,40): warning SA1122: Use string.Empty for empty strings (https://github.com/DotNetAnalyzers/StyleCopAnalyzers/blob/master/documentation/SA1122.md) [C:\Projects\Hazina\src\Core\Agents\Hazina.Generator\Hazina.Generator.csproj::TargetFramework=net10.0]
C:\Projects\Hazina\src\Core\Agents\Hazina.Generator\Core\DocumentGenerator.cs(1,1): warning SA1633: The file header is missing or not located at the top of the file. (https://github.com/DotNetAnalyzers/StyleCopAnalyzers/blob/master/documentation/SA1633.md) [C:\Projects\Hazina\src\Core\Agents\Hazina.Generator\Hazina.Generator.csproj::TargetFramework=net10.0]
C:\Projects\Hazina\src\Core\Agents\Hazina.Generator\Models\DeleteDocumentRequest.cs(9,43): warning SA1122: Use string.Empty for empty strings (https://github.com/DotNetAnalyzers/StyleCopAnalyzers/blob/master/documentation/SA1122.md) [C:\Projects\Hazina\src\Core\Agents\Hazina.Generator\Hazina.Generator.csproj::TargetFramework=net10.0]
C:\Projects\Hazina\src\Core\Agents\Hazina.Generator\Models\DeleteDocumentRequest.cs(9,1): warning SA1516: Elements should be separated by blank line (https://github.com/DotNetAnalyzers/StyleCopAnalyzers/blob/master/documentation/SA1516.md) [C:\Projects\Hazina\src\Core\Agents\Hazina.Generator\Hazina.Generator.csproj::TargetFramework=net10.0]
C:\Projects\Hazina\src\Core\Agents\Hazina.Generator\Core\DocumentGenerator.cs(179,1): warning SA1507: Code should not contain multiple blank lines in a row (https://github.com/DotNetAnalyzers/StyleCopAnalyzers/blob/master/documentation/SA1507.md) [C:\Projects\Hazina\src\Core\Agents\Hazina.Generator\Hazina.Generator.csproj::TargetFramework=net10.0]
C:\Projects\Hazina\src\Core\Agents\Hazina.Generator\Models\DeleteDocumentRequest.cs(3,40): warning SA1122: Use string.Empty for empty strings (https://github.com/DotNetAnalyzers/StyleCopAnalyzers/blob/master/documentation/SA1122.md) [C:\Projects\Hazina\src\Core\Agents\Hazina.Generator\Hazina.Generator.csproj::TargetFramework=net10.0]
C:\Projects\Hazina\src\Core\Agents\Hazina.Generator\Core\DocumentGenerator.cs(134,9): warning SA1512: Single-line comments should not be followed by blank line (https://github.com/DotNetAnalyzers/StyleCopAnalyzers/blob/master/documentation/SA1512.md) [C:\Projects\Hazina\src\Core\Agents\Hazina.Generator\Hazina.Generator.csproj::TargetFramework=net10.0]
C:\Projects\Hazina\src\Core\Agents\Hazina.Generator\Core\DocumentGenerator.cs(20,36): warning CA2227: Change 'BaseMessages' to be read-only by removing the property setter (https://learn.microsoft.com/dotnet/fundamentals/code-analysis/quality-rules/ca2227) [C:\Projects\Hazina\src\Core\Agents\Hazina.Generator\Hazina.Generator.csproj::TargetFramework=net10.0]
C:\Projects\Hazina\src\Core\Agents\Hazina.Generator\Core\DocumentGenerator.cs(30,29): warning CA1051: Do not declare visible instance fields (https://learn.microsoft.com/dotnet/fundamentals/code-analysis/quality-rules/ca1051) [C:\Projects\Hazina\src\Core\Agents\Hazina.Generator\Hazina.Generator.csproj::TargetFramework=net10.0]
C:\Projects\Hazina\src\Core\Agents\Hazina.Generator\Core\DocumentGenerator.cs(20,36): warning CA1002: Change 'List<HazinaChatMessage>' in 'DocumentGenerator.BaseMessages' to use 'Collection<T>', 'ReadOnlyCollection<T>' or 'KeyedCollection<K,V>' (https://learn.microsoft.com/dotnet/fundamentals/code-analysis/quality-rules/ca1002) [C:\Projects\Hazina\src\Core\Agents\Hazina.Generator\Hazina.Generator.csproj::TargetFramework=net10.0]
C:\Projects\Hazina\src\Core\Agents\Hazina.Generator\Core\DocumentGenerator.cs(20,12): warning MA0016: Prefer using collection abstraction instead of implementation (https://github.com/meziantou/Meziantou.Analyzer/blob/main/docs/Rules/MA0016.md) [C:\Projects\Hazina\src\Core\Agents\Hazina.Generator\Hazina.Generator.csproj::TargetFramework=net10.0]
C:\Projects\Hazina\src\Core\Agents\Hazina.Generator\Core\DocumentGenerator.cs(166,14): warning SA1513: Closing brace should be followed by blank line (https://github.com/DotNetAnalyzers/StyleCopAnalyzers/blob/master/documentation/SA1513.md) [C:\Projects\Hazina\src\Core\Agents\Hazina.Generator\Hazina.Generator.csproj::TargetFramework=net10.0]
C:\Projects\Hazina\src\Core\Agents\Hazina.Generator\Core\DocumentGenerator.cs(171,14): warning SA1513: Closing brace should be followed by blank line (https://github.com/DotNetAnalyzers/StyleCopAnalyzers/blob/master/documentation/SA1513.md) [C:\Projects\Hazina\src\Core\Agents\Hazina.Generator\Hazina.Generator.csproj::TargetFramework=net10.0]
C:\Projects\Hazina\src\Core\Agents\Hazina.Generator\Models\ModifyDocumentRequest.cs(1,14): warning CA1050: Declare types in namespaces (https://learn.microsoft.com/dotnet/fundamentals/code-analysis/quality-rules/ca1050) [C:\Projects\Hazina\src\Core\Agents\Hazina.Generator\Hazina.Generator.csproj::TargetFramework=net10.0]
C:\Projects\Hazina\src\Core\Agents\Hazina.Generator\Core\DocumentGenerator.cs(203,14): warning SA1513: Closing brace should be followed by blank line (https://github.com/DotNetAnalyzers/StyleCopAnalyzers/blob/master/documentation/SA1513.md) [C:\Projects\Hazina\src\Core\Agents\Hazina.Generator\Hazina.Generator.csproj::TargetFramework=net10.0]
C:\Projects\Hazina\src\Core\Agents\Hazina.Generator\Core\DocumentGenerator.cs(210,10): warning SA1513: Closing brace should be followed by blank line (https://github.com/DotNetAnalyzers/StyleCopAnalyzers/blob/master/documentation/SA1513.md) [C:\Projects\Hazina\src\Core\Agents\Hazina.Generator\Hazina.Generator.csproj::TargetFramework=net10.0]
C:\Projects\Hazina\src\Core\Agents\Hazina.Generator\Core\DocumentGenerator.cs(216,10): warning SA1513: Closing brace should be followed by blank line (https://github.com/DotNetAnalyzers/StyleCopAnalyzers/blob/master/documentation/SA1513.md) [C:\Projects\Hazina\src\Core\Agents\Hazina.Generator\Hazina.Generator.csproj::TargetFramework=net10.0]
C:\Projects\Hazina\src\Core\Agents\Hazina.Generator\Core\DocumentGenerator.cs(223,10): warning SA1513: Closing brace should be followed by blank line (https://github.com/DotNetAnalyzers/StyleCopAnalyzers/blob/master/documentation/SA1513.md) [C:\Projects\Hazina\src\Core\Agents\Hazina.Generator\Hazina.Generator.csproj::TargetFramework=net10.0]
C:\Projects\Hazina\src\Core\Agents\Hazina.Generator\Core\DocumentGenerator.cs(18,5): warning SA1515: Single-line comment should be preceded by blank line (https://github.com/DotNetAnalyzers/StyleCopAnalyzers/blob/master/documentation/SA1515.md) [C:\Projects\Hazina\src\Core\Agents\Hazina.Generator\Hazina.Generator.csproj::TargetFramework=net10.0]
C:\Projects\Hazina\src\Core\Agents\Hazina.Generator\Core\DocumentGenerator.cs(30,29): warning SA1401: Field should be private (https://github.com/DotNetAnalyzers/StyleCopAnalyzers/blob/master/documentation/SA1401.md) [C:\Projects\Hazina\src\Core\Agents\Hazina.Generator\Hazina.Generator.csproj::TargetFramework=net10.0]
C:\Projects\Hazina\src\Core\Agents\Hazina.Generator\Core\DocumentGenerator.cs(44,9): warning SA1515: Single-line comment should be preceded by blank line (https://github.com/DotNetAnalyzers/StyleCopAnalyzers/blob/master/documentation/SA1515.md) [C:\Projects\Hazina\src\Core\Agents\Hazina.Generator\Hazina.Generator.csproj::TargetFramework=net10.0]
C:\Projects\Hazina\src\Core\Agents\Hazina.Generator\Core\DocumentGenerator.cs(56,9): warning SA1515: Single-line comment should be preceded by blank line (https://github.com/DotNetAnalyzers/StyleCopAnalyzers/blob/master/documentation/SA1515.md) [C:\Projects\Hazina\src\Core\Agents\Hazina.Generator\Hazina.Generator.csproj::TargetFramework=net10.0]
C:\Projects\Hazina\src\Core\Agents\Hazina.Generator\Core\DocumentGenerator.cs(30,29): warning S1104: Make this field 'private' and encapsulate it in a 'public' property. (https://rules.sonarsource.com/csharp/RSPEC-1104) [C:\Projects\Hazina\src\Core\Agents\Hazina.Generator\Hazina.Generator.csproj::TargetFramework=net10.0]
C:\Projects\Hazina\src\Core\Agents\Hazina.Generator\Models\ModifyDocumentRequest.cs(1,14): warning MA0047: Declare type 'ModifyDocumentRequest' in a namespace (https://github.com/meziantou/Meziantou.Analyzer/blob/main/docs/Rules/MA0047.md) [C:\Projects\Hazina\src\Core\Agents\Hazina.Generator\Hazina.Generator.csproj::TargetFramework=net10.0]
C:\Projects\Hazina\src\Core\Agents\Hazina.Generator\Models\ModifyDocumentRequest.cs(1,14): warning S3903: Move 'ModifyDocumentRequest' into a named namespace. (https://rules.sonarsource.com/csharp/RSPEC-3903) [C:\Projects\Hazina\src\Core\Agents\Hazina.Generator\Hazina.Generator.csproj::TargetFramework=net10.0]
C:\Projects\Hazina\src\Core\Agents\Hazina.Generator\Models\ModifyDocumentRequest.cs(4,1): warning SA1516: Elements should be separated by blank line (https://github.com/DotNetAnalyzers/StyleCopAnalyzers/blob/master/documentation/SA1516.md) [C:\Projects\Hazina\src\Core\Agents\Hazina.Generator\Hazina.Generator.csproj::TargetFramework=net10.0]
C:\Projects\Hazina\src\Core\Agents\Hazina.Generator\Models\ModifyDocumentRequest.cs(5,1): warning SA1516: Elements should be separated by blank line (https://github.com/DotNetAnalyzers/StyleCopAnalyzers/blob/master/documentation/SA1516.md) [C:\Projects\Hazina\src\Core\Agents\Hazina.Generator\Hazina.Generator.csproj::TargetFramework=net10.0]
C:\Projects\Hazina\src\Core\Agents\Hazina.Generator\Models\StoreSafetyPolicy.cs(6,14): warning CA1050: Declare types in namespaces (https://learn.microsoft.com/dotnet/fundamentals/code-analysis/quality-rules/ca1050) [C:\Projects\Hazina\src\Core\Agents\Hazina.Generator\Hazina.Generator.csproj::TargetFramework=net10.0]
C:\Projects\Hazina\src\Core\Agents\Hazina.Generator\Models\StoreSafetyPolicy.cs(6,14): warning MA0047: Declare type 'StoreSafetyPolicy' in a namespace (https://github.com/meziantou/Meziantou.Analyzer/blob/main/docs/Rules/MA0047.md) [C:\Projects\Hazina\src\Core\Agents\Hazina.Generator\Hazina.Generator.csproj::TargetFramework=net10.0]
C:\Projects\Hazina\src\Core\Agents\Hazina.Generator\Models\UpdateStoreResponse.cs(3,14): warning CA1050: Declare types in namespaces (https://learn.microsoft.com/dotnet/fundamentals/code-analysis/quality-rules/ca1050) [C:\Projects\Hazina\src\Core\Agents\Hazina.Generator\Hazina.Generator.csproj::TargetFramework=net10.0]
C:\Projects\Hazina\src\Core\Agents\Hazina.Generator\Models\StoreSafetyPolicyViolationException.cs(4,14): warning CA1032: Add the following constructor to StoreSafetyPolicyViolationException: public StoreSafetyPolicyViolationException() (https://learn.microsoft.com/dotnet/fundamentals/code-analysis/quality-rules/ca1032) [C:\Projects\Hazina\src\Core\Agents\Hazina.Generator\Hazina.Generator.csproj::TargetFramework=net10.0]
C:\Projects\Hazina\src\Core\Agents\Hazina.Generator\Models\UpdateStoreResponse.cs(5,39): warning CA2227: Change 'Moves' to be read-only by removing the property setter (https://learn.microsoft.com/dotnet/fundamentals/code-analysis/quality-rules/ca2227) [C:\Projects\Hazina\src\Core\Agents\Hazina.Generator\Hazina.Generator.csproj::TargetFramework=net10.0]
C:\Projects\Hazina\src\Core\Agents\Hazina.Generator\Models\UpdateStoreResponse.cs(5,39): warning CA1002: Change 'List<MoveDocumentRequest>' in 'UpdateStoreResponse.Moves' to use 'Collection<T>', 'ReadOnlyCollection<T>' or 'KeyedCollection<K,V>' (https://learn.microsoft.com/dotnet/fundamentals/code-analysis/quality-rules/ca1002) [C:\Projects\Hazina\src\Core\Agents\Hazina.Generator\Hazina.Generator.csproj::TargetFramework=net10.0]
C:\Projects\Hazina\src\Core\Agents\Hazina.Generator\Models\StoreSafetyPolicyViolationException.cs(4,14): warning CA1050: Declare types in namespaces (https://learn.microsoft.com/dotnet/fundamentals/code-analysis/quality-rules/ca1050) [C:\Projects\Hazina\src\Core\Agents\Hazina.Generator\Hazina.Generator.csproj::TargetFramework=net10.0]
C:\Projects\Hazina\src\Core\Agents\Hazina.Generator\Models\UpdateStoreResponse.cs(3,14): warning MA0047: Declare type 'UpdateStoreResponse' in a namespace (https://github.com/meziantou/Meziantou.Analyzer/blob/main/docs/Rules/MA0047.md) [C:\Projects\Hazina\src\Core\Agents\Hazina.Generator\Hazina.Generator.csproj::TargetFramework=net10.0]
C:\Projects\Hazina\src\Core\Agents\Hazina.Generator\Models\UpdateStoreResponse.cs(5,12): warning MA0016: Prefer using collection abstraction instead of implementation (https://github.com/meziantou/Meziantou.Analyzer/blob/main/docs/Rules/MA0016.md) [C:\Projects\Hazina\src\Core\Agents\Hazina.Generator\Hazina.Generator.csproj::TargetFramework=net10.0]
C:\Projects\Hazina\src\Core\Agents\Hazina.Generator\Core\DocumentGenerator.cs(189,9): warning SA1000: The keyword 'if' should be followed by a space (https://github.com/DotNetAnalyzers/StyleCopAnalyzers/blob/master/documentation/SA1000.md) [C:\Projects\Hazina\src\Core\Agents\Hazina.Generator\Hazina.Generator.csproj::TargetFramework=net10.0]
C:\Projects\Hazina\src\Core\Agents\Hazina.Generator\Core\DocumentGenerator.cs(200,13): warning SA1000: The keyword 'foreach' should be followed by a space (https://github.com/DotNetAnalyzers/StyleCopAnalyzers/blob/master/documentation/SA1000.md) [C:\Projects\Hazina\src\Core\Agents\Hazina.Generator\Hazina.Generator.csproj::TargetFramework=net10.0]
C:\Projects\Hazina\src\Core\Agents\Hazina.Generator\Core\DocumentGenerator.cs(218,9): warning SA1000: The keyword 'if' should be followed by a space (https://github.com/DotNetAnalyzers/StyleCopAnalyzers/blob/master/documentation/SA1000.md) [C:\Projects\Hazina\src\Core\Agents\Hazina.Generator\Hazina.Generator.csproj::TargetFramework=net10.0]
C:\Projects\Hazina\src\Core\Agents\Hazina.Generator\Models\StoreSafetyPolicy.cs(6,14): warning S3903: Move 'StoreSafetyPolicy' into a named namespace. (https://rules.sonarsource.com/csharp/RSPEC-3903) [C:\Projects\Hazina\src\Core\Agents\Hazina.Generator\Hazina.Generator.csproj::TargetFramework=net10.0]
C:\Projects\Hazina\src\Core\Agents\Hazina.Generator\Models\UpdateStoreResponse.cs(7,41): warning CA2227: Change 'Modifications' to be read-only by removing the property setter (https://learn.microsoft.com/dotnet/fundamentals/code-analysis/quality-rules/ca2227) [C:\Projects\Hazina\src\Core\Agents\Hazina.Generator\Hazina.Generator.csproj::TargetFramework=net10.0]
C:\Projects\Hazina\src\Core\Agents\Hazina.Generator\Models\UpdateStoreResponse.cs(7,41): warning CA1002: Change 'List<ModifyDocumentRequest>' in 'UpdateStoreResponse.Modifications' to use 'Collection<T>', 'ReadOnlyCollection<T>' or 'KeyedCollection<K,V>' (https://learn.microsoft.com/dotnet/fundamentals/code-analysis/quality-rules/ca1002) [C:\Projects\Hazina\src\Core\Agents\Hazina.Generator\Hazina.Generator.csproj::TargetFramework=net10.0]
C:\Projects\Hazina\src\Core\Agents\Hazina.Generator\Models\UpdateStoreResponse.cs(7,12): warning MA0016: Prefer using collection abstraction instead of implementation (https://github.com/meziantou/Meziantou.Analyzer/blob/main/docs/Rules/MA0016.md) [C:\Projects\Hazina\src\Core\Agents\Hazina.Generator\Hazina.Generator.csproj::TargetFramework=net10.0]
C:\Projects\Hazina\src\Core\Agents\Hazina.Generator\Models\UpdateStoreResponse.cs(6,41): warning CA2227: Change 'Deletions' to be read-only by removing the property setter (https://learn.microsoft.com/dotnet/fundamentals/code-analysis/quality-rules/ca2227) [C:\Projects\Hazina\src\Core\Agents\Hazina.Generator\Hazina.Generator.csproj::TargetFramework=net10.0]
C:\Projects\Hazina\src\Core\Agents\Hazina.Generator\Models\StoreSafetyPolicy.cs(1,1): warning SA1514: Element documentation header should be preceded by blank line (https://github.com/DotNetAnalyzers/StyleCopAnalyzers/blob/master/documentation/SA1514.md) [C:\Projects\Hazina\src\Core\Agents\Hazina.Generator\Hazina.Generator.csproj::TargetFramework=net10.0]
C:\Projects\Hazina\src\Core\Agents\Hazina.Generator\Models\UpdateStoreResponse.cs(6,41): warning CA1002: Change 'List<DeleteDocumentRequest>' in 'UpdateStoreResponse.Deletions' to use 'Collection<T>', 'ReadOnlyCollection<T>' or 'KeyedCollection<K,V>' (https://learn.microsoft.com/dotnet/fundamentals/code-analysis/quality-rules/ca1002) [C:\Projects\Hazina\src\Core\Agents\Hazina.Generator\Hazina.Generator.csproj::TargetFramework=net10.0]
C:\Projects\Hazina\src\Core\Agents\Hazina.Generator\Models\StoreSafetyPolicyViolationException.cs(4,14): warning MA0047: Declare type 'StoreSafetyPolicyViolationException' in a namespace (https://github.com/meziantou/Meziantou.Analyzer/blob/main/docs/Rules/MA0047.md) [C:\Projects\Hazina\src\Core\Agents\Hazina.Generator\Hazina.Generator.csproj::TargetFramework=net10.0]
C:\Projects\Hazina\src\Core\Agents\Hazina.Generator\Models\UpdateStoreResponse.cs(6,12): warning MA0016: Prefer using collection abstraction instead of implementation (https://github.com/meziantou/Meziantou.Analyzer/blob/main/docs/Rules/MA0016.md) [C:\Projects\Hazina\src\Core\Agents\Hazina.Generator\Hazina.Generator.csproj::TargetFramework=net10.0]
C:\Projects\Hazina\src\Core\Agents\Hazina.Generator\Models\UpdateStoreResponse.cs(3,14): warning S3903: Move 'UpdateStoreResponse' into a named namespace. (https://rules.sonarsource.com/csharp/RSPEC-3903) [C:\Projects\Hazina\src\Core\Agents\Hazina.Generator\Hazina.Generator.csproj::TargetFramework=net10.0]
C:\Projects\Hazina\src\Core\Agents\Hazina.Generator\Models\StoreSafetyPolicyViolationException.cs(4,14): warning S3903: Move 'StoreSafetyPolicyViolationException' into a named namespace. (https://rules.sonarsource.com/csharp/RSPEC-3903) [C:\Projects\Hazina\src\Core\Agents\Hazina.Generator\Hazina.Generator.csproj::TargetFramework=net10.0]
C:\Projects\Hazina\src\Core\Agents\Hazina.Generator\Core\DocumentGenerator.cs(18,5): warning SA1005: Single line comment should begin with a space (https://github.com/DotNetAnalyzers/StyleCopAnalyzers/blob/master/documentation/SA1005.md) [C:\Projects\Hazina\src\Core\Agents\Hazina.Generator\Hazina.Generator.csproj::TargetFramework=net10.0]
C:\Projects\Hazina\src\Core\Agents\Hazina.Generator\Core\DocumentGenerator.cs(19,5): warning SA1005: Single line comment should begin with a space (https://github.com/DotNetAnalyzers/StyleCopAnalyzers/blob/master/documentation/SA1005.md) [C:\Projects\Hazina\src\Core\Agents\Hazina.Generator\Hazina.Generator.csproj::TargetFramework=net10.0]
C:\Projects\Hazina\src\Core\Agents\Hazina.Generator\Core\DocumentGenerator.cs(44,9): warning SA1005: Single line comment should begin with a space (https://github.com/DotNetAnalyzers/StyleCopAnalyzers/blob/master/documentation/SA1005.md) [C:\Projects\Hazina\src\Core\Agents\Hazina.Generator\Hazina.Generator.csproj::TargetFramework=net10.0]
C:\Projects\Hazina\src\Core\Agents\Hazina.Generator\Core\DocumentGenerator.cs(45,9): warning SA1005: Single line comment should begin with a space (https://github.com/DotNetAnalyzers/StyleCopAnalyzers/blob/master/documentation/SA1005.md) [C:\Projects\Hazina\src\Core\Agents\Hazina.Generator\Hazina.Generator.csproj::TargetFramework=net10.0]
C:\Projects\Hazina\src\Core\Agents\Hazina.Generator\Core\DocumentGenerator.cs(56,9): warning SA1005: Single line comment should begin with a space (https://github.com/DotNetAnalyzers/StyleCopAnalyzers/blob/master/documentation/SA1005.md) [C:\Projects\Hazina\src\Core\Agents\Hazina.Generator\Hazina.Generator.csproj::TargetFramework=net10.0]
C:\Projects\Hazina\src\Core\Agents\Hazina.Generator\Core\DocumentGenerator.cs(57,9): warning SA1005: Single line comment should begin with a space (https://github.com/DotNetAnalyzers/StyleCopAnalyzers/blob/master/documentation/SA1005.md) [C:\Projects\Hazina\src\Core\Agents\Hazina.Generator\Hazina.Generator.csproj::TargetFramework=net10.0]
C:\Projects\Hazina\src\Core\Agents\Hazina.Generator\Core\DocumentGenerator.cs(58,9): warning SA1005: Single line comment should begin with a space (https://github.com/DotNetAnalyzers/StyleCopAnalyzers/blob/master/documentation/SA1005.md) [C:\Projects\Hazina\src\Core\Agents\Hazina.Generator\Hazina.Generator.csproj::TargetFramework=net10.0]
C:\Projects\Hazina\src\Core\Agents\Hazina.Generator\Models\UpdateStoreResponse.cs(6,1): warning SA1516: Elements should be separated by blank line (https://github.com/DotNetAnalyzers/StyleCopAnalyzers/blob/master/documentation/SA1516.md) [C:\Projects\Hazina\src\Core\Agents\Hazina.Generator\Hazina.Generator.csproj::TargetFramework=net10.0]
C:\Projects\Hazina\src\Core\Agents\Hazina.Generator\Models\UpdateStoreResponse.cs(7,1): warning SA1516: Elements should be separated by blank line (https://github.com/DotNetAnalyzers/StyleCopAnalyzers/blob/master/documentation/SA1516.md) [C:\Projects\Hazina\src\Core\Agents\Hazina.Generator\Hazina.Generator.csproj::TargetFramework=net10.0]
C:\Projects\Hazina\src\Core\Agents\Hazina.Generator\Models\UpdateStoreResponse.cs(8,1): warning SA1516: Elements should be separated by blank line (https://github.com/DotNetAnalyzers/StyleCopAnalyzers/blob/master/documentation/SA1516.md) [C:\Projects\Hazina\src\Core\Agents\Hazina.Generator\Hazina.Generator.csproj::TargetFramework=net10.0]
C:\Projects\Hazina\src\Core\Agents\Hazina.Generator\Models\UpdateStoreResponse.cs(8,51): warning SA1122: Use string.Empty for empty strings (https://github.com/DotNetAnalyzers/StyleCopAnalyzers/blob/master/documentation/SA1122.md) [C:\Projects\Hazina\src\Core\Agents\Hazina.Generator\Hazina.Generator.csproj::TargetFramework=net10.0]
C:\Projects\Hazina\src\Core\Agents\Hazina.Generator\Core\DocumentGenerator.cs(113,9): warning SA1005: Single line comment should begin with a space (https://github.com/DotNetAnalyzers/StyleCopAnalyzers/blob/master/documentation/SA1005.md) [C:\Projects\Hazina\src\Core\Agents\Hazina.Generator\Hazina.Generator.csproj::TargetFramework=net10.0]
C:\Projects\Hazina\src\Core\Agents\Hazina.Generator\Core\DocumentGenerator.cs(133,9): warning SA1005: Single line comment should begin with a space (https://github.com/DotNetAnalyzers/StyleCopAnalyzers/blob/master/documentation/SA1005.md) [C:\Projects\Hazina\src\Core\Agents\Hazina.Generator\Hazina.Generator.csproj::TargetFramework=net10.0]
C:\Projects\Hazina\src\Core\Agents\Hazina.Generator\Core\DocumentGenerator.cs(134,9): warning SA1005: Single line comment should begin with a space (https://github.com/DotNetAnalyzers/StyleCopAnalyzers/blob/master/documentation/SA1005.md) [C:\Projects\Hazina\src\Core\Agents\Hazina.Generator\Hazina.Generator.csproj::TargetFramework=net10.0]
C:\Projects\Hazina\src\Core\Agents\Hazina.Generator\Models\StoreSafetyPolicyViolationException.cs(1,1): warning SA1514: Element documentation header should be preceded by blank line (https://github.com/DotNetAnalyzers/StyleCopAnalyzers/blob/master/documentation/SA1514.md) [C:\Projects\Hazina\src\Core\Agents\Hazina.Generator\Hazina.Generator.csproj::TargetFramework=net10.0]
C:\Projects\Hazina\src\Core\Agents\Hazina.Generator\Core\DocumentGenerator.cs(17,36): warning CA2227: Change 'ReadonlyStores' to be read-only by removing the property setter (https://learn.microsoft.com/dotnet/fundamentals/code-analysis/quality-rules/ca2227) [C:\Projects\Hazina\src\Core\Agents\Hazina.Generator\Hazina.Generator.csproj::TargetFramework=net10.0]
C:\Projects\Hazina\src\Core\Agents\Hazina.Generator\Core\DocumentGenerator.cs(17,36): warning CA1002: Change 'List<IDocumentStore>' in 'DocumentGenerator.ReadonlyStores' to use 'Collection<T>', 'ReadOnlyCollection<T>' or 'KeyedCollection<K,V>' (https://learn.microsoft.com/dotnet/fundamentals/code-analysis/quality-rules/ca1002) [C:\Projects\Hazina\src\Core\Agents\Hazina.Generator\Hazina.Generator.csproj::TargetFramework=net10.0]
C:\Projects\Hazina\src\Core\Agents\Hazina.Generator\Core\DocumentGenerator.cs(17,15): warning MA0016: Prefer using collection abstraction instead of implementation (https://github.com/meziantou/Meziantou.Analyzer/blob/main/docs/Rules/MA0016.md) [C:\Projects\Hazina\src\Core\Agents\Hazina.Generator\Hazina.Generator.csproj::TargetFramework=net10.0]
C:\Projects\Hazina\src\Core\Agents\Hazina.Generator\Core\DocumentGenerator.cs(14,14): warning CA1050: Declare types in namespaces (https://learn.microsoft.com/dotnet/fundamentals/code-analysis/quality-rules/ca1050) [C:\Projects\Hazina\src\Core\Agents\Hazina.Generator\Hazina.Generator.csproj::TargetFramework=net10.0]
C:\Projects\Hazina\src\Core\Agents\Hazina.Generator\Core\DocumentGenerator.cs(14,14): warning MA0047: Declare type 'DocumentGenerator' in a namespace (https://github.com/meziantou/Meziantou.Analyzer/blob/main/docs/Rules/MA0047.md) [C:\Projects\Hazina\src\Core\Agents\Hazina.Generator\Hazina.Generator.csproj::TargetFramework=net10.0]
C:\Projects\Hazina\src\Core\Agents\Hazina.Generator\Interfaces\IDocumentGenerator.cs(5,31): warning CA1068: Method 'IDocumentGenerator.GetResponse(string, System.Threading.CancellationToken, System.Collections.Generic.IEnumerable<HazinaChatMessage>?, bool, bool, Hazina.LLMs.IToolsContext, System.Collections.Generic.List<ImageData>)' should take CancellationToken as the last parameter (https://learn.microsoft.com/dotnet/fundamentals/code-analysis/quality-rules/ca1068) [C:\Projects\Hazina\src\Core\Agents\Hazina.Generator\Hazina.Generator.csproj::TargetFramework=net10.0]
C:\Projects\Hazina\src\Core\Agents\Hazina.Generator\Interfaces\IDocumentGenerator.cs(5,215): warning CA1002: Change 'List<ImageData>' in 'IDocumentGenerator.GetResponse(string, CancellationToken, IEnumerable<HazinaChatMessage>, bool, bool, IToolsContext, List<ImageData>)' to use 'Collection<T>', 'ReadOnlyCollection<T>' or 'KeyedCollection<K,V>' (https://learn.microsoft.com/dotnet/fundamentals/code-analysis/quality-rules/ca1002) [C:\Projects\Hazina\src\Core\Agents\Hazina.Generator\Hazina.Generator.csproj::TargetFramework=net10.0]
C:\Projects\Hazina\src\Core\Agents\Hazina.Generator\Interfaces\IDocumentGenerator.cs(5,199): warning MA0016: Prefer using collection abstraction instead of implementation (https://github.com/meziantou/Meziantou.Analyzer/blob/main/docs/Rules/MA0016.md) [C:\Projects\Hazina\src\Core\Agents\Hazina.Generator\Hazina.Generator.csproj::TargetFramework=net10.0]
C:\Projects\Hazina\src\Core\Agents\Hazina.Generator\Core\DocumentGenerator.cs(28,30): warning SA1623: The property's documentation summary text should begin with: 'Gets or sets' (https://github.com/DotNetAnalyzers/StyleCopAnalyzers/blob/master/documentation/SA1623.md) [C:\Projects\Hazina\src\Core\Agents\Hazina.Generator\Hazina.Generator.csproj::TargetFramework=net10.0]
C:\Projects\Hazina\src\Core\Agents\Hazina.Generator\Interfaces\IDocumentGenerator.cs(6,31): warning CA1068: Method 'IDocumentGenerator.StreamResponse(string, System.Threading.CancellationToken, System.Action<string>, System.Collections.Generic.IEnumerable<HazinaChatMessage>?, bool, bool, Hazina.LLMs.IToolsContext, System.Collections.Generic.List<ImageData>)' should take CancellationToken as the last parameter (https://learn.microsoft.com/dotnet/fundamentals/code-analysis/quality-rules/ca1068) [C:\Projects\Hazina\src\Core\Agents\Hazina.Generator\Hazina.Generator.csproj::TargetFramework=net10.0]
C:\Projects\Hazina\src\Core\Agents\Hazina.Generator\Interfaces\IDocumentGenerator.cs(6,250): warning CA1002: Change 'List<ImageData>' in 'IDocumentGenerator.StreamResponse(string, CancellationToken, Action<string>, IEnumerable<HazinaChatMessage>, bool, bool, IToolsContext, List<ImageData>)' to use 'Collection<T>', 'ReadOnlyCollection<T>' or 'KeyedCollection<K,V>' (https://learn.microsoft.com/dotnet/fundamentals/code-analysis/quality-rules/ca1002) [C:\Projects\Hazina\src\Core\Agents\Hazina.Generator\Hazina.Generator.csproj::TargetFramework=net10.0]
C:\Projects\Hazina\src\Core\Agents\Hazina.Generator\Interfaces\IDocumentGenerator.cs(6,234): warning MA0016: Prefer using collection abstraction instead of implementation (https://github.com/meziantou/Meziantou.Analyzer/blob/main/docs/Rules/MA0016.md) [C:\Projects\Hazina\src\Core\Agents\Hazina.Generator\Hazina.Generator.csproj::TargetFramework=net10.0]
C:\Projects\Hazina\src\Core\Agents\Hazina.Generator\Interfaces\IDocumentGenerator.cs(7,38): warning CA1068: Method 'IDocumentGenerator.GetResponse<ResponseType>(string, System.Threading.CancellationToken, System.Collections.Generic.IEnumerable<HazinaChatMessage>?, bool, bool, Hazina.LLMs.IToolsContext, System.Collections.Generic.List<ImageData>)' should take CancellationToken as the last parameter (https://learn.microsoft.com/dotnet/fundamentals/code-analysis/quality-rules/ca1068) [C:\Projects\Hazina\src\Core\Agents\Hazina.Generator\Hazina.Generator.csproj::TargetFramework=net10.0]
C:\Projects\Hazina\src\Core\Agents\Hazina.Generator\Interfaces\IDocumentGenerator.cs(7,236): warning CA1002: Change 'List<ImageData>' in 'IDocumentGenerator.GetResponse<ResponseType>(string, CancellationToken, IEnumerable<HazinaChatMessage>, bool, bool, IToolsContext, List<ImageData>)' to use 'Collection<T>', 'ReadOnlyCollection<T>' or 'KeyedCollection<K,V>' (https://learn.microsoft.com/dotnet/fundamentals/code-analysis/quality-rules/ca1002) [C:\Projects\Hazina\src\Core\Agents\Hazina.Generator\Hazina.Generator.csproj::TargetFramework=net10.0]
C:\Projects\Hazina\src\Core\Agents\Hazina.Generator\Interfaces\IDocumentGenerator.cs(7,50): warning CA1715: Prefix generic type parameter name ResponseType with 'T' (https://learn.microsoft.com/dotnet/fundamentals/code-analysis/quality-rules/ca1715) [C:\Projects\Hazina\src\Core\Agents\Hazina.Generator\Hazina.Generator.csproj::TargetFramework=net10.0]
C:\Projects\Hazina\src\Core\Agents\Hazina.Generator\Interfaces\IDocumentGenerator.cs(7,220): warning MA0016: Prefer using collection abstraction instead of implementation (https://github.com/meziantou/Meziantou.Analyzer/blob/main/docs/Rules/MA0016.md) [C:\Projects\Hazina\src\Core\Agents\Hazina.Generator\Hazina.Generator.csproj::TargetFramework=net10.0]
C:\Projects\Hazina\src\Core\Agents\Hazina.Generator\Core\DocumentGenerator.cs(14,14): warning S3903: Move 'DocumentGenerator' into a named namespace. (https://rules.sonarsource.com/csharp/RSPEC-3903) [C:\Projects\Hazina\src\Core\Agents\Hazina.Generator\Hazina.Generator.csproj::TargetFramework=net10.0]
C:\Projects\Hazina\src\Core\Agents\Hazina.Generator\Interfaces\IDocumentGenerator.cs(9,31): warning CA1068: Method 'IDocumentGenerator.UpdateStore(string, System.Threading.CancellationToken, System.Collections.Generic.IEnumerable<HazinaChatMessage>?, bool, bool, Hazina.LLMs.IToolsContext, System.Collections.Generic.List<ImageData>)' should take CancellationToken as the last parameter (https://learn.microsoft.com/dotnet/fundamentals/code-analysis/quality-rules/ca1068) [C:\Projects\Hazina\src\Core\Agents\Hazina.Generator\Hazina.Generator.csproj::TargetFramework=net10.0]
C:\Projects\Hazina\src\Core\Agents\Hazina.Generator\Interfaces\IDocumentGenerator.cs(10,31): warning CA1068: Method 'IDocumentGenerator.StreamUpdateStore(string, System.Threading.CancellationToken, System.Action<string>, System.Collections.Generic.IEnumerable<HazinaChatMessage>?, bool, bool, Hazina.LLMs.IToolsContext, System.Collections.Generic.List<ImageData>)' should take CancellationToken as the last parameter (https://learn.microsoft.com/dotnet/fundamentals/code-analysis/quality-rules/ca1068) [C:\Projects\Hazina\src\Core\Agents\Hazina.Generator\Hazina.Generator.csproj::TargetFramework=net10.0]
C:\Projects\Hazina\src\Core\Agents\Hazina.Generator\Interfaces\IDocumentGenerator.cs(9,215): warning CA1002: Change 'List<ImageData>' in 'IDocumentGenerator.UpdateStore(string, CancellationToken, IEnumerable<HazinaChatMessage>, bool, bool, IToolsContext, List<ImageData>)' to use 'Collection<T>', 'ReadOnlyCollection<T>' or 'KeyedCollection<K,V>' (https://learn.microsoft.com/dotnet/fundamentals/code-analysis/quality-rules/ca1002) [C:\Projects\Hazina\src\Core\Agents\Hazina.Generator\Hazina.Generator.csproj::TargetFramework=net10.0]
C:\Projects\Hazina\src\Core\Agents\Hazina.Generator\Interfaces\IDocumentGenerator.cs(10,253): warning CA1002: Change 'List<ImageData>' in 'IDocumentGenerator.StreamUpdateStore(string, CancellationToken, Action<string>, IEnumerable<HazinaChatMessage>, bool, bool, IToolsContext, List<ImageData>)' to use 'Collection<T>', 'ReadOnlyCollection<T>' or 'KeyedCollection<K,V>' (https://learn.microsoft.com/dotnet/fundamentals/code-analysis/quality-rules/ca1002) [C:\Projects\Hazina\src\Core\Agents\Hazina.Generator\Hazina.Generator.csproj::TargetFramework=net10.0]
C:\Projects\Hazina\src\Core\Agents\Hazina.Generator\Core\DocumentGenerator.cs(61,44): warning S4136: All 'GetResponse' method overloads should be adjacent. (https://rules.sonarsource.com/csharp/RSPEC-4136) [C:\Projects\Hazina\src\Core\Agents\Hazina.Generator\Hazina.Generator.csproj::TargetFramework=net10.0]
C:\Projects\Hazina\src\Core\Agents\Hazina.Generator\Core\DocumentGenerator.cs(73,44): warning S4136: All 'StreamResponse' method overloads should be adjacent. (https://rules.sonarsource.com/csharp/RSPEC-4136) [C:\Projects\Hazina\src\Core\Agents\Hazina.Generator\Hazina.Generator.csproj::TargetFramework=net10.0]
C:\Projects\Hazina\src\Core\Agents\Hazina.Generator\Interfaces\IDocumentGenerator.cs(10,237): warning MA0016: Prefer using collection abstraction instead of implementation (https://github.com/meziantou/Meziantou.Analyzer/blob/main/docs/Rules/MA0016.md) [C:\Projects\Hazina\src\Core\Agents\Hazina.Generator\Hazina.Generator.csproj::TargetFramework=net10.0]
C:\Projects\Hazina\src\Core\Agents\Hazina.Generator\Interfaces\IDocumentGenerator.cs(9,199): warning MA0016: Prefer using collection abstraction instead of implementation (https://github.com/meziantou/Meziantou.Analyzer/blob/main/docs/Rules/MA0016.md) [C:\Projects\Hazina\src\Core\Agents\Hazina.Generator\Hazina.Generator.csproj::TargetFramework=net10.0]
C:\Projects\Hazina\src\Core\Agents\Hazina.Generator\Interfaces\IDocumentGenerator.cs(8,38): warning CA1068: Method 'IDocumentGenerator.StreamResponse<ResponseType>(string, System.Threading.CancellationToken, System.Action<string>, System.Collections.Generic.IEnumerable<HazinaChatMessage>?, bool, bool, Hazina.LLMs.IToolsContext, System.Collections.Generic.List<ImageData>)' should take CancellationToken as the last parameter (https://learn.microsoft.com/dotnet/fundamentals/code-analysis/quality-rules/ca1068) [C:\Projects\Hazina\src\Core\Agents\Hazina.Generator\Hazina.Generator.csproj::TargetFramework=net10.0]
C:\Projects\Hazina\src\Core\Agents\Hazina.Generator\Interfaces\IDocumentGenerator.cs(7,50): warning SA1314: Type parameter names should begin with T (https://github.com/DotNetAnalyzers/StyleCopAnalyzers/blob/master/documentation/SA1314.md) [C:\Projects\Hazina\src\Core\Agents\Hazina.Generator\Hazina.Generator.csproj::TargetFramework=net10.0]
C:\Projects\Hazina\src\Core\Agents\Hazina.Generator\Interfaces\IDocumentGenerator.cs(8,271): warning CA1002: Change 'List<ImageData>' in 'IDocumentGenerator.StreamResponse<ResponseType>(string, CancellationToken, Action<string>, IEnumerable<HazinaChatMessage>, bool, bool, IToolsContext, List<ImageData>)' to use 'Collection<T>', 'ReadOnlyCollection<T>' or 'KeyedCollection<K,V>' (https://learn.microsoft.com/dotnet/fundamentals/code-analysis/quality-rules/ca1002) [C:\Projects\Hazina\src\Core\Agents\Hazina.Generator\Hazina.Generator.csproj::TargetFramework=net10.0]
C:\Projects\Hazina\src\Core\Agents\Hazina.Generator\Interfaces\IDocumentGenerator.cs(8,53): warning CA1715: Prefix generic type parameter name ResponseType with 'T' (https://learn.microsoft.com/dotnet/fundamentals/code-analysis/quality-rules/ca1715) [C:\Projects\Hazina\src\Core\Agents\Hazina.Generator\Hazina.Generator.csproj::TargetFramework=net10.0]
C:\Projects\Hazina\src\Core\Agents\Hazina.Generator\Interfaces\IDocumentGenerator.cs(8,255): warning MA0016: Prefer using collection abstraction instead of implementation (https://github.com/meziantou/Meziantou.Analyzer/blob/main/docs/Rules/MA0016.md) [C:\Projects\Hazina\src\Core\Agents\Hazina.Generator\Hazina.Generator.csproj::TargetFramework=net10.0]
C:\Projects\Hazina\src\Core\Agents\Hazina.Generator\Interfaces\IDocumentGenerator.cs(7,244): warning SA1127: Generic type constraints should be on their own line (https://github.com/DotNetAnalyzers/StyleCopAnalyzers/blob/master/documentation/SA1127.md) [C:\Projects\Hazina\src\Core\Agents\Hazina.Generator\Hazina.Generator.csproj::TargetFramework=net10.0]
C:\Projects\Hazina\src\Core\Agents\Hazina.Generator\Interfaces\IDocumentGenerator.cs(8,53): warning SA1314: Type parameter names should begin with T (https://github.com/DotNetAnalyzers/StyleCopAnalyzers/blob/master/documentation/SA1314.md) [C:\Projects\Hazina\src\Core\Agents\Hazina.Generator\Hazina.Generator.csproj::TargetFramework=net10.0]
C:\Projects\Hazina\src\Core\Agents\Hazina.Generator\Interfaces\IDocumentGenerator.cs(8,279): warning SA1127: Generic type constraints should be on their own line (https://github.com/DotNetAnalyzers/StyleCopAnalyzers/blob/master/documentation/SA1127.md) [C:\Projects\Hazina\src\Core\Agents\Hazina.Generator\Hazina.Generator.csproj::TargetFramework=net10.0]
C:\Projects\Hazina\src\Core\Agents\Hazina.Generator\Core\DocumentGenerator.cs(17,1): warning SA1516: Elements should be separated by blank line (https://github.com/DotNetAnalyzers/StyleCopAnalyzers/blob/master/documentation/SA1516.md) [C:\Projects\Hazina\src\Core\Agents\Hazina.Generator\Hazina.Generator.csproj::TargetFramework=net10.0]
C:\Projects\Hazina\src\Core\Agents\Hazina.Generator\Core\DocumentGenerator.cs(18,1): warning SA1516: Elements should be separated by blank line (https://github.com/DotNetAnalyzers/StyleCopAnalyzers/blob/master/documentation/SA1516.md) [C:\Projects\Hazina\src\Core\Agents\Hazina.Generator\Hazina.Generator.csproj::TargetFramework=net10.0]
C:\Projects\Hazina\src\Core\Agents\Hazina.Generator\Core\DocumentGenerator.cs(21,1): warning SA1516: Elements should be separated by blank line (https://github.com/DotNetAnalyzers/StyleCopAnalyzers/blob/master/documentation/SA1516.md) [C:\Projects\Hazina\src\Core\Agents\Hazina.Generator\Hazina.Generator.csproj::TargetFramework=net10.0]
C:\Projects\Hazina\src\Core\Agents\Hazina.Generator\Core\DocumentGenerator.cs(22,1): warning SA1516: Elements should be separated by blank line (https://github.com/DotNetAnalyzers/StyleCopAnalyzers/blob/master/documentation/SA1516.md) [C:\Projects\Hazina\src\Core\Agents\Hazina.Generator\Hazina.Generator.csproj::TargetFramework=net10.0]
C:\Projects\Hazina\src\Core\Agents\Hazina.Generator\Core\DocumentGenerator.cs(189,22): warning SA1025: Code should not contain multiple whitespace characters in a row (https://github.com/DotNetAnalyzers/StyleCopAnalyzers/blob/master/documentation/SA1025.md) [C:\Projects\Hazina\src\Core\Agents\Hazina.Generator\Hazina.Generator.csproj::TargetFramework=net10.0]
C:\Projects\Hazina\src\Core\Agents\Hazina.Generator\Models\StoreSafetyPolicyViolationException.cs(6,64): warning SA1128: Put constructor initializers on their own line (https://github.com/DotNetAnalyzers/StyleCopAnalyzers/blob/master/documentation/SA1128.md) [C:\Projects\Hazina\src\Core\Agents\Hazina.Generator\Hazina.Generator.csproj::TargetFramework=net10.0]
C:\Projects\Hazina\src\Core\Agents\Hazina.Generator\Core\DocumentGenerator.cs(218,28): warning SA1028: Code should not contain trailing whitespace (https://github.com/DotNetAnalyzers/StyleCopAnalyzers/blob/master/documentation/SA1028.md) [C:\Projects\Hazina\src\Core\Agents\Hazina.Generator\Hazina.Generator.csproj::TargetFramework=net10.0]
C:\Projects\Hazina\src\Core\Agents\Hazina.Generator\Core\Serializer.cs(1,1): warning S125: Remove this commented out code. (https://rules.sonarsource.com/csharp/RSPEC-125) [C:\Projects\Hazina\src\Core\Agents\Hazina.Generator\Hazina.Generator.csproj::TargetFramework=net10.0]
C:\Projects\Hazina\src\Core\Agents\Hazina.Generator\Core\Serializer.cs(1,1): warning SA1633: The file header XML is invalid. (https://github.com/DotNetAnalyzers/StyleCopAnalyzers/blob/master/documentation/SA1633.md) [C:\Projects\Hazina\src\Core\Agents\Hazina.Generator\Hazina.Generator.csproj::TargetFramework=net10.0]
C:\Projects\Hazina\src\Core\Agents\Hazina.Generator\Core\DocumentGenerator.cs(32,270): warning CA1002: Change 'List<ImageData>' in 'DocumentGenerator.GetImage(string, CancellationToken, [IEnumerable<HazinaChatMessage>], [bool], [bool], [IToolsContext], [List<ImageData>])' to use 'Collection<T>', 'ReadOnlyCollection<T>' or 'KeyedCollection<K,V>' (https://learn.microsoft.com/dotnet/fundamentals/code-analysis/quality-rules/ca1002) [C:\Projects\Hazina\src\Core\Agents\Hazina.Generator\Hazina.Generator.csproj::TargetFramework=net10.0]
C:\Projects\Hazina\src\Core\Agents\Hazina.Generator\Core\DocumentGenerator.cs(32,253): warning MA0016: Prefer using collection abstraction instead of implementation (https://github.com/meziantou/Meziantou.Analyzer/blob/main/docs/Rules/MA0016.md) [C:\Projects\Hazina\src\Core\Agents\Hazina.Generator\Hazina.Generator.csproj::TargetFramework=net10.0]
C:\Projects\Hazina\src\Core\Agents\Hazina.Generator\Core\Serializer.cs(1,1): warning SA1005: Single line comment should begin with a space (https://github.com/DotNetAnalyzers/StyleCopAnalyzers/blob/master/documentation/SA1005.md) [C:\Projects\Hazina\src\Core\Agents\Hazina.Generator\Hazina.Generator.csproj::TargetFramework=net10.0]
C:\Projects\Hazina\src\Core\Agents\Hazina.Generator\Core\Serializer.cs(2,1): warning SA1005: Single line comment should begin with a space (https://github.com/DotNetAnalyzers/StyleCopAnalyzers/blob/master/documentation/SA1005.md) [C:\Projects\Hazina\src\Core\Agents\Hazina.Generator\Hazina.Generator.csproj::TargetFramework=net10.0]
C:\Projects\Hazina\src\Core\Agents\Hazina.Generator\Core\Serializer.cs(4,1): warning SA1005: Single line comment should begin with a space (https://github.com/DotNetAnalyzers/StyleCopAnalyzers/blob/master/documentation/SA1005.md) [C:\Projects\Hazina\src\Core\Agents\Hazina.Generator\Hazina.Generator.csproj::TargetFramework=net10.0]
C:\Projects\Hazina\src\Core\Agents\Hazina.Generator\Core\Serializer.cs(5,1): warning SA1005: Single line comment should begin with a space (https://github.com/DotNetAnalyzers/StyleCopAnalyzers/blob/master/documentation/SA1005.md) [C:\Projects\Hazina\src\Core\Agents\Hazina.Generator\Hazina.Generator.csproj::TargetFramework=net10.0]
C:\Projects\Hazina\src\Core\Agents\Hazina.Generator\Core\Serializer.cs(22,1): warning SA1005: Single line comment should begin with a space (https://github.com/DotNetAnalyzers/StyleCopAnalyzers/blob/master/documentation/SA1005.md) [C:\Projects\Hazina\src\Core\Agents\Hazina.Generator\Hazina.Generator.csproj::TargetFramework=net10.0]
C:\Projects\Hazina\src\Core\Agents\Hazina.Generator\Core\Serializer.cs(32,1): warning SA1005: Single line comment should begin with a space (https://github.com/DotNetAnalyzers/StyleCopAnalyzers/blob/master/documentation/SA1005.md) [C:\Projects\Hazina\src\Core\Agents\Hazina.Generator\Hazina.Generator.csproj::TargetFramework=net10.0]
C:\Projects\Hazina\src\Core\Agents\Hazina.Generator\Core\Serializer.cs(40,1): warning SA1005: Single line comment should begin with a space (https://github.com/DotNetAnalyzers/StyleCopAnalyzers/blob/master/documentation/SA1005.md) [C:\Projects\Hazina\src\Core\Agents\Hazina.Generator\Hazina.Generator.csproj::TargetFramework=net10.0]
C:\Projects\Hazina\src\Core\Agents\Hazina.Generator\Core\Serializer.cs(57,1): warning SA1005: Single line comment should begin with a space (https://github.com/DotNetAnalyzers/StyleCopAnalyzers/blob/master/documentation/SA1005.md) [C:\Projects\Hazina\src\Core\Agents\Hazina.Generator\Hazina.Generator.csproj::TargetFramework=net10.0]
C:\Projects\Hazina\src\Core\Agents\Hazina.Generator\Core\Serializer.cs(78,1): warning SA1005: Single line comment should begin with a space (https://github.com/DotNetAnalyzers/StyleCopAnalyzers/blob/master/documentation/SA1005.md) [C:\Projects\Hazina\src\Core\Agents\Hazina.Generator\Hazina.Generator.csproj::TargetFramework=net10.0]
C:\Projects\Hazina\src\Core\Agents\Hazina.Generator\Core\Serializer.cs(44,29): warning SA1028: Code should not contain trailing whitespace (https://github.com/DotNetAnalyzers/StyleCopAnalyzers/blob/master/documentation/SA1028.md) [C:\Projects\Hazina\src\Core\Agents\Hazina.Generator\Hazina.Generator.csproj::TargetFramework=net10.0]
C:\Projects\Hazina\src\Core\Agents\Hazina.Generator\Core\Serializer.cs(45,49): warning SA1028: Code should not contain trailing whitespace (https://github.com/DotNetAnalyzers/StyleCopAnalyzers/blob/master/documentation/SA1028.md) [C:\Projects\Hazina\src\Core\Agents\Hazina.Generator\Hazina.Generator.csproj::TargetFramework=net10.0]
C:\Projects\Hazina\src\Core\Agents\Hazina.Generator\Core\Serializer.cs(63,56): warning SA1028: Code should not contain trailing whitespace (https://github.com/DotNetAnalyzers/StyleCopAnalyzers/blob/master/documentation/SA1028.md) [C:\Projects\Hazina\src\Core\Agents\Hazina.Generator\Hazina.Generator.csproj::TargetFramework=net10.0]
C:\Projects\Hazina\src\Core\Agents\Hazina.Generator\Core\Serializer.cs(64,28): warning SA1028: Code should not contain trailing whitespace (https://github.com/DotNetAnalyzers/StyleCopAnalyzers/blob/master/documentation/SA1028.md) [C:\Projects\Hazina\src\Core\Agents\Hazina.Generator\Hazina.Generator.csproj::TargetFramework=net10.0]
C:\Projects\Hazina\src\Core\Agents\Hazina.Generator\Interfaces\IDocumentGenerator.cs(1,1): warning SA1633: The file header is missing or not located at the top of the file. (https://github.com/DotNetAnalyzers/StyleCopAnalyzers/blob/master/documentation/SA1633.md) [C:\Projects\Hazina\src\Core\Agents\Hazina.Generator\Hazina.Generator.csproj::TargetFramework=net10.0]
C:\Projects\Hazina\src\Core\Agents\Hazina.Generator\Core\DocumentGenerator.cs(38,76): warning CA1002: Change 'List<HazinaChatMessage>' in 'DocumentGenerator.DocumentGenerator(IDocumentStore, List<HazinaChatMessage>, ILLMClient, List<IDocumentStore>)' to use 'Collection<T>', 'ReadOnlyCollection<T>' or 'KeyedCollection<K,V>' (https://learn.microsoft.com/dotnet/fundamentals/code-analysis/quality-rules/ca1002) [C:\Projects\Hazina\src\Core\Agents\Hazina.Generator\Hazina.Generator.csproj::TargetFramework=net10.0]
C:\Projects\Hazina\src\Core\Agents\Hazina.Generator\Models\StoreSafetyPolicy.cs(58,23): warning SA1503: Braces should not be omitted (https://github.com/DotNetAnalyzers/StyleCopAnalyzers/blob/master/documentation/SA1503.md) [C:\Projects\Hazina\src\Core\Agents\Hazina.Generator\Hazina.Generator.csproj::TargetFramework=net10.0]
C:\Projects\Hazina\src\Core\Agents\Hazina.Generator\Core\DocumentGenerator.cs(38,130): warning CA1002: Change 'List<IDocumentStore>' in 'DocumentGenerator.DocumentGenerator(IDocumentStore, List<HazinaChatMessage>, ILLMClient, List<IDocumentStore>)' to use 'Collection<T>', 'ReadOnlyCollection<T>' or 'KeyedCollection<K,V>' (https://learn.microsoft.com/dotnet/fundamentals/code-analysis/quality-rules/ca1002) [C:\Projects\Hazina\src\Core\Agents\Hazina.Generator\Hazina.Generator.csproj::TargetFramework=net10.0]
C:\Projects\Hazina\src\Core\Agents\Hazina.Generator\Core\DocumentGenerator.cs(49,76): warning CA1002: Change 'List<HazinaChatMessage>' in 'DocumentGenerator.DocumentGenerator(IDocumentStore, List<HazinaChatMessage>, ILLMClient, string, string, List<IDocumentStore>)' to use 'Collection<T>', 'ReadOnlyCollection<T>' or 'KeyedCollection<K,V>' (https://learn.microsoft.com/dotnet/fundamentals/code-analysis/quality-rules/ca1002) [C:\Projects\Hazina\src\Core\Agents\Hazina.Generator\Hazina.Generator.csproj::TargetFramework=net10.0]
C:\Projects\Hazina\src\Core\Agents\Hazina.Generator\Core\DocumentGenerator.cs(49,171): warning CA1002: Change 'List<IDocumentStore>' in 'DocumentGenerator.DocumentGenerator(IDocumentStore, List<HazinaChatMessage>, ILLMClient, string, string, List<IDocumentStore>)' to use 'Collection<T>', 'ReadOnlyCollection<T>' or 'KeyedCollection<K,V>' (https://learn.microsoft.com/dotnet/fundamentals/code-analysis/quality-rules/ca1002) [C:\Projects\Hazina\src\Core\Agents\Hazina.Generator\Hazina.Generator.csproj::TargetFramework=net10.0]
C:\Projects\Hazina\src\Core\Agents\Hazina.Generator\Core\DocumentGenerator.cs(49,52): warning MA0016: Prefer using collection abstraction instead of implementation (https://github.com/meziantou/Meziantou.Analyzer/blob/main/docs/Rules/MA0016.md) [C:\Projects\Hazina\src\Core\Agents\Hazina.Generator\Hazina.Generator.csproj::TargetFramework=net10.0]
C:\Projects\Hazina\src\Core\Agents\Hazina.Generator\Core\DocumentGenerator.cs(49,150): warning MA0016: Prefer using collection abstraction instead of implementation (https://github.com/meziantou/Meziantou.Analyzer/blob/main/docs/Rules/MA0016.md) [C:\Projects\Hazina\src\Core\Agents\Hazina.Generator\Hazina.Generator.csproj::TargetFramework=net10.0]
C:\Projects\Hazina\src\Core\Agents\Hazina.Generator\Core\DocumentGenerator.cs(61,63): warning CA1725: In member Task<LLMResponse<string>> DocumentGenerator.GetResponse(string message, CancellationToken cancel, IEnumerable<HazinaChatMessage>? history = null, bool addRelevantDocuments = true, bool addFilesList = true, IToolsContext? toolsContext = null, List<ImageData>? images = null), change parameter name message to query in order to match the identifier as it has been declared in Task<LLMResponse<string>> IDocumentGenerator.GetResponse(string query, CancellationToken cancel, IEnumerable<HazinaChatMessage>? messages, bool addRelevantDocuments, bool addFilesList, IToolsContext toolsContext, List<ImageData> images) (https://learn.microsoft.com/dotnet/fundamentals/code-analysis/quality-rules/ca1725) [C:\Projects\Hazina\src\Core\Agents\Hazina.Generator\Hazina.Generator.csproj::TargetFramework=net10.0]
C:\Projects\Hazina\src\Core\Agents\Hazina.Generator\Core\DocumentGenerator.cs(61,130): warning CA1725: In member Task<LLMResponse<string>> DocumentGenerator.GetResponse(string message, CancellationToken cancel, IEnumerable<HazinaChatMessage>? history = null, bool addRelevantDocuments = true, bool addFilesList = true, IToolsContext? toolsContext = null, List<ImageData>? images = null), change parameter name history to messages in order to match the identifier as it has been declared in Task<LLMResponse<string>> IDocumentGenerator.GetResponse(string query, CancellationToken cancel, IEnumerable<HazinaChatMessage>? messages, bool addRelevantDocuments, bool addFilesList, IToolsContext toolsContext, List<ImageData> images) (https://learn.microsoft.com/dotnet/fundamentals/code-analysis/quality-rules/ca1725) [C:\Projects\Hazina\src\Core\Agents\Hazina.Generator\Hazina.Generator.csproj::TargetFramework=net10.0]
C:\Projects\Hazina\src\Core\Agents\Hazina.Generator\Models\StoreSafetyPolicy.cs(43,23): warning SA1503: Braces should not be omitted (https://github.com/DotNetAnalyzers/StyleCopAnalyzers/blob/master/documentation/SA1503.md) [C:\Projects\Hazina\src\Core\Agents\Hazina.Generator\Hazina.Generator.csproj::TargetFramework=net10.0]
C:\Projects\Hazina\src\Core\Agents\Hazina.Generator\Core\DocumentGenerator.cs(38,52): warning MA0016: Prefer using collection abstraction instead of implementation (https://github.com/meziantou/Meziantou.Analyzer/blob/main/docs/Rules/MA0016.md) [C:\Projects\Hazina\src\Core\Agents\Hazina.Generator\Hazina.Generator.csproj::TargetFramework=net10.0]
C:\Projects\Hazina\src\Core\Agents\Hazina.Generator\Core\DocumentGenerator.cs(38,109): warning MA0016: Prefer using collection abstraction instead of implementation (https://github.com/meziantou/Meziantou.Analyzer/blob/main/docs/Rules/MA0016.md) [C:\Projects\Hazina\src\Core\Agents\Hazina.Generator\Hazina.Generator.csproj::TargetFramework=net10.0]
C:\Projects\Hazina\src\Core\Agents\Hazina.Generator\Core\DocumentGenerator.cs(34,24): warning MA0004: Use Task.ConfigureAwait(false) if the current SynchronizationContext is not needed (https://github.com/meziantou/Meziantou.Analyzer/blob/main/docs/Rules/MA0004.md) [C:\Projects\Hazina\src\Core\Agents\Hazina.Generator\Hazina.Generator.csproj::TargetFramework=net10.0]
C:\Projects\Hazina\src\Core\Agents\Hazina.Generator\Core\DocumentGenerator.cs(61,130): warning MA0061: Method overrides should not change default values (original: <no default value>; current: null) (https://github.com/meziantou/Meziantou.Analyzer/blob/main/docs/Rules/MA0061.md) [C:\Projects\Hazina\src\Core\Agents\Hazina.Generator\Hazina.Generator.csproj::TargetFramework=net10.0]
C:\Projects\Hazina\src\Core\Agents\Hazina.Generator\Core\DocumentGenerator.cs(61,151): warning MA0061: Method overrides should not change default values (original: <no default value>; current: 'True') (https://github.com/meziantou/Meziantou.Analyzer/blob/main/docs/Rules/MA0061.md) [C:\Projects\Hazina\src\Core\Agents\Hazina.Generator\Hazina.Generator.csproj::TargetFramework=net10.0]
C:\Projects\Hazina\src\Core\Agents\Hazina.Generator\Core\DocumentGenerator.cs(61,185): warning MA0061: Method overrides should not change default values (original: <no default value>; current: 'True') (https://github.com/meziantou/Meziantou.Analyzer/blob/main/docs/Rules/MA0061.md) [C:\Projects\Hazina\src\Core\Agents\Hazina.Generator\Hazina.Generator.csproj::TargetFramework=net10.0]
C:\Projects\Hazina\src\Core\Agents\Hazina.Generator\Core\DocumentGenerator.cs(61,221): warning MA0061: Method overrides should not change default values (original: <no default value>; current: null) (https://github.com/meziantou/Meziantou.Analyzer/blob/main/docs/Rules/MA0061.md) [C:\Projects\Hazina\src\Core\Agents\Hazina.Generator\Hazina.Generator.csproj::TargetFramework=net10.0]
C:\Projects\Hazina\src\Core\Agents\Hazina.Generator\Core\DocumentGenerator.cs(61,259): warning MA0061: Method overrides should not change default values (original: <no default value>; current: null) (https://github.com/meziantou/Meziantou.Analyzer/blob/main/docs/Rules/MA0061.md) [C:\Projects\Hazina\src\Core\Agents\Hazina.Generator\Hazina.Generator.csproj::TargetFramework=net10.0]
C:\Projects\Hazina\src\Core\Agents\Hazina.Generator\Interfaces\ISerializer.cs(2,1): warning S125: Remove this commented out code. (https://rules.sonarsource.com/csharp/RSPEC-125) [C:\Projects\Hazina\src\Core\Agents\Hazina.Generator\Hazina.Generator.csproj::TargetFramework=net10.0]
C:\Projects\Hazina\src\Core\Agents\Hazina.Generator\Interfaces\ISerializer.cs(1,1): warning SA1633: The file header XML is invalid. (https://github.com/DotNetAnalyzers/StyleCopAnalyzers/blob/master/documentation/SA1633.md) [C:\Projects\Hazina\src\Core\Agents\Hazina.Generator\Hazina.Generator.csproj::TargetFramework=net10.0]
C:\Projects\Hazina\src\Core\Agents\Hazina.Generator\Interfaces\ISerializer.cs(8,4): warning SA1518: File is required to end with a single newline character (https://github.com/DotNetAnalyzers/StyleCopAnalyzers/blob/master/documentation/SA1518.md) [C:\Projects\Hazina\src\Core\Agents\Hazina.Generator\Hazina.Generator.csproj::TargetFramework=net10.0]
C:\Projects\Hazina\src\Core\Agents\Hazina.Generator\Interfaces\ISerializer.cs(1,1): warning SA1005: Single line comment should begin with a space (https://github.com/DotNetAnalyzers/StyleCopAnalyzers/blob/master/documentation/SA1005.md) [C:\Projects\Hazina\src\Core\Agents\Hazina.Generator\Hazina.Generator.csproj::TargetFramework=net10.0]
C:\Projects\Hazina\src\Core\Agents\Hazina.Generator\Interfaces\ISerializer.cs(2,1): warning SA1005: Single line comment should begin with a space (https://github.com/DotNetAnalyzers/StyleCopAnalyzers/blob/master/documentation/SA1005.md) [C:\Projects\Hazina\src\Core\Agents\Hazina.Generator\Hazina.Generator.csproj::TargetFramework=net10.0]
C:\Projects\Hazina\src\Core\Agents\Hazina.Generator\Interfaces\ISerializer.cs(8,1): warning SA1005: Single line comment should begin with a space (https://github.com/DotNetAnalyzers/StyleCopAnalyzers/blob/master/documentation/SA1005.md) [C:\Projects\Hazina\src\Core\Agents\Hazina.Generator\Hazina.Generator.csproj::TargetFramework=net10.0]
C:\Projects\Hazina\src\Core\Agents\Hazina.Generator\Core\DocumentGenerator.cs(67,284): warning CA1002: Change 'List<ImageData>' in 'DocumentGenerator.GetResponse(IEnumerable<HazinaChatMessage>, CancellationToken, [IEnumerable<HazinaChatMessage>], [bool], [bool], [IToolsContext], [List<ImageData>])' to use 'Collection<T>', 'ReadOnlyCollection<T>' or 'KeyedCollection<K,V>' (https://learn.microsoft.com/dotnet/fundamentals/code-analysis/quality-rules/ca1002) [C:\Projects\Hazina\src\Core\Agents\Hazina.Generator\Hazina.Generator.csproj::TargetFramework=net10.0]
C:\Projects\Hazina\src\Core\Agents\Hazina.Generator\Models\DeleteDocumentRequest.cs(1,1): warning SA1633: The file header is missing or not located at the top of the file. (https://github.com/DotNetAnalyzers/StyleCopAnalyzers/blob/master/documentation/SA1633.md) [C:\Projects\Hazina\src\Core\Agents\Hazina.Generator\Hazina.Generator.csproj::TargetFramework=net10.0]
C:\Projects\Hazina\src\Core\Agents\Hazina.Generator\Core\DocumentGenerator.cs(67,267): warning MA0016: Prefer using collection abstraction instead of implementation (https://github.com/meziantou/Meziantou.Analyzer/blob/main/docs/Rules/MA0016.md) [C:\Projects\Hazina\src\Core\Agents\Hazina.Generator\Hazina.Generator.csproj::TargetFramework=net10.0]
C:\Projects\Hazina\src\Core\Agents\Hazina.Generator\Core\DocumentGenerator.cs(73,66): warning CA1725: In member Task<LLMResponse<string>> DocumentGenerator.StreamResponse(string message, CancellationToken cancel, Action<string> onChunkReceived, IEnumerable<HazinaChatMessage>? history = null, bool addRelevantDocuments = true, bool addFilesList = true, IToolsContext? toolsContext = null, List<ImageData>? images = null), change parameter name message to query in order to match the identifier as it has been declared in Task<LLMResponse<string>> IDocumentGenerator.StreamResponse(string query, CancellationToken cancel, Action<string> onChunkReceived, IEnumerable<HazinaChatMessage>? messages, bool addRelevantDocuments, bool addFilesList, IToolsContext toolsContext, List<ImageData> images) (https://learn.microsoft.com/dotnet/fundamentals/code-analysis/quality-rules/ca1725) [C:\Projects\Hazina\src\Core\Agents\Hazina.Generator\Hazina.Generator.csproj::TargetFramework=net10.0]
C:\Projects\Hazina\src\Core\Agents\Hazina.Generator\Core\DocumentGenerator.cs(73,165): warning CA1725: In member Task<LLMResponse<string>> DocumentGenerator.StreamResponse(string message, CancellationToken cancel, Action<string> onChunkReceived, IEnumerable<HazinaChatMessage>? history = null, bool addRelevantDocuments = true, bool addFilesList = true, IToolsContext? toolsContext = null, List<ImageData>? images = null), change parameter name history to messages in order to match the identifier as it has been declared in Task<LLMResponse<string>> IDocumentGenerator.StreamResponse(string query, CancellationToken cancel, Action<string> onChunkReceived, IEnumerable<HazinaChatMessage>? messages, bool addRelevantDocuments, bool addFilesList, IToolsContext toolsContext, List<ImageData> images) (https://learn.microsoft.com/dotnet/fundamentals/code-analysis/quality-rules/ca1725) [C:\Projects\Hazina\src\Core\Agents\Hazina.Generator\Hazina.Generator.csproj::TargetFramework=net10.0]
C:\Projects\Hazina\src\Core\Agents\Hazina.Generator\Core\DocumentGenerator.cs(73,165): warning MA0061: Method overrides should not change default values (original: <no default value>; current: null) (https://github.com/meziantou/Meziantou.Analyzer/blob/main/docs/Rules/MA0061.md) [C:\Projects\Hazina\src\Core\Agents\Hazina.Generator\Hazina.Generator.csproj::TargetFramework=net10.0]
C:\Projects\Hazina\src\Core\Agents\Hazina.Generator\Core\DocumentGenerator.cs(73,186): warning MA0061: Method overrides should not change default values (original: <no default value>; current: 'True') (https://github.com/meziantou/Meziantou.Analyzer/blob/main/docs/Rules/MA0061.md) [C:\Projects\Hazina\src\Core\Agents\Hazina.Generator\Hazina.Generator.csproj::TargetFramework=net10.0]
C:\Projects\Hazina\src\Core\Agents\Hazina.Generator\Core\DocumentGenerator.cs(73,220): warning MA0061: Method overrides should not change default values (original: <no default value>; current: 'True') (https://github.com/meziantou/Meziantou.Analyzer/blob/main/docs/Rules/MA0061.md) [C:\Projects\Hazina\src\Core\Agents\Hazina.Generator\Hazina.Generator.csproj::TargetFramework=net10.0]
C:\Projects\Hazina\src\Core\Agents\Hazina.Generator\Core\DocumentGenerator.cs(73,256): warning MA0061: Method overrides should not change default values (original: <no default value>; current: null) (https://github.com/meziantou/Meziantou.Analyzer/blob/main/docs/Rules/MA0061.md) [C:\Projects\Hazina\src\Core\Agents\Hazina.Generator\Hazina.Generator.csproj::TargetFramework=net10.0]
C:\Projects\Hazina\src\Core\Agents\Hazina.Generator\Core\DocumentGenerator.cs(73,294): warning MA0061: Method overrides should not change default values (original: <no default value>; current: null) (https://github.com/meziantou/Meziantou.Analyzer/blob/main/docs/Rules/MA0061.md) [C:\Projects\Hazina\src\Core\Agents\Hazina.Generator\Hazina.Generator.csproj::TargetFramework=net10.0]
C:\Projects\Hazina\src\Core\Agents\Hazina.Generator\Core\DocumentGenerator.cs(79,44): warning CA1068: Method 'DocumentGenerator.StreamResponse(System.Collections.Generic.IEnumerable<HazinaChatMessage>, System.Threading.CancellationToken, System.Action<string>, System.Collections.Generic.IEnumerable<HazinaChatMessage>?, bool, bool, Hazina.LLMs.IToolsContext?, System.Collections.Generic.List<ImageData>?)' should take CancellationToken as the last parameter (https://learn.microsoft.com/dotnet/fundamentals/code-analysis/quality-rules/ca1068) [C:\Projects\Hazina\src\Core\Agents\Hazina.Generator\Hazina.Generator.csproj::TargetFramework=net10.0]
C:\Projects\Hazina\src\Core\Agents\Hazina.Generator\Core\DocumentGenerator.cs(79,319): warning CA1002: Change 'List<ImageData>' in 'DocumentGenerator.StreamResponse(IEnumerable<HazinaChatMessage>, CancellationToken, Action<string>, [IEnumerable<HazinaChatMessage>], [bool], [bool], [IToolsContext], [List<ImageData>])' to use 'Collection<T>', 'ReadOnlyCollection<T>' or 'KeyedCollection<K,V>' (https://learn.microsoft.com/dotnet/fundamentals/code-analysis/quality-rules/ca1002) [C:\Projects\Hazina\src\Core\Agents\Hazina.Generator\Hazina.Generator.csproj::TargetFramework=net10.0]
C:\Projects\Hazina\src\Core\Agents\Hazina.Generator\Core\DocumentGenerator.cs(61,138): warning S1006: Remove the default parameter value to match the signature of overridden method. (https://rules.sonarsource.com/csharp/RSPEC-1006) [C:\Projects\Hazina\src\Core\Agents\Hazina.Generator\Hazina.Generator.csproj::TargetFramework=net10.0]
C:\Projects\Hazina\src\Core\Agents\Hazina.Generator\Core\DocumentGenerator.cs(61,172): warning S1006: Remove the default parameter value to match the signature of overridden method. (https://rules.sonarsource.com/csharp/RSPEC-1006) [C:\Projects\Hazina\src\Core\Agents\Hazina.Generator\Hazina.Generator.csproj::TargetFramework=net10.0]
C:\Projects\Hazina\src\Core\Agents\Hazina.Generator\Core\DocumentGenerator.cs(61,198): warning S1006: Remove the default parameter value to match the signature of overridden method. (https://rules.sonarsource.com/csharp/RSPEC-1006) [C:\Projects\Hazina\src\Core\Agents\Hazina.Generator\Hazina.Generator.csproj::TargetFramework=net10.0]
C:\Projects\Hazina\src\Core\Agents\Hazina.Generator\Core\DocumentGenerator.cs(61,234): warning S1006: Remove the default parameter value to match the signature of overridden method. (https://rules.sonarsource.com/csharp/RSPEC-1006) [C:\Projects\Hazina\src\Core\Agents\Hazina.Generator\Hazina.Generator.csproj::TargetFramework=net10.0]
C:\Projects\Hazina\src\Core\Agents\Hazina.Generator\Core\DocumentGenerator.cs(61,266): warning S1006: Remove the default parameter value to match the signature of overridden method. (https://rules.sonarsource.com/csharp/RSPEC-1006) [C:\Projects\Hazina\src\Core\Agents\Hazina.Generator\Hazina.Generator.csproj::TargetFramework=net10.0]
C:\Projects\Hazina\src\Core\Agents\Hazina.Generator\Core\DocumentGenerator.cs(61,63): warning S927: Rename parameter 'message' to 'query' to match the interface declaration. (https://rules.sonarsource.com/csharp/RSPEC-927) [C:\Projects\Hazina\src\Core\Agents\Hazina.Generator\Hazina.Generator.csproj::TargetFramework=net10.0]
C:\Projects\Hazina\src\Core\Agents\Hazina.Generator\Core\DocumentGenerator.cs(61,130): warning S927: Rename parameter 'history' to 'messages' to match the interface declaration. (https://rules.sonarsource.com/csharp/RSPEC-927) [C:\Projects\Hazina\src\Core\Agents\Hazina.Generator\Hazina.Generator.csproj::TargetFramework=net10.0]
C:\Projects\Hazina\src\Core\Agents\Hazina.Generator\Core\DocumentGenerator.cs(73,173): warning S1006: Remove the default parameter value to match the signature of overridden method. (https://rules.sonarsource.com/csharp/RSPEC-1006) [C:\Projects\Hazina\src\Core\Agents\Hazina.Generator\Hazina.Generator.csproj::TargetFramework=net10.0]
C:\Projects\Hazina\src\Core\Agents\Hazina.Generator\Core\DocumentGenerator.cs(73,207): warning S1006: Remove the default parameter value to match the signature of overridden method. (https://rules.sonarsource.com/csharp/RSPEC-1006) [C:\Projects\Hazina\src\Core\Agents\Hazina.Generator\Hazina.Generator.csproj::TargetFramework=net10.0]
C:\Projects\Hazina\src\Core\Agents\Hazina.Generator\Core\DocumentGenerator.cs(73,233): warning S1006: Remove the default parameter value to match the signature of overridden method. (https://rules.sonarsource.com/csharp/RSPEC-1006) [C:\Projects\Hazina\src\Core\Agents\Hazina.Generator\Hazina.Generator.csproj::TargetFramework=net10.0]
C:\Projects\Hazina\src\Core\Agents\Hazina.Generator\Models\DeleteDocumentRequest.cs(6,14): warning SA1402: File may only contain a single type (https://github.com/DotNetAnalyzers/StyleCopAnalyzers/blob/master/documentation/SA1402.md) [C:\Projects\Hazina\src\Core\Agents\Hazina.Generator\Hazina.Generator.csproj::TargetFramework=net10.0]
C:\Projects\Hazina\src\Core\Agents\Hazina.Generator\Core\DocumentGenerator.cs(73,269): warning S1006: Remove the default parameter value to match the signature of overridden method. (https://rules.sonarsource.com/csharp/RSPEC-1006) [C:\Projects\Hazina\src\Core\Agents\Hazina.Generator\Hazina.Generator.csproj::TargetFramework=net10.0]
C:\Projects\Hazina\src\Core\Agents\Hazina.Generator\Core\DocumentGenerator.cs(73,301): warning S1006: Remove the default parameter value to match the signature of overridden method. (https://rules.sonarsource.com/csharp/RSPEC-1006) [C:\Projects\Hazina\src\Core\Agents\Hazina.Generator\Hazina.Generator.csproj::TargetFramework=net10.0]
C:\Projects\Hazina\src\Core\Agents\Hazina.Generator\Core\DocumentGenerator.cs(73,66): warning S927: Rename parameter 'message' to 'query' to match the interface declaration. (https://rules.sonarsource.com/csharp/RSPEC-927) [C:\Projects\Hazina\src\Core\Agents\Hazina.Generator\Hazina.Generator.csproj::TargetFramework=net10.0]
C:\Projects\Hazina\src\Core\Agents\Hazina.Generator\Core\DocumentGenerator.cs(73,165): warning S927: Rename parameter 'history' to 'messages' to match the interface declaration. (https://rules.sonarsource.com/csharp/RSPEC-927) [C:\Projects\Hazina\src\Core\Agents\Hazina.Generator\Hazina.Generator.csproj::TargetFramework=net10.0]
C:\Projects\Hazina\src\Core\Agents\Hazina.Generator\Models\ModifyDocumentRequest.cs(1,1): warning SA1633: The file header is missing or not located at the top of the file. (https://github.com/DotNetAnalyzers/StyleCopAnalyzers/blob/master/documentation/SA1633.md) [C:\Projects\Hazina\src\Core\Agents\Hazina.Generator\Hazina.Generator.csproj::TargetFramework=net10.0]
C:\Projects\Hazina\src\Core\Agents\Hazina.Generator\Core\DocumentGenerator.cs(79,302): warning MA0016: Prefer using collection abstraction instead of implementation (https://github.com/meziantou/Meziantou.Analyzer/blob/main/docs/Rules/MA0016.md) [C:\Projects\Hazina\src\Core\Agents\Hazina.Generator\Hazina.Generator.csproj::TargetFramework=net10.0]
C:\Projects\Hazina\src\Core\Agents\Hazina.Generator\Core\DocumentGenerator.cs(55,13): warning SA1312: Variable 'OpenAIAPI' should begin with lower-case letter (https://github.com/DotNetAnalyzers/StyleCopAnalyzers/blob/master/documentation/SA1312.md) [C:\Projects\Hazina\src\Core\Agents\Hazina.Generator\Hazina.Generator.csproj::TargetFramework=net10.0]
C:\Projects\Hazina\src\Core\Agents\Hazina.Generator\Core\DocumentGenerator.cs(85,63): warning CA1715: Prefix generic type parameter name ResponseType with 'T' (https://learn.microsoft.com/dotnet/fundamentals/code-analysis/quality-rules/ca1715) [C:\Projects\Hazina\src\Core\Agents\Hazina.Generator\Hazina.Generator.csproj::TargetFramework=net10.0]
C:\Projects\Hazina\src\Core\Agents\Hazina.Generator\Core\DocumentGenerator.cs(85,84): warning CA1725: In member Task<LLMResponse<ResponseType?>> DocumentGenerator.GetResponse<ResponseType>(string message, CancellationToken cancel, IEnumerable<HazinaChatMessage>? history = null, bool addRelevantDocuments = true, bool addFilesList = true, IToolsContext? toolsContext = null, List<ImageData>? images = null), change parameter name message to query in order to match the identifier as it has been declared in Task<LLMResponse<ResponseType?>> IDocumentGenerator.GetResponse<ResponseType>(string query, CancellationToken cancel, IEnumerable<HazinaChatMessage>? messages, bool addRelevantDocuments, bool addFilesList, IToolsContext toolsContext, List<ImageData> images) (https://learn.microsoft.com/dotnet/fundamentals/code-analysis/quality-rules/ca1725) [C:\Projects\Hazina\src\Core\Agents\Hazina.Generator\Hazina.Generator.csproj::TargetFramework=net10.0]
C:\Projects\Hazina\src\Core\Agents\Hazina.Generator\Core\DocumentGenerator.cs(85,151): warning CA1725: In member Task<LLMResponse<ResponseType?>> DocumentGenerator.GetResponse<ResponseType>(string message, CancellationToken cancel, IEnumerable<HazinaChatMessage>? history = null, bool addRelevantDocuments = true, bool addFilesList = true, IToolsContext? toolsContext = null, List<ImageData>? images = null), change parameter name history to messages in order to match the identifier as it has been declared in Task<LLMResponse<ResponseType?>> IDocumentGenerator.GetResponse<ResponseType>(string query, CancellationToken cancel, IEnumerable<HazinaChatMessage>? messages, bool addRelevantDocuments, bool addFilesList, IToolsContext toolsContext, List<ImageData> images) (https://learn.microsoft.com/dotnet/fundamentals/code-analysis/quality-rules/ca1725) [C:\Projects\Hazina\src\Core\Agents\Hazina.Generator\Hazina.Generator.csproj::TargetFramework=net10.0]
C:\Projects\Hazina\src\Core\Agents\Hazina.Generator\Core\DocumentGenerator.cs(85,151): warning MA0061: Method overrides should not change default values (original: <no default value>; current: null) (https://github.com/meziantou/Meziantou.Analyzer/blob/main/docs/Rules/MA0061.md) [C:\Projects\Hazina\src\Core\Agents\Hazina.Generator\Hazina.Generator.csproj::TargetFramework=net10.0]
C:\Projects\Hazina\src\Core\Agents\Hazina.Generator\Core\DocumentGenerator.cs(85,172): warning MA0061: Method overrides should not change default values (original: <no default value>; current: 'True') (https://github.com/meziantou/Meziantou.Analyzer/blob/main/docs/Rules/MA0061.md) [C:\Projects\Hazina\src\Core\Agents\Hazina.Generator\Hazina.Generator.csproj::TargetFramework=net10.0]
C:\Projects\Hazina\src\Core\Agents\Hazina.Generator\Core\DocumentGenerator.cs(85,206): warning MA0061: Method overrides should not change default values (original: <no default value>; current: 'True') (https://github.com/meziantou/Meziantou.Analyzer/blob/main/docs/Rules/MA0061.md) [C:\Projects\Hazina\src\Core\Agents\Hazina.Generator\Hazina.Generator.csproj::TargetFramework=net10.0]
C:\Projects\Hazina\src\Core\Agents\Hazina.Generator\Core\DocumentGenerator.cs(85,242): warning MA0061: Method overrides should not change default values (original: <no default value>; current: null) (https://github.com/meziantou/Meziantou.Analyzer/blob/main/docs/Rules/MA0061.md) [C:\Projects\Hazina\src\Core\Agents\Hazina.Generator\Hazina.Generator.csproj::TargetFramework=net10.0]
C:\Projects\Hazina\src\Core\Agents\Hazina.Generator\Core\DocumentGenerator.cs(85,280): warning MA0061: Method overrides should not change default values (original: <no default value>; current: null) (https://github.com/meziantou/Meziantou.Analyzer/blob/main/docs/Rules/MA0061.md) [C:\Projects\Hazina\src\Core\Agents\Hazina.Generator\Hazina.Generator.csproj::TargetFramework=net10.0]
C:\Projects\Hazina\src\Core\Agents\Hazina.Generator\Models\StoreSafetyPolicy.cs(1,1): warning SA1633: The file header is missing or not located at the top of the file. (https://github.com/DotNetAnalyzers/StyleCopAnalyzers/blob/master/documentation/SA1633.md) [C:\Projects\Hazina\src\Core\Agents\Hazina.Generator\Hazina.Generator.csproj::TargetFramework=net10.0]
C:\Projects\Hazina\src\Core\Agents\Hazina.Generator\Core\DocumentGenerator.cs(69,28): warning MA0004: Use Task.ConfigureAwait(false) if the current SynchronizationContext is not needed (https://github.com/meziantou/Meziantou.Analyzer/blob/main/docs/Rules/MA0004.md) [C:\Projects\Hazina\src\Core\Agents\Hazina.Generator\Hazina.Generator.csproj::TargetFramework=net10.0]
C:\Projects\Hazina\src\Core\Agents\Hazina.Generator\Core\DocumentGenerator.cs(70,16): warning MA0004: Use Task.ConfigureAwait(false) if the current SynchronizationContext is not needed (https://github.com/meziantou/Meziantou.Analyzer/blob/main/docs/Rules/MA0004.md) [C:\Projects\Hazina\src\Core\Agents\Hazina.Generator\Hazina.Generator.csproj::TargetFramework=net10.0]
C:\Projects\Hazina\src\Core\Agents\Hazina.Generator\Models\StoreSafetyPolicy.cs(84,36): warning SA1503: Braces should not be omitted (https://github.com/DotNetAnalyzers/StyleCopAnalyzers/blob/master/documentation/SA1503.md) [C:\Projects\Hazina\src\Core\Agents\Hazina.Generator\Hazina.Generator.csproj::TargetFramework=net10.0]
C:\Projects\Hazina\src\Core\Agents\Hazina.Generator\Models\ModifyDocumentRequest.cs(3,40): warning SA1122: Use string.Empty for empty strings (https://github.com/DotNetAnalyzers/StyleCopAnalyzers/blob/master/documentation/SA1122.md) [C:\Projects\Hazina\src\Core\Agents\Hazina.Generator\Hazina.Generator.csproj::TargetFramework=net10.0]
C:\Projects\Hazina\src\Core\Agents\Hazina.Generator\Core\DocumentGenerator.cs(85,159): warning S1006: Remove the default parameter value to match the signature of overridden method. (https://rules.sonarsource.com/csharp/RSPEC-1006) [C:\Projects\Hazina\src\Core\Agents\Hazina.Generator\Hazina.Generator.csproj::TargetFramework=net10.0]
C:\Projects\Hazina\src\Core\Agents\Hazina.Generator\Core\DocumentGenerator.cs(85,193): warning S1006: Remove the default parameter value to match the signature of overridden method. (https://rules.sonarsource.com/csharp/RSPEC-1006) [C:\Projects\Hazina\src\Core\Agents\Hazina.Generator\Hazina.Generator.csproj::TargetFramework=net10.0]
C:\Projects\Hazina\src\Core\Agents\Hazina.Generator\Core\DocumentGenerator.cs(85,219): warning S1006: Remove the default parameter value to match the signature of overridden method. (https://rules.sonarsource.com/csharp/RSPEC-1006) [C:\Projects\Hazina\src\Core\Agents\Hazina.Generator\Hazina.Generator.csproj::TargetFramework=net10.0]
C:\Projects\Hazina\src\Core\Agents\Hazina.Generator\Core\DocumentGenerator.cs(85,255): warning S1006: Remove the default parameter value to match the signature of overridden method. (https://rules.sonarsource.com/csharp/RSPEC-1006) [C:\Projects\Hazina\src\Core\Agents\Hazina.Generator\Hazina.Generator.csproj::TargetFramework=net10.0]
C:\Projects\Hazina\src\Core\Agents\Hazina.Generator\Core\DocumentGenerator.cs(85,287): warning S1006: Remove the default parameter value to match the signature of overridden method. (https://rules.sonarsource.com/csharp/RSPEC-1006) [C:\Projects\Hazina\src\Core\Agents\Hazina.Generator\Hazina.Generator.csproj::TargetFramework=net10.0]
C:\Projects\Hazina\src\Core\Agents\Hazina.Generator\Core\DocumentGenerator.cs(85,84): warning S927: Rename parameter 'message' to 'query' to match the interface declaration. (https://rules.sonarsource.com/csharp/RSPEC-927) [C:\Projects\Hazina\src\Core\Agents\Hazina.Generator\Hazina.Generator.csproj::TargetFramework=net10.0]
C:\Projects\Hazina\src\Core\Agents\Hazina.Generator\Core\DocumentGenerator.cs(85,151): warning S927: Rename parameter 'history' to 'messages' to match the interface declaration. (https://rules.sonarsource.com/csharp/RSPEC-927) [C:\Projects\Hazina\src\Core\Agents\Hazina.Generator\Hazina.Generator.csproj::TargetFramework=net10.0]
C:\Projects\Hazina\src\Core\Agents\Hazina.Generator\Core\DocumentGenerator.cs(91,305): warning CA1002: Change 'List<ImageData>' in 'DocumentGenerator.GetResponse<ResponseType>(IEnumerable<HazinaChatMessage>, CancellationToken, [IEnumerable<HazinaChatMessage>], [bool], [bool], [IToolsContext], [List<ImageData>])' to use 'Collection<T>', 'ReadOnlyCollection<T>' or 'KeyedCollection<K,V>' (https://learn.microsoft.com/dotnet/fundamentals/code-analysis/quality-rules/ca1002) [C:\Projects\Hazina\src\Core\Agents\Hazina.Generator\Hazina.Generator.csproj::TargetFramework=net10.0]
C:\Projects\Hazina\src\Core\Agents\Hazina.Generator\Core\DocumentGenerator.cs(91,63): warning CA1715: Prefix generic type parameter name ResponseType with 'T' (https://learn.microsoft.com/dotnet/fundamentals/code-analysis/quality-rules/ca1715) [C:\Projects\Hazina\src\Core\Agents\Hazina.Generator\Hazina.Generator.csproj::TargetFramework=net10.0]
C:\Projects\Hazina\src\Core\Agents\Hazina.Generator\Core\DocumentGenerator.cs(97,66): warning CA1715: Prefix generic type parameter name ResponseType with 'T' (https://learn.microsoft.com/dotnet/fundamentals/code-analysis/quality-rules/ca1715) [C:\Projects\Hazina\src\Core\Agents\Hazina.Generator\Hazina.Generator.csproj::TargetFramework=net10.0]
C:\Projects\Hazina\src\Core\Agents\Hazina.Generator\Core\DocumentGenerator.cs(97,87): warning CA1725: In member Task<LLMResponse<ResponseType?>> DocumentGenerator.StreamResponse<ResponseType>(string message, CancellationToken cancel, Action<string> onChunkReceived, IEnumerable<HazinaChatMessage>? history = null, bool addRelevantDocuments = true, bool addFilesList = true, IToolsContext? toolsContext = null, List<ImageData>? images = null), change parameter name message to query in order to match the identifier as it has been declared in Task<LLMResponse<ResponseType?>> IDocumentGenerator.StreamResponse<ResponseType>(string query, CancellationToken cancel, Action<string> onChunkReceived, IEnumerable<HazinaChatMessage>? messages, bool addRelevantDocuments, bool addFilesList, IToolsContext toolsContext, List<ImageData> images) (https://learn.microsoft.com/dotnet/fundamentals/code-analysis/quality-rules/ca1725) [C:\Projects\Hazina\src\Core\Agents\Hazina.Generator\Hazina.Generator.csproj::TargetFramework=net10.0]
C:\Projects\Hazina\src\Core\Agents\Hazina.Generator\Core\DocumentGenerator.cs(75,28): warning MA0004: Use Task.ConfigureAwait(false) if the current SynchronizationContext is not needed (https://github.com/meziantou/Meziantou.Analyzer/blob/main/docs/Rules/MA0004.md) [C:\Projects\Hazina\src\Core\Agents\Hazina.Generator\Hazina.Generator.csproj::TargetFramework=net10.0]
C:\Projects\Hazina\src\Core\Agents\Hazina.Generator\Core\DocumentGenerator.cs(97,186): warning CA1725: In member Task<LLMResponse<ResponseType?>> DocumentGenerator.StreamResponse<ResponseType>(string message, CancellationToken cancel, Action<string> onChunkReceived, IEnumerable<HazinaChatMessage>? history = null, bool addRelevantDocuments = true, bool addFilesList = true, IToolsContext? toolsContext = null, List<ImageData>? images = null), change parameter name history to messages in order to match the identifier as it has been declared in Task<LLMResponse<ResponseType?>> IDocumentGenerator.StreamResponse<ResponseType>(string query, CancellationToken cancel, Action<string> onChunkReceived, IEnumerable<HazinaChatMessage>? messages, bool addRelevantDocuments, bool addFilesList, IToolsContext toolsContext, List<ImageData> images) (https://learn.microsoft.com/dotnet/fundamentals/code-analysis/quality-rules/ca1725) [C:\Projects\Hazina\src\Core\Agents\Hazina.Generator\Hazina.Generator.csproj::TargetFramework=net10.0]
C:\Projects\Hazina\src\Core\Agents\Hazina.Generator\Core\DocumentGenerator.cs(97,186): warning MA0061: Method overrides should not change default values (original: <no default value>; current: null) (https://github.com/meziantou/Meziantou.Analyzer/blob/main/docs/Rules/MA0061.md) [C:\Projects\Hazina\src\Core\Agents\Hazina.Generator\Hazina.Generator.csproj::TargetFramework=net10.0]
C:\Projects\Hazina\src\Core\Agents\Hazina.Generator\Core\DocumentGenerator.cs(97,207): warning MA0061: Method overrides should not change default values (original: <no default value>; current: 'True') (https://github.com/meziantou/Meziantou.Analyzer/blob/main/docs/Rules/MA0061.md) [C:\Projects\Hazina\src\Core\Agents\Hazina.Generator\Hazina.Generator.csproj::TargetFramework=net10.0]
C:\Projects\Hazina\src\Core\Agents\Hazina.Generator\Core\DocumentGenerator.cs(97,241): warning MA0061: Method overrides should not change default values (original: <no default value>; current: 'True') (https://github.com/meziantou/Meziantou.Analyzer/blob/main/docs/Rules/MA0061.md) [C:\Projects\Hazina\src\Core\Agents\Hazina.Generator\Hazina.Generator.csproj::TargetFramework=net10.0]
C:\Projects\Hazina\src\Core\Agents\Hazina.Generator\Core\DocumentGenerator.cs(97,277): warning MA0061: Method overrides should not change default values (original: <no default value>; current: null) (https://github.com/meziantou/Meziantou.Analyzer/blob/main/docs/Rules/MA0061.md) [C:\Projects\Hazina\src\Core\Agents\Hazina.Generator\Hazina.Generator.csproj::TargetFramework=net10.0]
C:\Projects\Hazina\src\Core\Agents\Hazina.Generator\Core\DocumentGenerator.cs(97,315): warning MA0061: Method overrides should not change default values (original: <no default value>; current: null) (https://github.com/meziantou/Meziantou.Analyzer/blob/main/docs/Rules/MA0061.md) [C:\Projects\Hazina\src\Core\Agents\Hazina.Generator\Hazina.Generator.csproj::TargetFramework=net10.0]
C:\Projects\Hazina\src\Core\Agents\Hazina.Generator\Core\DocumentGenerator.cs(76,16): warning MA0004: Use Task.ConfigureAwait(false) if the current SynchronizationContext is not needed (https://github.com/meziantou/Meziantou.Analyzer/blob/main/docs/Rules/MA0004.md) [C:\Projects\Hazina\src\Core\Agents\Hazina.Generator\Hazina.Generator.csproj::TargetFramework=net10.0]
C:\Projects\Hazina\src\Core\Agents\Hazina.Generator\Models\ModifyDocumentRequest.cs(4,40): warning SA1122: Use string.Empty for empty strings (https://github.com/DotNetAnalyzers/StyleCopAnalyzers/blob/master/documentation/SA1122.md) [C:\Projects\Hazina\src\Core\Agents\Hazina.Generator\Hazina.Generator.csproj::TargetFramework=net10.0]
C:\Projects\Hazina\src\Core\Agents\Hazina.Generator\Models\StoreSafetyPolicy.cs(19,28): warning CA2227: Change 'AllowedExtensions' to be read-only by removing the property setter (https://learn.microsoft.com/dotnet/fundamentals/code-analysis/quality-rules/ca2227) [C:\Projects\Hazina\src\Core\Agents\Hazina.Generator\Hazina.Generator.csproj::TargetFramework=net10.0]
C:\Projects\Hazina\src\Core\Agents\Hazina.Generator\Core\DocumentGenerator.cs(85,63): warning SA1314: Type parameter names should begin with T (https://github.com/DotNetAnalyzers/StyleCopAnalyzers/blob/master/documentation/SA1314.md) [C:\Projects\Hazina\src\Core\Agents\Hazina.Generator\Hazina.Generator.csproj::TargetFramework=net10.0]
C:\Projects\Hazina\src\Core\Agents\Hazina.Generator\Models\StoreSafetyPolicy.cs(19,12): warning MA0016: Prefer using collection abstraction instead of implementation (https://github.com/meziantou/Meziantou.Analyzer/blob/main/docs/Rules/MA0016.md) [C:\Projects\Hazina\src\Core\Agents\Hazina.Generator\Hazina.Generator.csproj::TargetFramework=net10.0]
C:\Projects\Hazina\src\Core\Agents\Hazina.Generator\Core\DocumentGenerator.cs(85,295): warning SA1127: Generic type constraints should be on their own line (https://github.com/DotNetAnalyzers/StyleCopAnalyzers/blob/master/documentation/SA1127.md) [C:\Projects\Hazina\src\Core\Agents\Hazina.Generator\Hazina.Generator.csproj::TargetFramework=net10.0]
C:\Projects\Hazina\src\Core\Agents\Hazina.Generator\Core\DocumentGenerator.cs(91,288): warning MA0016: Prefer using collection abstraction instead of implementation (https://github.com/meziantou/Meziantou.Analyzer/blob/main/docs/Rules/MA0016.md) [C:\Projects\Hazina\src\Core\Agents\Hazina.Generator\Hazina.Generator.csproj::TargetFramework=net10.0]
C:\Projects\Hazina\src\Core\Agents\Hazina.Generator\Core\DocumentGenerator.cs(97,194): warning S1006: Remove the default parameter value to match the signature of overridden method. (https://rules.sonarsource.com/csharp/RSPEC-1006) [C:\Projects\Hazina\src\Core\Agents\Hazina.Generator\Hazina.Generator.csproj::TargetFramework=net10.0]
C:\Projects\Hazina\src\Core\Agents\Hazina.Generator\Core\DocumentGenerator.cs(97,228): warning S1006: Remove the default parameter value to match the signature of overridden method. (https://rules.sonarsource.com/csharp/RSPEC-1006) [C:\Projects\Hazina\src\Core\Agents\Hazina.Generator\Hazina.Generator.csproj::TargetFramework=net10.0]
C:\Projects\Hazina\src\Core\Agents\Hazina.Generator\Core\DocumentGenerator.cs(97,254): warning S1006: Remove the default parameter value to match the signature of overridden method. (https://rules.sonarsource.com/csharp/RSPEC-1006) [C:\Projects\Hazina\src\Core\Agents\Hazina.Generator\Hazina.Generator.csproj::TargetFramework=net10.0]
C:\Projects\Hazina\src\Core\Agents\Hazina.Generator\Core\DocumentGenerator.cs(97,290): warning S1006: Remove the default parameter value to match the signature of overridden method. (https://rules.sonarsource.com/csharp/RSPEC-1006) [C:\Projects\Hazina\src\Core\Agents\Hazina.Generator\Hazina.Generator.csproj::TargetFramework=net10.0]
C:\Projects\Hazina\src\Core\Agents\Hazina.Generator\Core\DocumentGenerator.cs(97,322): warning S1006: Remove the default parameter value to match the signature of overridden method. (https://rules.sonarsource.com/csharp/RSPEC-1006) [C:\Projects\Hazina\src\Core\Agents\Hazina.Generator\Hazina.Generator.csproj::TargetFramework=net10.0]
C:\Projects\Hazina\src\Core\Agents\Hazina.Generator\Core\DocumentGenerator.cs(97,87): warning S927: Rename parameter 'message' to 'query' to match the interface declaration. (https://rules.sonarsource.com/csharp/RSPEC-927) [C:\Projects\Hazina\src\Core\Agents\Hazina.Generator\Hazina.Generator.csproj::TargetFramework=net10.0]
C:\Projects\Hazina\src\Core\Agents\Hazina.Generator\Core\DocumentGenerator.cs(97,186): warning S927: Rename parameter 'history' to 'messages' to match the interface declaration. (https://rules.sonarsource.com/csharp/RSPEC-927) [C:\Projects\Hazina\src\Core\Agents\Hazina.Generator\Hazina.Generator.csproj::TargetFramework=net10.0]
C:\Projects\Hazina\src\Core\Agents\Hazina.Generator\Core\DocumentGenerator.cs(97,66): warning SA1314: Type parameter names should begin with T (https://github.com/DotNetAnalyzers/StyleCopAnalyzers/blob/master/documentation/SA1314.md) [C:\Projects\Hazina\src\Core\Agents\Hazina.Generator\Hazina.Generator.csproj::TargetFramework=net10.0]
C:\Projects\Hazina\src\Core\Agents\Hazina.Generator\Core\DocumentGenerator.cs(97,330): warning SA1127: Generic type constraints should be on their own line (https://github.com/DotNetAnalyzers/StyleCopAnalyzers/blob/master/documentation/SA1127.md) [C:\Projects\Hazina\src\Core\Agents\Hazina.Generator\Hazina.Generator.csproj::TargetFramework=net10.0]
C:\Projects\Hazina\src\Core\Agents\Hazina.Generator\Core\DocumentGenerator.cs(55,13): warning S1481: Remove the unused local variable 'OpenAIAPI'. (https://rules.sonarsource.com/csharp/RSPEC-1481) [C:\Projects\Hazina\src\Core\Agents\Hazina.Generator\Hazina.Generator.csproj::TargetFramework=net10.0]
C:\Projects\Hazina\src\Core\Agents\Hazina.Generator\Models\StoreSafetyPolicy.cs(19,28): warning SA1623: The property's documentation summary text should begin with: 'Gets or sets' (https://github.com/DotNetAnalyzers/StyleCopAnalyzers/blob/master/documentation/SA1623.md) [C:\Projects\Hazina\src\Core\Agents\Hazina.Generator\Hazina.Generator.csproj::TargetFramework=net10.0]
C:\Projects\Hazina\src\Core\Agents\Hazina.Generator\Models\StoreSafetyPolicyViolationException.cs(1,1): warning SA1633: The file header is missing or not located at the top of the file. (https://github.com/DotNetAnalyzers/StyleCopAnalyzers/blob/master/documentation/SA1633.md) [C:\Projects\Hazina\src\Core\Agents\Hazina.Generator\Hazina.Generator.csproj::TargetFramework=net10.0]
C:\Projects\Hazina\src\Core\Agents\Hazina.Generator\Core\DocumentGenerator.cs(99,28): warning MA0004: Use Task.ConfigureAwait(false) if the current SynchronizationContext is not needed (https://github.com/meziantou/Meziantou.Analyzer/blob/main/docs/Rules/MA0004.md) [C:\Projects\Hazina\src\Core\Agents\Hazina.Generator\Hazina.Generator.csproj::TargetFramework=net10.0]
C:\Projects\Hazina\src\Core\Agents\Hazina.Generator\Core\DocumentGenerator.cs(100,16): warning MA0004: Use Task.ConfigureAwait(false) if the current SynchronizationContext is not needed (https://github.com/meziantou/Meziantou.Analyzer/blob/main/docs/Rules/MA0004.md) [C:\Projects\Hazina\src\Core\Agents\Hazina.Generator\Hazina.Generator.csproj::TargetFramework=net10.0]
C:\Projects\Hazina\src\Core\Agents\Hazina.Generator\Core\DocumentGenerator.cs(63,28): warning MA0004: Use Task.ConfigureAwait(false) if the current SynchronizationContext is not needed (https://github.com/meziantou/Meziantou.Analyzer/blob/main/docs/Rules/MA0004.md) [C:\Projects\Hazina\src\Core\Agents\Hazina.Generator\Hazina.Generator.csproj::TargetFramework=net10.0]
C:\Projects\Hazina\src\Core\Agents\Hazina.Generator\Core\DocumentGenerator.cs(87,28): warning MA0004: Use Task.ConfigureAwait(false) if the current SynchronizationContext is not needed (https://github.com/meziantou/Meziantou.Analyzer/blob/main/docs/Rules/MA0004.md) [C:\Projects\Hazina\src\Core\Agents\Hazina.Generator\Hazina.Generator.csproj::TargetFramework=net10.0]
C:\Projects\Hazina\src\Core\Agents\Hazina.Generator\Core\DocumentGenerator.cs(64,16): warning MA0004: Use Task.ConfigureAwait(false) if the current SynchronizationContext is not needed (https://github.com/meziantou/Meziantou.Analyzer/blob/main/docs/Rules/MA0004.md) [C:\Projects\Hazina\src\Core\Agents\Hazina.Generator\Hazina.Generator.csproj::TargetFramework=net10.0]
C:\Projects\Hazina\src\Core\Agents\Hazina.Generator\Models\ModifyDocumentRequest.cs(5,44): warning SA1122: Use string.Empty for empty strings (https://github.com/DotNetAnalyzers/StyleCopAnalyzers/blob/master/documentation/SA1122.md) [C:\Projects\Hazina\src\Core\Agents\Hazina.Generator\Hazina.Generator.csproj::TargetFramework=net10.0]
C:\Projects\Hazina\src\Core\Agents\Hazina.Generator\Core\DocumentGenerator.cs(103,51): warning CA1068: Method 'DocumentGenerator.StreamResponse<ResponseType>(System.Collections.Generic.IEnumerable<HazinaChatMessage>, System.Threading.CancellationToken, System.Action<string>, System.Collections.Generic.IEnumerable<HazinaChatMessage>?, bool, bool, Hazina.LLMs.IToolsContext?, System.Collections.Generic.List<ImageData>?)' should take CancellationToken as the last parameter (https://learn.microsoft.com/dotnet/fundamentals/code-analysis/quality-rules/ca1068) [C:\Projects\Hazina\src\Core\Agents\Hazina.Generator\Hazina.Generator.csproj::TargetFramework=net10.0]
C:\Projects\Hazina\src\Core\Agents\Hazina.Generator\Core\DocumentGenerator.cs(103,340): warning CA1002: Change 'List<ImageData>' in 'DocumentGenerator.StreamResponse<ResponseType>(IEnumerable<HazinaChatMessage>, CancellationToken, Action<string>, [IEnumerable<HazinaChatMessage>], [bool], [bool], [IToolsContext], [List<ImageData>])' to use 'Collection<T>', 'ReadOnlyCollection<T>' or 'KeyedCollection<K,V>' (https://learn.microsoft.com/dotnet/fundamentals/code-analysis/quality-rules/ca1002) [C:\Projects\Hazina\src\Core\Agents\Hazina.Generator\Hazina.Generator.csproj::TargetFramework=net10.0]
C:\Projects\Hazina\src\Core\Agents\Hazina.Generator\Core\DocumentGenerator.cs(103,66): warning CA1715: Prefix generic type parameter name ResponseType with 'T' (https://learn.microsoft.com/dotnet/fundamentals/code-analysis/quality-rules/ca1715) [C:\Projects\Hazina\src\Core\Agents\Hazina.Generator\Hazina.Generator.csproj::TargetFramework=net10.0]
C:\Projects\Hazina\src\Core\Agents\Hazina.Generator\Core\DocumentGenerator.cs(103,323): warning MA0016: Prefer using collection abstraction instead of implementation (https://github.com/meziantou/Meziantou.Analyzer/blob/main/docs/Rules/MA0016.md) [C:\Projects\Hazina\src\Core\Agents\Hazina.Generator\Hazina.Generator.csproj::TargetFramework=net10.0]
C:\Projects\Hazina\src\Core\Agents\Hazina.Generator\Core\DocumentGenerator.cs(88,16): warning MA0004: Use Task.ConfigureAwait(false) if the current SynchronizationContext is not needed (https://github.com/meziantou/Meziantou.Analyzer/blob/main/docs/Rules/MA0004.md) [C:\Projects\Hazina\src\Core\Agents\Hazina.Generator\Hazina.Generator.csproj::TargetFramework=net10.0]
C:\Projects\Hazina\src\Core\Agents\Hazina.Generator\Core\DocumentGenerator.cs(109,63): warning CA1725: In member Task<LLMResponse<string>> DocumentGenerator.UpdateStore(string message, CancellationToken cancel, IEnumerable<HazinaChatMessage>? history = null, bool addRelevantDocuments = true, bool addFilesList = true, IToolsContext? toolsContext = null, List<ImageData>? images = null), change parameter name message to query in order to match the identifier as it has been declared in Task<LLMResponse<string>> IDocumentGenerator.UpdateStore(string query, CancellationToken cancel, IEnumerable<HazinaChatMessage>? messages, bool addRelevantDocuments, bool addFilesList, IToolsContext toolsContext, List<ImageData> images) (https://learn.microsoft.com/dotnet/fundamentals/code-analysis/quality-rules/ca1725) [C:\Projects\Hazina\src\Core\Agents\Hazina.Generator\Hazina.Generator.csproj::TargetFramework=net10.0]
C:\Projects\Hazina\src\Core\Agents\Hazina.Generator\Core\DocumentGenerator.cs(109,130): warning CA1725: In member Task<LLMResponse<string>> DocumentGenerator.UpdateStore(string message, CancellationToken cancel, IEnumerable<HazinaChatMessage>? history = null, bool addRelevantDocuments = true, bool addFilesList = true, IToolsContext? toolsContext = null, List<ImageData>? images = null), change parameter name history to messages in order to match the identifier as it has been declared in Task<LLMResponse<string>> IDocumentGenerator.UpdateStore(string query, CancellationToken cancel, IEnumerable<HazinaChatMessage>? messages, bool addRelevantDocuments, bool addFilesList, IToolsContext toolsContext, List<ImageData> images) (https://learn.microsoft.com/dotnet/fundamentals/code-analysis/quality-rules/ca1725) [C:\Projects\Hazina\src\Core\Agents\Hazina.Generator\Hazina.Generator.csproj::TargetFramework=net10.0]
C:\Projects\Hazina\src\Core\Agents\Hazina.Generator\Core\DocumentGenerator.cs(109,130): warning MA0061: Method overrides should not change default values (original: <no default value>; current: null) (https://github.com/meziantou/Meziantou.Analyzer/blob/main/docs/Rules/MA0061.md) [C:\Projects\Hazina\src\Core\Agents\Hazina.Generator\Hazina.Generator.csproj::TargetFramework=net10.0]
C:\Projects\Hazina\src\Core\Agents\Hazina.Generator\Core\DocumentGenerator.cs(109,151): warning MA0061: Method overrides should not change default values (original: <no default value>; current: 'True') (https://github.com/meziantou/Meziantou.Analyzer/blob/main/docs/Rules/MA0061.md) [C:\Projects\Hazina\src\Core\Agents\Hazina.Generator\Hazina.Generator.csproj::TargetFramework=net10.0]
C:\Projects\Hazina\src\Core\Agents\Hazina.Generator\Core\DocumentGenerator.cs(109,185): warning MA0061: Method overrides should not change default values (original: <no default value>; current: 'True') (https://github.com/meziantou/Meziantou.Analyzer/blob/main/docs/Rules/MA0061.md) [C:\Projects\Hazina\src\Core\Agents\Hazina.Generator\Hazina.Generator.csproj::TargetFramework=net10.0]
C:\Projects\Hazina\src\Core\Agents\Hazina.Generator\Core\DocumentGenerator.cs(109,221): warning MA0061: Method overrides should not change default values (original: <no default value>; current: null) (https://github.com/meziantou/Meziantou.Analyzer/blob/main/docs/Rules/MA0061.md) [C:\Projects\Hazina\src\Core\Agents\Hazina.Generator\Hazina.Generator.csproj::TargetFramework=net10.0]
C:\Projects\Hazina\src\Core\Agents\Hazina.Generator\Core\DocumentGenerator.cs(109,259): warning MA0061: Method overrides should not change default values (original: <no default value>; current: null) (https://github.com/meziantou/Meziantou.Analyzer/blob/main/docs/Rules/MA0061.md) [C:\Projects\Hazina\src\Core\Agents\Hazina.Generator\Hazina.Generator.csproj::TargetFramework=net10.0]
C:\Projects\Hazina\src\Core\Agents\Hazina.Generator\Models\UpdateStoreResponse.cs(1,1): warning SA1633: The file header is missing or not located at the top of the file. (https://github.com/DotNetAnalyzers/StyleCopAnalyzers/blob/master/documentation/SA1633.md) [C:\Projects\Hazina\src\Core\Agents\Hazina.Generator\Hazina.Generator.csproj::TargetFramework=net10.0]
C:\Projects\Hazina\src\Core\Agents\Hazina.Generator\Core\DocumentGenerator.cs(103,66): warning SA1314: Type parameter names should begin with T (https://github.com/DotNetAnalyzers/StyleCopAnalyzers/blob/master/documentation/SA1314.md) [C:\Projects\Hazina\src\Core\Agents\Hazina.Generator\Hazina.Generator.csproj::TargetFramework=net10.0]
C:\Projects\Hazina\src\Core\Agents\Hazina.Generator\Core\DocumentGenerator.cs(103,355): warning SA1127: Generic type constraints should be on their own line (https://github.com/DotNetAnalyzers/StyleCopAnalyzers/blob/master/documentation/SA1127.md) [C:\Projects\Hazina\src\Core\Agents\Hazina.Generator\Hazina.Generator.csproj::TargetFramework=net10.0]
C:\Projects\Hazina\src\Core\Agents\Hazina.Generator\Core\DocumentGenerator.cs(91,63): warning SA1314: Type parameter names should begin with T (https://github.com/DotNetAnalyzers/StyleCopAnalyzers/blob/master/documentation/SA1314.md) [C:\Projects\Hazina\src\Core\Agents\Hazina.Generator\Hazina.Generator.csproj::TargetFramework=net10.0]
C:\Projects\Hazina\src\Core\Agents\Hazina.Generator\Core\DocumentGenerator.cs(91,320): warning SA1127: Generic type constraints should be on their own line (https://github.com/DotNetAnalyzers/StyleCopAnalyzers/blob/master/documentation/SA1127.md) [C:\Projects\Hazina\src\Core\Agents\Hazina.Generator\Hazina.Generator.csproj::TargetFramework=net10.0]
C:\Projects\Hazina\src\Core\Agents\Hazina.Generator\Core\DocumentGenerator.cs(151,69): warning CA1725: In member Task<LLMResponse<string>> DocumentGenerator.StreamUpdateStore(string message, CancellationToken cancel, Action<string> onChunkReceived, IEnumerable<HazinaChatMessage>? history = null, bool addRelevantDocuments = true, bool addFilesList = true, IToolsContext? toolsContext = null, List<ImageData>? images = null), change parameter name message to query in order to match the identifier as it has been declared in Task<LLMResponse<string>> IDocumentGenerator.StreamUpdateStore(string query, CancellationToken cancel, Action<string> onChunkReceived, IEnumerable<HazinaChatMessage>? messages, bool addRelevantDocuments, bool addFilesList, IToolsContext toolsContext, List<ImageData> images) (https://learn.microsoft.com/dotnet/fundamentals/code-analysis/quality-rules/ca1725) [C:\Projects\Hazina\src\Core\Agents\Hazina.Generator\Hazina.Generator.csproj::TargetFramework=net10.0]
C:\Projects\Hazina\src\Core\Agents\Hazina.Generator\Core\DocumentGenerator.cs(151,168): warning CA1725: In member Task<LLMResponse<string>> DocumentGenerator.StreamUpdateStore(string message, CancellationToken cancel, Action<string> onChunkReceived, IEnumerable<HazinaChatMessage>? history = null, bool addRelevantDocuments = true, bool addFilesList = true, IToolsContext? toolsContext = null, List<ImageData>? images = null), change parameter name history to messages in order to match the identifier as it has been declared in Task<LLMResponse<string>> IDocumentGenerator.StreamUpdateStore(string query, CancellationToken cancel, Action<string> onChunkReceived, IEnumerable<HazinaChatMessage>? messages, bool addRelevantDocuments, bool addFilesList, IToolsContext toolsContext, List<ImageData> images) (https://learn.microsoft.com/dotnet/fundamentals/code-analysis/quality-rules/ca1725) [C:\Projects\Hazina\src\Core\Agents\Hazina.Generator\Hazina.Generator.csproj::TargetFramework=net10.0]
C:\Projects\Hazina\src\Core\Agents\Hazina.Generator\Core\DocumentGenerator.cs(105,28): warning MA0004: Use Task.ConfigureAwait(false) if the current SynchronizationContext is not needed (https://github.com/meziantou/Meziantou.Analyzer/blob/main/docs/Rules/MA0004.md) [C:\Projects\Hazina\src\Core\Agents\Hazina.Generator\Hazina.Generator.csproj::TargetFramework=net10.0]
C:\Projects\Hazina\src\Core\Agents\Hazina.Generator\Core\DocumentGenerator.cs(151,168): warning MA0061: Method overrides should not change default values (original: <no default value>; current: null) (https://github.com/meziantou/Meziantou.Analyzer/blob/main/docs/Rules/MA0061.md) [C:\Projects\Hazina\src\Core\Agents\Hazina.Generator\Hazina.Generator.csproj::TargetFramework=net10.0]
C:\Projects\Hazina\src\Core\Agents\Hazina.Generator\Core\DocumentGenerator.cs(151,189): warning MA0061: Method overrides should not change default values (original: <no default value>; current: 'True') (https://github.com/meziantou/Meziantou.Analyzer/blob/main/docs/Rules/MA0061.md) [C:\Projects\Hazina\src\Core\Agents\Hazina.Generator\Hazina.Generator.csproj::TargetFramework=net10.0]
C:\Projects\Hazina\src\Core\Agents\Hazina.Generator\Core\DocumentGenerator.cs(151,223): warning MA0061: Method overrides should not change default values (original: <no default value>; current: 'True') (https://github.com/meziantou/Meziantou.Analyzer/blob/main/docs/Rules/MA0061.md) [C:\Projects\Hazina\src\Core\Agents\Hazina.Generator\Hazina.Generator.csproj::TargetFramework=net10.0]
C:\Projects\Hazina\src\Core\Agents\Hazina.Generator\Core\DocumentGenerator.cs(151,259): warning MA0061: Method overrides should not change default values (original: <no default value>; current: null) (https://github.com/meziantou/Meziantou.Analyzer/blob/main/docs/Rules/MA0061.md) [C:\Projects\Hazina\src\Core\Agents\Hazina.Generator\Hazina.Generator.csproj::TargetFramework=net10.0]
C:\Projects\Hazina\src\Core\Agents\Hazina.Generator\Core\DocumentGenerator.cs(151,297): warning MA0061: Method overrides should not change default values (original: <no default value>; current: null) (https://github.com/meziantou/Meziantou.Analyzer/blob/main/docs/Rules/MA0061.md) [C:\Projects\Hazina\src\Core\Agents\Hazina.Generator\Hazina.Generator.csproj::TargetFramework=net10.0]
C:\Projects\Hazina\src\Core\Agents\Hazina.Generator\Core\DocumentGenerator.cs(106,16): warning MA0004: Use Task.ConfigureAwait(false) if the current SynchronizationContext is not needed (https://github.com/meziantou/Meziantou.Analyzer/blob/main/docs/Rules/MA0004.md) [C:\Projects\Hazina\src\Core\Agents\Hazina.Generator\Hazina.Generator.csproj::TargetFramework=net10.0]
C:\Projects\Hazina\src\Core\Agents\Hazina.Generator\Core\DocumentGenerator.cs(81,28): warning MA0004: Use Task.ConfigureAwait(false) if the current SynchronizationContext is not needed (https://github.com/meziantou/Meziantou.Analyzer/blob/main/docs/Rules/MA0004.md) [C:\Projects\Hazina\src\Core\Agents\Hazina.Generator\Hazina.Generator.csproj::TargetFramework=net10.0]
C:\Projects\Hazina\src\Core\Agents\Hazina.Generator\Core\DocumentGenerator.cs(82,16): warning MA0004: Use Task.ConfigureAwait(false) if the current SynchronizationContext is not needed (https://github.com/meziantou/Meziantou.Analyzer/blob/main/docs/Rules/MA0004.md) [C:\Projects\Hazina\src\Core\Agents\Hazina.Generator\Hazina.Generator.csproj::TargetFramework=net10.0]
C:\Projects\Hazina\src\Core\Agents\Hazina.Generator\Models\StoreSafetyPolicy.cs(65,43): warning SA1503: Braces should not be omitted (https://github.com/DotNetAnalyzers/StyleCopAnalyzers/blob/master/documentation/SA1503.md) [C:\Projects\Hazina\src\Core\Agents\Hazina.Generator\Hazina.Generator.csproj::TargetFramework=net10.0]
C:\Projects\Hazina\src\Core\Agents\Hazina.Generator\Core\DocumentGenerator.cs(143,284): warning CA1002: Change 'List<ImageData>' in 'DocumentGenerator.UpdateStore(IEnumerable<HazinaChatMessage>, CancellationToken, [IEnumerable<HazinaChatMessage>], [bool], [bool], [IToolsContext], [List<ImageData>])' to use 'Collection<T>', 'ReadOnlyCollection<T>' or 'KeyedCollection<K,V>' (https://learn.microsoft.com/dotnet/fundamentals/code-analysis/quality-rules/ca1002) [C:\Projects\Hazina\src\Core\Agents\Hazina.Generator\Hazina.Generator.csproj::TargetFramework=net10.0]
C:\Projects\Hazina\src\Core\Agents\Hazina.Generator\Core\DocumentGenerator.cs(143,267): warning MA0016: Prefer using collection abstraction instead of implementation (https://github.com/meziantou/Meziantou.Analyzer/blob/main/docs/Rules/MA0016.md) [C:\Projects\Hazina\src\Core\Agents\Hazina.Generator\Hazina.Generator.csproj::TargetFramework=net10.0]
C:\Projects\Hazina\src\Core\Agents\Hazina.Generator\Models\StoreSafetyPolicy.cs(12,17): warning SA1623: The property's documentation summary text should begin with: 'Gets or sets' (https://github.com/DotNetAnalyzers/StyleCopAnalyzers/blob/master/documentation/SA1623.md) [C:\Projects\Hazina\src\Core\Agents\Hazina.Generator\Hazina.Generator.csproj::TargetFramework=net10.0]
C:\Projects\Hazina\src\Core\Agents\Hazina.Generator\Core\DocumentGenerator.cs(93,28): warning MA0004: Use Task.ConfigureAwait(false) if the current SynchronizationContext is not needed (https://github.com/meziantou/Meziantou.Analyzer/blob/main/docs/Rules/MA0004.md) [C:\Projects\Hazina\src\Core\Agents\Hazina.Generator\Hazina.Generator.csproj::TargetFramework=net10.0]
C:\Projects\Hazina\src\Core\Agents\Hazina.Generator\Core\DocumentGenerator.cs(94,16): warning MA0004: Use Task.ConfigureAwait(false) if the current SynchronizationContext is not needed (https://github.com/meziantou/Meziantou.Analyzer/blob/main/docs/Rules/MA0004.md) [C:\Projects\Hazina\src\Core\Agents\Hazina.Generator\Hazina.Generator.csproj::TargetFramework=net10.0]
C:\Projects\Hazina\src\Core\Agents\Hazina.Generator\Core\DocumentGenerator.cs(183,16): warning MA0004: Use Task.ConfigureAwait(false) if the current SynchronizationContext is not needed (https://github.com/meziantou/Meziantou.Analyzer/blob/main/docs/Rules/MA0004.md) [C:\Projects\Hazina\src\Core\Agents\Hazina.Generator\Hazina.Generator.csproj::TargetFramework=net10.0]
C:\Projects\Hazina\src\Core\Agents\Hazina.Generator\Core\DocumentGenerator.cs(109,138): warning S1006: Remove the default parameter value to match the signature of overridden method. (https://rules.sonarsource.com/csharp/RSPEC-1006) [C:\Projects\Hazina\src\Core\Agents\Hazina.Generator\Hazina.Generator.csproj::TargetFramework=net10.0]
C:\Projects\Hazina\src\Core\Agents\Hazina.Generator\Core\DocumentGenerator.cs(109,172): warning S1006: Remove the default parameter value to match the signature of overridden method. (https://rules.sonarsource.com/csharp/RSPEC-1006) [C:\Projects\Hazina\src\Core\Agents\Hazina.Generator\Hazina.Generator.csproj::TargetFramework=net10.0]
C:\Projects\Hazina\src\Core\Agents\Hazina.Generator\Core\DocumentGenerator.cs(109,198): warning S1006: Remove the default parameter value to match the signature of overridden method. (https://rules.sonarsource.com/csharp/RSPEC-1006) [C:\Projects\Hazina\src\Core\Agents\Hazina.Generator\Hazina.Generator.csproj::TargetFramework=net10.0]
C:\Projects\Hazina\src\Core\Agents\Hazina.Generator\Core\DocumentGenerator.cs(109,234): warning S1006: Remove the default parameter value to match the signature of overridden method. (https://rules.sonarsource.com/csharp/RSPEC-1006) [C:\Projects\Hazina\src\Core\Agents\Hazina.Generator\Hazina.Generator.csproj::TargetFramework=net10.0]
C:\Projects\Hazina\src\Core\Agents\Hazina.Generator\Core\DocumentGenerator.cs(109,266): warning S1006: Remove the default parameter value to match the signature of overridden method. (https://rules.sonarsource.com/csharp/RSPEC-1006) [C:\Projects\Hazina\src\Core\Agents\Hazina.Generator\Hazina.Generator.csproj::TargetFramework=net10.0]
C:\Projects\Hazina\src\Core\Agents\Hazina.Generator\Core\DocumentGenerator.cs(109,63): warning S927: Rename parameter 'message' to 'query' to match the interface declaration. (https://rules.sonarsource.com/csharp/RSPEC-927) [C:\Projects\Hazina\src\Core\Agents\Hazina.Generator\Hazina.Generator.csproj::TargetFramework=net10.0]
C:\Projects\Hazina\src\Core\Agents\Hazina.Generator\Core\DocumentGenerator.cs(109,130): warning S927: Rename parameter 'history' to 'messages' to match the interface declaration. (https://rules.sonarsource.com/csharp/RSPEC-927) [C:\Projects\Hazina\src\Core\Agents\Hazina.Generator\Hazina.Generator.csproj::TargetFramework=net10.0]
C:\Projects\Hazina\src\Core\Agents\Hazina.Generator\Core\DocumentGenerator.cs(151,176): warning S1006: Remove the default parameter value to match the signature of overridden method. (https://rules.sonarsource.com/csharp/RSPEC-1006) [C:\Projects\Hazina\src\Core\Agents\Hazina.Generator\Hazina.Generator.csproj::TargetFramework=net10.0]
C:\Projects\Hazina\src\Core\Agents\Hazina.Generator\Core\DocumentGenerator.cs(151,210): warning S1006: Remove the default parameter value to match the signature of overridden method. (https://rules.sonarsource.com/csharp/RSPEC-1006) [C:\Projects\Hazina\src\Core\Agents\Hazina.Generator\Hazina.Generator.csproj::TargetFramework=net10.0]
C:\Projects\Hazina\src\Core\Agents\Hazina.Generator\Core\DocumentGenerator.cs(151,236): warning S1006: Remove the default parameter value to match the signature of overridden method. (https://rules.sonarsource.com/csharp/RSPEC-1006) [C:\Projects\Hazina\src\Core\Agents\Hazina.Generator\Hazina.Generator.csproj::TargetFramework=net10.0]
C:\Projects\Hazina\src\Core\Agents\Hazina.Generator\Core\DocumentGenerator.cs(151,272): warning S1006: Remove the default parameter value to match the signature of overridden method. (https://rules.sonarsource.com/csharp/RSPEC-1006) [C:\Projects\Hazina\src\Core\Agents\Hazina.Generator\Hazina.Generator.csproj::TargetFramework=net10.0]
C:\Projects\Hazina\src\Core\Agents\Hazina.Generator\Core\DocumentGenerator.cs(151,304): warning S1006: Remove the default parameter value to match the signature of overridden method. (https://rules.sonarsource.com/csharp/RSPEC-1006) [C:\Projects\Hazina\src\Core\Agents\Hazina.Generator\Hazina.Generator.csproj::TargetFramework=net10.0]
C:\Projects\Hazina\src\Core\Agents\Hazina.Generator\Core\DocumentGenerator.cs(151,69): warning S927: Rename parameter 'message' to 'query' to match the interface declaration. (https://rules.sonarsource.com/csharp/RSPEC-927) [C:\Projects\Hazina\src\Core\Agents\Hazina.Generator\Hazina.Generator.csproj::TargetFramework=net10.0]
C:\Projects\Hazina\src\Core\Agents\Hazina.Generator\Core\DocumentGenerator.cs(151,168): warning S927: Rename parameter 'history' to 'messages' to match the interface declaration. (https://rules.sonarsource.com/csharp/RSPEC-927) [C:\Projects\Hazina\src\Core\Agents\Hazina.Generator\Hazina.Generator.csproj::TargetFramework=net10.0]
C:\Projects\Hazina\src\Core\Agents\Hazina.Generator\Models\StoreSafetyPolicy.cs(78,74): warning MA0002: Use an overload that has a IEqualityComparer<string> or IComparer<string> parameter (https://github.com/meziantou/Meziantou.Analyzer/blob/main/docs/Rules/MA0002.md) [C:\Projects\Hazina\src\Core\Agents\Hazina.Generator\Hazina.Generator.csproj::TargetFramework=net10.0]
C:\Projects\Hazina\src\Core\Agents\Hazina.Generator\Models\StoreSafetyPolicy.cs(31,17): warning SA1623: The property's documentation summary text should begin with: 'Gets or sets a value indicating whether' (https://github.com/DotNetAnalyzers/StyleCopAnalyzers/blob/master/documentation/SA1623.md) [C:\Projects\Hazina\src\Core\Agents\Hazina.Generator\Hazina.Generator.csproj::TargetFramework=net10.0]
C:\Projects\Hazina\src\Core\Agents\Hazina.Generator\Core\DocumentGenerator.cs(162,13): warning SA1519: Braces should not be omitted from multi-line child statement (https://github.com/DotNetAnalyzers/StyleCopAnalyzers/blob/master/documentation/SA1519.md) [C:\Projects\Hazina\src\Core\Agents\Hazina.Generator\Hazina.Generator.csproj::TargetFramework=net10.0]
C:\Projects\Hazina\src\Core\Agents\Hazina.Generator\Core\DocumentGenerator.cs(168,13): warning SA1519: Braces should not be omitted from multi-line child statement (https://github.com/DotNetAnalyzers/StyleCopAnalyzers/blob/master/documentation/SA1519.md) [C:\Projects\Hazina\src\Core\Agents\Hazina.Generator\Hazina.Generator.csproj::TargetFramework=net10.0]
C:\Projects\Hazina\src\Core\Agents\Hazina.Generator\Core\DocumentGenerator.cs(173,13): warning SA1519: Braces should not be omitted from multi-line child statement (https://github.com/DotNetAnalyzers/StyleCopAnalyzers/blob/master/documentation/SA1519.md) [C:\Projects\Hazina\src\Core\Agents\Hazina.Generator\Hazina.Generator.csproj::TargetFramework=net10.0]
C:\Projects\Hazina\src\Core\Agents\Hazina.Generator\Core\DocumentGenerator.cs(156,76): warning SA1122: Use string.Empty for empty strings (https://github.com/DotNetAnalyzers/StyleCopAnalyzers/blob/master/documentation/SA1122.md) [C:\Projects\Hazina\src\Core\Agents\Hazina.Generator\Hazina.Generator.csproj::TargetFramework=net10.0]
C:\Projects\Hazina\src\Core\Agents\Hazina.Generator\Core\DocumentGenerator.cs(153,28): warning MA0004: Use Task.ConfigureAwait(false) if the current SynchronizationContext is not needed (https://github.com/meziantou/Meziantou.Analyzer/blob/main/docs/Rules/MA0004.md) [C:\Projects\Hazina\src\Core\Agents\Hazina.Generator\Hazina.Generator.csproj::TargetFramework=net10.0]
C:\Projects\Hazina\src\Core\Agents\Hazina.Generator\Core\DocumentGenerator.cs(154,24): warning MA0004: Use Task.ConfigureAwait(false) if the current SynchronizationContext is not needed (https://github.com/meziantou/Meziantou.Analyzer/blob/main/docs/Rules/MA0004.md) [C:\Projects\Hazina\src\Core\Agents\Hazina.Generator\Hazina.Generator.csproj::TargetFramework=net10.0]
C:\Projects\Hazina\src\Core\Agents\Hazina.Generator\Core\DocumentGenerator.cs(155,9): warning MA0004: Use Task.ConfigureAwait(false) if the current SynchronizationContext is not needed (https://github.com/meziantou/Meziantou.Analyzer/blob/main/docs/Rules/MA0004.md) [C:\Projects\Hazina\src\Core\Agents\Hazina.Generator\Hazina.Generator.csproj::TargetFramework=net10.0]
C:\Projects\Hazina\src\Core\Agents\Hazina.Generator\Core\DocumentGenerator.cs(148,76): warning SA1122: Use string.Empty for empty strings (https://github.com/DotNetAnalyzers/StyleCopAnalyzers/blob/master/documentation/SA1122.md) [C:\Projects\Hazina\src\Core\Agents\Hazina.Generator\Hazina.Generator.csproj::TargetFramework=net10.0]
C:\Projects\Hazina\src\Core\Agents\Hazina.Generator\Core\DocumentGenerator.cs(140,76): warning SA1122: Use string.Empty for empty strings (https://github.com/DotNetAnalyzers/StyleCopAnalyzers/blob/master/documentation/SA1122.md) [C:\Projects\Hazina\src\Core\Agents\Hazina.Generator\Hazina.Generator.csproj::TargetFramework=net10.0]
C:\Projects\Hazina\src\Core\Agents\Hazina.Generator\Core\DocumentGenerator.cs(165,17): warning MA0004: Use Task.ConfigureAwait(false) if the current SynchronizationContext is not needed (https://github.com/meziantou/Meziantou.Analyzer/blob/main/docs/Rules/MA0004.md) [C:\Projects\Hazina\src\Core\Agents\Hazina.Generator\Hazina.Generator.csproj::TargetFramework=net10.0]
C:\Projects\Hazina\src\Core\Agents\Hazina.Generator\Core\DocumentGenerator.cs(170,17): warning MA0004: Use Task.ConfigureAwait(false) if the current SynchronizationContext is not needed (https://github.com/meziantou/Meziantou.Analyzer/blob/main/docs/Rules/MA0004.md) [C:\Projects\Hazina\src\Core\Agents\Hazina.Generator\Hazina.Generator.csproj::TargetFramework=net10.0]
C:\Projects\Hazina\src\Core\Agents\Hazina.Generator\Core\DocumentGenerator.cs(176,17): warning MA0004: Use Task.ConfigureAwait(false) if the current SynchronizationContext is not needed (https://github.com/meziantou/Meziantou.Analyzer/blob/main/docs/Rules/MA0004.md) [C:\Projects\Hazina\src\Core\Agents\Hazina.Generator\Hazina.Generator.csproj::TargetFramework=net10.0]
C:\Projects\Hazina\src\Core\Agents\Hazina.Generator\Core\DocumentGenerator.cs(145,28): warning MA0004: Use Task.ConfigureAwait(false) if the current SynchronizationContext is not needed (https://github.com/meziantou/Meziantou.Analyzer/blob/main/docs/Rules/MA0004.md) [C:\Projects\Hazina\src\Core\Agents\Hazina.Generator\Hazina.Generator.csproj::TargetFramework=net10.0]
C:\Projects\Hazina\src\Core\Agents\Hazina.Generator\Core\DocumentGenerator.cs(146,24): warning MA0004: Use Task.ConfigureAwait(false) if the current SynchronizationContext is not needed (https://github.com/meziantou/Meziantou.Analyzer/blob/main/docs/Rules/MA0004.md) [C:\Projects\Hazina\src\Core\Agents\Hazina.Generator\Hazina.Generator.csproj::TargetFramework=net10.0]
C:\Projects\Hazina\src\Core\Agents\Hazina.Generator\Core\DocumentGenerator.cs(147,9): warning MA0004: Use Task.ConfigureAwait(false) if the current SynchronizationContext is not needed (https://github.com/meziantou/Meziantou.Analyzer/blob/main/docs/Rules/MA0004.md) [C:\Projects\Hazina\src\Core\Agents\Hazina.Generator\Hazina.Generator.csproj::TargetFramework=net10.0]
C:\Projects\Hazina\src\Core\Agents\Hazina.Generator\Core\DocumentGenerator.cs(111,28): warning MA0004: Use Task.ConfigureAwait(false) if the current SynchronizationContext is not needed (https://github.com/meziantou/Meziantou.Analyzer/blob/main/docs/Rules/MA0004.md) [C:\Projects\Hazina\src\Core\Agents\Hazina.Generator\Hazina.Generator.csproj::TargetFramework=net10.0]
C:\Projects\Hazina\src\Core\Agents\Hazina.Generator\Core\DocumentGenerator.cs(136,24): warning MA0004: Use Task.ConfigureAwait(false) if the current SynchronizationContext is not needed (https://github.com/meziantou/Meziantou.Analyzer/blob/main/docs/Rules/MA0004.md) [C:\Projects\Hazina\src\Core\Agents\Hazina.Generator\Hazina.Generator.csproj::TargetFramework=net10.0]
C:\Projects\Hazina\src\Core\Agents\Hazina.Generator\Core\DocumentGenerator.cs(138,9): warning MA0004: Use Task.ConfigureAwait(false) if the current SynchronizationContext is not needed (https://github.com/meziantou/Meziantou.Analyzer/blob/main/docs/Rules/MA0004.md) [C:\Projects\Hazina\src\Core\Agents\Hazina.Generator\Hazina.Generator.csproj::TargetFramework=net10.0]
C:\Projects\Hazina\src\Core\Agents\Hazina.Generator\Core\DocumentGenerator.cs(191,17): warning SA1503: Braces should not be omitted (https://github.com/DotNetAnalyzers/StyleCopAnalyzers/blob/master/documentation/SA1503.md) [C:\Projects\Hazina\src\Core\Agents\Hazina.Generator\Hazina.Generator.csproj::TargetFramework=net10.0]
C:\Projects\Hazina\src\Core\Agents\Hazina.Generator\Core\DocumentGenerator.cs(193,17): warning SA1503: Braces should not be omitted (https://github.com/DotNetAnalyzers/StyleCopAnalyzers/blob/master/documentation/SA1503.md) [C:\Projects\Hazina\src\Core\Agents\Hazina.Generator\Hazina.Generator.csproj::TargetFramework=net10.0]
C:\Projects\Hazina\src\Core\Agents\Hazina.Generator\Core\DocumentGenerator.cs(219,13): warning SA1503: Braces should not be omitted (https://github.com/DotNetAnalyzers/StyleCopAnalyzers/blob/master/documentation/SA1503.md) [C:\Projects\Hazina\src\Core\Agents\Hazina.Generator\Hazina.Generator.csproj::TargetFramework=net10.0]
C:\Projects\Hazina\src\Core\Agents\Hazina.Generator\Core\DocumentGenerator.cs(190,13): warning SA1519: Braces should not be omitted from multi-line child statement (https://github.com/DotNetAnalyzers/StyleCopAnalyzers/blob/master/documentation/SA1519.md) [C:\Projects\Hazina\src\Core\Agents\Hazina.Generator\Hazina.Generator.csproj::TargetFramework=net10.0]
C:\Projects\Hazina\src\Core\Agents\Hazina.Generator\Core\DocumentGenerator.cs(213,46): warning SA1122: Use string.Empty for empty strings (https://github.com/DotNetAnalyzers/StyleCopAnalyzers/blob/master/documentation/SA1122.md) [C:\Projects\Hazina\src\Core\Agents\Hazina.Generator\Hazina.Generator.csproj::TargetFramework=net10.0]
C:\Projects\Hazina\src\Core\Agents\Hazina.Generator\Core\DocumentGenerator.cs(199,30): warning MA0004: Use Task.ConfigureAwait(false) if the current SynchronizationContext is not needed (https://github.com/meziantou/Meziantou.Analyzer/blob/main/docs/Rules/MA0004.md) [C:\Projects\Hazina\src\Core\Agents\Hazina.Generator\Hazina.Generator.csproj::TargetFramework=net10.0]
C:\Projects\Hazina\src\Core\Agents\Hazina.Generator\Core\DocumentGenerator.cs(202,37): warning MA0004: Use Task.ConfigureAwait(false) if the current SynchronizationContext is not needed (https://github.com/meziantou/Meziantou.Analyzer/blob/main/docs/Rules/MA0004.md) [C:\Projects\Hazina\src\Core\Agents\Hazina.Generator\Hazina.Generator.csproj::TargetFramework=net10.0]
C:\Projects\Hazina\src\Core\Agents\Hazina.Generator\Core\DocumentGenerator.cs(205,24): warning MA0004: Use Task.ConfigureAwait(false) if the current SynchronizationContext is not needed (https://github.com/meziantou/Meziantou.Analyzer/blob/main/docs/Rules/MA0004.md) [C:\Projects\Hazina\src\Core\Agents\Hazina.Generator\Hazina.Generator.csproj::TargetFramework=net10.0]
C:\Projects\Hazina\src\Core\Agents\Hazina.Generator\Core\DocumentGenerator.cs(213,29): warning MA0004: Use Task.ConfigureAwait(false) if the current SynchronizationContext is not needed (https://github.com/meziantou/Meziantou.Analyzer/blob/main/docs/Rules/MA0004.md) [C:\Projects\Hazina\src\Core\Agents\Hazina.Generator\Hazina.Generator.csproj::TargetFramework=net10.0]
C:\Projects\Hazina\src\Core\Agents\Hazina.Generator\Core\DocumentGenerator.cs(193,31): warning CA1851: Possible multiple enumerations of 'IEnumerable' collection. Consider using an implementation that avoids multiple enumerations. (https://learn.microsoft.com/dotnet/fundamentals/code-analysis/quality-rules/ca1851) [C:\Projects\Hazina\src\Core\Agents\Hazina.Generator\Hazina.Generator.csproj::TargetFramework=net10.0]
C:\Projects\Hazina\src\Core\Agents\Hazina.Generator\Core\DocumentGenerator.cs(190,17): warning CA1851: Possible multiple enumerations of 'IEnumerable' collection. Consider using an implementation that avoids multiple enumerations. (https://learn.microsoft.com/dotnet/fundamentals/code-analysis/quality-rules/ca1851) [C:\Projects\Hazina\src\Core\Agents\Hazina.Generator\Hazina.Generator.csproj::TargetFramework=net10.0]
C:\Projects\Hazina\src\Core\Agents\Hazina.Generator\Core\DocumentGenerator.cs(194,78): warning CA1851: Possible multiple enumerations of 'IEnumerable' collection. Consider using an implementation that avoids multiple enumerations. (https://learn.microsoft.com/dotnet/fundamentals/code-analysis/quality-rules/ca1851) [C:\Projects\Hazina\src\Core\Agents\Hazina.Generator\Hazina.Generator.csproj::TargetFramework=net10.0]
C:\Projects\Hazina\src\Core\Agents\Hazina.Generator\Core\DocumentGenerator.cs(219,35): warning CA1851: Possible multiple enumerations of 'IEnumerable' collection. Consider using an implementation that avoids multiple enumerations. (https://learn.microsoft.com/dotnet/fundamentals/code-analysis/quality-rules/ca1851) [C:\Projects\Hazina\src\Core\Agents\Hazina.Generator\Hazina.Generator.csproj::TargetFramework=net10.0]
  Hazina.LLMs.OpenAI.Tests -> C:\Projects\Hazina\artifacts\tests\Hazina.LLMs.OpenAI.Tests\bin\Debug\Hazina.LLMs.OpenAI.Tests.dll
  Hazina.Generator -> C:\Projects\Hazina\src\Core\Agents\Hazina.Generator\bin\Debug\net10.0\Hazina.Generator.dll
  Hazina.LLMs.SemanticKernel -> C:\Projects\Hazina\src\Core\LLMs.Providers\Hazina.LLMs.SemanticKernel\bin\Debug\net10.0\Hazina.LLMs.SemanticKernel.dll
  Hazina.LLMs.GoogleADK -> C:\Projects\Hazina\src\Core\LLMs.Providers\Hazina.LLMs.GoogleADK\bin\Debug\net10.0\Hazina.LLMs.GoogleADK.dll
  Hazina.Observability.AspNetCore -> C:\Projects\Hazina\src\Core\Observability\Hazina.Observability.AspNetCore\bin\Debug\net10.0\Hazina.Observability.AspNetCore.dll
  Hazina.Security.AspNetCore -> C:\Projects\Hazina\src\Core\Security\Hazina.Security.AspNetCore\bin\Debug\net10.0\Hazina.Security.AspNetCore.dll
C:\Projects\Hazina\src\Core\AI\Hazina.AI.RAG\Core\RAGEngine.cs(245,23): error CS8602: Dereference of a possibly null reference. [C:\Projects\Hazina\src\Core\AI\Hazina.AI.RAG\Hazina.AI.RAG.csproj::TargetFramework=net9.0]
C:\Projects\Hazina\src\Core\AI\Hazina.AI.RAG\Core\RAGEngine.cs(404,29): error CS8602: Dereference of a possibly null reference. [C:\Projects\Hazina\src\Core\AI\Hazina.AI.RAG\Hazina.AI.RAG.csproj::TargetFramework=net9.0]
C:\Projects\Hazina\src\Core\AI\Hazina.AI.RAG\Configuration\GraphRAGConfig.cs(30,1): warning SA1516: Elements should be separated by blank line (https://github.com/DotNetAnalyzers/StyleCopAnalyzers/blob/master/documentation/SA1516.md) [C:\Projects\Hazina\src\Core\AI\Hazina.AI.RAG\Hazina.AI.RAG.csproj::TargetFramework=net9.0]
C:\Projects\Hazina\src\Core\AI\Hazina.AI.RAG\Configuration\GraphRAGConfig.cs(29,13): warning MA0048: File name must match type name (https://github.com/meziantou/Meziantou.Analyzer/blob/main/docs/Rules/MA0048.md) [C:\Projects\Hazina\src\Core\AI\Hazina.AI.RAG\Hazina.AI.RAG.csproj::TargetFramework=net9.0]
C:\Projects\Hazina\src\Core\AI\Hazina.AI.RAG\Configuration\GraphRAGConfig.cs(1,1): warning SA1633: The file header is missing or not located at the top of the file. (https://github.com/DotNetAnalyzers/StyleCopAnalyzers/blob/master/documentation/SA1633.md) [C:\Projects\Hazina\src\Core\AI\Hazina.AI.RAG\Hazina.AI.RAG.csproj::TargetFramework=net9.0]
C:\Projects\Hazina\src\Core\AI\Hazina.AI.RAG\Configuration\GraphRAGConfig.cs(29,40): warning SA1136: Enum values should be on separate lines (https://github.com/DotNetAnalyzers/StyleCopAnalyzers/blob/master/documentation/SA1136.md) [C:\Projects\Hazina\src\Core\AI\Hazina.AI.RAG\Hazina.AI.RAG.csproj::TargetFramework=net9.0]
C:\Projects\Hazina\src\Core\AI\Hazina.AI.RAG\Configuration\GraphRAGConfig.cs(29,47): warning SA1136: Enum values should be on separate lines (https://github.com/DotNetAnalyzers/StyleCopAnalyzers/blob/master/documentation/SA1136.md) [C:\Projects\Hazina\src\Core\AI\Hazina.AI.RAG\Hazina.AI.RAG.csproj::TargetFramework=net9.0]
C:\Projects\Hazina\src\Core\AI\Hazina.AI.RAG\Configuration\GraphRAGConfig.cs(30,13): warning MA0048: File name must match type name (https://github.com/meziantou/Meziantou.Analyzer/blob/main/docs/Rules/MA0048.md) [C:\Projects\Hazina\src\Core\AI\Hazina.AI.RAG\Hazina.AI.RAG.csproj::TargetFramework=net9.0]
C:\Projects\Hazina\src\Core\AI\Hazina.AI.RAG\Configuration\GraphRAGConfig.cs(30,55): warning SA1136: Enum values should be on separate lines (https://github.com/DotNetAnalyzers/StyleCopAnalyzers/blob/master/documentation/SA1136.md) [C:\Projects\Hazina\src\Core\AI\Hazina.AI.RAG\Hazina.AI.RAG.csproj::TargetFramework=net9.0]
C:\Projects\Hazina\src\Core\AI\Hazina.AI.RAG\Configuration\GraphRAGConfig.cs(30,67): warning SA1136: Enum values should be on separate lines (https://github.com/DotNetAnalyzers/StyleCopAnalyzers/blob/master/documentation/SA1136.md) [C:\Projects\Hazina\src\Core\AI\Hazina.AI.RAG\Hazina.AI.RAG.csproj::TargetFramework=net9.0]
C:\Projects\Hazina\src\Core\AI\Hazina.AI.RAG\Configuration\GraphRAGConfig.cs(30,88): warning SA1136: Enum values should be on separate lines (https://github.com/DotNetAnalyzers/StyleCopAnalyzers/blob/master/documentation/SA1136.md) [C:\Projects\Hazina\src\Core\AI\Hazina.AI.RAG\Hazina.AI.RAG.csproj::TargetFramework=net9.0]
C:\Projects\Hazina\src\Core\AI\Hazina.AI.RAG\Core\RAGEngine.cs(4,1): warning SA1208: Using directive for 'System.Text' should appear before directive for 'Hazina.Neurochain.Core' (https://github.com/DotNetAnalyzers/StyleCopAnalyzers/blob/master/documentation/SA1208.md) [C:\Projects\Hazina\src\Core\AI\Hazina.AI.RAG\Hazina.AI.RAG.csproj::TargetFramework=net9.0]
C:\Projects\Hazina\src\Core\AI\Hazina.AI.RAG\Core\RAGEngine.cs(5,1): warning SA1208: Using directive for 'System.Text.RegularExpressions' should appear before directive for 'Hazina.Neurochain.Core' (https://github.com/DotNetAnalyzers/StyleCopAnalyzers/blob/master/documentation/SA1208.md) [C:\Projects\Hazina\src\Core\AI\Hazina.AI.RAG\Hazina.AI.RAG.csproj::TargetFramework=net9.0]
C:\Projects\Hazina\src\Core\AI\Hazina.AI.RAG\Configuration\GraphRAGConfig.cs(10,20): warning CA1056: Change the type of property 'GraphRAGConfig.Neo4jUri' from 'string' to 'System.Uri' (https://learn.microsoft.com/dotnet/fundamentals/code-analysis/quality-rules/ca1056) [C:\Projects\Hazina\src\Core\AI\Hazina.AI.RAG\Hazina.AI.RAG.csproj::TargetFramework=net9.0]
C:\Projects\Hazina\src\Core\AI\Hazina.AI.RAG\Configuration\GraphRAGConfig.cs(6,14): warning S101: Rename class 'GraphRAGConfig' to match pascal case naming rules, consider using 'GraphRagConfig'. (https://rules.sonarsource.com/csharp/RSPEC-101) [C:\Projects\Hazina\src\Core\AI\Hazina.AI.RAG\Hazina.AI.RAG.csproj::TargetFramework=net9.0]
C:\Projects\Hazina\src\Core\AI\Hazina.AI.RAG\Configuration\SemanticChunkingConfiguration.cs(1,1): warning SA1633: The file header is missing or not located at the top of the file. (https://github.com/DotNetAnalyzers/StyleCopAnalyzers/blob/master/documentation/SA1633.md) [C:\Projects\Hazina\src\Core\AI\Hazina.AI.RAG\Hazina.AI.RAG.csproj::TargetFramework=net9.0]
C:\Projects\Hazina\src\Core\AI\Hazina.AI.RAG\Configuration\GraphRAGConfig.cs(13,46): warning CA1805: Member 'AutoBuildGraph' is explicitly initialized to its default value (https://learn.microsoft.com/dotnet/fundamentals/code-analysis/quality-rules/ca1805) [C:\Projects\Hazina\src\Core\AI\Hazina.AI.RAG\Hazina.AI.RAG.csproj::TargetFramework=net9.0]
C:\Projects\Hazina\src\Core\AI\Hazina.AI.RAG\Configuration\GraphRAGConfig.cs(9,1): warning SA1516: Elements should be separated by blank line (https://github.com/DotNetAnalyzers/StyleCopAnalyzers/blob/master/documentation/SA1516.md) [C:\Projects\Hazina\src\Core\AI\Hazina.AI.RAG\Hazina.AI.RAG.csproj::TargetFramework=net9.0]
C:\Projects\Hazina\src\Core\AI\Hazina.AI.RAG\Configuration\GraphRAGConfig.cs(10,1): warning SA1516: Elements should be separated by blank line (https://github.com/DotNetAnalyzers/StyleCopAnalyzers/blob/master/documentation/SA1516.md) [C:\Projects\Hazina\src\Core\AI\Hazina.AI.RAG\Hazina.AI.RAG.csproj::TargetFramework=net9.0]
C:\Projects\Hazina\src\Core\AI\Hazina.AI.RAG\Configuration\GraphRAGConfig.cs(11,1): warning SA1516: Elements should be separated by blank line (https://github.com/DotNetAnalyzers/StyleCopAnalyzers/blob/master/documentation/SA1516.md) [C:\Projects\Hazina\src\Core\AI\Hazina.AI.RAG\Hazina.AI.RAG.csproj::TargetFramework=net9.0]
C:\Projects\Hazina\src\Core\AI\Hazina.AI.RAG\Configuration\GraphRAGConfig.cs(12,1): warning SA1516: Elements should be separated by blank line (https://github.com/DotNetAnalyzers/StyleCopAnalyzers/blob/master/documentation/SA1516.md) [C:\Projects\Hazina\src\Core\AI\Hazina.AI.RAG\Hazina.AI.RAG.csproj::TargetFramework=net9.0]
C:\Projects\Hazina\src\Core\AI\Hazina.AI.RAG\Configuration\GraphRAGConfig.cs(13,1): warning SA1516: Elements should be separated by blank line (https://github.com/DotNetAnalyzers/StyleCopAnalyzers/blob/master/documentation/SA1516.md) [C:\Projects\Hazina\src\Core\AI\Hazina.AI.RAG\Hazina.AI.RAG.csproj::TargetFramework=net9.0]
C:\Projects\Hazina\src\Core\AI\Hazina.AI.RAG\Configuration\GraphRAGConfig.cs(14,1): warning SA1516: Elements should be separated by blank line (https://github.com/DotNetAnalyzers/StyleCopAnalyzers/blob/master/documentation/SA1516.md) [C:\Projects\Hazina\src\Core\AI\Hazina.AI.RAG\Hazina.AI.RAG.csproj::TargetFramework=net9.0]
C:\Projects\Hazina\src\Core\AI\Hazina.AI.RAG\Configuration\GraphRAGConfig.cs(15,1): warning SA1516: Elements should be separated by blank line (https://github.com/DotNetAnalyzers/StyleCopAnalyzers/blob/master/documentation/SA1516.md) [C:\Projects\Hazina\src\Core\AI\Hazina.AI.RAG\Hazina.AI.RAG.csproj::TargetFramework=net9.0]
C:\Projects\Hazina\src\Core\AI\Hazina.AI.RAG\Configuration\GraphRAGConfig.cs(16,1): warning SA1516: Elements should be separated by blank line (https://github.com/DotNetAnalyzers/StyleCopAnalyzers/blob/master/documentation/SA1516.md) [C:\Projects\Hazina\src\Core\AI\Hazina.AI.RAG\Hazina.AI.RAG.csproj::TargetFramework=net9.0]
C:\Projects\Hazina\src\Core\AI\Hazina.AI.RAG\Configuration\GraphRAGConfig.cs(17,1): warning SA1516: Elements should be separated by blank line (https://github.com/DotNetAnalyzers/StyleCopAnalyzers/blob/master/documentation/SA1516.md) [C:\Projects\Hazina\src\Core\AI\Hazina.AI.RAG\Hazina.AI.RAG.csproj::TargetFramework=net9.0]
C:\Projects\Hazina\src\Core\AI\Hazina.AI.RAG\Configuration\GraphRAGConfig.cs(18,1): warning SA1516: Elements should be separated by blank line (https://github.com/DotNetAnalyzers/StyleCopAnalyzers/blob/master/documentation/SA1516.md) [C:\Projects\Hazina\src\Core\AI\Hazina.AI.RAG\Hazina.AI.RAG.csproj::TargetFramework=net9.0]
C:\Projects\Hazina\src\Core\AI\Hazina.AI.RAG\Configuration\GraphRAGConfig.cs(19,1): warning SA1516: Elements should be separated by blank line (https://github.com/DotNetAnalyzers/StyleCopAnalyzers/blob/master/documentation/SA1516.md) [C:\Projects\Hazina\src\Core\AI\Hazina.AI.RAG\Hazina.AI.RAG.csproj::TargetFramework=net9.0]
C:\Projects\Hazina\src\Core\AI\Hazina.AI.RAG\Configuration\GraphRAGConfig.cs(20,1): warning SA1516: Elements should be separated by blank line (https://github.com/DotNetAnalyzers/StyleCopAnalyzers/blob/master/documentation/SA1516.md) [C:\Projects\Hazina\src\Core\AI\Hazina.AI.RAG\Hazina.AI.RAG.csproj::TargetFramework=net9.0]
C:\Projects\Hazina\src\Core\AI\Hazina.AI.RAG\Configuration\GraphRAGConfig.cs(21,1): warning SA1516: Elements should be separated by blank line (https://github.com/DotNetAnalyzers/StyleCopAnalyzers/blob/master/documentation/SA1516.md) [C:\Projects\Hazina\src\Core\AI\Hazina.AI.RAG\Hazina.AI.RAG.csproj::TargetFramework=net9.0]
C:\Projects\Hazina\src\Core\AI\Hazina.AI.RAG\Configuration\GraphRAGConfig.cs(22,1): warning SA1516: Elements should be separated by blank line (https://github.com/DotNetAnalyzers/StyleCopAnalyzers/blob/master/documentation/SA1516.md) [C:\Projects\Hazina\src\Core\AI\Hazina.AI.RAG\Hazina.AI.RAG.csproj::TargetFramework=net9.0]
C:\Projects\Hazina\src\Core\AI\Hazina.AI.RAG\Configuration\GraphRAGConfig.cs(23,1): warning SA1516: Elements should be separated by blank line (https://github.com/DotNetAnalyzers/StyleCopAnalyzers/blob/master/documentation/SA1516.md) [C:\Projects\Hazina\src\Core\AI\Hazina.AI.RAG\Hazina.AI.RAG.csproj::TargetFramework=net9.0]
C:\Projects\Hazina\src\Core\AI\Hazina.AI.RAG\Configuration\GraphRAGConfig.cs(24,1): warning SA1516: Elements should be separated by blank line (https://github.com/DotNetAnalyzers/StyleCopAnalyzers/blob/master/documentation/SA1516.md) [C:\Projects\Hazina\src\Core\AI\Hazina.AI.RAG\Hazina.AI.RAG.csproj::TargetFramework=net9.0]
C:\Projects\Hazina\src\Core\AI\Hazina.AI.RAG\Configuration\GraphRAGConfig.cs(25,1): warning SA1516: Elements should be separated by blank line (https://github.com/DotNetAnalyzers/StyleCopAnalyzers/blob/master/documentation/SA1516.md) [C:\Projects\Hazina\src\Core\AI\Hazina.AI.RAG\Hazina.AI.RAG.csproj::TargetFramework=net9.0]
C:\Projects\Hazina\src\Core\AI\Hazina.AI.RAG\Configuration\GraphRAGConfig.cs(26,1): warning SA1516: Elements should be separated by blank line (https://github.com/DotNetAnalyzers/StyleCopAnalyzers/blob/master/documentation/SA1516.md) [C:\Projects\Hazina\src\Core\AI\Hazina.AI.RAG\Hazina.AI.RAG.csproj::TargetFramework=net9.0]
C:\Projects\Hazina\src\Core\AI\Hazina.AI.RAG\Configuration\SemanticChunkingConfiguration.cs(7,69): warning SA1629: Documentation text should end with a period (https://github.com/DotNetAnalyzers/StyleCopAnalyzers/blob/master/documentation/SA1629.md) [C:\Projects\Hazina\src\Core\AI\Hazina.AI.RAG\Hazina.AI.RAG.csproj::TargetFramework=net9.0]
C:\Projects\Hazina\src\Core\AI\Hazina.AI.RAG\Core\RAGEngine.cs(531,14): warning MA0048: File name must match type name (https://github.com/meziantou/Meziantou.Analyzer/blob/main/docs/Rules/MA0048.md) [C:\Projects\Hazina\src\Core\AI\Hazina.AI.RAG\Hazina.AI.RAG.csproj::TargetFramework=net9.0]
C:\Projects\Hazina\src\Core\AI\Hazina.AI.RAG\Core\RAGEngine.cs(536,45): warning CA1805: Member 'UseNeurochain' is explicitly initialized to its default value (https://learn.microsoft.com/dotnet/fundamentals/code-analysis/quality-rules/ca1805) [C:\Projects\Hazina\src\Core\AI\Hazina.AI.RAG\Hazina.AI.RAG.csproj::TargetFramework=net9.0]
C:\Projects\Hazina\src\Core\AI\Hazina.AI.RAG\Core\RAGEngine.cs(552,28): warning SA1623: The property's documentation summary text should begin with: 'Gets or sets' (https://github.com/DotNetAnalyzers/StyleCopAnalyzers/blob/master/documentation/SA1623.md) [C:\Projects\Hazina\src\Core\AI\Hazina.AI.RAG\Hazina.AI.RAG.csproj::TargetFramework=net9.0]
C:\Projects\Hazina\src\Core\AI\Hazina.AI.RAG\Core\RAGEngine.cs(545,17): warning SA1623: The property's documentation summary text should begin with: 'Gets or sets a value indicating whether' (https://github.com/DotNetAnalyzers/StyleCopAnalyzers/blob/master/documentation/SA1623.md) [C:\Projects\Hazina\src\Core\AI\Hazina.AI.RAG\Hazina.AI.RAG.csproj::TargetFramework=net9.0]
C:\Projects\Hazina\src\Core\AI\Hazina.AI.RAG\Core\RAGEngine.cs(538,47): warning CA1805: Member 'RequireCitation' is explicitly initialized to its default value (https://learn.microsoft.com/dotnet/fundamentals/code-analysis/quality-rules/ca1805) [C:\Projects\Hazina\src\Core\AI\Hazina.AI.RAG\Hazina.AI.RAG.csproj::TargetFramework=net9.0]
C:\Projects\Hazina\src\Core\AI\Hazina.AI.RAG\Core\RAGEngine.cs(573,28): warning SA1623: The property's documentation summary text should begin with: 'Gets or sets' (https://github.com/DotNetAnalyzers/StyleCopAnalyzers/blob/master/documentation/SA1623.md) [C:\Projects\Hazina\src\Core\AI\Hazina.AI.RAG\Hazina.AI.RAG.csproj::TargetFramework=net9.0]
C:\Projects\Hazina\src\Core\AI\Hazina.AI.RAG\Core\RAGEngine.cs(567,17): warning SA1623: The property's documentation summary text should begin with: 'Gets or sets a value indicating whether' (https://github.com/DotNetAnalyzers/StyleCopAnalyzers/blob/master/documentation/SA1623.md) [C:\Projects\Hazina\src\Core\AI\Hazina.AI.RAG\Hazina.AI.RAG.csproj::TargetFramework=net9.0]
C:\Projects\Hazina\src\Core\AI\Hazina.AI.RAG\Core\RAGEngine.cs(579,20): warning SA1623: The property's documentation summary text should begin with: 'Gets or sets' (https://github.com/DotNetAnalyzers/StyleCopAnalyzers/blob/master/documentation/SA1623.md) [C:\Projects\Hazina\src\Core\AI\Hazina.AI.RAG\Hazina.AI.RAG.csproj::TargetFramework=net9.0]
C:\Projects\Hazina\src\Core\AI\Hazina.AI.RAG\Core\RAGEngine.cs(567,51): warning CA1805: Member 'UseCompositeScoring' is explicitly initialized to its default value (https://learn.microsoft.com/dotnet/fundamentals/code-analysis/quality-rules/ca1805) [C:\Projects\Hazina\src\Core\AI\Hazina.AI.RAG\Hazina.AI.RAG.csproj::TargetFramework=net9.0]
C:\Projects\Hazina\src\Core\AI\Hazina.AI.RAG\Core\RAGEngine.cs(531,14): warning S101: Rename class 'RAGQueryOptions' to match pascal case naming rules, consider using 'RagQueryOptions'. (https://rules.sonarsource.com/csharp/RSPEC-101) [C:\Projects\Hazina\src\Core\AI\Hazina.AI.RAG\Hazina.AI.RAG.csproj::TargetFramework=net9.0]
C:\Projects\Hazina\src\Core\AI\Hazina.AI.RAG\Core\RAGEngine.cs(585,22): warning SA1623: The property's documentation summary text should begin with: 'Gets or sets' (https://github.com/DotNetAnalyzers/StyleCopAnalyzers/blob/master/documentation/SA1623.md) [C:\Projects\Hazina\src\Core\AI\Hazina.AI.RAG\Hazina.AI.RAG.csproj::TargetFramework=net9.0]
C:\Projects\Hazina\src\Core\AI\Hazina.AI.RAG\Core\RAGEngine.cs(529,22): warning SA1629: Documentation text should end with a period (https://github.com/DotNetAnalyzers/StyleCopAnalyzers/blob/master/documentation/SA1629.md) [C:\Projects\Hazina\src\Core\AI\Hazina.AI.RAG\Hazina.AI.RAG.csproj::TargetFramework=net9.0]
C:\Projects\Hazina\src\Core\AI\Hazina.AI.RAG\Core\RAGEngine.cs(534,1): warning SA1516: Elements should be separated by blank line (https://github.com/DotNetAnalyzers/StyleCopAnalyzers/blob/master/documentation/SA1516.md) [C:\Projects\Hazina\src\Core\AI\Hazina.AI.RAG\Hazina.AI.RAG.csproj::TargetFramework=net9.0]
C:\Projects\Hazina\src\Core\AI\Hazina.AI.RAG\Core\RAGEngine.cs(535,1): warning SA1516: Elements should be separated by blank line (https://github.com/DotNetAnalyzers/StyleCopAnalyzers/blob/master/documentation/SA1516.md) [C:\Projects\Hazina\src\Core\AI\Hazina.AI.RAG\Hazina.AI.RAG.csproj::TargetFramework=net9.0]
C:\Projects\Hazina\src\Core\AI\Hazina.AI.RAG\Core\RAGEngine.cs(536,1): warning SA1516: Elements should be separated by blank line (https://github.com/DotNetAnalyzers/StyleCopAnalyzers/blob/master/documentation/SA1516.md) [C:\Projects\Hazina\src\Core\AI\Hazina.AI.RAG\Hazina.AI.RAG.csproj::TargetFramework=net9.0]
C:\Projects\Hazina\src\Core\AI\Hazina.AI.RAG\Core\RAGEngine.cs(537,1): warning SA1516: Elements should be separated by blank line (https://github.com/DotNetAnalyzers/StyleCopAnalyzers/blob/master/documentation/SA1516.md) [C:\Projects\Hazina\src\Core\AI\Hazina.AI.RAG\Hazina.AI.RAG.csproj::TargetFramework=net9.0]
C:\Projects\Hazina\src\Core\AI\Hazina.AI.RAG\Core\RAGEngine.cs(538,1): warning SA1516: Elements should be separated by blank line (https://github.com/DotNetAnalyzers/StyleCopAnalyzers/blob/master/documentation/SA1516.md) [C:\Projects\Hazina\src\Core\AI\Hazina.AI.RAG\Hazina.AI.RAG.csproj::TargetFramework=net9.0]
C:\Projects\Hazina\src\Core\AI\Hazina.AI.RAG\Core\RAGEngine.cs(558,20): warning SA1623: The property's documentation summary text should begin with: 'Gets or sets' (https://github.com/DotNetAnalyzers/StyleCopAnalyzers/blob/master/documentation/SA1623.md) [C:\Projects\Hazina\src\Core\AI\Hazina.AI.RAG\Hazina.AI.RAG.csproj::TargetFramework=net9.0]
C:\Projects\Hazina\src\Core\AI\Hazina.AI.RAG\Graph\Explainability\RetrievalTrace.cs(15,32): warning CA2227: Change 'Steps' to be read-only by removing the property setter (https://learn.microsoft.com/dotnet/fundamentals/code-analysis/quality-rules/ca2227) [C:\Projects\Hazina\src\Core\AI\Hazina.AI.RAG\Hazina.AI.RAG.csproj::TargetFramework=net9.0]
C:\Projects\Hazina\src\Core\AI\Hazina.AI.RAG\Graph\Explainability\RetrievalTrace.cs(15,32): warning CA1002: Change 'List<RetrievalStep>' in 'RetrievalTrace.Steps' to use 'Collection<T>', 'ReadOnlyCollection<T>' or 'KeyedCollection<K,V>' (https://learn.microsoft.com/dotnet/fundamentals/code-analysis/quality-rules/ca1002) [C:\Projects\Hazina\src\Core\AI\Hazina.AI.RAG\Hazina.AI.RAG.csproj::TargetFramework=net9.0]
C:\Projects\Hazina\src\Core\AI\Hazina.AI.RAG\Graph\Explainability\RetrievalTrace.cs(15,12): warning MA0016: Prefer using collection abstraction instead of implementation (https://github.com/meziantou/Meziantou.Analyzer/blob/main/docs/Rules/MA0016.md) [C:\Projects\Hazina\src\Core\AI\Hazina.AI.RAG\Hazina.AI.RAG.csproj::TargetFramework=net9.0]
C:\Projects\Hazina\src\Core\AI\Hazina.AI.RAG\Graph\Explainability\RetrievalTrace.cs(13,1): warning SA1516: Elements should be separated by blank line (https://github.com/DotNetAnalyzers/StyleCopAnalyzers/blob/master/documentation/SA1516.md) [C:\Projects\Hazina\src\Core\AI\Hazina.AI.RAG\Hazina.AI.RAG.csproj::TargetFramework=net9.0]
C:\Projects\Hazina\src\Core\AI\Hazina.AI.RAG\Graph\Explainability\RetrievalTrace.cs(14,1): warning SA1516: Elements should be separated by blank line (https://github.com/DotNetAnalyzers/StyleCopAnalyzers/blob/master/documentation/SA1516.md) [C:\Projects\Hazina\src\Core\AI\Hazina.AI.RAG\Hazina.AI.RAG.csproj::TargetFramework=net9.0]
C:\Projects\Hazina\src\Core\AI\Hazina.AI.RAG\Graph\Explainability\RetrievalTrace.cs(15,1): warning SA1516: Elements should be separated by blank line (https://github.com/DotNetAnalyzers/StyleCopAnalyzers/blob/master/documentation/SA1516.md) [C:\Projects\Hazina\src\Core\AI\Hazina.AI.RAG\Hazina.AI.RAG.csproj::TargetFramework=net9.0]
C:\Projects\Hazina\src\Core\AI\Hazina.AI.RAG\Graph\Explainability\RetrievalTrace.cs(16,1): warning SA1516: Elements should be separated by blank line (https://github.com/DotNetAnalyzers/StyleCopAnalyzers/blob/master/documentation/SA1516.md) [C:\Projects\Hazina\src\Core\AI\Hazina.AI.RAG\Hazina.AI.RAG.csproj::TargetFramework=net9.0]
C:\Projects\Hazina\src\Core\AI\Hazina.AI.RAG\Graph\Explainability\RetrievalTrace.cs(17,1): warning SA1516: Elements should be separated by blank line (https://github.com/DotNetAnalyzers/StyleCopAnalyzers/blob/master/documentation/SA1516.md) [C:\Projects\Hazina\src\Core\AI\Hazina.AI.RAG\Hazina.AI.RAG.csproj::TargetFramework=net9.0]
C:\Projects\Hazina\src\Core\AI\Hazina.AI.RAG\Graph\Explainability\RetrievalTrace.cs(28,39): warning CA2227: Change 'Metadata' to be read-only by removing the property setter (https://learn.microsoft.com/dotnet/fundamentals/code-analysis/quality-rules/ca2227) [C:\Projects\Hazina\src\Core\AI\Hazina.AI.RAG\Hazina.AI.RAG.csproj::TargetFramework=net9.0]
C:\Projects\Hazina\src\Core\AI\Hazina.AI.RAG\Graph\Explainability\RetrievalTrace.cs(28,12): warning MA0016: Prefer using collection abstraction instead of implementation (https://github.com/meziantou/Meziantou.Analyzer/blob/main/docs/Rules/MA0016.md) [C:\Projects\Hazina\src\Core\AI\Hazina.AI.RAG\Hazina.AI.RAG.csproj::TargetFramework=net9.0]
C:\Projects\Hazina\src\Core\AI\Hazina.AI.RAG\Graph\Explainability\RetrievalTrace.cs(23,14): warning MA0048: File name must match type name (https://github.com/meziantou/Meziantou.Analyzer/blob/main/docs/Rules/MA0048.md) [C:\Projects\Hazina\src\Core\AI\Hazina.AI.RAG\Hazina.AI.RAG.csproj::TargetFramework=net9.0]
C:\Projects\Hazina\src\Core\AI\Hazina.AI.RAG\Core\RAGEngine.cs(521,14): warning MA0048: File name must match type name (https://github.com/meziantou/Meziantou.Analyzer/blob/main/docs/Rules/MA0048.md) [C:\Projects\Hazina\src\Core\AI\Hazina.AI.RAG\Hazina.AI.RAG.csproj::TargetFramework=net9.0]
C:\Projects\Hazina\src\Core\AI\Hazina.AI.RAG\Core\RAGEngine.cs(521,14): warning S101: Rename class 'RAGConfig' to match pascal case naming rules, consider using 'RagConfig'. (https://rules.sonarsource.com/csharp/RSPEC-101) [C:\Projects\Hazina\src\Core\AI\Hazina.AI.RAG\Hazina.AI.RAG.csproj::TargetFramework=net9.0]
C:\Projects\Hazina\src\Core\AI\Hazina.AI.RAG\Core\RAGEngine.cs(519,22): warning SA1629: Documentation text should end with a period (https://github.com/DotNetAnalyzers/StyleCopAnalyzers/blob/master/documentation/SA1629.md) [C:\Projects\Hazina\src\Core\AI\Hazina.AI.RAG\Hazina.AI.RAG.csproj::TargetFramework=net9.0]
C:\Projects\Hazina\src\Core\AI\Hazina.AI.RAG\Graph\Explainability\RetrievalTrace.cs(26,1): warning SA1516: Elements should be separated by blank line (https://github.com/DotNetAnalyzers/StyleCopAnalyzers/blob/master/documentation/SA1516.md) [C:\Projects\Hazina\src\Core\AI\Hazina.AI.RAG\Hazina.AI.RAG.csproj::TargetFramework=net9.0]
C:\Projects\Hazina\src\Core\AI\Hazina.AI.RAG\Core\RAGEngine.cs(524,1): warning SA1516: Elements should be separated by blank line (https://github.com/DotNetAnalyzers/StyleCopAnalyzers/blob/master/documentation/SA1516.md) [C:\Projects\Hazina\src\Core\AI\Hazina.AI.RAG\Hazina.AI.RAG.csproj::TargetFramework=net9.0]
C:\Projects\Hazina\src\Core\AI\Hazina.AI.RAG\Graph\Explainability\RetrievalTrace.cs(27,1): warning SA1516: Elements should be separated by blank line (https://github.com/DotNetAnalyzers/StyleCopAnalyzers/blob/master/documentation/SA1516.md) [C:\Projects\Hazina\src\Core\AI\Hazina.AI.RAG\Hazina.AI.RAG.csproj::TargetFramework=net9.0]
C:\Projects\Hazina\src\Core\AI\Hazina.AI.RAG\Core\RAGEngine.cs(525,1): warning SA1516: Elements should be separated by blank line (https://github.com/DotNetAnalyzers/StyleCopAnalyzers/blob/master/documentation/SA1516.md) [C:\Projects\Hazina\src\Core\AI\Hazina.AI.RAG\Hazina.AI.RAG.csproj::TargetFramework=net9.0]
C:\Projects\Hazina\src\Core\AI\Hazina.AI.RAG\Graph\Explainability\RetrievalTrace.cs(28,1): warning SA1516: Elements should be separated by blank line (https://github.com/DotNetAnalyzers/StyleCopAnalyzers/blob/master/documentation/SA1516.md) [C:\Projects\Hazina\src\Core\AI\Hazina.AI.RAG\Hazina.AI.RAG.csproj::TargetFramework=net9.0]
C:\Projects\Hazina\src\Core\AI\Hazina.AI.RAG\Graph\Explainability\RetrievalTrace.cs(34,14): warning CA1052: Type 'ExplainabilityService' is a static holder type but is neither static nor NotInheritable (https://learn.microsoft.com/dotnet/fundamentals/code-analysis/quality-rules/ca1052) [C:\Projects\Hazina\src\Core\AI\Hazina.AI.RAG\Hazina.AI.RAG.csproj::TargetFramework=net9.0]
C:\Projects\Hazina\src\Core\AI\Hazina.AI.RAG\Graph\Explainability\RetrievalTrace.cs(34,14): warning MA0048: File name must match type name (https://github.com/meziantou/Meziantou.Analyzer/blob/main/docs/Rules/MA0048.md) [C:\Projects\Hazina\src\Core\AI\Hazina.AI.RAG\Hazina.AI.RAG.csproj::TargetFramework=net9.0]
C:\Projects\Hazina\src\Core\AI\Hazina.AI.RAG\Core\RAGEngine.cs(605,14): warning MA0048: File name must match type name (https://github.com/meziantou/Meziantou.Analyzer/blob/main/docs/Rules/MA0048.md) [C:\Projects\Hazina\src\Core\AI\Hazina.AI.RAG\Hazina.AI.RAG.csproj::TargetFramework=net9.0]
C:\Projects\Hazina\src\Core\AI\Hazina.AI.RAG\Graph\Explainability\RetrievalTrace.cs(34,14): warning S1118: Add a 'protected' constructor or the 'static' keyword to the class declaration. (https://rules.sonarsource.com/csharp/RSPEC-1118) [C:\Projects\Hazina\src\Core\AI\Hazina.AI.RAG\Hazina.AI.RAG.csproj::TargetFramework=net9.0]
C:\Projects\Hazina\src\Core\AI\Hazina.AI.RAG\Core\RAGEngine.cs(609,39): warning CA2227: Change 'Metadata' to be read-only by removing the property setter (https://learn.microsoft.com/dotnet/fundamentals/code-analysis/quality-rules/ca2227) [C:\Projects\Hazina\src\Core\AI\Hazina.AI.RAG\Hazina.AI.RAG.csproj::TargetFramework=net9.0]
C:\Projects\Hazina\src\Core\AI\Hazina.AI.RAG\Graph\Explainability\RetrievalTrace.cs(28,64): warning MA0002: Use an overload that has a IEqualityComparer<string> or IComparer<string> parameter (https://github.com/meziantou/Meziantou.Analyzer/blob/main/docs/Rules/MA0002.md) [C:\Projects\Hazina\src\Core\AI\Hazina.AI.RAG\Hazina.AI.RAG.csproj::TargetFramework=net9.0]
C:\Projects\Hazina\src\Core\AI\Hazina.AI.RAG\Core\RAGEngine.cs(603,26): warning SA1629: Documentation text should end with a period (https://github.com/DotNetAnalyzers/StyleCopAnalyzers/blob/master/documentation/SA1629.md) [C:\Projects\Hazina\src\Core\AI\Hazina.AI.RAG\Hazina.AI.RAG.csproj::TargetFramework=net9.0]
C:\Projects\Hazina\src\Core\AI\Hazina.AI.RAG\Core\RAGEngine.cs(608,1): warning SA1516: Elements should be separated by blank line (https://github.com/DotNetAnalyzers/StyleCopAnalyzers/blob/master/documentation/SA1516.md) [C:\Projects\Hazina\src\Core\AI\Hazina.AI.RAG\Hazina.AI.RAG.csproj::TargetFramework=net9.0]
C:\Projects\Hazina\src\Core\AI\Hazina.AI.RAG\Core\RAGEngine.cs(609,1): warning SA1516: Elements should be separated by blank line (https://github.com/DotNetAnalyzers/StyleCopAnalyzers/blob/master/documentation/SA1516.md) [C:\Projects\Hazina\src\Core\AI\Hazina.AI.RAG\Hazina.AI.RAG.csproj::TargetFramework=net9.0]
C:\Projects\Hazina\src\Core\AI\Hazina.AI.RAG\Core\RAGEngine.cs(609,12): warning MA0016: Prefer using collection abstraction instead of implementation (https://github.com/meziantou/Meziantou.Analyzer/blob/main/docs/Rules/MA0016.md) [C:\Projects\Hazina\src\Core\AI\Hazina.AI.RAG\Hazina.AI.RAG.csproj::TargetFramework=net9.0]
C:\Projects\Hazina\src\Core\AI\Hazina.AI.RAG\Graph\Models\GraphEntity.cs(16,25): warning CA2227: Change 'SourceDocuments' to be read-only by removing the property setter (https://learn.microsoft.com/dotnet/fundamentals/code-analysis/quality-rules/ca2227) [C:\Projects\Hazina\src\Core\AI\Hazina.AI.RAG\Hazina.AI.RAG.csproj::TargetFramework=net9.0]
C:\Projects\Hazina\src\Core\AI\Hazina.AI.RAG\Graph\Models\GraphEntity.cs(12,39): warning CA2227: Change 'Properties' to be read-only by removing the property setter (https://learn.microsoft.com/dotnet/fundamentals/code-analysis/quality-rules/ca2227) [C:\Projects\Hazina\src\Core\AI\Hazina.AI.RAG\Hazina.AI.RAG.csproj::TargetFramework=net9.0]
C:\Projects\Hazina\src\Core\AI\Hazina.AI.RAG\Graph\Models\GraphEntity.cs(12,12): warning MA0016: Prefer using collection abstraction instead of implementation (https://github.com/meziantou/Meziantou.Analyzer/blob/main/docs/Rules/MA0016.md) [C:\Projects\Hazina\src\Core\AI\Hazina.AI.RAG\Hazina.AI.RAG.csproj::TargetFramework=net9.0]
C:\Projects\Hazina\src\Core\AI\Hazina.AI.RAG\Graph\Models\GraphEntity.cs(9,1): warning SA1516: Elements should be separated by blank line (https://github.com/DotNetAnalyzers/StyleCopAnalyzers/blob/master/documentation/SA1516.md) [C:\Projects\Hazina\src\Core\AI\Hazina.AI.RAG\Hazina.AI.RAG.csproj::TargetFramework=net9.0]
C:\Projects\Hazina\src\Core\AI\Hazina.AI.RAG\Graph\Models\GraphEntity.cs(10,1): warning SA1516: Elements should be separated by blank line (https://github.com/DotNetAnalyzers/StyleCopAnalyzers/blob/master/documentation/SA1516.md) [C:\Projects\Hazina\src\Core\AI\Hazina.AI.RAG\Hazina.AI.RAG.csproj::TargetFramework=net9.0]
C:\Projects\Hazina\src\Core\AI\Hazina.AI.RAG\Graph\Models\GraphEntity.cs(11,1): warning SA1516: Elements should be separated by blank line (https://github.com/DotNetAnalyzers/StyleCopAnalyzers/blob/master/documentation/SA1516.md) [C:\Projects\Hazina\src\Core\AI\Hazina.AI.RAG\Hazina.AI.RAG.csproj::TargetFramework=net9.0]
C:\Projects\Hazina\src\Core\AI\Hazina.AI.RAG\Graph\Models\GraphEntity.cs(12,1): warning SA1516: Elements should be separated by blank line (https://github.com/DotNetAnalyzers/StyleCopAnalyzers/blob/master/documentation/SA1516.md) [C:\Projects\Hazina\src\Core\AI\Hazina.AI.RAG\Hazina.AI.RAG.csproj::TargetFramework=net9.0]
C:\Projects\Hazina\src\Core\AI\Hazina.AI.RAG\Graph\Models\GraphEntity.cs(13,1): warning SA1516: Elements should be separated by blank line (https://github.com/DotNetAnalyzers/StyleCopAnalyzers/blob/master/documentation/SA1516.md) [C:\Projects\Hazina\src\Core\AI\Hazina.AI.RAG\Hazina.AI.RAG.csproj::TargetFramework=net9.0]
C:\Projects\Hazina\src\Core\AI\Hazina.AI.RAG\Graph\Models\GraphEntity.cs(14,1): warning SA1516: Elements should be separated by blank line (https://github.com/DotNetAnalyzers/StyleCopAnalyzers/blob/master/documentation/SA1516.md) [C:\Projects\Hazina\src\Core\AI\Hazina.AI.RAG\Hazina.AI.RAG.csproj::TargetFramework=net9.0]
C:\Projects\Hazina\src\Core\AI\Hazina.AI.RAG\Graph\Models\GraphEntity.cs(15,1): warning SA1516: Elements should be separated by blank line (https://github.com/DotNetAnalyzers/StyleCopAnalyzers/blob/master/documentation/SA1516.md) [C:\Projects\Hazina\src\Core\AI\Hazina.AI.RAG\Hazina.AI.RAG.csproj::TargetFramework=net9.0]
C:\Projects\Hazina\src\Core\AI\Hazina.AI.RAG\Graph\Models\GraphEntity.cs(16,1): warning SA1516: Elements should be separated by blank line (https://github.com/DotNetAnalyzers/StyleCopAnalyzers/blob/master/documentation/SA1516.md) [C:\Projects\Hazina\src\Core\AI\Hazina.AI.RAG\Hazina.AI.RAG.csproj::TargetFramework=net9.0]
C:\Projects\Hazina\src\Core\AI\Hazina.AI.RAG\Graph\Models\GraphEntity.cs(17,1): warning SA1516: Elements should be separated by blank line (https://github.com/DotNetAnalyzers/StyleCopAnalyzers/blob/master/documentation/SA1516.md) [C:\Projects\Hazina\src\Core\AI\Hazina.AI.RAG\Hazina.AI.RAG.csproj::TargetFramework=net9.0]
C:\Projects\Hazina\src\Core\AI\Hazina.AI.RAG\Graph\Models\GraphEntity.cs(18,1): warning SA1516: Elements should be separated by blank line (https://github.com/DotNetAnalyzers/StyleCopAnalyzers/blob/master/documentation/SA1516.md) [C:\Projects\Hazina\src\Core\AI\Hazina.AI.RAG\Hazina.AI.RAG.csproj::TargetFramework=net9.0]
C:\Projects\Hazina\src\Core\AI\Hazina.AI.RAG\Graph\Models\GraphEntity.cs(19,1): warning SA1516: Elements should be separated by blank line (https://github.com/DotNetAnalyzers/StyleCopAnalyzers/blob/master/documentation/SA1516.md) [C:\Projects\Hazina\src\Core\AI\Hazina.AI.RAG\Hazina.AI.RAG.csproj::TargetFramework=net9.0]
C:\Projects\Hazina\src\Core\AI\Hazina.AI.RAG\Graph\Models\GraphEntity.cs(20,1): warning SA1516: Elements should be separated by blank line (https://github.com/DotNetAnalyzers/StyleCopAnalyzers/blob/master/documentation/SA1516.md) [C:\Projects\Hazina\src\Core\AI\Hazina.AI.RAG\Hazina.AI.RAG.csproj::TargetFramework=net9.0]
C:\Projects\Hazina\src\Core\AI\Hazina.AI.RAG\Graph\Models\GraphEntity.cs(15,21): warning CA1819: Properties should not return arrays (https://learn.microsoft.com/dotnet/fundamentals/code-analysis/quality-rules/ca1819) [C:\Projects\Hazina\src\Core\AI\Hazina.AI.RAG\Hazina.AI.RAG.csproj::TargetFramework=net9.0]
C:\Projects\Hazina\src\Core\AI\Hazina.AI.RAG\Core\RAGEngine.cs(609,64): warning MA0002: Use an overload that has a IEqualityComparer<string> or IComparer<string> parameter (https://github.com/meziantou/Meziantou.Analyzer/blob/main/docs/Rules/MA0002.md) [C:\Projects\Hazina\src\Core\AI\Hazina.AI.RAG\Hazina.AI.RAG.csproj::TargetFramework=net9.0]
C:\Projects\Hazina\src\Core\AI\Hazina.AI.RAG\Graph\Models\GraphEntity.cs(16,25): warning CA1002: Change 'List<string>' in 'GraphEntity.SourceDocuments' to use 'Collection<T>', 'ReadOnlyCollection<T>' or 'KeyedCollection<K,V>' (https://learn.microsoft.com/dotnet/fundamentals/code-analysis/quality-rules/ca1002) [C:\Projects\Hazina\src\Core\AI\Hazina.AI.RAG\Hazina.AI.RAG.csproj::TargetFramework=net9.0]
C:\Projects\Hazina\src\Core\AI\Hazina.AI.RAG\Graph\Models\GraphEntity.cs(16,12): warning MA0016: Prefer using collection abstraction instead of implementation (https://github.com/meziantou/Meziantou.Analyzer/blob/main/docs/Rules/MA0016.md) [C:\Projects\Hazina\src\Core\AI\Hazina.AI.RAG\Hazina.AI.RAG.csproj::TargetFramework=net9.0]
C:\Projects\Hazina\src\Core\AI\Hazina.AI.RAG\Graph\Models\GraphEntity.cs(20,40): warning CA2227: Change 'ExternalIds' to be read-only by removing the property setter (https://learn.microsoft.com/dotnet/fundamentals/code-analysis/quality-rules/ca2227) [C:\Projects\Hazina\src\Core\AI\Hazina.AI.RAG\Hazina.AI.RAG.csproj::TargetFramework=net9.0]
C:\Projects\Hazina\src\Core\AI\Hazina.AI.RAG\Graph\Models\GraphEntity.cs(19,25): warning CA2227: Change 'Aliases' to be read-only by removing the property setter (https://learn.microsoft.com/dotnet/fundamentals/code-analysis/quality-rules/ca2227) [C:\Projects\Hazina\src\Core\AI\Hazina.AI.RAG\Hazina.AI.RAG.csproj::TargetFramework=net9.0]
C:\Projects\Hazina\src\Core\AI\Hazina.AI.RAG\Graph\Models\GraphEntity.cs(19,25): warning CA1002: Change 'List<string>' in 'GraphEntity.Aliases' to use 'Collection<T>', 'ReadOnlyCollection<T>' or 'KeyedCollection<K,V>' (https://learn.microsoft.com/dotnet/fundamentals/code-analysis/quality-rules/ca1002) [C:\Projects\Hazina\src\Core\AI\Hazina.AI.RAG\Hazina.AI.RAG.csproj::TargetFramework=net9.0]
C:\Projects\Hazina\src\Core\AI\Hazina.AI.RAG\Graph\Models\GraphEntity.cs(19,12): warning MA0016: Prefer using collection abstraction instead of implementation (https://github.com/meziantou/Meziantou.Analyzer/blob/main/docs/Rules/MA0016.md) [C:\Projects\Hazina\src\Core\AI\Hazina.AI.RAG\Hazina.AI.RAG.csproj::TargetFramework=net9.0]
C:\Projects\Hazina\src\Core\AI\Hazina.AI.RAG\Graph\Models\GraphEntity.cs(20,12): warning MA0016: Prefer using collection abstraction instead of implementation (https://github.com/meziantou/Meziantou.Analyzer/blob/main/docs/Rules/MA0016.md) [C:\Projects\Hazina\src\Core\AI\Hazina.AI.RAG\Hazina.AI.RAG.csproj::TargetFramework=net9.0]
C:\Projects\Hazina\src\Core\AI\Hazina.AI.RAG\Graph\Models\GraphEntity.cs(12,66): warning MA0002: Use an overload that has a IEqualityComparer<string> or IComparer<string> parameter (https://github.com/meziantou/Meziantou.Analyzer/blob/main/docs/Rules/MA0002.md) [C:\Projects\Hazina\src\Core\AI\Hazina.AI.RAG\Hazina.AI.RAG.csproj::TargetFramework=net9.0]
C:\Projects\Hazina\src\Core\AI\Hazina.AI.RAG\Core\RAGEngine.cs(1,1): warning SA1633: The file header is missing or not located at the top of the file. (https://github.com/DotNetAnalyzers/StyleCopAnalyzers/blob/master/documentation/SA1633.md) [C:\Projects\Hazina\src\Core\AI\Hazina.AI.RAG\Hazina.AI.RAG.csproj::TargetFramework=net9.0]
C:\Projects\Hazina\src\Core\AI\Hazina.AI.RAG\Interfaces\IRetrievalCandidate.cs(12,12): warning SA1623: The property's documentation summary text should begin with: 'Gets' (https://github.com/DotNetAnalyzers/StyleCopAnalyzers/blob/master/documentation/SA1623.md) [C:\Projects\Hazina\src\Core\AI\Hazina.AI.RAG\Hazina.AI.RAG.csproj::TargetFramework=net9.0]
C:\Projects\Hazina\src\Core\AI\Hazina.AI.RAG\Interfaces\IRetrievalCandidate.cs(17,12): warning SA1623: The property's documentation summary text should begin with: 'Gets' (https://github.com/DotNetAnalyzers/StyleCopAnalyzers/blob/master/documentation/SA1623.md) [C:\Projects\Hazina\src\Core\AI\Hazina.AI.RAG\Hazina.AI.RAG.csproj::TargetFramework=net9.0]
C:\Projects\Hazina\src\Core\AI\Hazina.AI.RAG\Interfaces\IRetrievalCandidate.cs(15,64): warning SA1629: Documentation text should end with a period (https://github.com/DotNetAnalyzers/StyleCopAnalyzers/blob/master/documentation/SA1629.md) [C:\Projects\Hazina\src\Core\AI\Hazina.AI.RAG\Hazina.AI.RAG.csproj::TargetFramework=net9.0]
C:\Projects\Hazina\src\Core\AI\Hazina.AI.RAG\Interfaces\IRetrievalCandidate.cs(27,13): warning SA1623: The property's documentation summary text should begin with: 'Gets' (https://github.com/DotNetAnalyzers/StyleCopAnalyzers/blob/master/documentation/SA1623.md) [C:\Projects\Hazina\src\Core\AI\Hazina.AI.RAG\Hazina.AI.RAG.csproj::TargetFramework=net9.0]
C:\Projects\Hazina\src\Core\AI\Hazina.AI.RAG\Interfaces\IRetrievalCandidate.cs(37,5): warning MA0016: Prefer using collection abstraction instead of implementation (https://github.com/meziantou/Meziantou.Analyzer/blob/main/docs/Rules/MA0016.md) [C:\Projects\Hazina\src\Core\AI\Hazina.AI.RAG\Hazina.AI.RAG.csproj::TargetFramework=net9.0]
C:\Projects\Hazina\src\Core\AI\Hazina.AI.RAG\Interfaces\IRetrievalCandidate.cs(25,62): warning SA1629: Documentation text should end with a period (https://github.com/DotNetAnalyzers/StyleCopAnalyzers/blob/master/documentation/SA1629.md) [C:\Projects\Hazina\src\Core\AI\Hazina.AI.RAG\Hazina.AI.RAG.csproj::TargetFramework=net9.0]
C:\Projects\Hazina\src\Core\AI\Hazina.AI.RAG\Core\RAGEngine.cs(521,14): warning SA1402: File may only contain a single type (https://github.com/DotNetAnalyzers/StyleCopAnalyzers/blob/master/documentation/SA1402.md) [C:\Projects\Hazina\src\Core\AI\Hazina.AI.RAG\Hazina.AI.RAG.csproj::TargetFramework=net9.0]
C:\Projects\Hazina\src\Core\AI\Hazina.AI.RAG\Core\RAGEngine.cs(531,14): warning SA1402: File may only contain a single type (https://github.com/DotNetAnalyzers/StyleCopAnalyzers/blob/master/documentation/SA1402.md) [C:\Projects\Hazina\src\Core\AI\Hazina.AI.RAG\Hazina.AI.RAG.csproj::TargetFramework=net9.0]
C:\Projects\Hazina\src\Core\AI\Hazina.AI.RAG\Core\RAGEngine.cs(591,14): warning SA1402: File may only contain a single type (https://github.com/DotNetAnalyzers/StyleCopAnalyzers/blob/master/documentation/SA1402.md) [C:\Projects\Hazina\src\Core\AI\Hazina.AI.RAG\Hazina.AI.RAG.csproj::TargetFramework=net9.0]
C:\Projects\Hazina\src\Core\AI\Hazina.AI.RAG\Core\RAGEngine.cs(605,14): warning SA1402: File may only contain a single type (https://github.com/DotNetAnalyzers/StyleCopAnalyzers/blob/master/documentation/SA1402.md) [C:\Projects\Hazina\src\Core\AI\Hazina.AI.RAG\Hazina.AI.RAG.csproj::TargetFramework=net9.0]
C:\Projects\Hazina\src\Core\AI\Hazina.AI.RAG\Core\RAGEngine.cs(615,14): warning SA1402: File may only contain a single type (https://github.com/DotNetAnalyzers/StyleCopAnalyzers/blob/master/documentation/SA1402.md) [C:\Projects\Hazina\src\Core\AI\Hazina.AI.RAG\Hazina.AI.RAG.csproj::TargetFramework=net9.0]
C:\Projects\Hazina\src\Core\AI\Hazina.AI.RAG\Core\RAGEngine.cs(626,14): warning SA1402: File may only contain a single type (https://github.com/DotNetAnalyzers/StyleCopAnalyzers/blob/master/documentation/SA1402.md) [C:\Projects\Hazina\src\Core\AI\Hazina.AI.RAG\Hazina.AI.RAG.csproj::TargetFramework=net9.0]
C:\Projects\Hazina\src\Core\AI\Hazina.AI.RAG\Core\RAGEngine.cs(650,14): warning SA1402: File may only contain a single type (https://github.com/DotNetAnalyzers/StyleCopAnalyzers/blob/master/documentation/SA1402.md) [C:\Projects\Hazina\src\Core\AI\Hazina.AI.RAG\Hazina.AI.RAG.csproj::TargetFramework=net9.0]
C:\Projects\Hazina\src\Core\AI\Hazina.AI.RAG\Interfaces\IRetrievalCandidate.cs(37,33): warning SA1623: The property's documentation summary text should begin with: 'Gets' (https://github.com/DotNetAnalyzers/StyleCopAnalyzers/blob/master/documentation/SA1623.md) [C:\Projects\Hazina\src\Core\AI\Hazina.AI.RAG\Hazina.AI.RAG.csproj::TargetFramework=net9.0]
C:\Projects\Hazina\src\Core\AI\Hazina.AI.RAG\Core\RAGEngine.cs(591,14): warning MA0048: File name must match type name (https://github.com/meziantou/Meziantou.Analyzer/blob/main/docs/Rules/MA0048.md) [C:\Projects\Hazina\src\Core\AI\Hazina.AI.RAG\Hazina.AI.RAG.csproj::TargetFramework=net9.0]
C:\Projects\Hazina\src\Core\AI\Hazina.AI.RAG\Interfaces\IRetrievalCandidate.cs(35,44): warning SA1629: Documentation text should end with a period (https://github.com/DotNetAnalyzers/StyleCopAnalyzers/blob/master/documentation/SA1629.md) [C:\Projects\Hazina\src\Core\AI\Hazina.AI.RAG\Hazina.AI.RAG.csproj::TargetFramework=net9.0]
C:\Projects\Hazina\src\Core\AI\Hazina.AI.RAG\Interfaces\IRetrievalCandidate.cs(10,40): warning SA1629: Documentation text should end with a period (https://github.com/DotNetAnalyzers/StyleCopAnalyzers/blob/master/documentation/SA1629.md) [C:\Projects\Hazina\src\Core\AI\Hazina.AI.RAG\Hazina.AI.RAG.csproj::TargetFramework=net9.0]
C:\Projects\Hazina\src\Core\AI\Hazina.AI.RAG\Extensions\DocumentStoreSemanticExtensions.cs(41,36): warning S4136: All 'StoreWithSemanticChunking' method overloads should be adjacent. (https://rules.sonarsource.com/csharp/RSPEC-4136) [C:\Projects\Hazina\src\Core\AI\Hazina.AI.RAG\Hazina.AI.RAG.csproj::TargetFramework=net9.0]
C:\Projects\Hazina\src\Core\AI\Hazina.AI.RAG\Core\RAGEngine.cs(591,14): warning S101: Rename class 'RAGResponse' to match pascal case naming rules, consider using 'RagResponse'. (https://rules.sonarsource.com/csharp/RSPEC-101) [C:\Projects\Hazina\src\Core\AI\Hazina.AI.RAG\Hazina.AI.RAG.csproj::TargetFramework=net9.0]
C:\Projects\Hazina\src\Core\AI\Hazina.AI.RAG\Core\RAGEngine.cs(596,36): warning CA2227: Change 'RetrievedDocuments' to be read-only by removing the property setter (https://learn.microsoft.com/dotnet/fundamentals/code-analysis/quality-rules/ca2227) [C:\Projects\Hazina\src\Core\AI\Hazina.AI.RAG\Hazina.AI.RAG.csproj::TargetFramework=net9.0]
C:\Projects\Hazina\src\Core\AI\Hazina.AI.RAG\Core\RAGEngine.cs(596,36): warning CA1002: Change 'List<RetrievedDocument>' in 'RAGResponse.RetrievedDocuments' to use 'Collection<T>', 'ReadOnlyCollection<T>' or 'KeyedCollection<K,V>' (https://learn.microsoft.com/dotnet/fundamentals/code-analysis/quality-rules/ca1002) [C:\Projects\Hazina\src\Core\AI\Hazina.AI.RAG\Hazina.AI.RAG.csproj::TargetFramework=net9.0]
C:\Projects\Hazina\src\Core\AI\Hazina.AI.RAG\Core\RAGEngine.cs(589,17): warning SA1629: Documentation text should end with a period (https://github.com/DotNetAnalyzers/StyleCopAnalyzers/blob/master/documentation/SA1629.md) [C:\Projects\Hazina\src\Core\AI\Hazina.AI.RAG\Hazina.AI.RAG.csproj::TargetFramework=net9.0]
C:\Projects\Hazina\src\Core\AI\Hazina.AI.RAG\Core\RAGEngine.cs(596,12): warning MA0016: Prefer using collection abstraction instead of implementation (https://github.com/meziantou/Meziantou.Analyzer/blob/main/docs/Rules/MA0016.md) [C:\Projects\Hazina\src\Core\AI\Hazina.AI.RAG\Hazina.AI.RAG.csproj::TargetFramework=net9.0]
C:\Projects\Hazina\src\Core\AI\Hazina.AI.RAG\Core\RAGEngine.cs(594,1): warning SA1516: Elements should be separated by blank line (https://github.com/DotNetAnalyzers/StyleCopAnalyzers/blob/master/documentation/SA1516.md) [C:\Projects\Hazina\src\Core\AI\Hazina.AI.RAG\Hazina.AI.RAG.csproj::TargetFramework=net9.0]
C:\Projects\Hazina\src\Core\AI\Hazina.AI.RAG\Core\RAGEngine.cs(595,1): warning SA1516: Elements should be separated by blank line (https://github.com/DotNetAnalyzers/StyleCopAnalyzers/blob/master/documentation/SA1516.md) [C:\Projects\Hazina\src\Core\AI\Hazina.AI.RAG\Hazina.AI.RAG.csproj::TargetFramework=net9.0]
C:\Projects\Hazina\src\Core\AI\Hazina.AI.RAG\Core\RAGEngine.cs(596,1): warning SA1516: Elements should be separated by blank line (https://github.com/DotNetAnalyzers/StyleCopAnalyzers/blob/master/documentation/SA1516.md) [C:\Projects\Hazina\src\Core\AI\Hazina.AI.RAG\Hazina.AI.RAG.csproj::TargetFramework=net9.0]
C:\Projects\Hazina\src\Core\AI\Hazina.AI.RAG\Core\RAGEngine.cs(597,1): warning SA1516: Elements should be separated by blank line (https://github.com/DotNetAnalyzers/StyleCopAnalyzers/blob/master/documentation/SA1516.md) [C:\Projects\Hazina\src\Core\AI\Hazina.AI.RAG\Hazina.AI.RAG.csproj::TargetFramework=net9.0]
C:\Projects\Hazina\src\Core\AI\Hazina.AI.RAG\Core\RAGEngine.cs(598,1): warning SA1516: Elements should be separated by blank line (https://github.com/DotNetAnalyzers/StyleCopAnalyzers/blob/master/documentation/SA1516.md) [C:\Projects\Hazina\src\Core\AI\Hazina.AI.RAG\Hazina.AI.RAG.csproj::TargetFramework=net9.0]
C:\Projects\Hazina\src\Core\AI\Hazina.AI.RAG\Core\RAGEngine.cs(599,1): warning SA1516: Elements should be separated by blank line (https://github.com/DotNetAnalyzers/StyleCopAnalyzers/blob/master/documentation/SA1516.md) [C:\Projects\Hazina\src\Core\AI\Hazina.AI.RAG\Hazina.AI.RAG.csproj::TargetFramework=net9.0]
C:\Projects\Hazina\src\Core\AI\Hazina.AI.RAG\Interfaces\IRetrievalCandidate.cs(22,12): warning SA1623: The property's documentation summary text should begin with: 'Gets' (https://github.com/DotNetAnalyzers/StyleCopAnalyzers/blob/master/documentation/SA1623.md) [C:\Projects\Hazina\src\Core\AI\Hazina.AI.RAG\Hazina.AI.RAG.csproj::TargetFramework=net9.0]
C:\Projects\Hazina\src\Core\AI\Hazina.AI.RAG\Interfaces\IRetrievalCandidate.cs(32,12): warning SA1623: The property's documentation summary text should begin with: 'Gets' (https://github.com/DotNetAnalyzers/StyleCopAnalyzers/blob/master/documentation/SA1623.md) [C:\Projects\Hazina\src\Core\AI\Hazina.AI.RAG\Hazina.AI.RAG.csproj::TargetFramework=net9.0]
C:\Projects\Hazina\src\Core\AI\Hazina.AI.RAG\Interfaces\IRetrievalCandidate.cs(20,66): warning SA1629: Documentation text should end with a period (https://github.com/DotNetAnalyzers/StyleCopAnalyzers/blob/master/documentation/SA1629.md) [C:\Projects\Hazina\src\Core\AI\Hazina.AI.RAG\Hazina.AI.RAG.csproj::TargetFramework=net9.0]
C:\Projects\Hazina\src\Core\AI\Hazina.AI.RAG\Interfaces\IRetrievalCandidate.cs(30,34): warning SA1629: Documentation text should end with a period (https://github.com/DotNetAnalyzers/StyleCopAnalyzers/blob/master/documentation/SA1629.md) [C:\Projects\Hazina\src\Core\AI\Hazina.AI.RAG\Hazina.AI.RAG.csproj::TargetFramework=net9.0]
C:\Projects\Hazina\src\Core\AI\Hazina.AI.RAG\Core\RAGEngine.cs(626,14): warning MA0048: File name must match type name (https://github.com/meziantou/Meziantou.Analyzer/blob/main/docs/Rules/MA0048.md) [C:\Projects\Hazina\src\Core\AI\Hazina.AI.RAG\Hazina.AI.RAG.csproj::TargetFramework=net9.0]
C:\Projects\Hazina\src\Core\AI\Hazina.AI.RAG\Core\RAGEngine.cs(631,25): warning CA2227: Change 'Errors' to be read-only by removing the property setter (https://learn.microsoft.com/dotnet/fundamentals/code-analysis/quality-rules/ca2227) [C:\Projects\Hazina\src\Core\AI\Hazina.AI.RAG\Hazina.AI.RAG.csproj::TargetFramework=net9.0]
C:\Projects\Hazina\src\Core\AI\Hazina.AI.RAG\Core\RAGEngine.cs(631,25): warning CA1002: Change 'List<string>' in 'IndexingResult.Errors' to use 'Collection<T>', 'ReadOnlyCollection<T>' or 'KeyedCollection<K,V>' (https://learn.microsoft.com/dotnet/fundamentals/code-analysis/quality-rules/ca1002) [C:\Projects\Hazina\src\Core\AI\Hazina.AI.RAG\Hazina.AI.RAG.csproj::TargetFramework=net9.0]
C:\Projects\Hazina\src\Core\AI\Hazina.AI.RAG\Core\RAGEngine.cs(631,12): warning MA0016: Prefer using collection abstraction instead of implementation (https://github.com/meziantou/Meziantou.Analyzer/blob/main/docs/Rules/MA0016.md) [C:\Projects\Hazina\src\Core\AI\Hazina.AI.RAG\Hazina.AI.RAG.csproj::TargetFramework=net9.0]
C:\Projects\Hazina\src\Core\AI\Hazina.AI.RAG\Core\RAGEngine.cs(21,32): warning S4487: Remove this unread private field '_config' or refactor the code to use its value. (https://rules.sonarsource.com/csharp/RSPEC-4487) [C:\Projects\Hazina\src\Core\AI\Hazina.AI.RAG\Hazina.AI.RAG.csproj::TargetFramework=net9.0]
C:\Projects\Hazina\src\Core\AI\Hazina.AI.RAG\Core\RAGEngine.cs(15,14): warning S101: Rename class 'RAGEngine' to match pascal case naming rules, consider using 'RagEngine'. (https://rules.sonarsource.com/csharp/RSPEC-101) [C:\Projects\Hazina\src\Core\AI\Hazina.AI.RAG\Hazina.AI.RAG.csproj::TargetFramework=net9.0]
C:\Projects\Hazina\src\Core\AI\Hazina.AI.RAG\Core\RAGEngine.cs(624,20): warning SA1629: Documentation text should end with a period (https://github.com/DotNetAnalyzers/StyleCopAnalyzers/blob/master/documentation/SA1629.md) [C:\Projects\Hazina\src\Core\AI\Hazina.AI.RAG\Hazina.AI.RAG.csproj::TargetFramework=net9.0]
C:\Projects\Hazina\src\Core\AI\Hazina.AI.RAG\Core\RAGEngine.cs(629,1): warning SA1516: Elements should be separated by blank line (https://github.com/DotNetAnalyzers/StyleCopAnalyzers/blob/master/documentation/SA1516.md) [C:\Projects\Hazina\src\Core\AI\Hazina.AI.RAG\Hazina.AI.RAG.csproj::TargetFramework=net9.0]
C:\Projects\Hazina\src\Core\AI\Hazina.AI.RAG\Core\RAGEngine.cs(630,1): warning SA1516: Elements should be separated by blank line (https://github.com/DotNetAnalyzers/StyleCopAnalyzers/blob/master/documentation/SA1516.md) [C:\Projects\Hazina\src\Core\AI\Hazina.AI.RAG\Hazina.AI.RAG.csproj::TargetFramework=net9.0]
C:\Projects\Hazina\src\Core\AI\Hazina.AI.RAG\Core\RAGEngine.cs(631,1): warning SA1516: Elements should be separated by blank line (https://github.com/DotNetAnalyzers/StyleCopAnalyzers/blob/master/documentation/SA1516.md) [C:\Projects\Hazina\src\Core\AI\Hazina.AI.RAG\Hazina.AI.RAG.csproj::TargetFramework=net9.0]
C:\Projects\Hazina\src\Core\AI\Hazina.AI.RAG\Core\RAGEngine.cs(632,1): warning SA1516: Elements should be separated by blank line (https://github.com/DotNetAnalyzers/StyleCopAnalyzers/blob/master/documentation/SA1516.md) [C:\Projects\Hazina\src\Core\AI\Hazina.AI.RAG\Hazina.AI.RAG.csproj::TargetFramework=net9.0]
C:\Projects\Hazina\src\Core\AI\Hazina.AI.RAG\Core\RAGEngine.cs(633,1): warning SA1516: Elements should be separated by blank line (https://github.com/DotNetAnalyzers/StyleCopAnalyzers/blob/master/documentation/SA1516.md) [C:\Projects\Hazina\src\Core\AI\Hazina.AI.RAG\Hazina.AI.RAG.csproj::TargetFramework=net9.0]
C:\Projects\Hazina\src\Core\AI\Hazina.AI.RAG\Core\RAGEngine.cs(634,1): warning SA1516: Elements should be separated by blank line (https://github.com/DotNetAnalyzers/StyleCopAnalyzers/blob/master/documentation/SA1516.md) [C:\Projects\Hazina\src\Core\AI\Hazina.AI.RAG\Hazina.AI.RAG.csproj::TargetFramework=net9.0]
C:\Projects\Hazina\src\Core\AI\Hazina.AI.RAG\Core\RAGEngine.cs(635,1): warning SA1516: Elements should be separated by blank line (https://github.com/DotNetAnalyzers/StyleCopAnalyzers/blob/master/documentation/SA1516.md) [C:\Projects\Hazina\src\Core\AI\Hazina.AI.RAG\Hazina.AI.RAG.csproj::TargetFramework=net9.0]
C:\Projects\Hazina\src\Core\AI\Hazina.AI.RAG\Core\RAGEngine.cs(138,13): warning SA1009: Closing parenthesis should not be preceded by a space (https://github.com/DotNetAnalyzers/StyleCopAnalyzers/blob/master/documentation/SA1009.md) [C:\Projects\Hazina\src\Core\AI\Hazina.AI.RAG\Hazina.AI.RAG.csproj::TargetFramework=net9.0]
C:\Projects\Hazina\src\Core\AI\Hazina.AI.RAG\Embeddings\BasicMetadataExtractor.cs(10,15): warning SA1629: Documentation text should end with a period (https://github.com/DotNetAnalyzers/StyleCopAnalyzers/blob/master/documentation/SA1629.md) [C:\Projects\Hazina\src\Core\AI\Hazina.AI.RAG\Hazina.AI.RAG.csproj::TargetFramework=net9.0]
C:\Projects\Hazina\src\Core\AI\Hazina.AI.RAG\Core\RAGEngine.cs(165,9): warning SA1009: Closing parenthesis should not be preceded by a space (https://github.com/DotNetAnalyzers/StyleCopAnalyzers/blob/master/documentation/SA1009.md) [C:\Projects\Hazina\src\Core\AI\Hazina.AI.RAG\Hazina.AI.RAG.csproj::TargetFramework=net9.0]
C:\Projects\Hazina\src\Core\AI\Hazina.AI.RAG\Core\RAGEngine.cs(189,9): warning SA1009: Closing parenthesis should not be preceded by a space (https://github.com/DotNetAnalyzers/StyleCopAnalyzers/blob/master/documentation/SA1009.md) [C:\Projects\Hazina\src\Core\AI\Hazina.AI.RAG\Hazina.AI.RAG.csproj::TargetFramework=net9.0]
C:\Projects\Hazina\src\Core\AI\Hazina.AI.RAG\Core\RAGEngine.cs(255,17): warning SA1009: Closing parenthesis should not be preceded by a space (https://github.com/DotNetAnalyzers/StyleCopAnalyzers/blob/master/documentation/SA1009.md) [C:\Projects\Hazina\src\Core\AI\Hazina.AI.RAG\Hazina.AI.RAG.csproj::TargetFramework=net9.0]
C:\Projects\Hazina\src\Core\AI\Hazina.AI.RAG\Core\RAGEngine.cs(408,9): warning SA1009: Closing parenthesis should not be preceded by a space (https://github.com/DotNetAnalyzers/StyleCopAnalyzers/blob/master/documentation/SA1009.md) [C:\Projects\Hazina\src\Core\AI\Hazina.AI.RAG\Hazina.AI.RAG.csproj::TargetFramework=net9.0]
C:\Projects\Hazina\src\Core\AI\Hazina.AI.RAG\Core\RAGEngine.cs(462,13): warning SA1009: Closing parenthesis should not be preceded by a space (https://github.com/DotNetAnalyzers/StyleCopAnalyzers/blob/master/documentation/SA1009.md) [C:\Projects\Hazina\src\Core\AI\Hazina.AI.RAG\Hazina.AI.RAG.csproj::TargetFramework=net9.0]
C:\Projects\Hazina\src\Core\AI\Hazina.AI.RAG\Core\RAGEngine.cs(487,13): warning SA1009: Closing parenthesis should not be preceded by a space (https://github.com/DotNetAnalyzers/StyleCopAnalyzers/blob/master/documentation/SA1009.md) [C:\Projects\Hazina\src\Core\AI\Hazina.AI.RAG\Hazina.AI.RAG.csproj::TargetFramework=net9.0]
C:\Projects\Hazina\src\Core\AI\Hazina.AI.RAG\Core\RAGEngine.cs(641,18): warning MA0048: File name must match type name (https://github.com/meziantou/Meziantou.Analyzer/blob/main/docs/Rules/MA0048.md) [C:\Projects\Hazina\src\Core\AI\Hazina.AI.RAG\Hazina.AI.RAG.csproj::TargetFramework=net9.0]
C:\Projects\Hazina\src\Core\AI\Hazina.AI.RAG\Core\RAGEngine.cs(650,14): warning MA0048: File name must match type name (https://github.com/meziantou/Meziantou.Analyzer/blob/main/docs/Rules/MA0048.md) [C:\Projects\Hazina\src\Core\AI\Hazina.AI.RAG\Hazina.AI.RAG.csproj::TargetFramework=net9.0]
C:\Projects\Hazina\src\Core\AI\Hazina.AI.RAG\Interfaces\IRetrievalCandidate.cs(43,14): warning MA0048: File name must match type name (https://github.com/meziantou/Meziantou.Analyzer/blob/main/docs/Rules/MA0048.md) [C:\Projects\Hazina\src\Core\AI\Hazina.AI.RAG\Hazina.AI.RAG.csproj::TargetFramework=net9.0]
C:\Projects\Hazina\src\Core\AI\Hazina.AI.RAG\Core\RAGEngine.cs(654,39): warning CA2227: Change 'Metadata' to be read-only by removing the property setter (https://learn.microsoft.com/dotnet/fundamentals/code-analysis/quality-rules/ca2227) [C:\Projects\Hazina\src\Core\AI\Hazina.AI.RAG\Hazina.AI.RAG.csproj::TargetFramework=net9.0]
C:\Projects\Hazina\src\Core\AI\Hazina.AI.RAG\Core\RAGEngine.cs(654,12): warning MA0016: Prefer using collection abstraction instead of implementation (https://github.com/meziantou/Meziantou.Analyzer/blob/main/docs/Rules/MA0016.md) [C:\Projects\Hazina\src\Core\AI\Hazina.AI.RAG\Hazina.AI.RAG.csproj::TargetFramework=net9.0]
C:\Projects\Hazina\src\Core\AI\Hazina.AI.RAG\Core\RAGEngine.cs(639,40): warning SA1629: Documentation text should end with a period (https://github.com/DotNetAnalyzers/StyleCopAnalyzers/blob/master/documentation/SA1629.md) [C:\Projects\Hazina\src\Core\AI\Hazina.AI.RAG\Hazina.AI.RAG.csproj::TargetFramework=net9.0]
C:\Projects\Hazina\src\Core\AI\Hazina.AI.RAG\Core\RAGEngine.cs(644,1): warning SA1516: Elements should be separated by blank line (https://github.com/DotNetAnalyzers/StyleCopAnalyzers/blob/master/documentation/SA1516.md) [C:\Projects\Hazina\src\Core\AI\Hazina.AI.RAG\Hazina.AI.RAG.csproj::TargetFramework=net9.0]
C:\Projects\Hazina\src\Core\AI\Hazina.AI.RAG\Embeddings\ContentTypeDetector.cs(6,73): warning SA1629: Documentation text should end with a period (https://github.com/DotNetAnalyzers/StyleCopAnalyzers/blob/master/documentation/SA1629.md) [C:\Projects\Hazina\src\Core\AI\Hazina.AI.RAG\Hazina.AI.RAG.csproj::TargetFramework=net9.0]
C:\Projects\Hazina\src\Core\AI\Hazina.AI.RAG\Interfaces\IRetrievalCandidate.cs(41,50): warning SA1629: Documentation text should end with a period (https://github.com/DotNetAnalyzers/StyleCopAnalyzers/blob/master/documentation/SA1629.md) [C:\Projects\Hazina\src\Core\AI\Hazina.AI.RAG\Hazina.AI.RAG.csproj::TargetFramework=net9.0]
C:\Projects\Hazina\src\Core\AI\Hazina.AI.RAG\Interfaces\IRetrievalCandidate.cs(46,1): warning SA1516: Elements should be separated by blank line (https://github.com/DotNetAnalyzers/StyleCopAnalyzers/blob/master/documentation/SA1516.md) [C:\Projects\Hazina\src\Core\AI\Hazina.AI.RAG\Hazina.AI.RAG.csproj::TargetFramework=net9.0]
C:\Projects\Hazina\src\Core\AI\Hazina.AI.RAG\Interfaces\IRetrievalCandidate.cs(47,1): warning SA1516: Elements should be separated by blank line (https://github.com/DotNetAnalyzers/StyleCopAnalyzers/blob/master/documentation/SA1516.md) [C:\Projects\Hazina\src\Core\AI\Hazina.AI.RAG\Hazina.AI.RAG.csproj::TargetFramework=net9.0]
C:\Projects\Hazina\src\Core\AI\Hazina.AI.RAG\Interfaces\IRetrievalCandidate.cs(48,1): warning SA1516: Elements should be separated by blank line (https://github.com/DotNetAnalyzers/StyleCopAnalyzers/blob/master/documentation/SA1516.md) [C:\Projects\Hazina\src\Core\AI\Hazina.AI.RAG\Hazina.AI.RAG.csproj::TargetFramework=net9.0]
C:\Projects\Hazina\src\Core\AI\Hazina.AI.RAG\Interfaces\IRetrievalCandidate.cs(49,1): warning SA1516: Elements should be separated by blank line (https://github.com/DotNetAnalyzers/StyleCopAnalyzers/blob/master/documentation/SA1516.md) [C:\Projects\Hazina\src\Core\AI\Hazina.AI.RAG\Hazina.AI.RAG.csproj::TargetFramework=net9.0]
C:\Projects\Hazina\src\Core\AI\Hazina.AI.RAG\Interfaces\IRetrievalCandidate.cs(50,1): warning SA1516: Elements should be separated by blank line (https://github.com/DotNetAnalyzers/StyleCopAnalyzers/blob/master/documentation/SA1516.md) [C:\Projects\Hazina\src\Core\AI\Hazina.AI.RAG\Hazina.AI.RAG.csproj::TargetFramework=net9.0]
C:\Projects\Hazina\src\Core\AI\Hazina.AI.RAG\Core\RAGEngine.cs(648,25): warning SA1629: Documentation text should end with a period (https://github.com/DotNetAnalyzers/StyleCopAnalyzers/blob/master/documentation/SA1629.md) [C:\Projects\Hazina\src\Core\AI\Hazina.AI.RAG\Hazina.AI.RAG.csproj::TargetFramework=net9.0]
C:\Projects\Hazina\src\Core\AI\Hazina.AI.RAG\Core\RAGEngine.cs(653,1): warning SA1516: Elements should be separated by blank line (https://github.com/DotNetAnalyzers/StyleCopAnalyzers/blob/master/documentation/SA1516.md) [C:\Projects\Hazina\src\Core\AI\Hazina.AI.RAG\Hazina.AI.RAG.csproj::TargetFramework=net9.0]
C:\Projects\Hazina\src\Core\AI\Hazina.AI.RAG\Core\RAGEngine.cs(654,1): warning SA1516: Elements should be separated by blank line (https://github.com/DotNetAnalyzers/StyleCopAnalyzers/blob/master/documentation/SA1516.md) [C:\Projects\Hazina\src\Core\AI\Hazina.AI.RAG\Hazina.AI.RAG.csproj::TargetFramework=net9.0]
C:\Projects\Hazina\src\Core\AI\Hazina.AI.RAG\Interfaces\IRetrievalPipeline.cs(4,73): warning SA1629: Documentation text should end with a period (https://github.com/DotNetAnalyzers/StyleCopAnalyzers/blob/master/documentation/SA1629.md) [C:\Projects\Hazina\src\Core\AI\Hazina.AI.RAG\Hazina.AI.RAG.csproj::TargetFramework=net9.0]
C:\Projects\Hazina\src\Core\AI\Hazina.AI.RAG\Core\RAGEngine.cs(654,64): warning MA0002: Use an overload that has a IEqualityComparer<string> or IComparer<string> parameter (https://github.com/meziantou/Meziantou.Analyzer/blob/main/docs/Rules/MA0002.md) [C:\Projects\Hazina\src\Core\AI\Hazina.AI.RAG\Hazina.AI.RAG.csproj::TargetFramework=net9.0]
C:\Projects\Hazina\src\Core\AI\Hazina.AI.RAG\Graph\Models\GraphPath.cs(9,36): warning CA2227: Change 'Relationships' to be read-only by removing the property setter (https://learn.microsoft.com/dotnet/fundamentals/code-analysis/quality-rules/ca2227) [C:\Projects\Hazina\src\Core\AI\Hazina.AI.RAG\Hazina.AI.RAG.csproj::TargetFramework=net9.0]
C:\Projects\Hazina\src\Core\AI\Hazina.AI.RAG\Graph\Models\GraphPath.cs(9,36): warning CA1002: Change 'List<GraphRelationship>' in 'GraphPath.Relationships' to use 'Collection<T>', 'ReadOnlyCollection<T>' or 'KeyedCollection<K,V>' (https://learn.microsoft.com/dotnet/fundamentals/code-analysis/quality-rules/ca1002) [C:\Projects\Hazina\src\Core\AI\Hazina.AI.RAG\Hazina.AI.RAG.csproj::TargetFramework=net9.0]
C:\Projects\Hazina\src\Core\AI\Hazina.AI.RAG\Graph\Models\GraphPath.cs(9,12): warning MA0016: Prefer using collection abstraction instead of implementation (https://github.com/meziantou/Meziantou.Analyzer/blob/main/docs/Rules/MA0016.md) [C:\Projects\Hazina\src\Core\AI\Hazina.AI.RAG\Hazina.AI.RAG.csproj::TargetFramework=net9.0]
C:\Projects\Hazina\src\Core\AI\Hazina.AI.RAG\Graph\Models\GraphPath.cs(8,30): warning CA2227: Change 'Entities' to be read-only by removing the property setter (https://learn.microsoft.com/dotnet/fundamentals/code-analysis/quality-rules/ca2227) [C:\Projects\Hazina\src\Core\AI\Hazina.AI.RAG\Hazina.AI.RAG.csproj::TargetFramework=net9.0]
C:\Projects\Hazina\src\Core\AI\Hazina.AI.RAG\Graph\Models\GraphPath.cs(8,30): warning CA1002: Change 'List<GraphEntity>' in 'GraphPath.Entities' to use 'Collection<T>', 'ReadOnlyCollection<T>' or 'KeyedCollection<K,V>' (https://learn.microsoft.com/dotnet/fundamentals/code-analysis/quality-rules/ca1002) [C:\Projects\Hazina\src\Core\AI\Hazina.AI.RAG\Hazina.AI.RAG.csproj::TargetFramework=net9.0]
C:\Projects\Hazina\src\Core\AI\Hazina.AI.RAG\Graph\Models\GraphPath.cs(8,12): warning MA0016: Prefer using collection abstraction instead of implementation (https://github.com/meziantou/Meziantou.Analyzer/blob/main/docs/Rules/MA0016.md) [C:\Projects\Hazina\src\Core\AI\Hazina.AI.RAG\Hazina.AI.RAG.csproj::TargetFramework=net9.0]
C:\Projects\Hazina\src\Core\AI\Hazina.AI.RAG\Core\RAGEngine.cs(615,14): warning MA0048: File name must match type name (https://github.com/meziantou/Meziantou.Analyzer/blob/main/docs/Rules/MA0048.md) [C:\Projects\Hazina\src\Core\AI\Hazina.AI.RAG\Hazina.AI.RAG.csproj::TargetFramework=net9.0]
C:\Projects\Hazina\src\Core\AI\Hazina.AI.RAG\Graph\Models\GraphPath.cs(11,39): warning CA1805: Member 'Score' is explicitly initialized to its default value (https://learn.microsoft.com/dotnet/fundamentals/code-analysis/quality-rules/ca1805) [C:\Projects\Hazina\src\Core\AI\Hazina.AI.RAG\Hazina.AI.RAG.csproj::TargetFramework=net9.0]
C:\Projects\Hazina\src\Core\AI\Hazina.AI.RAG\Graph\Models\GraphPath.cs(9,1): warning SA1516: Elements should be separated by blank line (https://github.com/DotNetAnalyzers/StyleCopAnalyzers/blob/master/documentation/SA1516.md) [C:\Projects\Hazina\src\Core\AI\Hazina.AI.RAG\Hazina.AI.RAG.csproj::TargetFramework=net9.0]
C:\Projects\Hazina\src\Core\AI\Hazina.AI.RAG\Graph\Models\GraphPath.cs(10,1): warning SA1516: Elements should be separated by blank line (https://github.com/DotNetAnalyzers/StyleCopAnalyzers/blob/master/documentation/SA1516.md) [C:\Projects\Hazina\src\Core\AI\Hazina.AI.RAG\Hazina.AI.RAG.csproj::TargetFramework=net9.0]
C:\Projects\Hazina\src\Core\AI\Hazina.AI.RAG\Graph\Models\GraphPath.cs(11,1): warning SA1516: Elements should be separated by blank line (https://github.com/DotNetAnalyzers/StyleCopAnalyzers/blob/master/documentation/SA1516.md) [C:\Projects\Hazina\src\Core\AI\Hazina.AI.RAG\Hazina.AI.RAG.csproj::TargetFramework=net9.0]
C:\Projects\Hazina\src\Core\AI\Hazina.AI.RAG\Graph\Models\GraphPath.cs(12,1): warning SA1516: Elements should be separated by blank line (https://github.com/DotNetAnalyzers/StyleCopAnalyzers/blob/master/documentation/SA1516.md) [C:\Projects\Hazina\src\Core\AI\Hazina.AI.RAG\Hazina.AI.RAG.csproj::TargetFramework=net9.0]
C:\Projects\Hazina\src\Core\AI\Hazina.AI.RAG\Graph\Models\GraphPath.cs(13,1): warning SA1516: Elements should be separated by blank line (https://github.com/DotNetAnalyzers/StyleCopAnalyzers/blob/master/documentation/SA1516.md) [C:\Projects\Hazina\src\Core\AI\Hazina.AI.RAG\Hazina.AI.RAG.csproj::TargetFramework=net9.0]
C:\Projects\Hazina\src\Core\AI\Hazina.AI.RAG\Graph\Models\GraphPath.cs(14,1): warning SA1516: Elements should be separated by blank line (https://github.com/DotNetAnalyzers/StyleCopAnalyzers/blob/master/documentation/SA1516.md) [C:\Projects\Hazina\src\Core\AI\Hazina.AI.RAG\Hazina.AI.RAG.csproj::TargetFramework=net9.0]
C:\Projects\Hazina\src\Core\AI\Hazina.AI.RAG\Core\RAGEngine.cs(620,39): warning CA2227: Change 'Metadata' to be read-only by removing the property setter (https://learn.microsoft.com/dotnet/fundamentals/code-analysis/quality-rules/ca2227) [C:\Projects\Hazina\src\Core\AI\Hazina.AI.RAG\Hazina.AI.RAG.csproj::TargetFramework=net9.0]
C:\Projects\Hazina\src\Core\AI\Hazina.AI.RAG\Core\RAGEngine.cs(620,12): warning MA0016: Prefer using collection abstraction instead of implementation (https://github.com/meziantou/Meziantou.Analyzer/blob/main/docs/Rules/MA0016.md) [C:\Projects\Hazina\src\Core\AI\Hazina.AI.RAG\Hazina.AI.RAG.csproj::TargetFramework=net9.0]
C:\Projects\Hazina\src\Core\AI\Hazina.AI.RAG\Graph\Models\GraphPath.cs(27,14): warning MA0048: File name must match type name (https://github.com/meziantou/Meziantou.Analyzer/blob/main/docs/Rules/MA0048.md) [C:\Projects\Hazina\src\Core\AI\Hazina.AI.RAG\Hazina.AI.RAG.csproj::TargetFramework=net9.0]
C:\Projects\Hazina\src\Core\AI\Hazina.AI.RAG\Graph\Models\GraphPath.cs(30,1): warning SA1516: Elements should be separated by blank line (https://github.com/DotNetAnalyzers/StyleCopAnalyzers/blob/master/documentation/SA1516.md) [C:\Projects\Hazina\src\Core\AI\Hazina.AI.RAG\Hazina.AI.RAG.csproj::TargetFramework=net9.0]
C:\Projects\Hazina\src\Core\AI\Hazina.AI.RAG\Graph\Models\GraphPath.cs(31,1): warning SA1516: Elements should be separated by blank line (https://github.com/DotNetAnalyzers/StyleCopAnalyzers/blob/master/documentation/SA1516.md) [C:\Projects\Hazina\src\Core\AI\Hazina.AI.RAG\Hazina.AI.RAG.csproj::TargetFramework=net9.0]
C:\Projects\Hazina\src\Core\AI\Hazina.AI.RAG\Graph\Models\GraphPath.cs(32,1): warning SA1516: Elements should be separated by blank line (https://github.com/DotNetAnalyzers/StyleCopAnalyzers/blob/master/documentation/SA1516.md) [C:\Projects\Hazina\src\Core\AI\Hazina.AI.RAG\Hazina.AI.RAG.csproj::TargetFramework=net9.0]
C:\Projects\Hazina\src\Core\AI\Hazina.AI.RAG\Graph\Models\GraphPath.cs(33,1): warning SA1516: Elements should be separated by blank line (https://github.com/DotNetAnalyzers/StyleCopAnalyzers/blob/master/documentation/SA1516.md) [C:\Projects\Hazina\src\Core\AI\Hazina.AI.RAG\Hazina.AI.RAG.csproj::TargetFramework=net9.0]
C:\Projects\Hazina\src\Core\AI\Hazina.AI.RAG\Graph\Models\GraphPath.cs(34,1): warning SA1516: Elements should be separated by blank line (https://github.com/DotNetAnalyzers/StyleCopAnalyzers/blob/master/documentation/SA1516.md) [C:\Projects\Hazina\src\Core\AI\Hazina.AI.RAG\Hazina.AI.RAG.csproj::TargetFramework=net9.0]
C:\Projects\Hazina\src\Core\AI\Hazina.AI.RAG\Graph\Models\GraphPath.cs(35,1): warning SA1516: Elements should be separated by blank line (https://github.com/DotNetAnalyzers/StyleCopAnalyzers/blob/master/documentation/SA1516.md) [C:\Projects\Hazina\src\Core\AI\Hazina.AI.RAG\Hazina.AI.RAG.csproj::TargetFramework=net9.0]
C:\Projects\Hazina\src\Core\AI\Hazina.AI.RAG\Graph\Models\GraphPath.cs(33,25): warning CA2227: Change 'AllowedRelationTypes' to be read-only by removing the property setter (https://learn.microsoft.com/dotnet/fundamentals/code-analysis/quality-rules/ca2227) [C:\Projects\Hazina\src\Core\AI\Hazina.AI.RAG\Hazina.AI.RAG.csproj::TargetFramework=net9.0]
C:\Projects\Hazina\src\Core\AI\Hazina.AI.RAG\Graph\Models\GraphPath.cs(33,25): warning CA1002: Change 'List<string>' in 'PathFindingOptions.AllowedRelationTypes' to use 'Collection<T>', 'ReadOnlyCollection<T>' or 'KeyedCollection<K,V>' (https://learn.microsoft.com/dotnet/fundamentals/code-analysis/quality-rules/ca1002) [C:\Projects\Hazina\src\Core\AI\Hazina.AI.RAG\Hazina.AI.RAG.csproj::TargetFramework=net9.0]
C:\Projects\Hazina\src\Core\AI\Hazina.AI.RAG\Graph\Models\GraphPath.cs(33,12): warning MA0016: Prefer using collection abstraction instead of implementation (https://github.com/meziantou/Meziantou.Analyzer/blob/main/docs/Rules/MA0016.md) [C:\Projects\Hazina\src\Core\AI\Hazina.AI.RAG\Hazina.AI.RAG.csproj::TargetFramework=net9.0]
C:\Projects\Hazina\src\Core\AI\Hazina.AI.RAG\Core\RAGEngine.cs(613,45): warning SA1629: Documentation text should end with a period (https://github.com/DotNetAnalyzers/StyleCopAnalyzers/blob/master/documentation/SA1629.md) [C:\Projects\Hazina\src\Core\AI\Hazina.AI.RAG\Hazina.AI.RAG.csproj::TargetFramework=net9.0]
C:\Projects\Hazina\src\Core\AI\Hazina.AI.RAG\Core\RAGEngine.cs(618,1): warning SA1516: Elements should be separated by blank line (https://github.com/DotNetAnalyzers/StyleCopAnalyzers/blob/master/documentation/SA1516.md) [C:\Projects\Hazina\src\Core\AI\Hazina.AI.RAG\Hazina.AI.RAG.csproj::TargetFramework=net9.0]
C:\Projects\Hazina\src\Core\AI\Hazina.AI.RAG\Core\RAGEngine.cs(619,1): warning SA1516: Elements should be separated by blank line (https://github.com/DotNetAnalyzers/StyleCopAnalyzers/blob/master/documentation/SA1516.md) [C:\Projects\Hazina\src\Core\AI\Hazina.AI.RAG\Hazina.AI.RAG.csproj::TargetFramework=net9.0]
C:\Projects\Hazina\src\Core\AI\Hazina.AI.RAG\Core\RAGEngine.cs(620,1): warning SA1516: Elements should be separated by blank line (https://github.com/DotNetAnalyzers/StyleCopAnalyzers/blob/master/documentation/SA1516.md) [C:\Projects\Hazina\src\Core\AI\Hazina.AI.RAG\Hazina.AI.RAG.csproj::TargetFramework=net9.0]
C:\Projects\Hazina\src\Core\AI\Hazina.AI.RAG\Graph\Models\GraphPath.cs(32,43): warning CA1805: Member 'AllowCycles' is explicitly initialized to its default value (https://learn.microsoft.com/dotnet/fundamentals/code-analysis/quality-rules/ca1805) [C:\Projects\Hazina\src\Core\AI\Hazina.AI.RAG\Hazina.AI.RAG.csproj::TargetFramework=net9.0]
C:\Projects\Hazina\src\Core\AI\Hazina.AI.RAG\Core\RAGEngine.cs(620,64): warning MA0002: Use an overload that has a IEqualityComparer<string> or IComparer<string> parameter (https://github.com/meziantou/Meziantou.Analyzer/blob/main/docs/Rules/MA0002.md) [C:\Projects\Hazina\src\Core\AI\Hazina.AI.RAG\Hazina.AI.RAG.csproj::TargetFramework=net9.0]
C:\Projects\Hazina\src\Core\AI\Hazina.AI.RAG\Graph\Models\GraphPath.cs(34,25): warning CA2227: Change 'AllowedEntityTypes' to be read-only by removing the property setter (https://learn.microsoft.com/dotnet/fundamentals/code-analysis/quality-rules/ca2227) [C:\Projects\Hazina\src\Core\AI\Hazina.AI.RAG\Hazina.AI.RAG.csproj::TargetFramework=net9.0]
C:\Projects\Hazina\src\Core\AI\Hazina.AI.RAG\Graph\Models\GraphPath.cs(34,25): warning CA1002: Change 'List<string>' in 'PathFindingOptions.AllowedEntityTypes' to use 'Collection<T>', 'ReadOnlyCollection<T>' or 'KeyedCollection<K,V>' (https://learn.microsoft.com/dotnet/fundamentals/code-analysis/quality-rules/ca1002) [C:\Projects\Hazina\src\Core\AI\Hazina.AI.RAG\Hazina.AI.RAG.csproj::TargetFramework=net9.0]
C:\Projects\Hazina\src\Core\AI\Hazina.AI.RAG\Graph\Models\GraphPath.cs(34,12): warning MA0016: Prefer using collection abstraction instead of implementation (https://github.com/meziantou/Meziantou.Analyzer/blob/main/docs/Rules/MA0016.md) [C:\Projects\Hazina\src\Core\AI\Hazina.AI.RAG\Hazina.AI.RAG.csproj::TargetFramework=net9.0]
C:\Projects\Hazina\src\Core\AI\Hazina.AI.RAG\Embeddings\EmbeddingCache.cs(150,14): warning MA0048: File name must match type name (https://github.com/meziantou/Meziantou.Analyzer/blob/main/docs/Rules/MA0048.md) [C:\Projects\Hazina\src\Core\AI\Hazina.AI.RAG\Hazina.AI.RAG.csproj::TargetFramework=net9.0]
C:\Projects\Hazina\src\Core\AI\Hazina.AI.RAG\Embeddings\BasicMetadataExtractor.cs(1,1): warning SA1633: The file header is missing or not located at the top of the file. (https://github.com/DotNetAnalyzers/StyleCopAnalyzers/blob/master/documentation/SA1633.md) [C:\Projects\Hazina\src\Core\AI\Hazina.AI.RAG\Hazina.AI.RAG.csproj::TargetFramework=net9.0]
C:\Projects\Hazina\src\Core\AI\Hazina.AI.RAG\Embeddings\EmbeddingCache.cs(148,21): warning SA1629: Documentation text should end with a period (https://github.com/DotNetAnalyzers/StyleCopAnalyzers/blob/master/documentation/SA1629.md) [C:\Projects\Hazina\src\Core\AI\Hazina.AI.RAG\Hazina.AI.RAG.csproj::TargetFramework=net9.0]
C:\Projects\Hazina\src\Core\AI\Hazina.AI.RAG\Embeddings\EmbeddingCache.cs(153,1): warning SA1516: Elements should be separated by blank line (https://github.com/DotNetAnalyzers/StyleCopAnalyzers/blob/master/documentation/SA1516.md) [C:\Projects\Hazina\src\Core\AI\Hazina.AI.RAG\Hazina.AI.RAG.csproj::TargetFramework=net9.0]
C:\Projects\Hazina\src\Core\AI\Hazina.AI.RAG\Embeddings\EmbeddingCache.cs(154,1): warning SA1516: Elements should be separated by blank line (https://github.com/DotNetAnalyzers/StyleCopAnalyzers/blob/master/documentation/SA1516.md) [C:\Projects\Hazina\src\Core\AI\Hazina.AI.RAG\Hazina.AI.RAG.csproj::TargetFramework=net9.0]
C:\Projects\Hazina\src\Core\AI\Hazina.AI.RAG\Embeddings\EmbeddingCache.cs(155,1): warning SA1516: Elements should be separated by blank line (https://github.com/DotNetAnalyzers/StyleCopAnalyzers/blob/master/documentation/SA1516.md) [C:\Projects\Hazina\src\Core\AI\Hazina.AI.RAG\Hazina.AI.RAG.csproj::TargetFramework=net9.0]
C:\Projects\Hazina\src\Core\AI\Hazina.AI.RAG\Graph\Models\GraphPath.cs(38,13): warning MA0048: File name must match type name (https://github.com/meziantou/Meziantou.Analyzer/blob/main/docs/Rules/MA0048.md) [C:\Projects\Hazina\src\Core\AI\Hazina.AI.RAG\Hazina.AI.RAG.csproj::TargetFramework=net9.0]
C:\Projects\Hazina\src\Core\AI\Hazina.AI.RAG\Graph\Models\GraphPath.cs(38,42): warning SA1136: Enum values should be on separate lines (https://github.com/DotNetAnalyzers/StyleCopAnalyzers/blob/master/documentation/SA1136.md) [C:\Projects\Hazina\src\Core\AI\Hazina.AI.RAG\Hazina.AI.RAG.csproj::TargetFramework=net9.0]
C:\Projects\Hazina\src\Core\AI\Hazina.AI.RAG\Graph\Models\GraphPath.cs(38,54): warning SA1136: Enum values should be on separate lines (https://github.com/DotNetAnalyzers/StyleCopAnalyzers/blob/master/documentation/SA1136.md) [C:\Projects\Hazina\src\Core\AI\Hazina.AI.RAG\Hazina.AI.RAG.csproj::TargetFramework=net9.0]
C:\Projects\Hazina\src\Core\AI\Hazina.AI.RAG\Graph\Models\GraphPath.cs(38,65): warning SA1136: Enum values should be on separate lines (https://github.com/DotNetAnalyzers/StyleCopAnalyzers/blob/master/documentation/SA1136.md) [C:\Projects\Hazina\src\Core\AI\Hazina.AI.RAG\Hazina.AI.RAG.csproj::TargetFramework=net9.0]
C:\Projects\Hazina\src\Core\AI\Hazina.AI.RAG\Extensions\RetrievalServiceExtensions.cs(84,14): warning MA0048: File name must match type name (https://github.com/meziantou/Meziantou.Analyzer/blob/main/docs/Rules/MA0048.md) [C:\Projects\Hazina\src\Core\AI\Hazina.AI.RAG\Hazina.AI.RAG.csproj::TargetFramework=net9.0]
C:\Projects\Hazina\src\Core\AI\Hazina.AI.RAG\Extensions\RetrievalServiceExtensions.cs(100,13): warning MA0048: File name must match type name (https://github.com/meziantou/Meziantou.Analyzer/blob/main/docs/Rules/MA0048.md) [C:\Projects\Hazina\src\Core\AI\Hazina.AI.RAG\Hazina.AI.RAG.csproj::TargetFramework=net9.0]
C:\Projects\Hazina\src\Core\AI\Hazina.AI.RAG\Extensions\RetrievalServiceExtensions.cs(98,35): warning SA1629: Documentation text should end with a period (https://github.com/DotNetAnalyzers/StyleCopAnalyzers/blob/master/documentation/SA1629.md) [C:\Projects\Hazina\src\Core\AI\Hazina.AI.RAG\Hazina.AI.RAG.csproj::TargetFramework=net9.0]
C:\Projects\Hazina\src\Core\AI\Hazina.AI.RAG\Extensions\RetrievalServiceExtensions.cs(89,30): warning SA1623: The property's documentation summary text should begin with: 'Gets or sets' (https://github.com/DotNetAnalyzers/StyleCopAnalyzers/blob/master/documentation/SA1623.md) [C:\Projects\Hazina\src\Core\AI\Hazina.AI.RAG\Hazina.AI.RAG.csproj::TargetFramework=net9.0]
C:\Projects\Hazina\src\Core\AI\Hazina.AI.RAG\Extensions\RetrievalServiceExtensions.cs(94,37): warning SA1623: The property's documentation summary text should begin with: 'Gets or sets' (https://github.com/DotNetAnalyzers/StyleCopAnalyzers/blob/master/documentation/SA1623.md) [C:\Projects\Hazina\src\Core\AI\Hazina.AI.RAG\Hazina.AI.RAG.csproj::TargetFramework=net9.0]
C:\Projects\Hazina\src\Core\AI\Hazina.AI.RAG\Extensions\RetrievalServiceExtensions.cs(87,34): warning SA1629: Documentation text should end with a period (https://github.com/DotNetAnalyzers/StyleCopAnalyzers/blob/master/documentation/SA1629.md) [C:\Projects\Hazina\src\Core\AI\Hazina.AI.RAG\Hazina.AI.RAG.csproj::TargetFramework=net9.0]
C:\Projects\Hazina\src\Core\AI\Hazina.AI.RAG\Extensions\RetrievalServiceExtensions.cs(92,68): warning SA1629: Documentation text should end with a period (https://github.com/DotNetAnalyzers/StyleCopAnalyzers/blob/master/documentation/SA1629.md) [C:\Projects\Hazina\src\Core\AI\Hazina.AI.RAG\Hazina.AI.RAG.csproj::TargetFramework=net9.0]
C:\Projects\Hazina\src\Core\AI\Hazina.AI.RAG\Extensions\RetrievalServiceExtensions.cs(82,49): warning SA1629: Documentation text should end with a period (https://github.com/DotNetAnalyzers/StyleCopAnalyzers/blob/master/documentation/SA1629.md) [C:\Projects\Hazina\src\Core\AI\Hazina.AI.RAG\Hazina.AI.RAG.csproj::TargetFramework=net9.0]
C:\Projects\Hazina\src\Core\AI\Hazina.AI.RAG\Graph\Pipeline\GraphConstructionPipeline.cs(230,14): warning MA0048: File name must match type name (https://github.com/meziantou/Meziantou.Analyzer/blob/main/docs/Rules/MA0048.md) [C:\Projects\Hazina\src\Core\AI\Hazina.AI.RAG\Hazina.AI.RAG.csproj::TargetFramework=net9.0]
C:\Projects\Hazina\src\Core\AI\Hazina.AI.RAG\Embeddings\EmbeddingCache.cs(16,23): warning CA1805: Member '_hits' is explicitly initialized to its default value (https://learn.microsoft.com/dotnet/fundamentals/code-analysis/quality-rules/ca1805) [C:\Projects\Hazina\src\Core\AI\Hazina.AI.RAG\Hazina.AI.RAG.csproj::TargetFramework=net9.0]
C:\Projects\Hazina\src\Core\AI\Hazina.AI.RAG\Graph\Pipeline\GraphConstructionPipeline.cs(233,1): warning SA1516: Elements should be separated by blank line (https://github.com/DotNetAnalyzers/StyleCopAnalyzers/blob/master/documentation/SA1516.md) [C:\Projects\Hazina\src\Core\AI\Hazina.AI.RAG\Hazina.AI.RAG.csproj::TargetFramework=net9.0]
C:\Projects\Hazina\src\Core\AI\Hazina.AI.RAG\Graph\Pipeline\GraphConstructionPipeline.cs(234,1): warning SA1516: Elements should be separated by blank line (https://github.com/DotNetAnalyzers/StyleCopAnalyzers/blob/master/documentation/SA1516.md) [C:\Projects\Hazina\src\Core\AI\Hazina.AI.RAG\Hazina.AI.RAG.csproj::TargetFramework=net9.0]
C:\Projects\Hazina\src\Core\AI\Hazina.AI.RAG\Graph\Pipeline\GraphConstructionPipeline.cs(235,1): warning SA1516: Elements should be separated by blank line (https://github.com/DotNetAnalyzers/StyleCopAnalyzers/blob/master/documentation/SA1516.md) [C:\Projects\Hazina\src\Core\AI\Hazina.AI.RAG\Hazina.AI.RAG.csproj::TargetFramework=net9.0]
C:\Projects\Hazina\src\Core\AI\Hazina.AI.RAG\Graph\Pipeline\GraphConstructionPipeline.cs(236,1): warning SA1516: Elements should be separated by blank line (https://github.com/DotNetAnalyzers/StyleCopAnalyzers/blob/master/documentation/SA1516.md) [C:\Projects\Hazina\src\Core\AI\Hazina.AI.RAG\Hazina.AI.RAG.csproj::TargetFramework=net9.0]
C:\Projects\Hazina\src\Core\AI\Hazina.AI.RAG\Graph\Pipeline\GraphConstructionPipeline.cs(237,1): warning SA1516: Elements should be separated by blank line (https://github.com/DotNetAnalyzers/StyleCopAnalyzers/blob/master/documentation/SA1516.md) [C:\Projects\Hazina\src\Core\AI\Hazina.AI.RAG\Hazina.AI.RAG.csproj::TargetFramework=net9.0]
C:\Projects\Hazina\src\Core\AI\Hazina.AI.RAG\Graph\Pipeline\GraphConstructionPipeline.cs(238,1): warning SA1516: Elements should be separated by blank line (https://github.com/DotNetAnalyzers/StyleCopAnalyzers/blob/master/documentation/SA1516.md) [C:\Projects\Hazina\src\Core\AI\Hazina.AI.RAG\Hazina.AI.RAG.csproj::TargetFramework=net9.0]
C:\Projects\Hazina\src\Core\AI\Hazina.AI.RAG\Graph\Pipeline\GraphConstructionPipeline.cs(239,1): warning SA1516: Elements should be separated by blank line (https://github.com/DotNetAnalyzers/StyleCopAnalyzers/blob/master/documentation/SA1516.md) [C:\Projects\Hazina\src\Core\AI\Hazina.AI.RAG\Hazina.AI.RAG.csproj::TargetFramework=net9.0]
C:\Projects\Hazina\src\Core\AI\Hazina.AI.RAG\Graph\Pipeline\GraphConstructionPipeline.cs(240,1): warning SA1516: Elements should be separated by blank line (https://github.com/DotNetAnalyzers/StyleCopAnalyzers/blob/master/documentation/SA1516.md) [C:\Projects\Hazina\src\Core\AI\Hazina.AI.RAG\Hazina.AI.RAG.csproj::TargetFramework=net9.0]
C:\Projects\Hazina\src\Core\AI\Hazina.AI.RAG\Graph\Pipeline\GraphConstructionPipeline.cs(241,1): warning SA1516: Elements should be separated by blank line (https://github.com/DotNetAnalyzers/StyleCopAnalyzers/blob/master/documentation/SA1516.md) [C:\Projects\Hazina\src\Core\AI\Hazina.AI.RAG\Hazina.AI.RAG.csproj::TargetFramework=net9.0]
C:\Projects\Hazina\src\Core\AI\Hazina.AI.RAG\Graph\Pipeline\GraphConstructionPipeline.cs(242,1): warning SA1516: Elements should be separated by blank line (https://github.com/DotNetAnalyzers/StyleCopAnalyzers/blob/master/documentation/SA1516.md) [C:\Projects\Hazina\src\Core\AI\Hazina.AI.RAG\Hazina.AI.RAG.csproj::TargetFramework=net9.0]
C:\Projects\Hazina\src\Core\AI\Hazina.AI.RAG\Embeddings\EmbeddingCache.cs(17,25): warning CA1805: Member '_misses' is explicitly initialized to its default value (https://learn.microsoft.com/dotnet/fundamentals/code-analysis/quality-rules/ca1805) [C:\Projects\Hazina\src\Core\AI\Hazina.AI.RAG\Hazina.AI.RAG.csproj::TargetFramework=net9.0]
C:\Projects\Hazina\src\Core\AI\Hazina.AI.RAG\Embeddings\HierarchicalChunker.cs(351,14): warning MA0048: File name must match type name (https://github.com/meziantou/Meziantou.Analyzer/blob/main/docs/Rules/MA0048.md) [C:\Projects\Hazina\src\Core\AI\Hazina.AI.RAG\Hazina.AI.RAG.csproj::TargetFramework=net9.0]
C:\Projects\Hazina\src\Core\AI\Hazina.AI.RAG\Embeddings\Models\LLMMetadataResponse.cs(7,14): warning MA0048: File name must match type name (https://github.com/meziantou/Meziantou.Analyzer/blob/main/docs/Rules/MA0048.md) [C:\Projects\Hazina\src\Core\AI\Hazina.AI.RAG\Hazina.AI.RAG.csproj::TargetFramework=net9.0]
C:\Projects\Hazina\src\Core\AI\Hazina.AI.RAG\Embeddings\Models\LLMMetadataResponse.cs(22,25): warning CA2227: Change 'Keywords' to be read-only by removing the property setter (https://learn.microsoft.com/dotnet/fundamentals/code-analysis/quality-rules/ca2227) [C:\Projects\Hazina\src\Core\AI\Hazina.AI.RAG\Hazina.AI.RAG.csproj::TargetFramework=net9.0]
C:\Projects\Hazina\src\Core\AI\Hazina.AI.RAG\Embeddings\Models\LLMMetadataResponse.cs(22,25): warning CA1002: Change 'List<string>' in 'ChunkMetadata.Keywords' to use 'Collection<T>', 'ReadOnlyCollection<T>' or 'KeyedCollection<K,V>' (https://learn.microsoft.com/dotnet/fundamentals/code-analysis/quality-rules/ca1002) [C:\Projects\Hazina\src\Core\AI\Hazina.AI.RAG\Hazina.AI.RAG.csproj::TargetFramework=net9.0]
C:\Projects\Hazina\src\Core\AI\Hazina.AI.RAG\Embeddings\Models\LLMMetadataResponse.cs(22,12): warning MA0016: Prefer using collection abstraction instead of implementation (https://github.com/meziantou/Meziantou.Analyzer/blob/main/docs/Rules/MA0016.md) [C:\Projects\Hazina\src\Core\AI\Hazina.AI.RAG\Hazina.AI.RAG.csproj::TargetFramework=net9.0]
C:\Projects\Hazina\src\Core\AI\Hazina.AI.RAG\Embeddings\Models\LLMMetadataResponse.cs(39,25): warning CA2227: Change 'ReferencedTopics' to be read-only by removing the property setter (https://learn.microsoft.com/dotnet/fundamentals/code-analysis/quality-rules/ca2227) [C:\Projects\Hazina\src\Core\AI\Hazina.AI.RAG\Hazina.AI.RAG.csproj::TargetFramework=net9.0]
C:\Projects\Hazina\src\Core\AI\Hazina.AI.RAG\Embeddings\Models\LLMMetadataResponse.cs(22,25): warning SA1623: The property's documentation summary text should begin with: 'Gets or sets' (https://github.com/DotNetAnalyzers/StyleCopAnalyzers/blob/master/documentation/SA1623.md) [C:\Projects\Hazina\src\Core\AI\Hazina.AI.RAG\Hazina.AI.RAG.csproj::TargetFramework=net9.0]
C:\Projects\Hazina\src\Core\AI\Hazina.AI.RAG\Embeddings\Models\LLMMetadataResponse.cs(20,42): warning SA1629: Documentation text should end with a period (https://github.com/DotNetAnalyzers/StyleCopAnalyzers/blob/master/documentation/SA1629.md) [C:\Projects\Hazina\src\Core\AI\Hazina.AI.RAG\Hazina.AI.RAG.csproj::TargetFramework=net9.0]
C:\Projects\Hazina\src\Core\AI\Hazina.AI.RAG\Embeddings\EmbeddingCache.cs(14,61): warning MA0002: Use an overload that has a IEqualityComparer<string> or IComparer<string> parameter (https://github.com/meziantou/Meziantou.Analyzer/blob/main/docs/Rules/MA0002.md) [C:\Projects\Hazina\src\Core\AI\Hazina.AI.RAG\Hazina.AI.RAG.csproj::TargetFramework=net9.0]
C:\Projects\Hazina\src\Core\AI\Hazina.AI.RAG\Embeddings\EmbeddingCache.cs(10,28): warning SA1629: Documentation text should end with a period (https://github.com/DotNetAnalyzers/StyleCopAnalyzers/blob/master/documentation/SA1629.md) [C:\Projects\Hazina\src\Core\AI\Hazina.AI.RAG\Hazina.AI.RAG.csproj::TargetFramework=net9.0]
C:\Projects\Hazina\src\Core\AI\Hazina.AI.RAG\Graph\Pipeline\ILLMTextService.cs(6,18): warning S101: Rename interface 'ILLMTextService' to match pascal case naming rules, consider using 'ILlmTextService'. (https://rules.sonarsource.com/csharp/RSPEC-101) [C:\Projects\Hazina\src\Core\AI\Hazina.AI.RAG\Hazina.AI.RAG.csproj::TargetFramework=net9.0]
C:\Projects\Hazina\src\Core\AI\Hazina.AI.RAG\Embeddings\HierarchicalChunker.cs(349,39): warning SA1629: Documentation text should end with a period (https://github.com/DotNetAnalyzers/StyleCopAnalyzers/blob/master/documentation/SA1629.md) [C:\Projects\Hazina\src\Core\AI\Hazina.AI.RAG\Hazina.AI.RAG.csproj::TargetFramework=net9.0]
C:\Projects\Hazina\src\Core\AI\Hazina.AI.RAG\Embeddings\HierarchicalChunker.cs(354,1): warning SA1516: Elements should be separated by blank line (https://github.com/DotNetAnalyzers/StyleCopAnalyzers/blob/master/documentation/SA1516.md) [C:\Projects\Hazina\src\Core\AI\Hazina.AI.RAG\Hazina.AI.RAG.csproj::TargetFramework=net9.0]
C:\Projects\Hazina\src\Core\AI\Hazina.AI.RAG\Embeddings\HierarchicalChunker.cs(355,1): warning SA1516: Elements should be separated by blank line (https://github.com/DotNetAnalyzers/StyleCopAnalyzers/blob/master/documentation/SA1516.md) [C:\Projects\Hazina\src\Core\AI\Hazina.AI.RAG\Hazina.AI.RAG.csproj::TargetFramework=net9.0]
C:\Projects\Hazina\src\Core\AI\Hazina.AI.RAG\Embeddings\HierarchicalChunker.cs(356,1): warning SA1516: Elements should be separated by blank line (https://github.com/DotNetAnalyzers/StyleCopAnalyzers/blob/master/documentation/SA1516.md) [C:\Projects\Hazina\src\Core\AI\Hazina.AI.RAG\Hazina.AI.RAG.csproj::TargetFramework=net9.0]
C:\Projects\Hazina\src\Core\AI\Hazina.AI.RAG\Embeddings\Models\LLMMetadataResponse.cs(33,16): warning SA1623: The property's documentation summary text should begin with: 'Gets or sets' (https://github.com/DotNetAnalyzers/StyleCopAnalyzers/blob/master/documentation/SA1623.md) [C:\Projects\Hazina\src\Core\AI\Hazina.AI.RAG\Hazina.AI.RAG.csproj::TargetFramework=net9.0]
C:\Projects\Hazina\src\Core\AI\Hazina.AI.RAG\Embeddings\Models\LLMMetadataResponse.cs(27,19): warning SA1623: The property's documentation summary text should begin with: 'Gets or sets' (https://github.com/DotNetAnalyzers/StyleCopAnalyzers/blob/master/documentation/SA1623.md) [C:\Projects\Hazina\src\Core\AI\Hazina.AI.RAG\Hazina.AI.RAG.csproj::TargetFramework=net9.0]
C:\Projects\Hazina\src\Core\AI\Hazina.AI.RAG\Embeddings\Models\LLMMetadataResponse.cs(31,49): warning SA1629: Documentation text should end with a period (https://github.com/DotNetAnalyzers/StyleCopAnalyzers/blob/master/documentation/SA1629.md) [C:\Projects\Hazina\src\Core\AI\Hazina.AI.RAG\Hazina.AI.RAG.csproj::TargetFramework=net9.0]
C:\Projects\Hazina\src\Core\AI\Hazina.AI.RAG\Embeddings\Models\LLMMetadataResponse.cs(17,19): warning SA1623: The property's documentation summary text should begin with: 'Gets or sets' (https://github.com/DotNetAnalyzers/StyleCopAnalyzers/blob/master/documentation/SA1623.md) [C:\Projects\Hazina\src\Core\AI\Hazina.AI.RAG\Hazina.AI.RAG.csproj::TargetFramework=net9.0]
C:\Projects\Hazina\src\Core\AI\Hazina.AI.RAG\Embeddings\Models\LLMMetadataResponse.cs(25,99): warning SA1629: Documentation text should end with a period (https://github.com/DotNetAnalyzers/StyleCopAnalyzers/blob/master/documentation/SA1629.md) [C:\Projects\Hazina\src\Core\AI\Hazina.AI.RAG\Hazina.AI.RAG.csproj::TargetFramework=net9.0]
C:\Projects\Hazina\src\Core\AI\Hazina.AI.RAG\Embeddings\Models\LLMMetadataResponse.cs(15,53): warning SA1629: Documentation text should end with a period (https://github.com/DotNetAnalyzers/StyleCopAnalyzers/blob/master/documentation/SA1629.md) [C:\Projects\Hazina\src\Core\AI\Hazina.AI.RAG\Hazina.AI.RAG.csproj::TargetFramework=net9.0]
C:\Projects\Hazina\src\Core\AI\Hazina.AI.RAG\Embeddings\Models\LLMMetadataResponse.cs(39,25): warning CA1002: Change 'List<string>' in 'ChunkMetadata.ReferencedTopics' to use 'Collection<T>', 'ReadOnlyCollection<T>' or 'KeyedCollection<K,V>' (https://learn.microsoft.com/dotnet/fundamentals/code-analysis/quality-rules/ca1002) [C:\Projects\Hazina\src\Core\AI\Hazina.AI.RAG\Hazina.AI.RAG.csproj::TargetFramework=net9.0]
C:\Projects\Hazina\src\Core\AI\Hazina.AI.RAG\Embeddings\Models\LLMMetadataResponse.cs(39,12): warning MA0016: Prefer using collection abstraction instead of implementation (https://github.com/meziantou/Meziantou.Analyzer/blob/main/docs/Rules/MA0016.md) [C:\Projects\Hazina\src\Core\AI\Hazina.AI.RAG\Hazina.AI.RAG.csproj::TargetFramework=net9.0]
C:\Projects\Hazina\src\Core\AI\Hazina.AI.RAG\Embeddings\Models\LLMMetadataResponse.cs(5,53): warning SA1629: Documentation text should end with a period (https://github.com/DotNetAnalyzers/StyleCopAnalyzers/blob/master/documentation/SA1629.md) [C:\Projects\Hazina\src\Core\AI\Hazina.AI.RAG\Hazina.AI.RAG.csproj::TargetFramework=net9.0]
C:\Projects\Hazina\src\Core\AI\Hazina.AI.RAG\Embeddings\Models\LLMMetadataResponse.cs(12,19): warning SA1623: The property's documentation summary text should begin with: 'Gets or sets' (https://github.com/DotNetAnalyzers/StyleCopAnalyzers/blob/master/documentation/SA1623.md) [C:\Projects\Hazina\src\Core\AI\Hazina.AI.RAG\Hazina.AI.RAG.csproj::TargetFramework=net9.0]
C:\Projects\Hazina\src\Core\AI\Hazina.AI.RAG\Embeddings\Models\LLMMetadataResponse.cs(10,54): warning SA1629: Documentation text should end with a period (https://github.com/DotNetAnalyzers/StyleCopAnalyzers/blob/master/documentation/SA1629.md) [C:\Projects\Hazina\src\Core\AI\Hazina.AI.RAG\Hazina.AI.RAG.csproj::TargetFramework=net9.0]
C:\Projects\Hazina\src\Core\AI\Hazina.AI.RAG\Embeddings\Models\LLMMetadataResponse.cs(39,25): warning SA1623: The property's documentation summary text should begin with: 'Gets or sets' (https://github.com/DotNetAnalyzers/StyleCopAnalyzers/blob/master/documentation/SA1623.md) [C:\Projects\Hazina\src\Core\AI\Hazina.AI.RAG\Hazina.AI.RAG.csproj::TargetFramework=net9.0]
C:\Projects\Hazina\src\Core\AI\Hazina.AI.RAG\Embeddings\Models\LLMMetadataResponse.cs(37,52): warning SA1629: Documentation text should end with a period (https://github.com/DotNetAnalyzers/StyleCopAnalyzers/blob/master/documentation/SA1629.md) [C:\Projects\Hazina\src\Core\AI\Hazina.AI.RAG\Hazina.AI.RAG.csproj::TargetFramework=net9.0]
C:\Projects\Hazina\src\Core\AI\Hazina.AI.RAG\Embeddings\Models\LLMMetadataResponse.cs(59,14): warning MA0048: File name must match type name (https://github.com/meziantou/Meziantou.Analyzer/blob/main/docs/Rules/MA0048.md) [C:\Projects\Hazina\src\Core\AI\Hazina.AI.RAG\Hazina.AI.RAG.csproj::TargetFramework=net9.0]
C:\Projects\Hazina\src\Core\AI\Hazina.AI.RAG\Embeddings\Models\LLMMetadataResponse.cs(64,32): warning CA2227: Change 'Chunks' to be read-only by removing the property setter (https://learn.microsoft.com/dotnet/fundamentals/code-analysis/quality-rules/ca2227) [C:\Projects\Hazina\src\Core\AI\Hazina.AI.RAG\Hazina.AI.RAG.csproj::TargetFramework=net9.0]
C:\Projects\Hazina\src\Core\AI\Hazina.AI.RAG\Embeddings\Models\LLMMetadataResponse.cs(64,32): warning CA1002: Change 'List<ChunkMetadata>' in 'BatchChunkMetadata.Chunks' to use 'Collection<T>', 'ReadOnlyCollection<T>' or 'KeyedCollection<K,V>' (https://learn.microsoft.com/dotnet/fundamentals/code-analysis/quality-rules/ca1002) [C:\Projects\Hazina\src\Core\AI\Hazina.AI.RAG\Hazina.AI.RAG.csproj::TargetFramework=net9.0]
C:\Projects\Hazina\src\Core\AI\Hazina.AI.RAG\Embeddings\Models\LLMMetadataResponse.cs(64,12): warning MA0016: Prefer using collection abstraction instead of implementation (https://github.com/meziantou/Meziantou.Analyzer/blob/main/docs/Rules/MA0016.md) [C:\Projects\Hazina\src\Core\AI\Hazina.AI.RAG\Hazina.AI.RAG.csproj::TargetFramework=net9.0]
C:\Projects\Hazina\src\Core\AI\Hazina.AI.RAG\Extensions\RetrievalServiceExtensions.cs(10,71): warning SA1629: Documentation text should end with a period (https://github.com/DotNetAnalyzers/StyleCopAnalyzers/blob/master/documentation/SA1629.md) [C:\Projects\Hazina\src\Core\AI\Hazina.AI.RAG\Hazina.AI.RAG.csproj::TargetFramework=net9.0]
C:\Projects\Hazina\src\Core\AI\Hazina.AI.RAG\Embeddings\HierarchicalChunker.cs(8,68): warning SA1629: Documentation text should end with a period (https://github.com/DotNetAnalyzers/StyleCopAnalyzers/blob/master/documentation/SA1629.md) [C:\Projects\Hazina\src\Core\AI\Hazina.AI.RAG\Hazina.AI.RAG.csproj::TargetFramework=net9.0]
C:\Projects\Hazina\src\Core\AI\Hazina.AI.RAG\Embeddings\Models\LLMMetadataResponse.cs(57,80): warning SA1629: Documentation text should end with a period (https://github.com/DotNetAnalyzers/StyleCopAnalyzers/blob/master/documentation/SA1629.md) [C:\Projects\Hazina\src\Core\AI\Hazina.AI.RAG\Hazina.AI.RAG.csproj::TargetFramework=net9.0]
C:\Projects\Hazina\src\Core\AI\Hazina.AI.RAG\Embeddings\SemanticChunkingOptions.cs(232,13): warning MA0048: File name must match type name (https://github.com/meziantou/Meziantou.Analyzer/blob/main/docs/Rules/MA0048.md) [C:\Projects\Hazina\src\Core\AI\Hazina.AI.RAG\Hazina.AI.RAG.csproj::TargetFramework=net9.0]
C:\Projects\Hazina\src\Core\AI\Hazina.AI.RAG\Embeddings\SemanticChunkingOptions.cs(251,36): warning SA1629: Documentation text should end with a period (https://github.com/DotNetAnalyzers/StyleCopAnalyzers/blob/master/documentation/SA1629.md) [C:\Projects\Hazina\src\Core\AI\Hazina.AI.RAG\Hazina.AI.RAG.csproj::TargetFramework=net9.0]
C:\Projects\Hazina\src\Core\AI\Hazina.AI.RAG\Embeddings\SemanticChunkingOptions.cs(244,45): warning SA1629: Documentation text should end with a period (https://github.com/DotNetAnalyzers/StyleCopAnalyzers/blob/master/documentation/SA1629.md) [C:\Projects\Hazina\src\Core\AI\Hazina.AI.RAG\Hazina.AI.RAG.csproj::TargetFramework=net9.0]
C:\Projects\Hazina\src\Core\AI\Hazina.AI.RAG\Embeddings\SemanticChunkingOptions.cs(270,56): warning SA1629: Documentation text should end with a period (https://github.com/DotNetAnalyzers/StyleCopAnalyzers/blob/master/documentation/SA1629.md) [C:\Projects\Hazina\src\Core\AI\Hazina.AI.RAG\Hazina.AI.RAG.csproj::TargetFramework=net9.0]
C:\Projects\Hazina\src\Core\AI\Hazina.AI.RAG\Embeddings\SemanticChunkingOptions.cs(262,31): warning SA1629: Documentation text should end with a period (https://github.com/DotNetAnalyzers/StyleCopAnalyzers/blob/master/documentation/SA1629.md) [C:\Projects\Hazina\src\Core\AI\Hazina.AI.RAG\Hazina.AI.RAG.csproj::TargetFramework=net9.0]
C:\Projects\Hazina\src\Core\AI\Hazina.AI.RAG\Embeddings\SemanticChunkingOptions.cs(259,13): warning MA0048: File name must match type name (https://github.com/meziantou/Meziantou.Analyzer/blob/main/docs/Rules/MA0048.md) [C:\Projects\Hazina\src\Core\AI\Hazina.AI.RAG\Hazina.AI.RAG.csproj::TargetFramework=net9.0]
C:\Projects\Hazina\src\Core\AI\Hazina.AI.RAG\Embeddings\SemanticChunkingOptions.cs(237,63): warning SA1629: Documentation text should end with a period (https://github.com/DotNetAnalyzers/StyleCopAnalyzers/blob/master/documentation/SA1629.md) [C:\Projects\Hazina\src\Core\AI\Hazina.AI.RAG\Hazina.AI.RAG.csproj::TargetFramework=net9.0]
C:\Projects\Hazina\src\Core\AI\Hazina.AI.RAG\Embeddings\SemanticChunkingOptions.cs(288,13): warning MA0048: File name must match type name (https://github.com/meziantou/Meziantou.Analyzer/blob/main/docs/Rules/MA0048.md) [C:\Projects\Hazina\src\Core\AI\Hazina.AI.RAG\Hazina.AI.RAG.csproj::TargetFramework=net9.0]
C:\Projects\Hazina\src\Core\AI\Hazina.AI.RAG\Embeddings\SemanticChunkingOptions.cs(230,28): warning SA1629: Documentation text should end with a period (https://github.com/DotNetAnalyzers/StyleCopAnalyzers/blob/master/documentation/SA1629.md) [C:\Projects\Hazina\src\Core\AI\Hazina.AI.RAG\Hazina.AI.RAG.csproj::TargetFramework=net9.0]
C:\Projects\Hazina\src\Core\AI\Hazina.AI.RAG\Embeddings\SemanticChunkingOptions.cs(257,30): warning SA1629: Documentation text should end with a period (https://github.com/DotNetAnalyzers/StyleCopAnalyzers/blob/master/documentation/SA1629.md) [C:\Projects\Hazina\src\Core\AI\Hazina.AI.RAG\Hazina.AI.RAG.csproj::TargetFramework=net9.0]
C:\Projects\Hazina\src\Core\AI\Hazina.AI.RAG\Embeddings\SemanticChunkingOptions.cs(286,52): warning SA1629: Documentation text should end with a period (https://github.com/DotNetAnalyzers/StyleCopAnalyzers/blob/master/documentation/SA1629.md) [C:\Projects\Hazina\src\Core\AI\Hazina.AI.RAG\Hazina.AI.RAG.csproj::TargetFramework=net9.0]
C:\Projects\Hazina\src\Core\AI\Hazina.AI.RAG\Embeddings\SemanticChunkingOptions.cs(280,33): warning SA1629: Documentation text should end with a period (https://github.com/DotNetAnalyzers/StyleCopAnalyzers/blob/master/documentation/SA1629.md) [C:\Projects\Hazina\src\Core\AI\Hazina.AI.RAG\Hazina.AI.RAG.csproj::TargetFramework=net9.0]
C:\Projects\Hazina\src\Core\AI\Hazina.AI.RAG\Embeddings\LLMMetadataExtractor.cs(12,14): warning S101: Rename class 'LLMMetadataExtractor' to match pascal case naming rules, consider using 'LlmMetadataExtractor'. (https://rules.sonarsource.com/csharp/RSPEC-101) [C:\Projects\Hazina\src\Core\AI\Hazina.AI.RAG\Hazina.AI.RAG.csproj::TargetFramework=net9.0]
C:\Projects\Hazina\src\Core\AI\Hazina.AI.RAG\Embeddings\SemanticChunkingOptions.cs(296,60): warning SA1629: Documentation text should end with a period (https://github.com/DotNetAnalyzers/StyleCopAnalyzers/blob/master/documentation/SA1629.md) [C:\Projects\Hazina\src\Core\AI\Hazina.AI.RAG\Hazina.AI.RAG.csproj::TargetFramework=net9.0]
C:\Projects\Hazina\src\Core\AI\Hazina.AI.RAG\Embeddings\SemanticChunkingOptions.cs(291,57): warning SA1629: Documentation text should end with a period (https://github.com/DotNetAnalyzers/StyleCopAnalyzers/blob/master/documentation/SA1629.md) [C:\Projects\Hazina\src\Core\AI\Hazina.AI.RAG\Hazina.AI.RAG.csproj::TargetFramework=net9.0]
C:\Projects\Hazina\src\Core\AI\Hazina.AI.RAG\Embeddings\SemanticChunkingOptions.cs(306,37): warning SA1629: Documentation text should end with a period (https://github.com/DotNetAnalyzers/StyleCopAnalyzers/blob/master/documentation/SA1629.md) [C:\Projects\Hazina\src\Core\AI\Hazina.AI.RAG\Hazina.AI.RAG.csproj::TargetFramework=net9.0]
C:\Projects\Hazina\src\Core\AI\Hazina.AI.RAG\Embeddings\SemanticChunkingOptions.cs(311,38): warning SA1629: Documentation text should end with a period (https://github.com/DotNetAnalyzers/StyleCopAnalyzers/blob/master/documentation/SA1629.md) [C:\Projects\Hazina\src\Core\AI\Hazina.AI.RAG\Hazina.AI.RAG.csproj::TargetFramework=net9.0]
C:\Projects\Hazina\src\Core\AI\Hazina.AI.RAG\Embeddings\SemanticChunkingOptions.cs(321,38): warning SA1629: Documentation text should end with a period (https://github.com/DotNetAnalyzers/StyleCopAnalyzers/blob/master/documentation/SA1629.md) [C:\Projects\Hazina\src\Core\AI\Hazina.AI.RAG\Hazina.AI.RAG.csproj::TargetFramework=net9.0]
C:\Projects\Hazina\src\Core\AI\Hazina.AI.RAG\Embeddings\SemanticChunkingOptions.cs(316,28): warning SA1629: Documentation text should end with a period (https://github.com/DotNetAnalyzers/StyleCopAnalyzers/blob/master/documentation/SA1629.md) [C:\Projects\Hazina\src\Core\AI\Hazina.AI.RAG\Hazina.AI.RAG.csproj::TargetFramework=net9.0]
C:\Projects\Hazina\src\Core\AI\Hazina.AI.RAG\Embeddings\LLMMetadataExtractor.cs(10,81): warning SA1629: Documentation text should end with a period (https://github.com/DotNetAnalyzers/StyleCopAnalyzers/blob/master/documentation/SA1629.md) [C:\Projects\Hazina\src\Core\AI\Hazina.AI.RAG\Hazina.AI.RAG.csproj::TargetFramework=net9.0]
C:\Projects\Hazina\src\Core\AI\Hazina.AI.RAG\Embeddings\SemanticChunkingOptions.cs(301,26): warning SA1629: Documentation text should end with a period (https://github.com/DotNetAnalyzers/StyleCopAnalyzers/blob/master/documentation/SA1629.md) [C:\Projects\Hazina\src\Core\AI\Hazina.AI.RAG\Hazina.AI.RAG.csproj::TargetFramework=net9.0]
C:\Projects\Hazina\src\Core\AI\Hazina.AI.RAG\Graph\Pipeline\LLMTextService.cs(9,14): warning S101: Rename class 'LLMTextService' to match pascal case naming rules, consider using 'LlmTextService'. (https://rules.sonarsource.com/csharp/RSPEC-101) [C:\Projects\Hazina\src\Core\AI\Hazina.AI.RAG\Hazina.AI.RAG.csproj::TargetFramework=net9.0]
C:\Projects\Hazina\src\Core\AI\Hazina.AI.RAG\Embeddings\TextChunker.cs(374,13): warning MA0048: File name must match type name (https://github.com/meziantou/Meziantou.Analyzer/blob/main/docs/Rules/MA0048.md) [C:\Projects\Hazina\src\Core\AI\Hazina.AI.RAG\Hazina.AI.RAG.csproj::TargetFramework=net9.0]
C:\Projects\Hazina\src\Core\AI\Hazina.AI.RAG\Embeddings\ContentTypeDetector.cs(1,1): warning SA1633: The file header is missing or not located at the top of the file. (https://github.com/DotNetAnalyzers/StyleCopAnalyzers/blob/master/documentation/SA1633.md) [C:\Projects\Hazina\src\Core\AI\Hazina.AI.RAG\Hazina.AI.RAG.csproj::TargetFramework=net9.0]
C:\Projects\Hazina\src\Core\AI\Hazina.AI.RAG\Embeddings\TextChunker.cs(332,14): warning MA0048: File name must match type name (https://github.com/meziantou/Meziantou.Analyzer/blob/main/docs/Rules/MA0048.md) [C:\Projects\Hazina\src\Core\AI\Hazina.AI.RAG\Hazina.AI.RAG.csproj::TargetFramework=net9.0]
C:\Projects\Hazina\src\Core\AI\Hazina.AI.RAG\Embeddings\TextChunker.cs(338,39): warning CA2227: Change 'Metadata' to be read-only by removing the property setter (https://learn.microsoft.com/dotnet/fundamentals/code-analysis/quality-rules/ca2227) [C:\Projects\Hazina\src\Core\AI\Hazina.AI.RAG\Hazina.AI.RAG.csproj::TargetFramework=net9.0]
C:\Projects\Hazina\src\Core\AI\Hazina.AI.RAG\Embeddings\TextChunker.cs(338,12): warning MA0016: Prefer using collection abstraction instead of implementation (https://github.com/meziantou/Meziantou.Analyzer/blob/main/docs/Rules/MA0016.md) [C:\Projects\Hazina\src\Core\AI\Hazina.AI.RAG\Hazina.AI.RAG.csproj::TargetFramework=net9.0]
C:\Projects\Hazina\src\Core\AI\Hazina.AI.RAG\Embeddings\TextChunker.cs(372,24): warning SA1629: Documentation text should end with a period (https://github.com/DotNetAnalyzers/StyleCopAnalyzers/blob/master/documentation/SA1629.md) [C:\Projects\Hazina\src\Core\AI\Hazina.AI.RAG\Hazina.AI.RAG.csproj::TargetFramework=net9.0]
C:\Projects\Hazina\src\Core\AI\Hazina.AI.RAG\Embeddings\TextChunker.cs(330,29): warning SA1629: Documentation text should end with a period (https://github.com/DotNetAnalyzers/StyleCopAnalyzers/blob/master/documentation/SA1629.md) [C:\Projects\Hazina\src\Core\AI\Hazina.AI.RAG\Hazina.AI.RAG.csproj::TargetFramework=net9.0]
C:\Projects\Hazina\src\Core\AI\Hazina.AI.RAG\Embeddings\TextChunker.cs(335,1): warning SA1516: Elements should be separated by blank line (https://github.com/DotNetAnalyzers/StyleCopAnalyzers/blob/master/documentation/SA1516.md) [C:\Projects\Hazina\src\Core\AI\Hazina.AI.RAG\Hazina.AI.RAG.csproj::TargetFramework=net9.0]
C:\Projects\Hazina\src\Core\AI\Hazina.AI.RAG\Embeddings\TextChunker.cs(336,1): warning SA1516: Elements should be separated by blank line (https://github.com/DotNetAnalyzers/StyleCopAnalyzers/blob/master/documentation/SA1516.md) [C:\Projects\Hazina\src\Core\AI\Hazina.AI.RAG\Hazina.AI.RAG.csproj::TargetFramework=net9.0]
C:\Projects\Hazina\src\Core\AI\Hazina.AI.RAG\Embeddings\TextChunker.cs(337,1): warning SA1516: Elements should be separated by blank line (https://github.com/DotNetAnalyzers/StyleCopAnalyzers/blob/master/documentation/SA1516.md) [C:\Projects\Hazina\src\Core\AI\Hazina.AI.RAG\Hazina.AI.RAG.csproj::TargetFramework=net9.0]
C:\Projects\Hazina\src\Core\AI\Hazina.AI.RAG\Embeddings\TextChunker.cs(338,1): warning SA1516: Elements should be separated by blank line (https://github.com/DotNetAnalyzers/StyleCopAnalyzers/blob/master/documentation/SA1516.md) [C:\Projects\Hazina\src\Core\AI\Hazina.AI.RAG\Hazina.AI.RAG.csproj::TargetFramework=net9.0]
C:\Projects\Hazina\src\Core\AI\Hazina.AI.RAG\Embeddings\TextChunker.cs(350,29): warning SA1623: The property's documentation summary text should begin with: 'Gets or sets' (https://github.com/DotNetAnalyzers/StyleCopAnalyzers/blob/master/documentation/SA1623.md) [C:\Projects\Hazina\src\Core\AI\Hazina.AI.RAG\Hazina.AI.RAG.csproj::TargetFramework=net9.0]
C:\Projects\Hazina\src\Core\AI\Hazina.AI.RAG\Embeddings\Models\LLMMetadataResponse.cs(64,32): warning SA1623: The property's documentation summary text should begin with: 'Gets or sets' (https://github.com/DotNetAnalyzers/StyleCopAnalyzers/blob/master/documentation/SA1623.md) [C:\Projects\Hazina\src\Core\AI\Hazina.AI.RAG\Hazina.AI.RAG.csproj::TargetFramework=net9.0]
C:\Projects\Hazina\src\Core\AI\Hazina.AI.RAG\Embeddings\TextChunker.cs(348,50): warning SA1629: Documentation text should end with a period (https://github.com/DotNetAnalyzers/StyleCopAnalyzers/blob/master/documentation/SA1629.md) [C:\Projects\Hazina\src\Core\AI\Hazina.AI.RAG\Hazina.AI.RAG.csproj::TargetFramework=net9.0]
C:\Projects\Hazina\src\Core\AI\Hazina.AI.RAG\Embeddings\Models\LLMMetadataResponse.cs(62,72): warning SA1629: Documentation text should end with a period (https://github.com/DotNetAnalyzers/StyleCopAnalyzers/blob/master/documentation/SA1629.md) [C:\Projects\Hazina\src\Core\AI\Hazina.AI.RAG\Hazina.AI.RAG.csproj::TargetFramework=net9.0]
C:\Projects\Hazina\src\Core\AI\Hazina.AI.RAG\Embeddings\TextChunker.cs(356,16): warning SA1623: The property's documentation summary text should begin with: 'Gets or sets' (https://github.com/DotNetAnalyzers/StyleCopAnalyzers/blob/master/documentation/SA1623.md) [C:\Projects\Hazina\src\Core\AI\Hazina.AI.RAG\Hazina.AI.RAG.csproj::TargetFramework=net9.0]
C:\Projects\Hazina\src\Core\AI\Hazina.AI.RAG\Embeddings\TextChunker.cs(354,22): warning SA1629: Documentation text should end with a period (https://github.com/DotNetAnalyzers/StyleCopAnalyzers/blob/master/documentation/SA1629.md) [C:\Projects\Hazina\src\Core\AI\Hazina.AI.RAG\Hazina.AI.RAG.csproj::TargetFramework=net9.0]
C:\Projects\Hazina\src\Core\AI\Hazina.AI.RAG\Embeddings\TextChunker.cs(368,37): warning SA1623: The property's documentation summary text should begin with: 'Gets or sets' (https://github.com/DotNetAnalyzers/StyleCopAnalyzers/blob/master/documentation/SA1623.md) [C:\Projects\Hazina\src\Core\AI\Hazina.AI.RAG\Hazina.AI.RAG.csproj::TargetFramework=net9.0]
C:\Projects\Hazina\src\Core\AI\Hazina.AI.RAG\Retrieval\LlmJudgeReranker.cs(123,14): warning MA0048: File name must match type name (https://github.com/meziantou/Meziantou.Analyzer/blob/main/docs/Rules/MA0048.md) [C:\Projects\Hazina\src\Core\AI\Hazina.AI.RAG\Hazina.AI.RAG.csproj::TargetFramework=net9.0]
C:\Projects\Hazina\src\Core\AI\Hazina.AI.RAG\Embeddings\TextChunker.cs(366,44): warning SA1629: Documentation text should end with a period (https://github.com/DotNetAnalyzers/StyleCopAnalyzers/blob/master/documentation/SA1629.md) [C:\Projects\Hazina\src\Core\AI\Hazina.AI.RAG\Hazina.AI.RAG.csproj::TargetFramework=net9.0]
C:\Projects\Hazina\src\Core\AI\Hazina.AI.RAG\Embeddings\TextChunker.cs(362,16): warning SA1623: The property's documentation summary text should begin with: 'Gets or sets' (https://github.com/DotNetAnalyzers/StyleCopAnalyzers/blob/master/documentation/SA1623.md) [C:\Projects\Hazina\src\Core\AI\Hazina.AI.RAG\Hazina.AI.RAG.csproj::TargetFramework=net9.0]
C:\Projects\Hazina\src\Core\AI\Hazina.AI.RAG\Embeddings\TextChunker.cs(360,21): warning SA1629: Documentation text should end with a period (https://github.com/DotNetAnalyzers/StyleCopAnalyzers/blob/master/documentation/SA1629.md) [C:\Projects\Hazina\src\Core\AI\Hazina.AI.RAG\Hazina.AI.RAG.csproj::TargetFramework=net9.0]
C:\Projects\Hazina\src\Core\AI\Hazina.AI.RAG\Retrieval\LlmJudgeReranker.cs(121,47): warning SA1629: Documentation text should end with a period (https://github.com/DotNetAnalyzers/StyleCopAnalyzers/blob/master/documentation/SA1629.md) [C:\Projects\Hazina\src\Core\AI\Hazina.AI.RAG\Hazina.AI.RAG.csproj::TargetFramework=net9.0]
C:\Projects\Hazina\src\Core\AI\Hazina.AI.RAG\Embeddings\TextChunker.cs(368,67): warning CA1805: Member 'SemanticOptions' is explicitly initialized to its default value (https://learn.microsoft.com/dotnet/fundamentals/code-analysis/quality-rules/ca1805) [C:\Projects\Hazina\src\Core\AI\Hazina.AI.RAG\Hazina.AI.RAG.csproj::TargetFramework=net9.0]
C:\Projects\Hazina\src\Core\AI\Hazina.AI.RAG\Embeddings\TextChunker.cs(344,14): warning MA0048: File name must match type name (https://github.com/meziantou/Meziantou.Analyzer/blob/main/docs/Rules/MA0048.md) [C:\Projects\Hazina\src\Core\AI\Hazina.AI.RAG\Hazina.AI.RAG.csproj::TargetFramework=net9.0]
C:\Projects\Hazina\src\Core\AI\Hazina.AI.RAG\Retrieval\LlmJudgeReranker.cs(135,19): warning SA1623: The property's documentation summary text should begin with: 'Gets or sets' (https://github.com/DotNetAnalyzers/StyleCopAnalyzers/blob/master/documentation/SA1623.md) [C:\Projects\Hazina\src\Core\AI\Hazina.AI.RAG\Hazina.AI.RAG.csproj::TargetFramework=net9.0]
C:\Projects\Hazina\src\Core\AI\Hazina.AI.RAG\Utilities\SentenceSplitter.cs(7,69): warning SA1629: Documentation text should end with a period (https://github.com/DotNetAnalyzers/StyleCopAnalyzers/blob/master/documentation/SA1629.md) [C:\Projects\Hazina\src\Core\AI\Hazina.AI.RAG\Hazina.AI.RAG.csproj::TargetFramework=net9.0]
C:\Projects\Hazina\src\Core\AI\Hazina.AI.RAG\Graph\Models\GraphRelationship.cs(24,14): warning MA0048: File name must match type name (https://github.com/meziantou/Meziantou.Analyzer/blob/main/docs/Rules/MA0048.md) [C:\Projects\Hazina\src\Core\AI\Hazina.AI.RAG\Hazina.AI.RAG.csproj::TargetFramework=net9.0]
C:\Projects\Hazina\src\Core\AI\Hazina.AI.RAG\Retrieval\LlmJudgeReranker.cs(148,16): warning SA1623: The property's documentation summary text should begin with: 'Gets or sets' (https://github.com/DotNetAnalyzers/StyleCopAnalyzers/blob/master/documentation/SA1623.md) [C:\Projects\Hazina\src\Core\AI\Hazina.AI.RAG\Hazina.AI.RAG.csproj::TargetFramework=net9.0]
C:\Projects\Hazina\src\Core\AI\Hazina.AI.RAG\Embeddings\TextChunker.cs(338,64): warning MA0002: Use an overload that has a IEqualityComparer<string> or IComparer<string> parameter (https://github.com/meziantou/Meziantou.Analyzer/blob/main/docs/Rules/MA0002.md) [C:\Projects\Hazina\src\Core\AI\Hazina.AI.RAG\Hazina.AI.RAG.csproj::TargetFramework=net9.0]
C:\Projects\Hazina\src\Core\AI\Hazina.AI.RAG\Retrieval\LlmJudgeReranker.cs(146,81): warning SA1629: Documentation text should end with a period (https://github.com/DotNetAnalyzers/StyleCopAnalyzers/blob/master/documentation/SA1629.md) [C:\Projects\Hazina\src\Core\AI\Hazina.AI.RAG\Hazina.AI.RAG.csproj::TargetFramework=net9.0]
C:\Projects\Hazina\src\Core\AI\Hazina.AI.RAG\Graph\Models\GraphRelationship.cs(27,1): warning SA1516: Elements should be separated by blank line (https://github.com/DotNetAnalyzers/StyleCopAnalyzers/blob/master/documentation/SA1516.md) [C:\Projects\Hazina\src\Core\AI\Hazina.AI.RAG\Hazina.AI.RAG.csproj::TargetFramework=net9.0]
C:\Projects\Hazina\src\Core\AI\Hazina.AI.RAG\Graph\Models\GraphRelationship.cs(28,1): warning SA1516: Elements should be separated by blank line (https://github.com/DotNetAnalyzers/StyleCopAnalyzers/blob/master/documentation/SA1516.md) [C:\Projects\Hazina\src\Core\AI\Hazina.AI.RAG\Hazina.AI.RAG.csproj::TargetFramework=net9.0]
C:\Projects\Hazina\src\Core\AI\Hazina.AI.RAG\Embeddings\SemanticChunkingOptions.cs(20,33): warning SA1623: The property's documentation summary text should begin with: 'Gets or sets' (https://github.com/DotNetAnalyzers/StyleCopAnalyzers/blob/master/documentation/SA1623.md) [C:\Projects\Hazina\src\Core\AI\Hazina.AI.RAG\Hazina.AI.RAG.csproj::TargetFramework=net9.0]
C:\Projects\Hazina\src\Core\AI\Hazina.AI.RAG\Embeddings\SemanticChunkingOptions.cs(14,17): warning SA1623: The property's documentation summary text should begin with: 'Gets or sets a value indicating whether' (https://github.com/DotNetAnalyzers/StyleCopAnalyzers/blob/master/documentation/SA1623.md) [C:\Projects\Hazina\src\Core\AI\Hazina.AI.RAG\Hazina.AI.RAG.csproj::TargetFramework=net9.0]
C:\Projects\Hazina\src\Core\AI\Hazina.AI.RAG\Embeddings\SemanticChunkingOptions.cs(12,22): warning SA1629: Documentation text should end with a period (https://github.com/DotNetAnalyzers/StyleCopAnalyzers/blob/master/documentation/SA1629.md) [C:\Projects\Hazina\src\Core\AI\Hazina.AI.RAG\Hazina.AI.RAG.csproj::TargetFramework=net9.0]
C:\Projects\Hazina\src\Core\AI\Hazina.AI.RAG\Embeddings\SemanticChunkingOptions.cs(18,45): warning SA1629: Documentation text should end with a period (https://github.com/DotNetAnalyzers/StyleCopAnalyzers/blob/master/documentation/SA1629.md) [C:\Projects\Hazina\src\Core\AI\Hazina.AI.RAG\Hazina.AI.RAG.csproj::TargetFramework=net9.0]
C:\Projects\Hazina\src\Core\AI\Hazina.AI.RAG\Embeddings\SemanticChunkingOptions.cs(29,19): warning SA1623: The property's documentation summary text should begin with: 'Gets or sets' (https://github.com/DotNetAnalyzers/StyleCopAnalyzers/blob/master/documentation/SA1623.md) [C:\Projects\Hazina\src\Core\AI\Hazina.AI.RAG\Hazina.AI.RAG.csproj::TargetFramework=net9.0]
C:\Projects\Hazina\src\Core\AI\Hazina.AI.RAG\Embeddings\EmbeddingCache.cs(1,1): warning SA1633: The file header is missing or not located at the top of the file. (https://github.com/DotNetAnalyzers/StyleCopAnalyzers/blob/master/documentation/SA1633.md) [C:\Projects\Hazina\src\Core\AI\Hazina.AI.RAG\Hazina.AI.RAG.csproj::TargetFramework=net9.0]
C:\Projects\Hazina\src\Core\AI\Hazina.AI.RAG\Embeddings\SemanticChunkingOptions.cs(27,37): warning SA1629: Documentation text should end with a period (https://github.com/DotNetAnalyzers/StyleCopAnalyzers/blob/master/documentation/SA1629.md) [C:\Projects\Hazina\src\Core\AI\Hazina.AI.RAG\Hazina.AI.RAG.csproj::TargetFramework=net9.0]
C:\Projects\Hazina\src\Core\AI\Hazina.AI.RAG\Embeddings\EmbeddingCache.cs(150,14): warning SA1402: File may only contain a single type (https://github.com/DotNetAnalyzers/StyleCopAnalyzers/blob/master/documentation/SA1402.md) [C:\Projects\Hazina\src\Core\AI\Hazina.AI.RAG\Hazina.AI.RAG.csproj::TargetFramework=net9.0]
C:\Projects\Hazina\src\Core\AI\Hazina.AI.RAG\Embeddings\SemanticChunkingOptions.cs(56,19): warning SA1623: The property's documentation summary text should begin with: 'Gets or sets' (https://github.com/DotNetAnalyzers/StyleCopAnalyzers/blob/master/documentation/SA1623.md) [C:\Projects\Hazina\src\Core\AI\Hazina.AI.RAG\Hazina.AI.RAG.csproj::TargetFramework=net9.0]
C:\Projects\Hazina\src\Core\AI\Hazina.AI.RAG\Embeddings\SemanticChunkingOptions.cs(54,22): warning SA1629: Documentation text should end with a period (https://github.com/DotNetAnalyzers/StyleCopAnalyzers/blob/master/documentation/SA1629.md) [C:\Projects\Hazina\src\Core\AI\Hazina.AI.RAG\Hazina.AI.RAG.csproj::TargetFramework=net9.0]
C:\Projects\Hazina\src\Core\AI\Hazina.AI.RAG\Embeddings\SemanticChunkingOptions.cs(66,19): warning SA1623: The property's documentation summary text should begin with: 'Gets or sets' (https://github.com/DotNetAnalyzers/StyleCopAnalyzers/blob/master/documentation/SA1623.md) [C:\Projects\Hazina\src\Core\AI\Hazina.AI.RAG\Hazina.AI.RAG.csproj::TargetFramework=net9.0]
C:\Projects\Hazina\src\Core\AI\Hazina.AI.RAG\Embeddings\SemanticChunkingOptions.cs(74,17): warning SA1623: The property's documentation summary text should begin with: 'Gets or sets a value indicating whether' (https://github.com/DotNetAnalyzers/StyleCopAnalyzers/blob/master/documentation/SA1623.md) [C:\Projects\Hazina\src\Core\AI\Hazina.AI.RAG\Hazina.AI.RAG.csproj::TargetFramework=net9.0]
C:\Projects\Hazina\src\Core\AI\Hazina.AI.RAG\Embeddings\SemanticChunkingOptions.cs(90,16): warning SA1623: The property's documentation summary text should begin with: 'Gets or sets' (https://github.com/DotNetAnalyzers/StyleCopAnalyzers/blob/master/documentation/SA1623.md) [C:\Projects\Hazina\src\Core\AI\Hazina.AI.RAG\Hazina.AI.RAG.csproj::TargetFramework=net9.0]
C:\Projects\Hazina\src\Core\AI\Hazina.AI.RAG\Embeddings\SemanticChunkingOptions.cs(64,22): warning SA1629: Documentation text should end with a period (https://github.com/DotNetAnalyzers/StyleCopAnalyzers/blob/master/documentation/SA1629.md) [C:\Projects\Hazina\src\Core\AI\Hazina.AI.RAG\Hazina.AI.RAG.csproj::TargetFramework=net9.0]
C:\Projects\Hazina\src\Core\AI\Hazina.AI.RAG\Embeddings\SemanticChunkingOptions.cs(72,23): warning SA1629: Documentation text should end with a period (https://github.com/DotNetAnalyzers/StyleCopAnalyzers/blob/master/documentation/SA1629.md) [C:\Projects\Hazina\src\Core\AI\Hazina.AI.RAG\Hazina.AI.RAG.csproj::TargetFramework=net9.0]
C:\Projects\Hazina\src\Core\AI\Hazina.AI.RAG\Embeddings\SemanticChunkingOptions.cs(88,21): warning SA1629: Documentation text should end with a period (https://github.com/DotNetAnalyzers/StyleCopAnalyzers/blob/master/documentation/SA1629.md) [C:\Projects\Hazina\src\Core\AI\Hazina.AI.RAG\Hazina.AI.RAG.csproj::TargetFramework=net9.0]
C:\Projects\Hazina\src\Core\AI\Hazina.AI.RAG\Embeddings\TextChunker.cs(342,26): warning SA1629: Documentation text should end with a period (https://github.com/DotNetAnalyzers/StyleCopAnalyzers/blob/master/documentation/SA1629.md) [C:\Projects\Hazina\src\Core\AI\Hazina.AI.RAG\Hazina.AI.RAG.csproj::TargetFramework=net9.0]
C:\Projects\Hazina\src\Core\AI\Hazina.AI.RAG\Embeddings\SemanticChunkingOptions.cs(74,49): warning CA1805: Member 'UseRollingAverage' is explicitly initialized to its default value (https://learn.microsoft.com/dotnet/fundamentals/code-analysis/quality-rules/ca1805) [C:\Projects\Hazina\src\Core\AI\Hazina.AI.RAG\Hazina.AI.RAG.csproj::TargetFramework=net9.0]
C:\Projects\Hazina\src\Core\AI\Hazina.AI.RAG\Embeddings\SemanticChunkingOptions.cs(81,16): warning SA1623: The property's documentation summary text should begin with: 'Gets or sets' (https://github.com/DotNetAnalyzers/StyleCopAnalyzers/blob/master/documentation/SA1623.md) [C:\Projects\Hazina\src\Core\AI\Hazina.AI.RAG\Hazina.AI.RAG.csproj::TargetFramework=net9.0]
C:\Projects\Hazina\src\Core\AI\Hazina.AI.RAG\Embeddings\SemanticChunkingOptions.cs(79,19): warning SA1629: Documentation text should end with a period (https://github.com/DotNetAnalyzers/StyleCopAnalyzers/blob/master/documentation/SA1629.md) [C:\Projects\Hazina\src\Core\AI\Hazina.AI.RAG\Hazina.AI.RAG.csproj::TargetFramework=net9.0]
C:\Projects\Hazina\src\Core\AI\Hazina.AI.RAG\Embeddings\SemanticChunkingOptions.cs(106,17): warning SA1623: The property's documentation summary text should begin with: 'Gets or sets' (https://github.com/DotNetAnalyzers/StyleCopAnalyzers/blob/master/documentation/SA1623.md) [C:\Projects\Hazina\src\Core\AI\Hazina.AI.RAG\Hazina.AI.RAG.csproj::TargetFramework=net9.0]
C:\Projects\Hazina\src\Core\AI\Hazina.AI.RAG\Embeddings\SemanticChunkingOptions.cs(104,21): warning SA1629: Documentation text should end with a period (https://github.com/DotNetAnalyzers/StyleCopAnalyzers/blob/master/documentation/SA1629.md) [C:\Projects\Hazina\src\Core\AI\Hazina.AI.RAG\Hazina.AI.RAG.csproj::TargetFramework=net9.0]
C:\Projects\Hazina\src\Core\AI\Hazina.AI.RAG\Embeddings\SemanticChunkingOptions.cs(139,20): warning SA1623: The property's documentation summary text should begin with: 'Gets or sets' (https://github.com/DotNetAnalyzers/StyleCopAnalyzers/blob/master/documentation/SA1623.md) [C:\Projects\Hazina\src\Core\AI\Hazina.AI.RAG\Hazina.AI.RAG.csproj::TargetFramework=net9.0]
C:\Projects\Hazina\src\Core\AI\Hazina.AI.RAG\Embeddings\SemanticChunkingOptions.cs(4,65): warning SA1629: Documentation text should end with a period (https://github.com/DotNetAnalyzers/StyleCopAnalyzers/blob/master/documentation/SA1629.md) [C:\Projects\Hazina\src\Core\AI\Hazina.AI.RAG\Hazina.AI.RAG.csproj::TargetFramework=net9.0]
C:\Projects\Hazina\src\Core\AI\Hazina.AI.RAG\Embeddings\SemanticChunkingOptions.cs(137,22): warning SA1629: Documentation text should end with a period (https://github.com/DotNetAnalyzers/StyleCopAnalyzers/blob/master/documentation/SA1629.md) [C:\Projects\Hazina\src\Core\AI\Hazina.AI.RAG\Hazina.AI.RAG.csproj::TargetFramework=net9.0]
C:\Projects\Hazina\src\Core\AI\Hazina.AI.RAG\Embeddings\SemanticChunkingOptions.cs(139,51): warning CA1805: Member 'LLMMetadataModel' is explicitly initialized to its default value (https://learn.microsoft.com/dotnet/fundamentals/code-analysis/quality-rules/ca1805) [C:\Projects\Hazina\src\Core\AI\Hazina.AI.RAG\Hazina.AI.RAG.csproj::TargetFramework=net9.0]
C:\Projects\Hazina\src\Core\AI\Hazina.AI.RAG\Embeddings\SemanticChunkingOptions.cs(43,17): warning SA1623: The property's documentation summary text should begin with: 'Gets or sets' (https://github.com/DotNetAnalyzers/StyleCopAnalyzers/blob/master/documentation/SA1623.md) [C:\Projects\Hazina\src\Core\AI\Hazina.AI.RAG\Hazina.AI.RAG.csproj::TargetFramework=net9.0]
C:\Projects\Hazina\src\Core\AI\Hazina.AI.RAG\Embeddings\SemanticChunkingOptions.cs(41,22): warning SA1629: Documentation text should end with a period (https://github.com/DotNetAnalyzers/StyleCopAnalyzers/blob/master/documentation/SA1629.md) [C:\Projects\Hazina\src\Core\AI\Hazina.AI.RAG\Hazina.AI.RAG.csproj::TargetFramework=net9.0]
C:\Projects\Hazina\src\Core\AI\Hazina.AI.RAG\Embeddings\SemanticChunkingOptions.cs(36,16): warning SA1623: The property's documentation summary text should begin with: 'Gets or sets' (https://github.com/DotNetAnalyzers/StyleCopAnalyzers/blob/master/documentation/SA1623.md) [C:\Projects\Hazina\src\Core\AI\Hazina.AI.RAG\Hazina.AI.RAG.csproj::TargetFramework=net9.0]
C:\Projects\Hazina\src\Core\AI\Hazina.AI.RAG\Embeddings\SemanticChunkingOptions.cs(34,20): warning SA1629: Documentation text should end with a period (https://github.com/DotNetAnalyzers/StyleCopAnalyzers/blob/master/documentation/SA1629.md) [C:\Projects\Hazina\src\Core\AI\Hazina.AI.RAG\Hazina.AI.RAG.csproj::TargetFramework=net9.0]
C:\Projects\Hazina\src\Core\AI\Hazina.AI.RAG\Embeddings\SemanticChunkingOptions.cs(147,17): warning SA1623: The property's documentation summary text should begin with: 'Gets or sets a value indicating whether' (https://github.com/DotNetAnalyzers/StyleCopAnalyzers/blob/master/documentation/SA1623.md) [C:\Projects\Hazina\src\Core\AI\Hazina.AI.RAG\Hazina.AI.RAG.csproj::TargetFramework=net9.0]
C:\Projects\Hazina\src\Core\AI\Hazina.AI.RAG\Embeddings\SemanticChunkingOptions.cs(114,17): warning SA1623: The property's documentation summary text should begin with: 'Gets or sets a value indicating whether' (https://github.com/DotNetAnalyzers/StyleCopAnalyzers/blob/master/documentation/SA1623.md) [C:\Projects\Hazina\src\Core\AI\Hazina.AI.RAG\Hazina.AI.RAG.csproj::TargetFramework=net9.0]
C:\Projects\Hazina\src\Core\AI\Hazina.AI.RAG\Embeddings\SemanticChunkingOptions.cs(145,22): warning SA1629: Documentation text should end with a period (https://github.com/DotNetAnalyzers/StyleCopAnalyzers/blob/master/documentation/SA1629.md) [C:\Projects\Hazina\src\Core\AI\Hazina.AI.RAG\Hazina.AI.RAG.csproj::TargetFramework=net9.0]
C:\Projects\Hazina\src\Core\AI\Hazina.AI.RAG\Embeddings\SemanticChunkingOptions.cs(112,22): warning SA1629: Documentation text should end with a period (https://github.com/DotNetAnalyzers/StyleCopAnalyzers/blob/master/documentation/SA1629.md) [C:\Projects\Hazina\src\Core\AI\Hazina.AI.RAG\Hazina.AI.RAG.csproj::TargetFramework=net9.0]
C:\Projects\Hazina\src\Core\AI\Hazina.AI.RAG\Embeddings\SemanticChunkingOptions.cs(164,17): warning SA1623: The property's documentation summary text should begin with: 'Gets or sets a value indicating whether' (https://github.com/DotNetAnalyzers/StyleCopAnalyzers/blob/master/documentation/SA1623.md) [C:\Projects\Hazina\src\Core\AI\Hazina.AI.RAG\Hazina.AI.RAG.csproj::TargetFramework=net9.0]
C:\Projects\Hazina\src\Core\AI\Hazina.AI.RAG\Embeddings\HierarchicalChunker.cs(1,1): warning SA1633: The file header is missing or not located at the top of the file. (https://github.com/DotNetAnalyzers/StyleCopAnalyzers/blob/master/documentation/SA1633.md) [C:\Projects\Hazina\src\Core\AI\Hazina.AI.RAG\Hazina.AI.RAG.csproj::TargetFramework=net9.0]
C:\Projects\Hazina\src\Core\AI\Hazina.AI.RAG\Embeddings\SemanticChunkingOptions.cs(43,49): warning CA1805: Member 'MaxSentenceLength' is explicitly initialized to its default value (https://learn.microsoft.com/dotnet/fundamentals/code-analysis/quality-rules/ca1805) [C:\Projects\Hazina\src\Core\AI\Hazina.AI.RAG\Hazina.AI.RAG.csproj::TargetFramework=net9.0]
C:\Projects\Hazina\src\Core\AI\Hazina.AI.RAG\Embeddings\SemanticChunkingOptions.cs(162,23): warning SA1629: Documentation text should end with a period (https://github.com/DotNetAnalyzers/StyleCopAnalyzers/blob/master/documentation/SA1629.md) [C:\Projects\Hazina\src\Core\AI\Hazina.AI.RAG\Hazina.AI.RAG.csproj::TargetFramework=net9.0]
C:\Projects\Hazina\src\Core\AI\Hazina.AI.RAG\Embeddings\SemanticChunkingOptions.cs(178,16): warning SA1623: The property's documentation summary text should begin with: 'Gets or sets' (https://github.com/DotNetAnalyzers/StyleCopAnalyzers/blob/master/documentation/SA1623.md) [C:\Projects\Hazina\src\Core\AI\Hazina.AI.RAG\Hazina.AI.RAG.csproj::TargetFramework=net9.0]
C:\Projects\Hazina\src\Core\AI\Hazina.AI.RAG\Embeddings\SemanticChunkingOptions.cs(164,55): warning CA1805: Member 'UseHierarchicalChunking' is explicitly initialized to its default value (https://learn.microsoft.com/dotnet/fundamentals/code-analysis/quality-rules/ca1805) [C:\Projects\Hazina\src\Core\AI\Hazina.AI.RAG\Hazina.AI.RAG.csproj::TargetFramework=net9.0]
C:\Projects\Hazina\src\Core\AI\Hazina.AI.RAG\Embeddings\SemanticChunkingOptions.cs(176,22): warning SA1629: Documentation text should end with a period (https://github.com/DotNetAnalyzers/StyleCopAnalyzers/blob/master/documentation/SA1629.md) [C:\Projects\Hazina\src\Core\AI\Hazina.AI.RAG\Hazina.AI.RAG.csproj::TargetFramework=net9.0]
C:\Projects\Hazina\src\Core\AI\Hazina.AI.RAG\Embeddings\SemanticChunkingOptions.cs(171,16): warning SA1623: The property's documentation summary text should begin with: 'Gets or sets' (https://github.com/DotNetAnalyzers/StyleCopAnalyzers/blob/master/documentation/SA1623.md) [C:\Projects\Hazina\src\Core\AI\Hazina.AI.RAG\Hazina.AI.RAG.csproj::TargetFramework=net9.0]
C:\Projects\Hazina\src\Core\AI\Hazina.AI.RAG\Embeddings\SemanticChunkingOptions.cs(97,16): warning SA1623: The property's documentation summary text should begin with: 'Gets or sets' (https://github.com/DotNetAnalyzers/StyleCopAnalyzers/blob/master/documentation/SA1623.md) [C:\Projects\Hazina\src\Core\AI\Hazina.AI.RAG\Hazina.AI.RAG.csproj::TargetFramework=net9.0]
C:\Projects\Hazina\src\Core\AI\Hazina.AI.RAG\Embeddings\SemanticChunkingOptions.cs(131,17): warning SA1623: The property's documentation summary text should begin with: 'Gets or sets a value indicating whether' (https://github.com/DotNetAnalyzers/StyleCopAnalyzers/blob/master/documentation/SA1623.md) [C:\Projects\Hazina\src\Core\AI\Hazina.AI.RAG\Hazina.AI.RAG.csproj::TargetFramework=net9.0]
C:\Projects\Hazina\src\Core\AI\Hazina.AI.RAG\Embeddings\SemanticChunkingOptions.cs(95,22): warning SA1629: Documentation text should end with a period (https://github.com/DotNetAnalyzers/StyleCopAnalyzers/blob/master/documentation/SA1629.md) [C:\Projects\Hazina\src\Core\AI\Hazina.AI.RAG\Hazina.AI.RAG.csproj::TargetFramework=net9.0]
C:\Projects\Hazina\src\Core\AI\Hazina.AI.RAG\Embeddings\SemanticChunkingOptions.cs(129,23): warning SA1629: Documentation text should end with a period (https://github.com/DotNetAnalyzers/StyleCopAnalyzers/blob/master/documentation/SA1629.md) [C:\Projects\Hazina\src\Core\AI\Hazina.AI.RAG\Hazina.AI.RAG.csproj::TargetFramework=net9.0]
C:\Projects\Hazina\src\Core\AI\Hazina.AI.RAG\Retrieval\LlmJudgeReranker.cs(128,19): warning SA1623: The property's documentation summary text should begin with: 'Gets or sets' (https://github.com/DotNetAnalyzers/StyleCopAnalyzers/blob/master/documentation/SA1623.md) [C:\Projects\Hazina\src\Core\AI\Hazina.AI.RAG\Hazina.AI.RAG.csproj::TargetFramework=net9.0]
C:\Projects\Hazina\src\Core\AI\Hazina.AI.RAG\Retrieval\LlmJudgeReranker.cs(126,57): warning SA1629: Documentation text should end with a period (https://github.com/DotNetAnalyzers/StyleCopAnalyzers/blob/master/documentation/SA1629.md) [C:\Projects\Hazina\src\Core\AI\Hazina.AI.RAG\Hazina.AI.RAG.csproj::TargetFramework=net9.0]
C:\Projects\Hazina\src\Core\AI\Hazina.AI.RAG\Embeddings\SemanticChunkingOptions.cs(131,46): warning CA1805: Member 'UseLLMMetadata' is explicitly initialized to its default value (https://learn.microsoft.com/dotnet/fundamentals/code-analysis/quality-rules/ca1805) [C:\Projects\Hazina\src\Core\AI\Hazina.AI.RAG\Hazina.AI.RAG.csproj::TargetFramework=net9.0]
C:\Projects\Hazina\src\Core\AI\Hazina.AI.RAG\Embeddings\SemanticChunkingOptions.cs(169,23): warning SA1629: Documentation text should end with a period (https://github.com/DotNetAnalyzers/StyleCopAnalyzers/blob/master/documentation/SA1629.md) [C:\Projects\Hazina\src\Core\AI\Hazina.AI.RAG\Hazina.AI.RAG.csproj::TargetFramework=net9.0]
C:\Projects\Hazina\src\Core\AI\Hazina.AI.RAG\Embeddings\SemanticChunkingOptions.cs(154,16): warning SA1623: The property's documentation summary text should begin with: 'Gets or sets' (https://github.com/DotNetAnalyzers/StyleCopAnalyzers/blob/master/documentation/SA1623.md) [C:\Projects\Hazina\src\Core\AI\Hazina.AI.RAG\Hazina.AI.RAG.csproj::TargetFramework=net9.0]
C:\Projects\Hazina\src\Core\AI\Hazina.AI.RAG\Embeddings\SemanticChunkingOptions.cs(123,35): warning SA1623: The property's documentation summary text should begin with: 'Gets or sets' (https://github.com/DotNetAnalyzers/StyleCopAnalyzers/blob/master/documentation/SA1623.md) [C:\Projects\Hazina\src\Core\AI\Hazina.AI.RAG\Hazina.AI.RAG.csproj::TargetFramework=net9.0]
C:\Projects\Hazina\src\Core\AI\Hazina.AI.RAG\Embeddings\SemanticChunkingOptions.cs(212,17): warning SA1623: The property's documentation summary text should begin with: 'Gets or sets a value indicating whether' (https://github.com/DotNetAnalyzers/StyleCopAnalyzers/blob/master/documentation/SA1623.md) [C:\Projects\Hazina\src\Core\AI\Hazina.AI.RAG\Hazina.AI.RAG.csproj::TargetFramework=net9.0]
C:\Projects\Hazina\src\Core\AI\Hazina.AI.RAG\Embeddings\SemanticChunkingOptions.cs(152,20): warning SA1629: Documentation text should end with a period (https://github.com/DotNetAnalyzers/StyleCopAnalyzers/blob/master/documentation/SA1629.md) [C:\Projects\Hazina\src\Core\AI\Hazina.AI.RAG\Hazina.AI.RAG.csproj::TargetFramework=net9.0]
C:\Projects\Hazina\src\Core\AI\Hazina.AI.RAG\Embeddings\SemanticChunkingOptions.cs(210,22): warning SA1629: Documentation text should end with a period (https://github.com/DotNetAnalyzers/StyleCopAnalyzers/blob/master/documentation/SA1629.md) [C:\Projects\Hazina\src\Core\AI\Hazina.AI.RAG\Hazina.AI.RAG.csproj::TargetFramework=net9.0]
C:\Projects\Hazina\src\Core\AI\Hazina.AI.RAG\Embeddings\SemanticChunkingOptions.cs(121,30): warning SA1629: Documentation text should end with a period (https://github.com/DotNetAnalyzers/StyleCopAnalyzers/blob/master/documentation/SA1629.md) [C:\Projects\Hazina\src\Core\AI\Hazina.AI.RAG\Hazina.AI.RAG.csproj::TargetFramework=net9.0]
C:\Projects\Hazina\src\Core\AI\Hazina.AI.RAG\Embeddings\SemanticChunkingOptions.cs(220,33): warning SA1623: The property's documentation summary text should begin with: 'Gets or sets' (https://github.com/DotNetAnalyzers/StyleCopAnalyzers/blob/master/documentation/SA1623.md) [C:\Projects\Hazina\src\Core\AI\Hazina.AI.RAG\Hazina.AI.RAG.csproj::TargetFramework=net9.0]
C:\Projects\Hazina\src\Core\AI\Hazina.AI.RAG\Embeddings\SemanticChunkingOptions.cs(205,29): warning SA1623: The property's documentation summary text should begin with: 'Gets or sets' (https://github.com/DotNetAnalyzers/StyleCopAnalyzers/blob/master/documentation/SA1623.md) [C:\Projects\Hazina\src\Core\AI\Hazina.AI.RAG\Hazina.AI.RAG.csproj::TargetFramework=net9.0]
C:\Projects\Hazina\src\Core\AI\Hazina.AI.RAG\Embeddings\SemanticChunkingOptions.cs(218,36): warning SA1629: Documentation text should end with a period (https://github.com/DotNetAnalyzers/StyleCopAnalyzers/blob/master/documentation/SA1629.md) [C:\Projects\Hazina\src\Core\AI\Hazina.AI.RAG\Hazina.AI.RAG.csproj::TargetFramework=net9.0]
C:\Projects\Hazina\src\Core\AI\Hazina.AI.RAG\Embeddings\SemanticChunkingOptions.cs(203,27): warning SA1629: Documentation text should end with a period (https://github.com/DotNetAnalyzers/StyleCopAnalyzers/blob/master/documentation/SA1629.md) [C:\Projects\Hazina\src\Core\AI\Hazina.AI.RAG\Hazina.AI.RAG.csproj::TargetFramework=net9.0]
C:\Projects\Hazina\src\Core\AI\Hazina.AI.RAG\Embeddings\HierarchicalChunker.cs(351,14): warning SA1402: File may only contain a single type (https://github.com/DotNetAnalyzers/StyleCopAnalyzers/blob/master/documentation/SA1402.md) [C:\Projects\Hazina\src\Core\AI\Hazina.AI.RAG\Hazina.AI.RAG.csproj::TargetFramework=net9.0]
C:\Projects\Hazina\src\Core\AI\Hazina.AI.RAG\Embeddings\SemanticChunkingOptions.cs(226,16): warning SA1623: The property's documentation summary text should begin with: 'Gets or sets' (https://github.com/DotNetAnalyzers/StyleCopAnalyzers/blob/master/documentation/SA1623.md) [C:\Projects\Hazina\src\Core\AI\Hazina.AI.RAG\Hazina.AI.RAG.csproj::TargetFramework=net9.0]
C:\Projects\Hazina\src\Core\AI\Hazina.AI.RAG\Embeddings\SemanticChunkingOptions.cs(220,59): warning CA1805: Member 'ContentType' is explicitly initialized to its default value (https://learn.microsoft.com/dotnet/fundamentals/code-analysis/quality-rules/ca1805) [C:\Projects\Hazina\src\Core\AI\Hazina.AI.RAG\Hazina.AI.RAG.csproj::TargetFramework=net9.0]
C:\Projects\Hazina\src\Core\AI\Hazina.AI.RAG\Embeddings\SemanticChunkingOptions.cs(224,19): warning SA1629: Documentation text should end with a period (https://github.com/DotNetAnalyzers/StyleCopAnalyzers/blob/master/documentation/SA1629.md) [C:\Projects\Hazina\src\Core\AI\Hazina.AI.RAG\Hazina.AI.RAG.csproj::TargetFramework=net9.0]
C:\Projects\Hazina\src\Core\AI\Hazina.AI.RAG\Embeddings\SemanticChunkingOptions.cs(197,35): warning SA1623: The property's documentation summary text should begin with: 'Gets or sets' (https://github.com/DotNetAnalyzers/StyleCopAnalyzers/blob/master/documentation/SA1623.md) [C:\Projects\Hazina\src\Core\AI\Hazina.AI.RAG\Hazina.AI.RAG.csproj::TargetFramework=net9.0]
C:\Projects\Hazina\src\Core\AI\Hazina.AI.RAG\Graph\Models\GraphSchema.cs(8,25): warning CA2227: Change 'EntityTypes' to be read-only by removing the property setter (https://learn.microsoft.com/dotnet/fundamentals/code-analysis/quality-rules/ca2227) [C:\Projects\Hazina\src\Core\AI\Hazina.AI.RAG\Hazina.AI.RAG.csproj::TargetFramework=net9.0]
C:\Projects\Hazina\src\Core\AI\Hazina.AI.RAG\Graph\Models\GraphSchema.cs(8,25): warning CA1002: Change 'List<string>' in 'GraphSchema.EntityTypes' to use 'Collection<T>', 'ReadOnlyCollection<T>' or 'KeyedCollection<K,V>' (https://learn.microsoft.com/dotnet/fundamentals/code-analysis/quality-rules/ca1002) [C:\Projects\Hazina\src\Core\AI\Hazina.AI.RAG\Hazina.AI.RAG.csproj::TargetFramework=net9.0]
C:\Projects\Hazina\src\Core\AI\Hazina.AI.RAG\Embeddings\SemanticChunkingOptions.cs(189,17): warning SA1623: The property's documentation summary text should begin with: 'Gets or sets a value indicating whether' (https://github.com/DotNetAnalyzers/StyleCopAnalyzers/blob/master/documentation/SA1623.md) [C:\Projects\Hazina\src\Core\AI\Hazina.AI.RAG\Hazina.AI.RAG.csproj::TargetFramework=net9.0]
C:\Projects\Hazina\src\Core\AI\Hazina.AI.RAG\Graph\Models\GraphSchema.cs(8,12): warning MA0016: Prefer using collection abstraction instead of implementation (https://github.com/meziantou/Meziantou.Analyzer/blob/main/docs/Rules/MA0016.md) [C:\Projects\Hazina\src\Core\AI\Hazina.AI.RAG\Hazina.AI.RAG.csproj::TargetFramework=net9.0]
C:\Projects\Hazina\src\Core\AI\Hazina.AI.RAG\Embeddings\SemanticChunkingOptions.cs(187,65): warning SA1629: Documentation text should end with a period (https://github.com/DotNetAnalyzers/StyleCopAnalyzers/blob/master/documentation/SA1629.md) [C:\Projects\Hazina\src\Core\AI\Hazina.AI.RAG\Hazina.AI.RAG.csproj::TargetFramework=net9.0]
C:\Projects\Hazina\src\Core\AI\Hazina.AI.RAG\Graph\Models\GraphSchema.cs(9,25): warning CA2227: Change 'RelationTypes' to be read-only by removing the property setter (https://learn.microsoft.com/dotnet/fundamentals/code-analysis/quality-rules/ca2227) [C:\Projects\Hazina\src\Core\AI\Hazina.AI.RAG\Hazina.AI.RAG.csproj::TargetFramework=net9.0]
C:\Projects\Hazina\src\Core\AI\Hazina.AI.RAG\Graph\Models\GraphSchema.cs(9,25): warning CA1002: Change 'List<string>' in 'GraphSchema.RelationTypes' to use 'Collection<T>', 'ReadOnlyCollection<T>' or 'KeyedCollection<K,V>' (https://learn.microsoft.com/dotnet/fundamentals/code-analysis/quality-rules/ca1002) [C:\Projects\Hazina\src\Core\AI\Hazina.AI.RAG\Hazina.AI.RAG.csproj::TargetFramework=net9.0]
C:\Projects\Hazina\src\Core\AI\Hazina.AI.RAG\Graph\Models\GraphSchema.cs(9,12): warning MA0016: Prefer using collection abstraction instead of implementation (https://github.com/meziantou/Meziantou.Analyzer/blob/main/docs/Rules/MA0016.md) [C:\Projects\Hazina\src\Core\AI\Hazina.AI.RAG\Hazina.AI.RAG.csproj::TargetFramework=net9.0]
C:\Projects\Hazina\src\Core\AI\Hazina.AI.RAG\Graph\Models\GraphSchema.cs(9,1): warning SA1516: Elements should be separated by blank line (https://github.com/DotNetAnalyzers/StyleCopAnalyzers/blob/master/documentation/SA1516.md) [C:\Projects\Hazina\src\Core\AI\Hazina.AI.RAG\Hazina.AI.RAG.csproj::TargetFramework=net9.0]
C:\Projects\Hazina\src\Core\AI\Hazina.AI.RAG\Graph\Models\GraphSchema.cs(10,1): warning SA1516: Elements should be separated by blank line (https://github.com/DotNetAnalyzers/StyleCopAnalyzers/blob/master/documentation/SA1516.md) [C:\Projects\Hazina\src\Core\AI\Hazina.AI.RAG\Hazina.AI.RAG.csproj::TargetFramework=net9.0]
C:\Projects\Hazina\src\Core\AI\Hazina.AI.RAG\Graph\Models\GraphSchema.cs(11,1): warning SA1516: Elements should be separated by blank line (https://github.com/DotNetAnalyzers/StyleCopAnalyzers/blob/master/documentation/SA1516.md) [C:\Projects\Hazina\src\Core\AI\Hazina.AI.RAG\Hazina.AI.RAG.csproj::TargetFramework=net9.0]
C:\Projects\Hazina\src\Core\AI\Hazina.AI.RAG\Graph\Models\GraphSchema.cs(12,1): warning SA1516: Elements should be separated by blank line (https://github.com/DotNetAnalyzers/StyleCopAnalyzers/blob/master/documentation/SA1516.md) [C:\Projects\Hazina\src\Core\AI\Hazina.AI.RAG\Hazina.AI.RAG.csproj::TargetFramework=net9.0]
C:\Projects\Hazina\src\Core\AI\Hazina.AI.RAG\Graph\Models\GraphSchema.cs(13,1): warning SA1516: Elements should be separated by blank line (https://github.com/DotNetAnalyzers/StyleCopAnalyzers/blob/master/documentation/SA1516.md) [C:\Projects\Hazina\src\Core\AI\Hazina.AI.RAG\Hazina.AI.RAG.csproj::TargetFramework=net9.0]
C:\Projects\Hazina\src\Core\AI\Hazina.AI.RAG\Graph\Models\GraphSchema.cs(16,1): warning SA1516: Elements should be separated by blank line (https://github.com/DotNetAnalyzers/StyleCopAnalyzers/blob/master/documentation/SA1516.md) [C:\Projects\Hazina\src\Core\AI\Hazina.AI.RAG\Hazina.AI.RAG.csproj::TargetFramework=net9.0]
C:\Projects\Hazina\src\Core\AI\Hazina.AI.RAG\Graph\Models\GraphSchema.cs(19,1): warning SA1516: Elements should be separated by blank line (https://github.com/DotNetAnalyzers/StyleCopAnalyzers/blob/master/documentation/SA1516.md) [C:\Projects\Hazina\src\Core\AI\Hazina.AI.RAG\Hazina.AI.RAG.csproj::TargetFramework=net9.0]
C:\Projects\Hazina\src\Core\AI\Hazina.AI.RAG\Graph\Models\GraphRelationship.cs(9,1): warning SA1516: Elements should be separated by blank line (https://github.com/DotNetAnalyzers/StyleCopAnalyzers/blob/master/documentation/SA1516.md) [C:\Projects\Hazina\src\Core\AI\Hazina.AI.RAG\Hazina.AI.RAG.csproj::TargetFramework=net9.0]
C:\Projects\Hazina\src\Core\AI\Hazina.AI.RAG\Graph\Models\GraphRelationship.cs(10,1): warning SA1516: Elements should be separated by blank line (https://github.com/DotNetAnalyzers/StyleCopAnalyzers/blob/master/documentation/SA1516.md) [C:\Projects\Hazina\src\Core\AI\Hazina.AI.RAG\Hazina.AI.RAG.csproj::TargetFramework=net9.0]
C:\Projects\Hazina\src\Core\AI\Hazina.AI.RAG\Graph\Models\GraphRelationship.cs(11,1): warning SA1516: Elements should be separated by blank line (https://github.com/DotNetAnalyzers/StyleCopAnalyzers/blob/master/documentation/SA1516.md) [C:\Projects\Hazina\src\Core\AI\Hazina.AI.RAG\Hazina.AI.RAG.csproj::TargetFramework=net9.0]
C:\Projects\Hazina\src\Core\AI\Hazina.AI.RAG\Graph\Models\GraphRelationship.cs(12,1): warning SA1516: Elements should be separated by blank line (https://github.com/DotNetAnalyzers/StyleCopAnalyzers/blob/master/documentation/SA1516.md) [C:\Projects\Hazina\src\Core\AI\Hazina.AI.RAG\Hazina.AI.RAG.csproj::TargetFramework=net9.0]
C:\Projects\Hazina\src\Core\AI\Hazina.AI.RAG\Graph\Models\GraphRelationship.cs(13,1): warning SA1516: Elements should be separated by blank line (https://github.com/DotNetAnalyzers/StyleCopAnalyzers/blob/master/documentation/SA1516.md) [C:\Projects\Hazina\src\Core\AI\Hazina.AI.RAG\Hazina.AI.RAG.csproj::TargetFramework=net9.0]
C:\Projects\Hazina\src\Core\AI\Hazina.AI.RAG\Graph\Models\GraphRelationship.cs(14,1): warning SA1516: Elements should be separated by blank line (https://github.com/DotNetAnalyzers/StyleCopAnalyzers/blob/master/documentation/SA1516.md) [C:\Projects\Hazina\src\Core\AI\Hazina.AI.RAG\Hazina.AI.RAG.csproj::TargetFramework=net9.0]
C:\Projects\Hazina\src\Core\AI\Hazina.AI.RAG\Graph\Models\GraphRelationship.cs(15,1): warning SA1516: Elements should be separated by blank line (https://github.com/DotNetAnalyzers/StyleCopAnalyzers/blob/master/documentation/SA1516.md) [C:\Projects\Hazina\src\Core\AI\Hazina.AI.RAG\Hazina.AI.RAG.csproj::TargetFramework=net9.0]
C:\Projects\Hazina\src\Core\AI\Hazina.AI.RAG\Graph\Models\GraphRelationship.cs(16,1): warning SA1516: Elements should be separated by blank line (https://github.com/DotNetAnalyzers/StyleCopAnalyzers/blob/master/documentation/SA1516.md) [C:\Projects\Hazina\src\Core\AI\Hazina.AI.RAG\Hazina.AI.RAG.csproj::TargetFramework=net9.0]
C:\Projects\Hazina\src\Core\AI\Hazina.AI.RAG\Graph\Models\GraphRelationship.cs(17,1): warning SA1516: Elements should be separated by blank line (https://github.com/DotNetAnalyzers/StyleCopAnalyzers/blob/master/documentation/SA1516.md) [C:\Projects\Hazina\src\Core\AI\Hazina.AI.RAG\Hazina.AI.RAG.csproj::TargetFramework=net9.0]
C:\Projects\Hazina\src\Core\AI\Hazina.AI.RAG\Graph\Models\GraphRelationship.cs(18,1): warning SA1516: Elements should be separated by blank line (https://github.com/DotNetAnalyzers/StyleCopAnalyzers/blob/master/documentation/SA1516.md) [C:\Projects\Hazina\src\Core\AI\Hazina.AI.RAG\Hazina.AI.RAG.csproj::TargetFramework=net9.0]
C:\Projects\Hazina\src\Core\AI\Hazina.AI.RAG\Graph\Models\GraphRelationship.cs(19,1): warning SA1516: Elements should be separated by blank line (https://github.com/DotNetAnalyzers/StyleCopAnalyzers/blob/master/documentation/SA1516.md) [C:\Projects\Hazina\src\Core\AI\Hazina.AI.RAG\Hazina.AI.RAG.csproj::TargetFramework=net9.0]
C:\Projects\Hazina\src\Core\AI\Hazina.AI.RAG\Graph\Models\GraphRelationship.cs(20,1): warning SA1516: Elements should be separated by blank line (https://github.com/DotNetAnalyzers/StyleCopAnalyzers/blob/master/documentation/SA1516.md) [C:\Projects\Hazina\src\Core\AI\Hazina.AI.RAG\Hazina.AI.RAG.csproj::TargetFramework=net9.0]
C:\Projects\Hazina\src\Core\AI\Hazina.AI.RAG\Graph\Models\GraphRelationship.cs(21,1): warning SA1516: Elements should be separated by blank line (https://github.com/DotNetAnalyzers/StyleCopAnalyzers/blob/master/documentation/SA1516.md) [C:\Projects\Hazina\src\Core\AI\Hazina.AI.RAG\Hazina.AI.RAG.csproj::TargetFramework=net9.0]
C:\Projects\Hazina\src\Core\AI\Hazina.AI.RAG\Graph\Models\GraphRelationship.cs(13,39): warning CA2227: Change 'Properties' to be read-only by removing the property setter (https://learn.microsoft.com/dotnet/fundamentals/code-analysis/quality-rules/ca2227) [C:\Projects\Hazina\src\Core\AI\Hazina.AI.RAG\Hazina.AI.RAG.csproj::TargetFramework=net9.0]
C:\Projects\Hazina\src\Core\AI\Hazina.AI.RAG\Graph\Models\GraphRelationship.cs(13,12): warning MA0016: Prefer using collection abstraction instead of implementation (https://github.com/meziantou/Meziantou.Analyzer/blob/main/docs/Rules/MA0016.md) [C:\Projects\Hazina\src\Core\AI\Hazina.AI.RAG\Hazina.AI.RAG.csproj::TargetFramework=net9.0]
C:\Projects\Hazina\src\Core\AI\Hazina.AI.RAG\Graph\Models\GraphSchema.cs(10,45): warning CA2227: Change 'AllowedRelations' to be read-only by removing the property setter (https://learn.microsoft.com/dotnet/fundamentals/code-analysis/quality-rules/ca2227) [C:\Projects\Hazina\src\Core\AI\Hazina.AI.RAG\Hazina.AI.RAG.csproj::TargetFramework=net9.0]
C:\Projects\Hazina\src\Core\AI\Hazina.AI.RAG\Graph\Models\GraphSchema.cs(10,12): warning MA0016: Prefer using collection abstraction instead of implementation (https://github.com/meziantou/Meziantou.Analyzer/blob/main/docs/Rules/MA0016.md) [C:\Projects\Hazina\src\Core\AI\Hazina.AI.RAG\Hazina.AI.RAG.csproj::TargetFramework=net9.0]
C:\Projects\Hazina\src\Core\AI\Hazina.AI.RAG\Graph\Models\GraphSchema.cs(11,39): warning CA2227: Change 'EntityHierarchy' to be read-only by removing the property setter (https://learn.microsoft.com/dotnet/fundamentals/code-analysis/quality-rules/ca2227) [C:\Projects\Hazina\src\Core\AI\Hazina.AI.RAG\Hazina.AI.RAG.csproj::TargetFramework=net9.0]
C:\Projects\Hazina\src\Core\AI\Hazina.AI.RAG\Graph\Models\GraphSchema.cs(11,12): warning MA0016: Prefer using collection abstraction instead of implementation (https://github.com/meziantou/Meziantou.Analyzer/blob/main/docs/Rules/MA0016.md) [C:\Projects\Hazina\src\Core\AI\Hazina.AI.RAG\Hazina.AI.RAG.csproj::TargetFramework=net9.0]
C:\Projects\Hazina\src\Core\AI\Hazina.AI.RAG\Graph\Models\GraphSchema.cs(12,39): warning CA2227: Change 'RelationHierarchy' to be read-only by removing the property setter (https://learn.microsoft.com/dotnet/fundamentals/code-analysis/quality-rules/ca2227) [C:\Projects\Hazina\src\Core\AI\Hazina.AI.RAG\Hazina.AI.RAG.csproj::TargetFramework=net9.0]
C:\Projects\Hazina\src\Core\AI\Hazina.AI.RAG\Graph\Models\GraphSchema.cs(12,12): warning MA0016: Prefer using collection abstraction instead of implementation (https://github.com/meziantou/Meziantou.Analyzer/blob/main/docs/Rules/MA0016.md) [C:\Projects\Hazina\src\Core\AI\Hazina.AI.RAG\Hazina.AI.RAG.csproj::TargetFramework=net9.0]
C:\Projects\Hazina\src\Core\AI\Hazina.AI.RAG\Embeddings\SemanticChunkingOptions.cs(195,35): warning SA1629: Documentation text should end with a period (https://github.com/DotNetAnalyzers/StyleCopAnalyzers/blob/master/documentation/SA1629.md) [C:\Projects\Hazina\src\Core\AI\Hazina.AI.RAG\Hazina.AI.RAG.csproj::TargetFramework=net9.0]
C:\Projects\Hazina\src\Core\AI\Hazina.AI.RAG\Graph\Models\GraphSchema.cs(13,48): warning CA1805: Member 'StrictValidation' is explicitly initialized to its default value (https://learn.microsoft.com/dotnet/fundamentals/code-analysis/quality-rules/ca1805) [C:\Projects\Hazina\src\Core\AI\Hazina.AI.RAG\Hazina.AI.RAG.csproj::TargetFramework=net9.0]
C:\Projects\Hazina\src\Core\AI\Hazina.AI.RAG\Graph\Models\GraphSchema.cs(10,78): warning MA0002: Use an overload that has a IEqualityComparer<string> or IComparer<string> parameter (https://github.com/meziantou/Meziantou.Analyzer/blob/main/docs/Rules/MA0002.md) [C:\Projects\Hazina\src\Core\AI\Hazina.AI.RAG\Hazina.AI.RAG.csproj::TargetFramework=net9.0]
C:\Projects\Hazina\src\Core\AI\Hazina.AI.RAG\Graph\Models\GraphRelationship.cs(13,66): warning MA0002: Use an overload that has a IEqualityComparer<string> or IComparer<string> parameter (https://github.com/meziantou/Meziantou.Analyzer/blob/main/docs/Rules/MA0002.md) [C:\Projects\Hazina\src\Core\AI\Hazina.AI.RAG\Hazina.AI.RAG.csproj::TargetFramework=net9.0]
C:\Projects\Hazina\src\Core\AI\Hazina.AI.RAG\Graph\Models\GraphSchema.cs(11,71): warning MA0002: Use an overload that has a IEqualityComparer<string> or IComparer<string> parameter (https://github.com/meziantou/Meziantou.Analyzer/blob/main/docs/Rules/MA0002.md) [C:\Projects\Hazina\src\Core\AI\Hazina.AI.RAG\Hazina.AI.RAG.csproj::TargetFramework=net9.0]
C:\Projects\Hazina\src\Core\AI\Hazina.AI.RAG\Graph\Models\GraphSchema.cs(12,73): warning MA0002: Use an overload that has a IEqualityComparer<string> or IComparer<string> parameter (https://github.com/meziantou/Meziantou.Analyzer/blob/main/docs/Rules/MA0002.md) [C:\Projects\Hazina\src\Core\AI\Hazina.AI.RAG\Hazina.AI.RAG.csproj::TargetFramework=net9.0]
C:\Projects\Hazina\src\Core\AI\Hazina.AI.RAG\Graph\Retrieval\HybridRetrievalService.cs(400,13): warning MA0048: File name must match type name (https://github.com/meziantou/Meziantou.Analyzer/blob/main/docs/Rules/MA0048.md) [C:\Projects\Hazina\src\Core\AI\Hazina.AI.RAG\Hazina.AI.RAG.csproj::TargetFramework=net9.0]
C:\Projects\Hazina\src\Core\AI\Hazina.AI.RAG\Graph\Models\GraphRelationship.cs(20,47): warning CA1805: Member 'IsBidirectional' is explicitly initialized to its default value (https://learn.microsoft.com/dotnet/fundamentals/code-analysis/quality-rules/ca1805) [C:\Projects\Hazina\src\Core\AI\Hazina.AI.RAG\Hazina.AI.RAG.csproj::TargetFramework=net9.0]
C:\Projects\Hazina\src\Core\AI\Hazina.AI.RAG\Graph\Retrieval\HybridRetrievalService.cs(410,14): warning MA0048: File name must match type name (https://github.com/meziantou/Meziantou.Analyzer/blob/main/docs/Rules/MA0048.md) [C:\Projects\Hazina\src\Core\AI\Hazina.AI.RAG\Hazina.AI.RAG.csproj::TargetFramework=net9.0]
C:\Projects\Hazina\src\Core\AI\Hazina.AI.RAG\Graph\Retrieval\HybridRetrievalService.cs(413,1): warning SA1516: Elements should be separated by blank line (https://github.com/DotNetAnalyzers/StyleCopAnalyzers/blob/master/documentation/SA1516.md) [C:\Projects\Hazina\src\Core\AI\Hazina.AI.RAG\Hazina.AI.RAG.csproj::TargetFramework=net9.0]
C:\Projects\Hazina\src\Core\AI\Hazina.AI.RAG\Graph\Retrieval\HybridRetrievalService.cs(414,1): warning SA1516: Elements should be separated by blank line (https://github.com/DotNetAnalyzers/StyleCopAnalyzers/blob/master/documentation/SA1516.md) [C:\Projects\Hazina\src\Core\AI\Hazina.AI.RAG\Hazina.AI.RAG.csproj::TargetFramework=net9.0]
C:\Projects\Hazina\src\Core\AI\Hazina.AI.RAG\Graph\Retrieval\HybridRetrievalService.cs(415,1): warning SA1516: Elements should be separated by blank line (https://github.com/DotNetAnalyzers/StyleCopAnalyzers/blob/master/documentation/SA1516.md) [C:\Projects\Hazina\src\Core\AI\Hazina.AI.RAG\Hazina.AI.RAG.csproj::TargetFramework=net9.0]
C:\Projects\Hazina\src\Core\AI\Hazina.AI.RAG\Graph\Retrieval\HybridRetrievalService.cs(416,1): warning SA1516: Elements should be separated by blank line (https://github.com/DotNetAnalyzers/StyleCopAnalyzers/blob/master/documentation/SA1516.md) [C:\Projects\Hazina\src\Core\AI\Hazina.AI.RAG\Hazina.AI.RAG.csproj::TargetFramework=net9.0]
C:\Projects\Hazina\src\Core\AI\Hazina.AI.RAG\Graph\Retrieval\HybridRetrievalService.cs(417,1): warning SA1516: Elements should be separated by blank line (https://github.com/DotNetAnalyzers/StyleCopAnalyzers/blob/master/documentation/SA1516.md) [C:\Projects\Hazina\src\Core\AI\Hazina.AI.RAG\Hazina.AI.RAG.csproj::TargetFramework=net9.0]
C:\Projects\Hazina\src\Core\AI\Hazina.AI.RAG\Graph\Retrieval\HybridRetrievalService.cs(418,1): warning SA1516: Elements should be separated by blank line (https://github.com/DotNetAnalyzers/StyleCopAnalyzers/blob/master/documentation/SA1516.md) [C:\Projects\Hazina\src\Core\AI\Hazina.AI.RAG\Hazina.AI.RAG.csproj::TargetFramework=net9.0]
C:\Projects\Hazina\src\Core\AI\Hazina.AI.RAG\Retrieval\Reranker.cs(236,13): warning MA0048: File name must match type name (https://github.com/meziantou/Meziantou.Analyzer/blob/main/docs/Rules/MA0048.md) [C:\Projects\Hazina\src\Core\AI\Hazina.AI.RAG\Hazina.AI.RAG.csproj::TargetFramework=net9.0]
C:\Projects\Hazina\src\Core\AI\Hazina.AI.RAG\Graph\Storage\IGraphStore.cs(110,36): warning CA2227: Change 'EntityTypeDistribution' to be read-only by removing the property setter (https://learn.microsoft.com/dotnet/fundamentals/code-analysis/quality-rules/ca2227) [C:\Projects\Hazina\src\Core\AI\Hazina.AI.RAG\Hazina.AI.RAG.csproj::TargetFramework=net9.0]
C:\Projects\Hazina\src\Core\AI\Hazina.AI.RAG\Graph\Storage\IGraphStore.cs(106,14): warning MA0048: File name must match type name (https://github.com/meziantou/Meziantou.Analyzer/blob/main/docs/Rules/MA0048.md) [C:\Projects\Hazina\src\Core\AI\Hazina.AI.RAG\Hazina.AI.RAG.csproj::TargetFramework=net9.0]
C:\Projects\Hazina\src\Core\AI\Hazina.AI.RAG\Graph\Storage\IGraphStore.cs(110,12): warning MA0016: Prefer using collection abstraction instead of implementation (https://github.com/meziantou/Meziantou.Analyzer/blob/main/docs/Rules/MA0016.md) [C:\Projects\Hazina\src\Core\AI\Hazina.AI.RAG\Hazina.AI.RAG.csproj::TargetFramework=net9.0]
C:\Projects\Hazina\src\Core\AI\Hazina.AI.RAG\Graph\Retrieval\HybridRetrievalService.cs(424,13): warning MA0048: File name must match type name (https://github.com/meziantou/Meziantou.Analyzer/blob/main/docs/Rules/MA0048.md) [C:\Projects\Hazina\src\Core\AI\Hazina.AI.RAG\Hazina.AI.RAG.csproj::TargetFramework=net9.0]
C:\Projects\Hazina\src\Core\AI\Hazina.AI.RAG\Graph\Retrieval\HybridRetrievalService.cs(386,14): warning MA0048: File name must match type name (https://github.com/meziantou/Meziantou.Analyzer/blob/main/docs/Rules/MA0048.md) [C:\Projects\Hazina\src\Core\AI\Hazina.AI.RAG\Hazina.AI.RAG.csproj::TargetFramework=net9.0]
C:\Projects\Hazina\src\Core\AI\Hazina.AI.RAG\Embeddings\HierarchicalChunkerExtensions.cs(118,20): warning MA0026: TODO Implement LLM-based section summarization (https://github.com/meziantou/Meziantou.Analyzer/blob/main/docs/Rules/MA0026.md) [C:\Projects\Hazina\src\Core\AI\Hazina.AI.RAG\Hazina.AI.RAG.csproj::TargetFramework=net9.0]
C:\Projects\Hazina\src\Core\AI\Hazina.AI.RAG\Retrieval\Reranker.cs(234,25): warning SA1629: Documentation text should end with a period (https://github.com/DotNetAnalyzers/StyleCopAnalyzers/blob/master/documentation/SA1629.md) [C:\Projects\Hazina\src\Core\AI\Hazina.AI.RAG\Hazina.AI.RAG.csproj::TargetFramework=net9.0]
C:\Projects\Hazina\src\Core\AI\Hazina.AI.RAG\Embeddings\HierarchicalChunkerExtensions.cs(118,20): warning S1135: Complete the task associated to this 'TODO' comment. (https://rules.sonarsource.com/csharp/RSPEC-1135) [C:\Projects\Hazina\src\Core\AI\Hazina.AI.RAG\Hazina.AI.RAG.csproj::TargetFramework=net9.0]
C:\Projects\Hazina\src\Core\AI\Hazina.AI.RAG\Graph\Retrieval\HybridRetrievalService.cs(17,37): warning S4487: Remove this unread private field '_config' or refactor the code to use its value. (https://rules.sonarsource.com/csharp/RSPEC-4487) [C:\Projects\Hazina\src\Core\AI\Hazina.AI.RAG\Hazina.AI.RAG.csproj::TargetFramework=net9.0]
C:\Projects\Hazina\src\Core\AI\Hazina.AI.RAG\Graph\Storage\IGraphStore.cs(111,36): warning CA2227: Change 'RelationshipTypeDistribution' to be read-only by removing the property setter (https://learn.microsoft.com/dotnet/fundamentals/code-analysis/quality-rules/ca2227) [C:\Projects\Hazina\src\Core\AI\Hazina.AI.RAG\Hazina.AI.RAG.csproj::TargetFramework=net9.0]
C:\Projects\Hazina\src\Core\AI\Hazina.AI.RAG\Embeddings\HierarchicalChunkerExtensions.cs(1,1): warning SA1633: The file header is missing or not located at the top of the file. (https://github.com/DotNetAnalyzers/StyleCopAnalyzers/blob/master/documentation/SA1633.md) [C:\Projects\Hazina\src\Core\AI\Hazina.AI.RAG\Hazina.AI.RAG.csproj::TargetFramework=net9.0]
C:\Projects\Hazina\src\Core\AI\Hazina.AI.RAG\Graph\Storage\IGraphStore.cs(111,12): warning MA0016: Prefer using collection abstraction instead of implementation (https://github.com/meziantou/Meziantou.Analyzer/blob/main/docs/Rules/MA0016.md) [C:\Projects\Hazina\src\Core\AI\Hazina.AI.RAG\Hazina.AI.RAG.csproj::TargetFramework=net9.0]
C:\Projects\Hazina\src\Core\AI\Hazina.AI.RAG\Graph\Storage\IGraphStore.cs(110,75): warning MA0002: Use an overload that has a IEqualityComparer<string> or IComparer<string> parameter (https://github.com/meziantou/Meziantou.Analyzer/blob/main/docs/Rules/MA0002.md) [C:\Projects\Hazina\src\Core\AI\Hazina.AI.RAG\Hazina.AI.RAG.csproj::TargetFramework=net9.0]
C:\Projects\Hazina\src\Core\AI\Hazina.AI.RAG\Graph\Storage\IGraphStore.cs(109,1): warning SA1516: Elements should be separated by blank line (https://github.com/DotNetAnalyzers/StyleCopAnalyzers/blob/master/documentation/SA1516.md) [C:\Projects\Hazina\src\Core\AI\Hazina.AI.RAG\Hazina.AI.RAG.csproj::TargetFramework=net9.0]
C:\Projects\Hazina\src\Core\AI\Hazina.AI.RAG\Graph\Storage\IGraphStore.cs(110,1): warning SA1516: Elements should be separated by blank line (https://github.com/DotNetAnalyzers/StyleCopAnalyzers/blob/master/documentation/SA1516.md) [C:\Projects\Hazina\src\Core\AI\Hazina.AI.RAG\Hazina.AI.RAG.csproj::TargetFramework=net9.0]
C:\Projects\Hazina\src\Core\AI\Hazina.AI.RAG\Graph\Storage\IGraphStore.cs(111,1): warning SA1516: Elements should be separated by blank line (https://github.com/DotNetAnalyzers/StyleCopAnalyzers/blob/master/documentation/SA1516.md) [C:\Projects\Hazina\src\Core\AI\Hazina.AI.RAG\Hazina.AI.RAG.csproj::TargetFramework=net9.0]
C:\Projects\Hazina\src\Core\AI\Hazina.AI.RAG\Graph\Retrieval\HybridRetrievalService.cs(389,1): warning SA1516: Elements should be separated by blank line (https://github.com/DotNetAnalyzers/StyleCopAnalyzers/blob/master/documentation/SA1516.md) [C:\Projects\Hazina\src\Core\AI\Hazina.AI.RAG\Hazina.AI.RAG.csproj::TargetFramework=net9.0]
C:\Projects\Hazina\src\Core\AI\Hazina.AI.RAG\Graph\Retrieval\HybridRetrievalService.cs(390,1): warning SA1516: Elements should be separated by blank line (https://github.com/DotNetAnalyzers/StyleCopAnalyzers/blob/master/documentation/SA1516.md) [C:\Projects\Hazina\src\Core\AI\Hazina.AI.RAG\Hazina.AI.RAG.csproj::TargetFramework=net9.0]
C:\Projects\Hazina\src\Core\AI\Hazina.AI.RAG\Graph\Retrieval\HybridRetrievalService.cs(391,1): warning SA1516: Elements should be separated by blank line (https://github.com/DotNetAnalyzers/StyleCopAnalyzers/blob/master/documentation/SA1516.md) [C:\Projects\Hazina\src\Core\AI\Hazina.AI.RAG\Hazina.AI.RAG.csproj::TargetFramework=net9.0]
C:\Projects\Hazina\src\Core\AI\Hazina.AI.RAG\Graph\Retrieval\HybridRetrievalService.cs(392,1): warning SA1516: Elements should be separated by blank line (https://github.com/DotNetAnalyzers/StyleCopAnalyzers/blob/master/documentation/SA1516.md) [C:\Projects\Hazina\src\Core\AI\Hazina.AI.RAG\Hazina.AI.RAG.csproj::TargetFramework=net9.0]
C:\Projects\Hazina\src\Core\AI\Hazina.AI.RAG\Graph\Retrieval\HybridRetrievalService.cs(393,1): warning SA1516: Elements should be separated by blank line (https://github.com/DotNetAnalyzers/StyleCopAnalyzers/blob/master/documentation/SA1516.md) [C:\Projects\Hazina\src\Core\AI\Hazina.AI.RAG\Hazina.AI.RAG.csproj::TargetFramework=net9.0]
C:\Projects\Hazina\src\Core\AI\Hazina.AI.RAG\Graph\Retrieval\HybridRetrievalService.cs(394,1): warning SA1516: Elements should be separated by blank line (https://github.com/DotNetAnalyzers/StyleCopAnalyzers/blob/master/documentation/SA1516.md) [C:\Projects\Hazina\src\Core\AI\Hazina.AI.RAG\Hazina.AI.RAG.csproj::TargetFramework=net9.0]
C:\Projects\Hazina\src\Core\AI\Hazina.AI.RAG\Embeddings\Models\LLMMetadataResponse.cs(98,21): warning MA0048: File name must match type name (https://github.com/meziantou/Meziantou.Analyzer/blob/main/docs/Rules/MA0048.md) [C:\Projects\Hazina\src\Core\AI\Hazina.AI.RAG\Hazina.AI.RAG.csproj::TargetFramework=net9.0]
C:\Projects\Hazina\src\Core\AI\Hazina.AI.RAG\Graph\Storage\IGraphStore.cs(111,81): warning MA0002: Use an overload that has a IEqualityComparer<string> or IComparer<string> parameter (https://github.com/meziantou/Meziantou.Analyzer/blob/main/docs/Rules/MA0002.md) [C:\Projects\Hazina\src\Core\AI\Hazina.AI.RAG\Hazina.AI.RAG.csproj::TargetFramework=net9.0]
C:\Projects\Hazina\src\Core\AI\Hazina.AI.RAG\Graph\Pipeline\LLMEntityExtractor.cs(18,26): warning SA1310: Field 'ENTITY_EXTRACTION_PROMPT' should not contain an underscore (https://github.com/DotNetAnalyzers/StyleCopAnalyzers/blob/master/documentation/SA1310.md) [C:\Projects\Hazina\src\Core\AI\Hazina.AI.RAG\Hazina.AI.RAG.csproj::TargetFramework=net9.0]
C:\Projects\Hazina\src\Core\AI\Hazina.AI.RAG\Embeddings\HierarchicalChunkerExtensions.cs(87,13): warning SA1009: Closing parenthesis should not be preceded by a space (https://github.com/DotNetAnalyzers/StyleCopAnalyzers/blob/master/documentation/SA1009.md) [C:\Projects\Hazina\src\Core\AI\Hazina.AI.RAG\Hazina.AI.RAG.csproj::TargetFramework=net9.0]
C:\Projects\Hazina\src\Core\AI\Hazina.AI.RAG\Retrieval\Reranker.cs(7,57): warning SA1629: Documentation text should end with a period (https://github.com/DotNetAnalyzers/StyleCopAnalyzers/blob/master/documentation/SA1629.md) [C:\Projects\Hazina\src\Core\AI\Hazina.AI.RAG\Hazina.AI.RAG.csproj::TargetFramework=net9.0]
C:\Projects\Hazina\src\Core\AI\Hazina.AI.RAG\Embeddings\Models\LLMMetadataResponse.cs(96,55): warning SA1629: Documentation text should end with a period (https://github.com/DotNetAnalyzers/StyleCopAnalyzers/blob/master/documentation/SA1629.md) [C:\Projects\Hazina\src\Core\AI\Hazina.AI.RAG\Hazina.AI.RAG.csproj::TargetFramework=net9.0]
C:\Projects\Hazina\src\Core\AI\Hazina.AI.RAG\Graph\Pipeline\LLMEntityExtractor.cs(166,24): warning S3459: Remove unassigned auto-property 'Description', or set its value. (https://rules.sonarsource.com/csharp/RSPEC-3459) [C:\Projects\Hazina\src\Core\AI\Hazina.AI.RAG\Hazina.AI.RAG.csproj::TargetFramework=net9.0]
C:\Projects\Hazina\src\Core\AI\Hazina.AI.RAG\Graph\Pipeline\LLMEntityExtractor.cs(167,44): warning S3459: Remove unassigned auto-property 'Properties', or set its value. (https://rules.sonarsource.com/csharp/RSPEC-3459) [C:\Projects\Hazina\src\Core\AI\Hazina.AI.RAG\Hazina.AI.RAG.csproj::TargetFramework=net9.0]
C:\Projects\Hazina\src\Core\AI\Hazina.AI.RAG\Embeddings\Models\LLMMetadataResponse.cs(115,32): warning CA1002: Change 'List<string>' in 'SectionTypes.All' to use 'Collection<T>', 'ReadOnlyCollection<T>' or 'KeyedCollection<K,V>' (https://learn.microsoft.com/dotnet/fundamentals/code-analysis/quality-rules/ca1002) [C:\Projects\Hazina\src\Core\AI\Hazina.AI.RAG\Hazina.AI.RAG.csproj::TargetFramework=net9.0]
C:\Projects\Hazina\src\Core\AI\Hazina.AI.RAG\Embeddings\Models\LLMMetadataResponse.cs(115,19): warning MA0016: Prefer using collection abstraction instead of implementation (https://github.com/meziantou/Meziantou.Analyzer/blob/main/docs/Rules/MA0016.md) [C:\Projects\Hazina\src\Core\AI\Hazina.AI.RAG\Hazina.AI.RAG.csproj::TargetFramework=net9.0]
C:\Projects\Hazina\src\Core\AI\Hazina.AI.RAG\Graph\Pipeline\LLMEntityExtractor.cs(166,43): warning S1144: Remove the unused private set accessor in property 'Description'. (https://rules.sonarsource.com/csharp/RSPEC-1144) [C:\Projects\Hazina\src\Core\AI\Hazina.AI.RAG\Hazina.AI.RAG.csproj::TargetFramework=net9.0]
C:\Projects\Hazina\src\Core\AI\Hazina.AI.RAG\Graph\Pipeline\LLMEntityExtractor.cs(167,62): warning S1144: Remove the unused private set accessor in property 'Properties'. (https://rules.sonarsource.com/csharp/RSPEC-1144) [C:\Projects\Hazina\src\Core\AI\Hazina.AI.RAG\Hazina.AI.RAG.csproj::TargetFramework=net9.0]
C:\Projects\Hazina\src\Core\AI\Hazina.AI.RAG\Graph\Pipeline\LLMEntityExtractor.cs(12,14): warning S101: Rename class 'LLMEntityExtractor' to match pascal case naming rules, consider using 'LlmEntityExtractor'. (https://rules.sonarsource.com/csharp/RSPEC-101) [C:\Projects\Hazina\src\Core\AI\Hazina.AI.RAG\Hazina.AI.RAG.csproj::TargetFramework=net9.0]
C:\Projects\Hazina\src\Core\AI\Hazina.AI.RAG\Embeddings\LLMMetadataExtractor.cs(1,1): warning SA1633: The file header is missing or not located at the top of the file. (https://github.com/DotNetAnalyzers/StyleCopAnalyzers/blob/master/documentation/SA1633.md) [C:\Projects\Hazina\src\Core\AI\Hazina.AI.RAG\Hazina.AI.RAG.csproj::TargetFramework=net9.0]
C:\Projects\Hazina\src\Core\AI\Hazina.AI.RAG\Graph\Pipeline\LLMRelationshipExtractor.cs(19,26): warning SA1310: Field 'RELATIONSHIP_EXTRACTION_PROMPT' should not contain an underscore (https://github.com/DotNetAnalyzers/StyleCopAnalyzers/blob/master/documentation/SA1310.md) [C:\Projects\Hazina\src\Core\AI\Hazina.AI.RAG\Hazina.AI.RAG.csproj::TargetFramework=net9.0]
C:\Projects\Hazina\src\Core\AI\Hazina.AI.RAG\Graph\Pipeline\LLMEntityExtractor.cs(165,1): warning SA1516: Elements should be separated by blank line (https://github.com/DotNetAnalyzers/StyleCopAnalyzers/blob/master/documentation/SA1516.md) [C:\Projects\Hazina\src\Core\AI\Hazina.AI.RAG\Hazina.AI.RAG.csproj::TargetFramework=net9.0]
C:\Projects\Hazina\src\Core\AI\Hazina.AI.RAG\Graph\Pipeline\LLMEntityExtractor.cs(166,1): warning SA1516: Elements should be separated by blank line (https://github.com/DotNetAnalyzers/StyleCopAnalyzers/blob/master/documentation/SA1516.md) [C:\Projects\Hazina\src\Core\AI\Hazina.AI.RAG\Hazina.AI.RAG.csproj::TargetFramework=net9.0]
C:\Projects\Hazina\src\Core\AI\Hazina.AI.RAG\Graph\Pipeline\LLMEntityExtractor.cs(167,1): warning SA1516: Elements should be separated by blank line (https://github.com/DotNetAnalyzers/StyleCopAnalyzers/blob/master/documentation/SA1516.md) [C:\Projects\Hazina\src\Core\AI\Hazina.AI.RAG\Hazina.AI.RAG.csproj::TargetFramework=net9.0]
C:\Projects\Hazina\src\Core\AI\Hazina.AI.RAG\Graph\Pipeline\LLMEntityExtractor.cs(168,1): warning SA1516: Elements should be separated by blank line (https://github.com/DotNetAnalyzers/StyleCopAnalyzers/blob/master/documentation/SA1516.md) [C:\Projects\Hazina\src\Core\AI\Hazina.AI.RAG\Hazina.AI.RAG.csproj::TargetFramework=net9.0]
C:\Projects\Hazina\src\Core\AI\Hazina.AI.RAG\Graph\Pipeline\LLMRelationshipExtractor.cs(200,1): warning SA1516: Elements should be separated by blank line (https://github.com/DotNetAnalyzers/StyleCopAnalyzers/blob/master/documentation/SA1516.md) [C:\Projects\Hazina\src\Core\AI\Hazina.AI.RAG\Hazina.AI.RAG.csproj::TargetFramework=net9.0]
C:\Projects\Hazina\src\Core\AI\Hazina.AI.RAG\Graph\Pipeline\LLMRelationshipExtractor.cs(201,1): warning SA1516: Elements should be separated by blank line (https://github.com/DotNetAnalyzers/StyleCopAnalyzers/blob/master/documentation/SA1516.md) [C:\Projects\Hazina\src\Core\AI\Hazina.AI.RAG\Hazina.AI.RAG.csproj::TargetFramework=net9.0]
C:\Projects\Hazina\src\Core\AI\Hazina.AI.RAG\Graph\Pipeline\LLMRelationshipExtractor.cs(202,1): warning SA1516: Elements should be separated by blank line (https://github.com/DotNetAnalyzers/StyleCopAnalyzers/blob/master/documentation/SA1516.md) [C:\Projects\Hazina\src\Core\AI\Hazina.AI.RAG\Hazina.AI.RAG.csproj::TargetFramework=net9.0]
C:\Projects\Hazina\src\Core\AI\Hazina.AI.RAG\Graph\Pipeline\LLMRelationshipExtractor.cs(203,1): warning SA1516: Elements should be separated by blank line (https://github.com/DotNetAnalyzers/StyleCopAnalyzers/blob/master/documentation/SA1516.md) [C:\Projects\Hazina\src\Core\AI\Hazina.AI.RAG\Hazina.AI.RAG.csproj::TargetFramework=net9.0]
C:\Projects\Hazina\src\Core\AI\Hazina.AI.RAG\Graph\Pipeline\LLMRelationshipExtractor.cs(204,1): warning SA1516: Elements should be separated by blank line (https://github.com/DotNetAnalyzers/StyleCopAnalyzers/blob/master/documentation/SA1516.md) [C:\Projects\Hazina\src\Core\AI\Hazina.AI.RAG\Hazina.AI.RAG.csproj::TargetFramework=net9.0]
C:\Projects\Hazina\src\Core\AI\Hazina.AI.RAG\Graph\Pipeline\LLMRelationshipExtractor.cs(204,51): warning CA1805: Member 'IsBidirectional' is explicitly initialized to its default value (https://learn.microsoft.com/dotnet/fundamentals/code-analysis/quality-rules/ca1805) [C:\Projects\Hazina\src\Core\AI\Hazina.AI.RAG\Hazina.AI.RAG.csproj::TargetFramework=net9.0]
C:\Projects\Hazina\src\Core\AI\Hazina.AI.RAG\Retrieval\Reranker.cs(226,14): warning MA0048: File name must match type name (https://github.com/meziantou/Meziantou.Analyzer/blob/main/docs/Rules/MA0048.md) [C:\Projects\Hazina\src\Core\AI\Hazina.AI.RAG\Hazina.AI.RAG.csproj::TargetFramework=net9.0]
C:\Projects\Hazina\src\Core\AI\Hazina.AI.RAG\Retrieval\Reranker.cs(224,22): warning SA1629: Documentation text should end with a period (https://github.com/DotNetAnalyzers/StyleCopAnalyzers/blob/master/documentation/SA1629.md) [C:\Projects\Hazina\src\Core\AI\Hazina.AI.RAG\Hazina.AI.RAG.csproj::TargetFramework=net9.0]
C:\Projects\Hazina\src\Core\AI\Hazina.AI.RAG\Retrieval\Reranker.cs(229,1): warning SA1516: Elements should be separated by blank line (https://github.com/DotNetAnalyzers/StyleCopAnalyzers/blob/master/documentation/SA1516.md) [C:\Projects\Hazina\src\Core\AI\Hazina.AI.RAG\Hazina.AI.RAG.csproj::TargetFramework=net9.0]
C:\Projects\Hazina\src\Core\AI\Hazina.AI.RAG\Retrieval\Reranker.cs(230,1): warning SA1516: Elements should be separated by blank line (https://github.com/DotNetAnalyzers/StyleCopAnalyzers/blob/master/documentation/SA1516.md) [C:\Projects\Hazina\src\Core\AI\Hazina.AI.RAG\Hazina.AI.RAG.csproj::TargetFramework=net9.0]
C:\Projects\Hazina\src\Core\AI\Hazina.AI.RAG\Graph\Pipeline\LLMRelationshipExtractor.cs(202,24): warning S3459: Remove unassigned auto-property 'Description', or set its value. (https://rules.sonarsource.com/csharp/RSPEC-3459) [C:\Projects\Hazina\src\Core\AI\Hazina.AI.RAG\Hazina.AI.RAG.csproj::TargetFramework=net9.0]
C:\Projects\Hazina\src\Core\AI\Hazina.AI.RAG\Embeddings\LLMMetadataExtractor.cs(59,13): warning SA1009: Closing parenthesis should not be preceded by a space (https://github.com/DotNetAnalyzers/StyleCopAnalyzers/blob/master/documentation/SA1009.md) [C:\Projects\Hazina\src\Core\AI\Hazina.AI.RAG\Hazina.AI.RAG.csproj::TargetFramework=net9.0]
C:\Projects\Hazina\src\Core\AI\Hazina.AI.RAG\Embeddings\LLMMetadataExtractor.cs(99,17): warning SA1009: Closing parenthesis should not be preceded by a space (https://github.com/DotNetAnalyzers/StyleCopAnalyzers/blob/master/documentation/SA1009.md) [C:\Projects\Hazina\src\Core\AI\Hazina.AI.RAG\Hazina.AI.RAG.csproj::TargetFramework=net9.0]
C:\Projects\Hazina\src\Core\AI\Hazina.AI.RAG\Embeddings\LLMMetadataExtractor.cs(133,13): warning SA1009: Closing parenthesis should not be preceded by a space (https://github.com/DotNetAnalyzers/StyleCopAnalyzers/blob/master/documentation/SA1009.md) [C:\Projects\Hazina\src\Core\AI\Hazina.AI.RAG\Hazina.AI.RAG.csproj::TargetFramework=net9.0]
C:\Projects\Hazina\src\Core\AI\Hazina.AI.RAG\Embeddings\LLMMetadataExtractor.cs(145,17): warning SA1009: Closing parenthesis should not be preceded by a space (https://github.com/DotNetAnalyzers/StyleCopAnalyzers/blob/master/documentation/SA1009.md) [C:\Projects\Hazina\src\Core\AI\Hazina.AI.RAG\Hazina.AI.RAG.csproj::TargetFramework=net9.0]
C:\Projects\Hazina\src\Core\AI\Hazina.AI.RAG\Graph\Storage\InMemoryGraphStore.cs(13,87): warning MA0002: Use an overload that has a IEqualityComparer<string> or IComparer<string> parameter (https://github.com/meziantou/Meziantou.Analyzer/blob/main/docs/Rules/MA0002.md) [C:\Projects\Hazina\src\Core\AI\Hazina.AI.RAG\Hazina.AI.RAG.csproj::TargetFramework=net9.0]
C:\Projects\Hazina\src\Core\AI\Hazina.AI.RAG\Graph\Storage\InMemoryGraphStore.cs(12,76): warning MA0002: Use an overload that has a IEqualityComparer<string> or IComparer<string> parameter (https://github.com/meziantou/Meziantou.Analyzer/blob/main/docs/Rules/MA0002.md) [C:\Projects\Hazina\src\Core\AI\Hazina.AI.RAG\Hazina.AI.RAG.csproj::TargetFramework=net9.0]
C:\Projects\Hazina\src\Core\AI\Hazina.AI.RAG\Graph\Pipeline\LLMRelationshipExtractor.cs(202,43): warning S1144: Remove the unused private set accessor in property 'Description'. (https://rules.sonarsource.com/csharp/RSPEC-1144) [C:\Projects\Hazina\src\Core\AI\Hazina.AI.RAG\Hazina.AI.RAG.csproj::TargetFramework=net9.0]
C:\Projects\Hazina\src\Core\AI\Hazina.AI.RAG\Graph\Pipeline\LLMRelationshipExtractor.cs(13,14): warning S101: Rename class 'LLMRelationshipExtractor' to match pascal case naming rules, consider using 'LlmRelationshipExtractor'. (https://rules.sonarsource.com/csharp/RSPEC-101) [C:\Projects\Hazina\src\Core\AI\Hazina.AI.RAG\Hazina.AI.RAG.csproj::TargetFramework=net9.0]
C:\Projects\Hazina\src\Core\AI\Hazina.AI.RAG\Graph\Storage\InMemoryGraphStore.cs(14,88): warning MA0002: Use an overload that has a IEqualityComparer<string> or IComparer<string> parameter (https://github.com/meziantou/Meziantou.Analyzer/blob/main/docs/Rules/MA0002.md) [C:\Projects\Hazina\src\Core\AI\Hazina.AI.RAG\Hazina.AI.RAG.csproj::TargetFramework=net9.0]
C:\Projects\Hazina\src\Core\AI\Hazina.AI.RAG\Graph\Storage\SQLiteGraphStore.cs(14,14): warning CA1063: Provide an overridable implementation of Dispose(bool) on 'SQLiteGraphStore' or mark the type as sealed. A call to Dispose(false) should only clean up native resources. A call to Dispose(true) should clean up both managed and native resources. (https://learn.microsoft.com/dotnet/fundamentals/code-analysis/quality-rules/ca1063) [C:\Projects\Hazina\src\Core\AI\Hazina.AI.RAG\Hazina.AI.RAG.csproj::TargetFramework=net9.0]
C:\Projects\Hazina\src\Core\AI\Hazina.AI.RAG\Core\RAGEngine.cs(644,5): warning MA0016: Prefer using collection abstraction instead of implementation (https://github.com/meziantou/Meziantou.Analyzer/blob/main/docs/Rules/MA0016.md) [C:\Projects\Hazina\src\Core\AI\Hazina.AI.RAG\Hazina.AI.RAG.csproj::TargetFramework=net9.0]
C:\Projects\Hazina\src\Core\AI\Hazina.AI.RAG\Core\RAGEngine.cs(643,49): warning MA0016: Prefer using collection abstraction instead of implementation (https://github.com/meziantou/Meziantou.Analyzer/blob/main/docs/Rules/MA0016.md) [C:\Projects\Hazina\src\Core\AI\Hazina.AI.RAG\Hazina.AI.RAG.csproj::TargetFramework=net9.0]
C:\Projects\Hazina\src\Core\AI\Hazina.AI.RAG\Embeddings\Models\LLMMetadataResponse.cs(1,1): warning SA1633: The file header is missing or not located at the top of the file. (https://github.com/DotNetAnalyzers/StyleCopAnalyzers/blob/master/documentation/SA1633.md) [C:\Projects\Hazina\src\Core\AI\Hazina.AI.RAG\Hazina.AI.RAG.csproj::TargetFramework=net9.0]
C:\Projects\Hazina\src\Core\AI\Hazina.AI.RAG\Embeddings\Models\LLMMetadataResponse.cs(7,14): warning SA1649: File name should match first type name (https://github.com/DotNetAnalyzers/StyleCopAnalyzers/blob/master/documentation/SA1649.md) [C:\Projects\Hazina\src\Core\AI\Hazina.AI.RAG\Hazina.AI.RAG.csproj::TargetFramework=net9.0]
C:\Projects\Hazina\src\Core\AI\Hazina.AI.RAG\Embeddings\Models\LLMMetadataResponse.cs(59,14): warning SA1402: File may only contain a single type (https://github.com/DotNetAnalyzers/StyleCopAnalyzers/blob/master/documentation/SA1402.md) [C:\Projects\Hazina\src\Core\AI\Hazina.AI.RAG\Hazina.AI.RAG.csproj::TargetFramework=net9.0]
C:\Projects\Hazina\src\Core\AI\Hazina.AI.RAG\Embeddings\Models\LLMMetadataResponse.cs(98,21): warning SA1402: File may only contain a single type (https://github.com/DotNetAnalyzers/StyleCopAnalyzers/blob/master/documentation/SA1402.md) [C:\Projects\Hazina\src\Core\AI\Hazina.AI.RAG\Hazina.AI.RAG.csproj::TargetFramework=net9.0]
C:\Projects\Hazina\src\Core\AI\Hazina.AI.RAG\Embeddings\TextChunker.cs(10,78): warning SA1629: Documentation text should end with a period (https://github.com/DotNetAnalyzers/StyleCopAnalyzers/blob/master/documentation/SA1629.md) [C:\Projects\Hazina\src\Core\AI\Hazina.AI.RAG\Hazina.AI.RAG.csproj::TargetFramework=net9.0]
C:\Projects\Hazina\src\Core\AI\Hazina.AI.RAG\Embeddings\SemanticChunkingOptions.cs(1,1): warning SA1633: The file header is missing or not located at the top of the file. (https://github.com/DotNetAnalyzers/StyleCopAnalyzers/blob/master/documentation/SA1633.md) [C:\Projects\Hazina\src\Core\AI\Hazina.AI.RAG\Hazina.AI.RAG.csproj::TargetFramework=net9.0]
C:\Projects\Hazina\src\Core\AI\Hazina.AI.RAG\Graph\Storage\SQLiteGraphStore.cs(14,14): warning S3881: Fix this implementation of 'IDisposable' to conform to the dispose pattern. (https://rules.sonarsource.com/csharp/RSPEC-3881) [C:\Projects\Hazina\src\Core\AI\Hazina.AI.RAG\Hazina.AI.RAG.csproj::TargetFramework=net9.0]
C:\Projects\Hazina\src\Core\AI\Hazina.AI.RAG\Embeddings\SemanticSimilarityChunker.cs(11,59): warning SA1629: Documentation text should end with a period (https://github.com/DotNetAnalyzers/StyleCopAnalyzers/blob/master/documentation/SA1629.md) [C:\Projects\Hazina\src\Core\AI\Hazina.AI.RAG\Hazina.AI.RAG.csproj::TargetFramework=net9.0]
C:\Projects\Hazina\src\Core\AI\Hazina.AI.RAG\Embeddings\SemanticSimilarityChunker.cs(1,1): warning SA1633: The file header is missing or not located at the top of the file. (https://github.com/DotNetAnalyzers/StyleCopAnalyzers/blob/master/documentation/SA1633.md) [C:\Projects\Hazina\src\Core\AI\Hazina.AI.RAG\Hazina.AI.RAG.csproj::TargetFramework=net9.0]
C:\Projects\Hazina\src\Core\AI\Hazina.AI.RAG\Embeddings\EmbeddingCache.cs(42,38): warning SA1629: Documentation text should end with a period (https://github.com/DotNetAnalyzers/StyleCopAnalyzers/blob/master/documentation/SA1629.md) [C:\Projects\Hazina\src\Core\AI\Hazina.AI.RAG\Hazina.AI.RAG.csproj::TargetFramework=net9.0]
C:\Projects\Hazina\src\Core\AI\Hazina.AI.RAG\Embeddings\SemanticSimilarityChunker.cs(284,13): warning SA1512: Single-line comments should not be followed by blank line (https://github.com/DotNetAnalyzers/StyleCopAnalyzers/blob/master/documentation/SA1512.md) [C:\Projects\Hazina\src\Core\AI\Hazina.AI.RAG\Hazina.AI.RAG.csproj::TargetFramework=net9.0]
C:\Projects\Hazina\src\Core\AI\Hazina.AI.RAG\Embeddings\SemanticSimilarityChunker.cs(220,14): warning SA1513: Closing brace should be followed by blank line (https://github.com/DotNetAnalyzers/StyleCopAnalyzers/blob/master/documentation/SA1513.md) [C:\Projects\Hazina\src\Core\AI\Hazina.AI.RAG\Hazina.AI.RAG.csproj::TargetFramework=net9.0]
C:\Projects\Hazina\src\Core\AI\Hazina.AI.RAG\Embeddings\SemanticSimilarityChunker.cs(217,21): warning SA1515: Single-line comment should be preceded by blank line (https://github.com/DotNetAnalyzers/StyleCopAnalyzers/blob/master/documentation/SA1515.md) [C:\Projects\Hazina\src\Core\AI\Hazina.AI.RAG\Hazina.AI.RAG.csproj::TargetFramework=net9.0]
C:\Projects\Hazina\src\Core\AI\Hazina.AI.RAG\Embeddings\EmbeddingCache.cs(20,57): warning SA1629: Documentation text should end with a period (https://github.com/DotNetAnalyzers/StyleCopAnalyzers/blob/master/documentation/SA1629.md) [C:\Projects\Hazina\src\Core\AI\Hazina.AI.RAG\Hazina.AI.RAG.csproj::TargetFramework=net9.0]
C:\Projects\Hazina\src\Core\AI\Hazina.AI.RAG\Graph\Storage\SQLiteGraphStore.cs(33,18): warning MA0051: Method is too long (97 lines; maximum allowed: 60) (https://github.com/meziantou/Meziantou.Analyzer/blob/main/docs/Rules/MA0051.md) [C:\Projects\Hazina\src\Core\AI\Hazina.AI.RAG\Hazina.AI.RAG.csproj::TargetFramework=net9.0]
C:\Projects\Hazina\src\Core\AI\Hazina.AI.RAG\Embeddings\EmbeddingCache.cs(55,51): warning SA1629: Documentation text should end with a period (https://github.com/DotNetAnalyzers/StyleCopAnalyzers/blob/master/documentation/SA1629.md) [C:\Projects\Hazina\src\Core\AI\Hazina.AI.RAG\Hazina.AI.RAG.csproj::TargetFramework=net9.0]
C:\Projects\Hazina\src\Core\AI\Hazina.AI.RAG\Embeddings\EmbeddingCache.cs(70,57): warning SA1629: Documentation text should end with a period (https://github.com/DotNetAnalyzers/StyleCopAnalyzers/blob/master/documentation/SA1629.md) [C:\Projects\Hazina\src\Core\AI\Hazina.AI.RAG\Hazina.AI.RAG.csproj::TargetFramework=net9.0]
C:\Projects\Hazina\src\Core\AI\Hazina.AI.RAG\Embeddings\EmbeddingCache.cs(81,25): warning MA0004: Use Task.ConfigureAwait(false) if the current SynchronizationContext is not needed (https://github.com/meziantou/Meziantou.Analyzer/blob/main/docs/Rules/MA0004.md) [C:\Projects\Hazina\src\Core\AI\Hazina.AI.RAG\Hazina.AI.RAG.csproj::TargetFramework=net9.0]
C:\Projects\Hazina\src\Core\AI\Hazina.AI.RAG\Embeddings\SemanticSimilarityChunker.cs(138,9): warning SA1009: Closing parenthesis should not be preceded by a space (https://github.com/DotNetAnalyzers/StyleCopAnalyzers/blob/master/documentation/SA1009.md) [C:\Projects\Hazina\src\Core\AI\Hazina.AI.RAG\Hazina.AI.RAG.csproj::TargetFramework=net9.0]
C:\Projects\Hazina\src\Core\AI\Hazina.AI.RAG\Embeddings\SemanticSimilarityChunker.cs(211,21): warning SA1009: Closing parenthesis should not be preceded by a space (https://github.com/DotNetAnalyzers/StyleCopAnalyzers/blob/master/documentation/SA1009.md) [C:\Projects\Hazina\src\Core\AI\Hazina.AI.RAG\Hazina.AI.RAG.csproj::TargetFramework=net9.0]
C:\Projects\Hazina\src\Core\AI\Hazina.AI.RAG\Interfaces\IRetrievalPipeline.cs(17,5): warning MA0016: Prefer using collection abstraction instead of implementation (https://github.com/meziantou/Meziantou.Analyzer/blob/main/docs/Rules/MA0016.md) [C:\Projects\Hazina\src\Core\AI\Hazina.AI.RAG\Hazina.AI.RAG.csproj::TargetFramework=net9.0]
C:\Projects\Hazina\src\Core\AI\Hazina.AI.RAG\Embeddings\EmbeddingCache.cs(87,36): warning SA1629: Documentation text should end with a period (https://github.com/DotNetAnalyzers/StyleCopAnalyzers/blob/master/documentation/SA1629.md) [C:\Projects\Hazina\src\Core\AI\Hazina.AI.RAG\Hazina.AI.RAG.csproj::TargetFramework=net9.0]
C:\Projects\Hazina\src\Core\AI\Hazina.AI.RAG\Interfaces\IRetriever.cs(17,5): warning MA0016: Prefer using collection abstraction instead of implementation (https://github.com/meziantou/Meziantou.Analyzer/blob/main/docs/Rules/MA0016.md) [C:\Projects\Hazina\src\Core\AI\Hazina.AI.RAG\Hazina.AI.RAG.csproj::TargetFramework=net9.0]
C:\Projects\Hazina\src\Core\AI\Hazina.AI.RAG\Embeddings\EmbeddingCache.cs(100,29): warning SA1629: Documentation text should end with a period (https://github.com/DotNetAnalyzers/StyleCopAnalyzers/blob/master/documentation/SA1629.md) [C:\Projects\Hazina\src\Core\AI\Hazina.AI.RAG\Hazina.AI.RAG.csproj::TargetFramework=net9.0]
C:\Projects\Hazina\src\Core\AI\Hazina.AI.RAG\Interfaces\IRetrievalPipeline.cs(9,44): warning SA1629: Documentation text should end with a period (https://github.com/DotNetAnalyzers/StyleCopAnalyzers/blob/master/documentation/SA1629.md) [C:\Projects\Hazina\src\Core\AI\Hazina.AI.RAG\Hazina.AI.RAG.csproj::TargetFramework=net9.0]
C:\Projects\Hazina\src\Core\AI\Hazina.AI.RAG\Interfaces\IRetrievalPipeline.cs(11,39): warning SA1629: Documentation text should end with a period (https://github.com/DotNetAnalyzers/StyleCopAnalyzers/blob/master/documentation/SA1629.md) [C:\Projects\Hazina\src\Core\AI\Hazina.AI.RAG\Hazina.AI.RAG.csproj::TargetFramework=net9.0]
C:\Projects\Hazina\src\Core\AI\Hazina.AI.RAG\Interfaces\IRetrievalPipeline.cs(12,79): warning SA1629: Documentation text should end with a period (https://github.com/DotNetAnalyzers/StyleCopAnalyzers/blob/master/documentation/SA1629.md) [C:\Projects\Hazina\src\Core\AI\Hazina.AI.RAG\Hazina.AI.RAG.csproj::TargetFramework=net9.0]
C:\Projects\Hazina\src\Core\AI\Hazina.AI.RAG\Interfaces\IRetrievalPipeline.cs(13,81): warning SA1629: Documentation text should end with a period (https://github.com/DotNetAnalyzers/StyleCopAnalyzers/blob/master/documentation/SA1629.md) [C:\Projects\Hazina\src\Core\AI\Hazina.AI.RAG\Hazina.AI.RAG.csproj::TargetFramework=net9.0]
C:\Projects\Hazina\src\Core\AI\Hazina.AI.RAG\Interfaces\IRetrievalPipeline.cs(14,79): warning SA1629: Documentation text should end with a period (https://github.com/DotNetAnalyzers/StyleCopAnalyzers/blob/master/documentation/SA1629.md) [C:\Projects\Hazina\src\Core\AI\Hazina.AI.RAG\Hazina.AI.RAG.csproj::TargetFramework=net9.0]
C:\Projects\Hazina\src\Core\AI\Hazina.AI.RAG\Interfaces\IRetrievalPipeline.cs(15,59): warning SA1629: Documentation text should end with a period (https://github.com/DotNetAnalyzers/StyleCopAnalyzers/blob/master/documentation/SA1629.md) [C:\Projects\Hazina\src\Core\AI\Hazina.AI.RAG\Hazina.AI.RAG.csproj::TargetFramework=net9.0]
C:\Projects\Hazina\src\Core\AI\Hazina.AI.RAG\Interfaces\IRetrievalPipeline.cs(16,43): warning SA1629: Documentation text should end with a period (https://github.com/DotNetAnalyzers/StyleCopAnalyzers/blob/master/documentation/SA1629.md) [C:\Projects\Hazina\src\Core\AI\Hazina.AI.RAG\Hazina.AI.RAG.csproj::TargetFramework=net9.0]
C:\Projects\Hazina\src\Core\AI\Hazina.AI.RAG\Interfaces\IRetrievalPipeline.cs(23,5): warning SA1111: Closing parenthesis should be on line of last parameter (https://github.com/DotNetAnalyzers/StyleCopAnalyzers/blob/master/documentation/SA1111.md) [C:\Projects\Hazina\src\Core\AI\Hazina.AI.RAG\Hazina.AI.RAG.csproj::TargetFramework=net9.0]
C:\Projects\Hazina\src\Core\AI\Hazina.AI.RAG\Interfaces\IRetriever.cs(10,52): warning SA1629: Documentation text should end with a period (https://github.com/DotNetAnalyzers/StyleCopAnalyzers/blob/master/documentation/SA1629.md) [C:\Projects\Hazina\src\Core\AI\Hazina.AI.RAG\Hazina.AI.RAG.csproj::TargetFramework=net9.0]
C:\Projects\Hazina\src\Core\AI\Hazina.AI.RAG\Interfaces\IRetriever.cs(12,44): warning SA1629: Documentation text should end with a period (https://github.com/DotNetAnalyzers/StyleCopAnalyzers/blob/master/documentation/SA1629.md) [C:\Projects\Hazina\src\Core\AI\Hazina.AI.RAG\Hazina.AI.RAG.csproj::TargetFramework=net9.0]
C:\Projects\Hazina\src\Core\AI\Hazina.AI.RAG\Interfaces\IRetriever.cs(13,60): warning SA1629: Documentation text should end with a period (https://github.com/DotNetAnalyzers/StyleCopAnalyzers/blob/master/documentation/SA1629.md) [C:\Projects\Hazina\src\Core\AI\Hazina.AI.RAG\Hazina.AI.RAG.csproj::TargetFramework=net9.0]
C:\Projects\Hazina\src\Core\AI\Hazina.AI.RAG\Interfaces\IRetriever.cs(14,76): warning SA1629: Documentation text should end with a period (https://github.com/DotNetAnalyzers/StyleCopAnalyzers/blob/master/documentation/SA1629.md) [C:\Projects\Hazina\src\Core\AI\Hazina.AI.RAG\Hazina.AI.RAG.csproj::TargetFramework=net9.0]
C:\Projects\Hazina\src\Core\AI\Hazina.AI.RAG\Interfaces\IRetriever.cs(15,59): warning SA1629: Documentation text should end with a period (https://github.com/DotNetAnalyzers/StyleCopAnalyzers/blob/master/documentation/SA1629.md) [C:\Projects\Hazina\src\Core\AI\Hazina.AI.RAG\Hazina.AI.RAG.csproj::TargetFramework=net9.0]
C:\Projects\Hazina\src\Core\AI\Hazina.AI.RAG\Interfaces\IRetriever.cs(16,68): warning SA1629: Documentation text should end with a period (https://github.com/DotNetAnalyzers/StyleCopAnalyzers/blob/master/documentation/SA1629.md) [C:\Projects\Hazina\src\Core\AI\Hazina.AI.RAG\Hazina.AI.RAG.csproj::TargetFramework=net9.0]
C:\Projects\Hazina\src\Core\AI\Hazina.AI.RAG\Interfaces\IRetriever.cs(22,5): warning SA1111: Closing parenthesis should be on line of last parameter (https://github.com/DotNetAnalyzers/StyleCopAnalyzers/blob/master/documentation/SA1111.md) [C:\Projects\Hazina\src\Core\AI\Hazina.AI.RAG\Hazina.AI.RAG.csproj::TargetFramework=net9.0]
C:\Projects\Hazina\src\Core\AI\Hazina.AI.RAG\Embeddings\EmbeddingCache.cs(81,31): warning CA1062: In externally visible method 'Task<Embedding> EmbeddingCache.GetOrAddAsync(string text, Func<string, Task<Embedding>> generatorAsync)', validate parameter 'generatorAsync' is non-null before using it. If appropriate, throw an 'ArgumentNullException' when the argument is 'null'. (https://learn.microsoft.com/dotnet/fundamentals/code-analysis/quality-rules/ca1062) [C:\Projects\Hazina\src\Core\AI\Hazina.AI.RAG\Hazina.AI.RAG.csproj::TargetFramework=net9.0]
C:\Projects\Hazina\src\Core\AI\Hazina.AI.RAG\Embeddings\EmbeddingCache.cs(102,23): warning CA1024: Use properties where appropriate (https://learn.microsoft.com/dotnet/fundamentals/code-analysis/quality-rules/ca1024) [C:\Projects\Hazina\src\Core\AI\Hazina.AI.RAG\Hazina.AI.RAG.csproj::TargetFramework=net9.0]
C:\Projects\Hazina\src\Core\AI\Hazina.AI.RAG\Graph\Storage\SQLiteGraphStore.cs(130,9): warning CA1873: Evaluation of this argument may be expensive and unnecessary if logging is disabled (https://learn.microsoft.com/dotnet/fundamentals/code-analysis/quality-rules/ca1873) [C:\Projects\Hazina\src\Core\AI\Hazina.AI.RAG\Hazina.AI.RAG.csproj::TargetFramework=net9.0]
C:\Projects\Hazina\src\Core\AI\Hazina.AI.RAG\Graph\Storage\SQLiteGraphStore.cs(130,9): warning CA1848: For improved performance, use the LoggerMessage delegates instead of calling 'LoggerExtensions.LogInformation(ILogger, string?, params object?[])' (https://learn.microsoft.com/dotnet/fundamentals/code-analysis/quality-rules/ca1848) [C:\Projects\Hazina\src\Core\AI\Hazina.AI.RAG\Hazina.AI.RAG.csproj::TargetFramework=net9.0]
C:\Projects\Hazina\src\Core\AI\Hazina.AI.RAG\Interfaces\IReranker.cs(19,35): warning CA1002: Change 'List<IRetrievalCandidate>' in 'IReranker.RerankAsync(string, List<IRetrievalCandidate>, [int], [CancellationToken])' to use 'Collection<T>', 'ReadOnlyCollection<T>' or 'KeyedCollection<K,V>' (https://learn.microsoft.com/dotnet/fundamentals/code-analysis/quality-rules/ca1002) [C:\Projects\Hazina\src\Core\AI\Hazina.AI.RAG\Hazina.AI.RAG.csproj::TargetFramework=net9.0]
C:\Projects\Hazina\src\Core\AI\Hazina.AI.RAG\Interfaces\IReranker.cs(17,5): warning MA0016: Prefer using collection abstraction instead of implementation (https://github.com/meziantou/Meziantou.Analyzer/blob/main/docs/Rules/MA0016.md) [C:\Projects\Hazina\src\Core\AI\Hazina.AI.RAG\Hazina.AI.RAG.csproj::TargetFramework=net9.0]
C:\Projects\Hazina\src\Core\AI\Hazina.AI.RAG\Interfaces\IReranker.cs(19,9): warning MA0016: Prefer using collection abstraction instead of implementation (https://github.com/meziantou/Meziantou.Analyzer/blob/main/docs/Rules/MA0016.md) [C:\Projects\Hazina\src\Core\AI\Hazina.AI.RAG\Hazina.AI.RAG.csproj::TargetFramework=net9.0]
C:\Projects\Hazina\src\Core\AI\Hazina.AI.RAG\Interfaces\IReranker.cs(10,51): warning SA1629: Documentation text should end with a period (https://github.com/DotNetAnalyzers/StyleCopAnalyzers/blob/master/documentation/SA1629.md) [C:\Projects\Hazina\src\Core\AI\Hazina.AI.RAG\Hazina.AI.RAG.csproj::TargetFramework=net9.0]
C:\Projects\Hazina\src\Core\AI\Hazina.AI.RAG\Interfaces\IReranker.cs(12,44): warning SA1629: Documentation text should end with a period (https://github.com/DotNetAnalyzers/StyleCopAnalyzers/blob/master/documentation/SA1629.md) [C:\Projects\Hazina\src\Core\AI\Hazina.AI.RAG\Hazina.AI.RAG.csproj::TargetFramework=net9.0]
C:\Projects\Hazina\src\Core\AI\Hazina.AI.RAG\Interfaces\IReranker.cs(13,54): warning SA1629: Documentation text should end with a period (https://github.com/DotNetAnalyzers/StyleCopAnalyzers/blob/master/documentation/SA1629.md) [C:\Projects\Hazina\src\Core\AI\Hazina.AI.RAG\Hazina.AI.RAG.csproj::TargetFramework=net9.0]
C:\Projects\Hazina\src\Core\AI\Hazina.AI.RAG\Interfaces\IReranker.cs(14,75): warning SA1629: Documentation text should end with a period (https://github.com/DotNetAnalyzers/StyleCopAnalyzers/blob/master/documentation/SA1629.md) [C:\Projects\Hazina\src\Core\AI\Hazina.AI.RAG\Hazina.AI.RAG.csproj::TargetFramework=net9.0]
C:\Projects\Hazina\src\Core\AI\Hazina.AI.RAG\Interfaces\IReranker.cs(15,59): warning SA1629: Documentation text should end with a period (https://github.com/DotNetAnalyzers/StyleCopAnalyzers/blob/master/documentation/SA1629.md) [C:\Projects\Hazina\src\Core\AI\Hazina.AI.RAG\Hazina.AI.RAG.csproj::TargetFramework=net9.0]
C:\Projects\Hazina\src\Core\AI\Hazina.AI.RAG\Interfaces\IReranker.cs(16,64): warning SA1629: Documentation text should end with a period (https://github.com/DotNetAnalyzers/StyleCopAnalyzers/blob/master/documentation/SA1629.md) [C:\Projects\Hazina\src\Core\AI\Hazina.AI.RAG\Hazina.AI.RAG.csproj::TargetFramework=net9.0]
C:\Projects\Hazina\src\Core\AI\Hazina.AI.RAG\Interfaces\IReranker.cs(22,5): warning SA1111: Closing parenthesis should be on line of last parameter (https://github.com/DotNetAnalyzers/StyleCopAnalyzers/blob/master/documentation/SA1111.md) [C:\Projects\Hazina\src\Core\AI\Hazina.AI.RAG\Hazina.AI.RAG.csproj::TargetFramework=net9.0]
C:\Projects\Hazina\src\Core\AI\Hazina.AI.RAG\Embeddings\TextChunker.cs(1,1): warning SA1633: The file header is missing or not located at the top of the file. (https://github.com/DotNetAnalyzers/StyleCopAnalyzers/blob/master/documentation/SA1633.md) [C:\Projects\Hazina\src\Core\AI\Hazina.AI.RAG\Hazina.AI.RAG.csproj::TargetFramework=net9.0]
C:\Projects\Hazina\src\Core\AI\Hazina.AI.RAG\Embeddings\BasicMetadataExtractor.cs(37,12): warning MA0016: Prefer using collection abstraction instead of implementation (https://github.com/meziantou/Meziantou.Analyzer/blob/main/docs/Rules/MA0016.md) [C:\Projects\Hazina\src\Core\AI\Hazina.AI.RAG\Hazina.AI.RAG.csproj::TargetFramework=net9.0]
C:\Projects\Hazina\src\Core\AI\Hazina.AI.RAG\Embeddings\EmbeddingCache.cs(64,25): warning CA1062: In externally visible method 'Embedding EmbeddingCache.GetOrAdd(string text, Func<string, Embedding> generator)', validate parameter 'generator' is non-null before using it. If appropriate, throw an 'ArgumentNullException' when the argument is 'null'. (https://learn.microsoft.com/dotnet/fundamentals/code-analysis/quality-rules/ca1062) [C:\Projects\Hazina\src\Core\AI\Hazina.AI.RAG\Hazina.AI.RAG.csproj::TargetFramework=net9.0]
C:\Projects\Hazina\src\Core\AI\Hazina.AI.RAG\Embeddings\TextChunker.cs(332,14): warning SA1402: File may only contain a single type (https://github.com/DotNetAnalyzers/StyleCopAnalyzers/blob/master/documentation/SA1402.md) [C:\Projects\Hazina\src\Core\AI\Hazina.AI.RAG\Hazina.AI.RAG.csproj::TargetFramework=net9.0]
C:\Projects\Hazina\src\Core\AI\Hazina.AI.RAG\Embeddings\TextChunker.cs(344,14): warning SA1402: File may only contain a single type (https://github.com/DotNetAnalyzers/StyleCopAnalyzers/blob/master/documentation/SA1402.md) [C:\Projects\Hazina\src\Core\AI\Hazina.AI.RAG\Hazina.AI.RAG.csproj::TargetFramework=net9.0]
C:\Projects\Hazina\src\Core\AI\Hazina.AI.RAG\Embeddings\EmbeddingCache.cs(117,50): warning SA1629: Documentation text should end with a period (https://github.com/DotNetAnalyzers/StyleCopAnalyzers/blob/master/documentation/SA1629.md) [C:\Projects\Hazina\src\Core\AI\Hazina.AI.RAG\Hazina.AI.RAG.csproj::TargetFramework=net9.0]
C:\Projects\Hazina\src\Core\AI\Hazina.AI.RAG\Embeddings\BasicMetadataExtractor.cs(35,49): warning SA1629: Documentation text should end with a period (https://github.com/DotNetAnalyzers/StyleCopAnalyzers/blob/master/documentation/SA1629.md) [C:\Projects\Hazina\src\Core\AI\Hazina.AI.RAG\Hazina.AI.RAG.csproj::TargetFramework=net9.0]
C:\Projects\Hazina\src\Core\AI\Hazina.AI.RAG\Embeddings\EmbeddingCache.cs(123,25): warning CA1850: Prefer static 'System.Security.Cryptography.SHA256.HashData' method over 'ComputeHash' (https://learn.microsoft.com/dotnet/fundamentals/code-analysis/quality-rules/ca1850) [C:\Projects\Hazina\src\Core\AI\Hazina.AI.RAG\Hazina.AI.RAG.csproj::TargetFramework=net9.0]
C:\Projects\Hazina\src\Core\AI\Hazina.AI.RAG\Extensions\DocumentStoreSemanticExtensions.cs(151,12): warning MA0026: TODO When vector store supports metadata, include chunkMetadata in the embedding (https://github.com/meziantou/Meziantou.Analyzer/blob/main/docs/Rules/MA0026.md) [C:\Projects\Hazina\src\Core\AI\Hazina.AI.RAG\Hazina.AI.RAG.csproj::TargetFramework=net9.0]
C:\Projects\Hazina\src\Core\AI\Hazina.AI.RAG\Embeddings\BasicMetadataExtractor.cs(39,24): warning MA0002: Use an overload that has a IEqualityComparer<string> or IComparer<string> parameter (https://github.com/meziantou/Meziantou.Analyzer/blob/main/docs/Rules/MA0002.md) [C:\Projects\Hazina\src\Core\AI\Hazina.AI.RAG\Hazina.AI.RAG.csproj::TargetFramework=net9.0]
C:\Projects\Hazina\src\Core\AI\Hazina.AI.RAG\Extensions\DocumentStoreSemanticExtensions.cs(151,12): warning S1135: Complete the task associated to this 'TODO' comment. (https://rules.sonarsource.com/csharp/RSPEC-1135) [C:\Projects\Hazina\src\Core\AI\Hazina.AI.RAG\Hazina.AI.RAG.csproj::TargetFramework=net9.0]
C:\Projects\Hazina\src\Core\AI\Hazina.AI.RAG\Extensions\DocumentStoreSemanticExtensions.cs(1,1): warning SA1633: The file header is missing or not located at the top of the file. (https://github.com/DotNetAnalyzers/StyleCopAnalyzers/blob/master/documentation/SA1633.md) [C:\Projects\Hazina\src\Core\AI\Hazina.AI.RAG\Hazina.AI.RAG.csproj::TargetFramework=net9.0]
C:\Projects\Hazina\src\Core\AI\Hazina.AI.RAG\Embeddings\HierarchicalChunkerExtensions.cs(29,22): warning MA0004: Use Task.ConfigureAwait(false) if the current SynchronizationContext is not needed (https://github.com/meziantou/Meziantou.Analyzer/blob/main/docs/Rules/MA0004.md) [C:\Projects\Hazina\src\Core\AI\Hazina.AI.RAG\Hazina.AI.RAG.csproj::TargetFramework=net9.0]
C:\Projects\Hazina\src\Core\AI\Hazina.AI.RAG\Extensions\DocumentStoreSemanticExtensions.cs(73,9): warning SA1009: Closing parenthesis should not be preceded by a space (https://github.com/DotNetAnalyzers/StyleCopAnalyzers/blob/master/documentation/SA1009.md) [C:\Projects\Hazina\src\Core\AI\Hazina.AI.RAG\Hazina.AI.RAG.csproj::TargetFramework=net9.0]
C:\Projects\Hazina\src\Core\AI\Hazina.AI.RAG\Extensions\DocumentStoreSemanticExtensions.cs(109,13): warning SA1009: Closing parenthesis should not be preceded by a space (https://github.com/DotNetAnalyzers/StyleCopAnalyzers/blob/master/documentation/SA1009.md) [C:\Projects\Hazina\src\Core\AI\Hazina.AI.RAG\Hazina.AI.RAG.csproj::TargetFramework=net9.0]
C:\Projects\Hazina\src\Core\AI\Hazina.AI.RAG\Extensions\DocumentStoreSemanticExtensions.cs(125,17): warning SA1009: Closing parenthesis should not be preceded by a space (https://github.com/DotNetAnalyzers/StyleCopAnalyzers/blob/master/documentation/SA1009.md) [C:\Projects\Hazina\src\Core\AI\Hazina.AI.RAG\Hazina.AI.RAG.csproj::TargetFramework=net9.0]
C:\Projects\Hazina\src\Core\AI\Hazina.AI.RAG\Extensions\DocumentStoreSemanticExtensions.cs(195,9): warning SA1009: Closing parenthesis should not be preceded by a space (https://github.com/DotNetAnalyzers/StyleCopAnalyzers/blob/master/documentation/SA1009.md) [C:\Projects\Hazina\src\Core\AI\Hazina.AI.RAG\Hazina.AI.RAG.csproj::TargetFramework=net9.0]
C:\Projects\Hazina\src\Core\AI\Hazina.AI.RAG\Embeddings\EmbeddingCache.cs(128,67): warning SA1629: Documentation text should end with a period (https://github.com/DotNetAnalyzers/StyleCopAnalyzers/blob/master/documentation/SA1629.md) [C:\Projects\Hazina\src\Core\AI\Hazina.AI.RAG\Hazina.AI.RAG.csproj::TargetFramework=net9.0]
C:\Projects\Hazina\src\Core\AI\Hazina.AI.RAG\Embeddings\EmbeddingCache.cs(134,42): warning SA1503: Braces should not be omitted (https://github.com/DotNetAnalyzers/StyleCopAnalyzers/blob/master/documentation/SA1503.md) [C:\Projects\Hazina\src\Core\AI\Hazina.AI.RAG\Hazina.AI.RAG.csproj::TargetFramework=net9.0]
C:\Projects\Hazina\src\Core\AI\Hazina.AI.RAG\Embeddings\ContentTypeDetector.cs(11,55): warning SA1629: Documentation text should end with a period (https://github.com/DotNetAnalyzers/StyleCopAnalyzers/blob/master/documentation/SA1629.md) [C:\Projects\Hazina\src\Core\AI\Hazina.AI.RAG\Hazina.AI.RAG.csproj::TargetFramework=net9.0]
C:\Projects\Hazina\src\Core\AI\Hazina.AI.RAG\Embeddings\ContentTypeDetector.cs(16,13): warning SA1503: Braces should not be omitted (https://github.com/DotNetAnalyzers/StyleCopAnalyzers/blob/master/documentation/SA1503.md) [C:\Projects\Hazina\src\Core\AI\Hazina.AI.RAG\Hazina.AI.RAG.csproj::TargetFramework=net9.0]
C:\Projects\Hazina\src\Core\AI\Hazina.AI.RAG\Embeddings\ContentTypeDetector.cs(22,13): warning SA1503: Braces should not be omitted (https://github.com/DotNetAnalyzers/StyleCopAnalyzers/blob/master/documentation/SA1503.md) [C:\Projects\Hazina\src\Core\AI\Hazina.AI.RAG\Hazina.AI.RAG.csproj::TargetFramework=net9.0]
C:\Projects\Hazina\src\Core\AI\Hazina.AI.RAG\Embeddings\ContentTypeDetector.cs(26,13): warning SA1503: Braces should not be omitted (https://github.com/DotNetAnalyzers/StyleCopAnalyzers/blob/master/documentation/SA1503.md) [C:\Projects\Hazina\src\Core\AI\Hazina.AI.RAG\Hazina.AI.RAG.csproj::TargetFramework=net9.0]
C:\Projects\Hazina\src\Core\AI\Hazina.AI.RAG\Embeddings\ContentTypeDetector.cs(30,13): warning SA1503: Braces should not be omitted (https://github.com/DotNetAnalyzers/StyleCopAnalyzers/blob/master/documentation/SA1503.md) [C:\Projects\Hazina\src\Core\AI\Hazina.AI.RAG\Hazina.AI.RAG.csproj::TargetFramework=net9.0]
C:\Projects\Hazina\src\Core\AI\Hazina.AI.RAG\Embeddings\ContentTypeDetector.cs(34,13): warning SA1503: Braces should not be omitted (https://github.com/DotNetAnalyzers/StyleCopAnalyzers/blob/master/documentation/SA1503.md) [C:\Projects\Hazina\src\Core\AI\Hazina.AI.RAG\Hazina.AI.RAG.csproj::TargetFramework=net9.0]
C:\Projects\Hazina\src\Core\AI\Hazina.AI.RAG\Embeddings\ContentTypeDetector.cs(38,13): warning SA1503: Braces should not be omitted (https://github.com/DotNetAnalyzers/StyleCopAnalyzers/blob/master/documentation/SA1503.md) [C:\Projects\Hazina\src\Core\AI\Hazina.AI.RAG\Hazina.AI.RAG.csproj::TargetFramework=net9.0]
C:\Projects\Hazina\src\Core\AI\Hazina.AI.RAG\Embeddings\ContentTypeDetector.cs(41,13): warning SA1503: Braces should not be omitted (https://github.com/DotNetAnalyzers/StyleCopAnalyzers/blob/master/documentation/SA1503.md) [C:\Projects\Hazina\src\Core\AI\Hazina.AI.RAG\Hazina.AI.RAG.csproj::TargetFramework=net9.0]
C:\Projects\Hazina\src\Core\AI\Hazina.AI.RAG\Extensions\RetrievalServiceExtensions.cs(1,1): warning SA1633: The file header is missing or not located at the top of the file. (https://github.com/DotNetAnalyzers/StyleCopAnalyzers/blob/master/documentation/SA1633.md) [C:\Projects\Hazina\src\Core\AI\Hazina.AI.RAG\Hazina.AI.RAG.csproj::TargetFramework=net9.0]
C:\Projects\Hazina\src\Core\AI\Hazina.AI.RAG\Extensions\RetrievalServiceExtensions.cs(84,14): warning SA1402: File may only contain a single type (https://github.com/DotNetAnalyzers/StyleCopAnalyzers/blob/master/documentation/SA1402.md) [C:\Projects\Hazina\src\Core\AI\Hazina.AI.RAG\Hazina.AI.RAG.csproj::TargetFramework=net9.0]
C:\Projects\Hazina\src\Core\AI\Hazina.AI.RAG\Core\RAGEngine.cs(27,9): warning SA1642: Constructor summary documentation should begin with standard text (https://github.com/DotNetAnalyzers/StyleCopAnalyzers/blob/master/documentation/SA1642.md) [C:\Projects\Hazina\src\Core\AI\Hazina.AI.RAG\Hazina.AI.RAG.csproj::TargetFramework=net9.0]
C:\Projects\Hazina\src\Core\AI\Hazina.AI.RAG\Graph\Explainability\RetrievalTrace.cs(1,1): warning SA1633: The file header is missing or not located at the top of the file. (https://github.com/DotNetAnalyzers/StyleCopAnalyzers/blob/master/documentation/SA1633.md) [C:\Projects\Hazina\src\Core\AI\Hazina.AI.RAG\Hazina.AI.RAG.csproj::TargetFramework=net9.0]
C:\Projects\Hazina\src\Core\AI\Hazina.AI.RAG\Graph\Explainability\RetrievalTrace.cs(23,14): warning SA1402: File may only contain a single type (https://github.com/DotNetAnalyzers/StyleCopAnalyzers/blob/master/documentation/SA1402.md) [C:\Projects\Hazina\src\Core\AI\Hazina.AI.RAG\Hazina.AI.RAG.csproj::TargetFramework=net9.0]
C:\Projects\Hazina\src\Core\AI\Hazina.AI.RAG\Graph\Explainability\RetrievalTrace.cs(34,14): warning SA1402: File may only contain a single type (https://github.com/DotNetAnalyzers/StyleCopAnalyzers/blob/master/documentation/SA1402.md) [C:\Projects\Hazina\src\Core\AI\Hazina.AI.RAG\Hazina.AI.RAG.csproj::TargetFramework=net9.0]
C:\Projects\Hazina\src\Core\AI\Hazina.AI.RAG\Graph\Models\GraphEntity.cs(1,1): warning SA1633: The file header is missing or not located at the top of the file. (https://github.com/DotNetAnalyzers/StyleCopAnalyzers/blob/master/documentation/SA1633.md) [C:\Projects\Hazina\src\Core\AI\Hazina.AI.RAG\Hazina.AI.RAG.csproj::TargetFramework=net9.0]
C:\Projects\Hazina\src\Core\AI\Hazina.AI.RAG\Graph\Models\GraphPath.cs(1,1): warning SA1633: The file header is missing or not located at the top of the file. (https://github.com/DotNetAnalyzers/StyleCopAnalyzers/blob/master/documentation/SA1633.md) [C:\Projects\Hazina\src\Core\AI\Hazina.AI.RAG\Hazina.AI.RAG.csproj::TargetFramework=net9.0]
C:\Projects\Hazina\src\Core\AI\Hazina.AI.RAG\Graph\Models\GraphPath.cs(27,14): warning SA1402: File may only contain a single type (https://github.com/DotNetAnalyzers/StyleCopAnalyzers/blob/master/documentation/SA1402.md) [C:\Projects\Hazina\src\Core\AI\Hazina.AI.RAG\Hazina.AI.RAG.csproj::TargetFramework=net9.0]
C:\Projects\Hazina\src\Core\AI\Hazina.AI.RAG\Core\RAGEngine.cs(42,9): warning SA1642: Constructor summary documentation should begin with standard text (https://github.com/DotNetAnalyzers/StyleCopAnalyzers/blob/master/documentation/SA1642.md) [C:\Projects\Hazina\src\Core\AI\Hazina.AI.RAG\Hazina.AI.RAG.csproj::TargetFramework=net9.0]
C:\Projects\Hazina\src\Core\AI\Hazina.AI.RAG\Embeddings\TextChunker.cs(50,28): warning CA1002: Change 'List<TextChunk>' in 'TextChunker.ChunkText(string, [Dictionary<string, object>])' to use 'Collection<T>', 'ReadOnlyCollection<T>' or 'KeyedCollection<K,V>' (https://learn.microsoft.com/dotnet/fundamentals/code-analysis/quality-rules/ca1002) [C:\Projects\Hazina\src\Core\AI\Hazina.AI.RAG\Hazina.AI.RAG.csproj::TargetFramework=net9.0]
C:\Projects\Hazina\src\Core\AI\Hazina.AI.RAG\Embeddings\TextChunker.cs(50,12): warning MA0016: Prefer using collection abstraction instead of implementation (https://github.com/meziantou/Meziantou.Analyzer/blob/main/docs/Rules/MA0016.md) [C:\Projects\Hazina\src\Core\AI\Hazina.AI.RAG\Hazina.AI.RAG.csproj::TargetFramework=net9.0]
C:\Projects\Hazina\src\Core\AI\Hazina.AI.RAG\Embeddings\TextChunker.cs(50,51): warning MA0016: Prefer using collection abstraction instead of implementation (https://github.com/meziantou/Meziantou.Analyzer/blob/main/docs/Rules/MA0016.md) [C:\Projects\Hazina\src\Core\AI\Hazina.AI.RAG\Hazina.AI.RAG.csproj::TargetFramework=net9.0]
C:\Projects\Hazina\src\Core\AI\Hazina.AI.RAG\Utilities\SentenceSplitter.cs(28,32): warning CA1002: Change 'List<string>' in 'SentenceSplitter.Split(string, [string], [int], [int?])' to use 'Collection<T>', 'ReadOnlyCollection<T>' or 'KeyedCollection<K,V>' (https://learn.microsoft.com/dotnet/fundamentals/code-analysis/quality-rules/ca1002) [C:\Projects\Hazina\src\Core\AI\Hazina.AI.RAG\Hazina.AI.RAG.csproj::TargetFramework=net9.0]
C:\Projects\Hazina\src\Core\AI\Hazina.AI.RAG\Utilities\SentenceSplitter.cs(28,19): warning MA0016: Prefer using collection abstraction instead of implementation (https://github.com/meziantou/Meziantou.Analyzer/blob/main/docs/Rules/MA0016.md) [C:\Projects\Hazina\src\Core\AI\Hazina.AI.RAG\Hazina.AI.RAG.csproj::TargetFramework=net9.0]
C:\Projects\Hazina\src\Core\AI\Hazina.AI.RAG\Graph\Models\GraphPath.cs(15,1): warning SA1028: Code should not contain trailing whitespace (https://github.com/DotNetAnalyzers/StyleCopAnalyzers/blob/master/documentation/SA1028.md) [C:\Projects\Hazina\src\Core\AI\Hazina.AI.RAG\Hazina.AI.RAG.csproj::TargetFramework=net9.0]
C:\Projects\Hazina\src\Core\AI\Hazina.AI.RAG\Graph\Models\GraphRelationship.cs(1,1): warning SA1633: The file header is missing or not located at the top of the file. (https://github.com/DotNetAnalyzers/StyleCopAnalyzers/blob/master/documentation/SA1633.md) [C:\Projects\Hazina\src\Core\AI\Hazina.AI.RAG\Hazina.AI.RAG.csproj::TargetFramework=net9.0]
C:\Projects\Hazina\src\Core\AI\Hazina.AI.RAG\Graph\Models\GraphRelationship.cs(24,14): warning SA1402: File may only contain a single type (https://github.com/DotNetAnalyzers/StyleCopAnalyzers/blob/master/documentation/SA1402.md) [C:\Projects\Hazina\src\Core\AI\Hazina.AI.RAG\Hazina.AI.RAG.csproj::TargetFramework=net9.0]
C:\Projects\Hazina\src\Core\AI\Hazina.AI.RAG\Graph\Models\GraphSchema.cs(1,1): warning SA1633: The file header is missing or not located at the top of the file. (https://github.com/DotNetAnalyzers/StyleCopAnalyzers/blob/master/documentation/SA1633.md) [C:\Projects\Hazina\src\Core\AI\Hazina.AI.RAG\Hazina.AI.RAG.csproj::TargetFramework=net9.0]
C:\Projects\Hazina\src\Core\AI\Hazina.AI.RAG\Graph\Models\GraphSchema.cs(15,104): warning MA0002: Use an overload that has a IEqualityComparer<string> or IComparer<string> parameter (https://github.com/meziantou/Meziantou.Analyzer/blob/main/docs/Rules/MA0002.md) [C:\Projects\Hazina\src\Core\AI\Hazina.AI.RAG\Hazina.AI.RAG.csproj::TargetFramework=net9.0]
C:\Projects\Hazina\src\Core\AI\Hazina.AI.RAG\Embeddings\TextChunker.cs(48,94): warning SA1629: Documentation text should end with a period (https://github.com/DotNetAnalyzers/StyleCopAnalyzers/blob/master/documentation/SA1629.md) [C:\Projects\Hazina\src\Core\AI\Hazina.AI.RAG\Hazina.AI.RAG.csproj::TargetFramework=net9.0]
C:\Projects\Hazina\src\Core\AI\Hazina.AI.RAG\Embeddings\TextChunker.cs(55,13): warning SA1503: Braces should not be omitted (https://github.com/DotNetAnalyzers/StyleCopAnalyzers/blob/master/documentation/SA1503.md) [C:\Projects\Hazina\src\Core\AI\Hazina.AI.RAG\Hazina.AI.RAG.csproj::TargetFramework=net9.0]
C:\Projects\Hazina\src\Core\AI\Hazina.AI.RAG\Graph\Models\GraphSchema.cs(14,1): warning SA1028: Code should not contain trailing whitespace (https://github.com/DotNetAnalyzers/StyleCopAnalyzers/blob/master/documentation/SA1028.md) [C:\Projects\Hazina\src\Core\AI\Hazina.AI.RAG\Hazina.AI.RAG.csproj::TargetFramework=net9.0]
C:\Projects\Hazina\src\Core\AI\Hazina.AI.RAG\Graph\Models\GraphSchema.cs(17,1): warning SA1028: Code should not contain trailing whitespace (https://github.com/DotNetAnalyzers/StyleCopAnalyzers/blob/master/documentation/SA1028.md) [C:\Projects\Hazina\src\Core\AI\Hazina.AI.RAG\Hazina.AI.RAG.csproj::TargetFramework=net9.0]
C:\Projects\Hazina\src\Core\AI\Hazina.AI.RAG\Graph\Storage\SQLiteGraphStore.cs(133,23): warning MA0051: Method is too long (82 lines; maximum allowed: 60) (https://github.com/meziantou/Meziantou.Analyzer/blob/main/docs/Rules/MA0051.md) [C:\Projects\Hazina\src\Core\AI\Hazina.AI.RAG\Hazina.AI.RAG.csproj::TargetFramework=net9.0]
C:\Projects\Hazina\src\Core\AI\Hazina.AI.RAG\Configuration\SemanticChunkingConfiguration.cs(15,43): warning MA0051: Method is too long (89 lines; maximum allowed: 60) (https://github.com/meziantou/Meziantou.Analyzer/blob/main/docs/Rules/MA0051.md) [C:\Projects\Hazina\src\Core\AI\Hazina.AI.RAG\Hazina.AI.RAG.csproj::TargetFramework=net9.0]
C:\Projects\Hazina\src\Core\AI\Hazina.AI.RAG\Core\RAGEngine.cs(60,9): warning SA1642: Constructor summary documentation should begin with standard text (https://github.com/DotNetAnalyzers/StyleCopAnalyzers/blob/master/documentation/SA1642.md) [C:\Projects\Hazina\src\Core\AI\Hazina.AI.RAG\Hazina.AI.RAG.csproj::TargetFramework=net9.0]
C:\Projects\Hazina\src\Core\AI\Hazina.AI.RAG\Embeddings\BasicMetadataExtractor.cs(41,41): warning CA1062: In externally visible method 'Dictionary<string, object> BasicMetadataExtractor.ExtractMetadata(string chunkText)', validate parameter 'chunkText' is non-null before using it. If appropriate, throw an 'ArgumentNullException' when the argument is 'null'. (https://learn.microsoft.com/dotnet/fundamentals/code-analysis/quality-rules/ca1062) [C:\Projects\Hazina\src\Core\AI\Hazina.AI.RAG\Hazina.AI.RAG.csproj::TargetFramework=net9.0]
C:\Projects\Hazina\src\Core\AI\Hazina.AI.RAG\Extensions\RetrievalServiceExtensions.cs(15,95): warning SA1629: Documentation text should end with a period (https://github.com/DotNetAnalyzers/StyleCopAnalyzers/blob/master/documentation/SA1629.md) [C:\Projects\Hazina\src\Core\AI\Hazina.AI.RAG\Hazina.AI.RAG.csproj::TargetFramework=net9.0]
C:\Projects\Hazina\src\Core\AI\Hazina.AI.RAG\Graph\Models\GraphSchema.cs(16,110): warning MA0002: Use an overload that has a IEqualityComparer<string> or IComparer<string> parameter (https://github.com/meziantou/Meziantou.Analyzer/blob/main/docs/Rules/MA0002.md) [C:\Projects\Hazina\src\Core\AI\Hazina.AI.RAG\Hazina.AI.RAG.csproj::TargetFramework=net9.0]
C:\Projects\Hazina\src\Core\AI\Hazina.AI.RAG\Embeddings\ContentTypeDetector.cs(59,31): warning S6605: Collection-specific "Exists" method should be used instead of the "Any" extension. (https://rules.sonarsource.com/csharp/RSPEC-6605) [C:\Projects\Hazina\src\Core\AI\Hazina.AI.RAG\Hazina.AI.RAG.csproj::TargetFramework=net9.0]
C:\Projects\Hazina\src\Core\AI\Hazina.AI.RAG\Graph\Pipeline\EntityNormalizationService.cs(1,1): warning SA1633: The file header is missing or not located at the top of the file. (https://github.com/DotNetAnalyzers/StyleCopAnalyzers/blob/master/documentation/SA1633.md) [C:\Projects\Hazina\src\Core\AI\Hazina.AI.RAG\Hazina.AI.RAG.csproj::TargetFramework=net9.0]
C:\Projects\Hazina\src\Core\AI\Hazina.AI.RAG\Embeddings\HierarchicalChunkerExtensions.cs(32,14): warning CA1062: In externally visible method 'Task<(List<TextChunk> Chunks, List<ChunkSet> ChunkSets)> HierarchicalChunkerExtensions.ChunkWithSetsAsync(HierarchicalChunker chunker, string text, string documentId, SemanticChunkingOptions options, CancellationToken ct = default(CancellationToken))', validate parameter 'options' is non-null before using it. If appropriate, throw an 'ArgumentNullException' when the argument is 'null'. (https://learn.microsoft.com/dotnet/fundamentals/code-analysis/quality-rules/ca1062) [C:\Projects\Hazina\src\Core\AI\Hazina.AI.RAG\Hazina.AI.RAG.csproj::TargetFramework=net9.0]
C:\Projects\Hazina\src\Core\AI\Hazina.AI.RAG\Embeddings\HierarchicalChunkerExtensions.cs(29,28): warning CA1062: In externally visible method 'Task<(List<TextChunk> Chunks, List<ChunkSet> ChunkSets)> HierarchicalChunkerExtensions.ChunkWithSetsAsync(HierarchicalChunker chunker, string text, string documentId, SemanticChunkingOptions options, CancellationToken ct = default(CancellationToken))', validate parameter 'chunker' is non-null before using it. If appropriate, throw an 'ArgumentNullException' when the argument is 'null'. (https://learn.microsoft.com/dotnet/fundamentals/code-analysis/quality-rules/ca1062) [C:\Projects\Hazina\src\Core\AI\Hazina.AI.RAG\Hazina.AI.RAG.csproj::TargetFramework=net9.0]
C:\Projects\Hazina\src\Core\AI\Hazina.AI.RAG\Utilities\SentenceSplitter.cs(21,54): warning SA1629: Documentation text should end with a period (https://github.com/DotNetAnalyzers/StyleCopAnalyzers/blob/master/documentation/SA1629.md) [C:\Projects\Hazina\src\Core\AI\Hazina.AI.RAG\Hazina.AI.RAG.csproj::TargetFramework=net9.0]
C:\Projects\Hazina\src\Core\AI\Hazina.AI.RAG\Utilities\SentenceSplitter.cs(23,41): warning SA1629: Documentation text should end with a period (https://github.com/DotNetAnalyzers/StyleCopAnalyzers/blob/master/documentation/SA1629.md) [C:\Projects\Hazina\src\Core\AI\Hazina.AI.RAG\Hazina.AI.RAG.csproj::TargetFramework=net9.0]
C:\Projects\Hazina\src\Core\AI\Hazina.AI.RAG\Utilities\SentenceSplitter.cs(24,105): warning SA1629: Documentation text should end with a period (https://github.com/DotNetAnalyzers/StyleCopAnalyzers/blob/master/documentation/SA1629.md) [C:\Projects\Hazina\src\Core\AI\Hazina.AI.RAG\Hazina.AI.RAG.csproj::TargetFramework=net9.0]
C:\Projects\Hazina\src\Core\AI\Hazina.AI.RAG\Utilities\SentenceSplitter.cs(25,67): warning SA1629: Documentation text should end with a period (https://github.com/DotNetAnalyzers/StyleCopAnalyzers/blob/master/documentation/SA1629.md) [C:\Projects\Hazina\src\Core\AI\Hazina.AI.RAG\Hazina.AI.RAG.csproj::TargetFramework=net9.0]
C:\Projects\Hazina\src\Core\AI\Hazina.AI.RAG\Utilities\SentenceSplitter.cs(26,76): warning SA1629: Documentation text should end with a period (https://github.com/DotNetAnalyzers/StyleCopAnalyzers/blob/master/documentation/SA1629.md) [C:\Projects\Hazina\src\Core\AI\Hazina.AI.RAG\Hazina.AI.RAG.csproj::TargetFramework=net9.0]
C:\Projects\Hazina\src\Core\AI\Hazina.AI.RAG\Utilities\SentenceSplitter.cs(27,35): warning SA1629: Documentation text should end with a period (https://github.com/DotNetAnalyzers/StyleCopAnalyzers/blob/master/documentation/SA1629.md) [C:\Projects\Hazina\src\Core\AI\Hazina.AI.RAG\Hazina.AI.RAG.csproj::TargetFramework=net9.0]
C:\Projects\Hazina\src\Core\AI\Hazina.AI.RAG\Utilities\SentenceSplitter.cs(35,13): warning SA1503: Braces should not be omitted (https://github.com/DotNetAnalyzers/StyleCopAnalyzers/blob/master/documentation/SA1503.md) [C:\Projects\Hazina\src\Core\AI\Hazina.AI.RAG\Hazina.AI.RAG.csproj::TargetFramework=net9.0]
C:\Projects\Hazina\src\Core\AI\Hazina.AI.RAG\Graph\Models\GraphSchema.cs(18,160): warning MA0002: Use an overload that has a IEqualityComparer<string> or IComparer<string> parameter (https://github.com/meziantou/Meziantou.Analyzer/blob/main/docs/Rules/MA0002.md) [C:\Projects\Hazina\src\Core\AI\Hazina.AI.RAG\Hazina.AI.RAG.csproj::TargetFramework=net9.0]
C:\Projects\Hazina\src\Core\AI\Hazina.AI.RAG\Embeddings\ContentTypeDetector.cs(48,45): warning SA1629: Documentation text should end with a period (https://github.com/DotNetAnalyzers/StyleCopAnalyzers/blob/master/documentation/SA1629.md) [C:\Projects\Hazina\src\Core\AI\Hazina.AI.RAG\Hazina.AI.RAG.csproj::TargetFramework=net9.0]
C:\Projects\Hazina\src\Core\AI\Hazina.AI.RAG\Utilities\SentenceSplitter.cs(42,28): warning MA0009: Regular expressions should not be vulnerable to Denial of Service attacks (https://github.com/meziantou/Meziantou.Analyzer/blob/main/docs/Rules/MA0009.md) [C:\Projects\Hazina\src\Core\AI\Hazina.AI.RAG\Hazina.AI.RAG.csproj::TargetFramework=net9.0]
C:\Projects\Hazina\src\Core\AI\Hazina.AI.RAG\Configuration\SemanticChunkingConfiguration.cs(109,42): warning SA1629: Documentation text should end with a period (https://github.com/DotNetAnalyzers/StyleCopAnalyzers/blob/master/documentation/SA1629.md) [C:\Projects\Hazina\src\Core\AI\Hazina.AI.RAG\Hazina.AI.RAG.csproj::TargetFramework=net9.0]
C:\Projects\Hazina\src\Core\AI\Hazina.AI.RAG\Graph\Pipeline\GraphConstructionPipeline.cs(1,1): warning SA1633: The file header is missing or not located at the top of the file. (https://github.com/DotNetAnalyzers/StyleCopAnalyzers/blob/master/documentation/SA1633.md) [C:\Projects\Hazina\src\Core\AI\Hazina.AI.RAG\Hazina.AI.RAG.csproj::TargetFramework=net9.0]
C:\Projects\Hazina\src\Core\AI\Hazina.AI.RAG\Graph\Pipeline\GraphConstructionPipeline.cs(230,14): warning SA1402: File may only contain a single type (https://github.com/DotNetAnalyzers/StyleCopAnalyzers/blob/master/documentation/SA1402.md) [C:\Projects\Hazina\src\Core\AI\Hazina.AI.RAG\Hazina.AI.RAG.csproj::TargetFramework=net9.0]
C:\Projects\Hazina\src\Core\AI\Hazina.AI.RAG\Graph\Pipeline\IEntityExtractor.cs(1,1): warning SA1633: The file header is missing or not located at the top of the file. (https://github.com/DotNetAnalyzers/StyleCopAnalyzers/blob/master/documentation/SA1633.md) [C:\Projects\Hazina\src\Core\AI\Hazina.AI.RAG\Hazina.AI.RAG.csproj::TargetFramework=net9.0]
C:\Projects\Hazina\src\Core\AI\Hazina.AI.RAG\Graph\Pipeline\IEntityNormalizer.cs(1,1): warning SA1633: The file header is missing or not located at the top of the file. (https://github.com/DotNetAnalyzers/StyleCopAnalyzers/blob/master/documentation/SA1633.md) [C:\Projects\Hazina\src\Core\AI\Hazina.AI.RAG\Hazina.AI.RAG.csproj::TargetFramework=net9.0]
C:\Projects\Hazina\src\Core\AI\Hazina.AI.RAG\Graph\Pipeline\ILLMTextService.cs(1,1): warning SA1633: The file header is missing or not located at the top of the file. (https://github.com/DotNetAnalyzers/StyleCopAnalyzers/blob/master/documentation/SA1633.md) [C:\Projects\Hazina\src\Core\AI\Hazina.AI.RAG\Hazina.AI.RAG.csproj::TargetFramework=net9.0]
C:\Projects\Hazina\src\Core\AI\Hazina.AI.RAG\Graph\Pipeline\IRelationshipExtractor.cs(1,1): warning SA1633: The file header is missing or not located at the top of the file. (https://github.com/DotNetAnalyzers/StyleCopAnalyzers/blob/master/documentation/SA1633.md) [C:\Projects\Hazina\src\Core\AI\Hazina.AI.RAG\Hazina.AI.RAG.csproj::TargetFramework=net9.0]
C:\Projects\Hazina\src\Core\AI\Hazina.AI.RAG\Graph\Pipeline\LLMEntityExtractor.cs(162,19): warning S3260: Private classes which are not derived in the current assembly should be marked as 'sealed'. (https://rules.sonarsource.com/csharp/RSPEC-3260) [C:\Projects\Hazina\src\Core\AI\Hazina.AI.RAG\Hazina.AI.RAG.csproj::TargetFramework=net9.0]
C:\Projects\Hazina\src\Core\AI\Hazina.AI.RAG\Graph\Pipeline\LLMEntityExtractor.cs(1,1): warning SA1633: The file header is missing or not located at the top of the file. (https://github.com/DotNetAnalyzers/StyleCopAnalyzers/blob/master/documentation/SA1633.md) [C:\Projects\Hazina\src\Core\AI\Hazina.AI.RAG\Hazina.AI.RAG.csproj::TargetFramework=net9.0]
C:\Projects\Hazina\src\Core\AI\Hazina.AI.RAG\Configuration\SemanticChunkingConfiguration.cs(115,23): warning CA1062: In externally visible method 'TextChunkingOptions SemanticChunkingConfiguration.LoadTextChunkingOptions(IConfiguration configuration)', validate parameter 'configuration' is non-null before using it. If appropriate, throw an 'ArgumentNullException' when the argument is 'null'. (https://learn.microsoft.com/dotnet/fundamentals/code-analysis/quality-rules/ca1062) [C:\Projects\Hazina\src\Core\AI\Hazina.AI.RAG\Hazina.AI.RAG.csproj::TargetFramework=net9.0]
C:\Projects\Hazina\src\Core\AI\Hazina.AI.RAG\Graph\Pipeline\LLMEntityExtractor.cs(96,14): warning SA1513: Closing brace should be followed by blank line (https://github.com/DotNetAnalyzers/StyleCopAnalyzers/blob/master/documentation/SA1513.md) [C:\Projects\Hazina\src\Core\AI\Hazina.AI.RAG\Hazina.AI.RAG.csproj::TargetFramework=net9.0]
C:\Projects\Hazina\src\Core\AI\Hazina.AI.RAG\Graph\Pipeline\LLMEntityExtractor.cs(100,14): warning SA1513: Closing brace should be followed by blank line (https://github.com/DotNetAnalyzers/StyleCopAnalyzers/blob/master/documentation/SA1513.md) [C:\Projects\Hazina\src\Core\AI\Hazina.AI.RAG\Hazina.AI.RAG.csproj::TargetFramework=net9.0]
C:\Projects\Hazina\src\Core\AI\Hazina.AI.RAG\Graph\Pipeline\LLMEntityExtractor.cs(104,14): warning SA1513: Closing brace should be followed by blank line (https://github.com/DotNetAnalyzers/StyleCopAnalyzers/blob/master/documentation/SA1513.md) [C:\Projects\Hazina\src\Core\AI\Hazina.AI.RAG\Hazina.AI.RAG.csproj::TargetFramework=net9.0]
C:\Projects\Hazina\src\Core\AI\Hazina.AI.RAG\Utilities\SentenceSplitter.cs(39,13): warning S1481: Remove the unused local variable 'sentences'. (https://rules.sonarsource.com/csharp/RSPEC-1481) [C:\Projects\Hazina\src\Core\AI\Hazina.AI.RAG\Hazina.AI.RAG.csproj::TargetFramework=net9.0]
C:\Projects\Hazina\src\Core\AI\Hazina.AI.RAG\Graph\Pipeline\LLMRelationshipExtractor.cs(197,19): warning S3260: Private classes which are not derived in the current assembly should be marked as 'sealed'. (https://rules.sonarsource.com/csharp/RSPEC-3260) [C:\Projects\Hazina\src\Core\AI\Hazina.AI.RAG\Hazina.AI.RAG.csproj::TargetFramework=net9.0]
C:\Projects\Hazina\src\Core\AI\Hazina.AI.RAG\Graph\Pipeline\LLMRelationshipExtractor.cs(1,1): warning SA1633: The file header is missing or not located at the top of the file. (https://github.com/DotNetAnalyzers/StyleCopAnalyzers/blob/master/documentation/SA1633.md) [C:\Projects\Hazina\src\Core\AI\Hazina.AI.RAG\Hazina.AI.RAG.csproj::TargetFramework=net9.0]
C:\Projects\Hazina\src\Core\AI\Hazina.AI.RAG\Graph\Pipeline\LLMRelationshipExtractor.cs(116,14): warning SA1513: Closing brace should be followed by blank line (https://github.com/DotNetAnalyzers/StyleCopAnalyzers/blob/master/documentation/SA1513.md) [C:\Projects\Hazina\src\Core\AI\Hazina.AI.RAG\Hazina.AI.RAG.csproj::TargetFramework=net9.0]
C:\Projects\Hazina\src\Core\AI\Hazina.AI.RAG\Graph\Pipeline\LLMRelationshipExtractor.cs(120,14): warning SA1513: Closing brace should be followed by blank line (https://github.com/DotNetAnalyzers/StyleCopAnalyzers/blob/master/documentation/SA1513.md) [C:\Projects\Hazina\src\Core\AI\Hazina.AI.RAG\Hazina.AI.RAG.csproj::TargetFramework=net9.0]
C:\Projects\Hazina\src\Core\AI\Hazina.AI.RAG\Graph\Pipeline\LLMRelationshipExtractor.cs(124,14): warning SA1513: Closing brace should be followed by blank line (https://github.com/DotNetAnalyzers/StyleCopAnalyzers/blob/master/documentation/SA1513.md) [C:\Projects\Hazina\src\Core\AI\Hazina.AI.RAG\Hazina.AI.RAG.csproj::TargetFramework=net9.0]
C:\Projects\Hazina\src\Core\AI\Hazina.AI.RAG\Graph\Storage\SQLiteGraphStore.cs(204,17): warning CA1873: Evaluation of this argument may be expensive and unnecessary if logging is disabled (https://learn.microsoft.com/dotnet/fundamentals/code-analysis/quality-rules/ca1873) [C:\Projects\Hazina\src\Core\AI\Hazina.AI.RAG\Hazina.AI.RAG.csproj::TargetFramework=net9.0]
C:\Projects\Hazina\src\Core\AI\Hazina.AI.RAG\Graph\Storage\SQLiteGraphStore.cs(204,17): warning CA1848: For improved performance, use the LoggerMessage delegates instead of calling 'LoggerExtensions.LogDebug(ILogger, string?, params object?[])' (https://learn.microsoft.com/dotnet/fundamentals/code-analysis/quality-rules/ca1848) [C:\Projects\Hazina\src\Core\AI\Hazina.AI.RAG\Hazina.AI.RAG.csproj::TargetFramework=net9.0]
C:\Projects\Hazina\src\Core\AI\Hazina.AI.RAG\Graph\Storage\SQLiteGraphStore.cs(146,37): warning CA1849: 'SqliteConnection.BeginTransaction()' synchronously blocks. Await 'DbConnection.BeginTransactionAsync(CancellationToken)' instead. (https://learn.microsoft.com/dotnet/fundamentals/code-analysis/quality-rules/ca1849) [C:\Projects\Hazina\src\Core\AI\Hazina.AI.RAG\Hazina.AI.RAG.csproj::TargetFramework=net9.0]
C:\Projects\Hazina\src\Core\AI\Hazina.AI.RAG\Configuration\SemanticChunkingConfiguration.cs(13,59): warning SA1629: Documentation text should end with a period (https://github.com/DotNetAnalyzers/StyleCopAnalyzers/blob/master/documentation/SA1629.md) [C:\Projects\Hazina\src\Core\AI\Hazina.AI.RAG\Hazina.AI.RAG.csproj::TargetFramework=net9.0]
C:\Projects\Hazina\src\Core\AI\Hazina.AI.RAG\Extensions\RetrievalServiceExtensions.cs(51,51): warning SA1629: Documentation text should end with a period (https://github.com/DotNetAnalyzers/StyleCopAnalyzers/blob/master/documentation/SA1629.md) [C:\Projects\Hazina\src\Core\AI\Hazina.AI.RAG\Hazina.AI.RAG.csproj::TargetFramework=net9.0]
C:\Projects\Hazina\src\Core\AI\Hazina.AI.RAG\Graph\Pipeline\LLMTextService.cs(1,1): warning SA1633: The file header is missing or not located at the top of the file. (https://github.com/DotNetAnalyzers/StyleCopAnalyzers/blob/master/documentation/SA1633.md) [C:\Projects\Hazina\src\Core\AI\Hazina.AI.RAG\Hazina.AI.RAG.csproj::TargetFramework=net9.0]
C:\Projects\Hazina\src\Core\AI\Hazina.AI.RAG\Graph\Storage\SQLiteGraphStore.cs(140,9): warning MA0004: Use Task.ConfigureAwait(false) if the current SynchronizationContext is not needed (https://github.com/meziantou/Meziantou.Analyzer/blob/main/docs/Rules/MA0004.md) [C:\Projects\Hazina\src\Core\AI\Hazina.AI.RAG\Hazina.AI.RAG.csproj::TargetFramework=net9.0]
C:\Projects\Hazina\src\Core\AI\Hazina.AI.RAG\Graph\Storage\SQLiteGraphStore.cs(144,13): warning MA0004: Use Task.ConfigureAwait(false) if the current SynchronizationContext is not needed (https://github.com/meziantou/Meziantou.Analyzer/blob/main/docs/Rules/MA0004.md) [C:\Projects\Hazina\src\Core\AI\Hazina.AI.RAG\Hazina.AI.RAG.csproj::TargetFramework=net9.0]
C:\Projects\Hazina\src\Core\AI\Hazina.AI.RAG\Graph\Storage\SQLiteGraphStore.cs(170,21): warning MA0004: Use Task.ConfigureAwait(false) if the current SynchronizationContext is not needed (https://github.com/meziantou/Meziantou.Analyzer/blob/main/docs/Rules/MA0004.md) [C:\Projects\Hazina\src\Core\AI\Hazina.AI.RAG\Hazina.AI.RAG.csproj::TargetFramework=net9.0]
C:\Projects\Hazina\src\Core\AI\Hazina.AI.RAG\Graph\Storage\SQLiteGraphStore.cs(183,29): warning MA0004: Use Task.ConfigureAwait(false) if the current SynchronizationContext is not needed (https://github.com/meziantou/Meziantou.Analyzer/blob/main/docs/Rules/MA0004.md) [C:\Projects\Hazina\src\Core\AI\Hazina.AI.RAG\Hazina.AI.RAG.csproj::TargetFramework=net9.0]
C:\Projects\Hazina\src\Core\AI\Hazina.AI.RAG\Graph\Storage\SQLiteGraphStore.cs(198,29): warning MA0004: Use Task.ConfigureAwait(false) if the current SynchronizationContext is not needed (https://github.com/meziantou/Meziantou.Analyzer/blob/main/docs/Rules/MA0004.md) [C:\Projects\Hazina\src\Core\AI\Hazina.AI.RAG\Hazina.AI.RAG.csproj::TargetFramework=net9.0]
C:\Projects\Hazina\src\Core\AI\Hazina.AI.RAG\Graph\Storage\SQLiteGraphStore.cs(203,17): warning MA0004: Use Task.ConfigureAwait(false) if the current SynchronizationContext is not needed (https://github.com/meziantou/Meziantou.Analyzer/blob/main/docs/Rules/MA0004.md) [C:\Projects\Hazina\src\Core\AI\Hazina.AI.RAG\Hazina.AI.RAG.csproj::TargetFramework=net9.0]
C:\Projects\Hazina\src\Core\AI\Hazina.AI.RAG\Graph\Retrieval\HybridRetrievalService.cs(1,1): warning SA1633: The file header is missing or not located at the top of the file. (https://github.com/DotNetAnalyzers/StyleCopAnalyzers/blob/master/documentation/SA1633.md) [C:\Projects\Hazina\src\Core\AI\Hazina.AI.RAG\Hazina.AI.RAG.csproj::TargetFramework=net9.0]
C:\Projects\Hazina\src\Core\AI\Hazina.AI.RAG\Graph\Storage\SQLiteGraphStore.cs(208,17): warning MA0004: Use Task.ConfigureAwait(false) if the current SynchronizationContext is not needed (https://github.com/meziantou/Meziantou.Analyzer/blob/main/docs/Rules/MA0004.md) [C:\Projects\Hazina\src\Core\AI\Hazina.AI.RAG\Hazina.AI.RAG.csproj::TargetFramework=net9.0]
C:\Projects\Hazina\src\Core\AI\Hazina.AI.RAG\Graph\Retrieval\HybridRetrievalService.cs(80,9): warning SA1512: Single-line comments should not be followed by blank line (https://github.com/DotNetAnalyzers/StyleCopAnalyzers/blob/master/documentation/SA1512.md) [C:\Projects\Hazina\src\Core\AI\Hazina.AI.RAG\Hazina.AI.RAG.csproj::TargetFramework=net9.0]
C:\Projects\Hazina\src\Core\AI\Hazina.AI.RAG\Graph\Retrieval\HybridRetrievalService.cs(386,14): warning SA1402: File may only contain a single type (https://github.com/DotNetAnalyzers/StyleCopAnalyzers/blob/master/documentation/SA1402.md) [C:\Projects\Hazina\src\Core\AI\Hazina.AI.RAG\Hazina.AI.RAG.csproj::TargetFramework=net9.0]
C:\Projects\Hazina\src\Core\AI\Hazina.AI.RAG\Graph\Retrieval\HybridRetrievalService.cs(410,14): warning SA1402: File may only contain a single type (https://github.com/DotNetAnalyzers/StyleCopAnalyzers/blob/master/documentation/SA1402.md) [C:\Projects\Hazina\src\Core\AI\Hazina.AI.RAG\Hazina.AI.RAG.csproj::TargetFramework=net9.0]
C:\Projects\Hazina\src\Core\AI\Hazina.AI.RAG\Core\RAGEngine.cs(138,13): warning SA1111: Closing parenthesis should be on line of last parameter (https://github.com/DotNetAnalyzers/StyleCopAnalyzers/blob/master/documentation/SA1111.md) [C:\Projects\Hazina\src\Core\AI\Hazina.AI.RAG\Hazina.AI.RAG.csproj::TargetFramework=net9.0]
C:\Projects\Hazina\src\Core\AI\Hazina.AI.RAG\Core\RAGEngine.cs(105,47): warning MA0004: Use Task.ConfigureAwait(false) if the current SynchronizationContext is not needed (https://github.com/meziantou/Meziantou.Analyzer/blob/main/docs/Rules/MA0004.md) [C:\Projects\Hazina\src\Core\AI\Hazina.AI.RAG\Hazina.AI.RAG.csproj::TargetFramework=net9.0]
C:\Projects\Hazina\src\Core\AI\Hazina.AI.RAG\Core\RAGEngine.cs(111,47): warning MA0004: Use Task.ConfigureAwait(false) if the current SynchronizationContext is not needed (https://github.com/meziantou/Meziantou.Analyzer/blob/main/docs/Rules/MA0004.md) [C:\Projects\Hazina\src\Core\AI\Hazina.AI.RAG\Hazina.AI.RAG.csproj::TargetFramework=net9.0]
C:\Projects\Hazina\src\Core\AI\Hazina.AI.RAG\Core\RAGEngine.cs(124,47): warning MA0004: Use Task.ConfigureAwait(false) if the current SynchronizationContext is not needed (https://github.com/meziantou/Meziantou.Analyzer/blob/main/docs/Rules/MA0004.md) [C:\Projects\Hazina\src\Core\AI\Hazina.AI.RAG\Hazina.AI.RAG.csproj::TargetFramework=net9.0]
C:\Projects\Hazina\src\Core\AI\Hazina.AI.RAG\Core\RAGEngine.cs(133,31): warning MA0004: Use Task.ConfigureAwait(false) if the current SynchronizationContext is not needed (https://github.com/meziantou/Meziantou.Analyzer/blob/main/docs/Rules/MA0004.md) [C:\Projects\Hazina\src\Core\AI\Hazina.AI.RAG\Hazina.AI.RAG.csproj::TargetFramework=net9.0]
C:\Projects\Hazina\src\Core\AI\Hazina.AI.RAG\Extensions\RetrievalServiceExtensions.cs(61,50): warning SA1629: Documentation text should end with a period (https://github.com/DotNetAnalyzers/StyleCopAnalyzers/blob/master/documentation/SA1629.md) [C:\Projects\Hazina\src\Core\AI\Hazina.AI.RAG\Hazina.AI.RAG.csproj::TargetFramework=net9.0]
C:\Projects\Hazina\src\Core\AI\Hazina.AI.RAG\Retrieval\Reranker.cs(25,33): warning CA1002: Change 'List<RetrievedDocument>' in 'Reranker.RerankAsync(string, List<RetrievedDocument>, [CancellationToken])' to use 'Collection<T>', 'ReadOnlyCollection<T>' or 'KeyedCollection<K,V>' (https://learn.microsoft.com/dotnet/fundamentals/code-analysis/quality-rules/ca1002) [C:\Projects\Hazina\src\Core\AI\Hazina.AI.RAG\Hazina.AI.RAG.csproj::TargetFramework=net9.0]
C:\Projects\Hazina\src\Core\AI\Hazina.AI.RAG\Retrieval\Reranker.cs(23,18): warning MA0016: Prefer using collection abstraction instead of implementation (https://github.com/meziantou/Meziantou.Analyzer/blob/main/docs/Rules/MA0016.md) [C:\Projects\Hazina\src\Core\AI\Hazina.AI.RAG\Hazina.AI.RAG.csproj::TargetFramework=net9.0]
C:\Projects\Hazina\src\Core\AI\Hazina.AI.RAG\Retrieval\Reranker.cs(25,9): warning MA0016: Prefer using collection abstraction instead of implementation (https://github.com/meziantou/Meziantou.Analyzer/blob/main/docs/Rules/MA0016.md) [C:\Projects\Hazina\src\Core\AI\Hazina.AI.RAG\Hazina.AI.RAG.csproj::TargetFramework=net9.0]
C:\Projects\Hazina\src\Core\AI\Hazina.AI.RAG\Embeddings\TextChunker.cs(84,18): warning MA0016: Prefer using collection abstraction instead of implementation (https://github.com/meziantou/Meziantou.Analyzer/blob/main/docs/Rules/MA0016.md) [C:\Projects\Hazina\src\Core\AI\Hazina.AI.RAG\Hazina.AI.RAG.csproj::TargetFramework=net9.0]
C:\Projects\Hazina\src\Core\AI\Hazina.AI.RAG\Embeddings\TextChunker.cs(87,9): warning MA0016: Prefer using collection abstraction instead of implementation (https://github.com/meziantou/Meziantou.Analyzer/blob/main/docs/Rules/MA0016.md) [C:\Projects\Hazina\src\Core\AI\Hazina.AI.RAG\Hazina.AI.RAG.csproj::TargetFramework=net9.0]
C:\Projects\Hazina\src\Core\AI\Hazina.AI.RAG\Core\RAGEngine.cs(142,9): warning CA1031: Modify 'QueryAsync' to catch a more specific allowed exception type, or rethrow the exception (https://learn.microsoft.com/dotnet/fundamentals/code-analysis/quality-rules/ca1031) [C:\Projects\Hazina\src\Core\AI\Hazina.AI.RAG\Hazina.AI.RAG.csproj::TargetFramework=net9.0]
C:\Projects\Hazina\src\Core\AI\Hazina.AI.RAG\Embeddings\LLMMetadataExtractor.cs(38,54): warning SA1629: Documentation text should end with a period (https://github.com/DotNetAnalyzers/StyleCopAnalyzers/blob/master/documentation/SA1629.md) [C:\Projects\Hazina\src\Core\AI\Hazina.AI.RAG\Hazina.AI.RAG.csproj::TargetFramework=net9.0]
C:\Projects\Hazina\src\Core\AI\Hazina.AI.RAG\Embeddings\LLMMetadataExtractor.cs(59,13): warning SA1111: Closing parenthesis should be on line of last parameter (https://github.com/DotNetAnalyzers/StyleCopAnalyzers/blob/master/documentation/SA1111.md) [C:\Projects\Hazina\src\Core\AI\Hazina.AI.RAG\Hazina.AI.RAG.csproj::TargetFramework=net9.0]
C:\Projects\Hazina\src\Core\AI\Hazina.AI.RAG\Embeddings\TextChunker.cs(84,40): warning MA0051: Method is too long (62 lines; maximum allowed: 60) (https://github.com/meziantou/Meziantou.Analyzer/blob/main/docs/Rules/MA0051.md) [C:\Projects\Hazina\src\Core\AI\Hazina.AI.RAG\Hazina.AI.RAG.csproj::TargetFramework=net9.0]
C:\Projects\Hazina\src\Core\AI\Hazina.AI.RAG\Graph\Storage\GraphStoreFactory.cs(1,1): warning SA1633: The file header is missing or not located at the top of the file. (https://github.com/DotNetAnalyzers/StyleCopAnalyzers/blob/master/documentation/SA1633.md) [C:\Projects\Hazina\src\Core\AI\Hazina.AI.RAG\Hazina.AI.RAG.csproj::TargetFramework=net9.0]
C:\Projects\Hazina\src\Core\AI\Hazina.AI.RAG\Embeddings\LLMMetadataExtractor.cs(65,21): warning CA1848: For improved performance, use the LoggerMessage delegates instead of calling 'LoggerExtensions.LogError(ILogger, Exception?, string?, params object?[])' (https://learn.microsoft.com/dotnet/fundamentals/code-analysis/quality-rules/ca1848) [C:\Projects\Hazina\src\Core\AI\Hazina.AI.RAG\Hazina.AI.RAG.csproj::TargetFramework=net9.0]
C:\Projects\Hazina\src\Core\AI\Hazina.AI.RAG\Embeddings\HierarchicalChunker.cs(26,18): warning MA0016: Prefer using collection abstraction instead of implementation (https://github.com/meziantou/Meziantou.Analyzer/blob/main/docs/Rules/MA0016.md) [C:\Projects\Hazina\src\Core\AI\Hazina.AI.RAG\Hazina.AI.RAG.csproj::TargetFramework=net9.0]
C:\Projects\Hazina\src\Core\AI\Hazina.AI.RAG\Core\RAGEngine.cs(165,9): warning SA1111: Closing parenthesis should be on line of last parameter (https://github.com/DotNetAnalyzers/StyleCopAnalyzers/blob/master/documentation/SA1111.md) [C:\Projects\Hazina\src\Core\AI\Hazina.AI.RAG\Hazina.AI.RAG.csproj::TargetFramework=net9.0]
C:\Projects\Hazina\src\Core\AI\Hazina.AI.RAG\Graph\Storage\IGraphStore.cs(1,1): warning SA1633: The file header is missing or not located at the top of the file. (https://github.com/DotNetAnalyzers/StyleCopAnalyzers/blob/master/documentation/SA1633.md) [C:\Projects\Hazina\src\Core\AI\Hazina.AI.RAG\Hazina.AI.RAG.csproj::TargetFramework=net9.0]
C:\Projects\Hazina\src\Core\AI\Hazina.AI.RAG\Embeddings\TextChunker.cs(106,17): warning S1854: Remove this useless assignment to local variable 'effectiveOptions'. (https://rules.sonarsource.com/csharp/RSPEC-1854) [C:\Projects\Hazina\src\Core\AI\Hazina.AI.RAG\Hazina.AI.RAG.csproj::TargetFramework=net9.0]
C:\Projects\Hazina\src\Core\AI\Hazina.AI.RAG\Embeddings\HierarchicalChunker.cs(26,40): warning MA0051: Method is too long (61 lines; maximum allowed: 60) (https://github.com/meziantou/Meziantou.Analyzer/blob/main/docs/Rules/MA0051.md) [C:\Projects\Hazina\src\Core\AI\Hazina.AI.RAG\Hazina.AI.RAG.csproj::TargetFramework=net9.0]
C:\Projects\Hazina\src\Core\AI\Hazina.AI.RAG\Retrieval\Reranker.cs(21,46): warning SA1629: Documentation text should end with a period (https://github.com/DotNetAnalyzers/StyleCopAnalyzers/blob/master/documentation/SA1629.md) [C:\Projects\Hazina\src\Core\AI\Hazina.AI.RAG\Hazina.AI.RAG.csproj::TargetFramework=net9.0]
C:\Projects\Hazina\src\Core\AI\Hazina.AI.RAG\Retrieval\Reranker.cs(29,13): warning SA1503: Braces should not be omitted (https://github.com/DotNetAnalyzers/StyleCopAnalyzers/blob/master/documentation/SA1503.md) [C:\Projects\Hazina\src\Core\AI\Hazina.AI.RAG\Hazina.AI.RAG.csproj::TargetFramework=net9.0]
C:\Projects\Hazina\src\Core\AI\Hazina.AI.RAG\Core\RAGEngine.cs(159,30): warning MA0004: Use Task.ConfigureAwait(false) if the current SynchronizationContext is not needed (https://github.com/meziantou/Meziantou.Analyzer/blob/main/docs/Rules/MA0004.md) [C:\Projects\Hazina\src\Core\AI\Hazina.AI.RAG\Hazina.AI.RAG.csproj::TargetFramework=net9.0]
C:\Projects\Hazina\src\Core\AI\Hazina.AI.RAG\Embeddings\LLMMetadataExtractor.cs(54,28): warning MA0004: Use Task.ConfigureAwait(false) if the current SynchronizationContext is not needed (https://github.com/meziantou/Meziantou.Analyzer/blob/main/docs/Rules/MA0004.md) [C:\Projects\Hazina\src\Core\AI\Hazina.AI.RAG\Hazina.AI.RAG.csproj::TargetFramework=net9.0]
C:\Projects\Hazina\src\Core\AI\Hazina.AI.RAG\Core\RAGEngine.cs(160,16): warning MA0004: Use Task.ConfigureAwait(false) if the current SynchronizationContext is not needed (https://github.com/meziantou/Meziantou.Analyzer/blob/main/docs/Rules/MA0004.md) [C:\Projects\Hazina\src\Core\AI\Hazina.AI.RAG\Hazina.AI.RAG.csproj::TargetFramework=net9.0]
C:\Projects\Hazina\src\Core\AI\Hazina.AI.RAG\Extensions\RetrievalServiceExtensions.cs(71,60): warning SA1629: Documentation text should end with a period (https://github.com/DotNetAnalyzers/StyleCopAnalyzers/blob/master/documentation/SA1629.md) [C:\Projects\Hazina\src\Core\AI\Hazina.AI.RAG\Hazina.AI.RAG.csproj::TargetFramework=net9.0]
C:\Projects\Hazina\src\Core\AI\Hazina.AI.RAG\Retrieval\Reranker.cs(37,24): warning MA0004: Use Task.ConfigureAwait(false) if the current SynchronizationContext is not needed (https://github.com/meziantou/Meziantou.Analyzer/blob/main/docs/Rules/MA0004.md) [C:\Projects\Hazina\src\Core\AI\Hazina.AI.RAG\Hazina.AI.RAG.csproj::TargetFramework=net9.0]
C:\Projects\Hazina\src\Core\AI\Hazina.AI.RAG\Retrieval\Reranker.cs(40,24): warning MA0004: Use Task.ConfigureAwait(false) if the current SynchronizationContext is not needed (https://github.com/meziantou/Meziantou.Analyzer/blob/main/docs/Rules/MA0004.md) [C:\Projects\Hazina\src\Core\AI\Hazina.AI.RAG\Hazina.AI.RAG.csproj::TargetFramework=net9.0]
C:\Projects\Hazina\src\Core\AI\Hazina.AI.RAG\Embeddings\LLMMetadataExtractor.cs(63,9): warning CA1031: Modify 'ExtractMetadataAsync' to catch a more specific allowed exception type, or rethrow the exception (https://learn.microsoft.com/dotnet/fundamentals/code-analysis/quality-rules/ca1031) [C:\Projects\Hazina\src\Core\AI\Hazina.AI.RAG\Hazina.AI.RAG.csproj::TargetFramework=net9.0]
C:\Projects\Hazina\src\Core\AI\Hazina.AI.RAG\Graph\Storage\InMemoryGraphStore.cs(1,1): warning SA1633: The file header is missing or not located at the top of the file. (https://github.com/DotNetAnalyzers/StyleCopAnalyzers/blob/master/documentation/SA1633.md) [C:\Projects\Hazina\src\Core\AI\Hazina.AI.RAG\Hazina.AI.RAG.csproj::TargetFramework=net9.0]
C:\Projects\Hazina\src\Core\AI\Hazina.AI.RAG\Graph\Storage\InMemoryGraphStore.cs(26,18): warning SA1513: Closing brace should be followed by blank line (https://github.com/DotNetAnalyzers/StyleCopAnalyzers/blob/master/documentation/SA1513.md) [C:\Projects\Hazina\src\Core\AI\Hazina.AI.RAG\Hazina.AI.RAG.csproj::TargetFramework=net9.0]
C:\Projects\Hazina\src\Core\AI\Hazina.AI.RAG\Graph\Storage\InMemoryGraphStore.cs(105,22): warning SA1513: Closing brace should be followed by blank line (https://github.com/DotNetAnalyzers/StyleCopAnalyzers/blob/master/documentation/SA1513.md) [C:\Projects\Hazina\src\Core\AI\Hazina.AI.RAG\Hazina.AI.RAG.csproj::TargetFramework=net9.0]
C:\Projects\Hazina\src\Core\AI\Hazina.AI.RAG\Graph\Storage\InMemoryGraphStore.cs(118,22): warning SA1513: Closing brace should be followed by blank line (https://github.com/DotNetAnalyzers/StyleCopAnalyzers/blob/master/documentation/SA1513.md) [C:\Projects\Hazina\src\Core\AI\Hazina.AI.RAG\Hazina.AI.RAG.csproj::TargetFramework=net9.0]
C:\Projects\Hazina\src\Core\AI\Hazina.AI.RAG\Configuration\SemanticChunkingConfiguration.cs(19,23): warning CA1062: In externally visible method 'SemanticChunkingOptions SemanticChunkingConfiguration.LoadFromConfiguration(IConfiguration configuration)', validate parameter 'configuration' is non-null before using it. If appropriate, throw an 'ArgumentNullException' when the argument is 'null'. (https://learn.microsoft.com/dotnet/fundamentals/code-analysis/quality-rules/ca1062) [C:\Projects\Hazina\src\Core\AI\Hazina.AI.RAG\Hazina.AI.RAG.csproj::TargetFramework=net9.0]
C:\Projects\Hazina\src\Core\AI\Hazina.AI.RAG\Embeddings\LLMMetadataExtractor.cs(46,49): warning CA1062: In externally visible method 'Task<ChunkMetadata?> LLMMetadataExtractor.ExtractMetadataAsync(string chunkText, CancellationToken ct = default(CancellationToken))', validate parameter 'chunkText' is non-null before using it. If appropriate, throw an 'ArgumentNullException' when the argument is 'null'. (https://learn.microsoft.com/dotnet/fundamentals/code-analysis/quality-rules/ca1062) [C:\Projects\Hazina\src\Core\AI\Hazina.AI.RAG\Hazina.AI.RAG.csproj::TargetFramework=net9.0]
C:\Projects\Hazina\src\Core\AI\Hazina.AI.RAG\Embeddings\TextChunker.cs(77,75): warning SA1629: Documentation text should end with a period (https://github.com/DotNetAnalyzers/StyleCopAnalyzers/blob/master/documentation/SA1629.md) [C:\Projects\Hazina\src\Core\AI\Hazina.AI.RAG\Hazina.AI.RAG.csproj::TargetFramework=net9.0]
C:\Projects\Hazina\src\Core\AI\Hazina.AI.RAG\Embeddings\TextChunker.cs(79,41): warning SA1629: Documentation text should end with a period (https://github.com/DotNetAnalyzers/StyleCopAnalyzers/blob/master/documentation/SA1629.md) [C:\Projects\Hazina\src\Core\AI\Hazina.AI.RAG\Hazina.AI.RAG.csproj::TargetFramework=net9.0]
C:\Projects\Hazina\src\Core\AI\Hazina.AI.RAG\Embeddings\TextChunker.cs(80,91): warning SA1629: Documentation text should end with a period (https://github.com/DotNetAnalyzers/StyleCopAnalyzers/blob/master/documentation/SA1629.md) [C:\Projects\Hazina\src\Core\AI\Hazina.AI.RAG\Hazina.AI.RAG.csproj::TargetFramework=net9.0]
C:\Projects\Hazina\src\Core\AI\Hazina.AI.RAG\Embeddings\TextChunker.cs(81,70): warning SA1629: Documentation text should end with a period (https://github.com/DotNetAnalyzers/StyleCopAnalyzers/blob/master/documentation/SA1629.md) [C:\Projects\Hazina\src\Core\AI\Hazina.AI.RAG\Hazina.AI.RAG.csproj::TargetFramework=net9.0]
C:\Projects\Hazina\src\Core\AI\Hazina.AI.RAG\Embeddings\TextChunker.cs(82,44): warning SA1629: Documentation text should end with a period (https://github.com/DotNetAnalyzers/StyleCopAnalyzers/blob/master/documentation/SA1629.md) [C:\Projects\Hazina\src\Core\AI\Hazina.AI.RAG\Hazina.AI.RAG.csproj::TargetFramework=net9.0]
C:\Projects\Hazina\src\Core\AI\Hazina.AI.RAG\Embeddings\TextChunker.cs(83,37): warning SA1629: Documentation text should end with a period (https://github.com/DotNetAnalyzers/StyleCopAnalyzers/blob/master/documentation/SA1629.md) [C:\Projects\Hazina\src\Core\AI\Hazina.AI.RAG\Hazina.AI.RAG.csproj::TargetFramework=net9.0]
C:\Projects\Hazina\src\Core\AI\Hazina.AI.RAG\Utilities\SentenceSplitter.cs(73,17): warning S1643: Use a StringBuilder instead. (https://rules.sonarsource.com/csharp/RSPEC-1643) [C:\Projects\Hazina\src\Core\AI\Hazina.AI.RAG\Hazina.AI.RAG.csproj::TargetFramework=net9.0]
C:\Projects\Hazina\src\Core\AI\Hazina.AI.RAG\Embeddings\TextChunker.cs(91,13): warning SA1503: Braces should not be omitted (https://github.com/DotNetAnalyzers/StyleCopAnalyzers/blob/master/documentation/SA1503.md) [C:\Projects\Hazina\src\Core\AI\Hazina.AI.RAG\Hazina.AI.RAG.csproj::TargetFramework=net9.0]
C:\Projects\Hazina\src\Core\AI\Hazina.AI.RAG\Embeddings\TextChunker.cs(125,25): warning CA1873: Evaluation of this argument may be expensive and unnecessary if logging is disabled (https://learn.microsoft.com/dotnet/fundamentals/code-analysis/quality-rules/ca1873) [C:\Projects\Hazina\src\Core\AI\Hazina.AI.RAG\Hazina.AI.RAG.csproj::TargetFramework=net9.0]
C:\Projects\Hazina\src\Core\AI\Hazina.AI.RAG\Embeddings\TextChunker.cs(100,25): warning CA1848: For improved performance, use the LoggerMessage delegates instead of calling 'LoggerExtensions.LogWarning(ILogger, string?, params object?[])' (https://learn.microsoft.com/dotnet/fundamentals/code-analysis/quality-rules/ca1848) [C:\Projects\Hazina\src\Core\AI\Hazina.AI.RAG\Hazina.AI.RAG.csproj::TargetFramework=net9.0]
C:\Projects\Hazina\src\Core\AI\Hazina.AI.RAG\Embeddings\TextChunker.cs(125,25): warning CA1848: For improved performance, use the LoggerMessage delegates instead of calling 'LoggerExtensions.LogDebug(ILogger, string?, params object?[])' (https://learn.microsoft.com/dotnet/fundamentals/code-analysis/quality-rules/ca1848) [C:\Projects\Hazina\src\Core\AI\Hazina.AI.RAG\Hazina.AI.RAG.csproj::TargetFramework=net9.0]
C:\Projects\Hazina\src\Core\AI\Hazina.AI.RAG\Embeddings\TextChunker.cs(127,26): warning MA0004: Use Task.ConfigureAwait(false) if the current SynchronizationContext is not needed (https://github.com/meziantou/Meziantou.Analyzer/blob/main/docs/Rules/MA0004.md) [C:\Projects\Hazina\src\Core\AI\Hazina.AI.RAG\Hazina.AI.RAG.csproj::TargetFramework=net9.0]
C:\Projects\Hazina\src\Core\AI\Hazina.AI.RAG\Embeddings\TextChunker.cs(131,26): warning MA0004: Use Task.ConfigureAwait(false) if the current SynchronizationContext is not needed (https://github.com/meziantou/Meziantou.Analyzer/blob/main/docs/Rules/MA0004.md) [C:\Projects\Hazina\src\Core\AI\Hazina.AI.RAG\Hazina.AI.RAG.csproj::TargetFramework=net9.0]
C:\Projects\Hazina\src\Core\AI\Hazina.AI.RAG\Retrieval\Reranker.cs(28,13): warning CA1062: In externally visible method 'Task<List<RetrievedDocument>> Reranker.RerankAsync(string query, List<RetrievedDocument> documents, CancellationToken cancellationToken = default(CancellationToken))', validate parameter 'documents' is non-null before using it. If appropriate, throw an 'ArgumentNullException' when the argument is 'null'. (https://learn.microsoft.com/dotnet/fundamentals/code-analysis/quality-rules/ca1062) [C:\Projects\Hazina\src\Core\AI\Hazina.AI.RAG\Hazina.AI.RAG.csproj::TargetFramework=net9.0]
C:\Projects\Hazina\src\Core\AI\Hazina.AI.RAG\Graph\Storage\SQLiteGraphStore.cs(1,1): warning SA1633: The file header is missing or not located at the top of the file. (https://github.com/DotNetAnalyzers/StyleCopAnalyzers/blob/master/documentation/SA1633.md) [C:\Projects\Hazina\src\Core\AI\Hazina.AI.RAG\Hazina.AI.RAG.csproj::TargetFramework=net9.0]
C:\Projects\Hazina\src\Core\AI\Hazina.AI.RAG\Interfaces\IReranker.cs(1,1): warning SA1633: The file header is missing or not located at the top of the file. (https://github.com/DotNetAnalyzers/StyleCopAnalyzers/blob/master/documentation/SA1633.md) [C:\Projects\Hazina\src\Core\AI\Hazina.AI.RAG\Hazina.AI.RAG.csproj::TargetFramework=net9.0]
C:\Projects\Hazina\src\Core\AI\Hazina.AI.RAG\Interfaces\IReranker.cs(22,5): warning SA1009: Closing parenthesis should not be preceded by a space (https://github.com/DotNetAnalyzers/StyleCopAnalyzers/blob/master/documentation/SA1009.md) [C:\Projects\Hazina\src\Core\AI\Hazina.AI.RAG\Hazina.AI.RAG.csproj::TargetFramework=net9.0]
C:\Projects\Hazina\src\Core\AI\Hazina.AI.RAG\Interfaces\IRetrievalCandidate.cs(1,1): warning SA1633: The file header is missing or not located at the top of the file. (https://github.com/DotNetAnalyzers/StyleCopAnalyzers/blob/master/documentation/SA1633.md) [C:\Projects\Hazina\src\Core\AI\Hazina.AI.RAG\Hazina.AI.RAG.csproj::TargetFramework=net9.0]
C:\Projects\Hazina\src\Core\AI\Hazina.AI.RAG\Interfaces\IRetrievalPipeline.cs(1,1): warning SA1633: The file header is missing or not located at the top of the file. (https://github.com/DotNetAnalyzers/StyleCopAnalyzers/blob/master/documentation/SA1633.md) [C:\Projects\Hazina\src\Core\AI\Hazina.AI.RAG\Hazina.AI.RAG.csproj::TargetFramework=net9.0]
C:\Projects\Hazina\src\Core\AI\Hazina.AI.RAG\Interfaces\IRetrievalPipeline.cs(23,5): warning SA1009: Closing parenthesis should not be preceded by a space (https://github.com/DotNetAnalyzers/StyleCopAnalyzers/blob/master/documentation/SA1009.md) [C:\Projects\Hazina\src\Core\AI\Hazina.AI.RAG\Hazina.AI.RAG.csproj::TargetFramework=net9.0]
C:\Projects\Hazina\src\Core\AI\Hazina.AI.RAG\Interfaces\IRetriever.cs(1,1): warning SA1633: The file header is missing or not located at the top of the file. (https://github.com/DotNetAnalyzers/StyleCopAnalyzers/blob/master/documentation/SA1633.md) [C:\Projects\Hazina\src\Core\AI\Hazina.AI.RAG\Hazina.AI.RAG.csproj::TargetFramework=net9.0]
C:\Projects\Hazina\src\Core\AI\Hazina.AI.RAG\Interfaces\IRetriever.cs(22,5): warning SA1009: Closing parenthesis should not be preceded by a space (https://github.com/DotNetAnalyzers/StyleCopAnalyzers/blob/master/documentation/SA1009.md) [C:\Projects\Hazina\src\Core\AI\Hazina.AI.RAG\Hazina.AI.RAG.csproj::TargetFramework=net9.0]
C:\Projects\Hazina\src\Core\AI\Hazina.AI.RAG\Retrieval\LlmJudgeReranker.cs(1,1): warning SA1633: The file header is missing or not located at the top of the file. (https://github.com/DotNetAnalyzers/StyleCopAnalyzers/blob/master/documentation/SA1633.md) [C:\Projects\Hazina\src\Core\AI\Hazina.AI.RAG\Hazina.AI.RAG.csproj::TargetFramework=net9.0]
C:\Projects\Hazina\src\Core\AI\Hazina.AI.RAG\Retrieval\LlmJudgeReranker.cs(123,14): warning SA1402: File may only contain a single type (https://github.com/DotNetAnalyzers/StyleCopAnalyzers/blob/master/documentation/SA1402.md) [C:\Projects\Hazina\src\Core\AI\Hazina.AI.RAG\Hazina.AI.RAG.csproj::TargetFramework=net9.0]
C:\Projects\Hazina\src\Core\AI\Hazina.AI.RAG\Retrieval\LlmJudgeReranker.cs(82,13): warning SA1009: Closing parenthesis should not be preceded by a space (https://github.com/DotNetAnalyzers/StyleCopAnalyzers/blob/master/documentation/SA1009.md) [C:\Projects\Hazina\src\Core\AI\Hazina.AI.RAG\Hazina.AI.RAG.csproj::TargetFramework=net9.0]
C:\Projects\Hazina\src\Core\AI\Hazina.AI.RAG\Retrieval\NoOpReranker.cs(1,1): warning SA1633: The file header is missing or not located at the top of the file. (https://github.com/DotNetAnalyzers/StyleCopAnalyzers/blob/master/documentation/SA1633.md) [C:\Projects\Hazina\src\Core\AI\Hazina.AI.RAG\Hazina.AI.RAG.csproj::TargetFramework=net9.0]
C:\Projects\Hazina\src\Core\AI\Hazina.AI.RAG\Retrieval\Reranker.cs(1,1): warning SA1633: The file header is missing or not located at the top of the file. (https://github.com/DotNetAnalyzers/StyleCopAnalyzers/blob/master/documentation/SA1633.md) [C:\Projects\Hazina\src\Core\AI\Hazina.AI.RAG\Hazina.AI.RAG.csproj::TargetFramework=net9.0]
C:\Projects\Hazina\src\Core\AI\Hazina.AI.RAG\Retrieval\Reranker.cs(226,14): warning SA1402: File may only contain a single type (https://github.com/DotNetAnalyzers/StyleCopAnalyzers/blob/master/documentation/SA1402.md) [C:\Projects\Hazina\src\Core\AI\Hazina.AI.RAG\Hazina.AI.RAG.csproj::TargetFramework=net9.0]
C:\Projects\Hazina\src\Core\AI\Hazina.AI.RAG\Retrieval\Reranker.cs(140,13): warning SA1009: Closing parenthesis should not be preceded by a space (https://github.com/DotNetAnalyzers/StyleCopAnalyzers/blob/master/documentation/SA1009.md) [C:\Projects\Hazina\src\Core\AI\Hazina.AI.RAG\Hazina.AI.RAG.csproj::TargetFramework=net9.0]
C:\Projects\Hazina\src\Core\AI\Hazina.AI.RAG\Retrieval\RetrievalPipeline.cs(1,1): warning SA1633: The file header is missing or not located at the top of the file. (https://github.com/DotNetAnalyzers/StyleCopAnalyzers/blob/master/documentation/SA1633.md) [C:\Projects\Hazina\src\Core\AI\Hazina.AI.RAG\Hazina.AI.RAG.csproj::TargetFramework=net9.0]
C:\Projects\Hazina\src\Core\AI\Hazina.AI.RAG\Embeddings\HierarchicalChunker.cs(24,45): warning SA1629: Documentation text should end with a period (https://github.com/DotNetAnalyzers/StyleCopAnalyzers/blob/master/documentation/SA1629.md) [C:\Projects\Hazina\src\Core\AI\Hazina.AI.RAG\Hazina.AI.RAG.csproj::TargetFramework=net9.0]
C:\Projects\Hazina\src\Core\AI\Hazina.AI.RAG\Embeddings\HierarchicalChunker.cs(32,13): warning SA1503: Braces should not be omitted (https://github.com/DotNetAnalyzers/StyleCopAnalyzers/blob/master/documentation/SA1503.md) [C:\Projects\Hazina\src\Core\AI\Hazina.AI.RAG\Hazina.AI.RAG.csproj::TargetFramework=net9.0]
C:\Projects\Hazina\src\Core\AI\Hazina.AI.RAG\Retrieval\RetrievalPipeline.cs(32,9): warning SA1009: Closing parenthesis should not be preceded by a space (https://github.com/DotNetAnalyzers/StyleCopAnalyzers/blob/master/documentation/SA1009.md) [C:\Projects\Hazina\src\Core\AI\Hazina.AI.RAG\Hazina.AI.RAG.csproj::TargetFramework=net9.0]
C:\Projects\Hazina\src\Core\AI\Hazina.AI.RAG\Retrieval\RetrievalPipeline.cs(42,9): warning SA1009: Closing parenthesis should not be preceded by a space (https://github.com/DotNetAnalyzers/StyleCopAnalyzers/blob/master/documentation/SA1009.md) [C:\Projects\Hazina\src\Core\AI\Hazina.AI.RAG\Hazina.AI.RAG.csproj::TargetFramework=net9.0]
C:\Projects\Hazina\src\Core\AI\Hazina.AI.RAG\Embeddings\HierarchicalChunker.cs(37,31): warning SA1116: The parameters should begin on the line after the declaration, whenever the parameter span across multiple lines (https://github.com/DotNetAnalyzers/StyleCopAnalyzers/blob/master/documentation/SA1116.md) [C:\Projects\Hazina\src\Core\AI\Hazina.AI.RAG\Hazina.AI.RAG.csproj::TargetFramework=net9.0]
C:\Projects\Hazina\src\Core\AI\Hazina.AI.RAG\Embeddings\HierarchicalChunker.cs(81,37): warning SA1116: The parameters should begin on the line after the declaration, whenever the parameter span across multiple lines (https://github.com/DotNetAnalyzers/StyleCopAnalyzers/blob/master/documentation/SA1116.md) [C:\Projects\Hazina\src\Core\AI\Hazina.AI.RAG\Hazina.AI.RAG.csproj::TargetFramework=net9.0]
C:\Projects\Hazina\src\Core\AI\Hazina.AI.RAG\Embeddings\HierarchicalChunker.cs(38,30): warning SA1117: The parameters should all be placed on the same line or each parameter should be placed on its own line (https://github.com/DotNetAnalyzers/StyleCopAnalyzers/blob/master/documentation/SA1117.md) [C:\Projects\Hazina\src\Core\AI\Hazina.AI.RAG\Hazina.AI.RAG.csproj::TargetFramework=net9.0]
C:\Projects\Hazina\src\Core\AI\Hazina.AI.RAG\Embeddings\HierarchicalChunker.cs(82,33): warning SA1117: The parameters should all be placed on the same line or each parameter should be placed on its own line (https://github.com/DotNetAnalyzers/StyleCopAnalyzers/blob/master/documentation/SA1117.md) [C:\Projects\Hazina\src\Core\AI\Hazina.AI.RAG\Hazina.AI.RAG.csproj::TargetFramework=net9.0]
C:\Projects\Hazina\src\Core\AI\Hazina.AI.RAG\Graph\Storage\GraphStoreFactory.cs(14,52): warning SA1629: Documentation text should end with a period (https://github.com/DotNetAnalyzers/StyleCopAnalyzers/blob/master/documentation/SA1629.md) [C:\Projects\Hazina\src\Core\AI\Hazina.AI.RAG\Hazina.AI.RAG.csproj::TargetFramework=net9.0]
C:\Projects\Hazina\src\Core\AI\Hazina.AI.RAG\Graph\Storage\GraphStoreFactory.cs(15,45): warning SA1629: Documentation text should end with a period (https://github.com/DotNetAnalyzers/StyleCopAnalyzers/blob/master/documentation/SA1629.md) [C:\Projects\Hazina\src\Core\AI\Hazina.AI.RAG\Hazina.AI.RAG.csproj::TargetFramework=net9.0]
C:\Projects\Hazina\src\Core\AI\Hazina.AI.RAG\Graph\Storage\GraphStoreFactory.cs(16,55): warning SA1629: Documentation text should end with a period (https://github.com/DotNetAnalyzers/StyleCopAnalyzers/blob/master/documentation/SA1629.md) [C:\Projects\Hazina\src\Core\AI\Hazina.AI.RAG\Hazina.AI.RAG.csproj::TargetFramework=net9.0]
C:\Projects\Hazina\src\Core\AI\Hazina.AI.RAG\Retrieval\VectorStoreRetriever.cs(1,1): warning SA1633: The file header is missing or not located at the top of the file. (https://github.com/DotNetAnalyzers/StyleCopAnalyzers/blob/master/documentation/SA1633.md) [C:\Projects\Hazina\src\Core\AI\Hazina.AI.RAG\Hazina.AI.RAG.csproj::TargetFramework=net9.0]
C:\Projects\Hazina\src\Core\AI\Hazina.AI.RAG\Retrieval\VectorStoreRetriever.cs(48,10): warning SA1513: Closing brace should be followed by blank line (https://github.com/DotNetAnalyzers/StyleCopAnalyzers/blob/master/documentation/SA1513.md) [C:\Projects\Hazina\src\Core\AI\Hazina.AI.RAG\Hazina.AI.RAG.csproj::TargetFramework=net9.0]
C:\Projects\Hazina\src\Core\AI\Hazina.AI.RAG\Graph\Storage\GraphStoreFactory.cs(24,24): warning MA0015: Use an overload of 'System.ArgumentException' with the parameter name (https://github.com/meziantou/Meziantou.Analyzer/blob/main/docs/Rules/MA0015.md) [C:\Projects\Hazina\src\Core\AI\Hazina.AI.RAG\Hazina.AI.RAG.csproj::TargetFramework=net9.0]
C:\Projects\Hazina\src\Core\AI\Hazina.AI.RAG\Embeddings\HierarchicalChunker.cs(37,21): warning CA1873: Evaluation of this argument may be expensive and unnecessary if logging is disabled (https://learn.microsoft.com/dotnet/fundamentals/code-analysis/quality-rules/ca1873) [C:\Projects\Hazina\src\Core\AI\Hazina.AI.RAG\Hazina.AI.RAG.csproj::TargetFramework=net9.0]
C:\Projects\Hazina\src\Core\AI\Hazina.AI.RAG\Graph\Storage\GraphStoreFactory.cs(23,39): warning MA0025: Implement the functionality (or raise NotSupportedException or PlatformNotSupportedException) (https://github.com/meziantou/Meziantou.Analyzer/blob/main/docs/Rules/MA0025.md) [C:\Projects\Hazina\src\Core\AI\Hazina.AI.RAG\Hazina.AI.RAG.csproj::TargetFramework=net9.0]
C:\Projects\Hazina\src\Core\AI\Hazina.AI.RAG\Embeddings\HierarchicalChunker.cs(42,17): warning CA1873: Evaluation of this argument may be expensive and unnecessary if logging is disabled (https://learn.microsoft.com/dotnet/fundamentals/code-analysis/quality-rules/ca1873) [C:\Projects\Hazina\src\Core\AI\Hazina.AI.RAG\Hazina.AI.RAG.csproj::TargetFramework=net9.0]
C:\Projects\Hazina\src\Core\AI\Hazina.AI.RAG\Embeddings\HierarchicalChunker.cs(48,21): warning CA1873: Evaluation of this argument may be expensive and unnecessary if logging is disabled (https://learn.microsoft.com/dotnet/fundamentals/code-analysis/quality-rules/ca1873) [C:\Projects\Hazina\src\Core\AI\Hazina.AI.RAG\Hazina.AI.RAG.csproj::TargetFramework=net9.0]
C:\Projects\Hazina\src\Core\AI\Hazina.AI.RAG\Retrieval\VectorStoreRetriever.cs(38,9): warning SA1009: Closing parenthesis should not be preceded by a space (https://github.com/DotNetAnalyzers/StyleCopAnalyzers/blob/master/documentation/SA1009.md) [C:\Projects\Hazina\src\Core\AI\Hazina.AI.RAG\Hazina.AI.RAG.csproj::TargetFramework=net9.0]
C:\Projects\Hazina\src\Core\AI\Hazina.AI.RAG\Embeddings\HierarchicalChunker.cs(81,21): warning CA1873: Evaluation of this argument may be expensive and unnecessary if logging is disabled (https://learn.microsoft.com/dotnet/fundamentals/code-analysis/quality-rules/ca1873) [C:\Projects\Hazina\src\Core\AI\Hazina.AI.RAG\Hazina.AI.RAG.csproj::TargetFramework=net9.0]
C:\Projects\Hazina\src\Core\AI\Hazina.AI.RAG\Embeddings\HierarchicalChunker.cs(37,21): warning CA1848: For improved performance, use the LoggerMessage delegates instead of calling 'LoggerExtensions.LogDebug(ILogger, string?, params object?[])' (https://learn.microsoft.com/dotnet/fundamentals/code-analysis/quality-rules/ca1848) [C:\Projects\Hazina\src\Core\AI\Hazina.AI.RAG\Hazina.AI.RAG.csproj::TargetFramework=net9.0]
C:\Projects\Hazina\src\Core\AI\Hazina.AI.RAG\Embeddings\HierarchicalChunker.cs(42,17): warning CA1848: For improved performance, use the LoggerMessage delegates instead of calling 'LoggerExtensions.LogInformation(ILogger, string?, params object?[])' (https://learn.microsoft.com/dotnet/fundamentals/code-analysis/quality-rules/ca1848) [C:\Projects\Hazina\src\Core\AI\Hazina.AI.RAG\Hazina.AI.RAG.csproj::TargetFramework=net9.0]
C:\Projects\Hazina\src\Core\AI\Hazina.AI.RAG\Embeddings\HierarchicalChunker.cs(48,21): warning CA1848: For improved performance, use the LoggerMessage delegates instead of calling 'LoggerExtensions.LogDebug(ILogger, string?, params object?[])' (https://learn.microsoft.com/dotnet/fundamentals/code-analysis/quality-rules/ca1848) [C:\Projects\Hazina\src\Core\AI\Hazina.AI.RAG\Hazina.AI.RAG.csproj::TargetFramework=net9.0]
C:\Projects\Hazina\src\Core\AI\Hazina.AI.RAG\Embeddings\HierarchicalChunker.cs(77,29): warning CA1848: For improved performance, use the LoggerMessage delegates instead of calling 'LoggerExtensions.LogWarning(ILogger, Exception?, string?, params object?[])' (https://learn.microsoft.com/dotnet/fundamentals/code-analysis/quality-rules/ca1848) [C:\Projects\Hazina\src\Core\AI\Hazina.AI.RAG\Hazina.AI.RAG.csproj::TargetFramework=net9.0]
C:\Projects\Hazina\src\Core\AI\Hazina.AI.RAG\Embeddings\HierarchicalChunker.cs(81,21): warning CA1848: For improved performance, use the LoggerMessage delegates instead of calling 'LoggerExtensions.LogInformation(ILogger, string?, params object?[])' (https://learn.microsoft.com/dotnet/fundamentals/code-analysis/quality-rules/ca1848) [C:\Projects\Hazina\src\Core\AI\Hazina.AI.RAG\Hazina.AI.RAG.csproj::TargetFramework=net9.0]
C:\Projects\Hazina\src\Core\AI\Hazina.AI.RAG\Embeddings\HierarchicalChunker.cs(88,21): warning CA1848: For improved performance, use the LoggerMessage delegates instead of calling 'LoggerExtensions.LogError(ILogger, Exception?, string?, params object?[])' (https://learn.microsoft.com/dotnet/fundamentals/code-analysis/quality-rules/ca1848) [C:\Projects\Hazina\src\Core\AI\Hazina.AI.RAG\Hazina.AI.RAG.csproj::TargetFramework=net9.0]
C:\Projects\Hazina\src\Core\AI\Hazina.AI.RAG\Utilities\SentenceSplitter.cs(1,1): warning SA1633: The file header is missing or not located at the top of the file. (https://github.com/DotNetAnalyzers/StyleCopAnalyzers/blob/master/documentation/SA1633.md) [C:\Projects\Hazina\src\Core\AI\Hazina.AI.RAG\Hazina.AI.RAG.csproj::TargetFramework=net9.0]
C:\Projects\Hazina\src\Core\AI\Hazina.AI.RAG\Graph\Storage\GraphStoreFactory.cs(19,16): warning CA1062: In externally visible method 'IGraphStore GraphStoreFactory.Create(GraphRAGConfig config, ILogger logger)', validate parameter 'config' is non-null before using it. If appropriate, throw an 'ArgumentNullException' when the argument is 'null'. (https://learn.microsoft.com/dotnet/fundamentals/code-analysis/quality-rules/ca1062) [C:\Projects\Hazina\src\Core\AI\Hazina.AI.RAG\Hazina.AI.RAG.csproj::TargetFramework=net9.0]
C:\Projects\Hazina\src\Core\AI\Hazina.AI.RAG\Embeddings\HierarchicalChunker.cs(39,20): warning MA0004: Use Task.ConfigureAwait(false) if the current SynchronizationContext is not needed (https://github.com/meziantou/Meziantou.Analyzer/blob/main/docs/Rules/MA0004.md) [C:\Projects\Hazina\src\Core\AI\Hazina.AI.RAG\Hazina.AI.RAG.csproj::TargetFramework=net9.0]
C:\Projects\Hazina\src\Core\AI\Hazina.AI.RAG\Utilities\SentenceSplitter.cs(81,18): warning SA1513: Closing brace should be followed by blank line (https://github.com/DotNetAnalyzers/StyleCopAnalyzers/blob/master/documentation/SA1513.md) [C:\Projects\Hazina\src\Core\AI\Hazina.AI.RAG\Hazina.AI.RAG.csproj::TargetFramework=net9.0]
C:\Projects\Hazina\src\Core\AI\Hazina.AI.RAG\Embeddings\HierarchicalChunker.cs(58,41): warning MA0004: Use Task.ConfigureAwait(false) if the current SynchronizationContext is not needed (https://github.com/meziantou/Meziantou.Analyzer/blob/main/docs/Rules/MA0004.md) [C:\Projects\Hazina\src\Core\AI\Hazina.AI.RAG\Hazina.AI.RAG.csproj::TargetFramework=net9.0]
C:\Projects\Hazina\src\Core\AI\Hazina.AI.RAG\Embeddings\HierarchicalChunker.cs(89,20): warning MA0004: Use Task.ConfigureAwait(false) if the current SynchronizationContext is not needed (https://github.com/meziantou/Meziantou.Analyzer/blob/main/docs/Rules/MA0004.md) [C:\Projects\Hazina\src\Core\AI\Hazina.AI.RAG\Hazina.AI.RAG.csproj::TargetFramework=net9.0]
C:\Projects\Hazina\src\Core\AI\Hazina.AI.RAG\Utilities\SentenceSplitter.cs(60,81): warning SA1629: Documentation text should end with a period (https://github.com/DotNetAnalyzers/StyleCopAnalyzers/blob/master/documentation/SA1629.md) [C:\Projects\Hazina\src\Core\AI\Hazina.AI.RAG\Hazina.AI.RAG.csproj::TargetFramework=net9.0]
C:\Projects\Hazina\src\Core\AI\Hazina.AI.RAG\Utilities\SentenceSplitter.cs(65,23): warning SA1122: Use string.Empty for empty strings (https://github.com/DotNetAnalyzers/StyleCopAnalyzers/blob/master/documentation/SA1122.md) [C:\Projects\Hazina\src\Core\AI\Hazina.AI.RAG\Hazina.AI.RAG.csproj::TargetFramework=net9.0]
C:\Projects\Hazina\src\Core\AI\Hazina.AI.RAG\Graph\Storage\SQLiteGraphStore.cs(221,9): warning MA0004: Use Task.ConfigureAwait(false) if the current SynchronizationContext is not needed (https://github.com/meziantou/Meziantou.Analyzer/blob/main/docs/Rules/MA0004.md) [C:\Projects\Hazina\src\Core\AI\Hazina.AI.RAG\Hazina.AI.RAG.csproj::TargetFramework=net9.0]
C:\Projects\Hazina\src\Core\AI\Hazina.AI.RAG\Graph\Storage\SQLiteGraphStore.cs(228,28): warning MA0004: Use Task.ConfigureAwait(false) if the current SynchronizationContext is not needed (https://github.com/meziantou/Meziantou.Analyzer/blob/main/docs/Rules/MA0004.md) [C:\Projects\Hazina\src\Core\AI\Hazina.AI.RAG\Hazina.AI.RAG.csproj::TargetFramework=net9.0]
C:\Projects\Hazina\src\Core\AI\Hazina.AI.RAG\Graph\Storage\SQLiteGraphStore.cs(229,13): warning MA0004: Use Task.ConfigureAwait(false) if the current SynchronizationContext is not needed (https://github.com/meziantou/Meziantou.Analyzer/blob/main/docs/Rules/MA0004.md) [C:\Projects\Hazina\src\Core\AI\Hazina.AI.RAG\Hazina.AI.RAG.csproj::TargetFramework=net9.0]
C:\Projects\Hazina\src\Core\AI\Hazina.AI.RAG\Graph\Storage\SQLiteGraphStore.cs(232,13): warning MA0004: Use Task.ConfigureAwait(false) if the current SynchronizationContext is not needed (https://github.com/meziantou/Meziantou.Analyzer/blob/main/docs/Rules/MA0004.md) [C:\Projects\Hazina\src\Core\AI\Hazina.AI.RAG\Hazina.AI.RAG.csproj::TargetFramework=net9.0]
C:\Projects\Hazina\src\Core\AI\Hazina.AI.RAG\Graph\Pipeline\LLMTextService.cs(33,24): warning MA0004: Use Task.ConfigureAwait(false) if the current SynchronizationContext is not needed (https://github.com/meziantou/Meziantou.Analyzer/blob/main/docs/Rules/MA0004.md) [C:\Projects\Hazina\src\Core\AI\Hazina.AI.RAG\Hazina.AI.RAG.csproj::TargetFramework=net9.0]
C:\Projects\Hazina\src\Core\AI\Hazina.AI.RAG\Graph\Storage\IGraphStore.cs(15,45): warning CA1002: Change 'List<GraphEntity>' in 'IGraphStore.AddEntitiesAsync(List<GraphEntity>, [CancellationToken])' to use 'Collection<T>', 'ReadOnlyCollection<T>' or 'KeyedCollection<K,V>' (https://learn.microsoft.com/dotnet/fundamentals/code-analysis/quality-rules/ca1002) [C:\Projects\Hazina\src\Core\AI\Hazina.AI.RAG\Hazina.AI.RAG.csproj::TargetFramework=net9.0]
C:\Projects\Hazina\src\Core\AI\Hazina.AI.RAG\Graph\Storage\IGraphStore.cs(15,27): warning MA0016: Prefer using collection abstraction instead of implementation (https://github.com/meziantou/Meziantou.Analyzer/blob/main/docs/Rules/MA0016.md) [C:\Projects\Hazina\src\Core\AI\Hazina.AI.RAG\Hazina.AI.RAG.csproj::TargetFramework=net9.0]
C:\Projects\Hazina\src\Core\AI\Hazina.AI.RAG\Graph\Storage\IGraphStore.cs(25,5): warning MA0016: Prefer using collection abstraction instead of implementation (https://github.com/meziantou/Meziantou.Analyzer/blob/main/docs/Rules/MA0016.md) [C:\Projects\Hazina\src\Core\AI\Hazina.AI.RAG\Hazina.AI.RAG.csproj::TargetFramework=net9.0]
C:\Projects\Hazina\src\Core\AI\Hazina.AI.RAG\Graph\Storage\IGraphStore.cs(33,5): warning MA0016: Prefer using collection abstraction instead of implementation (https://github.com/meziantou/Meziantou.Analyzer/blob/main/docs/Rules/MA0016.md) [C:\Projects\Hazina\src\Core\AI\Hazina.AI.RAG\Hazina.AI.RAG.csproj::TargetFramework=net9.0]
C:\Projects\Hazina\src\Core\AI\Hazina.AI.RAG\Graph\Storage\IGraphStore.cs(55,5): warning MA0016: Prefer using collection abstraction instead of implementation (https://github.com/meziantou/Meziantou.Analyzer/blob/main/docs/Rules/MA0016.md) [C:\Projects\Hazina\src\Core\AI\Hazina.AI.RAG\Hazina.AI.RAG.csproj::TargetFramework=net9.0]
C:\Projects\Hazina\src\Core\AI\Hazina.AI.RAG\Graph\Storage\IGraphStore.cs(63,5): warning MA0016: Prefer using collection abstraction instead of implementation (https://github.com/meziantou/Meziantou.Analyzer/blob/main/docs/Rules/MA0016.md) [C:\Projects\Hazina\src\Core\AI\Hazina.AI.RAG\Hazina.AI.RAG.csproj::TargetFramework=net9.0]
C:\Projects\Hazina\src\Core\AI\Hazina.AI.RAG\Graph\Storage\IGraphStore.cs(50,56): warning CA1002: Change 'List<GraphRelationship>' in 'IGraphStore.AddRelationshipsAsync(List<GraphRelationship>, [CancellationToken])' to use 'Collection<T>', 'ReadOnlyCollection<T>' or 'KeyedCollection<K,V>' (https://learn.microsoft.com/dotnet/fundamentals/code-analysis/quality-rules/ca1002) [C:\Projects\Hazina\src\Core\AI\Hazina.AI.RAG\Hazina.AI.RAG.csproj::TargetFramework=net9.0]
C:\Projects\Hazina\src\Core\AI\Hazina.AI.RAG\Graph\Storage\IGraphStore.cs(42,5): warning MA0016: Prefer using collection abstraction instead of implementation (https://github.com/meziantou/Meziantou.Analyzer/blob/main/docs/Rules/MA0016.md) [C:\Projects\Hazina\src\Core\AI\Hazina.AI.RAG\Hazina.AI.RAG.csproj::TargetFramework=net9.0]
C:\Projects\Hazina\src\Core\AI\Hazina.AI.RAG\Graph\Storage\IGraphStore.cs(50,32): warning MA0016: Prefer using collection abstraction instead of implementation (https://github.com/meziantou/Meziantou.Analyzer/blob/main/docs/Rules/MA0016.md) [C:\Projects\Hazina\src\Core\AI\Hazina.AI.RAG\Hazina.AI.RAG.csproj::TargetFramework=net9.0]
C:\Projects\Hazina\src\Core\AI\Hazina.AI.RAG\Retrieval\Reranker.cs(48,45): warning SA1629: Documentation text should end with a period (https://github.com/DotNetAnalyzers/StyleCopAnalyzers/blob/master/documentation/SA1629.md) [C:\Projects\Hazina\src\Core\AI\Hazina.AI.RAG\Hazina.AI.RAG.csproj::TargetFramework=net9.0]
C:\Projects\Hazina\src\Core\AI\Hazina.AI.RAG\Graph\Storage\IGraphStore.cs(12,5): warning SA1514: Element documentation header should be preceded by blank line (https://github.com/DotNetAnalyzers/StyleCopAnalyzers/blob/master/documentation/SA1514.md) [C:\Projects\Hazina\src\Core\AI\Hazina.AI.RAG\Hazina.AI.RAG.csproj::TargetFramework=net9.0]
C:\Projects\Hazina\src\Core\AI\Hazina.AI.RAG\Retrieval\Reranker.cs(56,13): warning SA1503: Braces should not be omitted (https://github.com/DotNetAnalyzers/StyleCopAnalyzers/blob/master/documentation/SA1503.md) [C:\Projects\Hazina\src\Core\AI\Hazina.AI.RAG\Hazina.AI.RAG.csproj::TargetFramework=net9.0]
C:\Projects\Hazina\src\Core\AI\Hazina.AI.RAG\Retrieval\Reranker.cs(58,59): warning SA1316: Tuple element names should use correct casing (https://github.com/DotNetAnalyzers/StyleCopAnalyzers/blob/master/documentation/SA1316.md) [C:\Projects\Hazina\src\Core\AI\Hazina.AI.RAG\Hazina.AI.RAG.csproj::TargetFramework=net9.0]
C:\Projects\Hazina\src\Core\AI\Hazina.AI.RAG\Retrieval\Reranker.cs(58,71): warning SA1316: Tuple element names should use correct casing (https://github.com/DotNetAnalyzers/StyleCopAnalyzers/blob/master/documentation/SA1316.md) [C:\Projects\Hazina\src\Core\AI\Hazina.AI.RAG\Hazina.AI.RAG.csproj::TargetFramework=net9.0]
C:\Projects\Hazina\src\Core\AI\Hazina.AI.RAG\Graph\Storage\IGraphStore.cs(71,5): warning MA0016: Prefer using collection abstraction instead of implementation (https://github.com/meziantou/Meziantou.Analyzer/blob/main/docs/Rules/MA0016.md) [C:\Projects\Hazina\src\Core\AI\Hazina.AI.RAG\Hazina.AI.RAG.csproj::TargetFramework=net9.0]
C:\Projects\Hazina\src\Core\AI\Hazina.AI.RAG\Graph\Storage\IGraphStore.cs(47,5): warning SA1514: Element documentation header should be preceded by blank line (https://github.com/DotNetAnalyzers/StyleCopAnalyzers/blob/master/documentation/SA1514.md) [C:\Projects\Hazina\src\Core\AI\Hazina.AI.RAG\Hazina.AI.RAG.csproj::TargetFramework=net9.0]
C:\Projects\Hazina\src\Core\AI\Hazina.AI.RAG\Graph\Storage\IGraphStore.cs(60,5): warning SA1514: Element documentation header should be preceded by blank line (https://github.com/DotNetAnalyzers/StyleCopAnalyzers/blob/master/documentation/SA1514.md) [C:\Projects\Hazina\src\Core\AI\Hazina.AI.RAG\Hazina.AI.RAG.csproj::TargetFramework=net9.0]
C:\Projects\Hazina\src\Core\AI\Hazina.AI.RAG\Graph\Storage\IGraphStore.cs(80,5): warning MA0016: Prefer using collection abstraction instead of implementation (https://github.com/meziantou/Meziantou.Analyzer/blob/main/docs/Rules/MA0016.md) [C:\Projects\Hazina\src\Core\AI\Hazina.AI.RAG\Hazina.AI.RAG.csproj::TargetFramework=net9.0]
C:\Projects\Hazina\src\Core\AI\Hazina.AI.RAG\Graph\Storage\IGraphStore.cs(87,5): warning SA1514: Element documentation header should be preceded by blank line (https://github.com/DotNetAnalyzers/StyleCopAnalyzers/blob/master/documentation/SA1514.md) [C:\Projects\Hazina\src\Core\AI\Hazina.AI.RAG\Hazina.AI.RAG.csproj::TargetFramework=net9.0]
C:\Projects\Hazina\src\Core\AI\Hazina.AI.RAG\Graph\Explainability\RetrievalTrace.cs(85,29): warning CA1002: Change 'List<RetrievalStep>' in 'ExplainabilityService.CreateTrace(string, HybridRetrievalResult, List<RetrievalStep>)' to use 'Collection<T>', 'ReadOnlyCollection<T>' or 'KeyedCollection<K,V>' (https://learn.microsoft.com/dotnet/fundamentals/code-analysis/quality-rules/ca1002) [C:\Projects\Hazina\src\Core\AI\Hazina.AI.RAG\Hazina.AI.RAG.csproj::TargetFramework=net9.0]
C:\Projects\Hazina\src\Core\AI\Hazina.AI.RAG\Graph\Explainability\RetrievalTrace.cs(43,9): warning CA1305: The behavior of 'StringBuilder.AppendLine(ref StringBuilder.AppendInterpolatedStringHandler)' could vary based on the current user's locale settings. Replace this call in 'ExplainabilityService.GenerateExplanation(HybridRetrievalResult)' with a call to 'StringBuilder.AppendLine(IFormatProvider, ref StringBuilder.AppendInterpolatedStringHandler)'. (https://learn.microsoft.com/dotnet/fundamentals/code-analysis/quality-rules/ca1305) [C:\Projects\Hazina\src\Core\AI\Hazina.AI.RAG\Hazina.AI.RAG.csproj::TargetFramework=net9.0]
C:\Projects\Hazina\src\Core\AI\Hazina.AI.RAG\Graph\Explainability\RetrievalTrace.cs(44,9): warning CA1305: The behavior of 'StringBuilder.AppendLine(ref StringBuilder.AppendInterpolatedStringHandler)' could vary based on the current user's locale settings. Replace this call in 'ExplainabilityService.GenerateExplanation(HybridRetrievalResult)' with a call to 'StringBuilder.AppendLine(IFormatProvider, ref StringBuilder.AppendInterpolatedStringHandler)'. (https://learn.microsoft.com/dotnet/fundamentals/code-analysis/quality-rules/ca1305) [C:\Projects\Hazina\src\Core\AI\Hazina.AI.RAG\Hazina.AI.RAG.csproj::TargetFramework=net9.0]
C:\Projects\Hazina\src\Core\AI\Hazina.AI.RAG\Graph\Explainability\RetrievalTrace.cs(85,9): warning MA0016: Prefer using collection abstraction instead of implementation (https://github.com/meziantou/Meziantou.Analyzer/blob/main/docs/Rules/MA0016.md) [C:\Projects\Hazina\src\Core\AI\Hazina.AI.RAG\Hazina.AI.RAG.csproj::TargetFramework=net9.0]
C:\Projects\Hazina\src\Core\AI\Hazina.AI.RAG\Graph\Explainability\RetrievalTrace.cs(48,13): warning CA1305: The behavior of 'StringBuilder.AppendLine(ref StringBuilder.AppendInterpolatedStringHandler)' could vary based on the current user's locale settings. Replace this call in 'ExplainabilityService.GenerateExplanation(HybridRetrievalResult)' with a call to 'StringBuilder.AppendLine(IFormatProvider, ref StringBuilder.AppendInterpolatedStringHandler)'. (https://learn.microsoft.com/dotnet/fundamentals/code-analysis/quality-rules/ca1305) [C:\Projects\Hazina\src\Core\AI\Hazina.AI.RAG\Hazina.AI.RAG.csproj::TargetFramework=net9.0]
C:\Projects\Hazina\src\Core\AI\Hazina.AI.RAG\Graph\Explainability\RetrievalTrace.cs(54,13): warning CA1305: The behavior of 'StringBuilder.AppendLine(ref StringBuilder.AppendInterpolatedStringHandler)' could vary based on the current user's locale settings. Replace this call in 'ExplainabilityService.GenerateExplanation(HybridRetrievalResult)' with a call to 'StringBuilder.AppendLine(IFormatProvider, ref StringBuilder.AppendInterpolatedStringHandler)'. (https://learn.microsoft.com/dotnet/fundamentals/code-analysis/quality-rules/ca1305) [C:\Projects\Hazina\src\Core\AI\Hazina.AI.RAG\Hazina.AI.RAG.csproj::TargetFramework=net9.0]
C:\Projects\Hazina\src\Core\AI\Hazina.AI.RAG\Graph\Explainability\RetrievalTrace.cs(59,17): warning CA1305: The behavior of 'StringBuilder.Append(ref StringBuilder.AppendInterpolatedStringHandler)' could vary based on the current user's locale settings. Replace this call in 'ExplainabilityService.GenerateExplanation(HybridRetrievalResult)' with a call to 'StringBuilder.Append(IFormatProvider, ref StringBuilder.AppendInterpolatedStringHandler)'. (https://learn.microsoft.com/dotnet/fundamentals/code-analysis/quality-rules/ca1305) [C:\Projects\Hazina\src\Core\AI\Hazina.AI.RAG\Hazina.AI.RAG.csproj::TargetFramework=net9.0]
C:\Projects\Hazina\src\Core\AI\Hazina.AI.RAG\Graph\Explainability\RetrievalTrace.cs(64,21): warning CA1305: The behavior of 'StringBuilder.Append(ref StringBuilder.AppendInterpolatedStringHandler)' could vary based on the current user's locale settings. Replace this call in 'ExplainabilityService.GenerateExplanation(HybridRetrievalResult)' with a call to 'StringBuilder.Append(IFormatProvider, ref StringBuilder.AppendInterpolatedStringHandler)'. (https://learn.microsoft.com/dotnet/fundamentals/code-analysis/quality-rules/ca1305) [C:\Projects\Hazina\src\Core\AI\Hazina.AI.RAG\Hazina.AI.RAG.csproj::TargetFramework=net9.0]
C:\Projects\Hazina\src\Core\AI\Hazina.AI.RAG\Embeddings\HierarchicalChunker.cs(75,17): warning CA1031: Modify 'ChunkAsync' to catch a more specific allowed exception type, or rethrow the exception (https://learn.microsoft.com/dotnet/fundamentals/code-analysis/quality-rules/ca1031) [C:\Projects\Hazina\src\Core\AI\Hazina.AI.RAG\Hazina.AI.RAG.csproj::TargetFramework=net9.0]
C:\Projects\Hazina\src\Core\AI\Hazina.AI.RAG\Embeddings\HierarchicalChunker.cs(86,9): warning CA1031: Modify 'ChunkAsync' to catch a more specific allowed exception type, or rethrow the exception (https://learn.microsoft.com/dotnet/fundamentals/code-analysis/quality-rules/ca1031) [C:\Projects\Hazina\src\Core\AI\Hazina.AI.RAG\Hazina.AI.RAG.csproj::TargetFramework=net9.0]
C:\Projects\Hazina\src\Core\AI\Hazina.AI.RAG\Graph\Explainability\RetrievalTrace.cs(73,13): warning CA1305: The behavior of 'StringBuilder.AppendLine(ref StringBuilder.AppendInterpolatedStringHandler)' could vary based on the current user's locale settings. Replace this call in 'ExplainabilityService.GenerateExplanation(HybridRetrievalResult)' with a call to 'StringBuilder.AppendLine(IFormatProvider, ref StringBuilder.AppendInterpolatedStringHandler)'. (https://learn.microsoft.com/dotnet/fundamentals/code-analysis/quality-rules/ca1305) [C:\Projects\Hazina\src\Core\AI\Hazina.AI.RAG\Hazina.AI.RAG.csproj::TargetFramework=net9.0]
C:\Projects\Hazina\src\Core\AI\Hazina.AI.RAG\Graph\Pipeline\IEntityExtractor.cs(17,5): warning MA0016: Prefer using collection abstraction instead of implementation (https://github.com/meziantou/Meziantou.Analyzer/blob/main/docs/Rules/MA0016.md) [C:\Projects\Hazina\src\Core\AI\Hazina.AI.RAG\Hazina.AI.RAG.csproj::TargetFramework=net9.0]
C:\Projects\Hazina\src\Core\AI\Hazina.AI.RAG\Graph\Pipeline\IEntityExtractor.cs(13,47): warning SA1629: Documentation text should end with a period (https://github.com/DotNetAnalyzers/StyleCopAnalyzers/blob/master/documentation/SA1629.md) [C:\Projects\Hazina\src\Core\AI\Hazina.AI.RAG\Hazina.AI.RAG.csproj::TargetFramework=net9.0]
C:\Projects\Hazina\src\Core\AI\Hazina.AI.RAG\Graph\Pipeline\IEntityExtractor.cs(14,78): warning SA1629: Documentation text should end with a period (https://github.com/DotNetAnalyzers/StyleCopAnalyzers/blob/master/documentation/SA1629.md) [C:\Projects\Hazina\src\Core\AI\Hazina.AI.RAG\Hazina.AI.RAG.csproj::TargetFramework=net9.0]
C:\Projects\Hazina\src\Core\AI\Hazina.AI.RAG\Graph\Pipeline\IEntityExtractor.cs(15,59): warning SA1629: Documentation text should end with a period (https://github.com/DotNetAnalyzers/StyleCopAnalyzers/blob/master/documentation/SA1629.md) [C:\Projects\Hazina\src\Core\AI\Hazina.AI.RAG\Hazina.AI.RAG.csproj::TargetFramework=net9.0]
C:\Projects\Hazina\src\Core\AI\Hazina.AI.RAG\Graph\Pipeline\IEntityExtractor.cs(16,67): warning SA1629: Documentation text should end with a period (https://github.com/DotNetAnalyzers/StyleCopAnalyzers/blob/master/documentation/SA1629.md) [C:\Projects\Hazina\src\Core\AI\Hazina.AI.RAG\Hazina.AI.RAG.csproj::TargetFramework=net9.0]
C:\Projects\Hazina\src\Core\AI\Hazina.AI.RAG\Retrieval\Reranker.cs(62,34): warning MA0004: Use Task.ConfigureAwait(false) if the current SynchronizationContext is not needed (https://github.com/meziantou/Meziantou.Analyzer/blob/main/docs/Rules/MA0004.md) [C:\Projects\Hazina\src\Core\AI\Hazina.AI.RAG\Hazina.AI.RAG.csproj::TargetFramework=net9.0]
C:\Projects\Hazina\src\Core\AI\Hazina.AI.RAG\Graph\Pipeline\IEntityNormalizer.cs(14,53): warning SA1629: Documentation text should end with a period (https://github.com/DotNetAnalyzers/StyleCopAnalyzers/blob/master/documentation/SA1629.md) [C:\Projects\Hazina\src\Core\AI\Hazina.AI.RAG\Hazina.AI.RAG.csproj::TargetFramework=net9.0]
C:\Projects\Hazina\src\Core\AI\Hazina.AI.RAG\Graph\Pipeline\IEntityNormalizer.cs(15,80): warning SA1629: Documentation text should end with a period (https://github.com/DotNetAnalyzers/StyleCopAnalyzers/blob/master/documentation/SA1629.md) [C:\Projects\Hazina\src\Core\AI\Hazina.AI.RAG\Hazina.AI.RAG.csproj::TargetFramework=net9.0]
C:\Projects\Hazina\src\Core\AI\Hazina.AI.RAG\Graph\Pipeline\IEntityNormalizer.cs(16,59): warning SA1629: Documentation text should end with a period (https://github.com/DotNetAnalyzers/StyleCopAnalyzers/blob/master/documentation/SA1629.md) [C:\Projects\Hazina\src\Core\AI\Hazina.AI.RAG\Hazina.AI.RAG.csproj::TargetFramework=net9.0]
C:\Projects\Hazina\src\Core\AI\Hazina.AI.RAG\Graph\Pipeline\IEntityNormalizer.cs(17,72): warning SA1629: Documentation text should end with a period (https://github.com/DotNetAnalyzers/StyleCopAnalyzers/blob/master/documentation/SA1629.md) [C:\Projects\Hazina\src\Core\AI\Hazina.AI.RAG\Hazina.AI.RAG.csproj::TargetFramework=net9.0]
C:\Projects\Hazina\src\Core\AI\Hazina.AI.RAG\Graph\Pipeline\ILLMTextService.cs(11,45): warning SA1629: Documentation text should end with a period (https://github.com/DotNetAnalyzers/StyleCopAnalyzers/blob/master/documentation/SA1629.md) [C:\Projects\Hazina\src\Core\AI\Hazina.AI.RAG\Hazina.AI.RAG.csproj::TargetFramework=net9.0]
C:\Projects\Hazina\src\Core\AI\Hazina.AI.RAG\Graph\Pipeline\ILLMTextService.cs(12,60): warning SA1629: Documentation text should end with a period (https://github.com/DotNetAnalyzers/StyleCopAnalyzers/blob/master/documentation/SA1629.md) [C:\Projects\Hazina\src\Core\AI\Hazina.AI.RAG\Hazina.AI.RAG.csproj::TargetFramework=net9.0]
C:\Projects\Hazina\src\Core\AI\Hazina.AI.RAG\Graph\Pipeline\ILLMTextService.cs(13,69): warning SA1629: Documentation text should end with a period (https://github.com/DotNetAnalyzers/StyleCopAnalyzers/blob/master/documentation/SA1629.md) [C:\Projects\Hazina\src\Core\AI\Hazina.AI.RAG\Hazina.AI.RAG.csproj::TargetFramework=net9.0]
C:\Projects\Hazina\src\Core\AI\Hazina.AI.RAG\Graph\Pipeline\ILLMTextService.cs(14,59): warning SA1629: Documentation text should end with a period (https://github.com/DotNetAnalyzers/StyleCopAnalyzers/blob/master/documentation/SA1629.md) [C:\Projects\Hazina\src\Core\AI\Hazina.AI.RAG\Hazina.AI.RAG.csproj::TargetFramework=net9.0]
C:\Projects\Hazina\src\Core\AI\Hazina.AI.RAG\Graph\Pipeline\ILLMTextService.cs(15,40): warning SA1629: Documentation text should end with a period (https://github.com/DotNetAnalyzers/StyleCopAnalyzers/blob/master/documentation/SA1629.md) [C:\Projects\Hazina\src\Core\AI\Hazina.AI.RAG\Hazina.AI.RAG.csproj::TargetFramework=net9.0]
C:\Projects\Hazina\src\Core\AI\Hazina.AI.RAG\Graph\Pipeline\IRelationshipExtractor.cs(20,27): warning CA1002: Change 'List<GraphEntity>' in 'IRelationshipExtractor.ExtractRelationshipsAsync(string, List<GraphEntity>, [string], [CancellationToken])' to use 'Collection<T>', 'ReadOnlyCollection<T>' or 'KeyedCollection<K,V>' (https://learn.microsoft.com/dotnet/fundamentals/code-analysis/quality-rules/ca1002) [C:\Projects\Hazina\src\Core\AI\Hazina.AI.RAG\Hazina.AI.RAG.csproj::TargetFramework=net9.0]
C:\Projects\Hazina\src\Core\AI\Hazina.AI.RAG\Graph\Pipeline\IRelationshipExtractor.cs(18,5): warning MA0016: Prefer using collection abstraction instead of implementation (https://github.com/meziantou/Meziantou.Analyzer/blob/main/docs/Rules/MA0016.md) [C:\Projects\Hazina\src\Core\AI\Hazina.AI.RAG\Hazina.AI.RAG.csproj::TargetFramework=net9.0]
C:\Projects\Hazina\src\Core\AI\Hazina.AI.RAG\Graph\Pipeline\IRelationshipExtractor.cs(20,9): warning MA0016: Prefer using collection abstraction instead of implementation (https://github.com/meziantou/Meziantou.Analyzer/blob/main/docs/Rules/MA0016.md) [C:\Projects\Hazina\src\Core\AI\Hazina.AI.RAG\Hazina.AI.RAG.csproj::TargetFramework=net9.0]
C:\Projects\Hazina\src\Core\AI\Hazina.AI.RAG\Graph\Explainability\RetrievalTrace.cs(43,9): warning MA0011: Use an overload of 'AppendLine' that has a 'System.IFormatProvider' parameter (https://github.com/meziantou/Meziantou.Analyzer/blob/main/docs/Rules/MA0011.md) [C:\Projects\Hazina\src\Core\AI\Hazina.AI.RAG\Hazina.AI.RAG.csproj::TargetFramework=net9.0]
C:\Projects\Hazina\src\Core\AI\Hazina.AI.RAG\Graph\Pipeline\IRelationshipExtractor.cs(13,47): warning SA1629: Documentation text should end with a period (https://github.com/DotNetAnalyzers/StyleCopAnalyzers/blob/master/documentation/SA1629.md) [C:\Projects\Hazina\src\Core\AI\Hazina.AI.RAG\Hazina.AI.RAG.csproj::TargetFramework=net9.0]
C:\Projects\Hazina\src\Core\AI\Hazina.AI.RAG\Graph\Pipeline\IRelationshipExtractor.cs(14,72): warning SA1629: Documentation text should end with a period (https://github.com/DotNetAnalyzers/StyleCopAnalyzers/blob/master/documentation/SA1629.md) [C:\Projects\Hazina\src\Core\AI\Hazina.AI.RAG\Hazina.AI.RAG.csproj::TargetFramework=net9.0]
C:\Projects\Hazina\src\Core\AI\Hazina.AI.RAG\Graph\Pipeline\IRelationshipExtractor.cs(15,69): warning SA1629: Documentation text should end with a period (https://github.com/DotNetAnalyzers/StyleCopAnalyzers/blob/master/documentation/SA1629.md) [C:\Projects\Hazina\src\Core\AI\Hazina.AI.RAG\Hazina.AI.RAG.csproj::TargetFramework=net9.0]
C:\Projects\Hazina\src\Core\AI\Hazina.AI.RAG\Graph\Pipeline\IRelationshipExtractor.cs(16,59): warning SA1629: Documentation text should end with a period (https://github.com/DotNetAnalyzers/StyleCopAnalyzers/blob/master/documentation/SA1629.md) [C:\Projects\Hazina\src\Core\AI\Hazina.AI.RAG\Hazina.AI.RAG.csproj::TargetFramework=net9.0]
C:\Projects\Hazina\src\Core\AI\Hazina.AI.RAG\Graph\Pipeline\IRelationshipExtractor.cs(17,62): warning SA1629: Documentation text should end with a period (https://github.com/DotNetAnalyzers/StyleCopAnalyzers/blob/master/documentation/SA1629.md) [C:\Projects\Hazina\src\Core\AI\Hazina.AI.RAG\Hazina.AI.RAG.csproj::TargetFramework=net9.0]
C:\Projects\Hazina\src\Core\AI\Hazina.AI.RAG\Graph\Explainability\RetrievalTrace.cs(48,13): warning MA0011: Use an overload of 'AppendLine' that has a 'System.IFormatProvider' parameter (https://github.com/meziantou/Meziantou.Analyzer/blob/main/docs/Rules/MA0011.md) [C:\Projects\Hazina\src\Core\AI\Hazina.AI.RAG\Hazina.AI.RAG.csproj::TargetFramework=net9.0]
C:\Projects\Hazina\src\Core\AI\Hazina.AI.RAG\Graph\Explainability\RetrievalTrace.cs(54,13): warning MA0011: Use an overload of 'AppendLine' that has a 'System.IFormatProvider' parameter (https://github.com/meziantou/Meziantou.Analyzer/blob/main/docs/Rules/MA0011.md) [C:\Projects\Hazina\src\Core\AI\Hazina.AI.RAG\Hazina.AI.RAG.csproj::TargetFramework=net9.0]
C:\Projects\Hazina\src\Core\AI\Hazina.AI.RAG\Graph\Explainability\RetrievalTrace.cs(59,17): warning MA0011: Use an overload of 'Append' that has a 'System.IFormatProvider' parameter (https://github.com/meziantou/Meziantou.Analyzer/blob/main/docs/Rules/MA0011.md) [C:\Projects\Hazina\src\Core\AI\Hazina.AI.RAG\Hazina.AI.RAG.csproj::TargetFramework=net9.0]
C:\Projects\Hazina\src\Core\AI\Hazina.AI.RAG\Graph\Explainability\RetrievalTrace.cs(73,13): warning MA0011: Use an overload of 'AppendLine' that has a 'System.IFormatProvider' parameter (https://github.com/meziantou/Meziantou.Analyzer/blob/main/docs/Rules/MA0011.md) [C:\Projects\Hazina\src\Core\AI\Hazina.AI.RAG\Hazina.AI.RAG.csproj::TargetFramework=net9.0]
C:\Projects\Hazina\src\Core\AI\Hazina.AI.RAG\Core\RAGEngine.cs(211,20): warning S2325: Make 'CalculateKeywordRelevance' a static method. (https://rules.sonarsource.com/csharp/RSPEC-2325) [C:\Projects\Hazina\src\Core\AI\Hazina.AI.RAG\Hazina.AI.RAG.csproj::TargetFramework=net9.0]
C:\Projects\Hazina\src\Core\AI\Hazina.AI.RAG\Graph\Explainability\RetrievalTrace.cs(90,32): warning CA1062: In externally visible method 'RetrievalTrace ExplainabilityService.CreateTrace(string queryText, HybridRetrievalResult result, List<RetrievalStep> steps)', validate parameter 'result' is non-null before using it. If appropriate, throw an 'ArgumentNullException' when the argument is 'null'. (https://learn.microsoft.com/dotnet/fundamentals/code-analysis/quality-rules/ca1062) [C:\Projects\Hazina\src\Core\AI\Hazina.AI.RAG\Hazina.AI.RAG.csproj::TargetFramework=net9.0]
C:\Projects\Hazina\src\Core\AI\Hazina.AI.RAG\Embeddings\TextChunker.cs(166,54): warning CA1861: Prefer 'static readonly' fields over constant array arguments if the called method is called repeatedly and is not mutating the passed array (https://learn.microsoft.com/dotnet/fundamentals/code-analysis/quality-rules/ca1861) [C:\Projects\Hazina\src\Core\AI\Hazina.AI.RAG\Hazina.AI.RAG.csproj::TargetFramework=net9.0]
C:\Projects\Hazina\src\Core\AI\Hazina.AI.RAG\Embeddings\TextChunker.cs(181,47): warning MA0002: Use an overload that has a IEqualityComparer<string> or IComparer<string> parameter (https://github.com/meziantou/Meziantou.Analyzer/blob/main/docs/Rules/MA0002.md) [C:\Projects\Hazina\src\Core\AI\Hazina.AI.RAG\Hazina.AI.RAG.csproj::TargetFramework=net9.0]
C:\Projects\Hazina\src\Core\AI\Hazina.AI.RAG\Embeddings\TextChunker.cs(181,90): warning MA0002: Use an overload that has a IEqualityComparer<string> or IComparer<string> parameter (https://github.com/meziantou/Meziantou.Analyzer/blob/main/docs/Rules/MA0002.md) [C:\Projects\Hazina\src\Core\AI\Hazina.AI.RAG\Hazina.AI.RAG.csproj::TargetFramework=net9.0]
C:\Projects\Hazina\src\Core\AI\Hazina.AI.RAG\Retrieval\RetrievalPipeline.cs(35,13): warning SA1503: Braces should not be omitted (https://github.com/DotNetAnalyzers/StyleCopAnalyzers/blob/master/documentation/SA1503.md) [C:\Projects\Hazina\src\Core\AI\Hazina.AI.RAG\Hazina.AI.RAG.csproj::TargetFramework=net9.0]
C:\Projects\Hazina\src\Core\AI\Hazina.AI.RAG\Retrieval\RetrievalPipeline.cs(32,9): warning SA1111: Closing parenthesis should be on line of last parameter (https://github.com/DotNetAnalyzers/StyleCopAnalyzers/blob/master/documentation/SA1111.md) [C:\Projects\Hazina\src\Core\AI\Hazina.AI.RAG\Hazina.AI.RAG.csproj::TargetFramework=net9.0]
C:\Projects\Hazina\src\Core\AI\Hazina.AI.RAG\Retrieval\RetrievalPipeline.cs(42,9): warning SA1111: Closing parenthesis should be on line of last parameter (https://github.com/DotNetAnalyzers/StyleCopAnalyzers/blob/master/documentation/SA1111.md) [C:\Projects\Hazina\src\Core\AI\Hazina.AI.RAG\Hazina.AI.RAG.csproj::TargetFramework=net9.0]
C:\Projects\Hazina\src\Core\AI\Hazina.AI.RAG\Core\RAGEngine.cs(217,62): warning SA1122: Use string.Empty for empty strings (https://github.com/DotNetAnalyzers/StyleCopAnalyzers/blob/master/documentation/SA1122.md) [C:\Projects\Hazina\src\Core\AI\Hazina.AI.RAG\Hazina.AI.RAG.csproj::TargetFramework=net9.0]
C:\Projects\Hazina\src\Core\AI\Hazina.AI.RAG\Retrieval\RetrievalPipeline.cs(27,26): warning MA0004: Use Task.ConfigureAwait(false) if the current SynchronizationContext is not needed (https://github.com/meziantou/Meziantou.Analyzer/blob/main/docs/Rules/MA0004.md) [C:\Projects\Hazina\src\Core\AI\Hazina.AI.RAG\Hazina.AI.RAG.csproj::TargetFramework=net9.0]
C:\Projects\Hazina\src\Core\AI\Hazina.AI.RAG\Retrieval\RetrievalPipeline.cs(37,24): warning MA0004: Use Task.ConfigureAwait(false) if the current SynchronizationContext is not needed (https://github.com/meziantou/Meziantou.Analyzer/blob/main/docs/Rules/MA0004.md) [C:\Projects\Hazina\src\Core\AI\Hazina.AI.RAG\Hazina.AI.RAG.csproj::TargetFramework=net9.0]
C:\Projects\Hazina\src\Core\AI\Hazina.AI.RAG\Core\RAGEngine.cs(218,26): warning CA1875: Use 'Regex.Count' instead of 'Regex.Matches(...).Count' (https://learn.microsoft.com/dotnet/fundamentals/code-analysis/quality-rules/ca1875) [C:\Projects\Hazina\src\Core\AI\Hazina.AI.RAG\Hazina.AI.RAG.csproj::TargetFramework=net9.0]
C:\Projects\Hazina\src\Core\AI\Hazina.AI.RAG\Core\RAGEngine.cs(218,26): warning MA0009: Regular expressions should not be vulnerable to Denial of Service attacks (https://github.com/meziantou/Meziantou.Analyzer/blob/main/docs/Rules/MA0009.md) [C:\Projects\Hazina\src\Core\AI\Hazina.AI.RAG\Hazina.AI.RAG.csproj::TargetFramework=net9.0]
C:\Projects\Hazina\src\Core\AI\Hazina.AI.RAG\Graph\Explainability\RetrievalTrace.cs(43,66): warning CA1062: In externally visible method 'string ExplainabilityService.GenerateExplanation(HybridRetrievalResult result)', validate parameter 'result' is non-null before using it. If appropriate, throw an 'ArgumentNullException' when the argument is 'null'. (https://learn.microsoft.com/dotnet/fundamentals/code-analysis/quality-rules/ca1062) [C:\Projects\Hazina\src\Core\AI\Hazina.AI.RAG\Hazina.AI.RAG.csproj::TargetFramework=net9.0]
C:\Projects\Hazina\src\Core\AI\Hazina.AI.RAG\Graph\Storage\SQLiteGraphStore.cs(245,9): warning MA0004: Use Task.ConfigureAwait(false) if the current SynchronizationContext is not needed (https://github.com/meziantou/Meziantou.Analyzer/blob/main/docs/Rules/MA0004.md) [C:\Projects\Hazina\src\Core\AI\Hazina.AI.RAG\Hazina.AI.RAG.csproj::TargetFramework=net9.0]
C:\Projects\Hazina\src\Core\AI\Hazina.AI.RAG\Graph\Storage\SQLiteGraphStore.cs(267,28): warning MA0004: Use Task.ConfigureAwait(false) if the current SynchronizationContext is not needed (https://github.com/meziantou/Meziantou.Analyzer/blob/main/docs/Rules/MA0004.md) [C:\Projects\Hazina\src\Core\AI\Hazina.AI.RAG\Hazina.AI.RAG.csproj::TargetFramework=net9.0]
C:\Projects\Hazina\src\Core\AI\Hazina.AI.RAG\Graph\Storage\SQLiteGraphStore.cs(268,16): warning MA0004: Use Task.ConfigureAwait(false) if the current SynchronizationContext is not needed (https://github.com/meziantou/Meziantou.Analyzer/blob/main/docs/Rules/MA0004.md) [C:\Projects\Hazina\src\Core\AI\Hazina.AI.RAG\Hazina.AI.RAG.csproj::TargetFramework=net9.0]
C:\Projects\Hazina\src\Core\AI\Hazina.AI.RAG\Graph\Storage\SQLiteGraphStore.cs(271,13): warning MA0004: Use Task.ConfigureAwait(false) if the current SynchronizationContext is not needed (https://github.com/meziantou/Meziantou.Analyzer/blob/main/docs/Rules/MA0004.md) [C:\Projects\Hazina\src\Core\AI\Hazina.AI.RAG\Hazina.AI.RAG.csproj::TargetFramework=net9.0]
C:\Projects\Hazina\src\Core\AI\Hazina.AI.RAG\Core\RAGEngine.cs(178,13): warning SA1503: Braces should not be omitted (https://github.com/DotNetAnalyzers/StyleCopAnalyzers/blob/master/documentation/SA1503.md) [C:\Projects\Hazina\src\Core\AI\Hazina.AI.RAG\Hazina.AI.RAG.csproj::TargetFramework=net9.0]
C:\Projects\Hazina\src\Core\AI\Hazina.AI.RAG\Core\RAGEngine.cs(189,9): warning SA1111: Closing parenthesis should be on line of last parameter (https://github.com/DotNetAnalyzers/StyleCopAnalyzers/blob/master/documentation/SA1111.md) [C:\Projects\Hazina\src\Core\AI\Hazina.AI.RAG\Hazina.AI.RAG.csproj::TargetFramework=net9.0]
C:\Projects\Hazina\src\Core\AI\Hazina.AI.RAG\Core\RAGEngine.cs(195,62): warning SA1122: Use string.Empty for empty strings (https://github.com/DotNetAnalyzers/StyleCopAnalyzers/blob/master/documentation/SA1122.md) [C:\Projects\Hazina\src\Core\AI\Hazina.AI.RAG\Hazina.AI.RAG.csproj::TargetFramework=net9.0]
C:\Projects\Hazina\src\Core\AI\Hazina.AI.RAG\Retrieval\VectorStoreRetriever.cs(48,9): warning SA1500: Braces for multi-line statements should not share line (https://github.com/DotNetAnalyzers/StyleCopAnalyzers/blob/master/documentation/SA1500.md) [C:\Projects\Hazina\src\Core\AI\Hazina.AI.RAG\Hazina.AI.RAG.csproj::TargetFramework=net9.0]
C:\Projects\Hazina\src\Core\AI\Hazina.AI.RAG\Retrieval\VectorStoreRetriever.cs(38,9): warning SA1111: Closing parenthesis should be on line of last parameter (https://github.com/DotNetAnalyzers/StyleCopAnalyzers/blob/master/documentation/SA1111.md) [C:\Projects\Hazina\src\Core\AI\Hazina.AI.RAG\Hazina.AI.RAG.csproj::TargetFramework=net9.0]
C:\Projects\Hazina\src\Core\AI\Hazina.AI.RAG\Core\RAGEngine.cs(184,23): warning MA0004: Use Task.ConfigureAwait(false) if the current SynchronizationContext is not needed (https://github.com/meziantou/Meziantou.Analyzer/blob/main/docs/Rules/MA0004.md) [C:\Projects\Hazina\src\Core\AI\Hazina.AI.RAG\Hazina.AI.RAG.csproj::TargetFramework=net9.0]
C:\Projects\Hazina\src\Core\AI\Hazina.AI.RAG\Retrieval\VectorStoreRetriever.cs(30,30): warning MA0004: Use Task.ConfigureAwait(false) if the current SynchronizationContext is not needed (https://github.com/meziantou/Meziantou.Analyzer/blob/main/docs/Rules/MA0004.md) [C:\Projects\Hazina\src\Core\AI\Hazina.AI.RAG\Hazina.AI.RAG.csproj::TargetFramework=net9.0]
C:\Projects\Hazina\src\Core\AI\Hazina.AI.RAG\Retrieval\VectorStoreRetriever.cs(33,23): warning MA0004: Use Task.ConfigureAwait(false) if the current SynchronizationContext is not needed (https://github.com/meziantou/Meziantou.Analyzer/blob/main/docs/Rules/MA0004.md) [C:\Projects\Hazina\src\Core\AI\Hazina.AI.RAG\Hazina.AI.RAG.csproj::TargetFramework=net9.0]
C:\Projects\Hazina\src\Core\AI\Hazina.AI.RAG\Core\RAGEngine.cs(197,24): warning MA0002: Use an overload that has a IEqualityComparer<string> or IComparer<string> parameter (https://github.com/meziantou/Meziantou.Analyzer/blob/main/docs/Rules/MA0002.md) [C:\Projects\Hazina\src\Core\AI\Hazina.AI.RAG\Hazina.AI.RAG.csproj::TargetFramework=net9.0]
C:\Projects\Hazina\src\Core\AI\Hazina.AI.RAG\Graph\Pipeline\LLMRelationshipExtractor.cs(92,13): warning CA1873: Evaluation of this argument may be expensive and unnecessary if logging is disabled (https://learn.microsoft.com/dotnet/fundamentals/code-analysis/quality-rules/ca1873) [C:\Projects\Hazina\src\Core\AI\Hazina.AI.RAG\Hazina.AI.RAG.csproj::TargetFramework=net9.0]
C:\Projects\Hazina\src\Core\AI\Hazina.AI.RAG\Graph\Pipeline\LLMRelationshipExtractor.cs(85,17): warning CA1848: For improved performance, use the LoggerMessage delegates instead of calling 'LoggerExtensions.LogWarning(ILogger, string?, params object?[])' (https://learn.microsoft.com/dotnet/fundamentals/code-analysis/quality-rules/ca1848) [C:\Projects\Hazina\src\Core\AI\Hazina.AI.RAG\Hazina.AI.RAG.csproj::TargetFramework=net9.0]
C:\Projects\Hazina\src\Core\AI\Hazina.AI.RAG\Graph\Pipeline\LLMRelationshipExtractor.cs(92,13): warning CA1848: For improved performance, use the LoggerMessage delegates instead of calling 'LoggerExtensions.LogInformation(ILogger, string?, params object?[])' (https://learn.microsoft.com/dotnet/fundamentals/code-analysis/quality-rules/ca1848) [C:\Projects\Hazina\src\Core\AI\Hazina.AI.RAG\Hazina.AI.RAG.csproj::TargetFramework=net9.0]
C:\Projects\Hazina\src\Core\AI\Hazina.AI.RAG\Graph\Pipeline\LLMRelationshipExtractor.cs(98,13): warning CA1848: For improved performance, use the LoggerMessage delegates instead of calling 'LoggerExtensions.LogError(ILogger, Exception?, string?, params object?[])' (https://learn.microsoft.com/dotnet/fundamentals/code-analysis/quality-rules/ca1848) [C:\Projects\Hazina\src\Core\AI\Hazina.AI.RAG\Hazina.AI.RAG.csproj::TargetFramework=net9.0]
C:\Projects\Hazina\src\Core\AI\Hazina.AI.RAG\Graph\Pipeline\LLMRelationshipExtractor.cs(70,17): warning CA1305: The behavior of 'StringBuilder.AppendLine(ref StringBuilder.AppendInterpolatedStringHandler)' could vary based on the current user's locale settings. Replace this call in 'LLMRelationshipExtractor.ExtractRelationshipsAsync(string, List<GraphEntity>, [string], [CancellationToken])' with a call to 'StringBuilder.AppendLine(IFormatProvider, ref StringBuilder.AppendInterpolatedStringHandler)'. (https://learn.microsoft.com/dotnet/fundamentals/code-analysis/quality-rules/ca1305) [C:\Projects\Hazina\src\Core\AI\Hazina.AI.RAG\Hazina.AI.RAG.csproj::TargetFramework=net9.0]
C:\Projects\Hazina\src\Core\AI\Hazina.AI.RAG\Graph\Pipeline\LLMRelationshipExtractor.cs(73,26): warning CA1307: 'string.Replace(string, string?)' has a method overload that takes a 'StringComparison' parameter. Replace this call in 'Hazina.AI.RAG.Graph.Pipeline.LLMRelationshipExtractor.ExtractRelationshipsAsync(string, System.Collections.Generic.List<Hazina.AI.RAG.Graph.Models.GraphEntity>, string?, System.Threading.CancellationToken)' with a call to 'string.Replace(string, string?, System.StringComparison)' for clarity of intent. (https://learn.microsoft.com/dotnet/fundamentals/code-analysis/quality-rules/ca1307) [C:\Projects\Hazina\src\Core\AI\Hazina.AI.RAG\Hazina.AI.RAG.csproj::TargetFramework=net9.0]
C:\Projects\Hazina\src\Core\AI\Hazina.AI.RAG\Graph\Pipeline\LLMRelationshipExtractor.cs(73,26): warning CA1307: 'string.Replace(string, string?)' has a method overload that takes a 'StringComparison' parameter. Replace this call in 'Hazina.AI.RAG.Graph.Pipeline.LLMRelationshipExtractor.ExtractRelationshipsAsync(string, System.Collections.Generic.List<Hazina.AI.RAG.Graph.Models.GraphEntity>, string?, System.Threading.CancellationToken)' with a call to 'string.Replace(string, string?, System.StringComparison)' for clarity of intent. (https://learn.microsoft.com/dotnet/fundamentals/code-analysis/quality-rules/ca1307) [C:\Projects\Hazina\src\Core\AI\Hazina.AI.RAG\Hazina.AI.RAG.csproj::TargetFramework=net9.0]
C:\Projects\Hazina\src\Core\AI\Hazina.AI.RAG\Retrieval\Reranker.cs(73,54): warning SA1629: Documentation text should end with a period (https://github.com/DotNetAnalyzers/StyleCopAnalyzers/blob/master/documentation/SA1629.md) [C:\Projects\Hazina\src\Core\AI\Hazina.AI.RAG\Hazina.AI.RAG.csproj::TargetFramework=net9.0]
C:\Projects\Hazina\src\Core\AI\Hazina.AI.RAG\Retrieval\Reranker.cs(81,13): warning SA1503: Braces should not be omitted (https://github.com/DotNetAnalyzers/StyleCopAnalyzers/blob/master/documentation/SA1503.md) [C:\Projects\Hazina\src\Core\AI\Hazina.AI.RAG\Hazina.AI.RAG.csproj::TargetFramework=net9.0]
C:\Projects\Hazina\src\Core\AI\Hazina.AI.RAG\Retrieval\Reranker.cs(83,59): warning SA1316: Tuple element names should use correct casing (https://github.com/DotNetAnalyzers/StyleCopAnalyzers/blob/master/documentation/SA1316.md) [C:\Projects\Hazina\src\Core\AI\Hazina.AI.RAG\Hazina.AI.RAG.csproj::TargetFramework=net9.0]
C:\Projects\Hazina\src\Core\AI\Hazina.AI.RAG\Retrieval\Reranker.cs(83,71): warning SA1316: Tuple element names should use correct casing (https://github.com/DotNetAnalyzers/StyleCopAnalyzers/blob/master/documentation/SA1316.md) [C:\Projects\Hazina\src\Core\AI\Hazina.AI.RAG\Hazina.AI.RAG.csproj::TargetFramework=net9.0]
C:\Projects\Hazina\src\Core\AI\Hazina.AI.RAG\Retrieval\LlmJudgeReranker.cs(30,13): warning SA1503: Braces should not be omitted (https://github.com/DotNetAnalyzers/StyleCopAnalyzers/blob/master/documentation/SA1503.md) [C:\Projects\Hazina\src\Core\AI\Hazina.AI.RAG\Hazina.AI.RAG.csproj::TargetFramework=net9.0]
C:\Projects\Hazina\src\Core\AI\Hazina.AI.RAG\Retrieval\LlmJudgeReranker.cs(32,62): warning SA1316: Tuple element names should use correct casing (https://github.com/DotNetAnalyzers/StyleCopAnalyzers/blob/master/documentation/SA1316.md) [C:\Projects\Hazina\src\Core\AI\Hazina.AI.RAG\Hazina.AI.RAG.csproj::TargetFramework=net9.0]
C:\Projects\Hazina\src\Core\AI\Hazina.AI.RAG\Retrieval\LlmJudgeReranker.cs(32,80): warning SA1316: Tuple element names should use correct casing (https://github.com/DotNetAnalyzers/StyleCopAnalyzers/blob/master/documentation/SA1316.md) [C:\Projects\Hazina\src\Core\AI\Hazina.AI.RAG\Hazina.AI.RAG.csproj::TargetFramework=net9.0]
C:\Projects\Hazina\src\Core\AI\Hazina.AI.RAG\Graph\Pipeline\LLMRelationshipExtractor.cs(77,28): warning MA0004: Use Task.ConfigureAwait(false) if the current SynchronizationContext is not needed (https://github.com/meziantou/Meziantou.Analyzer/blob/main/docs/Rules/MA0004.md) [C:\Projects\Hazina\src\Core\AI\Hazina.AI.RAG\Hazina.AI.RAG.csproj::TargetFramework=net9.0]
C:\Projects\Hazina\src\Core\AI\Hazina.AI.RAG\Extensions\DocumentStoreSemanticExtensions.cs(48,9): warning MA0016: Prefer using collection abstraction instead of implementation (https://github.com/meziantou/Meziantou.Analyzer/blob/main/docs/Rules/MA0016.md) [C:\Projects\Hazina\src\Core\AI\Hazina.AI.RAG\Hazina.AI.RAG.csproj::TargetFramework=net9.0]
C:\Projects\Hazina\src\Core\AI\Hazina.AI.RAG\Extensions\DocumentStoreSemanticExtensions.cs(41,36): warning MA0051: Method is too long (82 lines; maximum allowed: 60) (https://github.com/meziantou/Meziantou.Analyzer/blob/main/docs/Rules/MA0051.md) [C:\Projects\Hazina\src\Core\AI\Hazina.AI.RAG\Hazina.AI.RAG.csproj::TargetFramework=net9.0]
C:\Projects\Hazina\src\Core\AI\Hazina.AI.RAG\Embeddings\HierarchicalChunker.cs(35,27): warning CA1062: In externally visible method 'Task<List<TextChunk>> HierarchicalChunker.ChunkAsync(string text, SemanticChunkingOptions options, CancellationToken ct = default(CancellationToken))', validate parameter 'options' is non-null before using it. If appropriate, throw an 'ArgumentNullException' when the argument is 'null'. (https://learn.microsoft.com/dotnet/fundamentals/code-analysis/quality-rules/ca1062) [C:\Projects\Hazina\src\Core\AI\Hazina.AI.RAG\Hazina.AI.RAG.csproj::TargetFramework=net9.0]
C:\Projects\Hazina\src\Core\AI\Hazina.AI.RAG\Retrieval\Reranker.cs(87,28): warning MA0004: Use Task.ConfigureAwait(false) if the current SynchronizationContext is not needed (https://github.com/meziantou/Meziantou.Analyzer/blob/main/docs/Rules/MA0004.md) [C:\Projects\Hazina\src\Core\AI\Hazina.AI.RAG\Hazina.AI.RAG.csproj::TargetFramework=net9.0]
C:\Projects\Hazina\src\Core\AI\Hazina.AI.RAG\Retrieval\LlmJudgeReranker.cs(36,34): warning MA0004: Use Task.ConfigureAwait(false) if the current SynchronizationContext is not needed (https://github.com/meziantou/Meziantou.Analyzer/blob/main/docs/Rules/MA0004.md) [C:\Projects\Hazina\src\Core\AI\Hazina.AI.RAG\Hazina.AI.RAG.csproj::TargetFramework=net9.0]
C:\Projects\Hazina\src\Core\AI\Hazina.AI.RAG\Core\RAGEngine.cs(228,24): warning CA1002: Change 'List<Document>' in 'RAGEngine.IndexDocumentsAsync(List<Document>, [CancellationToken])' to use 'Collection<T>', 'ReadOnlyCollection<T>' or 'KeyedCollection<K,V>' (https://learn.microsoft.com/dotnet/fundamentals/code-analysis/quality-rules/ca1002) [C:\Projects\Hazina\src\Core\AI\Hazina.AI.RAG\Hazina.AI.RAG.csproj::TargetFramework=net9.0]
C:\Projects\Hazina\src\Core\AI\Hazina.AI.RAG\Core\RAGEngine.cs(228,9): warning MA0016: Prefer using collection abstraction instead of implementation (https://github.com/meziantou/Meziantou.Analyzer/blob/main/docs/Rules/MA0016.md) [C:\Projects\Hazina\src\Core\AI\Hazina.AI.RAG\Hazina.AI.RAG.csproj::TargetFramework=net9.0]
C:\Projects\Hazina\src\Core\AI\Hazina.AI.RAG\Retrieval\Reranker.cs(99,43): warning SA1629: Documentation text should end with a period (https://github.com/DotNetAnalyzers/StyleCopAnalyzers/blob/master/documentation/SA1629.md) [C:\Projects\Hazina\src\Core\AI\Hazina.AI.RAG\Hazina.AI.RAG.csproj::TargetFramework=net9.0]
C:\Projects\Hazina\src\Core\AI\Hazina.AI.RAG\Retrieval\Reranker.cs(107,13): warning SA1503: Braces should not be omitted (https://github.com/DotNetAnalyzers/StyleCopAnalyzers/blob/master/documentation/SA1503.md) [C:\Projects\Hazina\src\Core\AI\Hazina.AI.RAG\Hazina.AI.RAG.csproj::TargetFramework=net9.0]
C:\Projects\Hazina\src\Core\AI\Hazina.AI.RAG\Retrieval\Reranker.cs(140,13): warning SA1111: Closing parenthesis should be on line of last parameter (https://github.com/DotNetAnalyzers/StyleCopAnalyzers/blob/master/documentation/SA1111.md) [C:\Projects\Hazina\src\Core\AI\Hazina.AI.RAG\Hazina.AI.RAG.csproj::TargetFramework=net9.0]
C:\Projects\Hazina\src\Core\AI\Hazina.AI.RAG\Graph\Pipeline\LLMRelationshipExtractor.cs(96,9): warning CA1031: Modify 'ExtractRelationshipsAsync' to catch a more specific allowed exception type, or rethrow the exception (https://learn.microsoft.com/dotnet/fundamentals/code-analysis/quality-rules/ca1031) [C:\Projects\Hazina\src\Core\AI\Hazina.AI.RAG\Hazina.AI.RAG.csproj::TargetFramework=net9.0]
C:\Projects\Hazina\src\Core\AI\Hazina.AI.RAG\Utilities\SentenceSplitter.cs(97,55): warning SA1629: Documentation text should end with a period (https://github.com/DotNetAnalyzers/StyleCopAnalyzers/blob/master/documentation/SA1629.md) [C:\Projects\Hazina\src\Core\AI\Hazina.AI.RAG\Hazina.AI.RAG.csproj::TargetFramework=net9.0]
C:\Projects\Hazina\src\Core\AI\Hazina.AI.RAG\Utilities\SentenceSplitter.cs(102,32): warning SA1503: Braces should not be omitted (https://github.com/DotNetAnalyzers/StyleCopAnalyzers/blob/master/documentation/SA1503.md) [C:\Projects\Hazina\src\Core\AI\Hazina.AI.RAG\Hazina.AI.RAG.csproj::TargetFramework=net9.0]
C:\Projects\Hazina\src\Core\AI\Hazina.AI.RAG\Utilities\SentenceSplitter.cs(104,47): warning CA1311: Specify a culture or use an invariant version to avoid implicit dependency on current culture (https://learn.microsoft.com/dotnet/fundamentals/code-analysis/quality-rules/ca1311) [C:\Projects\Hazina\src\Core\AI\Hazina.AI.RAG\Hazina.AI.RAG.csproj::TargetFramework=net9.0]
C:\Projects\Hazina\src\Core\AI\Hazina.AI.RAG\Utilities\SentenceSplitter.cs(104,24): warning CA1304: The behavior of 'string.ToLower()' could vary based on the current user's locale settings. Replace this call in 'SentenceSplitter.EndsWithAbbreviation(string)' with a call to 'string.ToLower(CultureInfo)'. (https://learn.microsoft.com/dotnet/fundamentals/code-analysis/quality-rules/ca1304) [C:\Projects\Hazina\src\Core\AI\Hazina.AI.RAG\Hazina.AI.RAG.csproj::TargetFramework=net9.0]
C:\Projects\Hazina\src\Core\AI\Hazina.AI.RAG\Retrieval\Reranker.cs(134,28): warning MA0004: Use Task.ConfigureAwait(false) if the current SynchronizationContext is not needed (https://github.com/meziantou/Meziantou.Analyzer/blob/main/docs/Rules/MA0004.md) [C:\Projects\Hazina\src\Core\AI\Hazina.AI.RAG\Hazina.AI.RAG.csproj::TargetFramework=net9.0]
C:\Projects\Hazina\src\Core\AI\Hazina.AI.RAG\Retrieval\Reranker.cs(142,17): warning MA0011: Use an overload of 'TryParse' that has a 'System.IFormatProvider' parameter (https://github.com/meziantou/Meziantou.Analyzer/blob/main/docs/Rules/MA0011.md) [C:\Projects\Hazina\src\Core\AI\Hazina.AI.RAG\Hazina.AI.RAG.csproj::TargetFramework=net9.0]
C:\Projects\Hazina\src\Core\AI\Hazina.AI.RAG\Utilities\SentenceSplitter.cs(104,24): warning MA0011: Use an overload of 'ToLower' that has a 'System.Globalization.CultureInfo' parameter (https://github.com/meziantou/Meziantou.Analyzer/blob/main/docs/Rules/MA0011.md) [C:\Projects\Hazina\src\Core\AI\Hazina.AI.RAG\Hazina.AI.RAG.csproj::TargetFramework=net9.0]
C:\Projects\Hazina\src\Core\AI\Hazina.AI.RAG\Retrieval\Reranker.cs(147,9): warning CA1031: Modify 'ScoreRelevanceAsync' to catch a more specific allowed exception type, or rethrow the exception (https://learn.microsoft.com/dotnet/fundamentals/code-analysis/quality-rules/ca1031) [C:\Projects\Hazina\src\Core\AI\Hazina.AI.RAG\Hazina.AI.RAG.csproj::TargetFramework=net9.0]
C:\Projects\Hazina\src\Core\AI\Hazina.AI.RAG\Embeddings\ContentTypeDetector.cs(64,31): warning SA1629: Documentation text should end with a period (https://github.com/DotNetAnalyzers/StyleCopAnalyzers/blob/master/documentation/SA1629.md) [C:\Projects\Hazina\src\Core\AI\Hazina.AI.RAG\Hazina.AI.RAG.csproj::TargetFramework=net9.0]
C:\Projects\Hazina\src\Core\AI\Hazina.AI.RAG\Embeddings\ContentTypeDetector.cs(72,13): warning SA1503: Braces should not be omitted (https://github.com/DotNetAnalyzers/StyleCopAnalyzers/blob/master/documentation/SA1503.md) [C:\Projects\Hazina\src\Core\AI\Hazina.AI.RAG\Hazina.AI.RAG.csproj::TargetFramework=net9.0]
C:\Projects\Hazina\src\Core\AI\Hazina.AI.RAG\Embeddings\ContentTypeDetector.cs(76,13): warning SA1503: Braces should not be omitted (https://github.com/DotNetAnalyzers/StyleCopAnalyzers/blob/master/documentation/SA1503.md) [C:\Projects\Hazina\src\Core\AI\Hazina.AI.RAG\Hazina.AI.RAG.csproj::TargetFramework=net9.0]
C:\Projects\Hazina\src\Core\AI\Hazina.AI.RAG\Embeddings\ContentTypeDetector.cs(80,13): warning SA1503: Braces should not be omitted (https://github.com/DotNetAnalyzers/StyleCopAnalyzers/blob/master/documentation/SA1503.md) [C:\Projects\Hazina\src\Core\AI\Hazina.AI.RAG\Hazina.AI.RAG.csproj::TargetFramework=net9.0]
C:\Projects\Hazina\src\Core\AI\Hazina.AI.RAG\Embeddings\ContentTypeDetector.cs(83,30): warning CA1875: Use 'Regex.Count' instead of 'Regex.Matches(...).Count' (https://learn.microsoft.com/dotnet/fundamentals/code-analysis/quality-rules/ca1875) [C:\Projects\Hazina\src\Core\AI\Hazina.AI.RAG\Hazina.AI.RAG.csproj::TargetFramework=net9.0]
C:\Projects\Hazina\src\Core\AI\Hazina.AI.RAG\Embeddings\ContentTypeDetector.cs(71,13): warning MA0009: Regular expressions should not be vulnerable to Denial of Service attacks (https://github.com/meziantou/Meziantou.Analyzer/blob/main/docs/Rules/MA0009.md) [C:\Projects\Hazina\src\Core\AI\Hazina.AI.RAG\Hazina.AI.RAG.csproj::TargetFramework=net9.0]
C:\Projects\Hazina\src\Core\AI\Hazina.AI.RAG\Embeddings\ContentTypeDetector.cs(75,13): warning MA0009: Regular expressions should not be vulnerable to Denial of Service attacks (https://github.com/meziantou/Meziantou.Analyzer/blob/main/docs/Rules/MA0009.md) [C:\Projects\Hazina\src\Core\AI\Hazina.AI.RAG\Hazina.AI.RAG.csproj::TargetFramework=net9.0]
C:\Projects\Hazina\src\Core\AI\Hazina.AI.RAG\Embeddings\ContentTypeDetector.cs(79,13): warning MA0009: Regular expressions should not be vulnerable to Denial of Service attacks (https://github.com/meziantou/Meziantou.Analyzer/blob/main/docs/Rules/MA0009.md) [C:\Projects\Hazina\src\Core\AI\Hazina.AI.RAG\Hazina.AI.RAG.csproj::TargetFramework=net9.0]
C:\Projects\Hazina\src\Core\AI\Hazina.AI.RAG\Embeddings\ContentTypeDetector.cs(83,30): warning MA0009: Regular expressions should not be vulnerable to Denial of Service attacks (https://github.com/meziantou/Meziantou.Analyzer/blob/main/docs/Rules/MA0009.md) [C:\Projects\Hazina\src\Core\AI\Hazina.AI.RAG\Hazina.AI.RAG.csproj::TargetFramework=net9.0]
C:\Projects\Hazina\src\Core\AI\Hazina.AI.RAG\Core\RAGEngine.cs(225,38): warning SA1629: Documentation text should end with a period (https://github.com/DotNetAnalyzers/StyleCopAnalyzers/blob/master/documentation/SA1629.md) [C:\Projects\Hazina\src\Core\AI\Hazina.AI.RAG\Hazina.AI.RAG.csproj::TargetFramework=net9.0]
C:\Projects\Hazina\src\Core\AI\Hazina.AI.RAG\Core\RAGEngine.cs(255,17): warning SA1111: Closing parenthesis should be on line of last parameter (https://github.com/DotNetAnalyzers/StyleCopAnalyzers/blob/master/documentation/SA1111.md) [C:\Projects\Hazina\src\Core\AI\Hazina.AI.RAG\Hazina.AI.RAG.csproj::TargetFramework=net9.0]
C:\Projects\Hazina\src\Core\AI\Hazina.AI.RAG\Core\RAGEngine.cs(242,33): warning MA0004: Use Task.ConfigureAwait(false) if the current SynchronizationContext is not needed (https://github.com/meziantou/Meziantou.Analyzer/blob/main/docs/Rules/MA0004.md) [C:\Projects\Hazina\src\Core\AI\Hazina.AI.RAG\Hazina.AI.RAG.csproj::TargetFramework=net9.0]
C:\Projects\Hazina\src\Core\AI\Hazina.AI.RAG\Core\RAGEngine.cs(245,17): warning MA0004: Use Task.ConfigureAwait(false) if the current SynchronizationContext is not needed (https://github.com/meziantou/Meziantou.Analyzer/blob/main/docs/Rules/MA0004.md) [C:\Projects\Hazina\src\Core\AI\Hazina.AI.RAG\Hazina.AI.RAG.csproj::TargetFramework=net9.0]
C:\Projects\Hazina\src\Core\AI\Hazina.AI.RAG\Core\RAGEngine.cs(248,21): warning MA0002: Use an overload that has a IEqualityComparer<string> or IComparer<string> parameter (https://github.com/meziantou/Meziantou.Analyzer/blob/main/docs/Rules/MA0002.md) [C:\Projects\Hazina\src\Core\AI\Hazina.AI.RAG\Hazina.AI.RAG.csproj::TargetFramework=net9.0]
C:\Projects\Hazina\src\Core\AI\Hazina.AI.RAG\Extensions\DocumentStoreSemanticExtensions.cs(30,49): warning SA1629: Documentation text should end with a period (https://github.com/DotNetAnalyzers/StyleCopAnalyzers/blob/master/documentation/SA1629.md) [C:\Projects\Hazina\src\Core\AI\Hazina.AI.RAG\Hazina.AI.RAG.csproj::TargetFramework=net9.0]
C:\Projects\Hazina\src\Core\AI\Hazina.AI.RAG\Extensions\DocumentStoreSemanticExtensions.cs(32,55): warning SA1629: Documentation text should end with a period (https://github.com/DotNetAnalyzers/StyleCopAnalyzers/blob/master/documentation/SA1629.md) [C:\Projects\Hazina\src\Core\AI\Hazina.AI.RAG\Hazina.AI.RAG.csproj::TargetFramework=net9.0]
C:\Projects\Hazina\src\Core\AI\Hazina.AI.RAG\Extensions\DocumentStoreSemanticExtensions.cs(33,45): warning SA1629: Documentation text should end with a period (https://github.com/DotNetAnalyzers/StyleCopAnalyzers/blob/master/documentation/SA1629.md) [C:\Projects\Hazina\src\Core\AI\Hazina.AI.RAG\Hazina.AI.RAG.csproj::TargetFramework=net9.0]
C:\Projects\Hazina\src\Core\AI\Hazina.AI.RAG\Extensions\DocumentStoreSemanticExtensions.cs(34,47): warning SA1629: Documentation text should end with a period (https://github.com/DotNetAnalyzers/StyleCopAnalyzers/blob/master/documentation/SA1629.md) [C:\Projects\Hazina\src\Core\AI\Hazina.AI.RAG\Hazina.AI.RAG.csproj::TargetFramework=net9.0]
C:\Projects\Hazina\src\Core\AI\Hazina.AI.RAG\Extensions\DocumentStoreSemanticExtensions.cs(35,83): warning SA1629: Documentation text should end with a period (https://github.com/DotNetAnalyzers/StyleCopAnalyzers/blob/master/documentation/SA1629.md) [C:\Projects\Hazina\src\Core\AI\Hazina.AI.RAG\Hazina.AI.RAG.csproj::TargetFramework=net9.0]
C:\Projects\Hazina\src\Core\AI\Hazina.AI.RAG\Extensions\DocumentStoreSemanticExtensions.cs(36,97): warning SA1629: Documentation text should end with a period (https://github.com/DotNetAnalyzers/StyleCopAnalyzers/blob/master/documentation/SA1629.md) [C:\Projects\Hazina\src\Core\AI\Hazina.AI.RAG\Hazina.AI.RAG.csproj::TargetFramework=net9.0]
C:\Projects\Hazina\src\Core\AI\Hazina.AI.RAG\Extensions\DocumentStoreSemanticExtensions.cs(37,78): warning SA1629: Documentation text should end with a period (https://github.com/DotNetAnalyzers/StyleCopAnalyzers/blob/master/documentation/SA1629.md) [C:\Projects\Hazina\src\Core\AI\Hazina.AI.RAG\Hazina.AI.RAG.csproj::TargetFramework=net9.0]
C:\Projects\Hazina\src\Core\AI\Hazina.AI.RAG\Extensions\DocumentStoreSemanticExtensions.cs(38,49): warning SA1629: Documentation text should end with a period (https://github.com/DotNetAnalyzers/StyleCopAnalyzers/blob/master/documentation/SA1629.md) [C:\Projects\Hazina\src\Core\AI\Hazina.AI.RAG\Hazina.AI.RAG.csproj::TargetFramework=net9.0]
C:\Projects\Hazina\src\Core\AI\Hazina.AI.RAG\Extensions\DocumentStoreSemanticExtensions.cs(39,44): warning SA1629: Documentation text should end with a period (https://github.com/DotNetAnalyzers/StyleCopAnalyzers/blob/master/documentation/SA1629.md) [C:\Projects\Hazina\src\Core\AI\Hazina.AI.RAG\Hazina.AI.RAG.csproj::TargetFramework=net9.0]
C:\Projects\Hazina\src\Core\AI\Hazina.AI.RAG\Extensions\DocumentStoreSemanticExtensions.cs(40,36): warning SA1629: Documentation text should end with a period (https://github.com/DotNetAnalyzers/StyleCopAnalyzers/blob/master/documentation/SA1629.md) [C:\Projects\Hazina\src\Core\AI\Hazina.AI.RAG\Hazina.AI.RAG.csproj::TargetFramework=net9.0]
C:\Projects\Hazina\src\Core\AI\Hazina.AI.RAG\Extensions\DocumentStoreSemanticExtensions.cs(73,9): warning SA1111: Closing parenthesis should be on line of last parameter (https://github.com/DotNetAnalyzers/StyleCopAnalyzers/blob/master/documentation/SA1111.md) [C:\Projects\Hazina\src\Core\AI\Hazina.AI.RAG\Hazina.AI.RAG.csproj::TargetFramework=net9.0]
C:\Projects\Hazina\src\Core\AI\Hazina.AI.RAG\Extensions\DocumentStoreSemanticExtensions.cs(109,13): warning SA1111: Closing parenthesis should be on line of last parameter (https://github.com/DotNetAnalyzers/StyleCopAnalyzers/blob/master/documentation/SA1111.md) [C:\Projects\Hazina\src\Core\AI\Hazina.AI.RAG\Hazina.AI.RAG.csproj::TargetFramework=net9.0]
C:\Projects\Hazina\src\Core\AI\Hazina.AI.RAG\Extensions\DocumentStoreSemanticExtensions.cs(125,17): warning SA1111: Closing parenthesis should be on line of last parameter (https://github.com/DotNetAnalyzers/StyleCopAnalyzers/blob/master/documentation/SA1111.md) [C:\Projects\Hazina\src\Core\AI\Hazina.AI.RAG\Hazina.AI.RAG.csproj::TargetFramework=net9.0]
C:\Projects\Hazina\src\Core\AI\Hazina.AI.RAG\Extensions\DocumentStoreSemanticExtensions.cs(79,28): warning SA1122: Use string.Empty for empty strings (https://github.com/DotNetAnalyzers/StyleCopAnalyzers/blob/master/documentation/SA1122.md) [C:\Projects\Hazina\src\Core\AI\Hazina.AI.RAG\Hazina.AI.RAG.csproj::TargetFramework=net9.0]
C:\Projects\Hazina\src\Core\AI\Hazina.AI.RAG\Graph\Storage\SQLiteGraphStore.cs(259,9): warning CA2100: Review if the query string passed to 'string SqliteCommand.CommandText' in 'SearchEntitiesByNameAsync', accepts any user input (https://learn.microsoft.com/dotnet/fundamentals/code-analysis/quality-rules/ca2100) [C:\Projects\Hazina\src\Core\AI\Hazina.AI.RAG\Hazina.AI.RAG.csproj::TargetFramework=net9.0]
C:\Projects\Hazina\src\Core\AI\Hazina.AI.RAG\Retrieval\Reranker.cs(158,36): warning CA1002: Change 'List<RetrievedDocument>' in 'Reranker.FilterByRelevance(List<RetrievedDocument>, double)' to use 'Collection<T>', 'ReadOnlyCollection<T>' or 'KeyedCollection<K,V>' (https://learn.microsoft.com/dotnet/fundamentals/code-analysis/quality-rules/ca1002) [C:\Projects\Hazina\src\Core\AI\Hazina.AI.RAG\Hazina.AI.RAG.csproj::TargetFramework=net9.0]
C:\Projects\Hazina\src\Core\AI\Hazina.AI.RAG\Retrieval\Reranker.cs(159,33): warning CA1002: Change 'List<RetrievedDocument>' in 'Reranker.FilterByRelevance(List<RetrievedDocument>, double)' to use 'Collection<T>', 'ReadOnlyCollection<T>' or 'KeyedCollection<K,V>' (https://learn.microsoft.com/dotnet/fundamentals/code-analysis/quality-rules/ca1002) [C:\Projects\Hazina\src\Core\AI\Hazina.AI.RAG\Hazina.AI.RAG.csproj::TargetFramework=net9.0]
C:\Projects\Hazina\src\Core\AI\Hazina.AI.RAG\Retrieval\Reranker.cs(158,12): warning MA0016: Prefer using collection abstraction instead of implementation (https://github.com/meziantou/Meziantou.Analyzer/blob/main/docs/Rules/MA0016.md) [C:\Projects\Hazina\src\Core\AI\Hazina.AI.RAG\Hazina.AI.RAG.csproj::TargetFramework=net9.0]
C:\Projects\Hazina\src\Core\AI\Hazina.AI.RAG\Retrieval\Reranker.cs(159,9): warning MA0016: Prefer using collection abstraction instead of implementation (https://github.com/meziantou/Meziantou.Analyzer/blob/main/docs/Rules/MA0016.md) [C:\Projects\Hazina\src\Core\AI\Hazina.AI.RAG\Hazina.AI.RAG.csproj::TargetFramework=net9.0]
C:\Projects\Hazina\src\Core\AI\Hazina.AI.RAG\Graph\Storage\SQLiteGraphStore.cs(146,37): warning S6966: Await BeginTransactionAsync instead. (https://rules.sonarsource.com/csharp/RSPEC-6966) [C:\Projects\Hazina\src\Core\AI\Hazina.AI.RAG\Hazina.AI.RAG.csproj::TargetFramework=net9.0]
C:\Projects\Hazina\src\Core\AI\Hazina.AI.RAG\Core\RAGEngine.cs(259,13): warning CA1031: Modify 'IndexDocumentsAsync' to catch a more specific allowed exception type, or rethrow the exception (https://learn.microsoft.com/dotnet/fundamentals/code-analysis/quality-rules/ca1031) [C:\Projects\Hazina\src\Core\AI\Hazina.AI.RAG\Hazina.AI.RAG.csproj::TargetFramework=net9.0]
C:\Projects\Hazina\src\Core\AI\Hazina.AI.RAG\Extensions\DocumentStoreSemanticExtensions.cs(64,22): warning MA0004: Use Task.ConfigureAwait(false) if the current SynchronizationContext is not needed (https://github.com/meziantou/Meziantou.Analyzer/blob/main/docs/Rules/MA0004.md) [C:\Projects\Hazina\src\Core\AI\Hazina.AI.RAG\Hazina.AI.RAG.csproj::TargetFramework=net9.0]
C:\Projects\Hazina\src\Core\AI\Hazina.AI.RAG\Retrieval\Reranker.cs(158,36): warning S2325: Make 'FilterByRelevance' a static method. (https://rules.sonarsource.com/csharp/RSPEC-2325) [C:\Projects\Hazina\src\Core\AI\Hazina.AI.RAG\Hazina.AI.RAG.csproj::TargetFramework=net9.0]
C:\Projects\Hazina\src\Core\AI\Hazina.AI.RAG\Retrieval\LlmJudgeReranker.cs(29,13): warning CA1062: In externally visible method 'Task<List<IRetrievalCandidate>> LlmJudgeReranker.RerankAsync(string query, List<IRetrievalCandidate> candidates, int topN = 5, CancellationToken cancellationToken = default(CancellationToken))', validate parameter 'candidates' is non-null before using it. If appropriate, throw an 'ArgumentNullException' when the argument is 'null'. (https://learn.microsoft.com/dotnet/fundamentals/code-analysis/quality-rules/ca1062) [C:\Projects\Hazina\src\Core\AI\Hazina.AI.RAG\Hazina.AI.RAG.csproj::TargetFramework=net9.0]
C:\Projects\Hazina\src\Core\AI\Hazina.AI.RAG\Extensions\DocumentStoreSemanticExtensions.cs(87,9): warning MA0004: Use Task.ConfigureAwait(false) if the current SynchronizationContext is not needed (https://github.com/meziantou/Meziantou.Analyzer/blob/main/docs/Rules/MA0004.md) [C:\Projects\Hazina\src\Core\AI\Hazina.AI.RAG\Hazina.AI.RAG.csproj::TargetFramework=net9.0]
C:\Projects\Hazina\src\Core\AI\Hazina.AI.RAG\Extensions\DocumentStoreSemanticExtensions.cs(94,9): warning MA0004: Use Task.ConfigureAwait(false) if the current SynchronizationContext is not needed (https://github.com/meziantou/Meziantou.Analyzer/blob/main/docs/Rules/MA0004.md) [C:\Projects\Hazina\src\Core\AI\Hazina.AI.RAG\Hazina.AI.RAG.csproj::TargetFramework=net9.0]
C:\Projects\Hazina\src\Core\AI\Hazina.AI.RAG\Extensions\DocumentStoreSemanticExtensions.cs(95,9): warning MA0004: Use Task.ConfigureAwait(false) if the current SynchronizationContext is not needed (https://github.com/meziantou/Meziantou.Analyzer/blob/main/docs/Rules/MA0004.md) [C:\Projects\Hazina\src\Core\AI\Hazina.AI.RAG\Hazina.AI.RAG.csproj::TargetFramework=net9.0]
C:\Projects\Hazina\src\Core\AI\Hazina.AI.RAG\Extensions\DocumentStoreSemanticExtensions.cs(102,13): warning MA0004: Use Task.ConfigureAwait(false) if the current SynchronizationContext is not needed (https://github.com/meziantou/Meziantou.Analyzer/blob/main/docs/Rules/MA0004.md) [C:\Projects\Hazina\src\Core\AI\Hazina.AI.RAG\Hazina.AI.RAG.csproj::TargetFramework=net9.0]
C:\Projects\Hazina\src\Core\AI\Hazina.AI.RAG\Extensions\DocumentStoreSemanticExtensions.cs(118,17): warning MA0004: Use Task.ConfigureAwait(false) if the current SynchronizationContext is not needed (https://github.com/meziantou/Meziantou.Analyzer/blob/main/docs/Rules/MA0004.md) [C:\Projects\Hazina\src\Core\AI\Hazina.AI.RAG\Hazina.AI.RAG.csproj::TargetFramework=net9.0]
C:\Projects\Hazina\src\Core\AI\Hazina.AI.RAG\Extensions\DocumentStoreSemanticExtensions.cs(130,9): warning MA0004: Use Task.ConfigureAwait(false) if the current SynchronizationContext is not needed (https://github.com/meziantou/Meziantou.Analyzer/blob/main/docs/Rules/MA0004.md) [C:\Projects\Hazina\src\Core\AI\Hazina.AI.RAG\Hazina.AI.RAG.csproj::TargetFramework=net9.0]
C:\Projects\Hazina\src\Core\AI\Hazina.AI.RAG\Extensions\DocumentStoreSemanticExtensions.cs(67,13): warning MA0002: Use an overload that has a IEqualityComparer<string> or IComparer<string> parameter (https://github.com/meziantou/Meziantou.Analyzer/blob/main/docs/Rules/MA0002.md) [C:\Projects\Hazina\src\Core\AI\Hazina.AI.RAG\Hazina.AI.RAG.csproj::TargetFramework=net9.0]
C:\Projects\Hazina\src\Core\AI\Hazina.AI.RAG\Extensions\DocumentStoreSemanticExtensions.cs(83,42): warning MA0002: Use an overload that has a IEqualityComparer<string> or IComparer<string> parameter (https://github.com/meziantou/Meziantou.Analyzer/blob/main/docs/Rules/MA0002.md) [C:\Projects\Hazina\src\Core\AI\Hazina.AI.RAG\Hazina.AI.RAG.csproj::TargetFramework=net9.0]
C:\Projects\Hazina\src\Core\AI\Hazina.AI.RAG\Core\RAGEngine.cs(233,30): warning CA1062: In externally visible method 'Task<IndexingResult> RAGEngine.IndexDocumentsAsync(List<Document> documents, CancellationToken cancellationToken = default(CancellationToken))', validate parameter 'documents' is non-null before using it. If appropriate, throw an 'ArgumentNullException' when the argument is 'null'. (https://learn.microsoft.com/dotnet/fundamentals/code-analysis/quality-rules/ca1062) [C:\Projects\Hazina\src\Core\AI\Hazina.AI.RAG\Hazina.AI.RAG.csproj::TargetFramework=net9.0]
C:\Projects\Hazina\src\Core\AI\Hazina.AI.RAG\Core\RAGEngine.cs(276,18): warning MA0016: Prefer using collection abstraction instead of implementation (https://github.com/meziantou/Meziantou.Analyzer/blob/main/docs/Rules/MA0016.md) [C:\Projects\Hazina\src\Core\AI\Hazina.AI.RAG\Hazina.AI.RAG.csproj::TargetFramework=net9.0]
C:\Projects\Hazina\src\Core\AI\Hazina.AI.RAG\Retrieval\Reranker.cs(168,36): warning CA1002: Change 'List<RetrievedDocument>' in 'Reranker.DiversifyResults(List<RetrievedDocument>, int, [double])' to use 'Collection<T>', 'ReadOnlyCollection<T>' or 'KeyedCollection<K,V>' (https://learn.microsoft.com/dotnet/fundamentals/code-analysis/quality-rules/ca1002) [C:\Projects\Hazina\src\Core\AI\Hazina.AI.RAG\Hazina.AI.RAG.csproj::TargetFramework=net9.0]
C:\Projects\Hazina\src\Core\AI\Hazina.AI.RAG\Retrieval\Reranker.cs(169,33): warning CA1002: Change 'List<RetrievedDocument>' in 'Reranker.DiversifyResults(List<RetrievedDocument>, int, [double])' to use 'Collection<T>', 'ReadOnlyCollection<T>' or 'KeyedCollection<K,V>' (https://learn.microsoft.com/dotnet/fundamentals/code-analysis/quality-rules/ca1002) [C:\Projects\Hazina\src\Core\AI\Hazina.AI.RAG\Hazina.AI.RAG.csproj::TargetFramework=net9.0]
C:\Projects\Hazina\src\Core\AI\Hazina.AI.RAG\Retrieval\Reranker.cs(168,12): warning MA0016: Prefer using collection abstraction instead of implementation (https://github.com/meziantou/Meziantou.Analyzer/blob/main/docs/Rules/MA0016.md) [C:\Projects\Hazina\src\Core\AI\Hazina.AI.RAG\Hazina.AI.RAG.csproj::TargetFramework=net9.0]
C:\Projects\Hazina\src\Core\AI\Hazina.AI.RAG\Retrieval\Reranker.cs(169,9): warning MA0016: Prefer using collection abstraction instead of implementation (https://github.com/meziantou/Meziantou.Analyzer/blob/main/docs/Rules/MA0016.md) [C:\Projects\Hazina\src\Core\AI\Hazina.AI.RAG\Hazina.AI.RAG.csproj::TargetFramework=net9.0]
C:\Projects\Hazina\src\Core\AI\Hazina.AI.RAG\Embeddings\ContentTypeDetector.cs(101,35): warning S6605: Collection-specific "Exists" method should be used instead of the "Any" extension. (https://rules.sonarsource.com/csharp/RSPEC-6605) [C:\Projects\Hazina\src\Core\AI\Hazina.AI.RAG\Hazina.AI.RAG.csproj::TargetFramework=net9.0]
C:\Projects\Hazina\src\Core\AI\Hazina.AI.RAG\Embeddings\TextChunker.cs(212,51): warning MA0002: Use an overload that has a IEqualityComparer<string> or IComparer<string> parameter (https://github.com/meziantou/Meziantou.Analyzer/blob/main/docs/Rules/MA0002.md) [C:\Projects\Hazina\src\Core\AI\Hazina.AI.RAG\Hazina.AI.RAG.csproj::TargetFramework=net9.0]
C:\Projects\Hazina\src\Core\AI\Hazina.AI.RAG\Embeddings\TextChunker.cs(212,94): warning MA0002: Use an overload that has a IEqualityComparer<string> or IComparer<string> parameter (https://github.com/meziantou/Meziantou.Analyzer/blob/main/docs/Rules/MA0002.md) [C:\Projects\Hazina\src\Core\AI\Hazina.AI.RAG\Hazina.AI.RAG.csproj::TargetFramework=net9.0]
C:\Projects\Hazina\src\Core\AI\Hazina.AI.RAG\Embeddings\TextChunker.cs(232,47): warning MA0002: Use an overload that has a IEqualityComparer<string> or IComparer<string> parameter (https://github.com/meziantou/Meziantou.Analyzer/blob/main/docs/Rules/MA0002.md) [C:\Projects\Hazina\src\Core\AI\Hazina.AI.RAG\Hazina.AI.RAG.csproj::TargetFramework=net9.0]
C:\Projects\Hazina\src\Core\AI\Hazina.AI.RAG\Embeddings\TextChunker.cs(232,90): warning MA0002: Use an overload that has a IEqualityComparer<string> or IComparer<string> parameter (https://github.com/meziantou/Meziantou.Analyzer/blob/main/docs/Rules/MA0002.md) [C:\Projects\Hazina\src\Core\AI\Hazina.AI.RAG\Hazina.AI.RAG.csproj::TargetFramework=net9.0]
C:\Projects\Hazina\src\Core\AI\Hazina.AI.RAG\Extensions\DocumentStoreSemanticExtensions.cs(87,15): warning CA1062: In externally visible method 'Task<bool> DocumentStoreSemanticExtensions.StoreWithSemanticChunking(DocumentStore documentStore, string name, string content, IEmbeddingGenerator embeddingGenerator, TextChunkingOptions? chunkingOptions = null, ILLMClient? llmClient = null, Dictionary<string, string>? metadata = null, CancellationToken ct = default(CancellationToken))', validate parameter 'documentStore' is non-null before using it. If appropriate, throw an 'ArgumentNullException' when the argument is 'null'. (https://learn.microsoft.com/dotnet/fundamentals/code-analysis/quality-rules/ca1062) [C:\Projects\Hazina\src\Core\AI\Hazina.AI.RAG\Hazina.AI.RAG.csproj::TargetFramework=net9.0]
C:\Projects\Hazina\src\Core\AI\Hazina.AI.RAG\Embeddings\TextChunker.cs(290,26): warning S2325: Make 'SplitIntoSentences' a static method. (https://rules.sonarsource.com/csharp/RSPEC-2325) [C:\Projects\Hazina\src\Core\AI\Hazina.AI.RAG\Hazina.AI.RAG.csproj::TargetFramework=net9.0]
C:\Projects\Hazina\src\Core\AI\Hazina.AI.RAG\Embeddings\TextChunker.cs(242,37): warning CA1861: Prefer 'static readonly' fields over constant array arguments if the called method is called repeatedly and is not mutating the passed array (https://learn.microsoft.com/dotnet/fundamentals/code-analysis/quality-rules/ca1861) [C:\Projects\Hazina\src\Core\AI\Hazina.AI.RAG\Hazina.AI.RAG.csproj::TargetFramework=net9.0]
C:\Projects\Hazina\src\Core\AI\Hazina.AI.RAG\Embeddings\TextChunker.cs(269,51): warning MA0002: Use an overload that has a IEqualityComparer<string> or IComparer<string> parameter (https://github.com/meziantou/Meziantou.Analyzer/blob/main/docs/Rules/MA0002.md) [C:\Projects\Hazina\src\Core\AI\Hazina.AI.RAG\Hazina.AI.RAG.csproj::TargetFramework=net9.0]
C:\Projects\Hazina\src\Core\AI\Hazina.AI.RAG\Embeddings\TextChunker.cs(269,94): warning MA0002: Use an overload that has a IEqualityComparer<string> or IComparer<string> parameter (https://github.com/meziantou/Meziantou.Analyzer/blob/main/docs/Rules/MA0002.md) [C:\Projects\Hazina\src\Core\AI\Hazina.AI.RAG\Hazina.AI.RAG.csproj::TargetFramework=net9.0]
C:\Projects\Hazina\src\Core\AI\Hazina.AI.RAG\Core\RAGEngine.cs(274,39): warning SA1629: Documentation text should end with a period (https://github.com/DotNetAnalyzers/StyleCopAnalyzers/blob/master/documentation/SA1629.md) [C:\Projects\Hazina\src\Core\AI\Hazina.AI.RAG\Hazina.AI.RAG.csproj::TargetFramework=net9.0]
C:\Projects\Hazina\src\Core\AI\Hazina.AI.RAG\Embeddings\ContentTypeDetector.cs(90,49): warning SA1629: Documentation text should end with a period (https://github.com/DotNetAnalyzers/StyleCopAnalyzers/blob/master/documentation/SA1629.md) [C:\Projects\Hazina\src\Core\AI\Hazina.AI.RAG\Hazina.AI.RAG.csproj::TargetFramework=net9.0]
C:\Projects\Hazina\src\Core\AI\Hazina.AI.RAG\Retrieval\Reranker.cs(156,56): warning SA1629: Documentation text should end with a period (https://github.com/DotNetAnalyzers/StyleCopAnalyzers/blob/master/documentation/SA1629.md) [C:\Projects\Hazina\src\Core\AI\Hazina.AI.RAG\Hazina.AI.RAG.csproj::TargetFramework=net9.0]
C:\Projects\Hazina\src\Core\AI\Hazina.AI.RAG\Embeddings\ContentTypeDetector.cs(101,52): warning CA1307: 'string.Contains(string)' has a method overload that takes a 'StringComparison' parameter. Replace this call in 'Hazina.AI.RAG.Embeddings.ContentTypeDetector.HasMarkdownPatterns(string)' with a call to 'string.Contains(string, System.StringComparison)' for clarity of intent. (https://learn.microsoft.com/dotnet/fundamentals/code-analysis/quality-rules/ca1307) [C:\Projects\Hazina\src\Core\AI\Hazina.AI.RAG\Hazina.AI.RAG.csproj::TargetFramework=net9.0]
C:\Projects\Hazina\src\Core\AI\Hazina.AI.RAG\Core\RAGEngine.cs(282,25): warning MA0004: Use Task.ConfigureAwait(false) if the current SynchronizationContext is not needed (https://github.com/meziantou/Meziantou.Analyzer/blob/main/docs/Rules/MA0004.md) [C:\Projects\Hazina\src\Core\AI\Hazina.AI.RAG\Hazina.AI.RAG.csproj::TargetFramework=net9.0]
C:\Projects\Hazina\src\Core\AI\Hazina.AI.RAG\Core\RAGEngine.cs(283,16): warning MA0004: Use Task.ConfigureAwait(false) if the current SynchronizationContext is not needed (https://github.com/meziantou/Meziantou.Analyzer/blob/main/docs/Rules/MA0004.md) [C:\Projects\Hazina\src\Core\AI\Hazina.AI.RAG\Hazina.AI.RAG.csproj::TargetFramework=net9.0]
C:\Projects\Hazina\src\Core\AI\Hazina.AI.RAG\Graph\Storage\SQLiteGraphStore.cs(356,9): warning CA1873: Evaluation of this argument may be expensive and unnecessary if logging is disabled (https://learn.microsoft.com/dotnet/fundamentals/code-analysis/quality-rules/ca1873) [C:\Projects\Hazina\src\Core\AI\Hazina.AI.RAG\Hazina.AI.RAG.csproj::TargetFramework=net9.0]
C:\Projects\Hazina\src\Core\AI\Hazina.AI.RAG\Graph\Storage\SQLiteGraphStore.cs(356,9): warning CA1848: For improved performance, use the LoggerMessage delegates instead of calling 'LoggerExtensions.LogDebug(ILogger, string?, params object?[])' (https://learn.microsoft.com/dotnet/fundamentals/code-analysis/quality-rules/ca1848) [C:\Projects\Hazina\src\Core\AI\Hazina.AI.RAG\Hazina.AI.RAG.csproj::TargetFramework=net9.0]
C:\Projects\Hazina\src\Core\AI\Hazina.AI.RAG\Graph\Storage\SQLiteGraphStore.cs(333,9): warning MA0004: Use Task.ConfigureAwait(false) if the current SynchronizationContext is not needed (https://github.com/meziantou/Meziantou.Analyzer/blob/main/docs/Rules/MA0004.md) [C:\Projects\Hazina\src\Core\AI\Hazina.AI.RAG\Hazina.AI.RAG.csproj::TargetFramework=net9.0]
C:\Projects\Hazina\src\Core\AI\Hazina.AI.RAG\Graph\Storage\SQLiteGraphStore.cs(348,28): warning MA0004: Use Task.ConfigureAwait(false) if the current SynchronizationContext is not needed (https://github.com/meziantou/Meziantou.Analyzer/blob/main/docs/Rules/MA0004.md) [C:\Projects\Hazina\src\Core\AI\Hazina.AI.RAG\Hazina.AI.RAG.csproj::TargetFramework=net9.0]
C:\Projects\Hazina\src\Core\AI\Hazina.AI.RAG\Graph\Storage\SQLiteGraphStore.cs(349,16): warning MA0004: Use Task.ConfigureAwait(false) if the current SynchronizationContext is not needed (https://github.com/meziantou/Meziantou.Analyzer/blob/main/docs/Rules/MA0004.md) [C:\Projects\Hazina\src\Core\AI\Hazina.AI.RAG\Hazina.AI.RAG.csproj::TargetFramework=net9.0]
C:\Projects\Hazina\src\Core\AI\Hazina.AI.RAG\Graph\Storage\SQLiteGraphStore.cs(352,13): warning MA0004: Use Task.ConfigureAwait(false) if the current SynchronizationContext is not needed (https://github.com/meziantou/Meziantou.Analyzer/blob/main/docs/Rules/MA0004.md) [C:\Projects\Hazina\src\Core\AI\Hazina.AI.RAG\Hazina.AI.RAG.csproj::TargetFramework=net9.0]
C:\Projects\Hazina\src\Core\AI\Hazina.AI.RAG\Graph\Pipeline\LLMRelationshipExtractor.cs(103,37): warning MA0051: Method is too long (87 lines; maximum allowed: 60) (https://github.com/meziantou/Meziantou.Analyzer/blob/main/docs/Rules/MA0051.md) [C:\Projects\Hazina\src\Core\AI\Hazina.AI.RAG\Hazina.AI.RAG.csproj::TargetFramework=net9.0]
C:\Projects\Hazina\src\Core\AI\Hazina.AI.RAG\Retrieval\Reranker.cs(208,20): warning S2325: Make 'CalculateTextSimilarity' a static method. (https://rules.sonarsource.com/csharp/RSPEC-2325) [C:\Projects\Hazina\src\Core\AI\Hazina.AI.RAG\Hazina.AI.RAG.csproj::TargetFramework=net9.0]
C:\Projects\Hazina\src\Core\AI\Hazina.AI.RAG\Embeddings\TextChunker.cs(305,21): warning SA1503: Braces should not be omitted (https://github.com/DotNetAnalyzers/StyleCopAnalyzers/blob/master/documentation/SA1503.md) [C:\Projects\Hazina\src\Core\AI\Hazina.AI.RAG\Hazina.AI.RAG.csproj::TargetFramework=net9.0]
C:\Projects\Hazina\src\Core\AI\Hazina.AI.RAG\Embeddings\TextChunker.cs(309,21): warning SA1503: Braces should not be omitted (https://github.com/DotNetAnalyzers/StyleCopAnalyzers/blob/master/documentation/SA1503.md) [C:\Projects\Hazina\src\Core\AI\Hazina.AI.RAG\Hazina.AI.RAG.csproj::TargetFramework=net9.0]
C:\Projects\Hazina\src\Core\AI\Hazina.AI.RAG\Graph\Storage\SQLiteGraphStore.cs(302,48): warning SA1316: Tuple element names should use correct casing (https://github.com/DotNetAnalyzers/StyleCopAnalyzers/blob/master/documentation/SA1316.md) [C:\Projects\Hazina\src\Core\AI\Hazina.AI.RAG\Hazina.AI.RAG.csproj::TargetFramework=net9.0]
C:\Projects\Hazina\src\Core\AI\Hazina.AI.RAG\Graph\Storage\SQLiteGraphStore.cs(302,63): warning SA1316: Tuple element names should use correct casing (https://github.com/DotNetAnalyzers/StyleCopAnalyzers/blob/master/documentation/SA1316.md) [C:\Projects\Hazina\src\Core\AI\Hazina.AI.RAG\Hazina.AI.RAG.csproj::TargetFramework=net9.0]
C:\Projects\Hazina\src\Core\AI\Hazina.AI.RAG\Utilities\SentenceSplitter.cs(127,17): warning S1643: Use a StringBuilder instead. (https://rules.sonarsource.com/csharp/RSPEC-1643) [C:\Projects\Hazina\src\Core\AI\Hazina.AI.RAG\Hazina.AI.RAG.csproj::TargetFramework=net9.0]
C:\Projects\Hazina\src\Core\AI\Hazina.AI.RAG\Retrieval\Reranker.cs(166,47): warning SA1629: Documentation text should end with a period (https://github.com/DotNetAnalyzers/StyleCopAnalyzers/blob/master/documentation/SA1629.md) [C:\Projects\Hazina\src\Core\AI\Hazina.AI.RAG\Hazina.AI.RAG.csproj::TargetFramework=net9.0]
C:\Projects\Hazina\src\Core\AI\Hazina.AI.RAG\Retrieval\Reranker.cs(174,13): warning SA1503: Braces should not be omitted (https://github.com/DotNetAnalyzers/StyleCopAnalyzers/blob/master/documentation/SA1503.md) [C:\Projects\Hazina\src\Core\AI\Hazina.AI.RAG\Hazina.AI.RAG.csproj::TargetFramework=net9.0]
C:\Projects\Hazina\src\Core\AI\Hazina.AI.RAG\Retrieval\Reranker.cs(182,17): warning SA1503: Braces should not be omitted (https://github.com/DotNetAnalyzers/StyleCopAnalyzers/blob/master/documentation/SA1503.md) [C:\Projects\Hazina\src\Core\AI\Hazina.AI.RAG\Hazina.AI.RAG.csproj::TargetFramework=net9.0]
C:\Projects\Hazina\src\Core\AI\Hazina.AI.RAG\Embeddings\TextChunker.cs(283,17): warning CA1848: For improved performance, use the LoggerMessage delegates instead of calling 'LoggerExtensions.LogInformation(ILogger, string?, params object?[])' (https://learn.microsoft.com/dotnet/fundamentals/code-analysis/quality-rules/ca1848) [C:\Projects\Hazina\src\Core\AI\Hazina.AI.RAG\Hazina.AI.RAG.csproj::TargetFramework=net9.0]
C:\Projects\Hazina\src\Core\AI\Hazina.AI.RAG\Extensions\DocumentStoreSemanticExtensions.cs(141,9): warning S1172: Remove this unused method parameter 'embeddingGenerator'. (https://rules.sonarsource.com/csharp/RSPEC-1172) [C:\Projects\Hazina\src\Core\AI\Hazina.AI.RAG\Hazina.AI.RAG.csproj::TargetFramework=net9.0]
C:\Projects\Hazina\src\Core\AI\Hazina.AI.RAG\Extensions\DocumentStoreSemanticExtensions.cs(144,9): warning S1172: Remove this unused method parameter 'chunkMetadata'. (https://rules.sonarsource.com/csharp/RSPEC-1172) [C:\Projects\Hazina\src\Core\AI\Hazina.AI.RAG\Hazina.AI.RAG.csproj::TargetFramework=net9.0]
C:\Projects\Hazina\src\Core\AI\Hazina.AI.RAG\Extensions\DocumentStoreSemanticExtensions.cs(145,9): warning S1172: Remove this unused method parameter 'ct'. (https://rules.sonarsource.com/csharp/RSPEC-1172) [C:\Projects\Hazina\src\Core\AI\Hazina.AI.RAG\Hazina.AI.RAG.csproj::TargetFramework=net9.0]
C:\Projects\Hazina\src\Core\AI\Hazina.AI.RAG\Retrieval\Reranker.cs(206,43): warning SA1629: Documentation text should end with a period (https://github.com/DotNetAnalyzers/StyleCopAnalyzers/blob/master/documentation/SA1629.md) [C:\Projects\Hazina\src\Core\AI\Hazina.AI.RAG\Hazina.AI.RAG.csproj::TargetFramework=net9.0]
C:\Projects\Hazina\src\Core\AI\Hazina.AI.RAG\Retrieval\Reranker.cs(210,28): warning CA1311: Specify a culture or use an invariant version to avoid implicit dependency on current culture (https://learn.microsoft.com/dotnet/fundamentals/code-analysis/quality-rules/ca1311) [C:\Projects\Hazina\src\Core\AI\Hazina.AI.RAG\Hazina.AI.RAG.csproj::TargetFramework=net9.0]
C:\Projects\Hazina\src\Core\AI\Hazina.AI.RAG\Retrieval\Reranker.cs(211,28): warning CA1311: Specify a culture or use an invariant version to avoid implicit dependency on current culture (https://learn.microsoft.com/dotnet/fundamentals/code-analysis/quality-rules/ca1311) [C:\Projects\Hazina\src\Core\AI\Hazina.AI.RAG\Hazina.AI.RAG.csproj::TargetFramework=net9.0]
C:\Projects\Hazina\src\Core\AI\Hazina.AI.RAG\Retrieval\Reranker.cs(210,44): warning CA1861: Prefer 'static readonly' fields over constant array arguments if the called method is called repeatedly and is not mutating the passed array (https://learn.microsoft.com/dotnet/fundamentals/code-analysis/quality-rules/ca1861) [C:\Projects\Hazina\src\Core\AI\Hazina.AI.RAG\Hazina.AI.RAG.csproj::TargetFramework=net9.0]
C:\Projects\Hazina\src\Core\AI\Hazina.AI.RAG\Retrieval\Reranker.cs(211,44): warning CA1861: Prefer 'static readonly' fields over constant array arguments if the called method is called repeatedly and is not mutating the passed array (https://learn.microsoft.com/dotnet/fundamentals/code-analysis/quality-rules/ca1861) [C:\Projects\Hazina\src\Core\AI\Hazina.AI.RAG\Hazina.AI.RAG.csproj::TargetFramework=net9.0]
C:\Projects\Hazina\src\Core\AI\Hazina.AI.RAG\Graph\Storage\SQLiteGraphStore.cs(285,9): warning MA0004: Use Task.ConfigureAwait(false) if the current SynchronizationContext is not needed (https://github.com/meziantou/Meziantou.Analyzer/blob/main/docs/Rules/MA0004.md) [C:\Projects\Hazina\src\Core\AI\Hazina.AI.RAG\Hazina.AI.RAG.csproj::TargetFramework=net9.0]
C:\Projects\Hazina\src\Core\AI\Hazina.AI.RAG\Retrieval\Reranker.cs(210,22): warning CA1304: The behavior of 'string.ToLower()' could vary based on the current user's locale settings. Replace this call in 'Reranker.CalculateTextSimilarity(string, string)' with a call to 'string.ToLower(CultureInfo)'. (https://learn.microsoft.com/dotnet/fundamentals/code-analysis/quality-rules/ca1304) [C:\Projects\Hazina\src\Core\AI\Hazina.AI.RAG\Hazina.AI.RAG.csproj::TargetFramework=net9.0]
C:\Projects\Hazina\src\Core\AI\Hazina.AI.RAG\Retrieval\Reranker.cs(211,22): warning CA1304: The behavior of 'string.ToLower()' could vary based on the current user's locale settings. Replace this call in 'Reranker.CalculateTextSimilarity(string, string)' with a call to 'string.ToLower(CultureInfo)'. (https://learn.microsoft.com/dotnet/fundamentals/code-analysis/quality-rules/ca1304) [C:\Projects\Hazina\src\Core\AI\Hazina.AI.RAG\Hazina.AI.RAG.csproj::TargetFramework=net9.0]
C:\Projects\Hazina\src\Core\AI\Hazina.AI.RAG\Graph\Storage\SQLiteGraphStore.cs(303,28): warning MA0004: Use Task.ConfigureAwait(false) if the current SynchronizationContext is not needed (https://github.com/meziantou/Meziantou.Analyzer/blob/main/docs/Rules/MA0004.md) [C:\Projects\Hazina\src\Core\AI\Hazina.AI.RAG\Hazina.AI.RAG.csproj::TargetFramework=net9.0]
C:\Projects\Hazina\src\Core\AI\Hazina.AI.RAG\Retrieval\Reranker.cs(210,22): warning MA0011: Use an overload of 'ToLower' that has a 'System.Globalization.CultureInfo' parameter (https://github.com/meziantou/Meziantou.Analyzer/blob/main/docs/Rules/MA0011.md) [C:\Projects\Hazina\src\Core\AI\Hazina.AI.RAG\Hazina.AI.RAG.csproj::TargetFramework=net9.0]
C:\Projects\Hazina\src\Core\AI\Hazina.AI.RAG\Retrieval\Reranker.cs(211,22): warning MA0011: Use an overload of 'ToLower' that has a 'System.Globalization.CultureInfo' parameter (https://github.com/meziantou/Meziantou.Analyzer/blob/main/docs/Rules/MA0011.md) [C:\Projects\Hazina\src\Core\AI\Hazina.AI.RAG\Hazina.AI.RAG.csproj::TargetFramework=net9.0]
C:\Projects\Hazina\src\Core\AI\Hazina.AI.RAG\Utilities\SentenceSplitter.cs(109,76): warning SA1629: Documentation text should end with a period (https://github.com/DotNetAnalyzers/StyleCopAnalyzers/blob/master/documentation/SA1629.md) [C:\Projects\Hazina\src\Core\AI\Hazina.AI.RAG\Hazina.AI.RAG.csproj::TargetFramework=net9.0]
C:\Projects\Hazina\src\Core\AI\Hazina.AI.RAG\Utilities\SentenceSplitter.cs(113,35): warning SA1503: Braces should not be omitted (https://github.com/DotNetAnalyzers/StyleCopAnalyzers/blob/master/documentation/SA1503.md) [C:\Projects\Hazina\src\Core\AI\Hazina.AI.RAG\Hazina.AI.RAG.csproj::TargetFramework=net9.0]
C:\Projects\Hazina\src\Core\AI\Hazina.AI.RAG\Utilities\SentenceSplitter.cs(116,22): warning SA1122: Use string.Empty for empty strings (https://github.com/DotNetAnalyzers/StyleCopAnalyzers/blob/master/documentation/SA1122.md) [C:\Projects\Hazina\src\Core\AI\Hazina.AI.RAG\Hazina.AI.RAG.csproj::TargetFramework=net9.0]
C:\Projects\Hazina\src\Core\AI\Hazina.AI.RAG\Graph\Storage\SQLiteGraphStore.cs(304,16): warning MA0004: Use Task.ConfigureAwait(false) if the current SynchronizationContext is not needed (https://github.com/meziantou/Meziantou.Analyzer/blob/main/docs/Rules/MA0004.md) [C:\Projects\Hazina\src\Core\AI\Hazina.AI.RAG\Hazina.AI.RAG.csproj::TargetFramework=net9.0]
C:\Projects\Hazina\src\Core\AI\Hazina.AI.RAG\Graph\Storage\SQLiteGraphStore.cs(322,13): warning MA0004: Use Task.ConfigureAwait(false) if the current SynchronizationContext is not needed (https://github.com/meziantou/Meziantou.Analyzer/blob/main/docs/Rules/MA0004.md) [C:\Projects\Hazina\src\Core\AI\Hazina.AI.RAG\Hazina.AI.RAG.csproj::TargetFramework=net9.0]
C:\Projects\Hazina\src\Core\AI\Hazina.AI.RAG\Retrieval\Reranker.cs(213,20): warning MA0002: Use an overload that has a IEqualityComparer<string> or IComparer<string> parameter (https://github.com/meziantou/Meziantou.Analyzer/blob/main/docs/Rules/MA0002.md) [C:\Projects\Hazina\src\Core\AI\Hazina.AI.RAG\Hazina.AI.RAG.csproj::TargetFramework=net9.0]
C:\Projects\Hazina\src\Core\AI\Hazina.AI.RAG\Retrieval\Reranker.cs(214,20): warning MA0002: Use an overload that has a IEqualityComparer<string> or IComparer<string> parameter (https://github.com/meziantou/Meziantou.Analyzer/blob/main/docs/Rules/MA0002.md) [C:\Projects\Hazina\src\Core\AI\Hazina.AI.RAG\Hazina.AI.RAG.csproj::TargetFramework=net9.0]
C:\Projects\Hazina\src\Core\AI\Hazina.AI.RAG\Retrieval\Reranker.cs(216,28): warning MA0002: Use an overload that has a IEqualityComparer<string> or IComparer<string> parameter (https://github.com/meziantou/Meziantou.Analyzer/blob/main/docs/Rules/MA0002.md) [C:\Projects\Hazina\src\Core\AI\Hazina.AI.RAG\Hazina.AI.RAG.csproj::TargetFramework=net9.0]
C:\Projects\Hazina\src\Core\AI\Hazina.AI.RAG\Retrieval\Reranker.cs(217,21): warning MA0002: Use an overload that has a IEqualityComparer<string> or IComparer<string> parameter (https://github.com/meziantou/Meziantou.Analyzer/blob/main/docs/Rules/MA0002.md) [C:\Projects\Hazina\src\Core\AI\Hazina.AI.RAG\Hazina.AI.RAG.csproj::TargetFramework=net9.0]
C:\Projects\Hazina\src\Core\AI\Hazina.AI.RAG\Extensions\DocumentStoreSemanticExtensions.cs(148,9): warning MA0004: Use Task.ConfigureAwait(false) if the current SynchronizationContext is not needed (https://github.com/meziantou/Meziantou.Analyzer/blob/main/docs/Rules/MA0004.md) [C:\Projects\Hazina\src\Core\AI\Hazina.AI.RAG\Hazina.AI.RAG.csproj::TargetFramework=net9.0]
C:\Projects\Hazina\src\Core\AI\Hazina.AI.RAG\Extensions\DocumentStoreSemanticExtensions.cs(152,9): warning MA0004: Use Task.ConfigureAwait(false) if the current SynchronizationContext is not needed (https://github.com/meziantou/Meziantou.Analyzer/blob/main/docs/Rules/MA0004.md) [C:\Projects\Hazina\src\Core\AI\Hazina.AI.RAG\Hazina.AI.RAG.csproj::TargetFramework=net9.0]
C:\Projects\Hazina\src\Core\AI\Hazina.AI.RAG\Embeddings\ContentTypeDetector.cs(136,25): warning S6610: "StartsWith" overloads that take a "char" should be used (https://rules.sonarsource.com/csharp/RSPEC-6610) [C:\Projects\Hazina\src\Core\AI\Hazina.AI.RAG\Hazina.AI.RAG.csproj::TargetFramework=net9.0]
C:\Projects\Hazina\src\Core\AI\Hazina.AI.RAG\Embeddings\ContentTypeDetector.cs(136,52): warning S6610: "EndsWith" overloads that take a "char" should be used (https://rules.sonarsource.com/csharp/RSPEC-6610) [C:\Projects\Hazina\src\Core\AI\Hazina.AI.RAG\Hazina.AI.RAG.csproj::TargetFramework=net9.0]
C:\Projects\Hazina\src\Core\AI\Hazina.AI.RAG\Embeddings\ContentTypeDetector.cs(137,25): warning S6610: "StartsWith" overloads that take a "char" should be used (https://rules.sonarsource.com/csharp/RSPEC-6610) [C:\Projects\Hazina\src\Core\AI\Hazina.AI.RAG\Hazina.AI.RAG.csproj::TargetFramework=net9.0]
C:\Projects\Hazina\src\Core\AI\Hazina.AI.RAG\Embeddings\ContentTypeDetector.cs(137,52): warning S6610: "EndsWith" overloads that take a "char" should be used (https://rules.sonarsource.com/csharp/RSPEC-6610) [C:\Projects\Hazina\src\Core\AI\Hazina.AI.RAG\Hazina.AI.RAG.csproj::TargetFramework=net9.0]
C:\Projects\Hazina\src\Core\AI\Hazina.AI.RAG\Embeddings\ContentTypeDetector.cs(131,45): warning SA1629: Documentation text should end with a period (https://github.com/DotNetAnalyzers/StyleCopAnalyzers/blob/master/documentation/SA1629.md) [C:\Projects\Hazina\src\Core\AI\Hazina.AI.RAG\Hazina.AI.RAG.csproj::TargetFramework=net9.0]
C:\Projects\Hazina\src\Core\AI\Hazina.AI.RAG\Embeddings\ContentTypeDetector.cs(136,35): warning CA1866: Use 'string.StartsWith(char)' instead of 'string.StartsWith(string)' when you have a string with a single char (https://learn.microsoft.com/dotnet/fundamentals/code-analysis/quality-rules/ca1866) [C:\Projects\Hazina\src\Core\AI\Hazina.AI.RAG\Hazina.AI.RAG.csproj::TargetFramework=net9.0]
C:\Projects\Hazina\src\Core\AI\Hazina.AI.RAG\Embeddings\ContentTypeDetector.cs(136,60): warning CA1866: Use 'string.EndsWith(char)' instead of 'string.EndsWith(string)' when you have a string with a single char (https://learn.microsoft.com/dotnet/fundamentals/code-analysis/quality-rules/ca1866) [C:\Projects\Hazina\src\Core\AI\Hazina.AI.RAG\Hazina.AI.RAG.csproj::TargetFramework=net9.0]
C:\Projects\Hazina\src\Core\AI\Hazina.AI.RAG\Embeddings\ContentTypeDetector.cs(137,35): warning CA1866: Use 'string.StartsWith(char)' instead of 'string.StartsWith(string)' when you have a string with a single char (https://learn.microsoft.com/dotnet/fundamentals/code-analysis/quality-rules/ca1866) [C:\Projects\Hazina\src\Core\AI\Hazina.AI.RAG\Hazina.AI.RAG.csproj::TargetFramework=net9.0]
C:\Projects\Hazina\src\Core\AI\Hazina.AI.RAG\Embeddings\ContentTypeDetector.cs(137,60): warning CA1866: Use 'string.EndsWith(char)' instead of 'string.EndsWith(string)' when you have a string with a single char (https://learn.microsoft.com/dotnet/fundamentals/code-analysis/quality-rules/ca1866) [C:\Projects\Hazina\src\Core\AI\Hazina.AI.RAG\Hazina.AI.RAG.csproj::TargetFramework=net9.0]
C:\Projects\Hazina\src\Core\AI\Hazina.AI.RAG\Embeddings\ContentTypeDetector.cs(136,17): warning CA1310: The behavior of 'string.StartsWith(string)' could vary based on the current user's locale settings. Replace this call in 'Hazina.AI.RAG.Embeddings.ContentTypeDetector.HasJsonPatterns(string)' with a call to 'string.StartsWith(string, System.StringComparison)'. (https://learn.microsoft.com/dotnet/fundamentals/code-analysis/quality-rules/ca1310) [C:\Projects\Hazina\src\Core\AI\Hazina.AI.RAG\Hazina.AI.RAG.csproj::TargetFramework=net9.0]
C:\Projects\Hazina\src\Core\AI\Hazina.AI.RAG\Embeddings\ContentTypeDetector.cs(136,44): warning CA1310: The behavior of 'string.EndsWith(string)' could vary based on the current user's locale settings. Replace this call in 'Hazina.AI.RAG.Embeddings.ContentTypeDetector.HasJsonPatterns(string)' with a call to 'string.EndsWith(string, System.StringComparison)'. (https://learn.microsoft.com/dotnet/fundamentals/code-analysis/quality-rules/ca1310) [C:\Projects\Hazina\src\Core\AI\Hazina.AI.RAG\Hazina.AI.RAG.csproj::TargetFramework=net9.0]
C:\Projects\Hazina\src\Core\AI\Hazina.AI.RAG\Embeddings\ContentTypeDetector.cs(137,17): warning CA1310: The behavior of 'string.StartsWith(string)' could vary based on the current user's locale settings. Replace this call in 'Hazina.AI.RAG.Embeddings.ContentTypeDetector.HasJsonPatterns(string)' with a call to 'string.StartsWith(string, System.StringComparison)'. (https://learn.microsoft.com/dotnet/fundamentals/code-analysis/quality-rules/ca1310) [C:\Projects\Hazina\src\Core\AI\Hazina.AI.RAG\Hazina.AI.RAG.csproj::TargetFramework=net9.0]
C:\Projects\Hazina\src\Core\AI\Hazina.AI.RAG\Embeddings\ContentTypeDetector.cs(137,44): warning CA1310: The behavior of 'string.EndsWith(string)' could vary based on the current user's locale settings. Replace this call in 'Hazina.AI.RAG.Embeddings.ContentTypeDetector.HasJsonPatterns(string)' with a call to 'string.EndsWith(string, System.StringComparison)'. (https://learn.microsoft.com/dotnet/fundamentals/code-analysis/quality-rules/ca1310) [C:\Projects\Hazina\src\Core\AI\Hazina.AI.RAG\Hazina.AI.RAG.csproj::TargetFramework=net9.0]
C:\Projects\Hazina\src\Core\AI\Hazina.AI.RAG\Embeddings\ContentTypeDetector.cs(136,17): warning MA0074: Use an overload of 'StartsWith' that has a StringComparison parameter (https://github.com/meziantou/Meziantou.Analyzer/blob/main/docs/Rules/MA0074.md) [C:\Projects\Hazina\src\Core\AI\Hazina.AI.RAG\Hazina.AI.RAG.csproj::TargetFramework=net9.0]
C:\Projects\Hazina\src\Core\AI\Hazina.AI.RAG\Embeddings\ContentTypeDetector.cs(136,44): warning MA0074: Use an overload of 'EndsWith' that has a StringComparison parameter (https://github.com/meziantou/Meziantou.Analyzer/blob/main/docs/Rules/MA0074.md) [C:\Projects\Hazina\src\Core\AI\Hazina.AI.RAG\Hazina.AI.RAG.csproj::TargetFramework=net9.0]
C:\Projects\Hazina\src\Core\AI\Hazina.AI.RAG\Embeddings\ContentTypeDetector.cs(137,17): warning MA0074: Use an overload of 'StartsWith' that has a StringComparison parameter (https://github.com/meziantou/Meziantou.Analyzer/blob/main/docs/Rules/MA0074.md) [C:\Projects\Hazina\src\Core\AI\Hazina.AI.RAG\Hazina.AI.RAG.csproj::TargetFramework=net9.0]
C:\Projects\Hazina\src\Core\AI\Hazina.AI.RAG\Embeddings\ContentTypeDetector.cs(137,44): warning MA0074: Use an overload of 'EndsWith' that has a StringComparison parameter (https://github.com/meziantou/Meziantou.Analyzer/blob/main/docs/Rules/MA0074.md) [C:\Projects\Hazina\src\Core\AI\Hazina.AI.RAG\Hazina.AI.RAG.csproj::TargetFramework=net9.0]
C:\Projects\Hazina\src\Core\AI\Hazina.AI.RAG\Embeddings\ContentTypeDetector.cs(117,28): warning S1905: Remove this unnecessary cast to 'int'. (https://rules.sonarsource.com/csharp/RSPEC-1905) [C:\Projects\Hazina\src\Core\AI\Hazina.AI.RAG\Hazina.AI.RAG.csproj::TargetFramework=net9.0]
C:\Projects\Hazina\src\Core\AI\Hazina.AI.RAG\Embeddings\SemanticSimilarityChunker.cs(59,18): warning MA0016: Prefer using collection abstraction instead of implementation (https://github.com/meziantou/Meziantou.Analyzer/blob/main/docs/Rules/MA0016.md) [C:\Projects\Hazina\src\Core\AI\Hazina.AI.RAG\Hazina.AI.RAG.csproj::TargetFramework=net9.0]
C:\Projects\Hazina\src\Core\AI\Hazina.AI.RAG\Graph\Storage\InMemoryGraphStore.cs(18,32): warning CA1062: In externally visible method 'Task InMemoryGraphStore.AddEntitiesAsync(List<GraphEntity> entities, CancellationToken cancellationToken = default(CancellationToken))', validate parameter 'entities' is non-null before using it. If appropriate, throw an 'ArgumentNullException' when the argument is 'null'. (https://learn.microsoft.com/dotnet/fundamentals/code-analysis/quality-rules/ca1062) [C:\Projects\Hazina\src\Core\AI\Hazina.AI.RAG\Hazina.AI.RAG.csproj::TargetFramework=net9.0]
C:\Projects\Hazina\src\Core\AI\Hazina.AI.RAG\Embeddings\SemanticSimilarityChunker.cs(59,40): warning MA0051: Method is too long (63 lines; maximum allowed: 60) (https://github.com/meziantou/Meziantou.Analyzer/blob/main/docs/Rules/MA0051.md) [C:\Projects\Hazina\src\Core\AI\Hazina.AI.RAG\Hazina.AI.RAG.csproj::TargetFramework=net9.0]
C:\Projects\Hazina\src\Core\AI\Hazina.AI.RAG\Graph\Pipeline\LLMEntityExtractor.cs(76,13): warning CA1873: Evaluation of this argument may be expensive and unnecessary if logging is disabled (https://learn.microsoft.com/dotnet/fundamentals/code-analysis/quality-rules/ca1873) [C:\Projects\Hazina\src\Core\AI\Hazina.AI.RAG\Hazina.AI.RAG.csproj::TargetFramework=net9.0]
C:\Projects\Hazina\src\Core\AI\Hazina.AI.RAG\Embeddings\ContentTypeDetector.cs(105,35): warning SA1629: Documentation text should end with a period (https://github.com/DotNetAnalyzers/StyleCopAnalyzers/blob/master/documentation/SA1629.md) [C:\Projects\Hazina\src\Core\AI\Hazina.AI.RAG\Hazina.AI.RAG.csproj::TargetFramework=net9.0]
C:\Projects\Hazina\src\Core\AI\Hazina.AI.RAG\Graph\Pipeline\LLMEntityExtractor.cs(69,17): warning CA1848: For improved performance, use the LoggerMessage delegates instead of calling 'LoggerExtensions.LogWarning(ILogger, string?, params object?[])' (https://learn.microsoft.com/dotnet/fundamentals/code-analysis/quality-rules/ca1848) [C:\Projects\Hazina\src\Core\AI\Hazina.AI.RAG\Hazina.AI.RAG.csproj::TargetFramework=net9.0]
C:\Projects\Hazina\src\Core\AI\Hazina.AI.RAG\Graph\Pipeline\LLMEntityExtractor.cs(76,13): warning CA1848: For improved performance, use the LoggerMessage delegates instead of calling 'LoggerExtensions.LogInformation(ILogger, string?, params object?[])' (https://learn.microsoft.com/dotnet/fundamentals/code-analysis/quality-rules/ca1848) [C:\Projects\Hazina\src\Core\AI\Hazina.AI.RAG\Hazina.AI.RAG.csproj::TargetFramework=net9.0]
C:\Projects\Hazina\src\Core\AI\Hazina.AI.RAG\Graph\Pipeline\LLMEntityExtractor.cs(82,13): warning CA1848: For improved performance, use the LoggerMessage delegates instead of calling 'LoggerExtensions.LogError(ILogger, Exception?, string?, params object?[])' (https://learn.microsoft.com/dotnet/fundamentals/code-analysis/quality-rules/ca1848) [C:\Projects\Hazina\src\Core\AI\Hazina.AI.RAG\Hazina.AI.RAG.csproj::TargetFramework=net9.0]
C:\Projects\Hazina\src\Core\AI\Hazina.AI.RAG\Graph\Pipeline\LLMEntityExtractor.cs(59,26): warning CA1307: 'string.Replace(string, string?)' has a method overload that takes a 'StringComparison' parameter. Replace this call in 'Hazina.AI.RAG.Graph.Pipeline.LLMEntityExtractor.ExtractEntitiesAsync(string, string?, System.Threading.CancellationToken)' with a call to 'string.Replace(string, string?, System.StringComparison)' for clarity of intent. (https://learn.microsoft.com/dotnet/fundamentals/code-analysis/quality-rules/ca1307) [C:\Projects\Hazina\src\Core\AI\Hazina.AI.RAG\Hazina.AI.RAG.csproj::TargetFramework=net9.0]
C:\Projects\Hazina\src\Core\AI\Hazina.AI.RAG\Graph\Pipeline\LLMEntityExtractor.cs(61,28): warning MA0004: Use Task.ConfigureAwait(false) if the current SynchronizationContext is not needed (https://github.com/meziantou/Meziantou.Analyzer/blob/main/docs/Rules/MA0004.md) [C:\Projects\Hazina\src\Core\AI\Hazina.AI.RAG\Hazina.AI.RAG.csproj::TargetFramework=net9.0]
C:\Projects\Hazina\src\Core\AI\Hazina.AI.RAG\Graph\Pipeline\EntityNormalizationService.cs(55,13): warning CA1848: For improved performance, use the LoggerMessage delegates instead of calling 'LoggerExtensions.LogError(ILogger, Exception?, string?, params object?[])' (https://learn.microsoft.com/dotnet/fundamentals/code-analysis/quality-rules/ca1848) [C:\Projects\Hazina\src\Core\AI\Hazina.AI.RAG\Hazina.AI.RAG.csproj::TargetFramework=net9.0]
C:\Projects\Hazina\src\Core\AI\Hazina.AI.RAG\Graph\Pipeline\EntityNormalizationService.cs(29,9): warning CA1510: Use 'ArgumentNullException.ThrowIfNull' instead of explicitly throwing a new exception instance (https://learn.microsoft.com/dotnet/fundamentals/code-analysis/quality-rules/ca1510) [C:\Projects\Hazina\src\Core\AI\Hazina.AI.RAG\Hazina.AI.RAG.csproj::TargetFramework=net9.0]
C:\Projects\Hazina\src\Core\AI\Hazina.AI.RAG\Graph\Pipeline\EntityNormalizationService.cs(34,9): warning CA1510: Use 'ArgumentNullException.ThrowIfNull' instead of explicitly throwing a new exception instance (https://learn.microsoft.com/dotnet/fundamentals/code-analysis/quality-rules/ca1510) [C:\Projects\Hazina\src\Core\AI\Hazina.AI.RAG\Hazina.AI.RAG.csproj::TargetFramework=net9.0]
C:\Projects\Hazina\src\Core\AI\Hazina.AI.RAG\Graph\Models\GraphPath.cs(18,62): warning SA1501: Statement should not be on a single line (https://github.com/DotNetAnalyzers/StyleCopAnalyzers/blob/master/documentation/SA1501.md) [C:\Projects\Hazina\src\Core\AI\Hazina.AI.RAG\Hazina.AI.RAG.csproj::TargetFramework=net9.0]
C:\Projects\Hazina\src\Core\AI\Hazina.AI.RAG\Graph\Models\GraphPath.cs(23,17): warning SA1119: Statement should not use unnecessary parenthesis (https://github.com/DotNetAnalyzers/StyleCopAnalyzers/blob/master/documentation/SA1119.md) [C:\Projects\Hazina\src\Core\AI\Hazina.AI.RAG\Hazina.AI.RAG.csproj::TargetFramework=net9.0]
C:\Projects\Hazina\src\Core\AI\Hazina.AI.RAG\Graph\Models\GraphPath.cs(22,45): warning SA1407: Arithmetic expressions should declare precedence (https://github.com/DotNetAnalyzers/StyleCopAnalyzers/blob/master/documentation/SA1407.md) [C:\Projects\Hazina\src\Core\AI\Hazina.AI.RAG\Hazina.AI.RAG.csproj::TargetFramework=net9.0]
C:\Projects\Hazina\src\Core\AI\Hazina.AI.RAG\Graph\Models\GraphPath.cs(23,86): warning SA1407: Arithmetic expressions should declare precedence (https://github.com/DotNetAnalyzers/StyleCopAnalyzers/blob/master/documentation/SA1407.md) [C:\Projects\Hazina\src\Core\AI\Hazina.AI.RAG\Hazina.AI.RAG.csproj::TargetFramework=net9.0]
C:\Projects\Hazina\src\Core\AI\Hazina.AI.RAG\Graph\Models\GraphPath.cs(23,58): warning SA1407: Arithmetic expressions should declare precedence (https://github.com/DotNetAnalyzers/StyleCopAnalyzers/blob/master/documentation/SA1407.md) [C:\Projects\Hazina\src\Core\AI\Hazina.AI.RAG\Hazina.AI.RAG.csproj::TargetFramework=net9.0]
C:\Projects\Hazina\src\Core\AI\Hazina.AI.RAG\Graph\Models\GraphPath.cs(23,18): warning SA1407: Arithmetic expressions should declare precedence (https://github.com/DotNetAnalyzers/StyleCopAnalyzers/blob/master/documentation/SA1407.md) [C:\Projects\Hazina\src\Core\AI\Hazina.AI.RAG\Hazina.AI.RAG.csproj::TargetFramework=net9.0]
C:\Projects\Hazina\src\Core\AI\Hazina.AI.RAG\Graph\Models\GraphPath.cs(23,36): warning SA1407: Arithmetic expressions should declare precedence (https://github.com/DotNetAnalyzers/StyleCopAnalyzers/blob/master/documentation/SA1407.md) [C:\Projects\Hazina\src\Core\AI\Hazina.AI.RAG\Hazina.AI.RAG.csproj::TargetFramework=net9.0]
C:\Projects\Hazina\src\Core\AI\Hazina.AI.RAG\Graph\Models\GraphPath.cs(18,77): warning SA1107: Code should not contain multiple statements on one line (https://github.com/DotNetAnalyzers/StyleCopAnalyzers/blob/master/documentation/SA1107.md) [C:\Projects\Hazina\src\Core\AI\Hazina.AI.RAG\Hazina.AI.RAG.csproj::TargetFramework=net9.0]
C:\Projects\Hazina\src\Core\AI\Hazina.AI.RAG\Graph\Pipeline\GraphConstructionPipeline.cs(43,48): warning MA0051: Method is too long (145 lines; maximum allowed: 60) (https://github.com/meziantou/Meziantou.Analyzer/blob/main/docs/Rules/MA0051.md) [C:\Projects\Hazina\src\Core\AI\Hazina.AI.RAG\Hazina.AI.RAG.csproj::TargetFramework=net9.0]
C:\Projects\Hazina\src\Core\AI\Hazina.AI.RAG\Graph\Pipeline\EntityNormalizationService.cs(44,59): warning MA0004: Use Task.ConfigureAwait(false) if the current SynchronizationContext is not needed (https://github.com/meziantou/Meziantou.Analyzer/blob/main/docs/Rules/MA0004.md) [C:\Projects\Hazina\src\Core\AI\Hazina.AI.RAG\Hazina.AI.RAG.csproj::TargetFramework=net9.0]
C:\Projects\Hazina\src\Core\AI\Hazina.AI.RAG\Graph\Pipeline\EntityNormalizationService.cs(45,59): warning MA0004: Use Task.ConfigureAwait(false) if the current SynchronizationContext is not needed (https://github.com/meziantou/Meziantou.Analyzer/blob/main/docs/Rules/MA0004.md) [C:\Projects\Hazina\src\Core\AI\Hazina.AI.RAG\Hazina.AI.RAG.csproj::TargetFramework=net9.0]
C:\Projects\Hazina\src\Core\AI\Hazina.AI.RAG\Graph\Pipeline\EntityNormalizationService.cs(46,68): warning MA0004: Use Task.ConfigureAwait(false) if the current SynchronizationContext is not needed (https://github.com/meziantou/Meziantou.Analyzer/blob/main/docs/Rules/MA0004.md) [C:\Projects\Hazina\src\Core\AI\Hazina.AI.RAG\Hazina.AI.RAG.csproj::TargetFramework=net9.0]
C:\Projects\Hazina\src\Core\AI\Hazina.AI.RAG\Embeddings\ContentTypeDetector.cs(112,27): warning CA1875: Use 'Regex.Count' instead of 'Regex.Matches(...).Count' (https://learn.microsoft.com/dotnet/fundamentals/code-analysis/quality-rules/ca1875) [C:\Projects\Hazina\src\Core\AI\Hazina.AI.RAG\Hazina.AI.RAG.csproj::TargetFramework=net9.0]
C:\Projects\Hazina\src\Core\AI\Hazina.AI.RAG\Embeddings\ContentTypeDetector.cs(116,30): warning CA1875: Use 'Regex.Count' instead of 'Regex.Matches(...).Count' (https://learn.microsoft.com/dotnet/fundamentals/code-analysis/quality-rules/ca1875) [C:\Projects\Hazina\src\Core\AI\Hazina.AI.RAG\Hazina.AI.RAG.csproj::TargetFramework=net9.0]
C:\Projects\Hazina\src\Core\AI\Hazina.AI.RAG\Embeddings\ContentTypeDetector.cs(120,25): warning CA1875: Use 'Regex.Count' instead of 'Regex.Matches(...).Count' (https://learn.microsoft.com/dotnet/fundamentals/code-analysis/quality-rules/ca1875) [C:\Projects\Hazina\src\Core\AI\Hazina.AI.RAG\Hazina.AI.RAG.csproj::TargetFramework=net9.0]
C:\Projects\Hazina\src\Core\AI\Hazina.AI.RAG\Embeddings\ContentTypeDetector.cs(124,25): warning CA1875: Use 'Regex.Count' instead of 'Regex.Matches(...).Count' (https://learn.microsoft.com/dotnet/fundamentals/code-analysis/quality-rules/ca1875) [C:\Projects\Hazina\src\Core\AI\Hazina.AI.RAG\Hazina.AI.RAG.csproj::TargetFramework=net9.0]
C:\Projects\Hazina\src\Core\AI\Hazina.AI.RAG\Graph\Pipeline\LLMEntityExtractor.cs(80,9): warning CA1031: Modify 'ExtractEntitiesAsync' to catch a more specific allowed exception type, or rethrow the exception (https://learn.microsoft.com/dotnet/fundamentals/code-analysis/quality-rules/ca1031) [C:\Projects\Hazina\src\Core\AI\Hazina.AI.RAG\Hazina.AI.RAG.csproj::TargetFramework=net9.0]
C:\Projects\Hazina\src\Core\AI\Hazina.AI.RAG\Embeddings\HierarchicalChunker.cs(98,13): warning S1854: Remove this useless assignment to local variable 'sections'. (https://rules.sonarsource.com/csharp/RSPEC-1854) [C:\Projects\Hazina\src\Core\AI\Hazina.AI.RAG\Hazina.AI.RAG.csproj::TargetFramework=net9.0]
C:\Projects\Hazina\src\Core\AI\Hazina.AI.RAG\Graph\Pipeline\EntityNormalizationService.cs(53,9): warning CA1031: Modify 'NormalizeEntityAsync' to catch a more specific allowed exception type, or rethrow the exception (https://learn.microsoft.com/dotnet/fundamentals/code-analysis/quality-rules/ca1031) [C:\Projects\Hazina\src\Core\AI\Hazina.AI.RAG\Hazina.AI.RAG.csproj::TargetFramework=net9.0]
C:\Projects\Hazina\src\Core\AI\Hazina.AI.RAG\Embeddings\ContentTypeDetector.cs(112,27): warning MA0009: Regular expressions should not be vulnerable to Denial of Service attacks (https://github.com/meziantou/Meziantou.Analyzer/blob/main/docs/Rules/MA0009.md) [C:\Projects\Hazina\src\Core\AI\Hazina.AI.RAG\Hazina.AI.RAG.csproj::TargetFramework=net9.0]
C:\Projects\Hazina\src\Core\AI\Hazina.AI.RAG\Embeddings\ContentTypeDetector.cs(116,30): warning MA0009: Regular expressions should not be vulnerable to Denial of Service attacks (https://github.com/meziantou/Meziantou.Analyzer/blob/main/docs/Rules/MA0009.md) [C:\Projects\Hazina\src\Core\AI\Hazina.AI.RAG\Hazina.AI.RAG.csproj::TargetFramework=net9.0]
C:\Projects\Hazina\src\Core\AI\Hazina.AI.RAG\Embeddings\ContentTypeDetector.cs(120,25): warning MA0009: Regular expressions should not be vulnerable to Denial of Service attacks (https://github.com/meziantou/Meziantou.Analyzer/blob/main/docs/Rules/MA0009.md) [C:\Projects\Hazina\src\Core\AI\Hazina.AI.RAG\Hazina.AI.RAG.csproj::TargetFramework=net9.0]
C:\Projects\Hazina\src\Core\AI\Hazina.AI.RAG\Embeddings\ContentTypeDetector.cs(124,25): warning MA0009: Regular expressions should not be vulnerable to Denial of Service attacks (https://github.com/meziantou/Meziantou.Analyzer/blob/main/docs/Rules/MA0009.md) [C:\Projects\Hazina\src\Core\AI\Hazina.AI.RAG\Hazina.AI.RAG.csproj::TargetFramework=net9.0]
C:\Projects\Hazina\src\Core\AI\Hazina.AI.RAG\Utilities\SentenceSplitter.cs(147,68): warning SA1629: Documentation text should end with a period (https://github.com/DotNetAnalyzers/StyleCopAnalyzers/blob/master/documentation/SA1629.md) [C:\Projects\Hazina\src\Core\AI\Hazina.AI.RAG\Hazina.AI.RAG.csproj::TargetFramework=net9.0]
C:\Projects\Hazina\src\Core\AI\Hazina.AI.RAG\Retrieval\Reranker.cs(173,13): warning CA1062: In externally visible method 'List<RetrievedDocument> Reranker.DiversifyResults(List<RetrievedDocument> documents, int maxResults, double diversityThreshold = 0.8)', validate parameter 'documents' is non-null before using it. If appropriate, throw an 'ArgumentNullException' when the argument is 'null'. (https://learn.microsoft.com/dotnet/fundamentals/code-analysis/quality-rules/ca1062) [C:\Projects\Hazina\src\Core\AI\Hazina.AI.RAG\Hazina.AI.RAG.csproj::TargetFramework=net9.0]
C:\Projects\Hazina\src\Core\AI\Hazina.AI.RAG\Graph\Storage\SQLiteGraphStore.cs(409,17): warning CA1873: Evaluation of this argument may be expensive and unnecessary if logging is disabled (https://learn.microsoft.com/dotnet/fundamentals/code-analysis/quality-rules/ca1873) [C:\Projects\Hazina\src\Core\AI\Hazina.AI.RAG\Hazina.AI.RAG.csproj::TargetFramework=net9.0]
C:\Projects\Hazina\src\Core\AI\Hazina.AI.RAG\Graph\Storage\SQLiteGraphStore.cs(409,17): warning CA1848: For improved performance, use the LoggerMessage delegates instead of calling 'LoggerExtensions.LogDebug(ILogger, string?, params object?[])' (https://learn.microsoft.com/dotnet/fundamentals/code-analysis/quality-rules/ca1848) [C:\Projects\Hazina\src\Core\AI\Hazina.AI.RAG\Hazina.AI.RAG.csproj::TargetFramework=net9.0]
C:\Projects\Hazina\src\Core\AI\Hazina.AI.RAG\Graph\Storage\SQLiteGraphStore.cs(373,37): warning CA1849: 'SqliteConnection.BeginTransaction()' synchronously blocks. Await 'DbConnection.BeginTransactionAsync(CancellationToken)' instead. (https://learn.microsoft.com/dotnet/fundamentals/code-analysis/quality-rules/ca1849) [C:\Projects\Hazina\src\Core\AI\Hazina.AI.RAG\Hazina.AI.RAG.csproj::TargetFramework=net9.0]
C:\Projects\Hazina\src\Core\AI\Hazina.AI.RAG\Graph\Storage\SQLiteGraphStore.cs(367,9): warning MA0004: Use Task.ConfigureAwait(false) if the current SynchronizationContext is not needed (https://github.com/meziantou/Meziantou.Analyzer/blob/main/docs/Rules/MA0004.md) [C:\Projects\Hazina\src\Core\AI\Hazina.AI.RAG\Hazina.AI.RAG.csproj::TargetFramework=net9.0]
C:\Projects\Hazina\src\Core\AI\Hazina.AI.RAG\Graph\Storage\SQLiteGraphStore.cs(371,13): warning MA0004: Use Task.ConfigureAwait(false) if the current SynchronizationContext is not needed (https://github.com/meziantou/Meziantou.Analyzer/blob/main/docs/Rules/MA0004.md) [C:\Projects\Hazina\src\Core\AI\Hazina.AI.RAG\Hazina.AI.RAG.csproj::TargetFramework=net9.0]
C:\Projects\Hazina\src\Core\AI\Hazina.AI.RAG\Graph\Storage\SQLiteGraphStore.cs(405,21): warning MA0004: Use Task.ConfigureAwait(false) if the current SynchronizationContext is not needed (https://github.com/meziantou/Meziantou.Analyzer/blob/main/docs/Rules/MA0004.md) [C:\Projects\Hazina\src\Core\AI\Hazina.AI.RAG\Hazina.AI.RAG.csproj::TargetFramework=net9.0]
C:\Projects\Hazina\src\Core\AI\Hazina.AI.RAG\Graph\Storage\SQLiteGraphStore.cs(408,17): warning MA0004: Use Task.ConfigureAwait(false) if the current SynchronizationContext is not needed (https://github.com/meziantou/Meziantou.Analyzer/blob/main/docs/Rules/MA0004.md) [C:\Projects\Hazina\src\Core\AI\Hazina.AI.RAG\Hazina.AI.RAG.csproj::TargetFramework=net9.0]
C:\Projects\Hazina\src\Core\AI\Hazina.AI.RAG\Graph\Storage\SQLiteGraphStore.cs(413,17): warning MA0004: Use Task.ConfigureAwait(false) if the current SynchronizationContext is not needed (https://github.com/meziantou/Meziantou.Analyzer/blob/main/docs/Rules/MA0004.md) [C:\Projects\Hazina\src\Core\AI\Hazina.AI.RAG\Hazina.AI.RAG.csproj::TargetFramework=net9.0]
C:\Projects\Hazina\src\Core\AI\Hazina.AI.RAG\Graph\Storage\SQLiteGraphStore.cs(309,60): warning CA1062: In externally visible method 'Task<List<GraphEntity>> SQLiteGraphStore.SearchEntitiesByEmbeddingAsync(float[] embedding, int topK = 10, string? typeFilter = null, CancellationToken cancellationToken = default(CancellationToken))', validate parameter 'embedding' is non-null before using it. If appropriate, throw an 'ArgumentNullException' when the argument is 'null'. (https://learn.microsoft.com/dotnet/fundamentals/code-analysis/quality-rules/ca1062) [C:\Projects\Hazina\src\Core\AI\Hazina.AI.RAG\Hazina.AI.RAG.csproj::TargetFramework=net9.0]
C:\Projects\Hazina\src\Core\AI\Hazina.AI.RAG\Embeddings\ContentTypeDetector.cs(149,22): warning S6610: "StartsWith" overloads that take a "char" should be used (https://rules.sonarsource.com/csharp/RSPEC-6610) [C:\Projects\Hazina\src\Core\AI\Hazina.AI.RAG\Hazina.AI.RAG.csproj::TargetFramework=net9.0]
C:\Projects\Hazina\src\Core\AI\Hazina.AI.RAG\Embeddings\ContentTypeDetector.cs(149,49): warning S6610: "EndsWith" overloads that take a "char" should be used (https://rules.sonarsource.com/csharp/RSPEC-6610) [C:\Projects\Hazina\src\Core\AI\Hazina.AI.RAG\Hazina.AI.RAG.csproj::TargetFramework=net9.0]
C:\Projects\Hazina\src\Core\AI\Hazina.AI.RAG\Embeddings\ContentTypeDetector.cs(150,22): warning S6610: "StartsWith" overloads that take a "char" should be used (https://rules.sonarsource.com/csharp/RSPEC-6610) [C:\Projects\Hazina\src\Core\AI\Hazina.AI.RAG\Hazina.AI.RAG.csproj::TargetFramework=net9.0]
C:\Projects\Hazina\src\Core\AI\Hazina.AI.RAG\Embeddings\ContentTypeDetector.cs(150,49): warning S6610: "EndsWith" overloads that take a "char" should be used (https://rules.sonarsource.com/csharp/RSPEC-6610) [C:\Projects\Hazina\src\Core\AI\Hazina.AI.RAG\Hazina.AI.RAG.csproj::TargetFramework=net9.0]
C:\Projects\Hazina\src\Core\AI\Hazina.AI.RAG\Embeddings\ContentTypeDetector.cs(141,31): warning SA1629: Documentation text should end with a period (https://github.com/DotNetAnalyzers/StyleCopAnalyzers/blob/master/documentation/SA1629.md) [C:\Projects\Hazina\src\Core\AI\Hazina.AI.RAG\Hazina.AI.RAG.csproj::TargetFramework=net9.0]
C:\Projects\Hazina\src\Core\AI\Hazina.AI.RAG\Embeddings\ContentTypeDetector.cs(149,32): warning CA1866: Use 'string.StartsWith(char)' instead of 'string.StartsWith(string)' when you have a string with a single char (https://learn.microsoft.com/dotnet/fundamentals/code-analysis/quality-rules/ca1866) [C:\Projects\Hazina\src\Core\AI\Hazina.AI.RAG\Hazina.AI.RAG.csproj::TargetFramework=net9.0]
C:\Projects\Hazina\src\Core\AI\Hazina.AI.RAG\Embeddings\ContentTypeDetector.cs(149,57): warning CA1866: Use 'string.EndsWith(char)' instead of 'string.EndsWith(string)' when you have a string with a single char (https://learn.microsoft.com/dotnet/fundamentals/code-analysis/quality-rules/ca1866) [C:\Projects\Hazina\src\Core\AI\Hazina.AI.RAG\Hazina.AI.RAG.csproj::TargetFramework=net9.0]
C:\Projects\Hazina\src\Core\AI\Hazina.AI.RAG\Embeddings\ContentTypeDetector.cs(150,32): warning CA1866: Use 'string.StartsWith(char)' instead of 'string.StartsWith(string)' when you have a string with a single char (https://learn.microsoft.com/dotnet/fundamentals/code-analysis/quality-rules/ca1866) [C:\Projects\Hazina\src\Core\AI\Hazina.AI.RAG\Hazina.AI.RAG.csproj::TargetFramework=net9.0]
C:\Projects\Hazina\src\Core\AI\Hazina.AI.RAG\Embeddings\ContentTypeDetector.cs(150,57): warning CA1866: Use 'string.EndsWith(char)' instead of 'string.EndsWith(string)' when you have a string with a single char (https://learn.microsoft.com/dotnet/fundamentals/code-analysis/quality-rules/ca1866) [C:\Projects\Hazina\src\Core\AI\Hazina.AI.RAG\Hazina.AI.RAG.csproj::TargetFramework=net9.0]
C:\Projects\Hazina\src\Core\AI\Hazina.AI.RAG\Retrieval\LlmJudgeReranker.cs(82,13): warning SA1111: Closing parenthesis should be on line of last parameter (https://github.com/DotNetAnalyzers/StyleCopAnalyzers/blob/master/documentation/SA1111.md) [C:\Projects\Hazina\src\Core\AI\Hazina.AI.RAG\Hazina.AI.RAG.csproj::TargetFramework=net9.0]
C:\Projects\Hazina\src\Core\AI\Hazina.AI.RAG\Embeddings\ContentTypeDetector.cs(149,14): warning CA1310: The behavior of 'string.StartsWith(string)' could vary based on the current user's locale settings. Replace this call in 'Hazina.AI.RAG.Embeddings.ContentTypeDetector.GetJsonScore(string)' with a call to 'string.StartsWith(string, System.StringComparison)'. (https://learn.microsoft.com/dotnet/fundamentals/code-analysis/quality-rules/ca1310) [C:\Projects\Hazina\src\Core\AI\Hazina.AI.RAG\Hazina.AI.RAG.csproj::TargetFramework=net9.0]
C:\Projects\Hazina\src\Core\AI\Hazina.AI.RAG\Embeddings\ContentTypeDetector.cs(149,41): warning CA1310: The behavior of 'string.EndsWith(string)' could vary based on the current user's locale settings. Replace this call in 'Hazina.AI.RAG.Embeddings.ContentTypeDetector.GetJsonScore(string)' with a call to 'string.EndsWith(string, System.StringComparison)'. (https://learn.microsoft.com/dotnet/fundamentals/code-analysis/quality-rules/ca1310) [C:\Projects\Hazina\src\Core\AI\Hazina.AI.RAG\Hazina.AI.RAG.csproj::TargetFramework=net9.0]
C:\Projects\Hazina\src\Core\AI\Hazina.AI.RAG\Embeddings\ContentTypeDetector.cs(150,14): warning CA1310: The behavior of 'string.StartsWith(string)' could vary based on the current user's locale settings. Replace this call in 'Hazina.AI.RAG.Embeddings.ContentTypeDetector.GetJsonScore(string)' with a call to 'string.StartsWith(string, System.StringComparison)'. (https://learn.microsoft.com/dotnet/fundamentals/code-analysis/quality-rules/ca1310) [C:\Projects\Hazina\src\Core\AI\Hazina.AI.RAG\Hazina.AI.RAG.csproj::TargetFramework=net9.0]
C:\Projects\Hazina\src\Core\AI\Hazina.AI.RAG\Embeddings\ContentTypeDetector.cs(150,41): warning CA1310: The behavior of 'string.EndsWith(string)' could vary based on the current user's locale settings. Replace this call in 'Hazina.AI.RAG.Embeddings.ContentTypeDetector.GetJsonScore(string)' with a call to 'string.EndsWith(string, System.StringComparison)'. (https://learn.microsoft.com/dotnet/fundamentals/code-analysis/quality-rules/ca1310) [C:\Projects\Hazina\src\Core\AI\Hazina.AI.RAG\Hazina.AI.RAG.csproj::TargetFramework=net9.0]
C:\Projects\Hazina\src\Core\AI\Hazina.AI.RAG\Embeddings\ContentTypeDetector.cs(156,29): warning CA1875: Use 'Regex.Count' instead of 'Regex.Matches(...).Count' (https://learn.microsoft.com/dotnet/fundamentals/code-analysis/quality-rules/ca1875) [C:\Projects\Hazina\src\Core\AI\Hazina.AI.RAG\Hazina.AI.RAG.csproj::TargetFramework=net9.0]
C:\Projects\Hazina\src\Core\AI\Hazina.AI.RAG\Embeddings\ContentTypeDetector.cs(156,29): warning MA0009: Regular expressions should not be vulnerable to Denial of Service attacks (https://github.com/meziantou/Meziantou.Analyzer/blob/main/docs/Rules/MA0009.md) [C:\Projects\Hazina\src\Core\AI\Hazina.AI.RAG\Hazina.AI.RAG.csproj::TargetFramework=net9.0]
C:\Projects\Hazina\src\Core\AI\Hazina.AI.RAG\Embeddings\ContentTypeDetector.cs(149,14): warning MA0074: Use an overload of 'StartsWith' that has a StringComparison parameter (https://github.com/meziantou/Meziantou.Analyzer/blob/main/docs/Rules/MA0074.md) [C:\Projects\Hazina\src\Core\AI\Hazina.AI.RAG\Hazina.AI.RAG.csproj::TargetFramework=net9.0]
C:\Projects\Hazina\src\Core\AI\Hazina.AI.RAG\Embeddings\ContentTypeDetector.cs(149,41): warning MA0074: Use an overload of 'EndsWith' that has a StringComparison parameter (https://github.com/meziantou/Meziantou.Analyzer/blob/main/docs/Rules/MA0074.md) [C:\Projects\Hazina\src\Core\AI\Hazina.AI.RAG\Hazina.AI.RAG.csproj::TargetFramework=net9.0]
C:\Projects\Hazina\src\Core\AI\Hazina.AI.RAG\Embeddings\ContentTypeDetector.cs(150,14): warning MA0074: Use an overload of 'StartsWith' that has a StringComparison parameter (https://github.com/meziantou/Meziantou.Analyzer/blob/main/docs/Rules/MA0074.md) [C:\Projects\Hazina\src\Core\AI\Hazina.AI.RAG\Hazina.AI.RAG.csproj::TargetFramework=net9.0]
C:\Projects\Hazina\src\Core\AI\Hazina.AI.RAG\Embeddings\ContentTypeDetector.cs(150,41): warning MA0074: Use an overload of 'EndsWith' that has a StringComparison parameter (https://github.com/meziantou/Meziantou.Analyzer/blob/main/docs/Rules/MA0074.md) [C:\Projects\Hazina\src\Core\AI\Hazina.AI.RAG\Hazina.AI.RAG.csproj::TargetFramework=net9.0]
C:\Projects\Hazina\src\Core\AI\Hazina.AI.RAG\Embeddings\HierarchicalChunker.cs(94,61): warning SA1629: Documentation text should end with a period (https://github.com/DotNetAnalyzers/StyleCopAnalyzers/blob/master/documentation/SA1629.md) [C:\Projects\Hazina\src\Core\AI\Hazina.AI.RAG\Hazina.AI.RAG.csproj::TargetFramework=net9.0]
C:\Projects\Hazina\src\Core\AI\Hazina.AI.RAG\Retrieval\LlmJudgeReranker.cs(76,28): warning MA0004: Use Task.ConfigureAwait(false) if the current SynchronizationContext is not needed (https://github.com/meziantou/Meziantou.Analyzer/blob/main/docs/Rules/MA0004.md) [C:\Projects\Hazina\src\Core\AI\Hazina.AI.RAG\Hazina.AI.RAG.csproj::TargetFramework=net9.0]
C:\Projects\Hazina\src\Core\AI\Hazina.AI.RAG\Retrieval\LlmJudgeReranker.cs(86,17): warning MA0011: Use an overload of 'TryParse' that has a 'System.IFormatProvider' parameter (https://github.com/meziantou/Meziantou.Analyzer/blob/main/docs/Rules/MA0011.md) [C:\Projects\Hazina\src\Core\AI\Hazina.AI.RAG\Hazina.AI.RAG.csproj::TargetFramework=net9.0]
C:\Projects\Hazina\src\Core\AI\Hazina.AI.RAG\Retrieval\LlmJudgeReranker.cs(91,17): warning MA0011: Use an overload of 'TryParse' that has a 'System.IFormatProvider' parameter (https://github.com/meziantou/Meziantou.Analyzer/blob/main/docs/Rules/MA0011.md) [C:\Projects\Hazina\src\Core\AI\Hazina.AI.RAG\Hazina.AI.RAG.csproj::TargetFramework=net9.0]
C:\Projects\Hazina\src\Core\AI\Hazina.AI.RAG\Retrieval\LlmJudgeReranker.cs(96,9): warning CA1031: Modify 'ScoreRelevanceAsync' to catch a more specific allowed exception type, or rethrow the exception (https://learn.microsoft.com/dotnet/fundamentals/code-analysis/quality-rules/ca1031) [C:\Projects\Hazina\src\Core\AI\Hazina.AI.RAG\Hazina.AI.RAG.csproj::TargetFramework=net9.0]
C:\Projects\Hazina\src\Core\AI\Hazina.AI.RAG\Embeddings\SemanticSimilarityChunker.cs(131,26): warning S2325: Make 'SplitIntoSentences' a static method. (https://rules.sonarsource.com/csharp/RSPEC-2325) [C:\Projects\Hazina\src\Core\AI\Hazina.AI.RAG\Hazina.AI.RAG.csproj::TargetFramework=net9.0]
C:\Projects\Hazina\src\Core\AI\Hazina.AI.RAG\Embeddings\SemanticSimilarityChunker.cs(57,54): warning SA1629: Documentation text should end with a period (https://github.com/DotNetAnalyzers/StyleCopAnalyzers/blob/master/documentation/SA1629.md) [C:\Projects\Hazina\src\Core\AI\Hazina.AI.RAG\Hazina.AI.RAG.csproj::TargetFramework=net9.0]
C:\Projects\Hazina\src\Core\AI\Hazina.AI.RAG\Embeddings\SemanticSimilarityChunker.cs(65,13): warning SA1503: Braces should not be omitted (https://github.com/DotNetAnalyzers/StyleCopAnalyzers/blob/master/documentation/SA1503.md) [C:\Projects\Hazina\src\Core\AI\Hazina.AI.RAG\Hazina.AI.RAG.csproj::TargetFramework=net9.0]
C:\Projects\Hazina\src\Core\AI\Hazina.AI.RAG\Embeddings\SemanticSimilarityChunker.cs(86,17): warning SA1503: Braces should not be omitted (https://github.com/DotNetAnalyzers/StyleCopAnalyzers/blob/master/documentation/SA1503.md) [C:\Projects\Hazina\src\Core\AI\Hazina.AI.RAG\Hazina.AI.RAG.csproj::TargetFramework=net9.0]
C:\Projects\Hazina\src\Core\AI\Hazina.AI.RAG\Embeddings\LLMMetadataExtractor.cs(75,25): warning CA1002: Change 'List<TextChunk>' in 'LLMMetadataExtractor.ExtractBatchMetadataAsync(List<TextChunk>, [CancellationToken])' to use 'Collection<T>', 'ReadOnlyCollection<T>' or 'KeyedCollection<K,V>' (https://learn.microsoft.com/dotnet/fundamentals/code-analysis/quality-rules/ca1002) [C:\Projects\Hazina\src\Core\AI\Hazina.AI.RAG\Hazina.AI.RAG.csproj::TargetFramework=net9.0]
C:\Projects\Hazina\src\Core\AI\Hazina.AI.RAG\Embeddings\LLMMetadataExtractor.cs(74,18): warning MA0016: Prefer using collection abstraction instead of implementation (https://github.com/meziantou/Meziantou.Analyzer/blob/main/docs/Rules/MA0016.md) [C:\Projects\Hazina\src\Core\AI\Hazina.AI.RAG\Hazina.AI.RAG.csproj::TargetFramework=net9.0]
C:\Projects\Hazina\src\Core\AI\Hazina.AI.RAG\Embeddings\LLMMetadataExtractor.cs(75,9): warning MA0016: Prefer using collection abstraction instead of implementation (https://github.com/meziantou/Meziantou.Analyzer/blob/main/docs/Rules/MA0016.md) [C:\Projects\Hazina\src\Core\AI\Hazina.AI.RAG\Hazina.AI.RAG.csproj::TargetFramework=net9.0]
C:\Projects\Hazina\src\Core\AI\Hazina.AI.RAG\Embeddings\SemanticSimilarityChunker.cs(75,21): warning CA1873: Evaluation of this argument may be expensive and unnecessary if logging is disabled (https://learn.microsoft.com/dotnet/fundamentals/code-analysis/quality-rules/ca1873) [C:\Projects\Hazina\src\Core\AI\Hazina.AI.RAG\Hazina.AI.RAG.csproj::TargetFramework=net9.0]
C:\Projects\Hazina\src\Core\AI\Hazina.AI.RAG\Embeddings\SemanticSimilarityChunker.cs(79,21): warning CA1873: Evaluation of this argument may be expensive and unnecessary if logging is disabled (https://learn.microsoft.com/dotnet/fundamentals/code-analysis/quality-rules/ca1873) [C:\Projects\Hazina\src\Core\AI\Hazina.AI.RAG\Hazina.AI.RAG.csproj::TargetFramework=net9.0]
C:\Projects\Hazina\src\Core\AI\Hazina.AI.RAG\Embeddings\SemanticSimilarityChunker.cs(83,21): warning CA1873: Evaluation of this argument may be expensive and unnecessary if logging is disabled (https://learn.microsoft.com/dotnet/fundamentals/code-analysis/quality-rules/ca1873) [C:\Projects\Hazina\src\Core\AI\Hazina.AI.RAG\Hazina.AI.RAG.csproj::TargetFramework=net9.0]
C:\Projects\Hazina\src\Core\AI\Hazina.AI.RAG\Embeddings\SemanticSimilarityChunker.cs(99,21): warning CA1873: Evaluation of this argument may be expensive and unnecessary if logging is disabled (https://learn.microsoft.com/dotnet/fundamentals/code-analysis/quality-rules/ca1873) [C:\Projects\Hazina\src\Core\AI\Hazina.AI.RAG\Hazina.AI.RAG.csproj::TargetFramework=net9.0]
C:\Projects\Hazina\src\Core\AI\Hazina.AI.RAG\Embeddings\SemanticSimilarityChunker.cs(103,21): warning CA1873: Evaluation of this argument may be expensive and unnecessary if logging is disabled (https://learn.microsoft.com/dotnet/fundamentals/code-analysis/quality-rules/ca1873) [C:\Projects\Hazina\src\Core\AI\Hazina.AI.RAG\Hazina.AI.RAG.csproj::TargetFramework=net9.0]
C:\Projects\Hazina\src\Core\AI\Hazina.AI.RAG\Embeddings\SemanticSimilarityChunker.cs(107,21): warning CA1873: Evaluation of this argument may be expensive and unnecessary if logging is disabled (https://learn.microsoft.com/dotnet/fundamentals/code-analysis/quality-rules/ca1873) [C:\Projects\Hazina\src\Core\AI\Hazina.AI.RAG\Hazina.AI.RAG.csproj::TargetFramework=net9.0]
C:\Projects\Hazina\src\Core\AI\Hazina.AI.RAG\Embeddings\SemanticSimilarityChunker.cs(111,21): warning CA1873: Evaluation of this argument may be expensive and unnecessary if logging is disabled (https://learn.microsoft.com/dotnet/fundamentals/code-analysis/quality-rules/ca1873) [C:\Projects\Hazina\src\Core\AI\Hazina.AI.RAG\Hazina.AI.RAG.csproj::TargetFramework=net9.0]
C:\Projects\Hazina\src\Core\AI\Hazina.AI.RAG\Embeddings\SemanticSimilarityChunker.cs(69,21): warning CA1848: For improved performance, use the LoggerMessage delegates instead of calling 'LoggerExtensions.LogWarning(ILogger, string?, params object?[])' (https://learn.microsoft.com/dotnet/fundamentals/code-analysis/quality-rules/ca1848) [C:\Projects\Hazina\src\Core\AI\Hazina.AI.RAG\Hazina.AI.RAG.csproj::TargetFramework=net9.0]
C:\Projects\Hazina\src\Core\AI\Hazina.AI.RAG\Embeddings\SemanticSimilarityChunker.cs(75,21): warning CA1848: For improved performance, use the LoggerMessage delegates instead of calling 'LoggerExtensions.LogInformation(ILogger, string?, params object?[])' (https://learn.microsoft.com/dotnet/fundamentals/code-analysis/quality-rules/ca1848) [C:\Projects\Hazina\src\Core\AI\Hazina.AI.RAG\Hazina.AI.RAG.csproj::TargetFramework=net9.0]
C:\Projects\Hazina\src\Core\AI\Hazina.AI.RAG\Embeddings\SemanticSimilarityChunker.cs(79,21): warning CA1848: For improved performance, use the LoggerMessage delegates instead of calling 'LoggerExtensions.LogDebug(ILogger, string?, params object?[])' (https://learn.microsoft.com/dotnet/fundamentals/code-analysis/quality-rules/ca1848) [C:\Projects\Hazina\src\Core\AI\Hazina.AI.RAG\Hazina.AI.RAG.csproj::TargetFramework=net9.0]
C:\Projects\Hazina\src\Core\AI\Hazina.AI.RAG\Embeddings\SemanticSimilarityChunker.cs(83,21): warning CA1848: For improved performance, use the LoggerMessage delegates instead of calling 'LoggerExtensions.LogDebug(ILogger, string?, params object?[])' (https://learn.microsoft.com/dotnet/fundamentals/code-analysis/quality-rules/ca1848) [C:\Projects\Hazina\src\Core\AI\Hazina.AI.RAG\Hazina.AI.RAG.csproj::TargetFramework=net9.0]
C:\Projects\Hazina\src\Core\AI\Hazina.AI.RAG\Embeddings\SemanticSimilarityChunker.cs(99,21): warning CA1848: For improved performance, use the LoggerMessage delegates instead of calling 'LoggerExtensions.LogDebug(ILogger, string?, params object?[])' (https://learn.microsoft.com/dotnet/fundamentals/code-analysis/quality-rules/ca1848) [C:\Projects\Hazina\src\Core\AI\Hazina.AI.RAG\Hazina.AI.RAG.csproj::TargetFramework=net9.0]
C:\Projects\Hazina\src\Core\AI\Hazina.AI.RAG\Embeddings\SemanticSimilarityChunker.cs(103,21): warning CA1848: For improved performance, use the LoggerMessage delegates instead of calling 'LoggerExtensions.LogDebug(ILogger, string?, params object?[])' (https://learn.microsoft.com/dotnet/fundamentals/code-analysis/quality-rules/ca1848) [C:\Projects\Hazina\src\Core\AI\Hazina.AI.RAG\Hazina.AI.RAG.csproj::TargetFramework=net9.0]
C:\Projects\Hazina\src\Core\AI\Hazina.AI.RAG\Embeddings\SemanticSimilarityChunker.cs(107,21): warning CA1848: For improved performance, use the LoggerMessage delegates instead of calling 'LoggerExtensions.LogInformation(ILogger, string?, params object?[])' (https://learn.microsoft.com/dotnet/fundamentals/code-analysis/quality-rules/ca1848) [C:\Projects\Hazina\src\Core\AI\Hazina.AI.RAG\Hazina.AI.RAG.csproj::TargetFramework=net9.0]
C:\Projects\Hazina\src\Core\AI\Hazina.AI.RAG\Embeddings\SemanticSimilarityChunker.cs(111,21): warning CA1848: For improved performance, use the LoggerMessage delegates instead of calling 'LoggerExtensions.LogInformation(ILogger, string?, params object?[])' (https://learn.microsoft.com/dotnet/fundamentals/code-analysis/quality-rules/ca1848) [C:\Projects\Hazina\src\Core\AI\Hazina.AI.RAG\Hazina.AI.RAG.csproj::TargetFramework=net9.0]
C:\Projects\Hazina\src\Core\AI\Hazina.AI.RAG\Embeddings\SemanticSimilarityChunker.cs(123,21): warning CA1848: For improved performance, use the LoggerMessage delegates instead of calling 'LoggerExtensions.LogError(ILogger, Exception?, string?, params object?[])' (https://learn.microsoft.com/dotnet/fundamentals/code-analysis/quality-rules/ca1848) [C:\Projects\Hazina\src\Core\AI\Hazina.AI.RAG\Hazina.AI.RAG.csproj::TargetFramework=net9.0]
C:\Projects\Hazina\src\Core\AI\Hazina.AI.RAG\Embeddings\SemanticSimilarityChunker.cs(98,30): warning MA0004: Use Task.ConfigureAwait(false) if the current SynchronizationContext is not needed (https://github.com/meziantou/Meziantou.Analyzer/blob/main/docs/Rules/MA0004.md) [C:\Projects\Hazina\src\Core\AI\Hazina.AI.RAG\Hazina.AI.RAG.csproj::TargetFramework=net9.0]
C:\Projects\Hazina\src\Core\AI\Hazina.AI.RAG\Embeddings\SemanticSimilarityChunker.cs(116,17): warning MA0004: Use Task.ConfigureAwait(false) if the current SynchronizationContext is not needed (https://github.com/meziantou/Meziantou.Analyzer/blob/main/docs/Rules/MA0004.md) [C:\Projects\Hazina\src\Core\AI\Hazina.AI.RAG\Hazina.AI.RAG.csproj::TargetFramework=net9.0]
C:\Projects\Hazina\src\Core\AI\Hazina.AI.RAG\Graph\Pipeline\LLMRelationshipExtractor.cs(142,40): warning SA1116: The parameters should begin on the line after the declaration, whenever the parameter span across multiple lines (https://github.com/DotNetAnalyzers/StyleCopAnalyzers/blob/master/documentation/SA1116.md) [C:\Projects\Hazina\src\Core\AI\Hazina.AI.RAG\Hazina.AI.RAG.csproj::TargetFramework=net9.0]
C:\Projects\Hazina\src\Core\AI\Hazina.AI.RAG\Graph\Pipeline\LLMRelationshipExtractor.cs(150,38): warning SA1116: The parameters should begin on the line after the declaration, whenever the parameter span across multiple lines (https://github.com/DotNetAnalyzers/StyleCopAnalyzers/blob/master/documentation/SA1116.md) [C:\Projects\Hazina\src\Core\AI\Hazina.AI.RAG\Hazina.AI.RAG.csproj::TargetFramework=net9.0]
C:\Projects\Hazina\src\Core\AI\Hazina.AI.RAG\Graph\Pipeline\LLMRelationshipExtractor.cs(158,40): warning SA1116: The parameters should begin on the line after the declaration, whenever the parameter span across multiple lines (https://github.com/DotNetAnalyzers/StyleCopAnalyzers/blob/master/documentation/SA1116.md) [C:\Projects\Hazina\src\Core\AI\Hazina.AI.RAG\Hazina.AI.RAG.csproj::TargetFramework=net9.0]
C:\Projects\Hazina\src\Core\AI\Hazina.AI.RAG\Graph\Pipeline\LLMRelationshipExtractor.cs(165,40): warning SA1116: The parameters should begin on the line after the declaration, whenever the parameter span across multiple lines (https://github.com/DotNetAnalyzers/StyleCopAnalyzers/blob/master/documentation/SA1116.md) [C:\Projects\Hazina\src\Core\AI\Hazina.AI.RAG\Hazina.AI.RAG.csproj::TargetFramework=net9.0]
C:\Projects\Hazina\src\Core\AI\Hazina.AI.RAG\Graph\Pipeline\LLMRelationshipExtractor.cs(150,21): warning CA1873: Evaluation of this argument may be expensive and unnecessary if logging is disabled (https://learn.microsoft.com/dotnet/fundamentals/code-analysis/quality-rules/ca1873) [C:\Projects\Hazina\src\Core\AI\Hazina.AI.RAG\Hazina.AI.RAG.csproj::TargetFramework=net9.0]
C:\Projects\Hazina\src\Core\AI\Hazina.AI.RAG\Embeddings\SemanticSimilarityChunker.cs(129,59): warning SA1629: Documentation text should end with a period (https://github.com/DotNetAnalyzers/StyleCopAnalyzers/blob/master/documentation/SA1629.md) [C:\Projects\Hazina\src\Core\AI\Hazina.AI.RAG\Hazina.AI.RAG.csproj::TargetFramework=net9.0]
C:\Projects\Hazina\src\Core\AI\Hazina.AI.RAG\Embeddings\SemanticSimilarityChunker.cs(138,9): warning SA1111: Closing parenthesis should be on line of last parameter (https://github.com/DotNetAnalyzers/StyleCopAnalyzers/blob/master/documentation/SA1111.md) [C:\Projects\Hazina\src\Core\AI\Hazina.AI.RAG\Hazina.AI.RAG.csproj::TargetFramework=net9.0]
C:\Projects\Hazina\src\Core\AI\Hazina.AI.RAG\Embeddings\SemanticSimilarityChunker.cs(121,9): warning CA1031: Modify 'ChunkAsync' to catch a more specific allowed exception type, or rethrow the exception (https://learn.microsoft.com/dotnet/fundamentals/code-analysis/quality-rules/ca1031) [C:\Projects\Hazina\src\Core\AI\Hazina.AI.RAG\Hazina.AI.RAG.csproj::TargetFramework=net9.0]
C:\Projects\Hazina\src\Core\AI\Hazina.AI.RAG\Graph\Pipeline\LLMRelationshipExtractor.cs(130,17): warning CA1848: For improved performance, use the LoggerMessage delegates instead of calling 'LoggerExtensions.LogWarning(ILogger, string?, params object?[])' (https://learn.microsoft.com/dotnet/fundamentals/code-analysis/quality-rules/ca1848) [C:\Projects\Hazina\src\Core\AI\Hazina.AI.RAG\Hazina.AI.RAG.csproj::TargetFramework=net9.0]
C:\Projects\Hazina\src\Core\AI\Hazina.AI.RAG\Graph\Pipeline\LLMRelationshipExtractor.cs(142,21): warning CA1848: For improved performance, use the LoggerMessage delegates instead of calling 'LoggerExtensions.LogWarning(ILogger, string?, params object?[])' (https://learn.microsoft.com/dotnet/fundamentals/code-analysis/quality-rules/ca1848) [C:\Projects\Hazina\src\Core\AI\Hazina.AI.RAG\Hazina.AI.RAG.csproj::TargetFramework=net9.0]
C:\Projects\Hazina\src\Core\AI\Hazina.AI.RAG\Graph\Pipeline\LLMRelationshipExtractor.cs(150,21): warning CA1848: For improved performance, use the LoggerMessage delegates instead of calling 'LoggerExtensions.LogDebug(ILogger, string?, params object?[])' (https://learn.microsoft.com/dotnet/fundamentals/code-analysis/quality-rules/ca1848) [C:\Projects\Hazina\src\Core\AI\Hazina.AI.RAG\Hazina.AI.RAG.csproj::TargetFramework=net9.0]
C:\Projects\Hazina\src\Core\AI\Hazina.AI.RAG\Graph\Pipeline\LLMRelationshipExtractor.cs(158,21): warning CA1848: For improved performance, use the LoggerMessage delegates instead of calling 'LoggerExtensions.LogWarning(ILogger, string?, params object?[])' (https://learn.microsoft.com/dotnet/fundamentals/code-analysis/quality-rules/ca1848) [C:\Projects\Hazina\src\Core\AI\Hazina.AI.RAG\Hazina.AI.RAG.csproj::TargetFramework=net9.0]
C:\Projects\Hazina\src\Core\AI\Hazina.AI.RAG\Graph\Pipeline\LLMRelationshipExtractor.cs(165,21): warning CA1848: For improved performance, use the LoggerMessage delegates instead of calling 'LoggerExtensions.LogWarning(ILogger, string?, params object?[])' (https://learn.microsoft.com/dotnet/fundamentals/code-analysis/quality-rules/ca1848) [C:\Projects\Hazina\src\Core\AI\Hazina.AI.RAG\Hazina.AI.RAG.csproj::TargetFramework=net9.0]
C:\Projects\Hazina\src\Core\AI\Hazina.AI.RAG\Extensions\DocumentStoreSemanticExtensions.cs(166,9): warning MA0016: Prefer using collection abstraction instead of implementation (https://github.com/meziantou/Meziantou.Analyzer/blob/main/docs/Rules/MA0016.md) [C:\Projects\Hazina\src\Core\AI\Hazina.AI.RAG\Hazina.AI.RAG.csproj::TargetFramework=net9.0]
C:\Projects\Hazina\src\Core\AI\Hazina.AI.RAG\Graph\Pipeline\LLMRelationshipExtractor.cs(192,13): warning CA1848: For improved performance, use the LoggerMessage delegates instead of calling 'LoggerExtensions.LogError(ILogger, Exception?, string?, params object?[])' (https://learn.microsoft.com/dotnet/fundamentals/code-analysis/quality-rules/ca1848) [C:\Projects\Hazina\src\Core\AI\Hazina.AI.RAG\Hazina.AI.RAG.csproj::TargetFramework=net9.0]
C:\Projects\Hazina\src\Core\AI\Hazina.AI.RAG\Graph\Pipeline\GraphConstructionPipeline.cs(200,18): warning MA0016: Prefer using collection abstraction instead of implementation (https://github.com/meziantou/Meziantou.Analyzer/blob/main/docs/Rules/MA0016.md) [C:\Projects\Hazina\src\Core\AI\Hazina.AI.RAG\Hazina.AI.RAG.csproj::TargetFramework=net9.0]
C:\Projects\Hazina\src\Core\AI\Hazina.AI.RAG\Graph\Pipeline\GraphConstructionPipeline.cs(201,9): warning MA0016: Prefer using collection abstraction instead of implementation (https://github.com/meziantou/Meziantou.Analyzer/blob/main/docs/Rules/MA0016.md) [C:\Projects\Hazina\src\Core\AI\Hazina.AI.RAG\Hazina.AI.RAG.csproj::TargetFramework=net9.0]
C:\Projects\Hazina\src\Core\AI\Hazina.AI.RAG\Graph\Pipeline\LLMRelationshipExtractor.cs(113,17): warning CA1310: The behavior of 'string.StartsWith(string)' could vary based on the current user's locale settings. Replace this call in 'Hazina.AI.RAG.Graph.Pipeline.LLMRelationshipExtractor.ParseRelationshipResponse(string, System.Collections.Generic.List<Hazina.AI.RAG.Graph.Models.GraphEntity>, string?, string)' with a call to 'string.StartsWith(string, System.StringComparison)'. (https://learn.microsoft.com/dotnet/fundamentals/code-analysis/quality-rules/ca1310) [C:\Projects\Hazina\src\Core\AI\Hazina.AI.RAG\Hazina.AI.RAG.csproj::TargetFramework=net9.0]
C:\Projects\Hazina\src\Core\AI\Hazina.AI.RAG\Graph\Pipeline\LLMRelationshipExtractor.cs(117,17): warning CA1310: The behavior of 'string.StartsWith(string)' could vary based on the current user's locale settings. Replace this call in 'Hazina.AI.RAG.Graph.Pipeline.LLMRelationshipExtractor.ParseRelationshipResponse(string, System.Collections.Generic.List<Hazina.AI.RAG.Graph.Models.GraphEntity>, string?, string)' with a call to 'string.StartsWith(string, System.StringComparison)'. (https://learn.microsoft.com/dotnet/fundamentals/code-analysis/quality-rules/ca1310) [C:\Projects\Hazina\src\Core\AI\Hazina.AI.RAG\Hazina.AI.RAG.csproj::TargetFramework=net9.0]
C:\Projects\Hazina\src\Core\AI\Hazina.AI.RAG\Graph\Pipeline\LLMRelationshipExtractor.cs(121,17): warning CA1310: The behavior of 'string.EndsWith(string)' could vary based on the current user's locale settings. Replace this call in 'Hazina.AI.RAG.Graph.Pipeline.LLMRelationshipExtractor.ParseRelationshipResponse(string, System.Collections.Generic.List<Hazina.AI.RAG.Graph.Models.GraphEntity>, string?, string)' with a call to 'string.EndsWith(string, System.StringComparison)'. (https://learn.microsoft.com/dotnet/fundamentals/code-analysis/quality-rules/ca1310) [C:\Projects\Hazina\src\Core\AI\Hazina.AI.RAG\Hazina.AI.RAG.csproj::TargetFramework=net9.0]
C:\Projects\Hazina\src\Core\AI\Hazina.AI.RAG\Graph\Pipeline\EntityNormalizationService.cs(74,13): warning CA1873: Evaluation of this argument may be expensive and unnecessary if logging is disabled (https://learn.microsoft.com/dotnet/fundamentals/code-analysis/quality-rules/ca1873) [C:\Projects\Hazina\src\Core\AI\Hazina.AI.RAG\Hazina.AI.RAG.csproj::TargetFramework=net9.0]
C:\Projects\Hazina\src\Core\AI\Hazina.AI.RAG\Graph\Pipeline\EntityNormalizationService.cs(74,13): warning CA1848: For improved performance, use the LoggerMessage delegates instead of calling 'LoggerExtensions.LogDebug(ILogger, string?, params object?[])' (https://learn.microsoft.com/dotnet/fundamentals/code-analysis/quality-rules/ca1848) [C:\Projects\Hazina\src\Core\AI\Hazina.AI.RAG\Hazina.AI.RAG.csproj::TargetFramework=net9.0]
C:\Projects\Hazina\src\Core\AI\Hazina.AI.RAG\Graph\Pipeline\EntityNormalizationService.cs(66,32): warning MA0004: Use Task.ConfigureAwait(false) if the current SynchronizationContext is not needed (https://github.com/meziantou/Meziantou.Analyzer/blob/main/docs/Rules/MA0004.md) [C:\Projects\Hazina\src\Core\AI\Hazina.AI.RAG\Hazina.AI.RAG.csproj::TargetFramework=net9.0]
C:\Projects\Hazina\src\Core\AI\Hazina.AI.RAG\Extensions\DocumentStoreSemanticExtensions.cs(156,53): warning SA1629: Documentation text should end with a period (https://github.com/DotNetAnalyzers/StyleCopAnalyzers/blob/master/documentation/SA1629.md) [C:\Projects\Hazina\src\Core\AI\Hazina.AI.RAG\Hazina.AI.RAG.csproj::TargetFramework=net9.0]
C:\Projects\Hazina\src\Core\AI\Hazina.AI.RAG\Extensions\DocumentStoreSemanticExtensions.cs(195,9): warning SA1111: Closing parenthesis should be on line of last parameter (https://github.com/DotNetAnalyzers/StyleCopAnalyzers/blob/master/documentation/SA1111.md) [C:\Projects\Hazina\src\Core\AI\Hazina.AI.RAG\Hazina.AI.RAG.csproj::TargetFramework=net9.0]
C:\Projects\Hazina\src\Core\AI\Hazina.AI.RAG\Embeddings\ContentTypeDetector.cs(163,64): warning SA1629: Documentation text should end with a period (https://github.com/DotNetAnalyzers/StyleCopAnalyzers/blob/master/documentation/SA1629.md) [C:\Projects\Hazina\src\Core\AI\Hazina.AI.RAG\Hazina.AI.RAG.csproj::TargetFramework=net9.0]
C:\Projects\Hazina\src\Core\AI\Hazina.AI.RAG\Graph\Retrieval\HybridRetrievalService.cs(39,18): warning MA0016: Prefer using collection abstraction instead of implementation (https://github.com/meziantou/Meziantou.Analyzer/blob/main/docs/Rules/MA0016.md) [C:\Projects\Hazina\src\Core\AI\Hazina.AI.RAG\Hazina.AI.RAG.csproj::TargetFramework=net9.0]
C:\Projects\Hazina\src\Core\AI\Hazina.AI.RAG\Extensions\DocumentStoreSemanticExtensions.cs(171,27): warning MA0004: Use Task.ConfigureAwait(false) if the current SynchronizationContext is not needed (https://github.com/meziantou/Meziantou.Analyzer/blob/main/docs/Rules/MA0004.md) [C:\Projects\Hazina\src\Core\AI\Hazina.AI.RAG\Hazina.AI.RAG.csproj::TargetFramework=net9.0]
C:\Projects\Hazina\src\Core\AI\Hazina.AI.RAG\Extensions\DocumentStoreSemanticExtensions.cs(173,15): warning MA0004: Use Task.ConfigureAwait(false) if the current SynchronizationContext is not needed (https://github.com/meziantou/Meziantou.Analyzer/blob/main/docs/Rules/MA0004.md) [C:\Projects\Hazina\src\Core\AI\Hazina.AI.RAG\Hazina.AI.RAG.csproj::TargetFramework=net9.0]
C:\Projects\Hazina\src\Core\AI\Hazina.AI.RAG\Extensions\DocumentStoreSemanticExtensions.cs(186,16): warning MA0004: Use Task.ConfigureAwait(false) if the current SynchronizationContext is not needed (https://github.com/meziantou/Meziantou.Analyzer/blob/main/docs/Rules/MA0004.md) [C:\Projects\Hazina\src\Core\AI\Hazina.AI.RAG\Hazina.AI.RAG.csproj::TargetFramework=net9.0]
C:\Projects\Hazina\src\Core\AI\Hazina.AI.RAG\Graph\Storage\SQLiteGraphStore.cs(426,9): warning MA0004: Use Task.ConfigureAwait(false) if the current SynchronizationContext is not needed (https://github.com/meziantou/Meziantou.Analyzer/blob/main/docs/Rules/MA0004.md) [C:\Projects\Hazina\src\Core\AI\Hazina.AI.RAG\Hazina.AI.RAG.csproj::TargetFramework=net9.0]
C:\Projects\Hazina\src\Core\AI\Hazina.AI.RAG\Extensions\DocumentStoreSemanticExtensions.cs(181,43): warning MA0002: Use an overload that has a IEqualityComparer<string> or IComparer<string> parameter (https://github.com/meziantou/Meziantou.Analyzer/blob/main/docs/Rules/MA0002.md) [C:\Projects\Hazina\src\Core\AI\Hazina.AI.RAG\Hazina.AI.RAG.csproj::TargetFramework=net9.0]
C:\Projects\Hazina\src\Core\AI\Hazina.AI.RAG\Graph\Storage\SQLiteGraphStore.cs(434,28): warning MA0004: Use Task.ConfigureAwait(false) if the current SynchronizationContext is not needed (https://github.com/meziantou/Meziantou.Analyzer/blob/main/docs/Rules/MA0004.md) [C:\Projects\Hazina\src\Core\AI\Hazina.AI.RAG\Hazina.AI.RAG.csproj::TargetFramework=net9.0]
C:\Projects\Hazina\src\Core\AI\Hazina.AI.RAG\Graph\Storage\SQLiteGraphStore.cs(435,16): warning MA0004: Use Task.ConfigureAwait(false) if the current SynchronizationContext is not needed (https://github.com/meziantou/Meziantou.Analyzer/blob/main/docs/Rules/MA0004.md) [C:\Projects\Hazina\src\Core\AI\Hazina.AI.RAG\Hazina.AI.RAG.csproj::TargetFramework=net9.0]
C:\Projects\Hazina\src\Core\AI\Hazina.AI.RAG\Graph\Storage\SQLiteGraphStore.cs(373,37): warning S6966: Await BeginTransactionAsync instead. (https://rules.sonarsource.com/csharp/RSPEC-6966) [C:\Projects\Hazina\src\Core\AI\Hazina.AI.RAG\Hazina.AI.RAG.csproj::TargetFramework=net9.0]
C:\Projects\Hazina\src\Core\AI\Hazina.AI.RAG\Embeddings\BasicMetadataExtractor.cs(72,25): warning CA1002: Change 'List<string>' in 'BasicMetadataExtractor.ExtractKeywordsTFIDF(string, [int])' to use 'Collection<T>', 'ReadOnlyCollection<T>' or 'KeyedCollection<K,V>' (https://learn.microsoft.com/dotnet/fundamentals/code-analysis/quality-rules/ca1002) [C:\Projects\Hazina\src\Core\AI\Hazina.AI.RAG\Hazina.AI.RAG.csproj::TargetFramework=net9.0]
C:\Projects\Hazina\src\Core\AI\Hazina.AI.RAG\Embeddings\BasicMetadataExtractor.cs(72,12): warning MA0016: Prefer using collection abstraction instead of implementation (https://github.com/meziantou/Meziantou.Analyzer/blob/main/docs/Rules/MA0016.md) [C:\Projects\Hazina\src\Core\AI\Hazina.AI.RAG\Hazina.AI.RAG.csproj::TargetFramework=net9.0]
C:\Projects\Hazina\src\Core\AI\Hazina.AI.RAG\Embeddings\LLMMetadataExtractor.cs(72,86): warning SA1629: Documentation text should end with a period (https://github.com/DotNetAnalyzers/StyleCopAnalyzers/blob/master/documentation/SA1629.md) [C:\Projects\Hazina\src\Core\AI\Hazina.AI.RAG\Hazina.AI.RAG.csproj::TargetFramework=net9.0]
C:\Projects\Hazina\src\Core\AI\Hazina.AI.RAG\Embeddings\LLMMetadataExtractor.cs(79,13): warning SA1503: Braces should not be omitted (https://github.com/DotNetAnalyzers/StyleCopAnalyzers/blob/master/documentation/SA1503.md) [C:\Projects\Hazina\src\Core\AI\Hazina.AI.RAG\Hazina.AI.RAG.csproj::TargetFramework=net9.0]
C:\Projects\Hazina\src\Core\AI\Hazina.AI.RAG\Embeddings\LLMMetadataExtractor.cs(99,17): warning SA1111: Closing parenthesis should be on line of last parameter (https://github.com/DotNetAnalyzers/StyleCopAnalyzers/blob/master/documentation/SA1111.md) [C:\Projects\Hazina\src\Core\AI\Hazina.AI.RAG\Hazina.AI.RAG.csproj::TargetFramework=net9.0]
C:\Projects\Hazina\src\Core\AI\Hazina.AI.RAG\Graph\Storage\SQLiteGraphStore.cs(449,9): warning MA0004: Use Task.ConfigureAwait(false) if the current SynchronizationContext is not needed (https://github.com/meziantou/Meziantou.Analyzer/blob/main/docs/Rules/MA0004.md) [C:\Projects\Hazina\src\Core\AI\Hazina.AI.RAG\Hazina.AI.RAG.csproj::TargetFramework=net9.0]
C:\Projects\Hazina\src\Core\AI\Hazina.AI.RAG\Graph\Storage\SQLiteGraphStore.cs(454,9): warning MA0004: Use Task.ConfigureAwait(false) if the current SynchronizationContext is not needed (https://github.com/meziantou/Meziantou.Analyzer/blob/main/docs/Rules/MA0004.md) [C:\Projects\Hazina\src\Core\AI\Hazina.AI.RAG\Hazina.AI.RAG.csproj::TargetFramework=net9.0]
C:\Projects\Hazina\src\Core\AI\Hazina.AI.RAG\Graph\Storage\SQLiteGraphStore.cs(451,23): warning MA0002: Use an overload that has a IEqualityComparer<string> or IComparer<string> parameter (https://github.com/meziantou/Meziantou.Analyzer/blob/main/docs/Rules/MA0002.md) [C:\Projects\Hazina\src\Core\AI\Hazina.AI.RAG\Hazina.AI.RAG.csproj::TargetFramework=net9.0]
C:\Projects\Hazina\src\Core\AI\Hazina.AI.RAG\Embeddings\LLMMetadataExtractor.cs(94,25): warning CA1873: Evaluation of this argument may be expensive and unnecessary if logging is disabled (https://learn.microsoft.com/dotnet/fundamentals/code-analysis/quality-rules/ca1873) [C:\Projects\Hazina\src\Core\AI\Hazina.AI.RAG\Hazina.AI.RAG.csproj::TargetFramework=net9.0]
C:\Projects\Hazina\src\Core\AI\Hazina.AI.RAG\Embeddings\LLMMetadataExtractor.cs(94,25): warning CA1848: For improved performance, use the LoggerMessage delegates instead of calling 'LoggerExtensions.LogDebug(ILogger, string?, params object?[])' (https://learn.microsoft.com/dotnet/fundamentals/code-analysis/quality-rules/ca1848) [C:\Projects\Hazina\src\Core\AI\Hazina.AI.RAG\Hazina.AI.RAG.csproj::TargetFramework=net9.0]
C:\Projects\Hazina\src\Core\AI\Hazina.AI.RAG\Embeddings\LLMMetadataExtractor.cs(106,21): warning CA1848: For improved performance, use the LoggerMessage delegates instead of calling 'LoggerExtensions.LogError(ILogger, Exception?, string?, params object?[])' (https://learn.microsoft.com/dotnet/fundamentals/code-analysis/quality-rules/ca1848) [C:\Projects\Hazina\src\Core\AI\Hazina.AI.RAG\Hazina.AI.RAG.csproj::TargetFramework=net9.0]
C:\Projects\Hazina\src\Core\AI\Hazina.AI.RAG\Graph\Pipeline\LLMRelationshipExtractor.cs(113,17): warning MA0074: Use an overload of 'StartsWith' that has a StringComparison parameter (https://github.com/meziantou/Meziantou.Analyzer/blob/main/docs/Rules/MA0074.md) [C:\Projects\Hazina\src\Core\AI\Hazina.AI.RAG\Hazina.AI.RAG.csproj::TargetFramework=net9.0]
C:\Projects\Hazina\src\Core\AI\Hazina.AI.RAG\Graph\Pipeline\LLMRelationshipExtractor.cs(117,17): warning MA0074: Use an overload of 'StartsWith' that has a StringComparison parameter (https://github.com/meziantou/Meziantou.Analyzer/blob/main/docs/Rules/MA0074.md) [C:\Projects\Hazina\src\Core\AI\Hazina.AI.RAG\Hazina.AI.RAG.csproj::TargetFramework=net9.0]
C:\Projects\Hazina\src\Core\AI\Hazina.AI.RAG\Graph\Pipeline\LLMRelationshipExtractor.cs(121,17): warning MA0074: Use an overload of 'EndsWith' that has a StringComparison parameter (https://github.com/meziantou/Meziantou.Analyzer/blob/main/docs/Rules/MA0074.md) [C:\Projects\Hazina\src\Core\AI\Hazina.AI.RAG\Hazina.AI.RAG.csproj::TargetFramework=net9.0]
C:\Projects\Hazina\src\Core\AI\Hazina.AI.RAG\Embeddings\LLMMetadataExtractor.cs(91,36): warning MA0004: Use Task.ConfigureAwait(false) if the current SynchronizationContext is not needed (https://github.com/meziantou/Meziantou.Analyzer/blob/main/docs/Rules/MA0004.md) [C:\Projects\Hazina\src\Core\AI\Hazina.AI.RAG\Hazina.AI.RAG.csproj::TargetFramework=net9.0]
C:\Projects\Hazina\src\Core\AI\Hazina.AI.RAG\Extensions\DocumentStoreSemanticExtensions.cs(170,31): warning CA1062: In externally visible method 'Task<bool> DocumentStoreSemanticExtensions.StoreWithSemanticChunking(DocumentStore documentStore, string name, byte[] content, string mimeType, IEmbeddingGenerator embeddingGenerator, TextChunkingOptions? chunkingOptions = null, ILLMClient? llmClient = null, Dictionary<string, string>? metadata = null, CancellationToken ct = default(CancellationToken))', validate parameter 'documentStore' is non-null before using it. If appropriate, throw an 'ArgumentNullException' when the argument is 'null'. (https://learn.microsoft.com/dotnet/fundamentals/code-analysis/quality-rules/ca1062) [C:\Projects\Hazina\src\Core\AI\Hazina.AI.RAG\Hazina.AI.RAG.csproj::TargetFramework=net9.0]
C:\Projects\Hazina\src\Core\AI\Hazina.AI.RAG\Retrieval\LlmJudgeReranker.cs(106,16): warning CA1307: 'string.Replace(string, string?)' has a method overload that takes a 'StringComparison' parameter. Replace this call in 'Hazina.AI.RAG.Retrieval.LlmJudgeReranker.BuildScoringPrompt(string, string)' with a call to 'string.Replace(string, string?, System.StringComparison)' for clarity of intent. (https://learn.microsoft.com/dotnet/fundamentals/code-analysis/quality-rules/ca1307) [C:\Projects\Hazina\src\Core\AI\Hazina.AI.RAG\Hazina.AI.RAG.csproj::TargetFramework=net9.0]
C:\Projects\Hazina\src\Core\AI\Hazina.AI.RAG\Retrieval\LlmJudgeReranker.cs(106,16): warning CA1307: 'string.Replace(string, string?)' has a method overload that takes a 'StringComparison' parameter. Replace this call in 'Hazina.AI.RAG.Retrieval.LlmJudgeReranker.BuildScoringPrompt(string, string)' with a call to 'string.Replace(string, string?, System.StringComparison)' for clarity of intent. (https://learn.microsoft.com/dotnet/fundamentals/code-analysis/quality-rules/ca1307) [C:\Projects\Hazina\src\Core\AI\Hazina.AI.RAG\Hazina.AI.RAG.csproj::TargetFramework=net9.0]
C:\Projects\Hazina\src\Core\AI\Hazina.AI.RAG\Graph\Storage\SQLiteGraphStore.cs(486,28): warning MA0004: Use Task.ConfigureAwait(false) if the current SynchronizationContext is not needed (https://github.com/meziantou/Meziantou.Analyzer/blob/main/docs/Rules/MA0004.md) [C:\Projects\Hazina\src\Core\AI\Hazina.AI.RAG\Hazina.AI.RAG.csproj::TargetFramework=net9.0]
C:\Projects\Hazina\src\Core\AI\Hazina.AI.RAG\Graph\Storage\SQLiteGraphStore.cs(487,16): warning MA0004: Use Task.ConfigureAwait(false) if the current SynchronizationContext is not needed (https://github.com/meziantou/Meziantou.Analyzer/blob/main/docs/Rules/MA0004.md) [C:\Projects\Hazina\src\Core\AI\Hazina.AI.RAG\Hazina.AI.RAG.csproj::TargetFramework=net9.0]
C:\Projects\Hazina\src\Core\AI\Hazina.AI.RAG\Graph\Storage\SQLiteGraphStore.cs(499,28): warning MA0004: Use Task.ConfigureAwait(false) if the current SynchronizationContext is not needed (https://github.com/meziantou/Meziantou.Analyzer/blob/main/docs/Rules/MA0004.md) [C:\Projects\Hazina\src\Core\AI\Hazina.AI.RAG\Hazina.AI.RAG.csproj::TargetFramework=net9.0]
C:\Projects\Hazina\src\Core\AI\Hazina.AI.RAG\Graph\Storage\SQLiteGraphStore.cs(506,21): warning MA0004: Use Task.ConfigureAwait(false) if the current SynchronizationContext is not needed (https://github.com/meziantou/Meziantou.Analyzer/blob/main/docs/Rules/MA0004.md) [C:\Projects\Hazina\src\Core\AI\Hazina.AI.RAG\Hazina.AI.RAG.csproj::TargetFramework=net9.0]
C:\Projects\Hazina\src\Core\AI\Hazina.AI.RAG\Graph\Pipeline\EntityNormalizationService.cs(97,34): warning SA1116: The parameters should begin on the line after the declaration, whenever the parameter span across multiple lines (https://github.com/DotNetAnalyzers/StyleCopAnalyzers/blob/master/documentation/SA1116.md) [C:\Projects\Hazina\src\Core\AI\Hazina.AI.RAG\Hazina.AI.RAG.csproj::TargetFramework=net9.0]
C:\Projects\Hazina\src\Core\AI\Hazina.AI.RAG\Graph\Pipeline\EntityNormalizationService.cs(115,38): warning SA1116: The parameters should begin on the line after the declaration, whenever the parameter span across multiple lines (https://github.com/DotNetAnalyzers/StyleCopAnalyzers/blob/master/documentation/SA1116.md) [C:\Projects\Hazina\src\Core\AI\Hazina.AI.RAG\Hazina.AI.RAG.csproj::TargetFramework=net9.0]
C:\Projects\Hazina\src\Core\AI\Hazina.AI.RAG\Graph\Pipeline\EntityNormalizationService.cs(98,34): warning SA1117: The parameters should all be placed on the same line or each parameter should be placed on its own line (https://github.com/DotNetAnalyzers/StyleCopAnalyzers/blob/master/documentation/SA1117.md) [C:\Projects\Hazina\src\Core\AI\Hazina.AI.RAG\Hazina.AI.RAG.csproj::TargetFramework=net9.0]
C:\Projects\Hazina\src\Core\AI\Hazina.AI.RAG\Graph\Pipeline\EntityNormalizationService.cs(116,32): warning SA1117: The parameters should all be placed on the same line or each parameter should be placed on its own line (https://github.com/DotNetAnalyzers/StyleCopAnalyzers/blob/master/documentation/SA1117.md) [C:\Projects\Hazina\src\Core\AI\Hazina.AI.RAG\Hazina.AI.RAG.csproj::TargetFramework=net9.0]
C:\Projects\Hazina\src\Core\AI\Hazina.AI.RAG\Graph\Pipeline\EntityNormalizationService.cs(97,17): warning CA1873: Evaluation of this argument may be expensive and unnecessary if logging is disabled (https://learn.microsoft.com/dotnet/fundamentals/code-analysis/quality-rules/ca1873) [C:\Projects\Hazina\src\Core\AI\Hazina.AI.RAG\Hazina.AI.RAG.csproj::TargetFramework=net9.0]
C:\Projects\Hazina\src\Core\AI\Hazina.AI.RAG\Embeddings\LLMMetadataExtractor.cs(104,9): warning CA1031: Modify 'ExtractBatchMetadataAsync' to catch a more specific allowed exception type, or rethrow the exception (https://learn.microsoft.com/dotnet/fundamentals/code-analysis/quality-rules/ca1031) [C:\Projects\Hazina\src\Core\AI\Hazina.AI.RAG\Hazina.AI.RAG.csproj::TargetFramework=net9.0]
C:\Projects\Hazina\src\Core\AI\Hazina.AI.RAG\Graph\Pipeline\EntityNormalizationService.cs(115,21): warning CA1873: Evaluation of this argument may be expensive and unnecessary if logging is disabled (https://learn.microsoft.com/dotnet/fundamentals/code-analysis/quality-rules/ca1873) [C:\Projects\Hazina\src\Core\AI\Hazina.AI.RAG\Hazina.AI.RAG.csproj::TargetFramework=net9.0]
C:\Projects\Hazina\src\Core\AI\Hazina.AI.RAG\Graph\Pipeline\EntityNormalizationService.cs(97,17): warning CA1848: For improved performance, use the LoggerMessage delegates instead of calling 'LoggerExtensions.LogDebug(ILogger, string?, params object?[])' (https://learn.microsoft.com/dotnet/fundamentals/code-analysis/quality-rules/ca1848) [C:\Projects\Hazina\src\Core\AI\Hazina.AI.RAG\Hazina.AI.RAG.csproj::TargetFramework=net9.0]
C:\Projects\Hazina\src\Core\AI\Hazina.AI.RAG\Graph\Pipeline\EntityNormalizationService.cs(115,21): warning CA1848: For improved performance, use the LoggerMessage delegates instead of calling 'LoggerExtensions.LogDebug(ILogger, string?, params object?[])' (https://learn.microsoft.com/dotnet/fundamentals/code-analysis/quality-rules/ca1848) [C:\Projects\Hazina\src\Core\AI\Hazina.AI.RAG\Hazina.AI.RAG.csproj::TargetFramework=net9.0]
C:\Projects\Hazina\src\Core\AI\Hazina.AI.RAG\Graph\Pipeline\EntityNormalizationService.cs(87,26): warning MA0004: Use Task.ConfigureAwait(false) if the current SynchronizationContext is not needed (https://github.com/meziantou/Meziantou.Analyzer/blob/main/docs/Rules/MA0004.md) [C:\Projects\Hazina\src\Core\AI\Hazina.AI.RAG\Hazina.AI.RAG.csproj::TargetFramework=net9.0]
C:\Projects\Hazina\src\Core\AI\Hazina.AI.RAG\Graph\Pipeline\EntityNormalizationService.cs(108,36): warning MA0004: Use Task.ConfigureAwait(false) if the current SynchronizationContext is not needed (https://github.com/meziantou/Meziantou.Analyzer/blob/main/docs/Rules/MA0004.md) [C:\Projects\Hazina\src\Core\AI\Hazina.AI.RAG\Hazina.AI.RAG.csproj::TargetFramework=net9.0]
C:\Projects\Hazina\src\Core\AI\Hazina.AI.RAG\Embeddings\HierarchicalChunkerExtensions.cs(109,13): warning S3458: Remove this empty 'case' clause. (https://rules.sonarsource.com/csharp/RSPEC-3458) [C:\Projects\Hazina\src\Core\AI\Hazina.AI.RAG\Hazina.AI.RAG.csproj::TargetFramework=net9.0]
C:\Projects\Hazina\src\Core\AI\Hazina.AI.RAG\Graph\Pipeline\GraphConstructionPipeline.cs(197,74): warning SA1629: Documentation text should end with a period (https://github.com/DotNetAnalyzers/StyleCopAnalyzers/blob/master/documentation/SA1629.md) [C:\Projects\Hazina\src\Core\AI\Hazina.AI.RAG\Hazina.AI.RAG.csproj::TargetFramework=net9.0]
C:\Projects\Hazina\src\Core\AI\Hazina.AI.RAG\Graph\Pipeline\GraphConstructionPipeline.cs(198,59): warning SA1629: Documentation text should end with a period (https://github.com/DotNetAnalyzers/StyleCopAnalyzers/blob/master/documentation/SA1629.md) [C:\Projects\Hazina\src\Core\AI\Hazina.AI.RAG\Hazina.AI.RAG.csproj::TargetFramework=net9.0]
C:\Projects\Hazina\src\Core\AI\Hazina.AI.RAG\Graph\Pipeline\GraphConstructionPipeline.cs(199,43): warning SA1629: Documentation text should end with a period (https://github.com/DotNetAnalyzers/StyleCopAnalyzers/blob/master/documentation/SA1629.md) [C:\Projects\Hazina\src\Core\AI\Hazina.AI.RAG\Hazina.AI.RAG.csproj::TargetFramework=net9.0]
C:\Projects\Hazina\src\Core\AI\Hazina.AI.RAG\Graph\Pipeline\GraphConstructionPipeline.cs(218,32): warning SA1116: The parameters should begin on the line after the declaration, whenever the parameter span across multiple lines (https://github.com/DotNetAnalyzers/StyleCopAnalyzers/blob/master/documentation/SA1116.md) [C:\Projects\Hazina\src\Core\AI\Hazina.AI.RAG\Hazina.AI.RAG.csproj::TargetFramework=net9.0]
C:\Projects\Hazina\src\Core\AI\Hazina.AI.RAG\Embeddings\HierarchicalChunkerExtensions.cs(84,48): warning S6608: Indexing at 0 should be used instead of the "Enumerable" extension method "First" (https://rules.sonarsource.com/csharp/RSPEC-6608) [C:\Projects\Hazina\src\Core\AI\Hazina.AI.RAG\Hazina.AI.RAG.csproj::TargetFramework=net9.0]
C:\Projects\Hazina\src\Core\AI\Hazina.AI.RAG\Embeddings\HierarchicalChunkerExtensions.cs(85,46): warning S6608: Indexing at Count-1 should be used instead of the "Enumerable" extension method "Last" (https://rules.sonarsource.com/csharp/RSPEC-6608) [C:\Projects\Hazina\src\Core\AI\Hazina.AI.RAG\Hazina.AI.RAG.csproj::TargetFramework=net9.0]
C:\Projects\Hazina\src\Core\AI\Hazina.AI.RAG\Graph\Pipeline\GraphConstructionPipeline.cs(39,68): warning SA1629: Documentation text should end with a period (https://github.com/DotNetAnalyzers/StyleCopAnalyzers/blob/master/documentation/SA1629.md) [C:\Projects\Hazina\src\Core\AI\Hazina.AI.RAG\Hazina.AI.RAG.csproj::TargetFramework=net9.0]
C:\Projects\Hazina\src\Core\AI\Hazina.AI.RAG\Graph\Pipeline\GraphConstructionPipeline.cs(40,64): warning SA1629: Documentation text should end with a period (https://github.com/DotNetAnalyzers/StyleCopAnalyzers/blob/master/documentation/SA1629.md) [C:\Projects\Hazina\src\Core\AI\Hazina.AI.RAG\Hazina.AI.RAG.csproj::TargetFramework=net9.0]
C:\Projects\Hazina\src\Core\AI\Hazina.AI.RAG\Graph\Pipeline\GraphConstructionPipeline.cs(41,59): warning SA1629: Documentation text should end with a period (https://github.com/DotNetAnalyzers/StyleCopAnalyzers/blob/master/documentation/SA1629.md) [C:\Projects\Hazina\src\Core\AI\Hazina.AI.RAG\Hazina.AI.RAG.csproj::TargetFramework=net9.0]
C:\Projects\Hazina\src\Core\AI\Hazina.AI.RAG\Graph\Pipeline\GraphConstructionPipeline.cs(42,75): warning SA1629: Documentation text should end with a period (https://github.com/DotNetAnalyzers/StyleCopAnalyzers/blob/master/documentation/SA1629.md) [C:\Projects\Hazina\src\Core\AI\Hazina.AI.RAG\Hazina.AI.RAG.csproj::TargetFramework=net9.0]
C:\Projects\Hazina\src\Core\AI\Hazina.AI.RAG\Graph\Pipeline\GraphConstructionPipeline.cs(218,9): warning CA1873: Evaluation of this argument may be expensive and unnecessary if logging is disabled (https://learn.microsoft.com/dotnet/fundamentals/code-analysis/quality-rules/ca1873) [C:\Projects\Hazina\src\Core\AI\Hazina.AI.RAG\Hazina.AI.RAG.csproj::TargetFramework=net9.0]
C:\Projects\Hazina\src\Core\AI\Hazina.AI.RAG\Graph\Pipeline\GraphConstructionPipeline.cs(76,36): warning SA1116: The parameters should begin on the line after the declaration, whenever the parameter span across multiple lines (https://github.com/DotNetAnalyzers/StyleCopAnalyzers/blob/master/documentation/SA1116.md) [C:\Projects\Hazina\src\Core\AI\Hazina.AI.RAG\Hazina.AI.RAG.csproj::TargetFramework=net9.0]
C:\Projects\Hazina\src\Core\AI\Hazina.AI.RAG\Graph\Pipeline\GraphConstructionPipeline.cs(90,36): warning SA1116: The parameters should begin on the line after the declaration, whenever the parameter span across multiple lines (https://github.com/DotNetAnalyzers/StyleCopAnalyzers/blob/master/documentation/SA1116.md) [C:\Projects\Hazina\src\Core\AI\Hazina.AI.RAG\Hazina.AI.RAG.csproj::TargetFramework=net9.0]
C:\Projects\Hazina\src\Core\AI\Hazina.AI.RAG\Graph\Pipeline\GraphConstructionPipeline.cs(104,36): warning SA1116: The parameters should begin on the line after the declaration, whenever the parameter span across multiple lines (https://github.com/DotNetAnalyzers/StyleCopAnalyzers/blob/master/documentation/SA1116.md) [C:\Projects\Hazina\src\Core\AI\Hazina.AI.RAG\Hazina.AI.RAG.csproj::TargetFramework=net9.0]
C:\Projects\Hazina\src\Core\AI\Hazina.AI.RAG\Graph\Pipeline\GraphConstructionPipeline.cs(110,36): warning SA1116: The parameters should begin on the line after the declaration, whenever the parameter span across multiple lines (https://github.com/DotNetAnalyzers/StyleCopAnalyzers/blob/master/documentation/SA1116.md) [C:\Projects\Hazina\src\Core\AI\Hazina.AI.RAG\Hazina.AI.RAG.csproj::TargetFramework=net9.0]
C:\Projects\Hazina\src\Core\AI\Hazina.AI.RAG\Graph\Pipeline\GraphConstructionPipeline.cs(133,36): warning SA1116: The parameters should begin on the line after the declaration, whenever the parameter span across multiple lines (https://github.com/DotNetAnalyzers/StyleCopAnalyzers/blob/master/documentation/SA1116.md) [C:\Projects\Hazina\src\Core\AI\Hazina.AI.RAG\Hazina.AI.RAG.csproj::TargetFramework=net9.0]
C:\Projects\Hazina\src\Core\AI\Hazina.AI.RAG\Graph\Pipeline\GraphConstructionPipeline.cs(77,42): warning SA1117: The parameters should all be placed on the same line or each parameter should be placed on its own line (https://github.com/DotNetAnalyzers/StyleCopAnalyzers/blob/master/documentation/SA1117.md) [C:\Projects\Hazina\src\Core\AI\Hazina.AI.RAG\Hazina.AI.RAG.csproj::TargetFramework=net9.0]
C:\Projects\Hazina\src\Core\AI\Hazina.AI.RAG\Graph\Pipeline\GraphConstructionPipeline.cs(91,33): warning SA1117: The parameters should all be placed on the same line or each parameter should be placed on its own line (https://github.com/DotNetAnalyzers/StyleCopAnalyzers/blob/master/documentation/SA1117.md) [C:\Projects\Hazina\src\Core\AI\Hazina.AI.RAG\Hazina.AI.RAG.csproj::TargetFramework=net9.0]
C:\Projects\Hazina\src\Core\AI\Hazina.AI.RAG\Graph\Pipeline\GraphConstructionPipeline.cs(105,47): warning SA1117: The parameters should all be placed on the same line or each parameter should be placed on its own line (https://github.com/DotNetAnalyzers/StyleCopAnalyzers/blob/master/documentation/SA1117.md) [C:\Projects\Hazina\src\Core\AI\Hazina.AI.RAG\Hazina.AI.RAG.csproj::TargetFramework=net9.0]
C:\Projects\Hazina\src\Core\AI\Hazina.AI.RAG\Graph\Pipeline\GraphConstructionPipeline.cs(111,33): warning SA1117: The parameters should all be placed on the same line or each parameter should be placed on its own line (https://github.com/DotNetAnalyzers/StyleCopAnalyzers/blob/master/documentation/SA1117.md) [C:\Projects\Hazina\src\Core\AI\Hazina.AI.RAG\Hazina.AI.RAG.csproj::TargetFramework=net9.0]
C:\Projects\Hazina\src\Core\AI\Hazina.AI.RAG\Graph\Pipeline\GraphConstructionPipeline.cs(134,42): warning SA1117: The parameters should all be placed on the same line or each parameter should be placed on its own line (https://github.com/DotNetAnalyzers/StyleCopAnalyzers/blob/master/documentation/SA1117.md) [C:\Projects\Hazina\src\Core\AI\Hazina.AI.RAG\Hazina.AI.RAG.csproj::TargetFramework=net9.0]
C:\Projects\Hazina\src\Core\AI\Hazina.AI.RAG\Embeddings\BasicMetadataExtractor.cs(70,70): warning SA1629: Documentation text should end with a period (https://github.com/DotNetAnalyzers/StyleCopAnalyzers/blob/master/documentation/SA1629.md) [C:\Projects\Hazina\src\Core\AI\Hazina.AI.RAG\Hazina.AI.RAG.csproj::TargetFramework=net9.0]
C:\Projects\Hazina\src\Core\AI\Hazina.AI.RAG\Embeddings\BasicMetadataExtractor.cs(78,13): warning SA1503: Braces should not be omitted (https://github.com/DotNetAnalyzers/StyleCopAnalyzers/blob/master/documentation/SA1503.md) [C:\Projects\Hazina\src\Core\AI\Hazina.AI.RAG\Hazina.AI.RAG.csproj::TargetFramework=net9.0]
C:\Projects\Hazina\src\Core\AI\Hazina.AI.RAG\Graph\Pipeline\GraphConstructionPipeline.cs(210,17): warning CA1848: For improved performance, use the LoggerMessage delegates instead of calling 'LoggerExtensions.LogWarning(ILogger, string?, params object?[])' (https://learn.microsoft.com/dotnet/fundamentals/code-analysis/quality-rules/ca1848) [C:\Projects\Hazina\src\Core\AI\Hazina.AI.RAG\Hazina.AI.RAG.csproj::TargetFramework=net9.0]
C:\Projects\Hazina\src\Core\AI\Hazina.AI.RAG\Graph\Pipeline\GraphConstructionPipeline.cs(218,9): warning CA1848: For improved performance, use the LoggerMessage delegates instead of calling 'LoggerExtensions.LogInformation(ILogger, string?, params object?[])' (https://learn.microsoft.com/dotnet/fundamentals/code-analysis/quality-rules/ca1848) [C:\Projects\Hazina\src\Core\AI\Hazina.AI.RAG\Hazina.AI.RAG.csproj::TargetFramework=net9.0]
C:\Projects\Hazina\src\Core\AI\Hazina.AI.RAG\Graph\Retrieval\HybridRetrievalService.cs(34,60): warning SA1629: Documentation text should end with a period (https://github.com/DotNetAnalyzers/StyleCopAnalyzers/blob/master/documentation/SA1629.md) [C:\Projects\Hazina\src\Core\AI\Hazina.AI.RAG\Hazina.AI.RAG.csproj::TargetFramework=net9.0]
C:\Projects\Hazina\src\Core\AI\Hazina.AI.RAG\Graph\Retrieval\HybridRetrievalService.cs(35,59): warning SA1629: Documentation text should end with a period (https://github.com/DotNetAnalyzers/StyleCopAnalyzers/blob/master/documentation/SA1629.md) [C:\Projects\Hazina\src\Core\AI\Hazina.AI.RAG\Hazina.AI.RAG.csproj::TargetFramework=net9.0]
C:\Projects\Hazina\src\Core\AI\Hazina.AI.RAG\Graph\Retrieval\HybridRetrievalService.cs(36,55): warning SA1629: Documentation text should end with a period (https://github.com/DotNetAnalyzers/StyleCopAnalyzers/blob/master/documentation/SA1629.md) [C:\Projects\Hazina\src\Core\AI\Hazina.AI.RAG\Hazina.AI.RAG.csproj::TargetFramework=net9.0]
C:\Projects\Hazina\src\Core\AI\Hazina.AI.RAG\Graph\Retrieval\HybridRetrievalService.cs(37,59): warning SA1629: Documentation text should end with a period (https://github.com/DotNetAnalyzers/StyleCopAnalyzers/blob/master/documentation/SA1629.md) [C:\Projects\Hazina\src\Core\AI\Hazina.AI.RAG\Hazina.AI.RAG.csproj::TargetFramework=net9.0]
C:\Projects\Hazina\src\Core\AI\Hazina.AI.RAG\Graph\Retrieval\HybridRetrievalService.cs(38,57): warning SA1629: Documentation text should end with a period (https://github.com/DotNetAnalyzers/StyleCopAnalyzers/blob/master/documentation/SA1629.md) [C:\Projects\Hazina\src\Core\AI\Hazina.AI.RAG\Hazina.AI.RAG.csproj::TargetFramework=net9.0]
C:\Projects\Hazina\src\Core\AI\Hazina.AI.RAG\Graph\Retrieval\HybridRetrievalService.cs(53,26): warning SA1116: The parameters should begin on the line after the declaration, whenever the parameter span across multiple lines (https://github.com/DotNetAnalyzers/StyleCopAnalyzers/blob/master/documentation/SA1116.md) [C:\Projects\Hazina\src\Core\AI\Hazina.AI.RAG\Hazina.AI.RAG.csproj::TargetFramework=net9.0]
C:\Projects\Hazina\src\Core\AI\Hazina.AI.RAG\Graph\Retrieval\HybridRetrievalService.cs(65,32): warning SA1116: The parameters should begin on the line after the declaration, whenever the parameter span across multiple lines (https://github.com/DotNetAnalyzers/StyleCopAnalyzers/blob/master/documentation/SA1116.md) [C:\Projects\Hazina\src\Core\AI\Hazina.AI.RAG\Hazina.AI.RAG.csproj::TargetFramework=net9.0]
C:\Projects\Hazina\src\Core\AI\Hazina.AI.RAG\Embeddings\BasicMetadataExtractor.cs(83,38): warning CA1311: Specify a culture or use an invariant version to avoid implicit dependency on current culture (https://learn.microsoft.com/dotnet/fundamentals/code-analysis/quality-rules/ca1311) [C:\Projects\Hazina\src\Core\AI\Hazina.AI.RAG\Hazina.AI.RAG.csproj::TargetFramework=net9.0]
C:\Projects\Hazina\src\Core\AI\Hazina.AI.RAG\Graph\Pipeline\GraphConstructionPipeline.cs(66,13): warning CA1873: Evaluation of this argument may be expensive and unnecessary if logging is disabled (https://learn.microsoft.com/dotnet/fundamentals/code-analysis/quality-rules/ca1873) [C:\Projects\Hazina\src\Core\AI\Hazina.AI.RAG\Hazina.AI.RAG.csproj::TargetFramework=net9.0]
C:\Projects\Hazina\src\Core\AI\Hazina.AI.RAG\Graph\Pipeline\GraphConstructionPipeline.cs(69,13): warning CA1873: Evaluation of this argument may be expensive and unnecessary if logging is disabled (https://learn.microsoft.com/dotnet/fundamentals/code-analysis/quality-rules/ca1873) [C:\Projects\Hazina\src\Core\AI\Hazina.AI.RAG\Hazina.AI.RAG.csproj::TargetFramework=net9.0]
C:\Projects\Hazina\src\Core\AI\Hazina.AI.RAG\Graph\Pipeline\GraphConstructionPipeline.cs(76,13): warning CA1873: Evaluation of this argument may be expensive and unnecessary if logging is disabled (https://learn.microsoft.com/dotnet/fundamentals/code-analysis/quality-rules/ca1873) [C:\Projects\Hazina\src\Core\AI\Hazina.AI.RAG\Hazina.AI.RAG.csproj::TargetFramework=net9.0]
C:\Projects\Hazina\src\Core\AI\Hazina.AI.RAG\Graph\Pipeline\GraphConstructionPipeline.cs(96,13): warning CA1873: Evaluation of this argument may be expensive and unnecessary if logging is disabled (https://learn.microsoft.com/dotnet/fundamentals/code-analysis/quality-rules/ca1873) [C:\Projects\Hazina\src\Core\AI\Hazina.AI.RAG\Hazina.AI.RAG.csproj::TargetFramework=net9.0]
C:\Projects\Hazina\src\Core\AI\Hazina.AI.RAG\Embeddings\HierarchicalChunkerExtensions.cs(65,17): warning SA1503: Braces should not be omitted (https://github.com/DotNetAnalyzers/StyleCopAnalyzers/blob/master/documentation/SA1503.md) [C:\Projects\Hazina\src\Core\AI\Hazina.AI.RAG\Hazina.AI.RAG.csproj::TargetFramework=net9.0]
C:\Projects\Hazina\src\Core\AI\Hazina.AI.RAG\Graph\Pipeline\GraphConstructionPipeline.cs(104,13): warning CA1873: Evaluation of this argument may be expensive and unnecessary if logging is disabled (https://learn.microsoft.com/dotnet/fundamentals/code-analysis/quality-rules/ca1873) [C:\Projects\Hazina\src\Core\AI\Hazina.AI.RAG\Hazina.AI.RAG.csproj::TargetFramework=net9.0]
C:\Projects\Hazina\src\Core\AI\Hazina.AI.RAG\Embeddings\BasicMetadataExtractor.cs(83,32): warning CA1304: The behavior of 'string.ToLower()' could vary based on the current user's locale settings. Replace this call in 'BasicMetadataExtractor.ExtractKeywordsTFIDF(string, [int])' with a call to 'string.ToLower(CultureInfo)'. (https://learn.microsoft.com/dotnet/fundamentals/code-analysis/quality-rules/ca1304) [C:\Projects\Hazina\src\Core\AI\Hazina.AI.RAG\Hazina.AI.RAG.csproj::TargetFramework=net9.0]
C:\Projects\Hazina\src\Core\AI\Hazina.AI.RAG\Graph\Pipeline\GraphConstructionPipeline.cs(119,13): warning CA1873: Evaluation of this argument may be expensive and unnecessary if logging is disabled (https://learn.microsoft.com/dotnet/fundamentals/code-analysis/quality-rules/ca1873) [C:\Projects\Hazina\src\Core\AI\Hazina.AI.RAG\Hazina.AI.RAG.csproj::TargetFramework=net9.0]
C:\Projects\Hazina\src\Core\AI\Hazina.AI.RAG\Embeddings\HierarchicalChunkerExtensions.cs(87,13): warning SA1111: Closing parenthesis should be on line of last parameter (https://github.com/DotNetAnalyzers/StyleCopAnalyzers/blob/master/documentation/SA1111.md) [C:\Projects\Hazina\src\Core\AI\Hazina.AI.RAG\Hazina.AI.RAG.csproj::TargetFramework=net9.0]
C:\Projects\Hazina\src\Core\AI\Hazina.AI.RAG\Graph\Pipeline\GraphConstructionPipeline.cs(133,13): warning CA1873: Evaluation of this argument may be expensive and unnecessary if logging is disabled (https://learn.microsoft.com/dotnet/fundamentals/code-analysis/quality-rules/ca1873) [C:\Projects\Hazina\src\Core\AI\Hazina.AI.RAG\Hazina.AI.RAG.csproj::TargetFramework=net9.0]
C:\Projects\Hazina\src\Core\AI\Hazina.AI.RAG\Graph\Pipeline\GraphConstructionPipeline.cs(137,13): warning CA1873: Evaluation of this argument may be expensive and unnecessary if logging is disabled (https://learn.microsoft.com/dotnet/fundamentals/code-analysis/quality-rules/ca1873) [C:\Projects\Hazina\src\Core\AI\Hazina.AI.RAG\Hazina.AI.RAG.csproj::TargetFramework=net9.0]
C:\Projects\Hazina\src\Core\AI\Hazina.AI.RAG\Embeddings\SemanticSimilarityChunker.cs(67,14): warning CA1062: In externally visible method 'Task<List<TextChunk>> SemanticSimilarityChunker.ChunkAsync(string text, SemanticChunkingOptions options, CancellationToken ct = default(CancellationToken))', validate parameter 'options' is non-null before using it. If appropriate, throw an 'ArgumentNullException' when the argument is 'null'. (https://learn.microsoft.com/dotnet/fundamentals/code-analysis/quality-rules/ca1062) [C:\Projects\Hazina\src\Core\AI\Hazina.AI.RAG\Hazina.AI.RAG.csproj::TargetFramework=net9.0]
C:\Projects\Hazina\src\Core\AI\Hazina.AI.RAG\Graph\Pipeline\GraphConstructionPipeline.cs(164,13): warning CA1873: Evaluation of this argument may be expensive and unnecessary if logging is disabled (https://learn.microsoft.com/dotnet/fundamentals/code-analysis/quality-rules/ca1873) [C:\Projects\Hazina\src\Core\AI\Hazina.AI.RAG\Hazina.AI.RAG.csproj::TargetFramework=net9.0]
C:\Projects\Hazina\src\Core\AI\Hazina.AI.RAG\Graph\Retrieval\HybridRetrievalService.cs(49,9): warning CA1873: Evaluation of this argument may be expensive and unnecessary if logging is disabled (https://learn.microsoft.com/dotnet/fundamentals/code-analysis/quality-rules/ca1873) [C:\Projects\Hazina\src\Core\AI\Hazina.AI.RAG\Hazina.AI.RAG.csproj::TargetFramework=net9.0]
C:\Projects\Hazina\src\Core\AI\Hazina.AI.RAG\Graph\Retrieval\HybridRetrievalService.cs(53,9): warning CA1873: Evaluation of this argument may be expensive and unnecessary if logging is disabled (https://learn.microsoft.com/dotnet/fundamentals/code-analysis/quality-rules/ca1873) [C:\Projects\Hazina\src\Core\AI\Hazina.AI.RAG\Hazina.AI.RAG.csproj::TargetFramework=net9.0]
C:\Projects\Hazina\src\Core\AI\Hazina.AI.RAG\Graph\Retrieval\HybridRetrievalService.cs(65,9): warning CA1873: Evaluation of this argument may be expensive and unnecessary if logging is disabled (https://learn.microsoft.com/dotnet/fundamentals/code-analysis/quality-rules/ca1873) [C:\Projects\Hazina\src\Core\AI\Hazina.AI.RAG\Hazina.AI.RAG.csproj::TargetFramework=net9.0]
C:\Projects\Hazina\src\Core\AI\Hazina.AI.RAG\Graph\Pipeline\GraphConstructionPipeline.cs(171,13): warning CA1873: Evaluation of this argument may be expensive and unnecessary if logging is disabled (https://learn.microsoft.com/dotnet/fundamentals/code-analysis/quality-rules/ca1873) [C:\Projects\Hazina\src\Core\AI\Hazina.AI.RAG\Hazina.AI.RAG.csproj::TargetFramework=net9.0]
C:\Projects\Hazina\src\Core\AI\Hazina.AI.RAG\Embeddings\ContentTypeDetector.cs(213,64): warning SA1629: Documentation text should end with a period (https://github.com/DotNetAnalyzers/StyleCopAnalyzers/blob/master/documentation/SA1629.md) [C:\Projects\Hazina\src\Core\AI\Hazina.AI.RAG\Hazina.AI.RAG.csproj::TargetFramework=net9.0]
C:\Projects\Hazina\src\Core\AI\Hazina.AI.RAG\Graph\Pipeline\GraphConstructionPipeline.cs(214,26): warning MA0004: Use Task.ConfigureAwait(false) if the current SynchronizationContext is not needed (https://github.com/meziantou/Meziantou.Analyzer/blob/main/docs/Rules/MA0004.md) [C:\Projects\Hazina\src\Core\AI\Hazina.AI.RAG\Hazina.AI.RAG.csproj::TargetFramework=net9.0]
C:\Projects\Hazina\src\Core\AI\Hazina.AI.RAG\Graph\Retrieval\HybridRetrievalService.cs(49,9): warning CA1848: For improved performance, use the LoggerMessage delegates instead of calling 'LoggerExtensions.LogDebug(ILogger, string?, params object?[])' (https://learn.microsoft.com/dotnet/fundamentals/code-analysis/quality-rules/ca1848) [C:\Projects\Hazina\src\Core\AI\Hazina.AI.RAG\Hazina.AI.RAG.csproj::TargetFramework=net9.0]
C:\Projects\Hazina\src\Core\AI\Hazina.AI.RAG\Graph\Retrieval\HybridRetrievalService.cs(53,9): warning CA1848: For improved performance, use the LoggerMessage delegates instead of calling 'LoggerExtensions.LogDebug(ILogger, string?, params object?[])' (https://learn.microsoft.com/dotnet/fundamentals/code-analysis/quality-rules/ca1848) [C:\Projects\Hazina\src\Core\AI\Hazina.AI.RAG\Hazina.AI.RAG.csproj::TargetFramework=net9.0]
C:\Projects\Hazina\src\Core\AI\Hazina.AI.RAG\Graph\Retrieval\HybridRetrievalService.cs(65,9): warning CA1848: For improved performance, use the LoggerMessage delegates instead of calling 'LoggerExtensions.LogInformation(ILogger, string?, params object?[])' (https://learn.microsoft.com/dotnet/fundamentals/code-analysis/quality-rules/ca1848) [C:\Projects\Hazina\src\Core\AI\Hazina.AI.RAG\Hazina.AI.RAG.csproj::TargetFramework=net9.0]
C:\Projects\Hazina\src\Core\AI\Hazina.AI.RAG\Graph\Pipeline\GraphConstructionPipeline.cs(66,13): warning CA1848: For improved performance, use the LoggerMessage delegates instead of calling 'LoggerExtensions.LogInformation(ILogger, string?, params object?[])' (https://learn.microsoft.com/dotnet/fundamentals/code-analysis/quality-rules/ca1848) [C:\Projects\Hazina\src\Core\AI\Hazina.AI.RAG\Hazina.AI.RAG.csproj::TargetFramework=net9.0]
C:\Projects\Hazina\src\Core\AI\Hazina.AI.RAG\Graph\Pipeline\GraphConstructionPipeline.cs(69,13): warning CA1848: For improved performance, use the LoggerMessage delegates instead of calling 'LoggerExtensions.LogDebug(ILogger, string?, params object?[])' (https://learn.microsoft.com/dotnet/fundamentals/code-analysis/quality-rules/ca1848) [C:\Projects\Hazina\src\Core\AI\Hazina.AI.RAG\Hazina.AI.RAG.csproj::TargetFramework=net9.0]
C:\Projects\Hazina\src\Core\AI\Hazina.AI.RAG\Graph\Pipeline\GraphConstructionPipeline.cs(76,13): warning CA1848: For improved performance, use the LoggerMessage delegates instead of calling 'LoggerExtensions.LogInformation(ILogger, string?, params object?[])' (https://learn.microsoft.com/dotnet/fundamentals/code-analysis/quality-rules/ca1848) [C:\Projects\Hazina\src\Core\AI\Hazina.AI.RAG\Hazina.AI.RAG.csproj::TargetFramework=net9.0]
C:\Projects\Hazina\src\Core\AI\Hazina.AI.RAG\Graph\Pipeline\GraphConstructionPipeline.cs(81,17): warning CA1848: For improved performance, use the LoggerMessage delegates instead of calling 'LoggerExtensions.LogWarning(ILogger, string?, params object?[])' (https://learn.microsoft.com/dotnet/fundamentals/code-analysis/quality-rules/ca1848) [C:\Projects\Hazina\src\Core\AI\Hazina.AI.RAG\Hazina.AI.RAG.csproj::TargetFramework=net9.0]
C:\Projects\Hazina\src\Core\AI\Hazina.AI.RAG\Graph\Pipeline\GraphConstructionPipeline.cs(90,17): warning CA1848: For improved performance, use the LoggerMessage delegates instead of calling 'LoggerExtensions.LogWarning(ILogger, string?, params object?[])' (https://learn.microsoft.com/dotnet/fundamentals/code-analysis/quality-rules/ca1848) [C:\Projects\Hazina\src\Core\AI\Hazina.AI.RAG\Hazina.AI.RAG.csproj::TargetFramework=net9.0]
C:\Projects\Hazina\src\Core\AI\Hazina.AI.RAG\Graph\Pipeline\GraphConstructionPipeline.cs(96,13): warning CA1848: For improved performance, use the LoggerMessage delegates instead of calling 'LoggerExtensions.LogDebug(ILogger, string?, params object?[])' (https://learn.microsoft.com/dotnet/fundamentals/code-analysis/quality-rules/ca1848) [C:\Projects\Hazina\src\Core\AI\Hazina.AI.RAG\Hazina.AI.RAG.csproj::TargetFramework=net9.0]
C:\Projects\Hazina\src\Core\AI\Hazina.AI.RAG\Graph\Pipeline\GraphConstructionPipeline.cs(104,13): warning CA1848: For improved performance, use the LoggerMessage delegates instead of calling 'LoggerExtensions.LogInformation(ILogger, string?, params object?[])' (https://learn.microsoft.com/dotnet/fundamentals/code-analysis/quality-rules/ca1848) [C:\Projects\Hazina\src\Core\AI\Hazina.AI.RAG\Hazina.AI.RAG.csproj::TargetFramework=net9.0]
C:\Projects\Hazina\src\Core\AI\Hazina.AI.RAG\Graph\Pipeline\GraphConstructionPipeline.cs(110,17): warning CA1848: For improved performance, use the LoggerMessage delegates instead of calling 'LoggerExtensions.LogWarning(ILogger, string?, params object?[])' (https://learn.microsoft.com/dotnet/fundamentals/code-analysis/quality-rules/ca1848) [C:\Projects\Hazina\src\Core\AI\Hazina.AI.RAG\Hazina.AI.RAG.csproj::TargetFramework=net9.0]
C:\Projects\Hazina\src\Core\AI\Hazina.AI.RAG\Graph\Pipeline\GraphConstructionPipeline.cs(119,13): warning CA1848: For improved performance, use the LoggerMessage delegates instead of calling 'LoggerExtensions.LogDebug(ILogger, string?, params object?[])' (https://learn.microsoft.com/dotnet/fundamentals/code-analysis/quality-rules/ca1848) [C:\Projects\Hazina\src\Core\AI\Hazina.AI.RAG\Hazina.AI.RAG.csproj::TargetFramework=net9.0]
C:\Projects\Hazina\src\Core\AI\Hazina.AI.RAG\Graph\Pipeline\GraphConstructionPipeline.cs(133,13): warning CA1848: For improved performance, use the LoggerMessage delegates instead of calling 'LoggerExtensions.LogInformation(ILogger, string?, params object?[])' (https://learn.microsoft.com/dotnet/fundamentals/code-analysis/quality-rules/ca1848) [C:\Projects\Hazina\src\Core\AI\Hazina.AI.RAG\Hazina.AI.RAG.csproj::TargetFramework=net9.0]
C:\Projects\Hazina\src\Core\AI\Hazina.AI.RAG\Graph\Pipeline\GraphConstructionPipeline.cs(137,13): warning CA1848: For improved performance, use the LoggerMessage delegates instead of calling 'LoggerExtensions.LogDebug(ILogger, string?, params object?[])' (https://learn.microsoft.com/dotnet/fundamentals/code-analysis/quality-rules/ca1848) [C:\Projects\Hazina\src\Core\AI\Hazina.AI.RAG\Hazina.AI.RAG.csproj::TargetFramework=net9.0]
C:\Projects\Hazina\src\Core\AI\Hazina.AI.RAG\Graph\Pipeline\GraphConstructionPipeline.cs(164,13): warning CA1848: For improved performance, use the LoggerMessage delegates instead of calling 'LoggerExtensions.LogDebug(ILogger, string?, params object?[])' (https://learn.microsoft.com/dotnet/fundamentals/code-analysis/quality-rules/ca1848) [C:\Projects\Hazina\src\Core\AI\Hazina.AI.RAG\Hazina.AI.RAG.csproj::TargetFramework=net9.0]
C:\Projects\Hazina\src\Core\AI\Hazina.AI.RAG\Graph\Pipeline\GraphConstructionPipeline.cs(171,13): warning CA1848: For improved performance, use the LoggerMessage delegates instead of calling 'LoggerExtensions.LogInformation(ILogger, string?, params object?[])' (https://learn.microsoft.com/dotnet/fundamentals/code-analysis/quality-rules/ca1848) [C:\Projects\Hazina\src\Core\AI\Hazina.AI.RAG\Hazina.AI.RAG.csproj::TargetFramework=net9.0]
C:\Projects\Hazina\src\Core\AI\Hazina.AI.RAG\Graph\Pipeline\GraphConstructionPipeline.cs(188,13): warning CA1848: For improved performance, use the LoggerMessage delegates instead of calling 'LoggerExtensions.LogError(ILogger, Exception?, string?, params object?[])' (https://learn.microsoft.com/dotnet/fundamentals/code-analysis/quality-rules/ca1848) [C:\Projects\Hazina\src\Core\AI\Hazina.AI.RAG\Hazina.AI.RAG.csproj::TargetFramework=net9.0]
C:\Projects\Hazina\src\Core\AI\Hazina.AI.RAG\Embeddings\HierarchicalChunkerExtensions.cs(57,27): warning CA1854: Prefer a 'TryGetValue' call over a Dictionary indexer access guarded by a 'ContainsKey' check to avoid double lookup (https://learn.microsoft.com/dotnet/fundamentals/code-analysis/quality-rules/ca1854) [C:\Projects\Hazina\src\Core\AI\Hazina.AI.RAG\Hazina.AI.RAG.csproj::TargetFramework=net9.0]
C:\Projects\Hazina\src\Core\AI\Hazina.AI.RAG\Embeddings\HierarchicalChunkerExtensions.cs(68,32): warning CA1854: Prefer a 'TryGetValue' call over a Dictionary indexer access guarded by a 'ContainsKey' check to avoid double lookup (https://learn.microsoft.com/dotnet/fundamentals/code-analysis/quality-rules/ca1854) [C:\Projects\Hazina\src\Core\AI\Hazina.AI.RAG\Hazina.AI.RAG.csproj::TargetFramework=net9.0]
C:\Projects\Hazina\src\Core\AI\Hazina.AI.RAG\Embeddings\BasicMetadataExtractor.cs(83,32): warning MA0011: Use an overload of 'ToLower' that has a 'System.Globalization.CultureInfo' parameter (https://github.com/meziantou/Meziantou.Analyzer/blob/main/docs/Rules/MA0011.md) [C:\Projects\Hazina\src\Core\AI\Hazina.AI.RAG\Hazina.AI.RAG.csproj::TargetFramework=net9.0]
C:\Projects\Hazina\src\Core\AI\Hazina.AI.RAG\Graph\Retrieval\HybridRetrievalService.cs(48,29): warning MA0004: Use Task.ConfigureAwait(false) if the current SynchronizationContext is not needed (https://github.com/meziantou/Meziantou.Analyzer/blob/main/docs/Rules/MA0004.md) [C:\Projects\Hazina\src\Core\AI\Hazina.AI.RAG\Hazina.AI.RAG.csproj::TargetFramework=net9.0]
C:\Projects\Hazina\src\Core\AI\Hazina.AI.RAG\Graph\Retrieval\HybridRetrievalService.cs(52,28): warning MA0004: Use Task.ConfigureAwait(false) if the current SynchronizationContext is not needed (https://github.com/meziantou/Meziantou.Analyzer/blob/main/docs/Rules/MA0004.md) [C:\Projects\Hazina\src\Core\AI\Hazina.AI.RAG\Hazina.AI.RAG.csproj::TargetFramework=net9.0]
C:\Projects\Hazina\src\Core\AI\Hazina.AI.RAG\Embeddings\BasicMetadataExtractor.cs(81,24): warning MA0002: Use an overload that has a IEqualityComparer<string> or IComparer<string> parameter (https://github.com/meziantou/Meziantou.Analyzer/blob/main/docs/Rules/MA0002.md) [C:\Projects\Hazina\src\Core\AI\Hazina.AI.RAG\Hazina.AI.RAG.csproj::TargetFramework=net9.0]
C:\Projects\Hazina\src\Core\AI\Hazina.AI.RAG\Embeddings\ContentTypeDetector.cs(180,50): warning SA1629: Documentation text should end with a period (https://github.com/DotNetAnalyzers/StyleCopAnalyzers/blob/master/documentation/SA1629.md) [C:\Projects\Hazina\src\Core\AI\Hazina.AI.RAG\Hazina.AI.RAG.csproj::TargetFramework=net9.0]
C:\Projects\Hazina\src\Core\AI\Hazina.AI.RAG\Embeddings\ContentTypeDetector.cs(199,13): warning SA1503: Braces should not be omitted (https://github.com/DotNetAnalyzers/StyleCopAnalyzers/blob/master/documentation/SA1503.md) [C:\Projects\Hazina\src\Core\AI\Hazina.AI.RAG\Hazina.AI.RAG.csproj::TargetFramework=net9.0]
C:\Projects\Hazina\src\Core\AI\Hazina.AI.RAG\Embeddings\ContentTypeDetector.cs(203,13): warning SA1503: Braces should not be omitted (https://github.com/DotNetAnalyzers/StyleCopAnalyzers/blob/master/documentation/SA1503.md) [C:\Projects\Hazina\src\Core\AI\Hazina.AI.RAG\Hazina.AI.RAG.csproj::TargetFramework=net9.0]
C:\Projects\Hazina\src\Core\AI\Hazina.AI.RAG\Embeddings\ContentTypeDetector.cs(207,13): warning SA1503: Braces should not be omitted (https://github.com/DotNetAnalyzers/StyleCopAnalyzers/blob/master/documentation/SA1503.md) [C:\Projects\Hazina\src\Core\AI\Hazina.AI.RAG\Hazina.AI.RAG.csproj::TargetFramework=net9.0]
C:\Projects\Hazina\src\Core\AI\Hazina.AI.RAG\Embeddings\ContentTypeDetector.cs(198,13): warning CA1307: 'string.Contains(string)' has a method overload that takes a 'StringComparison' parameter. Replace this call in 'Hazina.AI.RAG.Embeddings.ContentTypeDetector.GetTechnicalScore(string)' with a call to 'string.Contains(string, System.StringComparison)' for clarity of intent. (https://learn.microsoft.com/dotnet/fundamentals/code-analysis/quality-rules/ca1307) [C:\Projects\Hazina\src\Core\AI\Hazina.AI.RAG\Hazina.AI.RAG.csproj::TargetFramework=net9.0]
C:\Projects\Hazina\src\Core\AI\Hazina.AI.RAG\Embeddings\ContentTypeDetector.cs(198,37): warning CA1307: 'string.Contains(string)' has a method overload that takes a 'StringComparison' parameter. Replace this call in 'Hazina.AI.RAG.Embeddings.ContentTypeDetector.GetTechnicalScore(string)' with a call to 'string.Contains(string, System.StringComparison)' for clarity of intent. (https://learn.microsoft.com/dotnet/fundamentals/code-analysis/quality-rules/ca1307) [C:\Projects\Hazina\src\Core\AI\Hazina.AI.RAG\Hazina.AI.RAG.csproj::TargetFramework=net9.0]
C:\Projects\Hazina\src\Core\AI\Hazina.AI.RAG\Graph\Pipeline\GraphConstructionPipeline.cs(70,37): warning MA0004: Use Task.ConfigureAwait(false) if the current SynchronizationContext is not needed (https://github.com/meziantou/Meziantou.Analyzer/blob/main/docs/Rules/MA0004.md) [C:\Projects\Hazina\src\Core\AI\Hazina.AI.RAG\Hazina.AI.RAG.csproj::TargetFramework=net9.0]
C:\Projects\Hazina\src\Core\AI\Hazina.AI.RAG\Graph\Pipeline\GraphConstructionPipeline.cs(97,42): warning MA0004: Use Task.ConfigureAwait(false) if the current SynchronizationContext is not needed (https://github.com/meziantou/Meziantou.Analyzer/blob/main/docs/Rules/MA0004.md) [C:\Projects\Hazina\src\Core\AI\Hazina.AI.RAG\Hazina.AI.RAG.csproj::TargetFramework=net9.0]
C:\Projects\Hazina\src\Core\AI\Hazina.AI.RAG\Graph\Pipeline\GraphConstructionPipeline.cs(124,34): warning MA0004: Use Task.ConfigureAwait(false) if the current SynchronizationContext is not needed (https://github.com/meziantou/Meziantou.Analyzer/blob/main/docs/Rules/MA0004.md) [C:\Projects\Hazina\src\Core\AI\Hazina.AI.RAG\Hazina.AI.RAG.csproj::TargetFramework=net9.0]
C:\Projects\Hazina\src\Core\AI\Hazina.AI.RAG\Graph\Pipeline\GraphConstructionPipeline.cs(140,13): warning MA0004: Use Task.ConfigureAwait(false) if the current SynchronizationContext is not needed (https://github.com/meziantou/Meziantou.Analyzer/blob/main/docs/Rules/MA0004.md) [C:\Projects\Hazina\src\Core\AI\Hazina.AI.RAG\Hazina.AI.RAG.csproj::TargetFramework=net9.0]
C:\Projects\Hazina\src\Core\AI\Hazina.AI.RAG\Graph\Pipeline\GraphConstructionPipeline.cs(165,13): warning MA0004: Use Task.ConfigureAwait(false) if the current SynchronizationContext is not needed (https://github.com/meziantou/Meziantou.Analyzer/blob/main/docs/Rules/MA0004.md) [C:\Projects\Hazina\src\Core\AI\Hazina.AI.RAG\Hazina.AI.RAG.csproj::TargetFramework=net9.0]
C:\Projects\Hazina\src\Core\AI\Hazina.AI.RAG\Embeddings\ContentTypeDetector.cs(202,62): warning MA0023: Add RegexOptions.ExplicitCapture to prevent capturing unneeded groups (https://github.com/meziantou/Meziantou.Analyzer/blob/main/docs/Rules/MA0023.md) [C:\Projects\Hazina\src\Core\AI\Hazina.AI.RAG\Hazina.AI.RAG.csproj::TargetFramework=net9.0]
C:\Projects\Hazina\src\Core\AI\Hazina.AI.RAG\Embeddings\ContentTypeDetector.cs(202,13): warning MA0009: Regular expressions should not be vulnerable to Denial of Service attacks (https://github.com/meziantou/Meziantou.Analyzer/blob/main/docs/Rules/MA0009.md) [C:\Projects\Hazina\src\Core\AI\Hazina.AI.RAG\Hazina.AI.RAG.csproj::TargetFramework=net9.0]
C:\Projects\Hazina\src\Core\AI\Hazina.AI.RAG\Embeddings\ContentTypeDetector.cs(206,13): warning MA0009: Regular expressions should not be vulnerable to Denial of Service attacks (https://github.com/meziantou/Meziantou.Analyzer/blob/main/docs/Rules/MA0009.md) [C:\Projects\Hazina\src\Core\AI\Hazina.AI.RAG\Hazina.AI.RAG.csproj::TargetFramework=net9.0]
C:\Projects\Hazina\src\Core\AI\Hazina.AI.RAG\Graph\Pipeline\GraphConstructionPipeline.cs(144,35): warning MA0002: Use an overload that has a IEqualityComparer<string> or IComparer<string> parameter (https://github.com/meziantou/Meziantou.Analyzer/blob/main/docs/Rules/MA0002.md) [C:\Projects\Hazina\src\Core\AI\Hazina.AI.RAG\Hazina.AI.RAG.csproj::TargetFramework=net9.0]
C:\Projects\Hazina\src\Core\AI\Hazina.AI.RAG\Graph\Storage\SQLiteGraphStore.cs(529,16): warning MA0004: Use Task.ConfigureAwait(false) if the current SynchronizationContext is not needed (https://github.com/meziantou/Meziantou.Analyzer/blob/main/docs/Rules/MA0004.md) [C:\Projects\Hazina\src\Core\AI\Hazina.AI.RAG\Hazina.AI.RAG.csproj::TargetFramework=net9.0]
C:\Projects\Hazina\src\Core\AI\Hazina.AI.RAG\Graph\Pipeline\GraphConstructionPipeline.cs(145,65): warning MA0006: Use string.Equals instead of Equals operator (https://github.com/meziantou/Meziantou.Analyzer/blob/main/docs/Rules/MA0006.md) [C:\Projects\Hazina\src\Core\AI\Hazina.AI.RAG\Hazina.AI.RAG.csproj::TargetFramework=net9.0]
C:\Projects\Hazina\src\Core\AI\Hazina.AI.RAG\Retrieval\LlmJudgeReranker.cs(114,13): warning SA1503: Braces should not be omitted (https://github.com/DotNetAnalyzers/StyleCopAnalyzers/blob/master/documentation/SA1503.md) [C:\Projects\Hazina\src\Core\AI\Hazina.AI.RAG\Hazina.AI.RAG.csproj::TargetFramework=net9.0]
C:\Projects\Hazina\src\Core\AI\Hazina.AI.RAG\Retrieval\LlmJudgeReranker.cs(116,16): warning CA1845: Use span-based 'string.Concat' and 'AsSpan' instead of 'Substring' (https://learn.microsoft.com/dotnet/fundamentals/code-analysis/quality-rules/ca1845) [C:\Projects\Hazina\src\Core\AI\Hazina.AI.RAG\Hazina.AI.RAG.csproj::TargetFramework=net9.0]
C:\Projects\Hazina\src\Core\AI\Hazina.AI.RAG\Graph\Storage\SQLiteGraphStore.cs(534,9): warning MA0004: Use Task.ConfigureAwait(false) if the current SynchronizationContext is not needed (https://github.com/meziantou/Meziantou.Analyzer/blob/main/docs/Rules/MA0004.md) [C:\Projects\Hazina\src\Core\AI\Hazina.AI.RAG\Hazina.AI.RAG.csproj::TargetFramework=net9.0]
C:\Projects\Hazina\src\Core\AI\Hazina.AI.RAG\Embeddings\ContentTypeDetector.cs(230,60): warning SA1629: Documentation text should end with a period (https://github.com/DotNetAnalyzers/StyleCopAnalyzers/blob/master/documentation/SA1629.md) [C:\Projects\Hazina\src\Core\AI\Hazina.AI.RAG\Hazina.AI.RAG.csproj::TargetFramework=net9.0]
C:\Projects\Hazina\src\Core\AI\Hazina.AI.RAG\Graph\Storage\SQLiteGraphStore.cs(545,37): warning CA1849: 'SqliteConnection.BeginTransaction()' synchronously blocks. Await 'DbConnection.BeginTransactionAsync(CancellationToken)' instead. (https://learn.microsoft.com/dotnet/fundamentals/code-analysis/quality-rules/ca1849) [C:\Projects\Hazina\src\Core\AI\Hazina.AI.RAG\Hazina.AI.RAG.csproj::TargetFramework=net9.0]
C:\Projects\Hazina\src\Core\AI\Hazina.AI.RAG\Graph\Storage\SQLiteGraphStore.cs(539,9): warning MA0004: Use Task.ConfigureAwait(false) if the current SynchronizationContext is not needed (https://github.com/meziantou/Meziantou.Analyzer/blob/main/docs/Rules/MA0004.md) [C:\Projects\Hazina\src\Core\AI\Hazina.AI.RAG\Hazina.AI.RAG.csproj::TargetFramework=net9.0]
C:\Projects\Hazina\src\Core\AI\Hazina.AI.RAG\Graph\Storage\SQLiteGraphStore.cs(543,13): warning MA0004: Use Task.ConfigureAwait(false) if the current SynchronizationContext is not needed (https://github.com/meziantou/Meziantou.Analyzer/blob/main/docs/Rules/MA0004.md) [C:\Projects\Hazina\src\Core\AI\Hazina.AI.RAG\Hazina.AI.RAG.csproj::TargetFramework=net9.0]
C:\Projects\Hazina\src\Core\AI\Hazina.AI.RAG\Graph\Storage\SQLiteGraphStore.cs(554,17): warning MA0004: Use Task.ConfigureAwait(false) if the current SynchronizationContext is not needed (https://github.com/meziantou/Meziantou.Analyzer/blob/main/docs/Rules/MA0004.md) [C:\Projects\Hazina\src\Core\AI\Hazina.AI.RAG\Hazina.AI.RAG.csproj::TargetFramework=net9.0]
C:\Projects\Hazina\src\Core\AI\Hazina.AI.RAG\Graph\Storage\SQLiteGraphStore.cs(556,17): warning MA0004: Use Task.ConfigureAwait(false) if the current SynchronizationContext is not needed (https://github.com/meziantou/Meziantou.Analyzer/blob/main/docs/Rules/MA0004.md) [C:\Projects\Hazina\src\Core\AI\Hazina.AI.RAG\Hazina.AI.RAG.csproj::TargetFramework=net9.0]
C:\Projects\Hazina\src\Core\AI\Hazina.AI.RAG\Graph\Storage\SQLiteGraphStore.cs(560,17): warning MA0004: Use Task.ConfigureAwait(false) if the current SynchronizationContext is not needed (https://github.com/meziantou/Meziantou.Analyzer/blob/main/docs/Rules/MA0004.md) [C:\Projects\Hazina\src\Core\AI\Hazina.AI.RAG\Hazina.AI.RAG.csproj::TargetFramework=net9.0]
C:\Projects\Hazina\src\Core\AI\Hazina.AI.RAG\Embeddings\BasicMetadataExtractor.cs(75,38): warning CA1062: In externally visible method 'List<string> BasicMetadataExtractor.ExtractKeywordsTFIDF(string text, int topK = 5)', validate parameter 'text' is non-null before using it. If appropriate, throw an 'ArgumentNullException' when the argument is 'null'. (https://learn.microsoft.com/dotnet/fundamentals/code-analysis/quality-rules/ca1062) [C:\Projects\Hazina\src\Core\AI\Hazina.AI.RAG\Hazina.AI.RAG.csproj::TargetFramework=net9.0]
C:\Projects\Hazina\src\Core\AI\Hazina.AI.RAG\Graph\Storage\SQLiteGraphStore.cs(545,37): warning S6966: Await BeginTransactionAsync instead. (https://rules.sonarsource.com/csharp/RSPEC-6966) [C:\Projects\Hazina\src\Core\AI\Hazina.AI.RAG\Hazina.AI.RAG.csproj::TargetFramework=net9.0]
C:\Projects\Hazina\src\Core\AI\Hazina.AI.RAG\Graph\Pipeline\GraphConstructionPipeline.cs(206,44): warning CA1062: In externally visible method 'Task<List<GraphConstructionResult>> GraphConstructionPipeline.ProcessDocumentsBatchAsync(Dictionary<string, string> documents, CancellationToken cancellationToken = default(CancellationToken))', validate parameter 'documents' is non-null before using it. If appropriate, throw an 'ArgumentNullException' when the argument is 'null'. (https://learn.microsoft.com/dotnet/fundamentals/code-analysis/quality-rules/ca1062) [C:\Projects\Hazina\src\Core\AI\Hazina.AI.RAG\Hazina.AI.RAG.csproj::TargetFramework=net9.0]
C:\Projects\Hazina\src\Core\AI\Hazina.AI.RAG\Core\RAGEngine.cs(381,59): warning SA1122: Use string.Empty for empty strings (https://github.com/DotNetAnalyzers/StyleCopAnalyzers/blob/master/documentation/SA1122.md) [C:\Projects\Hazina\src\Core\AI\Hazina.AI.RAG\Hazina.AI.RAG.csproj::TargetFramework=net9.0]
C:\Projects\Hazina\src\Core\AI\Hazina.AI.RAG\Core\RAGEngine.cs(386,57): warning SA1122: Use string.Empty for empty strings (https://github.com/DotNetAnalyzers/StyleCopAnalyzers/blob/master/documentation/SA1122.md) [C:\Projects\Hazina\src\Core\AI\Hazina.AI.RAG\Hazina.AI.RAG.csproj::TargetFramework=net9.0]
C:\Projects\Hazina\src\Core\AI\Hazina.AI.RAG\Graph\Pipeline\GraphConstructionPipeline.cs(182,9): warning CA1031: Modify 'ProcessDocumentAsync' to catch a more specific allowed exception type, or rethrow the exception (https://learn.microsoft.com/dotnet/fundamentals/code-analysis/quality-rules/ca1031) [C:\Projects\Hazina\src\Core\AI\Hazina.AI.RAG\Hazina.AI.RAG.csproj::TargetFramework=net9.0]
C:\Projects\Hazina\src\Core\AI\Hazina.AI.RAG\Embeddings\ContentTypeDetector.cs(247,60): warning SA1629: Documentation text should end with a period (https://github.com/DotNetAnalyzers/StyleCopAnalyzers/blob/master/documentation/SA1629.md) [C:\Projects\Hazina\src\Core\AI\Hazina.AI.RAG\Hazina.AI.RAG.csproj::TargetFramework=net9.0]
C:\Projects\Hazina\src\Core\AI\Hazina.AI.RAG\Graph\Pipeline\LLMEntityExtractor.cs(87,31): warning MA0051: Method is too long (72 lines; maximum allowed: 60) (https://github.com/meziantou/Meziantou.Analyzer/blob/main/docs/Rules/MA0051.md) [C:\Projects\Hazina\src\Core\AI\Hazina.AI.RAG\Hazina.AI.RAG.csproj::TargetFramework=net9.0]
C:\Projects\Hazina\src\Core\AI\Hazina.AI.RAG\Embeddings\LLMMetadataExtractor.cs(112,41): warning SA1629: Documentation text should end with a period (https://github.com/DotNetAnalyzers/StyleCopAnalyzers/blob/master/documentation/SA1629.md) [C:\Projects\Hazina\src\Core\AI\Hazina.AI.RAG\Hazina.AI.RAG.csproj::TargetFramework=net9.0]
C:\Projects\Hazina\src\Core\AI\Hazina.AI.RAG\Embeddings\LLMMetadataExtractor.cs(133,13): warning SA1111: Closing parenthesis should be on line of last parameter (https://github.com/DotNetAnalyzers/StyleCopAnalyzers/blob/master/documentation/SA1111.md) [C:\Projects\Hazina\src\Core\AI\Hazina.AI.RAG\Hazina.AI.RAG.csproj::TargetFramework=net9.0]
C:\Projects\Hazina\src\Core\AI\Hazina.AI.RAG\Embeddings\LLMMetadataExtractor.cs(145,17): warning SA1111: Closing parenthesis should be on line of last parameter (https://github.com/DotNetAnalyzers/StyleCopAnalyzers/blob/master/documentation/SA1111.md) [C:\Projects\Hazina\src\Core\AI\Hazina.AI.RAG\Hazina.AI.RAG.csproj::TargetFramework=net9.0]
C:\Projects\Hazina\src\Core\AI\Hazina.AI.RAG\Graph\Pipeline\EntityNormalizationService.cs(150,38): warning SA1116: The parameters should begin on the line after the declaration, whenever the parameter span across multiple lines (https://github.com/DotNetAnalyzers/StyleCopAnalyzers/blob/master/documentation/SA1116.md) [C:\Projects\Hazina\src\Core\AI\Hazina.AI.RAG\Hazina.AI.RAG.csproj::TargetFramework=net9.0]
C:\Projects\Hazina\src\Core\AI\Hazina.AI.RAG\Graph\Pipeline\EntityNormalizationService.cs(151,38): warning SA1117: The parameters should all be placed on the same line or each parameter should be placed on its own line (https://github.com/DotNetAnalyzers/StyleCopAnalyzers/blob/master/documentation/SA1117.md) [C:\Projects\Hazina\src\Core\AI\Hazina.AI.RAG\Hazina.AI.RAG.csproj::TargetFramework=net9.0]
C:\Projects\Hazina\src\Core\AI\Hazina.AI.RAG\Graph\Pipeline\EntityNormalizationService.cs(150,21): warning CA1873: Evaluation of this argument may be expensive and unnecessary if logging is disabled (https://learn.microsoft.com/dotnet/fundamentals/code-analysis/quality-rules/ca1873) [C:\Projects\Hazina\src\Core\AI\Hazina.AI.RAG\Hazina.AI.RAG.csproj::TargetFramework=net9.0]
C:\Projects\Hazina\src\Core\AI\Hazina.AI.RAG\Graph\Pipeline\EntityNormalizationService.cs(150,21): warning CA1848: For improved performance, use the LoggerMessage delegates instead of calling 'LoggerExtensions.LogDebug(ILogger, string?, params object?[])' (https://learn.microsoft.com/dotnet/fundamentals/code-analysis/quality-rules/ca1848) [C:\Projects\Hazina\src\Core\AI\Hazina.AI.RAG\Hazina.AI.RAG.csproj::TargetFramework=net9.0]
C:\Projects\Hazina\src\Core\AI\Hazina.AI.RAG\Graph\Pipeline\EntityNormalizationService.cs(133,20): warning MA0004: Use Task.ConfigureAwait(false) if the current SynchronizationContext is not needed (https://github.com/meziantou/Meziantou.Analyzer/blob/main/docs/Rules/MA0004.md) [C:\Projects\Hazina\src\Core\AI\Hazina.AI.RAG\Hazina.AI.RAG.csproj::TargetFramework=net9.0]
C:\Projects\Hazina\src\Core\AI\Hazina.AI.RAG\Graph\Pipeline\EntityNormalizationService.cs(136,31): warning MA0004: Use Task.ConfigureAwait(false) if the current SynchronizationContext is not needed (https://github.com/meziantou/Meziantou.Analyzer/blob/main/docs/Rules/MA0004.md) [C:\Projects\Hazina\src\Core\AI\Hazina.AI.RAG\Hazina.AI.RAG.csproj::TargetFramework=net9.0]
C:\Projects\Hazina\src\Core\AI\Hazina.AI.RAG\Embeddings\LLMMetadataExtractor.cs(141,25): warning CA1848: For improved performance, use the LoggerMessage delegates instead of calling 'LoggerExtensions.LogWarning(ILogger, string?, params object?[])' (https://learn.microsoft.com/dotnet/fundamentals/code-analysis/quality-rules/ca1848) [C:\Projects\Hazina\src\Core\AI\Hazina.AI.RAG\Hazina.AI.RAG.csproj::TargetFramework=net9.0]
C:\Projects\Hazina\src\Core\AI\Hazina.AI.RAG\Embeddings\LLMMetadataExtractor.cs(153,21): warning CA1848: For improved performance, use the LoggerMessage delegates instead of calling 'LoggerExtensions.LogError(ILogger, Exception?, string?, params object?[])' (https://learn.microsoft.com/dotnet/fundamentals/code-analysis/quality-rules/ca1848) [C:\Projects\Hazina\src\Core\AI\Hazina.AI.RAG\Hazina.AI.RAG.csproj::TargetFramework=net9.0]
C:\Projects\Hazina\src\Core\AI\Hazina.AI.RAG\Graph\Pipeline\EntityNormalizationService.cs(143,17): warning MA0006: Use string.Equals instead of Equals operator (https://github.com/meziantou/Meziantou.Analyzer/blob/main/docs/Rules/MA0006.md) [C:\Projects\Hazina\src\Core\AI\Hazina.AI.RAG\Hazina.AI.RAG.csproj::TargetFramework=net9.0]
C:\Projects\Hazina\src\Core\AI\Hazina.AI.RAG\Embeddings\LLMMetadataExtractor.cs(128,28): warning MA0004: Use Task.ConfigureAwait(false) if the current SynchronizationContext is not needed (https://github.com/meziantou/Meziantou.Analyzer/blob/main/docs/Rules/MA0004.md) [C:\Projects\Hazina\src\Core\AI\Hazina.AI.RAG\Hazina.AI.RAG.csproj::TargetFramework=net9.0]
C:\Projects\Hazina\src\Core\AI\Hazina.AI.RAG\Embeddings\LLMMetadataExtractor.cs(148,24): warning MA0004: Use Task.ConfigureAwait(false) if the current SynchronizationContext is not needed (https://github.com/meziantou/Meziantou.Analyzer/blob/main/docs/Rules/MA0004.md) [C:\Projects\Hazina\src\Core\AI\Hazina.AI.RAG\Hazina.AI.RAG.csproj::TargetFramework=net9.0]
C:\Projects\Hazina\src\Core\AI\Hazina.AI.RAG\Embeddings\LLMMetadataExtractor.cs(154,20): warning MA0004: Use Task.ConfigureAwait(false) if the current SynchronizationContext is not needed (https://github.com/meziantou/Meziantou.Analyzer/blob/main/docs/Rules/MA0004.md) [C:\Projects\Hazina\src\Core\AI\Hazina.AI.RAG\Hazina.AI.RAG.csproj::TargetFramework=net9.0]
C:\Projects\Hazina\src\Core\AI\Hazina.AI.RAG\Embeddings\BasicMetadataExtractor.cs(104,19): warning S2325: Make 'ExtractSummary' a static method. (https://rules.sonarsource.com/csharp/RSPEC-2325) [C:\Projects\Hazina\src\Core\AI\Hazina.AI.RAG\Hazina.AI.RAG.csproj::TargetFramework=net9.0]
C:\Projects\Hazina\src\Core\AI\Hazina.AI.RAG\Core\RAGEngine.cs(392,69): warning S1172: Remove this unused method parameter 'cancellationToken'. (https://rules.sonarsource.com/csharp/RSPEC-1172) [C:\Projects\Hazina\src\Core\AI\Hazina.AI.RAG\Hazina.AI.RAG.csproj::TargetFramework=net9.0]
C:\Projects\Hazina\src\Core\AI\Hazina.AI.RAG\Embeddings\ContentTypeDetector.cs(264,68): warning SA1629: Documentation text should end with a period (https://github.com/DotNetAnalyzers/StyleCopAnalyzers/blob/master/documentation/SA1629.md) [C:\Projects\Hazina\src\Core\AI\Hazina.AI.RAG\Hazina.AI.RAG.csproj::TargetFramework=net9.0]
C:\Projects\Hazina\src\Core\AI\Hazina.AI.RAG\Graph\Pipeline\LLMEntityExtractor.cs(120,40): warning SA1116: The parameters should begin on the line after the declaration, whenever the parameter span across multiple lines (https://github.com/DotNetAnalyzers/StyleCopAnalyzers/blob/master/documentation/SA1116.md) [C:\Projects\Hazina\src\Core\AI\Hazina.AI.RAG\Hazina.AI.RAG.csproj::TargetFramework=net9.0]
C:\Projects\Hazina\src\Core\AI\Hazina.AI.RAG\Graph\Pipeline\LLMEntityExtractor.cs(128,38): warning SA1116: The parameters should begin on the line after the declaration, whenever the parameter span across multiple lines (https://github.com/DotNetAnalyzers/StyleCopAnalyzers/blob/master/documentation/SA1116.md) [C:\Projects\Hazina\src\Core\AI\Hazina.AI.RAG\Hazina.AI.RAG.csproj::TargetFramework=net9.0]
C:\Projects\Hazina\src\Core\AI\Hazina.AI.RAG\Graph\Pipeline\LLMEntityExtractor.cs(121,41): warning SA1117: The parameters should all be placed on the same line or each parameter should be placed on its own line (https://github.com/DotNetAnalyzers/StyleCopAnalyzers/blob/master/documentation/SA1117.md) [C:\Projects\Hazina\src\Core\AI\Hazina.AI.RAG\Hazina.AI.RAG.csproj::TargetFramework=net9.0]
C:\Projects\Hazina\src\Core\AI\Hazina.AI.RAG\Graph\Pipeline\LLMEntityExtractor.cs(129,41): warning SA1117: The parameters should all be placed on the same line or each parameter should be placed on its own line (https://github.com/DotNetAnalyzers/StyleCopAnalyzers/blob/master/documentation/SA1117.md) [C:\Projects\Hazina\src\Core\AI\Hazina.AI.RAG\Hazina.AI.RAG.csproj::TargetFramework=net9.0]
C:\Projects\Hazina\src\Core\AI\Hazina.AI.RAG\Embeddings\ContentTypeDetector.cs(274,13): warning MA0006: Use string.Equals instead of Equals operator (https://github.com/meziantou/Meziantou.Analyzer/blob/main/docs/Rules/MA0006.md) [C:\Projects\Hazina\src\Core\AI\Hazina.AI.RAG\Hazina.AI.RAG.csproj::TargetFramework=net9.0]
C:\Projects\Hazina\src\Core\AI\Hazina.AI.RAG\Embeddings\BasicMetadataExtractor.cs(102,85): warning SA1629: Documentation text should end with a period (https://github.com/DotNetAnalyzers/StyleCopAnalyzers/blob/master/documentation/SA1629.md) [C:\Projects\Hazina\src\Core\AI\Hazina.AI.RAG\Hazina.AI.RAG.csproj::TargetFramework=net9.0]
C:\Projects\Hazina\src\Core\AI\Hazina.AI.RAG\Embeddings\BasicMetadataExtractor.cs(109,13): warning SA1503: Braces should not be omitted (https://github.com/DotNetAnalyzers/StyleCopAnalyzers/blob/master/documentation/SA1503.md) [C:\Projects\Hazina\src\Core\AI\Hazina.AI.RAG\Hazina.AI.RAG.csproj::TargetFramework=net9.0]
C:\Projects\Hazina\src\Core\AI\Hazina.AI.RAG\Embeddings\BasicMetadataExtractor.cs(123,29): warning CA1845: Use span-based 'string.Concat' and 'AsSpan' instead of 'Substring' (https://learn.microsoft.com/dotnet/fundamentals/code-analysis/quality-rules/ca1845) [C:\Projects\Hazina\src\Core\AI\Hazina.AI.RAG\Hazina.AI.RAG.csproj::TargetFramework=net9.0]
C:\Projects\Hazina\src\Core\AI\Hazina.AI.RAG\Graph\Pipeline\LLMEntityExtractor.cs(128,21): warning CA1873: Evaluation of this argument may be expensive and unnecessary if logging is disabled (https://learn.microsoft.com/dotnet/fundamentals/code-analysis/quality-rules/ca1873) [C:\Projects\Hazina\src\Core\AI\Hazina.AI.RAG\Hazina.AI.RAG.csproj::TargetFramework=net9.0]
C:\Projects\Hazina\src\Core\AI\Hazina.AI.RAG\Embeddings\ContentTypeDetector.cs(270,27): warning CA1062: In externally visible method 'void ContentTypeDetector.ApplyContentTypeOptimizations(SemanticChunkingOptions options, string text)', validate parameter 'options' is non-null before using it. If appropriate, throw an 'ArgumentNullException' when the argument is 'null'. (https://learn.microsoft.com/dotnet/fundamentals/code-analysis/quality-rules/ca1062) [C:\Projects\Hazina\src\Core\AI\Hazina.AI.RAG\Hazina.AI.RAG.csproj::TargetFramework=net9.0]
C:\Projects\Hazina\src\Core\AI\Hazina.AI.RAG\Graph\Pipeline\LLMEntityExtractor.cs(110,17): warning CA1848: For improved performance, use the LoggerMessage delegates instead of calling 'LoggerExtensions.LogWarning(ILogger, string?, params object?[])' (https://learn.microsoft.com/dotnet/fundamentals/code-analysis/quality-rules/ca1848) [C:\Projects\Hazina\src\Core\AI\Hazina.AI.RAG\Hazina.AI.RAG.csproj::TargetFramework=net9.0]
C:\Projects\Hazina\src\Core\AI\Hazina.AI.RAG\Graph\Pipeline\LLMEntityExtractor.cs(120,21): warning CA1848: For improved performance, use the LoggerMessage delegates instead of calling 'LoggerExtensions.LogWarning(ILogger, string?, params object?[])' (https://learn.microsoft.com/dotnet/fundamentals/code-analysis/quality-rules/ca1848) [C:\Projects\Hazina\src\Core\AI\Hazina.AI.RAG\Hazina.AI.RAG.csproj::TargetFramework=net9.0]
C:\Projects\Hazina\src\Core\AI\Hazina.AI.RAG\Graph\Pipeline\LLMEntityExtractor.cs(128,21): warning CA1848: For improved performance, use the LoggerMessage delegates instead of calling 'LoggerExtensions.LogDebug(ILogger, string?, params object?[])' (https://learn.microsoft.com/dotnet/fundamentals/code-analysis/quality-rules/ca1848) [C:\Projects\Hazina\src\Core\AI\Hazina.AI.RAG\Hazina.AI.RAG.csproj::TargetFramework=net9.0]
C:\Projects\Hazina\src\Core\AI\Hazina.AI.RAG\Graph\Pipeline\LLMEntityExtractor.cs(157,13): warning CA1848: For improved performance, use the LoggerMessage delegates instead of calling 'LoggerExtensions.LogError(ILogger, Exception?, string?, params object?[])' (https://learn.microsoft.com/dotnet/fundamentals/code-analysis/quality-rules/ca1848) [C:\Projects\Hazina\src\Core\AI\Hazina.AI.RAG\Hazina.AI.RAG.csproj::TargetFramework=net9.0]
C:\Projects\Hazina\src\Core\AI\Hazina.AI.RAG\Graph\Pipeline\LLMEntityExtractor.cs(93,17): warning CA1310: The behavior of 'string.StartsWith(string)' could vary based on the current user's locale settings. Replace this call in 'Hazina.AI.RAG.Graph.Pipeline.LLMEntityExtractor.ParseEntityResponse(string, string?)' with a call to 'string.StartsWith(string, System.StringComparison)'. (https://learn.microsoft.com/dotnet/fundamentals/code-analysis/quality-rules/ca1310) [C:\Projects\Hazina\src\Core\AI\Hazina.AI.RAG\Hazina.AI.RAG.csproj::TargetFramework=net9.0]
C:\Projects\Hazina\src\Core\AI\Hazina.AI.RAG\Embeddings\LLMMetadataExtractor.cs(151,9): warning CA1031: Modify 'ProcessBatchAsync' to catch a more specific allowed exception type, or rethrow the exception (https://learn.microsoft.com/dotnet/fundamentals/code-analysis/quality-rules/ca1031) [C:\Projects\Hazina\src\Core\AI\Hazina.AI.RAG\Hazina.AI.RAG.csproj::TargetFramework=net9.0]
C:\Projects\Hazina\src\Core\AI\Hazina.AI.RAG\Graph\Pipeline\LLMEntityExtractor.cs(97,17): warning CA1310: The behavior of 'string.StartsWith(string)' could vary based on the current user's locale settings. Replace this call in 'Hazina.AI.RAG.Graph.Pipeline.LLMEntityExtractor.ParseEntityResponse(string, string?)' with a call to 'string.StartsWith(string, System.StringComparison)'. (https://learn.microsoft.com/dotnet/fundamentals/code-analysis/quality-rules/ca1310) [C:\Projects\Hazina\src\Core\AI\Hazina.AI.RAG\Hazina.AI.RAG.csproj::TargetFramework=net9.0]
C:\Projects\Hazina\src\Core\AI\Hazina.AI.RAG\Graph\Pipeline\LLMEntityExtractor.cs(101,17): warning CA1310: The behavior of 'string.EndsWith(string)' could vary based on the current user's locale settings. Replace this call in 'Hazina.AI.RAG.Graph.Pipeline.LLMEntityExtractor.ParseEntityResponse(string, string?)' with a call to 'string.EndsWith(string, System.StringComparison)'. (https://learn.microsoft.com/dotnet/fundamentals/code-analysis/quality-rules/ca1310) [C:\Projects\Hazina\src\Core\AI\Hazina.AI.RAG\Hazina.AI.RAG.csproj::TargetFramework=net9.0]
C:\Projects\Hazina\src\Core\AI\Hazina.AI.RAG\Graph\Pipeline\LLMEntityExtractor.cs(139,58): warning MA0002: Use an overload that has a IEqualityComparer<string> or IComparer<string> parameter (https://github.com/meziantou/Meziantou.Analyzer/blob/main/docs/Rules/MA0002.md) [C:\Projects\Hazina\src\Core\AI\Hazina.AI.RAG\Hazina.AI.RAG.csproj::TargetFramework=net9.0]
C:\Projects\Hazina\src\Core\AI\Hazina.AI.RAG\Graph\Pipeline\LLMEntityExtractor.cs(93,17): warning MA0074: Use an overload of 'StartsWith' that has a StringComparison parameter (https://github.com/meziantou/Meziantou.Analyzer/blob/main/docs/Rules/MA0074.md) [C:\Projects\Hazina\src\Core\AI\Hazina.AI.RAG\Hazina.AI.RAG.csproj::TargetFramework=net9.0]
C:\Projects\Hazina\src\Core\AI\Hazina.AI.RAG\Graph\Pipeline\LLMEntityExtractor.cs(97,17): warning MA0074: Use an overload of 'StartsWith' that has a StringComparison parameter (https://github.com/meziantou/Meziantou.Analyzer/blob/main/docs/Rules/MA0074.md) [C:\Projects\Hazina\src\Core\AI\Hazina.AI.RAG\Hazina.AI.RAG.csproj::TargetFramework=net9.0]
C:\Projects\Hazina\src\Core\AI\Hazina.AI.RAG\Graph\Pipeline\LLMEntityExtractor.cs(101,17): warning MA0074: Use an overload of 'EndsWith' that has a StringComparison parameter (https://github.com/meziantou/Meziantou.Analyzer/blob/main/docs/Rules/MA0074.md) [C:\Projects\Hazina\src\Core\AI\Hazina.AI.RAG\Hazina.AI.RAG.csproj::TargetFramework=net9.0]
C:\Projects\Hazina\src\Core\AI\Hazina.AI.RAG\Utilities\SentenceSplitter.cs(171,52): warning SA1629: Documentation text should end with a period (https://github.com/DotNetAnalyzers/StyleCopAnalyzers/blob/master/documentation/SA1629.md) [C:\Projects\Hazina\src\Core\AI\Hazina.AI.RAG\Hazina.AI.RAG.csproj::TargetFramework=net9.0]
C:\Projects\Hazina\src\Core\AI\Hazina.AI.RAG\Utilities\SentenceSplitter.cs(233,32): warning CA1002: Change 'List<string>' in 'SentenceSplitter.SplitDefault(string)' to use 'Collection<T>', 'ReadOnlyCollection<T>' or 'KeyedCollection<K,V>' (https://learn.microsoft.com/dotnet/fundamentals/code-analysis/quality-rules/ca1002) [C:\Projects\Hazina\src\Core\AI\Hazina.AI.RAG\Hazina.AI.RAG.csproj::TargetFramework=net9.0]
C:\Projects\Hazina\src\Core\AI\Hazina.AI.RAG\Utilities\SentenceSplitter.cs(233,19): warning MA0016: Prefer using collection abstraction instead of implementation (https://github.com/meziantou/Meziantou.Analyzer/blob/main/docs/Rules/MA0016.md) [C:\Projects\Hazina\src\Core\AI\Hazina.AI.RAG\Hazina.AI.RAG.csproj::TargetFramework=net9.0]
C:\Projects\Hazina\src\Core\AI\Hazina.AI.RAG\Core\RAGEngine.cs(394,25): warning MA0004: Use Task.ConfigureAwait(false) if the current SynchronizationContext is not needed (https://github.com/meziantou/Meziantou.Analyzer/blob/main/docs/Rules/MA0004.md) [C:\Projects\Hazina\src\Core\AI\Hazina.AI.RAG\Hazina.AI.RAG.csproj::TargetFramework=net9.0]
C:\Projects\Hazina\src\Core\AI\Hazina.AI.RAG\Embeddings\SemanticSimilarityChunker.cs(145,41): warning MA0051: Method is too long (75 lines; maximum allowed: 60) (https://github.com/meziantou/Meziantou.Analyzer/blob/main/docs/Rules/MA0051.md) [C:\Projects\Hazina\src\Core\AI\Hazina.AI.RAG\Hazina.AI.RAG.csproj::TargetFramework=net9.0]
C:\Projects\Hazina\src\Core\AI\Hazina.AI.RAG\Embeddings\BasicMetadataExtractor.cs(132,17): warning S2325: Make 'CountWords' a static method. (https://rules.sonarsource.com/csharp/RSPEC-2325) [C:\Projects\Hazina\src\Core\AI\Hazina.AI.RAG\Hazina.AI.RAG.csproj::TargetFramework=net9.0]
C:\Projects\Hazina\src\Core\AI\Hazina.AI.RAG\Embeddings\HierarchicalChunker.cs(170,34): warning S6610: "StartsWith" overloads that take a "char" should be used (https://rules.sonarsource.com/csharp/RSPEC-6610) [C:\Projects\Hazina\src\Core\AI\Hazina.AI.RAG\Hazina.AI.RAG.csproj::TargetFramework=net9.0]
C:\Projects\Hazina\src\Core\AI\Hazina.AI.RAG\Embeddings\HierarchicalChunker.cs(153,57): warning SA1629: Documentation text should end with a period (https://github.com/DotNetAnalyzers/StyleCopAnalyzers/blob/master/documentation/SA1629.md) [C:\Projects\Hazina\src\Core\AI\Hazina.AI.RAG\Hazina.AI.RAG.csproj::TargetFramework=net9.0]
C:\Projects\Hazina\src\Core\AI\Hazina.AI.RAG\Embeddings\HierarchicalChunker.cs(170,44): warning CA1866: Use 'string.StartsWith(char)' instead of 'string.StartsWith(string)' when you have a string with a single char (https://learn.microsoft.com/dotnet/fundamentals/code-analysis/quality-rules/ca1866) [C:\Projects\Hazina\src\Core\AI\Hazina.AI.RAG\Hazina.AI.RAG.csproj::TargetFramework=net9.0]
C:\Projects\Hazina\src\Core\AI\Hazina.AI.RAG\Embeddings\HierarchicalChunker.cs(170,17): warning CA1310: The behavior of 'string.StartsWith(string)' could vary based on the current user's locale settings. Replace this call in 'Hazina.AI.RAG.Embeddings.HierarchicalChunker.SplitMarkdownSections(string)' with a call to 'string.StartsWith(string, System.StringComparison)'. (https://learn.microsoft.com/dotnet/fundamentals/code-analysis/quality-rules/ca1310) [C:\Projects\Hazina\src\Core\AI\Hazina.AI.RAG\Hazina.AI.RAG.csproj::TargetFramework=net9.0]
C:\Projects\Hazina\src\Core\AI\Hazina.AI.RAG\Utilities\SentenceSplitter.cs(231,56): warning SA1629: Documentation text should end with a period (https://github.com/DotNetAnalyzers/StyleCopAnalyzers/blob/master/documentation/SA1629.md) [C:\Projects\Hazina\src\Core\AI\Hazina.AI.RAG\Hazina.AI.RAG.csproj::TargetFramework=net9.0]
C:\Projects\Hazina\src\Core\AI\Hazina.AI.RAG\Embeddings\BasicMetadataExtractor.cs(130,28): warning SA1629: Documentation text should end with a period (https://github.com/DotNetAnalyzers/StyleCopAnalyzers/blob/master/documentation/SA1629.md) [C:\Projects\Hazina\src\Core\AI\Hazina.AI.RAG\Hazina.AI.RAG.csproj::TargetFramework=net9.0]
C:\Projects\Hazina\src\Core\AI\Hazina.AI.RAG\Embeddings\BasicMetadataExtractor.cs(140,17): warning S2325: Make 'CountSentences' a static method. (https://rules.sonarsource.com/csharp/RSPEC-2325) [C:\Projects\Hazina\src\Core\AI\Hazina.AI.RAG\Hazina.AI.RAG.csproj::TargetFramework=net9.0]
C:\Projects\Hazina\src\Core\AI\Hazina.AI.RAG\Embeddings\BasicMetadataExtractor.cs(134,27): warning CA1861: Prefer 'static readonly' fields over constant array arguments if the called method is called repeatedly and is not mutating the passed array (https://learn.microsoft.com/dotnet/fundamentals/code-analysis/quality-rules/ca1861) [C:\Projects\Hazina\src\Core\AI\Hazina.AI.RAG\Hazina.AI.RAG.csproj::TargetFramework=net9.0]
C:\Projects\Hazina\src\Core\AI\Hazina.AI.RAG\Graph\Pipeline\EntityNormalizationService.cs(160,25): warning S2325: Make 'MergeEntities' a static method. (https://rules.sonarsource.com/csharp/RSPEC-2325) [C:\Projects\Hazina\src\Core\AI\Hazina.AI.RAG\Hazina.AI.RAG.csproj::TargetFramework=net9.0]
C:\Projects\Hazina\src\Core\AI\Hazina.AI.RAG\Embeddings\LLMMetadataExtractor.cs(167,31): warning S3267: Loop should be simplified by calling Select(chunk => chunk.Text)) (https://rules.sonarsource.com/csharp/RSPEC-3267) [C:\Projects\Hazina\src\Core\AI\Hazina.AI.RAG\Hazina.AI.RAG.csproj::TargetFramework=net9.0]
C:\Projects\Hazina\src\Core\AI\Hazina.AI.RAG\Embeddings\HierarchicalChunker.cs(170,17): warning MA0074: Use an overload of 'StartsWith' that has a StringComparison parameter (https://github.com/meziantou/Meziantou.Analyzer/blob/main/docs/Rules/MA0074.md) [C:\Projects\Hazina\src\Core\AI\Hazina.AI.RAG\Hazina.AI.RAG.csproj::TargetFramework=net9.0]
C:\Projects\Hazina\src\Core\AI\Hazina.AI.RAG\Embeddings\BasicMetadataExtractor.cs(138,32): warning SA1629: Documentation text should end with a period (https://github.com/DotNetAnalyzers/StyleCopAnalyzers/blob/master/documentation/SA1629.md) [C:\Projects\Hazina\src\Core\AI\Hazina.AI.RAG\Hazina.AI.RAG.csproj::TargetFramework=net9.0]
C:\Projects\Hazina\src\Core\AI\Hazina.AI.RAG\Graph\Storage\SQLiteGraphStore.cs(581,33): warning CA1305: The behavior of 'Convert.ToInt32(object)' could vary based on the current user's locale settings. Replace this call in 'SQLiteGraphStore.GetStatisticsAsync([CancellationToken])' with a call to 'Convert.ToInt32(object, IFormatProvider)'. (https://learn.microsoft.com/dotnet/fundamentals/code-analysis/quality-rules/ca1305) [C:\Projects\Hazina\src\Core\AI\Hazina.AI.RAG\Hazina.AI.RAG.csproj::TargetFramework=net9.0]
C:\Projects\Hazina\src\Core\AI\Hazina.AI.RAG\Graph\Storage\SQLiteGraphStore.cs(588,39): warning CA1305: The behavior of 'Convert.ToInt32(object)' could vary based on the current user's locale settings. Replace this call in 'SQLiteGraphStore.GetStatisticsAsync([CancellationToken])' with a call to 'Convert.ToInt32(object, IFormatProvider)'. (https://learn.microsoft.com/dotnet/fundamentals/code-analysis/quality-rules/ca1305) [C:\Projects\Hazina\src\Core\AI\Hazina.AI.RAG\Hazina.AI.RAG.csproj::TargetFramework=net9.0]
C:\Projects\Hazina\src\Core\AI\Hazina.AI.RAG\Graph\Storage\SQLiteGraphStore.cs(573,9): warning MA0004: Use Task.ConfigureAwait(false) if the current SynchronizationContext is not needed (https://github.com/meziantou/Meziantou.Analyzer/blob/main/docs/Rules/MA0004.md) [C:\Projects\Hazina\src\Core\AI\Hazina.AI.RAG\Hazina.AI.RAG.csproj::TargetFramework=net9.0]
C:\Projects\Hazina\src\Core\AI\Hazina.AI.RAG\Graph\Storage\SQLiteGraphStore.cs(581,49): warning MA0004: Use Task.ConfigureAwait(false) if the current SynchronizationContext is not needed (https://github.com/meziantou/Meziantou.Analyzer/blob/main/docs/Rules/MA0004.md) [C:\Projects\Hazina\src\Core\AI\Hazina.AI.RAG\Hazina.AI.RAG.csproj::TargetFramework=net9.0]
C:\Projects\Hazina\src\Core\AI\Hazina.AI.RAG\Graph\Storage\SQLiteGraphStore.cs(588,55): warning MA0004: Use Task.ConfigureAwait(false) if the current SynchronizationContext is not needed (https://github.com/meziantou/Meziantou.Analyzer/blob/main/docs/Rules/MA0004.md) [C:\Projects\Hazina\src\Core\AI\Hazina.AI.RAG\Hazina.AI.RAG.csproj::TargetFramework=net9.0]
C:\Projects\Hazina\src\Core\AI\Hazina.AI.RAG\Graph\Storage\SQLiteGraphStore.cs(595,32): warning MA0004: Use Task.ConfigureAwait(false) if the current SynchronizationContext is not needed (https://github.com/meziantou/Meziantou.Analyzer/blob/main/docs/Rules/MA0004.md) [C:\Projects\Hazina\src\Core\AI\Hazina.AI.RAG\Hazina.AI.RAG.csproj::TargetFramework=net9.0]
C:\Projects\Hazina\src\Core\AI\Hazina.AI.RAG\Graph\Storage\SQLiteGraphStore.cs(639,24): warning S2325: Make 'LoadEntityRelations' a static method. (https://rules.sonarsource.com/csharp/RSPEC-2325) [C:\Projects\Hazina\src\Core\AI\Hazina.AI.RAG\Hazina.AI.RAG.csproj::TargetFramework=net9.0]
C:\Projects\Hazina\src\Core\AI\Hazina.AI.RAG\Graph\Pipeline\EntityNormalizationService.cs(235,17): warning S2325: Make 'LevenshteinDistance' a static method. (https://rules.sonarsource.com/csharp/RSPEC-2325) [C:\Projects\Hazina\src\Core\AI\Hazina.AI.RAG\Hazina.AI.RAG.csproj::TargetFramework=net9.0]
C:\Projects\Hazina\src\Core\AI\Hazina.AI.RAG\Graph\Storage\SQLiteGraphStore.cs(596,20): warning MA0004: Use Task.ConfigureAwait(false) if the current SynchronizationContext is not needed (https://github.com/meziantou/Meziantou.Analyzer/blob/main/docs/Rules/MA0004.md) [C:\Projects\Hazina\src\Core\AI\Hazina.AI.RAG\Hazina.AI.RAG.csproj::TargetFramework=net9.0]
C:\Projects\Hazina\src\Core\AI\Hazina.AI.RAG\Graph\Storage\SQLiteGraphStore.cs(606,32): warning MA0004: Use Task.ConfigureAwait(false) if the current SynchronizationContext is not needed (https://github.com/meziantou/Meziantou.Analyzer/blob/main/docs/Rules/MA0004.md) [C:\Projects\Hazina\src\Core\AI\Hazina.AI.RAG\Hazina.AI.RAG.csproj::TargetFramework=net9.0]
C:\Projects\Hazina\src\Core\AI\Hazina.AI.RAG\Graph\Storage\SQLiteGraphStore.cs(607,20): warning MA0004: Use Task.ConfigureAwait(false) if the current SynchronizationContext is not needed (https://github.com/meziantou/Meziantou.Analyzer/blob/main/docs/Rules/MA0004.md) [C:\Projects\Hazina\src\Core\AI\Hazina.AI.RAG\Hazina.AI.RAG.csproj::TargetFramework=net9.0]
C:\Projects\Hazina\src\Core\AI\Hazina.AI.RAG\Core\RAGEngine.cs(424,20): warning S2325: Make 'BuildContext' a static method. (https://rules.sonarsource.com/csharp/RSPEC-2325) [C:\Projects\Hazina\src\Core\AI\Hazina.AI.RAG\Hazina.AI.RAG.csproj::TargetFramework=net9.0]
C:\Projects\Hazina\src\Core\AI\Hazina.AI.RAG\Graph\Storage\SQLiteGraphStore.cs(581,33): warning MA0011: Use an overload of 'ToInt32' that has a 'System.IFormatProvider' parameter (https://github.com/meziantou/Meziantou.Analyzer/blob/main/docs/Rules/MA0011.md) [C:\Projects\Hazina\src\Core\AI\Hazina.AI.RAG\Hazina.AI.RAG.csproj::TargetFramework=net9.0]
C:\Projects\Hazina\src\Core\AI\Hazina.AI.RAG\Graph\Storage\SQLiteGraphStore.cs(588,39): warning MA0011: Use an overload of 'ToInt32' that has a 'System.IFormatProvider' parameter (https://github.com/meziantou/Meziantou.Analyzer/blob/main/docs/Rules/MA0011.md) [C:\Projects\Hazina\src\Core\AI\Hazina.AI.RAG\Hazina.AI.RAG.csproj::TargetFramework=net9.0]
C:\Projects\Hazina\src\Core\AI\Hazina.AI.RAG\Graph\Pipeline\EntityNormalizationService.cs(283,24): warning S1244: Do not check floating point equality with exact values, use a range instead. (https://rules.sonarsource.com/csharp/RSPEC-1244) [C:\Projects\Hazina\src\Core\AI\Hazina.AI.RAG\Hazina.AI.RAG.csproj::TargetFramework=net9.0]
C:\Projects\Hazina\src\Core\AI\Hazina.AI.RAG\Graph\Pipeline\EntityNormalizationService.cs(283,45): warning S1244: Do not check floating point equality with exact values, use a range instead. (https://rules.sonarsource.com/csharp/RSPEC-1244) [C:\Projects\Hazina\src\Core\AI\Hazina.AI.RAG\Hazina.AI.RAG.csproj::TargetFramework=net9.0]
C:\Projects\Hazina\src\Core\AI\Hazina.AI.RAG\Graph\Pipeline\EntityNormalizationService.cs(265,20): warning S2325: Make 'CalculateCosineSimilarity' a static method. (https://rules.sonarsource.com/csharp/RSPEC-2325) [C:\Projects\Hazina\src\Core\AI\Hazina.AI.RAG\Hazina.AI.RAG.csproj::TargetFramework=net9.0]
C:\Projects\Hazina\src\Core\AI\Hazina.AI.RAG\Graph\Retrieval\HybridRetrievalService.cs(73,53): warning MA0051: Method is too long (65 lines; maximum allowed: 60) (https://github.com/meziantou/Meziantou.Analyzer/blob/main/docs/Rules/MA0051.md) [C:\Projects\Hazina\src\Core\AI\Hazina.AI.RAG\Hazina.AI.RAG.csproj::TargetFramework=net9.0]
C:\Projects\Hazina\src\Core\AI\Hazina.AI.RAG\Graph\Retrieval\HybridRetrievalService.cs(135,26): warning S2139: Either log this exception and handle it, or rethrow it with some contextual information. (https://rules.sonarsource.com/csharp/RSPEC-2139) [C:\Projects\Hazina\src\Core\AI\Hazina.AI.RAG\Hazina.AI.RAG.csproj::TargetFramework=net9.0]
C:\Projects\Hazina\src\Core\AI\Hazina.AI.RAG\Graph\Retrieval\HybridRetrievalService.cs(76,9): warning S1172: Remove this unused method parameter 'cancellationToken'. (https://rules.sonarsource.com/csharp/RSPEC-1172) [C:\Projects\Hazina\src\Core\AI\Hazina.AI.RAG\Hazina.AI.RAG.csproj::TargetFramework=net9.0]
C:\Projects\Hazina\src\Core\AI\Hazina.AI.RAG\Graph\Pipeline\EntityNormalizationService.cs(220,16): warning CA1308: In method 'CalculateStringSimilarity', replace the call to 'ToLowerInvariant' with 'ToUpperInvariant' (https://learn.microsoft.com/dotnet/fundamentals/code-analysis/quality-rules/ca1308) [C:\Projects\Hazina\src\Core\AI\Hazina.AI.RAG\Hazina.AI.RAG.csproj::TargetFramework=net9.0]
C:\Projects\Hazina\src\Core\AI\Hazina.AI.RAG\Graph\Pipeline\EntityNormalizationService.cs(221,16): warning CA1308: In method 'CalculateStringSimilarity', replace the call to 'ToLowerInvariant' with 'ToUpperInvariant' (https://learn.microsoft.com/dotnet/fundamentals/code-analysis/quality-rules/ca1308) [C:\Projects\Hazina\src\Core\AI\Hazina.AI.RAG\Hazina.AI.RAG.csproj::TargetFramework=net9.0]
C:\Projects\Hazina\src\Core\AI\Hazina.AI.RAG\Graph\Pipeline\EntityNormalizationService.cs(204,32): warning SA1407: Arithmetic expressions should declare precedence (https://github.com/DotNetAnalyzers/StyleCopAnalyzers/blob/master/documentation/SA1407.md) [C:\Projects\Hazina\src\Core\AI\Hazina.AI.RAG\Hazina.AI.RAG.csproj::TargetFramework=net9.0]
C:\Projects\Hazina\src\Core\AI\Hazina.AI.RAG\Embeddings\LLMMetadataExtractor.cs(159,63): warning SA1629: Documentation text should end with a period (https://github.com/DotNetAnalyzers/StyleCopAnalyzers/blob/master/documentation/SA1629.md) [C:\Projects\Hazina\src\Core\AI\Hazina.AI.RAG\Hazina.AI.RAG.csproj::TargetFramework=net9.0]
C:\Projects\Hazina\src\Core\AI\Hazina.AI.RAG\Graph\Pipeline\EntityNormalizationService.cs(224,13): warning MA0006: Use string.Equals instead of Equals operator (https://github.com/meziantou/Meziantou.Analyzer/blob/main/docs/Rules/MA0006.md) [C:\Projects\Hazina\src\Core\AI\Hazina.AI.RAG\Hazina.AI.RAG.csproj::TargetFramework=net9.0]
C:\Projects\Hazina\src\Core\AI\Hazina.AI.RAG\Embeddings\LLMMetadataExtractor.cs(169,28): warning MA0004: Use Task.ConfigureAwait(false) if the current SynchronizationContext is not needed (https://github.com/meziantou/Meziantou.Analyzer/blob/main/docs/Rules/MA0004.md) [C:\Projects\Hazina\src\Core\AI\Hazina.AI.RAG\Hazina.AI.RAG.csproj::TargetFramework=net9.0]
C:\Projects\Hazina\src\Core\AI\Hazina.AI.RAG\Graph\Pipeline\EntityNormalizationService.cs(172,14): warning MA0002: Use an overload that has a IEqualityComparer<string> or IComparer<string> parameter (https://github.com/meziantou/Meziantou.Analyzer/blob/main/docs/Rules/MA0002.md) [C:\Projects\Hazina\src\Core\AI\Hazina.AI.RAG\Hazina.AI.RAG.csproj::TargetFramework=net9.0]
C:\Projects\Hazina\src\Core\AI\Hazina.AI.RAG\Embeddings\LLMMetadataExtractor.cs(187,20): warning S2325: Make 'BuildSingleChunkPrompt' a static method. (https://rules.sonarsource.com/csharp/RSPEC-2325) [C:\Projects\Hazina\src\Core\AI\Hazina.AI.RAG\Hazina.AI.RAG.csproj::TargetFramework=net9.0]
C:\Projects\Hazina\src\Core\AI\Hazina.AI.RAG\Embeddings\SemanticSimilarityChunker.cs(298,17): warning S1854: Remove this useless assignment to local variable 'currentChunkStart'. (https://rules.sonarsource.com/csharp/RSPEC-1854) [C:\Projects\Hazina\src\Core\AI\Hazina.AI.RAG\Hazina.AI.RAG.csproj::TargetFramework=net9.0]
C:\Projects\Hazina\src\Core\AI\Hazina.AI.RAG\Graph\Pipeline\EntityNormalizationService.cs(239,18): warning CA1814: LevenshteinDistance uses a multidimensional array of int[*,*]. Replace it with a jagged array if possible. (https://learn.microsoft.com/dotnet/fundamentals/code-analysis/quality-rules/ca1814) [C:\Projects\Hazina\src\Core\AI\Hazina.AI.RAG\Hazina.AI.RAG.csproj::TargetFramework=net9.0]
C:\Projects\Hazina\src\Core\AI\Hazina.AI.RAG\Graph\Storage\SQLiteGraphStore.cs(625,23): warning S6580: Use a format provider when parsing date and time. (https://rules.sonarsource.com/csharp/RSPEC-6580) [C:\Projects\Hazina\src\Core\AI\Hazina.AI.RAG\Hazina.AI.RAG.csproj::TargetFramework=net9.0]
C:\Projects\Hazina\src\Core\AI\Hazina.AI.RAG\Graph\Storage\SQLiteGraphStore.cs(626,27): warning S6580: Use a format provider when parsing date and time. (https://rules.sonarsource.com/csharp/RSPEC-6580) [C:\Projects\Hazina\src\Core\AI\Hazina.AI.RAG\Hazina.AI.RAG.csproj::TargetFramework=net9.0]
C:\Projects\Hazina\src\Core\AI\Hazina.AI.RAG\Graph\Storage\SQLiteGraphStore.cs(646,32): warning MA0004: Use Task.ConfigureAwait(false) if the current SynchronizationContext is not needed (https://github.com/meziantou/Meziantou.Analyzer/blob/main/docs/Rules/MA0004.md) [C:\Projects\Hazina\src\Core\AI\Hazina.AI.RAG\Hazina.AI.RAG.csproj::TargetFramework=net9.0]
C:\Projects\Hazina\src\Core\AI\Hazina.AI.RAG\Graph\Storage\SQLiteGraphStore.cs(647,20): warning MA0004: Use Task.ConfigureAwait(false) if the current SynchronizationContext is not needed (https://github.com/meziantou/Meziantou.Analyzer/blob/main/docs/Rules/MA0004.md) [C:\Projects\Hazina\src\Core\AI\Hazina.AI.RAG\Hazina.AI.RAG.csproj::TargetFramework=net9.0]
C:\Projects\Hazina\src\Core\AI\Hazina.AI.RAG\Graph\Storage\SQLiteGraphStore.cs(658,32): warning MA0004: Use Task.ConfigureAwait(false) if the current SynchronizationContext is not needed (https://github.com/meziantou/Meziantou.Analyzer/blob/main/docs/Rules/MA0004.md) [C:\Projects\Hazina\src\Core\AI\Hazina.AI.RAG\Hazina.AI.RAG.csproj::TargetFramework=net9.0]
C:\Projects\Hazina\src\Core\AI\Hazina.AI.RAG\Graph\Storage\SQLiteGraphStore.cs(659,20): warning MA0004: Use Task.ConfigureAwait(false) if the current SynchronizationContext is not needed (https://github.com/meziantou/Meziantou.Analyzer/blob/main/docs/Rules/MA0004.md) [C:\Projects\Hazina\src\Core\AI\Hazina.AI.RAG\Hazina.AI.RAG.csproj::TargetFramework=net9.0]
C:\Projects\Hazina\src\Core\AI\Hazina.AI.RAG\Graph\Storage\SQLiteGraphStore.cs(625,23): warning CA1305: The behavior of 'DateTime.Parse(string)' could vary based on the current user's locale settings. Replace this call in 'SQLiteGraphStore.ReadEntity(SqliteDataReader)' with a call to 'DateTime.Parse(string, IFormatProvider)'. (https://learn.microsoft.com/dotnet/fundamentals/code-analysis/quality-rules/ca1305) [C:\Projects\Hazina\src\Core\AI\Hazina.AI.RAG\Hazina.AI.RAG.csproj::TargetFramework=net9.0]
C:\Projects\Hazina\src\Core\AI\Hazina.AI.RAG\Graph\Storage\SQLiteGraphStore.cs(626,27): warning CA1305: The behavior of 'DateTime.Parse(string)' could vary based on the current user's locale settings. Replace this call in 'SQLiteGraphStore.ReadEntity(SqliteDataReader)' with a call to 'DateTime.Parse(string, IFormatProvider)'. (https://learn.microsoft.com/dotnet/fundamentals/code-analysis/quality-rules/ca1305) [C:\Projects\Hazina\src\Core\AI\Hazina.AI.RAG\Hazina.AI.RAG.csproj::TargetFramework=net9.0]
C:\Projects\Hazina\src\Core\AI\Hazina.AI.RAG\Core\RAGEngine.cs(493,20): warning S2325: Make 'BuildRAGPrompt' a static method. (https://rules.sonarsource.com/csharp/RSPEC-2325) [C:\Projects\Hazina\src\Core\AI\Hazina.AI.RAG\Hazina.AI.RAG.csproj::TargetFramework=net9.0]
C:\Projects\Hazina\src\Core\AI\Hazina.AI.RAG\Graph\Storage\SQLiteGraphStore.cs(625,23): warning MA0011: Use an overload of 'Parse' that has a 'System.IFormatProvider' parameter (https://github.com/meziantou/Meziantou.Analyzer/blob/main/docs/Rules/MA0011.md) [C:\Projects\Hazina\src\Core\AI\Hazina.AI.RAG\Hazina.AI.RAG.csproj::TargetFramework=net9.0]
C:\Projects\Hazina\src\Core\AI\Hazina.AI.RAG\Graph\Storage\SQLiteGraphStore.cs(626,27): warning MA0011: Use an overload of 'Parse' that has a 'System.IFormatProvider' parameter (https://github.com/meziantou/Meziantou.Analyzer/blob/main/docs/Rules/MA0011.md) [C:\Projects\Hazina\src\Core\AI\Hazina.AI.RAG\Hazina.AI.RAG.csproj::TargetFramework=net9.0]
C:\Projects\Hazina\src\Core\AI\Hazina.AI.RAG\Graph\Storage\SQLiteGraphStore.cs(624,135): warning MA0002: Use an overload that has a IEqualityComparer<string> or IComparer<string> parameter (https://github.com/meziantou/Meziantou.Analyzer/blob/main/docs/Rules/MA0002.md) [C:\Projects\Hazina\src\Core\AI\Hazina.AI.RAG\Hazina.AI.RAG.csproj::TargetFramework=net9.0]
C:\Projects\Hazina\src\Core\AI\Hazina.AI.RAG\Embeddings\HierarchicalChunker.cs(216,72): warning SA1629: Documentation text should end with a period (https://github.com/DotNetAnalyzers/StyleCopAnalyzers/blob/master/documentation/SA1629.md) [C:\Projects\Hazina\src\Core\AI\Hazina.AI.RAG\Hazina.AI.RAG.csproj::TargetFramework=net9.0]
C:\Projects\Hazina\src\Core\AI\Hazina.AI.RAG\Embeddings\HierarchicalChunker.cs(240,57): warning SA1108: Block statements should not contain embedded comments (https://github.com/DotNetAnalyzers/StyleCopAnalyzers/blob/master/documentation/SA1108.md) [C:\Projects\Hazina\src\Core\AI\Hazina.AI.RAG\Hazina.AI.RAG.csproj::TargetFramework=net9.0]
C:\Projects\Hazina\src\Core\AI\Hazina.AI.RAG\Core\RAGEngine.cs(462,13): warning SA1111: Closing parenthesis should be on line of last parameter (https://github.com/DotNetAnalyzers/StyleCopAnalyzers/blob/master/documentation/SA1111.md) [C:\Projects\Hazina\src\Core\AI\Hazina.AI.RAG\Hazina.AI.RAG.csproj::TargetFramework=net9.0]
C:\Projects\Hazina\src\Core\AI\Hazina.AI.RAG\Core\RAGEngine.cs(487,13): warning SA1111: Closing parenthesis should be on line of last parameter (https://github.com/DotNetAnalyzers/StyleCopAnalyzers/blob/master/documentation/SA1111.md) [C:\Projects\Hazina\src\Core\AI\Hazina.AI.RAG\Hazina.AI.RAG.csproj::TargetFramework=net9.0]
C:\Projects\Hazina\src\Core\AI\Hazina.AI.RAG\Embeddings\HierarchicalChunker.cs(254,54): warning CA1845: Use span-based 'string.Concat' and 'AsSpan' instead of 'Substring' (https://learn.microsoft.com/dotnet/fundamentals/code-analysis/quality-rules/ca1845) [C:\Projects\Hazina\src\Core\AI\Hazina.AI.RAG\Hazina.AI.RAG.csproj::TargetFramework=net9.0]
C:\Projects\Hazina\src\Core\AI\Hazina.AI.RAG\Embeddings\HierarchicalChunker.cs(234,33): warning CA1310: The behavior of 'string.StartsWith(string)' could vary based on the current user's locale settings. Replace this call in 'Hazina.AI.RAG.Embeddings.HierarchicalChunker.SplitCodeSections(string)' with a call to 'string.StartsWith(string, System.StringComparison)'. (https://learn.microsoft.com/dotnet/fundamentals/code-analysis/quality-rules/ca1310) [C:\Projects\Hazina\src\Core\AI\Hazina.AI.RAG\Hazina.AI.RAG.csproj::TargetFramework=net9.0]
C:\Projects\Hazina\src\Core\AI\Hazina.AI.RAG\Embeddings\HierarchicalChunker.cs(235,31): warning CA1310: The behavior of 'string.StartsWith(string)' could vary based on the current user's locale settings. Replace this call in 'Hazina.AI.RAG.Embeddings.HierarchicalChunker.SplitCodeSections(string)' with a call to 'string.StartsWith(string, System.StringComparison)'. (https://learn.microsoft.com/dotnet/fundamentals/code-analysis/quality-rules/ca1310) [C:\Projects\Hazina\src\Core\AI\Hazina.AI.RAG\Hazina.AI.RAG.csproj::TargetFramework=net9.0]
C:\Projects\Hazina\src\Core\AI\Hazina.AI.RAG\Embeddings\HierarchicalChunker.cs(236,31): warning CA1310: The behavior of 'string.StartsWith(string)' could vary based on the current user's locale settings. Replace this call in 'Hazina.AI.RAG.Embeddings.HierarchicalChunker.SplitCodeSections(string)' with a call to 'string.StartsWith(string, System.StringComparison)'. (https://learn.microsoft.com/dotnet/fundamentals/code-analysis/quality-rules/ca1310) [C:\Projects\Hazina\src\Core\AI\Hazina.AI.RAG\Hazina.AI.RAG.csproj::TargetFramework=net9.0]
C:\Projects\Hazina\src\Core\AI\Hazina.AI.RAG\Embeddings\HierarchicalChunker.cs(237,31): warning CA1307: 'string.Contains(string)' has a method overload that takes a 'StringComparison' parameter. Replace this call in 'Hazina.AI.RAG.Embeddings.HierarchicalChunker.SplitCodeSections(string)' with a call to 'string.Contains(string, System.StringComparison)' for clarity of intent. (https://learn.microsoft.com/dotnet/fundamentals/code-analysis/quality-rules/ca1307) [C:\Projects\Hazina\src\Core\AI\Hazina.AI.RAG\Hazina.AI.RAG.csproj::TargetFramework=net9.0]
C:\Projects\Hazina\src\Core\AI\Hazina.AI.RAG\Core\RAGEngine.cs(454,26): warning MA0004: Use Task.ConfigureAwait(false) if the current SynchronizationContext is not needed (https://github.com/meziantou/Meziantou.Analyzer/blob/main/docs/Rules/MA0004.md) [C:\Projects\Hazina\src\Core\AI\Hazina.AI.RAG\Hazina.AI.RAG.csproj::TargetFramework=net9.0]
C:\Projects\Hazina\src\Core\AI\Hazina.AI.RAG\Core\RAGEngine.cs(481,28): warning MA0004: Use Task.ConfigureAwait(false) if the current SynchronizationContext is not needed (https://github.com/meziantou/Meziantou.Analyzer/blob/main/docs/Rules/MA0004.md) [C:\Projects\Hazina\src\Core\AI\Hazina.AI.RAG\Hazina.AI.RAG.csproj::TargetFramework=net9.0]
C:\Projects\Hazina\src\Core\AI\Hazina.AI.RAG\Embeddings\HierarchicalChunker.cs(238,31): warning MA0009: Regular expressions should not be vulnerable to Denial of Service attacks (https://github.com/meziantou/Meziantou.Analyzer/blob/main/docs/Rules/MA0009.md) [C:\Projects\Hazina\src\Core\AI\Hazina.AI.RAG\Hazina.AI.RAG.csproj::TargetFramework=net9.0]
C:\Projects\Hazina\src\Core\AI\Hazina.AI.RAG\Graph\Storage\SQLiteGraphStore.cs(698,20): warning S2325: Make 'SerializeEmbedding' a static method. (https://rules.sonarsource.com/csharp/RSPEC-2325) [C:\Projects\Hazina\src\Core\AI\Hazina.AI.RAG\Hazina.AI.RAG.csproj::TargetFramework=net9.0]
C:\Projects\Hazina\src\Core\AI\Hazina.AI.RAG\Embeddings\HierarchicalChunker.cs(234,33): warning MA0074: Use an overload of 'StartsWith' that has a StringComparison parameter (https://github.com/meziantou/Meziantou.Analyzer/blob/main/docs/Rules/MA0074.md) [C:\Projects\Hazina\src\Core\AI\Hazina.AI.RAG\Hazina.AI.RAG.csproj::TargetFramework=net9.0]
C:\Projects\Hazina\src\Core\AI\Hazina.AI.RAG\Embeddings\HierarchicalChunker.cs(235,31): warning MA0074: Use an overload of 'StartsWith' that has a StringComparison parameter (https://github.com/meziantou/Meziantou.Analyzer/blob/main/docs/Rules/MA0074.md) [C:\Projects\Hazina\src\Core\AI\Hazina.AI.RAG\Hazina.AI.RAG.csproj::TargetFramework=net9.0]
C:\Projects\Hazina\src\Core\AI\Hazina.AI.RAG\Embeddings\HierarchicalChunker.cs(236,31): warning MA0074: Use an overload of 'StartsWith' that has a StringComparison parameter (https://github.com/meziantou/Meziantou.Analyzer/blob/main/docs/Rules/MA0074.md) [C:\Projects\Hazina\src\Core\AI\Hazina.AI.RAG\Hazina.AI.RAG.csproj::TargetFramework=net9.0]
C:\Projects\Hazina\src\Core\AI\Hazina.AI.RAG\Graph\Storage\SQLiteGraphStore.cs(705,21): warning S2325: Make 'DeserializeEmbedding' a static method. (https://rules.sonarsource.com/csharp/RSPEC-2325) [C:\Projects\Hazina\src\Core\AI\Hazina.AI.RAG\Hazina.AI.RAG.csproj::TargetFramework=net9.0]
C:\Projects\Hazina\src\Core\AI\Hazina.AI.RAG\Graph\Storage\SQLiteGraphStore.cs(730,24): warning S1244: Do not check floating point equality with exact values, use a range instead. (https://rules.sonarsource.com/csharp/RSPEC-1244) [C:\Projects\Hazina\src\Core\AI\Hazina.AI.RAG\Hazina.AI.RAG.csproj::TargetFramework=net9.0]
C:\Projects\Hazina\src\Core\AI\Hazina.AI.RAG\Graph\Storage\SQLiteGraphStore.cs(730,45): warning S1244: Do not check floating point equality with exact values, use a range instead. (https://rules.sonarsource.com/csharp/RSPEC-1244) [C:\Projects\Hazina\src\Core\AI\Hazina.AI.RAG\Hazina.AI.RAG.csproj::TargetFramework=net9.0]
C:\Projects\Hazina\src\Core\AI\Hazina.AI.RAG\Graph\Storage\SQLiteGraphStore.cs(712,20): warning S2325: Make 'CalculateCosineSimilarity' a static method. (https://rules.sonarsource.com/csharp/RSPEC-2325) [C:\Projects\Hazina\src\Core\AI\Hazina.AI.RAG\Hazina.AI.RAG.csproj::TargetFramework=net9.0]
C:\Projects\Hazina\src\Core\AI\Hazina.AI.RAG\Embeddings\SemanticSimilarityChunker.cs(320,26): warning S2325: Make 'ApplyRollingAverage' a static method. (https://rules.sonarsource.com/csharp/RSPEC-2325) [C:\Projects\Hazina\src\Core\AI\Hazina.AI.RAG\Hazina.AI.RAG.csproj::TargetFramework=net9.0]
C:\Projects\Hazina\src\Core\AI\Hazina.AI.RAG\Embeddings\SemanticSimilarityChunker.cs(143,70): warning SA1629: Documentation text should end with a period (https://github.com/DotNetAnalyzers/StyleCopAnalyzers/blob/master/documentation/SA1629.md) [C:\Projects\Hazina\src\Core\AI\Hazina.AI.RAG\Hazina.AI.RAG.csproj::TargetFramework=net9.0]
C:\Projects\Hazina\src\Core\AI\Hazina.AI.RAG\Embeddings\SemanticSimilarityChunker.cs(211,21): warning SA1111: Closing parenthesis should be on line of last parameter (https://github.com/DotNetAnalyzers/StyleCopAnalyzers/blob/master/documentation/SA1111.md) [C:\Projects\Hazina\src\Core\AI\Hazina.AI.RAG\Hazina.AI.RAG.csproj::TargetFramework=net9.0]
C:\Projects\Hazina\src\Core\AI\Hazina.AI.RAG\Embeddings\SemanticSimilarityChunker.cs(173,25): warning CA1873: Evaluation of this argument may be expensive and unnecessary if logging is disabled (https://learn.microsoft.com/dotnet/fundamentals/code-analysis/quality-rules/ca1873) [C:\Projects\Hazina\src\Core\AI\Hazina.AI.RAG\Hazina.AI.RAG.csproj::TargetFramework=net9.0]
C:\Projects\Hazina\src\Core\AI\Hazina.AI.RAG\Embeddings\SemanticSimilarityChunker.cs(189,25): warning CA1873: Evaluation of this argument may be expensive and unnecessary if logging is disabled (https://learn.microsoft.com/dotnet/fundamentals/code-analysis/quality-rules/ca1873) [C:\Projects\Hazina\src\Core\AI\Hazina.AI.RAG\Hazina.AI.RAG.csproj::TargetFramework=net9.0]
C:\Projects\Hazina\src\Core\AI\Hazina.AI.RAG\Embeddings\SemanticSimilarityChunker.cs(194,21): warning CA1873: Evaluation of this argument may be expensive and unnecessary if logging is disabled (https://learn.microsoft.com/dotnet/fundamentals/code-analysis/quality-rules/ca1873) [C:\Projects\Hazina\src\Core\AI\Hazina.AI.RAG\Hazina.AI.RAG.csproj::TargetFramework=net9.0]
C:\Projects\Hazina\src\Core\AI\Hazina.AI.RAG\Embeddings\SemanticSimilarityChunker.cs(173,25): warning CA1848: For improved performance, use the LoggerMessage delegates instead of calling 'LoggerExtensions.LogDebug(ILogger, string?, params object?[])' (https://learn.microsoft.com/dotnet/fundamentals/code-analysis/quality-rules/ca1848) [C:\Projects\Hazina\src\Core\AI\Hazina.AI.RAG\Hazina.AI.RAG.csproj::TargetFramework=net9.0]
C:\Projects\Hazina\src\Core\AI\Hazina.AI.RAG\Embeddings\SemanticSimilarityChunker.cs(189,25): warning CA1848: For improved performance, use the LoggerMessage delegates instead of calling 'LoggerExtensions.LogDebug(ILogger, string?, params object?[])' (https://learn.microsoft.com/dotnet/fundamentals/code-analysis/quality-rules/ca1848) [C:\Projects\Hazina\src\Core\AI\Hazina.AI.RAG\Hazina.AI.RAG.csproj::TargetFramework=net9.0]
C:\Projects\Hazina\src\Core\AI\Hazina.AI.RAG\Embeddings\SemanticSimilarityChunker.cs(194,21): warning CA1848: For improved performance, use the LoggerMessage delegates instead of calling 'LoggerExtensions.LogDebug(ILogger, string?, params object?[])' (https://learn.microsoft.com/dotnet/fundamentals/code-analysis/quality-rules/ca1848) [C:\Projects\Hazina\src\Core\AI\Hazina.AI.RAG\Hazina.AI.RAG.csproj::TargetFramework=net9.0]
C:\Projects\Hazina\src\Core\AI\Hazina.AI.RAG\Embeddings\SemanticSimilarityChunker.cs(200,21): warning CA1848: For improved performance, use the LoggerMessage delegates instead of calling 'LoggerExtensions.LogError(ILogger, Exception?, string?, params object?[])' (https://learn.microsoft.com/dotnet/fundamentals/code-analysis/quality-rules/ca1848) [C:\Projects\Hazina\src\Core\AI\Hazina.AI.RAG\Hazina.AI.RAG.csproj::TargetFramework=net9.0]
C:\Projects\Hazina\src\Core\AI\Hazina.AI.RAG\Embeddings\SemanticSimilarityChunker.cs(216,29): warning CA1848: For improved performance, use the LoggerMessage delegates instead of calling 'LoggerExtensions.LogWarning(ILogger, Exception?, string?, params object?[])' (https://learn.microsoft.com/dotnet/fundamentals/code-analysis/quality-rules/ca1848) [C:\Projects\Hazina\src\Core\AI\Hazina.AI.RAG\Hazina.AI.RAG.csproj::TargetFramework=net9.0]
C:\Projects\Hazina\src\Core\AI\Hazina.AI.RAG\Embeddings\SemanticSimilarityChunker.cs(226,63): warning SA1629: Documentation text should end with a period (https://github.com/DotNetAnalyzers/StyleCopAnalyzers/blob/master/documentation/SA1629.md) [C:\Projects\Hazina\src\Core\AI\Hazina.AI.RAG\Hazina.AI.RAG.csproj::TargetFramework=net9.0]
C:\Projects\Hazina\src\Core\AI\Hazina.AI.RAG\Embeddings\SemanticSimilarityChunker.cs(241,25): warning CA1848: For improved performance, use the LoggerMessage delegates instead of calling 'LoggerExtensions.LogWarning(ILogger, Exception?, string?, params object?[])' (https://learn.microsoft.com/dotnet/fundamentals/code-analysis/quality-rules/ca1848) [C:\Projects\Hazina\src\Core\AI\Hazina.AI.RAG\Hazina.AI.RAG.csproj::TargetFramework=net9.0]
C:\Projects\Hazina\src\Core\AI\Hazina.AI.RAG\Core\RAGEngine.cs(408,9): warning SA1111: Closing parenthesis should be on line of last parameter (https://github.com/DotNetAnalyzers/StyleCopAnalyzers/blob/master/documentation/SA1111.md) [C:\Projects\Hazina\src\Core\AI\Hazina.AI.RAG\Hazina.AI.RAG.csproj::TargetFramework=net9.0]
C:\Projects\Hazina\src\Core\AI\Hazina.AI.RAG\Core\RAGEngine.cs(415,102): warning SA1122: Use string.Empty for empty strings (https://github.com/DotNetAnalyzers/StyleCopAnalyzers/blob/master/documentation/SA1122.md) [C:\Projects\Hazina\src\Core\AI\Hazina.AI.RAG\Hazina.AI.RAG.csproj::TargetFramework=net9.0]
C:\Projects\Hazina\src\Core\AI\Hazina.AI.RAG\Core\RAGEngine.cs(415,107): warning SA1122: Use string.Empty for empty strings (https://github.com/DotNetAnalyzers/StyleCopAnalyzers/blob/master/documentation/SA1122.md) [C:\Projects\Hazina\src\Core\AI\Hazina.AI.RAG\Hazina.AI.RAG.csproj::TargetFramework=net9.0]
C:\Projects\Hazina\src\Core\AI\Hazina.AI.RAG\Embeddings\LLMMetadataExtractor.cs(185,58): warning SA1629: Documentation text should end with a period (https://github.com/DotNetAnalyzers/StyleCopAnalyzers/blob/master/documentation/SA1629.md) [C:\Projects\Hazina\src\Core\AI\Hazina.AI.RAG\Hazina.AI.RAG.csproj::TargetFramework=net9.0]
C:\Projects\Hazina\src\Core\AI\Hazina.AI.RAG\Embeddings\LLMMetadataExtractor.cs(191,15): warning CA1845: Use span-based 'string.Concat' and 'AsSpan' instead of 'Substring' (https://learn.microsoft.com/dotnet/fundamentals/code-analysis/quality-rules/ca1845) [C:\Projects\Hazina\src\Core\AI\Hazina.AI.RAG\Hazina.AI.RAG.csproj::TargetFramework=net9.0]
C:\Projects\Hazina\src\Core\AI\Hazina.AI.RAG\Embeddings\SemanticSimilarityChunker.cs(175,37): warning MA0004: Use Task.ConfigureAwait(false) if the current SynchronizationContext is not needed (https://github.com/meziantou/Meziantou.Analyzer/blob/main/docs/Rules/MA0004.md) [C:\Projects\Hazina\src\Core\AI\Hazina.AI.RAG\Hazina.AI.RAG.csproj::TargetFramework=net9.0]
C:\Projects\Hazina\src\Core\AI\Hazina.AI.RAG\Embeddings\SemanticSimilarityChunker.cs(208,37): warning MA0004: Use Task.ConfigureAwait(false) if the current SynchronizationContext is not needed (https://github.com/meziantou/Meziantou.Analyzer/blob/main/docs/Rules/MA0004.md) [C:\Projects\Hazina\src\Core\AI\Hazina.AI.RAG\Hazina.AI.RAG.csproj::TargetFramework=net9.0]
C:\Projects\Hazina\src\Core\AI\Hazina.AI.RAG\Embeddings\SemanticSimilarityChunker.cs(210,36): warning MA0004: Use Task.ConfigureAwait(false) if the current SynchronizationContext is not needed (https://github.com/meziantou/Meziantou.Analyzer/blob/main/docs/Rules/MA0004.md) [C:\Projects\Hazina\src\Core\AI\Hazina.AI.RAG\Hazina.AI.RAG.csproj::TargetFramework=net9.0]
C:\Projects\Hazina\src\Core\AI\Hazina.AI.RAG\Core\RAGEngine.cs(404,23): warning MA0004: Use Task.ConfigureAwait(false) if the current SynchronizationContext is not needed (https://github.com/meziantou/Meziantou.Analyzer/blob/main/docs/Rules/MA0004.md) [C:\Projects\Hazina\src\Core\AI\Hazina.AI.RAG\Hazina.AI.RAG.csproj::TargetFramework=net9.0]
C:\Projects\Hazina\src\Core\AI\Hazina.AI.RAG\Embeddings\SemanticSimilarityChunker.cs(239,13): warning CA1031: Modify 'CalculatePairwiseSimilarities' to catch a more specific allowed exception type, or rethrow the exception (https://learn.microsoft.com/dotnet/fundamentals/code-analysis/quality-rules/ca1031) [C:\Projects\Hazina\src\Core\AI\Hazina.AI.RAG\Hazina.AI.RAG.csproj::TargetFramework=net9.0]
C:\Projects\Hazina\src\Core\AI\Hazina.AI.RAG\Core\RAGEngine.cs(419,23): warning MA0002: Use an overload that has a IEqualityComparer<string> or IComparer<string> parameter (https://github.com/meziantou/Meziantou.Analyzer/blob/main/docs/Rules/MA0002.md) [C:\Projects\Hazina\src\Core\AI\Hazina.AI.RAG\Hazina.AI.RAG.csproj::TargetFramework=net9.0]
C:\Projects\Hazina\src\Core\AI\Hazina.AI.RAG\Graph\Retrieval\HybridRetrievalService.cs(165,24): warning S1244: Do not check floating point equality with exact values, use a range instead. (https://rules.sonarsource.com/csharp/RSPEC-1244) [C:\Projects\Hazina\src\Core\AI\Hazina.AI.RAG\Hazina.AI.RAG.csproj::TargetFramework=net9.0]
C:\Projects\Hazina\src\Core\AI\Hazina.AI.RAG\Graph\Retrieval\HybridRetrievalService.cs(165,43): warning S1244: Do not check floating point equality with exact values, use a range instead. (https://rules.sonarsource.com/csharp/RSPEC-1244) [C:\Projects\Hazina\src\Core\AI\Hazina.AI.RAG\Hazina.AI.RAG.csproj::TargetFramework=net9.0]
C:\Projects\Hazina\src\Core\AI\Hazina.AI.RAG\Embeddings\SemanticSimilarityChunker.cs(214,17): warning CA1031: Modify 'GenerateSentenceEmbeddingsAsync' to catch a more specific allowed exception type, or rethrow the exception (https://learn.microsoft.com/dotnet/fundamentals/code-analysis/quality-rules/ca1031) [C:\Projects\Hazina\src\Core\AI\Hazina.AI.RAG\Hazina.AI.RAG.csproj::TargetFramework=net9.0]
C:\Projects\Hazina\src\Core\AI\Hazina.AI.RAG\Embeddings\SemanticSimilarityChunker.cs(198,9): warning CA1031: Modify 'GenerateSentenceEmbeddingsAsync' to catch a more specific allowed exception type, or rethrow the exception (https://learn.microsoft.com/dotnet/fundamentals/code-analysis/quality-rules/ca1031) [C:\Projects\Hazina\src\Core\AI\Hazina.AI.RAG\Hazina.AI.RAG.csproj::TargetFramework=net9.0]
C:\Projects\Hazina\src\Core\AI\Hazina.AI.RAG\Embeddings\BasicMetadataExtractor.cs(148,26): warning S2325: Make 'TokenizeAndClean' a static method. (https://rules.sonarsource.com/csharp/RSPEC-2325) [C:\Projects\Hazina\src\Core\AI\Hazina.AI.RAG\Hazina.AI.RAG.csproj::TargetFramework=net9.0]
C:\Projects\Hazina\src\Core\AI\Hazina.AI.RAG\Core\RAGEngine.cs(432,17): warning SA1503: Braces should not be omitted (https://github.com/DotNetAnalyzers/StyleCopAnalyzers/blob/master/documentation/SA1503.md) [C:\Projects\Hazina\src\Core\AI\Hazina.AI.RAG\Hazina.AI.RAG.csproj::TargetFramework=net9.0]
C:\Projects\Hazina\src\Core\AI\Hazina.AI.RAG\Embeddings\SemanticSimilarityChunker.cs(250,61): warning SA1629: Documentation text should end with a period (https://github.com/DotNetAnalyzers/StyleCopAnalyzers/blob/master/documentation/SA1629.md) [C:\Projects\Hazina\src\Core\AI\Hazina.AI.RAG\Hazina.AI.RAG.csproj::TargetFramework=net9.0]
C:\Projects\Hazina\src\Core\AI\Hazina.AI.RAG\Embeddings\SemanticSimilarityChunker.cs(295,35): warning SA1116: The parameters should begin on the line after the declaration, whenever the parameter span across multiple lines (https://github.com/DotNetAnalyzers/StyleCopAnalyzers/blob/master/documentation/SA1116.md) [C:\Projects\Hazina\src\Core\AI\Hazina.AI.RAG\Hazina.AI.RAG.csproj::TargetFramework=net9.0]
C:\Projects\Hazina\src\Core\AI\Hazina.AI.RAG\Embeddings\SemanticSimilarityChunker.cs(296,28): warning SA1117: The parameters should all be placed on the same line or each parameter should be placed on its own line (https://github.com/DotNetAnalyzers/StyleCopAnalyzers/blob/master/documentation/SA1117.md) [C:\Projects\Hazina\src\Core\AI\Hazina.AI.RAG\Hazina.AI.RAG.csproj::TargetFramework=net9.0]
C:\Projects\Hazina\src\Core\AI\Hazina.AI.RAG\Core\RAGEngine.cs(434,13): warning CA1305: The behavior of 'StringBuilder.AppendLine(ref StringBuilder.AppendInterpolatedStringHandler)' could vary based on the current user's locale settings. Replace this call in 'RAGEngine.BuildContext(List<RetrievedDocument>, int)' with a call to 'StringBuilder.AppendLine(IFormatProvider, ref StringBuilder.AppendInterpolatedStringHandler)'. (https://learn.microsoft.com/dotnet/fundamentals/code-analysis/quality-rules/ca1305) [C:\Projects\Hazina\src\Core\AI\Hazina.AI.RAG\Hazina.AI.RAG.csproj::TargetFramework=net9.0]
C:\Projects\Hazina\src\Core\AI\Hazina.AI.RAG\Embeddings\HierarchicalChunker.cs(281,52): warning SA1629: Documentation text should end with a period (https://github.com/DotNetAnalyzers/StyleCopAnalyzers/blob/master/documentation/SA1629.md) [C:\Projects\Hazina\src\Core\AI\Hazina.AI.RAG\Hazina.AI.RAG.csproj::TargetFramework=net9.0]
C:\Projects\Hazina\src\Core\AI\Hazina.AI.RAG\Embeddings\HierarchicalChunker.cs(288,13): warning SA1503: Braces should not be omitted (https://github.com/DotNetAnalyzers/StyleCopAnalyzers/blob/master/documentation/SA1503.md) [C:\Projects\Hazina\src\Core\AI\Hazina.AI.RAG\Hazina.AI.RAG.csproj::TargetFramework=net9.0]
C:\Projects\Hazina\src\Core\AI\Hazina.AI.RAG\Core\RAGEngine.cs(434,13): warning MA0011: Use an overload of 'AppendLine' that has a 'System.IFormatProvider' parameter (https://github.com/meziantou/Meziantou.Analyzer/blob/main/docs/Rules/MA0011.md) [C:\Projects\Hazina\src\Core\AI\Hazina.AI.RAG\Hazina.AI.RAG.csproj::TargetFramework=net9.0]
C:\Projects\Hazina\src\Core\AI\Hazina.AI.RAG\Core\RAGEngine.cs(504,9): warning CA1305: The behavior of 'StringBuilder.AppendLine(ref StringBuilder.AppendInterpolatedStringHandler)' could vary based on the current user's locale settings. Replace this call in 'RAGEngine.BuildRAGPrompt(string, string, RAGQueryOptions)' with a call to 'StringBuilder.AppendLine(IFormatProvider, ref StringBuilder.AppendInterpolatedStringHandler)'. (https://learn.microsoft.com/dotnet/fundamentals/code-analysis/quality-rules/ca1305) [C:\Projects\Hazina\src\Core\AI\Hazina.AI.RAG\Hazina.AI.RAG.csproj::TargetFramework=net9.0]
C:\Projects\Hazina\src\Core\AI\Hazina.AI.RAG\Embeddings\SemanticSimilarityChunker.cs(295,25): warning CA1873: Evaluation of this argument may be expensive and unnecessary if logging is disabled (https://learn.microsoft.com/dotnet/fundamentals/code-analysis/quality-rules/ca1873) [C:\Projects\Hazina\src\Core\AI\Hazina.AI.RAG\Hazina.AI.RAG.csproj::TargetFramework=net9.0]
C:\Projects\Hazina\src\Core\AI\Hazina.AI.RAG\Embeddings\SemanticSimilarityChunker.cs(295,25): warning CA1848: For improved performance, use the LoggerMessage delegates instead of calling 'LoggerExtensions.LogDebug(ILogger, string?, params object?[])' (https://learn.microsoft.com/dotnet/fundamentals/code-analysis/quality-rules/ca1848) [C:\Projects\Hazina\src\Core\AI\Hazina.AI.RAG\Hazina.AI.RAG.csproj::TargetFramework=net9.0]
C:\Projects\Hazina\src\Core\AI\Hazina.AI.RAG\Graph\Storage\SQLiteGraphStore.cs(680,23): warning S6580: Use a format provider when parsing date and time. (https://rules.sonarsource.com/csharp/RSPEC-6580) [C:\Projects\Hazina\src\Core\AI\Hazina.AI.RAG\Hazina.AI.RAG.csproj::TargetFramework=net9.0]
C:\Projects\Hazina\src\Core\AI\Hazina.AI.RAG\Graph\Storage\SQLiteGraphStore.cs(681,27): warning S6580: Use a format provider when parsing date and time. (https://rules.sonarsource.com/csharp/RSPEC-6580) [C:\Projects\Hazina\src\Core\AI\Hazina.AI.RAG\Hazina.AI.RAG.csproj::TargetFramework=net9.0]
C:\Projects\Hazina\src\Core\AI\Hazina.AI.RAG\Graph\Storage\SQLiteGraphStore.cs(690,91): warning S6580: Use a format provider when parsing date and time. (https://rules.sonarsource.com/csharp/RSPEC-6580) [C:\Projects\Hazina\src\Core\AI\Hazina.AI.RAG\Hazina.AI.RAG.csproj::TargetFramework=net9.0]
C:\Projects\Hazina\src\Core\AI\Hazina.AI.RAG\Graph\Storage\SQLiteGraphStore.cs(691,87): warning S6580: Use a format provider when parsing date and time. (https://rules.sonarsource.com/csharp/RSPEC-6580) [C:\Projects\Hazina\src\Core\AI\Hazina.AI.RAG\Hazina.AI.RAG.csproj::TargetFramework=net9.0]
C:\Projects\Hazina\src\Core\AI\Hazina.AI.RAG\Graph\Storage\SQLiteGraphStore.cs(680,23): warning CA1305: The behavior of 'DateTime.Parse(string)' could vary based on the current user's locale settings. Replace this call in 'SQLiteGraphStore.ReadRelationship(SqliteDataReader)' with a call to 'DateTime.Parse(string, IFormatProvider)'. (https://learn.microsoft.com/dotnet/fundamentals/code-analysis/quality-rules/ca1305) [C:\Projects\Hazina\src\Core\AI\Hazina.AI.RAG\Hazina.AI.RAG.csproj::TargetFramework=net9.0]
C:\Projects\Hazina\src\Core\AI\Hazina.AI.RAG\Graph\Storage\SQLiteGraphStore.cs(681,27): warning CA1305: The behavior of 'DateTime.Parse(string)' could vary based on the current user's locale settings. Replace this call in 'SQLiteGraphStore.ReadRelationship(SqliteDataReader)' with a call to 'DateTime.Parse(string, IFormatProvider)'. (https://learn.microsoft.com/dotnet/fundamentals/code-analysis/quality-rules/ca1305) [C:\Projects\Hazina\src\Core\AI\Hazina.AI.RAG\Hazina.AI.RAG.csproj::TargetFramework=net9.0]
C:\Projects\Hazina\src\Core\AI\Hazina.AI.RAG\Graph\Storage\SQLiteGraphStore.cs(690,91): warning CA1305: The behavior of 'DateTime.Parse(string)' could vary based on the current user's locale settings. Replace this call in 'SQLiteGraphStore.ReadRelationship(SqliteDataReader)' with a call to 'DateTime.Parse(string, IFormatProvider)'. (https://learn.microsoft.com/dotnet/fundamentals/code-analysis/quality-rules/ca1305) [C:\Projects\Hazina\src\Core\AI\Hazina.AI.RAG\Hazina.AI.RAG.csproj::TargetFramework=net9.0]
C:\Projects\Hazina\src\Core\AI\Hazina.AI.RAG\Graph\Storage\SQLiteGraphStore.cs(691,87): warning CA1305: The behavior of 'DateTime.Parse(string)' could vary based on the current user's locale settings. Replace this call in 'SQLiteGraphStore.ReadRelationship(SqliteDataReader)' with a call to 'DateTime.Parse(string, IFormatProvider)'. (https://learn.microsoft.com/dotnet/fundamentals/code-analysis/quality-rules/ca1305) [C:\Projects\Hazina\src\Core\AI\Hazina.AI.RAG\Hazina.AI.RAG.csproj::TargetFramework=net9.0]
C:\Projects\Hazina\src\Core\AI\Hazina.AI.RAG\Graph\Retrieval\HybridRetrievalService.cs(173,53): warning MA0051: Method is too long (62 lines; maximum allowed: 60) (https://github.com/meziantou/Meziantou.Analyzer/blob/main/docs/Rules/MA0051.md) [C:\Projects\Hazina\src\Core\AI\Hazina.AI.RAG\Hazina.AI.RAG.csproj::TargetFramework=net9.0]
C:\Projects\Hazina\src\Core\AI\Hazina.AI.RAG\Embeddings\BasicMetadataExtractor.cs(178,31): warning S6605: Collection-specific "Exists" method should be used instead of the "Any" extension. (https://rules.sonarsource.com/csharp/RSPEC-6605) [C:\Projects\Hazina\src\Core\AI\Hazina.AI.RAG\Hazina.AI.RAG.csproj::TargetFramework=net9.0]
C:\Projects\Hazina\src\Core\AI\Hazina.AI.RAG\Embeddings\BasicMetadataExtractor.cs(169,18): warning S2325: Make 'DetectCode' a static method. (https://rules.sonarsource.com/csharp/RSPEC-2325) [C:\Projects\Hazina\src\Core\AI\Hazina.AI.RAG\Hazina.AI.RAG.csproj::TargetFramework=net9.0]
C:\Projects\Hazina\src\Core\AI\Hazina.AI.RAG\Embeddings\LLMMetadataExtractor.cs(213,20): warning S2325: Make 'BuildBatchPrompt' a static method. (https://rules.sonarsource.com/csharp/RSPEC-2325) [C:\Projects\Hazina\src\Core\AI\Hazina.AI.RAG\Hazina.AI.RAG.csproj::TargetFramework=net9.0]
C:\Projects\Hazina\src\Core\AI\Hazina.AI.RAG\Embeddings\BasicMetadataExtractor.cs(151,32): warning SA1116: The parameters should begin on the line after the declaration, whenever the parameter span across multiple lines (https://github.com/DotNetAnalyzers/StyleCopAnalyzers/blob/master/documentation/SA1116.md) [C:\Projects\Hazina\src\Core\AI\Hazina.AI.RAG\Hazina.AI.RAG.csproj::TargetFramework=net9.0]
C:\Projects\Hazina\src\Core\AI\Hazina.AI.RAG\Embeddings\BasicMetadataExtractor.cs(184,18): warning S2325: Make 'DetectUrls' a static method. (https://rules.sonarsource.com/csharp/RSPEC-2325) [C:\Projects\Hazina\src\Core\AI\Hazina.AI.RAG\Hazina.AI.RAG.csproj::TargetFramework=net9.0]
C:\Projects\Hazina\src\Core\AI\Hazina.AI.RAG\Embeddings\BasicMetadataExtractor.cs(156,28): warning CA1311: Specify a culture or use an invariant version to avoid implicit dependency on current culture (https://learn.microsoft.com/dotnet/fundamentals/code-analysis/quality-rules/ca1311) [C:\Projects\Hazina\src\Core\AI\Hazina.AI.RAG\Hazina.AI.RAG.csproj::TargetFramework=net9.0]
C:\Projects\Hazina\src\Core\AI\Hazina.AI.RAG\Graph\Storage\SQLiteGraphStore.cs(680,23): warning MA0011: Use an overload of 'Parse' that has a 'System.IFormatProvider' parameter (https://github.com/meziantou/Meziantou.Analyzer/blob/main/docs/Rules/MA0011.md) [C:\Projects\Hazina\src\Core\AI\Hazina.AI.RAG\Hazina.AI.RAG.csproj::TargetFramework=net9.0]
C:\Projects\Hazina\src\Core\AI\Hazina.AI.RAG\Graph\Storage\SQLiteGraphStore.cs(681,27): warning MA0011: Use an overload of 'Parse' that has a 'System.IFormatProvider' parameter (https://github.com/meziantou/Meziantou.Analyzer/blob/main/docs/Rules/MA0011.md) [C:\Projects\Hazina\src\Core\AI\Hazina.AI.RAG\Hazina.AI.RAG.csproj::TargetFramework=net9.0]
C:\Projects\Hazina\src\Core\AI\Hazina.AI.RAG\Embeddings\BasicMetadataExtractor.cs(151,32): warning CA1861: Prefer 'static readonly' fields over constant array arguments if the called method is called repeatedly and is not mutating the passed array (https://learn.microsoft.com/dotnet/fundamentals/code-analysis/quality-rules/ca1861) [C:\Projects\Hazina\src\Core\AI\Hazina.AI.RAG\Hazina.AI.RAG.csproj::TargetFramework=net9.0]
C:\Projects\Hazina\src\Core\AI\Hazina.AI.RAG\Embeddings\BasicMetadataExtractor.cs(156,26): warning CA1304: The behavior of 'string.ToLower()' could vary based on the current user's locale settings. Replace this call in 'BasicMetadataExtractor.TokenizeAndClean(string)' with a call to 'string.ToLower(CultureInfo)'. (https://learn.microsoft.com/dotnet/fundamentals/code-analysis/quality-rules/ca1304) [C:\Projects\Hazina\src\Core\AI\Hazina.AI.RAG\Hazina.AI.RAG.csproj::TargetFramework=net9.0]
C:\Projects\Hazina\src\Core\AI\Hazina.AI.RAG\Graph\Retrieval\HybridRetrievalService.cs(202,43): warning S3267: Loops should be simplified using the "Where" LINQ method (https://rules.sonarsource.com/csharp/RSPEC-3267) [C:\Projects\Hazina\src\Core\AI\Hazina.AI.RAG\Hazina.AI.RAG.csproj::TargetFramework=net9.0]
C:\Projects\Hazina\src\Core\AI\Hazina.AI.RAG\Graph\Storage\SQLiteGraphStore.cs(690,91): warning MA0011: Use an overload of 'Parse' that has a 'System.IFormatProvider' parameter (https://github.com/meziantou/Meziantou.Analyzer/blob/main/docs/Rules/MA0011.md) [C:\Projects\Hazina\src\Core\AI\Hazina.AI.RAG\Hazina.AI.RAG.csproj::TargetFramework=net9.0]
C:\Projects\Hazina\src\Core\AI\Hazina.AI.RAG\Graph\Storage\SQLiteGraphStore.cs(691,87): warning MA0011: Use an overload of 'Parse' that has a 'System.IFormatProvider' parameter (https://github.com/meziantou/Meziantou.Analyzer/blob/main/docs/Rules/MA0011.md) [C:\Projects\Hazina\src\Core\AI\Hazina.AI.RAG\Hazina.AI.RAG.csproj::TargetFramework=net9.0]
C:\Projects\Hazina\src\Core\AI\Hazina.AI.RAG\Embeddings\BasicMetadataExtractor.cs(156,26): warning MA0011: Use an overload of 'ToLower' that has a 'System.Globalization.CultureInfo' parameter (https://github.com/meziantou/Meziantou.Analyzer/blob/main/docs/Rules/MA0011.md) [C:\Projects\Hazina\src\Core\AI\Hazina.AI.RAG\Hazina.AI.RAG.csproj::TargetFramework=net9.0]
C:\Projects\Hazina\src\Core\AI\Hazina.AI.RAG\Embeddings\BasicMetadataExtractor.cs(159,26): warning MA0011: Use an overload of 'TryParse' that has a 'System.IFormatProvider' parameter (https://github.com/meziantou/Meziantou.Analyzer/blob/main/docs/Rules/MA0011.md) [C:\Projects\Hazina\src\Core\AI\Hazina.AI.RAG\Hazina.AI.RAG.csproj::TargetFramework=net9.0]
C:\Projects\Hazina\src\Core\AI\Hazina.AI.RAG\Graph\Storage\SQLiteGraphStore.cs(676,135): warning MA0002: Use an overload that has a IEqualityComparer<string> or IComparer<string> parameter (https://github.com/meziantou/Meziantou.Analyzer/blob/main/docs/Rules/MA0002.md) [C:\Projects\Hazina\src\Core\AI\Hazina.AI.RAG\Hazina.AI.RAG.csproj::TargetFramework=net9.0]
C:\Projects\Hazina\src\Core\AI\Hazina.AI.RAG\Embeddings\SemanticSimilarityChunker.cs(347,9): warning S1172: Remove this unused method parameter 'originalText'. (https://rules.sonarsource.com/csharp/RSPEC-1172) [C:\Projects\Hazina\src\Core\AI\Hazina.AI.RAG\Hazina.AI.RAG.csproj::TargetFramework=net9.0]
C:\Projects\Hazina\src\Core\AI\Hazina.AI.RAG\Embeddings\HierarchicalChunker.cs(295,49): warning SA1629: Documentation text should end with a period (https://github.com/DotNetAnalyzers/StyleCopAnalyzers/blob/master/documentation/SA1629.md) [C:\Projects\Hazina\src\Core\AI\Hazina.AI.RAG\Hazina.AI.RAG.csproj::TargetFramework=net9.0]
C:\Projects\Hazina\src\Core\AI\Hazina.AI.RAG\Graph\Retrieval\HybridRetrievalService.cs(97,59): warning SA1503: Braces should not be omitted (https://github.com/DotNetAnalyzers/StyleCopAnalyzers/blob/master/documentation/SA1503.md) [C:\Projects\Hazina\src\Core\AI\Hazina.AI.RAG\Hazina.AI.RAG.csproj::TargetFramework=net9.0]
C:\Projects\Hazina\src\Core\AI\Hazina.AI.RAG\Graph\Retrieval\HybridRetrievalService.cs(103,93): warning SA1503: Braces should not be omitted (https://github.com/DotNetAnalyzers/StyleCopAnalyzers/blob/master/documentation/SA1503.md) [C:\Projects\Hazina\src\Core\AI\Hazina.AI.RAG\Hazina.AI.RAG.csproj::TargetFramework=net9.0]
C:\Projects\Hazina\src\Core\AI\Hazina.AI.RAG\Graph\Retrieval\HybridRetrievalService.cs(90,49): warning SA1316: Tuple element names should use correct casing (https://github.com/DotNetAnalyzers/StyleCopAnalyzers/blob/master/documentation/SA1316.md) [C:\Projects\Hazina\src\Core\AI\Hazina.AI.RAG\Hazina.AI.RAG.csproj::TargetFramework=net9.0]
C:\Projects\Hazina\src\Core\AI\Hazina.AI.RAG\Graph\Retrieval\HybridRetrievalService.cs(90,63): warning SA1316: Tuple element names should use correct casing (https://github.com/DotNetAnalyzers/StyleCopAnalyzers/blob/master/documentation/SA1316.md) [C:\Projects\Hazina\src\Core\AI\Hazina.AI.RAG\Hazina.AI.RAG.csproj::TargetFramework=net9.0]
C:\Projects\Hazina\src\Core\AI\Hazina.AI.RAG\Graph\Retrieval\HybridRetrievalService.cs(90,80): warning SA1316: Tuple element names should use correct casing (https://github.com/DotNetAnalyzers/StyleCopAnalyzers/blob/master/documentation/SA1316.md) [C:\Projects\Hazina\src\Core\AI\Hazina.AI.RAG\Hazina.AI.RAG.csproj::TargetFramework=net9.0]
C:\Projects\Hazina\src\Core\AI\Hazina.AI.RAG\Graph\Retrieval\HybridRetrievalService.cs(90,99): warning SA1316: Tuple element names should use correct casing (https://github.com/DotNetAnalyzers/StyleCopAnalyzers/blob/master/documentation/SA1316.md) [C:\Projects\Hazina\src\Core\AI\Hazina.AI.RAG\Hazina.AI.RAG.csproj::TargetFramework=net9.0]
C:\Projects\Hazina\src\Core\AI\Hazina.AI.RAG\Graph\Retrieval\HybridRetrievalService.cs(92,60): warning SA1108: Block statements should not contain embedded comments (https://github.com/DotNetAnalyzers/StyleCopAnalyzers/blob/master/documentation/SA1108.md) [C:\Projects\Hazina\src\Core\AI\Hazina.AI.RAG\Hazina.AI.RAG.csproj::TargetFramework=net9.0]
C:\Projects\Hazina\src\Core\AI\Hazina.AI.RAG\Graph\Retrieval\HybridRetrievalService.cs(87,58): warning SA1122: Use string.Empty for empty strings (https://github.com/DotNetAnalyzers/StyleCopAnalyzers/blob/master/documentation/SA1122.md) [C:\Projects\Hazina\src\Core\AI\Hazina.AI.RAG\Hazina.AI.RAG.csproj::TargetFramework=net9.0]
C:\Projects\Hazina\src\Core\AI\Hazina.AI.RAG\Graph\Retrieval\HybridRetrievalService.cs(106,84): warning SA1122: Use string.Empty for empty strings (https://github.com/DotNetAnalyzers/StyleCopAnalyzers/blob/master/documentation/SA1122.md) [C:\Projects\Hazina\src\Core\AI\Hazina.AI.RAG\Hazina.AI.RAG.csproj::TargetFramework=net9.0]
C:\Projects\Hazina\src\Core\AI\Hazina.AI.RAG\Graph\Retrieval\HybridRetrievalService.cs(113,21): warning CA1848: For improved performance, use the LoggerMessage delegates instead of calling 'LoggerExtensions.LogWarning(ILogger, Exception?, string?, params object?[])' (https://learn.microsoft.com/dotnet/fundamentals/code-analysis/quality-rules/ca1848) [C:\Projects\Hazina\src\Core\AI\Hazina.AI.RAG\Hazina.AI.RAG.csproj::TargetFramework=net9.0]
C:\Projects\Hazina\src\Core\AI\Hazina.AI.RAG\Graph\Retrieval\HybridRetrievalService.cs(137,13): warning CA1848: For improved performance, use the LoggerMessage delegates instead of calling 'LoggerExtensions.LogError(ILogger, Exception?, string?, params object?[])' (https://learn.microsoft.com/dotnet/fundamentals/code-analysis/quality-rules/ca1848) [C:\Projects\Hazina\src\Core\AI\Hazina.AI.RAG\Hazina.AI.RAG.csproj::TargetFramework=net9.0]
C:\Projects\Hazina\src\Core\AI\Hazina.AI.RAG\Embeddings\HierarchicalChunker.cs(300,37): warning CA1861: Prefer 'static readonly' fields over constant array arguments if the called method is called repeatedly and is not mutating the passed array (https://learn.microsoft.com/dotnet/fundamentals/code-analysis/quality-rules/ca1861) [C:\Projects\Hazina\src\Core\AI\Hazina.AI.RAG\Hazina.AI.RAG.csproj::TargetFramework=net9.0]
C:\Projects\Hazina\src\Core\AI\Hazina.AI.RAG\Embeddings\SemanticSimilarityChunker.cs(318,71): warning SA1629: Documentation text should end with a period (https://github.com/DotNetAnalyzers/StyleCopAnalyzers/blob/master/documentation/SA1629.md) [C:\Projects\Hazina\src\Core\AI\Hazina.AI.RAG\Hazina.AI.RAG.csproj::TargetFramework=net9.0]
C:\Projects\Hazina\src\Core\AI\Hazina.AI.RAG\Graph\Retrieval\HybridRetrievalService.cs(87,32): warning MA0004: Use Task.ConfigureAwait(false) if the current SynchronizationContext is not needed (https://github.com/meziantou/Meziantou.Analyzer/blob/main/docs/Rules/MA0004.md) [C:\Projects\Hazina\src\Core\AI\Hazina.AI.RAG\Hazina.AI.RAG.csproj::TargetFramework=net9.0]
C:\Projects\Hazina\src\Core\AI\Hazina.AI.RAG\Graph\Retrieval\HybridRetrievalService.cs(96,41): warning MA0004: Use Task.ConfigureAwait(false) if the current SynchronizationContext is not needed (https://github.com/meziantou/Meziantou.Analyzer/blob/main/docs/Rules/MA0004.md) [C:\Projects\Hazina\src\Core\AI\Hazina.AI.RAG\Hazina.AI.RAG.csproj::TargetFramework=net9.0]
C:\Projects\Hazina\src\Core\AI\Hazina.AI.RAG\Graph\Retrieval\HybridRetrievalService.cs(102,46): warning MA0004: Use Task.ConfigureAwait(false) if the current SynchronizationContext is not needed (https://github.com/meziantou/Meziantou.Analyzer/blob/main/docs/Rules/MA0004.md) [C:\Projects\Hazina\src\Core\AI\Hazina.AI.RAG\Hazina.AI.RAG.csproj::TargetFramework=net9.0]
C:\Projects\Hazina\src\Core\AI\Hazina.AI.RAG\Graph\Retrieval\HybridRetrievalService.cs(106,41): warning MA0004: Use Task.ConfigureAwait(false) if the current SynchronizationContext is not needed (https://github.com/meziantou/Meziantou.Analyzer/blob/main/docs/Rules/MA0004.md) [C:\Projects\Hazina\src\Core\AI\Hazina.AI.RAG\Hazina.AI.RAG.csproj::TargetFramework=net9.0]
C:\Projects\Hazina\src\Core\AI\Hazina.AI.RAG\Embeddings\SemanticSimilarityChunker.cs(323,13): warning SA1503: Braces should not be omitted (https://github.com/DotNetAnalyzers/StyleCopAnalyzers/blob/master/documentation/SA1503.md) [C:\Projects\Hazina\src\Core\AI\Hazina.AI.RAG\Hazina.AI.RAG.csproj::TargetFramework=net9.0]
C:\Projects\Hazina\src\Core\AI\Hazina.AI.RAG\Graph\Storage\SQLiteGraphStore.cs(738,17): warning CA1063: Modify 'SQLiteGraphStore.Dispose' so that it calls Dispose(true), then calls GC.SuppressFinalize on the current object instance ('this' or 'Me' in Visual Basic), and then returns (https://learn.microsoft.com/dotnet/fundamentals/code-analysis/quality-rules/ca1063) [C:\Projects\Hazina\src\Core\AI\Hazina.AI.RAG\Hazina.AI.RAG.csproj::TargetFramework=net9.0]
C:\Projects\Hazina\src\Core\AI\Hazina.AI.RAG\Graph\Storage\SQLiteGraphStore.cs(738,17): warning CA1816: Change SQLiteGraphStore.Dispose() to call GC.SuppressFinalize(object). This will prevent derived types that introduce a finalizer from needing to re-implement 'IDisposable' to call it. (https://learn.microsoft.com/dotnet/fundamentals/code-analysis/quality-rules/ca1816) [C:\Projects\Hazina\src\Core\AI\Hazina.AI.RAG\Hazina.AI.RAG.csproj::TargetFramework=net9.0]
C:\Projects\Hazina\src\Core\AI\Hazina.AI.RAG\Graph\Retrieval\HybridRetrievalService.cs(148,19): warning MA0015: Use an overload of 'System.ArgumentException' with the parameter name (https://github.com/meziantou/Meziantou.Analyzer/blob/main/docs/Rules/MA0015.md) [C:\Projects\Hazina\src\Core\AI\Hazina.AI.RAG\Hazina.AI.RAG.csproj::TargetFramework=net9.0]
C:\Projects\Hazina\src\Core\AI\Hazina.AI.RAG\Embeddings\LLMMetadataExtractor.cs(249,58): warning SA1629: Documentation text should end with a period (https://github.com/DotNetAnalyzers/StyleCopAnalyzers/blob/master/documentation/SA1629.md) [C:\Projects\Hazina\src\Core\AI\Hazina.AI.RAG\Hazina.AI.RAG.csproj::TargetFramework=net9.0]
C:\Projects\Hazina\src\Core\AI\Hazina.AI.RAG\Embeddings\BasicMetadataExtractor.cs(182,37): warning SA1629: Documentation text should end with a period (https://github.com/DotNetAnalyzers/StyleCopAnalyzers/blob/master/documentation/SA1629.md) [C:\Projects\Hazina\src\Core\AI\Hazina.AI.RAG\Hazina.AI.RAG.csproj::TargetFramework=net9.0]
C:\Projects\Hazina\src\Core\AI\Hazina.AI.RAG\Embeddings\LLMMetadataExtractor.cs(254,15): warning CA1845: Use span-based 'string.Concat' and 'AsSpan' instead of 'Substring' (https://learn.microsoft.com/dotnet/fundamentals/code-analysis/quality-rules/ca1845) [C:\Projects\Hazina\src\Core\AI\Hazina.AI.RAG\Hazina.AI.RAG.csproj::TargetFramework=net9.0]
C:\Projects\Hazina\src\Core\AI\Hazina.AI.RAG\Graph\Storage\InMemoryGraphStore.cs(82,25): warning MA0002: Use an overload that has a IEqualityComparer<string> or IComparer<string> parameter (https://github.com/meziantou/Meziantou.Analyzer/blob/main/docs/Rules/MA0002.md) [C:\Projects\Hazina\src\Core\AI\Hazina.AI.RAG\Hazina.AI.RAG.csproj::TargetFramework=net9.0]
C:\Projects\Hazina\src\Core\AI\Hazina.AI.RAG\Graph\Retrieval\HybridRetrievalService.cs(273,41): warning S2325: Make 'FuseByWeightedSum' a static method. (https://rules.sonarsource.com/csharp/RSPEC-2325) [C:\Projects\Hazina\src\Core\AI\Hazina.AI.RAG\Hazina.AI.RAG.csproj::TargetFramework=net9.0]
C:\Projects\Hazina\src\Core\AI\Hazina.AI.RAG\Embeddings\BasicMetadataExtractor.cs(194,18): warning S2325: Make 'DetectNumbers' a static method. (https://rules.sonarsource.com/csharp/RSPEC-2325) [C:\Projects\Hazina\src\Core\AI\Hazina.AI.RAG\Hazina.AI.RAG.csproj::TargetFramework=net9.0]
C:\Projects\Hazina\src\Core\AI\Hazina.AI.RAG\Embeddings\SemanticSimilarityChunker.cs(385,65): warning SA1629: Documentation text should end with a period (https://github.com/DotNetAnalyzers/StyleCopAnalyzers/blob/master/documentation/SA1629.md) [C:\Projects\Hazina\src\Core\AI\Hazina.AI.RAG\Hazina.AI.RAG.csproj::TargetFramework=net9.0]
C:\Projects\Hazina\src\Core\AI\Hazina.AI.RAG\Embeddings\BasicMetadataExtractor.cs(167,49): warning SA1629: Documentation text should end with a period (https://github.com/DotNetAnalyzers/StyleCopAnalyzers/blob/master/documentation/SA1629.md) [C:\Projects\Hazina\src\Core\AI\Hazina.AI.RAG\Hazina.AI.RAG.csproj::TargetFramework=net9.0]
C:\Projects\Hazina\src\Core\AI\Hazina.AI.RAG\Embeddings\SemanticSimilarityChunker.cs(422,29): warning CA1873: Evaluation of this argument may be expensive and unnecessary if logging is disabled (https://learn.microsoft.com/dotnet/fundamentals/code-analysis/quality-rules/ca1873) [C:\Projects\Hazina\src\Core\AI\Hazina.AI.RAG\Hazina.AI.RAG.csproj::TargetFramework=net9.0]
C:\Projects\Hazina\src\Core\AI\Hazina.AI.RAG\Embeddings\SemanticSimilarityChunker.cs(410,29): warning CA1848: For improved performance, use the LoggerMessage delegates instead of calling 'LoggerExtensions.LogWarning(ILogger, Exception?, string?, params object?[])' (https://learn.microsoft.com/dotnet/fundamentals/code-analysis/quality-rules/ca1848) [C:\Projects\Hazina\src\Core\AI\Hazina.AI.RAG\Hazina.AI.RAG.csproj::TargetFramework=net9.0]
C:\Projects\Hazina\src\Core\AI\Hazina.AI.RAG\Embeddings\SemanticSimilarityChunker.cs(422,29): warning CA1848: For improved performance, use the LoggerMessage delegates instead of calling 'LoggerExtensions.LogInformation(ILogger, string?, params object?[])' (https://learn.microsoft.com/dotnet/fundamentals/code-analysis/quality-rules/ca1848) [C:\Projects\Hazina\src\Core\AI\Hazina.AI.RAG\Hazina.AI.RAG.csproj::TargetFramework=net9.0]
C:\Projects\Hazina\src\Core\AI\Hazina.AI.RAG\Embeddings\SemanticSimilarityChunker.cs(427,29): warning CA1848: For improved performance, use the LoggerMessage delegates instead of calling 'LoggerExtensions.LogInformation(ILogger, string?, params object?[])' (https://learn.microsoft.com/dotnet/fundamentals/code-analysis/quality-rules/ca1848) [C:\Projects\Hazina\src\Core\AI\Hazina.AI.RAG\Hazina.AI.RAG.csproj::TargetFramework=net9.0]
C:\Projects\Hazina\src\Core\AI\Hazina.AI.RAG\Embeddings\SemanticSimilarityChunker.cs(431,29): warning CA1848: For improved performance, use the LoggerMessage delegates instead of calling 'LoggerExtensions.LogError(ILogger, Exception?, string?, params object?[])' (https://learn.microsoft.com/dotnet/fundamentals/code-analysis/quality-rules/ca1848) [C:\Projects\Hazina\src\Core\AI\Hazina.AI.RAG\Hazina.AI.RAG.csproj::TargetFramework=net9.0]
C:\Projects\Hazina\src\Core\AI\Hazina.AI.RAG\Embeddings\SemanticSimilarityChunker.cs(436,25): warning CA1848: For improved performance, use the LoggerMessage delegates instead of calling 'LoggerExtensions.LogWarning(ILogger, string?, params object?[])' (https://learn.microsoft.com/dotnet/fundamentals/code-analysis/quality-rules/ca1848) [C:\Projects\Hazina\src\Core\AI\Hazina.AI.RAG\Hazina.AI.RAG.csproj::TargetFramework=net9.0]
C:\Projects\Hazina\src\Core\AI\Hazina.AI.RAG\Embeddings\LLMMetadataExtractor.cs(272,25): warning CA1002: Change 'List<TextChunk>' in 'LLMMetadataExtractor.EnrichChunksAsync(List<TextChunk>, [CancellationToken])' to use 'Collection<T>', 'ReadOnlyCollection<T>' or 'KeyedCollection<K,V>' (https://learn.microsoft.com/dotnet/fundamentals/code-analysis/quality-rules/ca1002) [C:\Projects\Hazina\src\Core\AI\Hazina.AI.RAG\Hazina.AI.RAG.csproj::TargetFramework=net9.0]
C:\Projects\Hazina\src\Core\AI\Hazina.AI.RAG\Embeddings\LLMMetadataExtractor.cs(272,9): warning MA0016: Prefer using collection abstraction instead of implementation (https://github.com/meziantou/Meziantou.Analyzer/blob/main/docs/Rules/MA0016.md) [C:\Projects\Hazina\src\Core\AI\Hazina.AI.RAG\Hazina.AI.RAG.csproj::TargetFramework=net9.0]
C:\Projects\Hazina\src\Core\AI\Hazina.AI.RAG\Embeddings\SemanticSimilarityChunker.cs(425,21): warning MA0004: Use Task.ConfigureAwait(false) if the current SynchronizationContext is not needed (https://github.com/meziantou/Meziantou.Analyzer/blob/main/docs/Rules/MA0004.md) [C:\Projects\Hazina\src\Core\AI\Hazina.AI.RAG\Hazina.AI.RAG.csproj::TargetFramework=net9.0]
C:\Projects\Hazina\src\Core\AI\Hazina.AI.RAG\Embeddings\LLMMetadataExtractor.cs(291,35): warning S3267: Loop should be simplified by calling Select(chunk => chunk.Text)) (https://rules.sonarsource.com/csharp/RSPEC-3267) [C:\Projects\Hazina\src\Core\AI\Hazina.AI.RAG\Hazina.AI.RAG.csproj::TargetFramework=net9.0]
C:\Projects\Hazina\src\Core\AI\Hazina.AI.RAG\Graph\Retrieval\HybridRetrievalService.cs(111,17): warning CA1031: Modify 'PerformVectorSearchAsync' to catch a more specific allowed exception type, or rethrow the exception (https://learn.microsoft.com/dotnet/fundamentals/code-analysis/quality-rules/ca1031) [C:\Projects\Hazina\src\Core\AI\Hazina.AI.RAG\Hazina.AI.RAG.csproj::TargetFramework=net9.0]
C:\Projects\Hazina\src\Core\AI\Hazina.AI.RAG\Embeddings\SemanticSimilarityChunker.cs(408,17): warning CA1031: Modify 'EnrichWithMetadataAsync' to catch a more specific allowed exception type, or rethrow the exception (https://learn.microsoft.com/dotnet/fundamentals/code-analysis/quality-rules/ca1031) [C:\Projects\Hazina\src\Core\AI\Hazina.AI.RAG\Hazina.AI.RAG.csproj::TargetFramework=net9.0]
C:\Projects\Hazina\src\Core\AI\Hazina.AI.RAG\Embeddings\SemanticSimilarityChunker.cs(492,31): warning S3267: Loop should be simplified by calling Select(chunk => chunk.Metadata)) (https://rules.sonarsource.com/csharp/RSPEC-3267) [C:\Projects\Hazina\src\Core\AI\Hazina.AI.RAG\Hazina.AI.RAG.csproj::TargetFramework=net9.0]
C:\Projects\Hazina\src\Core\AI\Hazina.AI.RAG\Embeddings\SemanticSimilarityChunker.cs(429,17): warning CA1031: Modify 'EnrichWithMetadataAsync' to catch a more specific allowed exception type, or rethrow the exception (https://learn.microsoft.com/dotnet/fundamentals/code-analysis/quality-rules/ca1031) [C:\Projects\Hazina\src\Core\AI\Hazina.AI.RAG\Hazina.AI.RAG.csproj::TargetFramework=net9.0]
C:\Projects\Hazina\src\Core\AI\Hazina.AI.RAG\Embeddings\LLMMetadataExtractor.cs(211,51): warning SA1629: Documentation text should end with a period (https://github.com/DotNetAnalyzers/StyleCopAnalyzers/blob/master/documentation/SA1629.md) [C:\Projects\Hazina\src\Core\AI\Hazina.AI.RAG\Hazina.AI.RAG.csproj::TargetFramework=net9.0]
C:\Projects\Hazina\src\Core\AI\Hazina.AI.RAG\Embeddings\LLMMetadataExtractor.cs(227,19): warning CA1845: Use span-based 'string.Concat' and 'AsSpan' instead of 'Substring' (https://learn.microsoft.com/dotnet/fundamentals/code-analysis/quality-rules/ca1845) [C:\Projects\Hazina\src\Core\AI\Hazina.AI.RAG\Hazina.AI.RAG.csproj::TargetFramework=net9.0]
C:\Projects\Hazina\src\Core\AI\Hazina.AI.RAG\Embeddings\LLMMetadataExtractor.cs(219,9): warning CA1305: The behavior of 'StringBuilder.AppendLine(ref StringBuilder.AppendInterpolatedStringHandler)' could vary based on the current user's locale settings. Replace this call in 'LLMMetadataExtractor.BuildBatchPrompt(List<TextChunk>)' with a call to 'StringBuilder.AppendLine(IFormatProvider, ref StringBuilder.AppendInterpolatedStringHandler)'. (https://learn.microsoft.com/dotnet/fundamentals/code-analysis/quality-rules/ca1305) [C:\Projects\Hazina\src\Core\AI\Hazina.AI.RAG\Hazina.AI.RAG.csproj::TargetFramework=net9.0]
C:\Projects\Hazina\src\Core\AI\Hazina.AI.RAG\Embeddings\LLMMetadataExtractor.cs(230,13): warning CA1305: The behavior of 'StringBuilder.AppendLine(ref StringBuilder.AppendInterpolatedStringHandler)' could vary based on the current user's locale settings. Replace this call in 'LLMMetadataExtractor.BuildBatchPrompt(List<TextChunk>)' with a call to 'StringBuilder.AppendLine(IFormatProvider, ref StringBuilder.AppendInterpolatedStringHandler)'. (https://learn.microsoft.com/dotnet/fundamentals/code-analysis/quality-rules/ca1305) [C:\Projects\Hazina\src\Core\AI\Hazina.AI.RAG\Hazina.AI.RAG.csproj::TargetFramework=net9.0]
C:\Projects\Hazina\src\Core\AI\Hazina.AI.RAG\Embeddings\LLMMetadataExtractor.cs(239,9): warning CA1305: The behavior of 'StringBuilder.AppendLine(ref StringBuilder.AppendInterpolatedStringHandler)' could vary based on the current user's locale settings. Replace this call in 'LLMMetadataExtractor.BuildBatchPrompt(List<TextChunk>)' with a call to 'StringBuilder.AppendLine(IFormatProvider, ref StringBuilder.AppendInterpolatedStringHandler)'. (https://learn.microsoft.com/dotnet/fundamentals/code-analysis/quality-rules/ca1305) [C:\Projects\Hazina\src\Core\AI\Hazina.AI.RAG\Hazina.AI.RAG.csproj::TargetFramework=net9.0]
C:\Projects\Hazina\src\Core\AI\Hazina.AI.RAG\Embeddings\LLMMetadataExtractor.cs(243,9): warning CA1305: The behavior of 'StringBuilder.AppendLine(ref StringBuilder.AppendInterpolatedStringHandler)' could vary based on the current user's locale settings. Replace this call in 'LLMMetadataExtractor.BuildBatchPrompt(List<TextChunk>)' with a call to 'StringBuilder.AppendLine(IFormatProvider, ref StringBuilder.AppendInterpolatedStringHandler)'. (https://learn.microsoft.com/dotnet/fundamentals/code-analysis/quality-rules/ca1305) [C:\Projects\Hazina\src\Core\AI\Hazina.AI.RAG\Hazina.AI.RAG.csproj::TargetFramework=net9.0]
C:\Projects\Hazina\src\Core\AI\Hazina.AI.RAG\Embeddings\LLMMetadataExtractor.cs(219,9): warning MA0011: Use an overload of 'AppendLine' that has a 'System.IFormatProvider' parameter (https://github.com/meziantou/Meziantou.Analyzer/blob/main/docs/Rules/MA0011.md) [C:\Projects\Hazina\src\Core\AI\Hazina.AI.RAG\Hazina.AI.RAG.csproj::TargetFramework=net9.0]
C:\Projects\Hazina\src\Core\AI\Hazina.AI.RAG\Embeddings\LLMMetadataExtractor.cs(230,13): warning MA0011: Use an overload of 'AppendLine' that has a 'System.IFormatProvider' parameter (https://github.com/meziantou/Meziantou.Analyzer/blob/main/docs/Rules/MA0011.md) [C:\Projects\Hazina\src\Core\AI\Hazina.AI.RAG\Hazina.AI.RAG.csproj::TargetFramework=net9.0]
C:\Projects\Hazina\src\Core\AI\Hazina.AI.RAG\Embeddings\LLMMetadataExtractor.cs(243,9): warning MA0011: Use an overload of 'AppendLine' that has a 'System.IFormatProvider' parameter (https://github.com/meziantou/Meziantou.Analyzer/blob/main/docs/Rules/MA0011.md) [C:\Projects\Hazina\src\Core\AI\Hazina.AI.RAG\Hazina.AI.RAG.csproj::TargetFramework=net9.0]
C:\Projects\Hazina\src\Core\AI\Hazina.AI.RAG\Embeddings\SemanticSimilarityChunker.cs(342,52): warning SA1629: Documentation text should end with a period (https://github.com/DotNetAnalyzers/StyleCopAnalyzers/blob/master/documentation/SA1629.md) [C:\Projects\Hazina\src\Core\AI\Hazina.AI.RAG\Hazina.AI.RAG.csproj::TargetFramework=net9.0]
C:\Projects\Hazina\src\Core\AI\Hazina.AI.RAG\Graph\Retrieval\HybridRetrievalService.cs(269,23): warning MA0015: Use an overload of 'System.ArgumentException' with the parameter name (https://github.com/meziantou/Meziantou.Analyzer/blob/main/docs/Rules/MA0015.md) [C:\Projects\Hazina\src\Core\AI\Hazina.AI.RAG\Hazina.AI.RAG.csproj::TargetFramework=net9.0]
C:\Projects\Hazina\src\Core\AI\Hazina.AI.RAG\Embeddings\SemanticSimilarityChunker.cs(444,47): warning SA1629: Documentation text should end with a period (https://github.com/DotNetAnalyzers/StyleCopAnalyzers/blob/master/documentation/SA1629.md) [C:\Projects\Hazina\src\Core\AI\Hazina.AI.RAG\Hazina.AI.RAG.csproj::TargetFramework=net9.0]
C:\Projects\Hazina\src\Core\AI\Hazina.AI.RAG\Graph\Retrieval\HybridRetrievalService.cs(247,16): warning MA0004: Use Task.ConfigureAwait(false) if the current SynchronizationContext is not needed (https://github.com/meziantou/Meziantou.Analyzer/blob/main/docs/Rules/MA0004.md) [C:\Projects\Hazina\src\Core\AI\Hazina.AI.RAG\Hazina.AI.RAG.csproj::TargetFramework=net9.0]
C:\Projects\Hazina\src\Core\AI\Hazina.AI.RAG\Embeddings\SemanticSimilarityChunker.cs(454,24): warning MA0002: Use an overload that has a IEqualityComparer<string> or IComparer<string> parameter (https://github.com/meziantou/Meziantou.Analyzer/blob/main/docs/Rules/MA0002.md) [C:\Projects\Hazina\src\Core\AI\Hazina.AI.RAG\Hazina.AI.RAG.csproj::TargetFramework=net9.0]
C:\Projects\Hazina\src\Core\AI\Hazina.AI.RAG\Embeddings\SemanticSimilarityChunker.cs(368,28): warning MA0002: Use an overload that has a IEqualityComparer<string> or IComparer<string> parameter (https://github.com/meziantou/Meziantou.Analyzer/blob/main/docs/Rules/MA0002.md) [C:\Projects\Hazina\src\Core\AI\Hazina.AI.RAG\Hazina.AI.RAG.csproj::TargetFramework=net9.0]
C:\Projects\Hazina\src\Core\AI\Hazina.AI.RAG\Graph\Retrieval\HybridRetrievalService.cs(309,41): warning S2325: Make 'FuseByReciprocalRank' a static method. (https://rules.sonarsource.com/csharp/RSPEC-2325) [C:\Projects\Hazina\src\Core\AI\Hazina.AI.RAG\Hazina.AI.RAG.csproj::TargetFramework=net9.0]
C:\Projects\Hazina\src\Core\AI\Hazina.AI.RAG\Core\RAGEngine.cs(286,5): warning SA1124: Do not use regions (https://github.com/DotNetAnalyzers/StyleCopAnalyzers/blob/master/documentation/SA1124.md) [C:\Projects\Hazina\src\Core\AI\Hazina.AI.RAG\Hazina.AI.RAG.csproj::TargetFramework=net9.0]
C:\Projects\Hazina\src\Core\AI\Hazina.AI.RAG\Graph\Retrieval\HybridRetrievalService.cs(278,23): warning MA0002: Use an overload that has a IEqualityComparer<string> or IComparer<string> parameter (https://github.com/meziantou/Meziantou.Analyzer/blob/main/docs/Rules/MA0002.md) [C:\Projects\Hazina\src\Core\AI\Hazina.AI.RAG\Hazina.AI.RAG.csproj::TargetFramework=net9.0]
C:\Projects\Hazina\src\Core\AI\Hazina.AI.RAG\Core\RAGEngine.cs(312,43): warning CA1860: Prefer comparing 'Count' to 0 rather than using 'Any()', both for clarity and for performance (https://learn.microsoft.com/dotnet/fundamentals/code-analysis/quality-rules/ca1860) [C:\Projects\Hazina\src\Core\AI\Hazina.AI.RAG\Hazina.AI.RAG.csproj::TargetFramework=net9.0]
C:\Projects\Hazina\src\Core\AI\Hazina.AI.RAG\Graph\Retrieval\HybridRetrievalService.cs(349,41): warning S2325: Make 'FuseByMaxScore' a static method. (https://rules.sonarsource.com/csharp/RSPEC-2325) [C:\Projects\Hazina\src\Core\AI\Hazina.AI.RAG\Hazina.AI.RAG.csproj::TargetFramework=net9.0]
C:\Projects\Hazina\src\Core\AI\Hazina.AI.RAG\Core\RAGEngine.cs(315,24): warning MA0004: Use Task.ConfigureAwait(false) if the current SynchronizationContext is not needed (https://github.com/meziantou/Meziantou.Analyzer/blob/main/docs/Rules/MA0004.md) [C:\Projects\Hazina\src\Core\AI\Hazina.AI.RAG\Hazina.AI.RAG.csproj::TargetFramework=net9.0]
C:\Projects\Hazina\src\Core\AI\Hazina.AI.RAG\Core\RAGEngine.cs(334,26): warning MA0004: Use Task.ConfigureAwait(false) if the current SynchronizationContext is not needed (https://github.com/meziantou/Meziantou.Analyzer/blob/main/docs/Rules/MA0004.md) [C:\Projects\Hazina\src\Core\AI\Hazina.AI.RAG\Hazina.AI.RAG.csproj::TargetFramework=net9.0]
C:\Projects\Hazina\src\Core\AI\Hazina.AI.RAG\Embeddings\SemanticSimilarityChunker.cs(503,29): warning SA1629: Documentation text should end with a period (https://github.com/DotNetAnalyzers/StyleCopAnalyzers/blob/master/documentation/SA1629.md) [C:\Projects\Hazina\src\Core\AI\Hazina.AI.RAG\Hazina.AI.RAG.csproj::TargetFramework=net9.0]
C:\Projects\Hazina\src\Core\AI\Hazina.AI.RAG\Embeddings\LLMMetadataExtractor.cs(269,66): warning SA1629: Documentation text should end with a period (https://github.com/DotNetAnalyzers/StyleCopAnalyzers/blob/master/documentation/SA1629.md) [C:\Projects\Hazina\src\Core\AI\Hazina.AI.RAG\Hazina.AI.RAG.csproj::TargetFramework=net9.0]
C:\Projects\Hazina\src\Core\AI\Hazina.AI.RAG\Embeddings\LLMMetadataExtractor.cs(276,13): warning SA1503: Braces should not be omitted (https://github.com/DotNetAnalyzers/StyleCopAnalyzers/blob/master/documentation/SA1503.md) [C:\Projects\Hazina\src\Core\AI\Hazina.AI.RAG\Hazina.AI.RAG.csproj::TargetFramework=net9.0]
C:\Projects\Hazina\src\Core\AI\Hazina.AI.RAG\Core\RAGEngine.cs(304,23): warning MA0002: Use an overload that has a IEqualityComparer<string> or IComparer<string> parameter (https://github.com/meziantou/Meziantou.Analyzer/blob/main/docs/Rules/MA0002.md) [C:\Projects\Hazina\src\Core\AI\Hazina.AI.RAG\Hazina.AI.RAG.csproj::TargetFramework=net9.0]
C:\Projects\Hazina\src\Core\AI\Hazina.AI.RAG\Embeddings\SemanticSimilarityChunker.cs(476,73): warning SA1629: Documentation text should end with a period (https://github.com/DotNetAnalyzers/StyleCopAnalyzers/blob/master/documentation/SA1629.md) [C:\Projects\Hazina\src\Core\AI\Hazina.AI.RAG\Hazina.AI.RAG.csproj::TargetFramework=net9.0]
C:\Projects\Hazina\src\Core\AI\Hazina.AI.RAG\Embeddings\LLMMetadataExtractor.cs(278,17): warning CA1873: Evaluation of this argument may be expensive and unnecessary if logging is disabled (https://learn.microsoft.com/dotnet/fundamentals/code-analysis/quality-rules/ca1873) [C:\Projects\Hazina\src\Core\AI\Hazina.AI.RAG\Hazina.AI.RAG.csproj::TargetFramework=net9.0]
C:\Projects\Hazina\src\Core\AI\Hazina.AI.RAG\Embeddings\LLMMetadataExtractor.cs(312,17): warning CA1873: Evaluation of this argument may be expensive and unnecessary if logging is disabled (https://learn.microsoft.com/dotnet/fundamentals/code-analysis/quality-rules/ca1873) [C:\Projects\Hazina\src\Core\AI\Hazina.AI.RAG\Hazina.AI.RAG.csproj::TargetFramework=net9.0]
C:\Projects\Hazina\src\Core\AI\Hazina.AI.RAG\Embeddings\LLMMetadataExtractor.cs(278,17): warning CA1848: For improved performance, use the LoggerMessage delegates instead of calling 'LoggerExtensions.LogInformation(ILogger, string?, params object?[])' (https://learn.microsoft.com/dotnet/fundamentals/code-analysis/quality-rules/ca1848) [C:\Projects\Hazina\src\Core\AI\Hazina.AI.RAG\Hazina.AI.RAG.csproj::TargetFramework=net9.0]
C:\Projects\Hazina\src\Core\AI\Hazina.AI.RAG\Embeddings\LLMMetadataExtractor.cs(312,17): warning CA1848: For improved performance, use the LoggerMessage delegates instead of calling 'LoggerExtensions.LogInformation(ILogger, string?, params object?[])' (https://learn.microsoft.com/dotnet/fundamentals/code-analysis/quality-rules/ca1848) [C:\Projects\Hazina\src\Core\AI\Hazina.AI.RAG\Hazina.AI.RAG.csproj::TargetFramework=net9.0]
C:\Projects\Hazina\src\Core\AI\Hazina.AI.RAG\Embeddings\SemanticSimilarityChunker.cs(480,17): warning CA1873: Evaluation of this argument may be expensive and unnecessary if logging is disabled (https://learn.microsoft.com/dotnet/fundamentals/code-analysis/quality-rules/ca1873) [C:\Projects\Hazina\src\Core\AI\Hazina.AI.RAG\Hazina.AI.RAG.csproj::TargetFramework=net9.0]
C:\Projects\Hazina\src\Core\AI\Hazina.AI.RAG\Embeddings\SemanticSimilarityChunker.cs(480,17): warning CA1848: For improved performance, use the LoggerMessage delegates instead of calling 'LoggerExtensions.LogInformation(ILogger, string?, params object?[])' (https://learn.microsoft.com/dotnet/fundamentals/code-analysis/quality-rules/ca1848) [C:\Projects\Hazina\src\Core\AI\Hazina.AI.RAG\Hazina.AI.RAG.csproj::TargetFramework=net9.0]
C:\Projects\Hazina\src\Core\AI\Hazina.AI.RAG\Core\RAGEngine.cs(343,24): warning MA0002: Use an overload that has a IEqualityComparer<string> or IComparer<string> parameter (https://github.com/meziantou/Meziantou.Analyzer/blob/main/docs/Rules/MA0002.md) [C:\Projects\Hazina\src\Core\AI\Hazina.AI.RAG\Hazina.AI.RAG.csproj::TargetFramework=net9.0]
C:\Projects\Hazina\src\Core\AI\Hazina.AI.RAG\Embeddings\SemanticSimilarityChunker.cs(520,35): warning SA1629: Documentation text should end with a period (https://github.com/DotNetAnalyzers/StyleCopAnalyzers/blob/master/documentation/SA1629.md) [C:\Projects\Hazina\src\Core\AI\Hazina.AI.RAG\Hazina.AI.RAG.csproj::TargetFramework=net9.0]
C:\Projects\Hazina\src\Core\AI\Hazina.AI.RAG\Core\RAGEngine.cs(343,24): warning MA0002: Use an overload that has a IEqualityComparer<string> or IComparer<string> parameter (https://github.com/meziantou/Meziantou.Analyzer/blob/main/docs/Rules/MA0002.md) [C:\Projects\Hazina\src\Core\AI\Hazina.AI.RAG\Hazina.AI.RAG.csproj::TargetFramework=net9.0]
C:\Projects\Hazina\src\Core\AI\Hazina.AI.RAG\Core\RAGEngine.cs(343,56): warning MA0002: Use an overload that has a IEqualityComparer<string> or IComparer<string> parameter (https://github.com/meziantou/Meziantou.Analyzer/blob/main/docs/Rules/MA0002.md) [C:\Projects\Hazina\src\Core\AI\Hazina.AI.RAG\Hazina.AI.RAG.csproj::TargetFramework=net9.0]
C:\Projects\Hazina\src\Core\AI\Hazina.AI.RAG\Core\RAGEngine.cs(345,25): warning MA0002: Use an overload that has a IEqualityComparer<string> or IComparer<string> parameter (https://github.com/meziantou/Meziantou.Analyzer/blob/main/docs/Rules/MA0002.md) [C:\Projects\Hazina\src\Core\AI\Hazina.AI.RAG\Hazina.AI.RAG.csproj::TargetFramework=net9.0]
C:\Projects\Hazina\src\Core\AI\Hazina.AI.RAG\Embeddings\SemanticSimilarityChunker.cs(525,17): warning CA1873: Evaluation of this argument may be expensive and unnecessary if logging is disabled (https://learn.microsoft.com/dotnet/fundamentals/code-analysis/quality-rules/ca1873) [C:\Projects\Hazina\src\Core\AI\Hazina.AI.RAG\Hazina.AI.RAG.csproj::TargetFramework=net9.0]
C:\Projects\Hazina\src\Core\AI\Hazina.AI.RAG\Embeddings\SemanticSimilarityChunker.cs(525,17): warning CA1848: For improved performance, use the LoggerMessage delegates instead of calling 'LoggerExtensions.LogInformation(ILogger, string?, params object?[])' (https://learn.microsoft.com/dotnet/fundamentals/code-analysis/quality-rules/ca1848) [C:\Projects\Hazina\src\Core\AI\Hazina.AI.RAG\Hazina.AI.RAG.csproj::TargetFramework=net9.0]
C:\Projects\Hazina\src\Core\AI\Hazina.AI.RAG\Embeddings\LLMMetadataExtractor.cs(285,28): warning MA0004: Use Task.ConfigureAwait(false) if the current SynchronizationContext is not needed (https://github.com/meziantou/Meziantou.Analyzer/blob/main/docs/Rules/MA0004.md) [C:\Projects\Hazina\src\Core\AI\Hazina.AI.RAG\Hazina.AI.RAG.csproj::TargetFramework=net9.0]
C:\Projects\Hazina\src\Core\AI\Hazina.AI.RAG\Embeddings\LLMMetadataExtractor.cs(293,32): warning MA0004: Use Task.ConfigureAwait(false) if the current SynchronizationContext is not needed (https://github.com/meziantou/Meziantou.Analyzer/blob/main/docs/Rules/MA0004.md) [C:\Projects\Hazina\src\Core\AI\Hazina.AI.RAG\Hazina.AI.RAG.csproj::TargetFramework=net9.0]
C:\Projects\Hazina\src\Core\AI\Hazina.AI.RAG\Embeddings\BasicMetadataExtractor.cs(192,63): warning SA1629: Documentation text should end with a period (https://github.com/DotNetAnalyzers/StyleCopAnalyzers/blob/master/documentation/SA1629.md) [C:\Projects\Hazina\src\Core\AI\Hazina.AI.RAG\Hazina.AI.RAG.csproj::TargetFramework=net9.0]
C:\Projects\Hazina\src\Core\AI\Hazina.AI.RAG\Embeddings\BasicMetadataExtractor.cs(196,32): warning CA1861: Prefer 'static readonly' fields over constant array arguments if the called method is called repeatedly and is not mutating the passed array (https://learn.microsoft.com/dotnet/fundamentals/code-analysis/quality-rules/ca1861) [C:\Projects\Hazina\src\Core\AI\Hazina.AI.RAG\Hazina.AI.RAG.csproj::TargetFramework=net9.0]
C:\Projects\Hazina\src\Core\AI\Hazina.AI.RAG\Graph\Storage\InMemoryGraphStore.cs(254,13): warning S1066: Merge this if statement with the enclosing one. (https://rules.sonarsource.com/csharp/RSPEC-1066) [C:\Projects\Hazina\src\Core\AI\Hazina.AI.RAG\Hazina.AI.RAG.csproj::TargetFramework=net9.0]
C:\Projects\Hazina\src\Core\AI\Hazina.AI.RAG\Embeddings\BasicMetadataExtractor.cs(197,44): warning MA0011: Use an overload of 'TryParse' that has a 'System.IFormatProvider' parameter (https://github.com/meziantou/Meziantou.Analyzer/blob/main/docs/Rules/MA0011.md) [C:\Projects\Hazina\src\Core\AI\Hazina.AI.RAG\Hazina.AI.RAG.csproj::TargetFramework=net9.0]
C:\Projects\Hazina\src\Core\AI\Hazina.AI.RAG\Graph\Storage\InMemoryGraphStore.cs(102,26): warning MA0002: Use an overload that has a IEqualityComparer<string> or IComparer<string> parameter (https://github.com/meziantou/Meziantou.Analyzer/blob/main/docs/Rules/MA0002.md) [C:\Projects\Hazina\src\Core\AI\Hazina.AI.RAG\Hazina.AI.RAG.csproj::TargetFramework=net9.0]
C:\Projects\Hazina\src\Core\AI\Hazina.AI.RAG\Graph\Storage\InMemoryGraphStore.cs(115,26): warning MA0002: Use an overload that has a IEqualityComparer<string> or IComparer<string> parameter (https://github.com/meziantou/Meziantou.Analyzer/blob/main/docs/Rules/MA0002.md) [C:\Projects\Hazina\src\Core\AI\Hazina.AI.RAG\Hazina.AI.RAG.csproj::TargetFramework=net9.0]
C:\Projects\Hazina\src\Core\AI\Hazina.AI.RAG\Graph\Storage\InMemoryGraphStore.cs(92,38): warning CA1062: In externally visible method 'Task InMemoryGraphStore.AddRelationshipsAsync(List<GraphRelationship> relationships, CancellationToken cancellationToken = default(CancellationToken))', validate parameter 'relationships' is non-null before using it. If appropriate, throw an 'ArgumentNullException' when the argument is 'null'. (https://learn.microsoft.com/dotnet/fundamentals/code-analysis/quality-rules/ca1062) [C:\Projects\Hazina\src\Core\AI\Hazina.AI.RAG\Hazina.AI.RAG.csproj::TargetFramework=net9.0]
C:\Projects\Hazina\src\Core\AI\Hazina.AI.RAG\Graph\Retrieval\HybridRetrievalService.cs(314,23): warning MA0002: Use an overload that has a IEqualityComparer<string> or IComparer<string> parameter (https://github.com/meziantou/Meziantou.Analyzer/blob/main/docs/Rules/MA0002.md) [C:\Projects\Hazina\src\Core\AI\Hazina.AI.RAG\Hazina.AI.RAG.csproj::TargetFramework=net9.0]
C:\Projects\Hazina\src\Core\AI\Hazina.AI.RAG\Embeddings\SemanticSimilarityChunker.cs(511,34): warning SA1629: Documentation text should end with a period (https://github.com/DotNetAnalyzers/StyleCopAnalyzers/blob/master/documentation/SA1629.md) [C:\Projects\Hazina\src\Core\AI\Hazina.AI.RAG\Hazina.AI.RAG.csproj::TargetFramework=net9.0]
C:\Projects\Hazina\src\Core\AI\Hazina.AI.RAG\Embeddings\SemanticSimilarityChunker.cs(516,17): warning CA1848: For improved performance, use the LoggerMessage delegates instead of calling 'LoggerExtensions.LogInformation(ILogger, string?, params object?[])' (https://learn.microsoft.com/dotnet/fundamentals/code-analysis/quality-rules/ca1848) [C:\Projects\Hazina\src\Core\AI\Hazina.AI.RAG\Hazina.AI.RAG.csproj::TargetFramework=net9.0]
C:\Projects\Hazina\src\Core\AI\Hazina.AI.RAG\Graph\Storage\InMemoryGraphStore.cs(397,24): warning S1244: Do not check floating point equality with exact values, use a range instead. (https://rules.sonarsource.com/csharp/RSPEC-1244) [C:\Projects\Hazina\src\Core\AI\Hazina.AI.RAG\Hazina.AI.RAG.csproj::TargetFramework=net9.0]
C:\Projects\Hazina\src\Core\AI\Hazina.AI.RAG\Graph\Storage\InMemoryGraphStore.cs(397,45): warning S1244: Do not check floating point equality with exact values, use a range instead. (https://rules.sonarsource.com/csharp/RSPEC-1244) [C:\Projects\Hazina\src\Core\AI\Hazina.AI.RAG\Hazina.AI.RAG.csproj::TargetFramework=net9.0]
C:\Projects\Hazina\src\Core\AI\Hazina.AI.RAG\Graph\Storage\InMemoryGraphStore.cs(152,9): warning MA0004: Use Task.ConfigureAwait(false) if the current SynchronizationContext is not needed (https://github.com/meziantou/Meziantou.Analyzer/blob/main/docs/Rules/MA0004.md) [C:\Projects\Hazina\src\Core\AI\Hazina.AI.RAG\Hazina.AI.RAG.csproj::TargetFramework=net9.0]
C:\Projects\Hazina\src\Core\AI\Hazina.AI.RAG\Graph\Storage\InMemoryGraphStore.cs(149,23): warning MA0002: Use an overload that has a IEqualityComparer<string> or IComparer<string> parameter (https://github.com/meziantou/Meziantou.Analyzer/blob/main/docs/Rules/MA0002.md) [C:\Projects\Hazina\src\Core\AI\Hazina.AI.RAG\Hazina.AI.RAG.csproj::TargetFramework=net9.0]
C:\Projects\Hazina\src\Core\AI\Hazina.AI.RAG\Graph\Retrieval\HybridRetrievalService.cs(216,33): warning CA1848: For improved performance, use the LoggerMessage delegates instead of calling 'LoggerExtensions.LogWarning(ILogger, Exception?, string?, params object?[])' (https://learn.microsoft.com/dotnet/fundamentals/code-analysis/quality-rules/ca1848) [C:\Projects\Hazina\src\Core\AI\Hazina.AI.RAG\Hazina.AI.RAG.csproj::TargetFramework=net9.0]
C:\Projects\Hazina\src\Core\AI\Hazina.AI.RAG\Graph\Storage\InMemoryGraphStore.cs(379,20): warning S2325: Make 'CalculateCosineSimilarity' a static method. (https://rules.sonarsource.com/csharp/RSPEC-2325) [C:\Projects\Hazina\src\Core\AI\Hazina.AI.RAG\Hazina.AI.RAG.csproj::TargetFramework=net9.0]
C:\Projects\Hazina\src\Core\AI\Hazina.AI.RAG\Graph\Retrieval\HybridRetrievalService.cs(353,23): warning MA0002: Use an overload that has a IEqualityComparer<string> or IComparer<string> parameter (https://github.com/meziantou/Meziantou.Analyzer/blob/main/docs/Rules/MA0002.md) [C:\Projects\Hazina\src\Core\AI\Hazina.AI.RAG\Hazina.AI.RAG.csproj::TargetFramework=net9.0]
C:\Projects\Hazina\src\Core\AI\Hazina.AI.RAG\Graph\Retrieval\HybridRetrievalService.cs(189,28): warning MA0004: Use Task.ConfigureAwait(false) if the current SynchronizationContext is not needed (https://github.com/meziantou/Meziantou.Analyzer/blob/main/docs/Rules/MA0004.md) [C:\Projects\Hazina\src\Core\AI\Hazina.AI.RAG\Hazina.AI.RAG.csproj::TargetFramework=net9.0]
C:\Projects\Hazina\src\Core\AI\Hazina.AI.RAG\Graph\Retrieval\HybridRetrievalService.cs(194,39): warning MA0004: Use Task.ConfigureAwait(false) if the current SynchronizationContext is not needed (https://github.com/meziantou/Meziantou.Analyzer/blob/main/docs/Rules/MA0004.md) [C:\Projects\Hazina\src\Core\AI\Hazina.AI.RAG\Hazina.AI.RAG.csproj::TargetFramework=net9.0]
C:\Projects\Hazina\src\Core\AI\Hazina.AI.RAG\Graph\Retrieval\HybridRetrievalService.cs(211,48): warning MA0004: Use Task.ConfigureAwait(false) if the current SynchronizationContext is not needed (https://github.com/meziantou/Meziantou.Analyzer/blob/main/docs/Rules/MA0004.md) [C:\Projects\Hazina\src\Core\AI\Hazina.AI.RAG\Hazina.AI.RAG.csproj::TargetFramework=net9.0]
C:\Projects\Hazina\src\Core\AI\Hazina.AI.RAG\Graph\Storage\InMemoryGraphStore.cs(171,29): warning MA0004: Use Task.ConfigureAwait(false) if the current SynchronizationContext is not needed (https://github.com/meziantou/Meziantou.Analyzer/blob/main/docs/Rules/MA0004.md) [C:\Projects\Hazina\src\Core\AI\Hazina.AI.RAG\Hazina.AI.RAG.csproj::TargetFramework=net9.0]
C:\Projects\Hazina\src\Core\AI\Hazina.AI.RAG\Graph\Storage\InMemoryGraphStore.cs(288,9): warning MA0004: Use Task.ConfigureAwait(false) if the current SynchronizationContext is not needed (https://github.com/meziantou/Meziantou.Analyzer/blob/main/docs/Rules/MA0004.md) [C:\Projects\Hazina\src\Core\AI\Hazina.AI.RAG\Hazina.AI.RAG.csproj::TargetFramework=net9.0]
C:\Projects\Hazina\src\Core\AI\Hazina.AI.RAG\Graph\Storage\InMemoryGraphStore.cs(285,23): warning MA0002: Use an overload that has a IEqualityComparer<string> or IComparer<string> parameter (https://github.com/meziantou/Meziantou.Analyzer/blob/main/docs/Rules/MA0002.md) [C:\Projects\Hazina\src\Core\AI\Hazina.AI.RAG\Hazina.AI.RAG.csproj::TargetFramework=net9.0]
C:\Projects\Hazina\src\Core\AI\Hazina.AI.RAG\Graph\Storage\InMemoryGraphStore.cs(179,32): warning MA0004: Use Task.ConfigureAwait(false) if the current SynchronizationContext is not needed (https://github.com/meziantou/Meziantou.Analyzer/blob/main/docs/Rules/MA0004.md) [C:\Projects\Hazina\src\Core\AI\Hazina.AI.RAG\Hazina.AI.RAG.csproj::TargetFramework=net9.0]
C:\Projects\Hazina\src\Core\AI\Hazina.AI.RAG\Graph\Retrieval\HybridRetrievalService.cs(212,40): warning MA0004: Use Task.ConfigureAwait(false) if the current SynchronizationContext is not needed (https://github.com/meziantou/Meziantou.Analyzer/blob/main/docs/Rules/MA0004.md) [C:\Projects\Hazina\src\Core\AI\Hazina.AI.RAG\Hazina.AI.RAG.csproj::TargetFramework=net9.0]
C:\Projects\Hazina\src\Core\AI\Hazina.AI.RAG\Graph\Storage\InMemoryGraphStore.cs(186,25): warning MA0004: Use Task.ConfigureAwait(false) if the current SynchronizationContext is not needed (https://github.com/meziantou/Meziantou.Analyzer/blob/main/docs/Rules/MA0004.md) [C:\Projects\Hazina\src\Core\AI\Hazina.AI.RAG\Hazina.AI.RAG.csproj::TargetFramework=net9.0]
C:\Projects\Hazina\src\Core\AI\Hazina.AI.RAG\Graph\Storage\InMemoryGraphStore.cs(335,35): warning CA1062: In externally visible method 'Task InMemoryGraphStore.UpdateEntityAsync(GraphEntity entity, CancellationToken cancellationToken = default(CancellationToken))', validate parameter 'entity' is non-null before using it. If appropriate, throw an 'ArgumentNullException' when the argument is 'null'. (https://learn.microsoft.com/dotnet/fundamentals/code-analysis/quality-rules/ca1062) [C:\Projects\Hazina\src\Core\AI\Hazina.AI.RAG\Hazina.AI.RAG.csproj::TargetFramework=net9.0]
C:\Projects\Hazina\src\Core\AI\Hazina.AI.RAG\Graph\Storage\InMemoryGraphStore.cs(175,30): warning MA0006: Use string.Equals instead of Equals operator (https://github.com/meziantou/Meziantou.Analyzer/blob/main/docs/Rules/MA0006.md) [C:\Projects\Hazina\src\Core\AI\Hazina.AI.RAG\Hazina.AI.RAG.csproj::TargetFramework=net9.0]
C:\Projects\Hazina\src\Core\AI\Hazina.AI.RAG\Graph\Retrieval\HybridRetrievalService.cs(184,29): warning MA0002: Use an overload that has a IEqualityComparer<string> or IComparer<string> parameter (https://github.com/meziantou/Meziantou.Analyzer/blob/main/docs/Rules/MA0002.md) [C:\Projects\Hazina\src\Core\AI\Hazina.AI.RAG\Hazina.AI.RAG.csproj::TargetFramework=net9.0]
C:\Projects\Hazina\src\Core\AI\Hazina.AI.RAG\Graph\Storage\InMemoryGraphStore.cs(308,29): warning MA0004: Use Task.ConfigureAwait(false) if the current SynchronizationContext is not needed (https://github.com/meziantou/Meziantou.Analyzer/blob/main/docs/Rules/MA0004.md) [C:\Projects\Hazina\src\Core\AI\Hazina.AI.RAG\Hazina.AI.RAG.csproj::TargetFramework=net9.0]
C:\Projects\Hazina\src\Core\AI\Hazina.AI.RAG\Graph\Storage\InMemoryGraphStore.cs(319,32): warning MA0004: Use Task.ConfigureAwait(false) if the current SynchronizationContext is not needed (https://github.com/meziantou/Meziantou.Analyzer/blob/main/docs/Rules/MA0004.md) [C:\Projects\Hazina\src\Core\AI\Hazina.AI.RAG\Hazina.AI.RAG.csproj::TargetFramework=net9.0]
C:\Projects\Hazina\src\Core\AI\Hazina.AI.RAG\Graph\Storage\InMemoryGraphStore.cs(326,25): warning MA0004: Use Task.ConfigureAwait(false) if the current SynchronizationContext is not needed (https://github.com/meziantou/Meziantou.Analyzer/blob/main/docs/Rules/MA0004.md) [C:\Projects\Hazina\src\Core\AI\Hazina.AI.RAG\Hazina.AI.RAG.csproj::TargetFramework=net9.0]
C:\Projects\Hazina\src\Core\AI\Hazina.AI.RAG\Graph\Storage\InMemoryGraphStore.cs(242,13): warning MA0006: Use string.Equals instead of Equals operator (https://github.com/meziantou/Meziantou.Analyzer/blob/main/docs/Rules/MA0006.md) [C:\Projects\Hazina\src\Core\AI\Hazina.AI.RAG\Hazina.AI.RAG.csproj::TargetFramework=net9.0]
C:\Projects\Hazina\src\Core\AI\Hazina.AI.RAG\Graph\Storage\InMemoryGraphStore.cs(260,38): warning MA0006: Use string.Equals instead of Equals operator (https://github.com/meziantou/Meziantou.Analyzer/blob/main/docs/Rules/MA0006.md) [C:\Projects\Hazina\src\Core\AI\Hazina.AI.RAG\Hazina.AI.RAG.csproj::TargetFramework=net9.0]
C:\Projects\Hazina\src\Core\AI\Hazina.AI.RAG\Graph\Storage\InMemoryGraphStore.cs(368,38): warning MA0002: Use an overload that has a IEqualityComparer<string> or IComparer<string> parameter (https://github.com/meziantou/Meziantou.Analyzer/blob/main/docs/Rules/MA0002.md) [C:\Projects\Hazina\src\Core\AI\Hazina.AI.RAG\Hazina.AI.RAG.csproj::TargetFramework=net9.0]
C:\Projects\Hazina\src\Core\AI\Hazina.AI.RAG\Graph\Storage\InMemoryGraphStore.cs(368,38): warning MA0002: Use an overload that has a IEqualityComparer<string> or IComparer<string> parameter (https://github.com/meziantou/Meziantou.Analyzer/blob/main/docs/Rules/MA0002.md) [C:\Projects\Hazina\src\Core\AI\Hazina.AI.RAG\Hazina.AI.RAG.csproj::TargetFramework=net9.0]
C:\Projects\Hazina\src\Core\AI\Hazina.AI.RAG\Graph\Storage\InMemoryGraphStore.cs(201,23): warning MA0002: Use an overload that has a IEqualityComparer<string> or IComparer<string> parameter (https://github.com/meziantou/Meziantou.Analyzer/blob/main/docs/Rules/MA0002.md) [C:\Projects\Hazina\src\Core\AI\Hazina.AI.RAG\Hazina.AI.RAG.csproj::TargetFramework=net9.0]
C:\Projects\Hazina\src\Core\AI\Hazina.AI.RAG\Graph\Storage\InMemoryGraphStore.cs(371,44): warning MA0002: Use an overload that has a IEqualityComparer<string> or IComparer<string> parameter (https://github.com/meziantou/Meziantou.Analyzer/blob/main/docs/Rules/MA0002.md) [C:\Projects\Hazina\src\Core\AI\Hazina.AI.RAG\Hazina.AI.RAG.csproj::TargetFramework=net9.0]
C:\Projects\Hazina\src\Core\AI\Hazina.AI.RAG\Graph\Storage\InMemoryGraphStore.cs(315,30): warning MA0006: Use string.Equals instead of Equals operator (https://github.com/meziantou/Meziantou.Analyzer/blob/main/docs/Rules/MA0006.md) [C:\Projects\Hazina\src\Core\AI\Hazina.AI.RAG\Hazina.AI.RAG.csproj::TargetFramework=net9.0]
C:\Projects\Hazina\src\Core\AI\Hazina.AI.RAG\Graph\Storage\InMemoryGraphStore.cs(371,44): warning MA0002: Use an overload that has a IEqualityComparer<string> or IComparer<string> parameter (https://github.com/meziantou/Meziantou.Analyzer/blob/main/docs/Rules/MA0002.md) [C:\Projects\Hazina\src\Core\AI\Hazina.AI.RAG\Hazina.AI.RAG.csproj::TargetFramework=net9.0]
C:\Projects\Hazina\src\Core\AI\Hazina.AI.RAG\Graph\Retrieval\HybridRetrievalService.cs(214,29): warning CA1031: Modify 'ExpandWithGraphAsync' to catch a more specific allowed exception type, or rethrow the exception (https://learn.microsoft.com/dotnet/fundamentals/code-analysis/quality-rules/ca1031) [C:\Projects\Hazina\src\Core\AI\Hazina.AI.RAG\Hazina.AI.RAG.csproj::TargetFramework=net9.0]
C:\Projects\Hazina\src\Core\AI\Hazina.AI.RAG\Graph\Pipeline\LLMRelationshipExtractor.cs(197,19): warning CA1812: 'LLMRelationshipExtractor.ExtractedRelationship' is an internal class that is apparently never instantiated. If so, remove the code from the assembly. If this class is intended to contain only static members, make it 'static' (Module in Visual Basic). (https://learn.microsoft.com/dotnet/fundamentals/code-analysis/quality-rules/ca1812) [C:\Projects\Hazina\src\Core\AI\Hazina.AI.RAG\Hazina.AI.RAG.csproj::TargetFramework=net9.0]
C:\Projects\Hazina\src\Core\AI\Hazina.AI.RAG\Graph\Pipeline\LLMEntityExtractor.cs(162,19): warning CA1812: 'LLMEntityExtractor.ExtractedEntity' is an internal class that is apparently never instantiated. If so, remove the code from the assembly. If this class is intended to contain only static members, make it 'static' (Module in Visual Basic). (https://learn.microsoft.com/dotnet/fundamentals/code-analysis/quality-rules/ca1812) [C:\Projects\Hazina\src\Core\AI\Hazina.AI.RAG\Hazina.AI.RAG.csproj::TargetFramework=net9.0]
C:\Projects\Hazina\src\Core\AI\Hazina.AI.RAG\Graph\Pipeline\LLMRelationshipExtractor.cs(197,19): warning CA1852: Type 'ExtractedRelationship' can be sealed because it has no subtypes in its containing assembly and is not externally visible (https://learn.microsoft.com/dotnet/fundamentals/code-analysis/quality-rules/ca1852) [C:\Projects\Hazina\src\Core\AI\Hazina.AI.RAG\Hazina.AI.RAG.csproj::TargetFramework=net9.0]
C:\Projects\Hazina\src\Core\AI\Hazina.AI.RAG\Graph\Pipeline\LLMEntityExtractor.cs(162,19): warning CA1852: Type 'ExtractedEntity' can be sealed because it has no subtypes in its containing assembly and is not externally visible (https://learn.microsoft.com/dotnet/fundamentals/code-analysis/quality-rules/ca1852) [C:\Projects\Hazina\src\Core\AI\Hazina.AI.RAG\Hazina.AI.RAG.csproj::TargetFramework=net9.0]
C:\Projects\Hazina\src\Core\AI\Hazina.AI.RAG\Embeddings\EmbeddingCache.cs(15,29): warning MA0158: Use System.Threading.Lock (https://github.com/meziantou/Meziantou.Analyzer/blob/main/docs/Rules/MA0158.md) [C:\Projects\Hazina\src\Core\AI\Hazina.AI.RAG\Hazina.AI.RAG.csproj::TargetFramework=net9.0]
C:\Projects\Hazina\src\Core\AI\Hazina.AI.RAG\Core\RAGEngine.cs(245,23): error CS8602: Dereference of a possibly null reference. [C:\Projects\Hazina\src\Core\AI\Hazina.AI.RAG\Hazina.AI.RAG.csproj::TargetFramework=net10.0]
C:\Projects\Hazina\src\Core\AI\Hazina.AI.RAG\Core\RAGEngine.cs(404,29): error CS8602: Dereference of a possibly null reference. [C:\Projects\Hazina\src\Core\AI\Hazina.AI.RAG\Hazina.AI.RAG.csproj::TargetFramework=net10.0]
C:\Projects\Hazina\src\Core\AI\Hazina.AI.RAG\Configuration\GraphRAGConfig.cs(1,1): warning SA1633: The file header is missing or not located at the top of the file. (https://github.com/DotNetAnalyzers/StyleCopAnalyzers/blob/master/documentation/SA1633.md) [C:\Projects\Hazina\src\Core\AI\Hazina.AI.RAG\Hazina.AI.RAG.csproj::TargetFramework=net10.0]
C:\Projects\Hazina\src\Core\AI\Hazina.AI.RAG\Configuration\GraphRAGConfig.cs(30,1): warning SA1516: Elements should be separated by blank line (https://github.com/DotNetAnalyzers/StyleCopAnalyzers/blob/master/documentation/SA1516.md) [C:\Projects\Hazina\src\Core\AI\Hazina.AI.RAG\Hazina.AI.RAG.csproj::TargetFramework=net10.0]
C:\Projects\Hazina\src\Core\AI\Hazina.AI.RAG\Configuration\SemanticChunkingConfiguration.cs(1,1): warning SA1633: The file header is missing or not located at the top of the file. (https://github.com/DotNetAnalyzers/StyleCopAnalyzers/blob/master/documentation/SA1633.md) [C:\Projects\Hazina\src\Core\AI\Hazina.AI.RAG\Hazina.AI.RAG.csproj::TargetFramework=net10.0]
C:\Projects\Hazina\src\Core\AI\Hazina.AI.RAG\Core\RAGEngine.cs(4,1): warning SA1208: Using directive for 'System.Text' should appear before directive for 'Hazina.Neurochain.Core' (https://github.com/DotNetAnalyzers/StyleCopAnalyzers/blob/master/documentation/SA1208.md) [C:\Projects\Hazina\src\Core\AI\Hazina.AI.RAG\Hazina.AI.RAG.csproj::TargetFramework=net10.0]
C:\Projects\Hazina\src\Core\AI\Hazina.AI.RAG\Core\RAGEngine.cs(5,1): warning SA1208: Using directive for 'System.Text.RegularExpressions' should appear before directive for 'Hazina.Neurochain.Core' (https://github.com/DotNetAnalyzers/StyleCopAnalyzers/blob/master/documentation/SA1208.md) [C:\Projects\Hazina\src\Core\AI\Hazina.AI.RAG\Hazina.AI.RAG.csproj::TargetFramework=net10.0]
C:\Projects\Hazina\src\Core\AI\Hazina.AI.RAG\Configuration\GraphRAGConfig.cs(6,14): warning S101: Rename class 'GraphRAGConfig' to match pascal case naming rules, consider using 'GraphRagConfig'. (https://rules.sonarsource.com/csharp/RSPEC-101) [C:\Projects\Hazina\src\Core\AI\Hazina.AI.RAG\Hazina.AI.RAG.csproj::TargetFramework=net10.0]
C:\Projects\Hazina\src\Core\AI\Hazina.AI.RAG\Configuration\GraphRAGConfig.cs(10,20): warning CA1056: Change the type of property 'GraphRAGConfig.Neo4jUri' from 'string' to 'System.Uri' (https://learn.microsoft.com/dotnet/fundamentals/code-analysis/quality-rules/ca1056) [C:\Projects\Hazina\src\Core\AI\Hazina.AI.RAG\Hazina.AI.RAG.csproj::TargetFramework=net10.0]
C:\Projects\Hazina\src\Core\AI\Hazina.AI.RAG\Configuration\GraphRAGConfig.cs(9,1): warning SA1516: Elements should be separated by blank line (https://github.com/DotNetAnalyzers/StyleCopAnalyzers/blob/master/documentation/SA1516.md) [C:\Projects\Hazina\src\Core\AI\Hazina.AI.RAG\Hazina.AI.RAG.csproj::TargetFramework=net10.0]
C:\Projects\Hazina\src\Core\AI\Hazina.AI.RAG\Configuration\GraphRAGConfig.cs(10,1): warning SA1516: Elements should be separated by blank line (https://github.com/DotNetAnalyzers/StyleCopAnalyzers/blob/master/documentation/SA1516.md) [C:\Projects\Hazina\src\Core\AI\Hazina.AI.RAG\Hazina.AI.RAG.csproj::TargetFramework=net10.0]
C:\Projects\Hazina\src\Core\AI\Hazina.AI.RAG\Configuration\GraphRAGConfig.cs(11,1): warning SA1516: Elements should be separated by blank line (https://github.com/DotNetAnalyzers/StyleCopAnalyzers/blob/master/documentation/SA1516.md) [C:\Projects\Hazina\src\Core\AI\Hazina.AI.RAG\Hazina.AI.RAG.csproj::TargetFramework=net10.0]
C:\Projects\Hazina\src\Core\AI\Hazina.AI.RAG\Configuration\GraphRAGConfig.cs(12,1): warning SA1516: Elements should be separated by blank line (https://github.com/DotNetAnalyzers/StyleCopAnalyzers/blob/master/documentation/SA1516.md) [C:\Projects\Hazina\src\Core\AI\Hazina.AI.RAG\Hazina.AI.RAG.csproj::TargetFramework=net10.0]
C:\Projects\Hazina\src\Core\AI\Hazina.AI.RAG\Configuration\GraphRAGConfig.cs(13,1): warning SA1516: Elements should be separated by blank line (https://github.com/DotNetAnalyzers/StyleCopAnalyzers/blob/master/documentation/SA1516.md) [C:\Projects\Hazina\src\Core\AI\Hazina.AI.RAG\Hazina.AI.RAG.csproj::TargetFramework=net10.0]
C:\Projects\Hazina\src\Core\AI\Hazina.AI.RAG\Configuration\GraphRAGConfig.cs(14,1): warning SA1516: Elements should be separated by blank line (https://github.com/DotNetAnalyzers/StyleCopAnalyzers/blob/master/documentation/SA1516.md) [C:\Projects\Hazina\src\Core\AI\Hazina.AI.RAG\Hazina.AI.RAG.csproj::TargetFramework=net10.0]
C:\Projects\Hazina\src\Core\AI\Hazina.AI.RAG\Configuration\GraphRAGConfig.cs(15,1): warning SA1516: Elements should be separated by blank line (https://github.com/DotNetAnalyzers/StyleCopAnalyzers/blob/master/documentation/SA1516.md) [C:\Projects\Hazina\src\Core\AI\Hazina.AI.RAG\Hazina.AI.RAG.csproj::TargetFramework=net10.0]
C:\Projects\Hazina\src\Core\AI\Hazina.AI.RAG\Configuration\GraphRAGConfig.cs(16,1): warning SA1516: Elements should be separated by blank line (https://github.com/DotNetAnalyzers/StyleCopAnalyzers/blob/master/documentation/SA1516.md) [C:\Projects\Hazina\src\Core\AI\Hazina.AI.RAG\Hazina.AI.RAG.csproj::TargetFramework=net10.0]
C:\Projects\Hazina\src\Core\AI\Hazina.AI.RAG\Configuration\GraphRAGConfig.cs(17,1): warning SA1516: Elements should be separated by blank line (https://github.com/DotNetAnalyzers/StyleCopAnalyzers/blob/master/documentation/SA1516.md) [C:\Projects\Hazina\src\Core\AI\Hazina.AI.RAG\Hazina.AI.RAG.csproj::TargetFramework=net10.0]
C:\Projects\Hazina\src\Core\AI\Hazina.AI.RAG\Configuration\GraphRAGConfig.cs(18,1): warning SA1516: Elements should be separated by blank line (https://github.com/DotNetAnalyzers/StyleCopAnalyzers/blob/master/documentation/SA1516.md) [C:\Projects\Hazina\src\Core\AI\Hazina.AI.RAG\Hazina.AI.RAG.csproj::TargetFramework=net10.0]
C:\Projects\Hazina\src\Core\AI\Hazina.AI.RAG\Configuration\GraphRAGConfig.cs(19,1): warning SA1516: Elements should be separated by blank line (https://github.com/DotNetAnalyzers/StyleCopAnalyzers/blob/master/documentation/SA1516.md) [C:\Projects\Hazina\src\Core\AI\Hazina.AI.RAG\Hazina.AI.RAG.csproj::TargetFramework=net10.0]
C:\Projects\Hazina\src\Core\AI\Hazina.AI.RAG\Configuration\GraphRAGConfig.cs(20,1): warning SA1516: Elements should be separated by blank line (https://github.com/DotNetAnalyzers/StyleCopAnalyzers/blob/master/documentation/SA1516.md) [C:\Projects\Hazina\src\Core\AI\Hazina.AI.RAG\Hazina.AI.RAG.csproj::TargetFramework=net10.0]
C:\Projects\Hazina\src\Core\AI\Hazina.AI.RAG\Configuration\GraphRAGConfig.cs(21,1): warning SA1516: Elements should be separated by blank line (https://github.com/DotNetAnalyzers/StyleCopAnalyzers/blob/master/documentation/SA1516.md) [C:\Projects\Hazina\src\Core\AI\Hazina.AI.RAG\Hazina.AI.RAG.csproj::TargetFramework=net10.0]
C:\Projects\Hazina\src\Core\AI\Hazina.AI.RAG\Configuration\GraphRAGConfig.cs(22,1): warning SA1516: Elements should be separated by blank line (https://github.com/DotNetAnalyzers/StyleCopAnalyzers/blob/master/documentation/SA1516.md) [C:\Projects\Hazina\src\Core\AI\Hazina.AI.RAG\Hazina.AI.RAG.csproj::TargetFramework=net10.0]
C:\Projects\Hazina\src\Core\AI\Hazina.AI.RAG\Configuration\GraphRAGConfig.cs(23,1): warning SA1516: Elements should be separated by blank line (https://github.com/DotNetAnalyzers/StyleCopAnalyzers/blob/master/documentation/SA1516.md) [C:\Projects\Hazina\src\Core\AI\Hazina.AI.RAG\Hazina.AI.RAG.csproj::TargetFramework=net10.0]
C:\Projects\Hazina\src\Core\AI\Hazina.AI.RAG\Configuration\GraphRAGConfig.cs(24,1): warning SA1516: Elements should be separated by blank line (https://github.com/DotNetAnalyzers/StyleCopAnalyzers/blob/master/documentation/SA1516.md) [C:\Projects\Hazina\src\Core\AI\Hazina.AI.RAG\Hazina.AI.RAG.csproj::TargetFramework=net10.0]
C:\Projects\Hazina\src\Core\AI\Hazina.AI.RAG\Configuration\GraphRAGConfig.cs(25,1): warning SA1516: Elements should be separated by blank line (https://github.com/DotNetAnalyzers/StyleCopAnalyzers/blob/master/documentation/SA1516.md) [C:\Projects\Hazina\src\Core\AI\Hazina.AI.RAG\Hazina.AI.RAG.csproj::TargetFramework=net10.0]
C:\Projects\Hazina\src\Core\AI\Hazina.AI.RAG\Configuration\GraphRAGConfig.cs(26,1): warning SA1516: Elements should be separated by blank line (https://github.com/DotNetAnalyzers/StyleCopAnalyzers/blob/master/documentation/SA1516.md) [C:\Projects\Hazina\src\Core\AI\Hazina.AI.RAG\Hazina.AI.RAG.csproj::TargetFramework=net10.0]
C:\Projects\Hazina\src\Core\AI\Hazina.AI.RAG\Configuration\GraphRAGConfig.cs(30,13): warning MA0048: File name must match type name (https://github.com/meziantou/Meziantou.Analyzer/blob/main/docs/Rules/MA0048.md) [C:\Projects\Hazina\src\Core\AI\Hazina.AI.RAG\Hazina.AI.RAG.csproj::TargetFramework=net10.0]
C:\Projects\Hazina\src\Core\AI\Hazina.AI.RAG\Core\RAGEngine.cs(1,1): warning SA1633: The file header is missing or not located at the top of the file. (https://github.com/DotNetAnalyzers/StyleCopAnalyzers/blob/master/documentation/SA1633.md) [C:\Projects\Hazina\src\Core\AI\Hazina.AI.RAG\Hazina.AI.RAG.csproj::TargetFramework=net10.0]
C:\Projects\Hazina\src\Core\AI\Hazina.AI.RAG\Configuration\GraphRAGConfig.cs(30,55): warning SA1136: Enum values should be on separate lines (https://github.com/DotNetAnalyzers/StyleCopAnalyzers/blob/master/documentation/SA1136.md) [C:\Projects\Hazina\src\Core\AI\Hazina.AI.RAG\Hazina.AI.RAG.csproj::TargetFramework=net10.0]
C:\Projects\Hazina\src\Core\AI\Hazina.AI.RAG\Configuration\GraphRAGConfig.cs(30,67): warning SA1136: Enum values should be on separate lines (https://github.com/DotNetAnalyzers/StyleCopAnalyzers/blob/master/documentation/SA1136.md) [C:\Projects\Hazina\src\Core\AI\Hazina.AI.RAG\Hazina.AI.RAG.csproj::TargetFramework=net10.0]
C:\Projects\Hazina\src\Core\AI\Hazina.AI.RAG\Configuration\GraphRAGConfig.cs(30,88): warning SA1136: Enum values should be on separate lines (https://github.com/DotNetAnalyzers/StyleCopAnalyzers/blob/master/documentation/SA1136.md) [C:\Projects\Hazina\src\Core\AI\Hazina.AI.RAG\Hazina.AI.RAG.csproj::TargetFramework=net10.0]
C:\Projects\Hazina\src\Core\AI\Hazina.AI.RAG\Configuration\GraphRAGConfig.cs(29,13): warning MA0048: File name must match type name (https://github.com/meziantou/Meziantou.Analyzer/blob/main/docs/Rules/MA0048.md) [C:\Projects\Hazina\src\Core\AI\Hazina.AI.RAG\Hazina.AI.RAG.csproj::TargetFramework=net10.0]
C:\Projects\Hazina\src\Core\AI\Hazina.AI.RAG\Configuration\GraphRAGConfig.cs(29,40): warning SA1136: Enum values should be on separate lines (https://github.com/DotNetAnalyzers/StyleCopAnalyzers/blob/master/documentation/SA1136.md) [C:\Projects\Hazina\src\Core\AI\Hazina.AI.RAG\Hazina.AI.RAG.csproj::TargetFramework=net10.0]
C:\Projects\Hazina\src\Core\AI\Hazina.AI.RAG\Configuration\GraphRAGConfig.cs(29,47): warning SA1136: Enum values should be on separate lines (https://github.com/DotNetAnalyzers/StyleCopAnalyzers/blob/master/documentation/SA1136.md) [C:\Projects\Hazina\src\Core\AI\Hazina.AI.RAG\Hazina.AI.RAG.csproj::TargetFramework=net10.0]
C:\Projects\Hazina\src\Core\AI\Hazina.AI.RAG\Core\RAGEngine.cs(521,14): warning SA1402: File may only contain a single type (https://github.com/DotNetAnalyzers/StyleCopAnalyzers/blob/master/documentation/SA1402.md) [C:\Projects\Hazina\src\Core\AI\Hazina.AI.RAG\Hazina.AI.RAG.csproj::TargetFramework=net10.0]
C:\Projects\Hazina\src\Core\AI\Hazina.AI.RAG\Core\RAGEngine.cs(531,14): warning SA1402: File may only contain a single type (https://github.com/DotNetAnalyzers/StyleCopAnalyzers/blob/master/documentation/SA1402.md) [C:\Projects\Hazina\src\Core\AI\Hazina.AI.RAG\Hazina.AI.RAG.csproj::TargetFramework=net10.0]
C:\Projects\Hazina\src\Core\AI\Hazina.AI.RAG\Core\RAGEngine.cs(591,14): warning SA1402: File may only contain a single type (https://github.com/DotNetAnalyzers/StyleCopAnalyzers/blob/master/documentation/SA1402.md) [C:\Projects\Hazina\src\Core\AI\Hazina.AI.RAG\Hazina.AI.RAG.csproj::TargetFramework=net10.0]
C:\Projects\Hazina\src\Core\AI\Hazina.AI.RAG\Core\RAGEngine.cs(605,14): warning SA1402: File may only contain a single type (https://github.com/DotNetAnalyzers/StyleCopAnalyzers/blob/master/documentation/SA1402.md) [C:\Projects\Hazina\src\Core\AI\Hazina.AI.RAG\Hazina.AI.RAG.csproj::TargetFramework=net10.0]
C:\Projects\Hazina\src\Core\AI\Hazina.AI.RAG\Core\RAGEngine.cs(615,14): warning SA1402: File may only contain a single type (https://github.com/DotNetAnalyzers/StyleCopAnalyzers/blob/master/documentation/SA1402.md) [C:\Projects\Hazina\src\Core\AI\Hazina.AI.RAG\Hazina.AI.RAG.csproj::TargetFramework=net10.0]
C:\Projects\Hazina\src\Core\AI\Hazina.AI.RAG\Core\RAGEngine.cs(626,14): warning SA1402: File may only contain a single type (https://github.com/DotNetAnalyzers/StyleCopAnalyzers/blob/master/documentation/SA1402.md) [C:\Projects\Hazina\src\Core\AI\Hazina.AI.RAG\Hazina.AI.RAG.csproj::TargetFramework=net10.0]
C:\Projects\Hazina\src\Core\AI\Hazina.AI.RAG\Core\RAGEngine.cs(650,14): warning SA1402: File may only contain a single type (https://github.com/DotNetAnalyzers/StyleCopAnalyzers/blob/master/documentation/SA1402.md) [C:\Projects\Hazina\src\Core\AI\Hazina.AI.RAG\Hazina.AI.RAG.csproj::TargetFramework=net10.0]
C:\Projects\Hazina\src\Core\AI\Hazina.AI.RAG\Embeddings\EmbeddingCache.cs(150,14): warning MA0048: File name must match type name (https://github.com/meziantou/Meziantou.Analyzer/blob/main/docs/Rules/MA0048.md) [C:\Projects\Hazina\src\Core\AI\Hazina.AI.RAG\Hazina.AI.RAG.csproj::TargetFramework=net10.0]
C:\Projects\Hazina\src\Core\AI\Hazina.AI.RAG\Embeddings\EmbeddingCache.cs(148,21): warning SA1629: Documentation text should end with a period (https://github.com/DotNetAnalyzers/StyleCopAnalyzers/blob/master/documentation/SA1629.md) [C:\Projects\Hazina\src\Core\AI\Hazina.AI.RAG\Hazina.AI.RAG.csproj::TargetFramework=net10.0]
C:\Projects\Hazina\src\Core\AI\Hazina.AI.RAG\Embeddings\EmbeddingCache.cs(153,1): warning SA1516: Elements should be separated by blank line (https://github.com/DotNetAnalyzers/StyleCopAnalyzers/blob/master/documentation/SA1516.md) [C:\Projects\Hazina\src\Core\AI\Hazina.AI.RAG\Hazina.AI.RAG.csproj::TargetFramework=net10.0]
C:\Projects\Hazina\src\Core\AI\Hazina.AI.RAG\Embeddings\EmbeddingCache.cs(154,1): warning SA1516: Elements should be separated by blank line (https://github.com/DotNetAnalyzers/StyleCopAnalyzers/blob/master/documentation/SA1516.md) [C:\Projects\Hazina\src\Core\AI\Hazina.AI.RAG\Hazina.AI.RAG.csproj::TargetFramework=net10.0]
C:\Projects\Hazina\src\Core\AI\Hazina.AI.RAG\Embeddings\EmbeddingCache.cs(155,1): warning SA1516: Elements should be separated by blank line (https://github.com/DotNetAnalyzers/StyleCopAnalyzers/blob/master/documentation/SA1516.md) [C:\Projects\Hazina\src\Core\AI\Hazina.AI.RAG\Hazina.AI.RAG.csproj::TargetFramework=net10.0]
C:\Projects\Hazina\src\Core\AI\Hazina.AI.RAG\Embeddings\ContentTypeDetector.cs(6,73): warning SA1629: Documentation text should end with a period (https://github.com/DotNetAnalyzers/StyleCopAnalyzers/blob/master/documentation/SA1629.md) [C:\Projects\Hazina\src\Core\AI\Hazina.AI.RAG\Hazina.AI.RAG.csproj::TargetFramework=net10.0]
C:\Projects\Hazina\src\Core\AI\Hazina.AI.RAG\Configuration\SemanticChunkingConfiguration.cs(7,69): warning SA1629: Documentation text should end with a period (https://github.com/DotNetAnalyzers/StyleCopAnalyzers/blob/master/documentation/SA1629.md) [C:\Projects\Hazina\src\Core\AI\Hazina.AI.RAG\Hazina.AI.RAG.csproj::TargetFramework=net10.0]
C:\Projects\Hazina\src\Core\AI\Hazina.AI.RAG\Core\RAGEngine.cs(138,13): warning SA1009: Closing parenthesis should not be preceded by a space (https://github.com/DotNetAnalyzers/StyleCopAnalyzers/blob/master/documentation/SA1009.md) [C:\Projects\Hazina\src\Core\AI\Hazina.AI.RAG\Hazina.AI.RAG.csproj::TargetFramework=net10.0]
C:\Projects\Hazina\src\Core\AI\Hazina.AI.RAG\Core\RAGEngine.cs(165,9): warning SA1009: Closing parenthesis should not be preceded by a space (https://github.com/DotNetAnalyzers/StyleCopAnalyzers/blob/master/documentation/SA1009.md) [C:\Projects\Hazina\src\Core\AI\Hazina.AI.RAG\Hazina.AI.RAG.csproj::TargetFramework=net10.0]
C:\Projects\Hazina\src\Core\AI\Hazina.AI.RAG\Core\RAGEngine.cs(189,9): warning SA1009: Closing parenthesis should not be preceded by a space (https://github.com/DotNetAnalyzers/StyleCopAnalyzers/blob/master/documentation/SA1009.md) [C:\Projects\Hazina\src\Core\AI\Hazina.AI.RAG\Hazina.AI.RAG.csproj::TargetFramework=net10.0]
C:\Projects\Hazina\src\Core\AI\Hazina.AI.RAG\Core\RAGEngine.cs(255,17): warning SA1009: Closing parenthesis should not be preceded by a space (https://github.com/DotNetAnalyzers/StyleCopAnalyzers/blob/master/documentation/SA1009.md) [C:\Projects\Hazina\src\Core\AI\Hazina.AI.RAG\Hazina.AI.RAG.csproj::TargetFramework=net10.0]
C:\Projects\Hazina\src\Core\AI\Hazina.AI.RAG\Core\RAGEngine.cs(408,9): warning SA1009: Closing parenthesis should not be preceded by a space (https://github.com/DotNetAnalyzers/StyleCopAnalyzers/blob/master/documentation/SA1009.md) [C:\Projects\Hazina\src\Core\AI\Hazina.AI.RAG\Hazina.AI.RAG.csproj::TargetFramework=net10.0]
C:\Projects\Hazina\src\Core\AI\Hazina.AI.RAG\Core\RAGEngine.cs(462,13): warning SA1009: Closing parenthesis should not be preceded by a space (https://github.com/DotNetAnalyzers/StyleCopAnalyzers/blob/master/documentation/SA1009.md) [C:\Projects\Hazina\src\Core\AI\Hazina.AI.RAG\Hazina.AI.RAG.csproj::TargetFramework=net10.0]
C:\Projects\Hazina\src\Core\AI\Hazina.AI.RAG\Core\RAGEngine.cs(487,13): warning SA1009: Closing parenthesis should not be preceded by a space (https://github.com/DotNetAnalyzers/StyleCopAnalyzers/blob/master/documentation/SA1009.md) [C:\Projects\Hazina\src\Core\AI\Hazina.AI.RAG\Hazina.AI.RAG.csproj::TargetFramework=net10.0]
C:\Projects\Hazina\src\Core\AI\Hazina.AI.RAG\Embeddings\HierarchicalChunker.cs(351,14): warning MA0048: File name must match type name (https://github.com/meziantou/Meziantou.Analyzer/blob/main/docs/Rules/MA0048.md) [C:\Projects\Hazina\src\Core\AI\Hazina.AI.RAG\Hazina.AI.RAG.csproj::TargetFramework=net10.0]
C:\Projects\Hazina\src\Core\AI\Hazina.AI.RAG\Embeddings\HierarchicalChunker.cs(8,68): warning SA1629: Documentation text should end with a period (https://github.com/DotNetAnalyzers/StyleCopAnalyzers/blob/master/documentation/SA1629.md) [C:\Projects\Hazina\src\Core\AI\Hazina.AI.RAG\Hazina.AI.RAG.csproj::TargetFramework=net10.0]
C:\Projects\Hazina\src\Core\AI\Hazina.AI.RAG\Configuration\GraphRAGConfig.cs(13,46): warning CA1805: Member 'AutoBuildGraph' is explicitly initialized to its default value (https://learn.microsoft.com/dotnet/fundamentals/code-analysis/quality-rules/ca1805) [C:\Projects\Hazina\src\Core\AI\Hazina.AI.RAG\Hazina.AI.RAG.csproj::TargetFramework=net10.0]
C:\Projects\Hazina\src\Core\AI\Hazina.AI.RAG\Embeddings\HierarchicalChunker.cs(349,39): warning SA1629: Documentation text should end with a period (https://github.com/DotNetAnalyzers/StyleCopAnalyzers/blob/master/documentation/SA1629.md) [C:\Projects\Hazina\src\Core\AI\Hazina.AI.RAG\Hazina.AI.RAG.csproj::TargetFramework=net10.0]
C:\Projects\Hazina\src\Core\AI\Hazina.AI.RAG\Embeddings\HierarchicalChunker.cs(354,1): warning SA1516: Elements should be separated by blank line (https://github.com/DotNetAnalyzers/StyleCopAnalyzers/blob/master/documentation/SA1516.md) [C:\Projects\Hazina\src\Core\AI\Hazina.AI.RAG\Hazina.AI.RAG.csproj::TargetFramework=net10.0]
C:\Projects\Hazina\src\Core\AI\Hazina.AI.RAG\Embeddings\HierarchicalChunker.cs(355,1): warning SA1516: Elements should be separated by blank line (https://github.com/DotNetAnalyzers/StyleCopAnalyzers/blob/master/documentation/SA1516.md) [C:\Projects\Hazina\src\Core\AI\Hazina.AI.RAG\Hazina.AI.RAG.csproj::TargetFramework=net10.0]
C:\Projects\Hazina\src\Core\AI\Hazina.AI.RAG\Embeddings\HierarchicalChunker.cs(356,1): warning SA1516: Elements should be separated by blank line (https://github.com/DotNetAnalyzers/StyleCopAnalyzers/blob/master/documentation/SA1516.md) [C:\Projects\Hazina\src\Core\AI\Hazina.AI.RAG\Hazina.AI.RAG.csproj::TargetFramework=net10.0]
C:\Projects\Hazina\src\Core\AI\Hazina.AI.RAG\Embeddings\EmbeddingCache.cs(16,23): warning CA1805: Member '_hits' is explicitly initialized to its default value (https://learn.microsoft.com/dotnet/fundamentals/code-analysis/quality-rules/ca1805) [C:\Projects\Hazina\src\Core\AI\Hazina.AI.RAG\Hazina.AI.RAG.csproj::TargetFramework=net10.0]
C:\Projects\Hazina\src\Core\AI\Hazina.AI.RAG\Embeddings\EmbeddingCache.cs(14,61): warning MA0002: Use an overload that has a IEqualityComparer<string> or IComparer<string> parameter (https://github.com/meziantou/Meziantou.Analyzer/blob/main/docs/Rules/MA0002.md) [C:\Projects\Hazina\src\Core\AI\Hazina.AI.RAG\Hazina.AI.RAG.csproj::TargetFramework=net10.0]
C:\Projects\Hazina\src\Core\AI\Hazina.AI.RAG\Embeddings\EmbeddingCache.cs(17,25): warning CA1805: Member '_misses' is explicitly initialized to its default value (https://learn.microsoft.com/dotnet/fundamentals/code-analysis/quality-rules/ca1805) [C:\Projects\Hazina\src\Core\AI\Hazina.AI.RAG\Hazina.AI.RAG.csproj::TargetFramework=net10.0]
C:\Projects\Hazina\src\Core\AI\Hazina.AI.RAG\Core\RAGEngine.cs(21,32): warning S4487: Remove this unread private field '_config' or refactor the code to use its value. (https://rules.sonarsource.com/csharp/RSPEC-4487) [C:\Projects\Hazina\src\Core\AI\Hazina.AI.RAG\Hazina.AI.RAG.csproj::TargetFramework=net10.0]
C:\Projects\Hazina\src\Core\AI\Hazina.AI.RAG\Core\RAGEngine.cs(521,14): warning MA0048: File name must match type name (https://github.com/meziantou/Meziantou.Analyzer/blob/main/docs/Rules/MA0048.md) [C:\Projects\Hazina\src\Core\AI\Hazina.AI.RAG\Hazina.AI.RAG.csproj::TargetFramework=net10.0]
C:\Projects\Hazina\src\Core\AI\Hazina.AI.RAG\Core\RAGEngine.cs(531,14): warning MA0048: File name must match type name (https://github.com/meziantou/Meziantou.Analyzer/blob/main/docs/Rules/MA0048.md) [C:\Projects\Hazina\src\Core\AI\Hazina.AI.RAG\Hazina.AI.RAG.csproj::TargetFramework=net10.0]
C:\Projects\Hazina\src\Core\AI\Hazina.AI.RAG\Core\RAGEngine.cs(15,14): warning S101: Rename class 'RAGEngine' to match pascal case naming rules, consider using 'RagEngine'. (https://rules.sonarsource.com/csharp/RSPEC-101) [C:\Projects\Hazina\src\Core\AI\Hazina.AI.RAG\Hazina.AI.RAG.csproj::TargetFramework=net10.0]
C:\Projects\Hazina\src\Core\AI\Hazina.AI.RAG\Embeddings\EmbeddingCache.cs(10,28): warning SA1629: Documentation text should end with a period (https://github.com/DotNetAnalyzers/StyleCopAnalyzers/blob/master/documentation/SA1629.md) [C:\Projects\Hazina\src\Core\AI\Hazina.AI.RAG\Hazina.AI.RAG.csproj::TargetFramework=net10.0]
C:\Projects\Hazina\src\Core\AI\Hazina.AI.RAG\Embeddings\LLMMetadataExtractor.cs(12,14): warning S101: Rename class 'LLMMetadataExtractor' to match pascal case naming rules, consider using 'LlmMetadataExtractor'. (https://rules.sonarsource.com/csharp/RSPEC-101) [C:\Projects\Hazina\src\Core\AI\Hazina.AI.RAG\Hazina.AI.RAG.csproj::TargetFramework=net10.0]
C:\Projects\Hazina\src\Core\AI\Hazina.AI.RAG\Core\RAGEngine.cs(531,14): warning S101: Rename class 'RAGQueryOptions' to match pascal case naming rules, consider using 'RagQueryOptions'. (https://rules.sonarsource.com/csharp/RSPEC-101) [C:\Projects\Hazina\src\Core\AI\Hazina.AI.RAG\Hazina.AI.RAG.csproj::TargetFramework=net10.0]
C:\Projects\Hazina\src\Core\AI\Hazina.AI.RAG\Core\RAGEngine.cs(536,45): warning CA1805: Member 'UseNeurochain' is explicitly initialized to its default value (https://learn.microsoft.com/dotnet/fundamentals/code-analysis/quality-rules/ca1805) [C:\Projects\Hazina\src\Core\AI\Hazina.AI.RAG\Hazina.AI.RAG.csproj::TargetFramework=net10.0]
C:\Projects\Hazina\src\Core\AI\Hazina.AI.RAG\Core\RAGEngine.cs(521,14): warning S101: Rename class 'RAGConfig' to match pascal case naming rules, consider using 'RagConfig'. (https://rules.sonarsource.com/csharp/RSPEC-101) [C:\Projects\Hazina\src\Core\AI\Hazina.AI.RAG\Hazina.AI.RAG.csproj::TargetFramework=net10.0]
C:\Projects\Hazina\src\Core\AI\Hazina.AI.RAG\Core\RAGEngine.cs(519,22): warning SA1629: Documentation text should end with a period (https://github.com/DotNetAnalyzers/StyleCopAnalyzers/blob/master/documentation/SA1629.md) [C:\Projects\Hazina\src\Core\AI\Hazina.AI.RAG\Hazina.AI.RAG.csproj::TargetFramework=net10.0]
C:\Projects\Hazina\src\Core\AI\Hazina.AI.RAG\Core\RAGEngine.cs(524,1): warning SA1516: Elements should be separated by blank line (https://github.com/DotNetAnalyzers/StyleCopAnalyzers/blob/master/documentation/SA1516.md) [C:\Projects\Hazina\src\Core\AI\Hazina.AI.RAG\Hazina.AI.RAG.csproj::TargetFramework=net10.0]
C:\Projects\Hazina\src\Core\AI\Hazina.AI.RAG\Core\RAGEngine.cs(525,1): warning SA1516: Elements should be separated by blank line (https://github.com/DotNetAnalyzers/StyleCopAnalyzers/blob/master/documentation/SA1516.md) [C:\Projects\Hazina\src\Core\AI\Hazina.AI.RAG\Hazina.AI.RAG.csproj::TargetFramework=net10.0]
C:\Projects\Hazina\src\Core\AI\Hazina.AI.RAG\Embeddings\BasicMetadataExtractor.cs(1,1): warning SA1633: The file header is missing or not located at the top of the file. (https://github.com/DotNetAnalyzers/StyleCopAnalyzers/blob/master/documentation/SA1633.md) [C:\Projects\Hazina\src\Core\AI\Hazina.AI.RAG\Hazina.AI.RAG.csproj::TargetFramework=net10.0]
C:\Projects\Hazina\src\Core\AI\Hazina.AI.RAG\Embeddings\LLMMetadataExtractor.cs(10,81): warning SA1629: Documentation text should end with a period (https://github.com/DotNetAnalyzers/StyleCopAnalyzers/blob/master/documentation/SA1629.md) [C:\Projects\Hazina\src\Core\AI\Hazina.AI.RAG\Hazina.AI.RAG.csproj::TargetFramework=net10.0]
C:\Projects\Hazina\src\Core\AI\Hazina.AI.RAG\Core\RAGEngine.cs(529,22): warning SA1629: Documentation text should end with a period (https://github.com/DotNetAnalyzers/StyleCopAnalyzers/blob/master/documentation/SA1629.md) [C:\Projects\Hazina\src\Core\AI\Hazina.AI.RAG\Hazina.AI.RAG.csproj::TargetFramework=net10.0]
C:\Projects\Hazina\src\Core\AI\Hazina.AI.RAG\Core\RAGEngine.cs(534,1): warning SA1516: Elements should be separated by blank line (https://github.com/DotNetAnalyzers/StyleCopAnalyzers/blob/master/documentation/SA1516.md) [C:\Projects\Hazina\src\Core\AI\Hazina.AI.RAG\Hazina.AI.RAG.csproj::TargetFramework=net10.0]
C:\Projects\Hazina\src\Core\AI\Hazina.AI.RAG\Core\RAGEngine.cs(535,1): warning SA1516: Elements should be separated by blank line (https://github.com/DotNetAnalyzers/StyleCopAnalyzers/blob/master/documentation/SA1516.md) [C:\Projects\Hazina\src\Core\AI\Hazina.AI.RAG\Hazina.AI.RAG.csproj::TargetFramework=net10.0]
C:\Projects\Hazina\src\Core\AI\Hazina.AI.RAG\Core\RAGEngine.cs(536,1): warning SA1516: Elements should be separated by blank line (https://github.com/DotNetAnalyzers/StyleCopAnalyzers/blob/master/documentation/SA1516.md) [C:\Projects\Hazina\src\Core\AI\Hazina.AI.RAG\Hazina.AI.RAG.csproj::TargetFramework=net10.0]
C:\Projects\Hazina\src\Core\AI\Hazina.AI.RAG\Core\RAGEngine.cs(537,1): warning SA1516: Elements should be separated by blank line (https://github.com/DotNetAnalyzers/StyleCopAnalyzers/blob/master/documentation/SA1516.md) [C:\Projects\Hazina\src\Core\AI\Hazina.AI.RAG\Hazina.AI.RAG.csproj::TargetFramework=net10.0]
C:\Projects\Hazina\src\Core\AI\Hazina.AI.RAG\Core\RAGEngine.cs(538,1): warning SA1516: Elements should be separated by blank line (https://github.com/DotNetAnalyzers/StyleCopAnalyzers/blob/master/documentation/SA1516.md) [C:\Projects\Hazina\src\Core\AI\Hazina.AI.RAG\Hazina.AI.RAG.csproj::TargetFramework=net10.0]
C:\Projects\Hazina\src\Core\AI\Hazina.AI.RAG\Core\RAGEngine.cs(573,28): warning SA1623: The property's documentation summary text should begin with: 'Gets or sets' (https://github.com/DotNetAnalyzers/StyleCopAnalyzers/blob/master/documentation/SA1623.md) [C:\Projects\Hazina\src\Core\AI\Hazina.AI.RAG\Hazina.AI.RAG.csproj::TargetFramework=net10.0]
C:\Projects\Hazina\src\Core\AI\Hazina.AI.RAG\Core\RAGEngine.cs(579,20): warning SA1623: The property's documentation summary text should begin with: 'Gets or sets' (https://github.com/DotNetAnalyzers/StyleCopAnalyzers/blob/master/documentation/SA1623.md) [C:\Projects\Hazina\src\Core\AI\Hazina.AI.RAG\Hazina.AI.RAG.csproj::TargetFramework=net10.0]
C:\Projects\Hazina\src\Core\AI\Hazina.AI.RAG\Core\RAGEngine.cs(558,20): warning SA1623: The property's documentation summary text should begin with: 'Gets or sets' (https://github.com/DotNetAnalyzers/StyleCopAnalyzers/blob/master/documentation/SA1623.md) [C:\Projects\Hazina\src\Core\AI\Hazina.AI.RAG\Hazina.AI.RAG.csproj::TargetFramework=net10.0]
C:\Projects\Hazina\src\Core\AI\Hazina.AI.RAG\Core\RAGEngine.cs(545,17): warning SA1623: The property's documentation summary text should begin with: 'Gets or sets a value indicating whether' (https://github.com/DotNetAnalyzers/StyleCopAnalyzers/blob/master/documentation/SA1623.md) [C:\Projects\Hazina\src\Core\AI\Hazina.AI.RAG\Hazina.AI.RAG.csproj::TargetFramework=net10.0]
C:\Projects\Hazina\src\Core\AI\Hazina.AI.RAG\Core\RAGEngine.cs(552,28): warning SA1623: The property's documentation summary text should begin with: 'Gets or sets' (https://github.com/DotNetAnalyzers/StyleCopAnalyzers/blob/master/documentation/SA1623.md) [C:\Projects\Hazina\src\Core\AI\Hazina.AI.RAG\Hazina.AI.RAG.csproj::TargetFramework=net10.0]
C:\Projects\Hazina\src\Core\AI\Hazina.AI.RAG\Core\RAGEngine.cs(585,22): warning SA1623: The property's documentation summary text should begin with: 'Gets or sets' (https://github.com/DotNetAnalyzers/StyleCopAnalyzers/blob/master/documentation/SA1623.md) [C:\Projects\Hazina\src\Core\AI\Hazina.AI.RAG\Hazina.AI.RAG.csproj::TargetFramework=net10.0]
C:\Projects\Hazina\src\Core\AI\Hazina.AI.RAG\Core\RAGEngine.cs(567,17): warning SA1623: The property's documentation summary text should begin with: 'Gets or sets a value indicating whether' (https://github.com/DotNetAnalyzers/StyleCopAnalyzers/blob/master/documentation/SA1623.md) [C:\Projects\Hazina\src\Core\AI\Hazina.AI.RAG\Hazina.AI.RAG.csproj::TargetFramework=net10.0]
C:\Projects\Hazina\src\Core\AI\Hazina.AI.RAG\Embeddings\Models\LLMMetadataResponse.cs(98,21): warning MA0048: File name must match type name (https://github.com/meziantou/Meziantou.Analyzer/blob/main/docs/Rules/MA0048.md) [C:\Projects\Hazina\src\Core\AI\Hazina.AI.RAG\Hazina.AI.RAG.csproj::TargetFramework=net10.0]
C:\Projects\Hazina\src\Core\AI\Hazina.AI.RAG\Core\RAGEngine.cs(538,47): warning CA1805: Member 'RequireCitation' is explicitly initialized to its default value (https://learn.microsoft.com/dotnet/fundamentals/code-analysis/quality-rules/ca1805) [C:\Projects\Hazina\src\Core\AI\Hazina.AI.RAG\Hazina.AI.RAG.csproj::TargetFramework=net10.0]
C:\Projects\Hazina\src\Core\AI\Hazina.AI.RAG\Embeddings\Models\LLMMetadataResponse.cs(59,14): warning MA0048: File name must match type name (https://github.com/meziantou/Meziantou.Analyzer/blob/main/docs/Rules/MA0048.md) [C:\Projects\Hazina\src\Core\AI\Hazina.AI.RAG\Hazina.AI.RAG.csproj::TargetFramework=net10.0]
C:\Projects\Hazina\src\Core\AI\Hazina.AI.RAG\Embeddings\Models\LLMMetadataResponse.cs(96,55): warning SA1629: Documentation text should end with a period (https://github.com/DotNetAnalyzers/StyleCopAnalyzers/blob/master/documentation/SA1629.md) [C:\Projects\Hazina\src\Core\AI\Hazina.AI.RAG\Hazina.AI.RAG.csproj::TargetFramework=net10.0]
C:\Projects\Hazina\src\Core\AI\Hazina.AI.RAG\Embeddings\Models\LLMMetadataResponse.cs(64,32): warning CA2227: Change 'Chunks' to be read-only by removing the property setter (https://learn.microsoft.com/dotnet/fundamentals/code-analysis/quality-rules/ca2227) [C:\Projects\Hazina\src\Core\AI\Hazina.AI.RAG\Hazina.AI.RAG.csproj::TargetFramework=net10.0]
C:\Projects\Hazina\src\Core\AI\Hazina.AI.RAG\Embeddings\Models\LLMMetadataResponse.cs(64,32): warning CA1002: Change 'List<ChunkMetadata>' in 'BatchChunkMetadata.Chunks' to use 'Collection<T>', 'ReadOnlyCollection<T>' or 'KeyedCollection<K,V>' (https://learn.microsoft.com/dotnet/fundamentals/code-analysis/quality-rules/ca1002) [C:\Projects\Hazina\src\Core\AI\Hazina.AI.RAG\Hazina.AI.RAG.csproj::TargetFramework=net10.0]
C:\Projects\Hazina\src\Core\AI\Hazina.AI.RAG\Embeddings\Models\LLMMetadataResponse.cs(64,12): warning MA0016: Prefer using collection abstraction instead of implementation (https://github.com/meziantou/Meziantou.Analyzer/blob/main/docs/Rules/MA0016.md) [C:\Projects\Hazina\src\Core\AI\Hazina.AI.RAG\Hazina.AI.RAG.csproj::TargetFramework=net10.0]
C:\Projects\Hazina\src\Core\AI\Hazina.AI.RAG\Embeddings\Models\LLMMetadataResponse.cs(7,14): warning MA0048: File name must match type name (https://github.com/meziantou/Meziantou.Analyzer/blob/main/docs/Rules/MA0048.md) [C:\Projects\Hazina\src\Core\AI\Hazina.AI.RAG\Hazina.AI.RAG.csproj::TargetFramework=net10.0]
C:\Projects\Hazina\src\Core\AI\Hazina.AI.RAG\Embeddings\Models\LLMMetadataResponse.cs(27,19): warning SA1623: The property's documentation summary text should begin with: 'Gets or sets' (https://github.com/DotNetAnalyzers/StyleCopAnalyzers/blob/master/documentation/SA1623.md) [C:\Projects\Hazina\src\Core\AI\Hazina.AI.RAG\Hazina.AI.RAG.csproj::TargetFramework=net10.0]
C:\Projects\Hazina\src\Core\AI\Hazina.AI.RAG\Embeddings\Models\LLMMetadataResponse.cs(25,99): warning SA1629: Documentation text should end with a period (https://github.com/DotNetAnalyzers/StyleCopAnalyzers/blob/master/documentation/SA1629.md) [C:\Projects\Hazina\src\Core\AI\Hazina.AI.RAG\Hazina.AI.RAG.csproj::TargetFramework=net10.0]
C:\Projects\Hazina\src\Core\AI\Hazina.AI.RAG\Core\RAGEngine.cs(567,51): warning CA1805: Member 'UseCompositeScoring' is explicitly initialized to its default value (https://learn.microsoft.com/dotnet/fundamentals/code-analysis/quality-rules/ca1805) [C:\Projects\Hazina\src\Core\AI\Hazina.AI.RAG\Hazina.AI.RAG.csproj::TargetFramework=net10.0]
C:\Projects\Hazina\src\Core\AI\Hazina.AI.RAG\Embeddings\Models\LLMMetadataResponse.cs(5,53): warning SA1629: Documentation text should end with a period (https://github.com/DotNetAnalyzers/StyleCopAnalyzers/blob/master/documentation/SA1629.md) [C:\Projects\Hazina\src\Core\AI\Hazina.AI.RAG\Hazina.AI.RAG.csproj::TargetFramework=net10.0]
C:\Projects\Hazina\src\Core\AI\Hazina.AI.RAG\Embeddings\Models\LLMMetadataResponse.cs(39,25): warning CA2227: Change 'ReferencedTopics' to be read-only by removing the property setter (https://learn.microsoft.com/dotnet/fundamentals/code-analysis/quality-rules/ca2227) [C:\Projects\Hazina\src\Core\AI\Hazina.AI.RAG\Hazina.AI.RAG.csproj::TargetFramework=net10.0]
C:\Projects\Hazina\src\Core\AI\Hazina.AI.RAG\Embeddings\Models\LLMMetadataResponse.cs(39,25): warning CA1002: Change 'List<string>' in 'ChunkMetadata.ReferencedTopics' to use 'Collection<T>', 'ReadOnlyCollection<T>' or 'KeyedCollection<K,V>' (https://learn.microsoft.com/dotnet/fundamentals/code-analysis/quality-rules/ca1002) [C:\Projects\Hazina\src\Core\AI\Hazina.AI.RAG\Hazina.AI.RAG.csproj::TargetFramework=net10.0]
C:\Projects\Hazina\src\Core\AI\Hazina.AI.RAG\Embeddings\Models\LLMMetadataResponse.cs(64,32): warning SA1623: The property's documentation summary text should begin with: 'Gets or sets' (https://github.com/DotNetAnalyzers/StyleCopAnalyzers/blob/master/documentation/SA1623.md) [C:\Projects\Hazina\src\Core\AI\Hazina.AI.RAG\Hazina.AI.RAG.csproj::TargetFramework=net10.0]
C:\Projects\Hazina\src\Core\AI\Hazina.AI.RAG\Embeddings\Models\LLMMetadataResponse.cs(33,16): warning SA1623: The property's documentation summary text should begin with: 'Gets or sets' (https://github.com/DotNetAnalyzers/StyleCopAnalyzers/blob/master/documentation/SA1623.md) [C:\Projects\Hazina\src\Core\AI\Hazina.AI.RAG\Hazina.AI.RAG.csproj::TargetFramework=net10.0]
C:\Projects\Hazina\src\Core\AI\Hazina.AI.RAG\Embeddings\Models\LLMMetadataResponse.cs(31,49): warning SA1629: Documentation text should end with a period (https://github.com/DotNetAnalyzers/StyleCopAnalyzers/blob/master/documentation/SA1629.md) [C:\Projects\Hazina\src\Core\AI\Hazina.AI.RAG\Hazina.AI.RAG.csproj::TargetFramework=net10.0]
C:\Projects\Hazina\src\Core\AI\Hazina.AI.RAG\Embeddings\Models\LLMMetadataResponse.cs(62,72): warning SA1629: Documentation text should end with a period (https://github.com/DotNetAnalyzers/StyleCopAnalyzers/blob/master/documentation/SA1629.md) [C:\Projects\Hazina\src\Core\AI\Hazina.AI.RAG\Hazina.AI.RAG.csproj::TargetFramework=net10.0]
C:\Projects\Hazina\src\Core\AI\Hazina.AI.RAG\Embeddings\Models\LLMMetadataResponse.cs(57,80): warning SA1629: Documentation text should end with a period (https://github.com/DotNetAnalyzers/StyleCopAnalyzers/blob/master/documentation/SA1629.md) [C:\Projects\Hazina\src\Core\AI\Hazina.AI.RAG\Hazina.AI.RAG.csproj::TargetFramework=net10.0]
C:\Projects\Hazina\src\Core\AI\Hazina.AI.RAG\Embeddings\Models\LLMMetadataResponse.cs(39,12): warning MA0016: Prefer using collection abstraction instead of implementation (https://github.com/meziantou/Meziantou.Analyzer/blob/main/docs/Rules/MA0016.md) [C:\Projects\Hazina\src\Core\AI\Hazina.AI.RAG\Hazina.AI.RAG.csproj::TargetFramework=net10.0]
C:\Projects\Hazina\src\Core\AI\Hazina.AI.RAG\Embeddings\Models\LLMMetadataResponse.cs(39,25): warning SA1623: The property's documentation summary text should begin with: 'Gets or sets' (https://github.com/DotNetAnalyzers/StyleCopAnalyzers/blob/master/documentation/SA1623.md) [C:\Projects\Hazina\src\Core\AI\Hazina.AI.RAG\Hazina.AI.RAG.csproj::TargetFramework=net10.0]
C:\Projects\Hazina\src\Core\AI\Hazina.AI.RAG\Embeddings\Models\LLMMetadataResponse.cs(37,52): warning SA1629: Documentation text should end with a period (https://github.com/DotNetAnalyzers/StyleCopAnalyzers/blob/master/documentation/SA1629.md) [C:\Projects\Hazina\src\Core\AI\Hazina.AI.RAG\Hazina.AI.RAG.csproj::TargetFramework=net10.0]
C:\Projects\Hazina\src\Core\AI\Hazina.AI.RAG\Embeddings\Models\LLMMetadataResponse.cs(17,19): warning SA1623: The property's documentation summary text should begin with: 'Gets or sets' (https://github.com/DotNetAnalyzers/StyleCopAnalyzers/blob/master/documentation/SA1623.md) [C:\Projects\Hazina\src\Core\AI\Hazina.AI.RAG\Hazina.AI.RAG.csproj::TargetFramework=net10.0]
C:\Projects\Hazina\src\Core\AI\Hazina.AI.RAG\Embeddings\Models\LLMMetadataResponse.cs(15,53): warning SA1629: Documentation text should end with a period (https://github.com/DotNetAnalyzers/StyleCopAnalyzers/blob/master/documentation/SA1629.md) [C:\Projects\Hazina\src\Core\AI\Hazina.AI.RAG\Hazina.AI.RAG.csproj::TargetFramework=net10.0]
C:\Projects\Hazina\src\Core\AI\Hazina.AI.RAG\Embeddings\Models\LLMMetadataResponse.cs(115,32): warning CA1002: Change 'List<string>' in 'SectionTypes.All' to use 'Collection<T>', 'ReadOnlyCollection<T>' or 'KeyedCollection<K,V>' (https://learn.microsoft.com/dotnet/fundamentals/code-analysis/quality-rules/ca1002) [C:\Projects\Hazina\src\Core\AI\Hazina.AI.RAG\Hazina.AI.RAG.csproj::TargetFramework=net10.0]
C:\Projects\Hazina\src\Core\AI\Hazina.AI.RAG\Embeddings\Models\LLMMetadataResponse.cs(115,19): warning MA0016: Prefer using collection abstraction instead of implementation (https://github.com/meziantou/Meziantou.Analyzer/blob/main/docs/Rules/MA0016.md) [C:\Projects\Hazina\src\Core\AI\Hazina.AI.RAG\Hazina.AI.RAG.csproj::TargetFramework=net10.0]
C:\Projects\Hazina\src\Core\AI\Hazina.AI.RAG\Embeddings\BasicMetadataExtractor.cs(10,15): warning SA1629: Documentation text should end with a period (https://github.com/DotNetAnalyzers/StyleCopAnalyzers/blob/master/documentation/SA1629.md) [C:\Projects\Hazina\src\Core\AI\Hazina.AI.RAG\Hazina.AI.RAG.csproj::TargetFramework=net10.0]
C:\Projects\Hazina\src\Core\AI\Hazina.AI.RAG\Embeddings\Models\LLMMetadataResponse.cs(22,25): warning CA2227: Change 'Keywords' to be read-only by removing the property setter (https://learn.microsoft.com/dotnet/fundamentals/code-analysis/quality-rules/ca2227) [C:\Projects\Hazina\src\Core\AI\Hazina.AI.RAG\Hazina.AI.RAG.csproj::TargetFramework=net10.0]
C:\Projects\Hazina\src\Core\AI\Hazina.AI.RAG\Embeddings\Models\LLMMetadataResponse.cs(22,25): warning CA1002: Change 'List<string>' in 'ChunkMetadata.Keywords' to use 'Collection<T>', 'ReadOnlyCollection<T>' or 'KeyedCollection<K,V>' (https://learn.microsoft.com/dotnet/fundamentals/code-analysis/quality-rules/ca1002) [C:\Projects\Hazina\src\Core\AI\Hazina.AI.RAG\Hazina.AI.RAG.csproj::TargetFramework=net10.0]
C:\Projects\Hazina\src\Core\AI\Hazina.AI.RAG\Embeddings\Models\LLMMetadataResponse.cs(22,12): warning MA0016: Prefer using collection abstraction instead of implementation (https://github.com/meziantou/Meziantou.Analyzer/blob/main/docs/Rules/MA0016.md) [C:\Projects\Hazina\src\Core\AI\Hazina.AI.RAG\Hazina.AI.RAG.csproj::TargetFramework=net10.0]
C:\Projects\Hazina\src\Core\AI\Hazina.AI.RAG\Embeddings\Models\LLMMetadataResponse.cs(12,19): warning SA1623: The property's documentation summary text should begin with: 'Gets or sets' (https://github.com/DotNetAnalyzers/StyleCopAnalyzers/blob/master/documentation/SA1623.md) [C:\Projects\Hazina\src\Core\AI\Hazina.AI.RAG\Hazina.AI.RAG.csproj::TargetFramework=net10.0]
C:\Projects\Hazina\src\Core\AI\Hazina.AI.RAG\Embeddings\Models\LLMMetadataResponse.cs(10,54): warning SA1629: Documentation text should end with a period (https://github.com/DotNetAnalyzers/StyleCopAnalyzers/blob/master/documentation/SA1629.md) [C:\Projects\Hazina\src\Core\AI\Hazina.AI.RAG\Hazina.AI.RAG.csproj::TargetFramework=net10.0]
C:\Projects\Hazina\src\Core\AI\Hazina.AI.RAG\Embeddings\Models\LLMMetadataResponse.cs(22,25): warning SA1623: The property's documentation summary text should begin with: 'Gets or sets' (https://github.com/DotNetAnalyzers/StyleCopAnalyzers/blob/master/documentation/SA1623.md) [C:\Projects\Hazina\src\Core\AI\Hazina.AI.RAG\Hazina.AI.RAG.csproj::TargetFramework=net10.0]
C:\Projects\Hazina\src\Core\AI\Hazina.AI.RAG\Embeddings\Models\LLMMetadataResponse.cs(20,42): warning SA1629: Documentation text should end with a period (https://github.com/DotNetAnalyzers/StyleCopAnalyzers/blob/master/documentation/SA1629.md) [C:\Projects\Hazina\src\Core\AI\Hazina.AI.RAG\Hazina.AI.RAG.csproj::TargetFramework=net10.0]
C:\Projects\Hazina\src\Core\AI\Hazina.AI.RAG\Embeddings\SemanticChunkingOptions.cs(36,16): warning SA1623: The property's documentation summary text should begin with: 'Gets or sets' (https://github.com/DotNetAnalyzers/StyleCopAnalyzers/blob/master/documentation/SA1623.md) [C:\Projects\Hazina\src\Core\AI\Hazina.AI.RAG\Hazina.AI.RAG.csproj::TargetFramework=net10.0]
C:\Projects\Hazina\src\Core\AI\Hazina.AI.RAG\Embeddings\SemanticChunkingOptions.cs(34,20): warning SA1629: Documentation text should end with a period (https://github.com/DotNetAnalyzers/StyleCopAnalyzers/blob/master/documentation/SA1629.md) [C:\Projects\Hazina\src\Core\AI\Hazina.AI.RAG\Hazina.AI.RAG.csproj::TargetFramework=net10.0]
C:\Projects\Hazina\src\Core\AI\Hazina.AI.RAG\Extensions\DocumentStoreSemanticExtensions.cs(41,36): warning S4136: All 'StoreWithSemanticChunking' method overloads should be adjacent. (https://rules.sonarsource.com/csharp/RSPEC-4136) [C:\Projects\Hazina\src\Core\AI\Hazina.AI.RAG\Hazina.AI.RAG.csproj::TargetFramework=net10.0]
C:\Projects\Hazina\src\Core\AI\Hazina.AI.RAG\Embeddings\SemanticChunkingOptions.cs(90,16): warning SA1623: The property's documentation summary text should begin with: 'Gets or sets' (https://github.com/DotNetAnalyzers/StyleCopAnalyzers/blob/master/documentation/SA1623.md) [C:\Projects\Hazina\src\Core\AI\Hazina.AI.RAG\Hazina.AI.RAG.csproj::TargetFramework=net10.0]
C:\Projects\Hazina\src\Core\AI\Hazina.AI.RAG\Embeddings\SemanticChunkingOptions.cs(88,21): warning SA1629: Documentation text should end with a period (https://github.com/DotNetAnalyzers/StyleCopAnalyzers/blob/master/documentation/SA1629.md) [C:\Projects\Hazina\src\Core\AI\Hazina.AI.RAG\Hazina.AI.RAG.csproj::TargetFramework=net10.0]
C:\Projects\Hazina\src\Core\AI\Hazina.AI.RAG\Embeddings\SemanticChunkingOptions.cs(4,65): warning SA1629: Documentation text should end with a period (https://github.com/DotNetAnalyzers/StyleCopAnalyzers/blob/master/documentation/SA1629.md) [C:\Projects\Hazina\src\Core\AI\Hazina.AI.RAG\Hazina.AI.RAG.csproj::TargetFramework=net10.0]
C:\Projects\Hazina\src\Core\AI\Hazina.AI.RAG\Embeddings\SemanticChunkingOptions.cs(56,19): warning SA1623: The property's documentation summary text should begin with: 'Gets or sets' (https://github.com/DotNetAnalyzers/StyleCopAnalyzers/blob/master/documentation/SA1623.md) [C:\Projects\Hazina\src\Core\AI\Hazina.AI.RAG\Hazina.AI.RAG.csproj::TargetFramework=net10.0]
C:\Projects\Hazina\src\Core\AI\Hazina.AI.RAG\Embeddings\SemanticChunkingOptions.cs(54,22): warning SA1629: Documentation text should end with a period (https://github.com/DotNetAnalyzers/StyleCopAnalyzers/blob/master/documentation/SA1629.md) [C:\Projects\Hazina\src\Core\AI\Hazina.AI.RAG\Hazina.AI.RAG.csproj::TargetFramework=net10.0]
C:\Projects\Hazina\src\Core\AI\Hazina.AI.RAG\Embeddings\ContentTypeDetector.cs(1,1): warning SA1633: The file header is missing or not located at the top of the file. (https://github.com/DotNetAnalyzers/StyleCopAnalyzers/blob/master/documentation/SA1633.md) [C:\Projects\Hazina\src\Core\AI\Hazina.AI.RAG\Hazina.AI.RAG.csproj::TargetFramework=net10.0]
C:\Projects\Hazina\src\Core\AI\Hazina.AI.RAG\Embeddings\SemanticChunkingOptions.cs(97,16): warning SA1623: The property's documentation summary text should begin with: 'Gets or sets' (https://github.com/DotNetAnalyzers/StyleCopAnalyzers/blob/master/documentation/SA1623.md) [C:\Projects\Hazina\src\Core\AI\Hazina.AI.RAG\Hazina.AI.RAG.csproj::TargetFramework=net10.0]
C:\Projects\Hazina\src\Core\AI\Hazina.AI.RAG\Embeddings\SemanticChunkingOptions.cs(95,22): warning SA1629: Documentation text should end with a period (https://github.com/DotNetAnalyzers/StyleCopAnalyzers/blob/master/documentation/SA1629.md) [C:\Projects\Hazina\src\Core\AI\Hazina.AI.RAG\Hazina.AI.RAG.csproj::TargetFramework=net10.0]
C:\Projects\Hazina\src\Core\AI\Hazina.AI.RAG\Embeddings\SemanticChunkingOptions.cs(106,17): warning SA1623: The property's documentation summary text should begin with: 'Gets or sets' (https://github.com/DotNetAnalyzers/StyleCopAnalyzers/blob/master/documentation/SA1623.md) [C:\Projects\Hazina\src\Core\AI\Hazina.AI.RAG\Hazina.AI.RAG.csproj::TargetFramework=net10.0]
C:\Projects\Hazina\src\Core\AI\Hazina.AI.RAG\Embeddings\SemanticChunkingOptions.cs(104,21): warning SA1629: Documentation text should end with a period (https://github.com/DotNetAnalyzers/StyleCopAnalyzers/blob/master/documentation/SA1629.md) [C:\Projects\Hazina\src\Core\AI\Hazina.AI.RAG\Hazina.AI.RAG.csproj::TargetFramework=net10.0]
C:\Projects\Hazina\src\Core\AI\Hazina.AI.RAG\Embeddings\SemanticChunkingOptions.cs(114,17): warning SA1623: The property's documentation summary text should begin with: 'Gets or sets a value indicating whether' (https://github.com/DotNetAnalyzers/StyleCopAnalyzers/blob/master/documentation/SA1623.md) [C:\Projects\Hazina\src\Core\AI\Hazina.AI.RAG\Hazina.AI.RAG.csproj::TargetFramework=net10.0]
C:\Projects\Hazina\src\Core\AI\Hazina.AI.RAG\Embeddings\SemanticChunkingOptions.cs(112,22): warning SA1629: Documentation text should end with a period (https://github.com/DotNetAnalyzers/StyleCopAnalyzers/blob/master/documentation/SA1629.md) [C:\Projects\Hazina\src\Core\AI\Hazina.AI.RAG\Hazina.AI.RAG.csproj::TargetFramework=net10.0]
C:\Projects\Hazina\src\Core\AI\Hazina.AI.RAG\Embeddings\SemanticChunkingOptions.cs(43,17): warning SA1623: The property's documentation summary text should begin with: 'Gets or sets' (https://github.com/DotNetAnalyzers/StyleCopAnalyzers/blob/master/documentation/SA1623.md) [C:\Projects\Hazina\src\Core\AI\Hazina.AI.RAG\Hazina.AI.RAG.csproj::TargetFramework=net10.0]
C:\Projects\Hazina\src\Core\AI\Hazina.AI.RAG\Embeddings\SemanticChunkingOptions.cs(41,22): warning SA1629: Documentation text should end with a period (https://github.com/DotNetAnalyzers/StyleCopAnalyzers/blob/master/documentation/SA1629.md) [C:\Projects\Hazina\src\Core\AI\Hazina.AI.RAG\Hazina.AI.RAG.csproj::TargetFramework=net10.0]
C:\Projects\Hazina\src\Core\AI\Hazina.AI.RAG\Embeddings\SemanticChunkingOptions.cs(43,49): warning CA1805: Member 'MaxSentenceLength' is explicitly initialized to its default value (https://learn.microsoft.com/dotnet/fundamentals/code-analysis/quality-rules/ca1805) [C:\Projects\Hazina\src\Core\AI\Hazina.AI.RAG\Hazina.AI.RAG.csproj::TargetFramework=net10.0]
C:\Projects\Hazina\src\Core\AI\Hazina.AI.RAG\Embeddings\SemanticChunkingOptions.cs(123,35): warning SA1623: The property's documentation summary text should begin with: 'Gets or sets' (https://github.com/DotNetAnalyzers/StyleCopAnalyzers/blob/master/documentation/SA1623.md) [C:\Projects\Hazina\src\Core\AI\Hazina.AI.RAG\Hazina.AI.RAG.csproj::TargetFramework=net10.0]
C:\Projects\Hazina\src\Core\AI\Hazina.AI.RAG\Embeddings\SemanticChunkingOptions.cs(121,30): warning SA1629: Documentation text should end with a period (https://github.com/DotNetAnalyzers/StyleCopAnalyzers/blob/master/documentation/SA1629.md) [C:\Projects\Hazina\src\Core\AI\Hazina.AI.RAG\Hazina.AI.RAG.csproj::TargetFramework=net10.0]
C:\Projects\Hazina\src\Core\AI\Hazina.AI.RAG\Embeddings\SemanticChunkingOptions.cs(139,20): warning SA1623: The property's documentation summary text should begin with: 'Gets or sets' (https://github.com/DotNetAnalyzers/StyleCopAnalyzers/blob/master/documentation/SA1623.md) [C:\Projects\Hazina\src\Core\AI\Hazina.AI.RAG\Hazina.AI.RAG.csproj::TargetFramework=net10.0]
C:\Projects\Hazina\src\Core\AI\Hazina.AI.RAG\Embeddings\SemanticChunkingOptions.cs(137,22): warning SA1629: Documentation text should end with a period (https://github.com/DotNetAnalyzers/StyleCopAnalyzers/blob/master/documentation/SA1629.md) [C:\Projects\Hazina\src\Core\AI\Hazina.AI.RAG\Hazina.AI.RAG.csproj::TargetFramework=net10.0]
C:\Projects\Hazina\src\Core\AI\Hazina.AI.RAG\Embeddings\SemanticChunkingOptions.cs(131,17): warning SA1623: The property's documentation summary text should begin with: 'Gets or sets a value indicating whether' (https://github.com/DotNetAnalyzers/StyleCopAnalyzers/blob/master/documentation/SA1623.md) [C:\Projects\Hazina\src\Core\AI\Hazina.AI.RAG\Hazina.AI.RAG.csproj::TargetFramework=net10.0]
C:\Projects\Hazina\src\Core\AI\Hazina.AI.RAG\Embeddings\SemanticChunkingOptions.cs(139,51): warning CA1805: Member 'LLMMetadataModel' is explicitly initialized to its default value (https://learn.microsoft.com/dotnet/fundamentals/code-analysis/quality-rules/ca1805) [C:\Projects\Hazina\src\Core\AI\Hazina.AI.RAG\Hazina.AI.RAG.csproj::TargetFramework=net10.0]
C:\Projects\Hazina\src\Core\AI\Hazina.AI.RAG\Embeddings\SemanticChunkingOptions.cs(129,23): warning SA1629: Documentation text should end with a period (https://github.com/DotNetAnalyzers/StyleCopAnalyzers/blob/master/documentation/SA1629.md) [C:\Projects\Hazina\src\Core\AI\Hazina.AI.RAG\Hazina.AI.RAG.csproj::TargetFramework=net10.0]
C:\Projects\Hazina\src\Core\AI\Hazina.AI.RAG\Embeddings\SemanticChunkingOptions.cs(81,16): warning SA1623: The property's documentation summary text should begin with: 'Gets or sets' (https://github.com/DotNetAnalyzers/StyleCopAnalyzers/blob/master/documentation/SA1623.md) [C:\Projects\Hazina\src\Core\AI\Hazina.AI.RAG\Hazina.AI.RAG.csproj::TargetFramework=net10.0]
C:\Projects\Hazina\src\Core\AI\Hazina.AI.RAG\Embeddings\SemanticChunkingOptions.cs(79,19): warning SA1629: Documentation text should end with a period (https://github.com/DotNetAnalyzers/StyleCopAnalyzers/blob/master/documentation/SA1629.md) [C:\Projects\Hazina\src\Core\AI\Hazina.AI.RAG\Hazina.AI.RAG.csproj::TargetFramework=net10.0]
C:\Projects\Hazina\src\Core\AI\Hazina.AI.RAG\Embeddings\SemanticChunkingOptions.cs(131,46): warning CA1805: Member 'UseLLMMetadata' is explicitly initialized to its default value (https://learn.microsoft.com/dotnet/fundamentals/code-analysis/quality-rules/ca1805) [C:\Projects\Hazina\src\Core\AI\Hazina.AI.RAG\Hazina.AI.RAG.csproj::TargetFramework=net10.0]
C:\Projects\Hazina\src\Core\AI\Hazina.AI.RAG\Embeddings\SemanticChunkingOptions.cs(74,17): warning SA1623: The property's documentation summary text should begin with: 'Gets or sets a value indicating whether' (https://github.com/DotNetAnalyzers/StyleCopAnalyzers/blob/master/documentation/SA1623.md) [C:\Projects\Hazina\src\Core\AI\Hazina.AI.RAG\Hazina.AI.RAG.csproj::TargetFramework=net10.0]
C:\Projects\Hazina\src\Core\AI\Hazina.AI.RAG\Embeddings\SemanticChunkingOptions.cs(72,23): warning SA1629: Documentation text should end with a period (https://github.com/DotNetAnalyzers/StyleCopAnalyzers/blob/master/documentation/SA1629.md) [C:\Projects\Hazina\src\Core\AI\Hazina.AI.RAG\Hazina.AI.RAG.csproj::TargetFramework=net10.0]
C:\Projects\Hazina\src\Core\AI\Hazina.AI.RAG\Embeddings\SemanticChunkingOptions.cs(74,49): warning CA1805: Member 'UseRollingAverage' is explicitly initialized to its default value (https://learn.microsoft.com/dotnet/fundamentals/code-analysis/quality-rules/ca1805) [C:\Projects\Hazina\src\Core\AI\Hazina.AI.RAG\Hazina.AI.RAG.csproj::TargetFramework=net10.0]
C:\Projects\Hazina\src\Core\AI\Hazina.AI.RAG\Embeddings\SemanticChunkingOptions.cs(171,16): warning SA1623: The property's documentation summary text should begin with: 'Gets or sets' (https://github.com/DotNetAnalyzers/StyleCopAnalyzers/blob/master/documentation/SA1623.md) [C:\Projects\Hazina\src\Core\AI\Hazina.AI.RAG\Hazina.AI.RAG.csproj::TargetFramework=net10.0]
C:\Projects\Hazina\src\Core\AI\Hazina.AI.RAG\Embeddings\SemanticChunkingOptions.cs(164,17): warning SA1623: The property's documentation summary text should begin with: 'Gets or sets a value indicating whether' (https://github.com/DotNetAnalyzers/StyleCopAnalyzers/blob/master/documentation/SA1623.md) [C:\Projects\Hazina\src\Core\AI\Hazina.AI.RAG\Hazina.AI.RAG.csproj::TargetFramework=net10.0]
C:\Projects\Hazina\src\Core\AI\Hazina.AI.RAG\Embeddings\SemanticChunkingOptions.cs(169,23): warning SA1629: Documentation text should end with a period (https://github.com/DotNetAnalyzers/StyleCopAnalyzers/blob/master/documentation/SA1629.md) [C:\Projects\Hazina\src\Core\AI\Hazina.AI.RAG\Hazina.AI.RAG.csproj::TargetFramework=net10.0]
C:\Projects\Hazina\src\Core\AI\Hazina.AI.RAG\Embeddings\SemanticChunkingOptions.cs(162,23): warning SA1629: Documentation text should end with a period (https://github.com/DotNetAnalyzers/StyleCopAnalyzers/blob/master/documentation/SA1629.md) [C:\Projects\Hazina\src\Core\AI\Hazina.AI.RAG\Hazina.AI.RAG.csproj::TargetFramework=net10.0]
C:\Projects\Hazina\src\Core\AI\Hazina.AI.RAG\Embeddings\SemanticChunkingOptions.cs(66,19): warning SA1623: The property's documentation summary text should begin with: 'Gets or sets' (https://github.com/DotNetAnalyzers/StyleCopAnalyzers/blob/master/documentation/SA1623.md) [C:\Projects\Hazina\src\Core\AI\Hazina.AI.RAG\Hazina.AI.RAG.csproj::TargetFramework=net10.0]
C:\Projects\Hazina\src\Core\AI\Hazina.AI.RAG\Embeddings\SemanticChunkingOptions.cs(164,55): warning CA1805: Member 'UseHierarchicalChunking' is explicitly initialized to its default value (https://learn.microsoft.com/dotnet/fundamentals/code-analysis/quality-rules/ca1805) [C:\Projects\Hazina\src\Core\AI\Hazina.AI.RAG\Hazina.AI.RAG.csproj::TargetFramework=net10.0]
C:\Projects\Hazina\src\Core\AI\Hazina.AI.RAG\Embeddings\SemanticChunkingOptions.cs(64,22): warning SA1629: Documentation text should end with a period (https://github.com/DotNetAnalyzers/StyleCopAnalyzers/blob/master/documentation/SA1629.md) [C:\Projects\Hazina\src\Core\AI\Hazina.AI.RAG\Hazina.AI.RAG.csproj::TargetFramework=net10.0]
C:\Projects\Hazina\src\Core\AI\Hazina.AI.RAG\Embeddings\SemanticChunkingOptions.cs(20,33): warning SA1623: The property's documentation summary text should begin with: 'Gets or sets' (https://github.com/DotNetAnalyzers/StyleCopAnalyzers/blob/master/documentation/SA1623.md) [C:\Projects\Hazina\src\Core\AI\Hazina.AI.RAG\Hazina.AI.RAG.csproj::TargetFramework=net10.0]
C:\Projects\Hazina\src\Core\AI\Hazina.AI.RAG\Embeddings\SemanticChunkingOptions.cs(18,45): warning SA1629: Documentation text should end with a period (https://github.com/DotNetAnalyzers/StyleCopAnalyzers/blob/master/documentation/SA1629.md) [C:\Projects\Hazina\src\Core\AI\Hazina.AI.RAG\Hazina.AI.RAG.csproj::TargetFramework=net10.0]
C:\Projects\Hazina\src\Core\AI\Hazina.AI.RAG\Embeddings\SemanticChunkingOptions.cs(178,16): warning SA1623: The property's documentation summary text should begin with: 'Gets or sets' (https://github.com/DotNetAnalyzers/StyleCopAnalyzers/blob/master/documentation/SA1623.md) [C:\Projects\Hazina\src\Core\AI\Hazina.AI.RAG\Hazina.AI.RAG.csproj::TargetFramework=net10.0]
C:\Projects\Hazina\src\Core\AI\Hazina.AI.RAG\Embeddings\SemanticChunkingOptions.cs(176,22): warning SA1629: Documentation text should end with a period (https://github.com/DotNetAnalyzers/StyleCopAnalyzers/blob/master/documentation/SA1629.md) [C:\Projects\Hazina\src\Core\AI\Hazina.AI.RAG\Hazina.AI.RAG.csproj::TargetFramework=net10.0]
C:\Projects\Hazina\src\Core\AI\Hazina.AI.RAG\Embeddings\SemanticChunkingOptions.cs(212,17): warning SA1623: The property's documentation summary text should begin with: 'Gets or sets a value indicating whether' (https://github.com/DotNetAnalyzers/StyleCopAnalyzers/blob/master/documentation/SA1623.md) [C:\Projects\Hazina\src\Core\AI\Hazina.AI.RAG\Hazina.AI.RAG.csproj::TargetFramework=net10.0]
C:\Projects\Hazina\src\Core\AI\Hazina.AI.RAG\Embeddings\SemanticChunkingOptions.cs(205,29): warning SA1623: The property's documentation summary text should begin with: 'Gets or sets' (https://github.com/DotNetAnalyzers/StyleCopAnalyzers/blob/master/documentation/SA1623.md) [C:\Projects\Hazina\src\Core\AI\Hazina.AI.RAG\Hazina.AI.RAG.csproj::TargetFramework=net10.0]
C:\Projects\Hazina\src\Core\AI\Hazina.AI.RAG\Embeddings\SemanticChunkingOptions.cs(210,22): warning SA1629: Documentation text should end with a period (https://github.com/DotNetAnalyzers/StyleCopAnalyzers/blob/master/documentation/SA1629.md) [C:\Projects\Hazina\src\Core\AI\Hazina.AI.RAG\Hazina.AI.RAG.csproj::TargetFramework=net10.0]
C:\Projects\Hazina\src\Core\AI\Hazina.AI.RAG\Embeddings\SemanticChunkingOptions.cs(203,27): warning SA1629: Documentation text should end with a period (https://github.com/DotNetAnalyzers/StyleCopAnalyzers/blob/master/documentation/SA1629.md) [C:\Projects\Hazina\src\Core\AI\Hazina.AI.RAG\Hazina.AI.RAG.csproj::TargetFramework=net10.0]
C:\Projects\Hazina\src\Core\AI\Hazina.AI.RAG\Embeddings\SemanticChunkingOptions.cs(197,35): warning SA1623: The property's documentation summary text should begin with: 'Gets or sets' (https://github.com/DotNetAnalyzers/StyleCopAnalyzers/blob/master/documentation/SA1623.md) [C:\Projects\Hazina\src\Core\AI\Hazina.AI.RAG\Hazina.AI.RAG.csproj::TargetFramework=net10.0]
C:\Projects\Hazina\src\Core\AI\Hazina.AI.RAG\Embeddings\SemanticChunkingOptions.cs(195,35): warning SA1629: Documentation text should end with a period (https://github.com/DotNetAnalyzers/StyleCopAnalyzers/blob/master/documentation/SA1629.md) [C:\Projects\Hazina\src\Core\AI\Hazina.AI.RAG\Hazina.AI.RAG.csproj::TargetFramework=net10.0]
C:\Projects\Hazina\src\Core\AI\Hazina.AI.RAG\Embeddings\SemanticChunkingOptions.cs(189,17): warning SA1623: The property's documentation summary text should begin with: 'Gets or sets a value indicating whether' (https://github.com/DotNetAnalyzers/StyleCopAnalyzers/blob/master/documentation/SA1623.md) [C:\Projects\Hazina\src\Core\AI\Hazina.AI.RAG\Hazina.AI.RAG.csproj::TargetFramework=net10.0]
C:\Projects\Hazina\src\Core\AI\Hazina.AI.RAG\Embeddings\SemanticChunkingOptions.cs(187,65): warning SA1629: Documentation text should end with a period (https://github.com/DotNetAnalyzers/StyleCopAnalyzers/blob/master/documentation/SA1629.md) [C:\Projects\Hazina\src\Core\AI\Hazina.AI.RAG\Hazina.AI.RAG.csproj::TargetFramework=net10.0]
C:\Projects\Hazina\src\Core\AI\Hazina.AI.RAG\Embeddings\SemanticChunkingOptions.cs(220,33): warning SA1623: The property's documentation summary text should begin with: 'Gets or sets' (https://github.com/DotNetAnalyzers/StyleCopAnalyzers/blob/master/documentation/SA1623.md) [C:\Projects\Hazina\src\Core\AI\Hazina.AI.RAG\Hazina.AI.RAG.csproj::TargetFramework=net10.0]
C:\Projects\Hazina\src\Core\AI\Hazina.AI.RAG\Embeddings\SemanticChunkingOptions.cs(218,36): warning SA1629: Documentation text should end with a period (https://github.com/DotNetAnalyzers/StyleCopAnalyzers/blob/master/documentation/SA1629.md) [C:\Projects\Hazina\src\Core\AI\Hazina.AI.RAG\Hazina.AI.RAG.csproj::TargetFramework=net10.0]
C:\Projects\Hazina\src\Core\AI\Hazina.AI.RAG\Embeddings\SemanticChunkingOptions.cs(226,16): warning SA1623: The property's documentation summary text should begin with: 'Gets or sets' (https://github.com/DotNetAnalyzers/StyleCopAnalyzers/blob/master/documentation/SA1623.md) [C:\Projects\Hazina\src\Core\AI\Hazina.AI.RAG\Hazina.AI.RAG.csproj::TargetFramework=net10.0]
C:\Projects\Hazina\src\Core\AI\Hazina.AI.RAG\Embeddings\SemanticChunkingOptions.cs(224,19): warning SA1629: Documentation text should end with a period (https://github.com/DotNetAnalyzers/StyleCopAnalyzers/blob/master/documentation/SA1629.md) [C:\Projects\Hazina\src\Core\AI\Hazina.AI.RAG\Hazina.AI.RAG.csproj::TargetFramework=net10.0]
C:\Projects\Hazina\src\Core\AI\Hazina.AI.RAG\Embeddings\SemanticChunkingOptions.cs(220,59): warning CA1805: Member 'ContentType' is explicitly initialized to its default value (https://learn.microsoft.com/dotnet/fundamentals/code-analysis/quality-rules/ca1805) [C:\Projects\Hazina\src\Core\AI\Hazina.AI.RAG\Hazina.AI.RAG.csproj::TargetFramework=net10.0]
C:\Projects\Hazina\src\Core\AI\Hazina.AI.RAG\Embeddings\SemanticChunkingOptions.cs(147,17): warning SA1623: The property's documentation summary text should begin with: 'Gets or sets a value indicating whether' (https://github.com/DotNetAnalyzers/StyleCopAnalyzers/blob/master/documentation/SA1623.md) [C:\Projects\Hazina\src\Core\AI\Hazina.AI.RAG\Hazina.AI.RAG.csproj::TargetFramework=net10.0]
C:\Projects\Hazina\src\Core\AI\Hazina.AI.RAG\Embeddings\SemanticChunkingOptions.cs(145,22): warning SA1629: Documentation text should end with a period (https://github.com/DotNetAnalyzers/StyleCopAnalyzers/blob/master/documentation/SA1629.md) [C:\Projects\Hazina\src\Core\AI\Hazina.AI.RAG\Hazina.AI.RAG.csproj::TargetFramework=net10.0]
C:\Projects\Hazina\src\Core\AI\Hazina.AI.RAG\Embeddings\SemanticChunkingOptions.cs(232,13): warning MA0048: File name must match type name (https://github.com/meziantou/Meziantou.Analyzer/blob/main/docs/Rules/MA0048.md) [C:\Projects\Hazina\src\Core\AI\Hazina.AI.RAG\Hazina.AI.RAG.csproj::TargetFramework=net10.0]
C:\Projects\Hazina\src\Core\AI\Hazina.AI.RAG\Embeddings\SemanticChunkingOptions.cs(259,13): warning MA0048: File name must match type name (https://github.com/meziantou/Meziantou.Analyzer/blob/main/docs/Rules/MA0048.md) [C:\Projects\Hazina\src\Core\AI\Hazina.AI.RAG\Hazina.AI.RAG.csproj::TargetFramework=net10.0]
C:\Projects\Hazina\src\Core\AI\Hazina.AI.RAG\Embeddings\SemanticChunkingOptions.cs(244,45): warning SA1629: Documentation text should end with a period (https://github.com/DotNetAnalyzers/StyleCopAnalyzers/blob/master/documentation/SA1629.md) [C:\Projects\Hazina\src\Core\AI\Hazina.AI.RAG\Hazina.AI.RAG.csproj::TargetFramework=net10.0]
C:\Projects\Hazina\src\Core\AI\Hazina.AI.RAG\Embeddings\SemanticChunkingOptions.cs(237,63): warning SA1629: Documentation text should end with a period (https://github.com/DotNetAnalyzers/StyleCopAnalyzers/blob/master/documentation/SA1629.md) [C:\Projects\Hazina\src\Core\AI\Hazina.AI.RAG\Hazina.AI.RAG.csproj::TargetFramework=net10.0]
C:\Projects\Hazina\src\Core\AI\Hazina.AI.RAG\Embeddings\SemanticChunkingOptions.cs(257,30): warning SA1629: Documentation text should end with a period (https://github.com/DotNetAnalyzers/StyleCopAnalyzers/blob/master/documentation/SA1629.md) [C:\Projects\Hazina\src\Core\AI\Hazina.AI.RAG\Hazina.AI.RAG.csproj::TargetFramework=net10.0]
C:\Projects\Hazina\src\Core\AI\Hazina.AI.RAG\Embeddings\SemanticChunkingOptions.cs(251,36): warning SA1629: Documentation text should end with a period (https://github.com/DotNetAnalyzers/StyleCopAnalyzers/blob/master/documentation/SA1629.md) [C:\Projects\Hazina\src\Core\AI\Hazina.AI.RAG\Hazina.AI.RAG.csproj::TargetFramework=net10.0]
C:\Projects\Hazina\src\Core\AI\Hazina.AI.RAG\Embeddings\SemanticChunkingOptions.cs(262,31): warning SA1629: Documentation text should end with a period (https://github.com/DotNetAnalyzers/StyleCopAnalyzers/blob/master/documentation/SA1629.md) [C:\Projects\Hazina\src\Core\AI\Hazina.AI.RAG\Hazina.AI.RAG.csproj::TargetFramework=net10.0]
C:\Projects\Hazina\src\Core\AI\Hazina.AI.RAG\Embeddings\SemanticChunkingOptions.cs(270,56): warning SA1629: Documentation text should end with a period (https://github.com/DotNetAnalyzers/StyleCopAnalyzers/blob/master/documentation/SA1629.md) [C:\Projects\Hazina\src\Core\AI\Hazina.AI.RAG\Hazina.AI.RAG.csproj::TargetFramework=net10.0]
C:\Projects\Hazina\src\Core\AI\Hazina.AI.RAG\Embeddings\SemanticChunkingOptions.cs(230,28): warning SA1629: Documentation text should end with a period (https://github.com/DotNetAnalyzers/StyleCopAnalyzers/blob/master/documentation/SA1629.md) [C:\Projects\Hazina\src\Core\AI\Hazina.AI.RAG\Hazina.AI.RAG.csproj::TargetFramework=net10.0]
C:\Projects\Hazina\src\Core\AI\Hazina.AI.RAG\Embeddings\SemanticChunkingOptions.cs(288,13): warning MA0048: File name must match type name (https://github.com/meziantou/Meziantou.Analyzer/blob/main/docs/Rules/MA0048.md) [C:\Projects\Hazina\src\Core\AI\Hazina.AI.RAG\Hazina.AI.RAG.csproj::TargetFramework=net10.0]
C:\Projects\Hazina\src\Core\AI\Hazina.AI.RAG\Embeddings\SemanticChunkingOptions.cs(29,19): warning SA1623: The property's documentation summary text should begin with: 'Gets or sets' (https://github.com/DotNetAnalyzers/StyleCopAnalyzers/blob/master/documentation/SA1623.md) [C:\Projects\Hazina\src\Core\AI\Hazina.AI.RAG\Hazina.AI.RAG.csproj::TargetFramework=net10.0]
C:\Projects\Hazina\src\Core\AI\Hazina.AI.RAG\Embeddings\SemanticChunkingOptions.cs(291,57): warning SA1629: Documentation text should end with a period (https://github.com/DotNetAnalyzers/StyleCopAnalyzers/blob/master/documentation/SA1629.md) [C:\Projects\Hazina\src\Core\AI\Hazina.AI.RAG\Hazina.AI.RAG.csproj::TargetFramework=net10.0]
C:\Projects\Hazina\src\Core\AI\Hazina.AI.RAG\Embeddings\SemanticChunkingOptions.cs(27,37): warning SA1629: Documentation text should end with a period (https://github.com/DotNetAnalyzers/StyleCopAnalyzers/blob/master/documentation/SA1629.md) [C:\Projects\Hazina\src\Core\AI\Hazina.AI.RAG\Hazina.AI.RAG.csproj::TargetFramework=net10.0]
C:\Projects\Hazina\src\Core\AI\Hazina.AI.RAG\Embeddings\SemanticChunkingOptions.cs(154,16): warning SA1623: The property's documentation summary text should begin with: 'Gets or sets' (https://github.com/DotNetAnalyzers/StyleCopAnalyzers/blob/master/documentation/SA1623.md) [C:\Projects\Hazina\src\Core\AI\Hazina.AI.RAG\Hazina.AI.RAG.csproj::TargetFramework=net10.0]
C:\Projects\Hazina\src\Core\AI\Hazina.AI.RAG\Embeddings\SemanticChunkingOptions.cs(152,20): warning SA1629: Documentation text should end with a period (https://github.com/DotNetAnalyzers/StyleCopAnalyzers/blob/master/documentation/SA1629.md) [C:\Projects\Hazina\src\Core\AI\Hazina.AI.RAG\Hazina.AI.RAG.csproj::TargetFramework=net10.0]
C:\Projects\Hazina\src\Core\AI\Hazina.AI.RAG\Embeddings\SemanticChunkingOptions.cs(311,38): warning SA1629: Documentation text should end with a period (https://github.com/DotNetAnalyzers/StyleCopAnalyzers/blob/master/documentation/SA1629.md) [C:\Projects\Hazina\src\Core\AI\Hazina.AI.RAG\Hazina.AI.RAG.csproj::TargetFramework=net10.0]
C:\Projects\Hazina\src\Core\AI\Hazina.AI.RAG\Embeddings\SemanticChunkingOptions.cs(301,26): warning SA1629: Documentation text should end with a period (https://github.com/DotNetAnalyzers/StyleCopAnalyzers/blob/master/documentation/SA1629.md) [C:\Projects\Hazina\src\Core\AI\Hazina.AI.RAG\Hazina.AI.RAG.csproj::TargetFramework=net10.0]
C:\Projects\Hazina\src\Core\AI\Hazina.AI.RAG\Embeddings\SemanticChunkingOptions.cs(306,37): warning SA1629: Documentation text should end with a period (https://github.com/DotNetAnalyzers/StyleCopAnalyzers/blob/master/documentation/SA1629.md) [C:\Projects\Hazina\src\Core\AI\Hazina.AI.RAG\Hazina.AI.RAG.csproj::TargetFramework=net10.0]
C:\Projects\Hazina\src\Core\AI\Hazina.AI.RAG\Embeddings\SemanticChunkingOptions.cs(321,38): warning SA1629: Documentation text should end with a period (https://github.com/DotNetAnalyzers/StyleCopAnalyzers/blob/master/documentation/SA1629.md) [C:\Projects\Hazina\src\Core\AI\Hazina.AI.RAG\Hazina.AI.RAG.csproj::TargetFramework=net10.0]
C:\Projects\Hazina\src\Core\AI\Hazina.AI.RAG\Embeddings\SemanticChunkingOptions.cs(286,52): warning SA1629: Documentation text should end with a period (https://github.com/DotNetAnalyzers/StyleCopAnalyzers/blob/master/documentation/SA1629.md) [C:\Projects\Hazina\src\Core\AI\Hazina.AI.RAG\Hazina.AI.RAG.csproj::TargetFramework=net10.0]
C:\Projects\Hazina\src\Core\AI\Hazina.AI.RAG\Embeddings\SemanticChunkingOptions.cs(316,28): warning SA1629: Documentation text should end with a period (https://github.com/DotNetAnalyzers/StyleCopAnalyzers/blob/master/documentation/SA1629.md) [C:\Projects\Hazina\src\Core\AI\Hazina.AI.RAG\Hazina.AI.RAG.csproj::TargetFramework=net10.0]
C:\Projects\Hazina\src\Core\AI\Hazina.AI.RAG\Embeddings\SemanticChunkingOptions.cs(296,60): warning SA1629: Documentation text should end with a period (https://github.com/DotNetAnalyzers/StyleCopAnalyzers/blob/master/documentation/SA1629.md) [C:\Projects\Hazina\src\Core\AI\Hazina.AI.RAG\Hazina.AI.RAG.csproj::TargetFramework=net10.0]
C:\Projects\Hazina\src\Core\AI\Hazina.AI.RAG\Core\RAGEngine.cs(605,14): warning MA0048: File name must match type name (https://github.com/meziantou/Meziantou.Analyzer/blob/main/docs/Rules/MA0048.md) [C:\Projects\Hazina\src\Core\AI\Hazina.AI.RAG\Hazina.AI.RAG.csproj::TargetFramework=net10.0]
C:\Projects\Hazina\src\Core\AI\Hazina.AI.RAG\Embeddings\SemanticChunkingOptions.cs(280,33): warning SA1629: Documentation text should end with a period (https://github.com/DotNetAnalyzers/StyleCopAnalyzers/blob/master/documentation/SA1629.md) [C:\Projects\Hazina\src\Core\AI\Hazina.AI.RAG\Hazina.AI.RAG.csproj::TargetFramework=net10.0]
C:\Projects\Hazina\src\Core\AI\Hazina.AI.RAG\Core\RAGEngine.cs(609,39): warning CA2227: Change 'Metadata' to be read-only by removing the property setter (https://learn.microsoft.com/dotnet/fundamentals/code-analysis/quality-rules/ca2227) [C:\Projects\Hazina\src\Core\AI\Hazina.AI.RAG\Hazina.AI.RAG.csproj::TargetFramework=net10.0]
C:\Projects\Hazina\src\Core\AI\Hazina.AI.RAG\Core\RAGEngine.cs(609,12): warning MA0016: Prefer using collection abstraction instead of implementation (https://github.com/meziantou/Meziantou.Analyzer/blob/main/docs/Rules/MA0016.md) [C:\Projects\Hazina\src\Core\AI\Hazina.AI.RAG\Hazina.AI.RAG.csproj::TargetFramework=net10.0]
C:\Projects\Hazina\src\Core\AI\Hazina.AI.RAG\Embeddings\SemanticChunkingOptions.cs(14,17): warning SA1623: The property's documentation summary text should begin with: 'Gets or sets a value indicating whether' (https://github.com/DotNetAnalyzers/StyleCopAnalyzers/blob/master/documentation/SA1623.md) [C:\Projects\Hazina\src\Core\AI\Hazina.AI.RAG\Hazina.AI.RAG.csproj::TargetFramework=net10.0]
C:\Projects\Hazina\src\Core\AI\Hazina.AI.RAG\Embeddings\SemanticChunkingOptions.cs(12,22): warning SA1629: Documentation text should end with a period (https://github.com/DotNetAnalyzers/StyleCopAnalyzers/blob/master/documentation/SA1629.md) [C:\Projects\Hazina\src\Core\AI\Hazina.AI.RAG\Hazina.AI.RAG.csproj::TargetFramework=net10.0]
C:\Projects\Hazina\src\Core\AI\Hazina.AI.RAG\Core\RAGEngine.cs(603,26): warning SA1629: Documentation text should end with a period (https://github.com/DotNetAnalyzers/StyleCopAnalyzers/blob/master/documentation/SA1629.md) [C:\Projects\Hazina\src\Core\AI\Hazina.AI.RAG\Hazina.AI.RAG.csproj::TargetFramework=net10.0]
C:\Projects\Hazina\src\Core\AI\Hazina.AI.RAG\Core\RAGEngine.cs(608,1): warning SA1516: Elements should be separated by blank line (https://github.com/DotNetAnalyzers/StyleCopAnalyzers/blob/master/documentation/SA1516.md) [C:\Projects\Hazina\src\Core\AI\Hazina.AI.RAG\Hazina.AI.RAG.csproj::TargetFramework=net10.0]
C:\Projects\Hazina\src\Core\AI\Hazina.AI.RAG\Core\RAGEngine.cs(609,1): warning SA1516: Elements should be separated by blank line (https://github.com/DotNetAnalyzers/StyleCopAnalyzers/blob/master/documentation/SA1516.md) [C:\Projects\Hazina\src\Core\AI\Hazina.AI.RAG\Hazina.AI.RAG.csproj::TargetFramework=net10.0]
C:\Projects\Hazina\src\Core\AI\Hazina.AI.RAG\Core\RAGEngine.cs(596,36): warning CA2227: Change 'RetrievedDocuments' to be read-only by removing the property setter (https://learn.microsoft.com/dotnet/fundamentals/code-analysis/quality-rules/ca2227) [C:\Projects\Hazina\src\Core\AI\Hazina.AI.RAG\Hazina.AI.RAG.csproj::TargetFramework=net10.0]
C:\Projects\Hazina\src\Core\AI\Hazina.AI.RAG\Core\RAGEngine.cs(596,36): warning CA1002: Change 'List<RetrievedDocument>' in 'RAGResponse.RetrievedDocuments' to use 'Collection<T>', 'ReadOnlyCollection<T>' or 'KeyedCollection<K,V>' (https://learn.microsoft.com/dotnet/fundamentals/code-analysis/quality-rules/ca1002) [C:\Projects\Hazina\src\Core\AI\Hazina.AI.RAG\Hazina.AI.RAG.csproj::TargetFramework=net10.0]
C:\Projects\Hazina\src\Core\AI\Hazina.AI.RAG\Core\RAGEngine.cs(591,14): warning MA0048: File name must match type name (https://github.com/meziantou/Meziantou.Analyzer/blob/main/docs/Rules/MA0048.md) [C:\Projects\Hazina\src\Core\AI\Hazina.AI.RAG\Hazina.AI.RAG.csproj::TargetFramework=net10.0]
C:\Projects\Hazina\src\Core\AI\Hazina.AI.RAG\Core\RAGEngine.cs(596,12): warning MA0016: Prefer using collection abstraction instead of implementation (https://github.com/meziantou/Meziantou.Analyzer/blob/main/docs/Rules/MA0016.md) [C:\Projects\Hazina\src\Core\AI\Hazina.AI.RAG\Hazina.AI.RAG.csproj::TargetFramework=net10.0]
C:\Projects\Hazina\src\Core\AI\Hazina.AI.RAG\Core\RAGEngine.cs(615,14): warning MA0048: File name must match type name (https://github.com/meziantou/Meziantou.Analyzer/blob/main/docs/Rules/MA0048.md) [C:\Projects\Hazina\src\Core\AI\Hazina.AI.RAG\Hazina.AI.RAG.csproj::TargetFramework=net10.0]
C:\Projects\Hazina\src\Core\AI\Hazina.AI.RAG\Core\RAGEngine.cs(609,64): warning MA0002: Use an overload that has a IEqualityComparer<string> or IComparer<string> parameter (https://github.com/meziantou/Meziantou.Analyzer/blob/main/docs/Rules/MA0002.md) [C:\Projects\Hazina\src\Core\AI\Hazina.AI.RAG\Hazina.AI.RAG.csproj::TargetFramework=net10.0]
C:\Projects\Hazina\src\Core\AI\Hazina.AI.RAG\Core\RAGEngine.cs(613,45): warning SA1629: Documentation text should end with a period (https://github.com/DotNetAnalyzers/StyleCopAnalyzers/blob/master/documentation/SA1629.md) [C:\Projects\Hazina\src\Core\AI\Hazina.AI.RAG\Hazina.AI.RAG.csproj::TargetFramework=net10.0]
C:\Projects\Hazina\src\Core\AI\Hazina.AI.RAG\Core\RAGEngine.cs(618,1): warning SA1516: Elements should be separated by blank line (https://github.com/DotNetAnalyzers/StyleCopAnalyzers/blob/master/documentation/SA1516.md) [C:\Projects\Hazina\src\Core\AI\Hazina.AI.RAG\Hazina.AI.RAG.csproj::TargetFramework=net10.0]
C:\Projects\Hazina\src\Core\AI\Hazina.AI.RAG\Core\RAGEngine.cs(619,1): warning SA1516: Elements should be separated by blank line (https://github.com/DotNetAnalyzers/StyleCopAnalyzers/blob/master/documentation/SA1516.md) [C:\Projects\Hazina\src\Core\AI\Hazina.AI.RAG\Hazina.AI.RAG.csproj::TargetFramework=net10.0]
C:\Projects\Hazina\src\Core\AI\Hazina.AI.RAG\Core\RAGEngine.cs(620,1): warning SA1516: Elements should be separated by blank line (https://github.com/DotNetAnalyzers/StyleCopAnalyzers/blob/master/documentation/SA1516.md) [C:\Projects\Hazina\src\Core\AI\Hazina.AI.RAG\Hazina.AI.RAG.csproj::TargetFramework=net10.0]
C:\Projects\Hazina\src\Core\AI\Hazina.AI.RAG\Core\RAGEngine.cs(620,39): warning CA2227: Change 'Metadata' to be read-only by removing the property setter (https://learn.microsoft.com/dotnet/fundamentals/code-analysis/quality-rules/ca2227) [C:\Projects\Hazina\src\Core\AI\Hazina.AI.RAG\Hazina.AI.RAG.csproj::TargetFramework=net10.0]
C:\Projects\Hazina\src\Core\AI\Hazina.AI.RAG\Core\RAGEngine.cs(620,12): warning MA0016: Prefer using collection abstraction instead of implementation (https://github.com/meziantou/Meziantou.Analyzer/blob/main/docs/Rules/MA0016.md) [C:\Projects\Hazina\src\Core\AI\Hazina.AI.RAG\Hazina.AI.RAG.csproj::TargetFramework=net10.0]
C:\Projects\Hazina\src\Core\AI\Hazina.AI.RAG\Core\RAGEngine.cs(626,14): warning MA0048: File name must match type name (https://github.com/meziantou/Meziantou.Analyzer/blob/main/docs/Rules/MA0048.md) [C:\Projects\Hazina\src\Core\AI\Hazina.AI.RAG\Hazina.AI.RAG.csproj::TargetFramework=net10.0]
C:\Projects\Hazina\src\Core\AI\Hazina.AI.RAG\Core\RAGEngine.cs(591,14): warning S101: Rename class 'RAGResponse' to match pascal case naming rules, consider using 'RagResponse'. (https://rules.sonarsource.com/csharp/RSPEC-101) [C:\Projects\Hazina\src\Core\AI\Hazina.AI.RAG\Hazina.AI.RAG.csproj::TargetFramework=net10.0]
C:\Projects\Hazina\src\Core\AI\Hazina.AI.RAG\Core\RAGEngine.cs(589,17): warning SA1629: Documentation text should end with a period (https://github.com/DotNetAnalyzers/StyleCopAnalyzers/blob/master/documentation/SA1629.md) [C:\Projects\Hazina\src\Core\AI\Hazina.AI.RAG\Hazina.AI.RAG.csproj::TargetFramework=net10.0]
C:\Projects\Hazina\src\Core\AI\Hazina.AI.RAG\Core\RAGEngine.cs(594,1): warning SA1516: Elements should be separated by blank line (https://github.com/DotNetAnalyzers/StyleCopAnalyzers/blob/master/documentation/SA1516.md) [C:\Projects\Hazina\src\Core\AI\Hazina.AI.RAG\Hazina.AI.RAG.csproj::TargetFramework=net10.0]
C:\Projects\Hazina\src\Core\AI\Hazina.AI.RAG\Core\RAGEngine.cs(595,1): warning SA1516: Elements should be separated by blank line (https://github.com/DotNetAnalyzers/StyleCopAnalyzers/blob/master/documentation/SA1516.md) [C:\Projects\Hazina\src\Core\AI\Hazina.AI.RAG\Hazina.AI.RAG.csproj::TargetFramework=net10.0]
C:\Projects\Hazina\src\Core\AI\Hazina.AI.RAG\Core\RAGEngine.cs(596,1): warning SA1516: Elements should be separated by blank line (https://github.com/DotNetAnalyzers/StyleCopAnalyzers/blob/master/documentation/SA1516.md) [C:\Projects\Hazina\src\Core\AI\Hazina.AI.RAG\Hazina.AI.RAG.csproj::TargetFramework=net10.0]
C:\Projects\Hazina\src\Core\AI\Hazina.AI.RAG\Core\RAGEngine.cs(597,1): warning SA1516: Elements should be separated by blank line (https://github.com/DotNetAnalyzers/StyleCopAnalyzers/blob/master/documentation/SA1516.md) [C:\Projects\Hazina\src\Core\AI\Hazina.AI.RAG\Hazina.AI.RAG.csproj::TargetFramework=net10.0]
C:\Projects\Hazina\src\Core\AI\Hazina.AI.RAG\Core\RAGEngine.cs(598,1): warning SA1516: Elements should be separated by blank line (https://github.com/DotNetAnalyzers/StyleCopAnalyzers/blob/master/documentation/SA1516.md) [C:\Projects\Hazina\src\Core\AI\Hazina.AI.RAG\Hazina.AI.RAG.csproj::TargetFramework=net10.0]
C:\Projects\Hazina\src\Core\AI\Hazina.AI.RAG\Core\RAGEngine.cs(599,1): warning SA1516: Elements should be separated by blank line (https://github.com/DotNetAnalyzers/StyleCopAnalyzers/blob/master/documentation/SA1516.md) [C:\Projects\Hazina\src\Core\AI\Hazina.AI.RAG\Hazina.AI.RAG.csproj::TargetFramework=net10.0]
C:\Projects\Hazina\src\Core\AI\Hazina.AI.RAG\Core\RAGEngine.cs(620,64): warning MA0002: Use an overload that has a IEqualityComparer<string> or IComparer<string> parameter (https://github.com/meziantou/Meziantou.Analyzer/blob/main/docs/Rules/MA0002.md) [C:\Projects\Hazina\src\Core\AI\Hazina.AI.RAG\Hazina.AI.RAG.csproj::TargetFramework=net10.0]
C:\Projects\Hazina\src\Core\AI\Hazina.AI.RAG\Core\RAGEngine.cs(624,20): warning SA1629: Documentation text should end with a period (https://github.com/DotNetAnalyzers/StyleCopAnalyzers/blob/master/documentation/SA1629.md) [C:\Projects\Hazina\src\Core\AI\Hazina.AI.RAG\Hazina.AI.RAG.csproj::TargetFramework=net10.0]
C:\Projects\Hazina\src\Core\AI\Hazina.AI.RAG\Core\RAGEngine.cs(629,1): warning SA1516: Elements should be separated by blank line (https://github.com/DotNetAnalyzers/StyleCopAnalyzers/blob/master/documentation/SA1516.md) [C:\Projects\Hazina\src\Core\AI\Hazina.AI.RAG\Hazina.AI.RAG.csproj::TargetFramework=net10.0]
C:\Projects\Hazina\src\Core\AI\Hazina.AI.RAG\Core\RAGEngine.cs(630,1): warning SA1516: Elements should be separated by blank line (https://github.com/DotNetAnalyzers/StyleCopAnalyzers/blob/master/documentation/SA1516.md) [C:\Projects\Hazina\src\Core\AI\Hazina.AI.RAG\Hazina.AI.RAG.csproj::TargetFramework=net10.0]
C:\Projects\Hazina\src\Core\AI\Hazina.AI.RAG\Core\RAGEngine.cs(631,1): warning SA1516: Elements should be separated by blank line (https://github.com/DotNetAnalyzers/StyleCopAnalyzers/blob/master/documentation/SA1516.md) [C:\Projects\Hazina\src\Core\AI\Hazina.AI.RAG\Hazina.AI.RAG.csproj::TargetFramework=net10.0]
C:\Projects\Hazina\src\Core\AI\Hazina.AI.RAG\Core\RAGEngine.cs(632,1): warning SA1516: Elements should be separated by blank line (https://github.com/DotNetAnalyzers/StyleCopAnalyzers/blob/master/documentation/SA1516.md) [C:\Projects\Hazina\src\Core\AI\Hazina.AI.RAG\Hazina.AI.RAG.csproj::TargetFramework=net10.0]
C:\Projects\Hazina\src\Core\AI\Hazina.AI.RAG\Core\RAGEngine.cs(633,1): warning SA1516: Elements should be separated by blank line (https://github.com/DotNetAnalyzers/StyleCopAnalyzers/blob/master/documentation/SA1516.md) [C:\Projects\Hazina\src\Core\AI\Hazina.AI.RAG\Hazina.AI.RAG.csproj::TargetFramework=net10.0]
C:\Projects\Hazina\src\Core\AI\Hazina.AI.RAG\Core\RAGEngine.cs(634,1): warning SA1516: Elements should be separated by blank line (https://github.com/DotNetAnalyzers/StyleCopAnalyzers/blob/master/documentation/SA1516.md) [C:\Projects\Hazina\src\Core\AI\Hazina.AI.RAG\Hazina.AI.RAG.csproj::TargetFramework=net10.0]
C:\Projects\Hazina\src\Core\AI\Hazina.AI.RAG\Core\RAGEngine.cs(635,1): warning SA1516: Elements should be separated by blank line (https://github.com/DotNetAnalyzers/StyleCopAnalyzers/blob/master/documentation/SA1516.md) [C:\Projects\Hazina\src\Core\AI\Hazina.AI.RAG\Hazina.AI.RAG.csproj::TargetFramework=net10.0]
C:\Projects\Hazina\src\Core\AI\Hazina.AI.RAG\Core\RAGEngine.cs(641,18): warning MA0048: File name must match type name (https://github.com/meziantou/Meziantou.Analyzer/blob/main/docs/Rules/MA0048.md) [C:\Projects\Hazina\src\Core\AI\Hazina.AI.RAG\Hazina.AI.RAG.csproj::TargetFramework=net10.0]
C:\Projects\Hazina\src\Core\AI\Hazina.AI.RAG\Core\RAGEngine.cs(639,40): warning SA1629: Documentation text should end with a period (https://github.com/DotNetAnalyzers/StyleCopAnalyzers/blob/master/documentation/SA1629.md) [C:\Projects\Hazina\src\Core\AI\Hazina.AI.RAG\Hazina.AI.RAG.csproj::TargetFramework=net10.0]
C:\Projects\Hazina\src\Core\AI\Hazina.AI.RAG\Core\RAGEngine.cs(644,1): warning SA1516: Elements should be separated by blank line (https://github.com/DotNetAnalyzers/StyleCopAnalyzers/blob/master/documentation/SA1516.md) [C:\Projects\Hazina\src\Core\AI\Hazina.AI.RAG\Hazina.AI.RAG.csproj::TargetFramework=net10.0]
C:\Projects\Hazina\src\Core\AI\Hazina.AI.RAG\Core\RAGEngine.cs(650,14): warning MA0048: File name must match type name (https://github.com/meziantou/Meziantou.Analyzer/blob/main/docs/Rules/MA0048.md) [C:\Projects\Hazina\src\Core\AI\Hazina.AI.RAG\Hazina.AI.RAG.csproj::TargetFramework=net10.0]
C:\Projects\Hazina\src\Core\AI\Hazina.AI.RAG\Core\RAGEngine.cs(654,39): warning CA2227: Change 'Metadata' to be read-only by removing the property setter (https://learn.microsoft.com/dotnet/fundamentals/code-analysis/quality-rules/ca2227) [C:\Projects\Hazina\src\Core\AI\Hazina.AI.RAG\Hazina.AI.RAG.csproj::TargetFramework=net10.0]
C:\Projects\Hazina\src\Core\AI\Hazina.AI.RAG\Core\RAGEngine.cs(654,12): warning MA0016: Prefer using collection abstraction instead of implementation (https://github.com/meziantou/Meziantou.Analyzer/blob/main/docs/Rules/MA0016.md) [C:\Projects\Hazina\src\Core\AI\Hazina.AI.RAG\Hazina.AI.RAG.csproj::TargetFramework=net10.0]
C:\Projects\Hazina\src\Core\AI\Hazina.AI.RAG\Embeddings\TextChunker.cs(332,14): warning MA0048: File name must match type name (https://github.com/meziantou/Meziantou.Analyzer/blob/main/docs/Rules/MA0048.md) [C:\Projects\Hazina\src\Core\AI\Hazina.AI.RAG\Hazina.AI.RAG.csproj::TargetFramework=net10.0]
C:\Projects\Hazina\src\Core\AI\Hazina.AI.RAG\Core\RAGEngine.cs(648,25): warning SA1629: Documentation text should end with a period (https://github.com/DotNetAnalyzers/StyleCopAnalyzers/blob/master/documentation/SA1629.md) [C:\Projects\Hazina\src\Core\AI\Hazina.AI.RAG\Hazina.AI.RAG.csproj::TargetFramework=net10.0]
C:\Projects\Hazina\src\Core\AI\Hazina.AI.RAG\Core\RAGEngine.cs(653,1): warning SA1516: Elements should be separated by blank line (https://github.com/DotNetAnalyzers/StyleCopAnalyzers/blob/master/documentation/SA1516.md) [C:\Projects\Hazina\src\Core\AI\Hazina.AI.RAG\Hazina.AI.RAG.csproj::TargetFramework=net10.0]
C:\Projects\Hazina\src\Core\AI\Hazina.AI.RAG\Core\RAGEngine.cs(654,1): warning SA1516: Elements should be separated by blank line (https://github.com/DotNetAnalyzers/StyleCopAnalyzers/blob/master/documentation/SA1516.md) [C:\Projects\Hazina\src\Core\AI\Hazina.AI.RAG\Hazina.AI.RAG.csproj::TargetFramework=net10.0]
C:\Projects\Hazina\src\Core\AI\Hazina.AI.RAG\Embeddings\TextChunker.cs(338,39): warning CA2227: Change 'Metadata' to be read-only by removing the property setter (https://learn.microsoft.com/dotnet/fundamentals/code-analysis/quality-rules/ca2227) [C:\Projects\Hazina\src\Core\AI\Hazina.AI.RAG\Hazina.AI.RAG.csproj::TargetFramework=net10.0]
C:\Projects\Hazina\src\Core\AI\Hazina.AI.RAG\Embeddings\TextChunker.cs(338,12): warning MA0016: Prefer using collection abstraction instead of implementation (https://github.com/meziantou/Meziantou.Analyzer/blob/main/docs/Rules/MA0016.md) [C:\Projects\Hazina\src\Core\AI\Hazina.AI.RAG\Hazina.AI.RAG.csproj::TargetFramework=net10.0]
C:\Projects\Hazina\src\Core\AI\Hazina.AI.RAG\Embeddings\TextChunker.cs(356,16): warning SA1623: The property's documentation summary text should begin with: 'Gets or sets' (https://github.com/DotNetAnalyzers/StyleCopAnalyzers/blob/master/documentation/SA1623.md) [C:\Projects\Hazina\src\Core\AI\Hazina.AI.RAG\Hazina.AI.RAG.csproj::TargetFramework=net10.0]
C:\Projects\Hazina\src\Core\AI\Hazina.AI.RAG\Embeddings\TextChunker.cs(10,78): warning SA1629: Documentation text should end with a period (https://github.com/DotNetAnalyzers/StyleCopAnalyzers/blob/master/documentation/SA1629.md) [C:\Projects\Hazina\src\Core\AI\Hazina.AI.RAG\Hazina.AI.RAG.csproj::TargetFramework=net10.0]
C:\Projects\Hazina\src\Core\AI\Hazina.AI.RAG\Embeddings\TextChunker.cs(354,22): warning SA1629: Documentation text should end with a period (https://github.com/DotNetAnalyzers/StyleCopAnalyzers/blob/master/documentation/SA1629.md) [C:\Projects\Hazina\src\Core\AI\Hazina.AI.RAG\Hazina.AI.RAG.csproj::TargetFramework=net10.0]
C:\Projects\Hazina\src\Core\AI\Hazina.AI.RAG\Embeddings\TextChunker.cs(362,16): warning SA1623: The property's documentation summary text should begin with: 'Gets or sets' (https://github.com/DotNetAnalyzers/StyleCopAnalyzers/blob/master/documentation/SA1623.md) [C:\Projects\Hazina\src\Core\AI\Hazina.AI.RAG\Hazina.AI.RAG.csproj::TargetFramework=net10.0]
C:\Projects\Hazina\src\Core\AI\Hazina.AI.RAG\Embeddings\TextChunker.cs(338,64): warning MA0002: Use an overload that has a IEqualityComparer<string> or IComparer<string> parameter (https://github.com/meziantou/Meziantou.Analyzer/blob/main/docs/Rules/MA0002.md) [C:\Projects\Hazina\src\Core\AI\Hazina.AI.RAG\Hazina.AI.RAG.csproj::TargetFramework=net10.0]
C:\Projects\Hazina\src\Core\AI\Hazina.AI.RAG\Embeddings\TextChunker.cs(330,29): warning SA1629: Documentation text should end with a period (https://github.com/DotNetAnalyzers/StyleCopAnalyzers/blob/master/documentation/SA1629.md) [C:\Projects\Hazina\src\Core\AI\Hazina.AI.RAG\Hazina.AI.RAG.csproj::TargetFramework=net10.0]
C:\Projects\Hazina\src\Core\AI\Hazina.AI.RAG\Embeddings\TextChunker.cs(360,21): warning SA1629: Documentation text should end with a period (https://github.com/DotNetAnalyzers/StyleCopAnalyzers/blob/master/documentation/SA1629.md) [C:\Projects\Hazina\src\Core\AI\Hazina.AI.RAG\Hazina.AI.RAG.csproj::TargetFramework=net10.0]
C:\Projects\Hazina\src\Core\AI\Hazina.AI.RAG\Embeddings\TextChunker.cs(335,1): warning SA1516: Elements should be separated by blank line (https://github.com/DotNetAnalyzers/StyleCopAnalyzers/blob/master/documentation/SA1516.md) [C:\Projects\Hazina\src\Core\AI\Hazina.AI.RAG\Hazina.AI.RAG.csproj::TargetFramework=net10.0]
C:\Projects\Hazina\src\Core\AI\Hazina.AI.RAG\Embeddings\TextChunker.cs(336,1): warning SA1516: Elements should be separated by blank line (https://github.com/DotNetAnalyzers/StyleCopAnalyzers/blob/master/documentation/SA1516.md) [C:\Projects\Hazina\src\Core\AI\Hazina.AI.RAG\Hazina.AI.RAG.csproj::TargetFramework=net10.0]
C:\Projects\Hazina\src\Core\AI\Hazina.AI.RAG\Embeddings\TextChunker.cs(337,1): warning SA1516: Elements should be separated by blank line (https://github.com/DotNetAnalyzers/StyleCopAnalyzers/blob/master/documentation/SA1516.md) [C:\Projects\Hazina\src\Core\AI\Hazina.AI.RAG\Hazina.AI.RAG.csproj::TargetFramework=net10.0]
C:\Projects\Hazina\src\Core\AI\Hazina.AI.RAG\Embeddings\TextChunker.cs(338,1): warning SA1516: Elements should be separated by blank line (https://github.com/DotNetAnalyzers/StyleCopAnalyzers/blob/master/documentation/SA1516.md) [C:\Projects\Hazina\src\Core\AI\Hazina.AI.RAG\Hazina.AI.RAG.csproj::TargetFramework=net10.0]
C:\Projects\Hazina\src\Core\AI\Hazina.AI.RAG\Embeddings\TextChunker.cs(368,37): warning SA1623: The property's documentation summary text should begin with: 'Gets or sets' (https://github.com/DotNetAnalyzers/StyleCopAnalyzers/blob/master/documentation/SA1623.md) [C:\Projects\Hazina\src\Core\AI\Hazina.AI.RAG\Hazina.AI.RAG.csproj::TargetFramework=net10.0]
C:\Projects\Hazina\src\Core\AI\Hazina.AI.RAG\Embeddings\TextChunker.cs(374,13): warning MA0048: File name must match type name (https://github.com/meziantou/Meziantou.Analyzer/blob/main/docs/Rules/MA0048.md) [C:\Projects\Hazina\src\Core\AI\Hazina.AI.RAG\Hazina.AI.RAG.csproj::TargetFramework=net10.0]
C:\Projects\Hazina\src\Core\AI\Hazina.AI.RAG\Embeddings\TextChunker.cs(372,24): warning SA1629: Documentation text should end with a period (https://github.com/DotNetAnalyzers/StyleCopAnalyzers/blob/master/documentation/SA1629.md) [C:\Projects\Hazina\src\Core\AI\Hazina.AI.RAG\Hazina.AI.RAG.csproj::TargetFramework=net10.0]
C:\Projects\Hazina\src\Core\AI\Hazina.AI.RAG\Embeddings\TextChunker.cs(366,44): warning SA1629: Documentation text should end with a period (https://github.com/DotNetAnalyzers/StyleCopAnalyzers/blob/master/documentation/SA1629.md) [C:\Projects\Hazina\src\Core\AI\Hazina.AI.RAG\Hazina.AI.RAG.csproj::TargetFramework=net10.0]
C:\Projects\Hazina\src\Core\AI\Hazina.AI.RAG\Embeddings\TextChunker.cs(368,67): warning CA1805: Member 'SemanticOptions' is explicitly initialized to its default value (https://learn.microsoft.com/dotnet/fundamentals/code-analysis/quality-rules/ca1805) [C:\Projects\Hazina\src\Core\AI\Hazina.AI.RAG\Hazina.AI.RAG.csproj::TargetFramework=net10.0]
C:\Projects\Hazina\src\Core\AI\Hazina.AI.RAG\Embeddings\SemanticSimilarityChunker.cs(11,59): warning SA1629: Documentation text should end with a period (https://github.com/DotNetAnalyzers/StyleCopAnalyzers/blob/master/documentation/SA1629.md) [C:\Projects\Hazina\src\Core\AI\Hazina.AI.RAG\Hazina.AI.RAG.csproj::TargetFramework=net10.0]
C:\Projects\Hazina\src\Core\AI\Hazina.AI.RAG\Graph\Explainability\RetrievalTrace.cs(15,32): warning CA2227: Change 'Steps' to be read-only by removing the property setter (https://learn.microsoft.com/dotnet/fundamentals/code-analysis/quality-rules/ca2227) [C:\Projects\Hazina\src\Core\AI\Hazina.AI.RAG\Hazina.AI.RAG.csproj::TargetFramework=net10.0]
C:\Projects\Hazina\src\Core\AI\Hazina.AI.RAG\Graph\Explainability\RetrievalTrace.cs(15,32): warning CA1002: Change 'List<RetrievalStep>' in 'RetrievalTrace.Steps' to use 'Collection<T>', 'ReadOnlyCollection<T>' or 'KeyedCollection<K,V>' (https://learn.microsoft.com/dotnet/fundamentals/code-analysis/quality-rules/ca1002) [C:\Projects\Hazina\src\Core\AI\Hazina.AI.RAG\Hazina.AI.RAG.csproj::TargetFramework=net10.0]
C:\Projects\Hazina\src\Core\AI\Hazina.AI.RAG\Graph\Explainability\RetrievalTrace.cs(15,12): warning MA0016: Prefer using collection abstraction instead of implementation (https://github.com/meziantou/Meziantou.Analyzer/blob/main/docs/Rules/MA0016.md) [C:\Projects\Hazina\src\Core\AI\Hazina.AI.RAG\Hazina.AI.RAG.csproj::TargetFramework=net10.0]
C:\Projects\Hazina\src\Core\AI\Hazina.AI.RAG\Graph\Explainability\RetrievalTrace.cs(13,1): warning SA1516: Elements should be separated by blank line (https://github.com/DotNetAnalyzers/StyleCopAnalyzers/blob/master/documentation/SA1516.md) [C:\Projects\Hazina\src\Core\AI\Hazina.AI.RAG\Hazina.AI.RAG.csproj::TargetFramework=net10.0]
C:\Projects\Hazina\src\Core\AI\Hazina.AI.RAG\Graph\Explainability\RetrievalTrace.cs(14,1): warning SA1516: Elements should be separated by blank line (https://github.com/DotNetAnalyzers/StyleCopAnalyzers/blob/master/documentation/SA1516.md) [C:\Projects\Hazina\src\Core\AI\Hazina.AI.RAG\Hazina.AI.RAG.csproj::TargetFramework=net10.0]
C:\Projects\Hazina\src\Core\AI\Hazina.AI.RAG\Graph\Explainability\RetrievalTrace.cs(15,1): warning SA1516: Elements should be separated by blank line (https://github.com/DotNetAnalyzers/StyleCopAnalyzers/blob/master/documentation/SA1516.md) [C:\Projects\Hazina\src\Core\AI\Hazina.AI.RAG\Hazina.AI.RAG.csproj::TargetFramework=net10.0]
C:\Projects\Hazina\src\Core\AI\Hazina.AI.RAG\Graph\Explainability\RetrievalTrace.cs(16,1): warning SA1516: Elements should be separated by blank line (https://github.com/DotNetAnalyzers/StyleCopAnalyzers/blob/master/documentation/SA1516.md) [C:\Projects\Hazina\src\Core\AI\Hazina.AI.RAG\Hazina.AI.RAG.csproj::TargetFramework=net10.0]
C:\Projects\Hazina\src\Core\AI\Hazina.AI.RAG\Graph\Explainability\RetrievalTrace.cs(17,1): warning SA1516: Elements should be separated by blank line (https://github.com/DotNetAnalyzers/StyleCopAnalyzers/blob/master/documentation/SA1516.md) [C:\Projects\Hazina\src\Core\AI\Hazina.AI.RAG\Hazina.AI.RAG.csproj::TargetFramework=net10.0]
C:\Projects\Hazina\src\Core\AI\Hazina.AI.RAG\Embeddings\TextChunker.cs(350,29): warning SA1623: The property's documentation summary text should begin with: 'Gets or sets' (https://github.com/DotNetAnalyzers/StyleCopAnalyzers/blob/master/documentation/SA1623.md) [C:\Projects\Hazina\src\Core\AI\Hazina.AI.RAG\Hazina.AI.RAG.csproj::TargetFramework=net10.0]
C:\Projects\Hazina\src\Core\AI\Hazina.AI.RAG\Embeddings\TextChunker.cs(344,14): warning MA0048: File name must match type name (https://github.com/meziantou/Meziantou.Analyzer/blob/main/docs/Rules/MA0048.md) [C:\Projects\Hazina\src\Core\AI\Hazina.AI.RAG\Hazina.AI.RAG.csproj::TargetFramework=net10.0]
C:\Projects\Hazina\src\Core\AI\Hazina.AI.RAG\Embeddings\TextChunker.cs(348,50): warning SA1629: Documentation text should end with a period (https://github.com/DotNetAnalyzers/StyleCopAnalyzers/blob/master/documentation/SA1629.md) [C:\Projects\Hazina\src\Core\AI\Hazina.AI.RAG\Hazina.AI.RAG.csproj::TargetFramework=net10.0]
C:\Projects\Hazina\src\Core\AI\Hazina.AI.RAG\Embeddings\TextChunker.cs(342,26): warning SA1629: Documentation text should end with a period (https://github.com/DotNetAnalyzers/StyleCopAnalyzers/blob/master/documentation/SA1629.md) [C:\Projects\Hazina\src\Core\AI\Hazina.AI.RAG\Hazina.AI.RAG.csproj::TargetFramework=net10.0]
C:\Projects\Hazina\src\Core\AI\Hazina.AI.RAG\Graph\Explainability\RetrievalTrace.cs(23,14): warning MA0048: File name must match type name (https://github.com/meziantou/Meziantou.Analyzer/blob/main/docs/Rules/MA0048.md) [C:\Projects\Hazina\src\Core\AI\Hazina.AI.RAG\Hazina.AI.RAG.csproj::TargetFramework=net10.0]
C:\Projects\Hazina\src\Core\AI\Hazina.AI.RAG\Graph\Explainability\RetrievalTrace.cs(26,1): warning SA1516: Elements should be separated by blank line (https://github.com/DotNetAnalyzers/StyleCopAnalyzers/blob/master/documentation/SA1516.md) [C:\Projects\Hazina\src\Core\AI\Hazina.AI.RAG\Hazina.AI.RAG.csproj::TargetFramework=net10.0]
C:\Projects\Hazina\src\Core\AI\Hazina.AI.RAG\Graph\Explainability\RetrievalTrace.cs(27,1): warning SA1516: Elements should be separated by blank line (https://github.com/DotNetAnalyzers/StyleCopAnalyzers/blob/master/documentation/SA1516.md) [C:\Projects\Hazina\src\Core\AI\Hazina.AI.RAG\Hazina.AI.RAG.csproj::TargetFramework=net10.0]
C:\Projects\Hazina\src\Core\AI\Hazina.AI.RAG\Graph\Explainability\RetrievalTrace.cs(28,1): warning SA1516: Elements should be separated by blank line (https://github.com/DotNetAnalyzers/StyleCopAnalyzers/blob/master/documentation/SA1516.md) [C:\Projects\Hazina\src\Core\AI\Hazina.AI.RAG\Hazina.AI.RAG.csproj::TargetFramework=net10.0]
C:\Projects\Hazina\src\Core\AI\Hazina.AI.RAG\Core\RAGEngine.cs(631,25): warning CA2227: Change 'Errors' to be read-only by removing the property setter (https://learn.microsoft.com/dotnet/fundamentals/code-analysis/quality-rules/ca2227) [C:\Projects\Hazina\src\Core\AI\Hazina.AI.RAG\Hazina.AI.RAG.csproj::TargetFramework=net10.0]
C:\Projects\Hazina\src\Core\AI\Hazina.AI.RAG\Core\RAGEngine.cs(631,25): warning CA1002: Change 'List<string>' in 'IndexingResult.Errors' to use 'Collection<T>', 'ReadOnlyCollection<T>' or 'KeyedCollection<K,V>' (https://learn.microsoft.com/dotnet/fundamentals/code-analysis/quality-rules/ca1002) [C:\Projects\Hazina\src\Core\AI\Hazina.AI.RAG\Hazina.AI.RAG.csproj::TargetFramework=net10.0]
C:\Projects\Hazina\src\Core\AI\Hazina.AI.RAG\Core\RAGEngine.cs(631,12): warning MA0016: Prefer using collection abstraction instead of implementation (https://github.com/meziantou/Meziantou.Analyzer/blob/main/docs/Rules/MA0016.md) [C:\Projects\Hazina\src\Core\AI\Hazina.AI.RAG\Hazina.AI.RAG.csproj::TargetFramework=net10.0]
C:\Projects\Hazina\src\Core\AI\Hazina.AI.RAG\Extensions\RetrievalServiceExtensions.cs(100,13): warning MA0048: File name must match type name (https://github.com/meziantou/Meziantou.Analyzer/blob/main/docs/Rules/MA0048.md) [C:\Projects\Hazina\src\Core\AI\Hazina.AI.RAG\Hazina.AI.RAG.csproj::TargetFramework=net10.0]
C:\Projects\Hazina\src\Core\AI\Hazina.AI.RAG\Extensions\RetrievalServiceExtensions.cs(98,35): warning SA1629: Documentation text should end with a period (https://github.com/DotNetAnalyzers/StyleCopAnalyzers/blob/master/documentation/SA1629.md) [C:\Projects\Hazina\src\Core\AI\Hazina.AI.RAG\Hazina.AI.RAG.csproj::TargetFramework=net10.0]
C:\Projects\Hazina\src\Core\AI\Hazina.AI.RAG\Core\RAGEngine.cs(654,64): warning MA0002: Use an overload that has a IEqualityComparer<string> or IComparer<string> parameter (https://github.com/meziantou/Meziantou.Analyzer/blob/main/docs/Rules/MA0002.md) [C:\Projects\Hazina\src\Core\AI\Hazina.AI.RAG\Hazina.AI.RAG.csproj::TargetFramework=net10.0]
C:\Projects\Hazina\src\Core\AI\Hazina.AI.RAG\Extensions\RetrievalServiceExtensions.cs(10,71): warning SA1629: Documentation text should end with a period (https://github.com/DotNetAnalyzers/StyleCopAnalyzers/blob/master/documentation/SA1629.md) [C:\Projects\Hazina\src\Core\AI\Hazina.AI.RAG\Hazina.AI.RAG.csproj::TargetFramework=net10.0]
C:\Projects\Hazina\src\Core\AI\Hazina.AI.RAG\Retrieval\LlmJudgeReranker.cs(135,19): warning SA1623: The property's documentation summary text should begin with: 'Gets or sets' (https://github.com/DotNetAnalyzers/StyleCopAnalyzers/blob/master/documentation/SA1623.md) [C:\Projects\Hazina\src\Core\AI\Hazina.AI.RAG\Hazina.AI.RAG.csproj::TargetFramework=net10.0]
C:\Projects\Hazina\src\Core\AI\Hazina.AI.RAG\Retrieval\LlmJudgeReranker.cs(128,19): warning SA1623: The property's documentation summary text should begin with: 'Gets or sets' (https://github.com/DotNetAnalyzers/StyleCopAnalyzers/blob/master/documentation/SA1623.md) [C:\Projects\Hazina\src\Core\AI\Hazina.AI.RAG\Hazina.AI.RAG.csproj::TargetFramework=net10.0]
C:\Projects\Hazina\src\Core\AI\Hazina.AI.RAG\Retrieval\LlmJudgeReranker.cs(126,57): warning SA1629: Documentation text should end with a period (https://github.com/DotNetAnalyzers/StyleCopAnalyzers/blob/master/documentation/SA1629.md) [C:\Projects\Hazina\src\Core\AI\Hazina.AI.RAG\Hazina.AI.RAG.csproj::TargetFramework=net10.0]
C:\Projects\Hazina\src\Core\AI\Hazina.AI.RAG\Retrieval\LlmJudgeReranker.cs(123,14): warning MA0048: File name must match type name (https://github.com/meziantou/Meziantou.Analyzer/blob/main/docs/Rules/MA0048.md) [C:\Projects\Hazina\src\Core\AI\Hazina.AI.RAG\Hazina.AI.RAG.csproj::TargetFramework=net10.0]
C:\Projects\Hazina\src\Core\AI\Hazina.AI.RAG\Graph\Explainability\RetrievalTrace.cs(28,39): warning CA2227: Change 'Metadata' to be read-only by removing the property setter (https://learn.microsoft.com/dotnet/fundamentals/code-analysis/quality-rules/ca2227) [C:\Projects\Hazina\src\Core\AI\Hazina.AI.RAG\Hazina.AI.RAG.csproj::TargetFramework=net10.0]
C:\Projects\Hazina\src\Core\AI\Hazina.AI.RAG\Graph\Explainability\RetrievalTrace.cs(28,12): warning MA0016: Prefer using collection abstraction instead of implementation (https://github.com/meziantou/Meziantou.Analyzer/blob/main/docs/Rules/MA0016.md) [C:\Projects\Hazina\src\Core\AI\Hazina.AI.RAG\Hazina.AI.RAG.csproj::TargetFramework=net10.0]
C:\Projects\Hazina\src\Core\AI\Hazina.AI.RAG\Retrieval\LlmJudgeReranker.cs(148,16): warning SA1623: The property's documentation summary text should begin with: 'Gets or sets' (https://github.com/DotNetAnalyzers/StyleCopAnalyzers/blob/master/documentation/SA1623.md) [C:\Projects\Hazina\src\Core\AI\Hazina.AI.RAG\Hazina.AI.RAG.csproj::TargetFramework=net10.0]
C:\Projects\Hazina\src\Core\AI\Hazina.AI.RAG\Retrieval\LlmJudgeReranker.cs(121,47): warning SA1629: Documentation text should end with a period (https://github.com/DotNetAnalyzers/StyleCopAnalyzers/blob/master/documentation/SA1629.md) [C:\Projects\Hazina\src\Core\AI\Hazina.AI.RAG\Hazina.AI.RAG.csproj::TargetFramework=net10.0]
C:\Projects\Hazina\src\Core\AI\Hazina.AI.RAG\Retrieval\LlmJudgeReranker.cs(146,81): warning SA1629: Documentation text should end with a period (https://github.com/DotNetAnalyzers/StyleCopAnalyzers/blob/master/documentation/SA1629.md) [C:\Projects\Hazina\src\Core\AI\Hazina.AI.RAG\Hazina.AI.RAG.csproj::TargetFramework=net10.0]
C:\Projects\Hazina\src\Core\AI\Hazina.AI.RAG\Interfaces\IRetrievalCandidate.cs(43,14): warning MA0048: File name must match type name (https://github.com/meziantou/Meziantou.Analyzer/blob/main/docs/Rules/MA0048.md) [C:\Projects\Hazina\src\Core\AI\Hazina.AI.RAG\Hazina.AI.RAG.csproj::TargetFramework=net10.0]
C:\Projects\Hazina\src\Core\AI\Hazina.AI.RAG\Graph\Explainability\RetrievalTrace.cs(28,64): warning MA0002: Use an overload that has a IEqualityComparer<string> or IComparer<string> parameter (https://github.com/meziantou/Meziantou.Analyzer/blob/main/docs/Rules/MA0002.md) [C:\Projects\Hazina\src\Core\AI\Hazina.AI.RAG\Hazina.AI.RAG.csproj::TargetFramework=net10.0]
C:\Projects\Hazina\src\Core\AI\Hazina.AI.RAG\Interfaces\IRetrievalCandidate.cs(41,50): warning SA1629: Documentation text should end with a period (https://github.com/DotNetAnalyzers/StyleCopAnalyzers/blob/master/documentation/SA1629.md) [C:\Projects\Hazina\src\Core\AI\Hazina.AI.RAG\Hazina.AI.RAG.csproj::TargetFramework=net10.0]
C:\Projects\Hazina\src\Core\AI\Hazina.AI.RAG\Interfaces\IRetrievalCandidate.cs(46,1): warning SA1516: Elements should be separated by blank line (https://github.com/DotNetAnalyzers/StyleCopAnalyzers/blob/master/documentation/SA1516.md) [C:\Projects\Hazina\src\Core\AI\Hazina.AI.RAG\Hazina.AI.RAG.csproj::TargetFramework=net10.0]
C:\Projects\Hazina\src\Core\AI\Hazina.AI.RAG\Interfaces\IRetrievalCandidate.cs(47,1): warning SA1516: Elements should be separated by blank line (https://github.com/DotNetAnalyzers/StyleCopAnalyzers/blob/master/documentation/SA1516.md) [C:\Projects\Hazina\src\Core\AI\Hazina.AI.RAG\Hazina.AI.RAG.csproj::TargetFramework=net10.0]
C:\Projects\Hazina\src\Core\AI\Hazina.AI.RAG\Interfaces\IRetrievalCandidate.cs(48,1): warning SA1516: Elements should be separated by blank line (https://github.com/DotNetAnalyzers/StyleCopAnalyzers/blob/master/documentation/SA1516.md) [C:\Projects\Hazina\src\Core\AI\Hazina.AI.RAG\Hazina.AI.RAG.csproj::TargetFramework=net10.0]
C:\Projects\Hazina\src\Core\AI\Hazina.AI.RAG\Interfaces\IRetrievalCandidate.cs(49,1): warning SA1516: Elements should be separated by blank line (https://github.com/DotNetAnalyzers/StyleCopAnalyzers/blob/master/documentation/SA1516.md) [C:\Projects\Hazina\src\Core\AI\Hazina.AI.RAG\Hazina.AI.RAG.csproj::TargetFramework=net10.0]
C:\Projects\Hazina\src\Core\AI\Hazina.AI.RAG\Interfaces\IRetrievalCandidate.cs(50,1): warning SA1516: Elements should be separated by blank line (https://github.com/DotNetAnalyzers/StyleCopAnalyzers/blob/master/documentation/SA1516.md) [C:\Projects\Hazina\src\Core\AI\Hazina.AI.RAG\Hazina.AI.RAG.csproj::TargetFramework=net10.0]
C:\Projects\Hazina\src\Core\AI\Hazina.AI.RAG\Retrieval\Reranker.cs(236,13): warning MA0048: File name must match type name (https://github.com/meziantou/Meziantou.Analyzer/blob/main/docs/Rules/MA0048.md) [C:\Projects\Hazina\src\Core\AI\Hazina.AI.RAG\Hazina.AI.RAG.csproj::TargetFramework=net10.0]
C:\Projects\Hazina\src\Core\AI\Hazina.AI.RAG\Retrieval\Reranker.cs(234,25): warning SA1629: Documentation text should end with a period (https://github.com/DotNetAnalyzers/StyleCopAnalyzers/blob/master/documentation/SA1629.md) [C:\Projects\Hazina\src\Core\AI\Hazina.AI.RAG\Hazina.AI.RAG.csproj::TargetFramework=net10.0]
C:\Projects\Hazina\src\Core\AI\Hazina.AI.RAG\Retrieval\Reranker.cs(226,14): warning MA0048: File name must match type name (https://github.com/meziantou/Meziantou.Analyzer/blob/main/docs/Rules/MA0048.md) [C:\Projects\Hazina\src\Core\AI\Hazina.AI.RAG\Hazina.AI.RAG.csproj::TargetFramework=net10.0]
C:\Projects\Hazina\src\Core\AI\Hazina.AI.RAG\Retrieval\Reranker.cs(224,22): warning SA1629: Documentation text should end with a period (https://github.com/DotNetAnalyzers/StyleCopAnalyzers/blob/master/documentation/SA1629.md) [C:\Projects\Hazina\src\Core\AI\Hazina.AI.RAG\Hazina.AI.RAG.csproj::TargetFramework=net10.0]
C:\Projects\Hazina\src\Core\AI\Hazina.AI.RAG\Retrieval\Reranker.cs(229,1): warning SA1516: Elements should be separated by blank line (https://github.com/DotNetAnalyzers/StyleCopAnalyzers/blob/master/documentation/SA1516.md) [C:\Projects\Hazina\src\Core\AI\Hazina.AI.RAG\Hazina.AI.RAG.csproj::TargetFramework=net10.0]
C:\Projects\Hazina\src\Core\AI\Hazina.AI.RAG\Retrieval\Reranker.cs(230,1): warning SA1516: Elements should be separated by blank line (https://github.com/DotNetAnalyzers/StyleCopAnalyzers/blob/master/documentation/SA1516.md) [C:\Projects\Hazina\src\Core\AI\Hazina.AI.RAG\Hazina.AI.RAG.csproj::TargetFramework=net10.0]
C:\Projects\Hazina\src\Core\AI\Hazina.AI.RAG\Utilities\SentenceSplitter.cs(7,69): warning SA1629: Documentation text should end with a period (https://github.com/DotNetAnalyzers/StyleCopAnalyzers/blob/master/documentation/SA1629.md) [C:\Projects\Hazina\src\Core\AI\Hazina.AI.RAG\Hazina.AI.RAG.csproj::TargetFramework=net10.0]
C:\Projects\Hazina\src\Core\AI\Hazina.AI.RAG\Interfaces\IRetrievalCandidate.cs(17,12): warning SA1623: The property's documentation summary text should begin with: 'Gets' (https://github.com/DotNetAnalyzers/StyleCopAnalyzers/blob/master/documentation/SA1623.md) [C:\Projects\Hazina\src\Core\AI\Hazina.AI.RAG\Hazina.AI.RAG.csproj::TargetFramework=net10.0]
C:\Projects\Hazina\src\Core\AI\Hazina.AI.RAG\Interfaces\IRetrievalCandidate.cs(15,64): warning SA1629: Documentation text should end with a period (https://github.com/DotNetAnalyzers/StyleCopAnalyzers/blob/master/documentation/SA1629.md) [C:\Projects\Hazina\src\Core\AI\Hazina.AI.RAG\Hazina.AI.RAG.csproj::TargetFramework=net10.0]
C:\Projects\Hazina\src\Core\AI\Hazina.AI.RAG\Interfaces\IRetrievalCandidate.cs(27,13): warning SA1623: The property's documentation summary text should begin with: 'Gets' (https://github.com/DotNetAnalyzers/StyleCopAnalyzers/blob/master/documentation/SA1623.md) [C:\Projects\Hazina\src\Core\AI\Hazina.AI.RAG\Hazina.AI.RAG.csproj::TargetFramework=net10.0]
C:\Projects\Hazina\src\Core\AI\Hazina.AI.RAG\Interfaces\IRetrievalCandidate.cs(25,62): warning SA1629: Documentation text should end with a period (https://github.com/DotNetAnalyzers/StyleCopAnalyzers/blob/master/documentation/SA1629.md) [C:\Projects\Hazina\src\Core\AI\Hazina.AI.RAG\Hazina.AI.RAG.csproj::TargetFramework=net10.0]
C:\Projects\Hazina\src\Core\AI\Hazina.AI.RAG\Interfaces\IRetrievalCandidate.cs(37,5): warning MA0016: Prefer using collection abstraction instead of implementation (https://github.com/meziantou/Meziantou.Analyzer/blob/main/docs/Rules/MA0016.md) [C:\Projects\Hazina\src\Core\AI\Hazina.AI.RAG\Hazina.AI.RAG.csproj::TargetFramework=net10.0]
C:\Projects\Hazina\src\Core\AI\Hazina.AI.RAG\Interfaces\IRetrievalCandidate.cs(37,33): warning SA1623: The property's documentation summary text should begin with: 'Gets' (https://github.com/DotNetAnalyzers/StyleCopAnalyzers/blob/master/documentation/SA1623.md) [C:\Projects\Hazina\src\Core\AI\Hazina.AI.RAG\Hazina.AI.RAG.csproj::TargetFramework=net10.0]
C:\Projects\Hazina\src\Core\AI\Hazina.AI.RAG\Interfaces\IRetrievalCandidate.cs(35,44): warning SA1629: Documentation text should end with a period (https://github.com/DotNetAnalyzers/StyleCopAnalyzers/blob/master/documentation/SA1629.md) [C:\Projects\Hazina\src\Core\AI\Hazina.AI.RAG\Hazina.AI.RAG.csproj::TargetFramework=net10.0]
C:\Projects\Hazina\src\Core\AI\Hazina.AI.RAG\Interfaces\IRetrievalCandidate.cs(32,12): warning SA1623: The property's documentation summary text should begin with: 'Gets' (https://github.com/DotNetAnalyzers/StyleCopAnalyzers/blob/master/documentation/SA1623.md) [C:\Projects\Hazina\src\Core\AI\Hazina.AI.RAG\Hazina.AI.RAG.csproj::TargetFramework=net10.0]
C:\Projects\Hazina\src\Core\AI\Hazina.AI.RAG\Interfaces\IRetrievalCandidate.cs(30,34): warning SA1629: Documentation text should end with a period (https://github.com/DotNetAnalyzers/StyleCopAnalyzers/blob/master/documentation/SA1629.md) [C:\Projects\Hazina\src\Core\AI\Hazina.AI.RAG\Hazina.AI.RAG.csproj::TargetFramework=net10.0]
C:\Projects\Hazina\src\Core\AI\Hazina.AI.RAG\Interfaces\IRetrievalCandidate.cs(12,12): warning SA1623: The property's documentation summary text should begin with: 'Gets' (https://github.com/DotNetAnalyzers/StyleCopAnalyzers/blob/master/documentation/SA1623.md) [C:\Projects\Hazina\src\Core\AI\Hazina.AI.RAG\Hazina.AI.RAG.csproj::TargetFramework=net10.0]
C:\Projects\Hazina\src\Core\AI\Hazina.AI.RAG\Interfaces\IRetrievalCandidate.cs(10,40): warning SA1629: Documentation text should end with a period (https://github.com/DotNetAnalyzers/StyleCopAnalyzers/blob/master/documentation/SA1629.md) [C:\Projects\Hazina\src\Core\AI\Hazina.AI.RAG\Hazina.AI.RAG.csproj::TargetFramework=net10.0]
C:\Projects\Hazina\src\Core\AI\Hazina.AI.RAG\Graph\Pipeline\GraphConstructionPipeline.cs(230,14): warning MA0048: File name must match type name (https://github.com/meziantou/Meziantou.Analyzer/blob/main/docs/Rules/MA0048.md) [C:\Projects\Hazina\src\Core\AI\Hazina.AI.RAG\Hazina.AI.RAG.csproj::TargetFramework=net10.0]
C:\Projects\Hazina\src\Core\AI\Hazina.AI.RAG\Interfaces\IRetrievalCandidate.cs(22,12): warning SA1623: The property's documentation summary text should begin with: 'Gets' (https://github.com/DotNetAnalyzers/StyleCopAnalyzers/blob/master/documentation/SA1623.md) [C:\Projects\Hazina\src\Core\AI\Hazina.AI.RAG\Hazina.AI.RAG.csproj::TargetFramework=net10.0]
C:\Projects\Hazina\src\Core\AI\Hazina.AI.RAG\Interfaces\IRetrievalCandidate.cs(20,66): warning SA1629: Documentation text should end with a period (https://github.com/DotNetAnalyzers/StyleCopAnalyzers/blob/master/documentation/SA1629.md) [C:\Projects\Hazina\src\Core\AI\Hazina.AI.RAG\Hazina.AI.RAG.csproj::TargetFramework=net10.0]
C:\Projects\Hazina\src\Core\AI\Hazina.AI.RAG\Graph\Pipeline\GraphConstructionPipeline.cs(233,1): warning SA1516: Elements should be separated by blank line (https://github.com/DotNetAnalyzers/StyleCopAnalyzers/blob/master/documentation/SA1516.md) [C:\Projects\Hazina\src\Core\AI\Hazina.AI.RAG\Hazina.AI.RAG.csproj::TargetFramework=net10.0]
C:\Projects\Hazina\src\Core\AI\Hazina.AI.RAG\Graph\Pipeline\GraphConstructionPipeline.cs(234,1): warning SA1516: Elements should be separated by blank line (https://github.com/DotNetAnalyzers/StyleCopAnalyzers/blob/master/documentation/SA1516.md) [C:\Projects\Hazina\src\Core\AI\Hazina.AI.RAG\Hazina.AI.RAG.csproj::TargetFramework=net10.0]
C:\Projects\Hazina\src\Core\AI\Hazina.AI.RAG\Graph\Pipeline\GraphConstructionPipeline.cs(235,1): warning SA1516: Elements should be separated by blank line (https://github.com/DotNetAnalyzers/StyleCopAnalyzers/blob/master/documentation/SA1516.md) [C:\Projects\Hazina\src\Core\AI\Hazina.AI.RAG\Hazina.AI.RAG.csproj::TargetFramework=net10.0]
C:\Projects\Hazina\src\Core\AI\Hazina.AI.RAG\Graph\Pipeline\GraphConstructionPipeline.cs(236,1): warning SA1516: Elements should be separated by blank line (https://github.com/DotNetAnalyzers/StyleCopAnalyzers/blob/master/documentation/SA1516.md) [C:\Projects\Hazina\src\Core\AI\Hazina.AI.RAG\Hazina.AI.RAG.csproj::TargetFramework=net10.0]
C:\Projects\Hazina\src\Core\AI\Hazina.AI.RAG\Graph\Pipeline\GraphConstructionPipeline.cs(237,1): warning SA1516: Elements should be separated by blank line (https://github.com/DotNetAnalyzers/StyleCopAnalyzers/blob/master/documentation/SA1516.md) [C:\Projects\Hazina\src\Core\AI\Hazina.AI.RAG\Hazina.AI.RAG.csproj::TargetFramework=net10.0]
C:\Projects\Hazina\src\Core\AI\Hazina.AI.RAG\Graph\Pipeline\GraphConstructionPipeline.cs(238,1): warning SA1516: Elements should be separated by blank line (https://github.com/DotNetAnalyzers/StyleCopAnalyzers/blob/master/documentation/SA1516.md) [C:\Projects\Hazina\src\Core\AI\Hazina.AI.RAG\Hazina.AI.RAG.csproj::TargetFramework=net10.0]
C:\Projects\Hazina\src\Core\AI\Hazina.AI.RAG\Graph\Pipeline\GraphConstructionPipeline.cs(239,1): warning SA1516: Elements should be separated by blank line (https://github.com/DotNetAnalyzers/StyleCopAnalyzers/blob/master/documentation/SA1516.md) [C:\Projects\Hazina\src\Core\AI\Hazina.AI.RAG\Hazina.AI.RAG.csproj::TargetFramework=net10.0]
C:\Projects\Hazina\src\Core\AI\Hazina.AI.RAG\Graph\Pipeline\GraphConstructionPipeline.cs(240,1): warning SA1516: Elements should be separated by blank line (https://github.com/DotNetAnalyzers/StyleCopAnalyzers/blob/master/documentation/SA1516.md) [C:\Projects\Hazina\src\Core\AI\Hazina.AI.RAG\Hazina.AI.RAG.csproj::TargetFramework=net10.0]
C:\Projects\Hazina\src\Core\AI\Hazina.AI.RAG\Graph\Pipeline\GraphConstructionPipeline.cs(241,1): warning SA1516: Elements should be separated by blank line (https://github.com/DotNetAnalyzers/StyleCopAnalyzers/blob/master/documentation/SA1516.md) [C:\Projects\Hazina\src\Core\AI\Hazina.AI.RAG\Hazina.AI.RAG.csproj::TargetFramework=net10.0]
C:\Projects\Hazina\src\Core\AI\Hazina.AI.RAG\Graph\Pipeline\GraphConstructionPipeline.cs(242,1): warning SA1516: Elements should be separated by blank line (https://github.com/DotNetAnalyzers/StyleCopAnalyzers/blob/master/documentation/SA1516.md) [C:\Projects\Hazina\src\Core\AI\Hazina.AI.RAG\Hazina.AI.RAG.csproj::TargetFramework=net10.0]
C:\Projects\Hazina\src\Core\AI\Hazina.AI.RAG\Graph\Explainability\RetrievalTrace.cs(34,14): warning CA1052: Type 'ExplainabilityService' is a static holder type but is neither static nor NotInheritable (https://learn.microsoft.com/dotnet/fundamentals/code-analysis/quality-rules/ca1052) [C:\Projects\Hazina\src\Core\AI\Hazina.AI.RAG\Hazina.AI.RAG.csproj::TargetFramework=net10.0]
C:\Projects\Hazina\src\Core\AI\Hazina.AI.RAG\Graph\Explainability\RetrievalTrace.cs(34,14): warning MA0048: File name must match type name (https://github.com/meziantou/Meziantou.Analyzer/blob/main/docs/Rules/MA0048.md) [C:\Projects\Hazina\src\Core\AI\Hazina.AI.RAG\Hazina.AI.RAG.csproj::TargetFramework=net10.0]
C:\Projects\Hazina\src\Core\AI\Hazina.AI.RAG\Graph\Explainability\RetrievalTrace.cs(34,14): warning S1118: Add a 'protected' constructor or the 'static' keyword to the class declaration. (https://rules.sonarsource.com/csharp/RSPEC-1118) [C:\Projects\Hazina\src\Core\AI\Hazina.AI.RAG\Hazina.AI.RAG.csproj::TargetFramework=net10.0]
C:\Projects\Hazina\src\Core\AI\Hazina.AI.RAG\Extensions\RetrievalServiceExtensions.cs(84,14): warning MA0048: File name must match type name (https://github.com/meziantou/Meziantou.Analyzer/blob/main/docs/Rules/MA0048.md) [C:\Projects\Hazina\src\Core\AI\Hazina.AI.RAG\Hazina.AI.RAG.csproj::TargetFramework=net10.0]
C:\Projects\Hazina\src\Core\AI\Hazina.AI.RAG\Extensions\RetrievalServiceExtensions.cs(82,49): warning SA1629: Documentation text should end with a period (https://github.com/DotNetAnalyzers/StyleCopAnalyzers/blob/master/documentation/SA1629.md) [C:\Projects\Hazina\src\Core\AI\Hazina.AI.RAG\Hazina.AI.RAG.csproj::TargetFramework=net10.0]
C:\Projects\Hazina\src\Core\AI\Hazina.AI.RAG\Extensions\RetrievalServiceExtensions.cs(94,37): warning SA1623: The property's documentation summary text should begin with: 'Gets or sets' (https://github.com/DotNetAnalyzers/StyleCopAnalyzers/blob/master/documentation/SA1623.md) [C:\Projects\Hazina\src\Core\AI\Hazina.AI.RAG\Hazina.AI.RAG.csproj::TargetFramework=net10.0]
C:\Projects\Hazina\src\Core\AI\Hazina.AI.RAG\Extensions\RetrievalServiceExtensions.cs(92,68): warning SA1629: Documentation text should end with a period (https://github.com/DotNetAnalyzers/StyleCopAnalyzers/blob/master/documentation/SA1629.md) [C:\Projects\Hazina\src\Core\AI\Hazina.AI.RAG\Hazina.AI.RAG.csproj::TargetFramework=net10.0]
C:\Projects\Hazina\src\Core\AI\Hazina.AI.RAG\Embeddings\EmbeddingCache.cs(1,1): warning SA1633: The file header is missing or not located at the top of the file. (https://github.com/DotNetAnalyzers/StyleCopAnalyzers/blob/master/documentation/SA1633.md) [C:\Projects\Hazina\src\Core\AI\Hazina.AI.RAG\Hazina.AI.RAG.csproj::TargetFramework=net10.0]
C:\Projects\Hazina\src\Core\AI\Hazina.AI.RAG\Graph\Retrieval\HybridRetrievalService.cs(386,14): warning MA0048: File name must match type name (https://github.com/meziantou/Meziantou.Analyzer/blob/main/docs/Rules/MA0048.md) [C:\Projects\Hazina\src\Core\AI\Hazina.AI.RAG\Hazina.AI.RAG.csproj::TargetFramework=net10.0]
C:\Projects\Hazina\src\Core\AI\Hazina.AI.RAG\Graph\Retrieval\HybridRetrievalService.cs(389,1): warning SA1516: Elements should be separated by blank line (https://github.com/DotNetAnalyzers/StyleCopAnalyzers/blob/master/documentation/SA1516.md) [C:\Projects\Hazina\src\Core\AI\Hazina.AI.RAG\Hazina.AI.RAG.csproj::TargetFramework=net10.0]
C:\Projects\Hazina\src\Core\AI\Hazina.AI.RAG\Graph\Retrieval\HybridRetrievalService.cs(390,1): warning SA1516: Elements should be separated by blank line (https://github.com/DotNetAnalyzers/StyleCopAnalyzers/blob/master/documentation/SA1516.md) [C:\Projects\Hazina\src\Core\AI\Hazina.AI.RAG\Hazina.AI.RAG.csproj::TargetFramework=net10.0]
C:\Projects\Hazina\src\Core\AI\Hazina.AI.RAG\Graph\Retrieval\HybridRetrievalService.cs(391,1): warning SA1516: Elements should be separated by blank line (https://github.com/DotNetAnalyzers/StyleCopAnalyzers/blob/master/documentation/SA1516.md) [C:\Projects\Hazina\src\Core\AI\Hazina.AI.RAG\Hazina.AI.RAG.csproj::TargetFramework=net10.0]
C:\Projects\Hazina\src\Core\AI\Hazina.AI.RAG\Graph\Retrieval\HybridRetrievalService.cs(392,1): warning SA1516: Elements should be separated by blank line (https://github.com/DotNetAnalyzers/StyleCopAnalyzers/blob/master/documentation/SA1516.md) [C:\Projects\Hazina\src\Core\AI\Hazina.AI.RAG\Hazina.AI.RAG.csproj::TargetFramework=net10.0]
C:\Projects\Hazina\src\Core\AI\Hazina.AI.RAG\Graph\Retrieval\HybridRetrievalService.cs(393,1): warning SA1516: Elements should be separated by blank line (https://github.com/DotNetAnalyzers/StyleCopAnalyzers/blob/master/documentation/SA1516.md) [C:\Projects\Hazina\src\Core\AI\Hazina.AI.RAG\Hazina.AI.RAG.csproj::TargetFramework=net10.0]
C:\Projects\Hazina\src\Core\AI\Hazina.AI.RAG\Graph\Retrieval\HybridRetrievalService.cs(394,1): warning SA1516: Elements should be separated by blank line (https://github.com/DotNetAnalyzers/StyleCopAnalyzers/blob/master/documentation/SA1516.md) [C:\Projects\Hazina\src\Core\AI\Hazina.AI.RAG\Hazina.AI.RAG.csproj::TargetFramework=net10.0]
C:\Projects\Hazina\src\Core\AI\Hazina.AI.RAG\Graph\Models\GraphEntity.cs(9,1): warning SA1516: Elements should be separated by blank line (https://github.com/DotNetAnalyzers/StyleCopAnalyzers/blob/master/documentation/SA1516.md) [C:\Projects\Hazina\src\Core\AI\Hazina.AI.RAG\Hazina.AI.RAG.csproj::TargetFramework=net10.0]
C:\Projects\Hazina\src\Core\AI\Hazina.AI.RAG\Graph\Models\GraphEntity.cs(10,1): warning SA1516: Elements should be separated by blank line (https://github.com/DotNetAnalyzers/StyleCopAnalyzers/blob/master/documentation/SA1516.md) [C:\Projects\Hazina\src\Core\AI\Hazina.AI.RAG\Hazina.AI.RAG.csproj::TargetFramework=net10.0]
C:\Projects\Hazina\src\Core\AI\Hazina.AI.RAG\Graph\Models\GraphEntity.cs(11,1): warning SA1516: Elements should be separated by blank line (https://github.com/DotNetAnalyzers/StyleCopAnalyzers/blob/master/documentation/SA1516.md) [C:\Projects\Hazina\src\Core\AI\Hazina.AI.RAG\Hazina.AI.RAG.csproj::TargetFramework=net10.0]
C:\Projects\Hazina\src\Core\AI\Hazina.AI.RAG\Graph\Models\GraphEntity.cs(12,1): warning SA1516: Elements should be separated by blank line (https://github.com/DotNetAnalyzers/StyleCopAnalyzers/blob/master/documentation/SA1516.md) [C:\Projects\Hazina\src\Core\AI\Hazina.AI.RAG\Hazina.AI.RAG.csproj::TargetFramework=net10.0]
C:\Projects\Hazina\src\Core\AI\Hazina.AI.RAG\Graph\Models\GraphEntity.cs(13,1): warning SA1516: Elements should be separated by blank line (https://github.com/DotNetAnalyzers/StyleCopAnalyzers/blob/master/documentation/SA1516.md) [C:\Projects\Hazina\src\Core\AI\Hazina.AI.RAG\Hazina.AI.RAG.csproj::TargetFramework=net10.0]
C:\Projects\Hazina\src\Core\AI\Hazina.AI.RAG\Graph\Models\GraphEntity.cs(14,1): warning SA1516: Elements should be separated by blank line (https://github.com/DotNetAnalyzers/StyleCopAnalyzers/blob/master/documentation/SA1516.md) [C:\Projects\Hazina\src\Core\AI\Hazina.AI.RAG\Hazina.AI.RAG.csproj::TargetFramework=net10.0]
C:\Projects\Hazina\src\Core\AI\Hazina.AI.RAG\Graph\Models\GraphEntity.cs(15,1): warning SA1516: Elements should be separated by blank line (https://github.com/DotNetAnalyzers/StyleCopAnalyzers/blob/master/documentation/SA1516.md) [C:\Projects\Hazina\src\Core\AI\Hazina.AI.RAG\Hazina.AI.RAG.csproj::TargetFramework=net10.0]
C:\Projects\Hazina\src\Core\AI\Hazina.AI.RAG\Graph\Models\GraphEntity.cs(16,1): warning SA1516: Elements should be separated by blank line (https://github.com/DotNetAnalyzers/StyleCopAnalyzers/blob/master/documentation/SA1516.md) [C:\Projects\Hazina\src\Core\AI\Hazina.AI.RAG\Hazina.AI.RAG.csproj::TargetFramework=net10.0]
C:\Projects\Hazina\src\Core\AI\Hazina.AI.RAG\Graph\Models\GraphEntity.cs(17,1): warning SA1516: Elements should be separated by blank line (https://github.com/DotNetAnalyzers/StyleCopAnalyzers/blob/master/documentation/SA1516.md) [C:\Projects\Hazina\src\Core\AI\Hazina.AI.RAG\Hazina.AI.RAG.csproj::TargetFramework=net10.0]
C:\Projects\Hazina\src\Core\AI\Hazina.AI.RAG\Graph\Models\GraphEntity.cs(18,1): warning SA1516: Elements should be separated by blank line (https://github.com/DotNetAnalyzers/StyleCopAnalyzers/blob/master/documentation/SA1516.md) [C:\Projects\Hazina\src\Core\AI\Hazina.AI.RAG\Hazina.AI.RAG.csproj::TargetFramework=net10.0]
C:\Projects\Hazina\src\Core\AI\Hazina.AI.RAG\Graph\Models\GraphEntity.cs(19,1): warning SA1516: Elements should be separated by blank line (https://github.com/DotNetAnalyzers/StyleCopAnalyzers/blob/master/documentation/SA1516.md) [C:\Projects\Hazina\src\Core\AI\Hazina.AI.RAG\Hazina.AI.RAG.csproj::TargetFramework=net10.0]
C:\Projects\Hazina\src\Core\AI\Hazina.AI.RAG\Graph\Models\GraphEntity.cs(20,1): warning SA1516: Elements should be separated by blank line (https://github.com/DotNetAnalyzers/StyleCopAnalyzers/blob/master/documentation/SA1516.md) [C:\Projects\Hazina\src\Core\AI\Hazina.AI.RAG\Hazina.AI.RAG.csproj::TargetFramework=net10.0]
C:\Projects\Hazina\src\Core\AI\Hazina.AI.RAG\Graph\Pipeline\ILLMTextService.cs(6,18): warning S101: Rename interface 'ILLMTextService' to match pascal case naming rules, consider using 'ILlmTextService'. (https://rules.sonarsource.com/csharp/RSPEC-101) [C:\Projects\Hazina\src\Core\AI\Hazina.AI.RAG\Hazina.AI.RAG.csproj::TargetFramework=net10.0]
C:\Projects\Hazina\src\Core\AI\Hazina.AI.RAG\Graph\Models\GraphEntity.cs(12,39): warning CA2227: Change 'Properties' to be read-only by removing the property setter (https://learn.microsoft.com/dotnet/fundamentals/code-analysis/quality-rules/ca2227) [C:\Projects\Hazina\src\Core\AI\Hazina.AI.RAG\Hazina.AI.RAG.csproj::TargetFramework=net10.0]
C:\Projects\Hazina\src\Core\AI\Hazina.AI.RAG\Graph\Models\GraphEntity.cs(12,12): warning MA0016: Prefer using collection abstraction instead of implementation (https://github.com/meziantou/Meziantou.Analyzer/blob/main/docs/Rules/MA0016.md) [C:\Projects\Hazina\src\Core\AI\Hazina.AI.RAG\Hazina.AI.RAG.csproj::TargetFramework=net10.0]
C:\Projects\Hazina\src\Core\AI\Hazina.AI.RAG\Extensions\RetrievalServiceExtensions.cs(89,30): warning SA1623: The property's documentation summary text should begin with: 'Gets or sets' (https://github.com/DotNetAnalyzers/StyleCopAnalyzers/blob/master/documentation/SA1623.md) [C:\Projects\Hazina\src\Core\AI\Hazina.AI.RAG\Hazina.AI.RAG.csproj::TargetFramework=net10.0]
C:\Projects\Hazina\src\Core\AI\Hazina.AI.RAG\Extensions\RetrievalServiceExtensions.cs(87,34): warning SA1629: Documentation text should end with a period (https://github.com/DotNetAnalyzers/StyleCopAnalyzers/blob/master/documentation/SA1629.md) [C:\Projects\Hazina\src\Core\AI\Hazina.AI.RAG\Hazina.AI.RAG.csproj::TargetFramework=net10.0]
C:\Projects\Hazina\src\Core\AI\Hazina.AI.RAG\Embeddings\EmbeddingCache.cs(150,14): warning SA1402: File may only contain a single type (https://github.com/DotNetAnalyzers/StyleCopAnalyzers/blob/master/documentation/SA1402.md) [C:\Projects\Hazina\src\Core\AI\Hazina.AI.RAG\Hazina.AI.RAG.csproj::TargetFramework=net10.0]
C:\Projects\Hazina\src\Core\AI\Hazina.AI.RAG\Graph\Models\GraphEntity.cs(15,21): warning CA1819: Properties should not return arrays (https://learn.microsoft.com/dotnet/fundamentals/code-analysis/quality-rules/ca1819) [C:\Projects\Hazina\src\Core\AI\Hazina.AI.RAG\Hazina.AI.RAG.csproj::TargetFramework=net10.0]
C:\Projects\Hazina\src\Core\AI\Hazina.AI.RAG\Graph\Models\GraphEntity.cs(16,25): warning CA2227: Change 'SourceDocuments' to be read-only by removing the property setter (https://learn.microsoft.com/dotnet/fundamentals/code-analysis/quality-rules/ca2227) [C:\Projects\Hazina\src\Core\AI\Hazina.AI.RAG\Hazina.AI.RAG.csproj::TargetFramework=net10.0]
C:\Projects\Hazina\src\Core\AI\Hazina.AI.RAG\Graph\Models\GraphEntity.cs(16,25): warning CA1002: Change 'List<string>' in 'GraphEntity.SourceDocuments' to use 'Collection<T>', 'ReadOnlyCollection<T>' or 'KeyedCollection<K,V>' (https://learn.microsoft.com/dotnet/fundamentals/code-analysis/quality-rules/ca1002) [C:\Projects\Hazina\src\Core\AI\Hazina.AI.RAG\Hazina.AI.RAG.csproj::TargetFramework=net10.0]
C:\Projects\Hazina\src\Core\AI\Hazina.AI.RAG\Graph\Models\GraphEntity.cs(12,66): warning MA0002: Use an overload that has a IEqualityComparer<string> or IComparer<string> parameter (https://github.com/meziantou/Meziantou.Analyzer/blob/main/docs/Rules/MA0002.md) [C:\Projects\Hazina\src\Core\AI\Hazina.AI.RAG\Hazina.AI.RAG.csproj::TargetFramework=net10.0]
C:\Projects\Hazina\src\Core\AI\Hazina.AI.RAG\Graph\Models\GraphEntity.cs(16,12): warning MA0016: Prefer using collection abstraction instead of implementation (https://github.com/meziantou/Meziantou.Analyzer/blob/main/docs/Rules/MA0016.md) [C:\Projects\Hazina\src\Core\AI\Hazina.AI.RAG\Hazina.AI.RAG.csproj::TargetFramework=net10.0]
C:\Projects\Hazina\src\Core\AI\Hazina.AI.RAG\Graph\Models\GraphEntity.cs(20,40): warning CA2227: Change 'ExternalIds' to be read-only by removing the property setter (https://learn.microsoft.com/dotnet/fundamentals/code-analysis/quality-rules/ca2227) [C:\Projects\Hazina\src\Core\AI\Hazina.AI.RAG\Hazina.AI.RAG.csproj::TargetFramework=net10.0]
C:\Projects\Hazina\src\Core\AI\Hazina.AI.RAG\Graph\Models\GraphEntity.cs(20,12): warning MA0016: Prefer using collection abstraction instead of implementation (https://github.com/meziantou/Meziantou.Analyzer/blob/main/docs/Rules/MA0016.md) [C:\Projects\Hazina\src\Core\AI\Hazina.AI.RAG\Hazina.AI.RAG.csproj::TargetFramework=net10.0]
C:\Projects\Hazina\src\Core\AI\Hazina.AI.RAG\Graph\Retrieval\HybridRetrievalService.cs(17,37): warning S4487: Remove this unread private field '_config' or refactor the code to use its value. (https://rules.sonarsource.com/csharp/RSPEC-4487) [C:\Projects\Hazina\src\Core\AI\Hazina.AI.RAG\Hazina.AI.RAG.csproj::TargetFramework=net10.0]
C:\Projects\Hazina\src\Core\AI\Hazina.AI.RAG\Graph\Models\GraphEntity.cs(19,25): warning CA2227: Change 'Aliases' to be read-only by removing the property setter (https://learn.microsoft.com/dotnet/fundamentals/code-analysis/quality-rules/ca2227) [C:\Projects\Hazina\src\Core\AI\Hazina.AI.RAG\Hazina.AI.RAG.csproj::TargetFramework=net10.0]
C:\Projects\Hazina\src\Core\AI\Hazina.AI.RAG\Graph\Models\GraphEntity.cs(19,25): warning CA1002: Change 'List<string>' in 'GraphEntity.Aliases' to use 'Collection<T>', 'ReadOnlyCollection<T>' or 'KeyedCollection<K,V>' (https://learn.microsoft.com/dotnet/fundamentals/code-analysis/quality-rules/ca1002) [C:\Projects\Hazina\src\Core\AI\Hazina.AI.RAG\Hazina.AI.RAG.csproj::TargetFramework=net10.0]
C:\Projects\Hazina\src\Core\AI\Hazina.AI.RAG\Graph\Models\GraphEntity.cs(19,12): warning MA0016: Prefer using collection abstraction instead of implementation (https://github.com/meziantou/Meziantou.Analyzer/blob/main/docs/Rules/MA0016.md) [C:\Projects\Hazina\src\Core\AI\Hazina.AI.RAG\Hazina.AI.RAG.csproj::TargetFramework=net10.0]
C:\Projects\Hazina\src\Core\AI\Hazina.AI.RAG\Graph\Retrieval\HybridRetrievalService.cs(400,13): warning MA0048: File name must match type name (https://github.com/meziantou/Meziantou.Analyzer/blob/main/docs/Rules/MA0048.md) [C:\Projects\Hazina\src\Core\AI\Hazina.AI.RAG\Hazina.AI.RAG.csproj::TargetFramework=net10.0]
C:\Projects\Hazina\src\Core\AI\Hazina.AI.RAG\Graph\Retrieval\HybridRetrievalService.cs(410,14): warning MA0048: File name must match type name (https://github.com/meziantou/Meziantou.Analyzer/blob/main/docs/Rules/MA0048.md) [C:\Projects\Hazina\src\Core\AI\Hazina.AI.RAG\Hazina.AI.RAG.csproj::TargetFramework=net10.0]
C:\Projects\Hazina\src\Core\AI\Hazina.AI.RAG\Graph\Retrieval\HybridRetrievalService.cs(413,1): warning SA1516: Elements should be separated by blank line (https://github.com/DotNetAnalyzers/StyleCopAnalyzers/blob/master/documentation/SA1516.md) [C:\Projects\Hazina\src\Core\AI\Hazina.AI.RAG\Hazina.AI.RAG.csproj::TargetFramework=net10.0]
C:\Projects\Hazina\src\Core\AI\Hazina.AI.RAG\Graph\Retrieval\HybridRetrievalService.cs(414,1): warning SA1516: Elements should be separated by blank line (https://github.com/DotNetAnalyzers/StyleCopAnalyzers/blob/master/documentation/SA1516.md) [C:\Projects\Hazina\src\Core\AI\Hazina.AI.RAG\Hazina.AI.RAG.csproj::TargetFramework=net10.0]
C:\Projects\Hazina\src\Core\AI\Hazina.AI.RAG\Graph\Retrieval\HybridRetrievalService.cs(415,1): warning SA1516: Elements should be separated by blank line (https://github.com/DotNetAnalyzers/StyleCopAnalyzers/blob/master/documentation/SA1516.md) [C:\Projects\Hazina\src\Core\AI\Hazina.AI.RAG\Hazina.AI.RAG.csproj::TargetFramework=net10.0]
C:\Projects\Hazina\src\Core\AI\Hazina.AI.RAG\Graph\Retrieval\HybridRetrievalService.cs(416,1): warning SA1516: Elements should be separated by blank line (https://github.com/DotNetAnalyzers/StyleCopAnalyzers/blob/master/documentation/SA1516.md) [C:\Projects\Hazina\src\Core\AI\Hazina.AI.RAG\Hazina.AI.RAG.csproj::TargetFramework=net10.0]
C:\Projects\Hazina\src\Core\AI\Hazina.AI.RAG\Graph\Retrieval\HybridRetrievalService.cs(417,1): warning SA1516: Elements should be separated by blank line (https://github.com/DotNetAnalyzers/StyleCopAnalyzers/blob/master/documentation/SA1516.md) [C:\Projects\Hazina\src\Core\AI\Hazina.AI.RAG\Hazina.AI.RAG.csproj::TargetFramework=net10.0]
C:\Projects\Hazina\src\Core\AI\Hazina.AI.RAG\Graph\Retrieval\HybridRetrievalService.cs(418,1): warning SA1516: Elements should be separated by blank line (https://github.com/DotNetAnalyzers/StyleCopAnalyzers/blob/master/documentation/SA1516.md) [C:\Projects\Hazina\src\Core\AI\Hazina.AI.RAG\Hazina.AI.RAG.csproj::TargetFramework=net10.0]
C:\Projects\Hazina\src\Core\AI\Hazina.AI.RAG\Interfaces\IRetrievalPipeline.cs(4,73): warning SA1629: Documentation text should end with a period (https://github.com/DotNetAnalyzers/StyleCopAnalyzers/blob/master/documentation/SA1629.md) [C:\Projects\Hazina\src\Core\AI\Hazina.AI.RAG\Hazina.AI.RAG.csproj::TargetFramework=net10.0]
C:\Projects\Hazina\src\Core\AI\Hazina.AI.RAG\Graph\Pipeline\LLMEntityExtractor.cs(166,24): warning S3459: Remove unassigned auto-property 'Description', or set its value. (https://rules.sonarsource.com/csharp/RSPEC-3459) [C:\Projects\Hazina\src\Core\AI\Hazina.AI.RAG\Hazina.AI.RAG.csproj::TargetFramework=net10.0]
C:\Projects\Hazina\src\Core\AI\Hazina.AI.RAG\Graph\Pipeline\LLMEntityExtractor.cs(167,44): warning S3459: Remove unassigned auto-property 'Properties', or set its value. (https://rules.sonarsource.com/csharp/RSPEC-3459) [C:\Projects\Hazina\src\Core\AI\Hazina.AI.RAG\Hazina.AI.RAG.csproj::TargetFramework=net10.0]
C:\Projects\Hazina\src\Core\AI\Hazina.AI.RAG\Graph\Retrieval\HybridRetrievalService.cs(424,13): warning MA0048: File name must match type name (https://github.com/meziantou/Meziantou.Analyzer/blob/main/docs/Rules/MA0048.md) [C:\Projects\Hazina\src\Core\AI\Hazina.AI.RAG\Hazina.AI.RAG.csproj::TargetFramework=net10.0]
C:\Projects\Hazina\src\Core\AI\Hazina.AI.RAG\Graph\Pipeline\LLMRelationshipExtractor.cs(202,24): warning S3459: Remove unassigned auto-property 'Description', or set its value. (https://rules.sonarsource.com/csharp/RSPEC-3459) [C:\Projects\Hazina\src\Core\AI\Hazina.AI.RAG\Hazina.AI.RAG.csproj::TargetFramework=net10.0]
C:\Projects\Hazina\src\Core\AI\Hazina.AI.RAG\Graph\Pipeline\LLMEntityExtractor.cs(166,43): warning S1144: Remove the unused private set accessor in property 'Description'. (https://rules.sonarsource.com/csharp/RSPEC-1144) [C:\Projects\Hazina\src\Core\AI\Hazina.AI.RAG\Hazina.AI.RAG.csproj::TargetFramework=net10.0]
C:\Projects\Hazina\src\Core\AI\Hazina.AI.RAG\Graph\Pipeline\LLMEntityExtractor.cs(167,62): warning S1144: Remove the unused private set accessor in property 'Properties'. (https://rules.sonarsource.com/csharp/RSPEC-1144) [C:\Projects\Hazina\src\Core\AI\Hazina.AI.RAG\Hazina.AI.RAG.csproj::TargetFramework=net10.0]
C:\Projects\Hazina\src\Core\AI\Hazina.AI.RAG\Graph\Pipeline\LLMEntityExtractor.cs(12,14): warning S101: Rename class 'LLMEntityExtractor' to match pascal case naming rules, consider using 'LlmEntityExtractor'. (https://rules.sonarsource.com/csharp/RSPEC-101) [C:\Projects\Hazina\src\Core\AI\Hazina.AI.RAG\Hazina.AI.RAG.csproj::TargetFramework=net10.0]
C:\Projects\Hazina\src\Core\AI\Hazina.AI.RAG\Graph\Models\GraphPath.cs(27,14): warning MA0048: File name must match type name (https://github.com/meziantou/Meziantou.Analyzer/blob/main/docs/Rules/MA0048.md) [C:\Projects\Hazina\src\Core\AI\Hazina.AI.RAG\Hazina.AI.RAG.csproj::TargetFramework=net10.0]
C:\Projects\Hazina\src\Core\AI\Hazina.AI.RAG\Graph\Models\GraphPath.cs(33,25): warning CA2227: Change 'AllowedRelationTypes' to be read-only by removing the property setter (https://learn.microsoft.com/dotnet/fundamentals/code-analysis/quality-rules/ca2227) [C:\Projects\Hazina\src\Core\AI\Hazina.AI.RAG\Hazina.AI.RAG.csproj::TargetFramework=net10.0]
C:\Projects\Hazina\src\Core\AI\Hazina.AI.RAG\Graph\Models\GraphPath.cs(33,25): warning CA1002: Change 'List<string>' in 'PathFindingOptions.AllowedRelationTypes' to use 'Collection<T>', 'ReadOnlyCollection<T>' or 'KeyedCollection<K,V>' (https://learn.microsoft.com/dotnet/fundamentals/code-analysis/quality-rules/ca1002) [C:\Projects\Hazina\src\Core\AI\Hazina.AI.RAG\Hazina.AI.RAG.csproj::TargetFramework=net10.0]
C:\Projects\Hazina\src\Core\AI\Hazina.AI.RAG\Graph\Models\GraphPath.cs(33,12): warning MA0016: Prefer using collection abstraction instead of implementation (https://github.com/meziantou/Meziantou.Analyzer/blob/main/docs/Rules/MA0016.md) [C:\Projects\Hazina\src\Core\AI\Hazina.AI.RAG\Hazina.AI.RAG.csproj::TargetFramework=net10.0]
C:\Projects\Hazina\src\Core\AI\Hazina.AI.RAG\Graph\Pipeline\LLMRelationshipExtractor.cs(19,26): warning SA1310: Field 'RELATIONSHIP_EXTRACTION_PROMPT' should not contain an underscore (https://github.com/DotNetAnalyzers/StyleCopAnalyzers/blob/master/documentation/SA1310.md) [C:\Projects\Hazina\src\Core\AI\Hazina.AI.RAG\Hazina.AI.RAG.csproj::TargetFramework=net10.0]
C:\Projects\Hazina\src\Core\AI\Hazina.AI.RAG\Embeddings\HierarchicalChunker.cs(1,1): warning SA1633: The file header is missing or not located at the top of the file. (https://github.com/DotNetAnalyzers/StyleCopAnalyzers/blob/master/documentation/SA1633.md) [C:\Projects\Hazina\src\Core\AI\Hazina.AI.RAG\Hazina.AI.RAG.csproj::TargetFramework=net10.0]
C:\Projects\Hazina\src\Core\AI\Hazina.AI.RAG\Graph\Models\GraphPath.cs(34,25): warning CA2227: Change 'AllowedEntityTypes' to be read-only by removing the property setter (https://learn.microsoft.com/dotnet/fundamentals/code-analysis/quality-rules/ca2227) [C:\Projects\Hazina\src\Core\AI\Hazina.AI.RAG\Hazina.AI.RAG.csproj::TargetFramework=net10.0]
C:\Projects\Hazina\src\Core\AI\Hazina.AI.RAG\Graph\Models\GraphPath.cs(34,25): warning CA1002: Change 'List<string>' in 'PathFindingOptions.AllowedEntityTypes' to use 'Collection<T>', 'ReadOnlyCollection<T>' or 'KeyedCollection<K,V>' (https://learn.microsoft.com/dotnet/fundamentals/code-analysis/quality-rules/ca1002) [C:\Projects\Hazina\src\Core\AI\Hazina.AI.RAG\Hazina.AI.RAG.csproj::TargetFramework=net10.0]
C:\Projects\Hazina\src\Core\AI\Hazina.AI.RAG\Graph\Models\GraphPath.cs(34,12): warning MA0016: Prefer using collection abstraction instead of implementation (https://github.com/meziantou/Meziantou.Analyzer/blob/main/docs/Rules/MA0016.md) [C:\Projects\Hazina\src\Core\AI\Hazina.AI.RAG\Hazina.AI.RAG.csproj::TargetFramework=net10.0]
C:\Projects\Hazina\src\Core\AI\Hazina.AI.RAG\Graph\Models\GraphPath.cs(32,43): warning CA1805: Member 'AllowCycles' is explicitly initialized to its default value (https://learn.microsoft.com/dotnet/fundamentals/code-analysis/quality-rules/ca1805) [C:\Projects\Hazina\src\Core\AI\Hazina.AI.RAG\Hazina.AI.RAG.csproj::TargetFramework=net10.0]
C:\Projects\Hazina\src\Core\AI\Hazina.AI.RAG\Graph\Pipeline\LLMRelationshipExtractor.cs(202,43): warning S1144: Remove the unused private set accessor in property 'Description'. (https://rules.sonarsource.com/csharp/RSPEC-1144) [C:\Projects\Hazina\src\Core\AI\Hazina.AI.RAG\Hazina.AI.RAG.csproj::TargetFramework=net10.0]
C:\Projects\Hazina\src\Core\AI\Hazina.AI.RAG\Graph\Models\GraphPath.cs(38,13): warning MA0048: File name must match type name (https://github.com/meziantou/Meziantou.Analyzer/blob/main/docs/Rules/MA0048.md) [C:\Projects\Hazina\src\Core\AI\Hazina.AI.RAG\Hazina.AI.RAG.csproj::TargetFramework=net10.0]
C:\Projects\Hazina\src\Core\AI\Hazina.AI.RAG\Graph\Models\GraphPath.cs(30,1): warning SA1516: Elements should be separated by blank line (https://github.com/DotNetAnalyzers/StyleCopAnalyzers/blob/master/documentation/SA1516.md) [C:\Projects\Hazina\src\Core\AI\Hazina.AI.RAG\Hazina.AI.RAG.csproj::TargetFramework=net10.0]
C:\Projects\Hazina\src\Core\AI\Hazina.AI.RAG\Graph\Models\GraphPath.cs(31,1): warning SA1516: Elements should be separated by blank line (https://github.com/DotNetAnalyzers/StyleCopAnalyzers/blob/master/documentation/SA1516.md) [C:\Projects\Hazina\src\Core\AI\Hazina.AI.RAG\Hazina.AI.RAG.csproj::TargetFramework=net10.0]
C:\Projects\Hazina\src\Core\AI\Hazina.AI.RAG\Graph\Models\GraphPath.cs(32,1): warning SA1516: Elements should be separated by blank line (https://github.com/DotNetAnalyzers/StyleCopAnalyzers/blob/master/documentation/SA1516.md) [C:\Projects\Hazina\src\Core\AI\Hazina.AI.RAG\Hazina.AI.RAG.csproj::TargetFramework=net10.0]
C:\Projects\Hazina\src\Core\AI\Hazina.AI.RAG\Graph\Models\GraphPath.cs(33,1): warning SA1516: Elements should be separated by blank line (https://github.com/DotNetAnalyzers/StyleCopAnalyzers/blob/master/documentation/SA1516.md) [C:\Projects\Hazina\src\Core\AI\Hazina.AI.RAG\Hazina.AI.RAG.csproj::TargetFramework=net10.0]
C:\Projects\Hazina\src\Core\AI\Hazina.AI.RAG\Graph\Models\GraphPath.cs(34,1): warning SA1516: Elements should be separated by blank line (https://github.com/DotNetAnalyzers/StyleCopAnalyzers/blob/master/documentation/SA1516.md) [C:\Projects\Hazina\src\Core\AI\Hazina.AI.RAG\Hazina.AI.RAG.csproj::TargetFramework=net10.0]
C:\Projects\Hazina\src\Core\AI\Hazina.AI.RAG\Graph\Models\GraphPath.cs(35,1): warning SA1516: Elements should be separated by blank line (https://github.com/DotNetAnalyzers/StyleCopAnalyzers/blob/master/documentation/SA1516.md) [C:\Projects\Hazina\src\Core\AI\Hazina.AI.RAG\Hazina.AI.RAG.csproj::TargetFramework=net10.0]
C:\Projects\Hazina\src\Core\AI\Hazina.AI.RAG\Graph\Pipeline\LLMRelationshipExtractor.cs(13,14): warning S101: Rename class 'LLMRelationshipExtractor' to match pascal case naming rules, consider using 'LlmRelationshipExtractor'. (https://rules.sonarsource.com/csharp/RSPEC-101) [C:\Projects\Hazina\src\Core\AI\Hazina.AI.RAG\Hazina.AI.RAG.csproj::TargetFramework=net10.0]
C:\Projects\Hazina\src\Core\AI\Hazina.AI.RAG\Graph\Models\GraphPath.cs(38,42): warning SA1136: Enum values should be on separate lines (https://github.com/DotNetAnalyzers/StyleCopAnalyzers/blob/master/documentation/SA1136.md) [C:\Projects\Hazina\src\Core\AI\Hazina.AI.RAG\Hazina.AI.RAG.csproj::TargetFramework=net10.0]
C:\Projects\Hazina\src\Core\AI\Hazina.AI.RAG\Graph\Models\GraphPath.cs(38,54): warning SA1136: Enum values should be on separate lines (https://github.com/DotNetAnalyzers/StyleCopAnalyzers/blob/master/documentation/SA1136.md) [C:\Projects\Hazina\src\Core\AI\Hazina.AI.RAG\Hazina.AI.RAG.csproj::TargetFramework=net10.0]
C:\Projects\Hazina\src\Core\AI\Hazina.AI.RAG\Graph\Models\GraphPath.cs(38,65): warning SA1136: Enum values should be on separate lines (https://github.com/DotNetAnalyzers/StyleCopAnalyzers/blob/master/documentation/SA1136.md) [C:\Projects\Hazina\src\Core\AI\Hazina.AI.RAG\Hazina.AI.RAG.csproj::TargetFramework=net10.0]
C:\Projects\Hazina\src\Core\AI\Hazina.AI.RAG\Embeddings\HierarchicalChunker.cs(351,14): warning SA1402: File may only contain a single type (https://github.com/DotNetAnalyzers/StyleCopAnalyzers/blob/master/documentation/SA1402.md) [C:\Projects\Hazina\src\Core\AI\Hazina.AI.RAG\Hazina.AI.RAG.csproj::TargetFramework=net10.0]
C:\Projects\Hazina\src\Core\AI\Hazina.AI.RAG\Retrieval\Reranker.cs(7,57): warning SA1629: Documentation text should end with a period (https://github.com/DotNetAnalyzers/StyleCopAnalyzers/blob/master/documentation/SA1629.md) [C:\Projects\Hazina\src\Core\AI\Hazina.AI.RAG\Hazina.AI.RAG.csproj::TargetFramework=net10.0]
C:\Projects\Hazina\src\Core\AI\Hazina.AI.RAG\Graph\Pipeline\LLMRelationshipExtractor.cs(200,1): warning SA1516: Elements should be separated by blank line (https://github.com/DotNetAnalyzers/StyleCopAnalyzers/blob/master/documentation/SA1516.md) [C:\Projects\Hazina\src\Core\AI\Hazina.AI.RAG\Hazina.AI.RAG.csproj::TargetFramework=net10.0]
C:\Projects\Hazina\src\Core\AI\Hazina.AI.RAG\Graph\Pipeline\LLMRelationshipExtractor.cs(201,1): warning SA1516: Elements should be separated by blank line (https://github.com/DotNetAnalyzers/StyleCopAnalyzers/blob/master/documentation/SA1516.md) [C:\Projects\Hazina\src\Core\AI\Hazina.AI.RAG\Hazina.AI.RAG.csproj::TargetFramework=net10.0]
C:\Projects\Hazina\src\Core\AI\Hazina.AI.RAG\Graph\Pipeline\LLMRelationshipExtractor.cs(202,1): warning SA1516: Elements should be separated by blank line (https://github.com/DotNetAnalyzers/StyleCopAnalyzers/blob/master/documentation/SA1516.md) [C:\Projects\Hazina\src\Core\AI\Hazina.AI.RAG\Hazina.AI.RAG.csproj::TargetFramework=net10.0]
C:\Projects\Hazina\src\Core\AI\Hazina.AI.RAG\Graph\Pipeline\LLMRelationshipExtractor.cs(203,1): warning SA1516: Elements should be separated by blank line (https://github.com/DotNetAnalyzers/StyleCopAnalyzers/blob/master/documentation/SA1516.md) [C:\Projects\Hazina\src\Core\AI\Hazina.AI.RAG\Hazina.AI.RAG.csproj::TargetFramework=net10.0]
C:\Projects\Hazina\src\Core\AI\Hazina.AI.RAG\Graph\Pipeline\LLMRelationshipExtractor.cs(204,1): warning SA1516: Elements should be separated by blank line (https://github.com/DotNetAnalyzers/StyleCopAnalyzers/blob/master/documentation/SA1516.md) [C:\Projects\Hazina\src\Core\AI\Hazina.AI.RAG\Hazina.AI.RAG.csproj::TargetFramework=net10.0]
C:\Projects\Hazina\src\Core\AI\Hazina.AI.RAG\Graph\Models\GraphRelationship.cs(24,14): warning MA0048: File name must match type name (https://github.com/meziantou/Meziantou.Analyzer/blob/main/docs/Rules/MA0048.md) [C:\Projects\Hazina\src\Core\AI\Hazina.AI.RAG\Hazina.AI.RAG.csproj::TargetFramework=net10.0]
C:\Projects\Hazina\src\Core\AI\Hazina.AI.RAG\Graph\Pipeline\LLMEntityExtractor.cs(18,26): warning SA1310: Field 'ENTITY_EXTRACTION_PROMPT' should not contain an underscore (https://github.com/DotNetAnalyzers/StyleCopAnalyzers/blob/master/documentation/SA1310.md) [C:\Projects\Hazina\src\Core\AI\Hazina.AI.RAG\Hazina.AI.RAG.csproj::TargetFramework=net10.0]
C:\Projects\Hazina\src\Core\AI\Hazina.AI.RAG\Graph\Pipeline\LLMRelationshipExtractor.cs(204,51): warning CA1805: Member 'IsBidirectional' is explicitly initialized to its default value (https://learn.microsoft.com/dotnet/fundamentals/code-analysis/quality-rules/ca1805) [C:\Projects\Hazina\src\Core\AI\Hazina.AI.RAG\Hazina.AI.RAG.csproj::TargetFramework=net10.0]
C:\Projects\Hazina\src\Core\AI\Hazina.AI.RAG\Graph\Pipeline\LLMEntityExtractor.cs(165,1): warning SA1516: Elements should be separated by blank line (https://github.com/DotNetAnalyzers/StyleCopAnalyzers/blob/master/documentation/SA1516.md) [C:\Projects\Hazina\src\Core\AI\Hazina.AI.RAG\Hazina.AI.RAG.csproj::TargetFramework=net10.0]
C:\Projects\Hazina\src\Core\AI\Hazina.AI.RAG\Graph\Pipeline\LLMEntityExtractor.cs(166,1): warning SA1516: Elements should be separated by blank line (https://github.com/DotNetAnalyzers/StyleCopAnalyzers/blob/master/documentation/SA1516.md) [C:\Projects\Hazina\src\Core\AI\Hazina.AI.RAG\Hazina.AI.RAG.csproj::TargetFramework=net10.0]
C:\Projects\Hazina\src\Core\AI\Hazina.AI.RAG\Graph\Pipeline\LLMEntityExtractor.cs(167,1): warning SA1516: Elements should be separated by blank line (https://github.com/DotNetAnalyzers/StyleCopAnalyzers/blob/master/documentation/SA1516.md) [C:\Projects\Hazina\src\Core\AI\Hazina.AI.RAG\Hazina.AI.RAG.csproj::TargetFramework=net10.0]
C:\Projects\Hazina\src\Core\AI\Hazina.AI.RAG\Graph\Pipeline\LLMEntityExtractor.cs(168,1): warning SA1516: Elements should be separated by blank line (https://github.com/DotNetAnalyzers/StyleCopAnalyzers/blob/master/documentation/SA1516.md) [C:\Projects\Hazina\src\Core\AI\Hazina.AI.RAG\Hazina.AI.RAG.csproj::TargetFramework=net10.0]
C:\Projects\Hazina\src\Core\AI\Hazina.AI.RAG\Graph\Models\GraphRelationship.cs(27,1): warning SA1516: Elements should be separated by blank line (https://github.com/DotNetAnalyzers/StyleCopAnalyzers/blob/master/documentation/SA1516.md) [C:\Projects\Hazina\src\Core\AI\Hazina.AI.RAG\Hazina.AI.RAG.csproj::TargetFramework=net10.0]
C:\Projects\Hazina\src\Core\AI\Hazina.AI.RAG\Graph\Models\GraphRelationship.cs(28,1): warning SA1516: Elements should be separated by blank line (https://github.com/DotNetAnalyzers/StyleCopAnalyzers/blob/master/documentation/SA1516.md) [C:\Projects\Hazina\src\Core\AI\Hazina.AI.RAG\Hazina.AI.RAG.csproj::TargetFramework=net10.0]
C:\Projects\Hazina\src\Core\AI\Hazina.AI.RAG\Graph\Models\GraphRelationship.cs(9,1): warning SA1516: Elements should be separated by blank line (https://github.com/DotNetAnalyzers/StyleCopAnalyzers/blob/master/documentation/SA1516.md) [C:\Projects\Hazina\src\Core\AI\Hazina.AI.RAG\Hazina.AI.RAG.csproj::TargetFramework=net10.0]
C:\Projects\Hazina\src\Core\AI\Hazina.AI.RAG\Graph\Models\GraphRelationship.cs(10,1): warning SA1516: Elements should be separated by blank line (https://github.com/DotNetAnalyzers/StyleCopAnalyzers/blob/master/documentation/SA1516.md) [C:\Projects\Hazina\src\Core\AI\Hazina.AI.RAG\Hazina.AI.RAG.csproj::TargetFramework=net10.0]
C:\Projects\Hazina\src\Core\AI\Hazina.AI.RAG\Graph\Models\GraphRelationship.cs(11,1): warning SA1516: Elements should be separated by blank line (https://github.com/DotNetAnalyzers/StyleCopAnalyzers/blob/master/documentation/SA1516.md) [C:\Projects\Hazina\src\Core\AI\Hazina.AI.RAG\Hazina.AI.RAG.csproj::TargetFramework=net10.0]
C:\Projects\Hazina\src\Core\AI\Hazina.AI.RAG\Graph\Models\GraphRelationship.cs(20,47): warning CA1805: Member 'IsBidirectional' is explicitly initialized to its default value (https://learn.microsoft.com/dotnet/fundamentals/code-analysis/quality-rules/ca1805) [C:\Projects\Hazina\src\Core\AI\Hazina.AI.RAG\Hazina.AI.RAG.csproj::TargetFramework=net10.0]
C:\Projects\Hazina\src\Core\AI\Hazina.AI.RAG\Graph\Models\GraphRelationship.cs(12,1): warning SA1516: Elements should be separated by blank line (https://github.com/DotNetAnalyzers/StyleCopAnalyzers/blob/master/documentation/SA1516.md) [C:\Projects\Hazina\src\Core\AI\Hazina.AI.RAG\Hazina.AI.RAG.csproj::TargetFramework=net10.0]
C:\Projects\Hazina\src\Core\AI\Hazina.AI.RAG\Graph\Models\GraphRelationship.cs(13,1): warning SA1516: Elements should be separated by blank line (https://github.com/DotNetAnalyzers/StyleCopAnalyzers/blob/master/documentation/SA1516.md) [C:\Projects\Hazina\src\Core\AI\Hazina.AI.RAG\Hazina.AI.RAG.csproj::TargetFramework=net10.0]
C:\Projects\Hazina\src\Core\AI\Hazina.AI.RAG\Graph\Models\GraphRelationship.cs(14,1): warning SA1516: Elements should be separated by blank line (https://github.com/DotNetAnalyzers/StyleCopAnalyzers/blob/master/documentation/SA1516.md) [C:\Projects\Hazina\src\Core\AI\Hazina.AI.RAG\Hazina.AI.RAG.csproj::TargetFramework=net10.0]
C:\Projects\Hazina\src\Core\AI\Hazina.AI.RAG\Graph\Models\GraphRelationship.cs(15,1): warning SA1516: Elements should be separated by blank line (https://github.com/DotNetAnalyzers/StyleCopAnalyzers/blob/master/documentation/SA1516.md) [C:\Projects\Hazina\src\Core\AI\Hazina.AI.RAG\Hazina.AI.RAG.csproj::TargetFramework=net10.0]
C:\Projects\Hazina\src\Core\AI\Hazina.AI.RAG\Graph\Models\GraphRelationship.cs(16,1): warning SA1516: Elements should be separated by blank line (https://github.com/DotNetAnalyzers/StyleCopAnalyzers/blob/master/documentation/SA1516.md) [C:\Projects\Hazina\src\Core\AI\Hazina.AI.RAG\Hazina.AI.RAG.csproj::TargetFramework=net10.0]
C:\Projects\Hazina\src\Core\AI\Hazina.AI.RAG\Graph\Models\GraphRelationship.cs(17,1): warning SA1516: Elements should be separated by blank line (https://github.com/DotNetAnalyzers/StyleCopAnalyzers/blob/master/documentation/SA1516.md) [C:\Projects\Hazina\src\Core\AI\Hazina.AI.RAG\Hazina.AI.RAG.csproj::TargetFramework=net10.0]
C:\Projects\Hazina\src\Core\AI\Hazina.AI.RAG\Graph\Models\GraphRelationship.cs(18,1): warning SA1516: Elements should be separated by blank line (https://github.com/DotNetAnalyzers/StyleCopAnalyzers/blob/master/documentation/SA1516.md) [C:\Projects\Hazina\src\Core\AI\Hazina.AI.RAG\Hazina.AI.RAG.csproj::TargetFramework=net10.0]
C:\Projects\Hazina\src\Core\AI\Hazina.AI.RAG\Graph\Models\GraphRelationship.cs(19,1): warning SA1516: Elements should be separated by blank line (https://github.com/DotNetAnalyzers/StyleCopAnalyzers/blob/master/documentation/SA1516.md) [C:\Projects\Hazina\src\Core\AI\Hazina.AI.RAG\Hazina.AI.RAG.csproj::TargetFramework=net10.0]
C:\Projects\Hazina\src\Core\AI\Hazina.AI.RAG\Graph\Models\GraphRelationship.cs(20,1): warning SA1516: Elements should be separated by blank line (https://github.com/DotNetAnalyzers/StyleCopAnalyzers/blob/master/documentation/SA1516.md) [C:\Projects\Hazina\src\Core\AI\Hazina.AI.RAG\Hazina.AI.RAG.csproj::TargetFramework=net10.0]
C:\Projects\Hazina\src\Core\AI\Hazina.AI.RAG\Graph\Models\GraphRelationship.cs(21,1): warning SA1516: Elements should be separated by blank line (https://github.com/DotNetAnalyzers/StyleCopAnalyzers/blob/master/documentation/SA1516.md) [C:\Projects\Hazina\src\Core\AI\Hazina.AI.RAG\Hazina.AI.RAG.csproj::TargetFramework=net10.0]
C:\Projects\Hazina\src\Core\AI\Hazina.AI.RAG\Graph\Models\GraphRelationship.cs(13,39): warning CA2227: Change 'Properties' to be read-only by removing the property setter (https://learn.microsoft.com/dotnet/fundamentals/code-analysis/quality-rules/ca2227) [C:\Projects\Hazina\src\Core\AI\Hazina.AI.RAG\Hazina.AI.RAG.csproj::TargetFramework=net10.0]
C:\Projects\Hazina\src\Core\AI\Hazina.AI.RAG\Graph\Models\GraphRelationship.cs(13,12): warning MA0016: Prefer using collection abstraction instead of implementation (https://github.com/meziantou/Meziantou.Analyzer/blob/main/docs/Rules/MA0016.md) [C:\Projects\Hazina\src\Core\AI\Hazina.AI.RAG\Hazina.AI.RAG.csproj::TargetFramework=net10.0]
C:\Projects\Hazina\src\Core\AI\Hazina.AI.RAG\Graph\Pipeline\LLMTextService.cs(9,14): warning S101: Rename class 'LLMTextService' to match pascal case naming rules, consider using 'LlmTextService'. (https://rules.sonarsource.com/csharp/RSPEC-101) [C:\Projects\Hazina\src\Core\AI\Hazina.AI.RAG\Hazina.AI.RAG.csproj::TargetFramework=net10.0]
C:\Projects\Hazina\src\Core\AI\Hazina.AI.RAG\Graph\Models\GraphSchema.cs(12,39): warning CA2227: Change 'RelationHierarchy' to be read-only by removing the property setter (https://learn.microsoft.com/dotnet/fundamentals/code-analysis/quality-rules/ca2227) [C:\Projects\Hazina\src\Core\AI\Hazina.AI.RAG\Hazina.AI.RAG.csproj::TargetFramework=net10.0]
C:\Projects\Hazina\src\Core\AI\Hazina.AI.RAG\Graph\Models\GraphSchema.cs(11,39): warning CA2227: Change 'EntityHierarchy' to be read-only by removing the property setter (https://learn.microsoft.com/dotnet/fundamentals/code-analysis/quality-rules/ca2227) [C:\Projects\Hazina\src\Core\AI\Hazina.AI.RAG\Hazina.AI.RAG.csproj::TargetFramework=net10.0]
C:\Projects\Hazina\src\Core\AI\Hazina.AI.RAG\Graph\Models\GraphSchema.cs(10,45): warning CA2227: Change 'AllowedRelations' to be read-only by removing the property setter (https://learn.microsoft.com/dotnet/fundamentals/code-analysis/quality-rules/ca2227) [C:\Projects\Hazina\src\Core\AI\Hazina.AI.RAG\Hazina.AI.RAG.csproj::TargetFramework=net10.0]
C:\Projects\Hazina\src\Core\AI\Hazina.AI.RAG\Graph\Models\GraphSchema.cs(12,12): warning MA0016: Prefer using collection abstraction instead of implementation (https://github.com/meziantou/Meziantou.Analyzer/blob/main/docs/Rules/MA0016.md) [C:\Projects\Hazina\src\Core\AI\Hazina.AI.RAG\Hazina.AI.RAG.csproj::TargetFramework=net10.0]
C:\Projects\Hazina\src\Core\AI\Hazina.AI.RAG\Graph\Models\GraphSchema.cs(10,12): warning MA0016: Prefer using collection abstraction instead of implementation (https://github.com/meziantou/Meziantou.Analyzer/blob/main/docs/Rules/MA0016.md) [C:\Projects\Hazina\src\Core\AI\Hazina.AI.RAG\Hazina.AI.RAG.csproj::TargetFramework=net10.0]
C:\Projects\Hazina\src\Core\AI\Hazina.AI.RAG\Graph\Models\GraphSchema.cs(11,12): warning MA0016: Prefer using collection abstraction instead of implementation (https://github.com/meziantou/Meziantou.Analyzer/blob/main/docs/Rules/MA0016.md) [C:\Projects\Hazina\src\Core\AI\Hazina.AI.RAG\Hazina.AI.RAG.csproj::TargetFramework=net10.0]
C:\Projects\Hazina\src\Core\AI\Hazina.AI.RAG\Graph\Models\GraphSchema.cs(8,25): warning CA2227: Change 'EntityTypes' to be read-only by removing the property setter (https://learn.microsoft.com/dotnet/fundamentals/code-analysis/quality-rules/ca2227) [C:\Projects\Hazina\src\Core\AI\Hazina.AI.RAG\Hazina.AI.RAG.csproj::TargetFramework=net10.0]
C:\Projects\Hazina\src\Core\AI\Hazina.AI.RAG\Graph\Models\GraphSchema.cs(8,25): warning CA1002: Change 'List<string>' in 'GraphSchema.EntityTypes' to use 'Collection<T>', 'ReadOnlyCollection<T>' or 'KeyedCollection<K,V>' (https://learn.microsoft.com/dotnet/fundamentals/code-analysis/quality-rules/ca1002) [C:\Projects\Hazina\src\Core\AI\Hazina.AI.RAG\Hazina.AI.RAG.csproj::TargetFramework=net10.0]
C:\Projects\Hazina\src\Core\AI\Hazina.AI.RAG\Graph\Models\GraphSchema.cs(8,12): warning MA0016: Prefer using collection abstraction instead of implementation (https://github.com/meziantou/Meziantou.Analyzer/blob/main/docs/Rules/MA0016.md) [C:\Projects\Hazina\src\Core\AI\Hazina.AI.RAG\Hazina.AI.RAG.csproj::TargetFramework=net10.0]
C:\Projects\Hazina\src\Core\AI\Hazina.AI.RAG\Graph\Models\GraphSchema.cs(9,1): warning SA1516: Elements should be separated by blank line (https://github.com/DotNetAnalyzers/StyleCopAnalyzers/blob/master/documentation/SA1516.md) [C:\Projects\Hazina\src\Core\AI\Hazina.AI.RAG\Hazina.AI.RAG.csproj::TargetFramework=net10.0]
C:\Projects\Hazina\src\Core\AI\Hazina.AI.RAG\Graph\Models\GraphSchema.cs(10,1): warning SA1516: Elements should be separated by blank line (https://github.com/DotNetAnalyzers/StyleCopAnalyzers/blob/master/documentation/SA1516.md) [C:\Projects\Hazina\src\Core\AI\Hazina.AI.RAG\Hazina.AI.RAG.csproj::TargetFramework=net10.0]
C:\Projects\Hazina\src\Core\AI\Hazina.AI.RAG\Graph\Models\GraphSchema.cs(11,1): warning SA1516: Elements should be separated by blank line (https://github.com/DotNetAnalyzers/StyleCopAnalyzers/blob/master/documentation/SA1516.md) [C:\Projects\Hazina\src\Core\AI\Hazina.AI.RAG\Hazina.AI.RAG.csproj::TargetFramework=net10.0]
C:\Projects\Hazina\src\Core\AI\Hazina.AI.RAG\Graph\Models\GraphSchema.cs(12,1): warning SA1516: Elements should be separated by blank line (https://github.com/DotNetAnalyzers/StyleCopAnalyzers/blob/master/documentation/SA1516.md) [C:\Projects\Hazina\src\Core\AI\Hazina.AI.RAG\Hazina.AI.RAG.csproj::TargetFramework=net10.0]
C:\Projects\Hazina\src\Core\AI\Hazina.AI.RAG\Graph\Models\GraphSchema.cs(13,1): warning SA1516: Elements should be separated by blank line (https://github.com/DotNetAnalyzers/StyleCopAnalyzers/blob/master/documentation/SA1516.md) [C:\Projects\Hazina\src\Core\AI\Hazina.AI.RAG\Hazina.AI.RAG.csproj::TargetFramework=net10.0]
C:\Projects\Hazina\src\Core\AI\Hazina.AI.RAG\Graph\Models\GraphSchema.cs(16,1): warning SA1516: Elements should be separated by blank line (https://github.com/DotNetAnalyzers/StyleCopAnalyzers/blob/master/documentation/SA1516.md) [C:\Projects\Hazina\src\Core\AI\Hazina.AI.RAG\Hazina.AI.RAG.csproj::TargetFramework=net10.0]
C:\Projects\Hazina\src\Core\AI\Hazina.AI.RAG\Graph\Models\GraphSchema.cs(19,1): warning SA1516: Elements should be separated by blank line (https://github.com/DotNetAnalyzers/StyleCopAnalyzers/blob/master/documentation/SA1516.md) [C:\Projects\Hazina\src\Core\AI\Hazina.AI.RAG\Hazina.AI.RAG.csproj::TargetFramework=net10.0]
C:\Projects\Hazina\src\Core\AI\Hazina.AI.RAG\Graph\Models\GraphRelationship.cs(13,66): warning MA0002: Use an overload that has a IEqualityComparer<string> or IComparer<string> parameter (https://github.com/meziantou/Meziantou.Analyzer/blob/main/docs/Rules/MA0002.md) [C:\Projects\Hazina\src\Core\AI\Hazina.AI.RAG\Hazina.AI.RAG.csproj::TargetFramework=net10.0]
C:\Projects\Hazina\src\Core\AI\Hazina.AI.RAG\Graph\Models\GraphSchema.cs(10,78): warning MA0002: Use an overload that has a IEqualityComparer<string> or IComparer<string> parameter (https://github.com/meziantou/Meziantou.Analyzer/blob/main/docs/Rules/MA0002.md) [C:\Projects\Hazina\src\Core\AI\Hazina.AI.RAG\Hazina.AI.RAG.csproj::TargetFramework=net10.0]
C:\Projects\Hazina\src\Core\AI\Hazina.AI.RAG\Graph\Models\GraphSchema.cs(9,25): warning CA2227: Change 'RelationTypes' to be read-only by removing the property setter (https://learn.microsoft.com/dotnet/fundamentals/code-analysis/quality-rules/ca2227) [C:\Projects\Hazina\src\Core\AI\Hazina.AI.RAG\Hazina.AI.RAG.csproj::TargetFramework=net10.0]
C:\Projects\Hazina\src\Core\AI\Hazina.AI.RAG\Graph\Models\GraphSchema.cs(9,25): warning CA1002: Change 'List<string>' in 'GraphSchema.RelationTypes' to use 'Collection<T>', 'ReadOnlyCollection<T>' or 'KeyedCollection<K,V>' (https://learn.microsoft.com/dotnet/fundamentals/code-analysis/quality-rules/ca1002) [C:\Projects\Hazina\src\Core\AI\Hazina.AI.RAG\Hazina.AI.RAG.csproj::TargetFramework=net10.0]
C:\Projects\Hazina\src\Core\AI\Hazina.AI.RAG\Graph\Models\GraphSchema.cs(9,12): warning MA0016: Prefer using collection abstraction instead of implementation (https://github.com/meziantou/Meziantou.Analyzer/blob/main/docs/Rules/MA0016.md) [C:\Projects\Hazina\src\Core\AI\Hazina.AI.RAG\Hazina.AI.RAG.csproj::TargetFramework=net10.0]
C:\Projects\Hazina\src\Core\AI\Hazina.AI.RAG\Graph\Models\GraphSchema.cs(13,48): warning CA1805: Member 'StrictValidation' is explicitly initialized to its default value (https://learn.microsoft.com/dotnet/fundamentals/code-analysis/quality-rules/ca1805) [C:\Projects\Hazina\src\Core\AI\Hazina.AI.RAG\Hazina.AI.RAG.csproj::TargetFramework=net10.0]
C:\Projects\Hazina\src\Core\AI\Hazina.AI.RAG\Graph\Models\GraphSchema.cs(11,71): warning MA0002: Use an overload that has a IEqualityComparer<string> or IComparer<string> parameter (https://github.com/meziantou/Meziantou.Analyzer/blob/main/docs/Rules/MA0002.md) [C:\Projects\Hazina\src\Core\AI\Hazina.AI.RAG\Hazina.AI.RAG.csproj::TargetFramework=net10.0]
C:\Projects\Hazina\src\Core\AI\Hazina.AI.RAG\Graph\Models\GraphSchema.cs(12,73): warning MA0002: Use an overload that has a IEqualityComparer<string> or IComparer<string> parameter (https://github.com/meziantou/Meziantou.Analyzer/blob/main/docs/Rules/MA0002.md) [C:\Projects\Hazina\src\Core\AI\Hazina.AI.RAG\Hazina.AI.RAG.csproj::TargetFramework=net10.0]
C:\Projects\Hazina\src\Core\AI\Hazina.AI.RAG\Graph\Models\GraphPath.cs(9,36): warning CA2227: Change 'Relationships' to be read-only by removing the property setter (https://learn.microsoft.com/dotnet/fundamentals/code-analysis/quality-rules/ca2227) [C:\Projects\Hazina\src\Core\AI\Hazina.AI.RAG\Hazina.AI.RAG.csproj::TargetFramework=net10.0]
C:\Projects\Hazina\src\Core\AI\Hazina.AI.RAG\Graph\Models\GraphPath.cs(9,36): warning CA1002: Change 'List<GraphRelationship>' in 'GraphPath.Relationships' to use 'Collection<T>', 'ReadOnlyCollection<T>' or 'KeyedCollection<K,V>' (https://learn.microsoft.com/dotnet/fundamentals/code-analysis/quality-rules/ca1002) [C:\Projects\Hazina\src\Core\AI\Hazina.AI.RAG\Hazina.AI.RAG.csproj::TargetFramework=net10.0]
C:\Projects\Hazina\src\Core\AI\Hazina.AI.RAG\Graph\Models\GraphPath.cs(9,12): warning MA0016: Prefer using collection abstraction instead of implementation (https://github.com/meziantou/Meziantou.Analyzer/blob/main/docs/Rules/MA0016.md) [C:\Projects\Hazina\src\Core\AI\Hazina.AI.RAG\Hazina.AI.RAG.csproj::TargetFramework=net10.0]
C:\Projects\Hazina\src\Core\AI\Hazina.AI.RAG\Graph\Models\GraphPath.cs(8,30): warning CA2227: Change 'Entities' to be read-only by removing the property setter (https://learn.microsoft.com/dotnet/fundamentals/code-analysis/quality-rules/ca2227) [C:\Projects\Hazina\src\Core\AI\Hazina.AI.RAG\Hazina.AI.RAG.csproj::TargetFramework=net10.0]
C:\Projects\Hazina\src\Core\AI\Hazina.AI.RAG\Graph\Models\GraphPath.cs(8,30): warning CA1002: Change 'List<GraphEntity>' in 'GraphPath.Entities' to use 'Collection<T>', 'ReadOnlyCollection<T>' or 'KeyedCollection<K,V>' (https://learn.microsoft.com/dotnet/fundamentals/code-analysis/quality-rules/ca1002) [C:\Projects\Hazina\src\Core\AI\Hazina.AI.RAG\Hazina.AI.RAG.csproj::TargetFramework=net10.0]
C:\Projects\Hazina\src\Core\AI\Hazina.AI.RAG\Graph\Models\GraphPath.cs(8,12): warning MA0016: Prefer using collection abstraction instead of implementation (https://github.com/meziantou/Meziantou.Analyzer/blob/main/docs/Rules/MA0016.md) [C:\Projects\Hazina\src\Core\AI\Hazina.AI.RAG\Hazina.AI.RAG.csproj::TargetFramework=net10.0]
C:\Projects\Hazina\src\Core\AI\Hazina.AI.RAG\Graph\Storage\IGraphStore.cs(106,14): warning MA0048: File name must match type name (https://github.com/meziantou/Meziantou.Analyzer/blob/main/docs/Rules/MA0048.md) [C:\Projects\Hazina\src\Core\AI\Hazina.AI.RAG\Hazina.AI.RAG.csproj::TargetFramework=net10.0]
C:\Projects\Hazina\src\Core\AI\Hazina.AI.RAG\Graph\Models\GraphPath.cs(9,1): warning SA1516: Elements should be separated by blank line (https://github.com/DotNetAnalyzers/StyleCopAnalyzers/blob/master/documentation/SA1516.md) [C:\Projects\Hazina\src\Core\AI\Hazina.AI.RAG\Hazina.AI.RAG.csproj::TargetFramework=net10.0]
C:\Projects\Hazina\src\Core\AI\Hazina.AI.RAG\Graph\Models\GraphPath.cs(10,1): warning SA1516: Elements should be separated by blank line (https://github.com/DotNetAnalyzers/StyleCopAnalyzers/blob/master/documentation/SA1516.md) [C:\Projects\Hazina\src\Core\AI\Hazina.AI.RAG\Hazina.AI.RAG.csproj::TargetFramework=net10.0]
C:\Projects\Hazina\src\Core\AI\Hazina.AI.RAG\Graph\Models\GraphPath.cs(11,1): warning SA1516: Elements should be separated by blank line (https://github.com/DotNetAnalyzers/StyleCopAnalyzers/blob/master/documentation/SA1516.md) [C:\Projects\Hazina\src\Core\AI\Hazina.AI.RAG\Hazina.AI.RAG.csproj::TargetFramework=net10.0]
C:\Projects\Hazina\src\Core\AI\Hazina.AI.RAG\Graph\Models\GraphPath.cs(12,1): warning SA1516: Elements should be separated by blank line (https://github.com/DotNetAnalyzers/StyleCopAnalyzers/blob/master/documentation/SA1516.md) [C:\Projects\Hazina\src\Core\AI\Hazina.AI.RAG\Hazina.AI.RAG.csproj::TargetFramework=net10.0]
C:\Projects\Hazina\src\Core\AI\Hazina.AI.RAG\Graph\Models\GraphPath.cs(13,1): warning SA1516: Elements should be separated by blank line (https://github.com/DotNetAnalyzers/StyleCopAnalyzers/blob/master/documentation/SA1516.md) [C:\Projects\Hazina\src\Core\AI\Hazina.AI.RAG\Hazina.AI.RAG.csproj::TargetFramework=net10.0]
C:\Projects\Hazina\src\Core\AI\Hazina.AI.RAG\Graph\Models\GraphPath.cs(14,1): warning SA1516: Elements should be separated by blank line (https://github.com/DotNetAnalyzers/StyleCopAnalyzers/blob/master/documentation/SA1516.md) [C:\Projects\Hazina\src\Core\AI\Hazina.AI.RAG\Hazina.AI.RAG.csproj::TargetFramework=net10.0]
C:\Projects\Hazina\src\Core\AI\Hazina.AI.RAG\Graph\Storage\IGraphStore.cs(111,36): warning CA2227: Change 'RelationshipTypeDistribution' to be read-only by removing the property setter (https://learn.microsoft.com/dotnet/fundamentals/code-analysis/quality-rules/ca2227) [C:\Projects\Hazina\src\Core\AI\Hazina.AI.RAG\Hazina.AI.RAG.csproj::TargetFramework=net10.0]
C:\Projects\Hazina\src\Core\AI\Hazina.AI.RAG\Graph\Storage\IGraphStore.cs(110,36): warning CA2227: Change 'EntityTypeDistribution' to be read-only by removing the property setter (https://learn.microsoft.com/dotnet/fundamentals/code-analysis/quality-rules/ca2227) [C:\Projects\Hazina\src\Core\AI\Hazina.AI.RAG\Hazina.AI.RAG.csproj::TargetFramework=net10.0]
C:\Projects\Hazina\src\Core\AI\Hazina.AI.RAG\Graph\Models\GraphPath.cs(11,39): warning CA1805: Member 'Score' is explicitly initialized to its default value (https://learn.microsoft.com/dotnet/fundamentals/code-analysis/quality-rules/ca1805) [C:\Projects\Hazina\src\Core\AI\Hazina.AI.RAG\Hazina.AI.RAG.csproj::TargetFramework=net10.0]
C:\Projects\Hazina\src\Core\AI\Hazina.AI.RAG\Graph\Storage\IGraphStore.cs(109,1): warning SA1516: Elements should be separated by blank line (https://github.com/DotNetAnalyzers/StyleCopAnalyzers/blob/master/documentation/SA1516.md) [C:\Projects\Hazina\src\Core\AI\Hazina.AI.RAG\Hazina.AI.RAG.csproj::TargetFramework=net10.0]
C:\Projects\Hazina\src\Core\AI\Hazina.AI.RAG\Graph\Storage\IGraphStore.cs(110,1): warning SA1516: Elements should be separated by blank line (https://github.com/DotNetAnalyzers/StyleCopAnalyzers/blob/master/documentation/SA1516.md) [C:\Projects\Hazina\src\Core\AI\Hazina.AI.RAG\Hazina.AI.RAG.csproj::TargetFramework=net10.0]
C:\Projects\Hazina\src\Core\AI\Hazina.AI.RAG\Graph\Storage\IGraphStore.cs(111,1): warning SA1516: Elements should be separated by blank line (https://github.com/DotNetAnalyzers/StyleCopAnalyzers/blob/master/documentation/SA1516.md) [C:\Projects\Hazina\src\Core\AI\Hazina.AI.RAG\Hazina.AI.RAG.csproj::TargetFramework=net10.0]
C:\Projects\Hazina\src\Core\AI\Hazina.AI.RAG\Graph\Storage\IGraphStore.cs(110,12): warning MA0016: Prefer using collection abstraction instead of implementation (https://github.com/meziantou/Meziantou.Analyzer/blob/main/docs/Rules/MA0016.md) [C:\Projects\Hazina\src\Core\AI\Hazina.AI.RAG\Hazina.AI.RAG.csproj::TargetFramework=net10.0]
C:\Projects\Hazina\src\Core\AI\Hazina.AI.RAG\Graph\Storage\IGraphStore.cs(111,12): warning MA0016: Prefer using collection abstraction instead of implementation (https://github.com/meziantou/Meziantou.Analyzer/blob/main/docs/Rules/MA0016.md) [C:\Projects\Hazina\src\Core\AI\Hazina.AI.RAG\Hazina.AI.RAG.csproj::TargetFramework=net10.0]
C:\Projects\Hazina\src\Core\AI\Hazina.AI.RAG\Graph\Storage\IGraphStore.cs(110,75): warning MA0002: Use an overload that has a IEqualityComparer<string> or IComparer<string> parameter (https://github.com/meziantou/Meziantou.Analyzer/blob/main/docs/Rules/MA0002.md) [C:\Projects\Hazina\src\Core\AI\Hazina.AI.RAG\Hazina.AI.RAG.csproj::TargetFramework=net10.0]
C:\Projects\Hazina\src\Core\AI\Hazina.AI.RAG\Graph\Storage\SQLiteGraphStore.cs(14,14): warning CA1063: Provide an overridable implementation of Dispose(bool) on 'SQLiteGraphStore' or mark the type as sealed. A call to Dispose(false) should only clean up native resources. A call to Dispose(true) should clean up both managed and native resources. (https://learn.microsoft.com/dotnet/fundamentals/code-analysis/quality-rules/ca1063) [C:\Projects\Hazina\src\Core\AI\Hazina.AI.RAG\Hazina.AI.RAG.csproj::TargetFramework=net10.0]
C:\Projects\Hazina\src\Core\AI\Hazina.AI.RAG\Graph\Storage\InMemoryGraphStore.cs(13,87): warning MA0002: Use an overload that has a IEqualityComparer<string> or IComparer<string> parameter (https://github.com/meziantou/Meziantou.Analyzer/blob/main/docs/Rules/MA0002.md) [C:\Projects\Hazina\src\Core\AI\Hazina.AI.RAG\Hazina.AI.RAG.csproj::TargetFramework=net10.0]
C:\Projects\Hazina\src\Core\AI\Hazina.AI.RAG\Graph\Storage\IGraphStore.cs(111,81): warning MA0002: Use an overload that has a IEqualityComparer<string> or IComparer<string> parameter (https://github.com/meziantou/Meziantou.Analyzer/blob/main/docs/Rules/MA0002.md) [C:\Projects\Hazina\src\Core\AI\Hazina.AI.RAG\Hazina.AI.RAG.csproj::TargetFramework=net10.0]
C:\Projects\Hazina\src\Core\AI\Hazina.AI.RAG\Graph\Storage\InMemoryGraphStore.cs(14,88): warning MA0002: Use an overload that has a IEqualityComparer<string> or IComparer<string> parameter (https://github.com/meziantou/Meziantou.Analyzer/blob/main/docs/Rules/MA0002.md) [C:\Projects\Hazina\src\Core\AI\Hazina.AI.RAG\Hazina.AI.RAG.csproj::TargetFramework=net10.0]
C:\Projects\Hazina\src\Core\AI\Hazina.AI.RAG\Graph\Storage\InMemoryGraphStore.cs(12,76): warning MA0002: Use an overload that has a IEqualityComparer<string> or IComparer<string> parameter (https://github.com/meziantou/Meziantou.Analyzer/blob/main/docs/Rules/MA0002.md) [C:\Projects\Hazina\src\Core\AI\Hazina.AI.RAG\Hazina.AI.RAG.csproj::TargetFramework=net10.0]
C:\Projects\Hazina\src\Core\AI\Hazina.AI.RAG\Core\RAGEngine.cs(644,5): warning MA0016: Prefer using collection abstraction instead of implementation (https://github.com/meziantou/Meziantou.Analyzer/blob/main/docs/Rules/MA0016.md) [C:\Projects\Hazina\src\Core\AI\Hazina.AI.RAG\Hazina.AI.RAG.csproj::TargetFramework=net10.0]
C:\Projects\Hazina\src\Core\AI\Hazina.AI.RAG\Core\RAGEngine.cs(643,49): warning MA0016: Prefer using collection abstraction instead of implementation (https://github.com/meziantou/Meziantou.Analyzer/blob/main/docs/Rules/MA0016.md) [C:\Projects\Hazina\src\Core\AI\Hazina.AI.RAG\Hazina.AI.RAG.csproj::TargetFramework=net10.0]
C:\Projects\Hazina\src\Core\AI\Hazina.AI.RAG\Graph\Storage\SQLiteGraphStore.cs(14,14): warning S3881: Fix this implementation of 'IDisposable' to conform to the dispose pattern. (https://rules.sonarsource.com/csharp/RSPEC-3881) [C:\Projects\Hazina\src\Core\AI\Hazina.AI.RAG\Hazina.AI.RAG.csproj::TargetFramework=net10.0]
C:\Projects\Hazina\src\Core\AI\Hazina.AI.RAG\Embeddings\HierarchicalChunkerExtensions.cs(118,20): warning MA0026: TODO Implement LLM-based section summarization (https://github.com/meziantou/Meziantou.Analyzer/blob/main/docs/Rules/MA0026.md) [C:\Projects\Hazina\src\Core\AI\Hazina.AI.RAG\Hazina.AI.RAG.csproj::TargetFramework=net10.0]
C:\Projects\Hazina\src\Core\AI\Hazina.AI.RAG\Embeddings\HierarchicalChunkerExtensions.cs(118,20): warning S1135: Complete the task associated to this 'TODO' comment. (https://rules.sonarsource.com/csharp/RSPEC-1135) [C:\Projects\Hazina\src\Core\AI\Hazina.AI.RAG\Hazina.AI.RAG.csproj::TargetFramework=net10.0]
C:\Projects\Hazina\src\Core\AI\Hazina.AI.RAG\Embeddings\HierarchicalChunkerExtensions.cs(1,1): warning SA1633: The file header is missing or not located at the top of the file. (https://github.com/DotNetAnalyzers/StyleCopAnalyzers/blob/master/documentation/SA1633.md) [C:\Projects\Hazina\src\Core\AI\Hazina.AI.RAG\Hazina.AI.RAG.csproj::TargetFramework=net10.0]
C:\Projects\Hazina\src\Core\Agents\Hazina.AgentFactory\Core\AgentManager.cs(119,62): warning CS8625: Cannot convert null literal to non-nullable reference type. [C:\Projects\Hazina\src\Core\Agents\Hazina.AgentFactory\Hazina.AgentFactory.csproj::TargetFramework=net9.0]
C:\Projects\Hazina\src\Core\Agents\Hazina.AgentFactory\Core\AgentManager.cs(149,102): warning CS8625: Cannot convert null literal to non-nullable reference type. [C:\Projects\Hazina\src\Core\Agents\Hazina.AgentFactory\Hazina.AgentFactory.csproj::TargetFramework=net9.0]
C:\Projects\Hazina\src\Core\Agents\Hazina.AgentFactory\Core\AgentManager.cs(172,106): warning CS8625: Cannot convert null literal to non-nullable reference type. [C:\Projects\Hazina\src\Core\Agents\Hazina.AgentFactory\Hazina.AgentFactory.csproj::TargetFramework=net9.0]
C:\Projects\Hazina\src\Core\Agents\Hazina.AgentFactory\Models\AgentCardModel.cs(38,46): warning CS8612: Nullability of reference types in type of 'event PropertyChangedEventHandler AgentCardModel.PropertyChanged' doesn't match implicitly implemented member 'event PropertyChangedEventHandler? INotifyPropertyChanged.PropertyChanged'. [C:\Projects\Hazina\src\Core\Agents\Hazina.AgentFactory\Hazina.AgentFactory.csproj::TargetFramework=net9.0]
C:\Projects\Hazina\src\Core\Agents\Hazina.AgentFactory\Models\FlowCardModels.cs(56,46): warning CS8612: Nullability of reference types in type of 'event PropertyChangedEventHandler FlowCardModel.PropertyChanged' doesn't match implicitly implemented member 'event PropertyChangedEventHandler? INotifyPropertyChanged.PropertyChanged'. [C:\Projects\Hazina\src\Core\Agents\Hazina.AgentFactory\Hazina.AgentFactory.csproj::TargetFramework=net9.0]
C:\Projects\Hazina\src\Core\Agents\Hazina.AgentFactory\Core\QuickAgentCreator.cs(23,41): warning CS8625: Cannot convert null literal to non-nullable reference type. [C:\Projects\Hazina\src\Core\Agents\Hazina.AgentFactory\Hazina.AgentFactory.csproj::TargetFramework=net9.0]
C:\Projects\Hazina\src\Core\Agents\Hazina.AgentFactory\Core\QuickAgentCreator.cs(24,38): warning CS8625: Cannot convert null literal to non-nullable reference type. [C:\Projects\Hazina\src\Core\Agents\Hazina.AgentFactory\Hazina.AgentFactory.csproj::TargetFramework=net9.0]
C:\Projects\Hazina\src\Core\Agents\Hazina.AgentFactory\Core\QuickAgentCreator.cs(25,37): warning CS8625: Cannot convert null literal to non-nullable reference type. [C:\Projects\Hazina\src\Core\Agents\Hazina.AgentFactory\Hazina.AgentFactory.csproj::TargetFramework=net9.0]
C:\Projects\Hazina\src\Core\Agents\Hazina.AgentFactory\Models\FlowCardModels.cs(94,46): warning CS8612: Nullability of reference types in type of 'event PropertyChangedEventHandler FlowCardsBindingModel.PropertyChanged' doesn't match implicitly implemented member 'event PropertyChangedEventHandler? INotifyPropertyChanged.PropertyChanged'. [C:\Projects\Hazina\src\Core\Agents\Hazina.AgentFactory\Hazina.AgentFactory.csproj::TargetFramework=net9.0]
C:\Projects\Hazina\src\Core\Agents\Hazina.AgentFactory\Core\StoresAndAgentsAndFlowLoader.cs(92,141): warning CS8625: Cannot convert null literal to non-nullable reference type. [C:\Projects\Hazina\src\Core\Agents\Hazina.AgentFactory\Hazina.AgentFactory.csproj::TargetFramework=net9.0]
C:\Projects\Hazina\src\Core\Agents\Hazina.AgentFactory\Models\StoreEntry.cs(19,50): warning CS8612: Nullability of reference types in type of 'event PropertyChangedEventHandler StoreEntry.PropertyChanged' doesn't match implicitly implemented member 'event PropertyChangedEventHandler? INotifyPropertyChanged.PropertyChanged'. [C:\Projects\Hazina\src\Core\Agents\Hazina.AgentFactory\Hazina.AgentFactory.csproj::TargetFramework=net9.0]
C:\Projects\Hazina\src\Core\Agents\Hazina.AgentFactory\Configuration\Formatters\FlowConfigFormatHelper.cs(15,24): error CS8603: Possible null reference return. [C:\Projects\Hazina\src\Core\Agents\Hazina.AgentFactory\Hazina.AgentFactory.csproj::TargetFramework=net9.0]
C:\Projects\Hazina\src\Core\Agents\Hazina.AgentFactory\Configuration\Formatters\AgentConfigFormatHelper.cs(17,24): error CS8603: Possible null reference return. [C:\Projects\Hazina\src\Core\Agents\Hazina.AgentFactory\Hazina.AgentFactory.csproj::TargetFramework=net9.0]
C:\Projects\Hazina\src\Core\Agents\Hazina.AgentFactory\Configuration\Formatters\StoreConfigFormatHelper.cs(17,24): error CS8603: Possible null reference return. [C:\Projects\Hazina\src\Core\Agents\Hazina.AgentFactory\Hazina.AgentFactory.csproj::TargetFramework=net9.0]
C:\Projects\Hazina\src\Core\Agents\Hazina.AgentFactory\Models\FlowCardModels.cs(99,36): warning CS8622: Nullability of reference types in type of parameter 'sender' of 'void FlowCardsBindingModel.Cards_CollectionChanged(object sender, NotifyCollectionChangedEventArgs e)' doesn't match the target delegate 'NotifyCollectionChangedEventHandler' (possibly because of nullability attributes). [C:\Projects\Hazina\src\Core\Agents\Hazina.AgentFactory\Hazina.AgentFactory.csproj::TargetFramework=net9.0]
C:\Projects\Hazina\src\Core\Agents\Hazina.AgentFactory\Models\FlowCardModels.cs(97,12): warning CS8618: Non-nullable event 'PropertyChanged' must contain a non-null value when exiting constructor. Consider adding the 'required' modifier or declaring the event as nullable. [C:\Projects\Hazina\src\Core\Agents\Hazina.AgentFactory\Hazina.AgentFactory.csproj::TargetFramework=net9.0]
C:\Projects\Hazina\src\Core\AI\Hazina.AI.RAG\Embeddings\HierarchicalChunkerExtensions.cs(87,13): warning SA1009: Closing parenthesis should not be preceded by a space (https://github.com/DotNetAnalyzers/StyleCopAnalyzers/blob/master/documentation/SA1009.md) [C:\Projects\Hazina\src\Core\AI\Hazina.AI.RAG\Hazina.AI.RAG.csproj::TargetFramework=net10.0]
C:\Projects\Hazina\src\Core\Agents\Hazina.AgentFactory\Models\FlowCardModels.cs(44,12): warning CS8618: Non-nullable field '_name' must contain a non-null value when exiting constructor. Consider adding the 'required' modifier or declaring the field as nullable. [C:\Projects\Hazina\src\Core\Agents\Hazina.AgentFactory\Hazina.AgentFactory.csproj::TargetFramework=net9.0]
C:\Projects\Hazina\src\Core\Agents\Hazina.AgentFactory\Models\FlowCardModels.cs(44,12): warning CS8618: Non-nullable field '_description' must contain a non-null value when exiting constructor. Consider adding the 'required' modifier or declaring the field as nullable. [C:\Projects\Hazina\src\Core\Agents\Hazina.AgentFactory\Hazina.AgentFactory.csproj::TargetFramework=net9.0]
C:\Projects\Hazina\src\Core\Agents\Hazina.AgentFactory\Models\FlowCardModels.cs(44,12): warning CS8618: Non-nullable field '_newAgentToAdd' must contain a non-null value when exiting constructor. Consider adding the 'required' modifier or declaring the field as nullable. [C:\Projects\Hazina\src\Core\Agents\Hazina.AgentFactory\Hazina.AgentFactory.csproj::TargetFramework=net9.0]
C:\Projects\Hazina\src\Core\Agents\Hazina.AgentFactory\Models\FlowCardModels.cs(44,12): warning CS8618: Non-nullable event 'PropertyChanged' must contain a non-null value when exiting constructor. Consider adding the 'required' modifier or declaring the event as nullable. [C:\Projects\Hazina\src\Core\Agents\Hazina.AgentFactory\Hazina.AgentFactory.csproj::TargetFramework=net9.0]
C:\Projects\Hazina\src\Core\Agents\Hazina.AgentFactory\Models\FlowCardModels.cs(49,12): warning CS8618: Non-nullable field '_newAgentToAdd' must contain a non-null value when exiting constructor. Consider adding the 'required' modifier or declaring the field as nullable. [C:\Projects\Hazina\src\Core\Agents\Hazina.AgentFactory\Hazina.AgentFactory.csproj::TargetFramework=net9.0]
C:\Projects\Hazina\src\Core\Agents\Hazina.AgentFactory\Models\FlowCardModels.cs(49,12): warning CS8618: Non-nullable event 'PropertyChanged' must contain a non-null value when exiting constructor. Consider adding the 'required' modifier or declaring the event as nullable. [C:\Projects\Hazina\src\Core\Agents\Hazina.AgentFactory\Hazina.AgentFactory.csproj::TargetFramework=net9.0]
C:\Projects\Hazina\src\Core\AI\Hazina.AI.RAG\Embeddings\LLMMetadataExtractor.cs(1,1): warning SA1633: The file header is missing or not located at the top of the file. (https://github.com/DotNetAnalyzers/StyleCopAnalyzers/blob/master/documentation/SA1633.md) [C:\Projects\Hazina\src\Core\AI\Hazina.AI.RAG\Hazina.AI.RAG.csproj::TargetFramework=net10.0]
C:\Projects\Hazina\src\Core\Agents\Hazina.AgentFactory\Models\FlowCardModels.cs(111,46): warning CS8622: Nullability of reference types in type of parameter 'sender' of 'void FlowCardsBindingModel.OnCardPropertyChanged(object sender, PropertyChangedEventArgs e)' doesn't match the target delegate 'PropertyChangedEventHandler' (possibly because of nullability attributes). [C:\Projects\Hazina\src\Core\Agents\Hazina.AgentFactory\Hazina.AgentFactory.csproj::TargetFramework=net9.0]
C:\Projects\Hazina\src\Core\Agents\Hazina.AgentFactory\Models\FlowCardModels.cs(120,46): warning CS8622: Nullability of reference types in type of parameter 'sender' of 'void FlowCardsBindingModel.OnCardPropertyChanged(object sender, PropertyChangedEventArgs e)' doesn't match the target delegate 'PropertyChangedEventHandler' (possibly because of nullability attributes). [C:\Projects\Hazina\src\Core\Agents\Hazina.AgentFactory\Hazina.AgentFactory.csproj::TargetFramework=net9.0]
C:\Projects\Hazina\src\Core\AI\Hazina.AI.RAG\Interfaces\IRetriever.cs(17,5): warning MA0016: Prefer using collection abstraction instead of implementation (https://github.com/meziantou/Meziantou.Analyzer/blob/main/docs/Rules/MA0016.md) [C:\Projects\Hazina\src\Core\AI\Hazina.AI.RAG\Hazina.AI.RAG.csproj::TargetFramework=net10.0]
C:\Projects\Hazina\src\Core\AI\Hazina.AI.RAG\Interfaces\IRetrievalPipeline.cs(17,5): warning MA0016: Prefer using collection abstraction instead of implementation (https://github.com/meziantou/Meziantou.Analyzer/blob/main/docs/Rules/MA0016.md) [C:\Projects\Hazina\src\Core\AI\Hazina.AI.RAG\Hazina.AI.RAG.csproj::TargetFramework=net10.0]
C:\Projects\Hazina\src\Core\Agents\Hazina.AgentFactory\Models\FlowCardModels.cs(134,37): warning CS8622: Nullability of reference types in type of parameter 'sender' of 'void FlowCardsBindingModel.OnCardPropertyChanged(object sender, PropertyChangedEventArgs e)' doesn't match the target delegate 'PropertyChangedEventHandler' (possibly because of nullability attributes). [C:\Projects\Hazina\src\Core\Agents\Hazina.AgentFactory\Hazina.AgentFactory.csproj::TargetFramework=net9.0]
C:\Projects\Hazina\src\Core\AI\Hazina.AI.RAG\Interfaces\IRetriever.cs(10,52): warning SA1629: Documentation text should end with a period (https://github.com/DotNetAnalyzers/StyleCopAnalyzers/blob/master/documentation/SA1629.md) [C:\Projects\Hazina\src\Core\AI\Hazina.AI.RAG\Hazina.AI.RAG.csproj::TargetFramework=net10.0]
C:\Projects\Hazina\src\Core\AI\Hazina.AI.RAG\Interfaces\IRetriever.cs(12,44): warning SA1629: Documentation text should end with a period (https://github.com/DotNetAnalyzers/StyleCopAnalyzers/blob/master/documentation/SA1629.md) [C:\Projects\Hazina\src\Core\AI\Hazina.AI.RAG\Hazina.AI.RAG.csproj::TargetFramework=net10.0]
C:\Projects\Hazina\src\Core\AI\Hazina.AI.RAG\Interfaces\IRetriever.cs(13,60): warning SA1629: Documentation text should end with a period (https://github.com/DotNetAnalyzers/StyleCopAnalyzers/blob/master/documentation/SA1629.md) [C:\Projects\Hazina\src\Core\AI\Hazina.AI.RAG\Hazina.AI.RAG.csproj::TargetFramework=net10.0]
C:\Projects\Hazina\src\Core\AI\Hazina.AI.RAG\Interfaces\IRetriever.cs(14,76): warning SA1629: Documentation text should end with a period (https://github.com/DotNetAnalyzers/StyleCopAnalyzers/blob/master/documentation/SA1629.md) [C:\Projects\Hazina\src\Core\AI\Hazina.AI.RAG\Hazina.AI.RAG.csproj::TargetFramework=net10.0]
C:\Projects\Hazina\src\Core\AI\Hazina.AI.RAG\Interfaces\IRetriever.cs(15,59): warning SA1629: Documentation text should end with a period (https://github.com/DotNetAnalyzers/StyleCopAnalyzers/blob/master/documentation/SA1629.md) [C:\Projects\Hazina\src\Core\AI\Hazina.AI.RAG\Hazina.AI.RAG.csproj::TargetFramework=net10.0]
C:\Projects\Hazina\src\Core\AI\Hazina.AI.RAG\Interfaces\IRetriever.cs(16,68): warning SA1629: Documentation text should end with a period (https://github.com/DotNetAnalyzers/StyleCopAnalyzers/blob/master/documentation/SA1629.md) [C:\Projects\Hazina\src\Core\AI\Hazina.AI.RAG\Hazina.AI.RAG.csproj::TargetFramework=net10.0]
C:\Projects\Hazina\src\Core\AI\Hazina.AI.RAG\Interfaces\IRetriever.cs(22,5): warning SA1111: Closing parenthesis should be on line of last parameter (https://github.com/DotNetAnalyzers/StyleCopAnalyzers/blob/master/documentation/SA1111.md) [C:\Projects\Hazina\src\Core\AI\Hazina.AI.RAG\Hazina.AI.RAG.csproj::TargetFramework=net10.0]
C:\Projects\Hazina\src\Core\AI\Hazina.AI.RAG\Interfaces\IRetrievalPipeline.cs(9,44): warning SA1629: Documentation text should end with a period (https://github.com/DotNetAnalyzers/StyleCopAnalyzers/blob/master/documentation/SA1629.md) [C:\Projects\Hazina\src\Core\AI\Hazina.AI.RAG\Hazina.AI.RAG.csproj::TargetFramework=net10.0]
C:\Projects\Hazina\src\Core\AI\Hazina.AI.RAG\Interfaces\IRetrievalPipeline.cs(11,39): warning SA1629: Documentation text should end with a period (https://github.com/DotNetAnalyzers/StyleCopAnalyzers/blob/master/documentation/SA1629.md) [C:\Projects\Hazina\src\Core\AI\Hazina.AI.RAG\Hazina.AI.RAG.csproj::TargetFramework=net10.0]
C:\Projects\Hazina\src\Core\AI\Hazina.AI.RAG\Interfaces\IRetrievalPipeline.cs(12,79): warning SA1629: Documentation text should end with a period (https://github.com/DotNetAnalyzers/StyleCopAnalyzers/blob/master/documentation/SA1629.md) [C:\Projects\Hazina\src\Core\AI\Hazina.AI.RAG\Hazina.AI.RAG.csproj::TargetFramework=net10.0]
C:\Projects\Hazina\src\Core\AI\Hazina.AI.RAG\Interfaces\IRetrievalPipeline.cs(13,81): warning SA1629: Documentation text should end with a period (https://github.com/DotNetAnalyzers/StyleCopAnalyzers/blob/master/documentation/SA1629.md) [C:\Projects\Hazina\src\Core\AI\Hazina.AI.RAG\Hazina.AI.RAG.csproj::TargetFramework=net10.0]
C:\Projects\Hazina\src\Core\AI\Hazina.AI.RAG\Interfaces\IRetrievalPipeline.cs(14,79): warning SA1629: Documentation text should end with a period (https://github.com/DotNetAnalyzers/StyleCopAnalyzers/blob/master/documentation/SA1629.md) [C:\Projects\Hazina\src\Core\AI\Hazina.AI.RAG\Hazina.AI.RAG.csproj::TargetFramework=net10.0]
C:\Projects\Hazina\src\Core\AI\Hazina.AI.RAG\Interfaces\IRetrievalPipeline.cs(15,59): warning SA1629: Documentation text should end with a period (https://github.com/DotNetAnalyzers/StyleCopAnalyzers/blob/master/documentation/SA1629.md) [C:\Projects\Hazina\src\Core\AI\Hazina.AI.RAG\Hazina.AI.RAG.csproj::TargetFramework=net10.0]
C:\Projects\Hazina\src\Core\AI\Hazina.AI.RAG\Interfaces\IRetrievalPipeline.cs(16,43): warning SA1629: Documentation text should end with a period (https://github.com/DotNetAnalyzers/StyleCopAnalyzers/blob/master/documentation/SA1629.md) [C:\Projects\Hazina\src\Core\AI\Hazina.AI.RAG\Hazina.AI.RAG.csproj::TargetFramework=net10.0]
C:\Projects\Hazina\src\Core\AI\Hazina.AI.RAG\Interfaces\IRetrievalPipeline.cs(23,5): warning SA1111: Closing parenthesis should be on line of last parameter (https://github.com/DotNetAnalyzers/StyleCopAnalyzers/blob/master/documentation/SA1111.md) [C:\Projects\Hazina\src\Core\AI\Hazina.AI.RAG\Hazina.AI.RAG.csproj::TargetFramework=net10.0]
C:\Projects\Hazina\src\Core\AI\Hazina.AI.RAG\Embeddings\LLMMetadataExtractor.cs(59,13): warning SA1009: Closing parenthesis should not be preceded by a space (https://github.com/DotNetAnalyzers/StyleCopAnalyzers/blob/master/documentation/SA1009.md) [C:\Projects\Hazina\src\Core\AI\Hazina.AI.RAG\Hazina.AI.RAG.csproj::TargetFramework=net10.0]
C:\Projects\Hazina\src\Core\AI\Hazina.AI.RAG\Embeddings\LLMMetadataExtractor.cs(99,17): warning SA1009: Closing parenthesis should not be preceded by a space (https://github.com/DotNetAnalyzers/StyleCopAnalyzers/blob/master/documentation/SA1009.md) [C:\Projects\Hazina\src\Core\AI\Hazina.AI.RAG\Hazina.AI.RAG.csproj::TargetFramework=net10.0]
C:\Projects\Hazina\src\Core\AI\Hazina.AI.RAG\Embeddings\LLMMetadataExtractor.cs(133,13): warning SA1009: Closing parenthesis should not be preceded by a space (https://github.com/DotNetAnalyzers/StyleCopAnalyzers/blob/master/documentation/SA1009.md) [C:\Projects\Hazina\src\Core\AI\Hazina.AI.RAG\Hazina.AI.RAG.csproj::TargetFramework=net10.0]
C:\Projects\Hazina\src\Core\AI\Hazina.AI.RAG\Embeddings\LLMMetadataExtractor.cs(145,17): warning SA1009: Closing parenthesis should not be preceded by a space (https://github.com/DotNetAnalyzers/StyleCopAnalyzers/blob/master/documentation/SA1009.md) [C:\Projects\Hazina\src\Core\AI\Hazina.AI.RAG\Hazina.AI.RAG.csproj::TargetFramework=net10.0]
C:\Projects\Hazina\src\Core\AI\Hazina.AI.RAG\Interfaces\IReranker.cs(19,35): warning CA1002: Change 'List<IRetrievalCandidate>' in 'IReranker.RerankAsync(string, List<IRetrievalCandidate>, [int], [CancellationToken])' to use 'Collection<T>', 'ReadOnlyCollection<T>' or 'KeyedCollection<K,V>' (https://learn.microsoft.com/dotnet/fundamentals/code-analysis/quality-rules/ca1002) [C:\Projects\Hazina\src\Core\AI\Hazina.AI.RAG\Hazina.AI.RAG.csproj::TargetFramework=net10.0]
C:\Projects\Hazina\src\Core\AI\Hazina.AI.RAG\Interfaces\IReranker.cs(17,5): warning MA0016: Prefer using collection abstraction instead of implementation (https://github.com/meziantou/Meziantou.Analyzer/blob/main/docs/Rules/MA0016.md) [C:\Projects\Hazina\src\Core\AI\Hazina.AI.RAG\Hazina.AI.RAG.csproj::TargetFramework=net10.0]
C:\Projects\Hazina\src\Core\AI\Hazina.AI.RAG\Interfaces\IReranker.cs(19,9): warning MA0016: Prefer using collection abstraction instead of implementation (https://github.com/meziantou/Meziantou.Analyzer/blob/main/docs/Rules/MA0016.md) [C:\Projects\Hazina\src\Core\AI\Hazina.AI.RAG\Hazina.AI.RAG.csproj::TargetFramework=net10.0]
C:\Projects\Hazina\src\Core\AI\Hazina.AI.RAG\Interfaces\IReranker.cs(10,51): warning SA1629: Documentation text should end with a period (https://github.com/DotNetAnalyzers/StyleCopAnalyzers/blob/master/documentation/SA1629.md) [C:\Projects\Hazina\src\Core\AI\Hazina.AI.RAG\Hazina.AI.RAG.csproj::TargetFramework=net10.0]
C:\Projects\Hazina\src\Core\AI\Hazina.AI.RAG\Interfaces\IReranker.cs(12,44): warning SA1629: Documentation text should end with a period (https://github.com/DotNetAnalyzers/StyleCopAnalyzers/blob/master/documentation/SA1629.md) [C:\Projects\Hazina\src\Core\AI\Hazina.AI.RAG\Hazina.AI.RAG.csproj::TargetFramework=net10.0]
C:\Projects\Hazina\src\Core\Agents\Hazina.AgentFactory\Models\IsReadyResult.cs(6,19): warning CS8618: Non-nullable property 'Message' must contain a non-null value when exiting constructor. Consider adding the 'required' modifier or declaring the property as nullable. [C:\Projects\Hazina\src\Core\Agents\Hazina.AgentFactory\Hazina.AgentFactory.csproj::TargetFramework=net9.0]
C:\Projects\Hazina\src\Core\AI\Hazina.AI.RAG\Interfaces\IReranker.cs(13,54): warning SA1629: Documentation text should end with a period (https://github.com/DotNetAnalyzers/StyleCopAnalyzers/blob/master/documentation/SA1629.md) [C:\Projects\Hazina\src\Core\AI\Hazina.AI.RAG\Hazina.AI.RAG.csproj::TargetFramework=net10.0]
C:\Projects\Hazina\src\Core\AI\Hazina.AI.RAG\Interfaces\IReranker.cs(14,75): warning SA1629: Documentation text should end with a period (https://github.com/DotNetAnalyzers/StyleCopAnalyzers/blob/master/documentation/SA1629.md) [C:\Projects\Hazina\src\Core\AI\Hazina.AI.RAG\Hazina.AI.RAG.csproj::TargetFramework=net10.0]
C:\Projects\Hazina\src\Core\AI\Hazina.AI.RAG\Interfaces\IReranker.cs(15,59): warning SA1629: Documentation text should end with a period (https://github.com/DotNetAnalyzers/StyleCopAnalyzers/blob/master/documentation/SA1629.md) [C:\Projects\Hazina\src\Core\AI\Hazina.AI.RAG\Hazina.AI.RAG.csproj::TargetFramework=net10.0]
C:\Projects\Hazina\src\Core\AI\Hazina.AI.RAG\Interfaces\IReranker.cs(16,64): warning SA1629: Documentation text should end with a period (https://github.com/DotNetAnalyzers/StyleCopAnalyzers/blob/master/documentation/SA1629.md) [C:\Projects\Hazina\src\Core\AI\Hazina.AI.RAG\Hazina.AI.RAG.csproj::TargetFramework=net10.0]
C:\Projects\Hazina\src\Core\AI\Hazina.AI.RAG\Interfaces\IReranker.cs(22,5): warning SA1111: Closing parenthesis should be on line of last parameter (https://github.com/DotNetAnalyzers/StyleCopAnalyzers/blob/master/documentation/SA1111.md) [C:\Projects\Hazina\src\Core\AI\Hazina.AI.RAG\Hazina.AI.RAG.csproj::TargetFramework=net10.0]
C:\Projects\Hazina\src\Core\AI\Hazina.AI.RAG\Embeddings\Models\LLMMetadataResponse.cs(1,1): warning SA1633: The file header is missing or not located at the top of the file. (https://github.com/DotNetAnalyzers/StyleCopAnalyzers/blob/master/documentation/SA1633.md) [C:\Projects\Hazina\src\Core\AI\Hazina.AI.RAG\Hazina.AI.RAG.csproj::TargetFramework=net10.0]
C:\Projects\Hazina\src\Core\AI\Hazina.AI.RAG\Embeddings\Models\LLMMetadataResponse.cs(7,14): warning SA1649: File name should match first type name (https://github.com/DotNetAnalyzers/StyleCopAnalyzers/blob/master/documentation/SA1649.md) [C:\Projects\Hazina\src\Core\AI\Hazina.AI.RAG\Hazina.AI.RAG.csproj::TargetFramework=net10.0]
C:\Projects\Hazina\src\Core\AI\Hazina.AI.RAG\Embeddings\Models\LLMMetadataResponse.cs(59,14): warning SA1402: File may only contain a single type (https://github.com/DotNetAnalyzers/StyleCopAnalyzers/blob/master/documentation/SA1402.md) [C:\Projects\Hazina\src\Core\AI\Hazina.AI.RAG\Hazina.AI.RAG.csproj::TargetFramework=net10.0]
C:\Projects\Hazina\src\Core\AI\Hazina.AI.RAG\Embeddings\Models\LLMMetadataResponse.cs(98,21): warning SA1402: File may only contain a single type (https://github.com/DotNetAnalyzers/StyleCopAnalyzers/blob/master/documentation/SA1402.md) [C:\Projects\Hazina\src\Core\AI\Hazina.AI.RAG\Hazina.AI.RAG.csproj::TargetFramework=net10.0]
C:\Projects\Hazina\src\Core\AI\Hazina.AI.RAG\Embeddings\SemanticChunkingOptions.cs(1,1): warning SA1633: The file header is missing or not located at the top of the file. (https://github.com/DotNetAnalyzers/StyleCopAnalyzers/blob/master/documentation/SA1633.md) [C:\Projects\Hazina\src\Core\AI\Hazina.AI.RAG\Hazina.AI.RAG.csproj::TargetFramework=net10.0]
C:\Projects\Hazina\src\Core\AI\Hazina.AI.RAG\Embeddings\SemanticSimilarityChunker.cs(1,1): warning SA1633: The file header is missing or not located at the top of the file. (https://github.com/DotNetAnalyzers/StyleCopAnalyzers/blob/master/documentation/SA1633.md) [C:\Projects\Hazina\src\Core\AI\Hazina.AI.RAG\Hazina.AI.RAG.csproj::TargetFramework=net10.0]
C:\Projects\Hazina\src\Core\AI\Hazina.AI.RAG\Core\RAGEngine.cs(27,9): warning SA1642: Constructor summary documentation should begin with standard text (https://github.com/DotNetAnalyzers/StyleCopAnalyzers/blob/master/documentation/SA1642.md) [C:\Projects\Hazina\src\Core\AI\Hazina.AI.RAG\Hazina.AI.RAG.csproj::TargetFramework=net10.0]
C:\Projects\Hazina\src\Core\AI\Hazina.AI.RAG\Embeddings\SemanticSimilarityChunker.cs(284,13): warning SA1512: Single-line comments should not be followed by blank line (https://github.com/DotNetAnalyzers/StyleCopAnalyzers/blob/master/documentation/SA1512.md) [C:\Projects\Hazina\src\Core\AI\Hazina.AI.RAG\Hazina.AI.RAG.csproj::TargetFramework=net10.0]
C:\Projects\Hazina\src\Core\AI\Hazina.AI.RAG\Embeddings\SemanticSimilarityChunker.cs(220,14): warning SA1513: Closing brace should be followed by blank line (https://github.com/DotNetAnalyzers/StyleCopAnalyzers/blob/master/documentation/SA1513.md) [C:\Projects\Hazina\src\Core\AI\Hazina.AI.RAG\Hazina.AI.RAG.csproj::TargetFramework=net10.0]
C:\Projects\Hazina\src\Core\Agents\Hazina.AgentFactory\Models\StoreEntry.cs(7,24): warning CS8618: Non-nullable field '_storeName' must contain a non-null value when exiting constructor. Consider adding the 'required' modifier or declaring the field as nullable. [C:\Projects\Hazina\src\Core\Agents\Hazina.AgentFactory\Hazina.AgentFactory.csproj::TargetFramework=net9.0]
C:\Projects\Hazina\src\Core\AI\Hazina.AI.RAG\Embeddings\SemanticSimilarityChunker.cs(217,21): warning SA1515: Single-line comment should be preceded by blank line (https://github.com/DotNetAnalyzers/StyleCopAnalyzers/blob/master/documentation/SA1515.md) [C:\Projects\Hazina\src\Core\AI\Hazina.AI.RAG\Hazina.AI.RAG.csproj::TargetFramework=net10.0]
C:\Projects\Hazina\src\Core\AI\Hazina.AI.RAG\Embeddings\TextChunker.cs(50,28): warning CA1002: Change 'List<TextChunk>' in 'TextChunker.ChunkText(string, [Dictionary<string, object>])' to use 'Collection<T>', 'ReadOnlyCollection<T>' or 'KeyedCollection<K,V>' (https://learn.microsoft.com/dotnet/fundamentals/code-analysis/quality-rules/ca1002) [C:\Projects\Hazina\src\Core\AI\Hazina.AI.RAG\Hazina.AI.RAG.csproj::TargetFramework=net10.0]
C:\Projects\Hazina\src\Core\AI\Hazina.AI.RAG\Embeddings\TextChunker.cs(50,12): warning MA0016: Prefer using collection abstraction instead of implementation (https://github.com/meziantou/Meziantou.Analyzer/blob/main/docs/Rules/MA0016.md) [C:\Projects\Hazina\src\Core\AI\Hazina.AI.RAG\Hazina.AI.RAG.csproj::TargetFramework=net10.0]
C:\Projects\Hazina\src\Core\AI\Hazina.AI.RAG\Embeddings\TextChunker.cs(50,51): warning MA0016: Prefer using collection abstraction instead of implementation (https://github.com/meziantou/Meziantou.Analyzer/blob/main/docs/Rules/MA0016.md) [C:\Projects\Hazina\src\Core\AI\Hazina.AI.RAG\Hazina.AI.RAG.csproj::TargetFramework=net10.0]
C:\Projects\Hazina\src\Core\Agents\Hazina.AgentFactory\Models\StoreEntry.cs(19,50): warning CS8618: Non-nullable event 'PropertyChanged' must contain a non-null value when exiting constructor. Consider adding the 'required' modifier or declaring the event as nullable. [C:\Projects\Hazina\src\Core\Agents\Hazina.AgentFactory\Hazina.AgentFactory.csproj::TargetFramework=net9.0]
C:\Projects\Hazina\src\Core\AI\Hazina.AI.RAG\Core\RAGEngine.cs(42,9): warning SA1642: Constructor summary documentation should begin with standard text (https://github.com/DotNetAnalyzers/StyleCopAnalyzers/blob/master/documentation/SA1642.md) [C:\Projects\Hazina\src\Core\AI\Hazina.AI.RAG\Hazina.AI.RAG.csproj::TargetFramework=net10.0]
C:\Projects\Hazina\src\Core\AI\Hazina.AI.RAG\Graph\Models\GraphSchema.cs(18,160): warning MA0002: Use an overload that has a IEqualityComparer<string> or IComparer<string> parameter (https://github.com/meziantou/Meziantou.Analyzer/blob/main/docs/Rules/MA0002.md) [C:\Projects\Hazina\src\Core\AI\Hazina.AI.RAG\Hazina.AI.RAG.csproj::TargetFramework=net10.0]
C:\Projects\Hazina\src\Core\AI\Hazina.AI.RAG\Graph\Models\GraphSchema.cs(15,104): warning MA0002: Use an overload that has a IEqualityComparer<string> or IComparer<string> parameter (https://github.com/meziantou/Meziantou.Analyzer/blob/main/docs/Rules/MA0002.md) [C:\Projects\Hazina\src\Core\AI\Hazina.AI.RAG\Hazina.AI.RAG.csproj::TargetFramework=net10.0]
C:\Projects\Hazina\src\Core\Agents\Hazina.AgentFactory\Models\StoreRef.cs(3,19): warning CS8618: Non-nullable property 'Name' must contain a non-null value when exiting constructor. Consider adding the 'required' modifier or declaring the property as nullable. [C:\Projects\Hazina\src\Core\Agents\Hazina.AgentFactory\Hazina.AgentFactory.csproj::TargetFramework=net9.0]
C:\Projects\Hazina\src\Core\AI\Hazina.AI.RAG\Graph\Pipeline\LLMTextService.cs(33,24): warning MA0004: Use Task.ConfigureAwait(false) if the current SynchronizationContext is not needed (https://github.com/meziantou/Meziantou.Analyzer/blob/main/docs/Rules/MA0004.md) [C:\Projects\Hazina\src\Core\AI\Hazina.AI.RAG\Hazina.AI.RAG.csproj::TargetFramework=net10.0]
C:\Projects\Hazina\src\Core\Agents\Hazina.AgentFactory\Configuration\Parsers\HazinaAgentConfigParser.cs(177,30): error CS8600: Converting null literal or possible null value to non-nullable type. [C:\Projects\Hazina\src\Core\Agents\Hazina.AgentFactory\Hazina.AgentFactory.csproj::TargetFramework=net9.0]
C:\Projects\Hazina\src\Core\AI\Hazina.AI.RAG\Embeddings\SemanticSimilarityChunker.cs(138,9): warning SA1009: Closing parenthesis should not be preceded by a space (https://github.com/DotNetAnalyzers/StyleCopAnalyzers/blob/master/documentation/SA1009.md) [C:\Projects\Hazina\src\Core\AI\Hazina.AI.RAG\Hazina.AI.RAG.csproj::TargetFramework=net10.0]
C:\Projects\Hazina\src\Core\Agents\Hazina.AgentFactory\Configuration\Parsers\HazinaAgentConfigParser.cs(186,31): error CS8600: Converting null literal or possible null value to non-nullable type. [C:\Projects\Hazina\src\Core\Agents\Hazina.AgentFactory\Hazina.AgentFactory.csproj::TargetFramework=net9.0]
C:\Projects\Hazina\src\Core\AI\Hazina.AI.RAG\Embeddings\SemanticSimilarityChunker.cs(211,21): warning SA1009: Closing parenthesis should not be preceded by a space (https://github.com/DotNetAnalyzers/StyleCopAnalyzers/blob/master/documentation/SA1009.md) [C:\Projects\Hazina\src\Core\AI\Hazina.AI.RAG\Hazina.AI.RAG.csproj::TargetFramework=net10.0]
C:\Projects\Hazina\src\Core\AI\Hazina.AI.RAG\Embeddings\TextChunker.cs(48,94): warning SA1629: Documentation text should end with a period (https://github.com/DotNetAnalyzers/StyleCopAnalyzers/blob/master/documentation/SA1629.md) [C:\Projects\Hazina\src\Core\AI\Hazina.AI.RAG\Hazina.AI.RAG.csproj::TargetFramework=net10.0]
C:\Projects\Hazina\src\Core\Agents\Hazina.AgentFactory\Models\AgentCardModel.cs(8,20): warning CS8618: Non-nullable field 'name' must contain a non-null value when exiting constructor. Consider adding the 'required' modifier or declaring the field as nullable. [C:\Projects\Hazina\src\Core\Agents\Hazina.AgentFactory\Hazina.AgentFactory.csproj::TargetFramework=net9.0]
C:\Projects\Hazina\src\Core\AI\Hazina.AI.RAG\Embeddings\TextChunker.cs(55,13): warning SA1503: Braces should not be omitted (https://github.com/DotNetAnalyzers/StyleCopAnalyzers/blob/master/documentation/SA1503.md) [C:\Projects\Hazina\src\Core\AI\Hazina.AI.RAG\Hazina.AI.RAG.csproj::TargetFramework=net10.0]
C:\Projects\Hazina\src\Core\AI\Hazina.AI.RAG\Graph\Models\GraphSchema.cs(16,110): warning MA0002: Use an overload that has a IEqualityComparer<string> or IComparer<string> parameter (https://github.com/meziantou/Meziantou.Analyzer/blob/main/docs/Rules/MA0002.md) [C:\Projects\Hazina\src\Core\AI\Hazina.AI.RAG\Hazina.AI.RAG.csproj::TargetFramework=net10.0]
C:\Projects\Hazina\src\Core\AI\Hazina.AI.RAG\Core\RAGEngine.cs(60,9): warning SA1642: Constructor summary documentation should begin with standard text (https://github.com/DotNetAnalyzers/StyleCopAnalyzers/blob/master/documentation/SA1642.md) [C:\Projects\Hazina\src\Core\AI\Hazina.AI.RAG\Hazina.AI.RAG.csproj::TargetFramework=net10.0]
C:\Projects\Hazina\src\Core\AI\Hazina.AI.RAG\Embeddings\TextChunker.cs(1,1): warning SA1633: The file header is missing or not located at the top of the file. (https://github.com/DotNetAnalyzers/StyleCopAnalyzers/blob/master/documentation/SA1633.md) [C:\Projects\Hazina\src\Core\AI\Hazina.AI.RAG\Hazina.AI.RAG.csproj::TargetFramework=net10.0]
C:\Projects\Hazina\src\Core\Agents\Hazina.AgentFactory\Models\AgentCardModel.cs(9,20): warning CS8618: Non-nullable field 'description' must contain a non-null value when exiting constructor. Consider adding the 'required' modifier or declaring the field as nullable. [C:\Projects\Hazina\src\Core\Agents\Hazina.AgentFactory\Hazina.AgentFactory.csproj::TargetFramework=net9.0]
C:\Projects\Hazina\src\Core\AI\Hazina.AI.RAG\Embeddings\TextChunker.cs(332,14): warning SA1402: File may only contain a single type (https://github.com/DotNetAnalyzers/StyleCopAnalyzers/blob/master/documentation/SA1402.md) [C:\Projects\Hazina\src\Core\AI\Hazina.AI.RAG\Hazina.AI.RAG.csproj::TargetFramework=net10.0]
C:\Projects\Hazina\src\Core\AI\Hazina.AI.RAG\Embeddings\TextChunker.cs(344,14): warning SA1402: File may only contain a single type (https://github.com/DotNetAnalyzers/StyleCopAnalyzers/blob/master/documentation/SA1402.md) [C:\Projects\Hazina\src\Core\AI\Hazina.AI.RAG\Hazina.AI.RAG.csproj::TargetFramework=net10.0]
C:\Projects\Hazina\src\Core\Agents\Hazina.AgentFactory\Models\AgentCardModel.cs(10,20): warning CS8618: Non-nullable field 'prompt' must contain a non-null value when exiting constructor. Consider adding the 'required' modifier or declaring the field as nullable. [C:\Projects\Hazina\src\Core\Agents\Hazina.AgentFactory\Hazina.AgentFactory.csproj::TargetFramework=net9.0]
C:\Projects\Hazina\src\Core\AI\Hazina.AI.RAG\Utilities\SentenceSplitter.cs(28,32): warning CA1002: Change 'List<string>' in 'SentenceSplitter.Split(string, [string], [int], [int?])' to use 'Collection<T>', 'ReadOnlyCollection<T>' or 'KeyedCollection<K,V>' (https://learn.microsoft.com/dotnet/fundamentals/code-analysis/quality-rules/ca1002) [C:\Projects\Hazina\src\Core\AI\Hazina.AI.RAG\Hazina.AI.RAG.csproj::TargetFramework=net10.0]
C:\Projects\Hazina\src\Core\AI\Hazina.AI.RAG\Utilities\SentenceSplitter.cs(28,19): warning MA0016: Prefer using collection abstraction instead of implementation (https://github.com/meziantou/Meziantou.Analyzer/blob/main/docs/Rules/MA0016.md) [C:\Projects\Hazina\src\Core\AI\Hazina.AI.RAG\Hazina.AI.RAG.csproj::TargetFramework=net10.0]
C:\Projects\Hazina\src\Core\AI\Hazina.AI.RAG\Extensions\DocumentStoreSemanticExtensions.cs(151,12): warning MA0026: TODO When vector store supports metadata, include chunkMetadata in the embedding (https://github.com/meziantou/Meziantou.Analyzer/blob/main/docs/Rules/MA0026.md) [C:\Projects\Hazina\src\Core\AI\Hazina.AI.RAG\Hazina.AI.RAG.csproj::TargetFramework=net10.0]
C:\Projects\Hazina\src\Core\AI\Hazina.AI.RAG\Graph\Storage\SQLiteGraphStore.cs(33,18): warning MA0051: Method is too long (97 lines; maximum allowed: 60) (https://github.com/meziantou/Meziantou.Analyzer/blob/main/docs/Rules/MA0051.md) [C:\Projects\Hazina\src\Core\AI\Hazina.AI.RAG\Hazina.AI.RAG.csproj::TargetFramework=net10.0]
C:\Projects\Hazina\src\Core\AI\Hazina.AI.RAG\Extensions\DocumentStoreSemanticExtensions.cs(151,12): warning S1135: Complete the task associated to this 'TODO' comment. (https://rules.sonarsource.com/csharp/RSPEC-1135) [C:\Projects\Hazina\src\Core\AI\Hazina.AI.RAG\Hazina.AI.RAG.csproj::TargetFramework=net10.0]
C:\Projects\Hazina\src\Core\AI\Hazina.AI.RAG\Extensions\DocumentStoreSemanticExtensions.cs(1,1): warning SA1633: The file header is missing or not located at the top of the file. (https://github.com/DotNetAnalyzers/StyleCopAnalyzers/blob/master/documentation/SA1633.md) [C:\Projects\Hazina\src\Core\AI\Hazina.AI.RAG\Hazina.AI.RAG.csproj::TargetFramework=net10.0]
C:\Projects\Hazina\src\Core\AI\Hazina.AI.RAG\Extensions\DocumentStoreSemanticExtensions.cs(73,9): warning SA1009: Closing parenthesis should not be preceded by a space (https://github.com/DotNetAnalyzers/StyleCopAnalyzers/blob/master/documentation/SA1009.md) [C:\Projects\Hazina\src\Core\AI\Hazina.AI.RAG\Hazina.AI.RAG.csproj::TargetFramework=net10.0]
C:\Projects\Hazina\src\Core\AI\Hazina.AI.RAG\Extensions\DocumentStoreSemanticExtensions.cs(109,13): warning SA1009: Closing parenthesis should not be preceded by a space (https://github.com/DotNetAnalyzers/StyleCopAnalyzers/blob/master/documentation/SA1009.md) [C:\Projects\Hazina\src\Core\AI\Hazina.AI.RAG\Hazina.AI.RAG.csproj::TargetFramework=net10.0]
C:\Projects\Hazina\src\Core\AI\Hazina.AI.RAG\Extensions\DocumentStoreSemanticExtensions.cs(125,17): warning SA1009: Closing parenthesis should not be preceded by a space (https://github.com/DotNetAnalyzers/StyleCopAnalyzers/blob/master/documentation/SA1009.md) [C:\Projects\Hazina\src\Core\AI\Hazina.AI.RAG\Hazina.AI.RAG.csproj::TargetFramework=net10.0]
C:\Projects\Hazina\src\Core\AI\Hazina.AI.RAG\Extensions\DocumentStoreSemanticExtensions.cs(195,9): warning SA1009: Closing parenthesis should not be preceded by a space (https://github.com/DotNetAnalyzers/StyleCopAnalyzers/blob/master/documentation/SA1009.md) [C:\Projects\Hazina\src\Core\AI\Hazina.AI.RAG\Hazina.AI.RAG.csproj::TargetFramework=net10.0]
C:\Projects\Hazina\src\Core\AI\Hazina.AI.RAG\Embeddings\BasicMetadataExtractor.cs(37,12): warning MA0016: Prefer using collection abstraction instead of implementation (https://github.com/meziantou/Meziantou.Analyzer/blob/main/docs/Rules/MA0016.md) [C:\Projects\Hazina\src\Core\AI\Hazina.AI.RAG\Hazina.AI.RAG.csproj::TargetFramework=net10.0]
C:\Projects\Hazina\src\Core\AI\Hazina.AI.RAG\Extensions\RetrievalServiceExtensions.cs(1,1): warning SA1633: The file header is missing or not located at the top of the file. (https://github.com/DotNetAnalyzers/StyleCopAnalyzers/blob/master/documentation/SA1633.md) [C:\Projects\Hazina\src\Core\AI\Hazina.AI.RAG\Hazina.AI.RAG.csproj::TargetFramework=net10.0]
C:\Projects\Hazina\src\Core\AI\Hazina.AI.RAG\Extensions\RetrievalServiceExtensions.cs(84,14): warning SA1402: File may only contain a single type (https://github.com/DotNetAnalyzers/StyleCopAnalyzers/blob/master/documentation/SA1402.md) [C:\Projects\Hazina\src\Core\AI\Hazina.AI.RAG\Hazina.AI.RAG.csproj::TargetFramework=net10.0]
C:\Projects\Hazina\src\Core\AI\Hazina.AI.RAG\Graph\Pipeline\EntityNormalizationService.cs(74,13): warning CA1873: Evaluation of this argument may be expensive and unnecessary if logging is disabled (https://learn.microsoft.com/dotnet/fundamentals/code-analysis/quality-rules/ca1873) [C:\Projects\Hazina\src\Core\AI\Hazina.AI.RAG\Hazina.AI.RAG.csproj::TargetFramework=net10.0]
C:\Projects\Hazina\src\Core\AI\Hazina.AI.RAG\Graph\Pipeline\EntityNormalizationService.cs(74,13): warning CA1848: For improved performance, use the LoggerMessage delegates instead of calling 'LoggerExtensions.LogDebug(ILogger, string?, params object?[])' (https://learn.microsoft.com/dotnet/fundamentals/code-analysis/quality-rules/ca1848) [C:\Projects\Hazina\src\Core\AI\Hazina.AI.RAG\Hazina.AI.RAG.csproj::TargetFramework=net10.0]
C:\Projects\Hazina\src\Core\AI\Hazina.AI.RAG\Graph\Storage\SQLiteGraphStore.cs(130,9): warning CA1873: Evaluation of this argument may be expensive and unnecessary if logging is disabled (https://learn.microsoft.com/dotnet/fundamentals/code-analysis/quality-rules/ca1873) [C:\Projects\Hazina\src\Core\AI\Hazina.AI.RAG\Hazina.AI.RAG.csproj::TargetFramework=net10.0]
C:\Projects\Hazina\src\Core\AI\Hazina.AI.RAG\Graph\Storage\SQLiteGraphStore.cs(130,9): warning CA1848: For improved performance, use the LoggerMessage delegates instead of calling 'LoggerExtensions.LogInformation(ILogger, string?, params object?[])' (https://learn.microsoft.com/dotnet/fundamentals/code-analysis/quality-rules/ca1848) [C:\Projects\Hazina\src\Core\AI\Hazina.AI.RAG\Hazina.AI.RAG.csproj::TargetFramework=net10.0]
C:\Projects\Hazina\src\Core\AI\Hazina.AI.RAG\Graph\Explainability\RetrievalTrace.cs(1,1): warning SA1633: The file header is missing or not located at the top of the file. (https://github.com/DotNetAnalyzers/StyleCopAnalyzers/blob/master/documentation/SA1633.md) [C:\Projects\Hazina\src\Core\AI\Hazina.AI.RAG\Hazina.AI.RAG.csproj::TargetFramework=net10.0]
C:\Projects\Hazina\src\Core\AI\Hazina.AI.RAG\Graph\Pipeline\EntityNormalizationService.cs(66,32): warning MA0004: Use Task.ConfigureAwait(false) if the current SynchronizationContext is not needed (https://github.com/meziantou/Meziantou.Analyzer/blob/main/docs/Rules/MA0004.md) [C:\Projects\Hazina\src\Core\AI\Hazina.AI.RAG\Hazina.AI.RAG.csproj::TargetFramework=net10.0]
C:\Projects\Hazina\src\Core\AI\Hazina.AI.RAG\Graph\Pipeline\EntityNormalizationService.cs(55,13): warning CA1848: For improved performance, use the LoggerMessage delegates instead of calling 'LoggerExtensions.LogError(ILogger, Exception?, string?, params object?[])' (https://learn.microsoft.com/dotnet/fundamentals/code-analysis/quality-rules/ca1848) [C:\Projects\Hazina\src\Core\AI\Hazina.AI.RAG\Hazina.AI.RAG.csproj::TargetFramework=net10.0]
C:\Projects\Hazina\src\Core\AI\Hazina.AI.RAG\Graph\Explainability\RetrievalTrace.cs(23,14): warning SA1402: File may only contain a single type (https://github.com/DotNetAnalyzers/StyleCopAnalyzers/blob/master/documentation/SA1402.md) [C:\Projects\Hazina\src\Core\AI\Hazina.AI.RAG\Hazina.AI.RAG.csproj::TargetFramework=net10.0]
C:\Projects\Hazina\src\Core\AI\Hazina.AI.RAG\Graph\Explainability\RetrievalTrace.cs(34,14): warning SA1402: File may only contain a single type (https://github.com/DotNetAnalyzers/StyleCopAnalyzers/blob/master/documentation/SA1402.md) [C:\Projects\Hazina\src\Core\AI\Hazina.AI.RAG\Hazina.AI.RAG.csproj::TargetFramework=net10.0]
C:\Projects\Hazina\src\Core\AI\Hazina.AI.RAG\Utilities\SentenceSplitter.cs(73,17): warning S1643: Use a StringBuilder instead. (https://rules.sonarsource.com/csharp/RSPEC-1643) [C:\Projects\Hazina\src\Core\AI\Hazina.AI.RAG\Hazina.AI.RAG.csproj::TargetFramework=net10.0]
C:\Projects\Hazina\src\Core\AI\Hazina.AI.RAG\Graph\Pipeline\EntityNormalizationService.cs(29,9): warning CA1510: Use 'ArgumentNullException.ThrowIfNull' instead of explicitly throwing a new exception instance (https://learn.microsoft.com/dotnet/fundamentals/code-analysis/quality-rules/ca1510) [C:\Projects\Hazina\src\Core\AI\Hazina.AI.RAG\Hazina.AI.RAG.csproj::TargetFramework=net10.0]
C:\Projects\Hazina\src\Core\AI\Hazina.AI.RAG\Graph\Pipeline\EntityNormalizationService.cs(34,9): warning CA1510: Use 'ArgumentNullException.ThrowIfNull' instead of explicitly throwing a new exception instance (https://learn.microsoft.com/dotnet/fundamentals/code-analysis/quality-rules/ca1510) [C:\Projects\Hazina\src\Core\AI\Hazina.AI.RAG\Hazina.AI.RAG.csproj::TargetFramework=net10.0]
C:\Projects\Hazina\src\Core\AI\Hazina.AI.RAG\Graph\Models\GraphEntity.cs(1,1): warning SA1633: The file header is missing or not located at the top of the file. (https://github.com/DotNetAnalyzers/StyleCopAnalyzers/blob/master/documentation/SA1633.md) [C:\Projects\Hazina\src\Core\AI\Hazina.AI.RAG\Hazina.AI.RAG.csproj::TargetFramework=net10.0]
C:\Projects\Hazina\src\Core\AI\Hazina.AI.RAG\Graph\Models\GraphPath.cs(1,1): warning SA1633: The file header is missing or not located at the top of the file. (https://github.com/DotNetAnalyzers/StyleCopAnalyzers/blob/master/documentation/SA1633.md) [C:\Projects\Hazina\src\Core\AI\Hazina.AI.RAG\Hazina.AI.RAG.csproj::TargetFramework=net10.0]
C:\Projects\Hazina\src\Core\AI\Hazina.AI.RAG\Core\RAGEngine.cs(138,13): warning SA1111: Closing parenthesis should be on line of last parameter (https://github.com/DotNetAnalyzers/StyleCopAnalyzers/blob/master/documentation/SA1111.md) [C:\Projects\Hazina\src\Core\AI\Hazina.AI.RAG\Hazina.AI.RAG.csproj::TargetFramework=net10.0]
C:\Projects\Hazina\src\Core\AI\Hazina.AI.RAG\Graph\Models\GraphPath.cs(27,14): warning SA1402: File may only contain a single type (https://github.com/DotNetAnalyzers/StyleCopAnalyzers/blob/master/documentation/SA1402.md) [C:\Projects\Hazina\src\Core\AI\Hazina.AI.RAG\Hazina.AI.RAG.csproj::TargetFramework=net10.0]
C:\Projects\Hazina\src\Core\AI\Hazina.AI.RAG\Graph\Pipeline\EntityNormalizationService.cs(44,59): warning MA0004: Use Task.ConfigureAwait(false) if the current SynchronizationContext is not needed (https://github.com/meziantou/Meziantou.Analyzer/blob/main/docs/Rules/MA0004.md) [C:\Projects\Hazina\src\Core\AI\Hazina.AI.RAG\Hazina.AI.RAG.csproj::TargetFramework=net10.0]
C:\Projects\Hazina\src\Core\AI\Hazina.AI.RAG\Graph\Pipeline\EntityNormalizationService.cs(45,59): warning MA0004: Use Task.ConfigureAwait(false) if the current SynchronizationContext is not needed (https://github.com/meziantou/Meziantou.Analyzer/blob/main/docs/Rules/MA0004.md) [C:\Projects\Hazina\src\Core\AI\Hazina.AI.RAG\Hazina.AI.RAG.csproj::TargetFramework=net10.0]
C:\Projects\Hazina\src\Core\AI\Hazina.AI.RAG\Graph\Pipeline\EntityNormalizationService.cs(46,68): warning MA0004: Use Task.ConfigureAwait(false) if the current SynchronizationContext is not needed (https://github.com/meziantou/Meziantou.Analyzer/blob/main/docs/Rules/MA0004.md) [C:\Projects\Hazina\src\Core\AI\Hazina.AI.RAG\Hazina.AI.RAG.csproj::TargetFramework=net10.0]
C:\Projects\Hazina\src\Core\AI\Hazina.AI.RAG\Utilities\SentenceSplitter.cs(60,81): warning SA1629: Documentation text should end with a period (https://github.com/DotNetAnalyzers/StyleCopAnalyzers/blob/master/documentation/SA1629.md) [C:\Projects\Hazina\src\Core\AI\Hazina.AI.RAG\Hazina.AI.RAG.csproj::TargetFramework=net10.0]
C:\Projects\Hazina\src\Core\AI\Hazina.AI.RAG\Utilities\SentenceSplitter.cs(65,23): warning SA1122: Use string.Empty for empty strings (https://github.com/DotNetAnalyzers/StyleCopAnalyzers/blob/master/documentation/SA1122.md) [C:\Projects\Hazina\src\Core\AI\Hazina.AI.RAG\Hazina.AI.RAG.csproj::TargetFramework=net10.0]
C:\Projects\Hazina\src\Core\AI\Hazina.AI.RAG\Graph\Models\GraphPath.cs(15,1): warning SA1028: Code should not contain trailing whitespace (https://github.com/DotNetAnalyzers/StyleCopAnalyzers/blob/master/documentation/SA1028.md) [C:\Projects\Hazina\src\Core\AI\Hazina.AI.RAG\Hazina.AI.RAG.csproj::TargetFramework=net10.0]
C:\Projects\Hazina\src\Core\AI\Hazina.AI.RAG\Graph\Models\GraphRelationship.cs(1,1): warning SA1633: The file header is missing or not located at the top of the file. (https://github.com/DotNetAnalyzers/StyleCopAnalyzers/blob/master/documentation/SA1633.md) [C:\Projects\Hazina\src\Core\AI\Hazina.AI.RAG\Hazina.AI.RAG.csproj::TargetFramework=net10.0]
C:\Projects\Hazina\src\Core\AI\Hazina.AI.RAG\Embeddings\BasicMetadataExtractor.cs(35,49): warning SA1629: Documentation text should end with a period (https://github.com/DotNetAnalyzers/StyleCopAnalyzers/blob/master/documentation/SA1629.md) [C:\Projects\Hazina\src\Core\AI\Hazina.AI.RAG\Hazina.AI.RAG.csproj::TargetFramework=net10.0]
C:\Projects\Hazina\src\Core\AI\Hazina.AI.RAG\Graph\Models\GraphRelationship.cs(24,14): warning SA1402: File may only contain a single type (https://github.com/DotNetAnalyzers/StyleCopAnalyzers/blob/master/documentation/SA1402.md) [C:\Projects\Hazina\src\Core\AI\Hazina.AI.RAG\Hazina.AI.RAG.csproj::TargetFramework=net10.0]
C:\Projects\Hazina\src\Core\AI\Hazina.AI.RAG\Extensions\DocumentStoreSemanticExtensions.cs(48,9): warning MA0016: Prefer using collection abstraction instead of implementation (https://github.com/meziantou/Meziantou.Analyzer/blob/main/docs/Rules/MA0016.md) [C:\Projects\Hazina\src\Core\AI\Hazina.AI.RAG\Hazina.AI.RAG.csproj::TargetFramework=net10.0]
C:\Projects\Hazina\src\Core\AI\Hazina.AI.RAG\Embeddings\ContentTypeDetector.cs(59,31): warning S6605: Collection-specific "Exists" method should be used instead of the "Any" extension. (https://rules.sonarsource.com/csharp/RSPEC-6605) [C:\Projects\Hazina\src\Core\AI\Hazina.AI.RAG\Hazina.AI.RAG.csproj::TargetFramework=net10.0]
C:\Projects\Hazina\src\Core\AI\Hazina.AI.RAG\Graph\Models\GraphSchema.cs(1,1): warning SA1633: The file header is missing or not located at the top of the file. (https://github.com/DotNetAnalyzers/StyleCopAnalyzers/blob/master/documentation/SA1633.md) [C:\Projects\Hazina\src\Core\AI\Hazina.AI.RAG\Hazina.AI.RAG.csproj::TargetFramework=net10.0]
C:\Projects\Hazina\src\Core\AI\Hazina.AI.RAG\Core\RAGEngine.cs(105,47): warning MA0004: Use Task.ConfigureAwait(false) if the current SynchronizationContext is not needed (https://github.com/meziantou/Meziantou.Analyzer/blob/main/docs/Rules/MA0004.md) [C:\Projects\Hazina\src\Core\AI\Hazina.AI.RAG\Hazina.AI.RAG.csproj::TargetFramework=net10.0]
C:\Projects\Hazina\src\Core\AI\Hazina.AI.RAG\Core\RAGEngine.cs(111,47): warning MA0004: Use Task.ConfigureAwait(false) if the current SynchronizationContext is not needed (https://github.com/meziantou/Meziantou.Analyzer/blob/main/docs/Rules/MA0004.md) [C:\Projects\Hazina\src\Core\AI\Hazina.AI.RAG\Hazina.AI.RAG.csproj::TargetFramework=net10.0]
C:\Projects\Hazina\src\Core\AI\Hazina.AI.RAG\Extensions\DocumentStoreSemanticExtensions.cs(41,36): warning MA0051: Method is too long (82 lines; maximum allowed: 60) (https://github.com/meziantou/Meziantou.Analyzer/blob/main/docs/Rules/MA0051.md) [C:\Projects\Hazina\src\Core\AI\Hazina.AI.RAG\Hazina.AI.RAG.csproj::TargetFramework=net10.0]
C:\Projects\Hazina\src\Core\AI\Hazina.AI.RAG\Core\RAGEngine.cs(124,47): warning MA0004: Use Task.ConfigureAwait(false) if the current SynchronizationContext is not needed (https://github.com/meziantou/Meziantou.Analyzer/blob/main/docs/Rules/MA0004.md) [C:\Projects\Hazina\src\Core\AI\Hazina.AI.RAG\Hazina.AI.RAG.csproj::TargetFramework=net10.0]
C:\Projects\Hazina\src\Core\AI\Hazina.AI.RAG\Core\RAGEngine.cs(133,31): warning MA0004: Use Task.ConfigureAwait(false) if the current SynchronizationContext is not needed (https://github.com/meziantou/Meziantou.Analyzer/blob/main/docs/Rules/MA0004.md) [C:\Projects\Hazina\src\Core\AI\Hazina.AI.RAG\Hazina.AI.RAG.csproj::TargetFramework=net10.0]
C:\Projects\Hazina\src\Core\AI\Hazina.AI.RAG\Embeddings\BasicMetadataExtractor.cs(39,24): warning MA0002: Use an overload that has a IEqualityComparer<string> or IComparer<string> parameter (https://github.com/meziantou/Meziantou.Analyzer/blob/main/docs/Rules/MA0002.md) [C:\Projects\Hazina\src\Core\AI\Hazina.AI.RAG\Hazina.AI.RAG.csproj::TargetFramework=net10.0]
C:\Projects\Hazina\src\Core\AI\Hazina.AI.RAG\Graph\Models\GraphSchema.cs(14,1): warning SA1028: Code should not contain trailing whitespace (https://github.com/DotNetAnalyzers/StyleCopAnalyzers/blob/master/documentation/SA1028.md) [C:\Projects\Hazina\src\Core\AI\Hazina.AI.RAG\Hazina.AI.RAG.csproj::TargetFramework=net10.0]
C:\Projects\Hazina\src\Core\AI\Hazina.AI.RAG\Graph\Models\GraphSchema.cs(17,1): warning SA1028: Code should not contain trailing whitespace (https://github.com/DotNetAnalyzers/StyleCopAnalyzers/blob/master/documentation/SA1028.md) [C:\Projects\Hazina\src\Core\AI\Hazina.AI.RAG\Hazina.AI.RAG.csproj::TargetFramework=net10.0]
C:\Projects\Hazina\src\Core\AI\Hazina.AI.RAG\Graph\Pipeline\EntityNormalizationService.cs(53,9): warning CA1031: Modify 'NormalizeEntityAsync' to catch a more specific allowed exception type, or rethrow the exception (https://learn.microsoft.com/dotnet/fundamentals/code-analysis/quality-rules/ca1031) [C:\Projects\Hazina\src\Core\AI\Hazina.AI.RAG\Hazina.AI.RAG.csproj::TargetFramework=net10.0]
C:\Projects\Hazina\src\Core\AI\Hazina.AI.RAG\Graph\Pipeline\EntityNormalizationService.cs(1,1): warning SA1633: The file header is missing or not located at the top of the file. (https://github.com/DotNetAnalyzers/StyleCopAnalyzers/blob/master/documentation/SA1633.md) [C:\Projects\Hazina\src\Core\AI\Hazina.AI.RAG\Hazina.AI.RAG.csproj::TargetFramework=net10.0]
C:\Projects\Hazina\src\Core\AI\Hazina.AI.RAG\Utilities\SentenceSplitter.cs(21,54): warning SA1629: Documentation text should end with a period (https://github.com/DotNetAnalyzers/StyleCopAnalyzers/blob/master/documentation/SA1629.md) [C:\Projects\Hazina\src\Core\AI\Hazina.AI.RAG\Hazina.AI.RAG.csproj::TargetFramework=net10.0]
C:\Projects\Hazina\src\Core\AI\Hazina.AI.RAG\Utilities\SentenceSplitter.cs(23,41): warning SA1629: Documentation text should end with a period (https://github.com/DotNetAnalyzers/StyleCopAnalyzers/blob/master/documentation/SA1629.md) [C:\Projects\Hazina\src\Core\AI\Hazina.AI.RAG\Hazina.AI.RAG.csproj::TargetFramework=net10.0]
C:\Projects\Hazina\src\Core\AI\Hazina.AI.RAG\Utilities\SentenceSplitter.cs(24,105): warning SA1629: Documentation text should end with a period (https://github.com/DotNetAnalyzers/StyleCopAnalyzers/blob/master/documentation/SA1629.md) [C:\Projects\Hazina\src\Core\AI\Hazina.AI.RAG\Hazina.AI.RAG.csproj::TargetFramework=net10.0]
C:\Projects\Hazina\src\Core\AI\Hazina.AI.RAG\Utilities\SentenceSplitter.cs(25,67): warning SA1629: Documentation text should end with a period (https://github.com/DotNetAnalyzers/StyleCopAnalyzers/blob/master/documentation/SA1629.md) [C:\Projects\Hazina\src\Core\AI\Hazina.AI.RAG\Hazina.AI.RAG.csproj::TargetFramework=net10.0]
C:\Projects\Hazina\src\Core\AI\Hazina.AI.RAG\Utilities\SentenceSplitter.cs(26,76): warning SA1629: Documentation text should end with a period (https://github.com/DotNetAnalyzers/StyleCopAnalyzers/blob/master/documentation/SA1629.md) [C:\Projects\Hazina\src\Core\AI\Hazina.AI.RAG\Hazina.AI.RAG.csproj::TargetFramework=net10.0]
C:\Projects\Hazina\src\Core\AI\Hazina.AI.RAG\Utilities\SentenceSplitter.cs(27,35): warning SA1629: Documentation text should end with a period (https://github.com/DotNetAnalyzers/StyleCopAnalyzers/blob/master/documentation/SA1629.md) [C:\Projects\Hazina\src\Core\AI\Hazina.AI.RAG\Hazina.AI.RAG.csproj::TargetFramework=net10.0]
C:\Projects\Hazina\src\Core\AI\Hazina.AI.RAG\Utilities\SentenceSplitter.cs(35,13): warning SA1503: Braces should not be omitted (https://github.com/DotNetAnalyzers/StyleCopAnalyzers/blob/master/documentation/SA1503.md) [C:\Projects\Hazina\src\Core\AI\Hazina.AI.RAG\Hazina.AI.RAG.csproj::TargetFramework=net10.0]
C:\Projects\Hazina\src\Core\AI\Hazina.AI.RAG\Core\RAGEngine.cs(142,9): warning CA1031: Modify 'QueryAsync' to catch a more specific allowed exception type, or rethrow the exception (https://learn.microsoft.com/dotnet/fundamentals/code-analysis/quality-rules/ca1031) [C:\Projects\Hazina\src\Core\AI\Hazina.AI.RAG\Hazina.AI.RAG.csproj::TargetFramework=net10.0]
C:\Projects\Hazina\src\Core\AI\Hazina.AI.RAG\Graph\Pipeline\LLMRelationshipExtractor.cs(92,13): warning CA1873: Evaluation of this argument may be expensive and unnecessary if logging is disabled (https://learn.microsoft.com/dotnet/fundamentals/code-analysis/quality-rules/ca1873) [C:\Projects\Hazina\src\Core\AI\Hazina.AI.RAG\Hazina.AI.RAG.csproj::TargetFramework=net10.0]
C:\Projects\Hazina\src\Core\AI\Hazina.AI.RAG\Graph\Pipeline\LLMRelationshipExtractor.cs(85,17): warning CA1848: For improved performance, use the LoggerMessage delegates instead of calling 'LoggerExtensions.LogWarning(ILogger, string?, params object?[])' (https://learn.microsoft.com/dotnet/fundamentals/code-analysis/quality-rules/ca1848) [C:\Projects\Hazina\src\Core\AI\Hazina.AI.RAG\Hazina.AI.RAG.csproj::TargetFramework=net10.0]
C:\Projects\Hazina\src\Core\AI\Hazina.AI.RAG\Graph\Pipeline\LLMRelationshipExtractor.cs(92,13): warning CA1848: For improved performance, use the LoggerMessage delegates instead of calling 'LoggerExtensions.LogInformation(ILogger, string?, params object?[])' (https://learn.microsoft.com/dotnet/fundamentals/code-analysis/quality-rules/ca1848) [C:\Projects\Hazina\src\Core\AI\Hazina.AI.RAG\Hazina.AI.RAG.csproj::TargetFramework=net10.0]
C:\Projects\Hazina\src\Core\AI\Hazina.AI.RAG\Graph\Pipeline\LLMRelationshipExtractor.cs(98,13): warning CA1848: For improved performance, use the LoggerMessage delegates instead of calling 'LoggerExtensions.LogError(ILogger, Exception?, string?, params object?[])' (https://learn.microsoft.com/dotnet/fundamentals/code-analysis/quality-rules/ca1848) [C:\Projects\Hazina\src\Core\AI\Hazina.AI.RAG\Hazina.AI.RAG.csproj::TargetFramework=net10.0]
C:\Projects\Hazina\src\Core\AI\Hazina.AI.RAG\Graph\Pipeline\LLMRelationshipExtractor.cs(70,17): warning CA1305: The behavior of 'StringBuilder.AppendLine(ref StringBuilder.AppendInterpolatedStringHandler)' could vary based on the current user's locale settings. Replace this call in 'LLMRelationshipExtractor.ExtractRelationshipsAsync(string, List<GraphEntity>, [string], [CancellationToken])' with a call to 'StringBuilder.AppendLine(IFormatProvider, ref StringBuilder.AppendInterpolatedStringHandler)'. (https://learn.microsoft.com/dotnet/fundamentals/code-analysis/quality-rules/ca1305) [C:\Projects\Hazina\src\Core\AI\Hazina.AI.RAG\Hazina.AI.RAG.csproj::TargetFramework=net10.0]
C:\Projects\Hazina\src\Core\AI\Hazina.AI.RAG\Graph\Pipeline\LLMRelationshipExtractor.cs(73,26): warning CA1307: 'string.Replace(string, string?)' has a method overload that takes a 'StringComparison' parameter. Replace this call in 'Hazina.AI.RAG.Graph.Pipeline.LLMRelationshipExtractor.ExtractRelationshipsAsync(string, System.Collections.Generic.List<Hazina.AI.RAG.Graph.Models.GraphEntity>, string?, System.Threading.CancellationToken)' with a call to 'string.Replace(string, string?, System.StringComparison)' for clarity of intent. (https://learn.microsoft.com/dotnet/fundamentals/code-analysis/quality-rules/ca1307) [C:\Projects\Hazina\src\Core\AI\Hazina.AI.RAG\Hazina.AI.RAG.csproj::TargetFramework=net10.0]
C:\Projects\Hazina\src\Core\AI\Hazina.AI.RAG\Graph\Pipeline\LLMRelationshipExtractor.cs(73,26): warning CA1307: 'string.Replace(string, string?)' has a method overload that takes a 'StringComparison' parameter. Replace this call in 'Hazina.AI.RAG.Graph.Pipeline.LLMRelationshipExtractor.ExtractRelationshipsAsync(string, System.Collections.Generic.List<Hazina.AI.RAG.Graph.Models.GraphEntity>, string?, System.Threading.CancellationToken)' with a call to 'string.Replace(string, string?, System.StringComparison)' for clarity of intent. (https://learn.microsoft.com/dotnet/fundamentals/code-analysis/quality-rules/ca1307) [C:\Projects\Hazina\src\Core\AI\Hazina.AI.RAG\Hazina.AI.RAG.csproj::TargetFramework=net10.0]
C:\Projects\Hazina\src\Core\AI\Hazina.AI.RAG\Graph\Pipeline\EntityNormalizationService.cs(97,34): warning SA1116: The parameters should begin on the line after the declaration, whenever the parameter span across multiple lines (https://github.com/DotNetAnalyzers/StyleCopAnalyzers/blob/master/documentation/SA1116.md) [C:\Projects\Hazina\src\Core\AI\Hazina.AI.RAG\Hazina.AI.RAG.csproj::TargetFramework=net10.0]
C:\Projects\Hazina\src\Core\AI\Hazina.AI.RAG\Graph\Pipeline\EntityNormalizationService.cs(115,38): warning SA1116: The parameters should begin on the line after the declaration, whenever the parameter span across multiple lines (https://github.com/DotNetAnalyzers/StyleCopAnalyzers/blob/master/documentation/SA1116.md) [C:\Projects\Hazina\src\Core\AI\Hazina.AI.RAG\Hazina.AI.RAG.csproj::TargetFramework=net10.0]
C:\Projects\Hazina\src\Core\AI\Hazina.AI.RAG\Graph\Pipeline\EntityNormalizationService.cs(98,34): warning SA1117: The parameters should all be placed on the same line or each parameter should be placed on its own line (https://github.com/DotNetAnalyzers/StyleCopAnalyzers/blob/master/documentation/SA1117.md) [C:\Projects\Hazina\src\Core\AI\Hazina.AI.RAG\Hazina.AI.RAG.csproj::TargetFramework=net10.0]
C:\Projects\Hazina\src\Core\AI\Hazina.AI.RAG\Graph\Pipeline\EntityNormalizationService.cs(116,32): warning SA1117: The parameters should all be placed on the same line or each parameter should be placed on its own line (https://github.com/DotNetAnalyzers/StyleCopAnalyzers/blob/master/documentation/SA1117.md) [C:\Projects\Hazina\src\Core\AI\Hazina.AI.RAG\Hazina.AI.RAG.csproj::TargetFramework=net10.0]
C:\Projects\Hazina\src\Core\AI\Hazina.AI.RAG\Utilities\SentenceSplitter.cs(127,17): warning S1643: Use a StringBuilder instead. (https://rules.sonarsource.com/csharp/RSPEC-1643) [C:\Projects\Hazina\src\Core\AI\Hazina.AI.RAG\Hazina.AI.RAG.csproj::TargetFramework=net10.0]
C:\Projects\Hazina\src\Core\AI\Hazina.AI.RAG\Utilities\SentenceSplitter.cs(97,55): warning SA1629: Documentation text should end with a period (https://github.com/DotNetAnalyzers/StyleCopAnalyzers/blob/master/documentation/SA1629.md) [C:\Projects\Hazina\src\Core\AI\Hazina.AI.RAG\Hazina.AI.RAG.csproj::TargetFramework=net10.0]
C:\Projects\Hazina\src\Core\AI\Hazina.AI.RAG\Utilities\SentenceSplitter.cs(102,32): warning SA1503: Braces should not be omitted (https://github.com/DotNetAnalyzers/StyleCopAnalyzers/blob/master/documentation/SA1503.md) [C:\Projects\Hazina\src\Core\AI\Hazina.AI.RAG\Hazina.AI.RAG.csproj::TargetFramework=net10.0]
C:\Projects\Hazina\src\Core\AI\Hazina.AI.RAG\Utilities\SentenceSplitter.cs(104,47): warning CA1311: Specify a culture or use an invariant version to avoid implicit dependency on current culture (https://learn.microsoft.com/dotnet/fundamentals/code-analysis/quality-rules/ca1311) [C:\Projects\Hazina\src\Core\AI\Hazina.AI.RAG\Hazina.AI.RAG.csproj::TargetFramework=net10.0]
C:\Projects\Hazina\src\Core\AI\Hazina.AI.RAG\Graph\Pipeline\EntityNormalizationService.cs(97,17): warning CA1873: Evaluation of this argument may be expensive and unnecessary if logging is disabled (https://learn.microsoft.com/dotnet/fundamentals/code-analysis/quality-rules/ca1873) [C:\Projects\Hazina\src\Core\AI\Hazina.AI.RAG\Hazina.AI.RAG.csproj::TargetFramework=net10.0]
C:\Projects\Hazina\src\Core\AI\Hazina.AI.RAG\Graph\Pipeline\EntityNormalizationService.cs(115,21): warning CA1873: Evaluation of this argument may be expensive and unnecessary if logging is disabled (https://learn.microsoft.com/dotnet/fundamentals/code-analysis/quality-rules/ca1873) [C:\Projects\Hazina\src\Core\AI\Hazina.AI.RAG\Hazina.AI.RAG.csproj::TargetFramework=net10.0]
C:\Projects\Hazina\src\Core\AI\Hazina.AI.RAG\Utilities\SentenceSplitter.cs(42,28): warning MA0009: Regular expressions should not be vulnerable to Denial of Service attacks (https://github.com/meziantou/Meziantou.Analyzer/blob/main/docs/Rules/MA0009.md) [C:\Projects\Hazina\src\Core\AI\Hazina.AI.RAG\Hazina.AI.RAG.csproj::TargetFramework=net10.0]
C:\Projects\Hazina\src\Core\AI\Hazina.AI.RAG\Graph\Pipeline\EntityNormalizationService.cs(97,17): warning CA1848: For improved performance, use the LoggerMessage delegates instead of calling 'LoggerExtensions.LogDebug(ILogger, string?, params object?[])' (https://learn.microsoft.com/dotnet/fundamentals/code-analysis/quality-rules/ca1848) [C:\Projects\Hazina\src\Core\AI\Hazina.AI.RAG\Hazina.AI.RAG.csproj::TargetFramework=net10.0]
C:\Projects\Hazina\src\Core\AI\Hazina.AI.RAG\Graph\Pipeline\EntityNormalizationService.cs(115,21): warning CA1848: For improved performance, use the LoggerMessage delegates instead of calling 'LoggerExtensions.LogDebug(ILogger, string?, params object?[])' (https://learn.microsoft.com/dotnet/fundamentals/code-analysis/quality-rules/ca1848) [C:\Projects\Hazina\src\Core\AI\Hazina.AI.RAG\Hazina.AI.RAG.csproj::TargetFramework=net10.0]
C:\Projects\Hazina\src\Core\AI\Hazina.AI.RAG\Embeddings\ContentTypeDetector.cs(48,45): warning SA1629: Documentation text should end with a period (https://github.com/DotNetAnalyzers/StyleCopAnalyzers/blob/master/documentation/SA1629.md) [C:\Projects\Hazina\src\Core\AI\Hazina.AI.RAG\Hazina.AI.RAG.csproj::TargetFramework=net10.0]
C:\Projects\Hazina\src\Core\AI\Hazina.AI.RAG\Embeddings\ContentTypeDetector.cs(11,55): warning SA1629: Documentation text should end with a period (https://github.com/DotNetAnalyzers/StyleCopAnalyzers/blob/master/documentation/SA1629.md) [C:\Projects\Hazina\src\Core\AI\Hazina.AI.RAG\Hazina.AI.RAG.csproj::TargetFramework=net10.0]
C:\Projects\Hazina\src\Core\AI\Hazina.AI.RAG\Embeddings\ContentTypeDetector.cs(16,13): warning SA1503: Braces should not be omitted (https://github.com/DotNetAnalyzers/StyleCopAnalyzers/blob/master/documentation/SA1503.md) [C:\Projects\Hazina\src\Core\AI\Hazina.AI.RAG\Hazina.AI.RAG.csproj::TargetFramework=net10.0]
C:\Projects\Hazina\src\Core\AI\Hazina.AI.RAG\Embeddings\ContentTypeDetector.cs(22,13): warning SA1503: Braces should not be omitted (https://github.com/DotNetAnalyzers/StyleCopAnalyzers/blob/master/documentation/SA1503.md) [C:\Projects\Hazina\src\Core\AI\Hazina.AI.RAG\Hazina.AI.RAG.csproj::TargetFramework=net10.0]
C:\Projects\Hazina\src\Core\AI\Hazina.AI.RAG\Embeddings\ContentTypeDetector.cs(26,13): warning SA1503: Braces should not be omitted (https://github.com/DotNetAnalyzers/StyleCopAnalyzers/blob/master/documentation/SA1503.md) [C:\Projects\Hazina\src\Core\AI\Hazina.AI.RAG\Hazina.AI.RAG.csproj::TargetFramework=net10.0]
C:\Projects\Hazina\src\Core\AI\Hazina.AI.RAG\Embeddings\ContentTypeDetector.cs(30,13): warning SA1503: Braces should not be omitted (https://github.com/DotNetAnalyzers/StyleCopAnalyzers/blob/master/documentation/SA1503.md) [C:\Projects\Hazina\src\Core\AI\Hazina.AI.RAG\Hazina.AI.RAG.csproj::TargetFramework=net10.0]
C:\Projects\Hazina\src\Core\AI\Hazina.AI.RAG\Embeddings\ContentTypeDetector.cs(34,13): warning SA1503: Braces should not be omitted (https://github.com/DotNetAnalyzers/StyleCopAnalyzers/blob/master/documentation/SA1503.md) [C:\Projects\Hazina\src\Core\AI\Hazina.AI.RAG\Hazina.AI.RAG.csproj::TargetFramework=net10.0]
C:\Projects\Hazina\src\Core\AI\Hazina.AI.RAG\Embeddings\ContentTypeDetector.cs(38,13): warning SA1503: Braces should not be omitted (https://github.com/DotNetAnalyzers/StyleCopAnalyzers/blob/master/documentation/SA1503.md) [C:\Projects\Hazina\src\Core\AI\Hazina.AI.RAG\Hazina.AI.RAG.csproj::TargetFramework=net10.0]
C:\Projects\Hazina\src\Core\AI\Hazina.AI.RAG\Embeddings\ContentTypeDetector.cs(41,13): warning SA1503: Braces should not be omitted (https://github.com/DotNetAnalyzers/StyleCopAnalyzers/blob/master/documentation/SA1503.md) [C:\Projects\Hazina\src\Core\AI\Hazina.AI.RAG\Hazina.AI.RAG.csproj::TargetFramework=net10.0]
C:\Projects\Hazina\src\Core\AI\Hazina.AI.RAG\Utilities\SentenceSplitter.cs(104,24): warning CA1304: The behavior of 'string.ToLower()' could vary based on the current user's locale settings. Replace this call in 'SentenceSplitter.EndsWithAbbreviation(string)' with a call to 'string.ToLower(CultureInfo)'. (https://learn.microsoft.com/dotnet/fundamentals/code-analysis/quality-rules/ca1304) [C:\Projects\Hazina\src\Core\AI\Hazina.AI.RAG\Hazina.AI.RAG.csproj::TargetFramework=net10.0]
C:\Projects\Hazina\src\Core\AI\Hazina.AI.RAG\Graph\Pipeline\EntityNormalizationService.cs(87,26): warning MA0004: Use Task.ConfigureAwait(false) if the current SynchronizationContext is not needed (https://github.com/meziantou/Meziantou.Analyzer/blob/main/docs/Rules/MA0004.md) [C:\Projects\Hazina\src\Core\AI\Hazina.AI.RAG\Hazina.AI.RAG.csproj::TargetFramework=net10.0]
C:\Projects\Hazina\src\Core\AI\Hazina.AI.RAG\Graph\Pipeline\EntityNormalizationService.cs(108,36): warning MA0004: Use Task.ConfigureAwait(false) if the current SynchronizationContext is not needed (https://github.com/meziantou/Meziantou.Analyzer/blob/main/docs/Rules/MA0004.md) [C:\Projects\Hazina\src\Core\AI\Hazina.AI.RAG\Hazina.AI.RAG.csproj::TargetFramework=net10.0]
C:\Projects\Hazina\src\Core\AI\Hazina.AI.RAG\Utilities\SentenceSplitter.cs(104,24): warning MA0011: Use an overload of 'ToLower' that has a 'System.Globalization.CultureInfo' parameter (https://github.com/meziantou/Meziantou.Analyzer/blob/main/docs/Rules/MA0011.md) [C:\Projects\Hazina\src\Core\AI\Hazina.AI.RAG\Hazina.AI.RAG.csproj::TargetFramework=net10.0]
C:\Projects\Hazina\src\Core\AI\Hazina.AI.RAG\Graph\Pipeline\LLMRelationshipExtractor.cs(77,28): warning MA0004: Use Task.ConfigureAwait(false) if the current SynchronizationContext is not needed (https://github.com/meziantou/Meziantou.Analyzer/blob/main/docs/Rules/MA0004.md) [C:\Projects\Hazina\src\Core\AI\Hazina.AI.RAG\Hazina.AI.RAG.csproj::TargetFramework=net10.0]
C:\Projects\Hazina\src\Core\AI\Hazina.AI.RAG\Graph\Pipeline\GraphConstructionPipeline.cs(1,1): warning SA1633: The file header is missing or not located at the top of the file. (https://github.com/DotNetAnalyzers/StyleCopAnalyzers/blob/master/documentation/SA1633.md) [C:\Projects\Hazina\src\Core\AI\Hazina.AI.RAG\Hazina.AI.RAG.csproj::TargetFramework=net10.0]
C:\Projects\Hazina\src\Core\AI\Hazina.AI.RAG\Graph\Pipeline\GraphConstructionPipeline.cs(230,14): warning SA1402: File may only contain a single type (https://github.com/DotNetAnalyzers/StyleCopAnalyzers/blob/master/documentation/SA1402.md) [C:\Projects\Hazina\src\Core\AI\Hazina.AI.RAG\Hazina.AI.RAG.csproj::TargetFramework=net10.0]
C:\Projects\Hazina\src\Core\AI\Hazina.AI.RAG\Retrieval\RetrievalPipeline.cs(35,13): warning SA1503: Braces should not be omitted (https://github.com/DotNetAnalyzers/StyleCopAnalyzers/blob/master/documentation/SA1503.md) [C:\Projects\Hazina\src\Core\AI\Hazina.AI.RAG\Hazina.AI.RAG.csproj::TargetFramework=net10.0]
C:\Projects\Hazina\src\Core\AI\Hazina.AI.RAG\Retrieval\RetrievalPipeline.cs(32,9): warning SA1111: Closing parenthesis should be on line of last parameter (https://github.com/DotNetAnalyzers/StyleCopAnalyzers/blob/master/documentation/SA1111.md) [C:\Projects\Hazina\src\Core\AI\Hazina.AI.RAG\Hazina.AI.RAG.csproj::TargetFramework=net10.0]
C:\Projects\Hazina\src\Core\AI\Hazina.AI.RAG\Retrieval\RetrievalPipeline.cs(42,9): warning SA1111: Closing parenthesis should be on line of last parameter (https://github.com/DotNetAnalyzers/StyleCopAnalyzers/blob/master/documentation/SA1111.md) [C:\Projects\Hazina\src\Core\AI\Hazina.AI.RAG\Hazina.AI.RAG.csproj::TargetFramework=net10.0]
C:\Projects\Hazina\src\Core\AI\Hazina.AI.RAG\Extensions\DocumentStoreSemanticExtensions.cs(30,49): warning SA1629: Documentation text should end with a period (https://github.com/DotNetAnalyzers/StyleCopAnalyzers/blob/master/documentation/SA1629.md) [C:\Projects\Hazina\src\Core\AI\Hazina.AI.RAG\Hazina.AI.RAG.csproj::TargetFramework=net10.0]
C:\Projects\Hazina\src\Core\AI\Hazina.AI.RAG\Extensions\DocumentStoreSemanticExtensions.cs(32,55): warning SA1629: Documentation text should end with a period (https://github.com/DotNetAnalyzers/StyleCopAnalyzers/blob/master/documentation/SA1629.md) [C:\Projects\Hazina\src\Core\AI\Hazina.AI.RAG\Hazina.AI.RAG.csproj::TargetFramework=net10.0]
C:\Projects\Hazina\src\Core\AI\Hazina.AI.RAG\Extensions\DocumentStoreSemanticExtensions.cs(33,45): warning SA1629: Documentation text should end with a period (https://github.com/DotNetAnalyzers/StyleCopAnalyzers/blob/master/documentation/SA1629.md) [C:\Projects\Hazina\src\Core\AI\Hazina.AI.RAG\Hazina.AI.RAG.csproj::TargetFramework=net10.0]
C:\Projects\Hazina\src\Core\AI\Hazina.AI.RAG\Extensions\DocumentStoreSemanticExtensions.cs(34,47): warning SA1629: Documentation text should end with a period (https://github.com/DotNetAnalyzers/StyleCopAnalyzers/blob/master/documentation/SA1629.md) [C:\Projects\Hazina\src\Core\AI\Hazina.AI.RAG\Hazina.AI.RAG.csproj::TargetFramework=net10.0]
C:\Projects\Hazina\src\Core\AI\Hazina.AI.RAG\Extensions\DocumentStoreSemanticExtensions.cs(35,83): warning SA1629: Documentation text should end with a period (https://github.com/DotNetAnalyzers/StyleCopAnalyzers/blob/master/documentation/SA1629.md) [C:\Projects\Hazina\src\Core\AI\Hazina.AI.RAG\Hazina.AI.RAG.csproj::TargetFramework=net10.0]
C:\Projects\Hazina\src\Core\AI\Hazina.AI.RAG\Extensions\DocumentStoreSemanticExtensions.cs(36,97): warning SA1629: Documentation text should end with a period (https://github.com/DotNetAnalyzers/StyleCopAnalyzers/blob/master/documentation/SA1629.md) [C:\Projects\Hazina\src\Core\AI\Hazina.AI.RAG\Hazina.AI.RAG.csproj::TargetFramework=net10.0]
C:\Projects\Hazina\src\Core\AI\Hazina.AI.RAG\Extensions\DocumentStoreSemanticExtensions.cs(37,78): warning SA1629: Documentation text should end with a period (https://github.com/DotNetAnalyzers/StyleCopAnalyzers/blob/master/documentation/SA1629.md) [C:\Projects\Hazina\src\Core\AI\Hazina.AI.RAG\Hazina.AI.RAG.csproj::TargetFramework=net10.0]
C:\Projects\Hazina\src\Core\AI\Hazina.AI.RAG\Extensions\DocumentStoreSemanticExtensions.cs(38,49): warning SA1629: Documentation text should end with a period (https://github.com/DotNetAnalyzers/StyleCopAnalyzers/blob/master/documentation/SA1629.md) [C:\Projects\Hazina\src\Core\AI\Hazina.AI.RAG\Hazina.AI.RAG.csproj::TargetFramework=net10.0]
C:\Projects\Hazina\src\Core\AI\Hazina.AI.RAG\Extensions\DocumentStoreSemanticExtensions.cs(39,44): warning SA1629: Documentation text should end with a period (https://github.com/DotNetAnalyzers/StyleCopAnalyzers/blob/master/documentation/SA1629.md) [C:\Projects\Hazina\src\Core\AI\Hazina.AI.RAG\Hazina.AI.RAG.csproj::TargetFramework=net10.0]
C:\Projects\Hazina\src\Core\AI\Hazina.AI.RAG\Extensions\DocumentStoreSemanticExtensions.cs(40,36): warning SA1629: Documentation text should end with a period (https://github.com/DotNetAnalyzers/StyleCopAnalyzers/blob/master/documentation/SA1629.md) [C:\Projects\Hazina\src\Core\AI\Hazina.AI.RAG\Hazina.AI.RAG.csproj::TargetFramework=net10.0]
C:\Projects\Hazina\src\Core\AI\Hazina.AI.RAG\Retrieval\RetrievalPipeline.cs(27,26): warning MA0004: Use Task.ConfigureAwait(false) if the current SynchronizationContext is not needed (https://github.com/meziantou/Meziantou.Analyzer/blob/main/docs/Rules/MA0004.md) [C:\Projects\Hazina\src\Core\AI\Hazina.AI.RAG\Hazina.AI.RAG.csproj::TargetFramework=net10.0]
C:\Projects\Hazina\src\Core\AI\Hazina.AI.RAG\Retrieval\RetrievalPipeline.cs(37,24): warning MA0004: Use Task.ConfigureAwait(false) if the current SynchronizationContext is not needed (https://github.com/meziantou/Meziantou.Analyzer/blob/main/docs/Rules/MA0004.md) [C:\Projects\Hazina\src\Core\AI\Hazina.AI.RAG\Hazina.AI.RAG.csproj::TargetFramework=net10.0]
C:\Projects\Hazina\src\Core\AI\Hazina.AI.RAG\Extensions\DocumentStoreSemanticExtensions.cs(73,9): warning SA1111: Closing parenthesis should be on line of last parameter (https://github.com/DotNetAnalyzers/StyleCopAnalyzers/blob/master/documentation/SA1111.md) [C:\Projects\Hazina\src\Core\AI\Hazina.AI.RAG\Hazina.AI.RAG.csproj::TargetFramework=net10.0]
C:\Projects\Hazina\src\Core\AI\Hazina.AI.RAG\Extensions\DocumentStoreSemanticExtensions.cs(109,13): warning SA1111: Closing parenthesis should be on line of last parameter (https://github.com/DotNetAnalyzers/StyleCopAnalyzers/blob/master/documentation/SA1111.md) [C:\Projects\Hazina\src\Core\AI\Hazina.AI.RAG\Hazina.AI.RAG.csproj::TargetFramework=net10.0]
C:\Projects\Hazina\src\Core\AI\Hazina.AI.RAG\Extensions\DocumentStoreSemanticExtensions.cs(125,17): warning SA1111: Closing parenthesis should be on line of last parameter (https://github.com/DotNetAnalyzers/StyleCopAnalyzers/blob/master/documentation/SA1111.md) [C:\Projects\Hazina\src\Core\AI\Hazina.AI.RAG\Hazina.AI.RAG.csproj::TargetFramework=net10.0]
C:\Projects\Hazina\src\Core\AI\Hazina.AI.RAG\Retrieval\VectorStoreRetriever.cs(48,9): warning SA1500: Braces for multi-line statements should not share line (https://github.com/DotNetAnalyzers/StyleCopAnalyzers/blob/master/documentation/SA1500.md) [C:\Projects\Hazina\src\Core\AI\Hazina.AI.RAG\Hazina.AI.RAG.csproj::TargetFramework=net10.0]
C:\Projects\Hazina\src\Core\AI\Hazina.AI.RAG\Retrieval\VectorStoreRetriever.cs(38,9): warning SA1111: Closing parenthesis should be on line of last parameter (https://github.com/DotNetAnalyzers/StyleCopAnalyzers/blob/master/documentation/SA1111.md) [C:\Projects\Hazina\src\Core\AI\Hazina.AI.RAG\Hazina.AI.RAG.csproj::TargetFramework=net10.0]
C:\Projects\Hazina\src\Core\AI\Hazina.AI.RAG\Extensions\DocumentStoreSemanticExtensions.cs(79,28): warning SA1122: Use string.Empty for empty strings (https://github.com/DotNetAnalyzers/StyleCopAnalyzers/blob/master/documentation/SA1122.md) [C:\Projects\Hazina\src\Core\AI\Hazina.AI.RAG\Hazina.AI.RAG.csproj::TargetFramework=net10.0]
C:\Projects\Hazina\src\Core\AI\Hazina.AI.RAG\Graph\Pipeline\LLMRelationshipExtractor.cs(103,37): warning MA0051: Method is too long (87 lines; maximum allowed: 60) (https://github.com/meziantou/Meziantou.Analyzer/blob/main/docs/Rules/MA0051.md) [C:\Projects\Hazina\src\Core\AI\Hazina.AI.RAG\Hazina.AI.RAG.csproj::TargetFramework=net10.0]
C:\Projects\Hazina\src\Core\AI\Hazina.AI.RAG\Graph\Pipeline\IEntityExtractor.cs(1,1): warning SA1633: The file header is missing or not located at the top of the file. (https://github.com/DotNetAnalyzers/StyleCopAnalyzers/blob/master/documentation/SA1633.md) [C:\Projects\Hazina\src\Core\AI\Hazina.AI.RAG\Hazina.AI.RAG.csproj::TargetFramework=net10.0]
C:\Projects\Hazina\src\Core\AI\Hazina.AI.RAG\Graph\Pipeline\IEntityNormalizer.cs(1,1): warning SA1633: The file header is missing or not located at the top of the file. (https://github.com/DotNetAnalyzers/StyleCopAnalyzers/blob/master/documentation/SA1633.md) [C:\Projects\Hazina\src\Core\AI\Hazina.AI.RAG\Hazina.AI.RAG.csproj::TargetFramework=net10.0]
C:\Projects\Hazina\src\Core\AI\Hazina.AI.RAG\Graph\Pipeline\ILLMTextService.cs(1,1): warning SA1633: The file header is missing or not located at the top of the file. (https://github.com/DotNetAnalyzers/StyleCopAnalyzers/blob/master/documentation/SA1633.md) [C:\Projects\Hazina\src\Core\AI\Hazina.AI.RAG\Hazina.AI.RAG.csproj::TargetFramework=net10.0]
C:\Projects\Hazina\src\Core\AI\Hazina.AI.RAG\Graph\Pipeline\IRelationshipExtractor.cs(1,1): warning SA1633: The file header is missing or not located at the top of the file. (https://github.com/DotNetAnalyzers/StyleCopAnalyzers/blob/master/documentation/SA1633.md) [C:\Projects\Hazina\src\Core\AI\Hazina.AI.RAG\Hazina.AI.RAG.csproj::TargetFramework=net10.0]
C:\Projects\Hazina\src\Core\AI\Hazina.AI.RAG\Graph\Pipeline\LLMEntityExtractor.cs(162,19): warning S3260: Private classes which are not derived in the current assembly should be marked as 'sealed'. (https://rules.sonarsource.com/csharp/RSPEC-3260) [C:\Projects\Hazina\src\Core\AI\Hazina.AI.RAG\Hazina.AI.RAG.csproj::TargetFramework=net10.0]
C:\Projects\Hazina\src\Core\AI\Hazina.AI.RAG\Graph\Pipeline\LLMEntityExtractor.cs(1,1): warning SA1633: The file header is missing or not located at the top of the file. (https://github.com/DotNetAnalyzers/StyleCopAnalyzers/blob/master/documentation/SA1633.md) [C:\Projects\Hazina\src\Core\AI\Hazina.AI.RAG\Hazina.AI.RAG.csproj::TargetFramework=net10.0]
C:\Projects\Hazina\src\Core\AI\Hazina.AI.RAG\Graph\Pipeline\LLMEntityExtractor.cs(96,14): warning SA1513: Closing brace should be followed by blank line (https://github.com/DotNetAnalyzers/StyleCopAnalyzers/blob/master/documentation/SA1513.md) [C:\Projects\Hazina\src\Core\AI\Hazina.AI.RAG\Hazina.AI.RAG.csproj::TargetFramework=net10.0]
C:\Projects\Hazina\src\Core\AI\Hazina.AI.RAG\Graph\Pipeline\LLMEntityExtractor.cs(100,14): warning SA1513: Closing brace should be followed by blank line (https://github.com/DotNetAnalyzers/StyleCopAnalyzers/blob/master/documentation/SA1513.md) [C:\Projects\Hazina\src\Core\AI\Hazina.AI.RAG\Hazina.AI.RAG.csproj::TargetFramework=net10.0]
C:\Projects\Hazina\src\Core\AI\Hazina.AI.RAG\Graph\Pipeline\LLMEntityExtractor.cs(104,14): warning SA1513: Closing brace should be followed by blank line (https://github.com/DotNetAnalyzers/StyleCopAnalyzers/blob/master/documentation/SA1513.md) [C:\Projects\Hazina\src\Core\AI\Hazina.AI.RAG\Hazina.AI.RAG.csproj::TargetFramework=net10.0]
C:\Projects\Hazina\src\Core\AI\Hazina.AI.RAG\Utilities\SentenceSplitter.cs(109,76): warning SA1629: Documentation text should end with a period (https://github.com/DotNetAnalyzers/StyleCopAnalyzers/blob/master/documentation/SA1629.md) [C:\Projects\Hazina\src\Core\AI\Hazina.AI.RAG\Hazina.AI.RAG.csproj::TargetFramework=net10.0]
C:\Projects\Hazina\src\Core\AI\Hazina.AI.RAG\Utilities\SentenceSplitter.cs(113,35): warning SA1503: Braces should not be omitted (https://github.com/DotNetAnalyzers/StyleCopAnalyzers/blob/master/documentation/SA1503.md) [C:\Projects\Hazina\src\Core\AI\Hazina.AI.RAG\Hazina.AI.RAG.csproj::TargetFramework=net10.0]
C:\Projects\Hazina\src\Core\AI\Hazina.AI.RAG\Utilities\SentenceSplitter.cs(116,22): warning SA1122: Use string.Empty for empty strings (https://github.com/DotNetAnalyzers/StyleCopAnalyzers/blob/master/documentation/SA1122.md) [C:\Projects\Hazina\src\Core\AI\Hazina.AI.RAG\Hazina.AI.RAG.csproj::TargetFramework=net10.0]
C:\Projects\Hazina\src\Core\AI\Hazina.AI.RAG\Extensions\RetrievalServiceExtensions.cs(15,95): warning SA1629: Documentation text should end with a period (https://github.com/DotNetAnalyzers/StyleCopAnalyzers/blob/master/documentation/SA1629.md) [C:\Projects\Hazina\src\Core\AI\Hazina.AI.RAG\Hazina.AI.RAG.csproj::TargetFramework=net10.0]
C:\Projects\Hazina\src\Core\AI\Hazina.AI.RAG\Core\RAGEngine.cs(165,9): warning SA1111: Closing parenthesis should be on line of last parameter (https://github.com/DotNetAnalyzers/StyleCopAnalyzers/blob/master/documentation/SA1111.md) [C:\Projects\Hazina\src\Core\AI\Hazina.AI.RAG\Hazina.AI.RAG.csproj::TargetFramework=net10.0]
C:\Projects\Hazina\src\Core\AI\Hazina.AI.RAG\Extensions\DocumentStoreSemanticExtensions.cs(64,22): warning MA0004: Use Task.ConfigureAwait(false) if the current SynchronizationContext is not needed (https://github.com/meziantou/Meziantou.Analyzer/blob/main/docs/Rules/MA0004.md) [C:\Projects\Hazina\src\Core\AI\Hazina.AI.RAG\Hazina.AI.RAG.csproj::TargetFramework=net10.0]
C:\Projects\Hazina\src\Core\AI\Hazina.AI.RAG\Extensions\DocumentStoreSemanticExtensions.cs(87,9): warning MA0004: Use Task.ConfigureAwait(false) if the current SynchronizationContext is not needed (https://github.com/meziantou/Meziantou.Analyzer/blob/main/docs/Rules/MA0004.md) [C:\Projects\Hazina\src\Core\AI\Hazina.AI.RAG\Hazina.AI.RAG.csproj::TargetFramework=net10.0]
C:\Projects\Hazina\src\Core\AI\Hazina.AI.RAG\Core\RAGEngine.cs(159,30): warning MA0004: Use Task.ConfigureAwait(false) if the current SynchronizationContext is not needed (https://github.com/meziantou/Meziantou.Analyzer/blob/main/docs/Rules/MA0004.md) [C:\Projects\Hazina\src\Core\AI\Hazina.AI.RAG\Hazina.AI.RAG.csproj::TargetFramework=net10.0]
C:\Projects\Hazina\src\Core\AI\Hazina.AI.RAG\Extensions\DocumentStoreSemanticExtensions.cs(94,9): warning MA0004: Use Task.ConfigureAwait(false) if the current SynchronizationContext is not needed (https://github.com/meziantou/Meziantou.Analyzer/blob/main/docs/Rules/MA0004.md) [C:\Projects\Hazina\src\Core\AI\Hazina.AI.RAG\Hazina.AI.RAG.csproj::TargetFramework=net10.0]
C:\Projects\Hazina\src\Core\AI\Hazina.AI.RAG\Core\RAGEngine.cs(160,16): warning MA0004: Use Task.ConfigureAwait(false) if the current SynchronizationContext is not needed (https://github.com/meziantou/Meziantou.Analyzer/blob/main/docs/Rules/MA0004.md) [C:\Projects\Hazina\src\Core\AI\Hazina.AI.RAG\Hazina.AI.RAG.csproj::TargetFramework=net10.0]
C:\Projects\Hazina\src\Core\AI\Hazina.AI.RAG\Retrieval\VectorStoreRetriever.cs(30,30): warning MA0004: Use Task.ConfigureAwait(false) if the current SynchronizationContext is not needed (https://github.com/meziantou/Meziantou.Analyzer/blob/main/docs/Rules/MA0004.md) [C:\Projects\Hazina\src\Core\AI\Hazina.AI.RAG\Hazina.AI.RAG.csproj::TargetFramework=net10.0]
C:\Projects\Hazina\src\Core\AI\Hazina.AI.RAG\Retrieval\VectorStoreRetriever.cs(33,23): warning MA0004: Use Task.ConfigureAwait(false) if the current SynchronizationContext is not needed (https://github.com/meziantou/Meziantou.Analyzer/blob/main/docs/Rules/MA0004.md) [C:\Projects\Hazina\src\Core\AI\Hazina.AI.RAG\Hazina.AI.RAG.csproj::TargetFramework=net10.0]
C:\Projects\Hazina\src\Core\AI\Hazina.AI.RAG\Extensions\DocumentStoreSemanticExtensions.cs(95,9): warning MA0004: Use Task.ConfigureAwait(false) if the current SynchronizationContext is not needed (https://github.com/meziantou/Meziantou.Analyzer/blob/main/docs/Rules/MA0004.md) [C:\Projects\Hazina\src\Core\AI\Hazina.AI.RAG\Hazina.AI.RAG.csproj::TargetFramework=net10.0]
C:\Projects\Hazina\src\Core\AI\Hazina.AI.RAG\Extensions\DocumentStoreSemanticExtensions.cs(102,13): warning MA0004: Use Task.ConfigureAwait(false) if the current SynchronizationContext is not needed (https://github.com/meziantou/Meziantou.Analyzer/blob/main/docs/Rules/MA0004.md) [C:\Projects\Hazina\src\Core\AI\Hazina.AI.RAG\Hazina.AI.RAG.csproj::TargetFramework=net10.0]
C:\Projects\Hazina\src\Core\AI\Hazina.AI.RAG\Graph\Pipeline\LLMRelationshipExtractor.cs(197,19): warning S3260: Private classes which are not derived in the current assembly should be marked as 'sealed'. (https://rules.sonarsource.com/csharp/RSPEC-3260) [C:\Projects\Hazina\src\Core\AI\Hazina.AI.RAG\Hazina.AI.RAG.csproj::TargetFramework=net10.0]
C:\Projects\Hazina\src\Core\AI\Hazina.AI.RAG\Graph\Pipeline\LLMRelationshipExtractor.cs(1,1): warning SA1633: The file header is missing or not located at the top of the file. (https://github.com/DotNetAnalyzers/StyleCopAnalyzers/blob/master/documentation/SA1633.md) [C:\Projects\Hazina\src\Core\AI\Hazina.AI.RAG\Hazina.AI.RAG.csproj::TargetFramework=net10.0]
C:\Projects\Hazina\src\Core\AI\Hazina.AI.RAG\Extensions\DocumentStoreSemanticExtensions.cs(118,17): warning MA0004: Use Task.ConfigureAwait(false) if the current SynchronizationContext is not needed (https://github.com/meziantou/Meziantou.Analyzer/blob/main/docs/Rules/MA0004.md) [C:\Projects\Hazina\src\Core\AI\Hazina.AI.RAG\Hazina.AI.RAG.csproj::TargetFramework=net10.0]
C:\Projects\Hazina\src\Core\AI\Hazina.AI.RAG\Extensions\DocumentStoreSemanticExtensions.cs(130,9): warning MA0004: Use Task.ConfigureAwait(false) if the current SynchronizationContext is not needed (https://github.com/meziantou/Meziantou.Analyzer/blob/main/docs/Rules/MA0004.md) [C:\Projects\Hazina\src\Core\AI\Hazina.AI.RAG\Hazina.AI.RAG.csproj::TargetFramework=net10.0]
C:\Projects\Hazina\src\Core\AI\Hazina.AI.RAG\Graph\Pipeline\LLMRelationshipExtractor.cs(116,14): warning SA1513: Closing brace should be followed by blank line (https://github.com/DotNetAnalyzers/StyleCopAnalyzers/blob/master/documentation/SA1513.md) [C:\Projects\Hazina\src\Core\AI\Hazina.AI.RAG\Hazina.AI.RAG.csproj::TargetFramework=net10.0]
C:\Projects\Hazina\src\Core\AI\Hazina.AI.RAG\Graph\Pipeline\LLMRelationshipExtractor.cs(120,14): warning SA1513: Closing brace should be followed by blank line (https://github.com/DotNetAnalyzers/StyleCopAnalyzers/blob/master/documentation/SA1513.md) [C:\Projects\Hazina\src\Core\AI\Hazina.AI.RAG\Hazina.AI.RAG.csproj::TargetFramework=net10.0]
C:\Projects\Hazina\src\Core\AI\Hazina.AI.RAG\Graph\Pipeline\LLMRelationshipExtractor.cs(124,14): warning SA1513: Closing brace should be followed by blank line (https://github.com/DotNetAnalyzers/StyleCopAnalyzers/blob/master/documentation/SA1513.md) [C:\Projects\Hazina\src\Core\AI\Hazina.AI.RAG\Hazina.AI.RAG.csproj::TargetFramework=net10.0]
C:\Projects\Hazina\src\Core\AI\Hazina.AI.RAG\Embeddings\BasicMetadataExtractor.cs(41,41): warning CA1062: In externally visible method 'Dictionary<string, object> BasicMetadataExtractor.ExtractMetadata(string chunkText)', validate parameter 'chunkText' is non-null before using it. If appropriate, throw an 'ArgumentNullException' when the argument is 'null'. (https://learn.microsoft.com/dotnet/fundamentals/code-analysis/quality-rules/ca1062) [C:\Projects\Hazina\src\Core\AI\Hazina.AI.RAG\Hazina.AI.RAG.csproj::TargetFramework=net10.0]
C:\Projects\Hazina\src\Core\AI\Hazina.AI.RAG\Extensions\DocumentStoreSemanticExtensions.cs(67,13): warning MA0002: Use an overload that has a IEqualityComparer<string> or IComparer<string> parameter (https://github.com/meziantou/Meziantou.Analyzer/blob/main/docs/Rules/MA0002.md) [C:\Projects\Hazina\src\Core\AI\Hazina.AI.RAG\Hazina.AI.RAG.csproj::TargetFramework=net10.0]
C:\Projects\Hazina\src\Core\AI\Hazina.AI.RAG\Extensions\DocumentStoreSemanticExtensions.cs(83,42): warning MA0002: Use an overload that has a IEqualityComparer<string> or IComparer<string> parameter (https://github.com/meziantou/Meziantou.Analyzer/blob/main/docs/Rules/MA0002.md) [C:\Projects\Hazina\src\Core\AI\Hazina.AI.RAG\Hazina.AI.RAG.csproj::TargetFramework=net10.0]
C:\Projects\Hazina\src\Core\AI\Hazina.AI.RAG\Utilities\SentenceSplitter.cs(147,68): warning SA1629: Documentation text should end with a period (https://github.com/DotNetAnalyzers/StyleCopAnalyzers/blob/master/documentation/SA1629.md) [C:\Projects\Hazina\src\Core\AI\Hazina.AI.RAG\Hazina.AI.RAG.csproj::TargetFramework=net10.0]
C:\Projects\Hazina\src\Core\AI\Hazina.AI.RAG\Graph\Pipeline\EntityNormalizationService.cs(150,38): warning SA1116: The parameters should begin on the line after the declaration, whenever the parameter span across multiple lines (https://github.com/DotNetAnalyzers/StyleCopAnalyzers/blob/master/documentation/SA1116.md) [C:\Projects\Hazina\src\Core\AI\Hazina.AI.RAG\Hazina.AI.RAG.csproj::TargetFramework=net10.0]
C:\Projects\Hazina\src\Core\AI\Hazina.AI.RAG\Graph\Pipeline\EntityNormalizationService.cs(151,38): warning SA1117: The parameters should all be placed on the same line or each parameter should be placed on its own line (https://github.com/DotNetAnalyzers/StyleCopAnalyzers/blob/master/documentation/SA1117.md) [C:\Projects\Hazina\src\Core\AI\Hazina.AI.RAG\Hazina.AI.RAG.csproj::TargetFramework=net10.0]
C:\Projects\Hazina\src\Core\AI\Hazina.AI.RAG\Graph\Pipeline\EntityNormalizationService.cs(150,21): warning CA1873: Evaluation of this argument may be expensive and unnecessary if logging is disabled (https://learn.microsoft.com/dotnet/fundamentals/code-analysis/quality-rules/ca1873) [C:\Projects\Hazina\src\Core\AI\Hazina.AI.RAG\Hazina.AI.RAG.csproj::TargetFramework=net10.0]
C:\Projects\Hazina\src\Core\AI\Hazina.AI.RAG\Graph\Pipeline\EntityNormalizationService.cs(150,21): warning CA1848: For improved performance, use the LoggerMessage delegates instead of calling 'LoggerExtensions.LogDebug(ILogger, string?, params object?[])' (https://learn.microsoft.com/dotnet/fundamentals/code-analysis/quality-rules/ca1848) [C:\Projects\Hazina\src\Core\AI\Hazina.AI.RAG\Hazina.AI.RAG.csproj::TargetFramework=net10.0]
C:\Projects\Hazina\src\Core\AI\Hazina.AI.RAG\Graph\Pipeline\LLMTextService.cs(1,1): warning SA1633: The file header is missing or not located at the top of the file. (https://github.com/DotNetAnalyzers/StyleCopAnalyzers/blob/master/documentation/SA1633.md) [C:\Projects\Hazina\src\Core\AI\Hazina.AI.RAG\Hazina.AI.RAG.csproj::TargetFramework=net10.0]
C:\Projects\Hazina\src\Core\AI\Hazina.AI.RAG\Graph\Pipeline\EntityNormalizationService.cs(133,20): warning MA0004: Use Task.ConfigureAwait(false) if the current SynchronizationContext is not needed (https://github.com/meziantou/Meziantou.Analyzer/blob/main/docs/Rules/MA0004.md) [C:\Projects\Hazina\src\Core\AI\Hazina.AI.RAG\Hazina.AI.RAG.csproj::TargetFramework=net10.0]
C:\Projects\Hazina\src\Core\AI\Hazina.AI.RAG\Graph\Pipeline\EntityNormalizationService.cs(136,31): warning MA0004: Use Task.ConfigureAwait(false) if the current SynchronizationContext is not needed (https://github.com/meziantou/Meziantou.Analyzer/blob/main/docs/Rules/MA0004.md) [C:\Projects\Hazina\src\Core\AI\Hazina.AI.RAG\Hazina.AI.RAG.csproj::TargetFramework=net10.0]
C:\Projects\Hazina\src\Core\AI\Hazina.AI.RAG\Graph\Pipeline\EntityNormalizationService.cs(143,17): warning MA0006: Use string.Equals instead of Equals operator (https://github.com/meziantou/Meziantou.Analyzer/blob/main/docs/Rules/MA0006.md) [C:\Projects\Hazina\src\Core\AI\Hazina.AI.RAG\Hazina.AI.RAG.csproj::TargetFramework=net10.0]
C:\Projects\Hazina\src\Core\AI\Hazina.AI.RAG\Graph\Retrieval\HybridRetrievalService.cs(1,1): warning SA1633: The file header is missing or not located at the top of the file. (https://github.com/DotNetAnalyzers/StyleCopAnalyzers/blob/master/documentation/SA1633.md) [C:\Projects\Hazina\src\Core\AI\Hazina.AI.RAG\Hazina.AI.RAG.csproj::TargetFramework=net10.0]
C:\Projects\Hazina\src\Core\AI\Hazina.AI.RAG\Graph\Retrieval\HybridRetrievalService.cs(80,9): warning SA1512: Single-line comments should not be followed by blank line (https://github.com/DotNetAnalyzers/StyleCopAnalyzers/blob/master/documentation/SA1512.md) [C:\Projects\Hazina\src\Core\AI\Hazina.AI.RAG\Hazina.AI.RAG.csproj::TargetFramework=net10.0]
C:\Projects\Hazina\src\Core\AI\Hazina.AI.RAG\Graph\Retrieval\HybridRetrievalService.cs(386,14): warning SA1402: File may only contain a single type (https://github.com/DotNetAnalyzers/StyleCopAnalyzers/blob/master/documentation/SA1402.md) [C:\Projects\Hazina\src\Core\AI\Hazina.AI.RAG\Hazina.AI.RAG.csproj::TargetFramework=net10.0]
C:\Projects\Hazina\src\Core\AI\Hazina.AI.RAG\Graph\Retrieval\HybridRetrievalService.cs(410,14): warning SA1402: File may only contain a single type (https://github.com/DotNetAnalyzers/StyleCopAnalyzers/blob/master/documentation/SA1402.md) [C:\Projects\Hazina\src\Core\AI\Hazina.AI.RAG\Hazina.AI.RAG.csproj::TargetFramework=net10.0]
C:\Projects\Hazina\src\Core\AI\Hazina.AI.RAG\Graph\Pipeline\LLMRelationshipExtractor.cs(142,40): warning SA1116: The parameters should begin on the line after the declaration, whenever the parameter span across multiple lines (https://github.com/DotNetAnalyzers/StyleCopAnalyzers/blob/master/documentation/SA1116.md) [C:\Projects\Hazina\src\Core\AI\Hazina.AI.RAG\Hazina.AI.RAG.csproj::TargetFramework=net10.0]
C:\Projects\Hazina\src\Core\AI\Hazina.AI.RAG\Graph\Pipeline\LLMRelationshipExtractor.cs(150,38): warning SA1116: The parameters should begin on the line after the declaration, whenever the parameter span across multiple lines (https://github.com/DotNetAnalyzers/StyleCopAnalyzers/blob/master/documentation/SA1116.md) [C:\Projects\Hazina\src\Core\AI\Hazina.AI.RAG\Hazina.AI.RAG.csproj::TargetFramework=net10.0]
C:\Projects\Hazina\src\Core\AI\Hazina.AI.RAG\Graph\Pipeline\LLMRelationshipExtractor.cs(158,40): warning SA1116: The parameters should begin on the line after the declaration, whenever the parameter span across multiple lines (https://github.com/DotNetAnalyzers/StyleCopAnalyzers/blob/master/documentation/SA1116.md) [C:\Projects\Hazina\src\Core\AI\Hazina.AI.RAG\Hazina.AI.RAG.csproj::TargetFramework=net10.0]
C:\Projects\Hazina\src\Core\AI\Hazina.AI.RAG\Graph\Pipeline\LLMRelationshipExtractor.cs(165,40): warning SA1116: The parameters should begin on the line after the declaration, whenever the parameter span across multiple lines (https://github.com/DotNetAnalyzers/StyleCopAnalyzers/blob/master/documentation/SA1116.md) [C:\Projects\Hazina\src\Core\AI\Hazina.AI.RAG\Hazina.AI.RAG.csproj::TargetFramework=net10.0]
C:\Projects\Hazina\src\Core\AI\Hazina.AI.RAG\Graph\Pipeline\LLMRelationshipExtractor.cs(150,21): warning CA1873: Evaluation of this argument may be expensive and unnecessary if logging is disabled (https://learn.microsoft.com/dotnet/fundamentals/code-analysis/quality-rules/ca1873) [C:\Projects\Hazina\src\Core\AI\Hazina.AI.RAG\Hazina.AI.RAG.csproj::TargetFramework=net10.0]
C:\Projects\Hazina\src\Core\AI\Hazina.AI.RAG\Graph\Pipeline\LLMRelationshipExtractor.cs(96,9): warning CA1031: Modify 'ExtractRelationshipsAsync' to catch a more specific allowed exception type, or rethrow the exception (https://learn.microsoft.com/dotnet/fundamentals/code-analysis/quality-rules/ca1031) [C:\Projects\Hazina\src\Core\AI\Hazina.AI.RAG\Hazina.AI.RAG.csproj::TargetFramework=net10.0]
C:\Projects\Hazina\src\Core\AI\Hazina.AI.RAG\Graph\Pipeline\LLMRelationshipExtractor.cs(130,17): warning CA1848: For improved performance, use the LoggerMessage delegates instead of calling 'LoggerExtensions.LogWarning(ILogger, string?, params object?[])' (https://learn.microsoft.com/dotnet/fundamentals/code-analysis/quality-rules/ca1848) [C:\Projects\Hazina\src\Core\AI\Hazina.AI.RAG\Hazina.AI.RAG.csproj::TargetFramework=net10.0]
C:\Projects\Hazina\src\Core\AI\Hazina.AI.RAG\Graph\Pipeline\LLMRelationshipExtractor.cs(142,21): warning CA1848: For improved performance, use the LoggerMessage delegates instead of calling 'LoggerExtensions.LogWarning(ILogger, string?, params object?[])' (https://learn.microsoft.com/dotnet/fundamentals/code-analysis/quality-rules/ca1848) [C:\Projects\Hazina\src\Core\AI\Hazina.AI.RAG\Hazina.AI.RAG.csproj::TargetFramework=net10.0]
C:\Projects\Hazina\src\Core\AI\Hazina.AI.RAG\Graph\Pipeline\LLMRelationshipExtractor.cs(150,21): warning CA1848: For improved performance, use the LoggerMessage delegates instead of calling 'LoggerExtensions.LogDebug(ILogger, string?, params object?[])' (https://learn.microsoft.com/dotnet/fundamentals/code-analysis/quality-rules/ca1848) [C:\Projects\Hazina\src\Core\AI\Hazina.AI.RAG\Hazina.AI.RAG.csproj::TargetFramework=net10.0]
C:\Projects\Hazina\src\Core\AI\Hazina.AI.RAG\Graph\Pipeline\LLMRelationshipExtractor.cs(158,21): warning CA1848: For improved performance, use the LoggerMessage delegates instead of calling 'LoggerExtensions.LogWarning(ILogger, string?, params object?[])' (https://learn.microsoft.com/dotnet/fundamentals/code-analysis/quality-rules/ca1848) [C:\Projects\Hazina\src\Core\AI\Hazina.AI.RAG\Hazina.AI.RAG.csproj::TargetFramework=net10.0]
C:\Projects\Hazina\src\Core\AI\Hazina.AI.RAG\Graph\Pipeline\LLMRelationshipExtractor.cs(165,21): warning CA1848: For improved performance, use the LoggerMessage delegates instead of calling 'LoggerExtensions.LogWarning(ILogger, string?, params object?[])' (https://learn.microsoft.com/dotnet/fundamentals/code-analysis/quality-rules/ca1848) [C:\Projects\Hazina\src\Core\AI\Hazina.AI.RAG\Hazina.AI.RAG.csproj::TargetFramework=net10.0]
C:\Projects\Hazina\src\Core\AI\Hazina.AI.RAG\Graph\Pipeline\LLMRelationshipExtractor.cs(192,13): warning CA1848: For improved performance, use the LoggerMessage delegates instead of calling 'LoggerExtensions.LogError(ILogger, Exception?, string?, params object?[])' (https://learn.microsoft.com/dotnet/fundamentals/code-analysis/quality-rules/ca1848) [C:\Projects\Hazina\src\Core\AI\Hazina.AI.RAG\Hazina.AI.RAG.csproj::TargetFramework=net10.0]
C:\Projects\Hazina\src\Core\AI\Hazina.AI.RAG\Graph\Pipeline\LLMRelationshipExtractor.cs(113,17): warning CA1310: The behavior of 'string.StartsWith(string)' could vary based on the current user's locale settings. Replace this call in 'Hazina.AI.RAG.Graph.Pipeline.LLMRelationshipExtractor.ParseRelationshipResponse(string, System.Collections.Generic.List<Hazina.AI.RAG.Graph.Models.GraphEntity>, string?, string)' with a call to 'string.StartsWith(string, System.StringComparison)'. (https://learn.microsoft.com/dotnet/fundamentals/code-analysis/quality-rules/ca1310) [C:\Projects\Hazina\src\Core\AI\Hazina.AI.RAG\Hazina.AI.RAG.csproj::TargetFramework=net10.0]
C:\Projects\Hazina\src\Core\AI\Hazina.AI.RAG\Graph\Pipeline\LLMRelationshipExtractor.cs(117,17): warning CA1310: The behavior of 'string.StartsWith(string)' could vary based on the current user's locale settings. Replace this call in 'Hazina.AI.RAG.Graph.Pipeline.LLMRelationshipExtractor.ParseRelationshipResponse(string, System.Collections.Generic.List<Hazina.AI.RAG.Graph.Models.GraphEntity>, string?, string)' with a call to 'string.StartsWith(string, System.StringComparison)'. (https://learn.microsoft.com/dotnet/fundamentals/code-analysis/quality-rules/ca1310) [C:\Projects\Hazina\src\Core\AI\Hazina.AI.RAG\Hazina.AI.RAG.csproj::TargetFramework=net10.0]
C:\Projects\Hazina\src\Core\AI\Hazina.AI.RAG\Graph\Pipeline\LLMRelationshipExtractor.cs(121,17): warning CA1310: The behavior of 'string.EndsWith(string)' could vary based on the current user's locale settings. Replace this call in 'Hazina.AI.RAG.Graph.Pipeline.LLMRelationshipExtractor.ParseRelationshipResponse(string, System.Collections.Generic.List<Hazina.AI.RAG.Graph.Models.GraphEntity>, string?, string)' with a call to 'string.EndsWith(string, System.StringComparison)'. (https://learn.microsoft.com/dotnet/fundamentals/code-analysis/quality-rules/ca1310) [C:\Projects\Hazina\src\Core\AI\Hazina.AI.RAG\Hazina.AI.RAG.csproj::TargetFramework=net10.0]
C:\Projects\Hazina\src\Core\AI\Hazina.AI.RAG\Extensions\RetrievalServiceExtensions.cs(51,51): warning SA1629: Documentation text should end with a period (https://github.com/DotNetAnalyzers/StyleCopAnalyzers/blob/master/documentation/SA1629.md) [C:\Projects\Hazina\src\Core\AI\Hazina.AI.RAG\Hazina.AI.RAG.csproj::TargetFramework=net10.0]
C:\Projects\Hazina\src\Core\AI\Hazina.AI.RAG\Extensions\RetrievalServiceExtensions.cs(61,50): warning SA1629: Documentation text should end with a period (https://github.com/DotNetAnalyzers/StyleCopAnalyzers/blob/master/documentation/SA1629.md) [C:\Projects\Hazina\src\Core\AI\Hazina.AI.RAG\Hazina.AI.RAG.csproj::TargetFramework=net10.0]
C:\Projects\Hazina\src\Core\AI\Hazina.AI.RAG\Graph\Storage\GraphStoreFactory.cs(1,1): warning SA1633: The file header is missing or not located at the top of the file. (https://github.com/DotNetAnalyzers/StyleCopAnalyzers/blob/master/documentation/SA1633.md) [C:\Projects\Hazina\src\Core\AI\Hazina.AI.RAG\Hazina.AI.RAG.csproj::TargetFramework=net10.0]
C:\Projects\Hazina\src\Core\AI\Hazina.AI.RAG\Graph\Pipeline\LLMRelationshipExtractor.cs(113,17): warning MA0074: Use an overload of 'StartsWith' that has a StringComparison parameter (https://github.com/meziantou/Meziantou.Analyzer/blob/main/docs/Rules/MA0074.md) [C:\Projects\Hazina\src\Core\AI\Hazina.AI.RAG\Hazina.AI.RAG.csproj::TargetFramework=net10.0]
C:\Projects\Hazina\src\Core\AI\Hazina.AI.RAG\Utilities\SentenceSplitter.cs(39,13): warning S1481: Remove the unused local variable 'sentences'. (https://rules.sonarsource.com/csharp/RSPEC-1481) [C:\Projects\Hazina\src\Core\AI\Hazina.AI.RAG\Hazina.AI.RAG.csproj::TargetFramework=net10.0]
C:\Projects\Hazina\src\Core\AI\Hazina.AI.RAG\Graph\Pipeline\LLMRelationshipExtractor.cs(117,17): warning MA0074: Use an overload of 'StartsWith' that has a StringComparison parameter (https://github.com/meziantou/Meziantou.Analyzer/blob/main/docs/Rules/MA0074.md) [C:\Projects\Hazina\src\Core\AI\Hazina.AI.RAG\Hazina.AI.RAG.csproj::TargetFramework=net10.0]
C:\Projects\Hazina\src\Core\AI\Hazina.AI.RAG\Graph\Pipeline\LLMRelationshipExtractor.cs(121,17): warning MA0074: Use an overload of 'EndsWith' that has a StringComparison parameter (https://github.com/meziantou/Meziantou.Analyzer/blob/main/docs/Rules/MA0074.md) [C:\Projects\Hazina\src\Core\AI\Hazina.AI.RAG\Hazina.AI.RAG.csproj::TargetFramework=net10.0]
C:\Projects\Hazina\src\Core\AI\Hazina.AI.RAG\Graph\Storage\IGraphStore.cs(1,1): warning SA1633: The file header is missing or not located at the top of the file. (https://github.com/DotNetAnalyzers/StyleCopAnalyzers/blob/master/documentation/SA1633.md) [C:\Projects\Hazina\src\Core\AI\Hazina.AI.RAG\Hazina.AI.RAG.csproj::TargetFramework=net10.0]
C:\Projects\Hazina\src\Core\AI\Hazina.AI.RAG\Graph\Storage\InMemoryGraphStore.cs(1,1): warning SA1633: The file header is missing or not located at the top of the file. (https://github.com/DotNetAnalyzers/StyleCopAnalyzers/blob/master/documentation/SA1633.md) [C:\Projects\Hazina\src\Core\AI\Hazina.AI.RAG\Hazina.AI.RAG.csproj::TargetFramework=net10.0]
C:\Projects\Hazina\src\Core\AI\Hazina.AI.RAG\Graph\Storage\InMemoryGraphStore.cs(26,18): warning SA1513: Closing brace should be followed by blank line (https://github.com/DotNetAnalyzers/StyleCopAnalyzers/blob/master/documentation/SA1513.md) [C:\Projects\Hazina\src\Core\AI\Hazina.AI.RAG\Hazina.AI.RAG.csproj::TargetFramework=net10.0]
C:\Projects\Hazina\src\Core\AI\Hazina.AI.RAG\Graph\Storage\InMemoryGraphStore.cs(105,22): warning SA1513: Closing brace should be followed by blank line (https://github.com/DotNetAnalyzers/StyleCopAnalyzers/blob/master/documentation/SA1513.md) [C:\Projects\Hazina\src\Core\AI\Hazina.AI.RAG\Hazina.AI.RAG.csproj::TargetFramework=net10.0]
C:\Projects\Hazina\src\Core\AI\Hazina.AI.RAG\Graph\Storage\InMemoryGraphStore.cs(118,22): warning SA1513: Closing brace should be followed by blank line (https://github.com/DotNetAnalyzers/StyleCopAnalyzers/blob/master/documentation/SA1513.md) [C:\Projects\Hazina\src\Core\AI\Hazina.AI.RAG\Hazina.AI.RAG.csproj::TargetFramework=net10.0]
C:\Projects\Hazina\src\Core\AI\Hazina.AI.RAG\Retrieval\Reranker.cs(25,33): warning CA1002: Change 'List<RetrievedDocument>' in 'Reranker.RerankAsync(string, List<RetrievedDocument>, [CancellationToken])' to use 'Collection<T>', 'ReadOnlyCollection<T>' or 'KeyedCollection<K,V>' (https://learn.microsoft.com/dotnet/fundamentals/code-analysis/quality-rules/ca1002) [C:\Projects\Hazina\src\Core\AI\Hazina.AI.RAG\Hazina.AI.RAG.csproj::TargetFramework=net10.0]
C:\Projects\Hazina\src\Core\AI\Hazina.AI.RAG\Retrieval\Reranker.cs(23,18): warning MA0016: Prefer using collection abstraction instead of implementation (https://github.com/meziantou/Meziantou.Analyzer/blob/main/docs/Rules/MA0016.md) [C:\Projects\Hazina\src\Core\AI\Hazina.AI.RAG\Hazina.AI.RAG.csproj::TargetFramework=net10.0]
C:\Projects\Hazina\src\Core\AI\Hazina.AI.RAG\Retrieval\Reranker.cs(25,9): warning MA0016: Prefer using collection abstraction instead of implementation (https://github.com/meziantou/Meziantou.Analyzer/blob/main/docs/Rules/MA0016.md) [C:\Projects\Hazina\src\Core\AI\Hazina.AI.RAG\Hazina.AI.RAG.csproj::TargetFramework=net10.0]
C:\Projects\Hazina\src\Core\AI\Hazina.AI.RAG\Graph\Retrieval\HybridRetrievalService.cs(39,18): warning MA0016: Prefer using collection abstraction instead of implementation (https://github.com/meziantou/Meziantou.Analyzer/blob/main/docs/Rules/MA0016.md) [C:\Projects\Hazina\src\Core\AI\Hazina.AI.RAG\Hazina.AI.RAG.csproj::TargetFramework=net10.0]
C:\Projects\Hazina\src\Core\AI\Hazina.AI.RAG\Embeddings\TextChunker.cs(84,18): warning MA0016: Prefer using collection abstraction instead of implementation (https://github.com/meziantou/Meziantou.Analyzer/blob/main/docs/Rules/MA0016.md) [C:\Projects\Hazina\src\Core\AI\Hazina.AI.RAG\Hazina.AI.RAG.csproj::TargetFramework=net10.0]
C:\Projects\Hazina\src\Core\AI\Hazina.AI.RAG\Embeddings\TextChunker.cs(87,9): warning MA0016: Prefer using collection abstraction instead of implementation (https://github.com/meziantou/Meziantou.Analyzer/blob/main/docs/Rules/MA0016.md) [C:\Projects\Hazina\src\Core\AI\Hazina.AI.RAG\Hazina.AI.RAG.csproj::TargetFramework=net10.0]
C:\Projects\Hazina\src\Core\AI\Hazina.AI.RAG\Embeddings\TextChunker.cs(84,40): warning MA0051: Method is too long (62 lines; maximum allowed: 60) (https://github.com/meziantou/Meziantou.Analyzer/blob/main/docs/Rules/MA0051.md) [C:\Projects\Hazina\src\Core\AI\Hazina.AI.RAG\Hazina.AI.RAG.csproj::TargetFramework=net10.0]
C:\Projects\Hazina\src\Core\AI\Hazina.AI.RAG\Extensions\RetrievalServiceExtensions.cs(71,60): warning SA1629: Documentation text should end with a period (https://github.com/DotNetAnalyzers/StyleCopAnalyzers/blob/master/documentation/SA1629.md) [C:\Projects\Hazina\src\Core\AI\Hazina.AI.RAG\Hazina.AI.RAG.csproj::TargetFramework=net10.0]
C:\Projects\Hazina\src\Core\AI\Hazina.AI.RAG\Extensions\DocumentStoreSemanticExtensions.cs(141,9): warning S1172: Remove this unused method parameter 'embeddingGenerator'. (https://rules.sonarsource.com/csharp/RSPEC-1172) [C:\Projects\Hazina\src\Core\AI\Hazina.AI.RAG\Hazina.AI.RAG.csproj::TargetFramework=net10.0]
C:\Projects\Hazina\src\Core\AI\Hazina.AI.RAG\Extensions\DocumentStoreSemanticExtensions.cs(144,9): warning S1172: Remove this unused method parameter 'chunkMetadata'. (https://rules.sonarsource.com/csharp/RSPEC-1172) [C:\Projects\Hazina\src\Core\AI\Hazina.AI.RAG\Hazina.AI.RAG.csproj::TargetFramework=net10.0]
C:\Projects\Hazina\src\Core\AI\Hazina.AI.RAG\Extensions\DocumentStoreSemanticExtensions.cs(145,9): warning S1172: Remove this unused method parameter 'ct'. (https://rules.sonarsource.com/csharp/RSPEC-1172) [C:\Projects\Hazina\src\Core\AI\Hazina.AI.RAG\Hazina.AI.RAG.csproj::TargetFramework=net10.0]
C:\Projects\Hazina\src\Core\AI\Hazina.AI.RAG\Extensions\DocumentStoreSemanticExtensions.cs(87,15): warning CA1062: In externally visible method 'Task<bool> DocumentStoreSemanticExtensions.StoreWithSemanticChunking(DocumentStore documentStore, string name, string content, IEmbeddingGenerator embeddingGenerator, TextChunkingOptions? chunkingOptions = null, ILLMClient? llmClient = null, Dictionary<string, string>? metadata = null, CancellationToken ct = default(CancellationToken))', validate parameter 'documentStore' is non-null before using it. If appropriate, throw an 'ArgumentNullException' when the argument is 'null'. (https://learn.microsoft.com/dotnet/fundamentals/code-analysis/quality-rules/ca1062) [C:\Projects\Hazina\src\Core\AI\Hazina.AI.RAG\Hazina.AI.RAG.csproj::TargetFramework=net10.0]
C:\Projects\Hazina\src\Core\AI\Hazina.AI.RAG\Embeddings\TextChunker.cs(106,17): warning S1854: Remove this useless assignment to local variable 'effectiveOptions'. (https://rules.sonarsource.com/csharp/RSPEC-1854) [C:\Projects\Hazina\src\Core\AI\Hazina.AI.RAG\Hazina.AI.RAG.csproj::TargetFramework=net10.0]
C:\Projects\Hazina\src\Core\AI\Hazina.AI.RAG\Embeddings\EmbeddingCache.cs(20,57): warning SA1629: Documentation text should end with a period (https://github.com/DotNetAnalyzers/StyleCopAnalyzers/blob/master/documentation/SA1629.md) [C:\Projects\Hazina\src\Core\AI\Hazina.AI.RAG\Hazina.AI.RAG.csproj::TargetFramework=net10.0]
C:\Projects\Hazina\src\Core\AI\Hazina.AI.RAG\Retrieval\Reranker.cs(21,46): warning SA1629: Documentation text should end with a period (https://github.com/DotNetAnalyzers/StyleCopAnalyzers/blob/master/documentation/SA1629.md) [C:\Projects\Hazina\src\Core\AI\Hazina.AI.RAG\Hazina.AI.RAG.csproj::TargetFramework=net10.0]
C:\Projects\Hazina\src\Core\AI\Hazina.AI.RAG\Retrieval\Reranker.cs(29,13): warning SA1503: Braces should not be omitted (https://github.com/DotNetAnalyzers/StyleCopAnalyzers/blob/master/documentation/SA1503.md) [C:\Projects\Hazina\src\Core\AI\Hazina.AI.RAG\Hazina.AI.RAG.csproj::TargetFramework=net10.0]
C:\Projects\Hazina\src\Core\AI\Hazina.AI.RAG\Graph\Models\GraphPath.cs(18,62): warning SA1501: Statement should not be on a single line (https://github.com/DotNetAnalyzers/StyleCopAnalyzers/blob/master/documentation/SA1501.md) [C:\Projects\Hazina\src\Core\AI\Hazina.AI.RAG\Hazina.AI.RAG.csproj::TargetFramework=net10.0]
C:\Projects\Hazina\src\Core\AI\Hazina.AI.RAG\Graph\Models\GraphPath.cs(23,17): warning SA1119: Statement should not use unnecessary parenthesis (https://github.com/DotNetAnalyzers/StyleCopAnalyzers/blob/master/documentation/SA1119.md) [C:\Projects\Hazina\src\Core\AI\Hazina.AI.RAG\Hazina.AI.RAG.csproj::TargetFramework=net10.0]
C:\Projects\Hazina\src\Core\AI\Hazina.AI.RAG\Graph\Models\GraphPath.cs(22,45): warning SA1407: Arithmetic expressions should declare precedence (https://github.com/DotNetAnalyzers/StyleCopAnalyzers/blob/master/documentation/SA1407.md) [C:\Projects\Hazina\src\Core\AI\Hazina.AI.RAG\Hazina.AI.RAG.csproj::TargetFramework=net10.0]
C:\Projects\Hazina\src\Core\AI\Hazina.AI.RAG\Graph\Models\GraphPath.cs(23,86): warning SA1407: Arithmetic expressions should declare precedence (https://github.com/DotNetAnalyzers/StyleCopAnalyzers/blob/master/documentation/SA1407.md) [C:\Projects\Hazina\src\Core\AI\Hazina.AI.RAG\Hazina.AI.RAG.csproj::TargetFramework=net10.0]
C:\Projects\Hazina\src\Core\AI\Hazina.AI.RAG\Graph\Models\GraphPath.cs(23,58): warning SA1407: Arithmetic expressions should declare precedence (https://github.com/DotNetAnalyzers/StyleCopAnalyzers/blob/master/documentation/SA1407.md) [C:\Projects\Hazina\src\Core\AI\Hazina.AI.RAG\Hazina.AI.RAG.csproj::TargetFramework=net10.0]
C:\Projects\Hazina\src\Core\AI\Hazina.AI.RAG\Graph\Models\GraphPath.cs(23,18): warning SA1407: Arithmetic expressions should declare precedence (https://github.com/DotNetAnalyzers/StyleCopAnalyzers/blob/master/documentation/SA1407.md) [C:\Projects\Hazina\src\Core\AI\Hazina.AI.RAG\Hazina.AI.RAG.csproj::TargetFramework=net10.0]
C:\Projects\Hazina\src\Core\AI\Hazina.AI.RAG\Graph\Models\GraphPath.cs(23,36): warning SA1407: Arithmetic expressions should declare precedence (https://github.com/DotNetAnalyzers/StyleCopAnalyzers/blob/master/documentation/SA1407.md) [C:\Projects\Hazina\src\Core\AI\Hazina.AI.RAG\Hazina.AI.RAG.csproj::TargetFramework=net10.0]
C:\Projects\Hazina\src\Core\AI\Hazina.AI.RAG\Graph\Models\GraphPath.cs(18,77): warning SA1107: Code should not contain multiple statements on one line (https://github.com/DotNetAnalyzers/StyleCopAnalyzers/blob/master/documentation/SA1107.md) [C:\Projects\Hazina\src\Core\AI\Hazina.AI.RAG\Hazina.AI.RAG.csproj::TargetFramework=net10.0]
C:\Projects\Hazina\src\Core\AI\Hazina.AI.RAG\Extensions\DocumentStoreSemanticExtensions.cs(166,9): warning MA0016: Prefer using collection abstraction instead of implementation (https://github.com/meziantou/Meziantou.Analyzer/blob/main/docs/Rules/MA0016.md) [C:\Projects\Hazina\src\Core\AI\Hazina.AI.RAG\Hazina.AI.RAG.csproj::TargetFramework=net10.0]
C:\Projects\Hazina\src\Core\AI\Hazina.AI.RAG\Graph\Storage\SQLiteGraphStore.cs(1,1): warning SA1633: The file header is missing or not located at the top of the file. (https://github.com/DotNetAnalyzers/StyleCopAnalyzers/blob/master/documentation/SA1633.md) [C:\Projects\Hazina\src\Core\AI\Hazina.AI.RAG\Hazina.AI.RAG.csproj::TargetFramework=net10.0]
C:\Projects\Hazina\src\Core\AI\Hazina.AI.RAG\Extensions\DocumentStoreSemanticExtensions.cs(148,9): warning MA0004: Use Task.ConfigureAwait(false) if the current SynchronizationContext is not needed (https://github.com/meziantou/Meziantou.Analyzer/blob/main/docs/Rules/MA0004.md) [C:\Projects\Hazina\src\Core\AI\Hazina.AI.RAG\Hazina.AI.RAG.csproj::TargetFramework=net10.0]
C:\Projects\Hazina\src\Core\AI\Hazina.AI.RAG\Retrieval\Reranker.cs(37,24): warning MA0004: Use Task.ConfigureAwait(false) if the current SynchronizationContext is not needed (https://github.com/meziantou/Meziantou.Analyzer/blob/main/docs/Rules/MA0004.md) [C:\Projects\Hazina\src\Core\AI\Hazina.AI.RAG\Hazina.AI.RAG.csproj::TargetFramework=net10.0]
C:\Projects\Hazina\src\Core\AI\Hazina.AI.RAG\Embeddings\EmbeddingCache.cs(42,38): warning SA1629: Documentation text should end with a period (https://github.com/DotNetAnalyzers/StyleCopAnalyzers/blob/master/documentation/SA1629.md) [C:\Projects\Hazina\src\Core\AI\Hazina.AI.RAG\Hazina.AI.RAG.csproj::TargetFramework=net10.0]
C:\Projects\Hazina\src\Core\AI\Hazina.AI.RAG\Extensions\DocumentStoreSemanticExtensions.cs(152,9): warning MA0004: Use Task.ConfigureAwait(false) if the current SynchronizationContext is not needed (https://github.com/meziantou/Meziantou.Analyzer/blob/main/docs/Rules/MA0004.md) [C:\Projects\Hazina\src\Core\AI\Hazina.AI.RAG\Hazina.AI.RAG.csproj::TargetFramework=net10.0]
C:\Projects\Hazina\src\Core\AI\Hazina.AI.RAG\Retrieval\Reranker.cs(40,24): warning MA0004: Use Task.ConfigureAwait(false) if the current SynchronizationContext is not needed (https://github.com/meziantou/Meziantou.Analyzer/blob/main/docs/Rules/MA0004.md) [C:\Projects\Hazina\src\Core\AI\Hazina.AI.RAG\Hazina.AI.RAG.csproj::TargetFramework=net10.0]
C:\Projects\Hazina\src\Core\AI\Hazina.AI.RAG\Extensions\DocumentStoreSemanticExtensions.cs(156,53): warning SA1629: Documentation text should end with a period (https://github.com/DotNetAnalyzers/StyleCopAnalyzers/blob/master/documentation/SA1629.md) [C:\Projects\Hazina\src\Core\AI\Hazina.AI.RAG\Hazina.AI.RAG.csproj::TargetFramework=net10.0]
C:\Projects\Hazina\src\Core\AI\Hazina.AI.RAG\Extensions\DocumentStoreSemanticExtensions.cs(195,9): warning SA1111: Closing parenthesis should be on line of last parameter (https://github.com/DotNetAnalyzers/StyleCopAnalyzers/blob/master/documentation/SA1111.md) [C:\Projects\Hazina\src\Core\AI\Hazina.AI.RAG\Hazina.AI.RAG.csproj::TargetFramework=net10.0]
C:\Projects\Hazina\src\Core\AI\Hazina.AI.RAG\Graph\Retrieval\HybridRetrievalService.cs(34,60): warning SA1629: Documentation text should end with a period (https://github.com/DotNetAnalyzers/StyleCopAnalyzers/blob/master/documentation/SA1629.md) [C:\Projects\Hazina\src\Core\AI\Hazina.AI.RAG\Hazina.AI.RAG.csproj::TargetFramework=net10.0]
C:\Projects\Hazina\src\Core\AI\Hazina.AI.RAG\Graph\Retrieval\HybridRetrievalService.cs(35,59): warning SA1629: Documentation text should end with a period (https://github.com/DotNetAnalyzers/StyleCopAnalyzers/blob/master/documentation/SA1629.md) [C:\Projects\Hazina\src\Core\AI\Hazina.AI.RAG\Hazina.AI.RAG.csproj::TargetFramework=net10.0]
C:\Projects\Hazina\src\Core\AI\Hazina.AI.RAG\Graph\Retrieval\HybridRetrievalService.cs(36,55): warning SA1629: Documentation text should end with a period (https://github.com/DotNetAnalyzers/StyleCopAnalyzers/blob/master/documentation/SA1629.md) [C:\Projects\Hazina\src\Core\AI\Hazina.AI.RAG\Hazina.AI.RAG.csproj::TargetFramework=net10.0]
C:\Projects\Hazina\src\Core\AI\Hazina.AI.RAG\Graph\Retrieval\HybridRetrievalService.cs(37,59): warning SA1629: Documentation text should end with a period (https://github.com/DotNetAnalyzers/StyleCopAnalyzers/blob/master/documentation/SA1629.md) [C:\Projects\Hazina\src\Core\AI\Hazina.AI.RAG\Hazina.AI.RAG.csproj::TargetFramework=net10.0]
C:\Projects\Hazina\src\Core\AI\Hazina.AI.RAG\Graph\Retrieval\HybridRetrievalService.cs(38,57): warning SA1629: Documentation text should end with a period (https://github.com/DotNetAnalyzers/StyleCopAnalyzers/blob/master/documentation/SA1629.md) [C:\Projects\Hazina\src\Core\AI\Hazina.AI.RAG\Hazina.AI.RAG.csproj::TargetFramework=net10.0]
C:\Projects\Hazina\src\Core\AI\Hazina.AI.RAG\Extensions\DocumentStoreSemanticExtensions.cs(171,27): warning MA0004: Use Task.ConfigureAwait(false) if the current SynchronizationContext is not needed (https://github.com/meziantou/Meziantou.Analyzer/blob/main/docs/Rules/MA0004.md) [C:\Projects\Hazina\src\Core\AI\Hazina.AI.RAG\Hazina.AI.RAG.csproj::TargetFramework=net10.0]
C:\Projects\Hazina\src\Core\AI\Hazina.AI.RAG\Extensions\DocumentStoreSemanticExtensions.cs(173,15): warning MA0004: Use Task.ConfigureAwait(false) if the current SynchronizationContext is not needed (https://github.com/meziantou/Meziantou.Analyzer/blob/main/docs/Rules/MA0004.md) [C:\Projects\Hazina\src\Core\AI\Hazina.AI.RAG\Hazina.AI.RAG.csproj::TargetFramework=net10.0]
C:\Projects\Hazina\src\Core\AI\Hazina.AI.RAG\Extensions\DocumentStoreSemanticExtensions.cs(186,16): warning MA0004: Use Task.ConfigureAwait(false) if the current SynchronizationContext is not needed (https://github.com/meziantou/Meziantou.Analyzer/blob/main/docs/Rules/MA0004.md) [C:\Projects\Hazina\src\Core\AI\Hazina.AI.RAG\Hazina.AI.RAG.csproj::TargetFramework=net10.0]
C:\Projects\Hazina\src\Core\AI\Hazina.AI.RAG\Graph\Retrieval\HybridRetrievalService.cs(53,26): warning SA1116: The parameters should begin on the line after the declaration, whenever the parameter span across multiple lines (https://github.com/DotNetAnalyzers/StyleCopAnalyzers/blob/master/documentation/SA1116.md) [C:\Projects\Hazina\src\Core\AI\Hazina.AI.RAG\Hazina.AI.RAG.csproj::TargetFramework=net10.0]
C:\Projects\Hazina\src\Core\AI\Hazina.AI.RAG\Graph\Retrieval\HybridRetrievalService.cs(65,32): warning SA1116: The parameters should begin on the line after the declaration, whenever the parameter span across multiple lines (https://github.com/DotNetAnalyzers/StyleCopAnalyzers/blob/master/documentation/SA1116.md) [C:\Projects\Hazina\src\Core\AI\Hazina.AI.RAG\Hazina.AI.RAG.csproj::TargetFramework=net10.0]
C:\Projects\Hazina\src\Core\AI\Hazina.AI.RAG\Extensions\DocumentStoreSemanticExtensions.cs(181,43): warning MA0002: Use an overload that has a IEqualityComparer<string> or IComparer<string> parameter (https://github.com/meziantou/Meziantou.Analyzer/blob/main/docs/Rules/MA0002.md) [C:\Projects\Hazina\src\Core\AI\Hazina.AI.RAG\Hazina.AI.RAG.csproj::TargetFramework=net10.0]
C:\Projects\Hazina\src\Core\AI\Hazina.AI.RAG\Graph\Retrieval\HybridRetrievalService.cs(49,9): warning CA1873: Evaluation of this argument may be expensive and unnecessary if logging is disabled (https://learn.microsoft.com/dotnet/fundamentals/code-analysis/quality-rules/ca1873) [C:\Projects\Hazina\src\Core\AI\Hazina.AI.RAG\Hazina.AI.RAG.csproj::TargetFramework=net10.0]
C:\Projects\Hazina\src\Core\AI\Hazina.AI.RAG\Graph\Retrieval\HybridRetrievalService.cs(53,9): warning CA1873: Evaluation of this argument may be expensive and unnecessary if logging is disabled (https://learn.microsoft.com/dotnet/fundamentals/code-analysis/quality-rules/ca1873) [C:\Projects\Hazina\src\Core\AI\Hazina.AI.RAG\Hazina.AI.RAG.csproj::TargetFramework=net10.0]
C:\Projects\Hazina\src\Core\AI\Hazina.AI.RAG\Graph\Retrieval\HybridRetrievalService.cs(65,9): warning CA1873: Evaluation of this argument may be expensive and unnecessary if logging is disabled (https://learn.microsoft.com/dotnet/fundamentals/code-analysis/quality-rules/ca1873) [C:\Projects\Hazina\src\Core\AI\Hazina.AI.RAG\Hazina.AI.RAG.csproj::TargetFramework=net10.0]
C:\Projects\Hazina\src\Core\Agents\Hazina.AgentFactory\Models\AgentCardModel.cs(16,20): warning CS8618: Non-nullable field 'newStoreToAdd' must contain a non-null value when exiting constructor. Consider adding the 'required' modifier or declaring the field as nullable. [C:\Projects\Hazina\src\Core\Agents\Hazina.AgentFactory\Hazina.AgentFactory.csproj::TargetFramework=net9.0]
C:\Projects\Hazina\src\Core\AI\Hazina.AI.RAG\Graph\Retrieval\HybridRetrievalService.cs(49,9): warning CA1848: For improved performance, use the LoggerMessage delegates instead of calling 'LoggerExtensions.LogDebug(ILogger, string?, params object?[])' (https://learn.microsoft.com/dotnet/fundamentals/code-analysis/quality-rules/ca1848) [C:\Projects\Hazina\src\Core\AI\Hazina.AI.RAG\Hazina.AI.RAG.csproj::TargetFramework=net10.0]
C:\Projects\Hazina\src\Core\AI\Hazina.AI.RAG\Graph\Retrieval\HybridRetrievalService.cs(53,9): warning CA1848: For improved performance, use the LoggerMessage delegates instead of calling 'LoggerExtensions.LogDebug(ILogger, string?, params object?[])' (https://learn.microsoft.com/dotnet/fundamentals/code-analysis/quality-rules/ca1848) [C:\Projects\Hazina\src\Core\AI\Hazina.AI.RAG\Hazina.AI.RAG.csproj::TargetFramework=net10.0]
C:\Projects\Hazina\src\Core\AI\Hazina.AI.RAG\Graph\Retrieval\HybridRetrievalService.cs(65,9): warning CA1848: For improved performance, use the LoggerMessage delegates instead of calling 'LoggerExtensions.LogInformation(ILogger, string?, params object?[])' (https://learn.microsoft.com/dotnet/fundamentals/code-analysis/quality-rules/ca1848) [C:\Projects\Hazina\src\Core\AI\Hazina.AI.RAG\Hazina.AI.RAG.csproj::TargetFramework=net10.0]
C:\Projects\Hazina\src\Core\AI\Hazina.AI.RAG\Graph\Pipeline\EntityNormalizationService.cs(160,25): warning S2325: Make 'MergeEntities' a static method. (https://rules.sonarsource.com/csharp/RSPEC-2325) [C:\Projects\Hazina\src\Core\AI\Hazina.AI.RAG\Hazina.AI.RAG.csproj::TargetFramework=net10.0]
C:\Projects\Hazina\src\Core\AI\Hazina.AI.RAG\Graph\Retrieval\HybridRetrievalService.cs(48,29): warning MA0004: Use Task.ConfigureAwait(false) if the current SynchronizationContext is not needed (https://github.com/meziantou/Meziantou.Analyzer/blob/main/docs/Rules/MA0004.md) [C:\Projects\Hazina\src\Core\AI\Hazina.AI.RAG\Hazina.AI.RAG.csproj::TargetFramework=net10.0]
C:\Projects\Hazina\src\Core\AI\Hazina.AI.RAG\Graph\Retrieval\HybridRetrievalService.cs(52,28): warning MA0004: Use Task.ConfigureAwait(false) if the current SynchronizationContext is not needed (https://github.com/meziantou/Meziantou.Analyzer/blob/main/docs/Rules/MA0004.md) [C:\Projects\Hazina\src\Core\AI\Hazina.AI.RAG\Hazina.AI.RAG.csproj::TargetFramework=net10.0]
C:\Projects\Hazina\src\Core\AI\Hazina.AI.RAG\Extensions\DocumentStoreSemanticExtensions.cs(170,31): warning CA1062: In externally visible method 'Task<bool> DocumentStoreSemanticExtensions.StoreWithSemanticChunking(DocumentStore documentStore, string name, byte[] content, string mimeType, IEmbeddingGenerator embeddingGenerator, TextChunkingOptions? chunkingOptions = null, ILLMClient? llmClient = null, Dictionary<string, string>? metadata = null, CancellationToken ct = default(CancellationToken))', validate parameter 'documentStore' is non-null before using it. If appropriate, throw an 'ArgumentNullException' when the argument is 'null'. (https://learn.microsoft.com/dotnet/fundamentals/code-analysis/quality-rules/ca1062) [C:\Projects\Hazina\src\Core\AI\Hazina.AI.RAG\Hazina.AI.RAG.csproj::TargetFramework=net10.0]
C:\Projects\Hazina\src\Core\AI\Hazina.AI.RAG\Retrieval\Reranker.cs(28,13): warning CA1062: In externally visible method 'Task<List<RetrievedDocument>> Reranker.RerankAsync(string query, List<RetrievedDocument> documents, CancellationToken cancellationToken = default(CancellationToken))', validate parameter 'documents' is non-null before using it. If appropriate, throw an 'ArgumentNullException' when the argument is 'null'. (https://learn.microsoft.com/dotnet/fundamentals/code-analysis/quality-rules/ca1062) [C:\Projects\Hazina\src\Core\AI\Hazina.AI.RAG\Hazina.AI.RAG.csproj::TargetFramework=net10.0]
C:\Projects\Hazina\src\Core\AI\Hazina.AI.RAG\Embeddings\EmbeddingCache.cs(55,51): warning SA1629: Documentation text should end with a period (https://github.com/DotNetAnalyzers/StyleCopAnalyzers/blob/master/documentation/SA1629.md) [C:\Projects\Hazina\src\Core\AI\Hazina.AI.RAG\Hazina.AI.RAG.csproj::TargetFramework=net10.0]
C:\Projects\Hazina\src\Core\AI\Hazina.AI.RAG\Embeddings\TextChunker.cs(77,75): warning SA1629: Documentation text should end with a period (https://github.com/DotNetAnalyzers/StyleCopAnalyzers/blob/master/documentation/SA1629.md) [C:\Projects\Hazina\src\Core\AI\Hazina.AI.RAG\Hazina.AI.RAG.csproj::TargetFramework=net10.0]
C:\Projects\Hazina\src\Core\AI\Hazina.AI.RAG\Embeddings\TextChunker.cs(79,41): warning SA1629: Documentation text should end with a period (https://github.com/DotNetAnalyzers/StyleCopAnalyzers/blob/master/documentation/SA1629.md) [C:\Projects\Hazina\src\Core\AI\Hazina.AI.RAG\Hazina.AI.RAG.csproj::TargetFramework=net10.0]
C:\Projects\Hazina\src\Core\AI\Hazina.AI.RAG\Embeddings\TextChunker.cs(80,91): warning SA1629: Documentation text should end with a period (https://github.com/DotNetAnalyzers/StyleCopAnalyzers/blob/master/documentation/SA1629.md) [C:\Projects\Hazina\src\Core\AI\Hazina.AI.RAG\Hazina.AI.RAG.csproj::TargetFramework=net10.0]
C:\Projects\Hazina\src\Core\AI\Hazina.AI.RAG\Embeddings\TextChunker.cs(81,70): warning SA1629: Documentation text should end with a period (https://github.com/DotNetAnalyzers/StyleCopAnalyzers/blob/master/documentation/SA1629.md) [C:\Projects\Hazina\src\Core\AI\Hazina.AI.RAG\Hazina.AI.RAG.csproj::TargetFramework=net10.0]
C:\Projects\Hazina\src\Core\AI\Hazina.AI.RAG\Embeddings\TextChunker.cs(82,44): warning SA1629: Documentation text should end with a period (https://github.com/DotNetAnalyzers/StyleCopAnalyzers/blob/master/documentation/SA1629.md) [C:\Projects\Hazina\src\Core\AI\Hazina.AI.RAG\Hazina.AI.RAG.csproj::TargetFramework=net10.0]
C:\Projects\Hazina\src\Core\AI\Hazina.AI.RAG\Embeddings\TextChunker.cs(83,37): warning SA1629: Documentation text should end with a period (https://github.com/DotNetAnalyzers/StyleCopAnalyzers/blob/master/documentation/SA1629.md) [C:\Projects\Hazina\src\Core\AI\Hazina.AI.RAG\Hazina.AI.RAG.csproj::TargetFramework=net10.0]
C:\Projects\Hazina\src\Core\AI\Hazina.AI.RAG\Embeddings\TextChunker.cs(91,13): warning SA1503: Braces should not be omitted (https://github.com/DotNetAnalyzers/StyleCopAnalyzers/blob/master/documentation/SA1503.md) [C:\Projects\Hazina\src\Core\AI\Hazina.AI.RAG\Hazina.AI.RAG.csproj::TargetFramework=net10.0]
C:\Projects\Hazina\src\Core\AI\Hazina.AI.RAG\Utilities\SentenceSplitter.cs(233,32): warning CA1002: Change 'List<string>' in 'SentenceSplitter.SplitDefault(string)' to use 'Collection<T>', 'ReadOnlyCollection<T>' or 'KeyedCollection<K,V>' (https://learn.microsoft.com/dotnet/fundamentals/code-analysis/quality-rules/ca1002) [C:\Projects\Hazina\src\Core\AI\Hazina.AI.RAG\Hazina.AI.RAG.csproj::TargetFramework=net10.0]
C:\Projects\Hazina\src\Core\AI\Hazina.AI.RAG\Utilities\SentenceSplitter.cs(233,19): warning MA0016: Prefer using collection abstraction instead of implementation (https://github.com/meziantou/Meziantou.Analyzer/blob/main/docs/Rules/MA0016.md) [C:\Projects\Hazina\src\Core\AI\Hazina.AI.RAG\Hazina.AI.RAG.csproj::TargetFramework=net10.0]
C:\Projects\Hazina\src\Core\AI\Hazina.AI.RAG\Embeddings\TextChunker.cs(125,25): warning CA1873: Evaluation of this argument may be expensive and unnecessary if logging is disabled (https://learn.microsoft.com/dotnet/fundamentals/code-analysis/quality-rules/ca1873) [C:\Projects\Hazina\src\Core\AI\Hazina.AI.RAG\Hazina.AI.RAG.csproj::TargetFramework=net10.0]
C:\Projects\Hazina\src\Core\AI\Hazina.AI.RAG\Embeddings\TextChunker.cs(100,25): warning CA1848: For improved performance, use the LoggerMessage delegates instead of calling 'LoggerExtensions.LogWarning(ILogger, string?, params object?[])' (https://learn.microsoft.com/dotnet/fundamentals/code-analysis/quality-rules/ca1848) [C:\Projects\Hazina\src\Core\AI\Hazina.AI.RAG\Hazina.AI.RAG.csproj::TargetFramework=net10.0]
C:\Projects\Hazina\src\Core\AI\Hazina.AI.RAG\Embeddings\TextChunker.cs(125,25): warning CA1848: For improved performance, use the LoggerMessage delegates instead of calling 'LoggerExtensions.LogDebug(ILogger, string?, params object?[])' (https://learn.microsoft.com/dotnet/fundamentals/code-analysis/quality-rules/ca1848) [C:\Projects\Hazina\src\Core\AI\Hazina.AI.RAG\Hazina.AI.RAG.csproj::TargetFramework=net10.0]
C:\Projects\Hazina\src\Core\AI\Hazina.AI.RAG\Graph\Pipeline\EntityNormalizationService.cs(204,32): warning SA1407: Arithmetic expressions should declare precedence (https://github.com/DotNetAnalyzers/StyleCopAnalyzers/blob/master/documentation/SA1407.md) [C:\Projects\Hazina\src\Core\AI\Hazina.AI.RAG\Hazina.AI.RAG.csproj::TargetFramework=net10.0]
C:\Projects\Hazina\src\Core\AI\Hazina.AI.RAG\Embeddings\EmbeddingCache.cs(70,57): warning SA1629: Documentation text should end with a period (https://github.com/DotNetAnalyzers/StyleCopAnalyzers/blob/master/documentation/SA1629.md) [C:\Projects\Hazina\src\Core\AI\Hazina.AI.RAG\Hazina.AI.RAG.csproj::TargetFramework=net10.0]
C:\Projects\Hazina\src\Core\AI\Hazina.AI.RAG\Interfaces\IReranker.cs(1,1): warning SA1633: The file header is missing or not located at the top of the file. (https://github.com/DotNetAnalyzers/StyleCopAnalyzers/blob/master/documentation/SA1633.md) [C:\Projects\Hazina\src\Core\AI\Hazina.AI.RAG\Hazina.AI.RAG.csproj::TargetFramework=net10.0]
C:\Projects\Hazina\src\Core\AI\Hazina.AI.RAG\Interfaces\IReranker.cs(22,5): warning SA1009: Closing parenthesis should not be preceded by a space (https://github.com/DotNetAnalyzers/StyleCopAnalyzers/blob/master/documentation/SA1009.md) [C:\Projects\Hazina\src\Core\AI\Hazina.AI.RAG\Hazina.AI.RAG.csproj::TargetFramework=net10.0]
C:\Projects\Hazina\src\Core\AI\Hazina.AI.RAG\Embeddings\EmbeddingCache.cs(87,36): warning SA1629: Documentation text should end with a period (https://github.com/DotNetAnalyzers/StyleCopAnalyzers/blob/master/documentation/SA1629.md) [C:\Projects\Hazina\src\Core\AI\Hazina.AI.RAG\Hazina.AI.RAG.csproj::TargetFramework=net10.0]
C:\Projects\Hazina\src\Core\AI\Hazina.AI.RAG\Embeddings\TextChunker.cs(166,54): warning CA1861: Prefer 'static readonly' fields over constant array arguments if the called method is called repeatedly and is not mutating the passed array (https://learn.microsoft.com/dotnet/fundamentals/code-analysis/quality-rules/ca1861) [C:\Projects\Hazina\src\Core\AI\Hazina.AI.RAG\Hazina.AI.RAG.csproj::TargetFramework=net10.0]
C:\Projects\Hazina\src\Core\AI\Hazina.AI.RAG\Interfaces\IRetrievalCandidate.cs(1,1): warning SA1633: The file header is missing or not located at the top of the file. (https://github.com/DotNetAnalyzers/StyleCopAnalyzers/blob/master/documentation/SA1633.md) [C:\Projects\Hazina\src\Core\AI\Hazina.AI.RAG\Hazina.AI.RAG.csproj::TargetFramework=net10.0]
C:\Projects\Hazina\src\Core\AI\Hazina.AI.RAG\Graph\Pipeline\EntityNormalizationService.cs(172,14): warning MA0002: Use an overload that has a IEqualityComparer<string> or IComparer<string> parameter (https://github.com/meziantou/Meziantou.Analyzer/blob/main/docs/Rules/MA0002.md) [C:\Projects\Hazina\src\Core\AI\Hazina.AI.RAG\Hazina.AI.RAG.csproj::TargetFramework=net10.0]
C:\Projects\Hazina\src\Core\AI\Hazina.AI.RAG\Interfaces\IRetrievalPipeline.cs(1,1): warning SA1633: The file header is missing or not located at the top of the file. (https://github.com/DotNetAnalyzers/StyleCopAnalyzers/blob/master/documentation/SA1633.md) [C:\Projects\Hazina\src\Core\AI\Hazina.AI.RAG\Hazina.AI.RAG.csproj::TargetFramework=net10.0]
C:\Projects\Hazina\src\Core\AI\Hazina.AI.RAG\Interfaces\IRetrievalPipeline.cs(23,5): warning SA1009: Closing parenthesis should not be preceded by a space (https://github.com/DotNetAnalyzers/StyleCopAnalyzers/blob/master/documentation/SA1009.md) [C:\Projects\Hazina\src\Core\AI\Hazina.AI.RAG\Hazina.AI.RAG.csproj::TargetFramework=net10.0]
C:\Projects\Hazina\src\Core\AI\Hazina.AI.RAG\Interfaces\IRetriever.cs(1,1): warning SA1633: The file header is missing or not located at the top of the file. (https://github.com/DotNetAnalyzers/StyleCopAnalyzers/blob/master/documentation/SA1633.md) [C:\Projects\Hazina\src\Core\AI\Hazina.AI.RAG\Hazina.AI.RAG.csproj::TargetFramework=net10.0]
C:\Projects\Hazina\src\Core\AI\Hazina.AI.RAG\Interfaces\IRetriever.cs(22,5): warning SA1009: Closing parenthesis should not be preceded by a space (https://github.com/DotNetAnalyzers/StyleCopAnalyzers/blob/master/documentation/SA1009.md) [C:\Projects\Hazina\src\Core\AI\Hazina.AI.RAG\Hazina.AI.RAG.csproj::TargetFramework=net10.0]
C:\Projects\Hazina\src\Core\AI\Hazina.AI.RAG\Utilities\SentenceSplitter.cs(231,56): warning SA1629: Documentation text should end with a period (https://github.com/DotNetAnalyzers/StyleCopAnalyzers/blob/master/documentation/SA1629.md) [C:\Projects\Hazina\src\Core\AI\Hazina.AI.RAG\Hazina.AI.RAG.csproj::TargetFramework=net10.0]
C:\Projects\Hazina\src\Core\AI\Hazina.AI.RAG\Embeddings\TextChunker.cs(181,47): warning MA0002: Use an overload that has a IEqualityComparer<string> or IComparer<string> parameter (https://github.com/meziantou/Meziantou.Analyzer/blob/main/docs/Rules/MA0002.md) [C:\Projects\Hazina\src\Core\AI\Hazina.AI.RAG\Hazina.AI.RAG.csproj::TargetFramework=net10.0]
C:\Projects\Hazina\src\Core\AI\Hazina.AI.RAG\Embeddings\TextChunker.cs(181,90): warning MA0002: Use an overload that has a IEqualityComparer<string> or IComparer<string> parameter (https://github.com/meziantou/Meziantou.Analyzer/blob/main/docs/Rules/MA0002.md) [C:\Projects\Hazina\src\Core\AI\Hazina.AI.RAG\Hazina.AI.RAG.csproj::TargetFramework=net10.0]
C:\Projects\Hazina\src\Core\AI\Hazina.AI.RAG\Embeddings\EmbeddingCache.cs(81,25): warning MA0004: Use Task.ConfigureAwait(false) if the current SynchronizationContext is not needed (https://github.com/meziantou/Meziantou.Analyzer/blob/main/docs/Rules/MA0004.md) [C:\Projects\Hazina\src\Core\AI\Hazina.AI.RAG\Hazina.AI.RAG.csproj::TargetFramework=net10.0]
C:\Projects\Hazina\src\Core\AI\Hazina.AI.RAG\Retrieval\Reranker.cs(48,45): warning SA1629: Documentation text should end with a period (https://github.com/DotNetAnalyzers/StyleCopAnalyzers/blob/master/documentation/SA1629.md) [C:\Projects\Hazina\src\Core\AI\Hazina.AI.RAG\Hazina.AI.RAG.csproj::TargetFramework=net10.0]
C:\Projects\Hazina\src\Core\AI\Hazina.AI.RAG\Retrieval\Reranker.cs(56,13): warning SA1503: Braces should not be omitted (https://github.com/DotNetAnalyzers/StyleCopAnalyzers/blob/master/documentation/SA1503.md) [C:\Projects\Hazina\src\Core\AI\Hazina.AI.RAG\Hazina.AI.RAG.csproj::TargetFramework=net10.0]
C:\Projects\Hazina\src\Core\AI\Hazina.AI.RAG\Retrieval\Reranker.cs(58,59): warning SA1316: Tuple element names should use correct casing (https://github.com/DotNetAnalyzers/StyleCopAnalyzers/blob/master/documentation/SA1316.md) [C:\Projects\Hazina\src\Core\AI\Hazina.AI.RAG\Hazina.AI.RAG.csproj::TargetFramework=net10.0]
C:\Projects\Hazina\src\Core\AI\Hazina.AI.RAG\Retrieval\Reranker.cs(58,71): warning SA1316: Tuple element names should use correct casing (https://github.com/DotNetAnalyzers/StyleCopAnalyzers/blob/master/documentation/SA1316.md) [C:\Projects\Hazina\src\Core\AI\Hazina.AI.RAG\Hazina.AI.RAG.csproj::TargetFramework=net10.0]
C:\Projects\Hazina\src\Core\AI\Hazina.AI.RAG\Retrieval\LlmJudgeReranker.cs(1,1): warning SA1633: The file header is missing or not located at the top of the file. (https://github.com/DotNetAnalyzers/StyleCopAnalyzers/blob/master/documentation/SA1633.md) [C:\Projects\Hazina\src\Core\AI\Hazina.AI.RAG\Hazina.AI.RAG.csproj::TargetFramework=net10.0]
C:\Projects\Hazina\src\Core\AI\Hazina.AI.RAG\Embeddings\TextChunker.cs(127,26): warning MA0004: Use Task.ConfigureAwait(false) if the current SynchronizationContext is not needed (https://github.com/meziantou/Meziantou.Analyzer/blob/main/docs/Rules/MA0004.md) [C:\Projects\Hazina\src\Core\AI\Hazina.AI.RAG\Hazina.AI.RAG.csproj::TargetFramework=net10.0]
C:\Projects\Hazina\src\Core\AI\Hazina.AI.RAG\Embeddings\TextChunker.cs(131,26): warning MA0004: Use Task.ConfigureAwait(false) if the current SynchronizationContext is not needed (https://github.com/meziantou/Meziantou.Analyzer/blob/main/docs/Rules/MA0004.md) [C:\Projects\Hazina\src\Core\AI\Hazina.AI.RAG\Hazina.AI.RAG.csproj::TargetFramework=net10.0]
C:\Projects\Hazina\src\Core\AI\Hazina.AI.RAG\Graph\Pipeline\EntityNormalizationService.cs(220,16): warning CA1308: In method 'CalculateStringSimilarity', replace the call to 'ToLowerInvariant' with 'ToUpperInvariant' (https://learn.microsoft.com/dotnet/fundamentals/code-analysis/quality-rules/ca1308) [C:\Projects\Hazina\src\Core\AI\Hazina.AI.RAG\Hazina.AI.RAG.csproj::TargetFramework=net10.0]
C:\Projects\Hazina\src\Core\AI\Hazina.AI.RAG\Graph\Pipeline\EntityNormalizationService.cs(221,16): warning CA1308: In method 'CalculateStringSimilarity', replace the call to 'ToLowerInvariant' with 'ToUpperInvariant' (https://learn.microsoft.com/dotnet/fundamentals/code-analysis/quality-rules/ca1308) [C:\Projects\Hazina\src\Core\AI\Hazina.AI.RAG\Hazina.AI.RAG.csproj::TargetFramework=net10.0]
C:\Projects\Hazina\src\Core\AI\Hazina.AI.RAG\Retrieval\LlmJudgeReranker.cs(123,14): warning SA1402: File may only contain a single type (https://github.com/DotNetAnalyzers/StyleCopAnalyzers/blob/master/documentation/SA1402.md) [C:\Projects\Hazina\src\Core\AI\Hazina.AI.RAG\Hazina.AI.RAG.csproj::TargetFramework=net10.0]
C:\Projects\Hazina\src\Core\AI\Hazina.AI.RAG\Retrieval\LlmJudgeReranker.cs(82,13): warning SA1009: Closing parenthesis should not be preceded by a space (https://github.com/DotNetAnalyzers/StyleCopAnalyzers/blob/master/documentation/SA1009.md) [C:\Projects\Hazina\src\Core\AI\Hazina.AI.RAG\Hazina.AI.RAG.csproj::TargetFramework=net10.0]
C:\Projects\Hazina\src\Core\AI\Hazina.AI.RAG\Embeddings\EmbeddingCache.cs(100,29): warning SA1629: Documentation text should end with a period (https://github.com/DotNetAnalyzers/StyleCopAnalyzers/blob/master/documentation/SA1629.md) [C:\Projects\Hazina\src\Core\AI\Hazina.AI.RAG\Hazina.AI.RAG.csproj::TargetFramework=net10.0]
C:\Projects\Hazina\src\Core\AI\Hazina.AI.RAG\Retrieval\NoOpReranker.cs(1,1): warning SA1633: The file header is missing or not located at the top of the file. (https://github.com/DotNetAnalyzers/StyleCopAnalyzers/blob/master/documentation/SA1633.md) [C:\Projects\Hazina\src\Core\AI\Hazina.AI.RAG\Hazina.AI.RAG.csproj::TargetFramework=net10.0]
C:\Projects\Hazina\src\Core\AI\Hazina.AI.RAG\Embeddings\EmbeddingCache.cs(102,23): warning CA1024: Use properties where appropriate (https://learn.microsoft.com/dotnet/fundamentals/code-analysis/quality-rules/ca1024) [C:\Projects\Hazina\src\Core\AI\Hazina.AI.RAG\Hazina.AI.RAG.csproj::TargetFramework=net10.0]
C:\Projects\Hazina\src\Core\AI\Hazina.AI.RAG\Graph\Pipeline\EntityNormalizationService.cs(224,13): warning MA0006: Use string.Equals instead of Equals operator (https://github.com/meziantou/Meziantou.Analyzer/blob/main/docs/Rules/MA0006.md) [C:\Projects\Hazina\src\Core\AI\Hazina.AI.RAG\Hazina.AI.RAG.csproj::TargetFramework=net10.0]
C:\Projects\Hazina\src\Core\AI\Hazina.AI.RAG\Retrieval\Reranker.cs(1,1): warning SA1633: The file header is missing or not located at the top of the file. (https://github.com/DotNetAnalyzers/StyleCopAnalyzers/blob/master/documentation/SA1633.md) [C:\Projects\Hazina\src\Core\AI\Hazina.AI.RAG\Hazina.AI.RAG.csproj::TargetFramework=net10.0]
C:\Projects\Hazina\src\Core\AI\Hazina.AI.RAG\Graph\Storage\IGraphStore.cs(15,45): warning CA1002: Change 'List<GraphEntity>' in 'IGraphStore.AddEntitiesAsync(List<GraphEntity>, [CancellationToken])' to use 'Collection<T>', 'ReadOnlyCollection<T>' or 'KeyedCollection<K,V>' (https://learn.microsoft.com/dotnet/fundamentals/code-analysis/quality-rules/ca1002) [C:\Projects\Hazina\src\Core\AI\Hazina.AI.RAG\Hazina.AI.RAG.csproj::TargetFramework=net10.0]
C:\Projects\Hazina\src\Core\AI\Hazina.AI.RAG\Embeddings\EmbeddingCache.cs(81,31): warning CA1062: In externally visible method 'Task<Embedding> EmbeddingCache.GetOrAddAsync(string text, Func<string, Task<Embedding>> generatorAsync)', validate parameter 'generatorAsync' is non-null before using it. If appropriate, throw an 'ArgumentNullException' when the argument is 'null'. (https://learn.microsoft.com/dotnet/fundamentals/code-analysis/quality-rules/ca1062) [C:\Projects\Hazina\src\Core\AI\Hazina.AI.RAG\Hazina.AI.RAG.csproj::TargetFramework=net10.0]
C:\Projects\Hazina\src\Core\AI\Hazina.AI.RAG\Graph\Storage\IGraphStore.cs(15,27): warning MA0016: Prefer using collection abstraction instead of implementation (https://github.com/meziantou/Meziantou.Analyzer/blob/main/docs/Rules/MA0016.md) [C:\Projects\Hazina\src\Core\AI\Hazina.AI.RAG\Hazina.AI.RAG.csproj::TargetFramework=net10.0]
C:\Projects\Hazina\src\Core\AI\Hazina.AI.RAG\Retrieval\Reranker.cs(62,34): warning MA0004: Use Task.ConfigureAwait(false) if the current SynchronizationContext is not needed (https://github.com/meziantou/Meziantou.Analyzer/blob/main/docs/Rules/MA0004.md) [C:\Projects\Hazina\src\Core\AI\Hazina.AI.RAG\Hazina.AI.RAG.csproj::TargetFramework=net10.0]
C:\Projects\Hazina\src\Core\AI\Hazina.AI.RAG\Graph\Storage\IGraphStore.cs(25,5): warning MA0016: Prefer using collection abstraction instead of implementation (https://github.com/meziantou/Meziantou.Analyzer/blob/main/docs/Rules/MA0016.md) [C:\Projects\Hazina\src\Core\AI\Hazina.AI.RAG\Hazina.AI.RAG.csproj::TargetFramework=net10.0]
C:\Projects\Hazina\src\Core\AI\Hazina.AI.RAG\Retrieval\Reranker.cs(226,14): warning SA1402: File may only contain a single type (https://github.com/DotNetAnalyzers/StyleCopAnalyzers/blob/master/documentation/SA1402.md) [C:\Projects\Hazina\src\Core\AI\Hazina.AI.RAG\Hazina.AI.RAG.csproj::TargetFramework=net10.0]
C:\Projects\Hazina\src\Core\AI\Hazina.AI.RAG\Graph\Storage\IGraphStore.cs(33,5): warning MA0016: Prefer using collection abstraction instead of implementation (https://github.com/meziantou/Meziantou.Analyzer/blob/main/docs/Rules/MA0016.md) [C:\Projects\Hazina\src\Core\AI\Hazina.AI.RAG\Hazina.AI.RAG.csproj::TargetFramework=net10.0]
C:\Projects\Hazina\src\Core\AI\Hazina.AI.RAG\Utilities\SentenceSplitter.cs(171,52): warning SA1629: Documentation text should end with a period (https://github.com/DotNetAnalyzers/StyleCopAnalyzers/blob/master/documentation/SA1629.md) [C:\Projects\Hazina\src\Core\AI\Hazina.AI.RAG\Hazina.AI.RAG.csproj::TargetFramework=net10.0]
C:\Projects\Hazina\src\Core\AI\Hazina.AI.RAG\Embeddings\EmbeddingCache.cs(64,25): warning CA1062: In externally visible method 'Embedding EmbeddingCache.GetOrAdd(string text, Func<string, Embedding> generator)', validate parameter 'generator' is non-null before using it. If appropriate, throw an 'ArgumentNullException' when the argument is 'null'. (https://learn.microsoft.com/dotnet/fundamentals/code-analysis/quality-rules/ca1062) [C:\Projects\Hazina\src\Core\AI\Hazina.AI.RAG\Hazina.AI.RAG.csproj::TargetFramework=net10.0]
C:\Projects\Hazina\src\Core\AI\Hazina.AI.RAG\Graph\Storage\IGraphStore.cs(50,56): warning CA1002: Change 'List<GraphRelationship>' in 'IGraphStore.AddRelationshipsAsync(List<GraphRelationship>, [CancellationToken])' to use 'Collection<T>', 'ReadOnlyCollection<T>' or 'KeyedCollection<K,V>' (https://learn.microsoft.com/dotnet/fundamentals/code-analysis/quality-rules/ca1002) [C:\Projects\Hazina\src\Core\AI\Hazina.AI.RAG\Hazina.AI.RAG.csproj::TargetFramework=net10.0]
C:\Projects\Hazina\src\Core\AI\Hazina.AI.RAG\Graph\Storage\IGraphStore.cs(50,32): warning MA0016: Prefer using collection abstraction instead of implementation (https://github.com/meziantou/Meziantou.Analyzer/blob/main/docs/Rules/MA0016.md) [C:\Projects\Hazina\src\Core\AI\Hazina.AI.RAG\Hazina.AI.RAG.csproj::TargetFramework=net10.0]
C:\Projects\Hazina\src\Core\AI\Hazina.AI.RAG\Graph\Storage\IGraphStore.cs(42,5): warning MA0016: Prefer using collection abstraction instead of implementation (https://github.com/meziantou/Meziantou.Analyzer/blob/main/docs/Rules/MA0016.md) [C:\Projects\Hazina\src\Core\AI\Hazina.AI.RAG\Hazina.AI.RAG.csproj::TargetFramework=net10.0]
C:\Projects\Hazina\src\Core\AI\Hazina.AI.RAG\Graph\Storage\IGraphStore.cs(12,5): warning SA1514: Element documentation header should be preceded by blank line (https://github.com/DotNetAnalyzers/StyleCopAnalyzers/blob/master/documentation/SA1514.md) [C:\Projects\Hazina\src\Core\AI\Hazina.AI.RAG\Hazina.AI.RAG.csproj::TargetFramework=net10.0]
C:\Projects\Hazina\src\Core\AI\Hazina.AI.RAG\Embeddings\ContentTypeDetector.cs(64,31): warning SA1629: Documentation text should end with a period (https://github.com/DotNetAnalyzers/StyleCopAnalyzers/blob/master/documentation/SA1629.md) [C:\Projects\Hazina\src\Core\AI\Hazina.AI.RAG\Hazina.AI.RAG.csproj::TargetFramework=net10.0]
C:\Projects\Hazina\src\Core\AI\Hazina.AI.RAG\Embeddings\ContentTypeDetector.cs(72,13): warning SA1503: Braces should not be omitted (https://github.com/DotNetAnalyzers/StyleCopAnalyzers/blob/master/documentation/SA1503.md) [C:\Projects\Hazina\src\Core\AI\Hazina.AI.RAG\Hazina.AI.RAG.csproj::TargetFramework=net10.0]
C:\Projects\Hazina\src\Core\AI\Hazina.AI.RAG\Embeddings\ContentTypeDetector.cs(76,13): warning SA1503: Braces should not be omitted (https://github.com/DotNetAnalyzers/StyleCopAnalyzers/blob/master/documentation/SA1503.md) [C:\Projects\Hazina\src\Core\AI\Hazina.AI.RAG\Hazina.AI.RAG.csproj::TargetFramework=net10.0]
C:\Projects\Hazina\src\Core\AI\Hazina.AI.RAG\Embeddings\ContentTypeDetector.cs(80,13): warning SA1503: Braces should not be omitted (https://github.com/DotNetAnalyzers/StyleCopAnalyzers/blob/master/documentation/SA1503.md) [C:\Projects\Hazina\src\Core\AI\Hazina.AI.RAG\Hazina.AI.RAG.csproj::TargetFramework=net10.0]
C:\Projects\Hazina\src\Core\AI\Hazina.AI.RAG\Retrieval\Reranker.cs(140,13): warning SA1009: Closing parenthesis should not be preceded by a space (https://github.com/DotNetAnalyzers/StyleCopAnalyzers/blob/master/documentation/SA1009.md) [C:\Projects\Hazina\src\Core\AI\Hazina.AI.RAG\Hazina.AI.RAG.csproj::TargetFramework=net10.0]
C:\Projects\Hazina\src\Core\AI\Hazina.AI.RAG\Graph\Storage\IGraphStore.cs(71,5): warning MA0016: Prefer using collection abstraction instead of implementation (https://github.com/meziantou/Meziantou.Analyzer/blob/main/docs/Rules/MA0016.md) [C:\Projects\Hazina\src\Core\AI\Hazina.AI.RAG\Hazina.AI.RAG.csproj::TargetFramework=net10.0]
C:\Projects\Hazina\src\Core\AI\Hazina.AI.RAG\Graph\Storage\IGraphStore.cs(63,5): warning MA0016: Prefer using collection abstraction instead of implementation (https://github.com/meziantou/Meziantou.Analyzer/blob/main/docs/Rules/MA0016.md) [C:\Projects\Hazina\src\Core\AI\Hazina.AI.RAG\Hazina.AI.RAG.csproj::TargetFramework=net10.0]
C:\Projects\Hazina\src\Core\AI\Hazina.AI.RAG\Graph\Storage\IGraphStore.cs(55,5): warning MA0016: Prefer using collection abstraction instead of implementation (https://github.com/meziantou/Meziantou.Analyzer/blob/main/docs/Rules/MA0016.md) [C:\Projects\Hazina\src\Core\AI\Hazina.AI.RAG\Hazina.AI.RAG.csproj::TargetFramework=net10.0]
C:\Projects\Hazina\src\Core\AI\Hazina.AI.RAG\Graph\Storage\IGraphStore.cs(80,5): warning MA0016: Prefer using collection abstraction instead of implementation (https://github.com/meziantou/Meziantou.Analyzer/blob/main/docs/Rules/MA0016.md) [C:\Projects\Hazina\src\Core\AI\Hazina.AI.RAG\Hazina.AI.RAG.csproj::TargetFramework=net10.0]
C:\Projects\Hazina\src\Core\AI\Hazina.AI.RAG\Embeddings\ContentTypeDetector.cs(83,30): warning CA1875: Use 'Regex.Count' instead of 'Regex.Matches(...).Count' (https://learn.microsoft.com/dotnet/fundamentals/code-analysis/quality-rules/ca1875) [C:\Projects\Hazina\src\Core\AI\Hazina.AI.RAG\Hazina.AI.RAG.csproj::TargetFramework=net10.0]
C:\Projects\Hazina\src\Core\AI\Hazina.AI.RAG\Embeddings\ContentTypeDetector.cs(71,13): warning MA0009: Regular expressions should not be vulnerable to Denial of Service attacks (https://github.com/meziantou/Meziantou.Analyzer/blob/main/docs/Rules/MA0009.md) [C:\Projects\Hazina\src\Core\AI\Hazina.AI.RAG\Hazina.AI.RAG.csproj::TargetFramework=net10.0]
C:\Projects\Hazina\src\Core\AI\Hazina.AI.RAG\Embeddings\ContentTypeDetector.cs(75,13): warning MA0009: Regular expressions should not be vulnerable to Denial of Service attacks (https://github.com/meziantou/Meziantou.Analyzer/blob/main/docs/Rules/MA0009.md) [C:\Projects\Hazina\src\Core\AI\Hazina.AI.RAG\Hazina.AI.RAG.csproj::TargetFramework=net10.0]
C:\Projects\Hazina\src\Core\AI\Hazina.AI.RAG\Embeddings\ContentTypeDetector.cs(79,13): warning MA0009: Regular expressions should not be vulnerable to Denial of Service attacks (https://github.com/meziantou/Meziantou.Analyzer/blob/main/docs/Rules/MA0009.md) [C:\Projects\Hazina\src\Core\AI\Hazina.AI.RAG\Hazina.AI.RAG.csproj::TargetFramework=net10.0]
C:\Projects\Hazina\src\Core\AI\Hazina.AI.RAG\Embeddings\ContentTypeDetector.cs(83,30): warning MA0009: Regular expressions should not be vulnerable to Denial of Service attacks (https://github.com/meziantou/Meziantou.Analyzer/blob/main/docs/Rules/MA0009.md) [C:\Projects\Hazina\src\Core\AI\Hazina.AI.RAG\Hazina.AI.RAG.csproj::TargetFramework=net10.0]
C:\Projects\Hazina\src\Core\Agents\Hazina.AgentFactory\Models\AgentCardModel.cs(18,20): warning CS8618: Non-nullable field 'newFunctionToAdd' must contain a non-null value when exiting constructor. Consider adding the 'required' modifier or declaring the field as nullable. [C:\Projects\Hazina\src\Core\Agents\Hazina.AgentFactory\Hazina.AgentFactory.csproj::TargetFramework=net9.0]
C:\Projects\Hazina\src\Core\AI\Hazina.AI.RAG\Retrieval\RetrievalPipeline.cs(1,1): warning SA1633: The file header is missing or not located at the top of the file. (https://github.com/DotNetAnalyzers/StyleCopAnalyzers/blob/master/documentation/SA1633.md) [C:\Projects\Hazina\src\Core\AI\Hazina.AI.RAG\Hazina.AI.RAG.csproj::TargetFramework=net10.0]
C:\Projects\Hazina\src\Core\Agents\Hazina.AgentFactory\Models\AgentCardModel.cs(19,20): warning CS8618: Non-nullable field 'newAgentToAdd' must contain a non-null value when exiting constructor. Consider adding the 'required' modifier or declaring the field as nullable. [C:\Projects\Hazina\src\Core\Agents\Hazina.AgentFactory\Hazina.AgentFactory.csproj::TargetFramework=net9.0]
C:\Projects\Hazina\src\Core\AI\Hazina.AI.RAG\Retrieval\RetrievalPipeline.cs(32,9): warning SA1009: Closing parenthesis should not be preceded by a space (https://github.com/DotNetAnalyzers/StyleCopAnalyzers/blob/master/documentation/SA1009.md) [C:\Projects\Hazina\src\Core\AI\Hazina.AI.RAG\Hazina.AI.RAG.csproj::TargetFramework=net10.0]
C:\Projects\Hazina\src\Core\AI\Hazina.AI.RAG\Retrieval\RetrievalPipeline.cs(42,9): warning SA1009: Closing parenthesis should not be preceded by a space (https://github.com/DotNetAnalyzers/StyleCopAnalyzers/blob/master/documentation/SA1009.md) [C:\Projects\Hazina\src\Core\AI\Hazina.AI.RAG\Hazina.AI.RAG.csproj::TargetFramework=net10.0]
C:\Projects\Hazina\src\Core\AI\Hazina.AI.RAG\Retrieval\VectorStoreRetriever.cs(1,1): warning SA1633: The file header is missing or not located at the top of the file. (https://github.com/DotNetAnalyzers/StyleCopAnalyzers/blob/master/documentation/SA1633.md) [C:\Projects\Hazina\src\Core\AI\Hazina.AI.RAG\Hazina.AI.RAG.csproj::TargetFramework=net10.0]
C:\Projects\Hazina\src\Core\AI\Hazina.AI.RAG\Graph\Storage\IGraphStore.cs(47,5): warning SA1514: Element documentation header should be preceded by blank line (https://github.com/DotNetAnalyzers/StyleCopAnalyzers/blob/master/documentation/SA1514.md) [C:\Projects\Hazina\src\Core\AI\Hazina.AI.RAG\Hazina.AI.RAG.csproj::TargetFramework=net10.0]
C:\Projects\Hazina\src\Core\AI\Hazina.AI.RAG\Graph\Storage\IGraphStore.cs(60,5): warning SA1514: Element documentation header should be preceded by blank line (https://github.com/DotNetAnalyzers/StyleCopAnalyzers/blob/master/documentation/SA1514.md) [C:\Projects\Hazina\src\Core\AI\Hazina.AI.RAG\Hazina.AI.RAG.csproj::TargetFramework=net10.0]
C:\Projects\Hazina\src\Core\AI\Hazina.AI.RAG\Graph\Storage\IGraphStore.cs(87,5): warning SA1514: Element documentation header should be preceded by blank line (https://github.com/DotNetAnalyzers/StyleCopAnalyzers/blob/master/documentation/SA1514.md) [C:\Projects\Hazina\src\Core\AI\Hazina.AI.RAG\Hazina.AI.RAG.csproj::TargetFramework=net10.0]
C:\Projects\Hazina\src\Core\AI\Hazina.AI.RAG\Retrieval\VectorStoreRetriever.cs(48,10): warning SA1513: Closing brace should be followed by blank line (https://github.com/DotNetAnalyzers/StyleCopAnalyzers/blob/master/documentation/SA1513.md) [C:\Projects\Hazina\src\Core\AI\Hazina.AI.RAG\Hazina.AI.RAG.csproj::TargetFramework=net10.0]
C:\Projects\Hazina\src\Core\AI\Hazina.AI.RAG\Retrieval\VectorStoreRetriever.cs(38,9): warning SA1009: Closing parenthesis should not be preceded by a space (https://github.com/DotNetAnalyzers/StyleCopAnalyzers/blob/master/documentation/SA1009.md) [C:\Projects\Hazina\src\Core\AI\Hazina.AI.RAG\Hazina.AI.RAG.csproj::TargetFramework=net10.0]
C:\Projects\Hazina\src\Core\AI\Hazina.AI.RAG\Embeddings\TextChunker.cs(212,51): warning MA0002: Use an overload that has a IEqualityComparer<string> or IComparer<string> parameter (https://github.com/meziantou/Meziantou.Analyzer/blob/main/docs/Rules/MA0002.md) [C:\Projects\Hazina\src\Core\AI\Hazina.AI.RAG\Hazina.AI.RAG.csproj::TargetFramework=net10.0]
C:\Projects\Hazina\src\Core\AI\Hazina.AI.RAG\Embeddings\TextChunker.cs(212,94): warning MA0002: Use an overload that has a IEqualityComparer<string> or IComparer<string> parameter (https://github.com/meziantou/Meziantou.Analyzer/blob/main/docs/Rules/MA0002.md) [C:\Projects\Hazina\src\Core\AI\Hazina.AI.RAG\Hazina.AI.RAG.csproj::TargetFramework=net10.0]
C:\Projects\Hazina\src\Core\AI\Hazina.AI.RAG\Embeddings\TextChunker.cs(232,47): warning MA0002: Use an overload that has a IEqualityComparer<string> or IComparer<string> parameter (https://github.com/meziantou/Meziantou.Analyzer/blob/main/docs/Rules/MA0002.md) [C:\Projects\Hazina\src\Core\AI\Hazina.AI.RAG\Hazina.AI.RAG.csproj::TargetFramework=net10.0]
C:\Projects\Hazina\src\Core\AI\Hazina.AI.RAG\Embeddings\TextChunker.cs(232,90): warning MA0002: Use an overload that has a IEqualityComparer<string> or IComparer<string> parameter (https://github.com/meziantou/Meziantou.Analyzer/blob/main/docs/Rules/MA0002.md) [C:\Projects\Hazina\src\Core\AI\Hazina.AI.RAG\Hazina.AI.RAG.csproj::TargetFramework=net10.0]
C:\Projects\Hazina\src\Core\AI\Hazina.AI.RAG\Graph\Storage\GraphStoreFactory.cs(14,52): warning SA1629: Documentation text should end with a period (https://github.com/DotNetAnalyzers/StyleCopAnalyzers/blob/master/documentation/SA1629.md) [C:\Projects\Hazina\src\Core\AI\Hazina.AI.RAG\Hazina.AI.RAG.csproj::TargetFramework=net10.0]
C:\Projects\Hazina\src\Core\AI\Hazina.AI.RAG\Graph\Storage\GraphStoreFactory.cs(15,45): warning SA1629: Documentation text should end with a period (https://github.com/DotNetAnalyzers/StyleCopAnalyzers/blob/master/documentation/SA1629.md) [C:\Projects\Hazina\src\Core\AI\Hazina.AI.RAG\Hazina.AI.RAG.csproj::TargetFramework=net10.0]
C:\Projects\Hazina\src\Core\AI\Hazina.AI.RAG\Graph\Storage\GraphStoreFactory.cs(16,55): warning SA1629: Documentation text should end with a period (https://github.com/DotNetAnalyzers/StyleCopAnalyzers/blob/master/documentation/SA1629.md) [C:\Projects\Hazina\src\Core\AI\Hazina.AI.RAG\Hazina.AI.RAG.csproj::TargetFramework=net10.0]
C:\Projects\Hazina\src\Core\AI\Hazina.AI.RAG\Graph\Storage\GraphStoreFactory.cs(24,24): warning MA0015: Use an overload of 'System.ArgumentException' with the parameter name (https://github.com/meziantou/Meziantou.Analyzer/blob/main/docs/Rules/MA0015.md) [C:\Projects\Hazina\src\Core\AI\Hazina.AI.RAG\Hazina.AI.RAG.csproj::TargetFramework=net10.0]
C:\Projects\Hazina\src\Core\AI\Hazina.AI.RAG\Graph\Storage\GraphStoreFactory.cs(23,39): warning MA0025: Implement the functionality (or raise NotSupportedException or PlatformNotSupportedException) (https://github.com/meziantou/Meziantou.Analyzer/blob/main/docs/Rules/MA0025.md) [C:\Projects\Hazina\src\Core\AI\Hazina.AI.RAG\Hazina.AI.RAG.csproj::TargetFramework=net10.0]
C:\Projects\Hazina\src\Core\AI\Hazina.AI.RAG\Graph\Storage\GraphStoreFactory.cs(19,16): warning CA1062: In externally visible method 'IGraphStore GraphStoreFactory.Create(GraphRAGConfig config, ILogger logger)', validate parameter 'config' is non-null before using it. If appropriate, throw an 'ArgumentNullException' when the argument is 'null'. (https://learn.microsoft.com/dotnet/fundamentals/code-analysis/quality-rules/ca1062) [C:\Projects\Hazina\src\Core\AI\Hazina.AI.RAG\Hazina.AI.RAG.csproj::TargetFramework=net10.0]
C:\Projects\Hazina\src\Core\AI\Hazina.AI.RAG\Utilities\SentenceSplitter.cs(1,1): warning SA1633: The file header is missing or not located at the top of the file. (https://github.com/DotNetAnalyzers/StyleCopAnalyzers/blob/master/documentation/SA1633.md) [C:\Projects\Hazina\src\Core\AI\Hazina.AI.RAG\Hazina.AI.RAG.csproj::TargetFramework=net10.0]
C:\Projects\Hazina\src\Core\AI\Hazina.AI.RAG\Utilities\SentenceSplitter.cs(81,18): warning SA1513: Closing brace should be followed by blank line (https://github.com/DotNetAnalyzers/StyleCopAnalyzers/blob/master/documentation/SA1513.md) [C:\Projects\Hazina\src\Core\AI\Hazina.AI.RAG\Hazina.AI.RAG.csproj::TargetFramework=net10.0]
C:\Projects\Hazina\src\Core\AI\Hazina.AI.RAG\Graph\Pipeline\EntityNormalizationService.cs(283,24): warning S1244: Do not check floating point equality with exact values, use a range instead. (https://rules.sonarsource.com/csharp/RSPEC-1244) [C:\Projects\Hazina\src\Core\AI\Hazina.AI.RAG\Hazina.AI.RAG.csproj::TargetFramework=net10.0]
C:\Projects\Hazina\src\Core\AI\Hazina.AI.RAG\Graph\Pipeline\EntityNormalizationService.cs(283,45): warning S1244: Do not check floating point equality with exact values, use a range instead. (https://rules.sonarsource.com/csharp/RSPEC-1244) [C:\Projects\Hazina\src\Core\AI\Hazina.AI.RAG\Hazina.AI.RAG.csproj::TargetFramework=net10.0]
C:\Projects\Hazina\src\Core\AI\Hazina.AI.RAG\Embeddings\TextChunker.cs(283,17): warning CA1848: For improved performance, use the LoggerMessage delegates instead of calling 'LoggerExtensions.LogInformation(ILogger, string?, params object?[])' (https://learn.microsoft.com/dotnet/fundamentals/code-analysis/quality-rules/ca1848) [C:\Projects\Hazina\src\Core\AI\Hazina.AI.RAG\Hazina.AI.RAG.csproj::TargetFramework=net10.0]
C:\Projects\Hazina\src\Core\AI\Hazina.AI.RAG\Graph\Pipeline\EntityNormalizationService.cs(265,20): warning S2325: Make 'CalculateCosineSimilarity' a static method. (https://rules.sonarsource.com/csharp/RSPEC-2325) [C:\Projects\Hazina\src\Core\AI\Hazina.AI.RAG\Hazina.AI.RAG.csproj::TargetFramework=net10.0]
C:\Projects\Hazina\src\Core\AI\Hazina.AI.RAG\Embeddings\EmbeddingCache.cs(117,50): warning SA1629: Documentation text should end with a period (https://github.com/DotNetAnalyzers/StyleCopAnalyzers/blob/master/documentation/SA1629.md) [C:\Projects\Hazina\src\Core\AI\Hazina.AI.RAG\Hazina.AI.RAG.csproj::TargetFramework=net10.0]
C:\Projects\Hazina\src\Core\AI\Hazina.AI.RAG\Embeddings\TextChunker.cs(290,26): warning S2325: Make 'SplitIntoSentences' a static method. (https://rules.sonarsource.com/csharp/RSPEC-2325) [C:\Projects\Hazina\src\Core\AI\Hazina.AI.RAG\Hazina.AI.RAG.csproj::TargetFramework=net10.0]
C:\Projects\Hazina\src\Core\AI\Hazina.AI.RAG\Embeddings\ContentTypeDetector.cs(101,35): warning S6605: Collection-specific "Exists" method should be used instead of the "Any" extension. (https://rules.sonarsource.com/csharp/RSPEC-6605) [C:\Projects\Hazina\src\Core\AI\Hazina.AI.RAG\Hazina.AI.RAG.csproj::TargetFramework=net10.0]
C:\Projects\Hazina\src\Core\AI\Hazina.AI.RAG\Embeddings\EmbeddingCache.cs(123,25): warning CA1850: Prefer static 'System.Security.Cryptography.SHA256.HashData' method over 'ComputeHash' (https://learn.microsoft.com/dotnet/fundamentals/code-analysis/quality-rules/ca1850) [C:\Projects\Hazina\src\Core\AI\Hazina.AI.RAG\Hazina.AI.RAG.csproj::TargetFramework=net10.0]
C:\Projects\Hazina\src\Core\AI\Hazina.AI.RAG\Graph\Retrieval\HybridRetrievalService.cs(73,53): warning MA0051: Method is too long (65 lines; maximum allowed: 60) (https://github.com/meziantou/Meziantou.Analyzer/blob/main/docs/Rules/MA0051.md) [C:\Projects\Hazina\src\Core\AI\Hazina.AI.RAG\Hazina.AI.RAG.csproj::TargetFramework=net10.0]
C:\Projects\Hazina\src\Core\AI\Hazina.AI.RAG\Graph\Pipeline\EntityNormalizationService.cs(235,17): warning S2325: Make 'LevenshteinDistance' a static method. (https://rules.sonarsource.com/csharp/RSPEC-2325) [C:\Projects\Hazina\src\Core\AI\Hazina.AI.RAG\Hazina.AI.RAG.csproj::TargetFramework=net10.0]
C:\Projects\Hazina\src\Core\AI\Hazina.AI.RAG\Graph\Retrieval\HybridRetrievalService.cs(135,26): warning S2139: Either log this exception and handle it, or rethrow it with some contextual information. (https://rules.sonarsource.com/csharp/RSPEC-2139) [C:\Projects\Hazina\src\Core\AI\Hazina.AI.RAG\Hazina.AI.RAG.csproj::TargetFramework=net10.0]
C:\Projects\Hazina\src\Core\AI\Hazina.AI.RAG\Graph\Retrieval\HybridRetrievalService.cs(76,9): warning S1172: Remove this unused method parameter 'cancellationToken'. (https://rules.sonarsource.com/csharp/RSPEC-1172) [C:\Projects\Hazina\src\Core\AI\Hazina.AI.RAG\Hazina.AI.RAG.csproj::TargetFramework=net10.0]
C:\Projects\Hazina\src\Core\AI\Hazina.AI.RAG\Embeddings\TextChunker.cs(242,37): warning CA1861: Prefer 'static readonly' fields over constant array arguments if the called method is called repeatedly and is not mutating the passed array (https://learn.microsoft.com/dotnet/fundamentals/code-analysis/quality-rules/ca1861) [C:\Projects\Hazina\src\Core\AI\Hazina.AI.RAG\Hazina.AI.RAG.csproj::TargetFramework=net10.0]
C:\Projects\Hazina\src\Core\AI\Hazina.AI.RAG\Embeddings\TextChunker.cs(269,51): warning MA0002: Use an overload that has a IEqualityComparer<string> or IComparer<string> parameter (https://github.com/meziantou/Meziantou.Analyzer/blob/main/docs/Rules/MA0002.md) [C:\Projects\Hazina\src\Core\AI\Hazina.AI.RAG\Hazina.AI.RAG.csproj::TargetFramework=net10.0]
C:\Projects\Hazina\src\Core\AI\Hazina.AI.RAG\Embeddings\TextChunker.cs(269,94): warning MA0002: Use an overload that has a IEqualityComparer<string> or IComparer<string> parameter (https://github.com/meziantou/Meziantou.Analyzer/blob/main/docs/Rules/MA0002.md) [C:\Projects\Hazina\src\Core\AI\Hazina.AI.RAG\Hazina.AI.RAG.csproj::TargetFramework=net10.0]
C:\Projects\Hazina\src\Core\Agents\Hazina.AgentFactory\Models\AgentCardModel.cs(20,20): warning CS8618: Non-nullable field 'newFlowToAdd' must contain a non-null value when exiting constructor. Consider adding the 'required' modifier or declaring the field as nullable. [C:\Projects\Hazina\src\Core\Agents\Hazina.AgentFactory\Hazina.AgentFactory.csproj::TargetFramework=net9.0]
C:\Projects\Hazina\src\Core\Agents\Hazina.AgentFactory\Models\AgentCardModel.cs(38,46): warning CS8618: Non-nullable event 'PropertyChanged' must contain a non-null value when exiting constructor. Consider adding the 'required' modifier or declaring the event as nullable. [C:\Projects\Hazina\src\Core\Agents\Hazina.AgentFactory\Hazina.AgentFactory.csproj::TargetFramework=net9.0]
C:\Projects\Hazina\src\Core\AI\Hazina.AI.RAG\Embeddings\HierarchicalChunker.cs(26,18): warning MA0016: Prefer using collection abstraction instead of implementation (https://github.com/meziantou/Meziantou.Analyzer/blob/main/docs/Rules/MA0016.md) [C:\Projects\Hazina\src\Core\AI\Hazina.AI.RAG\Hazina.AI.RAG.csproj::TargetFramework=net10.0]
C:\Projects\Hazina\src\Core\AI\Hazina.AI.RAG\Embeddings\HierarchicalChunker.cs(26,40): warning MA0051: Method is too long (61 lines; maximum allowed: 60) (https://github.com/meziantou/Meziantou.Analyzer/blob/main/docs/Rules/MA0051.md) [C:\Projects\Hazina\src\Core\AI\Hazina.AI.RAG\Hazina.AI.RAG.csproj::TargetFramework=net10.0]
C:\Projects\Hazina\src\Core\Agents\Hazina.AgentFactory\Configuration\Parsers\HazinaStoreConfigParser.cs(30,31): error CS8600: Converting null literal or possible null value to non-nullable type. [C:\Projects\Hazina\src\Core\Agents\Hazina.AgentFactory\Hazina.AgentFactory.csproj::TargetFramework=net9.0]
C:\Projects\Hazina\src\Core\AI\Hazina.AI.RAG\Embeddings\TextChunker.cs(305,21): warning SA1503: Braces should not be omitted (https://github.com/DotNetAnalyzers/StyleCopAnalyzers/blob/master/documentation/SA1503.md) [C:\Projects\Hazina\src\Core\AI\Hazina.AI.RAG\Hazina.AI.RAG.csproj::TargetFramework=net10.0]
C:\Projects\Hazina\src\Core\AI\Hazina.AI.RAG\Embeddings\TextChunker.cs(309,21): warning SA1503: Braces should not be omitted (https://github.com/DotNetAnalyzers/StyleCopAnalyzers/blob/master/documentation/SA1503.md) [C:\Projects\Hazina\src\Core\AI\Hazina.AI.RAG\Hazina.AI.RAG.csproj::TargetFramework=net10.0]
C:\Projects\Hazina\src\Core\AI\Hazina.AI.RAG\Embeddings\EmbeddingCache.cs(128,67): warning SA1629: Documentation text should end with a period (https://github.com/DotNetAnalyzers/StyleCopAnalyzers/blob/master/documentation/SA1629.md) [C:\Projects\Hazina\src\Core\AI\Hazina.AI.RAG\Hazina.AI.RAG.csproj::TargetFramework=net10.0]
C:\Projects\Hazina\src\Core\AI\Hazina.AI.RAG\Embeddings\EmbeddingCache.cs(134,42): warning SA1503: Braces should not be omitted (https://github.com/DotNetAnalyzers/StyleCopAnalyzers/blob/master/documentation/SA1503.md) [C:\Projects\Hazina\src\Core\AI\Hazina.AI.RAG\Hazina.AI.RAG.csproj::TargetFramework=net10.0]
C:\Projects\Hazina\src\Core\AI\Hazina.AI.RAG\Embeddings\ContentTypeDetector.cs(90,49): warning SA1629: Documentation text should end with a period (https://github.com/DotNetAnalyzers/StyleCopAnalyzers/blob/master/documentation/SA1629.md) [C:\Projects\Hazina\src\Core\AI\Hazina.AI.RAG\Hazina.AI.RAG.csproj::TargetFramework=net10.0]
C:\Projects\Hazina\src\Core\AI\Hazina.AI.RAG\Embeddings\ContentTypeDetector.cs(101,52): warning CA1307: 'string.Contains(string)' has a method overload that takes a 'StringComparison' parameter. Replace this call in 'Hazina.AI.RAG.Embeddings.ContentTypeDetector.HasMarkdownPatterns(string)' with a call to 'string.Contains(string, System.StringComparison)' for clarity of intent. (https://learn.microsoft.com/dotnet/fundamentals/code-analysis/quality-rules/ca1307) [C:\Projects\Hazina\src\Core\AI\Hazina.AI.RAG\Hazina.AI.RAG.csproj::TargetFramework=net10.0]
C:\Projects\Hazina\src\Core\AI\Hazina.AI.RAG\Graph\Pipeline\EntityNormalizationService.cs(239,18): warning CA1814: LevenshteinDistance uses a multidimensional array of int[*,*]. Replace it with a jagged array if possible. (https://learn.microsoft.com/dotnet/fundamentals/code-analysis/quality-rules/ca1814) [C:\Projects\Hazina\src\Core\AI\Hazina.AI.RAG\Hazina.AI.RAG.csproj::TargetFramework=net10.0]
C:\Projects\Hazina\src\Core\AI\Hazina.AI.RAG\Embeddings\HierarchicalChunker.cs(24,45): warning SA1629: Documentation text should end with a period (https://github.com/DotNetAnalyzers/StyleCopAnalyzers/blob/master/documentation/SA1629.md) [C:\Projects\Hazina\src\Core\AI\Hazina.AI.RAG\Hazina.AI.RAG.csproj::TargetFramework=net10.0]
C:\Projects\Hazina\src\Core\AI\Hazina.AI.RAG\Embeddings\HierarchicalChunker.cs(32,13): warning SA1503: Braces should not be omitted (https://github.com/DotNetAnalyzers/StyleCopAnalyzers/blob/master/documentation/SA1503.md) [C:\Projects\Hazina\src\Core\AI\Hazina.AI.RAG\Hazina.AI.RAG.csproj::TargetFramework=net10.0]
C:\Projects\Hazina\src\Core\AI\Hazina.AI.RAG\Embeddings\HierarchicalChunker.cs(37,31): warning SA1116: The parameters should begin on the line after the declaration, whenever the parameter span across multiple lines (https://github.com/DotNetAnalyzers/StyleCopAnalyzers/blob/master/documentation/SA1116.md) [C:\Projects\Hazina\src\Core\AI\Hazina.AI.RAG\Hazina.AI.RAG.csproj::TargetFramework=net10.0]
C:\Projects\Hazina\src\Core\AI\Hazina.AI.RAG\Embeddings\HierarchicalChunker.cs(81,37): warning SA1116: The parameters should begin on the line after the declaration, whenever the parameter span across multiple lines (https://github.com/DotNetAnalyzers/StyleCopAnalyzers/blob/master/documentation/SA1116.md) [C:\Projects\Hazina\src\Core\AI\Hazina.AI.RAG\Hazina.AI.RAG.csproj::TargetFramework=net10.0]
C:\Projects\Hazina\src\Core\AI\Hazina.AI.RAG\Embeddings\HierarchicalChunker.cs(38,30): warning SA1117: The parameters should all be placed on the same line or each parameter should be placed on its own line (https://github.com/DotNetAnalyzers/StyleCopAnalyzers/blob/master/documentation/SA1117.md) [C:\Projects\Hazina\src\Core\AI\Hazina.AI.RAG\Hazina.AI.RAG.csproj::TargetFramework=net10.0]
C:\Projects\Hazina\src\Core\AI\Hazina.AI.RAG\Embeddings\HierarchicalChunker.cs(82,33): warning SA1117: The parameters should all be placed on the same line or each parameter should be placed on its own line (https://github.com/DotNetAnalyzers/StyleCopAnalyzers/blob/master/documentation/SA1117.md) [C:\Projects\Hazina\src\Core\AI\Hazina.AI.RAG\Hazina.AI.RAG.csproj::TargetFramework=net10.0]
C:\Projects\Hazina\src\Core\AI\Hazina.AI.RAG\Embeddings\HierarchicalChunker.cs(37,21): warning CA1873: Evaluation of this argument may be expensive and unnecessary if logging is disabled (https://learn.microsoft.com/dotnet/fundamentals/code-analysis/quality-rules/ca1873) [C:\Projects\Hazina\src\Core\AI\Hazina.AI.RAG\Hazina.AI.RAG.csproj::TargetFramework=net10.0]
C:\Projects\Hazina\src\Core\AI\Hazina.AI.RAG\Embeddings\HierarchicalChunker.cs(42,17): warning CA1873: Evaluation of this argument may be expensive and unnecessary if logging is disabled (https://learn.microsoft.com/dotnet/fundamentals/code-analysis/quality-rules/ca1873) [C:\Projects\Hazina\src\Core\AI\Hazina.AI.RAG\Hazina.AI.RAG.csproj::TargetFramework=net10.0]
C:\Projects\Hazina\src\Core\AI\Hazina.AI.RAG\Embeddings\HierarchicalChunker.cs(48,21): warning CA1873: Evaluation of this argument may be expensive and unnecessary if logging is disabled (https://learn.microsoft.com/dotnet/fundamentals/code-analysis/quality-rules/ca1873) [C:\Projects\Hazina\src\Core\AI\Hazina.AI.RAG\Hazina.AI.RAG.csproj::TargetFramework=net10.0]
C:\Projects\Hazina\src\Core\AI\Hazina.AI.RAG\Embeddings\HierarchicalChunker.cs(81,21): warning CA1873: Evaluation of this argument may be expensive and unnecessary if logging is disabled (https://learn.microsoft.com/dotnet/fundamentals/code-analysis/quality-rules/ca1873) [C:\Projects\Hazina\src\Core\AI\Hazina.AI.RAG\Hazina.AI.RAG.csproj::TargetFramework=net10.0]
C:\Projects\Hazina\src\Core\AI\Hazina.AI.RAG\Embeddings\HierarchicalChunker.cs(37,21): warning CA1848: For improved performance, use the LoggerMessage delegates instead of calling 'LoggerExtensions.LogDebug(ILogger, string?, params object?[])' (https://learn.microsoft.com/dotnet/fundamentals/code-analysis/quality-rules/ca1848) [C:\Projects\Hazina\src\Core\AI\Hazina.AI.RAG\Hazina.AI.RAG.csproj::TargetFramework=net10.0]
C:\Projects\Hazina\src\Core\AI\Hazina.AI.RAG\Embeddings\HierarchicalChunker.cs(42,17): warning CA1848: For improved performance, use the LoggerMessage delegates instead of calling 'LoggerExtensions.LogInformation(ILogger, string?, params object?[])' (https://learn.microsoft.com/dotnet/fundamentals/code-analysis/quality-rules/ca1848) [C:\Projects\Hazina\src\Core\AI\Hazina.AI.RAG\Hazina.AI.RAG.csproj::TargetFramework=net10.0]
C:\Projects\Hazina\src\Core\AI\Hazina.AI.RAG\Embeddings\HierarchicalChunker.cs(48,21): warning CA1848: For improved performance, use the LoggerMessage delegates instead of calling 'LoggerExtensions.LogDebug(ILogger, string?, params object?[])' (https://learn.microsoft.com/dotnet/fundamentals/code-analysis/quality-rules/ca1848) [C:\Projects\Hazina\src\Core\AI\Hazina.AI.RAG\Hazina.AI.RAG.csproj::TargetFramework=net10.0]
C:\Projects\Hazina\src\Core\AI\Hazina.AI.RAG\Embeddings\HierarchicalChunker.cs(77,29): warning CA1848: For improved performance, use the LoggerMessage delegates instead of calling 'LoggerExtensions.LogWarning(ILogger, Exception?, string?, params object?[])' (https://learn.microsoft.com/dotnet/fundamentals/code-analysis/quality-rules/ca1848) [C:\Projects\Hazina\src\Core\AI\Hazina.AI.RAG\Hazina.AI.RAG.csproj::TargetFramework=net10.0]
C:\Projects\Hazina\src\Core\AI\Hazina.AI.RAG\Embeddings\HierarchicalChunker.cs(81,21): warning CA1848: For improved performance, use the LoggerMessage delegates instead of calling 'LoggerExtensions.LogInformation(ILogger, string?, params object?[])' (https://learn.microsoft.com/dotnet/fundamentals/code-analysis/quality-rules/ca1848) [C:\Projects\Hazina\src\Core\AI\Hazina.AI.RAG\Hazina.AI.RAG.csproj::TargetFramework=net10.0]
C:\Projects\Hazina\src\Core\AI\Hazina.AI.RAG\Embeddings\HierarchicalChunker.cs(88,21): warning CA1848: For improved performance, use the LoggerMessage delegates instead of calling 'LoggerExtensions.LogError(ILogger, Exception?, string?, params object?[])' (https://learn.microsoft.com/dotnet/fundamentals/code-analysis/quality-rules/ca1848) [C:\Projects\Hazina\src\Core\AI\Hazina.AI.RAG\Hazina.AI.RAG.csproj::TargetFramework=net10.0]
C:\Projects\Hazina\src\Core\AI\Hazina.AI.RAG\Graph\Retrieval\HybridRetrievalService.cs(97,59): warning SA1503: Braces should not be omitted (https://github.com/DotNetAnalyzers/StyleCopAnalyzers/blob/master/documentation/SA1503.md) [C:\Projects\Hazina\src\Core\AI\Hazina.AI.RAG\Hazina.AI.RAG.csproj::TargetFramework=net10.0]
C:\Projects\Hazina\src\Core\AI\Hazina.AI.RAG\Graph\Retrieval\HybridRetrievalService.cs(103,93): warning SA1503: Braces should not be omitted (https://github.com/DotNetAnalyzers/StyleCopAnalyzers/blob/master/documentation/SA1503.md) [C:\Projects\Hazina\src\Core\AI\Hazina.AI.RAG\Hazina.AI.RAG.csproj::TargetFramework=net10.0]
C:\Projects\Hazina\src\Core\AI\Hazina.AI.RAG\Graph\Retrieval\HybridRetrievalService.cs(90,49): warning SA1316: Tuple element names should use correct casing (https://github.com/DotNetAnalyzers/StyleCopAnalyzers/blob/master/documentation/SA1316.md) [C:\Projects\Hazina\src\Core\AI\Hazina.AI.RAG\Hazina.AI.RAG.csproj::TargetFramework=net10.0]
C:\Projects\Hazina\src\Core\AI\Hazina.AI.RAG\Graph\Retrieval\HybridRetrievalService.cs(90,63): warning SA1316: Tuple element names should use correct casing (https://github.com/DotNetAnalyzers/StyleCopAnalyzers/blob/master/documentation/SA1316.md) [C:\Projects\Hazina\src\Core\AI\Hazina.AI.RAG\Hazina.AI.RAG.csproj::TargetFramework=net10.0]
C:\Projects\Hazina\src\Core\AI\Hazina.AI.RAG\Graph\Retrieval\HybridRetrievalService.cs(90,80): warning SA1316: Tuple element names should use correct casing (https://github.com/DotNetAnalyzers/StyleCopAnalyzers/blob/master/documentation/SA1316.md) [C:\Projects\Hazina\src\Core\AI\Hazina.AI.RAG\Hazina.AI.RAG.csproj::TargetFramework=net10.0]
C:\Projects\Hazina\src\Core\AI\Hazina.AI.RAG\Graph\Retrieval\HybridRetrievalService.cs(90,99): warning SA1316: Tuple element names should use correct casing (https://github.com/DotNetAnalyzers/StyleCopAnalyzers/blob/master/documentation/SA1316.md) [C:\Projects\Hazina\src\Core\AI\Hazina.AI.RAG\Hazina.AI.RAG.csproj::TargetFramework=net10.0]
C:\Projects\Hazina\src\Core\AI\Hazina.AI.RAG\Graph\Retrieval\HybridRetrievalService.cs(92,60): warning SA1108: Block statements should not contain embedded comments (https://github.com/DotNetAnalyzers/StyleCopAnalyzers/blob/master/documentation/SA1108.md) [C:\Projects\Hazina\src\Core\AI\Hazina.AI.RAG\Hazina.AI.RAG.csproj::TargetFramework=net10.0]
C:\Projects\Hazina\src\Core\AI\Hazina.AI.RAG\Graph\Pipeline\LLMEntityExtractor.cs(76,13): warning CA1873: Evaluation of this argument may be expensive and unnecessary if logging is disabled (https://learn.microsoft.com/dotnet/fundamentals/code-analysis/quality-rules/ca1873) [C:\Projects\Hazina\src\Core\AI\Hazina.AI.RAG\Hazina.AI.RAG.csproj::TargetFramework=net10.0]
C:\Projects\Hazina\src\Core\AI\Hazina.AI.RAG\Embeddings\HierarchicalChunker.cs(39,20): warning MA0004: Use Task.ConfigureAwait(false) if the current SynchronizationContext is not needed (https://github.com/meziantou/Meziantou.Analyzer/blob/main/docs/Rules/MA0004.md) [C:\Projects\Hazina\src\Core\AI\Hazina.AI.RAG\Hazina.AI.RAG.csproj::TargetFramework=net10.0]
C:\Projects\Hazina\src\Core\AI\Hazina.AI.RAG\Graph\Pipeline\LLMEntityExtractor.cs(69,17): warning CA1848: For improved performance, use the LoggerMessage delegates instead of calling 'LoggerExtensions.LogWarning(ILogger, string?, params object?[])' (https://learn.microsoft.com/dotnet/fundamentals/code-analysis/quality-rules/ca1848) [C:\Projects\Hazina\src\Core\AI\Hazina.AI.RAG\Hazina.AI.RAG.csproj::TargetFramework=net10.0]
C:\Projects\Hazina\src\Core\AI\Hazina.AI.RAG\Graph\Pipeline\LLMEntityExtractor.cs(76,13): warning CA1848: For improved performance, use the LoggerMessage delegates instead of calling 'LoggerExtensions.LogInformation(ILogger, string?, params object?[])' (https://learn.microsoft.com/dotnet/fundamentals/code-analysis/quality-rules/ca1848) [C:\Projects\Hazina\src\Core\AI\Hazina.AI.RAG\Hazina.AI.RAG.csproj::TargetFramework=net10.0]
C:\Projects\Hazina\src\Core\AI\Hazina.AI.RAG\Graph\Pipeline\LLMEntityExtractor.cs(82,13): warning CA1848: For improved performance, use the LoggerMessage delegates instead of calling 'LoggerExtensions.LogError(ILogger, Exception?, string?, params object?[])' (https://learn.microsoft.com/dotnet/fundamentals/code-analysis/quality-rules/ca1848) [C:\Projects\Hazina\src\Core\AI\Hazina.AI.RAG\Hazina.AI.RAG.csproj::TargetFramework=net10.0]
C:\Projects\Hazina\src\Core\AI\Hazina.AI.RAG\Retrieval\Reranker.cs(73,54): warning SA1629: Documentation text should end with a period (https://github.com/DotNetAnalyzers/StyleCopAnalyzers/blob/master/documentation/SA1629.md) [C:\Projects\Hazina\src\Core\AI\Hazina.AI.RAG\Hazina.AI.RAG.csproj::TargetFramework=net10.0]
C:\Projects\Hazina\src\Core\AI\Hazina.AI.RAG\Retrieval\Reranker.cs(81,13): warning SA1503: Braces should not be omitted (https://github.com/DotNetAnalyzers/StyleCopAnalyzers/blob/master/documentation/SA1503.md) [C:\Projects\Hazina\src\Core\AI\Hazina.AI.RAG\Hazina.AI.RAG.csproj::TargetFramework=net10.0]
C:\Projects\Hazina\src\Core\AI\Hazina.AI.RAG\Retrieval\Reranker.cs(83,59): warning SA1316: Tuple element names should use correct casing (https://github.com/DotNetAnalyzers/StyleCopAnalyzers/blob/master/documentation/SA1316.md) [C:\Projects\Hazina\src\Core\AI\Hazina.AI.RAG\Hazina.AI.RAG.csproj::TargetFramework=net10.0]
C:\Projects\Hazina\src\Core\AI\Hazina.AI.RAG\Retrieval\Reranker.cs(83,71): warning SA1316: Tuple element names should use correct casing (https://github.com/DotNetAnalyzers/StyleCopAnalyzers/blob/master/documentation/SA1316.md) [C:\Projects\Hazina\src\Core\AI\Hazina.AI.RAG\Hazina.AI.RAG.csproj::TargetFramework=net10.0]
C:\Projects\Hazina\src\Core\AI\Hazina.AI.RAG\Embeddings\HierarchicalChunker.cs(58,41): warning MA0004: Use Task.ConfigureAwait(false) if the current SynchronizationContext is not needed (https://github.com/meziantou/Meziantou.Analyzer/blob/main/docs/Rules/MA0004.md) [C:\Projects\Hazina\src\Core\AI\Hazina.AI.RAG\Hazina.AI.RAG.csproj::TargetFramework=net10.0]
C:\Projects\Hazina\src\Core\AI\Hazina.AI.RAG\Graph\Pipeline\LLMEntityExtractor.cs(59,26): warning CA1307: 'string.Replace(string, string?)' has a method overload that takes a 'StringComparison' parameter. Replace this call in 'Hazina.AI.RAG.Graph.Pipeline.LLMEntityExtractor.ExtractEntitiesAsync(string, string?, System.Threading.CancellationToken)' with a call to 'string.Replace(string, string?, System.StringComparison)' for clarity of intent. (https://learn.microsoft.com/dotnet/fundamentals/code-analysis/quality-rules/ca1307) [C:\Projects\Hazina\src\Core\AI\Hazina.AI.RAG\Hazina.AI.RAG.csproj::TargetFramework=net10.0]
C:\Projects\Hazina\src\Core\AI\Hazina.AI.RAG\Graph\Retrieval\HybridRetrievalService.cs(87,58): warning SA1122: Use string.Empty for empty strings (https://github.com/DotNetAnalyzers/StyleCopAnalyzers/blob/master/documentation/SA1122.md) [C:\Projects\Hazina\src\Core\AI\Hazina.AI.RAG\Hazina.AI.RAG.csproj::TargetFramework=net10.0]
C:\Projects\Hazina\src\Core\AI\Hazina.AI.RAG\Graph\Retrieval\HybridRetrievalService.cs(106,84): warning SA1122: Use string.Empty for empty strings (https://github.com/DotNetAnalyzers/StyleCopAnalyzers/blob/master/documentation/SA1122.md) [C:\Projects\Hazina\src\Core\AI\Hazina.AI.RAG\Hazina.AI.RAG.csproj::TargetFramework=net10.0]
C:\Projects\Hazina\src\Core\AI\Hazina.AI.RAG\Embeddings\HierarchicalChunker.cs(89,20): warning MA0004: Use Task.ConfigureAwait(false) if the current SynchronizationContext is not needed (https://github.com/meziantou/Meziantou.Analyzer/blob/main/docs/Rules/MA0004.md) [C:\Projects\Hazina\src\Core\AI\Hazina.AI.RAG\Hazina.AI.RAG.csproj::TargetFramework=net10.0]
C:\Projects\Hazina\src\Core\AI\Hazina.AI.RAG\Core\RAGEngine.cs(178,13): warning SA1503: Braces should not be omitted (https://github.com/DotNetAnalyzers/StyleCopAnalyzers/blob/master/documentation/SA1503.md) [C:\Projects\Hazina\src\Core\AI\Hazina.AI.RAG\Hazina.AI.RAG.csproj::TargetFramework=net10.0]
C:\Projects\Hazina\src\Core\AI\Hazina.AI.RAG\Core\RAGEngine.cs(189,9): warning SA1111: Closing parenthesis should be on line of last parameter (https://github.com/DotNetAnalyzers/StyleCopAnalyzers/blob/master/documentation/SA1111.md) [C:\Projects\Hazina\src\Core\AI\Hazina.AI.RAG\Hazina.AI.RAG.csproj::TargetFramework=net10.0]
C:\Projects\Hazina\src\Core\AI\Hazina.AI.RAG\Embeddings\HierarchicalChunkerExtensions.cs(29,22): warning MA0004: Use Task.ConfigureAwait(false) if the current SynchronizationContext is not needed (https://github.com/meziantou/Meziantou.Analyzer/blob/main/docs/Rules/MA0004.md) [C:\Projects\Hazina\src\Core\AI\Hazina.AI.RAG\Hazina.AI.RAG.csproj::TargetFramework=net10.0]
C:\Projects\Hazina\src\Core\AI\Hazina.AI.RAG\Graph\Pipeline\LLMEntityExtractor.cs(61,28): warning MA0004: Use Task.ConfigureAwait(false) if the current SynchronizationContext is not needed (https://github.com/meziantou/Meziantou.Analyzer/blob/main/docs/Rules/MA0004.md) [C:\Projects\Hazina\src\Core\AI\Hazina.AI.RAG\Hazina.AI.RAG.csproj::TargetFramework=net10.0]
C:\Projects\Hazina\src\Core\AI\Hazina.AI.RAG\Core\RAGEngine.cs(195,62): warning SA1122: Use string.Empty for empty strings (https://github.com/DotNetAnalyzers/StyleCopAnalyzers/blob/master/documentation/SA1122.md) [C:\Projects\Hazina\src\Core\AI\Hazina.AI.RAG\Hazina.AI.RAG.csproj::TargetFramework=net10.0]
C:\Projects\Hazina\src\Core\AI\Hazina.AI.RAG\Retrieval\Reranker.cs(87,28): warning MA0004: Use Task.ConfigureAwait(false) if the current SynchronizationContext is not needed (https://github.com/meziantou/Meziantou.Analyzer/blob/main/docs/Rules/MA0004.md) [C:\Projects\Hazina\src\Core\AI\Hazina.AI.RAG\Hazina.AI.RAG.csproj::TargetFramework=net10.0]
C:\Projects\Hazina\src\Core\AI\Hazina.AI.RAG\Graph\Retrieval\HybridRetrievalService.cs(113,21): warning CA1848: For improved performance, use the LoggerMessage delegates instead of calling 'LoggerExtensions.LogWarning(ILogger, Exception?, string?, params object?[])' (https://learn.microsoft.com/dotnet/fundamentals/code-analysis/quality-rules/ca1848) [C:\Projects\Hazina\src\Core\AI\Hazina.AI.RAG\Hazina.AI.RAG.csproj::TargetFramework=net10.0]
C:\Projects\Hazina\src\Core\AI\Hazina.AI.RAG\Graph\Retrieval\HybridRetrievalService.cs(137,13): warning CA1848: For improved performance, use the LoggerMessage delegates instead of calling 'LoggerExtensions.LogError(ILogger, Exception?, string?, params object?[])' (https://learn.microsoft.com/dotnet/fundamentals/code-analysis/quality-rules/ca1848) [C:\Projects\Hazina\src\Core\AI\Hazina.AI.RAG\Hazina.AI.RAG.csproj::TargetFramework=net10.0]
C:\Projects\Hazina\src\Core\AI\Hazina.AI.RAG\Core\RAGEngine.cs(184,23): warning MA0004: Use Task.ConfigureAwait(false) if the current SynchronizationContext is not needed (https://github.com/meziantou/Meziantou.Analyzer/blob/main/docs/Rules/MA0004.md) [C:\Projects\Hazina\src\Core\AI\Hazina.AI.RAG\Hazina.AI.RAG.csproj::TargetFramework=net10.0]
C:\Projects\Hazina\src\Core\AI\Hazina.AI.RAG\Core\RAGEngine.cs(197,24): warning MA0002: Use an overload that has a IEqualityComparer<string> or IComparer<string> parameter (https://github.com/meziantou/Meziantou.Analyzer/blob/main/docs/Rules/MA0002.md) [C:\Projects\Hazina\src\Core\AI\Hazina.AI.RAG\Hazina.AI.RAG.csproj::TargetFramework=net10.0]
C:\Projects\Hazina\src\Core\AI\Hazina.AI.RAG\Graph\Retrieval\HybridRetrievalService.cs(87,32): warning MA0004: Use Task.ConfigureAwait(false) if the current SynchronizationContext is not needed (https://github.com/meziantou/Meziantou.Analyzer/blob/main/docs/Rules/MA0004.md) [C:\Projects\Hazina\src\Core\AI\Hazina.AI.RAG\Hazina.AI.RAG.csproj::TargetFramework=net10.0]
C:\Projects\Hazina\src\Core\AI\Hazina.AI.RAG\Graph\Pipeline\LLMEntityExtractor.cs(80,9): warning CA1031: Modify 'ExtractEntitiesAsync' to catch a more specific allowed exception type, or rethrow the exception (https://learn.microsoft.com/dotnet/fundamentals/code-analysis/quality-rules/ca1031) [C:\Projects\Hazina\src\Core\AI\Hazina.AI.RAG\Hazina.AI.RAG.csproj::TargetFramework=net10.0]
C:\Projects\Hazina\src\Core\AI\Hazina.AI.RAG\Graph\Retrieval\HybridRetrievalService.cs(96,41): warning MA0004: Use Task.ConfigureAwait(false) if the current SynchronizationContext is not needed (https://github.com/meziantou/Meziantou.Analyzer/blob/main/docs/Rules/MA0004.md) [C:\Projects\Hazina\src\Core\AI\Hazina.AI.RAG\Hazina.AI.RAG.csproj::TargetFramework=net10.0]
C:\Projects\Hazina\src\Core\AI\Hazina.AI.RAG\Graph\Retrieval\HybridRetrievalService.cs(102,46): warning MA0004: Use Task.ConfigureAwait(false) if the current SynchronizationContext is not needed (https://github.com/meziantou/Meziantou.Analyzer/blob/main/docs/Rules/MA0004.md) [C:\Projects\Hazina\src\Core\AI\Hazina.AI.RAG\Hazina.AI.RAG.csproj::TargetFramework=net10.0]
C:\Projects\Hazina\src\Core\AI\Hazina.AI.RAG\Graph\Retrieval\HybridRetrievalService.cs(106,41): warning MA0004: Use Task.ConfigureAwait(false) if the current SynchronizationContext is not needed (https://github.com/meziantou/Meziantou.Analyzer/blob/main/docs/Rules/MA0004.md) [C:\Projects\Hazina\src\Core\AI\Hazina.AI.RAG\Hazina.AI.RAG.csproj::TargetFramework=net10.0]
C:\Projects\Hazina\src\Core\AI\Hazina.AI.RAG\Embeddings\LLMMetadataExtractor.cs(38,54): warning SA1629: Documentation text should end with a period (https://github.com/DotNetAnalyzers/StyleCopAnalyzers/blob/master/documentation/SA1629.md) [C:\Projects\Hazina\src\Core\AI\Hazina.AI.RAG\Hazina.AI.RAG.csproj::TargetFramework=net10.0]
C:\Projects\Hazina\src\Core\AI\Hazina.AI.RAG\Embeddings\LLMMetadataExtractor.cs(59,13): warning SA1111: Closing parenthesis should be on line of last parameter (https://github.com/DotNetAnalyzers/StyleCopAnalyzers/blob/master/documentation/SA1111.md) [C:\Projects\Hazina\src\Core\AI\Hazina.AI.RAG\Hazina.AI.RAG.csproj::TargetFramework=net10.0]
C:\Projects\Hazina\src\Core\AI\Hazina.AI.RAG\Embeddings\LLMMetadataExtractor.cs(65,21): warning CA1848: For improved performance, use the LoggerMessage delegates instead of calling 'LoggerExtensions.LogError(ILogger, Exception?, string?, params object?[])' (https://learn.microsoft.com/dotnet/fundamentals/code-analysis/quality-rules/ca1848) [C:\Projects\Hazina\src\Core\AI\Hazina.AI.RAG\Hazina.AI.RAG.csproj::TargetFramework=net10.0]
C:\Projects\Hazina\src\Core\AI\Hazina.AI.RAG\Embeddings\LLMMetadataExtractor.cs(54,28): warning MA0004: Use Task.ConfigureAwait(false) if the current SynchronizationContext is not needed (https://github.com/meziantou/Meziantou.Analyzer/blob/main/docs/Rules/MA0004.md) [C:\Projects\Hazina\src\Core\AI\Hazina.AI.RAG\Hazina.AI.RAG.csproj::TargetFramework=net10.0]
C:\Projects\Hazina\src\Core\AI\Hazina.AI.RAG\Retrieval\LlmJudgeReranker.cs(30,13): warning SA1503: Braces should not be omitted (https://github.com/DotNetAnalyzers/StyleCopAnalyzers/blob/master/documentation/SA1503.md) [C:\Projects\Hazina\src\Core\AI\Hazina.AI.RAG\Hazina.AI.RAG.csproj::TargetFramework=net10.0]
C:\Projects\Hazina\src\Core\AI\Hazina.AI.RAG\Retrieval\LlmJudgeReranker.cs(32,62): warning SA1316: Tuple element names should use correct casing (https://github.com/DotNetAnalyzers/StyleCopAnalyzers/blob/master/documentation/SA1316.md) [C:\Projects\Hazina\src\Core\AI\Hazina.AI.RAG\Hazina.AI.RAG.csproj::TargetFramework=net10.0]
C:\Projects\Hazina\src\Core\AI\Hazina.AI.RAG\Retrieval\LlmJudgeReranker.cs(32,80): warning SA1316: Tuple element names should use correct casing (https://github.com/DotNetAnalyzers/StyleCopAnalyzers/blob/master/documentation/SA1316.md) [C:\Projects\Hazina\src\Core\AI\Hazina.AI.RAG\Hazina.AI.RAG.csproj::TargetFramework=net10.0]
C:\Projects\Hazina\src\Core\AI\Hazina.AI.RAG\Retrieval\LlmJudgeReranker.cs(36,34): warning MA0004: Use Task.ConfigureAwait(false) if the current SynchronizationContext is not needed (https://github.com/meziantou/Meziantou.Analyzer/blob/main/docs/Rules/MA0004.md) [C:\Projects\Hazina\src\Core\AI\Hazina.AI.RAG\Hazina.AI.RAG.csproj::TargetFramework=net10.0]
C:\Projects\Hazina\src\Core\AI\Hazina.AI.RAG\Graph\Retrieval\HybridRetrievalService.cs(165,24): warning S1244: Do not check floating point equality with exact values, use a range instead. (https://rules.sonarsource.com/csharp/RSPEC-1244) [C:\Projects\Hazina\src\Core\AI\Hazina.AI.RAG\Hazina.AI.RAG.csproj::TargetFramework=net10.0]
C:\Projects\Hazina\src\Core\AI\Hazina.AI.RAG\Graph\Retrieval\HybridRetrievalService.cs(165,43): warning S1244: Do not check floating point equality with exact values, use a range instead. (https://rules.sonarsource.com/csharp/RSPEC-1244) [C:\Projects\Hazina\src\Core\AI\Hazina.AI.RAG\Hazina.AI.RAG.csproj::TargetFramework=net10.0]
C:\Projects\Hazina\src\Core\AI\Hazina.AI.RAG\Embeddings\LLMMetadataExtractor.cs(63,9): warning CA1031: Modify 'ExtractMetadataAsync' to catch a more specific allowed exception type, or rethrow the exception (https://learn.microsoft.com/dotnet/fundamentals/code-analysis/quality-rules/ca1031) [C:\Projects\Hazina\src\Core\AI\Hazina.AI.RAG\Hazina.AI.RAG.csproj::TargetFramework=net10.0]
C:\Projects\Hazina\src\Core\AI\Hazina.AI.RAG\Embeddings\SemanticSimilarityChunker.cs(59,18): warning MA0016: Prefer using collection abstraction instead of implementation (https://github.com/meziantou/Meziantou.Analyzer/blob/main/docs/Rules/MA0016.md) [C:\Projects\Hazina\src\Core\AI\Hazina.AI.RAG\Hazina.AI.RAG.csproj::TargetFramework=net10.0]
C:\Projects\Hazina\src\Core\AI\Hazina.AI.RAG\Embeddings\SemanticSimilarityChunker.cs(59,40): warning MA0051: Method is too long (63 lines; maximum allowed: 60) (https://github.com/meziantou/Meziantou.Analyzer/blob/main/docs/Rules/MA0051.md) [C:\Projects\Hazina\src\Core\AI\Hazina.AI.RAG\Hazina.AI.RAG.csproj::TargetFramework=net10.0]
C:\Projects\Hazina\src\Core\AI\Hazina.AI.RAG\Embeddings\LLMMetadataExtractor.cs(46,49): warning CA1062: In externally visible method 'Task<ChunkMetadata?> LLMMetadataExtractor.ExtractMetadataAsync(string chunkText, CancellationToken ct = default(CancellationToken))', validate parameter 'chunkText' is non-null before using it. If appropriate, throw an 'ArgumentNullException' when the argument is 'null'. (https://learn.microsoft.com/dotnet/fundamentals/code-analysis/quality-rules/ca1062) [C:\Projects\Hazina\src\Core\AI\Hazina.AI.RAG\Hazina.AI.RAG.csproj::TargetFramework=net10.0]
C:\Projects\Hazina\src\Core\AI\Hazina.AI.RAG\Graph\Storage\InMemoryGraphStore.cs(18,32): warning CA1062: In externally visible method 'Task InMemoryGraphStore.AddEntitiesAsync(List<GraphEntity> entities, CancellationToken cancellationToken = default(CancellationToken))', validate parameter 'entities' is non-null before using it. If appropriate, throw an 'ArgumentNullException' when the argument is 'null'. (https://learn.microsoft.com/dotnet/fundamentals/code-analysis/quality-rules/ca1062) [C:\Projects\Hazina\src\Core\AI\Hazina.AI.RAG\Hazina.AI.RAG.csproj::TargetFramework=net10.0]
C:\Projects\Hazina\src\Core\AI\Hazina.AI.RAG\Embeddings\SemanticSimilarityChunker.cs(131,26): warning S2325: Make 'SplitIntoSentences' a static method. (https://rules.sonarsource.com/csharp/RSPEC-2325) [C:\Projects\Hazina\src\Core\AI\Hazina.AI.RAG\Hazina.AI.RAG.csproj::TargetFramework=net10.0]
C:\Projects\Hazina\src\Core\AI\Hazina.AI.RAG\Retrieval\Reranker.cs(99,43): warning SA1629: Documentation text should end with a period (https://github.com/DotNetAnalyzers/StyleCopAnalyzers/blob/master/documentation/SA1629.md) [C:\Projects\Hazina\src\Core\AI\Hazina.AI.RAG\Hazina.AI.RAG.csproj::TargetFramework=net10.0]
C:\Projects\Hazina\src\Core\AI\Hazina.AI.RAG\Retrieval\Reranker.cs(107,13): warning SA1503: Braces should not be omitted (https://github.com/DotNetAnalyzers/StyleCopAnalyzers/blob/master/documentation/SA1503.md) [C:\Projects\Hazina\src\Core\AI\Hazina.AI.RAG\Hazina.AI.RAG.csproj::TargetFramework=net10.0]
C:\Projects\Hazina\src\Core\AI\Hazina.AI.RAG\Retrieval\Reranker.cs(140,13): warning SA1111: Closing parenthesis should be on line of last parameter (https://github.com/DotNetAnalyzers/StyleCopAnalyzers/blob/master/documentation/SA1111.md) [C:\Projects\Hazina\src\Core\AI\Hazina.AI.RAG\Hazina.AI.RAG.csproj::TargetFramework=net10.0]
C:\Projects\Hazina\src\Core\AI\Hazina.AI.RAG\Embeddings\SemanticSimilarityChunker.cs(129,59): warning SA1629: Documentation text should end with a period (https://github.com/DotNetAnalyzers/StyleCopAnalyzers/blob/master/documentation/SA1629.md) [C:\Projects\Hazina\src\Core\AI\Hazina.AI.RAG\Hazina.AI.RAG.csproj::TargetFramework=net10.0]
C:\Projects\Hazina\src\Core\AI\Hazina.AI.RAG\Embeddings\SemanticSimilarityChunker.cs(138,9): warning SA1111: Closing parenthesis should be on line of last parameter (https://github.com/DotNetAnalyzers/StyleCopAnalyzers/blob/master/documentation/SA1111.md) [C:\Projects\Hazina\src\Core\AI\Hazina.AI.RAG\Hazina.AI.RAG.csproj::TargetFramework=net10.0]
C:\Projects\Hazina\src\Core\AI\Hazina.AI.RAG\Graph\Retrieval\HybridRetrievalService.cs(148,19): warning MA0015: Use an overload of 'System.ArgumentException' with the parameter name (https://github.com/meziantou/Meziantou.Analyzer/blob/main/docs/Rules/MA0015.md) [C:\Projects\Hazina\src\Core\AI\Hazina.AI.RAG\Hazina.AI.RAG.csproj::TargetFramework=net10.0]
C:\Projects\Hazina\src\Core\AI\Hazina.AI.RAG\Embeddings\HierarchicalChunker.cs(98,13): warning S1854: Remove this useless assignment to local variable 'sections'. (https://rules.sonarsource.com/csharp/RSPEC-1854) [C:\Projects\Hazina\src\Core\AI\Hazina.AI.RAG\Hazina.AI.RAG.csproj::TargetFramework=net10.0]
C:\Projects\Hazina\src\Core\AI\Hazina.AI.RAG\Graph\Pipeline\IEntityExtractor.cs(17,5): warning MA0016: Prefer using collection abstraction instead of implementation (https://github.com/meziantou/Meziantou.Analyzer/blob/main/docs/Rules/MA0016.md) [C:\Projects\Hazina\src\Core\AI\Hazina.AI.RAG\Hazina.AI.RAG.csproj::TargetFramework=net10.0]
C:\Projects\Hazina\src\Core\AI\Hazina.AI.RAG\Embeddings\HierarchicalChunker.cs(75,17): warning CA1031: Modify 'ChunkAsync' to catch a more specific allowed exception type, or rethrow the exception (https://learn.microsoft.com/dotnet/fundamentals/code-analysis/quality-rules/ca1031) [C:\Projects\Hazina\src\Core\AI\Hazina.AI.RAG\Hazina.AI.RAG.csproj::TargetFramework=net10.0]
C:\Projects\Hazina\src\Core\AI\Hazina.AI.RAG\Embeddings\HierarchicalChunker.cs(86,9): warning CA1031: Modify 'ChunkAsync' to catch a more specific allowed exception type, or rethrow the exception (https://learn.microsoft.com/dotnet/fundamentals/code-analysis/quality-rules/ca1031) [C:\Projects\Hazina\src\Core\AI\Hazina.AI.RAG\Hazina.AI.RAG.csproj::TargetFramework=net10.0]
C:\Projects\Hazina\src\Core\AI\Hazina.AI.RAG\Retrieval\LlmJudgeReranker.cs(29,13): warning CA1062: In externally visible method 'Task<List<IRetrievalCandidate>> LlmJudgeReranker.RerankAsync(string query, List<IRetrievalCandidate> candidates, int topN = 5, CancellationToken cancellationToken = default(CancellationToken))', validate parameter 'candidates' is non-null before using it. If appropriate, throw an 'ArgumentNullException' when the argument is 'null'. (https://learn.microsoft.com/dotnet/fundamentals/code-analysis/quality-rules/ca1062) [C:\Projects\Hazina\src\Core\AI\Hazina.AI.RAG\Hazina.AI.RAG.csproj::TargetFramework=net10.0]
C:\Projects\Hazina\src\Core\AI\Hazina.AI.RAG\Embeddings\HierarchicalChunkerExtensions.cs(32,14): warning CA1062: In externally visible method 'Task<(List<TextChunk> Chunks, List<ChunkSet> ChunkSets)> HierarchicalChunkerExtensions.ChunkWithSetsAsync(HierarchicalChunker chunker, string text, string documentId, SemanticChunkingOptions options, CancellationToken ct = default(CancellationToken))', validate parameter 'options' is non-null before using it. If appropriate, throw an 'ArgumentNullException' when the argument is 'null'. (https://learn.microsoft.com/dotnet/fundamentals/code-analysis/quality-rules/ca1062) [C:\Projects\Hazina\src\Core\AI\Hazina.AI.RAG\Hazina.AI.RAG.csproj::TargetFramework=net10.0]
C:\Projects\Hazina\src\Core\AI\Hazina.AI.RAG\Embeddings\HierarchicalChunkerExtensions.cs(29,28): warning CA1062: In externally visible method 'Task<(List<TextChunk> Chunks, List<ChunkSet> ChunkSets)> HierarchicalChunkerExtensions.ChunkWithSetsAsync(HierarchicalChunker chunker, string text, string documentId, SemanticChunkingOptions options, CancellationToken ct = default(CancellationToken))', validate parameter 'chunker' is non-null before using it. If appropriate, throw an 'ArgumentNullException' when the argument is 'null'. (https://learn.microsoft.com/dotnet/fundamentals/code-analysis/quality-rules/ca1062) [C:\Projects\Hazina\src\Core\AI\Hazina.AI.RAG\Hazina.AI.RAG.csproj::TargetFramework=net10.0]
C:\Projects\Hazina\src\Core\AI\Hazina.AI.RAG\Graph\Pipeline\IRelationshipExtractor.cs(20,27): warning CA1002: Change 'List<GraphEntity>' in 'IRelationshipExtractor.ExtractRelationshipsAsync(string, List<GraphEntity>, [string], [CancellationToken])' to use 'Collection<T>', 'ReadOnlyCollection<T>' or 'KeyedCollection<K,V>' (https://learn.microsoft.com/dotnet/fundamentals/code-analysis/quality-rules/ca1002) [C:\Projects\Hazina\src\Core\AI\Hazina.AI.RAG\Hazina.AI.RAG.csproj::TargetFramework=net10.0]
C:\Projects\Hazina\src\Core\AI\Hazina.AI.RAG\Graph\Pipeline\IRelationshipExtractor.cs(18,5): warning MA0016: Prefer using collection abstraction instead of implementation (https://github.com/meziantou/Meziantou.Analyzer/blob/main/docs/Rules/MA0016.md) [C:\Projects\Hazina\src\Core\AI\Hazina.AI.RAG\Hazina.AI.RAG.csproj::TargetFramework=net10.0]
C:\Projects\Hazina\src\Core\AI\Hazina.AI.RAG\Graph\Pipeline\IRelationshipExtractor.cs(20,9): warning MA0016: Prefer using collection abstraction instead of implementation (https://github.com/meziantou/Meziantou.Analyzer/blob/main/docs/Rules/MA0016.md) [C:\Projects\Hazina\src\Core\AI\Hazina.AI.RAG\Hazina.AI.RAG.csproj::TargetFramework=net10.0]
C:\Projects\Hazina\src\Core\AI\Hazina.AI.RAG\Retrieval\Reranker.cs(134,28): warning MA0004: Use Task.ConfigureAwait(false) if the current SynchronizationContext is not needed (https://github.com/meziantou/Meziantou.Analyzer/blob/main/docs/Rules/MA0004.md) [C:\Projects\Hazina\src\Core\AI\Hazina.AI.RAG\Hazina.AI.RAG.csproj::TargetFramework=net10.0]
C:\Projects\Hazina\src\Core\AI\Hazina.AI.RAG\Embeddings\SemanticSimilarityChunker.cs(57,54): warning SA1629: Documentation text should end with a period (https://github.com/DotNetAnalyzers/StyleCopAnalyzers/blob/master/documentation/SA1629.md) [C:\Projects\Hazina\src\Core\AI\Hazina.AI.RAG\Hazina.AI.RAG.csproj::TargetFramework=net10.0]
C:\Projects\Hazina\src\Core\AI\Hazina.AI.RAG\Retrieval\Reranker.cs(142,17): warning MA0011: Use an overload of 'TryParse' that has a 'System.IFormatProvider' parameter (https://github.com/meziantou/Meziantou.Analyzer/blob/main/docs/Rules/MA0011.md) [C:\Projects\Hazina\src\Core\AI\Hazina.AI.RAG\Hazina.AI.RAG.csproj::TargetFramework=net10.0]
C:\Projects\Hazina\src\Core\AI\Hazina.AI.RAG\Embeddings\SemanticSimilarityChunker.cs(65,13): warning SA1503: Braces should not be omitted (https://github.com/DotNetAnalyzers/StyleCopAnalyzers/blob/master/documentation/SA1503.md) [C:\Projects\Hazina\src\Core\AI\Hazina.AI.RAG\Hazina.AI.RAG.csproj::TargetFramework=net10.0]
C:\Projects\Hazina\src\Core\AI\Hazina.AI.RAG\Embeddings\SemanticSimilarityChunker.cs(86,17): warning SA1503: Braces should not be omitted (https://github.com/DotNetAnalyzers/StyleCopAnalyzers/blob/master/documentation/SA1503.md) [C:\Projects\Hazina\src\Core\AI\Hazina.AI.RAG\Hazina.AI.RAG.csproj::TargetFramework=net10.0]
C:\Projects\Hazina\src\Core\AI\Hazina.AI.RAG\Graph\Pipeline\IEntityExtractor.cs(13,47): warning SA1629: Documentation text should end with a period (https://github.com/DotNetAnalyzers/StyleCopAnalyzers/blob/master/documentation/SA1629.md) [C:\Projects\Hazina\src\Core\AI\Hazina.AI.RAG\Hazina.AI.RAG.csproj::TargetFramework=net10.0]
C:\Projects\Hazina\src\Core\AI\Hazina.AI.RAG\Graph\Pipeline\IEntityNormalizer.cs(14,53): warning SA1629: Documentation text should end with a period (https://github.com/DotNetAnalyzers/StyleCopAnalyzers/blob/master/documentation/SA1629.md) [C:\Projects\Hazina\src\Core\AI\Hazina.AI.RAG\Hazina.AI.RAG.csproj::TargetFramework=net10.0]
C:\Projects\Hazina\src\Core\AI\Hazina.AI.RAG\Graph\Pipeline\IEntityExtractor.cs(14,78): warning SA1629: Documentation text should end with a period (https://github.com/DotNetAnalyzers/StyleCopAnalyzers/blob/master/documentation/SA1629.md) [C:\Projects\Hazina\src\Core\AI\Hazina.AI.RAG\Hazina.AI.RAG.csproj::TargetFramework=net10.0]
C:\Projects\Hazina\src\Core\AI\Hazina.AI.RAG\Graph\Pipeline\IEntityNormalizer.cs(15,80): warning SA1629: Documentation text should end with a period (https://github.com/DotNetAnalyzers/StyleCopAnalyzers/blob/master/documentation/SA1629.md) [C:\Projects\Hazina\src\Core\AI\Hazina.AI.RAG\Hazina.AI.RAG.csproj::TargetFramework=net10.0]
C:\Projects\Hazina\src\Core\AI\Hazina.AI.RAG\Graph\Pipeline\IEntityExtractor.cs(15,59): warning SA1629: Documentation text should end with a period (https://github.com/DotNetAnalyzers/StyleCopAnalyzers/blob/master/documentation/SA1629.md) [C:\Projects\Hazina\src\Core\AI\Hazina.AI.RAG\Hazina.AI.RAG.csproj::TargetFramework=net10.0]
C:\Projects\Hazina\src\Core\AI\Hazina.AI.RAG\Graph\Pipeline\IEntityNormalizer.cs(16,59): warning SA1629: Documentation text should end with a period (https://github.com/DotNetAnalyzers/StyleCopAnalyzers/blob/master/documentation/SA1629.md) [C:\Projects\Hazina\src\Core\AI\Hazina.AI.RAG\Hazina.AI.RAG.csproj::TargetFramework=net10.0]
C:\Projects\Hazina\src\Core\AI\Hazina.AI.RAG\Graph\Pipeline\IEntityExtractor.cs(16,67): warning SA1629: Documentation text should end with a period (https://github.com/DotNetAnalyzers/StyleCopAnalyzers/blob/master/documentation/SA1629.md) [C:\Projects\Hazina\src\Core\AI\Hazina.AI.RAG\Hazina.AI.RAG.csproj::TargetFramework=net10.0]
C:\Projects\Hazina\src\Core\AI\Hazina.AI.RAG\Graph\Pipeline\IEntityNormalizer.cs(17,72): warning SA1629: Documentation text should end with a period (https://github.com/DotNetAnalyzers/StyleCopAnalyzers/blob/master/documentation/SA1629.md) [C:\Projects\Hazina\src\Core\AI\Hazina.AI.RAG\Hazina.AI.RAG.csproj::TargetFramework=net10.0]
C:\Projects\Hazina\src\Core\AI\Hazina.AI.RAG\Graph\Retrieval\HybridRetrievalService.cs(111,17): warning CA1031: Modify 'PerformVectorSearchAsync' to catch a more specific allowed exception type, or rethrow the exception (https://learn.microsoft.com/dotnet/fundamentals/code-analysis/quality-rules/ca1031) [C:\Projects\Hazina\src\Core\AI\Hazina.AI.RAG\Hazina.AI.RAG.csproj::TargetFramework=net10.0]
C:\Projects\Hazina\src\Core\AI\Hazina.AI.RAG\Embeddings\SemanticSimilarityChunker.cs(75,21): warning CA1873: Evaluation of this argument may be expensive and unnecessary if logging is disabled (https://learn.microsoft.com/dotnet/fundamentals/code-analysis/quality-rules/ca1873) [C:\Projects\Hazina\src\Core\AI\Hazina.AI.RAG\Hazina.AI.RAG.csproj::TargetFramework=net10.0]
C:\Projects\Hazina\src\Core\AI\Hazina.AI.RAG\Embeddings\SemanticSimilarityChunker.cs(79,21): warning CA1873: Evaluation of this argument may be expensive and unnecessary if logging is disabled (https://learn.microsoft.com/dotnet/fundamentals/code-analysis/quality-rules/ca1873) [C:\Projects\Hazina\src\Core\AI\Hazina.AI.RAG\Hazina.AI.RAG.csproj::TargetFramework=net10.0]
C:\Projects\Hazina\src\Core\Agents\Hazina.AgentFactory\Configuration\Parsers\HazinaStoreConfigParser.cs(40,31): error CS8600: Converting null literal or possible null value to non-nullable type. [C:\Projects\Hazina\src\Core\Agents\Hazina.AgentFactory\Hazina.AgentFactory.csproj::TargetFramework=net9.0]
C:\Projects\Hazina\src\Core\AI\Hazina.AI.RAG\Embeddings\SemanticSimilarityChunker.cs(83,21): warning CA1873: Evaluation of this argument may be expensive and unnecessary if logging is disabled (https://learn.microsoft.com/dotnet/fundamentals/code-analysis/quality-rules/ca1873) [C:\Projects\Hazina\src\Core\AI\Hazina.AI.RAG\Hazina.AI.RAG.csproj::TargetFramework=net10.0]
C:\Projects\Hazina\src\Core\AI\Hazina.AI.RAG\Embeddings\SemanticSimilarityChunker.cs(99,21): warning CA1873: Evaluation of this argument may be expensive and unnecessary if logging is disabled (https://learn.microsoft.com/dotnet/fundamentals/code-analysis/quality-rules/ca1873) [C:\Projects\Hazina\src\Core\AI\Hazina.AI.RAG\Hazina.AI.RAG.csproj::TargetFramework=net10.0]
C:\Projects\Hazina\src\Core\AI\Hazina.AI.RAG\Embeddings\SemanticSimilarityChunker.cs(103,21): warning CA1873: Evaluation of this argument may be expensive and unnecessary if logging is disabled (https://learn.microsoft.com/dotnet/fundamentals/code-analysis/quality-rules/ca1873) [C:\Projects\Hazina\src\Core\AI\Hazina.AI.RAG\Hazina.AI.RAG.csproj::TargetFramework=net10.0]
C:\Projects\Hazina\src\Core\Agents\Hazina.AgentFactory\Configuration\Parsers\HazinaAgentConfigParser.cs(220,54): error CS8603: Possible null reference return. [C:\Projects\Hazina\src\Core\Agents\Hazina.AgentFactory\Hazina.AgentFactory.csproj::TargetFramework=net9.0]
C:\Projects\Hazina\src\Core\AI\Hazina.AI.RAG\Embeddings\SemanticSimilarityChunker.cs(107,21): warning CA1873: Evaluation of this argument may be expensive and unnecessary if logging is disabled (https://learn.microsoft.com/dotnet/fundamentals/code-analysis/quality-rules/ca1873) [C:\Projects\Hazina\src\Core\AI\Hazina.AI.RAG\Hazina.AI.RAG.csproj::TargetFramework=net10.0]
C:\Projects\Hazina\src\Core\AI\Hazina.AI.RAG\Embeddings\SemanticSimilarityChunker.cs(111,21): warning CA1873: Evaluation of this argument may be expensive and unnecessary if logging is disabled (https://learn.microsoft.com/dotnet/fundamentals/code-analysis/quality-rules/ca1873) [C:\Projects\Hazina\src\Core\AI\Hazina.AI.RAG\Hazina.AI.RAG.csproj::TargetFramework=net10.0]
C:\Projects\Hazina\src\Core\AI\Hazina.AI.RAG\Embeddings\SemanticSimilarityChunker.cs(69,21): warning CA1848: For improved performance, use the LoggerMessage delegates instead of calling 'LoggerExtensions.LogWarning(ILogger, string?, params object?[])' (https://learn.microsoft.com/dotnet/fundamentals/code-analysis/quality-rules/ca1848) [C:\Projects\Hazina\src\Core\AI\Hazina.AI.RAG\Hazina.AI.RAG.csproj::TargetFramework=net10.0]
C:\Projects\Hazina\src\Core\AI\Hazina.AI.RAG\Embeddings\SemanticSimilarityChunker.cs(75,21): warning CA1848: For improved performance, use the LoggerMessage delegates instead of calling 'LoggerExtensions.LogInformation(ILogger, string?, params object?[])' (https://learn.microsoft.com/dotnet/fundamentals/code-analysis/quality-rules/ca1848) [C:\Projects\Hazina\src\Core\AI\Hazina.AI.RAG\Hazina.AI.RAG.csproj::TargetFramework=net10.0]
C:\Projects\Hazina\src\Core\AI\Hazina.AI.RAG\Embeddings\SemanticSimilarityChunker.cs(79,21): warning CA1848: For improved performance, use the LoggerMessage delegates instead of calling 'LoggerExtensions.LogDebug(ILogger, string?, params object?[])' (https://learn.microsoft.com/dotnet/fundamentals/code-analysis/quality-rules/ca1848) [C:\Projects\Hazina\src\Core\AI\Hazina.AI.RAG\Hazina.AI.RAG.csproj::TargetFramework=net10.0]
C:\Projects\Hazina\src\Core\AI\Hazina.AI.RAG\Embeddings\SemanticSimilarityChunker.cs(83,21): warning CA1848: For improved performance, use the LoggerMessage delegates instead of calling 'LoggerExtensions.LogDebug(ILogger, string?, params object?[])' (https://learn.microsoft.com/dotnet/fundamentals/code-analysis/quality-rules/ca1848) [C:\Projects\Hazina\src\Core\AI\Hazina.AI.RAG\Hazina.AI.RAG.csproj::TargetFramework=net10.0]
C:\Projects\Hazina\src\Core\AI\Hazina.AI.RAG\Embeddings\SemanticSimilarityChunker.cs(99,21): warning CA1848: For improved performance, use the LoggerMessage delegates instead of calling 'LoggerExtensions.LogDebug(ILogger, string?, params object?[])' (https://learn.microsoft.com/dotnet/fundamentals/code-analysis/quality-rules/ca1848) [C:\Projects\Hazina\src\Core\AI\Hazina.AI.RAG\Hazina.AI.RAG.csproj::TargetFramework=net10.0]
C:\Projects\Hazina\src\Core\AI\Hazina.AI.RAG\Embeddings\SemanticSimilarityChunker.cs(103,21): warning CA1848: For improved performance, use the LoggerMessage delegates instead of calling 'LoggerExtensions.LogDebug(ILogger, string?, params object?[])' (https://learn.microsoft.com/dotnet/fundamentals/code-analysis/quality-rules/ca1848) [C:\Projects\Hazina\src\Core\AI\Hazina.AI.RAG\Hazina.AI.RAG.csproj::TargetFramework=net10.0]
C:\Projects\Hazina\src\Core\AI\Hazina.AI.RAG\Embeddings\SemanticSimilarityChunker.cs(107,21): warning CA1848: For improved performance, use the LoggerMessage delegates instead of calling 'LoggerExtensions.LogInformation(ILogger, string?, params object?[])' (https://learn.microsoft.com/dotnet/fundamentals/code-analysis/quality-rules/ca1848) [C:\Projects\Hazina\src\Core\AI\Hazina.AI.RAG\Hazina.AI.RAG.csproj::TargetFramework=net10.0]
C:\Projects\Hazina\src\Core\AI\Hazina.AI.RAG\Embeddings\SemanticSimilarityChunker.cs(111,21): warning CA1848: For improved performance, use the LoggerMessage delegates instead of calling 'LoggerExtensions.LogInformation(ILogger, string?, params object?[])' (https://learn.microsoft.com/dotnet/fundamentals/code-analysis/quality-rules/ca1848) [C:\Projects\Hazina\src\Core\AI\Hazina.AI.RAG\Hazina.AI.RAG.csproj::TargetFramework=net10.0]
C:\Projects\Hazina\src\Core\AI\Hazina.AI.RAG\Embeddings\SemanticSimilarityChunker.cs(123,21): warning CA1848: For improved performance, use the LoggerMessage delegates instead of calling 'LoggerExtensions.LogError(ILogger, Exception?, string?, params object?[])' (https://learn.microsoft.com/dotnet/fundamentals/code-analysis/quality-rules/ca1848) [C:\Projects\Hazina\src\Core\AI\Hazina.AI.RAG\Hazina.AI.RAG.csproj::TargetFramework=net10.0]
C:\Projects\Hazina\src\Core\AI\Hazina.AI.RAG\Graph\Pipeline\ILLMTextService.cs(11,45): warning SA1629: Documentation text should end with a period (https://github.com/DotNetAnalyzers/StyleCopAnalyzers/blob/master/documentation/SA1629.md) [C:\Projects\Hazina\src\Core\AI\Hazina.AI.RAG\Hazina.AI.RAG.csproj::TargetFramework=net10.0]
C:\Projects\Hazina\src\Core\AI\Hazina.AI.RAG\Graph\Pipeline\ILLMTextService.cs(12,60): warning SA1629: Documentation text should end with a period (https://github.com/DotNetAnalyzers/StyleCopAnalyzers/blob/master/documentation/SA1629.md) [C:\Projects\Hazina\src\Core\AI\Hazina.AI.RAG\Hazina.AI.RAG.csproj::TargetFramework=net10.0]
C:\Projects\Hazina\src\Core\AI\Hazina.AI.RAG\Graph\Pipeline\ILLMTextService.cs(13,69): warning SA1629: Documentation text should end with a period (https://github.com/DotNetAnalyzers/StyleCopAnalyzers/blob/master/documentation/SA1629.md) [C:\Projects\Hazina\src\Core\AI\Hazina.AI.RAG\Hazina.AI.RAG.csproj::TargetFramework=net10.0]
C:\Projects\Hazina\src\Core\AI\Hazina.AI.RAG\Graph\Pipeline\ILLMTextService.cs(14,59): warning SA1629: Documentation text should end with a period (https://github.com/DotNetAnalyzers/StyleCopAnalyzers/blob/master/documentation/SA1629.md) [C:\Projects\Hazina\src\Core\AI\Hazina.AI.RAG\Hazina.AI.RAG.csproj::TargetFramework=net10.0]
C:\Projects\Hazina\src\Core\AI\Hazina.AI.RAG\Graph\Pipeline\ILLMTextService.cs(15,40): warning SA1629: Documentation text should end with a period (https://github.com/DotNetAnalyzers/StyleCopAnalyzers/blob/master/documentation/SA1629.md) [C:\Projects\Hazina\src\Core\AI\Hazina.AI.RAG\Hazina.AI.RAG.csproj::TargetFramework=net10.0]
C:\Projects\Hazina\src\Core\AI\Hazina.AI.RAG\Graph\Pipeline\IRelationshipExtractor.cs(13,47): warning SA1629: Documentation text should end with a period (https://github.com/DotNetAnalyzers/StyleCopAnalyzers/blob/master/documentation/SA1629.md) [C:\Projects\Hazina\src\Core\AI\Hazina.AI.RAG\Hazina.AI.RAG.csproj::TargetFramework=net10.0]
C:\Projects\Hazina\src\Core\AI\Hazina.AI.RAG\Graph\Pipeline\IRelationshipExtractor.cs(14,72): warning SA1629: Documentation text should end with a period (https://github.com/DotNetAnalyzers/StyleCopAnalyzers/blob/master/documentation/SA1629.md) [C:\Projects\Hazina\src\Core\AI\Hazina.AI.RAG\Hazina.AI.RAG.csproj::TargetFramework=net10.0]
C:\Projects\Hazina\src\Core\AI\Hazina.AI.RAG\Graph\Pipeline\IRelationshipExtractor.cs(15,69): warning SA1629: Documentation text should end with a period (https://github.com/DotNetAnalyzers/StyleCopAnalyzers/blob/master/documentation/SA1629.md) [C:\Projects\Hazina\src\Core\AI\Hazina.AI.RAG\Hazina.AI.RAG.csproj::TargetFramework=net10.0]
C:\Projects\Hazina\src\Core\AI\Hazina.AI.RAG\Graph\Pipeline\IRelationshipExtractor.cs(16,59): warning SA1629: Documentation text should end with a period (https://github.com/DotNetAnalyzers/StyleCopAnalyzers/blob/master/documentation/SA1629.md) [C:\Projects\Hazina\src\Core\AI\Hazina.AI.RAG\Hazina.AI.RAG.csproj::TargetFramework=net10.0]
C:\Projects\Hazina\src\Core\AI\Hazina.AI.RAG\Graph\Pipeline\IRelationshipExtractor.cs(17,62): warning SA1629: Documentation text should end with a period (https://github.com/DotNetAnalyzers/StyleCopAnalyzers/blob/master/documentation/SA1629.md) [C:\Projects\Hazina\src\Core\AI\Hazina.AI.RAG\Hazina.AI.RAG.csproj::TargetFramework=net10.0]
C:\Projects\Hazina\src\Core\AI\Hazina.AI.RAG\Embeddings\HierarchicalChunker.cs(94,61): warning SA1629: Documentation text should end with a period (https://github.com/DotNetAnalyzers/StyleCopAnalyzers/blob/master/documentation/SA1629.md) [C:\Projects\Hazina\src\Core\AI\Hazina.AI.RAG\Hazina.AI.RAG.csproj::TargetFramework=net10.0]
C:\Projects\Hazina\src\Core\AI\Hazina.AI.RAG\Embeddings\LLMMetadataExtractor.cs(75,25): warning CA1002: Change 'List<TextChunk>' in 'LLMMetadataExtractor.ExtractBatchMetadataAsync(List<TextChunk>, [CancellationToken])' to use 'Collection<T>', 'ReadOnlyCollection<T>' or 'KeyedCollection<K,V>' (https://learn.microsoft.com/dotnet/fundamentals/code-analysis/quality-rules/ca1002) [C:\Projects\Hazina\src\Core\AI\Hazina.AI.RAG\Hazina.AI.RAG.csproj::TargetFramework=net10.0]
C:\Projects\Hazina\src\Core\AI\Hazina.AI.RAG\Retrieval\Reranker.cs(158,36): warning CA1002: Change 'List<RetrievedDocument>' in 'Reranker.FilterByRelevance(List<RetrievedDocument>, double)' to use 'Collection<T>', 'ReadOnlyCollection<T>' or 'KeyedCollection<K,V>' (https://learn.microsoft.com/dotnet/fundamentals/code-analysis/quality-rules/ca1002) [C:\Projects\Hazina\src\Core\AI\Hazina.AI.RAG\Hazina.AI.RAG.csproj::TargetFramework=net10.0]
C:\Projects\Hazina\src\Core\AI\Hazina.AI.RAG\Retrieval\Reranker.cs(159,33): warning CA1002: Change 'List<RetrievedDocument>' in 'Reranker.FilterByRelevance(List<RetrievedDocument>, double)' to use 'Collection<T>', 'ReadOnlyCollection<T>' or 'KeyedCollection<K,V>' (https://learn.microsoft.com/dotnet/fundamentals/code-analysis/quality-rules/ca1002) [C:\Projects\Hazina\src\Core\AI\Hazina.AI.RAG\Hazina.AI.RAG.csproj::TargetFramework=net10.0]
C:\Projects\Hazina\src\Core\AI\Hazina.AI.RAG\Embeddings\LLMMetadataExtractor.cs(74,18): warning MA0016: Prefer using collection abstraction instead of implementation (https://github.com/meziantou/Meziantou.Analyzer/blob/main/docs/Rules/MA0016.md) [C:\Projects\Hazina\src\Core\AI\Hazina.AI.RAG\Hazina.AI.RAG.csproj::TargetFramework=net10.0]
C:\Projects\Hazina\src\Core\AI\Hazina.AI.RAG\Embeddings\LLMMetadataExtractor.cs(75,9): warning MA0016: Prefer using collection abstraction instead of implementation (https://github.com/meziantou/Meziantou.Analyzer/blob/main/docs/Rules/MA0016.md) [C:\Projects\Hazina\src\Core\AI\Hazina.AI.RAG\Hazina.AI.RAG.csproj::TargetFramework=net10.0]
C:\Projects\Hazina\src\Core\AI\Hazina.AI.RAG\Embeddings\SemanticSimilarityChunker.cs(98,30): warning MA0004: Use Task.ConfigureAwait(false) if the current SynchronizationContext is not needed (https://github.com/meziantou/Meziantou.Analyzer/blob/main/docs/Rules/MA0004.md) [C:\Projects\Hazina\src\Core\AI\Hazina.AI.RAG\Hazina.AI.RAG.csproj::TargetFramework=net10.0]
C:\Projects\Hazina\src\Core\AI\Hazina.AI.RAG\Embeddings\SemanticSimilarityChunker.cs(116,17): warning MA0004: Use Task.ConfigureAwait(false) if the current SynchronizationContext is not needed (https://github.com/meziantou/Meziantou.Analyzer/blob/main/docs/Rules/MA0004.md) [C:\Projects\Hazina\src\Core\AI\Hazina.AI.RAG\Hazina.AI.RAG.csproj::TargetFramework=net10.0]
C:\Projects\Hazina\src\Core\AI\Hazina.AI.RAG\Retrieval\Reranker.cs(158,12): warning MA0016: Prefer using collection abstraction instead of implementation (https://github.com/meziantou/Meziantou.Analyzer/blob/main/docs/Rules/MA0016.md) [C:\Projects\Hazina\src\Core\AI\Hazina.AI.RAG\Hazina.AI.RAG.csproj::TargetFramework=net10.0]
C:\Projects\Hazina\src\Core\AI\Hazina.AI.RAG\Retrieval\Reranker.cs(159,9): warning MA0016: Prefer using collection abstraction instead of implementation (https://github.com/meziantou/Meziantou.Analyzer/blob/main/docs/Rules/MA0016.md) [C:\Projects\Hazina\src\Core\AI\Hazina.AI.RAG\Hazina.AI.RAG.csproj::TargetFramework=net10.0]
C:\Projects\Hazina\src\Core\AI\Hazina.AI.RAG\Retrieval\Reranker.cs(147,9): warning CA1031: Modify 'ScoreRelevanceAsync' to catch a more specific allowed exception type, or rethrow the exception (https://learn.microsoft.com/dotnet/fundamentals/code-analysis/quality-rules/ca1031) [C:\Projects\Hazina\src\Core\AI\Hazina.AI.RAG\Hazina.AI.RAG.csproj::TargetFramework=net10.0]
C:\Projects\Hazina\src\Core\AI\Hazina.AI.RAG\Retrieval\Reranker.cs(158,36): warning S2325: Make 'FilterByRelevance' a static method. (https://rules.sonarsource.com/csharp/RSPEC-2325) [C:\Projects\Hazina\src\Core\AI\Hazina.AI.RAG\Hazina.AI.RAG.csproj::TargetFramework=net10.0]
C:\Projects\Hazina\src\Core\AI\Hazina.AI.RAG\Embeddings\LLMMetadataExtractor.cs(72,86): warning SA1629: Documentation text should end with a period (https://github.com/DotNetAnalyzers/StyleCopAnalyzers/blob/master/documentation/SA1629.md) [C:\Projects\Hazina\src\Core\AI\Hazina.AI.RAG\Hazina.AI.RAG.csproj::TargetFramework=net10.0]
C:\Projects\Hazina\src\Core\AI\Hazina.AI.RAG\Embeddings\LLMMetadataExtractor.cs(79,13): warning SA1503: Braces should not be omitted (https://github.com/DotNetAnalyzers/StyleCopAnalyzers/blob/master/documentation/SA1503.md) [C:\Projects\Hazina\src\Core\AI\Hazina.AI.RAG\Hazina.AI.RAG.csproj::TargetFramework=net10.0]
C:\Projects\Hazina\src\Core\AI\Hazina.AI.RAG\Embeddings\LLMMetadataExtractor.cs(99,17): warning SA1111: Closing parenthesis should be on line of last parameter (https://github.com/DotNetAnalyzers/StyleCopAnalyzers/blob/master/documentation/SA1111.md) [C:\Projects\Hazina\src\Core\AI\Hazina.AI.RAG\Hazina.AI.RAG.csproj::TargetFramework=net10.0]
C:\Projects\Hazina\src\Core\AI\Hazina.AI.RAG\Embeddings\SemanticSimilarityChunker.cs(121,9): warning CA1031: Modify 'ChunkAsync' to catch a more specific allowed exception type, or rethrow the exception (https://learn.microsoft.com/dotnet/fundamentals/code-analysis/quality-rules/ca1031) [C:\Projects\Hazina\src\Core\AI\Hazina.AI.RAG\Hazina.AI.RAG.csproj::TargetFramework=net10.0]
C:\Projects\Hazina\src\Core\AI\Hazina.AI.RAG\Embeddings\LLMMetadataExtractor.cs(94,25): warning CA1873: Evaluation of this argument may be expensive and unnecessary if logging is disabled (https://learn.microsoft.com/dotnet/fundamentals/code-analysis/quality-rules/ca1873) [C:\Projects\Hazina\src\Core\AI\Hazina.AI.RAG\Hazina.AI.RAG.csproj::TargetFramework=net10.0]
C:\Projects\Hazina\src\Core\AI\Hazina.AI.RAG\Embeddings\LLMMetadataExtractor.cs(94,25): warning CA1848: For improved performance, use the LoggerMessage delegates instead of calling 'LoggerExtensions.LogDebug(ILogger, string?, params object?[])' (https://learn.microsoft.com/dotnet/fundamentals/code-analysis/quality-rules/ca1848) [C:\Projects\Hazina\src\Core\AI\Hazina.AI.RAG\Hazina.AI.RAG.csproj::TargetFramework=net10.0]
C:\Projects\Hazina\src\Core\AI\Hazina.AI.RAG\Embeddings\LLMMetadataExtractor.cs(106,21): warning CA1848: For improved performance, use the LoggerMessage delegates instead of calling 'LoggerExtensions.LogError(ILogger, Exception?, string?, params object?[])' (https://learn.microsoft.com/dotnet/fundamentals/code-analysis/quality-rules/ca1848) [C:\Projects\Hazina\src\Core\AI\Hazina.AI.RAG\Hazina.AI.RAG.csproj::TargetFramework=net10.0]
C:\Projects\Hazina\src\Core\AI\Hazina.AI.RAG\Retrieval\Reranker.cs(156,56): warning SA1629: Documentation text should end with a period (https://github.com/DotNetAnalyzers/StyleCopAnalyzers/blob/master/documentation/SA1629.md) [C:\Projects\Hazina\src\Core\AI\Hazina.AI.RAG\Hazina.AI.RAG.csproj::TargetFramework=net10.0]
C:\Projects\Hazina\src\Core\AI\Hazina.AI.RAG\Embeddings\LLMMetadataExtractor.cs(91,36): warning MA0004: Use Task.ConfigureAwait(false) if the current SynchronizationContext is not needed (https://github.com/meziantou/Meziantou.Analyzer/blob/main/docs/Rules/MA0004.md) [C:\Projects\Hazina\src\Core\AI\Hazina.AI.RAG\Hazina.AI.RAG.csproj::TargetFramework=net10.0]
C:\Projects\Hazina\src\Core\AI\Hazina.AI.RAG\Embeddings\ContentTypeDetector.cs(117,28): warning S1905: Remove this unnecessary cast to 'int'. (https://rules.sonarsource.com/csharp/RSPEC-1905) [C:\Projects\Hazina\src\Core\AI\Hazina.AI.RAG\Hazina.AI.RAG.csproj::TargetFramework=net10.0]
C:\Projects\Hazina\src\Core\AI\Hazina.AI.RAG\Core\RAGEngine.cs(211,20): warning S2325: Make 'CalculateKeywordRelevance' a static method. (https://rules.sonarsource.com/csharp/RSPEC-2325) [C:\Projects\Hazina\src\Core\AI\Hazina.AI.RAG\Hazina.AI.RAG.csproj::TargetFramework=net10.0]
C:\Projects\Hazina\src\Core\AI\Hazina.AI.RAG\Embeddings\LLMMetadataExtractor.cs(104,9): warning CA1031: Modify 'ExtractBatchMetadataAsync' to catch a more specific allowed exception type, or rethrow the exception (https://learn.microsoft.com/dotnet/fundamentals/code-analysis/quality-rules/ca1031) [C:\Projects\Hazina\src\Core\AI\Hazina.AI.RAG\Hazina.AI.RAG.csproj::TargetFramework=net10.0]
C:\Projects\Hazina\src\Core\AI\Hazina.AI.RAG\Embeddings\ContentTypeDetector.cs(105,35): warning SA1629: Documentation text should end with a period (https://github.com/DotNetAnalyzers/StyleCopAnalyzers/blob/master/documentation/SA1629.md) [C:\Projects\Hazina\src\Core\AI\Hazina.AI.RAG\Hazina.AI.RAG.csproj::TargetFramework=net10.0]
C:\Projects\Hazina\src\Core\AI\Hazina.AI.RAG\Core\RAGEngine.cs(217,62): warning SA1122: Use string.Empty for empty strings (https://github.com/DotNetAnalyzers/StyleCopAnalyzers/blob/master/documentation/SA1122.md) [C:\Projects\Hazina\src\Core\AI\Hazina.AI.RAG\Hazina.AI.RAG.csproj::TargetFramework=net10.0]
C:\Projects\Hazina\src\Core\AI\Hazina.AI.RAG\Embeddings\ContentTypeDetector.cs(112,27): warning CA1875: Use 'Regex.Count' instead of 'Regex.Matches(...).Count' (https://learn.microsoft.com/dotnet/fundamentals/code-analysis/quality-rules/ca1875) [C:\Projects\Hazina\src\Core\AI\Hazina.AI.RAG\Hazina.AI.RAG.csproj::TargetFramework=net10.0]
C:\Projects\Hazina\src\Core\AI\Hazina.AI.RAG\Embeddings\ContentTypeDetector.cs(116,30): warning CA1875: Use 'Regex.Count' instead of 'Regex.Matches(...).Count' (https://learn.microsoft.com/dotnet/fundamentals/code-analysis/quality-rules/ca1875) [C:\Projects\Hazina\src\Core\AI\Hazina.AI.RAG\Hazina.AI.RAG.csproj::TargetFramework=net10.0]
C:\Projects\Hazina\src\Core\AI\Hazina.AI.RAG\Embeddings\ContentTypeDetector.cs(120,25): warning CA1875: Use 'Regex.Count' instead of 'Regex.Matches(...).Count' (https://learn.microsoft.com/dotnet/fundamentals/code-analysis/quality-rules/ca1875) [C:\Projects\Hazina\src\Core\AI\Hazina.AI.RAG\Hazina.AI.RAG.csproj::TargetFramework=net10.0]
C:\Projects\Hazina\src\Core\AI\Hazina.AI.RAG\Embeddings\ContentTypeDetector.cs(124,25): warning CA1875: Use 'Regex.Count' instead of 'Regex.Matches(...).Count' (https://learn.microsoft.com/dotnet/fundamentals/code-analysis/quality-rules/ca1875) [C:\Projects\Hazina\src\Core\AI\Hazina.AI.RAG\Hazina.AI.RAG.csproj::TargetFramework=net10.0]
C:\Projects\Hazina\src\Core\AI\Hazina.AI.RAG\Graph\Retrieval\HybridRetrievalService.cs(173,53): warning MA0051: Method is too long (62 lines; maximum allowed: 60) (https://github.com/meziantou/Meziantou.Analyzer/blob/main/docs/Rules/MA0051.md) [C:\Projects\Hazina\src\Core\AI\Hazina.AI.RAG\Hazina.AI.RAG.csproj::TargetFramework=net10.0]
C:\Projects\Hazina\src\Core\AI\Hazina.AI.RAG\Embeddings\ContentTypeDetector.cs(112,27): warning MA0009: Regular expressions should not be vulnerable to Denial of Service attacks (https://github.com/meziantou/Meziantou.Analyzer/blob/main/docs/Rules/MA0009.md) [C:\Projects\Hazina\src\Core\AI\Hazina.AI.RAG\Hazina.AI.RAG.csproj::TargetFramework=net10.0]
C:\Projects\Hazina\src\Core\AI\Hazina.AI.RAG\Embeddings\ContentTypeDetector.cs(116,30): warning MA0009: Regular expressions should not be vulnerable to Denial of Service attacks (https://github.com/meziantou/Meziantou.Analyzer/blob/main/docs/Rules/MA0009.md) [C:\Projects\Hazina\src\Core\AI\Hazina.AI.RAG\Hazina.AI.RAG.csproj::TargetFramework=net10.0]
C:\Projects\Hazina\src\Core\AI\Hazina.AI.RAG\Embeddings\ContentTypeDetector.cs(120,25): warning MA0009: Regular expressions should not be vulnerable to Denial of Service attacks (https://github.com/meziantou/Meziantou.Analyzer/blob/main/docs/Rules/MA0009.md) [C:\Projects\Hazina\src\Core\AI\Hazina.AI.RAG\Hazina.AI.RAG.csproj::TargetFramework=net10.0]
C:\Projects\Hazina\src\Core\AI\Hazina.AI.RAG\Embeddings\ContentTypeDetector.cs(124,25): warning MA0009: Regular expressions should not be vulnerable to Denial of Service attacks (https://github.com/meziantou/Meziantou.Analyzer/blob/main/docs/Rules/MA0009.md) [C:\Projects\Hazina\src\Core\AI\Hazina.AI.RAG\Hazina.AI.RAG.csproj::TargetFramework=net10.0]
C:\Projects\Hazina\src\Core\AI\Hazina.AI.RAG\Core\RAGEngine.cs(218,26): warning CA1875: Use 'Regex.Count' instead of 'Regex.Matches(...).Count' (https://learn.microsoft.com/dotnet/fundamentals/code-analysis/quality-rules/ca1875) [C:\Projects\Hazina\src\Core\AI\Hazina.AI.RAG\Hazina.AI.RAG.csproj::TargetFramework=net10.0]
C:\Projects\Hazina\src\Core\AI\Hazina.AI.RAG\Core\RAGEngine.cs(218,26): warning MA0009: Regular expressions should not be vulnerable to Denial of Service attacks (https://github.com/meziantou/Meziantou.Analyzer/blob/main/docs/Rules/MA0009.md) [C:\Projects\Hazina\src\Core\AI\Hazina.AI.RAG\Hazina.AI.RAG.csproj::TargetFramework=net10.0]
C:\Projects\Hazina\src\Core\AI\Hazina.AI.RAG\Graph\Pipeline\LLMEntityExtractor.cs(87,31): warning MA0051: Method is too long (72 lines; maximum allowed: 60) (https://github.com/meziantou/Meziantou.Analyzer/blob/main/docs/Rules/MA0051.md) [C:\Projects\Hazina\src\Core\AI\Hazina.AI.RAG\Hazina.AI.RAG.csproj::TargetFramework=net10.0]
C:\Projects\Hazina\src\Core\AI\Hazina.AI.RAG\Embeddings\SemanticSimilarityChunker.cs(145,41): warning MA0051: Method is too long (75 lines; maximum allowed: 60) (https://github.com/meziantou/Meziantou.Analyzer/blob/main/docs/Rules/MA0051.md) [C:\Projects\Hazina\src\Core\AI\Hazina.AI.RAG\Hazina.AI.RAG.csproj::TargetFramework=net10.0]
C:\Projects\Hazina\src\Core\AI\Hazina.AI.RAG\Embeddings\ContentTypeDetector.cs(136,25): warning S6610: "StartsWith" overloads that take a "char" should be used (https://rules.sonarsource.com/csharp/RSPEC-6610) [C:\Projects\Hazina\src\Core\AI\Hazina.AI.RAG\Hazina.AI.RAG.csproj::TargetFramework=net10.0]
C:\Projects\Hazina\src\Core\AI\Hazina.AI.RAG\Embeddings\ContentTypeDetector.cs(136,52): warning S6610: "EndsWith" overloads that take a "char" should be used (https://rules.sonarsource.com/csharp/RSPEC-6610) [C:\Projects\Hazina\src\Core\AI\Hazina.AI.RAG\Hazina.AI.RAG.csproj::TargetFramework=net10.0]
C:\Projects\Hazina\src\Core\AI\Hazina.AI.RAG\Embeddings\ContentTypeDetector.cs(137,25): warning S6610: "StartsWith" overloads that take a "char" should be used (https://rules.sonarsource.com/csharp/RSPEC-6610) [C:\Projects\Hazina\src\Core\AI\Hazina.AI.RAG\Hazina.AI.RAG.csproj::TargetFramework=net10.0]
C:\Projects\Hazina\src\Core\AI\Hazina.AI.RAG\Embeddings\ContentTypeDetector.cs(137,52): warning S6610: "EndsWith" overloads that take a "char" should be used (https://rules.sonarsource.com/csharp/RSPEC-6610) [C:\Projects\Hazina\src\Core\AI\Hazina.AI.RAG\Hazina.AI.RAG.csproj::TargetFramework=net10.0]
C:\Projects\Hazina\src\Core\AI\Hazina.AI.RAG\Embeddings\ContentTypeDetector.cs(131,45): warning SA1629: Documentation text should end with a period (https://github.com/DotNetAnalyzers/StyleCopAnalyzers/blob/master/documentation/SA1629.md) [C:\Projects\Hazina\src\Core\AI\Hazina.AI.RAG\Hazina.AI.RAG.csproj::TargetFramework=net10.0]
C:\Projects\Hazina\src\Core\AI\Hazina.AI.RAG\Embeddings\ContentTypeDetector.cs(136,35): warning CA1866: Use 'string.StartsWith(char)' instead of 'string.StartsWith(string)' when you have a string with a single char (https://learn.microsoft.com/dotnet/fundamentals/code-analysis/quality-rules/ca1866) [C:\Projects\Hazina\src\Core\AI\Hazina.AI.RAG\Hazina.AI.RAG.csproj::TargetFramework=net10.0]
C:\Projects\Hazina\src\Core\AI\Hazina.AI.RAG\Embeddings\ContentTypeDetector.cs(136,60): warning CA1866: Use 'string.EndsWith(char)' instead of 'string.EndsWith(string)' when you have a string with a single char (https://learn.microsoft.com/dotnet/fundamentals/code-analysis/quality-rules/ca1866) [C:\Projects\Hazina\src\Core\AI\Hazina.AI.RAG\Hazina.AI.RAG.csproj::TargetFramework=net10.0]
C:\Projects\Hazina\src\Core\AI\Hazina.AI.RAG\Embeddings\ContentTypeDetector.cs(137,35): warning CA1866: Use 'string.StartsWith(char)' instead of 'string.StartsWith(string)' when you have a string with a single char (https://learn.microsoft.com/dotnet/fundamentals/code-analysis/quality-rules/ca1866) [C:\Projects\Hazina\src\Core\AI\Hazina.AI.RAG\Hazina.AI.RAG.csproj::TargetFramework=net10.0]
C:\Projects\Hazina\src\Core\AI\Hazina.AI.RAG\Embeddings\ContentTypeDetector.cs(137,60): warning CA1866: Use 'string.EndsWith(char)' instead of 'string.EndsWith(string)' when you have a string with a single char (https://learn.microsoft.com/dotnet/fundamentals/code-analysis/quality-rules/ca1866) [C:\Projects\Hazina\src\Core\AI\Hazina.AI.RAG\Hazina.AI.RAG.csproj::TargetFramework=net10.0]
C:\Projects\Hazina\src\Core\AI\Hazina.AI.RAG\Graph\Retrieval\HybridRetrievalService.cs(202,43): warning S3267: Loops should be simplified using the "Where" LINQ method (https://rules.sonarsource.com/csharp/RSPEC-3267) [C:\Projects\Hazina\src\Core\AI\Hazina.AI.RAG\Hazina.AI.RAG.csproj::TargetFramework=net10.0]
C:\Projects\Hazina\src\Core\AI\Hazina.AI.RAG\Embeddings\ContentTypeDetector.cs(136,17): warning CA1310: The behavior of 'string.StartsWith(string)' could vary based on the current user's locale settings. Replace this call in 'Hazina.AI.RAG.Embeddings.ContentTypeDetector.HasJsonPatterns(string)' with a call to 'string.StartsWith(string, System.StringComparison)'. (https://learn.microsoft.com/dotnet/fundamentals/code-analysis/quality-rules/ca1310) [C:\Projects\Hazina\src\Core\AI\Hazina.AI.RAG\Hazina.AI.RAG.csproj::TargetFramework=net10.0]
C:\Projects\Hazina\src\Core\AI\Hazina.AI.RAG\Embeddings\ContentTypeDetector.cs(136,44): warning CA1310: The behavior of 'string.EndsWith(string)' could vary based on the current user's locale settings. Replace this call in 'Hazina.AI.RAG.Embeddings.ContentTypeDetector.HasJsonPatterns(string)' with a call to 'string.EndsWith(string, System.StringComparison)'. (https://learn.microsoft.com/dotnet/fundamentals/code-analysis/quality-rules/ca1310) [C:\Projects\Hazina\src\Core\AI\Hazina.AI.RAG\Hazina.AI.RAG.csproj::TargetFramework=net10.0]
C:\Projects\Hazina\src\Core\AI\Hazina.AI.RAG\Embeddings\ContentTypeDetector.cs(137,17): warning CA1310: The behavior of 'string.StartsWith(string)' could vary based on the current user's locale settings. Replace this call in 'Hazina.AI.RAG.Embeddings.ContentTypeDetector.HasJsonPatterns(string)' with a call to 'string.StartsWith(string, System.StringComparison)'. (https://learn.microsoft.com/dotnet/fundamentals/code-analysis/quality-rules/ca1310) [C:\Projects\Hazina\src\Core\AI\Hazina.AI.RAG\Hazina.AI.RAG.csproj::TargetFramework=net10.0]
C:\Projects\Hazina\src\Core\AI\Hazina.AI.RAG\Embeddings\ContentTypeDetector.cs(137,44): warning CA1310: The behavior of 'string.EndsWith(string)' could vary based on the current user's locale settings. Replace this call in 'Hazina.AI.RAG.Embeddings.ContentTypeDetector.HasJsonPatterns(string)' with a call to 'string.EndsWith(string, System.StringComparison)'. (https://learn.microsoft.com/dotnet/fundamentals/code-analysis/quality-rules/ca1310) [C:\Projects\Hazina\src\Core\AI\Hazina.AI.RAG\Hazina.AI.RAG.csproj::TargetFramework=net10.0]
C:\Projects\Hazina\src\Core\AI\Hazina.AI.RAG\Retrieval\Reranker.cs(168,36): warning CA1002: Change 'List<RetrievedDocument>' in 'Reranker.DiversifyResults(List<RetrievedDocument>, int, [double])' to use 'Collection<T>', 'ReadOnlyCollection<T>' or 'KeyedCollection<K,V>' (https://learn.microsoft.com/dotnet/fundamentals/code-analysis/quality-rules/ca1002) [C:\Projects\Hazina\src\Core\AI\Hazina.AI.RAG\Hazina.AI.RAG.csproj::TargetFramework=net10.0]
C:\Projects\Hazina\src\Core\AI\Hazina.AI.RAG\Retrieval\Reranker.cs(169,33): warning CA1002: Change 'List<RetrievedDocument>' in 'Reranker.DiversifyResults(List<RetrievedDocument>, int, [double])' to use 'Collection<T>', 'ReadOnlyCollection<T>' or 'KeyedCollection<K,V>' (https://learn.microsoft.com/dotnet/fundamentals/code-analysis/quality-rules/ca1002) [C:\Projects\Hazina\src\Core\AI\Hazina.AI.RAG\Hazina.AI.RAG.csproj::TargetFramework=net10.0]
C:\Projects\Hazina\src\Core\AI\Hazina.AI.RAG\Retrieval\Reranker.cs(168,12): warning MA0016: Prefer using collection abstraction instead of implementation (https://github.com/meziantou/Meziantou.Analyzer/blob/main/docs/Rules/MA0016.md) [C:\Projects\Hazina\src\Core\AI\Hazina.AI.RAG\Hazina.AI.RAG.csproj::TargetFramework=net10.0]
C:\Projects\Hazina\src\Core\AI\Hazina.AI.RAG\Retrieval\Reranker.cs(169,9): warning MA0016: Prefer using collection abstraction instead of implementation (https://github.com/meziantou/Meziantou.Analyzer/blob/main/docs/Rules/MA0016.md) [C:\Projects\Hazina\src\Core\AI\Hazina.AI.RAG\Hazina.AI.RAG.csproj::TargetFramework=net10.0]
C:\Projects\Hazina\src\Core\AI\Hazina.AI.RAG\Retrieval\LlmJudgeReranker.cs(82,13): warning SA1111: Closing parenthesis should be on line of last parameter (https://github.com/DotNetAnalyzers/StyleCopAnalyzers/blob/master/documentation/SA1111.md) [C:\Projects\Hazina\src\Core\AI\Hazina.AI.RAG\Hazina.AI.RAG.csproj::TargetFramework=net10.0]
C:\Projects\Hazina\src\Core\AI\Hazina.AI.RAG\Embeddings\ContentTypeDetector.cs(136,17): warning MA0074: Use an overload of 'StartsWith' that has a StringComparison parameter (https://github.com/meziantou/Meziantou.Analyzer/blob/main/docs/Rules/MA0074.md) [C:\Projects\Hazina\src\Core\AI\Hazina.AI.RAG\Hazina.AI.RAG.csproj::TargetFramework=net10.0]
C:\Projects\Hazina\src\Core\AI\Hazina.AI.RAG\Embeddings\ContentTypeDetector.cs(136,44): warning MA0074: Use an overload of 'EndsWith' that has a StringComparison parameter (https://github.com/meziantou/Meziantou.Analyzer/blob/main/docs/Rules/MA0074.md) [C:\Projects\Hazina\src\Core\AI\Hazina.AI.RAG\Hazina.AI.RAG.csproj::TargetFramework=net10.0]
C:\Projects\Hazina\src\Core\AI\Hazina.AI.RAG\Embeddings\ContentTypeDetector.cs(137,17): warning MA0074: Use an overload of 'StartsWith' that has a StringComparison parameter (https://github.com/meziantou/Meziantou.Analyzer/blob/main/docs/Rules/MA0074.md) [C:\Projects\Hazina\src\Core\AI\Hazina.AI.RAG\Hazina.AI.RAG.csproj::TargetFramework=net10.0]
C:\Projects\Hazina\src\Core\AI\Hazina.AI.RAG\Embeddings\ContentTypeDetector.cs(137,44): warning MA0074: Use an overload of 'EndsWith' that has a StringComparison parameter (https://github.com/meziantou/Meziantou.Analyzer/blob/main/docs/Rules/MA0074.md) [C:\Projects\Hazina\src\Core\AI\Hazina.AI.RAG\Hazina.AI.RAG.csproj::TargetFramework=net10.0]
C:\Projects\Hazina\src\Core\AI\Hazina.AI.RAG\Retrieval\LlmJudgeReranker.cs(76,28): warning MA0004: Use Task.ConfigureAwait(false) if the current SynchronizationContext is not needed (https://github.com/meziantou/Meziantou.Analyzer/blob/main/docs/Rules/MA0004.md) [C:\Projects\Hazina\src\Core\AI\Hazina.AI.RAG\Hazina.AI.RAG.csproj::TargetFramework=net10.0]
C:\Projects\Hazina\src\Core\AI\Hazina.AI.RAG\Retrieval\LlmJudgeReranker.cs(86,17): warning MA0011: Use an overload of 'TryParse' that has a 'System.IFormatProvider' parameter (https://github.com/meziantou/Meziantou.Analyzer/blob/main/docs/Rules/MA0011.md) [C:\Projects\Hazina\src\Core\AI\Hazina.AI.RAG\Hazina.AI.RAG.csproj::TargetFramework=net10.0]
C:\Projects\Hazina\src\Core\AI\Hazina.AI.RAG\Retrieval\LlmJudgeReranker.cs(91,17): warning MA0011: Use an overload of 'TryParse' that has a 'System.IFormatProvider' parameter (https://github.com/meziantou/Meziantou.Analyzer/blob/main/docs/Rules/MA0011.md) [C:\Projects\Hazina\src\Core\AI\Hazina.AI.RAG\Hazina.AI.RAG.csproj::TargetFramework=net10.0]
C:\Projects\Hazina\src\Core\AI\Hazina.AI.RAG\Embeddings\LLMMetadataExtractor.cs(167,31): warning S3267: Loop should be simplified by calling Select(chunk => chunk.Text)) (https://rules.sonarsource.com/csharp/RSPEC-3267) [C:\Projects\Hazina\src\Core\AI\Hazina.AI.RAG\Hazina.AI.RAG.csproj::TargetFramework=net10.0]
C:\Projects\Hazina\src\Core\AI\Hazina.AI.RAG\Retrieval\LlmJudgeReranker.cs(96,9): warning CA1031: Modify 'ScoreRelevanceAsync' to catch a more specific allowed exception type, or rethrow the exception (https://learn.microsoft.com/dotnet/fundamentals/code-analysis/quality-rules/ca1031) [C:\Projects\Hazina\src\Core\AI\Hazina.AI.RAG\Hazina.AI.RAG.csproj::TargetFramework=net10.0]
C:\Projects\Hazina\src\Core\AI\Hazina.AI.RAG\Embeddings\LLMMetadataExtractor.cs(112,41): warning SA1629: Documentation text should end with a period (https://github.com/DotNetAnalyzers/StyleCopAnalyzers/blob/master/documentation/SA1629.md) [C:\Projects\Hazina\src\Core\AI\Hazina.AI.RAG\Hazina.AI.RAG.csproj::TargetFramework=net10.0]
C:\Projects\Hazina\src\Core\AI\Hazina.AI.RAG\Embeddings\LLMMetadataExtractor.cs(133,13): warning SA1111: Closing parenthesis should be on line of last parameter (https://github.com/DotNetAnalyzers/StyleCopAnalyzers/blob/master/documentation/SA1111.md) [C:\Projects\Hazina\src\Core\AI\Hazina.AI.RAG\Hazina.AI.RAG.csproj::TargetFramework=net10.0]
C:\Projects\Hazina\src\Core\AI\Hazina.AI.RAG\Embeddings\LLMMetadataExtractor.cs(145,17): warning SA1111: Closing parenthesis should be on line of last parameter (https://github.com/DotNetAnalyzers/StyleCopAnalyzers/blob/master/documentation/SA1111.md) [C:\Projects\Hazina\src\Core\AI\Hazina.AI.RAG\Hazina.AI.RAG.csproj::TargetFramework=net10.0]
C:\Projects\Hazina\src\Core\AI\Hazina.AI.RAG\Embeddings\LLMMetadataExtractor.cs(141,25): warning CA1848: For improved performance, use the LoggerMessage delegates instead of calling 'LoggerExtensions.LogWarning(ILogger, string?, params object?[])' (https://learn.microsoft.com/dotnet/fundamentals/code-analysis/quality-rules/ca1848) [C:\Projects\Hazina\src\Core\AI\Hazina.AI.RAG\Hazina.AI.RAG.csproj::TargetFramework=net10.0]
C:\Projects\Hazina\src\Core\AI\Hazina.AI.RAG\Embeddings\LLMMetadataExtractor.cs(153,21): warning CA1848: For improved performance, use the LoggerMessage delegates instead of calling 'LoggerExtensions.LogError(ILogger, Exception?, string?, params object?[])' (https://learn.microsoft.com/dotnet/fundamentals/code-analysis/quality-rules/ca1848) [C:\Projects\Hazina\src\Core\AI\Hazina.AI.RAG\Hazina.AI.RAG.csproj::TargetFramework=net10.0]
C:\Projects\Hazina\src\Core\AI\Hazina.AI.RAG\Embeddings\LLMMetadataExtractor.cs(128,28): warning MA0004: Use Task.ConfigureAwait(false) if the current SynchronizationContext is not needed (https://github.com/meziantou/Meziantou.Analyzer/blob/main/docs/Rules/MA0004.md) [C:\Projects\Hazina\src\Core\AI\Hazina.AI.RAG\Hazina.AI.RAG.csproj::TargetFramework=net10.0]
C:\Projects\Hazina\src\Core\AI\Hazina.AI.RAG\Embeddings\LLMMetadataExtractor.cs(148,24): warning MA0004: Use Task.ConfigureAwait(false) if the current SynchronizationContext is not needed (https://github.com/meziantou/Meziantou.Analyzer/blob/main/docs/Rules/MA0004.md) [C:\Projects\Hazina\src\Core\AI\Hazina.AI.RAG\Hazina.AI.RAG.csproj::TargetFramework=net10.0]
C:\Projects\Hazina\src\Core\AI\Hazina.AI.RAG\Embeddings\LLMMetadataExtractor.cs(154,20): warning MA0004: Use Task.ConfigureAwait(false) if the current SynchronizationContext is not needed (https://github.com/meziantou/Meziantou.Analyzer/blob/main/docs/Rules/MA0004.md) [C:\Projects\Hazina\src\Core\AI\Hazina.AI.RAG\Hazina.AI.RAG.csproj::TargetFramework=net10.0]
C:\Projects\Hazina\src\Core\AI\Hazina.AI.RAG\Graph\Explainability\RetrievalTrace.cs(43,9): warning CA1305: The behavior of 'StringBuilder.AppendLine(ref StringBuilder.AppendInterpolatedStringHandler)' could vary based on the current user's locale settings. Replace this call in 'ExplainabilityService.GenerateExplanation(HybridRetrievalResult)' with a call to 'StringBuilder.AppendLine(IFormatProvider, ref StringBuilder.AppendInterpolatedStringHandler)'. (https://learn.microsoft.com/dotnet/fundamentals/code-analysis/quality-rules/ca1305) [C:\Projects\Hazina\src\Core\AI\Hazina.AI.RAG\Hazina.AI.RAG.csproj::TargetFramework=net10.0]
C:\Projects\Hazina\src\Core\AI\Hazina.AI.RAG\Graph\Explainability\RetrievalTrace.cs(44,9): warning CA1305: The behavior of 'StringBuilder.AppendLine(ref StringBuilder.AppendInterpolatedStringHandler)' could vary based on the current user's locale settings. Replace this call in 'ExplainabilityService.GenerateExplanation(HybridRetrievalResult)' with a call to 'StringBuilder.AppendLine(IFormatProvider, ref StringBuilder.AppendInterpolatedStringHandler)'. (https://learn.microsoft.com/dotnet/fundamentals/code-analysis/quality-rules/ca1305) [C:\Projects\Hazina\src\Core\AI\Hazina.AI.RAG\Hazina.AI.RAG.csproj::TargetFramework=net10.0]
C:\Projects\Hazina\src\Core\AI\Hazina.AI.RAG\Graph\Explainability\RetrievalTrace.cs(48,13): warning CA1305: The behavior of 'StringBuilder.AppendLine(ref StringBuilder.AppendInterpolatedStringHandler)' could vary based on the current user's locale settings. Replace this call in 'ExplainabilityService.GenerateExplanation(HybridRetrievalResult)' with a call to 'StringBuilder.AppendLine(IFormatProvider, ref StringBuilder.AppendInterpolatedStringHandler)'. (https://learn.microsoft.com/dotnet/fundamentals/code-analysis/quality-rules/ca1305) [C:\Projects\Hazina\src\Core\AI\Hazina.AI.RAG\Hazina.AI.RAG.csproj::TargetFramework=net10.0]
C:\Projects\Hazina\src\Core\AI\Hazina.AI.RAG\Graph\Explainability\RetrievalTrace.cs(54,13): warning CA1305: The behavior of 'StringBuilder.AppendLine(ref StringBuilder.AppendInterpolatedStringHandler)' could vary based on the current user's locale settings. Replace this call in 'ExplainabilityService.GenerateExplanation(HybridRetrievalResult)' with a call to 'StringBuilder.AppendLine(IFormatProvider, ref StringBuilder.AppendInterpolatedStringHandler)'. (https://learn.microsoft.com/dotnet/fundamentals/code-analysis/quality-rules/ca1305) [C:\Projects\Hazina\src\Core\AI\Hazina.AI.RAG\Hazina.AI.RAG.csproj::TargetFramework=net10.0]
C:\Projects\Hazina\src\Core\AI\Hazina.AI.RAG\Graph\Explainability\RetrievalTrace.cs(59,17): warning CA1305: The behavior of 'StringBuilder.Append(ref StringBuilder.AppendInterpolatedStringHandler)' could vary based on the current user's locale settings. Replace this call in 'ExplainabilityService.GenerateExplanation(HybridRetrievalResult)' with a call to 'StringBuilder.Append(IFormatProvider, ref StringBuilder.AppendInterpolatedStringHandler)'. (https://learn.microsoft.com/dotnet/fundamentals/code-analysis/quality-rules/ca1305) [C:\Projects\Hazina\src\Core\AI\Hazina.AI.RAG\Hazina.AI.RAG.csproj::TargetFramework=net10.0]
C:\Projects\Hazina\src\Core\AI\Hazina.AI.RAG\Graph\Explainability\RetrievalTrace.cs(64,21): warning CA1305: The behavior of 'StringBuilder.Append(ref StringBuilder.AppendInterpolatedStringHandler)' could vary based on the current user's locale settings. Replace this call in 'ExplainabilityService.GenerateExplanation(HybridRetrievalResult)' with a call to 'StringBuilder.Append(IFormatProvider, ref StringBuilder.AppendInterpolatedStringHandler)'. (https://learn.microsoft.com/dotnet/fundamentals/code-analysis/quality-rules/ca1305) [C:\Projects\Hazina\src\Core\AI\Hazina.AI.RAG\Hazina.AI.RAG.csproj::TargetFramework=net10.0]
C:\Projects\Hazina\src\Core\AI\Hazina.AI.RAG\Graph\Explainability\RetrievalTrace.cs(73,13): warning CA1305: The behavior of 'StringBuilder.AppendLine(ref StringBuilder.AppendInterpolatedStringHandler)' could vary based on the current user's locale settings. Replace this call in 'ExplainabilityService.GenerateExplanation(HybridRetrievalResult)' with a call to 'StringBuilder.AppendLine(IFormatProvider, ref StringBuilder.AppendInterpolatedStringHandler)'. (https://learn.microsoft.com/dotnet/fundamentals/code-analysis/quality-rules/ca1305) [C:\Projects\Hazina\src\Core\AI\Hazina.AI.RAG\Hazina.AI.RAG.csproj::TargetFramework=net10.0]
C:\Projects\Hazina\src\Core\AI\Hazina.AI.RAG\Graph\Explainability\RetrievalTrace.cs(43,9): warning MA0011: Use an overload of 'AppendLine' that has a 'System.IFormatProvider' parameter (https://github.com/meziantou/Meziantou.Analyzer/blob/main/docs/Rules/MA0011.md) [C:\Projects\Hazina\src\Core\AI\Hazina.AI.RAG\Hazina.AI.RAG.csproj::TargetFramework=net10.0]
C:\Projects\Hazina\src\Core\AI\Hazina.AI.RAG\Graph\Explainability\RetrievalTrace.cs(48,13): warning MA0011: Use an overload of 'AppendLine' that has a 'System.IFormatProvider' parameter (https://github.com/meziantou/Meziantou.Analyzer/blob/main/docs/Rules/MA0011.md) [C:\Projects\Hazina\src\Core\AI\Hazina.AI.RAG\Hazina.AI.RAG.csproj::TargetFramework=net10.0]
C:\Projects\Hazina\src\Core\AI\Hazina.AI.RAG\Graph\Explainability\RetrievalTrace.cs(54,13): warning MA0011: Use an overload of 'AppendLine' that has a 'System.IFormatProvider' parameter (https://github.com/meziantou/Meziantou.Analyzer/blob/main/docs/Rules/MA0011.md) [C:\Projects\Hazina\src\Core\AI\Hazina.AI.RAG\Hazina.AI.RAG.csproj::TargetFramework=net10.0]
C:\Projects\Hazina\src\Core\AI\Hazina.AI.RAG\Embeddings\LLMMetadataExtractor.cs(151,9): warning CA1031: Modify 'ProcessBatchAsync' to catch a more specific allowed exception type, or rethrow the exception (https://learn.microsoft.com/dotnet/fundamentals/code-analysis/quality-rules/ca1031) [C:\Projects\Hazina\src\Core\AI\Hazina.AI.RAG\Hazina.AI.RAG.csproj::TargetFramework=net10.0]
C:\Projects\Hazina\src\Core\AI\Hazina.AI.RAG\Graph\Explainability\RetrievalTrace.cs(59,17): warning MA0011: Use an overload of 'Append' that has a 'System.IFormatProvider' parameter (https://github.com/meziantou/Meziantou.Analyzer/blob/main/docs/Rules/MA0011.md) [C:\Projects\Hazina\src\Core\AI\Hazina.AI.RAG\Hazina.AI.RAG.csproj::TargetFramework=net10.0]
C:\Projects\Hazina\src\Core\AI\Hazina.AI.RAG\Graph\Explainability\RetrievalTrace.cs(73,13): warning MA0011: Use an overload of 'AppendLine' that has a 'System.IFormatProvider' parameter (https://github.com/meziantou/Meziantou.Analyzer/blob/main/docs/Rules/MA0011.md) [C:\Projects\Hazina\src\Core\AI\Hazina.AI.RAG\Hazina.AI.RAG.csproj::TargetFramework=net10.0]
C:\Projects\Hazina\src\Core\AI\Hazina.AI.RAG\Graph\Explainability\RetrievalTrace.cs(43,66): warning CA1062: In externally visible method 'string ExplainabilityService.GenerateExplanation(HybridRetrievalResult result)', validate parameter 'result' is non-null before using it. If appropriate, throw an 'ArgumentNullException' when the argument is 'null'. (https://learn.microsoft.com/dotnet/fundamentals/code-analysis/quality-rules/ca1062) [C:\Projects\Hazina\src\Core\AI\Hazina.AI.RAG\Hazina.AI.RAG.csproj::TargetFramework=net10.0]
C:\Projects\Hazina\src\Core\AI\Hazina.AI.RAG\Embeddings\HierarchicalChunker.cs(35,27): warning CA1062: In externally visible method 'Task<List<TextChunk>> HierarchicalChunker.ChunkAsync(string text, SemanticChunkingOptions options, CancellationToken ct = default(CancellationToken))', validate parameter 'options' is non-null before using it. If appropriate, throw an 'ArgumentNullException' when the argument is 'null'. (https://learn.microsoft.com/dotnet/fundamentals/code-analysis/quality-rules/ca1062) [C:\Projects\Hazina\src\Core\AI\Hazina.AI.RAG\Hazina.AI.RAG.csproj::TargetFramework=net10.0]
C:\Projects\Hazina\src\Core\AI\Hazina.AI.RAG\Embeddings\SemanticSimilarityChunker.cs(67,14): warning CA1062: In externally visible method 'Task<List<TextChunk>> SemanticSimilarityChunker.ChunkAsync(string text, SemanticChunkingOptions options, CancellationToken ct = default(CancellationToken))', validate parameter 'options' is non-null before using it. If appropriate, throw an 'ArgumentNullException' when the argument is 'null'. (https://learn.microsoft.com/dotnet/fundamentals/code-analysis/quality-rules/ca1062) [C:\Projects\Hazina\src\Core\AI\Hazina.AI.RAG\Hazina.AI.RAG.csproj::TargetFramework=net10.0]
C:\Projects\Hazina\src\Core\Agents\Hazina.AgentFactory\Configuration\Parsers\HazinaAgentConfigParser.cs(260,24): error CS8604: Possible null reference argument for parameter 'flows' in 'void HazinaFlowConfigParser.SaveToFile(IEnumerable<FlowConfig> flows, string path)'. [C:\Projects\Hazina\src\Core\Agents\Hazina.AgentFactory\Hazina.AgentFactory.csproj::TargetFramework=net9.0]
C:\Projects\Hazina\src\Core\AI\Hazina.AI.RAG\Retrieval\Reranker.cs(166,47): warning SA1629: Documentation text should end with a period (https://github.com/DotNetAnalyzers/StyleCopAnalyzers/blob/master/documentation/SA1629.md) [C:\Projects\Hazina\src\Core\AI\Hazina.AI.RAG\Hazina.AI.RAG.csproj::TargetFramework=net10.0]
C:\Projects\Hazina\src\Core\Agents\Hazina.AgentFactory\Configuration\Parsers\HazinaAgentConfigParser.cs(40,31): error CS8600: Converting null literal or possible null value to non-nullable type. [C:\Projects\Hazina\src\Core\Agents\Hazina.AgentFactory\Hazina.AgentFactory.csproj::TargetFramework=net9.0]
C:\Projects\Hazina\src\Core\Agents\Hazina.AgentFactory\Configuration\Parsers\HazinaAgentConfigParser.cs(49,31): error CS8600: Converting null literal or possible null value to non-nullable type. [C:\Projects\Hazina\src\Core\Agents\Hazina.AgentFactory\Hazina.AgentFactory.csproj::TargetFramework=net9.0]
C:\Projects\Hazina\src\Core\AI\Hazina.AI.RAG\Retrieval\Reranker.cs(174,13): warning SA1503: Braces should not be omitted (https://github.com/DotNetAnalyzers/StyleCopAnalyzers/blob/master/documentation/SA1503.md) [C:\Projects\Hazina\src\Core\AI\Hazina.AI.RAG\Hazina.AI.RAG.csproj::TargetFramework=net10.0]
C:\Projects\Hazina\src\Core\Agents\Hazina.AgentFactory\Configuration\Parsers\HazinaAgentConfigParser.cs(100,54): error CS8603: Possible null reference return. [C:\Projects\Hazina\src\Core\Agents\Hazina.AgentFactory\Hazina.AgentFactory.csproj::TargetFramework=net9.0]
C:\Projects\Hazina\src\Core\Agents\Hazina.AgentFactory\Configuration\Parsers\HazinaAgentConfigParser.cs(140,24): error CS8604: Possible null reference argument for parameter 'agents' in 'void HazinaAgentConfigParser.SaveToFile(IEnumerable<AgentConfig> agents, string path)'. [C:\Projects\Hazina\src\Core\Agents\Hazina.AgentFactory\Hazina.AgentFactory.csproj::TargetFramework=net9.0]
C:\Projects\Hazina\src\Core\Agents\Hazina.AgentFactory\Core\AgentManager.cs(48,12): warning CS8618: Non-nullable field '_stores' must contain a non-null value when exiting constructor. Consider adding the 'required' modifier or declaring the field as nullable. [C:\Projects\Hazina\src\Core\Agents\Hazina.AgentFactory\Hazina.AgentFactory.csproj::TargetFramework=net9.0]
C:\Projects\Hazina\src\Core\Agents\Hazina.AgentFactory\Core\AgentManager.cs(48,12): warning CS8618: Non-nullable field '_agents' must contain a non-null value when exiting constructor. Consider adding the 'required' modifier or declaring the field as nullable. [C:\Projects\Hazina\src\Core\Agents\Hazina.AgentFactory\Hazina.AgentFactory.csproj::TargetFramework=net9.0]
C:\Projects\Hazina\src\Core\Agents\Hazina.AgentFactory\Core\AgentManager.cs(48,12): warning CS8618: Non-nullable field '_flows' must contain a non-null value when exiting constructor. Consider adding the 'required' modifier or declaring the field as nullable. [C:\Projects\Hazina\src\Core\Agents\Hazina.AgentFactory\Hazina.AgentFactory.csproj::TargetFramework=net9.0]
C:\Projects\Hazina\src\Core\Agents\Hazina.AgentFactory\Core\AgentManager.cs(48,12): warning CS8618: Non-nullable field '_storesJson' must contain a non-null value when exiting constructor. Consider adding the 'required' modifier or declaring the field as nullable. [C:\Projects\Hazina\src\Core\Agents\Hazina.AgentFactory\Hazina.AgentFactory.csproj::TargetFramework=net9.0]
C:\Projects\Hazina\src\Core\Agents\Hazina.AgentFactory\Core\AgentManager.cs(48,12): warning CS8618: Non-nullable field '_agentsJson' must contain a non-null value when exiting constructor. Consider adding the 'required' modifier or declaring the field as nullable. [C:\Projects\Hazina\src\Core\Agents\Hazina.AgentFactory\Hazina.AgentFactory.csproj::TargetFramework=net9.0]
C:\Projects\Hazina\src\Core\Agents\Hazina.AgentFactory\Core\AgentManager.cs(48,12): warning CS8618: Non-nullable field '_flowsJson' must contain a non-null value when exiting constructor. Consider adding the 'required' modifier or declaring the field as nullable. [C:\Projects\Hazina\src\Core\Agents\Hazina.AgentFactory\Hazina.AgentFactory.csproj::TargetFramework=net9.0]
C:\Projects\Hazina\src\Core\Agents\Hazina.AgentFactory\Services\Execution\AgentExecutionService.cs(39,9): error CS8602: Dereference of a possibly null reference. [C:\Projects\Hazina\src\Core\Agents\Hazina.AgentFactory\Hazina.AgentFactory.csproj::TargetFramework=net9.0]
C:\Projects\Hazina\src\Core\Agents\Hazina.AgentFactory\Core\AgentManager.cs(62,12): warning CS8618: Non-nullable field '_stores' must contain a non-null value when exiting constructor. Consider adding the 'required' modifier or declaring the field as nullable. [C:\Projects\Hazina\src\Core\Agents\Hazina.AgentFactory\Hazina.AgentFactory.csproj::TargetFramework=net9.0]
C:\Projects\Hazina\src\Core\Agents\Hazina.AgentFactory\Core\AgentManager.cs(62,12): warning CS8618: Non-nullable field '_agents' must contain a non-null value when exiting constructor. Consider adding the 'required' modifier or declaring the field as nullable. [C:\Projects\Hazina\src\Core\Agents\Hazina.AgentFactory\Hazina.AgentFactory.csproj::TargetFramework=net9.0]
C:\Projects\Hazina\src\Core\Agents\Hazina.AgentFactory\Core\AgentManager.cs(62,12): warning CS8618: Non-nullable field '_flows' must contain a non-null value when exiting constructor. Consider adding the 'required' modifier or declaring the field as nullable. [C:\Projects\Hazina\src\Core\Agents\Hazina.AgentFactory\Hazina.AgentFactory.csproj::TargetFramework=net9.0]
C:\Projects\Hazina\src\Core\Agents\Hazina.AgentFactory\Core\AgentManager.cs(62,12): warning CS8618: Non-nullable field '_storesJson' must contain a non-null value when exiting constructor. Consider adding the 'required' modifier or declaring the field as nullable. [C:\Projects\Hazina\src\Core\Agents\Hazina.AgentFactory\Hazina.AgentFactory.csproj::TargetFramework=net9.0]
C:\Projects\Hazina\src\Core\AI\Hazina.AI.RAG\Retrieval\Reranker.cs(182,17): warning SA1503: Braces should not be omitted (https://github.com/DotNetAnalyzers/StyleCopAnalyzers/blob/master/documentation/SA1503.md) [C:\Projects\Hazina\src\Core\AI\Hazina.AI.RAG\Hazina.AI.RAG.csproj::TargetFramework=net10.0]
C:\Projects\Hazina\src\Core\Agents\Hazina.AgentFactory\Core\AgentManager.cs(62,12): warning CS8618: Non-nullable field '_agentsJson' must contain a non-null value when exiting constructor. Consider adding the 'required' modifier or declaring the field as nullable. [C:\Projects\Hazina\src\Core\Agents\Hazina.AgentFactory\Hazina.AgentFactory.csproj::TargetFramework=net9.0]
C:\Projects\Hazina\src\Core\Agents\Hazina.AgentFactory\Core\AgentManager.cs(62,12): warning CS8618: Non-nullable field '_flowsJson' must contain a non-null value when exiting constructor. Consider adding the 'required' modifier or declaring the field as nullable. [C:\Projects\Hazina\src\Core\Agents\Hazina.AgentFactory\Hazina.AgentFactory.csproj::TargetFramework=net9.0]
C:\Projects\Hazina\src\Core\Agents\Hazina.AgentFactory\Core\AgentManager.cs(73,12): warning CS8618: Non-nullable field '_stores' must contain a non-null value when exiting constructor. Consider adding the 'required' modifier or declaring the field as nullable. [C:\Projects\Hazina\src\Core\Agents\Hazina.AgentFactory\Hazina.AgentFactory.csproj::TargetFramework=net9.0]
C:\Projects\Hazina\src\Core\Agents\Hazina.AgentFactory\Core\AgentManager.cs(73,12): warning CS8618: Non-nullable field '_agents' must contain a non-null value when exiting constructor. Consider adding the 'required' modifier or declaring the field as nullable. [C:\Projects\Hazina\src\Core\Agents\Hazina.AgentFactory\Hazina.AgentFactory.csproj::TargetFramework=net9.0]
C:\Projects\Hazina\src\Core\Agents\Hazina.AgentFactory\Core\AgentManager.cs(73,12): warning CS8618: Non-nullable field '_flows' must contain a non-null value when exiting constructor. Consider adding the 'required' modifier or declaring the field as nullable. [C:\Projects\Hazina\src\Core\Agents\Hazina.AgentFactory\Hazina.AgentFactory.csproj::TargetFramework=net9.0]
C:\Projects\Hazina\src\Core\Agents\Hazina.AgentFactory\Core\AgentManager.cs(73,12): warning CS8618: Non-nullable field '_storesJsonPath' must contain a non-null value when exiting constructor. Consider adding the 'required' modifier or declaring the field as nullable. [C:\Projects\Hazina\src\Core\Agents\Hazina.AgentFactory\Hazina.AgentFactory.csproj::TargetFramework=net9.0]
C:\Projects\Hazina\src\Core\Agents\Hazina.AgentFactory\Core\AgentManager.cs(73,12): warning CS8618: Non-nullable field '_agentsJsonPath' must contain a non-null value when exiting constructor. Consider adding the 'required' modifier or declaring the field as nullable. [C:\Projects\Hazina\src\Core\Agents\Hazina.AgentFactory\Hazina.AgentFactory.csproj::TargetFramework=net9.0]
C:\Projects\Hazina\src\Core\Agents\Hazina.AgentFactory\Core\AgentManager.cs(73,12): warning CS8618: Non-nullable field '_flowsJsonPath' must contain a non-null value when exiting constructor. Consider adding the 'required' modifier or declaring the field as nullable. [C:\Projects\Hazina\src\Core\Agents\Hazina.AgentFactory\Hazina.AgentFactory.csproj::TargetFramework=net9.0]
C:\Projects\Hazina\src\Core\Agents\Hazina.AgentFactory\Core\AgentManager.cs(108,16): error CS8603: Possible null reference return. [C:\Projects\Hazina\src\Core\Agents\Hazina.AgentFactory\Hazina.AgentFactory.csproj::TargetFramework=net9.0]
C:\Projects\Hazina\src\Core\Agents\Hazina.AgentFactory\Core\QuickAgentCreator.cs(46,30): warning CS0618: 'EmbeddingStoreFactory.CreateFromSpec(string, ILLMClient)' is obsolete: 'Use CreateNew() with IEmbeddingGenerator for better separation of concerns' [C:\Projects\Hazina\src\Core\Agents\Hazina.AgentFactory\Hazina.AgentFactory.csproj::TargetFramework=net9.0]
C:\Projects\Hazina\src\Core\Agents\Hazina.AgentFactory\Core\AgentManager.cs(112,16): error CS8603: Possible null reference return. [C:\Projects\Hazina\src\Core\Agents\Hazina.AgentFactory\Hazina.AgentFactory.csproj::TargetFramework=net9.0]
C:\Projects\Hazina\src\Core\Agents\Hazina.AgentFactory\Services\Execution\AgentExecutionService.cs(101,9): error CS8602: Dereference of a possibly null reference. [C:\Projects\Hazina\src\Core\Agents\Hazina.AgentFactory\Hazina.AgentFactory.csproj::TargetFramework=net9.0]
C:\Projects\Hazina\src\Core\Agents\Hazina.AgentFactory\Core\AgentManager.cs(124,21): error CS8600: Converting null literal or possible null value to non-nullable type. [C:\Projects\Hazina\src\Core\Agents\Hazina.AgentFactory\Hazina.AgentFactory.csproj::TargetFramework=net9.0]
C:\Projects\Hazina\src\Core\Agents\Hazina.AgentFactory\Core\AgentManager.cs(139,77): error CS8604: Possible null reference argument for parameter 'message' in 'Task<LLMResponse<IsReadyResult?>> DocumentGenerator.GetResponse<IsReadyResult>(string message, CancellationToken cancel, IEnumerable<HazinaChatMessage>? history = null, bool addRelevantDocuments = true, bool addFilesList = true, IToolsContext? toolsContext = null, List<ImageData>? images = null)'. [C:\Projects\Hazina\src\Core\Agents\Hazina.AgentFactory\Hazina.AgentFactory.csproj::TargetFramework=net9.0]
C:\Projects\Hazina\src\Core\Agents\Hazina.AgentFactory\Core\AgentManager.cs(140,21): error CS8602: Dereference of a possibly null reference. [C:\Projects\Hazina\src\Core\Agents\Hazina.AgentFactory\Hazina.AgentFactory.csproj::TargetFramework=net9.0]
C:\Projects\Hazina\src\Core\Agents\Hazina.AgentFactory\Core\AgentManager.cs(143,35): error CS8602: Dereference of a possibly null reference. [C:\Projects\Hazina\src\Core\Agents\Hazina.AgentFactory\Hazina.AgentFactory.csproj::TargetFramework=net9.0]
C:\Projects\Hazina\src\Core\Agents\Hazina.AgentFactory\Core\AgentManager.cs(154,21): error CS8600: Converting null literal or possible null value to non-nullable type. [C:\Projects\Hazina\src\Core\Agents\Hazina.AgentFactory\Hazina.AgentFactory.csproj::TargetFramework=net9.0]
C:\Projects\Hazina\src\Core\AI\Hazina.AI.RAG\Retrieval\LlmJudgeReranker.cs(106,16): warning CA1307: 'string.Replace(string, string?)' has a method overload that takes a 'StringComparison' parameter. Replace this call in 'Hazina.AI.RAG.Retrieval.LlmJudgeReranker.BuildScoringPrompt(string, string)' with a call to 'string.Replace(string, string?, System.StringComparison)' for clarity of intent. (https://learn.microsoft.com/dotnet/fundamentals/code-analysis/quality-rules/ca1307) [C:\Projects\Hazina\src\Core\AI\Hazina.AI.RAG\Hazina.AI.RAG.csproj::TargetFramework=net10.0]
C:\Projects\Hazina\src\Core\Agents\Hazina.AgentFactory\Core\AgentManager.cs(167,26): error CS8602: Dereference of a possibly null reference. [C:\Projects\Hazina\src\Core\Agents\Hazina.AgentFactory\Hazina.AgentFactory.csproj::TargetFramework=net9.0]
C:\Projects\Hazina\src\Core\Agents\Hazina.AgentFactory\Services\Execution\AgentExecutionService.cs(142,9): error CS8602: Dereference of a possibly null reference. [C:\Projects\Hazina\src\Core\Agents\Hazina.AgentFactory\Hazina.AgentFactory.csproj::TargetFramework=net9.0]
C:\Projects\Hazina\src\Core\Agents\Hazina.AgentFactory\Services\Tools\ToolRegistrationService.cs(621,25): error CS8602: Dereference of a possibly null reference. [C:\Projects\Hazina\src\Core\Agents\Hazina.AgentFactory\Hazina.AgentFactory.csproj::TargetFramework=net9.0]
C:\Projects\Hazina\src\Core\Agents\Hazina.AgentFactory\Core\AgentFactory.cs(274,9): error CS8602: Dereference of a possibly null reference. [C:\Projects\Hazina\src\Core\Agents\Hazina.AgentFactory\Hazina.AgentFactory.csproj::TargetFramework=net9.0]
C:\Projects\Hazina\src\Core\Agents\Hazina.AgentFactory\Core\AgentFactory.cs(329,9): error CS8602: Dereference of a possibly null reference. [C:\Projects\Hazina\src\Core\Agents\Hazina.AgentFactory\Hazina.AgentFactory.csproj::TargetFramework=net9.0]
C:\Projects\Hazina\src\Core\Agents\Hazina.AgentFactory\Core\AgentFactory.cs(365,9): error CS8602: Dereference of a possibly null reference. [C:\Projects\Hazina\src\Core\Agents\Hazina.AgentFactory\Hazina.AgentFactory.csproj::TargetFramework=net9.0]
C:\Projects\Hazina\src\Core\Agents\Hazina.AgentFactory\Abstractions\IClock.cs(1,1): warning SA1633: The file header is missing or not located at the top of the file. (https://github.com/DotNetAnalyzers/StyleCopAnalyzers/blob/master/documentation/SA1633.md) [C:\Projects\Hazina\src\Core\Agents\Hazina.AgentFactory\Hazina.AgentFactory.csproj::TargetFramework=net9.0]
C:\Projects\Hazina\src\Core\Agents\Hazina.AgentFactory\Abstractions\IClock.cs(38,14): warning SA1402: File may only contain a single type (https://github.com/DotNetAnalyzers/StyleCopAnalyzers/blob/master/documentation/SA1402.md) [C:\Projects\Hazina\src\Core\Agents\Hazina.AgentFactory\Hazina.AgentFactory.csproj::TargetFramework=net9.0]
C:\Projects\Hazina\src\Core\Agents\Hazina.AgentFactory\Abstractions\IFileSystem.cs(1,1): warning SA1633: The file header is missing or not located at the top of the file. (https://github.com/DotNetAnalyzers/StyleCopAnalyzers/blob/master/documentation/SA1633.md) [C:\Projects\Hazina\src\Core\Agents\Hazina.AgentFactory\Hazina.AgentFactory.csproj::TargetFramework=net9.0]
C:\Projects\Hazina\src\Core\Agents\Hazina.AgentFactory\Abstractions\IFileSystem.cs(144,14): warning SA1402: File may only contain a single type (https://github.com/DotNetAnalyzers/StyleCopAnalyzers/blob/master/documentation/SA1402.md) [C:\Projects\Hazina\src\Core\Agents\Hazina.AgentFactory\Hazina.AgentFactory.csproj::TargetFramework=net9.0]
C:\Projects\Hazina\src\Core\Agents\Hazina.AgentFactory\Abstractions\IFileSystem.cs(165,14): warning SA1402: File may only contain a single type (https://github.com/DotNetAnalyzers/StyleCopAnalyzers/blob/master/documentation/SA1402.md) [C:\Projects\Hazina\src\Core\Agents\Hazina.AgentFactory\Hazina.AgentFactory.csproj::TargetFramework=net9.0]
C:\Projects\Hazina\src\Core\Agents\Hazina.AgentFactory\Configuration\AgentConfig.cs(1,1): warning SA1633: The file header is missing or not located at the top of the file. (https://github.com/DotNetAnalyzers/StyleCopAnalyzers/blob/master/documentation/SA1633.md) [C:\Projects\Hazina\src\Core\Agents\Hazina.AgentFactory\Hazina.AgentFactory.csproj::TargetFramework=net9.0]
C:\Projects\Hazina\src\Core\Agents\Hazina.AgentFactory\Configuration\AgentConfig.cs(1,1): warning SA1517: Code should not contain blank lines at start of file (https://github.com/DotNetAnalyzers/StyleCopAnalyzers/blob/master/documentation/SA1517.md) [C:\Projects\Hazina\src\Core\Agents\Hazina.AgentFactory\Hazina.AgentFactory.csproj::TargetFramework=net9.0]
C:\Projects\Hazina\src\Core\Agents\Hazina.AgentFactory\Configuration\FlowConfig.cs(1,1): warning SA1633: The file header is missing or not located at the top of the file. (https://github.com/DotNetAnalyzers/StyleCopAnalyzers/blob/master/documentation/SA1633.md) [C:\Projects\Hazina\src\Core\Agents\Hazina.AgentFactory\Hazina.AgentFactory.csproj::TargetFramework=net9.0]
C:\Projects\Hazina\src\Core\Agents\Hazina.AgentFactory\Configuration\Formatters\AgentConfigFormatHelper.cs(1,1): warning SA1633: The file header is missing or not located at the top of the file. (https://github.com/DotNetAnalyzers/StyleCopAnalyzers/blob/master/documentation/SA1633.md) [C:\Projects\Hazina\src\Core\Agents\Hazina.AgentFactory\Hazina.AgentFactory.csproj::TargetFramework=net9.0]
C:\Projects\Hazina\src\Core\Agents\Hazina.AgentFactory\Configuration\Formatters\AgentConfigFormatHelper.cs(23,10): warning SA1513: Closing brace should be followed by blank line (https://github.com/DotNetAnalyzers/StyleCopAnalyzers/blob/master/documentation/SA1513.md) [C:\Projects\Hazina\src\Core\Agents\Hazina.AgentFactory\Hazina.AgentFactory.csproj::TargetFramework=net9.0]
C:\Projects\Hazina\src\Core\Agents\Hazina.AgentFactory\Configuration\Formatters\AgentConfigFormatHelper.cs(24,9): warning SA1515: Single-line comment should be preceded by blank line (https://github.com/DotNetAnalyzers/StyleCopAnalyzers/blob/master/documentation/SA1515.md) [C:\Projects\Hazina\src\Core\Agents\Hazina.AgentFactory\Hazina.AgentFactory.csproj::TargetFramework=net9.0]
C:\Projects\Hazina\src\Core\Agents\Hazina.AgentFactory\Configuration\Formatters\AgentConfigFormatHelper.cs(45,9): warning SA1515: Single-line comment should be preceded by blank line (https://github.com/DotNetAnalyzers/StyleCopAnalyzers/blob/master/documentation/SA1515.md) [C:\Projects\Hazina\src\Core\Agents\Hazina.AgentFactory\Hazina.AgentFactory.csproj::TargetFramework=net9.0]
C:\Projects\Hazina\src\Core\Agents\Hazina.AgentFactory\Configuration\Formatters\AgentConfigFormatHelper.cs(48,9): warning SA1515: Single-line comment should be preceded by blank line (https://github.com/DotNetAnalyzers/StyleCopAnalyzers/blob/master/documentation/SA1515.md) [C:\Projects\Hazina\src\Core\Agents\Hazina.AgentFactory\Hazina.AgentFactory.csproj::TargetFramework=net9.0]
C:\Projects\Hazina\src\Core\Agents\Hazina.AgentFactory\Configuration\Formatters\AgentConfigFormatHelper.cs(13,9): warning SA1000: The keyword 'if' should be followed by a space (https://github.com/DotNetAnalyzers/StyleCopAnalyzers/blob/master/documentation/SA1000.md) [C:\Projects\Hazina\src\Core\Agents\Hazina.AgentFactory\Hazina.AgentFactory.csproj::TargetFramework=net9.0]
C:\Projects\Hazina\src\Core\Agents\Hazina.AgentFactory\Configuration\Formatters\AgentConfigFormatHelper.cs(29,9): warning SA1000: The keyword 'catch' should be followed by a space (https://github.com/DotNetAnalyzers/StyleCopAnalyzers/blob/master/documentation/SA1000.md) [C:\Projects\Hazina\src\Core\Agents\Hazina.AgentFactory\Hazina.AgentFactory.csproj::TargetFramework=net9.0]
C:\Projects\Hazina\src\Core\Agents\Hazina.AgentFactory\Configuration\Formatters\FlowConfigFormatHelper.cs(1,1): warning SA1633: The file header is missing or not located at the top of the file. (https://github.com/DotNetAnalyzers/StyleCopAnalyzers/blob/master/documentation/SA1633.md) [C:\Projects\Hazina\src\Core\Agents\Hazina.AgentFactory\Hazina.AgentFactory.csproj::TargetFramework=net9.0]
C:\Projects\Hazina\src\Core\Agents\Hazina.AgentFactory\Configuration\Formatters\FlowConfigFormatHelper.cs(21,10): warning SA1513: Closing brace should be followed by blank line (https://github.com/DotNetAnalyzers/StyleCopAnalyzers/blob/master/documentation/SA1513.md) [C:\Projects\Hazina\src\Core\Agents\Hazina.AgentFactory\Hazina.AgentFactory.csproj::TargetFramework=net9.0]
C:\Projects\Hazina\src\Core\Agents\Hazina.AgentFactory\Configuration\Formatters\FlowConfigFormatHelper.cs(22,9): warning SA1515: Single-line comment should be preceded by blank line (https://github.com/DotNetAnalyzers/StyleCopAnalyzers/blob/master/documentation/SA1515.md) [C:\Projects\Hazina\src\Core\Agents\Hazina.AgentFactory\Hazina.AgentFactory.csproj::TargetFramework=net9.0]
C:\Projects\Hazina\src\Core\Agents\Hazina.AgentFactory\Configuration\Formatters\FlowConfigFormatHelper.cs(43,9): warning SA1515: Single-line comment should be preceded by blank line (https://github.com/DotNetAnalyzers/StyleCopAnalyzers/blob/master/documentation/SA1515.md) [C:\Projects\Hazina\src\Core\Agents\Hazina.AgentFactory\Hazina.AgentFactory.csproj::TargetFramework=net9.0]
C:\Projects\Hazina\src\Core\Agents\Hazina.AgentFactory\Configuration\Formatters\FlowConfigFormatHelper.cs(46,9): warning SA1515: Single-line comment should be preceded by blank line (https://github.com/DotNetAnalyzers/StyleCopAnalyzers/blob/master/documentation/SA1515.md) [C:\Projects\Hazina\src\Core\Agents\Hazina.AgentFactory\Hazina.AgentFactory.csproj::TargetFramework=net9.0]
C:\Projects\Hazina\src\Core\Agents\Hazina.AgentFactory\Configuration\Formatters\StoreConfigFormatHelper.cs(1,1): warning SA1633: The file header is missing or not located at the top of the file. (https://github.com/DotNetAnalyzers/StyleCopAnalyzers/blob/master/documentation/SA1633.md) [C:\Projects\Hazina\src\Core\Agents\Hazina.AgentFactory\Hazina.AgentFactory.csproj::TargetFramework=net9.0]
C:\Projects\Hazina\src\Core\Agents\Hazina.AgentFactory\Configuration\Formatters\StoreConfigFormatHelper.cs(23,10): warning SA1513: Closing brace should be followed by blank line (https://github.com/DotNetAnalyzers/StyleCopAnalyzers/blob/master/documentation/SA1513.md) [C:\Projects\Hazina\src\Core\Agents\Hazina.AgentFactory\Hazina.AgentFactory.csproj::TargetFramework=net9.0]
C:\Projects\Hazina\src\Core\Agents\Hazina.AgentFactory\Configuration\Formatters\StoreConfigFormatHelper.cs(24,9): warning SA1515: Single-line comment should be preceded by blank line (https://github.com/DotNetAnalyzers/StyleCopAnalyzers/blob/master/documentation/SA1515.md) [C:\Projects\Hazina\src\Core\Agents\Hazina.AgentFactory\Hazina.AgentFactory.csproj::TargetFramework=net9.0]
C:\Projects\Hazina\src\Core\AI\Hazina.AI.RAG\Retrieval\LlmJudgeReranker.cs(106,16): warning CA1307: 'string.Replace(string, string?)' has a method overload that takes a 'StringComparison' parameter. Replace this call in 'Hazina.AI.RAG.Retrieval.LlmJudgeReranker.BuildScoringPrompt(string, string)' with a call to 'string.Replace(string, string?, System.StringComparison)' for clarity of intent. (https://learn.microsoft.com/dotnet/fundamentals/code-analysis/quality-rules/ca1307) [C:\Projects\Hazina\src\Core\AI\Hazina.AI.RAG\Hazina.AI.RAG.csproj::TargetFramework=net10.0]
C:\Projects\Hazina\src\Core\Agents\Hazina.AgentFactory\Configuration\Formatters\StoreConfigFormatHelper.cs(45,9): warning SA1515: Single-line comment should be preceded by blank line (https://github.com/DotNetAnalyzers/StyleCopAnalyzers/blob/master/documentation/SA1515.md) [C:\Projects\Hazina\src\Core\Agents\Hazina.AgentFactory\Hazina.AgentFactory.csproj::TargetFramework=net9.0]
C:\Projects\Hazina\src\Core\Agents\Hazina.AgentFactory\Configuration\Formatters\StoreConfigFormatHelper.cs(48,9): warning SA1515: Single-line comment should be preceded by blank line (https://github.com/DotNetAnalyzers/StyleCopAnalyzers/blob/master/documentation/SA1515.md) [C:\Projects\Hazina\src\Core\Agents\Hazina.AgentFactory\Hazina.AgentFactory.csproj::TargetFramework=net9.0]
C:\Projects\Hazina\src\Core\Agents\Hazina.AgentFactory\Configuration\Formatters\StoreConfigFormatHelper.cs(13,9): warning SA1000: The keyword 'if' should be followed by a space (https://github.com/DotNetAnalyzers/StyleCopAnalyzers/blob/master/documentation/SA1000.md) [C:\Projects\Hazina\src\Core\Agents\Hazina.AgentFactory\Hazina.AgentFactory.csproj::TargetFramework=net9.0]
C:\Projects\Hazina\src\Core\AI\Hazina.AI.RAG\Embeddings\HierarchicalChunker.cs(170,34): warning S6610: "StartsWith" overloads that take a "char" should be used (https://rules.sonarsource.com/csharp/RSPEC-6610) [C:\Projects\Hazina\src\Core\AI\Hazina.AI.RAG\Hazina.AI.RAG.csproj::TargetFramework=net10.0]
C:\Projects\Hazina\src\Core\Agents\Hazina.AgentFactory\Configuration\Formatters\StoreConfigFormatHelper.cs(29,9): warning SA1000: The keyword 'catch' should be followed by a space (https://github.com/DotNetAnalyzers/StyleCopAnalyzers/blob/master/documentation/SA1000.md) [C:\Projects\Hazina\src\Core\Agents\Hazina.AgentFactory\Hazina.AgentFactory.csproj::TargetFramework=net9.0]
C:\Projects\Hazina\src\Core\Agents\Hazina.AgentFactory\Configuration\GoogleConfig.cs(1,1): warning SA1633: The file header is missing or not located at the top of the file. (https://github.com/DotNetAnalyzers/StyleCopAnalyzers/blob/master/documentation/SA1633.md) [C:\Projects\Hazina\src\Core\Agents\Hazina.AgentFactory\Hazina.AgentFactory.csproj::TargetFramework=net9.0]
C:\Projects\Hazina\src\Core\Agents\Hazina.AgentFactory\Configuration\Parsers\HazinaAgentConfigParser.cs(1,1): warning SA1633: The file header is missing or not located at the top of the file. (https://github.com/DotNetAnalyzers/StyleCopAnalyzers/blob/master/documentation/SA1633.md) [C:\Projects\Hazina\src\Core\Agents\Hazina.AgentFactory\Hazina.AgentFactory.csproj::TargetFramework=net9.0]
C:\Projects\Hazina\src\Core\Agents\Hazina.AgentFactory\Configuration\Parsers\HazinaAgentConfigParser.cs(148,1): warning SA1507: Code should not contain multiple blank lines in a row (https://github.com/DotNetAnalyzers/StyleCopAnalyzers/blob/master/documentation/SA1507.md) [C:\Projects\Hazina\src\Core\Agents\Hazina.AgentFactory\Hazina.AgentFactory.csproj::TargetFramework=net9.0]
C:\Projects\Hazina\src\Core\Agents\Hazina.AgentFactory\Configuration\Parsers\HazinaAgentConfigParser.cs(30,10): warning SA1513: Closing brace should be followed by blank line (https://github.com/DotNetAnalyzers/StyleCopAnalyzers/blob/master/documentation/SA1513.md) [C:\Projects\Hazina\src\Core\Agents\Hazina.AgentFactory\Hazina.AgentFactory.csproj::TargetFramework=net9.0]
C:\Projects\Hazina\src\Core\Agents\Hazina.AgentFactory\Configuration\Parsers\HazinaAgentConfigParser.cs(50,18): warning SA1513: Closing brace should be followed by blank line (https://github.com/DotNetAnalyzers/StyleCopAnalyzers/blob/master/documentation/SA1513.md) [C:\Projects\Hazina\src\Core\Agents\Hazina.AgentFactory\Hazina.AgentFactory.csproj::TargetFramework=net9.0]
C:\Projects\Hazina\src\Core\Agents\Hazina.AgentFactory\Configuration\Parsers\HazinaAgentConfigParser.cs(52,14): warning SA1513: Closing brace should be followed by blank line (https://github.com/DotNetAnalyzers/StyleCopAnalyzers/blob/master/documentation/SA1513.md) [C:\Projects\Hazina\src\Core\Agents\Hazina.AgentFactory\Hazina.AgentFactory.csproj::TargetFramework=net9.0]
C:\Projects\Hazina\src\Core\Agents\Hazina.AgentFactory\Configuration\Parsers\HazinaAgentConfigParser.cs(83,10): warning SA1513: Closing brace should be followed by blank line (https://github.com/DotNetAnalyzers/StyleCopAnalyzers/blob/master/documentation/SA1513.md) [C:\Projects\Hazina\src\Core\Agents\Hazina.AgentFactory\Hazina.AgentFactory.csproj::TargetFramework=net9.0]
C:\Projects\Hazina\src\Core\Agents\Hazina.AgentFactory\Configuration\Parsers\HazinaAgentConfigParser.cs(92,6): warning SA1513: Closing brace should be followed by blank line (https://github.com/DotNetAnalyzers/StyleCopAnalyzers/blob/master/documentation/SA1513.md) [C:\Projects\Hazina\src\Core\Agents\Hazina.AgentFactory\Hazina.AgentFactory.csproj::TargetFramework=net9.0]
C:\Projects\Hazina\src\Core\Agents\Hazina.AgentFactory\Configuration\Parsers\HazinaAgentConfigParser.cs(120,6): warning SA1513: Closing brace should be followed by blank line (https://github.com/DotNetAnalyzers/StyleCopAnalyzers/blob/master/documentation/SA1513.md) [C:\Projects\Hazina\src\Core\Agents\Hazina.AgentFactory\Hazina.AgentFactory.csproj::TargetFramework=net9.0]
C:\Projects\Hazina\src\Core\Agents\Hazina.AgentFactory\Configuration\Parsers\HazinaAgentConfigParser.cs(133,6): warning SA1513: Closing brace should be followed by blank line (https://github.com/DotNetAnalyzers/StyleCopAnalyzers/blob/master/documentation/SA1513.md) [C:\Projects\Hazina\src\Core\Agents\Hazina.AgentFactory\Hazina.AgentFactory.csproj::TargetFramework=net9.0]
C:\Projects\Hazina\src\Core\Agents\Hazina.AgentFactory\Configuration\Parsers\HazinaAgentConfigParser.cs(167,10): warning SA1513: Closing brace should be followed by blank line (https://github.com/DotNetAnalyzers/StyleCopAnalyzers/blob/master/documentation/SA1513.md) [C:\Projects\Hazina\src\Core\Agents\Hazina.AgentFactory\Hazina.AgentFactory.csproj::TargetFramework=net9.0]
C:\Projects\Hazina\src\Core\Agents\Hazina.AgentFactory\Configuration\Parsers\HazinaAgentConfigParser.cs(187,18): warning SA1513: Closing brace should be followed by blank line (https://github.com/DotNetAnalyzers/StyleCopAnalyzers/blob/master/documentation/SA1513.md) [C:\Projects\Hazina\src\Core\Agents\Hazina.AgentFactory\Hazina.AgentFactory.csproj::TargetFramework=net9.0]
C:\Projects\Hazina\src\Core\Agents\Hazina.AgentFactory\Configuration\Parsers\HazinaAgentConfigParser.cs(189,14): warning SA1513: Closing brace should be followed by blank line (https://github.com/DotNetAnalyzers/StyleCopAnalyzers/blob/master/documentation/SA1513.md) [C:\Projects\Hazina\src\Core\Agents\Hazina.AgentFactory\Hazina.AgentFactory.csproj::TargetFramework=net9.0]
C:\Projects\Hazina\src\Core\Agents\Hazina.AgentFactory\Configuration\Parsers\HazinaAgentConfigParser.cs(203,10): warning SA1513: Closing brace should be followed by blank line (https://github.com/DotNetAnalyzers/StyleCopAnalyzers/blob/master/documentation/SA1513.md) [C:\Projects\Hazina\src\Core\Agents\Hazina.AgentFactory\Hazina.AgentFactory.csproj::TargetFramework=net9.0]
C:\Projects\Hazina\src\Core\Agents\Hazina.AgentFactory\Configuration\Parsers\HazinaAgentConfigParser.cs(212,6): warning SA1513: Closing brace should be followed by blank line (https://github.com/DotNetAnalyzers/StyleCopAnalyzers/blob/master/documentation/SA1513.md) [C:\Projects\Hazina\src\Core\Agents\Hazina.AgentFactory\Hazina.AgentFactory.csproj::TargetFramework=net9.0]
C:\Projects\Hazina\src\Core\Agents\Hazina.AgentFactory\Configuration\Parsers\HazinaAgentConfigParser.cs(240,6): warning SA1513: Closing brace should be followed by blank line (https://github.com/DotNetAnalyzers/StyleCopAnalyzers/blob/master/documentation/SA1513.md) [C:\Projects\Hazina\src\Core\Agents\Hazina.AgentFactory\Hazina.AgentFactory.csproj::TargetFramework=net9.0]
C:\Projects\Hazina\src\Core\Agents\Hazina.AgentFactory\Configuration\Parsers\HazinaAgentConfigParser.cs(253,6): warning SA1513: Closing brace should be followed by blank line (https://github.com/DotNetAnalyzers/StyleCopAnalyzers/blob/master/documentation/SA1513.md) [C:\Projects\Hazina\src\Core\Agents\Hazina.AgentFactory\Hazina.AgentFactory.csproj::TargetFramework=net9.0]
C:\Projects\Hazina\src\Core\Agents\Hazina.AgentFactory\Configuration\Parsers\HazinaAgentConfigParser.cs(97,5): warning SA1515: Single-line comment should be preceded by blank line (https://github.com/DotNetAnalyzers/StyleCopAnalyzers/blob/master/documentation/SA1515.md) [C:\Projects\Hazina\src\Core\Agents\Hazina.AgentFactory\Hazina.AgentFactory.csproj::TargetFramework=net9.0]
C:\Projects\Hazina\src\Core\AI\Hazina.AI.RAG\Embeddings\HierarchicalChunker.cs(153,57): warning SA1629: Documentation text should end with a period (https://github.com/DotNetAnalyzers/StyleCopAnalyzers/blob/master/documentation/SA1629.md) [C:\Projects\Hazina\src\Core\AI\Hazina.AI.RAG\Hazina.AI.RAG.csproj::TargetFramework=net10.0]
C:\Projects\Hazina\src\Core\Agents\Hazina.AgentFactory\Configuration\Parsers\HazinaAgentConfigParser.cs(121,5): warning SA1515: Single-line comment should be preceded by blank line (https://github.com/DotNetAnalyzers/StyleCopAnalyzers/blob/master/documentation/SA1515.md) [C:\Projects\Hazina\src\Core\Agents\Hazina.AgentFactory\Hazina.AgentFactory.csproj::TargetFramework=net9.0]
C:\Projects\Hazina\src\Core\Agents\Hazina.AgentFactory\Configuration\Parsers\HazinaAgentConfigParser.cs(134,5): warning SA1515: Single-line comment should be preceded by blank line (https://github.com/DotNetAnalyzers/StyleCopAnalyzers/blob/master/documentation/SA1515.md) [C:\Projects\Hazina\src\Core\Agents\Hazina.AgentFactory\Hazina.AgentFactory.csproj::TargetFramework=net9.0]
C:\Projects\Hazina\src\Core\Agents\Hazina.AgentFactory\Configuration\Parsers\HazinaAgentConfigParser.cs(217,5): warning SA1515: Single-line comment should be preceded by blank line (https://github.com/DotNetAnalyzers/StyleCopAnalyzers/blob/master/documentation/SA1515.md) [C:\Projects\Hazina\src\Core\Agents\Hazina.AgentFactory\Hazina.AgentFactory.csproj::TargetFramework=net9.0]
C:\Projects\Hazina\src\Core\Agents\Hazina.AgentFactory\Configuration\Parsers\HazinaAgentConfigParser.cs(241,5): warning SA1515: Single-line comment should be preceded by blank line (https://github.com/DotNetAnalyzers/StyleCopAnalyzers/blob/master/documentation/SA1515.md) [C:\Projects\Hazina\src\Core\Agents\Hazina.AgentFactory\Hazina.AgentFactory.csproj::TargetFramework=net9.0]
C:\Projects\Hazina\src\Core\Agents\Hazina.AgentFactory\Configuration\Parsers\HazinaAgentConfigParser.cs(254,5): warning SA1515: Single-line comment should be preceded by blank line (https://github.com/DotNetAnalyzers/StyleCopAnalyzers/blob/master/documentation/SA1515.md) [C:\Projects\Hazina\src\Core\Agents\Hazina.AgentFactory\Hazina.AgentFactory.csproj::TargetFramework=net9.0]
C:\Projects\Hazina\src\Core\AI\Hazina.AI.RAG\Embeddings\HierarchicalChunker.cs(170,44): warning CA1866: Use 'string.StartsWith(char)' instead of 'string.StartsWith(string)' when you have a string with a single char (https://learn.microsoft.com/dotnet/fundamentals/code-analysis/quality-rules/ca1866) [C:\Projects\Hazina\src\Core\AI\Hazina.AI.RAG\Hazina.AI.RAG.csproj::TargetFramework=net10.0]
C:\Projects\Hazina\src\Core\Agents\Hazina.AgentFactory\Configuration\Parsers\HazinaAgentConfigParser.cs(153,21): warning SA1402: File may only contain a single type (https://github.com/DotNetAnalyzers/StyleCopAnalyzers/blob/master/documentation/SA1402.md) [C:\Projects\Hazina\src\Core\Agents\Hazina.AgentFactory\Hazina.AgentFactory.csproj::TargetFramework=net9.0]
C:\Projects\Hazina\src\Core\Agents\Hazina.AgentFactory\Configuration\AgentConfig.cs(2,14): warning CA1050: Declare types in namespaces (https://learn.microsoft.com/dotnet/fundamentals/code-analysis/quality-rules/ca1050) [C:\Projects\Hazina\src\Core\Agents\Hazina.AgentFactory\Hazina.AgentFactory.csproj::TargetFramework=net9.0]
C:\Projects\Hazina\src\Core\Agents\Hazina.AgentFactory\Configuration\AgentConfig.cs(2,14): warning MA0047: Declare type 'AgentConfig' in a namespace (https://github.com/meziantou/Meziantou.Analyzer/blob/main/docs/Rules/MA0047.md) [C:\Projects\Hazina\src\Core\Agents\Hazina.AgentFactory\Hazina.AgentFactory.csproj::TargetFramework=net9.0]
C:\Projects\Hazina\src\Core\Agents\Hazina.AgentFactory\Configuration\AgentConfig.cs(9,25): warning CA2227: Change 'CallsAgents' to be read-only by removing the property setter (https://learn.microsoft.com/dotnet/fundamentals/code-analysis/quality-rules/ca2227) [C:\Projects\Hazina\src\Core\Agents\Hazina.AgentFactory\Hazina.AgentFactory.csproj::TargetFramework=net9.0]
C:\Projects\Hazina\src\Core\Agents\Hazina.AgentFactory\Configuration\AgentConfig.cs(8,25): warning CA2227: Change 'Functions' to be read-only by removing the property setter (https://learn.microsoft.com/dotnet/fundamentals/code-analysis/quality-rules/ca2227) [C:\Projects\Hazina\src\Core\Agents\Hazina.AgentFactory\Hazina.AgentFactory.csproj::TargetFramework=net9.0]
C:\Projects\Hazina\src\Core\Agents\Hazina.AgentFactory\Configuration\AgentConfig.cs(8,25): warning CA1002: Change 'List<string>' in 'AgentConfig.Functions' to use 'Collection<T>', 'ReadOnlyCollection<T>' or 'KeyedCollection<K,V>' (https://learn.microsoft.com/dotnet/fundamentals/code-analysis/quality-rules/ca1002) [C:\Projects\Hazina\src\Core\Agents\Hazina.AgentFactory\Hazina.AgentFactory.csproj::TargetFramework=net9.0]
C:\Projects\Hazina\src\Core\Agents\Hazina.AgentFactory\Configuration\AgentConfig.cs(9,25): warning CA1002: Change 'List<string>' in 'AgentConfig.CallsAgents' to use 'Collection<T>', 'ReadOnlyCollection<T>' or 'KeyedCollection<K,V>' (https://learn.microsoft.com/dotnet/fundamentals/code-analysis/quality-rules/ca1002) [C:\Projects\Hazina\src\Core\Agents\Hazina.AgentFactory\Hazina.AgentFactory.csproj::TargetFramework=net9.0]
C:\Projects\Hazina\src\Core\Agents\Hazina.AgentFactory\Configuration\AgentConfig.cs(8,12): warning MA0016: Prefer using collection abstraction instead of implementation (https://github.com/meziantou/Meziantou.Analyzer/blob/main/docs/Rules/MA0016.md) [C:\Projects\Hazina\src\Core\Agents\Hazina.AgentFactory\Hazina.AgentFactory.csproj::TargetFramework=net9.0]
C:\Projects\Hazina\src\Core\Agents\Hazina.AgentFactory\Configuration\AgentConfig.cs(9,12): warning MA0016: Prefer using collection abstraction instead of implementation (https://github.com/meziantou/Meziantou.Analyzer/blob/main/docs/Rules/MA0016.md) [C:\Projects\Hazina\src\Core\Agents\Hazina.AgentFactory\Hazina.AgentFactory.csproj::TargetFramework=net9.0]
C:\Projects\Hazina\src\Core\Agents\Hazina.AgentFactory\Abstractions\IClock.cs(28,14): warning MA0048: File name must match type name (https://github.com/meziantou/Meziantou.Analyzer/blob/main/docs/Rules/MA0048.md) [C:\Projects\Hazina\src\Core\Agents\Hazina.AgentFactory\Hazina.AgentFactory.csproj::TargetFramework=net9.0]
C:\Projects\Hazina\src\Core\Agents\Hazina.AgentFactory\Configuration\AgentConfig.cs(10,25): warning CA2227: Change 'CallsFlows' to be read-only by removing the property setter (https://learn.microsoft.com/dotnet/fundamentals/code-analysis/quality-rules/ca2227) [C:\Projects\Hazina\src\Core\Agents\Hazina.AgentFactory\Hazina.AgentFactory.csproj::TargetFramework=net9.0]
C:\Projects\Hazina\src\Core\Agents\Hazina.AgentFactory\Configuration\AgentConfig.cs(10,25): warning CA1002: Change 'List<string>' in 'AgentConfig.CallsFlows' to use 'Collection<T>', 'ReadOnlyCollection<T>' or 'KeyedCollection<K,V>' (https://learn.microsoft.com/dotnet/fundamentals/code-analysis/quality-rules/ca1002) [C:\Projects\Hazina\src\Core\Agents\Hazina.AgentFactory\Hazina.AgentFactory.csproj::TargetFramework=net9.0]
C:\Projects\Hazina\src\Core\Agents\Hazina.AgentFactory\Configuration\AgentConfig.cs(10,12): warning MA0016: Prefer using collection abstraction instead of implementation (https://github.com/meziantou/Meziantou.Analyzer/blob/main/docs/Rules/MA0016.md) [C:\Projects\Hazina\src\Core\Agents\Hazina.AgentFactory\Hazina.AgentFactory.csproj::TargetFramework=net9.0]
C:\Projects\Hazina\src\Core\Agents\Hazina.AgentFactory\Configuration\AgentConfig.cs(2,14): warning S3903: Move 'AgentConfig' into a named namespace. (https://rules.sonarsource.com/csharp/RSPEC-3903) [C:\Projects\Hazina\src\Core\Agents\Hazina.AgentFactory\Hazina.AgentFactory.csproj::TargetFramework=net9.0]
C:\Projects\Hazina\src\Core\Agents\Hazina.AgentFactory\Configuration\AgentConfig.cs(11,46): warning CA1805: Member 'ExplicitModify' is explicitly initialized to its default value (https://learn.microsoft.com/dotnet/fundamentals/code-analysis/quality-rules/ca1805) [C:\Projects\Hazina\src\Core\Agents\Hazina.AgentFactory\Hazina.AgentFactory.csproj::TargetFramework=net9.0]
C:\Projects\Hazina\src\Core\Agents\Hazina.AgentFactory\Abstractions\IClock.cs(31,1): warning SA1516: Elements should be separated by blank line (https://github.com/DotNetAnalyzers/StyleCopAnalyzers/blob/master/documentation/SA1516.md) [C:\Projects\Hazina\src\Core\Agents\Hazina.AgentFactory\Hazina.AgentFactory.csproj::TargetFramework=net9.0]
C:\Projects\Hazina\src\Core\Agents\Hazina.AgentFactory\Abstractions\IClock.cs(32,1): warning SA1516: Elements should be separated by blank line (https://github.com/DotNetAnalyzers/StyleCopAnalyzers/blob/master/documentation/SA1516.md) [C:\Projects\Hazina\src\Core\Agents\Hazina.AgentFactory\Hazina.AgentFactory.csproj::TargetFramework=net9.0]
C:\Projects\Hazina\src\Core\Agents\Hazina.AgentFactory\Configuration\AgentConfig.cs(5,1): warning SA1516: Elements should be separated by blank line (https://github.com/DotNetAnalyzers/StyleCopAnalyzers/blob/master/documentation/SA1516.md) [C:\Projects\Hazina\src\Core\Agents\Hazina.AgentFactory\Hazina.AgentFactory.csproj::TargetFramework=net9.0]
C:\Projects\Hazina\src\Core\AI\Hazina.AI.RAG\Embeddings\HierarchicalChunker.cs(170,17): warning CA1310: The behavior of 'string.StartsWith(string)' could vary based on the current user's locale settings. Replace this call in 'Hazina.AI.RAG.Embeddings.HierarchicalChunker.SplitMarkdownSections(string)' with a call to 'string.StartsWith(string, System.StringComparison)'. (https://learn.microsoft.com/dotnet/fundamentals/code-analysis/quality-rules/ca1310) [C:\Projects\Hazina\src\Core\AI\Hazina.AI.RAG\Hazina.AI.RAG.csproj::TargetFramework=net10.0]
C:\Projects\Hazina\src\Core\Agents\Hazina.AgentFactory\Configuration\AgentConfig.cs(6,1): warning SA1516: Elements should be separated by blank line (https://github.com/DotNetAnalyzers/StyleCopAnalyzers/blob/master/documentation/SA1516.md) [C:\Projects\Hazina\src\Core\Agents\Hazina.AgentFactory\Hazina.AgentFactory.csproj::TargetFramework=net9.0]
C:\Projects\Hazina\src\Core\Agents\Hazina.AgentFactory\Configuration\AgentConfig.cs(7,1): warning SA1516: Elements should be separated by blank line (https://github.com/DotNetAnalyzers/StyleCopAnalyzers/blob/master/documentation/SA1516.md) [C:\Projects\Hazina\src\Core\Agents\Hazina.AgentFactory\Hazina.AgentFactory.csproj::TargetFramework=net9.0]
C:\Projects\Hazina\src\Core\Agents\Hazina.AgentFactory\Configuration\AgentConfig.cs(8,1): warning SA1516: Elements should be separated by blank line (https://github.com/DotNetAnalyzers/StyleCopAnalyzers/blob/master/documentation/SA1516.md) [C:\Projects\Hazina\src\Core\Agents\Hazina.AgentFactory\Hazina.AgentFactory.csproj::TargetFramework=net9.0]
C:\Projects\Hazina\src\Core\Agents\Hazina.AgentFactory\Configuration\AgentConfig.cs(9,1): warning SA1516: Elements should be separated by blank line (https://github.com/DotNetAnalyzers/StyleCopAnalyzers/blob/master/documentation/SA1516.md) [C:\Projects\Hazina\src\Core\Agents\Hazina.AgentFactory\Hazina.AgentFactory.csproj::TargetFramework=net9.0]
C:\Projects\Hazina\src\Core\Agents\Hazina.AgentFactory\Configuration\AgentConfig.cs(10,1): warning SA1516: Elements should be separated by blank line (https://github.com/DotNetAnalyzers/StyleCopAnalyzers/blob/master/documentation/SA1516.md) [C:\Projects\Hazina\src\Core\Agents\Hazina.AgentFactory\Hazina.AgentFactory.csproj::TargetFramework=net9.0]
C:\Projects\Hazina\src\Core\Agents\Hazina.AgentFactory\Configuration\AgentConfig.cs(11,1): warning SA1516: Elements should be separated by blank line (https://github.com/DotNetAnalyzers/StyleCopAnalyzers/blob/master/documentation/SA1516.md) [C:\Projects\Hazina\src\Core\Agents\Hazina.AgentFactory\Hazina.AgentFactory.csproj::TargetFramework=net9.0]
C:\Projects\Hazina\src\Core\Agents\Hazina.AgentFactory\Abstractions\IClock.cs(38,14): warning MA0048: File name must match type name (https://github.com/meziantou/Meziantou.Analyzer/blob/main/docs/Rules/MA0048.md) [C:\Projects\Hazina\src\Core\Agents\Hazina.AgentFactory\Hazina.AgentFactory.csproj::TargetFramework=net9.0]
C:\Projects\Hazina\src\Core\Agents\Hazina.AgentFactory\Configuration\AgentConfig.cs(7,27): warning CA2227: Change 'Stores' to be read-only by removing the property setter (https://learn.microsoft.com/dotnet/fundamentals/code-analysis/quality-rules/ca2227) [C:\Projects\Hazina\src\Core\Agents\Hazina.AgentFactory\Hazina.AgentFactory.csproj::TargetFramework=net9.0]
C:\Projects\Hazina\src\Core\Agents\Hazina.AgentFactory\Configuration\AgentConfig.cs(7,27): warning CA1002: Change 'List<StoreRef>' in 'AgentConfig.Stores' to use 'Collection<T>', 'ReadOnlyCollection<T>' or 'KeyedCollection<K,V>' (https://learn.microsoft.com/dotnet/fundamentals/code-analysis/quality-rules/ca1002) [C:\Projects\Hazina\src\Core\Agents\Hazina.AgentFactory\Hazina.AgentFactory.csproj::TargetFramework=net9.0]
C:\Projects\Hazina\src\Core\Agents\Hazina.AgentFactory\Configuration\AgentConfig.cs(7,12): warning MA0016: Prefer using collection abstraction instead of implementation (https://github.com/meziantou/Meziantou.Analyzer/blob/main/docs/Rules/MA0016.md) [C:\Projects\Hazina\src\Core\Agents\Hazina.AgentFactory\Hazina.AgentFactory.csproj::TargetFramework=net9.0]
C:\Projects\Hazina\src\Core\Agents\Hazina.AgentFactory\Abstractions\IFileSystem.cs(83,18): warning MA0048: File name must match type name (https://github.com/meziantou/Meziantou.Analyzer/blob/main/docs/Rules/MA0048.md) [C:\Projects\Hazina\src\Core\Agents\Hazina.AgentFactory\Hazina.AgentFactory.csproj::TargetFramework=net9.0]
C:\Projects\Hazina\src\Core\Agents\Hazina.AgentFactory\Configuration\Parsers\HazinaStoreConfigParser.cs(1,1): warning SA1633: The file header is missing or not located at the top of the file. (https://github.com/DotNetAnalyzers/StyleCopAnalyzers/blob/master/documentation/SA1633.md) [C:\Projects\Hazina\src\Core\Agents\Hazina.AgentFactory\Hazina.AgentFactory.csproj::TargetFramework=net9.0]
C:\Projects\Hazina\src\Core\Agents\Hazina.AgentFactory\Abstractions\IFileSystem.cs(86,1): warning SA1516: Elements should be separated by blank line (https://github.com/DotNetAnalyzers/StyleCopAnalyzers/blob/master/documentation/SA1516.md) [C:\Projects\Hazina\src\Core\Agents\Hazina.AgentFactory\Hazina.AgentFactory.csproj::TargetFramework=net9.0]
C:\Projects\Hazina\src\Core\Agents\Hazina.AgentFactory\Abstractions\IFileSystem.cs(87,1): warning SA1516: Elements should be separated by blank line (https://github.com/DotNetAnalyzers/StyleCopAnalyzers/blob/master/documentation/SA1516.md) [C:\Projects\Hazina\src\Core\Agents\Hazina.AgentFactory\Hazina.AgentFactory.csproj::TargetFramework=net9.0]
C:\Projects\Hazina\src\Core\Agents\Hazina.AgentFactory\Abstractions\IFileSystem.cs(88,1): warning SA1516: Elements should be separated by blank line (https://github.com/DotNetAnalyzers/StyleCopAnalyzers/blob/master/documentation/SA1516.md) [C:\Projects\Hazina\src\Core\Agents\Hazina.AgentFactory\Hazina.AgentFactory.csproj::TargetFramework=net9.0]
C:\Projects\Hazina\src\Core\Agents\Hazina.AgentFactory\Abstractions\IFileSystem.cs(89,1): warning SA1516: Elements should be separated by blank line (https://github.com/DotNetAnalyzers/StyleCopAnalyzers/blob/master/documentation/SA1516.md) [C:\Projects\Hazina\src\Core\Agents\Hazina.AgentFactory\Hazina.AgentFactory.csproj::TargetFramework=net9.0]
C:\Projects\Hazina\src\Core\Agents\Hazina.AgentFactory\Abstractions\IFileSystem.cs(90,1): warning SA1516: Elements should be separated by blank line (https://github.com/DotNetAnalyzers/StyleCopAnalyzers/blob/master/documentation/SA1516.md) [C:\Projects\Hazina\src\Core\Agents\Hazina.AgentFactory\Hazina.AgentFactory.csproj::TargetFramework=net9.0]
C:\Projects\Hazina\src\Core\Agents\Hazina.AgentFactory\Abstractions\IFileSystem.cs(91,1): warning SA1516: Elements should be separated by blank line (https://github.com/DotNetAnalyzers/StyleCopAnalyzers/blob/master/documentation/SA1516.md) [C:\Projects\Hazina\src\Core\Agents\Hazina.AgentFactory\Hazina.AgentFactory.csproj::TargetFramework=net9.0]
C:\Projects\Hazina\src\Core\Agents\Hazina.AgentFactory\Configuration\Parsers\HazinaStoreConfigParser.cs(22,10): warning SA1513: Closing brace should be followed by blank line (https://github.com/DotNetAnalyzers/StyleCopAnalyzers/blob/master/documentation/SA1513.md) [C:\Projects\Hazina\src\Core\Agents\Hazina.AgentFactory\Hazina.AgentFactory.csproj::TargetFramework=net9.0]
C:\Projects\Hazina\src\Core\Agents\Hazina.AgentFactory\Configuration\Parsers\HazinaStoreConfigParser.cs(41,18): warning SA1513: Closing brace should be followed by blank line (https://github.com/DotNetAnalyzers/StyleCopAnalyzers/blob/master/documentation/SA1513.md) [C:\Projects\Hazina\src\Core\Agents\Hazina.AgentFactory\Hazina.AgentFactory.csproj::TargetFramework=net9.0]
C:\Projects\Hazina\src\Core\Agents\Hazina.AgentFactory\Configuration\Parsers\HazinaStoreConfigParser.cs(43,14): warning SA1513: Closing brace should be followed by blank line (https://github.com/DotNetAnalyzers/StyleCopAnalyzers/blob/master/documentation/SA1513.md) [C:\Projects\Hazina\src\Core\Agents\Hazina.AgentFactory\Hazina.AgentFactory.csproj::TargetFramework=net9.0]
C:\Projects\Hazina\src\Core\Agents\Hazina.AgentFactory\Configuration\Parsers\HazinaStoreConfigParser.cs(64,10): warning SA1513: Closing brace should be followed by blank line (https://github.com/DotNetAnalyzers/StyleCopAnalyzers/blob/master/documentation/SA1513.md) [C:\Projects\Hazina\src\Core\Agents\Hazina.AgentFactory\Hazina.AgentFactory.csproj::TargetFramework=net9.0]
C:\Projects\Hazina\src\Core\Agents\Hazina.AgentFactory\Configuration\Parsers\HazinaStoreConfigParser.cs(68,2): warning SA1518: File is required to end with a single newline character (https://github.com/DotNetAnalyzers/StyleCopAnalyzers/blob/master/documentation/SA1518.md) [C:\Projects\Hazina\src\Core\Agents\Hazina.AgentFactory\Hazina.AgentFactory.csproj::TargetFramework=net9.0]
C:\Projects\Hazina\src\Core\Agents\Hazina.AgentFactory\Abstractions\IClock.cs(48,1): warning SA1516: Elements should be separated by blank line (https://github.com/DotNetAnalyzers/StyleCopAnalyzers/blob/master/documentation/SA1516.md) [C:\Projects\Hazina\src\Core\Agents\Hazina.AgentFactory\Hazina.AgentFactory.csproj::TargetFramework=net9.0]
C:\Projects\Hazina\src\Core\Agents\Hazina.AgentFactory\Abstractions\IClock.cs(49,1): warning SA1516: Elements should be separated by blank line (https://github.com/DotNetAnalyzers/StyleCopAnalyzers/blob/master/documentation/SA1516.md) [C:\Projects\Hazina\src\Core\Agents\Hazina.AgentFactory\Hazina.AgentFactory.csproj::TargetFramework=net9.0]
C:\Projects\Hazina\src\Core\Agents\Hazina.AgentFactory\Configuration\Formatters\AgentConfigFormatHelper.cs(5,21): warning CA1050: Declare types in namespaces (https://learn.microsoft.com/dotnet/fundamentals/code-analysis/quality-rules/ca1050) [C:\Projects\Hazina\src\Core\Agents\Hazina.AgentFactory\Hazina.AgentFactory.csproj::TargetFramework=net9.0]
C:\Projects\Hazina\src\Core\Agents\Hazina.AgentFactory\Configuration\Formatters\AgentConfigFormatHelper.cs(5,21): warning MA0047: Declare type 'AgentConfigFormatHelper' in a namespace (https://github.com/meziantou/Meziantou.Analyzer/blob/main/docs/Rules/MA0047.md) [C:\Projects\Hazina\src\Core\Agents\Hazina.AgentFactory\Hazina.AgentFactory.csproj::TargetFramework=net9.0]
C:\Projects\Hazina\src\Core\Agents\Hazina.AgentFactory\Configuration\Parsers\HazinaStoreConfigParserV2.cs(1,1): warning SA1633: The file header is missing or not located at the top of the file. (https://github.com/DotNetAnalyzers/StyleCopAnalyzers/blob/master/documentation/SA1633.md) [C:\Projects\Hazina\src\Core\Agents\Hazina.AgentFactory\Hazina.AgentFactory.csproj::TargetFramework=net9.0]
C:\Projects\Hazina\src\Core\Agents\Hazina.AgentFactory\Core\AgentManager.cs(3,1): warning SA1210: Using directives should be ordered alphabetically by the namespaces (https://github.com/DotNetAnalyzers/StyleCopAnalyzers/blob/master/documentation/SA1210.md) [C:\Projects\Hazina\src\Core\Agents\Hazina.AgentFactory\Hazina.AgentFactory.csproj::TargetFramework=net9.0]
C:\Projects\Hazina\src\Core\Agents\Hazina.AgentFactory\Configuration\Parsers\HazinaStoreConfigParserV2.cs(45,22): warning SA1513: Closing brace should be followed by blank line (https://github.com/DotNetAnalyzers/StyleCopAnalyzers/blob/master/documentation/SA1513.md) [C:\Projects\Hazina\src\Core\Agents\Hazina.AgentFactory\Hazina.AgentFactory.csproj::TargetFramework=net9.0]
C:\Projects\Hazina\src\Core\Agents\Hazina.AgentFactory\Abstractions\IFileSystem.cs(97,18): warning MA0048: File name must match type name (https://github.com/meziantou/Meziantou.Analyzer/blob/main/docs/Rules/MA0048.md) [C:\Projects\Hazina\src\Core\Agents\Hazina.AgentFactory\Hazina.AgentFactory.csproj::TargetFramework=net9.0]
C:\Projects\Hazina\src\Core\Agents\Hazina.AgentFactory\Configuration\Formatters\AgentConfigFormatHelper.cs(5,21): warning S3903: Move 'AgentConfigFormatHelper' into a named namespace. (https://rules.sonarsource.com/csharp/RSPEC-3903) [C:\Projects\Hazina\src\Core\Agents\Hazina.AgentFactory\Hazina.AgentFactory.csproj::TargetFramework=net9.0]
C:\Projects\Hazina\src\Core\Agents\Hazina.AgentFactory\Abstractions\IFileSystem.cs(100,1): warning SA1516: Elements should be separated by blank line (https://github.com/DotNetAnalyzers/StyleCopAnalyzers/blob/master/documentation/SA1516.md) [C:\Projects\Hazina\src\Core\Agents\Hazina.AgentFactory\Hazina.AgentFactory.csproj::TargetFramework=net9.0]
C:\Projects\Hazina\src\Core\AI\Hazina.AI.RAG\Retrieval\Reranker.cs(173,13): warning CA1062: In externally visible method 'List<RetrievedDocument> Reranker.DiversifyResults(List<RetrievedDocument> documents, int maxResults, double diversityThreshold = 0.8)', validate parameter 'documents' is non-null before using it. If appropriate, throw an 'ArgumentNullException' when the argument is 'null'. (https://learn.microsoft.com/dotnet/fundamentals/code-analysis/quality-rules/ca1062) [C:\Projects\Hazina\src\Core\AI\Hazina.AI.RAG\Hazina.AI.RAG.csproj::TargetFramework=net10.0]
C:\Projects\Hazina\src\Core\Agents\Hazina.AgentFactory\Abstractions\IFileSystem.cs(101,1): warning SA1516: Elements should be separated by blank line (https://github.com/DotNetAnalyzers/StyleCopAnalyzers/blob/master/documentation/SA1516.md) [C:\Projects\Hazina\src\Core\Agents\Hazina.AgentFactory\Hazina.AgentFactory.csproj::TargetFramework=net9.0]
C:\Projects\Hazina\src\Core\Agents\Hazina.AgentFactory\Abstractions\IFileSystem.cs(102,1): warning SA1516: Elements should be separated by blank line (https://github.com/DotNetAnalyzers/StyleCopAnalyzers/blob/master/documentation/SA1516.md) [C:\Projects\Hazina\src\Core\Agents\Hazina.AgentFactory\Hazina.AgentFactory.csproj::TargetFramework=net9.0]
C:\Projects\Hazina\src\Core\Agents\Hazina.AgentFactory\Abstractions\IFileSystem.cs(103,1): warning SA1516: Elements should be separated by blank line (https://github.com/DotNetAnalyzers/StyleCopAnalyzers/blob/master/documentation/SA1516.md) [C:\Projects\Hazina\src\Core\Agents\Hazina.AgentFactory\Hazina.AgentFactory.csproj::TargetFramework=net9.0]
C:\Projects\Hazina\src\Core\AI\Hazina.AI.RAG\Embeddings\HierarchicalChunker.cs(170,17): warning MA0074: Use an overload of 'StartsWith' that has a StringComparison parameter (https://github.com/meziantou/Meziantou.Analyzer/blob/main/docs/Rules/MA0074.md) [C:\Projects\Hazina\src\Core\AI\Hazina.AI.RAG\Hazina.AI.RAG.csproj::TargetFramework=net10.0]
C:\Projects\Hazina\src\Core\Agents\Hazina.AgentFactory\Configuration\Formatters\StoreConfigFormatHelper.cs(5,21): warning CA1050: Declare types in namespaces (https://learn.microsoft.com/dotnet/fundamentals/code-analysis/quality-rules/ca1050) [C:\Projects\Hazina\src\Core\Agents\Hazina.AgentFactory\Hazina.AgentFactory.csproj::TargetFramework=net9.0]
C:\Projects\Hazina\src\Core\AI\Hazina.AI.RAG\Embeddings\LLMMetadataExtractor.cs(159,63): warning SA1629: Documentation text should end with a period (https://github.com/DotNetAnalyzers/StyleCopAnalyzers/blob/master/documentation/SA1629.md) [C:\Projects\Hazina\src\Core\AI\Hazina.AI.RAG\Hazina.AI.RAG.csproj::TargetFramework=net10.0]
C:\Projects\Hazina\src\Core\AI\Hazina.AI.RAG\Embeddings\LLMMetadataExtractor.cs(169,28): warning MA0004: Use Task.ConfigureAwait(false) if the current SynchronizationContext is not needed (https://github.com/meziantou/Meziantou.Analyzer/blob/main/docs/Rules/MA0004.md) [C:\Projects\Hazina\src\Core\AI\Hazina.AI.RAG\Hazina.AI.RAG.csproj::TargetFramework=net10.0]
C:\Projects\Hazina\src\Core\Agents\Hazina.AgentFactory\Configuration\FlowConfig.cs(5,25): warning CA2227: Change 'CallsAgents' to be read-only by removing the property setter (https://learn.microsoft.com/dotnet/fundamentals/code-analysis/quality-rules/ca2227) [C:\Projects\Hazina\src\Core\Agents\Hazina.AgentFactory\Hazina.AgentFactory.csproj::TargetFramework=net9.0]
C:\Projects\Hazina\src\Core\Agents\Hazina.AgentFactory\Configuration\FlowConfig.cs(5,25): warning CA1002: Change 'List<string>' in 'FlowConfig.CallsAgents' to use 'Collection<T>', 'ReadOnlyCollection<T>' or 'KeyedCollection<K,V>' (https://learn.microsoft.com/dotnet/fundamentals/code-analysis/quality-rules/ca1002) [C:\Projects\Hazina\src\Core\Agents\Hazina.AgentFactory\Hazina.AgentFactory.csproj::TargetFramework=net9.0]
C:\Projects\Hazina\src\Core\AI\Hazina.AI.RAG\Graph\Explainability\RetrievalTrace.cs(85,29): warning CA1002: Change 'List<RetrievalStep>' in 'ExplainabilityService.CreateTrace(string, HybridRetrievalResult, List<RetrievalStep>)' to use 'Collection<T>', 'ReadOnlyCollection<T>' or 'KeyedCollection<K,V>' (https://learn.microsoft.com/dotnet/fundamentals/code-analysis/quality-rules/ca1002) [C:\Projects\Hazina\src\Core\AI\Hazina.AI.RAG\Hazina.AI.RAG.csproj::TargetFramework=net10.0]
C:\Projects\Hazina\src\Core\Agents\Hazina.AgentFactory\Configuration\GoogleConfig.cs(8,14): warning CA1050: Declare types in namespaces (https://learn.microsoft.com/dotnet/fundamentals/code-analysis/quality-rules/ca1050) [C:\Projects\Hazina\src\Core\Agents\Hazina.AgentFactory\Hazina.AgentFactory.csproj::TargetFramework=net9.0]
C:\Projects\Hazina\src\Core\Agents\Hazina.AgentFactory\Configuration\Formatters\FlowConfigFormatHelper.cs(3,21): warning CA1050: Declare types in namespaces (https://learn.microsoft.com/dotnet/fundamentals/code-analysis/quality-rules/ca1050) [C:\Projects\Hazina\src\Core\Agents\Hazina.AgentFactory\Hazina.AgentFactory.csproj::TargetFramework=net9.0]
C:\Projects\Hazina\src\Core\Agents\Hazina.AgentFactory\Configuration\FlowConfig.cs(5,12): warning MA0016: Prefer using collection abstraction instead of implementation (https://github.com/meziantou/Meziantou.Analyzer/blob/main/docs/Rules/MA0016.md) [C:\Projects\Hazina\src\Core\Agents\Hazina.AgentFactory\Hazina.AgentFactory.csproj::TargetFramework=net9.0]
C:\Projects\Hazina\src\Core\Agents\Hazina.AgentFactory\Configuration\Formatters\FlowConfigFormatHelper.cs(3,21): warning MA0047: Declare type 'FlowConfigFormatHelper' in a namespace (https://github.com/meziantou/Meziantou.Analyzer/blob/main/docs/Rules/MA0047.md) [C:\Projects\Hazina\src\Core\Agents\Hazina.AgentFactory\Hazina.AgentFactory.csproj::TargetFramework=net9.0]
C:\Projects\Hazina\src\Core\Agents\Hazina.AgentFactory\Configuration\GoogleConfig.cs(8,14): warning MA0047: Declare type 'GoogleConfig' in a namespace (https://github.com/meziantou/Meziantou.Analyzer/blob/main/docs/Rules/MA0047.md) [C:\Projects\Hazina\src\Core\Agents\Hazina.AgentFactory\Hazina.AgentFactory.csproj::TargetFramework=net9.0]
C:\Projects\Hazina\src\Core\Agents\Hazina.AgentFactory\Configuration\Formatters\StoreConfigFormatHelper.cs(5,21): warning MA0047: Declare type 'StoreConfigFormatHelper' in a namespace (https://github.com/meziantou/Meziantou.Analyzer/blob/main/docs/Rules/MA0047.md) [C:\Projects\Hazina\src\Core\Agents\Hazina.AgentFactory\Hazina.AgentFactory.csproj::TargetFramework=net9.0]
C:\Projects\Hazina\src\Core\Agents\Hazina.AgentFactory\Configuration\Parsers\HazinaAgentConfigParser.cs(11,21): warning CA1050: Declare types in namespaces (https://learn.microsoft.com/dotnet/fundamentals/code-analysis/quality-rules/ca1050) [C:\Projects\Hazina\src\Core\Agents\Hazina.AgentFactory\Hazina.AgentFactory.csproj::TargetFramework=net9.0]
C:\Projects\Hazina\src\Core\Agents\Hazina.AgentFactory\Configuration\Formatters\FlowConfigFormatHelper.cs(3,21): warning S3903: Move 'FlowConfigFormatHelper' into a named namespace. (https://rules.sonarsource.com/csharp/RSPEC-3903) [C:\Projects\Hazina\src\Core\Agents\Hazina.AgentFactory\Hazina.AgentFactory.csproj::TargetFramework=net9.0]
C:\Projects\Hazina\src\Core\Agents\Hazina.AgentFactory\Configuration\Formatters\StoreConfigFormatHelper.cs(5,21): warning S3903: Move 'StoreConfigFormatHelper' into a named namespace. (https://rules.sonarsource.com/csharp/RSPEC-3903) [C:\Projects\Hazina\src\Core\Agents\Hazina.AgentFactory\Hazina.AgentFactory.csproj::TargetFramework=net9.0]
C:\Projects\Hazina\src\Core\Agents\Hazina.AgentFactory\Configuration\Parsers\HazinaAgentConfigParser.cs(11,21): warning MA0047: Declare type 'HazinaAgentConfigParser' in a namespace (https://github.com/meziantou/Meziantou.Analyzer/blob/main/docs/Rules/MA0047.md) [C:\Projects\Hazina\src\Core\Agents\Hazina.AgentFactory\Hazina.AgentFactory.csproj::TargetFramework=net9.0]
C:\Projects\Hazina\src\Core\Agents\Hazina.AgentFactory\Configuration\FlowConfig.cs(1,14): warning CA1050: Declare types in namespaces (https://learn.microsoft.com/dotnet/fundamentals/code-analysis/quality-rules/ca1050) [C:\Projects\Hazina\src\Core\Agents\Hazina.AgentFactory\Hazina.AgentFactory.csproj::TargetFramework=net9.0]
C:\Projects\Hazina\src\Core\Agents\Hazina.AgentFactory\Configuration\FlowConfig.cs(1,14): warning MA0047: Declare type 'FlowConfig' in a namespace (https://github.com/meziantou/Meziantou.Analyzer/blob/main/docs/Rules/MA0047.md) [C:\Projects\Hazina\src\Core\Agents\Hazina.AgentFactory\Hazina.AgentFactory.csproj::TargetFramework=net9.0]
C:\Projects\Hazina\src\Core\Agents\Hazina.AgentFactory\Abstractions\IFileSystem.cs(144,14): warning MA0048: File name must match type name (https://github.com/meziantou/Meziantou.Analyzer/blob/main/docs/Rules/MA0048.md) [C:\Projects\Hazina\src\Core\Agents\Hazina.AgentFactory\Hazina.AgentFactory.csproj::TargetFramework=net9.0]
C:\Projects\Hazina\src\Core\AI\Hazina.AI.RAG\Graph\Explainability\RetrievalTrace.cs(85,9): warning MA0016: Prefer using collection abstraction instead of implementation (https://github.com/meziantou/Meziantou.Analyzer/blob/main/docs/Rules/MA0016.md) [C:\Projects\Hazina\src\Core\AI\Hazina.AI.RAG\Hazina.AI.RAG.csproj::TargetFramework=net10.0]
C:\Projects\Hazina\src\Core\Agents\Hazina.AgentFactory\Configuration\GoogleConfig.cs(8,14): warning S3903: Move 'GoogleConfig' into a named namespace. (https://rules.sonarsource.com/csharp/RSPEC-3903) [C:\Projects\Hazina\src\Core\Agents\Hazina.AgentFactory\Hazina.AgentFactory.csproj::TargetFramework=net9.0]
C:\Projects\Hazina\src\Core\Agents\Hazina.AgentFactory\Configuration\FlowConfig.cs(1,14): warning S3903: Move 'FlowConfig' into a named namespace. (https://rules.sonarsource.com/csharp/RSPEC-3903) [C:\Projects\Hazina\src\Core\Agents\Hazina.AgentFactory\Hazina.AgentFactory.csproj::TargetFramework=net9.0]
C:\Projects\Hazina\src\Core\Agents\Hazina.AgentFactory\Configuration\FlowConfig.cs(4,1): warning SA1516: Elements should be separated by blank line (https://github.com/DotNetAnalyzers/StyleCopAnalyzers/blob/master/documentation/SA1516.md) [C:\Projects\Hazina\src\Core\Agents\Hazina.AgentFactory\Hazina.AgentFactory.csproj::TargetFramework=net9.0]
C:\Projects\Hazina\src\Core\Agents\Hazina.AgentFactory\Configuration\FlowConfig.cs(5,1): warning SA1516: Elements should be separated by blank line (https://github.com/DotNetAnalyzers/StyleCopAnalyzers/blob/master/documentation/SA1516.md) [C:\Projects\Hazina\src\Core\Agents\Hazina.AgentFactory\Hazina.AgentFactory.csproj::TargetFramework=net9.0]
C:\Projects\Hazina\src\Core\AI\Hazina.AI.RAG\Embeddings\SemanticSimilarityChunker.cs(143,70): warning SA1629: Documentation text should end with a period (https://github.com/DotNetAnalyzers/StyleCopAnalyzers/blob/master/documentation/SA1629.md) [C:\Projects\Hazina\src\Core\AI\Hazina.AI.RAG\Hazina.AI.RAG.csproj::TargetFramework=net10.0]
C:\Projects\Hazina\src\Core\Agents\Hazina.AgentFactory\Configuration\Parsers\HazinaStoreConfigParser.cs(7,21): warning CA1050: Declare types in namespaces (https://learn.microsoft.com/dotnet/fundamentals/code-analysis/quality-rules/ca1050) [C:\Projects\Hazina\src\Core\Agents\Hazina.AgentFactory\Hazina.AgentFactory.csproj::TargetFramework=net9.0]
C:\Projects\Hazina\src\Core\Agents\Hazina.AgentFactory\Configuration\Parsers\HazinaAgentConfigParser.cs(11,21): warning S3903: Move 'HazinaAgentConfigParser' into a named namespace. (https://rules.sonarsource.com/csharp/RSPEC-3903) [C:\Projects\Hazina\src\Core\Agents\Hazina.AgentFactory\Hazina.AgentFactory.csproj::TargetFramework=net9.0]
C:\Projects\Hazina\src\Core\Agents\Hazina.AgentFactory\Configuration\StoreConfig.cs(5,14): warning CA1050: Declare types in namespaces (https://learn.microsoft.com/dotnet/fundamentals/code-analysis/quality-rules/ca1050) [C:\Projects\Hazina\src\Core\Agents\Hazina.AgentFactory\Hazina.AgentFactory.csproj::TargetFramework=net9.0]
C:\Projects\Hazina\src\Core\Agents\Hazina.AgentFactory\Configuration\Parsers\HazinaStoreConfigParser.cs(7,21): warning MA0047: Declare type 'HazinaStoreConfigParser' in a namespace (https://github.com/meziantou/Meziantou.Analyzer/blob/main/docs/Rules/MA0047.md) [C:\Projects\Hazina\src\Core\Agents\Hazina.AgentFactory\Hazina.AgentFactory.csproj::TargetFramework=net9.0]
C:\Projects\Hazina\src\Core\Agents\Hazina.AgentFactory\Configuration\StoreConfig.cs(5,14): warning MA0047: Declare type 'StoreConfig' in a namespace (https://github.com/meziantou/Meziantou.Analyzer/blob/main/docs/Rules/MA0047.md) [C:\Projects\Hazina\src\Core\Agents\Hazina.AgentFactory\Hazina.AgentFactory.csproj::TargetFramework=net9.0]
C:\Projects\Hazina\src\Core\Agents\Hazina.AgentFactory\Configuration\StoreConfig.cs(27,21): warning CA1819: Properties should not return arrays (https://learn.microsoft.com/dotnet/fundamentals/code-analysis/quality-rules/ca1819) [C:\Projects\Hazina\src\Core\Agents\Hazina.AgentFactory\Hazina.AgentFactory.csproj::TargetFramework=net9.0]
C:\Projects\Hazina\src\Core\Agents\Hazina.AgentFactory\Configuration\Parsers\HazinaAgentConfigParser.cs(93,1): warning SA1516: Elements should be separated by blank line (https://github.com/DotNetAnalyzers/StyleCopAnalyzers/blob/master/documentation/SA1516.md) [C:\Projects\Hazina\src\Core\Agents\Hazina.AgentFactory\Hazina.AgentFactory.csproj::TargetFramework=net9.0]
C:\Projects\Hazina\src\Core\Agents\Hazina.AgentFactory\Configuration\Parsers\HazinaAgentConfigParser.cs(97,1): warning SA1516: Elements should be separated by blank line (https://github.com/DotNetAnalyzers/StyleCopAnalyzers/blob/master/documentation/SA1516.md) [C:\Projects\Hazina\src\Core\Agents\Hazina.AgentFactory\Hazina.AgentFactory.csproj::TargetFramework=net9.0]
C:\Projects\Hazina\src\Core\Agents\Hazina.AgentFactory\Configuration\Parsers\HazinaStoreConfigParser.cs(7,21): warning S3903: Move 'HazinaStoreConfigParser' into a named namespace. (https://rules.sonarsource.com/csharp/RSPEC-3903) [C:\Projects\Hazina\src\Core\Agents\Hazina.AgentFactory\Hazina.AgentFactory.csproj::TargetFramework=net9.0]
C:\Projects\Hazina\src\Core\Agents\Hazina.AgentFactory\Abstractions\IFileSystem.cs(154,1): warning SA1516: Elements should be separated by blank line (https://github.com/DotNetAnalyzers/StyleCopAnalyzers/blob/master/documentation/SA1516.md) [C:\Projects\Hazina\src\Core\Agents\Hazina.AgentFactory\Hazina.AgentFactory.csproj::TargetFramework=net9.0]
C:\Projects\Hazina\src\Core\AI\Hazina.AI.RAG\Graph\Pipeline\LLMEntityExtractor.cs(120,40): warning SA1116: The parameters should begin on the line after the declaration, whenever the parameter span across multiple lines (https://github.com/DotNetAnalyzers/StyleCopAnalyzers/blob/master/documentation/SA1116.md) [C:\Projects\Hazina\src\Core\AI\Hazina.AI.RAG\Hazina.AI.RAG.csproj::TargetFramework=net10.0]
C:\Projects\Hazina\src\Core\Agents\Hazina.AgentFactory\Configuration\Schema\ConfigSchemaGenerator.cs(1,1): warning SA1633: The file header is missing or not located at the top of the file. (https://github.com/DotNetAnalyzers/StyleCopAnalyzers/blob/master/documentation/SA1633.md) [C:\Projects\Hazina\src\Core\Agents\Hazina.AgentFactory\Hazina.AgentFactory.csproj::TargetFramework=net9.0]
C:\Projects\Hazina\src\Core\Agents\Hazina.AgentFactory\Abstractions\IFileSystem.cs(155,1): warning SA1516: Elements should be separated by blank line (https://github.com/DotNetAnalyzers/StyleCopAnalyzers/blob/master/documentation/SA1516.md) [C:\Projects\Hazina\src\Core\Agents\Hazina.AgentFactory\Hazina.AgentFactory.csproj::TargetFramework=net9.0]
C:\Projects\Hazina\src\Core\Agents\Hazina.AgentFactory\Abstractions\IFileSystem.cs(156,1): warning SA1516: Elements should be separated by blank line (https://github.com/DotNetAnalyzers/StyleCopAnalyzers/blob/master/documentation/SA1516.md) [C:\Projects\Hazina\src\Core\Agents\Hazina.AgentFactory\Hazina.AgentFactory.csproj::TargetFramework=net9.0]
C:\Projects\Hazina\src\Core\Agents\Hazina.AgentFactory\Abstractions\IFileSystem.cs(157,1): warning SA1516: Elements should be separated by blank line (https://github.com/DotNetAnalyzers/StyleCopAnalyzers/blob/master/documentation/SA1516.md) [C:\Projects\Hazina\src\Core\Agents\Hazina.AgentFactory\Hazina.AgentFactory.csproj::TargetFramework=net9.0]
C:\Projects\Hazina\src\Core\Agents\Hazina.AgentFactory\Abstractions\IFileSystem.cs(158,1): warning SA1516: Elements should be separated by blank line (https://github.com/DotNetAnalyzers/StyleCopAnalyzers/blob/master/documentation/SA1516.md) [C:\Projects\Hazina\src\Core\Agents\Hazina.AgentFactory\Hazina.AgentFactory.csproj::TargetFramework=net9.0]
C:\Projects\Hazina\src\Core\Agents\Hazina.AgentFactory\Abstractions\IFileSystem.cs(159,1): warning SA1516: Elements should be separated by blank line (https://github.com/DotNetAnalyzers/StyleCopAnalyzers/blob/master/documentation/SA1516.md) [C:\Projects\Hazina\src\Core\Agents\Hazina.AgentFactory\Hazina.AgentFactory.csproj::TargetFramework=net9.0]
C:\Projects\Hazina\src\Core\AI\Hazina.AI.RAG\Graph\Pipeline\LLMEntityExtractor.cs(128,38): warning SA1116: The parameters should begin on the line after the declaration, whenever the parameter span across multiple lines (https://github.com/DotNetAnalyzers/StyleCopAnalyzers/blob/master/documentation/SA1116.md) [C:\Projects\Hazina\src\Core\AI\Hazina.AI.RAG\Hazina.AI.RAG.csproj::TargetFramework=net10.0]
C:\Projects\Hazina\src\Core\Agents\Hazina.AgentFactory\Configuration\StoreConfig.cs(15,19): warning SA1623: The property's documentation summary text should begin with: 'Gets or sets' (https://github.com/DotNetAnalyzers/StyleCopAnalyzers/blob/master/documentation/SA1623.md) [C:\Projects\Hazina\src\Core\Agents\Hazina.AgentFactory\Hazina.AgentFactory.csproj::TargetFramework=net9.0]
C:\Projects\Hazina\src\Core\Agents\Hazina.AgentFactory\Configuration\Parsers\HazinaAgentConfigParser.cs(121,1): warning SA1516: Elements should be separated by blank line (https://github.com/DotNetAnalyzers/StyleCopAnalyzers/blob/master/documentation/SA1516.md) [C:\Projects\Hazina\src\Core\Agents\Hazina.AgentFactory\Hazina.AgentFactory.csproj::TargetFramework=net9.0]
C:\Projects\Hazina\src\Core\Agents\Hazina.AgentFactory\Configuration\StoreConfig.cs(5,14): warning S3903: Move 'StoreConfig' into a named namespace. (https://rules.sonarsource.com/csharp/RSPEC-3903) [C:\Projects\Hazina\src\Core\Agents\Hazina.AgentFactory\Hazina.AgentFactory.csproj::TargetFramework=net9.0]
C:\Projects\Hazina\src\Core\Agents\Hazina.AgentFactory\Configuration\Parsers\HazinaAgentConfigParser.cs(134,1): warning SA1516: Elements should be separated by blank line (https://github.com/DotNetAnalyzers/StyleCopAnalyzers/blob/master/documentation/SA1516.md) [C:\Projects\Hazina\src\Core\Agents\Hazina.AgentFactory\Hazina.AgentFactory.csproj::TargetFramework=net9.0]
C:\Projects\Hazina\src\Core\Agents\Hazina.AgentFactory\Abstractions\IFileSystem.cs(109,14): warning MA0048: File name must match type name (https://github.com/meziantou/Meziantou.Analyzer/blob/main/docs/Rules/MA0048.md) [C:\Projects\Hazina\src\Core\Agents\Hazina.AgentFactory\Hazina.AgentFactory.csproj::TargetFramework=net9.0]
C:\Projects\Hazina\src\Core\Agents\Hazina.AgentFactory\Configuration\StoreConfig.cs(1,1): warning SA1514: Element documentation header should be preceded by blank line (https://github.com/DotNetAnalyzers/StyleCopAnalyzers/blob/master/documentation/SA1514.md) [C:\Projects\Hazina\src\Core\Agents\Hazina.AgentFactory\Hazina.AgentFactory.csproj::TargetFramework=net9.0]
C:\Projects\Hazina\src\Core\AI\Hazina.AI.RAG\Graph\Pipeline\LLMEntityExtractor.cs(121,41): warning SA1117: The parameters should all be placed on the same line or each parameter should be placed on its own line (https://github.com/DotNetAnalyzers/StyleCopAnalyzers/blob/master/documentation/SA1117.md) [C:\Projects\Hazina\src\Core\AI\Hazina.AI.RAG\Hazina.AI.RAG.csproj::TargetFramework=net10.0]
C:\Projects\Hazina\src\Core\Agents\Hazina.AgentFactory\Configuration\StoreConfig.cs(21,19): warning SA1623: The property's documentation summary text should begin with: 'Gets or sets' (https://github.com/DotNetAnalyzers/StyleCopAnalyzers/blob/master/documentation/SA1623.md) [C:\Projects\Hazina\src\Core\Agents\Hazina.AgentFactory\Hazina.AgentFactory.csproj::TargetFramework=net9.0]
C:\Projects\Hazina\src\Core\AI\Hazina.AI.RAG\Graph\Pipeline\LLMEntityExtractor.cs(129,41): warning SA1117: The parameters should all be placed on the same line or each parameter should be placed on its own line (https://github.com/DotNetAnalyzers/StyleCopAnalyzers/blob/master/documentation/SA1117.md) [C:\Projects\Hazina\src\Core\AI\Hazina.AI.RAG\Hazina.AI.RAG.csproj::TargetFramework=net10.0]
C:\Projects\Hazina\src\Core\AI\Hazina.AI.RAG\Graph\Retrieval\HybridRetrievalService.cs(247,16): warning MA0004: Use Task.ConfigureAwait(false) if the current SynchronizationContext is not needed (https://github.com/meziantou/Meziantou.Analyzer/blob/main/docs/Rules/MA0004.md) [C:\Projects\Hazina\src\Core\AI\Hazina.AI.RAG\Hazina.AI.RAG.csproj::TargetFramework=net10.0]
C:\Projects\Hazina\src\Core\AI\Hazina.AI.RAG\Embeddings\SemanticSimilarityChunker.cs(211,21): warning SA1111: Closing parenthesis should be on line of last parameter (https://github.com/DotNetAnalyzers/StyleCopAnalyzers/blob/master/documentation/SA1111.md) [C:\Projects\Hazina\src\Core\AI\Hazina.AI.RAG\Hazina.AI.RAG.csproj::TargetFramework=net10.0]
C:\Projects\Hazina\src\Core\AI\Hazina.AI.RAG\Core\RAGEngine.cs(228,24): warning CA1002: Change 'List<Document>' in 'RAGEngine.IndexDocumentsAsync(List<Document>, [CancellationToken])' to use 'Collection<T>', 'ReadOnlyCollection<T>' or 'KeyedCollection<K,V>' (https://learn.microsoft.com/dotnet/fundamentals/code-analysis/quality-rules/ca1002) [C:\Projects\Hazina\src\Core\AI\Hazina.AI.RAG\Hazina.AI.RAG.csproj::TargetFramework=net10.0]
C:\Projects\Hazina\src\Core\AI\Hazina.AI.RAG\Graph\Retrieval\HybridRetrievalService.cs(216,33): warning CA1848: For improved performance, use the LoggerMessage delegates instead of calling 'LoggerExtensions.LogWarning(ILogger, Exception?, string?, params object?[])' (https://learn.microsoft.com/dotnet/fundamentals/code-analysis/quality-rules/ca1848) [C:\Projects\Hazina\src\Core\AI\Hazina.AI.RAG\Hazina.AI.RAG.csproj::TargetFramework=net10.0]
C:\Projects\Hazina\src\Core\AI\Hazina.AI.RAG\Core\RAGEngine.cs(228,9): warning MA0016: Prefer using collection abstraction instead of implementation (https://github.com/meziantou/Meziantou.Analyzer/blob/main/docs/Rules/MA0016.md) [C:\Projects\Hazina\src\Core\AI\Hazina.AI.RAG\Hazina.AI.RAG.csproj::TargetFramework=net10.0]
C:\Projects\Hazina\src\Core\AI\Hazina.AI.RAG\Graph\Pipeline\LLMEntityExtractor.cs(128,21): warning CA1873: Evaluation of this argument may be expensive and unnecessary if logging is disabled (https://learn.microsoft.com/dotnet/fundamentals/code-analysis/quality-rules/ca1873) [C:\Projects\Hazina\src\Core\AI\Hazina.AI.RAG\Hazina.AI.RAG.csproj::TargetFramework=net10.0]
C:\Projects\Hazina\src\Core\AI\Hazina.AI.RAG\Retrieval\LlmJudgeReranker.cs(114,13): warning SA1503: Braces should not be omitted (https://github.com/DotNetAnalyzers/StyleCopAnalyzers/blob/master/documentation/SA1503.md) [C:\Projects\Hazina\src\Core\AI\Hazina.AI.RAG\Hazina.AI.RAG.csproj::TargetFramework=net10.0]
C:\Projects\Hazina\src\Core\AI\Hazina.AI.RAG\Retrieval\LlmJudgeReranker.cs(116,16): warning CA1845: Use span-based 'string.Concat' and 'AsSpan' instead of 'Substring' (https://learn.microsoft.com/dotnet/fundamentals/code-analysis/quality-rules/ca1845) [C:\Projects\Hazina\src\Core\AI\Hazina.AI.RAG\Hazina.AI.RAG.csproj::TargetFramework=net10.0]
C:\Projects\Hazina\src\Core\AI\Hazina.AI.RAG\Graph\Pipeline\LLMEntityExtractor.cs(110,17): warning CA1848: For improved performance, use the LoggerMessage delegates instead of calling 'LoggerExtensions.LogWarning(ILogger, string?, params object?[])' (https://learn.microsoft.com/dotnet/fundamentals/code-analysis/quality-rules/ca1848) [C:\Projects\Hazina\src\Core\AI\Hazina.AI.RAG\Hazina.AI.RAG.csproj::TargetFramework=net10.0]
C:\Projects\Hazina\src\Core\AI\Hazina.AI.RAG\Graph\Pipeline\LLMEntityExtractor.cs(120,21): warning CA1848: For improved performance, use the LoggerMessage delegates instead of calling 'LoggerExtensions.LogWarning(ILogger, string?, params object?[])' (https://learn.microsoft.com/dotnet/fundamentals/code-analysis/quality-rules/ca1848) [C:\Projects\Hazina\src\Core\AI\Hazina.AI.RAG\Hazina.AI.RAG.csproj::TargetFramework=net10.0]
C:\Projects\Hazina\src\Core\AI\Hazina.AI.RAG\Graph\Pipeline\LLMEntityExtractor.cs(128,21): warning CA1848: For improved performance, use the LoggerMessage delegates instead of calling 'LoggerExtensions.LogDebug(ILogger, string?, params object?[])' (https://learn.microsoft.com/dotnet/fundamentals/code-analysis/quality-rules/ca1848) [C:\Projects\Hazina\src\Core\AI\Hazina.AI.RAG\Hazina.AI.RAG.csproj::TargetFramework=net10.0]
C:\Projects\Hazina\src\Core\AI\Hazina.AI.RAG\Graph\Pipeline\LLMEntityExtractor.cs(157,13): warning CA1848: For improved performance, use the LoggerMessage delegates instead of calling 'LoggerExtensions.LogError(ILogger, Exception?, string?, params object?[])' (https://learn.microsoft.com/dotnet/fundamentals/code-analysis/quality-rules/ca1848) [C:\Projects\Hazina\src\Core\AI\Hazina.AI.RAG\Hazina.AI.RAG.csproj::TargetFramework=net10.0]
C:\Projects\Hazina\src\Core\AI\Hazina.AI.RAG\Graph\Pipeline\LLMEntityExtractor.cs(93,17): warning CA1310: The behavior of 'string.StartsWith(string)' could vary based on the current user's locale settings. Replace this call in 'Hazina.AI.RAG.Graph.Pipeline.LLMEntityExtractor.ParseEntityResponse(string, string?)' with a call to 'string.StartsWith(string, System.StringComparison)'. (https://learn.microsoft.com/dotnet/fundamentals/code-analysis/quality-rules/ca1310) [C:\Projects\Hazina\src\Core\AI\Hazina.AI.RAG\Hazina.AI.RAG.csproj::TargetFramework=net10.0]
C:\Projects\Hazina\src\Core\AI\Hazina.AI.RAG\Graph\Pipeline\LLMEntityExtractor.cs(97,17): warning CA1310: The behavior of 'string.StartsWith(string)' could vary based on the current user's locale settings. Replace this call in 'Hazina.AI.RAG.Graph.Pipeline.LLMEntityExtractor.ParseEntityResponse(string, string?)' with a call to 'string.StartsWith(string, System.StringComparison)'. (https://learn.microsoft.com/dotnet/fundamentals/code-analysis/quality-rules/ca1310) [C:\Projects\Hazina\src\Core\AI\Hazina.AI.RAG\Hazina.AI.RAG.csproj::TargetFramework=net10.0]
C:\Projects\Hazina\src\Core\AI\Hazina.AI.RAG\Graph\Pipeline\LLMEntityExtractor.cs(101,17): warning CA1310: The behavior of 'string.EndsWith(string)' could vary based on the current user's locale settings. Replace this call in 'Hazina.AI.RAG.Graph.Pipeline.LLMEntityExtractor.ParseEntityResponse(string, string?)' with a call to 'string.EndsWith(string, System.StringComparison)'. (https://learn.microsoft.com/dotnet/fundamentals/code-analysis/quality-rules/ca1310) [C:\Projects\Hazina\src\Core\AI\Hazina.AI.RAG\Hazina.AI.RAG.csproj::TargetFramework=net10.0]
C:\Projects\Hazina\src\Core\AI\Hazina.AI.RAG\Embeddings\SemanticSimilarityChunker.cs(173,25): warning CA1873: Evaluation of this argument may be expensive and unnecessary if logging is disabled (https://learn.microsoft.com/dotnet/fundamentals/code-analysis/quality-rules/ca1873) [C:\Projects\Hazina\src\Core\AI\Hazina.AI.RAG\Hazina.AI.RAG.csproj::TargetFramework=net10.0]
C:\Projects\Hazina\src\Core\AI\Hazina.AI.RAG\Embeddings\SemanticSimilarityChunker.cs(189,25): warning CA1873: Evaluation of this argument may be expensive and unnecessary if logging is disabled (https://learn.microsoft.com/dotnet/fundamentals/code-analysis/quality-rules/ca1873) [C:\Projects\Hazina\src\Core\AI\Hazina.AI.RAG\Hazina.AI.RAG.csproj::TargetFramework=net10.0]
C:\Projects\Hazina\src\Core\AI\Hazina.AI.RAG\Embeddings\SemanticSimilarityChunker.cs(194,21): warning CA1873: Evaluation of this argument may be expensive and unnecessary if logging is disabled (https://learn.microsoft.com/dotnet/fundamentals/code-analysis/quality-rules/ca1873) [C:\Projects\Hazina\src\Core\AI\Hazina.AI.RAG\Hazina.AI.RAG.csproj::TargetFramework=net10.0]
C:\Projects\Hazina\src\Core\AI\Hazina.AI.RAG\Graph\Retrieval\HybridRetrievalService.cs(189,28): warning MA0004: Use Task.ConfigureAwait(false) if the current SynchronizationContext is not needed (https://github.com/meziantou/Meziantou.Analyzer/blob/main/docs/Rules/MA0004.md) [C:\Projects\Hazina\src\Core\AI\Hazina.AI.RAG\Hazina.AI.RAG.csproj::TargetFramework=net10.0]
C:\Projects\Hazina\src\Core\AI\Hazina.AI.RAG\Graph\Retrieval\HybridRetrievalService.cs(194,39): warning MA0004: Use Task.ConfigureAwait(false) if the current SynchronizationContext is not needed (https://github.com/meziantou/Meziantou.Analyzer/blob/main/docs/Rules/MA0004.md) [C:\Projects\Hazina\src\Core\AI\Hazina.AI.RAG\Hazina.AI.RAG.csproj::TargetFramework=net10.0]
C:\Projects\Hazina\src\Core\AI\Hazina.AI.RAG\Embeddings\SemanticSimilarityChunker.cs(173,25): warning CA1848: For improved performance, use the LoggerMessage delegates instead of calling 'LoggerExtensions.LogDebug(ILogger, string?, params object?[])' (https://learn.microsoft.com/dotnet/fundamentals/code-analysis/quality-rules/ca1848) [C:\Projects\Hazina\src\Core\AI\Hazina.AI.RAG\Hazina.AI.RAG.csproj::TargetFramework=net10.0]
C:\Projects\Hazina\src\Core\Agents\Hazina.AgentFactory\Configuration\StoreConfig.cs(10,19): warning SA1623: The property's documentation summary text should begin with: 'Gets or sets' (https://github.com/DotNetAnalyzers/StyleCopAnalyzers/blob/master/documentation/SA1623.md) [C:\Projects\Hazina\src\Core\Agents\Hazina.AgentFactory\Hazina.AgentFactory.csproj::TargetFramework=net9.0]
C:\Projects\Hazina\src\Core\AI\Hazina.AI.RAG\Embeddings\SemanticSimilarityChunker.cs(189,25): warning CA1848: For improved performance, use the LoggerMessage delegates instead of calling 'LoggerExtensions.LogDebug(ILogger, string?, params object?[])' (https://learn.microsoft.com/dotnet/fundamentals/code-analysis/quality-rules/ca1848) [C:\Projects\Hazina\src\Core\AI\Hazina.AI.RAG\Hazina.AI.RAG.csproj::TargetFramework=net10.0]
C:\Projects\Hazina\src\Core\AI\Hazina.AI.RAG\Embeddings\SemanticSimilarityChunker.cs(194,21): warning CA1848: For improved performance, use the LoggerMessage delegates instead of calling 'LoggerExtensions.LogDebug(ILogger, string?, params object?[])' (https://learn.microsoft.com/dotnet/fundamentals/code-analysis/quality-rules/ca1848) [C:\Projects\Hazina\src\Core\AI\Hazina.AI.RAG\Hazina.AI.RAG.csproj::TargetFramework=net10.0]
C:\Projects\Hazina\src\Core\AI\Hazina.AI.RAG\Embeddings\SemanticSimilarityChunker.cs(200,21): warning CA1848: For improved performance, use the LoggerMessage delegates instead of calling 'LoggerExtensions.LogError(ILogger, Exception?, string?, params object?[])' (https://learn.microsoft.com/dotnet/fundamentals/code-analysis/quality-rules/ca1848) [C:\Projects\Hazina\src\Core\AI\Hazina.AI.RAG\Hazina.AI.RAG.csproj::TargetFramework=net10.0]
C:\Projects\Hazina\src\Core\AI\Hazina.AI.RAG\Graph\Retrieval\HybridRetrievalService.cs(269,23): warning MA0015: Use an overload of 'System.ArgumentException' with the parameter name (https://github.com/meziantou/Meziantou.Analyzer/blob/main/docs/Rules/MA0015.md) [C:\Projects\Hazina\src\Core\AI\Hazina.AI.RAG\Hazina.AI.RAG.csproj::TargetFramework=net10.0]
C:\Projects\Hazina\src\Core\AI\Hazina.AI.RAG\Embeddings\SemanticSimilarityChunker.cs(216,29): warning CA1848: For improved performance, use the LoggerMessage delegates instead of calling 'LoggerExtensions.LogWarning(ILogger, Exception?, string?, params object?[])' (https://learn.microsoft.com/dotnet/fundamentals/code-analysis/quality-rules/ca1848) [C:\Projects\Hazina\src\Core\AI\Hazina.AI.RAG\Hazina.AI.RAG.csproj::TargetFramework=net10.0]
C:\Projects\Hazina\src\Core\AI\Hazina.AI.RAG\Graph\Retrieval\HybridRetrievalService.cs(211,48): warning MA0004: Use Task.ConfigureAwait(false) if the current SynchronizationContext is not needed (https://github.com/meziantou/Meziantou.Analyzer/blob/main/docs/Rules/MA0004.md) [C:\Projects\Hazina\src\Core\AI\Hazina.AI.RAG\Hazina.AI.RAG.csproj::TargetFramework=net10.0]
C:\Projects\Hazina\src\Core\AI\Hazina.AI.RAG\Graph\Retrieval\HybridRetrievalService.cs(212,40): warning MA0004: Use Task.ConfigureAwait(false) if the current SynchronizationContext is not needed (https://github.com/meziantou/Meziantou.Analyzer/blob/main/docs/Rules/MA0004.md) [C:\Projects\Hazina\src\Core\AI\Hazina.AI.RAG\Hazina.AI.RAG.csproj::TargetFramework=net10.0]
C:\Projects\Hazina\src\Core\AI\Hazina.AI.RAG\Embeddings\BasicMetadataExtractor.cs(72,25): warning CA1002: Change 'List<string>' in 'BasicMetadataExtractor.ExtractKeywordsTFIDF(string, [int])' to use 'Collection<T>', 'ReadOnlyCollection<T>' or 'KeyedCollection<K,V>' (https://learn.microsoft.com/dotnet/fundamentals/code-analysis/quality-rules/ca1002) [C:\Projects\Hazina\src\Core\AI\Hazina.AI.RAG\Hazina.AI.RAG.csproj::TargetFramework=net10.0]
C:\Projects\Hazina\src\Core\Agents\Hazina.AgentFactory\Configuration\StoreConfig.cs(50,17): warning SA1623: The property's documentation summary text should begin with: 'Gets or sets a value indicating whether' (https://github.com/DotNetAnalyzers/StyleCopAnalyzers/blob/master/documentation/SA1623.md) [C:\Projects\Hazina\src\Core\Agents\Hazina.AgentFactory\Hazina.AgentFactory.csproj::TargetFramework=net9.0]
C:\Projects\Hazina\src\Core\AI\Hazina.AI.RAG\Embeddings\BasicMetadataExtractor.cs(72,12): warning MA0016: Prefer using collection abstraction instead of implementation (https://github.com/meziantou/Meziantou.Analyzer/blob/main/docs/Rules/MA0016.md) [C:\Projects\Hazina\src\Core\AI\Hazina.AI.RAG\Hazina.AI.RAG.csproj::TargetFramework=net10.0]
C:\Projects\Hazina\src\Core\AI\Hazina.AI.RAG\Retrieval\Reranker.cs(208,20): warning S2325: Make 'CalculateTextSimilarity' a static method. (https://rules.sonarsource.com/csharp/RSPEC-2325) [C:\Projects\Hazina\src\Core\AI\Hazina.AI.RAG\Hazina.AI.RAG.csproj::TargetFramework=net10.0]
C:\Projects\Hazina\src\Core\AI\Hazina.AI.RAG\Graph\Retrieval\HybridRetrievalService.cs(184,29): warning MA0002: Use an overload that has a IEqualityComparer<string> or IComparer<string> parameter (https://github.com/meziantou/Meziantou.Analyzer/blob/main/docs/Rules/MA0002.md) [C:\Projects\Hazina\src\Core\AI\Hazina.AI.RAG\Hazina.AI.RAG.csproj::TargetFramework=net10.0]
C:\Projects\Hazina\src\Core\Agents\Hazina.AgentFactory\Configuration\StoreConfig.cs(57,18): warning SA1623: The property's documentation summary text should begin with: 'Gets or sets' (https://github.com/DotNetAnalyzers/StyleCopAnalyzers/blob/master/documentation/SA1623.md) [C:\Projects\Hazina\src\Core\Agents\Hazina.AgentFactory\Hazina.AgentFactory.csproj::TargetFramework=net9.0]
C:\Projects\Hazina\src\Core\AI\Hazina.AI.RAG\Embeddings\SemanticSimilarityChunker.cs(175,37): warning MA0004: Use Task.ConfigureAwait(false) if the current SynchronizationContext is not needed (https://github.com/meziantou/Meziantou.Analyzer/blob/main/docs/Rules/MA0004.md) [C:\Projects\Hazina\src\Core\AI\Hazina.AI.RAG\Hazina.AI.RAG.csproj::TargetFramework=net10.0]
C:\Projects\Hazina\src\Core\AI\Hazina.AI.RAG\Embeddings\SemanticSimilarityChunker.cs(208,37): warning MA0004: Use Task.ConfigureAwait(false) if the current SynchronizationContext is not needed (https://github.com/meziantou/Meziantou.Analyzer/blob/main/docs/Rules/MA0004.md) [C:\Projects\Hazina\src\Core\AI\Hazina.AI.RAG\Hazina.AI.RAG.csproj::TargetFramework=net10.0]
C:\Projects\Hazina\src\Core\AI\Hazina.AI.RAG\Embeddings\SemanticSimilarityChunker.cs(210,36): warning MA0004: Use Task.ConfigureAwait(false) if the current SynchronizationContext is not needed (https://github.com/meziantou/Meziantou.Analyzer/blob/main/docs/Rules/MA0004.md) [C:\Projects\Hazina\src\Core\AI\Hazina.AI.RAG\Hazina.AI.RAG.csproj::TargetFramework=net10.0]
C:\Projects\Hazina\src\Core\Agents\Hazina.AgentFactory\Configuration\StoreConfig.cs(55,22): warning SA1629: Documentation text should end with a period (https://github.com/DotNetAnalyzers/StyleCopAnalyzers/blob/master/documentation/SA1629.md) [C:\Projects\Hazina\src\Core\Agents\Hazina.AgentFactory\Hazina.AgentFactory.csproj::TargetFramework=net9.0]
C:\Projects\Hazina\src\Core\AI\Hazina.AI.RAG\Graph\Pipeline\LLMEntityExtractor.cs(139,58): warning MA0002: Use an overload that has a IEqualityComparer<string> or IComparer<string> parameter (https://github.com/meziantou/Meziantou.Analyzer/blob/main/docs/Rules/MA0002.md) [C:\Projects\Hazina\src\Core\AI\Hazina.AI.RAG\Hazina.AI.RAG.csproj::TargetFramework=net10.0]
C:\Projects\Hazina\src\Core\AI\Hazina.AI.RAG\Graph\Explainability\RetrievalTrace.cs(90,32): warning CA1062: In externally visible method 'RetrievalTrace ExplainabilityService.CreateTrace(string queryText, HybridRetrievalResult result, List<RetrievalStep> steps)', validate parameter 'result' is non-null before using it. If appropriate, throw an 'ArgumentNullException' when the argument is 'null'. (https://learn.microsoft.com/dotnet/fundamentals/code-analysis/quality-rules/ca1062) [C:\Projects\Hazina\src\Core\AI\Hazina.AI.RAG\Hazina.AI.RAG.csproj::TargetFramework=net10.0]
C:\Projects\Hazina\src\Core\AI\Hazina.AI.RAG\Graph\Pipeline\LLMEntityExtractor.cs(93,17): warning MA0074: Use an overload of 'StartsWith' that has a StringComparison parameter (https://github.com/meziantou/Meziantou.Analyzer/blob/main/docs/Rules/MA0074.md) [C:\Projects\Hazina\src\Core\AI\Hazina.AI.RAG\Hazina.AI.RAG.csproj::TargetFramework=net10.0]
C:\Projects\Hazina\src\Core\AI\Hazina.AI.RAG\Graph\Pipeline\LLMEntityExtractor.cs(97,17): warning MA0074: Use an overload of 'StartsWith' that has a StringComparison parameter (https://github.com/meziantou/Meziantou.Analyzer/blob/main/docs/Rules/MA0074.md) [C:\Projects\Hazina\src\Core\AI\Hazina.AI.RAG\Hazina.AI.RAG.csproj::TargetFramework=net10.0]
C:\Projects\Hazina\src\Core\Agents\Hazina.AgentFactory\Configuration\StoreConfig.cs(63,22): warning CA1819: Properties should not return arrays (https://learn.microsoft.com/dotnet/fundamentals/code-analysis/quality-rules/ca1819) [C:\Projects\Hazina\src\Core\Agents\Hazina.AgentFactory\Hazina.AgentFactory.csproj::TargetFramework=net9.0]
C:\Projects\Hazina\src\Core\AI\Hazina.AI.RAG\Graph\Pipeline\LLMEntityExtractor.cs(101,17): warning MA0074: Use an overload of 'EndsWith' that has a StringComparison parameter (https://github.com/meziantou/Meziantou.Analyzer/blob/main/docs/Rules/MA0074.md) [C:\Projects\Hazina\src\Core\AI\Hazina.AI.RAG\Hazina.AI.RAG.csproj::TargetFramework=net10.0]
C:\Projects\Hazina\src\Core\AI\Hazina.AI.RAG\Core\RAGEngine.cs(225,38): warning SA1629: Documentation text should end with a period (https://github.com/DotNetAnalyzers/StyleCopAnalyzers/blob/master/documentation/SA1629.md) [C:\Projects\Hazina\src\Core\AI\Hazina.AI.RAG\Hazina.AI.RAG.csproj::TargetFramework=net10.0]
C:\Projects\Hazina\src\Core\AI\Hazina.AI.RAG\Core\RAGEngine.cs(255,17): warning SA1111: Closing parenthesis should be on line of last parameter (https://github.com/DotNetAnalyzers/StyleCopAnalyzers/blob/master/documentation/SA1111.md) [C:\Projects\Hazina\src\Core\AI\Hazina.AI.RAG\Hazina.AI.RAG.csproj::TargetFramework=net10.0]
C:\Projects\Hazina\src\Core\AI\Hazina.AI.RAG\Retrieval\Reranker.cs(206,43): warning SA1629: Documentation text should end with a period (https://github.com/DotNetAnalyzers/StyleCopAnalyzers/blob/master/documentation/SA1629.md) [C:\Projects\Hazina\src\Core\AI\Hazina.AI.RAG\Hazina.AI.RAG.csproj::TargetFramework=net10.0]
C:\Projects\Hazina\src\Core\AI\Hazina.AI.RAG\Embeddings\ContentTypeDetector.cs(149,22): warning S6610: "StartsWith" overloads that take a "char" should be used (https://rules.sonarsource.com/csharp/RSPEC-6610) [C:\Projects\Hazina\src\Core\AI\Hazina.AI.RAG\Hazina.AI.RAG.csproj::TargetFramework=net10.0]
C:\Projects\Hazina\src\Core\AI\Hazina.AI.RAG\Embeddings\ContentTypeDetector.cs(149,49): warning S6610: "EndsWith" overloads that take a "char" should be used (https://rules.sonarsource.com/csharp/RSPEC-6610) [C:\Projects\Hazina\src\Core\AI\Hazina.AI.RAG\Hazina.AI.RAG.csproj::TargetFramework=net10.0]
C:\Projects\Hazina\src\Core\AI\Hazina.AI.RAG\Embeddings\ContentTypeDetector.cs(150,22): warning S6610: "StartsWith" overloads that take a "char" should be used (https://rules.sonarsource.com/csharp/RSPEC-6610) [C:\Projects\Hazina\src\Core\AI\Hazina.AI.RAG\Hazina.AI.RAG.csproj::TargetFramework=net10.0]
C:\Projects\Hazina\src\Core\AI\Hazina.AI.RAG\Embeddings\ContentTypeDetector.cs(150,49): warning S6610: "EndsWith" overloads that take a "char" should be used (https://rules.sonarsource.com/csharp/RSPEC-6610) [C:\Projects\Hazina\src\Core\AI\Hazina.AI.RAG\Hazina.AI.RAG.csproj::TargetFramework=net10.0]
C:\Projects\Hazina\src\Core\AI\Hazina.AI.RAG\Configuration\SemanticChunkingConfiguration.cs(15,43): warning MA0051: Method is too long (89 lines; maximum allowed: 60) (https://github.com/meziantou/Meziantou.Analyzer/blob/main/docs/Rules/MA0051.md) [C:\Projects\Hazina\src\Core\AI\Hazina.AI.RAG\Hazina.AI.RAG.csproj::TargetFramework=net10.0]
C:\Projects\Hazina\src\Core\AI\Hazina.AI.RAG\Retrieval\Reranker.cs(210,28): warning CA1311: Specify a culture or use an invariant version to avoid implicit dependency on current culture (https://learn.microsoft.com/dotnet/fundamentals/code-analysis/quality-rules/ca1311) [C:\Projects\Hazina\src\Core\AI\Hazina.AI.RAG\Hazina.AI.RAG.csproj::TargetFramework=net10.0]
C:\Projects\Hazina\src\Core\AI\Hazina.AI.RAG\Retrieval\Reranker.cs(211,28): warning CA1311: Specify a culture or use an invariant version to avoid implicit dependency on current culture (https://learn.microsoft.com/dotnet/fundamentals/code-analysis/quality-rules/ca1311) [C:\Projects\Hazina\src\Core\AI\Hazina.AI.RAG\Hazina.AI.RAG.csproj::TargetFramework=net10.0]
C:\Projects\Hazina\src\Core\AI\Hazina.AI.RAG\Embeddings\ContentTypeDetector.cs(141,31): warning SA1629: Documentation text should end with a period (https://github.com/DotNetAnalyzers/StyleCopAnalyzers/blob/master/documentation/SA1629.md) [C:\Projects\Hazina\src\Core\AI\Hazina.AI.RAG\Hazina.AI.RAG.csproj::TargetFramework=net10.0]
C:\Projects\Hazina\src\Core\AI\Hazina.AI.RAG\Retrieval\Reranker.cs(210,44): warning CA1861: Prefer 'static readonly' fields over constant array arguments if the called method is called repeatedly and is not mutating the passed array (https://learn.microsoft.com/dotnet/fundamentals/code-analysis/quality-rules/ca1861) [C:\Projects\Hazina\src\Core\AI\Hazina.AI.RAG\Hazina.AI.RAG.csproj::TargetFramework=net10.0]
C:\Projects\Hazina\src\Core\Agents\Hazina.AgentFactory\Configuration\StoreConfig.cs(37,21): warning CA1819: Properties should not return arrays (https://learn.microsoft.com/dotnet/fundamentals/code-analysis/quality-rules/ca1819) [C:\Projects\Hazina\src\Core\Agents\Hazina.AgentFactory\Hazina.AgentFactory.csproj::TargetFramework=net9.0]
C:\Projects\Hazina\src\Core\AI\Hazina.AI.RAG\Retrieval\Reranker.cs(211,44): warning CA1861: Prefer 'static readonly' fields over constant array arguments if the called method is called repeatedly and is not mutating the passed array (https://learn.microsoft.com/dotnet/fundamentals/code-analysis/quality-rules/ca1861) [C:\Projects\Hazina\src\Core\AI\Hazina.AI.RAG\Hazina.AI.RAG.csproj::TargetFramework=net10.0]
C:\Projects\Hazina\src\Core\AI\Hazina.AI.RAG\Embeddings\ContentTypeDetector.cs(149,32): warning CA1866: Use 'string.StartsWith(char)' instead of 'string.StartsWith(string)' when you have a string with a single char (https://learn.microsoft.com/dotnet/fundamentals/code-analysis/quality-rules/ca1866) [C:\Projects\Hazina\src\Core\AI\Hazina.AI.RAG\Hazina.AI.RAG.csproj::TargetFramework=net10.0]
C:\Projects\Hazina\src\Core\AI\Hazina.AI.RAG\Embeddings\ContentTypeDetector.cs(149,57): warning CA1866: Use 'string.EndsWith(char)' instead of 'string.EndsWith(string)' when you have a string with a single char (https://learn.microsoft.com/dotnet/fundamentals/code-analysis/quality-rules/ca1866) [C:\Projects\Hazina\src\Core\AI\Hazina.AI.RAG\Hazina.AI.RAG.csproj::TargetFramework=net10.0]
C:\Projects\Hazina\src\Core\AI\Hazina.AI.RAG\Embeddings\ContentTypeDetector.cs(150,32): warning CA1866: Use 'string.StartsWith(char)' instead of 'string.StartsWith(string)' when you have a string with a single char (https://learn.microsoft.com/dotnet/fundamentals/code-analysis/quality-rules/ca1866) [C:\Projects\Hazina\src\Core\AI\Hazina.AI.RAG\Hazina.AI.RAG.csproj::TargetFramework=net10.0]
C:\Projects\Hazina\src\Core\AI\Hazina.AI.RAG\Embeddings\ContentTypeDetector.cs(150,57): warning CA1866: Use 'string.EndsWith(char)' instead of 'string.EndsWith(string)' when you have a string with a single char (https://learn.microsoft.com/dotnet/fundamentals/code-analysis/quality-rules/ca1866) [C:\Projects\Hazina\src\Core\AI\Hazina.AI.RAG\Hazina.AI.RAG.csproj::TargetFramework=net10.0]
C:\Projects\Hazina\src\Core\AI\Hazina.AI.RAG\Retrieval\Reranker.cs(210,22): warning CA1304: The behavior of 'string.ToLower()' could vary based on the current user's locale settings. Replace this call in 'Reranker.CalculateTextSimilarity(string, string)' with a call to 'string.ToLower(CultureInfo)'. (https://learn.microsoft.com/dotnet/fundamentals/code-analysis/quality-rules/ca1304) [C:\Projects\Hazina\src\Core\AI\Hazina.AI.RAG\Hazina.AI.RAG.csproj::TargetFramework=net10.0]
C:\Projects\Hazina\src\Core\AI\Hazina.AI.RAG\Retrieval\Reranker.cs(211,22): warning CA1304: The behavior of 'string.ToLower()' could vary based on the current user's locale settings. Replace this call in 'Reranker.CalculateTextSimilarity(string, string)' with a call to 'string.ToLower(CultureInfo)'. (https://learn.microsoft.com/dotnet/fundamentals/code-analysis/quality-rules/ca1304) [C:\Projects\Hazina\src\Core\AI\Hazina.AI.RAG\Hazina.AI.RAG.csproj::TargetFramework=net10.0]
C:\Projects\Hazina\src\Core\AI\Hazina.AI.RAG\Embeddings\ContentTypeDetector.cs(149,14): warning CA1310: The behavior of 'string.StartsWith(string)' could vary based on the current user's locale settings. Replace this call in 'Hazina.AI.RAG.Embeddings.ContentTypeDetector.GetJsonScore(string)' with a call to 'string.StartsWith(string, System.StringComparison)'. (https://learn.microsoft.com/dotnet/fundamentals/code-analysis/quality-rules/ca1310) [C:\Projects\Hazina\src\Core\AI\Hazina.AI.RAG\Hazina.AI.RAG.csproj::TargetFramework=net10.0]
C:\Projects\Hazina\src\Core\AI\Hazina.AI.RAG\Embeddings\ContentTypeDetector.cs(149,41): warning CA1310: The behavior of 'string.EndsWith(string)' could vary based on the current user's locale settings. Replace this call in 'Hazina.AI.RAG.Embeddings.ContentTypeDetector.GetJsonScore(string)' with a call to 'string.EndsWith(string, System.StringComparison)'. (https://learn.microsoft.com/dotnet/fundamentals/code-analysis/quality-rules/ca1310) [C:\Projects\Hazina\src\Core\AI\Hazina.AI.RAG\Hazina.AI.RAG.csproj::TargetFramework=net10.0]
C:\Projects\Hazina\src\Core\AI\Hazina.AI.RAG\Embeddings\ContentTypeDetector.cs(150,14): warning CA1310: The behavior of 'string.StartsWith(string)' could vary based on the current user's locale settings. Replace this call in 'Hazina.AI.RAG.Embeddings.ContentTypeDetector.GetJsonScore(string)' with a call to 'string.StartsWith(string, System.StringComparison)'. (https://learn.microsoft.com/dotnet/fundamentals/code-analysis/quality-rules/ca1310) [C:\Projects\Hazina\src\Core\AI\Hazina.AI.RAG\Hazina.AI.RAG.csproj::TargetFramework=net10.0]
C:\Projects\Hazina\src\Core\AI\Hazina.AI.RAG\Embeddings\ContentTypeDetector.cs(150,41): warning CA1310: The behavior of 'string.EndsWith(string)' could vary based on the current user's locale settings. Replace this call in 'Hazina.AI.RAG.Embeddings.ContentTypeDetector.GetJsonScore(string)' with a call to 'string.EndsWith(string, System.StringComparison)'. (https://learn.microsoft.com/dotnet/fundamentals/code-analysis/quality-rules/ca1310) [C:\Projects\Hazina\src\Core\AI\Hazina.AI.RAG\Hazina.AI.RAG.csproj::TargetFramework=net10.0]
C:\Projects\Hazina\src\Core\AI\Hazina.AI.RAG\Embeddings\ContentTypeDetector.cs(156,29): warning CA1875: Use 'Regex.Count' instead of 'Regex.Matches(...).Count' (https://learn.microsoft.com/dotnet/fundamentals/code-analysis/quality-rules/ca1875) [C:\Projects\Hazina\src\Core\AI\Hazina.AI.RAG\Hazina.AI.RAG.csproj::TargetFramework=net10.0]
C:\Projects\Hazina\src\Core\AI\Hazina.AI.RAG\Retrieval\Reranker.cs(210,22): warning MA0011: Use an overload of 'ToLower' that has a 'System.Globalization.CultureInfo' parameter (https://github.com/meziantou/Meziantou.Analyzer/blob/main/docs/Rules/MA0011.md) [C:\Projects\Hazina\src\Core\AI\Hazina.AI.RAG\Hazina.AI.RAG.csproj::TargetFramework=net10.0]
C:\Projects\Hazina\src\Core\AI\Hazina.AI.RAG\Retrieval\Reranker.cs(211,22): warning MA0011: Use an overload of 'ToLower' that has a 'System.Globalization.CultureInfo' parameter (https://github.com/meziantou/Meziantou.Analyzer/blob/main/docs/Rules/MA0011.md) [C:\Projects\Hazina\src\Core\AI\Hazina.AI.RAG\Hazina.AI.RAG.csproj::TargetFramework=net10.0]
C:\Projects\Hazina\src\Core\AI\Hazina.AI.RAG\Embeddings\ContentTypeDetector.cs(156,29): warning MA0009: Regular expressions should not be vulnerable to Denial of Service attacks (https://github.com/meziantou/Meziantou.Analyzer/blob/main/docs/Rules/MA0009.md) [C:\Projects\Hazina\src\Core\AI\Hazina.AI.RAG\Hazina.AI.RAG.csproj::TargetFramework=net10.0]
C:\Projects\Hazina\src\Core\AI\Hazina.AI.RAG\Core\RAGEngine.cs(242,33): warning MA0004: Use Task.ConfigureAwait(false) if the current SynchronizationContext is not needed (https://github.com/meziantou/Meziantou.Analyzer/blob/main/docs/Rules/MA0004.md) [C:\Projects\Hazina\src\Core\AI\Hazina.AI.RAG\Hazina.AI.RAG.csproj::TargetFramework=net10.0]
C:\Projects\Hazina\src\Core\AI\Hazina.AI.RAG\Graph\Storage\SQLiteGraphStore.cs(133,23): warning MA0051: Method is too long (82 lines; maximum allowed: 60) (https://github.com/meziantou/Meziantou.Analyzer/blob/main/docs/Rules/MA0051.md) [C:\Projects\Hazina\src\Core\AI\Hazina.AI.RAG\Hazina.AI.RAG.csproj::TargetFramework=net10.0]
C:\Projects\Hazina\src\Core\AI\Hazina.AI.RAG\Core\RAGEngine.cs(245,17): warning MA0004: Use Task.ConfigureAwait(false) if the current SynchronizationContext is not needed (https://github.com/meziantou/Meziantou.Analyzer/blob/main/docs/Rules/MA0004.md) [C:\Projects\Hazina\src\Core\AI\Hazina.AI.RAG\Hazina.AI.RAG.csproj::TargetFramework=net10.0]
C:\Projects\Hazina\src\Core\AI\Hazina.AI.RAG\Core\RAGEngine.cs(248,21): warning MA0002: Use an overload that has a IEqualityComparer<string> or IComparer<string> parameter (https://github.com/meziantou/Meziantou.Analyzer/blob/main/docs/Rules/MA0002.md) [C:\Projects\Hazina\src\Core\AI\Hazina.AI.RAG\Hazina.AI.RAG.csproj::TargetFramework=net10.0]
C:\Projects\Hazina\src\Core\AI\Hazina.AI.RAG\Retrieval\Reranker.cs(213,20): warning MA0002: Use an overload that has a IEqualityComparer<string> or IComparer<string> parameter (https://github.com/meziantou/Meziantou.Analyzer/blob/main/docs/Rules/MA0002.md) [C:\Projects\Hazina\src\Core\AI\Hazina.AI.RAG\Hazina.AI.RAG.csproj::TargetFramework=net10.0]
C:\Projects\Hazina\src\Core\AI\Hazina.AI.RAG\Retrieval\Reranker.cs(214,20): warning MA0002: Use an overload that has a IEqualityComparer<string> or IComparer<string> parameter (https://github.com/meziantou/Meziantou.Analyzer/blob/main/docs/Rules/MA0002.md) [C:\Projects\Hazina\src\Core\AI\Hazina.AI.RAG\Hazina.AI.RAG.csproj::TargetFramework=net10.0]
C:\Projects\Hazina\src\Core\AI\Hazina.AI.RAG\Retrieval\Reranker.cs(216,28): warning MA0002: Use an overload that has a IEqualityComparer<string> or IComparer<string> parameter (https://github.com/meziantou/Meziantou.Analyzer/blob/main/docs/Rules/MA0002.md) [C:\Projects\Hazina\src\Core\AI\Hazina.AI.RAG\Hazina.AI.RAG.csproj::TargetFramework=net10.0]
C:\Projects\Hazina\src\Core\AI\Hazina.AI.RAG\Retrieval\Reranker.cs(217,21): warning MA0002: Use an overload that has a IEqualityComparer<string> or IComparer<string> parameter (https://github.com/meziantou/Meziantou.Analyzer/blob/main/docs/Rules/MA0002.md) [C:\Projects\Hazina\src\Core\AI\Hazina.AI.RAG\Hazina.AI.RAG.csproj::TargetFramework=net10.0]
C:\Projects\Hazina\src\Core\AI\Hazina.AI.RAG\Embeddings\ContentTypeDetector.cs(149,14): warning MA0074: Use an overload of 'StartsWith' that has a StringComparison parameter (https://github.com/meziantou/Meziantou.Analyzer/blob/main/docs/Rules/MA0074.md) [C:\Projects\Hazina\src\Core\AI\Hazina.AI.RAG\Hazina.AI.RAG.csproj::TargetFramework=net10.0]
C:\Projects\Hazina\src\Core\AI\Hazina.AI.RAG\Embeddings\ContentTypeDetector.cs(149,41): warning MA0074: Use an overload of 'EndsWith' that has a StringComparison parameter (https://github.com/meziantou/Meziantou.Analyzer/blob/main/docs/Rules/MA0074.md) [C:\Projects\Hazina\src\Core\AI\Hazina.AI.RAG\Hazina.AI.RAG.csproj::TargetFramework=net10.0]
C:\Projects\Hazina\src\Core\AI\Hazina.AI.RAG\Embeddings\ContentTypeDetector.cs(150,14): warning MA0074: Use an overload of 'StartsWith' that has a StringComparison parameter (https://github.com/meziantou/Meziantou.Analyzer/blob/main/docs/Rules/MA0074.md) [C:\Projects\Hazina\src\Core\AI\Hazina.AI.RAG\Hazina.AI.RAG.csproj::TargetFramework=net10.0]
C:\Projects\Hazina\src\Core\AI\Hazina.AI.RAG\Embeddings\ContentTypeDetector.cs(150,41): warning MA0074: Use an overload of 'EndsWith' that has a StringComparison parameter (https://github.com/meziantou/Meziantou.Analyzer/blob/main/docs/Rules/MA0074.md) [C:\Projects\Hazina\src\Core\AI\Hazina.AI.RAG\Hazina.AI.RAG.csproj::TargetFramework=net10.0]
C:\Projects\Hazina\src\Core\AI\Hazina.AI.RAG\Core\RAGEngine.cs(259,13): warning CA1031: Modify 'IndexDocumentsAsync' to catch a more specific allowed exception type, or rethrow the exception (https://learn.microsoft.com/dotnet/fundamentals/code-analysis/quality-rules/ca1031) [C:\Projects\Hazina\src\Core\AI\Hazina.AI.RAG\Hazina.AI.RAG.csproj::TargetFramework=net10.0]
C:\Projects\Hazina\src\Core\AI\Hazina.AI.RAG\Embeddings\SemanticSimilarityChunker.cs(214,17): warning CA1031: Modify 'GenerateSentenceEmbeddingsAsync' to catch a more specific allowed exception type, or rethrow the exception (https://learn.microsoft.com/dotnet/fundamentals/code-analysis/quality-rules/ca1031) [C:\Projects\Hazina\src\Core\AI\Hazina.AI.RAG\Hazina.AI.RAG.csproj::TargetFramework=net10.0]
C:\Projects\Hazina\src\Core\AI\Hazina.AI.RAG\Embeddings\SemanticSimilarityChunker.cs(198,9): warning CA1031: Modify 'GenerateSentenceEmbeddingsAsync' to catch a more specific allowed exception type, or rethrow the exception (https://learn.microsoft.com/dotnet/fundamentals/code-analysis/quality-rules/ca1031) [C:\Projects\Hazina\src\Core\AI\Hazina.AI.RAG\Hazina.AI.RAG.csproj::TargetFramework=net10.0]
C:\Projects\Hazina\src\Core\AI\Hazina.AI.RAG\Graph\Retrieval\HybridRetrievalService.cs(214,29): warning CA1031: Modify 'ExpandWithGraphAsync' to catch a more specific allowed exception type, or rethrow the exception (https://learn.microsoft.com/dotnet/fundamentals/code-analysis/quality-rules/ca1031) [C:\Projects\Hazina\src\Core\AI\Hazina.AI.RAG\Hazina.AI.RAG.csproj::TargetFramework=net10.0]
C:\Projects\Hazina\src\Core\AI\Hazina.AI.RAG\Embeddings\HierarchicalChunker.cs(216,72): warning SA1629: Documentation text should end with a period (https://github.com/DotNetAnalyzers/StyleCopAnalyzers/blob/master/documentation/SA1629.md) [C:\Projects\Hazina\src\Core\AI\Hazina.AI.RAG\Hazina.AI.RAG.csproj::TargetFramework=net10.0]
C:\Projects\Hazina\src\Core\AI\Hazina.AI.RAG\Embeddings\HierarchicalChunker.cs(240,57): warning SA1108: Block statements should not contain embedded comments (https://github.com/DotNetAnalyzers/StyleCopAnalyzers/blob/master/documentation/SA1108.md) [C:\Projects\Hazina\src\Core\AI\Hazina.AI.RAG\Hazina.AI.RAG.csproj::TargetFramework=net10.0]
C:\Projects\Hazina\src\Core\AI\Hazina.AI.RAG\Embeddings\HierarchicalChunker.cs(254,54): warning CA1845: Use span-based 'string.Concat' and 'AsSpan' instead of 'Substring' (https://learn.microsoft.com/dotnet/fundamentals/code-analysis/quality-rules/ca1845) [C:\Projects\Hazina\src\Core\AI\Hazina.AI.RAG\Hazina.AI.RAG.csproj::TargetFramework=net10.0]
C:\Projects\Hazina\src\Core\Agents\Hazina.AgentFactory\Configuration\StoreConfig.cs(50,52): warning CA1805: Member 'ExplicitWriteEnabled' is explicitly initialized to its default value (https://learn.microsoft.com/dotnet/fundamentals/code-analysis/quality-rules/ca1805) [C:\Projects\Hazina\src\Core\Agents\Hazina.AgentFactory\Hazina.AgentFactory.csproj::TargetFramework=net9.0]
C:\Projects\Hazina\src\Core\AI\Hazina.AI.RAG\Embeddings\HierarchicalChunker.cs(234,33): warning CA1310: The behavior of 'string.StartsWith(string)' could vary based on the current user's locale settings. Replace this call in 'Hazina.AI.RAG.Embeddings.HierarchicalChunker.SplitCodeSections(string)' with a call to 'string.StartsWith(string, System.StringComparison)'. (https://learn.microsoft.com/dotnet/fundamentals/code-analysis/quality-rules/ca1310) [C:\Projects\Hazina\src\Core\AI\Hazina.AI.RAG\Hazina.AI.RAG.csproj::TargetFramework=net10.0]
C:\Projects\Hazina\src\Core\AI\Hazina.AI.RAG\Embeddings\HierarchicalChunker.cs(235,31): warning CA1310: The behavior of 'string.StartsWith(string)' could vary based on the current user's locale settings. Replace this call in 'Hazina.AI.RAG.Embeddings.HierarchicalChunker.SplitCodeSections(string)' with a call to 'string.StartsWith(string, System.StringComparison)'. (https://learn.microsoft.com/dotnet/fundamentals/code-analysis/quality-rules/ca1310) [C:\Projects\Hazina\src\Core\AI\Hazina.AI.RAG\Hazina.AI.RAG.csproj::TargetFramework=net10.0]
C:\Projects\Hazina\src\Core\Agents\Hazina.AgentFactory\Configuration\StoreConfig.cs(32,19): warning SA1623: The property's documentation summary text should begin with: 'Gets or sets' (https://github.com/DotNetAnalyzers/StyleCopAnalyzers/blob/master/documentation/SA1623.md) [C:\Projects\Hazina\src\Core\Agents\Hazina.AgentFactory\Hazina.AgentFactory.csproj::TargetFramework=net9.0]
C:\Projects\Hazina\src\Core\AI\Hazina.AI.RAG\Embeddings\HierarchicalChunker.cs(236,31): warning CA1310: The behavior of 'string.StartsWith(string)' could vary based on the current user's locale settings. Replace this call in 'Hazina.AI.RAG.Embeddings.HierarchicalChunker.SplitCodeSections(string)' with a call to 'string.StartsWith(string, System.StringComparison)'. (https://learn.microsoft.com/dotnet/fundamentals/code-analysis/quality-rules/ca1310) [C:\Projects\Hazina\src\Core\AI\Hazina.AI.RAG\Hazina.AI.RAG.csproj::TargetFramework=net10.0]
C:\Projects\Hazina\src\Core\AI\Hazina.AI.RAG\Embeddings\HierarchicalChunker.cs(237,31): warning CA1307: 'string.Contains(string)' has a method overload that takes a 'StringComparison' parameter. Replace this call in 'Hazina.AI.RAG.Embeddings.HierarchicalChunker.SplitCodeSections(string)' with a call to 'string.Contains(string, System.StringComparison)' for clarity of intent. (https://learn.microsoft.com/dotnet/fundamentals/code-analysis/quality-rules/ca1307) [C:\Projects\Hazina\src\Core\AI\Hazina.AI.RAG\Hazina.AI.RAG.csproj::TargetFramework=net10.0]
C:\Projects\Hazina\src\Core\AI\Hazina.AI.RAG\Embeddings\HierarchicalChunker.cs(238,31): warning MA0009: Regular expressions should not be vulnerable to Denial of Service attacks (https://github.com/meziantou/Meziantou.Analyzer/blob/main/docs/Rules/MA0009.md) [C:\Projects\Hazina\src\Core\AI\Hazina.AI.RAG\Hazina.AI.RAG.csproj::TargetFramework=net10.0]
C:\Projects\Hazina\src\Core\Agents\Hazina.AgentFactory\Configuration\StoreConfig.cs(27,21): warning SA1623: The property's documentation summary text should begin with: 'Gets or sets' (https://github.com/DotNetAnalyzers/StyleCopAnalyzers/blob/master/documentation/SA1623.md) [C:\Projects\Hazina\src\Core\Agents\Hazina.AgentFactory\Hazina.AgentFactory.csproj::TargetFramework=net9.0]
C:\Projects\Hazina\src\Core\AI\Hazina.AI.RAG\Core\RAGEngine.cs(233,30): warning CA1062: In externally visible method 'Task<IndexingResult> RAGEngine.IndexDocumentsAsync(List<Document> documents, CancellationToken cancellationToken = default(CancellationToken))', validate parameter 'documents' is non-null before using it. If appropriate, throw an 'ArgumentNullException' when the argument is 'null'. (https://learn.microsoft.com/dotnet/fundamentals/code-analysis/quality-rules/ca1062) [C:\Projects\Hazina\src\Core\AI\Hazina.AI.RAG\Hazina.AI.RAG.csproj::TargetFramework=net10.0]
C:\Projects\Hazina\src\Core\AI\Hazina.AI.RAG\Embeddings\LLMMetadataExtractor.cs(187,20): warning S2325: Make 'BuildSingleChunkPrompt' a static method. (https://rules.sonarsource.com/csharp/RSPEC-2325) [C:\Projects\Hazina\src\Core\AI\Hazina.AI.RAG\Hazina.AI.RAG.csproj::TargetFramework=net10.0]
C:\Projects\Hazina\src\Core\AI\Hazina.AI.RAG\Core\RAGEngine.cs(276,18): warning MA0016: Prefer using collection abstraction instead of implementation (https://github.com/meziantou/Meziantou.Analyzer/blob/main/docs/Rules/MA0016.md) [C:\Projects\Hazina\src\Core\AI\Hazina.AI.RAG\Hazina.AI.RAG.csproj::TargetFramework=net10.0]
C:\Projects\Hazina\src\Core\AI\Hazina.AI.RAG\Graph\Retrieval\HybridRetrievalService.cs(273,41): warning S2325: Make 'FuseByWeightedSum' a static method. (https://rules.sonarsource.com/csharp/RSPEC-2325) [C:\Projects\Hazina\src\Core\AI\Hazina.AI.RAG\Hazina.AI.RAG.csproj::TargetFramework=net10.0]
C:\Projects\Hazina\src\Core\AI\Hazina.AI.RAG\Embeddings\HierarchicalChunker.cs(234,33): warning MA0074: Use an overload of 'StartsWith' that has a StringComparison parameter (https://github.com/meziantou/Meziantou.Analyzer/blob/main/docs/Rules/MA0074.md) [C:\Projects\Hazina\src\Core\AI\Hazina.AI.RAG\Hazina.AI.RAG.csproj::TargetFramework=net10.0]
C:\Projects\Hazina\src\Core\AI\Hazina.AI.RAG\Embeddings\HierarchicalChunker.cs(281,52): warning SA1629: Documentation text should end with a period (https://github.com/DotNetAnalyzers/StyleCopAnalyzers/blob/master/documentation/SA1629.md) [C:\Projects\Hazina\src\Core\AI\Hazina.AI.RAG\Hazina.AI.RAG.csproj::TargetFramework=net10.0]
C:\Projects\Hazina\src\Core\AI\Hazina.AI.RAG\Embeddings\HierarchicalChunker.cs(288,13): warning SA1503: Braces should not be omitted (https://github.com/DotNetAnalyzers/StyleCopAnalyzers/blob/master/documentation/SA1503.md) [C:\Projects\Hazina\src\Core\AI\Hazina.AI.RAG\Hazina.AI.RAG.csproj::TargetFramework=net10.0]
C:\Projects\Hazina\src\Core\AI\Hazina.AI.RAG\Embeddings\SemanticSimilarityChunker.cs(226,63): warning SA1629: Documentation text should end with a period (https://github.com/DotNetAnalyzers/StyleCopAnalyzers/blob/master/documentation/SA1629.md) [C:\Projects\Hazina\src\Core\AI\Hazina.AI.RAG\Hazina.AI.RAG.csproj::TargetFramework=net10.0]
C:\Projects\Hazina\src\Core\AI\Hazina.AI.RAG\Embeddings\HierarchicalChunker.cs(235,31): warning MA0074: Use an overload of 'StartsWith' that has a StringComparison parameter (https://github.com/meziantou/Meziantou.Analyzer/blob/main/docs/Rules/MA0074.md) [C:\Projects\Hazina\src\Core\AI\Hazina.AI.RAG\Hazina.AI.RAG.csproj::TargetFramework=net10.0]
C:\Projects\Hazina\src\Core\AI\Hazina.AI.RAG\Embeddings\HierarchicalChunker.cs(236,31): warning MA0074: Use an overload of 'StartsWith' that has a StringComparison parameter (https://github.com/meziantou/Meziantou.Analyzer/blob/main/docs/Rules/MA0074.md) [C:\Projects\Hazina\src\Core\AI\Hazina.AI.RAG\Hazina.AI.RAG.csproj::TargetFramework=net10.0]
C:\Projects\Hazina\src\Core\AI\Hazina.AI.RAG\Embeddings\SemanticSimilarityChunker.cs(241,25): warning CA1848: For improved performance, use the LoggerMessage delegates instead of calling 'LoggerExtensions.LogWarning(ILogger, Exception?, string?, params object?[])' (https://learn.microsoft.com/dotnet/fundamentals/code-analysis/quality-rules/ca1848) [C:\Projects\Hazina\src\Core\AI\Hazina.AI.RAG\Hazina.AI.RAG.csproj::TargetFramework=net10.0]
C:\Projects\Hazina\src\Core\AI\Hazina.AI.RAG\Embeddings\HierarchicalChunkerExtensions.cs(109,13): warning S3458: Remove this empty 'case' clause. (https://rules.sonarsource.com/csharp/RSPEC-3458) [C:\Projects\Hazina\src\Core\AI\Hazina.AI.RAG\Hazina.AI.RAG.csproj::TargetFramework=net10.0]
C:\Projects\Hazina\src\Core\AI\Hazina.AI.RAG\Embeddings\SemanticSimilarityChunker.cs(239,13): warning CA1031: Modify 'CalculatePairwiseSimilarities' to catch a more specific allowed exception type, or rethrow the exception (https://learn.microsoft.com/dotnet/fundamentals/code-analysis/quality-rules/ca1031) [C:\Projects\Hazina\src\Core\AI\Hazina.AI.RAG\Hazina.AI.RAG.csproj::TargetFramework=net10.0]
C:\Projects\Hazina\src\Core\AI\Hazina.AI.RAG\Embeddings\BasicMetadataExtractor.cs(104,19): warning S2325: Make 'ExtractSummary' a static method. (https://rules.sonarsource.com/csharp/RSPEC-2325) [C:\Projects\Hazina\src\Core\AI\Hazina.AI.RAG\Hazina.AI.RAG.csproj::TargetFramework=net10.0]
C:\Projects\Hazina\src\Core\Agents\Hazina.AgentFactory\Configuration\StoreConfig.cs(32,48): warning SA1122: Use string.Empty for empty strings (https://github.com/DotNetAnalyzers/StyleCopAnalyzers/blob/master/documentation/SA1122.md) [C:\Projects\Hazina\src\Core\Agents\Hazina.AgentFactory\Hazina.AgentFactory.csproj::TargetFramework=net9.0]
C:\Projects\Hazina\src\Core\AI\Hazina.AI.RAG\Embeddings\BasicMetadataExtractor.cs(70,70): warning SA1629: Documentation text should end with a period (https://github.com/DotNetAnalyzers/StyleCopAnalyzers/blob/master/documentation/SA1629.md) [C:\Projects\Hazina\src\Core\AI\Hazina.AI.RAG\Hazina.AI.RAG.csproj::TargetFramework=net10.0]
C:\Projects\Hazina\src\Core\AI\Hazina.AI.RAG\Embeddings\BasicMetadataExtractor.cs(78,13): warning SA1503: Braces should not be omitted (https://github.com/DotNetAnalyzers/StyleCopAnalyzers/blob/master/documentation/SA1503.md) [C:\Projects\Hazina\src\Core\AI\Hazina.AI.RAG\Hazina.AI.RAG.csproj::TargetFramework=net10.0]
C:\Projects\Hazina\src\Core\AI\Hazina.AI.RAG\Configuration\SemanticChunkingConfiguration.cs(13,59): warning SA1629: Documentation text should end with a period (https://github.com/DotNetAnalyzers/StyleCopAnalyzers/blob/master/documentation/SA1629.md) [C:\Projects\Hazina\src\Core\AI\Hazina.AI.RAG\Hazina.AI.RAG.csproj::TargetFramework=net10.0]
C:\Projects\Hazina\src\Core\AI\Hazina.AI.RAG\Embeddings\ContentTypeDetector.cs(163,64): warning SA1629: Documentation text should end with a period (https://github.com/DotNetAnalyzers/StyleCopAnalyzers/blob/master/documentation/SA1629.md) [C:\Projects\Hazina\src\Core\AI\Hazina.AI.RAG\Hazina.AI.RAG.csproj::TargetFramework=net10.0]
C:\Projects\Hazina\src\Core\AI\Hazina.AI.RAG\Embeddings\HierarchicalChunkerExtensions.cs(84,48): warning S6608: Indexing at 0 should be used instead of the "Enumerable" extension method "First" (https://rules.sonarsource.com/csharp/RSPEC-6608) [C:\Projects\Hazina\src\Core\AI\Hazina.AI.RAG\Hazina.AI.RAG.csproj::TargetFramework=net10.0]
C:\Projects\Hazina\src\Core\AI\Hazina.AI.RAG\Core\RAGEngine.cs(274,39): warning SA1629: Documentation text should end with a period (https://github.com/DotNetAnalyzers/StyleCopAnalyzers/blob/master/documentation/SA1629.md) [C:\Projects\Hazina\src\Core\AI\Hazina.AI.RAG\Hazina.AI.RAG.csproj::TargetFramework=net10.0]
C:\Projects\Hazina\src\Core\AI\Hazina.AI.RAG\Embeddings\BasicMetadataExtractor.cs(83,38): warning CA1311: Specify a culture or use an invariant version to avoid implicit dependency on current culture (https://learn.microsoft.com/dotnet/fundamentals/code-analysis/quality-rules/ca1311) [C:\Projects\Hazina\src\Core\AI\Hazina.AI.RAG\Hazina.AI.RAG.csproj::TargetFramework=net10.0]
C:\Projects\Hazina\src\Core\AI\Hazina.AI.RAG\Embeddings\LLMMetadataExtractor.cs(185,58): warning SA1629: Documentation text should end with a period (https://github.com/DotNetAnalyzers/StyleCopAnalyzers/blob/master/documentation/SA1629.md) [C:\Projects\Hazina\src\Core\AI\Hazina.AI.RAG\Hazina.AI.RAG.csproj::TargetFramework=net10.0]
C:\Projects\Hazina\src\Core\AI\Hazina.AI.RAG\Core\RAGEngine.cs(282,25): warning MA0004: Use Task.ConfigureAwait(false) if the current SynchronizationContext is not needed (https://github.com/meziantou/Meziantou.Analyzer/blob/main/docs/Rules/MA0004.md) [C:\Projects\Hazina\src\Core\AI\Hazina.AI.RAG\Hazina.AI.RAG.csproj::TargetFramework=net10.0]
C:\Projects\Hazina\src\Core\AI\Hazina.AI.RAG\Core\RAGEngine.cs(283,16): warning MA0004: Use Task.ConfigureAwait(false) if the current SynchronizationContext is not needed (https://github.com/meziantou/Meziantou.Analyzer/blob/main/docs/Rules/MA0004.md) [C:\Projects\Hazina\src\Core\AI\Hazina.AI.RAG\Hazina.AI.RAG.csproj::TargetFramework=net10.0]
C:\Projects\Hazina\src\Core\AI\Hazina.AI.RAG\Embeddings\BasicMetadataExtractor.cs(83,32): warning CA1304: The behavior of 'string.ToLower()' could vary based on the current user's locale settings. Replace this call in 'BasicMetadataExtractor.ExtractKeywordsTFIDF(string, [int])' with a call to 'string.ToLower(CultureInfo)'. (https://learn.microsoft.com/dotnet/fundamentals/code-analysis/quality-rules/ca1304) [C:\Projects\Hazina\src\Core\AI\Hazina.AI.RAG\Hazina.AI.RAG.csproj::TargetFramework=net10.0]
C:\Projects\Hazina\src\Core\AI\Hazina.AI.RAG\Embeddings\HierarchicalChunkerExtensions.cs(85,46): warning S6608: Indexing at Count-1 should be used instead of the "Enumerable" extension method "Last" (https://rules.sonarsource.com/csharp/RSPEC-6608) [C:\Projects\Hazina\src\Core\AI\Hazina.AI.RAG\Hazina.AI.RAG.csproj::TargetFramework=net10.0]
C:\Projects\Hazina\src\Core\AI\Hazina.AI.RAG\Embeddings\SemanticSimilarityChunker.cs(298,17): warning S1854: Remove this useless assignment to local variable 'currentChunkStart'. (https://rules.sonarsource.com/csharp/RSPEC-1854) [C:\Projects\Hazina\src\Core\AI\Hazina.AI.RAG\Hazina.AI.RAG.csproj::TargetFramework=net10.0]
C:\Projects\Hazina\src\Core\AI\Hazina.AI.RAG\Embeddings\LLMMetadataExtractor.cs(191,15): warning CA1845: Use span-based 'string.Concat' and 'AsSpan' instead of 'Substring' (https://learn.microsoft.com/dotnet/fundamentals/code-analysis/quality-rules/ca1845) [C:\Projects\Hazina\src\Core\AI\Hazina.AI.RAG\Hazina.AI.RAG.csproj::TargetFramework=net10.0]
C:\Projects\Hazina\src\Core\AI\Hazina.AI.RAG\Embeddings\BasicMetadataExtractor.cs(102,85): warning SA1629: Documentation text should end with a period (https://github.com/DotNetAnalyzers/StyleCopAnalyzers/blob/master/documentation/SA1629.md) [C:\Projects\Hazina\src\Core\AI\Hazina.AI.RAG\Hazina.AI.RAG.csproj::TargetFramework=net10.0]
C:\Projects\Hazina\src\Core\AI\Hazina.AI.RAG\Embeddings\BasicMetadataExtractor.cs(109,13): warning SA1503: Braces should not be omitted (https://github.com/DotNetAnalyzers/StyleCopAnalyzers/blob/master/documentation/SA1503.md) [C:\Projects\Hazina\src\Core\AI\Hazina.AI.RAG\Hazina.AI.RAG.csproj::TargetFramework=net10.0]
C:\Projects\Hazina\src\Core\AI\Hazina.AI.RAG\Embeddings\BasicMetadataExtractor.cs(123,29): warning CA1845: Use span-based 'string.Concat' and 'AsSpan' instead of 'Substring' (https://learn.microsoft.com/dotnet/fundamentals/code-analysis/quality-rules/ca1845) [C:\Projects\Hazina\src\Core\AI\Hazina.AI.RAG\Hazina.AI.RAG.csproj::TargetFramework=net10.0]
C:\Projects\Hazina\src\Core\AI\Hazina.AI.RAG\Embeddings\HierarchicalChunkerExtensions.cs(65,17): warning SA1503: Braces should not be omitted (https://github.com/DotNetAnalyzers/StyleCopAnalyzers/blob/master/documentation/SA1503.md) [C:\Projects\Hazina\src\Core\AI\Hazina.AI.RAG\Hazina.AI.RAG.csproj::TargetFramework=net10.0]
C:\Projects\Hazina\src\Core\AI\Hazina.AI.RAG\Embeddings\HierarchicalChunkerExtensions.cs(87,13): warning SA1111: Closing parenthesis should be on line of last parameter (https://github.com/DotNetAnalyzers/StyleCopAnalyzers/blob/master/documentation/SA1111.md) [C:\Projects\Hazina\src\Core\AI\Hazina.AI.RAG\Hazina.AI.RAG.csproj::TargetFramework=net10.0]
C:\Projects\Hazina\src\Core\AI\Hazina.AI.RAG\Embeddings\BasicMetadataExtractor.cs(83,32): warning MA0011: Use an overload of 'ToLower' that has a 'System.Globalization.CultureInfo' parameter (https://github.com/meziantou/Meziantou.Analyzer/blob/main/docs/Rules/MA0011.md) [C:\Projects\Hazina\src\Core\AI\Hazina.AI.RAG\Hazina.AI.RAG.csproj::TargetFramework=net10.0]
C:\Projects\Hazina\src\Core\AI\Hazina.AI.RAG\Embeddings\BasicMetadataExtractor.cs(81,24): warning MA0002: Use an overload that has a IEqualityComparer<string> or IComparer<string> parameter (https://github.com/meziantou/Meziantou.Analyzer/blob/main/docs/Rules/MA0002.md) [C:\Projects\Hazina\src\Core\AI\Hazina.AI.RAG\Hazina.AI.RAG.csproj::TargetFramework=net10.0]
C:\Projects\Hazina\src\Core\AI\Hazina.AI.RAG\Embeddings\HierarchicalChunkerExtensions.cs(57,27): warning CA1854: Prefer a 'TryGetValue' call over a Dictionary indexer access guarded by a 'ContainsKey' check to avoid double lookup (https://learn.microsoft.com/dotnet/fundamentals/code-analysis/quality-rules/ca1854) [C:\Projects\Hazina\src\Core\AI\Hazina.AI.RAG\Hazina.AI.RAG.csproj::TargetFramework=net10.0]
C:\Projects\Hazina\src\Core\AI\Hazina.AI.RAG\Embeddings\HierarchicalChunkerExtensions.cs(68,32): warning CA1854: Prefer a 'TryGetValue' call over a Dictionary indexer access guarded by a 'ContainsKey' check to avoid double lookup (https://learn.microsoft.com/dotnet/fundamentals/code-analysis/quality-rules/ca1854) [C:\Projects\Hazina\src\Core\AI\Hazina.AI.RAG\Hazina.AI.RAG.csproj::TargetFramework=net10.0]
C:\Projects\Hazina\src\Core\AI\Hazina.AI.RAG\Embeddings\BasicMetadataExtractor.cs(132,17): warning S2325: Make 'CountWords' a static method. (https://rules.sonarsource.com/csharp/RSPEC-2325) [C:\Projects\Hazina\src\Core\AI\Hazina.AI.RAG\Hazina.AI.RAG.csproj::TargetFramework=net10.0]
C:\Projects\Hazina\src\Core\AI\Hazina.AI.RAG\Embeddings\BasicMetadataExtractor.cs(140,17): warning S2325: Make 'CountSentences' a static method. (https://rules.sonarsource.com/csharp/RSPEC-2325) [C:\Projects\Hazina\src\Core\AI\Hazina.AI.RAG\Hazina.AI.RAG.csproj::TargetFramework=net10.0]
C:\Projects\Hazina\src\Core\AI\Hazina.AI.RAG\Graph\Retrieval\HybridRetrievalService.cs(278,23): warning MA0002: Use an overload that has a IEqualityComparer<string> or IComparer<string> parameter (https://github.com/meziantou/Meziantou.Analyzer/blob/main/docs/Rules/MA0002.md) [C:\Projects\Hazina\src\Core\AI\Hazina.AI.RAG\Hazina.AI.RAG.csproj::TargetFramework=net10.0]
C:\Projects\Hazina\src\Core\AI\Hazina.AI.RAG\Graph\Retrieval\HybridRetrievalService.cs(309,41): warning S2325: Make 'FuseByReciprocalRank' a static method. (https://rules.sonarsource.com/csharp/RSPEC-2325) [C:\Projects\Hazina\src\Core\AI\Hazina.AI.RAG\Hazina.AI.RAG.csproj::TargetFramework=net10.0]
C:\Projects\Hazina\src\Core\AI\Hazina.AI.RAG\Embeddings\LLMMetadataExtractor.cs(213,20): warning S2325: Make 'BuildBatchPrompt' a static method. (https://rules.sonarsource.com/csharp/RSPEC-2325) [C:\Projects\Hazina\src\Core\AI\Hazina.AI.RAG\Hazina.AI.RAG.csproj::TargetFramework=net10.0]
C:\Projects\Hazina\src\Core\AI\Hazina.AI.RAG\Embeddings\BasicMetadataExtractor.cs(75,38): warning CA1062: In externally visible method 'List<string> BasicMetadataExtractor.ExtractKeywordsTFIDF(string text, int topK = 5)', validate parameter 'text' is non-null before using it. If appropriate, throw an 'ArgumentNullException' when the argument is 'null'. (https://learn.microsoft.com/dotnet/fundamentals/code-analysis/quality-rules/ca1062) [C:\Projects\Hazina\src\Core\AI\Hazina.AI.RAG\Hazina.AI.RAG.csproj::TargetFramework=net10.0]
C:\Projects\Hazina\src\Core\AI\Hazina.AI.RAG\Embeddings\ContentTypeDetector.cs(213,64): warning SA1629: Documentation text should end with a period (https://github.com/DotNetAnalyzers/StyleCopAnalyzers/blob/master/documentation/SA1629.md) [C:\Projects\Hazina\src\Core\AI\Hazina.AI.RAG\Hazina.AI.RAG.csproj::TargetFramework=net10.0]
C:\Projects\Hazina\src\Core\AI\Hazina.AI.RAG\Graph\Storage\SQLiteGraphStore.cs(204,17): warning CA1873: Evaluation of this argument may be expensive and unnecessary if logging is disabled (https://learn.microsoft.com/dotnet/fundamentals/code-analysis/quality-rules/ca1873) [C:\Projects\Hazina\src\Core\AI\Hazina.AI.RAG\Hazina.AI.RAG.csproj::TargetFramework=net10.0]
C:\Projects\Hazina\src\Core\AI\Hazina.AI.RAG\Graph\Storage\SQLiteGraphStore.cs(204,17): warning CA1848: For improved performance, use the LoggerMessage delegates instead of calling 'LoggerExtensions.LogDebug(ILogger, string?, params object?[])' (https://learn.microsoft.com/dotnet/fundamentals/code-analysis/quality-rules/ca1848) [C:\Projects\Hazina\src\Core\AI\Hazina.AI.RAG\Hazina.AI.RAG.csproj::TargetFramework=net10.0]
C:\Projects\Hazina\src\Core\AI\Hazina.AI.RAG\Embeddings\SemanticSimilarityChunker.cs(320,26): warning S2325: Make 'ApplyRollingAverage' a static method. (https://rules.sonarsource.com/csharp/RSPEC-2325) [C:\Projects\Hazina\src\Core\AI\Hazina.AI.RAG\Hazina.AI.RAG.csproj::TargetFramework=net10.0]
C:\Projects\Hazina\src\Core\AI\Hazina.AI.RAG\Graph\Storage\SQLiteGraphStore.cs(146,37): warning CA1849: 'SqliteConnection.BeginTransaction()' synchronously blocks. Await 'DbConnection.BeginTransactionAsync(CancellationToken)' instead. (https://learn.microsoft.com/dotnet/fundamentals/code-analysis/quality-rules/ca1849) [C:\Projects\Hazina\src\Core\AI\Hazina.AI.RAG\Hazina.AI.RAG.csproj::TargetFramework=net10.0]
C:\Projects\Hazina\src\Core\AI\Hazina.AI.RAG\Graph\Storage\SQLiteGraphStore.cs(140,9): warning MA0004: Use Task.ConfigureAwait(false) if the current SynchronizationContext is not needed (https://github.com/meziantou/Meziantou.Analyzer/blob/main/docs/Rules/MA0004.md) [C:\Projects\Hazina\src\Core\AI\Hazina.AI.RAG\Hazina.AI.RAG.csproj::TargetFramework=net10.0]
C:\Projects\Hazina\src\Core\AI\Hazina.AI.RAG\Graph\Storage\SQLiteGraphStore.cs(144,13): warning MA0004: Use Task.ConfigureAwait(false) if the current SynchronizationContext is not needed (https://github.com/meziantou/Meziantou.Analyzer/blob/main/docs/Rules/MA0004.md) [C:\Projects\Hazina\src\Core\AI\Hazina.AI.RAG\Hazina.AI.RAG.csproj::TargetFramework=net10.0]
C:\Projects\Hazina\src\Core\AI\Hazina.AI.RAG\Graph\Storage\SQLiteGraphStore.cs(170,21): warning MA0004: Use Task.ConfigureAwait(false) if the current SynchronizationContext is not needed (https://github.com/meziantou/Meziantou.Analyzer/blob/main/docs/Rules/MA0004.md) [C:\Projects\Hazina\src\Core\AI\Hazina.AI.RAG\Hazina.AI.RAG.csproj::TargetFramework=net10.0]
C:\Projects\Hazina\src\Core\AI\Hazina.AI.RAG\Graph\Storage\SQLiteGraphStore.cs(183,29): warning MA0004: Use Task.ConfigureAwait(false) if the current SynchronizationContext is not needed (https://github.com/meziantou/Meziantou.Analyzer/blob/main/docs/Rules/MA0004.md) [C:\Projects\Hazina\src\Core\AI\Hazina.AI.RAG\Hazina.AI.RAG.csproj::TargetFramework=net10.0]
C:\Projects\Hazina\src\Core\AI\Hazina.AI.RAG\Graph\Storage\SQLiteGraphStore.cs(198,29): warning MA0004: Use Task.ConfigureAwait(false) if the current SynchronizationContext is not needed (https://github.com/meziantou/Meziantou.Analyzer/blob/main/docs/Rules/MA0004.md) [C:\Projects\Hazina\src\Core\AI\Hazina.AI.RAG\Hazina.AI.RAG.csproj::TargetFramework=net10.0]
C:\Projects\Hazina\src\Core\AI\Hazina.AI.RAG\Graph\Storage\SQLiteGraphStore.cs(203,17): warning MA0004: Use Task.ConfigureAwait(false) if the current SynchronizationContext is not needed (https://github.com/meziantou/Meziantou.Analyzer/blob/main/docs/Rules/MA0004.md) [C:\Projects\Hazina\src\Core\AI\Hazina.AI.RAG\Hazina.AI.RAG.csproj::TargetFramework=net10.0]
C:\Projects\Hazina\src\Core\AI\Hazina.AI.RAG\Graph\Storage\SQLiteGraphStore.cs(208,17): warning MA0004: Use Task.ConfigureAwait(false) if the current SynchronizationContext is not needed (https://github.com/meziantou/Meziantou.Analyzer/blob/main/docs/Rules/MA0004.md) [C:\Projects\Hazina\src\Core\AI\Hazina.AI.RAG\Hazina.AI.RAG.csproj::TargetFramework=net10.0]
C:\Projects\Hazina\src\Core\AI\Hazina.AI.RAG\Configuration\SemanticChunkingConfiguration.cs(19,23): warning CA1062: In externally visible method 'SemanticChunkingOptions SemanticChunkingConfiguration.LoadFromConfiguration(IConfiguration configuration)', validate parameter 'configuration' is non-null before using it. If appropriate, throw an 'ArgumentNullException' when the argument is 'null'. (https://learn.microsoft.com/dotnet/fundamentals/code-analysis/quality-rules/ca1062) [C:\Projects\Hazina\src\Core\AI\Hazina.AI.RAG\Hazina.AI.RAG.csproj::TargetFramework=net10.0]
C:\Projects\Hazina\src\Core\AI\Hazina.AI.RAG\Embeddings\BasicMetadataExtractor.cs(130,28): warning SA1629: Documentation text should end with a period (https://github.com/DotNetAnalyzers/StyleCopAnalyzers/blob/master/documentation/SA1629.md) [C:\Projects\Hazina\src\Core\AI\Hazina.AI.RAG\Hazina.AI.RAG.csproj::TargetFramework=net10.0]
C:\Projects\Hazina\src\Core\AI\Hazina.AI.RAG\Embeddings\BasicMetadataExtractor.cs(138,32): warning SA1629: Documentation text should end with a period (https://github.com/DotNetAnalyzers/StyleCopAnalyzers/blob/master/documentation/SA1629.md) [C:\Projects\Hazina\src\Core\AI\Hazina.AI.RAG\Hazina.AI.RAG.csproj::TargetFramework=net10.0]
C:\Projects\Hazina\src\Core\AI\Hazina.AI.RAG\Embeddings\HierarchicalChunker.cs(295,49): warning SA1629: Documentation text should end with a period (https://github.com/DotNetAnalyzers/StyleCopAnalyzers/blob/master/documentation/SA1629.md) [C:\Projects\Hazina\src\Core\AI\Hazina.AI.RAG\Hazina.AI.RAG.csproj::TargetFramework=net10.0]
C:\Projects\Hazina\src\Core\AI\Hazina.AI.RAG\Embeddings\BasicMetadataExtractor.cs(134,27): warning CA1861: Prefer 'static readonly' fields over constant array arguments if the called method is called repeatedly and is not mutating the passed array (https://learn.microsoft.com/dotnet/fundamentals/code-analysis/quality-rules/ca1861) [C:\Projects\Hazina\src\Core\AI\Hazina.AI.RAG\Hazina.AI.RAG.csproj::TargetFramework=net10.0]
C:\Projects\Hazina\src\Core\Agents\Hazina.AgentFactory\Configuration\StoreConfig.cs(63,22): warning SA1623: The property's documentation summary text should begin with: 'Gets or sets' (https://github.com/DotNetAnalyzers/StyleCopAnalyzers/blob/master/documentation/SA1623.md) [C:\Projects\Hazina\src\Core\Agents\Hazina.AgentFactory\Hazina.AgentFactory.csproj::TargetFramework=net9.0]
C:\Projects\Hazina\src\Core\AI\Hazina.AI.RAG\Embeddings\HierarchicalChunker.cs(300,37): warning CA1861: Prefer 'static readonly' fields over constant array arguments if the called method is called repeatedly and is not mutating the passed array (https://learn.microsoft.com/dotnet/fundamentals/code-analysis/quality-rules/ca1861) [C:\Projects\Hazina\src\Core\AI\Hazina.AI.RAG\Hazina.AI.RAG.csproj::TargetFramework=net10.0]
C:\Projects\Hazina\src\Core\AI\Hazina.AI.RAG\Graph\Retrieval\HybridRetrievalService.cs(349,41): warning S2325: Make 'FuseByMaxScore' a static method. (https://rules.sonarsource.com/csharp/RSPEC-2325) [C:\Projects\Hazina\src\Core\AI\Hazina.AI.RAG\Hazina.AI.RAG.csproj::TargetFramework=net10.0]
C:\Projects\Hazina\src\Core\AI\Hazina.AI.RAG\Embeddings\SemanticSimilarityChunker.cs(347,9): warning S1172: Remove this unused method parameter 'originalText'. (https://rules.sonarsource.com/csharp/RSPEC-1172) [C:\Projects\Hazina\src\Core\AI\Hazina.AI.RAG\Hazina.AI.RAG.csproj::TargetFramework=net10.0]
C:\Projects\Hazina\src\Core\AI\Hazina.AI.RAG\Embeddings\SemanticSimilarityChunker.cs(250,61): warning SA1629: Documentation text should end with a period (https://github.com/DotNetAnalyzers/StyleCopAnalyzers/blob/master/documentation/SA1629.md) [C:\Projects\Hazina\src\Core\AI\Hazina.AI.RAG\Hazina.AI.RAG.csproj::TargetFramework=net10.0]
C:\Projects\Hazina\src\Core\AI\Hazina.AI.RAG\Embeddings\SemanticSimilarityChunker.cs(295,35): warning SA1116: The parameters should begin on the line after the declaration, whenever the parameter span across multiple lines (https://github.com/DotNetAnalyzers/StyleCopAnalyzers/blob/master/documentation/SA1116.md) [C:\Projects\Hazina\src\Core\AI\Hazina.AI.RAG\Hazina.AI.RAG.csproj::TargetFramework=net10.0]
C:\Projects\Hazina\src\Core\AI\Hazina.AI.RAG\Embeddings\SemanticSimilarityChunker.cs(296,28): warning SA1117: The parameters should all be placed on the same line or each parameter should be placed on its own line (https://github.com/DotNetAnalyzers/StyleCopAnalyzers/blob/master/documentation/SA1117.md) [C:\Projects\Hazina\src\Core\AI\Hazina.AI.RAG\Hazina.AI.RAG.csproj::TargetFramework=net10.0]
C:\Projects\Hazina\src\Core\AI\Hazina.AI.RAG\Embeddings\ContentTypeDetector.cs(180,50): warning SA1629: Documentation text should end with a period (https://github.com/DotNetAnalyzers/StyleCopAnalyzers/blob/master/documentation/SA1629.md) [C:\Projects\Hazina\src\Core\AI\Hazina.AI.RAG\Hazina.AI.RAG.csproj::TargetFramework=net10.0]
C:\Projects\Hazina\src\Core\AI\Hazina.AI.RAG\Embeddings\ContentTypeDetector.cs(199,13): warning SA1503: Braces should not be omitted (https://github.com/DotNetAnalyzers/StyleCopAnalyzers/blob/master/documentation/SA1503.md) [C:\Projects\Hazina\src\Core\AI\Hazina.AI.RAG\Hazina.AI.RAG.csproj::TargetFramework=net10.0]
C:\Projects\Hazina\src\Core\AI\Hazina.AI.RAG\Embeddings\ContentTypeDetector.cs(203,13): warning SA1503: Braces should not be omitted (https://github.com/DotNetAnalyzers/StyleCopAnalyzers/blob/master/documentation/SA1503.md) [C:\Projects\Hazina\src\Core\AI\Hazina.AI.RAG\Hazina.AI.RAG.csproj::TargetFramework=net10.0]
C:\Projects\Hazina\src\Core\AI\Hazina.AI.RAG\Embeddings\ContentTypeDetector.cs(207,13): warning SA1503: Braces should not be omitted (https://github.com/DotNetAnalyzers/StyleCopAnalyzers/blob/master/documentation/SA1503.md) [C:\Projects\Hazina\src\Core\AI\Hazina.AI.RAG\Hazina.AI.RAG.csproj::TargetFramework=net10.0]
C:\Projects\Hazina\src\Core\AI\Hazina.AI.RAG\Embeddings\ContentTypeDetector.cs(198,13): warning CA1307: 'string.Contains(string)' has a method overload that takes a 'StringComparison' parameter. Replace this call in 'Hazina.AI.RAG.Embeddings.ContentTypeDetector.GetTechnicalScore(string)' with a call to 'string.Contains(string, System.StringComparison)' for clarity of intent. (https://learn.microsoft.com/dotnet/fundamentals/code-analysis/quality-rules/ca1307) [C:\Projects\Hazina\src\Core\AI\Hazina.AI.RAG\Hazina.AI.RAG.csproj::TargetFramework=net10.0]
C:\Projects\Hazina\src\Core\AI\Hazina.AI.RAG\Embeddings\ContentTypeDetector.cs(198,37): warning CA1307: 'string.Contains(string)' has a method overload that takes a 'StringComparison' parameter. Replace this call in 'Hazina.AI.RAG.Embeddings.ContentTypeDetector.GetTechnicalScore(string)' with a call to 'string.Contains(string, System.StringComparison)' for clarity of intent. (https://learn.microsoft.com/dotnet/fundamentals/code-analysis/quality-rules/ca1307) [C:\Projects\Hazina\src\Core\AI\Hazina.AI.RAG\Hazina.AI.RAG.csproj::TargetFramework=net10.0]
C:\Projects\Hazina\src\Core\AI\Hazina.AI.RAG\Configuration\SemanticChunkingConfiguration.cs(109,42): warning SA1629: Documentation text should end with a period (https://github.com/DotNetAnalyzers/StyleCopAnalyzers/blob/master/documentation/SA1629.md) [C:\Projects\Hazina\src\Core\AI\Hazina.AI.RAG\Hazina.AI.RAG.csproj::TargetFramework=net10.0]
C:\Projects\Hazina\src\Core\AI\Hazina.AI.RAG\Embeddings\SemanticSimilarityChunker.cs(295,25): warning CA1873: Evaluation of this argument may be expensive and unnecessary if logging is disabled (https://learn.microsoft.com/dotnet/fundamentals/code-analysis/quality-rules/ca1873) [C:\Projects\Hazina\src\Core\AI\Hazina.AI.RAG\Hazina.AI.RAG.csproj::TargetFramework=net10.0]
C:\Projects\Hazina\src\Core\AI\Hazina.AI.RAG\Embeddings\ContentTypeDetector.cs(202,62): warning MA0023: Add RegexOptions.ExplicitCapture to prevent capturing unneeded groups (https://github.com/meziantou/Meziantou.Analyzer/blob/main/docs/Rules/MA0023.md) [C:\Projects\Hazina\src\Core\AI\Hazina.AI.RAG\Hazina.AI.RAG.csproj::TargetFramework=net10.0]
C:\Projects\Hazina\src\Core\AI\Hazina.AI.RAG\Embeddings\SemanticSimilarityChunker.cs(295,25): warning CA1848: For improved performance, use the LoggerMessage delegates instead of calling 'LoggerExtensions.LogDebug(ILogger, string?, params object?[])' (https://learn.microsoft.com/dotnet/fundamentals/code-analysis/quality-rules/ca1848) [C:\Projects\Hazina\src\Core\AI\Hazina.AI.RAG\Hazina.AI.RAG.csproj::TargetFramework=net10.0]
C:\Projects\Hazina\src\Core\AI\Hazina.AI.RAG\Embeddings\ContentTypeDetector.cs(202,13): warning MA0009: Regular expressions should not be vulnerable to Denial of Service attacks (https://github.com/meziantou/Meziantou.Analyzer/blob/main/docs/Rules/MA0009.md) [C:\Projects\Hazina\src\Core\AI\Hazina.AI.RAG\Hazina.AI.RAG.csproj::TargetFramework=net10.0]
C:\Projects\Hazina\src\Core\Agents\Hazina.AgentFactory\Configuration\StoreConfig.cs(37,21): warning SA1623: The property's documentation summary text should begin with: 'Gets or sets' (https://github.com/DotNetAnalyzers/StyleCopAnalyzers/blob/master/documentation/SA1623.md) [C:\Projects\Hazina\src\Core\Agents\Hazina.AgentFactory\Hazina.AgentFactory.csproj::TargetFramework=net9.0]
C:\Projects\Hazina\src\Core\AI\Hazina.AI.RAG\Embeddings\ContentTypeDetector.cs(206,13): warning MA0009: Regular expressions should not be vulnerable to Denial of Service attacks (https://github.com/meziantou/Meziantou.Analyzer/blob/main/docs/Rules/MA0009.md) [C:\Projects\Hazina\src\Core\AI\Hazina.AI.RAG\Hazina.AI.RAG.csproj::TargetFramework=net10.0]
C:\Projects\Hazina\src\Core\AI\Hazina.AI.RAG\Embeddings\LLMMetadataExtractor.cs(272,25): warning CA1002: Change 'List<TextChunk>' in 'LLMMetadataExtractor.EnrichChunksAsync(List<TextChunk>, [CancellationToken])' to use 'Collection<T>', 'ReadOnlyCollection<T>' or 'KeyedCollection<K,V>' (https://learn.microsoft.com/dotnet/fundamentals/code-analysis/quality-rules/ca1002) [C:\Projects\Hazina\src\Core\AI\Hazina.AI.RAG\Hazina.AI.RAG.csproj::TargetFramework=net10.0]
C:\Projects\Hazina\src\Core\AI\Hazina.AI.RAG\Configuration\SemanticChunkingConfiguration.cs(115,23): warning CA1062: In externally visible method 'TextChunkingOptions SemanticChunkingConfiguration.LoadTextChunkingOptions(IConfiguration configuration)', validate parameter 'configuration' is non-null before using it. If appropriate, throw an 'ArgumentNullException' when the argument is 'null'. (https://learn.microsoft.com/dotnet/fundamentals/code-analysis/quality-rules/ca1062) [C:\Projects\Hazina\src\Core\AI\Hazina.AI.RAG\Hazina.AI.RAG.csproj::TargetFramework=net10.0]
C:\Projects\Hazina\src\Core\AI\Hazina.AI.RAG\Embeddings\LLMMetadataExtractor.cs(272,9): warning MA0016: Prefer using collection abstraction instead of implementation (https://github.com/meziantou/Meziantou.Analyzer/blob/main/docs/Rules/MA0016.md) [C:\Projects\Hazina\src\Core\AI\Hazina.AI.RAG\Hazina.AI.RAG.csproj::TargetFramework=net10.0]
C:\Projects\Hazina\src\Core\AI\Hazina.AI.RAG\Embeddings\LLMMetadataExtractor.cs(211,51): warning SA1629: Documentation text should end with a period (https://github.com/DotNetAnalyzers/StyleCopAnalyzers/blob/master/documentation/SA1629.md) [C:\Projects\Hazina\src\Core\AI\Hazina.AI.RAG\Hazina.AI.RAG.csproj::TargetFramework=net10.0]
C:\Projects\Hazina\src\Core\AI\Hazina.AI.RAG\Embeddings\LLMMetadataExtractor.cs(227,19): warning CA1845: Use span-based 'string.Concat' and 'AsSpan' instead of 'Substring' (https://learn.microsoft.com/dotnet/fundamentals/code-analysis/quality-rules/ca1845) [C:\Projects\Hazina\src\Core\AI\Hazina.AI.RAG\Hazina.AI.RAG.csproj::TargetFramework=net10.0]
C:\Projects\Hazina\src\Core\AI\Hazina.AI.RAG\Embeddings\ContentTypeDetector.cs(247,60): warning SA1629: Documentation text should end with a period (https://github.com/DotNetAnalyzers/StyleCopAnalyzers/blob/master/documentation/SA1629.md) [C:\Projects\Hazina\src\Core\AI\Hazina.AI.RAG\Hazina.AI.RAG.csproj::TargetFramework=net10.0]
C:\Projects\Hazina\src\Core\AI\Hazina.AI.RAG\Embeddings\LLMMetadataExtractor.cs(249,58): warning SA1629: Documentation text should end with a period (https://github.com/DotNetAnalyzers/StyleCopAnalyzers/blob/master/documentation/SA1629.md) [C:\Projects\Hazina\src\Core\AI\Hazina.AI.RAG\Hazina.AI.RAG.csproj::TargetFramework=net10.0]
C:\Projects\Hazina\src\Core\AI\Hazina.AI.RAG\Embeddings\LLMMetadataExtractor.cs(219,9): warning CA1305: The behavior of 'StringBuilder.AppendLine(ref StringBuilder.AppendInterpolatedStringHandler)' could vary based on the current user's locale settings. Replace this call in 'LLMMetadataExtractor.BuildBatchPrompt(List<TextChunk>)' with a call to 'StringBuilder.AppendLine(IFormatProvider, ref StringBuilder.AppendInterpolatedStringHandler)'. (https://learn.microsoft.com/dotnet/fundamentals/code-analysis/quality-rules/ca1305) [C:\Projects\Hazina\src\Core\AI\Hazina.AI.RAG\Hazina.AI.RAG.csproj::TargetFramework=net10.0]
C:\Projects\Hazina\src\Core\AI\Hazina.AI.RAG\Embeddings\LLMMetadataExtractor.cs(230,13): warning CA1305: The behavior of 'StringBuilder.AppendLine(ref StringBuilder.AppendInterpolatedStringHandler)' could vary based on the current user's locale settings. Replace this call in 'LLMMetadataExtractor.BuildBatchPrompt(List<TextChunk>)' with a call to 'StringBuilder.AppendLine(IFormatProvider, ref StringBuilder.AppendInterpolatedStringHandler)'. (https://learn.microsoft.com/dotnet/fundamentals/code-analysis/quality-rules/ca1305) [C:\Projects\Hazina\src\Core\AI\Hazina.AI.RAG\Hazina.AI.RAG.csproj::TargetFramework=net10.0]
C:\Projects\Hazina\src\Core\AI\Hazina.AI.RAG\Embeddings\LLMMetadataExtractor.cs(239,9): warning CA1305: The behavior of 'StringBuilder.AppendLine(ref StringBuilder.AppendInterpolatedStringHandler)' could vary based on the current user's locale settings. Replace this call in 'LLMMetadataExtractor.BuildBatchPrompt(List<TextChunk>)' with a call to 'StringBuilder.AppendLine(IFormatProvider, ref StringBuilder.AppendInterpolatedStringHandler)'. (https://learn.microsoft.com/dotnet/fundamentals/code-analysis/quality-rules/ca1305) [C:\Projects\Hazina\src\Core\AI\Hazina.AI.RAG\Hazina.AI.RAG.csproj::TargetFramework=net10.0]
C:\Projects\Hazina\src\Core\AI\Hazina.AI.RAG\Embeddings\LLMMetadataExtractor.cs(243,9): warning CA1305: The behavior of 'StringBuilder.AppendLine(ref StringBuilder.AppendInterpolatedStringHandler)' could vary based on the current user's locale settings. Replace this call in 'LLMMetadataExtractor.BuildBatchPrompt(List<TextChunk>)' with a call to 'StringBuilder.AppendLine(IFormatProvider, ref StringBuilder.AppendInterpolatedStringHandler)'. (https://learn.microsoft.com/dotnet/fundamentals/code-analysis/quality-rules/ca1305) [C:\Projects\Hazina\src\Core\AI\Hazina.AI.RAG\Hazina.AI.RAG.csproj::TargetFramework=net10.0]
C:\Projects\Hazina\src\Core\AI\Hazina.AI.RAG\Graph\Retrieval\HybridRetrievalService.cs(314,23): warning MA0002: Use an overload that has a IEqualityComparer<string> or IComparer<string> parameter (https://github.com/meziantou/Meziantou.Analyzer/blob/main/docs/Rules/MA0002.md) [C:\Projects\Hazina\src\Core\AI\Hazina.AI.RAG\Hazina.AI.RAG.csproj::TargetFramework=net10.0]
C:\Projects\Hazina\src\Core\AI\Hazina.AI.RAG\Embeddings\LLMMetadataExtractor.cs(254,15): warning CA1845: Use span-based 'string.Concat' and 'AsSpan' instead of 'Substring' (https://learn.microsoft.com/dotnet/fundamentals/code-analysis/quality-rules/ca1845) [C:\Projects\Hazina\src\Core\AI\Hazina.AI.RAG\Hazina.AI.RAG.csproj::TargetFramework=net10.0]
C:\Projects\Hazina\src\Core\AI\Hazina.AI.RAG\Embeddings\LLMMetadataExtractor.cs(219,9): warning MA0011: Use an overload of 'AppendLine' that has a 'System.IFormatProvider' parameter (https://github.com/meziantou/Meziantou.Analyzer/blob/main/docs/Rules/MA0011.md) [C:\Projects\Hazina\src\Core\AI\Hazina.AI.RAG\Hazina.AI.RAG.csproj::TargetFramework=net10.0]
C:\Projects\Hazina\src\Core\AI\Hazina.AI.RAG\Embeddings\LLMMetadataExtractor.cs(230,13): warning MA0011: Use an overload of 'AppendLine' that has a 'System.IFormatProvider' parameter (https://github.com/meziantou/Meziantou.Analyzer/blob/main/docs/Rules/MA0011.md) [C:\Projects\Hazina\src\Core\AI\Hazina.AI.RAG\Hazina.AI.RAG.csproj::TargetFramework=net10.0]
C:\Projects\Hazina\src\Core\AI\Hazina.AI.RAG\Embeddings\LLMMetadataExtractor.cs(243,9): warning MA0011: Use an overload of 'AppendLine' that has a 'System.IFormatProvider' parameter (https://github.com/meziantou/Meziantou.Analyzer/blob/main/docs/Rules/MA0011.md) [C:\Projects\Hazina\src\Core\AI\Hazina.AI.RAG\Hazina.AI.RAG.csproj::TargetFramework=net10.0]
C:\Projects\Hazina\src\Core\AI\Hazina.AI.RAG\Embeddings\LLMMetadataExtractor.cs(291,35): warning S3267: Loop should be simplified by calling Select(chunk => chunk.Text)) (https://rules.sonarsource.com/csharp/RSPEC-3267) [C:\Projects\Hazina\src\Core\AI\Hazina.AI.RAG\Hazina.AI.RAG.csproj::TargetFramework=net10.0]
C:\Projects\Hazina\src\Core\Agents\Hazina.AgentFactory\Configuration\StoreConfig.cs(69,17): warning SA1623: The property's documentation summary text should begin with: 'Gets or sets a value indicating whether' (https://github.com/DotNetAnalyzers/StyleCopAnalyzers/blob/master/documentation/SA1623.md) [C:\Projects\Hazina\src\Core\Agents\Hazina.AgentFactory\Hazina.AgentFactory.csproj::TargetFramework=net9.0]
C:\Projects\Hazina\src\Core\AI\Hazina.AI.RAG\Embeddings\SemanticSimilarityChunker.cs(318,71): warning SA1629: Documentation text should end with a period (https://github.com/DotNetAnalyzers/StyleCopAnalyzers/blob/master/documentation/SA1629.md) [C:\Projects\Hazina\src\Core\AI\Hazina.AI.RAG\Hazina.AI.RAG.csproj::TargetFramework=net10.0]
C:\Projects\Hazina\src\Core\AI\Hazina.AI.RAG\Embeddings\ContentTypeDetector.cs(264,68): warning SA1629: Documentation text should end with a period (https://github.com/DotNetAnalyzers/StyleCopAnalyzers/blob/master/documentation/SA1629.md) [C:\Projects\Hazina\src\Core\AI\Hazina.AI.RAG\Hazina.AI.RAG.csproj::TargetFramework=net10.0]
C:\Projects\Hazina\src\Core\Agents\Hazina.AgentFactory\Configuration\StoreConfig.cs(43,17): warning SA1623: The property's documentation summary text should begin with: 'Gets or sets a value indicating whether' (https://github.com/DotNetAnalyzers/StyleCopAnalyzers/blob/master/documentation/SA1623.md) [C:\Projects\Hazina\src\Core\Agents\Hazina.AgentFactory\Hazina.AgentFactory.csproj::TargetFramework=net9.0]
C:\Projects\Hazina\src\Core\AI\Hazina.AI.RAG\Embeddings\SemanticSimilarityChunker.cs(323,13): warning SA1503: Braces should not be omitted (https://github.com/DotNetAnalyzers/StyleCopAnalyzers/blob/master/documentation/SA1503.md) [C:\Projects\Hazina\src\Core\AI\Hazina.AI.RAG\Hazina.AI.RAG.csproj::TargetFramework=net10.0]
C:\Projects\Hazina\src\Core\AI\Hazina.AI.RAG\Embeddings\ContentTypeDetector.cs(274,13): warning MA0006: Use string.Equals instead of Equals operator (https://github.com/meziantou/Meziantou.Analyzer/blob/main/docs/Rules/MA0006.md) [C:\Projects\Hazina\src\Core\AI\Hazina.AI.RAG\Hazina.AI.RAG.csproj::TargetFramework=net10.0]
C:\Projects\Hazina\src\Core\AI\Hazina.AI.RAG\Embeddings\ContentTypeDetector.cs(270,27): warning CA1062: In externally visible method 'void ContentTypeDetector.ApplyContentTypeOptimizations(SemanticChunkingOptions options, string text)', validate parameter 'options' is non-null before using it. If appropriate, throw an 'ArgumentNullException' when the argument is 'null'. (https://learn.microsoft.com/dotnet/fundamentals/code-analysis/quality-rules/ca1062) [C:\Projects\Hazina\src\Core\AI\Hazina.AI.RAG\Hazina.AI.RAG.csproj::TargetFramework=net10.0]
C:\Projects\Hazina\src\Core\AI\Hazina.AI.RAG\Embeddings\ContentTypeDetector.cs(230,60): warning SA1629: Documentation text should end with a period (https://github.com/DotNetAnalyzers/StyleCopAnalyzers/blob/master/documentation/SA1629.md) [C:\Projects\Hazina\src\Core\AI\Hazina.AI.RAG\Hazina.AI.RAG.csproj::TargetFramework=net10.0]
C:\Projects\Hazina\src\Core\AI\Hazina.AI.RAG\Embeddings\BasicMetadataExtractor.cs(178,31): warning S6605: Collection-specific "Exists" method should be used instead of the "Any" extension. (https://rules.sonarsource.com/csharp/RSPEC-6605) [C:\Projects\Hazina\src\Core\AI\Hazina.AI.RAG\Hazina.AI.RAG.csproj::TargetFramework=net10.0]
C:\Projects\Hazina\src\Core\AI\Hazina.AI.RAG\Graph\Retrieval\HybridRetrievalService.cs(353,23): warning MA0002: Use an overload that has a IEqualityComparer<string> or IComparer<string> parameter (https://github.com/meziantou/Meziantou.Analyzer/blob/main/docs/Rules/MA0002.md) [C:\Projects\Hazina\src\Core\AI\Hazina.AI.RAG\Hazina.AI.RAG.csproj::TargetFramework=net10.0]
C:\Projects\Hazina\src\Core\AI\Hazina.AI.RAG\Embeddings\BasicMetadataExtractor.cs(169,18): warning S2325: Make 'DetectCode' a static method. (https://rules.sonarsource.com/csharp/RSPEC-2325) [C:\Projects\Hazina\src\Core\AI\Hazina.AI.RAG\Hazina.AI.RAG.csproj::TargetFramework=net10.0]
C:\Projects\Hazina\src\Core\AI\Hazina.AI.RAG\Embeddings\BasicMetadataExtractor.cs(184,18): warning S2325: Make 'DetectUrls' a static method. (https://rules.sonarsource.com/csharp/RSPEC-2325) [C:\Projects\Hazina\src\Core\AI\Hazina.AI.RAG\Hazina.AI.RAG.csproj::TargetFramework=net10.0]
C:\Projects\Hazina\src\Core\AI\Hazina.AI.RAG\Embeddings\SemanticSimilarityChunker.cs(342,52): warning SA1629: Documentation text should end with a period (https://github.com/DotNetAnalyzers/StyleCopAnalyzers/blob/master/documentation/SA1629.md) [C:\Projects\Hazina\src\Core\AI\Hazina.AI.RAG\Hazina.AI.RAG.csproj::TargetFramework=net10.0]
C:\Projects\Hazina\src\Core\AI\Hazina.AI.RAG\Graph\Pipeline\GraphConstructionPipeline.cs(43,48): warning MA0051: Method is too long (145 lines; maximum allowed: 60) (https://github.com/meziantou/Meziantou.Analyzer/blob/main/docs/Rules/MA0051.md) [C:\Projects\Hazina\src\Core\AI\Hazina.AI.RAG\Hazina.AI.RAG.csproj::TargetFramework=net10.0]
C:\Projects\Hazina\src\Core\AI\Hazina.AI.RAG\Embeddings\SemanticSimilarityChunker.cs(368,28): warning MA0002: Use an overload that has a IEqualityComparer<string> or IComparer<string> parameter (https://github.com/meziantou/Meziantou.Analyzer/blob/main/docs/Rules/MA0002.md) [C:\Projects\Hazina\src\Core\AI\Hazina.AI.RAG\Hazina.AI.RAG.csproj::TargetFramework=net10.0]
C:\Projects\Hazina\src\Core\AI\Hazina.AI.RAG\Embeddings\BasicMetadataExtractor.cs(148,26): warning S2325: Make 'TokenizeAndClean' a static method. (https://rules.sonarsource.com/csharp/RSPEC-2325) [C:\Projects\Hazina\src\Core\AI\Hazina.AI.RAG\Hazina.AI.RAG.csproj::TargetFramework=net10.0]
C:\Projects\Hazina\src\Core\AI\Hazina.AI.RAG\Embeddings\LLMMetadataExtractor.cs(269,66): warning SA1629: Documentation text should end with a period (https://github.com/DotNetAnalyzers/StyleCopAnalyzers/blob/master/documentation/SA1629.md) [C:\Projects\Hazina\src\Core\AI\Hazina.AI.RAG\Hazina.AI.RAG.csproj::TargetFramework=net10.0]
C:\Projects\Hazina\src\Core\AI\Hazina.AI.RAG\Embeddings\LLMMetadataExtractor.cs(276,13): warning SA1503: Braces should not be omitted (https://github.com/DotNetAnalyzers/StyleCopAnalyzers/blob/master/documentation/SA1503.md) [C:\Projects\Hazina\src\Core\AI\Hazina.AI.RAG\Hazina.AI.RAG.csproj::TargetFramework=net10.0]
C:\Projects\Hazina\src\Core\AI\Hazina.AI.RAG\Embeddings\LLMMetadataExtractor.cs(278,17): warning CA1873: Evaluation of this argument may be expensive and unnecessary if logging is disabled (https://learn.microsoft.com/dotnet/fundamentals/code-analysis/quality-rules/ca1873) [C:\Projects\Hazina\src\Core\AI\Hazina.AI.RAG\Hazina.AI.RAG.csproj::TargetFramework=net10.0]
C:\Projects\Hazina\src\Core\AI\Hazina.AI.RAG\Embeddings\LLMMetadataExtractor.cs(312,17): warning CA1873: Evaluation of this argument may be expensive and unnecessary if logging is disabled (https://learn.microsoft.com/dotnet/fundamentals/code-analysis/quality-rules/ca1873) [C:\Projects\Hazina\src\Core\AI\Hazina.AI.RAG\Hazina.AI.RAG.csproj::TargetFramework=net10.0]
C:\Projects\Hazina\src\Core\AI\Hazina.AI.RAG\Embeddings\LLMMetadataExtractor.cs(278,17): warning CA1848: For improved performance, use the LoggerMessage delegates instead of calling 'LoggerExtensions.LogInformation(ILogger, string?, params object?[])' (https://learn.microsoft.com/dotnet/fundamentals/code-analysis/quality-rules/ca1848) [C:\Projects\Hazina\src\Core\AI\Hazina.AI.RAG\Hazina.AI.RAG.csproj::TargetFramework=net10.0]
C:\Projects\Hazina\src\Core\AI\Hazina.AI.RAG\Embeddings\LLMMetadataExtractor.cs(312,17): warning CA1848: For improved performance, use the LoggerMessage delegates instead of calling 'LoggerExtensions.LogInformation(ILogger, string?, params object?[])' (https://learn.microsoft.com/dotnet/fundamentals/code-analysis/quality-rules/ca1848) [C:\Projects\Hazina\src\Core\AI\Hazina.AI.RAG\Hazina.AI.RAG.csproj::TargetFramework=net10.0]
C:\Projects\Hazina\src\Core\Agents\Hazina.AgentFactory\Configuration\StoreConfig.cs(69,46): warning CA1805: Member 'FollowSymlinks' is explicitly initialized to its default value (https://learn.microsoft.com/dotnet/fundamentals/code-analysis/quality-rules/ca1805) [C:\Projects\Hazina\src\Core\Agents\Hazina.AgentFactory\Hazina.AgentFactory.csproj::TargetFramework=net9.0]
C:\Projects\Hazina\src\Core\AI\Hazina.AI.RAG\Embeddings\LLMMetadataExtractor.cs(285,28): warning MA0004: Use Task.ConfigureAwait(false) if the current SynchronizationContext is not needed (https://github.com/meziantou/Meziantou.Analyzer/blob/main/docs/Rules/MA0004.md) [C:\Projects\Hazina\src\Core\AI\Hazina.AI.RAG\Hazina.AI.RAG.csproj::TargetFramework=net10.0]
C:\Projects\Hazina\src\Core\AI\Hazina.AI.RAG\Embeddings\LLMMetadataExtractor.cs(293,32): warning MA0004: Use Task.ConfigureAwait(false) if the current SynchronizationContext is not needed (https://github.com/meziantou/Meziantou.Analyzer/blob/main/docs/Rules/MA0004.md) [C:\Projects\Hazina\src\Core\AI\Hazina.AI.RAG\Hazina.AI.RAG.csproj::TargetFramework=net10.0]
C:\Projects\Hazina\src\Core\AI\Hazina.AI.RAG\Graph\Storage\SQLiteGraphStore.cs(221,9): warning MA0004: Use Task.ConfigureAwait(false) if the current SynchronizationContext is not needed (https://github.com/meziantou/Meziantou.Analyzer/blob/main/docs/Rules/MA0004.md) [C:\Projects\Hazina\src\Core\AI\Hazina.AI.RAG\Hazina.AI.RAG.csproj::TargetFramework=net10.0]
C:\Projects\Hazina\src\Core\AI\Hazina.AI.RAG\Graph\Storage\SQLiteGraphStore.cs(228,28): warning MA0004: Use Task.ConfigureAwait(false) if the current SynchronizationContext is not needed (https://github.com/meziantou/Meziantou.Analyzer/blob/main/docs/Rules/MA0004.md) [C:\Projects\Hazina\src\Core\AI\Hazina.AI.RAG\Hazina.AI.RAG.csproj::TargetFramework=net10.0]
C:\Projects\Hazina\src\Core\AI\Hazina.AI.RAG\Graph\Storage\SQLiteGraphStore.cs(229,13): warning MA0004: Use Task.ConfigureAwait(false) if the current SynchronizationContext is not needed (https://github.com/meziantou/Meziantou.Analyzer/blob/main/docs/Rules/MA0004.md) [C:\Projects\Hazina\src\Core\AI\Hazina.AI.RAG\Hazina.AI.RAG.csproj::TargetFramework=net10.0]
C:\Projects\Hazina\src\Core\AI\Hazina.AI.RAG\Graph\Storage\SQLiteGraphStore.cs(232,13): warning MA0004: Use Task.ConfigureAwait(false) if the current SynchronizationContext is not needed (https://github.com/meziantou/Meziantou.Analyzer/blob/main/docs/Rules/MA0004.md) [C:\Projects\Hazina\src\Core\AI\Hazina.AI.RAG\Hazina.AI.RAG.csproj::TargetFramework=net10.0]
C:\Projects\Hazina\src\Core\AI\Hazina.AI.RAG\Embeddings\SemanticSimilarityChunker.cs(444,47): warning SA1629: Documentation text should end with a period (https://github.com/DotNetAnalyzers/StyleCopAnalyzers/blob/master/documentation/SA1629.md) [C:\Projects\Hazina\src\Core\AI\Hazina.AI.RAG\Hazina.AI.RAG.csproj::TargetFramework=net10.0]
C:\Projects\Hazina\src\Core\AI\Hazina.AI.RAG\Embeddings\BasicMetadataExtractor.cs(194,18): warning S2325: Make 'DetectNumbers' a static method. (https://rules.sonarsource.com/csharp/RSPEC-2325) [C:\Projects\Hazina\src\Core\AI\Hazina.AI.RAG\Hazina.AI.RAG.csproj::TargetFramework=net10.0]
C:\Projects\Hazina\src\Core\AI\Hazina.AI.RAG\Embeddings\SemanticSimilarityChunker.cs(454,24): warning MA0002: Use an overload that has a IEqualityComparer<string> or IComparer<string> parameter (https://github.com/meziantou/Meziantou.Analyzer/blob/main/docs/Rules/MA0002.md) [C:\Projects\Hazina\src\Core\AI\Hazina.AI.RAG\Hazina.AI.RAG.csproj::TargetFramework=net10.0]
C:\Projects\Hazina\src\Core\AI\Hazina.AI.RAG\Embeddings\SemanticSimilarityChunker.cs(492,31): warning S3267: Loop should be simplified by calling Select(chunk => chunk.Metadata)) (https://rules.sonarsource.com/csharp/RSPEC-3267) [C:\Projects\Hazina\src\Core\AI\Hazina.AI.RAG\Hazina.AI.RAG.csproj::TargetFramework=net10.0]
C:\Projects\Hazina\src\Core\AI\Hazina.AI.RAG\Embeddings\SemanticSimilarityChunker.cs(385,65): warning SA1629: Documentation text should end with a period (https://github.com/DotNetAnalyzers/StyleCopAnalyzers/blob/master/documentation/SA1629.md) [C:\Projects\Hazina\src\Core\AI\Hazina.AI.RAG\Hazina.AI.RAG.csproj::TargetFramework=net10.0]
C:\Projects\Hazina\src\Core\AI\Hazina.AI.RAG\Embeddings\BasicMetadataExtractor.cs(182,37): warning SA1629: Documentation text should end with a period (https://github.com/DotNetAnalyzers/StyleCopAnalyzers/blob/master/documentation/SA1629.md) [C:\Projects\Hazina\src\Core\AI\Hazina.AI.RAG\Hazina.AI.RAG.csproj::TargetFramework=net10.0]
C:\Projects\Hazina\src\Core\AI\Hazina.AI.RAG\Embeddings\SemanticSimilarityChunker.cs(422,29): warning CA1873: Evaluation of this argument may be expensive and unnecessary if logging is disabled (https://learn.microsoft.com/dotnet/fundamentals/code-analysis/quality-rules/ca1873) [C:\Projects\Hazina\src\Core\AI\Hazina.AI.RAG\Hazina.AI.RAG.csproj::TargetFramework=net10.0]
C:\Projects\Hazina\src\Core\AI\Hazina.AI.RAG\Embeddings\SemanticSimilarityChunker.cs(410,29): warning CA1848: For improved performance, use the LoggerMessage delegates instead of calling 'LoggerExtensions.LogWarning(ILogger, Exception?, string?, params object?[])' (https://learn.microsoft.com/dotnet/fundamentals/code-analysis/quality-rules/ca1848) [C:\Projects\Hazina\src\Core\AI\Hazina.AI.RAG\Hazina.AI.RAG.csproj::TargetFramework=net10.0]
C:\Projects\Hazina\src\Core\AI\Hazina.AI.RAG\Embeddings\SemanticSimilarityChunker.cs(422,29): warning CA1848: For improved performance, use the LoggerMessage delegates instead of calling 'LoggerExtensions.LogInformation(ILogger, string?, params object?[])' (https://learn.microsoft.com/dotnet/fundamentals/code-analysis/quality-rules/ca1848) [C:\Projects\Hazina\src\Core\AI\Hazina.AI.RAG\Hazina.AI.RAG.csproj::TargetFramework=net10.0]
C:\Projects\Hazina\src\Core\AI\Hazina.AI.RAG\Embeddings\SemanticSimilarityChunker.cs(427,29): warning CA1848: For improved performance, use the LoggerMessage delegates instead of calling 'LoggerExtensions.LogInformation(ILogger, string?, params object?[])' (https://learn.microsoft.com/dotnet/fundamentals/code-analysis/quality-rules/ca1848) [C:\Projects\Hazina\src\Core\AI\Hazina.AI.RAG\Hazina.AI.RAG.csproj::TargetFramework=net10.0]
C:\Projects\Hazina\src\Core\AI\Hazina.AI.RAG\Embeddings\SemanticSimilarityChunker.cs(431,29): warning CA1848: For improved performance, use the LoggerMessage delegates instead of calling 'LoggerExtensions.LogError(ILogger, Exception?, string?, params object?[])' (https://learn.microsoft.com/dotnet/fundamentals/code-analysis/quality-rules/ca1848) [C:\Projects\Hazina\src\Core\AI\Hazina.AI.RAG\Hazina.AI.RAG.csproj::TargetFramework=net10.0]
C:\Projects\Hazina\src\Core\AI\Hazina.AI.RAG\Embeddings\SemanticSimilarityChunker.cs(436,25): warning CA1848: For improved performance, use the LoggerMessage delegates instead of calling 'LoggerExtensions.LogWarning(ILogger, string?, params object?[])' (https://learn.microsoft.com/dotnet/fundamentals/code-analysis/quality-rules/ca1848) [C:\Projects\Hazina\src\Core\AI\Hazina.AI.RAG\Hazina.AI.RAG.csproj::TargetFramework=net10.0]
C:\Projects\Hazina\src\Core\AI\Hazina.AI.RAG\Graph\Storage\InMemoryGraphStore.cs(152,9): warning MA0004: Use Task.ConfigureAwait(false) if the current SynchronizationContext is not needed (https://github.com/meziantou/Meziantou.Analyzer/blob/main/docs/Rules/MA0004.md) [C:\Projects\Hazina\src\Core\AI\Hazina.AI.RAG\Hazina.AI.RAG.csproj::TargetFramework=net10.0]
C:\Projects\Hazina\src\Core\AI\Hazina.AI.RAG\Graph\Storage\InMemoryGraphStore.cs(149,23): warning MA0002: Use an overload that has a IEqualityComparer<string> or IComparer<string> parameter (https://github.com/meziantou/Meziantou.Analyzer/blob/main/docs/Rules/MA0002.md) [C:\Projects\Hazina\src\Core\AI\Hazina.AI.RAG\Hazina.AI.RAG.csproj::TargetFramework=net10.0]
C:\Projects\Hazina\src\Core\AI\Hazina.AI.RAG\Embeddings\SemanticSimilarityChunker.cs(425,21): warning MA0004: Use Task.ConfigureAwait(false) if the current SynchronizationContext is not needed (https://github.com/meziantou/Meziantou.Analyzer/blob/main/docs/Rules/MA0004.md) [C:\Projects\Hazina\src\Core\AI\Hazina.AI.RAG\Hazina.AI.RAG.csproj::TargetFramework=net10.0]
C:\Projects\Hazina\src\Core\AI\Hazina.AI.RAG\Graph\Storage\InMemoryGraphStore.cs(82,25): warning MA0002: Use an overload that has a IEqualityComparer<string> or IComparer<string> parameter (https://github.com/meziantou/Meziantou.Analyzer/blob/main/docs/Rules/MA0002.md) [C:\Projects\Hazina\src\Core\AI\Hazina.AI.RAG\Hazina.AI.RAG.csproj::TargetFramework=net10.0]
C:\Projects\Hazina\src\Core\AI\Hazina.AI.RAG\Graph\Storage\InMemoryGraphStore.cs(102,26): warning MA0002: Use an overload that has a IEqualityComparer<string> or IComparer<string> parameter (https://github.com/meziantou/Meziantou.Analyzer/blob/main/docs/Rules/MA0002.md) [C:\Projects\Hazina\src\Core\AI\Hazina.AI.RAG\Hazina.AI.RAG.csproj::TargetFramework=net10.0]
C:\Projects\Hazina\src\Core\AI\Hazina.AI.RAG\Graph\Storage\InMemoryGraphStore.cs(115,26): warning MA0002: Use an overload that has a IEqualityComparer<string> or IComparer<string> parameter (https://github.com/meziantou/Meziantou.Analyzer/blob/main/docs/Rules/MA0002.md) [C:\Projects\Hazina\src\Core\AI\Hazina.AI.RAG\Hazina.AI.RAG.csproj::TargetFramework=net10.0]
C:\Projects\Hazina\src\Core\AI\Hazina.AI.RAG\Embeddings\SemanticSimilarityChunker.cs(408,17): warning CA1031: Modify 'EnrichWithMetadataAsync' to catch a more specific allowed exception type, or rethrow the exception (https://learn.microsoft.com/dotnet/fundamentals/code-analysis/quality-rules/ca1031) [C:\Projects\Hazina\src\Core\AI\Hazina.AI.RAG\Hazina.AI.RAG.csproj::TargetFramework=net10.0]
C:\Projects\Hazina\src\Core\AI\Hazina.AI.RAG\Embeddings\SemanticSimilarityChunker.cs(429,17): warning CA1031: Modify 'EnrichWithMetadataAsync' to catch a more specific allowed exception type, or rethrow the exception (https://learn.microsoft.com/dotnet/fundamentals/code-analysis/quality-rules/ca1031) [C:\Projects\Hazina\src\Core\AI\Hazina.AI.RAG\Hazina.AI.RAG.csproj::TargetFramework=net10.0]
C:\Projects\Hazina\src\Core\AI\Hazina.AI.RAG\Embeddings\SemanticSimilarityChunker.cs(476,73): warning SA1629: Documentation text should end with a period (https://github.com/DotNetAnalyzers/StyleCopAnalyzers/blob/master/documentation/SA1629.md) [C:\Projects\Hazina\src\Core\AI\Hazina.AI.RAG\Hazina.AI.RAG.csproj::TargetFramework=net10.0]
C:\Projects\Hazina\src\Core\AI\Hazina.AI.RAG\Embeddings\BasicMetadataExtractor.cs(167,49): warning SA1629: Documentation text should end with a period (https://github.com/DotNetAnalyzers/StyleCopAnalyzers/blob/master/documentation/SA1629.md) [C:\Projects\Hazina\src\Core\AI\Hazina.AI.RAG\Hazina.AI.RAG.csproj::TargetFramework=net10.0]
C:\Projects\Hazina\src\Core\AI\Hazina.AI.RAG\Embeddings\SemanticSimilarityChunker.cs(503,29): warning SA1629: Documentation text should end with a period (https://github.com/DotNetAnalyzers/StyleCopAnalyzers/blob/master/documentation/SA1629.md) [C:\Projects\Hazina\src\Core\AI\Hazina.AI.RAG\Hazina.AI.RAG.csproj::TargetFramework=net10.0]
C:\Projects\Hazina\src\Core\AI\Hazina.AI.RAG\Embeddings\SemanticSimilarityChunker.cs(480,17): warning CA1873: Evaluation of this argument may be expensive and unnecessary if logging is disabled (https://learn.microsoft.com/dotnet/fundamentals/code-analysis/quality-rules/ca1873) [C:\Projects\Hazina\src\Core\AI\Hazina.AI.RAG\Hazina.AI.RAG.csproj::TargetFramework=net10.0]
C:\Projects\Hazina\src\Core\AI\Hazina.AI.RAG\Embeddings\SemanticSimilarityChunker.cs(480,17): warning CA1848: For improved performance, use the LoggerMessage delegates instead of calling 'LoggerExtensions.LogInformation(ILogger, string?, params object?[])' (https://learn.microsoft.com/dotnet/fundamentals/code-analysis/quality-rules/ca1848) [C:\Projects\Hazina\src\Core\AI\Hazina.AI.RAG\Hazina.AI.RAG.csproj::TargetFramework=net10.0]
C:\Projects\Hazina\src\Core\AI\Hazina.AI.RAG\Embeddings\SemanticSimilarityChunker.cs(520,35): warning SA1629: Documentation text should end with a period (https://github.com/DotNetAnalyzers/StyleCopAnalyzers/blob/master/documentation/SA1629.md) [C:\Projects\Hazina\src\Core\AI\Hazina.AI.RAG\Hazina.AI.RAG.csproj::TargetFramework=net10.0]
C:\Projects\Hazina\src\Core\AI\Hazina.AI.RAG\Embeddings\BasicMetadataExtractor.cs(192,63): warning SA1629: Documentation text should end with a period (https://github.com/DotNetAnalyzers/StyleCopAnalyzers/blob/master/documentation/SA1629.md) [C:\Projects\Hazina\src\Core\AI\Hazina.AI.RAG\Hazina.AI.RAG.csproj::TargetFramework=net10.0]
C:\Projects\Hazina\src\Core\AI\Hazina.AI.RAG\Embeddings\BasicMetadataExtractor.cs(196,32): warning CA1861: Prefer 'static readonly' fields over constant array arguments if the called method is called repeatedly and is not mutating the passed array (https://learn.microsoft.com/dotnet/fundamentals/code-analysis/quality-rules/ca1861) [C:\Projects\Hazina\src\Core\AI\Hazina.AI.RAG\Hazina.AI.RAG.csproj::TargetFramework=net10.0]
C:\Projects\Hazina\src\Core\AI\Hazina.AI.RAG\Embeddings\SemanticSimilarityChunker.cs(525,17): warning CA1873: Evaluation of this argument may be expensive and unnecessary if logging is disabled (https://learn.microsoft.com/dotnet/fundamentals/code-analysis/quality-rules/ca1873) [C:\Projects\Hazina\src\Core\AI\Hazina.AI.RAG\Hazina.AI.RAG.csproj::TargetFramework=net10.0]
C:\Projects\Hazina\src\Core\AI\Hazina.AI.RAG\Embeddings\SemanticSimilarityChunker.cs(525,17): warning CA1848: For improved performance, use the LoggerMessage delegates instead of calling 'LoggerExtensions.LogInformation(ILogger, string?, params object?[])' (https://learn.microsoft.com/dotnet/fundamentals/code-analysis/quality-rules/ca1848) [C:\Projects\Hazina\src\Core\AI\Hazina.AI.RAG\Hazina.AI.RAG.csproj::TargetFramework=net10.0]
C:\Projects\Hazina\src\Core\AI\Hazina.AI.RAG\Graph\Storage\InMemoryGraphStore.cs(92,38): warning CA1062: In externally visible method 'Task InMemoryGraphStore.AddRelationshipsAsync(List<GraphRelationship> relationships, CancellationToken cancellationToken = default(CancellationToken))', validate parameter 'relationships' is non-null before using it. If appropriate, throw an 'ArgumentNullException' when the argument is 'null'. (https://learn.microsoft.com/dotnet/fundamentals/code-analysis/quality-rules/ca1062) [C:\Projects\Hazina\src\Core\AI\Hazina.AI.RAG\Hazina.AI.RAG.csproj::TargetFramework=net10.0]
C:\Projects\Hazina\src\Core\AI\Hazina.AI.RAG\Embeddings\BasicMetadataExtractor.cs(197,44): warning MA0011: Use an overload of 'TryParse' that has a 'System.IFormatProvider' parameter (https://github.com/meziantou/Meziantou.Analyzer/blob/main/docs/Rules/MA0011.md) [C:\Projects\Hazina\src\Core\AI\Hazina.AI.RAG\Hazina.AI.RAG.csproj::TargetFramework=net10.0]
C:\Projects\Hazina\src\Core\AI\Hazina.AI.RAG\Graph\Pipeline\GraphConstructionPipeline.cs(39,68): warning SA1629: Documentation text should end with a period (https://github.com/DotNetAnalyzers/StyleCopAnalyzers/blob/master/documentation/SA1629.md) [C:\Projects\Hazina\src\Core\AI\Hazina.AI.RAG\Hazina.AI.RAG.csproj::TargetFramework=net10.0]
C:\Projects\Hazina\src\Core\AI\Hazina.AI.RAG\Graph\Pipeline\GraphConstructionPipeline.cs(40,64): warning SA1629: Documentation text should end with a period (https://github.com/DotNetAnalyzers/StyleCopAnalyzers/blob/master/documentation/SA1629.md) [C:\Projects\Hazina\src\Core\AI\Hazina.AI.RAG\Hazina.AI.RAG.csproj::TargetFramework=net10.0]
C:\Projects\Hazina\src\Core\AI\Hazina.AI.RAG\Graph\Pipeline\GraphConstructionPipeline.cs(41,59): warning SA1629: Documentation text should end with a period (https://github.com/DotNetAnalyzers/StyleCopAnalyzers/blob/master/documentation/SA1629.md) [C:\Projects\Hazina\src\Core\AI\Hazina.AI.RAG\Hazina.AI.RAG.csproj::TargetFramework=net10.0]
C:\Projects\Hazina\src\Core\AI\Hazina.AI.RAG\Graph\Pipeline\GraphConstructionPipeline.cs(42,75): warning SA1629: Documentation text should end with a period (https://github.com/DotNetAnalyzers/StyleCopAnalyzers/blob/master/documentation/SA1629.md) [C:\Projects\Hazina\src\Core\AI\Hazina.AI.RAG\Hazina.AI.RAG.csproj::TargetFramework=net10.0]
C:\Projects\Hazina\src\Core\AI\Hazina.AI.RAG\Graph\Pipeline\GraphConstructionPipeline.cs(200,18): warning MA0016: Prefer using collection abstraction instead of implementation (https://github.com/meziantou/Meziantou.Analyzer/blob/main/docs/Rules/MA0016.md) [C:\Projects\Hazina\src\Core\AI\Hazina.AI.RAG\Hazina.AI.RAG.csproj::TargetFramework=net10.0]
C:\Projects\Hazina\src\Core\AI\Hazina.AI.RAG\Graph\Pipeline\GraphConstructionPipeline.cs(201,9): warning MA0016: Prefer using collection abstraction instead of implementation (https://github.com/meziantou/Meziantou.Analyzer/blob/main/docs/Rules/MA0016.md) [C:\Projects\Hazina\src\Core\AI\Hazina.AI.RAG\Hazina.AI.RAG.csproj::TargetFramework=net10.0]
C:\Projects\Hazina\src\Core\AI\Hazina.AI.RAG\Graph\Pipeline\GraphConstructionPipeline.cs(76,36): warning SA1116: The parameters should begin on the line after the declaration, whenever the parameter span across multiple lines (https://github.com/DotNetAnalyzers/StyleCopAnalyzers/blob/master/documentation/SA1116.md) [C:\Projects\Hazina\src\Core\AI\Hazina.AI.RAG\Hazina.AI.RAG.csproj::TargetFramework=net10.0]
C:\Projects\Hazina\src\Core\AI\Hazina.AI.RAG\Graph\Pipeline\GraphConstructionPipeline.cs(90,36): warning SA1116: The parameters should begin on the line after the declaration, whenever the parameter span across multiple lines (https://github.com/DotNetAnalyzers/StyleCopAnalyzers/blob/master/documentation/SA1116.md) [C:\Projects\Hazina\src\Core\AI\Hazina.AI.RAG\Hazina.AI.RAG.csproj::TargetFramework=net10.0]
C:\Projects\Hazina\src\Core\AI\Hazina.AI.RAG\Graph\Pipeline\GraphConstructionPipeline.cs(104,36): warning SA1116: The parameters should begin on the line after the declaration, whenever the parameter span across multiple lines (https://github.com/DotNetAnalyzers/StyleCopAnalyzers/blob/master/documentation/SA1116.md) [C:\Projects\Hazina\src\Core\AI\Hazina.AI.RAG\Hazina.AI.RAG.csproj::TargetFramework=net10.0]
C:\Projects\Hazina\src\Core\AI\Hazina.AI.RAG\Graph\Pipeline\GraphConstructionPipeline.cs(110,36): warning SA1116: The parameters should begin on the line after the declaration, whenever the parameter span across multiple lines (https://github.com/DotNetAnalyzers/StyleCopAnalyzers/blob/master/documentation/SA1116.md) [C:\Projects\Hazina\src\Core\AI\Hazina.AI.RAG\Hazina.AI.RAG.csproj::TargetFramework=net10.0]
C:\Projects\Hazina\src\Core\AI\Hazina.AI.RAG\Graph\Pipeline\GraphConstructionPipeline.cs(133,36): warning SA1116: The parameters should begin on the line after the declaration, whenever the parameter span across multiple lines (https://github.com/DotNetAnalyzers/StyleCopAnalyzers/blob/master/documentation/SA1116.md) [C:\Projects\Hazina\src\Core\AI\Hazina.AI.RAG\Hazina.AI.RAG.csproj::TargetFramework=net10.0]
C:\Projects\Hazina\src\Core\AI\Hazina.AI.RAG\Graph\Pipeline\GraphConstructionPipeline.cs(77,42): warning SA1117: The parameters should all be placed on the same line or each parameter should be placed on its own line (https://github.com/DotNetAnalyzers/StyleCopAnalyzers/blob/master/documentation/SA1117.md) [C:\Projects\Hazina\src\Core\AI\Hazina.AI.RAG\Hazina.AI.RAG.csproj::TargetFramework=net10.0]
C:\Projects\Hazina\src\Core\AI\Hazina.AI.RAG\Graph\Pipeline\GraphConstructionPipeline.cs(91,33): warning SA1117: The parameters should all be placed on the same line or each parameter should be placed on its own line (https://github.com/DotNetAnalyzers/StyleCopAnalyzers/blob/master/documentation/SA1117.md) [C:\Projects\Hazina\src\Core\AI\Hazina.AI.RAG\Hazina.AI.RAG.csproj::TargetFramework=net10.0]
C:\Projects\Hazina\src\Core\AI\Hazina.AI.RAG\Graph\Pipeline\GraphConstructionPipeline.cs(105,47): warning SA1117: The parameters should all be placed on the same line or each parameter should be placed on its own line (https://github.com/DotNetAnalyzers/StyleCopAnalyzers/blob/master/documentation/SA1117.md) [C:\Projects\Hazina\src\Core\AI\Hazina.AI.RAG\Hazina.AI.RAG.csproj::TargetFramework=net10.0]
C:\Projects\Hazina\src\Core\AI\Hazina.AI.RAG\Graph\Pipeline\GraphConstructionPipeline.cs(111,33): warning SA1117: The parameters should all be placed on the same line or each parameter should be placed on its own line (https://github.com/DotNetAnalyzers/StyleCopAnalyzers/blob/master/documentation/SA1117.md) [C:\Projects\Hazina\src\Core\AI\Hazina.AI.RAG\Hazina.AI.RAG.csproj::TargetFramework=net10.0]
C:\Projects\Hazina\src\Core\Agents\Hazina.AgentFactory\Configuration\StoreConfig.cs(76,16): warning SA1623: The property's documentation summary text should begin with: 'Gets or sets' (https://github.com/DotNetAnalyzers/StyleCopAnalyzers/blob/master/documentation/SA1623.md) [C:\Projects\Hazina\src\Core\Agents\Hazina.AgentFactory\Hazina.AgentFactory.csproj::TargetFramework=net9.0]
C:\Projects\Hazina\src\Core\AI\Hazina.AI.RAG\Graph\Pipeline\GraphConstructionPipeline.cs(134,42): warning SA1117: The parameters should all be placed on the same line or each parameter should be placed on its own line (https://github.com/DotNetAnalyzers/StyleCopAnalyzers/blob/master/documentation/SA1117.md) [C:\Projects\Hazina\src\Core\AI\Hazina.AI.RAG\Hazina.AI.RAG.csproj::TargetFramework=net10.0]
C:\Projects\Hazina\src\Core\AI\Hazina.AI.RAG\Embeddings\SemanticSimilarityChunker.cs(511,34): warning SA1629: Documentation text should end with a period (https://github.com/DotNetAnalyzers/StyleCopAnalyzers/blob/master/documentation/SA1629.md) [C:\Projects\Hazina\src\Core\AI\Hazina.AI.RAG\Hazina.AI.RAG.csproj::TargetFramework=net10.0]
C:\Projects\Hazina\src\Core\Agents\Hazina.AgentFactory\Configuration\StoreConfig.cs(74,20): warning SA1629: Documentation text should end with a period (https://github.com/DotNetAnalyzers/StyleCopAnalyzers/blob/master/documentation/SA1629.md) [C:\Projects\Hazina\src\Core\Agents\Hazina.AgentFactory\Hazina.AgentFactory.csproj::TargetFramework=net9.0]
C:\Projects\Hazina\src\Core\AI\Hazina.AI.RAG\Embeddings\SemanticSimilarityChunker.cs(516,17): warning CA1848: For improved performance, use the LoggerMessage delegates instead of calling 'LoggerExtensions.LogInformation(ILogger, string?, params object?[])' (https://learn.microsoft.com/dotnet/fundamentals/code-analysis/quality-rules/ca1848) [C:\Projects\Hazina\src\Core\AI\Hazina.AI.RAG\Hazina.AI.RAG.csproj::TargetFramework=net10.0]
C:\Projects\Hazina\src\Core\AI\Hazina.AI.RAG\Embeddings\BasicMetadataExtractor.cs(151,32): warning SA1116: The parameters should begin on the line after the declaration, whenever the parameter span across multiple lines (https://github.com/DotNetAnalyzers/StyleCopAnalyzers/blob/master/documentation/SA1116.md) [C:\Projects\Hazina\src\Core\AI\Hazina.AI.RAG\Hazina.AI.RAG.csproj::TargetFramework=net10.0]
C:\Projects\Hazina\src\Core\AI\Hazina.AI.RAG\Embeddings\BasicMetadataExtractor.cs(156,28): warning CA1311: Specify a culture or use an invariant version to avoid implicit dependency on current culture (https://learn.microsoft.com/dotnet/fundamentals/code-analysis/quality-rules/ca1311) [C:\Projects\Hazina\src\Core\AI\Hazina.AI.RAG\Hazina.AI.RAG.csproj::TargetFramework=net10.0]
C:\Projects\Hazina\src\Core\AI\Hazina.AI.RAG\Embeddings\BasicMetadataExtractor.cs(151,32): warning CA1861: Prefer 'static readonly' fields over constant array arguments if the called method is called repeatedly and is not mutating the passed array (https://learn.microsoft.com/dotnet/fundamentals/code-analysis/quality-rules/ca1861) [C:\Projects\Hazina\src\Core\AI\Hazina.AI.RAG\Hazina.AI.RAG.csproj::TargetFramework=net10.0]
C:\Projects\Hazina\src\Core\AI\Hazina.AI.RAG\Embeddings\BasicMetadataExtractor.cs(156,26): warning CA1304: The behavior of 'string.ToLower()' could vary based on the current user's locale settings. Replace this call in 'BasicMetadataExtractor.TokenizeAndClean(string)' with a call to 'string.ToLower(CultureInfo)'. (https://learn.microsoft.com/dotnet/fundamentals/code-analysis/quality-rules/ca1304) [C:\Projects\Hazina\src\Core\AI\Hazina.AI.RAG\Hazina.AI.RAG.csproj::TargetFramework=net10.0]
C:\Projects\Hazina\src\Core\AI\Hazina.AI.RAG\Graph\Storage\SQLiteGraphStore.cs(245,9): warning MA0004: Use Task.ConfigureAwait(false) if the current SynchronizationContext is not needed (https://github.com/meziantou/Meziantou.Analyzer/blob/main/docs/Rules/MA0004.md) [C:\Projects\Hazina\src\Core\AI\Hazina.AI.RAG\Hazina.AI.RAG.csproj::TargetFramework=net10.0]
C:\Projects\Hazina\src\Core\AI\Hazina.AI.RAG\Graph\Storage\SQLiteGraphStore.cs(267,28): warning MA0004: Use Task.ConfigureAwait(false) if the current SynchronizationContext is not needed (https://github.com/meziantou/Meziantou.Analyzer/blob/main/docs/Rules/MA0004.md) [C:\Projects\Hazina\src\Core\AI\Hazina.AI.RAG\Hazina.AI.RAG.csproj::TargetFramework=net10.0]
C:\Projects\Hazina\src\Core\AI\Hazina.AI.RAG\Graph\Pipeline\GraphConstructionPipeline.cs(66,13): warning CA1873: Evaluation of this argument may be expensive and unnecessary if logging is disabled (https://learn.microsoft.com/dotnet/fundamentals/code-analysis/quality-rules/ca1873) [C:\Projects\Hazina\src\Core\AI\Hazina.AI.RAG\Hazina.AI.RAG.csproj::TargetFramework=net10.0]
C:\Projects\Hazina\src\Core\AI\Hazina.AI.RAG\Graph\Pipeline\GraphConstructionPipeline.cs(69,13): warning CA1873: Evaluation of this argument may be expensive and unnecessary if logging is disabled (https://learn.microsoft.com/dotnet/fundamentals/code-analysis/quality-rules/ca1873) [C:\Projects\Hazina\src\Core\AI\Hazina.AI.RAG\Hazina.AI.RAG.csproj::TargetFramework=net10.0]
C:\Projects\Hazina\src\Core\AI\Hazina.AI.RAG\Graph\Pipeline\GraphConstructionPipeline.cs(76,13): warning CA1873: Evaluation of this argument may be expensive and unnecessary if logging is disabled (https://learn.microsoft.com/dotnet/fundamentals/code-analysis/quality-rules/ca1873) [C:\Projects\Hazina\src\Core\AI\Hazina.AI.RAG\Hazina.AI.RAG.csproj::TargetFramework=net10.0]
C:\Projects\Hazina\src\Core\AI\Hazina.AI.RAG\Graph\Storage\SQLiteGraphStore.cs(268,16): warning MA0004: Use Task.ConfigureAwait(false) if the current SynchronizationContext is not needed (https://github.com/meziantou/Meziantou.Analyzer/blob/main/docs/Rules/MA0004.md) [C:\Projects\Hazina\src\Core\AI\Hazina.AI.RAG\Hazina.AI.RAG.csproj::TargetFramework=net10.0]
C:\Projects\Hazina\src\Core\AI\Hazina.AI.RAG\Graph\Storage\SQLiteGraphStore.cs(271,13): warning MA0004: Use Task.ConfigureAwait(false) if the current SynchronizationContext is not needed (https://github.com/meziantou/Meziantou.Analyzer/blob/main/docs/Rules/MA0004.md) [C:\Projects\Hazina\src\Core\AI\Hazina.AI.RAG\Hazina.AI.RAG.csproj::TargetFramework=net10.0]
C:\Projects\Hazina\src\Core\AI\Hazina.AI.RAG\Embeddings\BasicMetadataExtractor.cs(156,26): warning MA0011: Use an overload of 'ToLower' that has a 'System.Globalization.CultureInfo' parameter (https://github.com/meziantou/Meziantou.Analyzer/blob/main/docs/Rules/MA0011.md) [C:\Projects\Hazina\src\Core\AI\Hazina.AI.RAG\Hazina.AI.RAG.csproj::TargetFramework=net10.0]
C:\Projects\Hazina\src\Core\AI\Hazina.AI.RAG\Graph\Pipeline\GraphConstructionPipeline.cs(96,13): warning CA1873: Evaluation of this argument may be expensive and unnecessary if logging is disabled (https://learn.microsoft.com/dotnet/fundamentals/code-analysis/quality-rules/ca1873) [C:\Projects\Hazina\src\Core\AI\Hazina.AI.RAG\Hazina.AI.RAG.csproj::TargetFramework=net10.0]
C:\Projects\Hazina\src\Core\AI\Hazina.AI.RAG\Graph\Pipeline\GraphConstructionPipeline.cs(104,13): warning CA1873: Evaluation of this argument may be expensive and unnecessary if logging is disabled (https://learn.microsoft.com/dotnet/fundamentals/code-analysis/quality-rules/ca1873) [C:\Projects\Hazina\src\Core\AI\Hazina.AI.RAG\Hazina.AI.RAG.csproj::TargetFramework=net10.0]
C:\Projects\Hazina\src\Core\AI\Hazina.AI.RAG\Graph\Pipeline\GraphConstructionPipeline.cs(119,13): warning CA1873: Evaluation of this argument may be expensive and unnecessary if logging is disabled (https://learn.microsoft.com/dotnet/fundamentals/code-analysis/quality-rules/ca1873) [C:\Projects\Hazina\src\Core\AI\Hazina.AI.RAG\Hazina.AI.RAG.csproj::TargetFramework=net10.0]
C:\Projects\Hazina\src\Core\AI\Hazina.AI.RAG\Graph\Pipeline\GraphConstructionPipeline.cs(133,13): warning CA1873: Evaluation of this argument may be expensive and unnecessary if logging is disabled (https://learn.microsoft.com/dotnet/fundamentals/code-analysis/quality-rules/ca1873) [C:\Projects\Hazina\src\Core\AI\Hazina.AI.RAG\Hazina.AI.RAG.csproj::TargetFramework=net10.0]
C:\Projects\Hazina\src\Core\AI\Hazina.AI.RAG\Graph\Storage\InMemoryGraphStore.cs(254,13): warning S1066: Merge this if statement with the enclosing one. (https://rules.sonarsource.com/csharp/RSPEC-1066) [C:\Projects\Hazina\src\Core\AI\Hazina.AI.RAG\Hazina.AI.RAG.csproj::TargetFramework=net10.0]
C:\Projects\Hazina\src\Core\AI\Hazina.AI.RAG\Graph\Pipeline\GraphConstructionPipeline.cs(137,13): warning CA1873: Evaluation of this argument may be expensive and unnecessary if logging is disabled (https://learn.microsoft.com/dotnet/fundamentals/code-analysis/quality-rules/ca1873) [C:\Projects\Hazina\src\Core\AI\Hazina.AI.RAG\Hazina.AI.RAG.csproj::TargetFramework=net10.0]
C:\Projects\Hazina\src\Core\AI\Hazina.AI.RAG\Embeddings\BasicMetadataExtractor.cs(159,26): warning MA0011: Use an overload of 'TryParse' that has a 'System.IFormatProvider' parameter (https://github.com/meziantou/Meziantou.Analyzer/blob/main/docs/Rules/MA0011.md) [C:\Projects\Hazina\src\Core\AI\Hazina.AI.RAG\Hazina.AI.RAG.csproj::TargetFramework=net10.0]
C:\Projects\Hazina\src\Core\AI\Hazina.AI.RAG\Graph\Pipeline\GraphConstructionPipeline.cs(164,13): warning CA1873: Evaluation of this argument may be expensive and unnecessary if logging is disabled (https://learn.microsoft.com/dotnet/fundamentals/code-analysis/quality-rules/ca1873) [C:\Projects\Hazina\src\Core\AI\Hazina.AI.RAG\Hazina.AI.RAG.csproj::TargetFramework=net10.0]
C:\Projects\Hazina\src\Core\AI\Hazina.AI.RAG\Graph\Pipeline\GraphConstructionPipeline.cs(171,13): warning CA1873: Evaluation of this argument may be expensive and unnecessary if logging is disabled (https://learn.microsoft.com/dotnet/fundamentals/code-analysis/quality-rules/ca1873) [C:\Projects\Hazina\src\Core\AI\Hazina.AI.RAG\Hazina.AI.RAG.csproj::TargetFramework=net10.0]
C:\Projects\Hazina\src\Core\AI\Hazina.AI.RAG\Graph\Pipeline\GraphConstructionPipeline.cs(66,13): warning CA1848: For improved performance, use the LoggerMessage delegates instead of calling 'LoggerExtensions.LogInformation(ILogger, string?, params object?[])' (https://learn.microsoft.com/dotnet/fundamentals/code-analysis/quality-rules/ca1848) [C:\Projects\Hazina\src\Core\AI\Hazina.AI.RAG\Hazina.AI.RAG.csproj::TargetFramework=net10.0]
C:\Projects\Hazina\src\Core\AI\Hazina.AI.RAG\Graph\Pipeline\GraphConstructionPipeline.cs(69,13): warning CA1848: For improved performance, use the LoggerMessage delegates instead of calling 'LoggerExtensions.LogDebug(ILogger, string?, params object?[])' (https://learn.microsoft.com/dotnet/fundamentals/code-analysis/quality-rules/ca1848) [C:\Projects\Hazina\src\Core\AI\Hazina.AI.RAG\Hazina.AI.RAG.csproj::TargetFramework=net10.0]
C:\Projects\Hazina\src\Core\AI\Hazina.AI.RAG\Graph\Pipeline\GraphConstructionPipeline.cs(76,13): warning CA1848: For improved performance, use the LoggerMessage delegates instead of calling 'LoggerExtensions.LogInformation(ILogger, string?, params object?[])' (https://learn.microsoft.com/dotnet/fundamentals/code-analysis/quality-rules/ca1848) [C:\Projects\Hazina\src\Core\AI\Hazina.AI.RAG\Hazina.AI.RAG.csproj::TargetFramework=net10.0]
C:\Projects\Hazina\src\Core\AI\Hazina.AI.RAG\Graph\Pipeline\GraphConstructionPipeline.cs(81,17): warning CA1848: For improved performance, use the LoggerMessage delegates instead of calling 'LoggerExtensions.LogWarning(ILogger, string?, params object?[])' (https://learn.microsoft.com/dotnet/fundamentals/code-analysis/quality-rules/ca1848) [C:\Projects\Hazina\src\Core\AI\Hazina.AI.RAG\Hazina.AI.RAG.csproj::TargetFramework=net10.0]
C:\Projects\Hazina\src\Core\AI\Hazina.AI.RAG\Graph\Pipeline\GraphConstructionPipeline.cs(90,17): warning CA1848: For improved performance, use the LoggerMessage delegates instead of calling 'LoggerExtensions.LogWarning(ILogger, string?, params object?[])' (https://learn.microsoft.com/dotnet/fundamentals/code-analysis/quality-rules/ca1848) [C:\Projects\Hazina\src\Core\AI\Hazina.AI.RAG\Hazina.AI.RAG.csproj::TargetFramework=net10.0]
C:\Projects\Hazina\src\Core\AI\Hazina.AI.RAG\Graph\Pipeline\GraphConstructionPipeline.cs(96,13): warning CA1848: For improved performance, use the LoggerMessage delegates instead of calling 'LoggerExtensions.LogDebug(ILogger, string?, params object?[])' (https://learn.microsoft.com/dotnet/fundamentals/code-analysis/quality-rules/ca1848) [C:\Projects\Hazina\src\Core\AI\Hazina.AI.RAG\Hazina.AI.RAG.csproj::TargetFramework=net10.0]
C:\Projects\Hazina\src\Core\AI\Hazina.AI.RAG\Graph\Pipeline\GraphConstructionPipeline.cs(104,13): warning CA1848: For improved performance, use the LoggerMessage delegates instead of calling 'LoggerExtensions.LogInformation(ILogger, string?, params object?[])' (https://learn.microsoft.com/dotnet/fundamentals/code-analysis/quality-rules/ca1848) [C:\Projects\Hazina\src\Core\AI\Hazina.AI.RAG\Hazina.AI.RAG.csproj::TargetFramework=net10.0]
C:\Projects\Hazina\src\Core\AI\Hazina.AI.RAG\Graph\Pipeline\GraphConstructionPipeline.cs(110,17): warning CA1848: For improved performance, use the LoggerMessage delegates instead of calling 'LoggerExtensions.LogWarning(ILogger, string?, params object?[])' (https://learn.microsoft.com/dotnet/fundamentals/code-analysis/quality-rules/ca1848) [C:\Projects\Hazina\src\Core\AI\Hazina.AI.RAG\Hazina.AI.RAG.csproj::TargetFramework=net10.0]
C:\Projects\Hazina\src\Core\AI\Hazina.AI.RAG\Graph\Pipeline\GraphConstructionPipeline.cs(119,13): warning CA1848: For improved performance, use the LoggerMessage delegates instead of calling 'LoggerExtensions.LogDebug(ILogger, string?, params object?[])' (https://learn.microsoft.com/dotnet/fundamentals/code-analysis/quality-rules/ca1848) [C:\Projects\Hazina\src\Core\AI\Hazina.AI.RAG\Hazina.AI.RAG.csproj::TargetFramework=net10.0]
C:\Projects\Hazina\src\Core\AI\Hazina.AI.RAG\Graph\Pipeline\GraphConstructionPipeline.cs(133,13): warning CA1848: For improved performance, use the LoggerMessage delegates instead of calling 'LoggerExtensions.LogInformation(ILogger, string?, params object?[])' (https://learn.microsoft.com/dotnet/fundamentals/code-analysis/quality-rules/ca1848) [C:\Projects\Hazina\src\Core\AI\Hazina.AI.RAG\Hazina.AI.RAG.csproj::TargetFramework=net10.0]
C:\Projects\Hazina\src\Core\AI\Hazina.AI.RAG\Graph\Pipeline\GraphConstructionPipeline.cs(137,13): warning CA1848: For improved performance, use the LoggerMessage delegates instead of calling 'LoggerExtensions.LogDebug(ILogger, string?, params object?[])' (https://learn.microsoft.com/dotnet/fundamentals/code-analysis/quality-rules/ca1848) [C:\Projects\Hazina\src\Core\AI\Hazina.AI.RAG\Hazina.AI.RAG.csproj::TargetFramework=net10.0]
C:\Projects\Hazina\src\Core\AI\Hazina.AI.RAG\Graph\Pipeline\GraphConstructionPipeline.cs(164,13): warning CA1848: For improved performance, use the LoggerMessage delegates instead of calling 'LoggerExtensions.LogDebug(ILogger, string?, params object?[])' (https://learn.microsoft.com/dotnet/fundamentals/code-analysis/quality-rules/ca1848) [C:\Projects\Hazina\src\Core\AI\Hazina.AI.RAG\Hazina.AI.RAG.csproj::TargetFramework=net10.0]
C:\Projects\Hazina\src\Core\AI\Hazina.AI.RAG\Graph\Pipeline\GraphConstructionPipeline.cs(171,13): warning CA1848: For improved performance, use the LoggerMessage delegates instead of calling 'LoggerExtensions.LogInformation(ILogger, string?, params object?[])' (https://learn.microsoft.com/dotnet/fundamentals/code-analysis/quality-rules/ca1848) [C:\Projects\Hazina\src\Core\AI\Hazina.AI.RAG\Hazina.AI.RAG.csproj::TargetFramework=net10.0]
C:\Projects\Hazina\src\Core\AI\Hazina.AI.RAG\Graph\Pipeline\GraphConstructionPipeline.cs(188,13): warning CA1848: For improved performance, use the LoggerMessage delegates instead of calling 'LoggerExtensions.LogError(ILogger, Exception?, string?, params object?[])' (https://learn.microsoft.com/dotnet/fundamentals/code-analysis/quality-rules/ca1848) [C:\Projects\Hazina\src\Core\AI\Hazina.AI.RAG\Hazina.AI.RAG.csproj::TargetFramework=net10.0]
C:\Projects\Hazina\src\Core\AI\Hazina.AI.RAG\Graph\Storage\InMemoryGraphStore.cs(171,29): warning MA0004: Use Task.ConfigureAwait(false) if the current SynchronizationContext is not needed (https://github.com/meziantou/Meziantou.Analyzer/blob/main/docs/Rules/MA0004.md) [C:\Projects\Hazina\src\Core\AI\Hazina.AI.RAG\Hazina.AI.RAG.csproj::TargetFramework=net10.0]
C:\Projects\Hazina\src\Core\AI\Hazina.AI.RAG\Graph\Storage\InMemoryGraphStore.cs(179,32): warning MA0004: Use Task.ConfigureAwait(false) if the current SynchronizationContext is not needed (https://github.com/meziantou/Meziantou.Analyzer/blob/main/docs/Rules/MA0004.md) [C:\Projects\Hazina\src\Core\AI\Hazina.AI.RAG\Hazina.AI.RAG.csproj::TargetFramework=net10.0]
C:\Projects\Hazina\src\Core\AI\Hazina.AI.RAG\Graph\Storage\InMemoryGraphStore.cs(186,25): warning MA0004: Use Task.ConfigureAwait(false) if the current SynchronizationContext is not needed (https://github.com/meziantou/Meziantou.Analyzer/blob/main/docs/Rules/MA0004.md) [C:\Projects\Hazina\src\Core\AI\Hazina.AI.RAG\Hazina.AI.RAG.csproj::TargetFramework=net10.0]
C:\Projects\Hazina\src\Core\AI\Hazina.AI.RAG\Graph\Pipeline\GraphConstructionPipeline.cs(197,74): warning SA1629: Documentation text should end with a period (https://github.com/DotNetAnalyzers/StyleCopAnalyzers/blob/master/documentation/SA1629.md) [C:\Projects\Hazina\src\Core\AI\Hazina.AI.RAG\Hazina.AI.RAG.csproj::TargetFramework=net10.0]
C:\Projects\Hazina\src\Core\AI\Hazina.AI.RAG\Graph\Pipeline\GraphConstructionPipeline.cs(198,59): warning SA1629: Documentation text should end with a period (https://github.com/DotNetAnalyzers/StyleCopAnalyzers/blob/master/documentation/SA1629.md) [C:\Projects\Hazina\src\Core\AI\Hazina.AI.RAG\Hazina.AI.RAG.csproj::TargetFramework=net10.0]
C:\Projects\Hazina\src\Core\AI\Hazina.AI.RAG\Graph\Pipeline\GraphConstructionPipeline.cs(199,43): warning SA1629: Documentation text should end with a period (https://github.com/DotNetAnalyzers/StyleCopAnalyzers/blob/master/documentation/SA1629.md) [C:\Projects\Hazina\src\Core\AI\Hazina.AI.RAG\Hazina.AI.RAG.csproj::TargetFramework=net10.0]
C:\Projects\Hazina\src\Core\Agents\Hazina.AgentFactory\Abstractions\IFileSystem.cs(165,14): warning MA0048: File name must match type name (https://github.com/meziantou/Meziantou.Analyzer/blob/main/docs/Rules/MA0048.md) [C:\Projects\Hazina\src\Core\Agents\Hazina.AgentFactory\Hazina.AgentFactory.csproj::TargetFramework=net9.0]
C:\Projects\Hazina\src\Core\AI\Hazina.AI.RAG\Graph\Pipeline\GraphConstructionPipeline.cs(218,32): warning SA1116: The parameters should begin on the line after the declaration, whenever the parameter span across multiple lines (https://github.com/DotNetAnalyzers/StyleCopAnalyzers/blob/master/documentation/SA1116.md) [C:\Projects\Hazina\src\Core\AI\Hazina.AI.RAG\Hazina.AI.RAG.csproj::TargetFramework=net10.0]
C:\Projects\Hazina\src\Core\AI\Hazina.AI.RAG\Graph\Storage\InMemoryGraphStore.cs(288,9): warning MA0004: Use Task.ConfigureAwait(false) if the current SynchronizationContext is not needed (https://github.com/meziantou/Meziantou.Analyzer/blob/main/docs/Rules/MA0004.md) [C:\Projects\Hazina\src\Core\AI\Hazina.AI.RAG\Hazina.AI.RAG.csproj::TargetFramework=net10.0]
C:\Projects\Hazina\src\Core\AI\Hazina.AI.RAG\Graph\Storage\InMemoryGraphStore.cs(285,23): warning MA0002: Use an overload that has a IEqualityComparer<string> or IComparer<string> parameter (https://github.com/meziantou/Meziantou.Analyzer/blob/main/docs/Rules/MA0002.md) [C:\Projects\Hazina\src\Core\AI\Hazina.AI.RAG\Hazina.AI.RAG.csproj::TargetFramework=net10.0]
C:\Projects\Hazina\src\Core\AI\Hazina.AI.RAG\Core\RAGEngine.cs(381,59): warning SA1122: Use string.Empty for empty strings (https://github.com/DotNetAnalyzers/StyleCopAnalyzers/blob/master/documentation/SA1122.md) [C:\Projects\Hazina\src\Core\AI\Hazina.AI.RAG\Hazina.AI.RAG.csproj::TargetFramework=net10.0]
C:\Projects\Hazina\src\Core\AI\Hazina.AI.RAG\Core\RAGEngine.cs(386,57): warning SA1122: Use string.Empty for empty strings (https://github.com/DotNetAnalyzers/StyleCopAnalyzers/blob/master/documentation/SA1122.md) [C:\Projects\Hazina\src\Core\AI\Hazina.AI.RAG\Hazina.AI.RAG.csproj::TargetFramework=net10.0]
C:\Projects\Hazina\src\Core\AI\Hazina.AI.RAG\Graph\Storage\InMemoryGraphStore.cs(201,23): warning MA0002: Use an overload that has a IEqualityComparer<string> or IComparer<string> parameter (https://github.com/meziantou/Meziantou.Analyzer/blob/main/docs/Rules/MA0002.md) [C:\Projects\Hazina\src\Core\AI\Hazina.AI.RAG\Hazina.AI.RAG.csproj::TargetFramework=net10.0]
C:\Projects\Hazina\src\Core\AI\Hazina.AI.RAG\Graph\Storage\InMemoryGraphStore.cs(175,30): warning MA0006: Use string.Equals instead of Equals operator (https://github.com/meziantou/Meziantou.Analyzer/blob/main/docs/Rules/MA0006.md) [C:\Projects\Hazina\src\Core\AI\Hazina.AI.RAG\Hazina.AI.RAG.csproj::TargetFramework=net10.0]
C:\Projects\Hazina\src\Core\AI\Hazina.AI.RAG\Graph\Pipeline\GraphConstructionPipeline.cs(218,9): warning CA1873: Evaluation of this argument may be expensive and unnecessary if logging is disabled (https://learn.microsoft.com/dotnet/fundamentals/code-analysis/quality-rules/ca1873) [C:\Projects\Hazina\src\Core\AI\Hazina.AI.RAG\Hazina.AI.RAG.csproj::TargetFramework=net10.0]
C:\Projects\Hazina\src\Core\AI\Hazina.AI.RAG\Graph\Pipeline\GraphConstructionPipeline.cs(210,17): warning CA1848: For improved performance, use the LoggerMessage delegates instead of calling 'LoggerExtensions.LogWarning(ILogger, string?, params object?[])' (https://learn.microsoft.com/dotnet/fundamentals/code-analysis/quality-rules/ca1848) [C:\Projects\Hazina\src\Core\AI\Hazina.AI.RAG\Hazina.AI.RAG.csproj::TargetFramework=net10.0]
C:\Projects\Hazina\src\Core\AI\Hazina.AI.RAG\Graph\Pipeline\GraphConstructionPipeline.cs(218,9): warning CA1848: For improved performance, use the LoggerMessage delegates instead of calling 'LoggerExtensions.LogInformation(ILogger, string?, params object?[])' (https://learn.microsoft.com/dotnet/fundamentals/code-analysis/quality-rules/ca1848) [C:\Projects\Hazina\src\Core\AI\Hazina.AI.RAG\Hazina.AI.RAG.csproj::TargetFramework=net10.0]
C:\Projects\Hazina\src\Core\AI\Hazina.AI.RAG\Graph\Pipeline\GraphConstructionPipeline.cs(214,26): warning MA0004: Use Task.ConfigureAwait(false) if the current SynchronizationContext is not needed (https://github.com/meziantou/Meziantou.Analyzer/blob/main/docs/Rules/MA0004.md) [C:\Projects\Hazina\src\Core\AI\Hazina.AI.RAG\Hazina.AI.RAG.csproj::TargetFramework=net10.0]
C:\Projects\Hazina\src\Core\Agents\Hazina.AgentFactory\Models\BuildOutput.cs(4,21): warning CA1050: Declare types in namespaces (https://learn.microsoft.com/dotnet/fundamentals/code-analysis/quality-rules/ca1050) [C:\Projects\Hazina\src\Core\Agents\Hazina.AgentFactory\Hazina.AgentFactory.csproj::TargetFramework=net9.0]
C:\Projects\Hazina\src\Core\AI\Hazina.AI.RAG\Core\RAGEngine.cs(392,69): warning S1172: Remove this unused method parameter 'cancellationToken'. (https://rules.sonarsource.com/csharp/RSPEC-1172) [C:\Projects\Hazina\src\Core\AI\Hazina.AI.RAG\Hazina.AI.RAG.csproj::TargetFramework=net10.0]
C:\Projects\Hazina\src\Core\AI\Hazina.AI.RAG\Graph\Pipeline\GraphConstructionPipeline.cs(70,37): warning MA0004: Use Task.ConfigureAwait(false) if the current SynchronizationContext is not needed (https://github.com/meziantou/Meziantou.Analyzer/blob/main/docs/Rules/MA0004.md) [C:\Projects\Hazina\src\Core\AI\Hazina.AI.RAG\Hazina.AI.RAG.csproj::TargetFramework=net10.0]
C:\Projects\Hazina\src\Core\AI\Hazina.AI.RAG\Graph\Pipeline\GraphConstructionPipeline.cs(97,42): warning MA0004: Use Task.ConfigureAwait(false) if the current SynchronizationContext is not needed (https://github.com/meziantou/Meziantou.Analyzer/blob/main/docs/Rules/MA0004.md) [C:\Projects\Hazina\src\Core\AI\Hazina.AI.RAG\Hazina.AI.RAG.csproj::TargetFramework=net10.0]
C:\Projects\Hazina\src\Core\AI\Hazina.AI.RAG\Graph\Pipeline\GraphConstructionPipeline.cs(124,34): warning MA0004: Use Task.ConfigureAwait(false) if the current SynchronizationContext is not needed (https://github.com/meziantou/Meziantou.Analyzer/blob/main/docs/Rules/MA0004.md) [C:\Projects\Hazina\src\Core\AI\Hazina.AI.RAG\Hazina.AI.RAG.csproj::TargetFramework=net10.0]
C:\Projects\Hazina\src\Core\AI\Hazina.AI.RAG\Graph\Pipeline\GraphConstructionPipeline.cs(140,13): warning MA0004: Use Task.ConfigureAwait(false) if the current SynchronizationContext is not needed (https://github.com/meziantou/Meziantou.Analyzer/blob/main/docs/Rules/MA0004.md) [C:\Projects\Hazina\src\Core\AI\Hazina.AI.RAG\Hazina.AI.RAG.csproj::TargetFramework=net10.0]
C:\Projects\Hazina\src\Core\AI\Hazina.AI.RAG\Graph\Pipeline\GraphConstructionPipeline.cs(165,13): warning MA0004: Use Task.ConfigureAwait(false) if the current SynchronizationContext is not needed (https://github.com/meziantou/Meziantou.Analyzer/blob/main/docs/Rules/MA0004.md) [C:\Projects\Hazina\src\Core\AI\Hazina.AI.RAG\Hazina.AI.RAG.csproj::TargetFramework=net10.0]
C:\Projects\Hazina\src\Core\AI\Hazina.AI.RAG\Core\RAGEngine.cs(394,25): warning MA0004: Use Task.ConfigureAwait(false) if the current SynchronizationContext is not needed (https://github.com/meziantou/Meziantou.Analyzer/blob/main/docs/Rules/MA0004.md) [C:\Projects\Hazina\src\Core\AI\Hazina.AI.RAG\Hazina.AI.RAG.csproj::TargetFramework=net10.0]
C:\Projects\Hazina\src\Core\AI\Hazina.AI.RAG\Graph\Storage\InMemoryGraphStore.cs(335,35): warning CA1062: In externally visible method 'Task InMemoryGraphStore.UpdateEntityAsync(GraphEntity entity, CancellationToken cancellationToken = default(CancellationToken))', validate parameter 'entity' is non-null before using it. If appropriate, throw an 'ArgumentNullException' when the argument is 'null'. (https://learn.microsoft.com/dotnet/fundamentals/code-analysis/quality-rules/ca1062) [C:\Projects\Hazina\src\Core\AI\Hazina.AI.RAG\Hazina.AI.RAG.csproj::TargetFramework=net10.0]
C:\Projects\Hazina\src\Core\AI\Hazina.AI.RAG\Graph\Storage\SQLiteGraphStore.cs(259,9): warning CA2100: Review if the query string passed to 'string SqliteCommand.CommandText' in 'SearchEntitiesByNameAsync', accepts any user input (https://learn.microsoft.com/dotnet/fundamentals/code-analysis/quality-rules/ca2100) [C:\Projects\Hazina\src\Core\AI\Hazina.AI.RAG\Hazina.AI.RAG.csproj::TargetFramework=net10.0]
C:\Projects\Hazina\src\Core\AI\Hazina.AI.RAG\Graph\Storage\InMemoryGraphStore.cs(242,13): warning MA0006: Use string.Equals instead of Equals operator (https://github.com/meziantou/Meziantou.Analyzer/blob/main/docs/Rules/MA0006.md) [C:\Projects\Hazina\src\Core\AI\Hazina.AI.RAG\Hazina.AI.RAG.csproj::TargetFramework=net10.0]
C:\Projects\Hazina\src\Core\AI\Hazina.AI.RAG\Graph\Storage\InMemoryGraphStore.cs(260,38): warning MA0006: Use string.Equals instead of Equals operator (https://github.com/meziantou/Meziantou.Analyzer/blob/main/docs/Rules/MA0006.md) [C:\Projects\Hazina\src\Core\AI\Hazina.AI.RAG\Hazina.AI.RAG.csproj::TargetFramework=net10.0]
C:\Projects\Hazina\src\Core\AI\Hazina.AI.RAG\Graph\Pipeline\GraphConstructionPipeline.cs(144,35): warning MA0002: Use an overload that has a IEqualityComparer<string> or IComparer<string> parameter (https://github.com/meziantou/Meziantou.Analyzer/blob/main/docs/Rules/MA0002.md) [C:\Projects\Hazina\src\Core\AI\Hazina.AI.RAG\Hazina.AI.RAG.csproj::TargetFramework=net10.0]
C:\Projects\Hazina\src\Core\AI\Hazina.AI.RAG\Core\RAGEngine.cs(424,20): warning S2325: Make 'BuildContext' a static method. (https://rules.sonarsource.com/csharp/RSPEC-2325) [C:\Projects\Hazina\src\Core\AI\Hazina.AI.RAG\Hazina.AI.RAG.csproj::TargetFramework=net10.0]
C:\Projects\Hazina\src\Core\AI\Hazina.AI.RAG\Graph\Pipeline\GraphConstructionPipeline.cs(145,65): warning MA0006: Use string.Equals instead of Equals operator (https://github.com/meziantou/Meziantou.Analyzer/blob/main/docs/Rules/MA0006.md) [C:\Projects\Hazina\src\Core\AI\Hazina.AI.RAG\Hazina.AI.RAG.csproj::TargetFramework=net10.0]
C:\Projects\Hazina\src\Core\AI\Hazina.AI.RAG\Graph\Storage\SQLiteGraphStore.cs(302,48): warning SA1316: Tuple element names should use correct casing (https://github.com/DotNetAnalyzers/StyleCopAnalyzers/blob/master/documentation/SA1316.md) [C:\Projects\Hazina\src\Core\AI\Hazina.AI.RAG\Hazina.AI.RAG.csproj::TargetFramework=net10.0]
C:\Projects\Hazina\src\Core\AI\Hazina.AI.RAG\Graph\Storage\SQLiteGraphStore.cs(302,63): warning SA1316: Tuple element names should use correct casing (https://github.com/DotNetAnalyzers/StyleCopAnalyzers/blob/master/documentation/SA1316.md) [C:\Projects\Hazina\src\Core\AI\Hazina.AI.RAG\Hazina.AI.RAG.csproj::TargetFramework=net10.0]
C:\Projects\Hazina\src\Core\AI\Hazina.AI.RAG\Graph\Storage\InMemoryGraphStore.cs(308,29): warning MA0004: Use Task.ConfigureAwait(false) if the current SynchronizationContext is not needed (https://github.com/meziantou/Meziantou.Analyzer/blob/main/docs/Rules/MA0004.md) [C:\Projects\Hazina\src\Core\AI\Hazina.AI.RAG\Hazina.AI.RAG.csproj::TargetFramework=net10.0]
C:\Projects\Hazina\src\Core\AI\Hazina.AI.RAG\Graph\Storage\InMemoryGraphStore.cs(319,32): warning MA0004: Use Task.ConfigureAwait(false) if the current SynchronizationContext is not needed (https://github.com/meziantou/Meziantou.Analyzer/blob/main/docs/Rules/MA0004.md) [C:\Projects\Hazina\src\Core\AI\Hazina.AI.RAG\Hazina.AI.RAG.csproj::TargetFramework=net10.0]
C:\Projects\Hazina\src\Core\AI\Hazina.AI.RAG\Core\RAGEngine.cs(432,17): warning SA1503: Braces should not be omitted (https://github.com/DotNetAnalyzers/StyleCopAnalyzers/blob/master/documentation/SA1503.md) [C:\Projects\Hazina\src\Core\AI\Hazina.AI.RAG\Hazina.AI.RAG.csproj::TargetFramework=net10.0]
C:\Projects\Hazina\src\Core\AI\Hazina.AI.RAG\Graph\Storage\InMemoryGraphStore.cs(326,25): warning MA0004: Use Task.ConfigureAwait(false) if the current SynchronizationContext is not needed (https://github.com/meziantou/Meziantou.Analyzer/blob/main/docs/Rules/MA0004.md) [C:\Projects\Hazina\src\Core\AI\Hazina.AI.RAG\Hazina.AI.RAG.csproj::TargetFramework=net10.0]
C:\Projects\Hazina\src\Core\AI\Hazina.AI.RAG\Core\RAGEngine.cs(434,13): warning CA1305: The behavior of 'StringBuilder.AppendLine(ref StringBuilder.AppendInterpolatedStringHandler)' could vary based on the current user's locale settings. Replace this call in 'RAGEngine.BuildContext(List<RetrievedDocument>, int)' with a call to 'StringBuilder.AppendLine(IFormatProvider, ref StringBuilder.AppendInterpolatedStringHandler)'. (https://learn.microsoft.com/dotnet/fundamentals/code-analysis/quality-rules/ca1305) [C:\Projects\Hazina\src\Core\AI\Hazina.AI.RAG\Hazina.AI.RAG.csproj::TargetFramework=net10.0]
C:\Projects\Hazina\src\Core\AI\Hazina.AI.RAG\Graph\Storage\SQLiteGraphStore.cs(285,9): warning MA0004: Use Task.ConfigureAwait(false) if the current SynchronizationContext is not needed (https://github.com/meziantou/Meziantou.Analyzer/blob/main/docs/Rules/MA0004.md) [C:\Projects\Hazina\src\Core\AI\Hazina.AI.RAG\Hazina.AI.RAG.csproj::TargetFramework=net10.0]
C:\Projects\Hazina\src\Core\AI\Hazina.AI.RAG\Graph\Storage\SQLiteGraphStore.cs(303,28): warning MA0004: Use Task.ConfigureAwait(false) if the current SynchronizationContext is not needed (https://github.com/meziantou/Meziantou.Analyzer/blob/main/docs/Rules/MA0004.md) [C:\Projects\Hazina\src\Core\AI\Hazina.AI.RAG\Hazina.AI.RAG.csproj::TargetFramework=net10.0]
C:\Projects\Hazina\src\Core\AI\Hazina.AI.RAG\Graph\Storage\SQLiteGraphStore.cs(304,16): warning MA0004: Use Task.ConfigureAwait(false) if the current SynchronizationContext is not needed (https://github.com/meziantou/Meziantou.Analyzer/blob/main/docs/Rules/MA0004.md) [C:\Projects\Hazina\src\Core\AI\Hazina.AI.RAG\Hazina.AI.RAG.csproj::TargetFramework=net10.0]
C:\Projects\Hazina\src\Core\AI\Hazina.AI.RAG\Graph\Storage\SQLiteGraphStore.cs(322,13): warning MA0004: Use Task.ConfigureAwait(false) if the current SynchronizationContext is not needed (https://github.com/meziantou/Meziantou.Analyzer/blob/main/docs/Rules/MA0004.md) [C:\Projects\Hazina\src\Core\AI\Hazina.AI.RAG\Hazina.AI.RAG.csproj::TargetFramework=net10.0]
C:\Projects\Hazina\src\Core\AI\Hazina.AI.RAG\Core\RAGEngine.cs(434,13): warning MA0011: Use an overload of 'AppendLine' that has a 'System.IFormatProvider' parameter (https://github.com/meziantou/Meziantou.Analyzer/blob/main/docs/Rules/MA0011.md) [C:\Projects\Hazina\src\Core\AI\Hazina.AI.RAG\Hazina.AI.RAG.csproj::TargetFramework=net10.0]
C:\Projects\Hazina\src\Core\AI\Hazina.AI.RAG\Graph\Storage\SQLiteGraphStore.cs(356,9): warning CA1873: Evaluation of this argument may be expensive and unnecessary if logging is disabled (https://learn.microsoft.com/dotnet/fundamentals/code-analysis/quality-rules/ca1873) [C:\Projects\Hazina\src\Core\AI\Hazina.AI.RAG\Hazina.AI.RAG.csproj::TargetFramework=net10.0]
C:\Projects\Hazina\src\Core\AI\Hazina.AI.RAG\Graph\Storage\SQLiteGraphStore.cs(356,9): warning CA1848: For improved performance, use the LoggerMessage delegates instead of calling 'LoggerExtensions.LogDebug(ILogger, string?, params object?[])' (https://learn.microsoft.com/dotnet/fundamentals/code-analysis/quality-rules/ca1848) [C:\Projects\Hazina\src\Core\AI\Hazina.AI.RAG\Hazina.AI.RAG.csproj::TargetFramework=net10.0]
C:\Projects\Hazina\src\Core\AI\Hazina.AI.RAG\Graph\Storage\InMemoryGraphStore.cs(315,30): warning MA0006: Use string.Equals instead of Equals operator (https://github.com/meziantou/Meziantou.Analyzer/blob/main/docs/Rules/MA0006.md) [C:\Projects\Hazina\src\Core\AI\Hazina.AI.RAG\Hazina.AI.RAG.csproj::TargetFramework=net10.0]
C:\Projects\Hazina\src\Core\Agents\Hazina.AgentFactory\Models\BuildOutput.cs(4,21): warning MA0047: Declare type 'BuildOutput' in a namespace (https://github.com/meziantou/Meziantou.Analyzer/blob/main/docs/Rules/MA0047.md) [C:\Projects\Hazina\src\Core\Agents\Hazina.AgentFactory\Hazina.AgentFactory.csproj::TargetFramework=net9.0]
C:\Projects\Hazina\src\Core\AI\Hazina.AI.RAG\Graph\Storage\SQLiteGraphStore.cs(333,9): warning MA0004: Use Task.ConfigureAwait(false) if the current SynchronizationContext is not needed (https://github.com/meziantou/Meziantou.Analyzer/blob/main/docs/Rules/MA0004.md) [C:\Projects\Hazina\src\Core\AI\Hazina.AI.RAG\Hazina.AI.RAG.csproj::TargetFramework=net10.0]
C:\Projects\Hazina\src\Core\AI\Hazina.AI.RAG\Graph\Storage\SQLiteGraphStore.cs(348,28): warning MA0004: Use Task.ConfigureAwait(false) if the current SynchronizationContext is not needed (https://github.com/meziantou/Meziantou.Analyzer/blob/main/docs/Rules/MA0004.md) [C:\Projects\Hazina\src\Core\AI\Hazina.AI.RAG\Hazina.AI.RAG.csproj::TargetFramework=net10.0]
C:\Projects\Hazina\src\Core\AI\Hazina.AI.RAG\Graph\Storage\SQLiteGraphStore.cs(349,16): warning MA0004: Use Task.ConfigureAwait(false) if the current SynchronizationContext is not needed (https://github.com/meziantou/Meziantou.Analyzer/blob/main/docs/Rules/MA0004.md) [C:\Projects\Hazina\src\Core\AI\Hazina.AI.RAG\Hazina.AI.RAG.csproj::TargetFramework=net10.0]
C:\Projects\Hazina\src\Core\Agents\Hazina.AgentFactory\Models\BuildOutput.cs(4,21): warning S3903: Move 'BuildOutput' into a named namespace. (https://rules.sonarsource.com/csharp/RSPEC-3903) [C:\Projects\Hazina\src\Core\Agents\Hazina.AgentFactory\Hazina.AgentFactory.csproj::TargetFramework=net9.0]
C:\Projects\Hazina\src\Core\AI\Hazina.AI.RAG\Graph\Storage\SQLiteGraphStore.cs(352,13): warning MA0004: Use Task.ConfigureAwait(false) if the current SynchronizationContext is not needed (https://github.com/meziantou/Meziantou.Analyzer/blob/main/docs/Rules/MA0004.md) [C:\Projects\Hazina\src\Core\AI\Hazina.AI.RAG\Hazina.AI.RAG.csproj::TargetFramework=net10.0]
C:\Projects\Hazina\src\Core\AI\Hazina.AI.RAG\Graph\Pipeline\GraphConstructionPipeline.cs(182,9): warning CA1031: Modify 'ProcessDocumentAsync' to catch a more specific allowed exception type, or rethrow the exception (https://learn.microsoft.com/dotnet/fundamentals/code-analysis/quality-rules/ca1031) [C:\Projects\Hazina\src\Core\AI\Hazina.AI.RAG\Hazina.AI.RAG.csproj::TargetFramework=net10.0]
C:\Projects\Hazina\src\Core\AI\Hazina.AI.RAG\Core\RAGEngine.cs(493,20): warning S2325: Make 'BuildRAGPrompt' a static method. (https://rules.sonarsource.com/csharp/RSPEC-2325) [C:\Projects\Hazina\src\Core\AI\Hazina.AI.RAG\Hazina.AI.RAG.csproj::TargetFramework=net10.0]
C:\Projects\Hazina\src\Core\Agents\Hazina.AgentFactory\Models\BuildOutput.cs(7,26): warning CA2211: Non-constant fields should not be visible (https://learn.microsoft.com/dotnet/fundamentals/code-analysis/quality-rules/ca2211) [C:\Projects\Hazina\src\Core\Agents\Hazina.AgentFactory\Hazina.AgentFactory.csproj::TargetFramework=net9.0]
C:\Projects\Hazina\src\Core\AI\Hazina.AI.RAG\Graph\Storage\InMemoryGraphStore.cs(397,24): warning S1244: Do not check floating point equality with exact values, use a range instead. (https://rules.sonarsource.com/csharp/RSPEC-1244) [C:\Projects\Hazina\src\Core\AI\Hazina.AI.RAG\Hazina.AI.RAG.csproj::TargetFramework=net10.0]
C:\Projects\Hazina\src\Core\AI\Hazina.AI.RAG\Graph\Storage\InMemoryGraphStore.cs(397,45): warning S1244: Do not check floating point equality with exact values, use a range instead. (https://rules.sonarsource.com/csharp/RSPEC-1244) [C:\Projects\Hazina\src\Core\AI\Hazina.AI.RAG\Hazina.AI.RAG.csproj::TargetFramework=net10.0]
C:\Projects\Hazina\src\Core\AI\Hazina.AI.RAG\Graph\Storage\InMemoryGraphStore.cs(379,20): warning S2325: Make 'CalculateCosineSimilarity' a static method. (https://rules.sonarsource.com/csharp/RSPEC-2325) [C:\Projects\Hazina\src\Core\AI\Hazina.AI.RAG\Hazina.AI.RAG.csproj::TargetFramework=net10.0]
C:\Projects\Hazina\src\Core\AI\Hazina.AI.RAG\Graph\Pipeline\GraphConstructionPipeline.cs(206,44): warning CA1062: In externally visible method 'Task<List<GraphConstructionResult>> GraphConstructionPipeline.ProcessDocumentsBatchAsync(Dictionary<string, string> documents, CancellationToken cancellationToken = default(CancellationToken))', validate parameter 'documents' is non-null before using it. If appropriate, throw an 'ArgumentNullException' when the argument is 'null'. (https://learn.microsoft.com/dotnet/fundamentals/code-analysis/quality-rules/ca1062) [C:\Projects\Hazina\src\Core\AI\Hazina.AI.RAG\Hazina.AI.RAG.csproj::TargetFramework=net10.0]
C:\Projects\Hazina\src\Core\AI\Hazina.AI.RAG\Core\RAGEngine.cs(286,5): warning SA1124: Do not use regions (https://github.com/DotNetAnalyzers/StyleCopAnalyzers/blob/master/documentation/SA1124.md) [C:\Projects\Hazina\src\Core\AI\Hazina.AI.RAG\Hazina.AI.RAG.csproj::TargetFramework=net10.0]
C:\Projects\Hazina\src\Core\AI\Hazina.AI.RAG\Core\RAGEngine.cs(408,9): warning SA1111: Closing parenthesis should be on line of last parameter (https://github.com/DotNetAnalyzers/StyleCopAnalyzers/blob/master/documentation/SA1111.md) [C:\Projects\Hazina\src\Core\AI\Hazina.AI.RAG\Hazina.AI.RAG.csproj::TargetFramework=net10.0]
C:\Projects\Hazina\src\Core\AI\Hazina.AI.RAG\Core\RAGEngine.cs(415,102): warning SA1122: Use string.Empty for empty strings (https://github.com/DotNetAnalyzers/StyleCopAnalyzers/blob/master/documentation/SA1122.md) [C:\Projects\Hazina\src\Core\AI\Hazina.AI.RAG\Hazina.AI.RAG.csproj::TargetFramework=net10.0]
C:\Projects\Hazina\src\Core\AI\Hazina.AI.RAG\Core\RAGEngine.cs(415,107): warning SA1122: Use string.Empty for empty strings (https://github.com/DotNetAnalyzers/StyleCopAnalyzers/blob/master/documentation/SA1122.md) [C:\Projects\Hazina\src\Core\AI\Hazina.AI.RAG\Hazina.AI.RAG.csproj::TargetFramework=net10.0]
C:\Projects\Hazina\src\Core\AI\Hazina.AI.RAG\Core\RAGEngine.cs(312,43): warning CA1860: Prefer comparing 'Count' to 0 rather than using 'Any()', both for clarity and for performance (https://learn.microsoft.com/dotnet/fundamentals/code-analysis/quality-rules/ca1860) [C:\Projects\Hazina\src\Core\AI\Hazina.AI.RAG\Hazina.AI.RAG.csproj::TargetFramework=net10.0]
C:\Projects\Hazina\src\Core\AI\Hazina.AI.RAG\Core\RAGEngine.cs(504,9): warning CA1305: The behavior of 'StringBuilder.AppendLine(ref StringBuilder.AppendInterpolatedStringHandler)' could vary based on the current user's locale settings. Replace this call in 'RAGEngine.BuildRAGPrompt(string, string, RAGQueryOptions)' with a call to 'StringBuilder.AppendLine(IFormatProvider, ref StringBuilder.AppendInterpolatedStringHandler)'. (https://learn.microsoft.com/dotnet/fundamentals/code-analysis/quality-rules/ca1305) [C:\Projects\Hazina\src\Core\AI\Hazina.AI.RAG\Hazina.AI.RAG.csproj::TargetFramework=net10.0]
C:\Projects\Hazina\src\Core\AI\Hazina.AI.RAG\Core\RAGEngine.cs(462,13): warning SA1111: Closing parenthesis should be on line of last parameter (https://github.com/DotNetAnalyzers/StyleCopAnalyzers/blob/master/documentation/SA1111.md) [C:\Projects\Hazina\src\Core\AI\Hazina.AI.RAG\Hazina.AI.RAG.csproj::TargetFramework=net10.0]
C:\Projects\Hazina\src\Core\AI\Hazina.AI.RAG\Core\RAGEngine.cs(487,13): warning SA1111: Closing parenthesis should be on line of last parameter (https://github.com/DotNetAnalyzers/StyleCopAnalyzers/blob/master/documentation/SA1111.md) [C:\Projects\Hazina\src\Core\AI\Hazina.AI.RAG\Hazina.AI.RAG.csproj::TargetFramework=net10.0]
C:\Projects\Hazina\src\Core\AI\Hazina.AI.RAG\Core\RAGEngine.cs(454,26): warning MA0004: Use Task.ConfigureAwait(false) if the current SynchronizationContext is not needed (https://github.com/meziantou/Meziantou.Analyzer/blob/main/docs/Rules/MA0004.md) [C:\Projects\Hazina\src\Core\AI\Hazina.AI.RAG\Hazina.AI.RAG.csproj::TargetFramework=net10.0]
C:\Projects\Hazina\src\Core\AI\Hazina.AI.RAG\Core\RAGEngine.cs(404,23): warning MA0004: Use Task.ConfigureAwait(false) if the current SynchronizationContext is not needed (https://github.com/meziantou/Meziantou.Analyzer/blob/main/docs/Rules/MA0004.md) [C:\Projects\Hazina\src\Core\AI\Hazina.AI.RAG\Hazina.AI.RAG.csproj::TargetFramework=net10.0]
C:\Projects\Hazina\src\Core\AI\Hazina.AI.RAG\Core\RAGEngine.cs(481,28): warning MA0004: Use Task.ConfigureAwait(false) if the current SynchronizationContext is not needed (https://github.com/meziantou/Meziantou.Analyzer/blob/main/docs/Rules/MA0004.md) [C:\Projects\Hazina\src\Core\AI\Hazina.AI.RAG\Hazina.AI.RAG.csproj::TargetFramework=net10.0]
C:\Projects\Hazina\src\Core\AI\Hazina.AI.RAG\Core\RAGEngine.cs(315,24): warning MA0004: Use Task.ConfigureAwait(false) if the current SynchronizationContext is not needed (https://github.com/meziantou/Meziantou.Analyzer/blob/main/docs/Rules/MA0004.md) [C:\Projects\Hazina\src\Core\AI\Hazina.AI.RAG\Hazina.AI.RAG.csproj::TargetFramework=net10.0]
C:\Projects\Hazina\src\Core\AI\Hazina.AI.RAG\Core\RAGEngine.cs(334,26): warning MA0004: Use Task.ConfigureAwait(false) if the current SynchronizationContext is not needed (https://github.com/meziantou/Meziantou.Analyzer/blob/main/docs/Rules/MA0004.md) [C:\Projects\Hazina\src\Core\AI\Hazina.AI.RAG\Hazina.AI.RAG.csproj::TargetFramework=net10.0]
C:\Projects\Hazina\src\Core\AI\Hazina.AI.RAG\Core\RAGEngine.cs(419,23): warning MA0002: Use an overload that has a IEqualityComparer<string> or IComparer<string> parameter (https://github.com/meziantou/Meziantou.Analyzer/blob/main/docs/Rules/MA0002.md) [C:\Projects\Hazina\src\Core\AI\Hazina.AI.RAG\Hazina.AI.RAG.csproj::TargetFramework=net10.0]
C:\Projects\Hazina\src\Core\AI\Hazina.AI.RAG\Graph\Storage\SQLiteGraphStore.cs(449,9): warning MA0004: Use Task.ConfigureAwait(false) if the current SynchronizationContext is not needed (https://github.com/meziantou/Meziantou.Analyzer/blob/main/docs/Rules/MA0004.md) [C:\Projects\Hazina\src\Core\AI\Hazina.AI.RAG\Hazina.AI.RAG.csproj::TargetFramework=net10.0]
C:\Projects\Hazina\src\Core\AI\Hazina.AI.RAG\Graph\Storage\SQLiteGraphStore.cs(454,9): warning MA0004: Use Task.ConfigureAwait(false) if the current SynchronizationContext is not needed (https://github.com/meziantou/Meziantou.Analyzer/blob/main/docs/Rules/MA0004.md) [C:\Projects\Hazina\src\Core\AI\Hazina.AI.RAG\Hazina.AI.RAG.csproj::TargetFramework=net10.0]
C:\Projects\Hazina\src\Core\AI\Hazina.AI.RAG\Graph\Storage\SQLiteGraphStore.cs(451,23): warning MA0002: Use an overload that has a IEqualityComparer<string> or IComparer<string> parameter (https://github.com/meziantou/Meziantou.Analyzer/blob/main/docs/Rules/MA0002.md) [C:\Projects\Hazina\src\Core\AI\Hazina.AI.RAG\Hazina.AI.RAG.csproj::TargetFramework=net10.0]
C:\Projects\Hazina\src\Core\AI\Hazina.AI.RAG\Core\RAGEngine.cs(304,23): warning MA0002: Use an overload that has a IEqualityComparer<string> or IComparer<string> parameter (https://github.com/meziantou/Meziantou.Analyzer/blob/main/docs/Rules/MA0002.md) [C:\Projects\Hazina\src\Core\AI\Hazina.AI.RAG\Hazina.AI.RAG.csproj::TargetFramework=net10.0]
C:\Projects\Hazina\src\Core\AI\Hazina.AI.RAG\Graph\Storage\SQLiteGraphStore.cs(146,37): warning S6966: Await BeginTransactionAsync instead. (https://rules.sonarsource.com/csharp/RSPEC-6966) [C:\Projects\Hazina\src\Core\AI\Hazina.AI.RAG\Hazina.AI.RAG.csproj::TargetFramework=net10.0]
C:\Projects\Hazina\src\Core\AI\Hazina.AI.RAG\Graph\Storage\SQLiteGraphStore.cs(426,9): warning MA0004: Use Task.ConfigureAwait(false) if the current SynchronizationContext is not needed (https://github.com/meziantou/Meziantou.Analyzer/blob/main/docs/Rules/MA0004.md) [C:\Projects\Hazina\src\Core\AI\Hazina.AI.RAG\Hazina.AI.RAG.csproj::TargetFramework=net10.0]
C:\Projects\Hazina\src\Core\AI\Hazina.AI.RAG\Graph\Storage\SQLiteGraphStore.cs(434,28): warning MA0004: Use Task.ConfigureAwait(false) if the current SynchronizationContext is not needed (https://github.com/meziantou/Meziantou.Analyzer/blob/main/docs/Rules/MA0004.md) [C:\Projects\Hazina\src\Core\AI\Hazina.AI.RAG\Hazina.AI.RAG.csproj::TargetFramework=net10.0]
C:\Projects\Hazina\src\Core\AI\Hazina.AI.RAG\Graph\Storage\SQLiteGraphStore.cs(435,16): warning MA0004: Use Task.ConfigureAwait(false) if the current SynchronizationContext is not needed (https://github.com/meziantou/Meziantou.Analyzer/blob/main/docs/Rules/MA0004.md) [C:\Projects\Hazina\src\Core\AI\Hazina.AI.RAG\Hazina.AI.RAG.csproj::TargetFramework=net10.0]
C:\Projects\Hazina\src\Core\AI\Hazina.AI.RAG\Core\RAGEngine.cs(343,24): warning MA0002: Use an overload that has a IEqualityComparer<string> or IComparer<string> parameter (https://github.com/meziantou/Meziantou.Analyzer/blob/main/docs/Rules/MA0002.md) [C:\Projects\Hazina\src\Core\AI\Hazina.AI.RAG\Hazina.AI.RAG.csproj::TargetFramework=net10.0]
C:\Projects\Hazina\src\Core\AI\Hazina.AI.RAG\Graph\Storage\InMemoryGraphStore.cs(368,38): warning MA0002: Use an overload that has a IEqualityComparer<string> or IComparer<string> parameter (https://github.com/meziantou/Meziantou.Analyzer/blob/main/docs/Rules/MA0002.md) [C:\Projects\Hazina\src\Core\AI\Hazina.AI.RAG\Hazina.AI.RAG.csproj::TargetFramework=net10.0]
C:\Projects\Hazina\src\Core\AI\Hazina.AI.RAG\Graph\Storage\InMemoryGraphStore.cs(368,38): warning MA0002: Use an overload that has a IEqualityComparer<string> or IComparer<string> parameter (https://github.com/meziantou/Meziantou.Analyzer/blob/main/docs/Rules/MA0002.md) [C:\Projects\Hazina\src\Core\AI\Hazina.AI.RAG\Hazina.AI.RAG.csproj::TargetFramework=net10.0]
C:\Projects\Hazina\src\Core\AI\Hazina.AI.RAG\Core\RAGEngine.cs(343,24): warning MA0002: Use an overload that has a IEqualityComparer<string> or IComparer<string> parameter (https://github.com/meziantou/Meziantou.Analyzer/blob/main/docs/Rules/MA0002.md) [C:\Projects\Hazina\src\Core\AI\Hazina.AI.RAG\Hazina.AI.RAG.csproj::TargetFramework=net10.0]
C:\Projects\Hazina\src\Core\AI\Hazina.AI.RAG\Core\RAGEngine.cs(343,56): warning MA0002: Use an overload that has a IEqualityComparer<string> or IComparer<string> parameter (https://github.com/meziantou/Meziantou.Analyzer/blob/main/docs/Rules/MA0002.md) [C:\Projects\Hazina\src\Core\AI\Hazina.AI.RAG\Hazina.AI.RAG.csproj::TargetFramework=net10.0]
C:\Projects\Hazina\src\Core\AI\Hazina.AI.RAG\Core\RAGEngine.cs(345,25): warning MA0002: Use an overload that has a IEqualityComparer<string> or IComparer<string> parameter (https://github.com/meziantou/Meziantou.Analyzer/blob/main/docs/Rules/MA0002.md) [C:\Projects\Hazina\src\Core\AI\Hazina.AI.RAG\Hazina.AI.RAG.csproj::TargetFramework=net10.0]
C:\Projects\Hazina\src\Core\AI\Hazina.AI.RAG\Graph\Storage\InMemoryGraphStore.cs(371,44): warning MA0002: Use an overload that has a IEqualityComparer<string> or IComparer<string> parameter (https://github.com/meziantou/Meziantou.Analyzer/blob/main/docs/Rules/MA0002.md) [C:\Projects\Hazina\src\Core\AI\Hazina.AI.RAG\Hazina.AI.RAG.csproj::TargetFramework=net10.0]
C:\Projects\Hazina\src\Core\AI\Hazina.AI.RAG\Graph\Storage\InMemoryGraphStore.cs(371,44): warning MA0002: Use an overload that has a IEqualityComparer<string> or IComparer<string> parameter (https://github.com/meziantou/Meziantou.Analyzer/blob/main/docs/Rules/MA0002.md) [C:\Projects\Hazina\src\Core\AI\Hazina.AI.RAG\Hazina.AI.RAG.csproj::TargetFramework=net10.0]
C:\Projects\Hazina\src\Core\AI\Hazina.AI.RAG\Graph\Storage\SQLiteGraphStore.cs(639,24): warning S2325: Make 'LoadEntityRelations' a static method. (https://rules.sonarsource.com/csharp/RSPEC-2325) [C:\Projects\Hazina\src\Core\AI\Hazina.AI.RAG\Hazina.AI.RAG.csproj::TargetFramework=net10.0]
C:\Projects\Hazina\src\Core\AI\Hazina.AI.RAG\Graph\Storage\SQLiteGraphStore.cs(698,20): warning S2325: Make 'SerializeEmbedding' a static method. (https://rules.sonarsource.com/csharp/RSPEC-2325) [C:\Projects\Hazina\src\Core\AI\Hazina.AI.RAG\Hazina.AI.RAG.csproj::TargetFramework=net10.0]
C:\Projects\Hazina\src\Core\AI\Hazina.AI.RAG\Graph\Storage\SQLiteGraphStore.cs(705,21): warning S2325: Make 'DeserializeEmbedding' a static method. (https://rules.sonarsource.com/csharp/RSPEC-2325) [C:\Projects\Hazina\src\Core\AI\Hazina.AI.RAG\Hazina.AI.RAG.csproj::TargetFramework=net10.0]
C:\Projects\Hazina\src\Core\AI\Hazina.AI.RAG\Graph\Storage\SQLiteGraphStore.cs(309,60): warning CA1062: In externally visible method 'Task<List<GraphEntity>> SQLiteGraphStore.SearchEntitiesByEmbeddingAsync(float[] embedding, int topK = 10, string? typeFilter = null, CancellationToken cancellationToken = default(CancellationToken))', validate parameter 'embedding' is non-null before using it. If appropriate, throw an 'ArgumentNullException' when the argument is 'null'. (https://learn.microsoft.com/dotnet/fundamentals/code-analysis/quality-rules/ca1062) [C:\Projects\Hazina\src\Core\AI\Hazina.AI.RAG\Hazina.AI.RAG.csproj::TargetFramework=net10.0]
C:\Projects\Hazina\src\Core\AI\Hazina.AI.RAG\Graph\Storage\SQLiteGraphStore.cs(529,16): warning MA0004: Use Task.ConfigureAwait(false) if the current SynchronizationContext is not needed (https://github.com/meziantou/Meziantou.Analyzer/blob/main/docs/Rules/MA0004.md) [C:\Projects\Hazina\src\Core\AI\Hazina.AI.RAG\Hazina.AI.RAG.csproj::TargetFramework=net10.0]
C:\Projects\Hazina\src\Core\AI\Hazina.AI.RAG\Graph\Storage\SQLiteGraphStore.cs(409,17): warning CA1873: Evaluation of this argument may be expensive and unnecessary if logging is disabled (https://learn.microsoft.com/dotnet/fundamentals/code-analysis/quality-rules/ca1873) [C:\Projects\Hazina\src\Core\AI\Hazina.AI.RAG\Hazina.AI.RAG.csproj::TargetFramework=net10.0]
C:\Projects\Hazina\src\Core\AI\Hazina.AI.RAG\Graph\Storage\SQLiteGraphStore.cs(409,17): warning CA1848: For improved performance, use the LoggerMessage delegates instead of calling 'LoggerExtensions.LogDebug(ILogger, string?, params object?[])' (https://learn.microsoft.com/dotnet/fundamentals/code-analysis/quality-rules/ca1848) [C:\Projects\Hazina\src\Core\AI\Hazina.AI.RAG\Hazina.AI.RAG.csproj::TargetFramework=net10.0]
C:\Projects\Hazina\src\Core\AI\Hazina.AI.RAG\Graph\Storage\SQLiteGraphStore.cs(373,37): warning CA1849: 'SqliteConnection.BeginTransaction()' synchronously blocks. Await 'DbConnection.BeginTransactionAsync(CancellationToken)' instead. (https://learn.microsoft.com/dotnet/fundamentals/code-analysis/quality-rules/ca1849) [C:\Projects\Hazina\src\Core\AI\Hazina.AI.RAG\Hazina.AI.RAG.csproj::TargetFramework=net10.0]
C:\Projects\Hazina\src\Core\AI\Hazina.AI.RAG\Graph\Storage\SQLiteGraphStore.cs(367,9): warning MA0004: Use Task.ConfigureAwait(false) if the current SynchronizationContext is not needed (https://github.com/meziantou/Meziantou.Analyzer/blob/main/docs/Rules/MA0004.md) [C:\Projects\Hazina\src\Core\AI\Hazina.AI.RAG\Hazina.AI.RAG.csproj::TargetFramework=net10.0]
C:\Projects\Hazina\src\Core\AI\Hazina.AI.RAG\Graph\Storage\SQLiteGraphStore.cs(371,13): warning MA0004: Use Task.ConfigureAwait(false) if the current SynchronizationContext is not needed (https://github.com/meziantou/Meziantou.Analyzer/blob/main/docs/Rules/MA0004.md) [C:\Projects\Hazina\src\Core\AI\Hazina.AI.RAG\Hazina.AI.RAG.csproj::TargetFramework=net10.0]
C:\Projects\Hazina\src\Core\AI\Hazina.AI.RAG\Graph\Storage\SQLiteGraphStore.cs(405,21): warning MA0004: Use Task.ConfigureAwait(false) if the current SynchronizationContext is not needed (https://github.com/meziantou/Meziantou.Analyzer/blob/main/docs/Rules/MA0004.md) [C:\Projects\Hazina\src\Core\AI\Hazina.AI.RAG\Hazina.AI.RAG.csproj::TargetFramework=net10.0]
C:\Projects\Hazina\src\Core\AI\Hazina.AI.RAG\Graph\Storage\SQLiteGraphStore.cs(408,17): warning MA0004: Use Task.ConfigureAwait(false) if the current SynchronizationContext is not needed (https://github.com/meziantou/Meziantou.Analyzer/blob/main/docs/Rules/MA0004.md) [C:\Projects\Hazina\src\Core\AI\Hazina.AI.RAG\Hazina.AI.RAG.csproj::TargetFramework=net10.0]
C:\Projects\Hazina\src\Core\AI\Hazina.AI.RAG\Graph\Storage\SQLiteGraphStore.cs(413,17): warning MA0004: Use Task.ConfigureAwait(false) if the current SynchronizationContext is not needed (https://github.com/meziantou/Meziantou.Analyzer/blob/main/docs/Rules/MA0004.md) [C:\Projects\Hazina\src\Core\AI\Hazina.AI.RAG\Hazina.AI.RAG.csproj::TargetFramework=net10.0]
C:\Projects\Hazina\src\Core\AI\Hazina.AI.RAG\Graph\Storage\SQLiteGraphStore.cs(730,24): warning S1244: Do not check floating point equality with exact values, use a range instead. (https://rules.sonarsource.com/csharp/RSPEC-1244) [C:\Projects\Hazina\src\Core\AI\Hazina.AI.RAG\Hazina.AI.RAG.csproj::TargetFramework=net10.0]
C:\Projects\Hazina\src\Core\AI\Hazina.AI.RAG\Graph\Storage\SQLiteGraphStore.cs(730,45): warning S1244: Do not check floating point equality with exact values, use a range instead. (https://rules.sonarsource.com/csharp/RSPEC-1244) [C:\Projects\Hazina\src\Core\AI\Hazina.AI.RAG\Hazina.AI.RAG.csproj::TargetFramework=net10.0]
C:\Projects\Hazina\src\Core\AI\Hazina.AI.RAG\Graph\Storage\SQLiteGraphStore.cs(712,20): warning S2325: Make 'CalculateCosineSimilarity' a static method. (https://rules.sonarsource.com/csharp/RSPEC-2325) [C:\Projects\Hazina\src\Core\AI\Hazina.AI.RAG\Hazina.AI.RAG.csproj::TargetFramework=net10.0]
C:\Projects\Hazina\src\Core\AI\Hazina.AI.RAG\Graph\Storage\SQLiteGraphStore.cs(534,9): warning MA0004: Use Task.ConfigureAwait(false) if the current SynchronizationContext is not needed (https://github.com/meziantou/Meziantou.Analyzer/blob/main/docs/Rules/MA0004.md) [C:\Projects\Hazina\src\Core\AI\Hazina.AI.RAG\Hazina.AI.RAG.csproj::TargetFramework=net10.0]
C:\Projects\Hazina\src\Core\AI\Hazina.AI.RAG\Graph\Storage\SQLiteGraphStore.cs(486,28): warning MA0004: Use Task.ConfigureAwait(false) if the current SynchronizationContext is not needed (https://github.com/meziantou/Meziantou.Analyzer/blob/main/docs/Rules/MA0004.md) [C:\Projects\Hazina\src\Core\AI\Hazina.AI.RAG\Hazina.AI.RAG.csproj::TargetFramework=net10.0]
C:\Projects\Hazina\src\Core\AI\Hazina.AI.RAG\Graph\Storage\SQLiteGraphStore.cs(487,16): warning MA0004: Use Task.ConfigureAwait(false) if the current SynchronizationContext is not needed (https://github.com/meziantou/Meziantou.Analyzer/blob/main/docs/Rules/MA0004.md) [C:\Projects\Hazina\src\Core\AI\Hazina.AI.RAG\Hazina.AI.RAG.csproj::TargetFramework=net10.0]
C:\Projects\Hazina\src\Core\AI\Hazina.AI.RAG\Graph\Storage\SQLiteGraphStore.cs(499,28): warning MA0004: Use Task.ConfigureAwait(false) if the current SynchronizationContext is not needed (https://github.com/meziantou/Meziantou.Analyzer/blob/main/docs/Rules/MA0004.md) [C:\Projects\Hazina\src\Core\AI\Hazina.AI.RAG\Hazina.AI.RAG.csproj::TargetFramework=net10.0]
C:\Projects\Hazina\src\Core\AI\Hazina.AI.RAG\Graph\Storage\SQLiteGraphStore.cs(545,37): warning CA1849: 'SqliteConnection.BeginTransaction()' synchronously blocks. Await 'DbConnection.BeginTransactionAsync(CancellationToken)' instead. (https://learn.microsoft.com/dotnet/fundamentals/code-analysis/quality-rules/ca1849) [C:\Projects\Hazina\src\Core\AI\Hazina.AI.RAG\Hazina.AI.RAG.csproj::TargetFramework=net10.0]
C:\Projects\Hazina\src\Core\AI\Hazina.AI.RAG\Graph\Storage\SQLiteGraphStore.cs(506,21): warning MA0004: Use Task.ConfigureAwait(false) if the current SynchronizationContext is not needed (https://github.com/meziantou/Meziantou.Analyzer/blob/main/docs/Rules/MA0004.md) [C:\Projects\Hazina\src\Core\AI\Hazina.AI.RAG\Hazina.AI.RAG.csproj::TargetFramework=net10.0]
C:\Projects\Hazina\src\Core\AI\Hazina.AI.RAG\Graph\Storage\SQLiteGraphStore.cs(539,9): warning MA0004: Use Task.ConfigureAwait(false) if the current SynchronizationContext is not needed (https://github.com/meziantou/Meziantou.Analyzer/blob/main/docs/Rules/MA0004.md) [C:\Projects\Hazina\src\Core\AI\Hazina.AI.RAG\Hazina.AI.RAG.csproj::TargetFramework=net10.0]
C:\Projects\Hazina\src\Core\AI\Hazina.AI.RAG\Graph\Storage\SQLiteGraphStore.cs(543,13): warning MA0004: Use Task.ConfigureAwait(false) if the current SynchronizationContext is not needed (https://github.com/meziantou/Meziantou.Analyzer/blob/main/docs/Rules/MA0004.md) [C:\Projects\Hazina\src\Core\AI\Hazina.AI.RAG\Hazina.AI.RAG.csproj::TargetFramework=net10.0]
C:\Projects\Hazina\src\Core\AI\Hazina.AI.RAG\Graph\Storage\SQLiteGraphStore.cs(554,17): warning MA0004: Use Task.ConfigureAwait(false) if the current SynchronizationContext is not needed (https://github.com/meziantou/Meziantou.Analyzer/blob/main/docs/Rules/MA0004.md) [C:\Projects\Hazina\src\Core\AI\Hazina.AI.RAG\Hazina.AI.RAG.csproj::TargetFramework=net10.0]
C:\Projects\Hazina\src\Core\AI\Hazina.AI.RAG\Graph\Storage\SQLiteGraphStore.cs(556,17): warning MA0004: Use Task.ConfigureAwait(false) if the current SynchronizationContext is not needed (https://github.com/meziantou/Meziantou.Analyzer/blob/main/docs/Rules/MA0004.md) [C:\Projects\Hazina\src\Core\AI\Hazina.AI.RAG\Hazina.AI.RAG.csproj::TargetFramework=net10.0]
C:\Projects\Hazina\src\Core\AI\Hazina.AI.RAG\Graph\Storage\SQLiteGraphStore.cs(560,17): warning MA0004: Use Task.ConfigureAwait(false) if the current SynchronizationContext is not needed (https://github.com/meziantou/Meziantou.Analyzer/blob/main/docs/Rules/MA0004.md) [C:\Projects\Hazina\src\Core\AI\Hazina.AI.RAG\Hazina.AI.RAG.csproj::TargetFramework=net10.0]
C:\Projects\Hazina\src\Core\AI\Hazina.AI.RAG\Graph\Storage\SQLiteGraphStore.cs(646,32): warning MA0004: Use Task.ConfigureAwait(false) if the current SynchronizationContext is not needed (https://github.com/meziantou/Meziantou.Analyzer/blob/main/docs/Rules/MA0004.md) [C:\Projects\Hazina\src\Core\AI\Hazina.AI.RAG\Hazina.AI.RAG.csproj::TargetFramework=net10.0]
C:\Projects\Hazina\src\Core\AI\Hazina.AI.RAG\Graph\Storage\SQLiteGraphStore.cs(647,20): warning MA0004: Use Task.ConfigureAwait(false) if the current SynchronizationContext is not needed (https://github.com/meziantou/Meziantou.Analyzer/blob/main/docs/Rules/MA0004.md) [C:\Projects\Hazina\src\Core\AI\Hazina.AI.RAG\Hazina.AI.RAG.csproj::TargetFramework=net10.0]
C:\Projects\Hazina\src\Core\AI\Hazina.AI.RAG\Graph\Storage\SQLiteGraphStore.cs(658,32): warning MA0004: Use Task.ConfigureAwait(false) if the current SynchronizationContext is not needed (https://github.com/meziantou/Meziantou.Analyzer/blob/main/docs/Rules/MA0004.md) [C:\Projects\Hazina\src\Core\AI\Hazina.AI.RAG\Hazina.AI.RAG.csproj::TargetFramework=net10.0]
C:\Projects\Hazina\src\Core\AI\Hazina.AI.RAG\Graph\Storage\SQLiteGraphStore.cs(659,20): warning MA0004: Use Task.ConfigureAwait(false) if the current SynchronizationContext is not needed (https://github.com/meziantou/Meziantou.Analyzer/blob/main/docs/Rules/MA0004.md) [C:\Projects\Hazina\src\Core\AI\Hazina.AI.RAG\Hazina.AI.RAG.csproj::TargetFramework=net10.0]
C:\Projects\Hazina\src\Core\AI\Hazina.AI.RAG\Graph\Storage\SQLiteGraphStore.cs(625,23): warning S6580: Use a format provider when parsing date and time. (https://rules.sonarsource.com/csharp/RSPEC-6580) [C:\Projects\Hazina\src\Core\AI\Hazina.AI.RAG\Hazina.AI.RAG.csproj::TargetFramework=net10.0]
C:\Projects\Hazina\src\Core\AI\Hazina.AI.RAG\Graph\Storage\SQLiteGraphStore.cs(581,33): warning CA1305: The behavior of 'Convert.ToInt32(object)' could vary based on the current user's locale settings. Replace this call in 'SQLiteGraphStore.GetStatisticsAsync([CancellationToken])' with a call to 'Convert.ToInt32(object, IFormatProvider)'. (https://learn.microsoft.com/dotnet/fundamentals/code-analysis/quality-rules/ca1305) [C:\Projects\Hazina\src\Core\AI\Hazina.AI.RAG\Hazina.AI.RAG.csproj::TargetFramework=net10.0]
C:\Projects\Hazina\src\Core\AI\Hazina.AI.RAG\Graph\Storage\SQLiteGraphStore.cs(588,39): warning CA1305: The behavior of 'Convert.ToInt32(object)' could vary based on the current user's locale settings. Replace this call in 'SQLiteGraphStore.GetStatisticsAsync([CancellationToken])' with a call to 'Convert.ToInt32(object, IFormatProvider)'. (https://learn.microsoft.com/dotnet/fundamentals/code-analysis/quality-rules/ca1305) [C:\Projects\Hazina\src\Core\AI\Hazina.AI.RAG\Hazina.AI.RAG.csproj::TargetFramework=net10.0]
C:\Projects\Hazina\src\Core\AI\Hazina.AI.RAG\Graph\Storage\SQLiteGraphStore.cs(626,27): warning S6580: Use a format provider when parsing date and time. (https://rules.sonarsource.com/csharp/RSPEC-6580) [C:\Projects\Hazina\src\Core\AI\Hazina.AI.RAG\Hazina.AI.RAG.csproj::TargetFramework=net10.0]
C:\Projects\Hazina\src\Core\AI\Hazina.AI.RAG\Graph\Storage\SQLiteGraphStore.cs(625,23): warning CA1305: The behavior of 'DateTime.Parse(string)' could vary based on the current user's locale settings. Replace this call in 'SQLiteGraphStore.ReadEntity(SqliteDataReader)' with a call to 'DateTime.Parse(string, IFormatProvider)'. (https://learn.microsoft.com/dotnet/fundamentals/code-analysis/quality-rules/ca1305) [C:\Projects\Hazina\src\Core\AI\Hazina.AI.RAG\Hazina.AI.RAG.csproj::TargetFramework=net10.0]
C:\Projects\Hazina\src\Core\AI\Hazina.AI.RAG\Graph\Storage\SQLiteGraphStore.cs(626,27): warning CA1305: The behavior of 'DateTime.Parse(string)' could vary based on the current user's locale settings. Replace this call in 'SQLiteGraphStore.ReadEntity(SqliteDataReader)' with a call to 'DateTime.Parse(string, IFormatProvider)'. (https://learn.microsoft.com/dotnet/fundamentals/code-analysis/quality-rules/ca1305) [C:\Projects\Hazina\src\Core\AI\Hazina.AI.RAG\Hazina.AI.RAG.csproj::TargetFramework=net10.0]
C:\Projects\Hazina\src\Core\AI\Hazina.AI.RAG\Graph\Storage\SQLiteGraphStore.cs(573,9): warning MA0004: Use Task.ConfigureAwait(false) if the current SynchronizationContext is not needed (https://github.com/meziantou/Meziantou.Analyzer/blob/main/docs/Rules/MA0004.md) [C:\Projects\Hazina\src\Core\AI\Hazina.AI.RAG\Hazina.AI.RAG.csproj::TargetFramework=net10.0]
C:\Projects\Hazina\src\Core\AI\Hazina.AI.RAG\Graph\Storage\SQLiteGraphStore.cs(581,49): warning MA0004: Use Task.ConfigureAwait(false) if the current SynchronizationContext is not needed (https://github.com/meziantou/Meziantou.Analyzer/blob/main/docs/Rules/MA0004.md) [C:\Projects\Hazina\src\Core\AI\Hazina.AI.RAG\Hazina.AI.RAG.csproj::TargetFramework=net10.0]
C:\Projects\Hazina\src\Core\AI\Hazina.AI.RAG\Graph\Storage\SQLiteGraphStore.cs(588,55): warning MA0004: Use Task.ConfigureAwait(false) if the current SynchronizationContext is not needed (https://github.com/meziantou/Meziantou.Analyzer/blob/main/docs/Rules/MA0004.md) [C:\Projects\Hazina\src\Core\AI\Hazina.AI.RAG\Hazina.AI.RAG.csproj::TargetFramework=net10.0]
C:\Projects\Hazina\src\Core\AI\Hazina.AI.RAG\Graph\Storage\SQLiteGraphStore.cs(595,32): warning MA0004: Use Task.ConfigureAwait(false) if the current SynchronizationContext is not needed (https://github.com/meziantou/Meziantou.Analyzer/blob/main/docs/Rules/MA0004.md) [C:\Projects\Hazina\src\Core\AI\Hazina.AI.RAG\Hazina.AI.RAG.csproj::TargetFramework=net10.0]
C:\Projects\Hazina\src\Core\AI\Hazina.AI.RAG\Graph\Storage\SQLiteGraphStore.cs(596,20): warning MA0004: Use Task.ConfigureAwait(false) if the current SynchronizationContext is not needed (https://github.com/meziantou/Meziantou.Analyzer/blob/main/docs/Rules/MA0004.md) [C:\Projects\Hazina\src\Core\AI\Hazina.AI.RAG\Hazina.AI.RAG.csproj::TargetFramework=net10.0]
C:\Projects\Hazina\src\Core\AI\Hazina.AI.RAG\Graph\Storage\SQLiteGraphStore.cs(606,32): warning MA0004: Use Task.ConfigureAwait(false) if the current SynchronizationContext is not needed (https://github.com/meziantou/Meziantou.Analyzer/blob/main/docs/Rules/MA0004.md) [C:\Projects\Hazina\src\Core\AI\Hazina.AI.RAG\Hazina.AI.RAG.csproj::TargetFramework=net10.0]
C:\Projects\Hazina\src\Core\AI\Hazina.AI.RAG\Graph\Storage\SQLiteGraphStore.cs(607,20): warning MA0004: Use Task.ConfigureAwait(false) if the current SynchronizationContext is not needed (https://github.com/meziantou/Meziantou.Analyzer/blob/main/docs/Rules/MA0004.md) [C:\Projects\Hazina\src\Core\AI\Hazina.AI.RAG\Hazina.AI.RAG.csproj::TargetFramework=net10.0]
C:\Projects\Hazina\src\Core\AI\Hazina.AI.RAG\Graph\Storage\SQLiteGraphStore.cs(680,23): warning S6580: Use a format provider when parsing date and time. (https://rules.sonarsource.com/csharp/RSPEC-6580) [C:\Projects\Hazina\src\Core\AI\Hazina.AI.RAG\Hazina.AI.RAG.csproj::TargetFramework=net10.0]
C:\Projects\Hazina\src\Core\AI\Hazina.AI.RAG\Graph\Storage\SQLiteGraphStore.cs(681,27): warning S6580: Use a format provider when parsing date and time. (https://rules.sonarsource.com/csharp/RSPEC-6580) [C:\Projects\Hazina\src\Core\AI\Hazina.AI.RAG\Hazina.AI.RAG.csproj::TargetFramework=net10.0]
C:\Projects\Hazina\src\Core\AI\Hazina.AI.RAG\Graph\Storage\SQLiteGraphStore.cs(690,91): warning S6580: Use a format provider when parsing date and time. (https://rules.sonarsource.com/csharp/RSPEC-6580) [C:\Projects\Hazina\src\Core\AI\Hazina.AI.RAG\Hazina.AI.RAG.csproj::TargetFramework=net10.0]
C:\Projects\Hazina\src\Core\AI\Hazina.AI.RAG\Graph\Storage\SQLiteGraphStore.cs(691,87): warning S6580: Use a format provider when parsing date and time. (https://rules.sonarsource.com/csharp/RSPEC-6580) [C:\Projects\Hazina\src\Core\AI\Hazina.AI.RAG\Hazina.AI.RAG.csproj::TargetFramework=net10.0]
C:\Projects\Hazina\src\Core\AI\Hazina.AI.RAG\Graph\Storage\SQLiteGraphStore.cs(581,33): warning MA0011: Use an overload of 'ToInt32' that has a 'System.IFormatProvider' parameter (https://github.com/meziantou/Meziantou.Analyzer/blob/main/docs/Rules/MA0011.md) [C:\Projects\Hazina\src\Core\AI\Hazina.AI.RAG\Hazina.AI.RAG.csproj::TargetFramework=net10.0]
C:\Projects\Hazina\src\Core\AI\Hazina.AI.RAG\Graph\Storage\SQLiteGraphStore.cs(588,39): warning MA0011: Use an overload of 'ToInt32' that has a 'System.IFormatProvider' parameter (https://github.com/meziantou/Meziantou.Analyzer/blob/main/docs/Rules/MA0011.md) [C:\Projects\Hazina\src\Core\AI\Hazina.AI.RAG\Hazina.AI.RAG.csproj::TargetFramework=net10.0]
C:\Projects\Hazina\src\Core\Agents\Hazina.AgentFactory\Models\BuildOutput.cs(7,26): warning MA0069: Non-constant static fields should not be visible (https://github.com/meziantou/Meziantou.Analyzer/blob/main/docs/Rules/MA0069.md) [C:\Projects\Hazina\src\Core\Agents\Hazina.AgentFactory\Hazina.AgentFactory.csproj::TargetFramework=net9.0]
C:\Projects\Hazina\src\Core\AI\Hazina.AI.RAG\Graph\Storage\SQLiteGraphStore.cs(738,17): warning CA1063: Modify 'SQLiteGraphStore.Dispose' so that it calls Dispose(true), then calls GC.SuppressFinalize on the current object instance ('this' or 'Me' in Visual Basic), and then returns (https://learn.microsoft.com/dotnet/fundamentals/code-analysis/quality-rules/ca1063) [C:\Projects\Hazina\src\Core\AI\Hazina.AI.RAG\Hazina.AI.RAG.csproj::TargetFramework=net10.0]
C:\Projects\Hazina\src\Core\AI\Hazina.AI.RAG\Graph\Storage\SQLiteGraphStore.cs(738,17): warning CA1816: Change SQLiteGraphStore.Dispose() to call GC.SuppressFinalize(object). This will prevent derived types that introduce a finalizer from needing to re-implement 'IDisposable' to call it. (https://learn.microsoft.com/dotnet/fundamentals/code-analysis/quality-rules/ca1816) [C:\Projects\Hazina\src\Core\AI\Hazina.AI.RAG\Hazina.AI.RAG.csproj::TargetFramework=net10.0]
C:\Projects\Hazina\src\Core\Agents\Hazina.AgentFactory\Models\BuildOutput.cs(7,26): warning SA1401: Field should be private (https://github.com/DotNetAnalyzers/StyleCopAnalyzers/blob/master/documentation/SA1401.md) [C:\Projects\Hazina\src\Core\Agents\Hazina.AgentFactory\Hazina.AgentFactory.csproj::TargetFramework=net9.0]
C:\Projects\Hazina\src\Core\AI\Hazina.AI.RAG\Graph\Storage\SQLiteGraphStore.cs(625,23): warning MA0011: Use an overload of 'Parse' that has a 'System.IFormatProvider' parameter (https://github.com/meziantou/Meziantou.Analyzer/blob/main/docs/Rules/MA0011.md) [C:\Projects\Hazina\src\Core\AI\Hazina.AI.RAG\Hazina.AI.RAG.csproj::TargetFramework=net10.0]
C:\Projects\Hazina\src\Core\AI\Hazina.AI.RAG\Graph\Storage\SQLiteGraphStore.cs(626,27): warning MA0011: Use an overload of 'Parse' that has a 'System.IFormatProvider' parameter (https://github.com/meziantou/Meziantou.Analyzer/blob/main/docs/Rules/MA0011.md) [C:\Projects\Hazina\src\Core\AI\Hazina.AI.RAG\Hazina.AI.RAG.csproj::TargetFramework=net10.0]
C:\Projects\Hazina\src\Core\AI\Hazina.AI.RAG\Graph\Storage\SQLiteGraphStore.cs(545,37): warning S6966: Await BeginTransactionAsync instead. (https://rules.sonarsource.com/csharp/RSPEC-6966) [C:\Projects\Hazina\src\Core\AI\Hazina.AI.RAG\Hazina.AI.RAG.csproj::TargetFramework=net10.0]
C:\Projects\Hazina\src\Core\AI\Hazina.AI.RAG\Graph\Storage\SQLiteGraphStore.cs(680,23): warning CA1305: The behavior of 'DateTime.Parse(string)' could vary based on the current user's locale settings. Replace this call in 'SQLiteGraphStore.ReadRelationship(SqliteDataReader)' with a call to 'DateTime.Parse(string, IFormatProvider)'. (https://learn.microsoft.com/dotnet/fundamentals/code-analysis/quality-rules/ca1305) [C:\Projects\Hazina\src\Core\AI\Hazina.AI.RAG\Hazina.AI.RAG.csproj::TargetFramework=net10.0]
C:\Projects\Hazina\src\Core\AI\Hazina.AI.RAG\Graph\Storage\SQLiteGraphStore.cs(681,27): warning CA1305: The behavior of 'DateTime.Parse(string)' could vary based on the current user's locale settings. Replace this call in 'SQLiteGraphStore.ReadRelationship(SqliteDataReader)' with a call to 'DateTime.Parse(string, IFormatProvider)'. (https://learn.microsoft.com/dotnet/fundamentals/code-analysis/quality-rules/ca1305) [C:\Projects\Hazina\src\Core\AI\Hazina.AI.RAG\Hazina.AI.RAG.csproj::TargetFramework=net10.0]
C:\Projects\Hazina\src\Core\AI\Hazina.AI.RAG\Graph\Storage\SQLiteGraphStore.cs(690,91): warning CA1305: The behavior of 'DateTime.Parse(string)' could vary based on the current user's locale settings. Replace this call in 'SQLiteGraphStore.ReadRelationship(SqliteDataReader)' with a call to 'DateTime.Parse(string, IFormatProvider)'. (https://learn.microsoft.com/dotnet/fundamentals/code-analysis/quality-rules/ca1305) [C:\Projects\Hazina\src\Core\AI\Hazina.AI.RAG\Hazina.AI.RAG.csproj::TargetFramework=net10.0]
C:\Projects\Hazina\src\Core\AI\Hazina.AI.RAG\Graph\Storage\SQLiteGraphStore.cs(691,87): warning CA1305: The behavior of 'DateTime.Parse(string)' could vary based on the current user's locale settings. Replace this call in 'SQLiteGraphStore.ReadRelationship(SqliteDataReader)' with a call to 'DateTime.Parse(string, IFormatProvider)'. (https://learn.microsoft.com/dotnet/fundamentals/code-analysis/quality-rules/ca1305) [C:\Projects\Hazina\src\Core\AI\Hazina.AI.RAG\Hazina.AI.RAG.csproj::TargetFramework=net10.0]
C:\Projects\Hazina\src\Core\AI\Hazina.AI.RAG\Graph\Storage\SQLiteGraphStore.cs(624,135): warning MA0002: Use an overload that has a IEqualityComparer<string> or IComparer<string> parameter (https://github.com/meziantou/Meziantou.Analyzer/blob/main/docs/Rules/MA0002.md) [C:\Projects\Hazina\src\Core\AI\Hazina.AI.RAG\Hazina.AI.RAG.csproj::TargetFramework=net10.0]
C:\Projects\Hazina\src\Core\AI\Hazina.AI.RAG\Graph\Storage\SQLiteGraphStore.cs(680,23): warning MA0011: Use an overload of 'Parse' that has a 'System.IFormatProvider' parameter (https://github.com/meziantou/Meziantou.Analyzer/blob/main/docs/Rules/MA0011.md) [C:\Projects\Hazina\src\Core\AI\Hazina.AI.RAG\Hazina.AI.RAG.csproj::TargetFramework=net10.0]
C:\Projects\Hazina\src\Core\AI\Hazina.AI.RAG\Graph\Storage\SQLiteGraphStore.cs(681,27): warning MA0011: Use an overload of 'Parse' that has a 'System.IFormatProvider' parameter (https://github.com/meziantou/Meziantou.Analyzer/blob/main/docs/Rules/MA0011.md) [C:\Projects\Hazina\src\Core\AI\Hazina.AI.RAG\Hazina.AI.RAG.csproj::TargetFramework=net10.0]
C:\Projects\Hazina\src\Core\AI\Hazina.AI.RAG\Graph\Storage\SQLiteGraphStore.cs(690,91): warning MA0011: Use an overload of 'Parse' that has a 'System.IFormatProvider' parameter (https://github.com/meziantou/Meziantou.Analyzer/blob/main/docs/Rules/MA0011.md) [C:\Projects\Hazina\src\Core\AI\Hazina.AI.RAG\Hazina.AI.RAG.csproj::TargetFramework=net10.0]
C:\Projects\Hazina\src\Core\AI\Hazina.AI.RAG\Graph\Storage\SQLiteGraphStore.cs(691,87): warning MA0011: Use an overload of 'Parse' that has a 'System.IFormatProvider' parameter (https://github.com/meziantou/Meziantou.Analyzer/blob/main/docs/Rules/MA0011.md) [C:\Projects\Hazina\src\Core\AI\Hazina.AI.RAG\Hazina.AI.RAG.csproj::TargetFramework=net10.0]
C:\Projects\Hazina\src\Core\AI\Hazina.AI.RAG\Graph\Storage\SQLiteGraphStore.cs(676,135): warning MA0002: Use an overload that has a IEqualityComparer<string> or IComparer<string> parameter (https://github.com/meziantou/Meziantou.Analyzer/blob/main/docs/Rules/MA0002.md) [C:\Projects\Hazina\src\Core\AI\Hazina.AI.RAG\Hazina.AI.RAG.csproj::TargetFramework=net10.0]
C:\Projects\Hazina\src\Core\AI\Hazina.AI.RAG\Graph\Storage\SQLiteGraphStore.cs(373,37): warning S6966: Await BeginTransactionAsync instead. (https://rules.sonarsource.com/csharp/RSPEC-6966) [C:\Projects\Hazina\src\Core\AI\Hazina.AI.RAG\Hazina.AI.RAG.csproj::TargetFramework=net10.0]
C:\Projects\Hazina\src\Core\AI\Hazina.AI.RAG\Graph\Pipeline\LLMRelationshipExtractor.cs(197,19): warning CA1812: 'LLMRelationshipExtractor.ExtractedRelationship' is an internal class that is apparently never instantiated. If so, remove the code from the assembly. If this class is intended to contain only static members, make it 'static' (Module in Visual Basic). (https://learn.microsoft.com/dotnet/fundamentals/code-analysis/quality-rules/ca1812) [C:\Projects\Hazina\src\Core\AI\Hazina.AI.RAG\Hazina.AI.RAG.csproj::TargetFramework=net10.0]
C:\Projects\Hazina\src\Core\AI\Hazina.AI.RAG\Graph\Pipeline\LLMEntityExtractor.cs(162,19): warning CA1812: 'LLMEntityExtractor.ExtractedEntity' is an internal class that is apparently never instantiated. If so, remove the code from the assembly. If this class is intended to contain only static members, make it 'static' (Module in Visual Basic). (https://learn.microsoft.com/dotnet/fundamentals/code-analysis/quality-rules/ca1812) [C:\Projects\Hazina\src\Core\AI\Hazina.AI.RAG\Hazina.AI.RAG.csproj::TargetFramework=net10.0]
C:\Projects\Hazina\src\Core\AI\Hazina.AI.RAG\Graph\Pipeline\LLMRelationshipExtractor.cs(197,19): warning CA1852: Type 'ExtractedRelationship' can be sealed because it has no subtypes in its containing assembly and is not externally visible (https://learn.microsoft.com/dotnet/fundamentals/code-analysis/quality-rules/ca1852) [C:\Projects\Hazina\src\Core\AI\Hazina.AI.RAG\Hazina.AI.RAG.csproj::TargetFramework=net10.0]
C:\Projects\Hazina\src\Core\AI\Hazina.AI.RAG\Graph\Pipeline\LLMEntityExtractor.cs(162,19): warning CA1852: Type 'ExtractedEntity' can be sealed because it has no subtypes in its containing assembly and is not externally visible (https://learn.microsoft.com/dotnet/fundamentals/code-analysis/quality-rules/ca1852) [C:\Projects\Hazina\src\Core\AI\Hazina.AI.RAG\Hazina.AI.RAG.csproj::TargetFramework=net10.0]
C:\Projects\Hazina\src\Core\AI\Hazina.AI.RAG\Embeddings\EmbeddingCache.cs(15,29): warning MA0158: Use System.Threading.Lock (https://github.com/meziantou/Meziantou.Analyzer/blob/main/docs/Rules/MA0158.md) [C:\Projects\Hazina\src\Core\AI\Hazina.AI.RAG\Hazina.AI.RAG.csproj::TargetFramework=net10.0]
C:\Projects\Hazina\src\Core\Agents\Hazina.AgentFactory\Models\BuildOutput.cs(7,26): warning S1104: Make this field 'private' and encapsulate it in a 'public' property. (https://rules.sonarsource.com/csharp/RSPEC-1104) [C:\Projects\Hazina\src\Core\Agents\Hazina.AgentFactory\Hazina.AgentFactory.csproj::TargetFramework=net9.0]
C:\Projects\Hazina\src\Core\Agents\Hazina.AgentFactory\Configuration\Parsers\HazinaAgentConfigParser.cs(153,21): warning CA1050: Declare types in namespaces (https://learn.microsoft.com/dotnet/fundamentals/code-analysis/quality-rules/ca1050) [C:\Projects\Hazina\src\Core\Agents\Hazina.AgentFactory\Hazina.AgentFactory.csproj::TargetFramework=net9.0]
C:\Projects\Hazina\src\Core\Agents\Hazina.AgentFactory\Models\BuildOutput.cs(6,26): warning CA2211: Non-constant fields should not be visible (https://learn.microsoft.com/dotnet/fundamentals/code-analysis/quality-rules/ca2211) [C:\Projects\Hazina\src\Core\Agents\Hazina.AgentFactory\Hazina.AgentFactory.csproj::TargetFramework=net9.0]
C:\Projects\Hazina\src\Core\Agents\Hazina.AgentFactory\Configuration\Parsers\HazinaAgentConfigParser.cs(153,21): warning MA0047: Declare type 'HazinaFlowConfigParser' in a namespace (https://github.com/meziantou/Meziantou.Analyzer/blob/main/docs/Rules/MA0047.md) [C:\Projects\Hazina\src\Core\Agents\Hazina.AgentFactory\Hazina.AgentFactory.csproj::TargetFramework=net9.0]
C:\Projects\Hazina\src\Core\Agents\Hazina.AgentFactory\Configuration\Parsers\HazinaAgentConfigParser.cs(153,21): warning MA0048: File name must match type name (https://github.com/meziantou/Meziantou.Analyzer/blob/main/docs/Rules/MA0048.md) [C:\Projects\Hazina\src\Core\Agents\Hazina.AgentFactory\Hazina.AgentFactory.csproj::TargetFramework=net9.0]
C:\Projects\Hazina\src\Core\Agents\Hazina.AgentFactory\Models\BuildOutput.cs(6,26): warning MA0069: Non-constant static fields should not be visible (https://github.com/meziantou/Meziantou.Analyzer/blob/main/docs/Rules/MA0069.md) [C:\Projects\Hazina\src\Core\Agents\Hazina.AgentFactory\Hazina.AgentFactory.csproj::TargetFramework=net9.0]
C:\Projects\Hazina\src\Core\Agents\Hazina.AgentFactory\Models\BuildOutput.cs(6,26): warning SA1401: Field should be private (https://github.com/DotNetAnalyzers/StyleCopAnalyzers/blob/master/documentation/SA1401.md) [C:\Projects\Hazina\src\Core\Agents\Hazina.AgentFactory\Hazina.AgentFactory.csproj::TargetFramework=net9.0]
C:\Projects\Hazina\src\Core\Agents\Hazina.AgentFactory\Abstractions\IFileSystem.cs(175,1): warning SA1516: Elements should be separated by blank line (https://github.com/DotNetAnalyzers/StyleCopAnalyzers/blob/master/documentation/SA1516.md) [C:\Projects\Hazina\src\Core\Agents\Hazina.AgentFactory\Hazina.AgentFactory.csproj::TargetFramework=net9.0]
C:\Projects\Hazina\src\Core\Agents\Hazina.AgentFactory\Abstractions\IFileSystem.cs(176,1): warning SA1516: Elements should be separated by blank line (https://github.com/DotNetAnalyzers/StyleCopAnalyzers/blob/master/documentation/SA1516.md) [C:\Projects\Hazina\src\Core\Agents\Hazina.AgentFactory\Hazina.AgentFactory.csproj::TargetFramework=net9.0]
C:\Projects\Hazina\src\Core\Agents\Hazina.AgentFactory\Abstractions\IFileSystem.cs(177,1): warning SA1516: Elements should be separated by blank line (https://github.com/DotNetAnalyzers/StyleCopAnalyzers/blob/master/documentation/SA1516.md) [C:\Projects\Hazina\src\Core\Agents\Hazina.AgentFactory\Hazina.AgentFactory.csproj::TargetFramework=net9.0]
C:\Projects\Hazina\src\Core\Agents\Hazina.AgentFactory\Abstractions\IFileSystem.cs(178,1): warning SA1516: Elements should be separated by blank line (https://github.com/DotNetAnalyzers/StyleCopAnalyzers/blob/master/documentation/SA1516.md) [C:\Projects\Hazina\src\Core\Agents\Hazina.AgentFactory\Hazina.AgentFactory.csproj::TargetFramework=net9.0]
C:\Projects\Hazina\src\Core\Agents\Hazina.AgentFactory\Models\BuildOutput.cs(6,26): warning S1104: Make this field 'private' and encapsulate it in a 'public' property. (https://rules.sonarsource.com/csharp/RSPEC-1104) [C:\Projects\Hazina\src\Core\Agents\Hazina.AgentFactory\Hazina.AgentFactory.csproj::TargetFramework=net9.0]
C:\Projects\Hazina\src\Core\Agents\Hazina.AgentFactory\Models\BuildOutput.cs(8,26): warning CA2211: Non-constant fields should not be visible (https://learn.microsoft.com/dotnet/fundamentals/code-analysis/quality-rules/ca2211) [C:\Projects\Hazina\src\Core\Agents\Hazina.AgentFactory\Hazina.AgentFactory.csproj::TargetFramework=net9.0]
C:\Projects\Hazina\src\Core\Agents\Hazina.AgentFactory\Models\BuildOutput.cs(8,26): warning MA0069: Non-constant static fields should not be visible (https://github.com/meziantou/Meziantou.Analyzer/blob/main/docs/Rules/MA0069.md) [C:\Projects\Hazina\src\Core\Agents\Hazina.AgentFactory\Hazina.AgentFactory.csproj::TargetFramework=net9.0]
C:\Projects\Hazina\src\Core\Agents\Hazina.AgentFactory\Models\BuildOutput.cs(8,26): warning SA1401: Field should be private (https://github.com/DotNetAnalyzers/StyleCopAnalyzers/blob/master/documentation/SA1401.md) [C:\Projects\Hazina\src\Core\Agents\Hazina.AgentFactory\Hazina.AgentFactory.csproj::TargetFramework=net9.0]
C:\Projects\Hazina\src\Core\Agents\Hazina.AgentFactory\Models\BuildOutput.cs(8,26): warning S1104: Make this field 'private' and encapsulate it in a 'public' property. (https://rules.sonarsource.com/csharp/RSPEC-1104) [C:\Projects\Hazina\src\Core\Agents\Hazina.AgentFactory\Hazina.AgentFactory.csproj::TargetFramework=net9.0]
C:\Projects\Hazina\src\Core\Agents\Hazina.AgentFactory\Models\FlowCardModels.cs(2,1): warning SA1210: Using directives should be ordered alphabetically by the namespaces (https://github.com/DotNetAnalyzers/StyleCopAnalyzers/blob/master/documentation/SA1210.md) [C:\Projects\Hazina\src\Core\Agents\Hazina.AgentFactory\Hazina.AgentFactory.csproj::TargetFramework=net9.0]
C:\Projects\Hazina\src\Core\Agents\Hazina.AgentFactory\Models\FlowCardModels.cs(5,1): warning SA1210: Using directives should be ordered alphabetically by the namespaces (https://github.com/DotNetAnalyzers/StyleCopAnalyzers/blob/master/documentation/SA1210.md) [C:\Projects\Hazina\src\Core\Agents\Hazina.AgentFactory\Hazina.AgentFactory.csproj::TargetFramework=net9.0]
C:\Projects\Hazina\src\Core\Agents\Hazina.AgentFactory\Models\BuildOutput.cs(6,26): warning S2223: Change the visibility of 'buildFile' or make it 'const' or 'readonly'. (https://rules.sonarsource.com/csharp/RSPEC-2223) [C:\Projects\Hazina\src\Core\Agents\Hazina.AgentFactory\Hazina.AgentFactory.csproj::TargetFramework=net9.0]
C:\Projects\Hazina\src\Core\Agents\Hazina.AgentFactory\Models\BuildOutput.cs(8,26): warning S2223: Change the visibility of 'buildErrorsFile' or make it 'const' or 'readonly'. (https://rules.sonarsource.com/csharp/RSPEC-2223) [C:\Projects\Hazina\src\Core\Agents\Hazina.AgentFactory\Hazina.AgentFactory.csproj::TargetFramework=net9.0]
C:\Projects\Hazina\src\Core\Agents\Hazina.AgentFactory\Models\BuildOutput.cs(7,26): warning S2223: Change the visibility of 'buildOutputFile' or make it 'const' or 'readonly'. (https://rules.sonarsource.com/csharp/RSPEC-2223) [C:\Projects\Hazina\src\Core\Agents\Hazina.AgentFactory\Hazina.AgentFactory.csproj::TargetFramework=net9.0]
C:\Projects\Hazina\src\Core\Agents\Hazina.AgentFactory\Models\BuildOutput.cs(6,26): warning SA1307: Field 'buildFile' should begin with upper-case letter (https://github.com/DotNetAnalyzers/StyleCopAnalyzers/blob/master/documentation/SA1307.md) [C:\Projects\Hazina\src\Core\Agents\Hazina.AgentFactory\Hazina.AgentFactory.csproj::TargetFramework=net9.0]
C:\Projects\Hazina\src\Core\Agents\Hazina.AgentFactory\Models\BuildOutput.cs(8,26): warning SA1307: Field 'buildErrorsFile' should begin with upper-case letter (https://github.com/DotNetAnalyzers/StyleCopAnalyzers/blob/master/documentation/SA1307.md) [C:\Projects\Hazina\src\Core\Agents\Hazina.AgentFactory\Hazina.AgentFactory.csproj::TargetFramework=net9.0]
C:\Projects\Hazina\src\Core\Agents\Hazina.AgentFactory\Models\BuildOutput.cs(7,26): warning SA1307: Field 'buildOutputFile' should begin with upper-case letter (https://github.com/DotNetAnalyzers/StyleCopAnalyzers/blob/master/documentation/SA1307.md) [C:\Projects\Hazina\src\Core\Agents\Hazina.AgentFactory\Hazina.AgentFactory.csproj::TargetFramework=net9.0]
C:\Projects\Hazina\src\Core\Agents\Hazina.AgentFactory\Configuration\Validation\ConfigurationResult.cs(12,17): warning SA1623: The property's documentation summary text should begin with: 'Gets a value indicating whether' (https://github.com/DotNetAnalyzers/StyleCopAnalyzers/blob/master/documentation/SA1623.md) [C:\Projects\Hazina\src\Core\Agents\Hazina.AgentFactory\Hazina.AgentFactory.csproj::TargetFramework=net9.0]
C:\Projects\Hazina\src\Core\Agents\Hazina.AgentFactory\Services\Email\EmailDetail.cs(9,1): warning SA1516: Elements should be separated by blank line (https://github.com/DotNetAnalyzers/StyleCopAnalyzers/blob/master/documentation/SA1516.md) [C:\Projects\Hazina\src\Core\Agents\Hazina.AgentFactory\Hazina.AgentFactory.csproj::TargetFramework=net9.0]
C:\Projects\Hazina\src\Core\Agents\Hazina.AgentFactory\Services\Email\EmailDetail.cs(10,1): warning SA1516: Elements should be separated by blank line (https://github.com/DotNetAnalyzers/StyleCopAnalyzers/blob/master/documentation/SA1516.md) [C:\Projects\Hazina\src\Core\Agents\Hazina.AgentFactory\Hazina.AgentFactory.csproj::TargetFramework=net9.0]
C:\Projects\Hazina\src\Core\Agents\Hazina.AgentFactory\Configuration\Validation\ConfigurationResult.cs(22,39): warning CA2227: Change 'Errors' to be read-only by removing the property setter (https://learn.microsoft.com/dotnet/fundamentals/code-analysis/quality-rules/ca2227) [C:\Projects\Hazina\src\Core\Agents\Hazina.AgentFactory\Hazina.AgentFactory.csproj::TargetFramework=net9.0]
C:\Projects\Hazina\src\Core\Agents\Hazina.AgentFactory\Configuration\Validation\ConfigurationResult.cs(22,39): warning CA1002: Change 'List<ValidationDiagnostic>' in 'ConfigurationResult<T>.Errors' to use 'Collection<T>', 'ReadOnlyCollection<T>' or 'KeyedCollection<K,V>' (https://learn.microsoft.com/dotnet/fundamentals/code-analysis/quality-rules/ca1002) [C:\Projects\Hazina\src\Core\Agents\Hazina.AgentFactory\Hazina.AgentFactory.csproj::TargetFramework=net9.0]
C:\Projects\Hazina\src\Core\Agents\Hazina.AgentFactory\Configuration\Validation\ConfigurationResult.cs(27,39): warning CA2227: Change 'Warnings' to be read-only by removing the property setter (https://learn.microsoft.com/dotnet/fundamentals/code-analysis/quality-rules/ca2227) [C:\Projects\Hazina\src\Core\Agents\Hazina.AgentFactory\Hazina.AgentFactory.csproj::TargetFramework=net9.0]
C:\Projects\Hazina\src\Core\Agents\Hazina.AgentFactory\Configuration\Validation\ConfigurationResult.cs(32,39): warning CA2227: Change 'Infos' to be read-only by removing the property setter (https://learn.microsoft.com/dotnet/fundamentals/code-analysis/quality-rules/ca2227) [C:\Projects\Hazina\src\Core\Agents\Hazina.AgentFactory\Hazina.AgentFactory.csproj::TargetFramework=net9.0]
C:\Projects\Hazina\src\Core\Agents\Hazina.AgentFactory\Configuration\Validation\ConfigurationResult.cs(32,39): warning CA1002: Change 'List<ValidationDiagnostic>' in 'ConfigurationResult<T>.Infos' to use 'Collection<T>', 'ReadOnlyCollection<T>' or 'KeyedCollection<K,V>' (https://learn.microsoft.com/dotnet/fundamentals/code-analysis/quality-rules/ca1002) [C:\Projects\Hazina\src\Core\Agents\Hazina.AgentFactory\Hazina.AgentFactory.csproj::TargetFramework=net9.0]
C:\Projects\Hazina\src\Core\Agents\Hazina.AgentFactory\Configuration\Validation\ConfigurationResult.cs(27,39): warning CA1002: Change 'List<ValidationDiagnostic>' in 'ConfigurationResult<T>.Warnings' to use 'Collection<T>', 'ReadOnlyCollection<T>' or 'KeyedCollection<K,V>' (https://learn.microsoft.com/dotnet/fundamentals/code-analysis/quality-rules/ca1002) [C:\Projects\Hazina\src\Core\Agents\Hazina.AgentFactory\Hazina.AgentFactory.csproj::TargetFramework=net9.0]
C:\Projects\Hazina\src\Core\Agents\Hazina.AgentFactory\Configuration\Validation\ConfigurationResult.cs(27,12): warning MA0016: Prefer using collection abstraction instead of implementation (https://github.com/meziantou/Meziantou.Analyzer/blob/main/docs/Rules/MA0016.md) [C:\Projects\Hazina\src\Core\Agents\Hazina.AgentFactory\Hazina.AgentFactory.csproj::TargetFramework=net9.0]
C:\Projects\Hazina\src\Core\Agents\Hazina.AgentFactory\Configuration\Validation\ConfigurationResult.cs(32,12): warning MA0016: Prefer using collection abstraction instead of implementation (https://github.com/meziantou/Meziantou.Analyzer/blob/main/docs/Rules/MA0016.md) [C:\Projects\Hazina\src\Core\Agents\Hazina.AgentFactory\Hazina.AgentFactory.csproj::TargetFramework=net9.0]
C:\Projects\Hazina\src\Core\Agents\Hazina.AgentFactory\Configuration\Validation\ConfigurationResult.cs(22,12): warning MA0016: Prefer using collection abstraction instead of implementation (https://github.com/meziantou/Meziantou.Analyzer/blob/main/docs/Rules/MA0016.md) [C:\Projects\Hazina\src\Core\Agents\Hazina.AgentFactory\Hazina.AgentFactory.csproj::TargetFramework=net9.0]
C:\Projects\Hazina\src\Core\Agents\Hazina.AgentFactory\Configuration\Validation\ConfigurationResult.cs(17,15): warning SA1623: The property's documentation summary text should begin with: 'Gets or sets' (https://github.com/DotNetAnalyzers/StyleCopAnalyzers/blob/master/documentation/SA1623.md) [C:\Projects\Hazina\src\Core\Agents\Hazina.AgentFactory\Hazina.AgentFactory.csproj::TargetFramework=net9.0]
C:\Projects\Hazina\src\Core\Agents\Hazina.AgentFactory\Configuration\Validation\ConfigurationResult.cs(22,39): warning SA1623: The property's documentation summary text should begin with: 'Gets or sets' (https://github.com/DotNetAnalyzers/StyleCopAnalyzers/blob/master/documentation/SA1623.md) [C:\Projects\Hazina\src\Core\Agents\Hazina.AgentFactory\Hazina.AgentFactory.csproj::TargetFramework=net9.0]
C:\Projects\Hazina\src\Core\Agents\Hazina.AgentFactory\Configuration\Validation\ConfigurationResult.cs(27,39): warning SA1623: The property's documentation summary text should begin with: 'Gets or sets' (https://github.com/DotNetAnalyzers/StyleCopAnalyzers/blob/master/documentation/SA1623.md) [C:\Projects\Hazina\src\Core\Agents\Hazina.AgentFactory\Hazina.AgentFactory.csproj::TargetFramework=net9.0]
C:\Projects\Hazina\src\Core\Agents\Hazina.AgentFactory\Configuration\Validation\ConfigurationResult.cs(32,39): warning SA1623: The property's documentation summary text should begin with: 'Gets or sets' (https://github.com/DotNetAnalyzers/StyleCopAnalyzers/blob/master/documentation/SA1623.md) [C:\Projects\Hazina\src\Core\Agents\Hazina.AgentFactory\Hazina.AgentFactory.csproj::TargetFramework=net9.0]
C:\Projects\Hazina\src\Core\Agents\Hazina.AgentFactory\Configuration\StoreConfig.cs(1,1): warning SA1633: The file header is missing or not located at the top of the file. (https://github.com/DotNetAnalyzers/StyleCopAnalyzers/blob/master/documentation/SA1633.md) [C:\Projects\Hazina\src\Core\Agents\Hazina.AgentFactory\Hazina.AgentFactory.csproj::TargetFramework=net9.0]
C:\Projects\Hazina\src\Core\Agents\Hazina.AgentFactory\Configuration\StoreConfig.cs(77,2): warning SA1518: File is required to end with a single newline character (https://github.com/DotNetAnalyzers/StyleCopAnalyzers/blob/master/documentation/SA1518.md) [C:\Projects\Hazina\src\Core\Agents\Hazina.AgentFactory\Hazina.AgentFactory.csproj::TargetFramework=net9.0]
C:\Projects\Hazina\src\Core\Agents\Hazina.AgentFactory\Configuration\Parsers\HazinaAgentConfigParser.cs(209,27): warning S1144: Remove the unused private method 'EscapeMultiline'. (https://rules.sonarsource.com/csharp/RSPEC-1144) [C:\Projects\Hazina\src\Core\Agents\Hazina.AgentFactory\Hazina.AgentFactory.csproj::TargetFramework=net9.0]
C:\Projects\Hazina\src\Core\Agents\Hazina.AgentFactory\Configuration\Parsers\HazinaAgentConfigParser.cs(213,27): warning S1144: Remove the unused private method 'UnescapeMultiline'. (https://rules.sonarsource.com/csharp/RSPEC-1144) [C:\Projects\Hazina\src\Core\Agents\Hazina.AgentFactory\Hazina.AgentFactory.csproj::TargetFramework=net9.0]
C:\Projects\Hazina\src\Core\Agents\Hazina.AgentFactory\Configuration\Parsers\HazinaAgentConfigParser.cs(216,27): warning S1144: Remove the unused private method 'ToStoreRefString'. (https://rules.sonarsource.com/csharp/RSPEC-1144) [C:\Projects\Hazina\src\Core\Agents\Hazina.AgentFactory\Hazina.AgentFactory.csproj::TargetFramework=net9.0]
C:\Projects\Hazina\src\Core\Agents\Hazina.AgentFactory\Configuration\Parsers\HazinaAgentConfigParser.cs(218,29): warning S1144: Remove the unused private method 'ParseStoreRef'. (https://rules.sonarsource.com/csharp/RSPEC-1144) [C:\Projects\Hazina\src\Core\Agents\Hazina.AgentFactory\Hazina.AgentFactory.csproj::TargetFramework=net9.0]
C:\Projects\Hazina\src\Core\Agents\Hazina.AgentFactory\Core\AgentManager.cs(29,39): warning CA1051: Do not declare visible instance fields (https://learn.microsoft.com/dotnet/fundamentals/code-analysis/quality-rules/ca1051) [C:\Projects\Hazina\src\Core\Agents\Hazina.AgentFactory\Hazina.AgentFactory.csproj::TargetFramework=net9.0]
C:\Projects\Hazina\src\Core\Agents\Hazina.AgentFactory\Core\AgentManager.cs(29,39): warning SA1401: Field should be private (https://github.com/DotNetAnalyzers/StyleCopAnalyzers/blob/master/documentation/SA1401.md) [C:\Projects\Hazina\src\Core\Agents\Hazina.AgentFactory\Hazina.AgentFactory.csproj::TargetFramework=net9.0]
C:\Projects\Hazina\src\Core\Agents\Hazina.AgentFactory\Core\AgentManager.cs(32,36): warning CA1002: Change 'List<HazinaChatMessage>' in 'AgentManager.History' to use 'Collection<T>', 'ReadOnlyCollection<T>' or 'KeyedCollection<K,V>' (https://learn.microsoft.com/dotnet/fundamentals/code-analysis/quality-rules/ca1002) [C:\Projects\Hazina\src\Core\Agents\Hazina.AgentFactory\Hazina.AgentFactory.csproj::TargetFramework=net9.0]
C:\Projects\Hazina\src\Core\Agents\Hazina.AgentFactory\Core\AgentManager.cs(32,12): warning MA0016: Prefer using collection abstraction instead of implementation (https://github.com/meziantou/Meziantou.Analyzer/blob/main/docs/Rules/MA0016.md) [C:\Projects\Hazina\src\Core\Agents\Hazina.AgentFactory\Hazina.AgentFactory.csproj::TargetFramework=net9.0]
C:\Projects\Hazina\src\Core\Agents\Hazina.AgentFactory\Core\AgentManager.cs(22,20): warning S2933: Make '_storesJson' 'readonly'. (https://rules.sonarsource.com/csharp/RSPEC-2933) [C:\Projects\Hazina\src\Core\Agents\Hazina.AgentFactory\Hazina.AgentFactory.csproj::TargetFramework=net9.0]
C:\Projects\Hazina\src\Core\Agents\Hazina.AgentFactory\Core\AgentManager.cs(23,20): warning S2933: Make '_agentsJson' 'readonly'. (https://rules.sonarsource.com/csharp/RSPEC-2933) [C:\Projects\Hazina\src\Core\Agents\Hazina.AgentFactory\Hazina.AgentFactory.csproj::TargetFramework=net9.0]
C:\Projects\Hazina\src\Core\Agents\Hazina.AgentFactory\Core\AgentManager.cs(24,20): warning S2933: Make '_flowsJson' 'readonly'. (https://rules.sonarsource.com/csharp/RSPEC-2933) [C:\Projects\Hazina\src\Core\Agents\Hazina.AgentFactory\Hazina.AgentFactory.csproj::TargetFramework=net9.0]
C:\Projects\Hazina\src\Core\Agents\Hazina.AgentFactory\Core\AgentManager.cs(25,18): warning S2933: Make '_isContent' 'readonly'. (https://rules.sonarsource.com/csharp/RSPEC-2933) [C:\Projects\Hazina\src\Core\Agents\Hazina.AgentFactory\Hazina.AgentFactory.csproj::TargetFramework=net9.0]
C:\Projects\Hazina\src\Core\Agents\Hazina.AgentFactory\Configuration\Parsers\HazinaAgentConfigParser.cs(153,21): warning S3903: Move 'HazinaFlowConfigParser' into a named namespace. (https://rules.sonarsource.com/csharp/RSPEC-3903) [C:\Projects\Hazina\src\Core\Agents\Hazina.AgentFactory\Hazina.AgentFactory.csproj::TargetFramework=net9.0]
C:\Projects\Hazina\src\Core\Agents\Hazina.AgentFactory\Configuration\Parsers\HazinaAgentConfigParser.cs(213,1): warning SA1516: Elements should be separated by blank line (https://github.com/DotNetAnalyzers/StyleCopAnalyzers/blob/master/documentation/SA1516.md) [C:\Projects\Hazina\src\Core\Agents\Hazina.AgentFactory\Hazina.AgentFactory.csproj::TargetFramework=net9.0]
C:\Projects\Hazina\src\Core\Agents\Hazina.AgentFactory\Configuration\Parsers\HazinaAgentConfigParser.cs(217,1): warning SA1516: Elements should be separated by blank line (https://github.com/DotNetAnalyzers/StyleCopAnalyzers/blob/master/documentation/SA1516.md) [C:\Projects\Hazina\src\Core\Agents\Hazina.AgentFactory\Hazina.AgentFactory.csproj::TargetFramework=net9.0]
C:\Projects\Hazina\src\Core\Agents\Hazina.AgentFactory\Configuration\Parsers\HazinaAgentConfigParser.cs(241,1): warning SA1516: Elements should be separated by blank line (https://github.com/DotNetAnalyzers/StyleCopAnalyzers/blob/master/documentation/SA1516.md) [C:\Projects\Hazina\src\Core\Agents\Hazina.AgentFactory\Hazina.AgentFactory.csproj::TargetFramework=net9.0]
C:\Projects\Hazina\src\Core\Agents\Hazina.AgentFactory\Configuration\Parsers\HazinaAgentConfigParser.cs(254,1): warning SA1516: Elements should be separated by blank line (https://github.com/DotNetAnalyzers/StyleCopAnalyzers/blob/master/documentation/SA1516.md) [C:\Projects\Hazina\src\Core\Agents\Hazina.AgentFactory\Hazina.AgentFactory.csproj::TargetFramework=net9.0]
C:\Projects\Hazina\src\Core\Agents\Hazina.AgentFactory\Core\AgentManager.cs(41,39): warning SA1623: The property's documentation summary text should begin with: 'Gets' (https://github.com/DotNetAnalyzers/StyleCopAnalyzers/blob/master/documentation/SA1623.md) [C:\Projects\Hazina\src\Core\Agents\Hazina.AgentFactory\Hazina.AgentFactory.csproj::TargetFramework=net9.0]
C:\Projects\Hazina\src\Core\Agents\Hazina.AgentFactory\Core\AgentManager.cs(37,42): warning SA1623: The property's documentation summary text should begin with: 'Gets' (https://github.com/DotNetAnalyzers/StyleCopAnalyzers/blob/master/documentation/SA1623.md) [C:\Projects\Hazina\src\Core\Agents\Hazina.AgentFactory\Hazina.AgentFactory.csproj::TargetFramework=net9.0]
C:\Projects\Hazina\src\Core\Agents\Hazina.AgentFactory\Core\AgentManager.cs(39,73): warning SA1629: Documentation text should end with a period (https://github.com/DotNetAnalyzers/StyleCopAnalyzers/blob/master/documentation/SA1629.md) [C:\Projects\Hazina\src\Core\Agents\Hazina.AgentFactory\Hazina.AgentFactory.csproj::TargetFramework=net9.0]
C:\Projects\Hazina\src\Core\Agents\Hazina.AgentFactory\Core\AgentManager.cs(38,5): warning SA1514: Element documentation header should be preceded by blank line (https://github.com/DotNetAnalyzers/StyleCopAnalyzers/blob/master/documentation/SA1514.md) [C:\Projects\Hazina\src\Core\Agents\Hazina.AgentFactory\Hazina.AgentFactory.csproj::TargetFramework=net9.0]
C:\Projects\Hazina\src\Core\Agents\Hazina.AgentFactory\Core\AgentManager.cs(35,73): warning SA1629: Documentation text should end with a period (https://github.com/DotNetAnalyzers/StyleCopAnalyzers/blob/master/documentation/SA1629.md) [C:\Projects\Hazina\src\Core\Agents\Hazina.AgentFactory\Hazina.AgentFactory.csproj::TargetFramework=net9.0]
C:\Projects\Hazina\src\Core\Agents\Hazina.AgentFactory\Core\AgentFactory.cs(34,29): warning CA1051: Do not declare visible instance fields (https://learn.microsoft.com/dotnet/fundamentals/code-analysis/quality-rules/ca1051) [C:\Projects\Hazina\src\Core\Agents\Hazina.AgentFactory\Hazina.AgentFactory.csproj::TargetFramework=net9.0]
C:\Projects\Hazina\src\Core\Agents\Hazina.AgentFactory\Core\AgentFactory.cs(34,29): warning CA1002: Change 'List<FlowConfig>' in 'AgentFactory.flowsConfig' to use 'Collection<T>', 'ReadOnlyCollection<T>' or 'KeyedCollection<K,V>' (https://learn.microsoft.com/dotnet/fundamentals/code-analysis/quality-rules/ca1002) [C:\Projects\Hazina\src\Core\Agents\Hazina.AgentFactory\Hazina.AgentFactory.csproj::TargetFramework=net9.0]
C:\Projects\Hazina\src\Core\Agents\Hazina.AgentFactory\Core\AgentFactory.cs(37,19): warning CA1051: Do not declare visible instance fields (https://learn.microsoft.com/dotnet/fundamentals/code-analysis/quality-rules/ca1051) [C:\Projects\Hazina\src\Core\Agents\Hazina.AgentFactory\Hazina.AgentFactory.csproj::TargetFramework=net9.0]
C:\Projects\Hazina\src\Core\Agents\Hazina.AgentFactory\Core\AgentFactory.cs(33,30): warning CA1051: Do not declare visible instance fields (https://learn.microsoft.com/dotnet/fundamentals/code-analysis/quality-rules/ca1051) [C:\Projects\Hazina\src\Core\Agents\Hazina.AgentFactory\Hazina.AgentFactory.csproj::TargetFramework=net9.0]
C:\Projects\Hazina\src\Core\Agents\Hazina.AgentFactory\Core\AgentFactory.cs(33,30): warning CA1002: Change 'List<AgentConfig>' in 'AgentFactory.agentsConfig' to use 'Collection<T>', 'ReadOnlyCollection<T>' or 'KeyedCollection<K,V>' (https://learn.microsoft.com/dotnet/fundamentals/code-analysis/quality-rules/ca1002) [C:\Projects\Hazina\src\Core\Agents\Hazina.AgentFactory\Hazina.AgentFactory.csproj::TargetFramework=net9.0]
C:\Projects\Hazina\src\Core\Agents\Hazina.AgentFactory\Core\AgentFactory.cs(33,12): warning MA0016: Prefer using collection abstraction instead of implementation (https://github.com/meziantou/Meziantou.Analyzer/blob/main/docs/Rules/MA0016.md) [C:\Projects\Hazina\src\Core\Agents\Hazina.AgentFactory\Hazina.AgentFactory.csproj::TargetFramework=net9.0]
C:\Projects\Hazina\src\Core\Agents\Hazina.AgentFactory\Core\AgentFactory.cs(33,30): warning SA1401: Field should be private (https://github.com/DotNetAnalyzers/StyleCopAnalyzers/blob/master/documentation/SA1401.md) [C:\Projects\Hazina\src\Core\Agents\Hazina.AgentFactory\Hazina.AgentFactory.csproj::TargetFramework=net9.0]
C:\Projects\Hazina\src\Core\Agents\Hazina.AgentFactory\Core\AgentFactory.cs(32,30): warning CA1051: Do not declare visible instance fields (https://learn.microsoft.com/dotnet/fundamentals/code-analysis/quality-rules/ca1051) [C:\Projects\Hazina\src\Core\Agents\Hazina.AgentFactory\Hazina.AgentFactory.csproj::TargetFramework=net9.0]
C:\Projects\Hazina\src\Core\Agents\Hazina.AgentFactory\Core\AgentFactory.cs(32,30): warning CA1002: Change 'List<StoreConfig>' in 'AgentFactory.storesConfig' to use 'Collection<T>', 'ReadOnlyCollection<T>' or 'KeyedCollection<K,V>' (https://learn.microsoft.com/dotnet/fundamentals/code-analysis/quality-rules/ca1002) [C:\Projects\Hazina\src\Core\Agents\Hazina.AgentFactory\Hazina.AgentFactory.csproj::TargetFramework=net9.0]
C:\Projects\Hazina\src\Core\Agents\Hazina.AgentFactory\Core\AgentFactory.cs(32,12): warning MA0016: Prefer using collection abstraction instead of implementation (https://github.com/meziantou/Meziantou.Analyzer/blob/main/docs/Rules/MA0016.md) [C:\Projects\Hazina\src\Core\Agents\Hazina.AgentFactory\Hazina.AgentFactory.csproj::TargetFramework=net9.0]
C:\Projects\Hazina\src\Core\Agents\Hazina.AgentFactory\Core\AgentFactory.cs(32,30): warning SA1401: Field should be private (https://github.com/DotNetAnalyzers/StyleCopAnalyzers/blob/master/documentation/SA1401.md) [C:\Projects\Hazina\src\Core\Agents\Hazina.AgentFactory\Hazina.AgentFactory.csproj::TargetFramework=net9.0]
C:\Projects\Hazina\src\Core\Agents\Hazina.AgentFactory\Core\AgentFactory.cs(40,17): warning CA1051: Do not declare visible instance fields (https://learn.microsoft.com/dotnet/fundamentals/code-analysis/quality-rules/ca1051) [C:\Projects\Hazina\src\Core\Agents\Hazina.AgentFactory\Hazina.AgentFactory.csproj::TargetFramework=net9.0]
C:\Projects\Hazina\src\Core\Agents\Hazina.AgentFactory\Core\AgentFactory.cs(40,17): warning SA1401: Field should be private (https://github.com/DotNetAnalyzers/StyleCopAnalyzers/blob/master/documentation/SA1401.md) [C:\Projects\Hazina\src\Core\Agents\Hazina.AgentFactory\Hazina.AgentFactory.csproj::TargetFramework=net9.0]
C:\Projects\Hazina\src\Core\Agents\Hazina.AgentFactory\Core\AgentFactory.cs(40,17): warning S1104: Make this field 'private' and encapsulate it in a 'public' property. (https://rules.sonarsource.com/csharp/RSPEC-1104) [C:\Projects\Hazina\src\Core\Agents\Hazina.AgentFactory\Hazina.AgentFactory.csproj::TargetFramework=net9.0]
C:\Projects\Hazina\src\Core\Agents\Hazina.AgentFactory\Core\AgentFactory.cs(36,19): warning CA1051: Do not declare visible instance fields (https://learn.microsoft.com/dotnet/fundamentals/code-analysis/quality-rules/ca1051) [C:\Projects\Hazina\src\Core\Agents\Hazina.AgentFactory\Hazina.AgentFactory.csproj::TargetFramework=net9.0]
C:\Projects\Hazina\src\Core\Agents\Hazina.AgentFactory\Core\AgentFactory.cs(41,36): warning CA1051: Do not declare visible instance fields (https://learn.microsoft.com/dotnet/fundamentals/code-analysis/quality-rules/ca1051) [C:\Projects\Hazina\src\Core\Agents\Hazina.AgentFactory\Hazina.AgentFactory.csproj::TargetFramework=net9.0]
C:\Projects\Hazina\src\Core\Agents\Hazina.AgentFactory\Core\AgentFactory.cs(41,36): warning CA1002: Change 'List<HazinaChatMessage>' in 'AgentFactory.Messages' to use 'Collection<T>', 'ReadOnlyCollection<T>' or 'KeyedCollection<K,V>' (https://learn.microsoft.com/dotnet/fundamentals/code-analysis/quality-rules/ca1002) [C:\Projects\Hazina\src\Core\Agents\Hazina.AgentFactory\Hazina.AgentFactory.csproj::TargetFramework=net9.0]
C:\Projects\Hazina\src\Core\Agents\Hazina.AgentFactory\Core\AgentFactory.cs(41,12): warning MA0016: Prefer using collection abstraction instead of implementation (https://github.com/meziantou/Meziantou.Analyzer/blob/main/docs/Rules/MA0016.md) [C:\Projects\Hazina\src\Core\Agents\Hazina.AgentFactory\Hazina.AgentFactory.csproj::TargetFramework=net9.0]
C:\Projects\Hazina\src\Core\Agents\Hazina.AgentFactory\Core\AgentFactory.cs(41,36): warning SA1401: Field should be private (https://github.com/DotNetAnalyzers/StyleCopAnalyzers/blob/master/documentation/SA1401.md) [C:\Projects\Hazina\src\Core\Agents\Hazina.AgentFactory\Hazina.AgentFactory.csproj::TargetFramework=net9.0]
C:\Projects\Hazina\src\Core\Agents\Hazina.AgentFactory\Core\AgentFactory.cs(36,19): warning SA1401: Field should be private (https://github.com/DotNetAnalyzers/StyleCopAnalyzers/blob/master/documentation/SA1401.md) [C:\Projects\Hazina\src\Core\Agents\Hazina.AgentFactory\Hazina.AgentFactory.csproj::TargetFramework=net9.0]
C:\Projects\Hazina\src\Core\Agents\Hazina.AgentFactory\Core\AgentFactory.cs(36,19): warning S1104: Make this field 'private' and encapsulate it in a 'public' property. (https://rules.sonarsource.com/csharp/RSPEC-1104) [C:\Projects\Hazina\src\Core\Agents\Hazina.AgentFactory\Hazina.AgentFactory.csproj::TargetFramework=net9.0]
C:\Projects\Hazina\src\Core\Agents\Hazina.AgentFactory\Core\AgentFactory.cs(32,30): warning S1104: Make this field 'private' and encapsulate it in a 'public' property. (https://rules.sonarsource.com/csharp/RSPEC-1104) [C:\Projects\Hazina\src\Core\Agents\Hazina.AgentFactory\Hazina.AgentFactory.csproj::TargetFramework=net9.0]
C:\Projects\Hazina\src\Core\Agents\Hazina.AgentFactory\Core\AgentFactory.cs(32,30): warning SA1307: Field 'storesConfig' should begin with upper-case letter (https://github.com/DotNetAnalyzers/StyleCopAnalyzers/blob/master/documentation/SA1307.md) [C:\Projects\Hazina\src\Core\Agents\Hazina.AgentFactory\Hazina.AgentFactory.csproj::TargetFramework=net9.0]
C:\Projects\Hazina\src\Core\Agents\Hazina.AgentFactory\Core\AgentFactory.cs(29,5): warning SA1124: Do not use regions (https://github.com/DotNetAnalyzers/StyleCopAnalyzers/blob/master/documentation/SA1124.md) [C:\Projects\Hazina\src\Core\Agents\Hazina.AgentFactory\Hazina.AgentFactory.csproj::TargetFramework=net9.0]
C:\Projects\Hazina\src\Core\Agents\Hazina.AgentFactory\Core\AgentFactory.cs(34,12): warning MA0016: Prefer using collection abstraction instead of implementation (https://github.com/meziantou/Meziantou.Analyzer/blob/main/docs/Rules/MA0016.md) [C:\Projects\Hazina\src\Core\Agents\Hazina.AgentFactory\Hazina.AgentFactory.csproj::TargetFramework=net9.0]
C:\Projects\Hazina\src\Core\Agents\Hazina.AgentFactory\Core\AgentFactory.cs(34,29): warning SA1401: Field should be private (https://github.com/DotNetAnalyzers/StyleCopAnalyzers/blob/master/documentation/SA1401.md) [C:\Projects\Hazina\src\Core\Agents\Hazina.AgentFactory\Hazina.AgentFactory.csproj::TargetFramework=net9.0]
C:\Projects\Hazina\src\Core\Agents\Hazina.AgentFactory\Core\AgentFactory.cs(37,19): warning SA1401: Field should be private (https://github.com/DotNetAnalyzers/StyleCopAnalyzers/blob/master/documentation/SA1401.md) [C:\Projects\Hazina\src\Core\Agents\Hazina.AgentFactory\Hazina.AgentFactory.csproj::TargetFramework=net9.0]
C:\Projects\Hazina\src\Core\Agents\Hazina.AgentFactory\Core\AgentFactory.cs(37,19): warning S1104: Make this field 'private' and encapsulate it in a 'public' property. (https://rules.sonarsource.com/csharp/RSPEC-1104) [C:\Projects\Hazina\src\Core\Agents\Hazina.AgentFactory\Hazina.AgentFactory.csproj::TargetFramework=net9.0]
C:\Projects\Hazina\src\Core\Agents\Hazina.AgentFactory\Core\AgentFactory.cs(33,30): warning S1104: Make this field 'private' and encapsulate it in a 'public' property. (https://rules.sonarsource.com/csharp/RSPEC-1104) [C:\Projects\Hazina\src\Core\Agents\Hazina.AgentFactory\Hazina.AgentFactory.csproj::TargetFramework=net9.0]
C:\Projects\Hazina\src\Core\Agents\Hazina.AgentFactory\Core\AgentFactory.cs(38,19): warning CA1051: Do not declare visible instance fields (https://learn.microsoft.com/dotnet/fundamentals/code-analysis/quality-rules/ca1051) [C:\Projects\Hazina\src\Core\Agents\Hazina.AgentFactory\Hazina.AgentFactory.csproj::TargetFramework=net9.0]
C:\Projects\Hazina\src\Core\Agents\Hazina.AgentFactory\Core\AgentFactory.cs(43,44): warning CA1051: Do not declare visible instance fields (https://learn.microsoft.com/dotnet/fundamentals/code-analysis/quality-rules/ca1051) [C:\Projects\Hazina\src\Core\Agents\Hazina.AgentFactory\Hazina.AgentFactory.csproj::TargetFramework=net9.0]
C:\Projects\Hazina\src\Core\Agents\Hazina.AgentFactory\Core\AgentFactory.cs(38,19): warning SA1401: Field should be private (https://github.com/DotNetAnalyzers/StyleCopAnalyzers/blob/master/documentation/SA1401.md) [C:\Projects\Hazina\src\Core\Agents\Hazina.AgentFactory\Hazina.AgentFactory.csproj::TargetFramework=net9.0]
C:\Projects\Hazina\src\Core\Agents\Hazina.AgentFactory\Core\AgentFactory.cs(43,12): warning MA0016: Prefer using collection abstraction instead of implementation (https://github.com/meziantou/Meziantou.Analyzer/blob/main/docs/Rules/MA0016.md) [C:\Projects\Hazina\src\Core\Agents\Hazina.AgentFactory\Hazina.AgentFactory.csproj::TargetFramework=net9.0]
C:\Projects\Hazina\src\Core\Agents\Hazina.AgentFactory\Core\AgentFactory.cs(43,44): warning SA1401: Field should be private (https://github.com/DotNetAnalyzers/StyleCopAnalyzers/blob/master/documentation/SA1401.md) [C:\Projects\Hazina\src\Core\Agents\Hazina.AgentFactory\Hazina.AgentFactory.csproj::TargetFramework=net9.0]
C:\Projects\Hazina\src\Core\Agents\Hazina.AgentFactory\Core\AgentFactory.cs(33,30): warning SA1307: Field 'agentsConfig' should begin with upper-case letter (https://github.com/DotNetAnalyzers/StyleCopAnalyzers/blob/master/documentation/SA1307.md) [C:\Projects\Hazina\src\Core\Agents\Hazina.AgentFactory\Hazina.AgentFactory.csproj::TargetFramework=net9.0]
C:\Projects\Hazina\src\Core\Agents\Hazina.AgentFactory\Core\AgentFactory.cs(34,29): warning S1104: Make this field 'private' and encapsulate it in a 'public' property. (https://rules.sonarsource.com/csharp/RSPEC-1104) [C:\Projects\Hazina\src\Core\Agents\Hazina.AgentFactory\Hazina.AgentFactory.csproj::TargetFramework=net9.0]
C:\Projects\Hazina\src\Core\Agents\Hazina.AgentFactory\Core\AgentFactory.cs(38,19): warning S1104: Make this field 'private' and encapsulate it in a 'public' property. (https://rules.sonarsource.com/csharp/RSPEC-1104) [C:\Projects\Hazina\src\Core\Agents\Hazina.AgentFactory\Hazina.AgentFactory.csproj::TargetFramework=net9.0]
C:\Projects\Hazina\src\Core\Agents\Hazina.AgentFactory\Core\AgentFactory.cs(34,29): warning SA1307: Field 'flowsConfig' should begin with upper-case letter (https://github.com/DotNetAnalyzers/StyleCopAnalyzers/blob/master/documentation/SA1307.md) [C:\Projects\Hazina\src\Core\Agents\Hazina.AgentFactory\Hazina.AgentFactory.csproj::TargetFramework=net9.0]
C:\Projects\Hazina\src\Core\Agents\Hazina.AgentFactory\Core\AgentFactory.cs(43,44): warning S1104: Make this field 'private' and encapsulate it in a 'public' property. (https://rules.sonarsource.com/csharp/RSPEC-1104) [C:\Projects\Hazina\src\Core\Agents\Hazina.AgentFactory\Hazina.AgentFactory.csproj::TargetFramework=net9.0]
C:\Projects\Hazina\src\Core\Agents\Hazina.AgentFactory\Core\AgentFactory.cs(44,43): warning CA1051: Do not declare visible instance fields (https://learn.microsoft.com/dotnet/fundamentals/code-analysis/quality-rules/ca1051) [C:\Projects\Hazina\src\Core\Agents\Hazina.AgentFactory\Hazina.AgentFactory.csproj::TargetFramework=net9.0]
C:\Projects\Hazina\src\Core\Agents\Hazina.AgentFactory\Core\AgentFactory.cs(44,12): warning MA0016: Prefer using collection abstraction instead of implementation (https://github.com/meziantou/Meziantou.Analyzer/blob/main/docs/Rules/MA0016.md) [C:\Projects\Hazina\src\Core\Agents\Hazina.AgentFactory\Hazina.AgentFactory.csproj::TargetFramework=net9.0]
C:\Projects\Hazina\src\Core\Agents\Hazina.AgentFactory\Core\AgentFactory.cs(44,43): warning SA1401: Field should be private (https://github.com/DotNetAnalyzers/StyleCopAnalyzers/blob/master/documentation/SA1401.md) [C:\Projects\Hazina\src\Core\Agents\Hazina.AgentFactory\Hazina.AgentFactory.csproj::TargetFramework=net9.0]
C:\Projects\Hazina\src\Core\Agents\Hazina.AgentFactory\Core\AgentFactory.cs(43,53): warning MA0002: Use an overload that has a IEqualityComparer<string> or IComparer<string> parameter (https://github.com/meziantou/Meziantou.Analyzer/blob/main/docs/Rules/MA0002.md) [C:\Projects\Hazina\src\Core\Agents\Hazina.AgentFactory\Hazina.AgentFactory.csproj::TargetFramework=net9.0]
C:\Projects\Hazina\src\Core\Agents\Hazina.AgentFactory\Core\AgentFactory.cs(40,27): warning CA1805: Member 'WriteMode' is explicitly initialized to its default value (https://learn.microsoft.com/dotnet/fundamentals/code-analysis/quality-rules/ca1805) [C:\Projects\Hazina\src\Core\Agents\Hazina.AgentFactory\Hazina.AgentFactory.csproj::TargetFramework=net9.0]
C:\Projects\Hazina\src\Core\Agents\Hazina.AgentFactory\Core\AgentFactory.cs(44,43): warning S1104: Make this field 'private' and encapsulate it in a 'public' property. (https://rules.sonarsource.com/csharp/RSPEC-1104) [C:\Projects\Hazina\src\Core\Agents\Hazina.AgentFactory\Hazina.AgentFactory.csproj::TargetFramework=net9.0]
C:\Projects\Hazina\src\Core\Agents\Hazina.AgentFactory\Configuration\Validation\AgentConfigValidator.cs(1,1): warning SA1633: The file header is missing or not located at the top of the file. (https://github.com/DotNetAnalyzers/StyleCopAnalyzers/blob/master/documentation/SA1633.md) [C:\Projects\Hazina\src\Core\Agents\Hazina.AgentFactory\Hazina.AgentFactory.csproj::TargetFramework=net9.0]
C:\Projects\Hazina\src\Core\Agents\Hazina.AgentFactory\Core\AgentFactory.cs(41,36): warning S1104: Make this field 'private' and encapsulate it in a 'public' property. (https://rules.sonarsource.com/csharp/RSPEC-1104) [C:\Projects\Hazina\src\Core\Agents\Hazina.AgentFactory\Hazina.AgentFactory.csproj::TargetFramework=net9.0]
C:\Projects\Hazina\src\Core\Agents\Hazina.AgentFactory\Core\AgentFactory.cs(48,5): warning SA1124: Do not use regions (https://github.com/DotNetAnalyzers/StyleCopAnalyzers/blob/master/documentation/SA1124.md) [C:\Projects\Hazina\src\Core\Agents\Hazina.AgentFactory\Hazina.AgentFactory.csproj::TargetFramework=net9.0]
C:\Projects\Hazina\src\Core\Agents\Hazina.AgentFactory\Core\AgentFactory.cs(44,51): warning MA0002: Use an overload that has a IEqualityComparer<string> or IComparer<string> parameter (https://github.com/meziantou/Meziantou.Analyzer/blob/main/docs/Rules/MA0002.md) [C:\Projects\Hazina\src\Core\Agents\Hazina.AgentFactory\Hazina.AgentFactory.csproj::TargetFramework=net9.0]
C:\Projects\Hazina\src\Core\Agents\Hazina.AgentFactory\Core\AgentManager.cs(110,1): warning SA1516: Elements should be separated by blank line (https://github.com/DotNetAnalyzers/StyleCopAnalyzers/blob/master/documentation/SA1516.md) [C:\Projects\Hazina\src\Core\Agents\Hazina.AgentFactory\Hazina.AgentFactory.csproj::TargetFramework=net9.0]
C:\Projects\Hazina\src\Core\Agents\Hazina.AgentFactory\Core\AgentManager.cs(26,29): warning SA1214: Readonly fields should appear before non-readonly fields (https://github.com/DotNetAnalyzers/StyleCopAnalyzers/blob/master/documentation/SA1214.md) [C:\Projects\Hazina\src\Core\Agents\Hazina.AgentFactory\Hazina.AgentFactory.csproj::TargetFramework=net9.0]
C:\Projects\Hazina\src\Core\Agents\Hazina.AgentFactory\Core\AgentFactoryExtensions.cs(6,66): warning SA1629: Documentation text should end with a period (https://github.com/DotNetAnalyzers/StyleCopAnalyzers/blob/master/documentation/SA1629.md) [C:\Projects\Hazina\src\Core\Agents\Hazina.AgentFactory\Hazina.AgentFactory.csproj::TargetFramework=net9.0]
C:\Projects\Hazina\src\Core\Agents\Hazina.AgentFactory\Core\AgentFactory.cs(57,5): warning SA1124: Do not use regions (https://github.com/DotNetAnalyzers/StyleCopAnalyzers/blob/master/documentation/SA1124.md) [C:\Projects\Hazina\src\Core\Agents\Hazina.AgentFactory\Hazina.AgentFactory.csproj::TargetFramework=net9.0]
C:\Projects\Hazina\src\Core\Agents\Hazina.AgentFactory\Services\BigQuery\IBigQueryService.cs(11,1): warning SA1516: Elements should be separated by blank line (https://github.com/DotNetAnalyzers/StyleCopAnalyzers/blob/master/documentation/SA1516.md) [C:\Projects\Hazina\src\Core\Agents\Hazina.AgentFactory\Hazina.AgentFactory.csproj::TargetFramework=net9.0]
C:\Projects\Hazina\src\Core\Agents\Hazina.AgentFactory\Services\BigQuery\IBigQueryService.cs(12,1): warning SA1516: Elements should be separated by blank line (https://github.com/DotNetAnalyzers/StyleCopAnalyzers/blob/master/documentation/SA1516.md) [C:\Projects\Hazina\src\Core\Agents\Hazina.AgentFactory\Hazina.AgentFactory.csproj::TargetFramework=net9.0]
C:\Projects\Hazina\src\Core\Agents\Hazina.AgentFactory\Services\BigQuery\IBigQueryService.cs(13,1): warning SA1516: Elements should be separated by blank line (https://github.com/DotNetAnalyzers/StyleCopAnalyzers/blob/master/documentation/SA1516.md) [C:\Projects\Hazina\src\Core\Agents\Hazina.AgentFactory\Hazina.AgentFactory.csproj::TargetFramework=net9.0]
C:\Projects\Hazina\src\Core\Agents\Hazina.AgentFactory\Services\BigQuery\IBigQueryService.cs(14,1): warning SA1516: Elements should be separated by blank line (https://github.com/DotNetAnalyzers/StyleCopAnalyzers/blob/master/documentation/SA1516.md) [C:\Projects\Hazina\src\Core\Agents\Hazina.AgentFactory\Hazina.AgentFactory.csproj::TargetFramework=net9.0]
C:\Projects\Hazina\src\Core\Agents\Hazina.AgentFactory\Core\HazinaAgent.cs(8,1): warning SA1516: Elements should be separated by blank line (https://github.com/DotNetAnalyzers/StyleCopAnalyzers/blob/master/documentation/SA1516.md) [C:\Projects\Hazina\src\Core\Agents\Hazina.AgentFactory\Hazina.AgentFactory.csproj::TargetFramework=net9.0]
C:\Projects\Hazina\src\Core\Agents\Hazina.AgentFactory\Core\HazinaAgent.cs(9,1): warning SA1516: Elements should be separated by blank line (https://github.com/DotNetAnalyzers/StyleCopAnalyzers/blob/master/documentation/SA1516.md) [C:\Projects\Hazina\src\Core\Agents\Hazina.AgentFactory\Hazina.AgentFactory.csproj::TargetFramework=net9.0]
C:\Projects\Hazina\src\Core\Agents\Hazina.AgentFactory\Core\HazinaAgent.cs(10,1): warning SA1516: Elements should be separated by blank line (https://github.com/DotNetAnalyzers/StyleCopAnalyzers/blob/master/documentation/SA1516.md) [C:\Projects\Hazina\src\Core\Agents\Hazina.AgentFactory\Hazina.AgentFactory.csproj::TargetFramework=net9.0]
C:\Projects\Hazina\src\Core\Agents\Hazina.AgentFactory\Core\HazinaAgent.cs(10,39): warning CA1805: Member 'IsCoder' is explicitly initialized to its default value (https://learn.microsoft.com/dotnet/fundamentals/code-analysis/quality-rules/ca1805) [C:\Projects\Hazina\src\Core\Agents\Hazina.AgentFactory\Hazina.AgentFactory.csproj::TargetFramework=net9.0]
C:\Projects\Hazina\src\Core\Agents\Hazina.AgentFactory\Core\AgentFactory.cs(265,5): warning SA1124: Do not use regions (https://github.com/DotNetAnalyzers/StyleCopAnalyzers/blob/master/documentation/SA1124.md) [C:\Projects\Hazina\src\Core\Agents\Hazina.AgentFactory\Hazina.AgentFactory.csproj::TargetFramework=net9.0]
C:\Projects\Hazina\src\Core\Agents\Hazina.AgentFactory\Models\FlowCardModels.cs(11,14): warning CA1050: Declare types in namespaces (https://learn.microsoft.com/dotnet/fundamentals/code-analysis/quality-rules/ca1050) [C:\Projects\Hazina\src\Core\Agents\Hazina.AgentFactory\Hazina.AgentFactory.csproj::TargetFramework=net9.0]
C:\Projects\Hazina\src\Core\Agents\Hazina.AgentFactory\Models\FlowCardModels.cs(11,14): warning MA0047: Declare type 'FlowCardModel' in a namespace (https://github.com/meziantou/Meziantou.Analyzer/blob/main/docs/Rules/MA0047.md) [C:\Projects\Hazina\src\Core\Agents\Hazina.AgentFactory\Hazina.AgentFactory.csproj::TargetFramework=net9.0]
C:\Projects\Hazina\src\Core\Agents\Hazina.AgentFactory\Models\FlowCardModels.cs(11,14): warning MA0048: File name must match type name (https://github.com/meziantou/Meziantou.Analyzer/blob/main/docs/Rules/MA0048.md) [C:\Projects\Hazina\src\Core\Agents\Hazina.AgentFactory\Hazina.AgentFactory.csproj::TargetFramework=net9.0]
C:\Projects\Hazina\src\Core\Agents\Hazina.AgentFactory\Models\FlowCardModels.cs(30,41): warning CA2227: Change 'CallsAgents' to be read-only by removing the property setter (https://learn.microsoft.com/dotnet/fundamentals/code-analysis/quality-rules/ca2227) [C:\Projects\Hazina\src\Core\Agents\Hazina.AgentFactory\Hazina.AgentFactory.csproj::TargetFramework=net9.0]
C:\Projects\Hazina\src\Core\Agents\Hazina.AgentFactory\Configuration\Validation\ValidationDiagnostic.cs(21,19): warning SA1623: The property's documentation summary text should begin with: 'Gets or sets' (https://github.com/DotNetAnalyzers/StyleCopAnalyzers/blob/master/documentation/SA1623.md) [C:\Projects\Hazina\src\Core\Agents\Hazina.AgentFactory\Hazina.AgentFactory.csproj::TargetFramework=net9.0]
C:\Projects\Hazina\src\Core\Agents\Hazina.AgentFactory\Configuration\Validation\ValidationDiagnostic.cs(26,20): warning SA1623: The property's documentation summary text should begin with: 'Gets or sets' (https://github.com/DotNetAnalyzers/StyleCopAnalyzers/blob/master/documentation/SA1623.md) [C:\Projects\Hazina\src\Core\Agents\Hazina.AgentFactory\Hazina.AgentFactory.csproj::TargetFramework=net9.0]
C:\Projects\Hazina\src\Core\Agents\Hazina.AgentFactory\Configuration\Validation\ValidationDiagnostic.cs(31,17): warning SA1623: The property's documentation summary text should begin with: 'Gets or sets' (https://github.com/DotNetAnalyzers/StyleCopAnalyzers/blob/master/documentation/SA1623.md) [C:\Projects\Hazina\src\Core\Agents\Hazina.AgentFactory\Hazina.AgentFactory.csproj::TargetFramework=net9.0]
C:\Projects\Hazina\src\Core\Agents\Hazina.AgentFactory\Configuration\Validation\ValidationDiagnostic.cs(36,17): warning SA1623: The property's documentation summary text should begin with: 'Gets or sets' (https://github.com/DotNetAnalyzers/StyleCopAnalyzers/blob/master/documentation/SA1623.md) [C:\Projects\Hazina\src\Core\Agents\Hazina.AgentFactory\Hazina.AgentFactory.csproj::TargetFramework=net9.0]
C:\Projects\Hazina\src\Core\Agents\Hazina.AgentFactory\Configuration\Validation\ValidationDiagnostic.cs(11,31): warning SA1623: The property's documentation summary text should begin with: 'Gets or sets' (https://github.com/DotNetAnalyzers/StyleCopAnalyzers/blob/master/documentation/SA1623.md) [C:\Projects\Hazina\src\Core\Agents\Hazina.AgentFactory\Hazina.AgentFactory.csproj::TargetFramework=net9.0]
C:\Projects\Hazina\src\Core\Agents\Hazina.AgentFactory\Configuration\Validation\ValidationDiagnostic.cs(16,19): warning SA1623: The property's documentation summary text should begin with: 'Gets or sets' (https://github.com/DotNetAnalyzers/StyleCopAnalyzers/blob/master/documentation/SA1623.md) [C:\Projects\Hazina\src\Core\Agents\Hazina.AgentFactory\Hazina.AgentFactory.csproj::TargetFramework=net9.0]
C:\Projects\Hazina\src\Core\Agents\Hazina.AgentFactory\Core\HazinaFlow.cs(6,25): warning CA2227: Change 'CallsAgents' to be read-only by removing the property setter (https://learn.microsoft.com/dotnet/fundamentals/code-analysis/quality-rules/ca2227) [C:\Projects\Hazina\src\Core\Agents\Hazina.AgentFactory\Hazina.AgentFactory.csproj::TargetFramework=net9.0]
C:\Projects\Hazina\src\Core\Agents\Hazina.AgentFactory\Core\HazinaFlow.cs(6,25): warning CA1002: Change 'List<string>' in 'HazinaFlow.CallsAgents' to use 'Collection<T>', 'ReadOnlyCollection<T>' or 'KeyedCollection<K,V>' (https://learn.microsoft.com/dotnet/fundamentals/code-analysis/quality-rules/ca1002) [C:\Projects\Hazina\src\Core\Agents\Hazina.AgentFactory\Hazina.AgentFactory.csproj::TargetFramework=net9.0]
C:\Projects\Hazina\src\Core\Agents\Hazina.AgentFactory\Core\HazinaFlow.cs(6,12): warning MA0016: Prefer using collection abstraction instead of implementation (https://github.com/meziantou/Meziantou.Analyzer/blob/main/docs/Rules/MA0016.md) [C:\Projects\Hazina\src\Core\Agents\Hazina.AgentFactory\Hazina.AgentFactory.csproj::TargetFramework=net9.0]
C:\Projects\Hazina\src\Core\Agents\Hazina.AgentFactory\Configuration\Validation\ValidationDiagnostic.cs(48,13): warning MA0048: File name must match type name (https://github.com/meziantou/Meziantou.Analyzer/blob/main/docs/Rules/MA0048.md) [C:\Projects\Hazina\src\Core\Agents\Hazina.AgentFactory\Hazina.AgentFactory.csproj::TargetFramework=net9.0]
C:\Projects\Hazina\src\Core\Agents\Hazina.AgentFactory\Services\Email\EmailSettings.cs(9,1): warning SA1516: Elements should be separated by blank line (https://github.com/DotNetAnalyzers/StyleCopAnalyzers/blob/master/documentation/SA1516.md) [C:\Projects\Hazina\src\Core\Agents\Hazina.AgentFactory\Hazina.AgentFactory.csproj::TargetFramework=net9.0]
C:\Projects\Hazina\src\Core\Agents\Hazina.AgentFactory\Services\Email\EmailSettings.cs(10,1): warning SA1516: Elements should be separated by blank line (https://github.com/DotNetAnalyzers/StyleCopAnalyzers/blob/master/documentation/SA1516.md) [C:\Projects\Hazina\src\Core\Agents\Hazina.AgentFactory\Hazina.AgentFactory.csproj::TargetFramework=net9.0]
C:\Projects\Hazina\src\Core\Agents\Hazina.AgentFactory\Services\Email\EmailSettings.cs(11,1): warning SA1516: Elements should be separated by blank line (https://github.com/DotNetAnalyzers/StyleCopAnalyzers/blob/master/documentation/SA1516.md) [C:\Projects\Hazina\src\Core\Agents\Hazina.AgentFactory\Hazina.AgentFactory.csproj::TargetFramework=net9.0]
C:\Projects\Hazina\src\Core\Agents\Hazina.AgentFactory\Services\Email\EmailSettings.cs(12,1): warning SA1516: Elements should be separated by blank line (https://github.com/DotNetAnalyzers/StyleCopAnalyzers/blob/master/documentation/SA1516.md) [C:\Projects\Hazina\src\Core\Agents\Hazina.AgentFactory\Hazina.AgentFactory.csproj::TargetFramework=net9.0]
C:\Projects\Hazina\src\Core\Agents\Hazina.AgentFactory\Services\Email\EmailSettings.cs(13,1): warning SA1516: Elements should be separated by blank line (https://github.com/DotNetAnalyzers/StyleCopAnalyzers/blob/master/documentation/SA1516.md) [C:\Projects\Hazina\src\Core\Agents\Hazina.AgentFactory\Hazina.AgentFactory.csproj::TargetFramework=net9.0]
C:\Projects\Hazina\src\Core\Agents\Hazina.AgentFactory\Services\Email\EmailSettings.cs(14,1): warning SA1516: Elements should be separated by blank line (https://github.com/DotNetAnalyzers/StyleCopAnalyzers/blob/master/documentation/SA1516.md) [C:\Projects\Hazina\src\Core\Agents\Hazina.AgentFactory\Hazina.AgentFactory.csproj::TargetFramework=net9.0]
C:\Projects\Hazina\src\Core\Agents\Hazina.AgentFactory\Services\Email\EmailSettings.cs(15,1): warning SA1516: Elements should be separated by blank line (https://github.com/DotNetAnalyzers/StyleCopAnalyzers/blob/master/documentation/SA1516.md) [C:\Projects\Hazina\src\Core\Agents\Hazina.AgentFactory\Hazina.AgentFactory.csproj::TargetFramework=net9.0]
C:\Projects\Hazina\src\Core\Agents\Hazina.AgentFactory\Services\Email\EmailSettings.cs(16,1): warning SA1516: Elements should be separated by blank line (https://github.com/DotNetAnalyzers/StyleCopAnalyzers/blob/master/documentation/SA1516.md) [C:\Projects\Hazina\src\Core\Agents\Hazina.AgentFactory\Hazina.AgentFactory.csproj::TargetFramework=net9.0]
C:\Projects\Hazina\src\Core\Agents\Hazina.AgentFactory\Models\FlowCardModels.cs(11,14): warning S3903: Move 'FlowCardModel' into a named namespace. (https://rules.sonarsource.com/csharp/RSPEC-3903) [C:\Projects\Hazina\src\Core\Agents\Hazina.AgentFactory\Hazina.AgentFactory.csproj::TargetFramework=net9.0]
C:\Projects\Hazina\src\Core\Agents\Hazina.AgentFactory\Core\QuickAgentCreator.cs(14,1): warning SA1516: Elements should be separated by blank line (https://github.com/DotNetAnalyzers/StyleCopAnalyzers/blob/master/documentation/SA1516.md) [C:\Projects\Hazina\src\Core\Agents\Hazina.AgentFactory\Hazina.AgentFactory.csproj::TargetFramework=net9.0]
C:\Projects\Hazina\src\Core\Agents\Hazina.AgentFactory\Core\HazinaFlow.cs(6,1): warning SA1516: Elements should be separated by blank line (https://github.com/DotNetAnalyzers/StyleCopAnalyzers/blob/master/documentation/SA1516.md) [C:\Projects\Hazina\src\Core\Agents\Hazina.AgentFactory\Hazina.AgentFactory.csproj::TargetFramework=net9.0]
C:\Projects\Hazina\src\Core\Agents\Hazina.AgentFactory\Core\HazinaFlow.cs(7,1): warning SA1516: Elements should be separated by blank line (https://github.com/DotNetAnalyzers/StyleCopAnalyzers/blob/master/documentation/SA1516.md) [C:\Projects\Hazina\src\Core\Agents\Hazina.AgentFactory\Hazina.AgentFactory.csproj::TargetFramework=net9.0]
C:\Projects\Hazina\src\Core\Agents\Hazina.AgentFactory\Models\FlowCardModels.cs(57,1): warning SA1516: Elements should be separated by blank line (https://github.com/DotNetAnalyzers/StyleCopAnalyzers/blob/master/documentation/SA1516.md) [C:\Projects\Hazina\src\Core\Agents\Hazina.AgentFactory\Hazina.AgentFactory.csproj::TargetFramework=net9.0]
C:\Projects\Hazina\src\Core\Agents\Hazina.AgentFactory\Models\FlowCardModels.cs(79,25): warning CA2227: Change 'AllAgents' to be read-only by removing the property setter (https://learn.microsoft.com/dotnet/fundamentals/code-analysis/quality-rules/ca2227) [C:\Projects\Hazina\src\Core\Agents\Hazina.AgentFactory\Hazina.AgentFactory.csproj::TargetFramework=net9.0]
C:\Projects\Hazina\src\Core\Agents\Hazina.AgentFactory\Models\FlowCardModels.cs(78,48): warning CA2227: Change 'Cards' to be read-only by removing the property setter (https://learn.microsoft.com/dotnet/fundamentals/code-analysis/quality-rules/ca2227) [C:\Projects\Hazina\src\Core\Agents\Hazina.AgentFactory\Hazina.AgentFactory.csproj::TargetFramework=net9.0]
C:\Projects\Hazina\src\Core\Agents\Hazina.AgentFactory\Models\FlowCardModels.cs(76,14): warning CA1050: Declare types in namespaces (https://learn.microsoft.com/dotnet/fundamentals/code-analysis/quality-rules/ca1050) [C:\Projects\Hazina\src\Core\Agents\Hazina.AgentFactory\Hazina.AgentFactory.csproj::TargetFramework=net9.0]
C:\Projects\Hazina\src\Core\Agents\Hazina.AgentFactory\Models\FlowCardModels.cs(79,25): warning CA1002: Change 'List<string>' in 'FlowCardsBindingModel.AllAgents' to use 'Collection<T>', 'ReadOnlyCollection<T>' or 'KeyedCollection<K,V>' (https://learn.microsoft.com/dotnet/fundamentals/code-analysis/quality-rules/ca1002) [C:\Projects\Hazina\src\Core\Agents\Hazina.AgentFactory\Hazina.AgentFactory.csproj::TargetFramework=net9.0]
C:\Projects\Hazina\src\Core\Agents\Hazina.AgentFactory\Models\FlowCardModels.cs(79,12): warning MA0016: Prefer using collection abstraction instead of implementation (https://github.com/meziantou/Meziantou.Analyzer/blob/main/docs/Rules/MA0016.md) [C:\Projects\Hazina\src\Core\Agents\Hazina.AgentFactory\Hazina.AgentFactory.csproj::TargetFramework=net9.0]
C:\Projects\Hazina\src\Core\Agents\Hazina.AgentFactory\Models\FlowCardModels.cs(76,14): warning MA0047: Declare type 'FlowCardsBindingModel' in a namespace (https://github.com/meziantou/Meziantou.Analyzer/blob/main/docs/Rules/MA0047.md) [C:\Projects\Hazina\src\Core\Agents\Hazina.AgentFactory\Hazina.AgentFactory.csproj::TargetFramework=net9.0]
C:\Projects\Hazina\src\Core\Agents\Hazina.AgentFactory\Models\FlowCardModels.cs(76,14): warning MA0048: File name must match type name (https://github.com/meziantou/Meziantou.Analyzer/blob/main/docs/Rules/MA0048.md) [C:\Projects\Hazina\src\Core\Agents\Hazina.AgentFactory\Hazina.AgentFactory.csproj::TargetFramework=net9.0]
C:\Projects\Hazina\src\Core\Agents\Hazina.AgentFactory\Models\FlowCardModels.cs(76,14): warning S3903: Move 'FlowCardsBindingModel' into a named namespace. (https://rules.sonarsource.com/csharp/RSPEC-3903) [C:\Projects\Hazina\src\Core\Agents\Hazina.AgentFactory\Hazina.AgentFactory.csproj::TargetFramework=net9.0]
C:\Projects\Hazina\src\Core\Agents\Hazina.AgentFactory\Core\AgentFactory.cs(25,51): warning SA1629: Documentation text should end with a period (https://github.com/DotNetAnalyzers/StyleCopAnalyzers/blob/master/documentation/SA1629.md) [C:\Projects\Hazina\src\Core\Agents\Hazina.AgentFactory\Hazina.AgentFactory.csproj::TargetFramework=net9.0]
C:\Projects\Hazina\src\Core\Agents\Hazina.AgentFactory\Core\AgentFactory.cs(51,1): warning SA1516: Elements should be separated by blank line (https://github.com/DotNetAnalyzers/StyleCopAnalyzers/blob/master/documentation/SA1516.md) [C:\Projects\Hazina\src\Core\Agents\Hazina.AgentFactory\Hazina.AgentFactory.csproj::TargetFramework=net9.0]
C:\Projects\Hazina\src\Core\Agents\Hazina.AgentFactory\Core\AgentFactory.cs(52,1): warning SA1516: Elements should be separated by blank line (https://github.com/DotNetAnalyzers/StyleCopAnalyzers/blob/master/documentation/SA1516.md) [C:\Projects\Hazina\src\Core\Agents\Hazina.AgentFactory\Hazina.AgentFactory.csproj::TargetFramework=net9.0]
C:\Projects\Hazina\src\Core\Agents\Hazina.AgentFactory\Core\AgentFactory.cs(53,1): warning SA1516: Elements should be separated by blank line (https://github.com/DotNetAnalyzers/StyleCopAnalyzers/blob/master/documentation/SA1516.md) [C:\Projects\Hazina\src\Core\Agents\Hazina.AgentFactory\Hazina.AgentFactory.csproj::TargetFramework=net9.0]
C:\Projects\Hazina\src\Core\Agents\Hazina.AgentFactory\Models\FlowCardModels.cs(74,70): warning SA1629: Documentation text should end with a period (https://github.com/DotNetAnalyzers/StyleCopAnalyzers/blob/master/documentation/SA1629.md) [C:\Projects\Hazina\src\Core\Agents\Hazina.AgentFactory\Hazina.AgentFactory.csproj::TargetFramework=net9.0]
C:\Projects\Hazina\src\Core\Agents\Hazina.AgentFactory\Models\FlowCardModels.cs(79,1): warning SA1516: Elements should be separated by blank line (https://github.com/DotNetAnalyzers/StyleCopAnalyzers/blob/master/documentation/SA1516.md) [C:\Projects\Hazina\src\Core\Agents\Hazina.AgentFactory\Hazina.AgentFactory.csproj::TargetFramework=net9.0]
C:\Projects\Hazina\src\Core\Agents\Hazina.AgentFactory\Models\FlowCardModels.cs(82,1): warning SA1516: Elements should be separated by blank line (https://github.com/DotNetAnalyzers/StyleCopAnalyzers/blob/master/documentation/SA1516.md) [C:\Projects\Hazina\src\Core\Agents\Hazina.AgentFactory\Hazina.AgentFactory.csproj::TargetFramework=net9.0]
C:\Projects\Hazina\src\Core\Agents\Hazina.AgentFactory\Models\FlowCardModels.cs(94,1): warning SA1516: Elements should be separated by blank line (https://github.com/DotNetAnalyzers/StyleCopAnalyzers/blob/master/documentation/SA1516.md) [C:\Projects\Hazina\src\Core\Agents\Hazina.AgentFactory\Hazina.AgentFactory.csproj::TargetFramework=net9.0]
C:\Projects\Hazina\src\Core\Agents\Hazina.AgentFactory\Models\FlowCardModels.cs(95,1): warning SA1516: Elements should be separated by blank line (https://github.com/DotNetAnalyzers/StyleCopAnalyzers/blob/master/documentation/SA1516.md) [C:\Projects\Hazina\src\Core\Agents\Hazina.AgentFactory\Hazina.AgentFactory.csproj::TargetFramework=net9.0]
C:\Projects\Hazina\src\Core\Agents\Hazina.AgentFactory\Models\GitOutput.cs(58,21): warning CA1050: Declare types in namespaces (https://learn.microsoft.com/dotnet/fundamentals/code-analysis/quality-rules/ca1050) [C:\Projects\Hazina\src\Core\Agents\Hazina.AgentFactory\Hazina.AgentFactory.csproj::TargetFramework=net9.0]
C:\Projects\Hazina\src\Core\Agents\Hazina.AgentFactory\Models\GitOutput.cs(58,21): warning MA0047: Declare type 'NpmOutput' in a namespace (https://github.com/meziantou/Meziantou.Analyzer/blob/main/docs/Rules/MA0047.md) [C:\Projects\Hazina\src\Core\Agents\Hazina.AgentFactory\Hazina.AgentFactory.csproj::TargetFramework=net9.0]
C:\Projects\Hazina\src\Core\Agents\Hazina.AgentFactory\Models\GitOutput.cs(58,21): warning MA0048: File name must match type name (https://github.com/meziantou/Meziantou.Analyzer/blob/main/docs/Rules/MA0048.md) [C:\Projects\Hazina\src\Core\Agents\Hazina.AgentFactory\Hazina.AgentFactory.csproj::TargetFramework=net9.0]
C:\Projects\Hazina\src\Core\Agents\Hazina.AgentFactory\Models\FlowCardModels.cs(136,1): warning SA1516: Elements should be separated by blank line (https://github.com/DotNetAnalyzers/StyleCopAnalyzers/blob/master/documentation/SA1516.md) [C:\Projects\Hazina\src\Core\Agents\Hazina.AgentFactory\Hazina.AgentFactory.csproj::TargetFramework=net9.0]
C:\Projects\Hazina\src\Core\Agents\Hazina.AgentFactory\Models\GitOutput.cs(58,21): warning S3903: Move 'NpmOutput' into a named namespace. (https://rules.sonarsource.com/csharp/RSPEC-3903) [C:\Projects\Hazina\src\Core\Agents\Hazina.AgentFactory\Hazina.AgentFactory.csproj::TargetFramework=net9.0]
C:\Projects\Hazina\src\Core\Agents\Hazina.AgentFactory\Models\AgentCardModel.cs(6,14): warning CA1050: Declare types in namespaces (https://learn.microsoft.com/dotnet/fundamentals/code-analysis/quality-rules/ca1050) [C:\Projects\Hazina\src\Core\Agents\Hazina.AgentFactory\Hazina.AgentFactory.csproj::TargetFramework=net9.0]
C:\Projects\Hazina\src\Core\Agents\Hazina.AgentFactory\Models\AgentCardModel.cs(6,14): warning MA0047: Declare type 'AgentCardModel' in a namespace (https://github.com/meziantou/Meziantou.Analyzer/blob/main/docs/Rules/MA0047.md) [C:\Projects\Hazina\src\Core\Agents\Hazina.AgentFactory\Hazina.AgentFactory.csproj::TargetFramework=net9.0]
C:\Projects\Hazina\src\Core\Agents\Hazina.AgentFactory\Models\AgentCardModel.cs(17,35): warning CA1805: Member 'newStoreWritable' is explicitly initialized to its default value (https://learn.microsoft.com/dotnet/fundamentals/code-analysis/quality-rules/ca1805) [C:\Projects\Hazina\src\Core\Agents\Hazina.AgentFactory\Hazina.AgentFactory.csproj::TargetFramework=net9.0]
C:\Projects\Hazina\src\Core\Agents\Hazina.AgentFactory\Configuration\Validation\ConfigurationResult.cs(1,1): warning SA1633: The file header is missing or not located at the top of the file. (https://github.com/DotNetAnalyzers/StyleCopAnalyzers/blob/master/documentation/SA1633.md) [C:\Projects\Hazina\src\Core\Agents\Hazina.AgentFactory\Hazina.AgentFactory.csproj::TargetFramework=net9.0]
C:\Projects\Hazina\src\Core\Agents\Hazina.AgentFactory\Models\AgentCardModel.cs(21,29): warning CA1805: Member 'isExpanded' is explicitly initialized to its default value (https://learn.microsoft.com/dotnet/fundamentals/code-analysis/quality-rules/ca1805) [C:\Projects\Hazina\src\Core\Agents\Hazina.AgentFactory\Hazina.AgentFactory.csproj::TargetFramework=net9.0]
C:\Projects\Hazina\src\Core\Agents\Hazina.AgentFactory\Models\GitOutput.cs(6,21): warning CA1050: Declare types in namespaces (https://learn.microsoft.com/dotnet/fundamentals/code-analysis/quality-rules/ca1050) [C:\Projects\Hazina\src\Core\Agents\Hazina.AgentFactory\Hazina.AgentFactory.csproj::TargetFramework=net9.0]
C:\Projects\Hazina\src\Core\Agents\Hazina.AgentFactory\Models\GitOutput.cs(6,21): warning MA0047: Declare type 'GitOutput' in a namespace (https://github.com/meziantou/Meziantou.Analyzer/blob/main/docs/Rules/MA0047.md) [C:\Projects\Hazina\src\Core\Agents\Hazina.AgentFactory\Hazina.AgentFactory.csproj::TargetFramework=net9.0]
C:\Projects\Hazina\src\Core\Agents\Hazina.AgentFactory\Models\AgentCardModel.cs(26,43): warning CA2227: Change 'Stores' to be read-only by removing the property setter (https://learn.microsoft.com/dotnet/fundamentals/code-analysis/quality-rules/ca2227) [C:\Projects\Hazina\src\Core\Agents\Hazina.AgentFactory\Hazina.AgentFactory.csproj::TargetFramework=net9.0]
C:\Projects\Hazina\src\Core\Agents\Hazina.AgentFactory\Models\AgentCardModel.cs(27,41): warning CA2227: Change 'Functions' to be read-only by removing the property setter (https://learn.microsoft.com/dotnet/fundamentals/code-analysis/quality-rules/ca2227) [C:\Projects\Hazina\src\Core\Agents\Hazina.AgentFactory\Hazina.AgentFactory.csproj::TargetFramework=net9.0]
C:\Projects\Hazina\src\Core\Agents\Hazina.AgentFactory\Models\AgentCardModel.cs(28,41): warning CA2227: Change 'CallsAgents' to be read-only by removing the property setter (https://learn.microsoft.com/dotnet/fundamentals/code-analysis/quality-rules/ca2227) [C:\Projects\Hazina\src\Core\Agents\Hazina.AgentFactory\Hazina.AgentFactory.csproj::TargetFramework=net9.0]
C:\Projects\Hazina\src\Core\Agents\Hazina.AgentFactory\Models\AgentCardModel.cs(29,41): warning CA2227: Change 'CallsFlows' to be read-only by removing the property setter (https://learn.microsoft.com/dotnet/fundamentals/code-analysis/quality-rules/ca2227) [C:\Projects\Hazina\src\Core\Agents\Hazina.AgentFactory\Hazina.AgentFactory.csproj::TargetFramework=net9.0]
C:\Projects\Hazina\src\Core\Agents\Hazina.AgentFactory\Models\GitOutput.cs(6,21): warning S3903: Move 'GitOutput' into a named namespace. (https://rules.sonarsource.com/csharp/RSPEC-3903) [C:\Projects\Hazina\src\Core\Agents\Hazina.AgentFactory\Hazina.AgentFactory.csproj::TargetFramework=net9.0]
C:\Projects\Hazina\src\Core\Agents\Hazina.AgentFactory\Core\StoresAndAgentsAndFlowLoader.cs(5,33): warning CA1051: Do not declare visible instance fields (https://learn.microsoft.com/dotnet/fundamentals/code-analysis/quality-rules/ca1051) [C:\Projects\Hazina\src\Core\Agents\Hazina.AgentFactory\Hazina.AgentFactory.csproj::TargetFramework=net9.0]
C:\Projects\Hazina\src\Core\Agents\Hazina.AgentFactory\Core\StoresAndAgentsAndFlowLoader.cs(5,33): warning CA1002: Change 'List<IDocumentStore>' in 'StoresAndAgentsAndFlowLoader._stores' to use 'Collection<T>', 'ReadOnlyCollection<T>' or 'KeyedCollection<K,V>' (https://learn.microsoft.com/dotnet/fundamentals/code-analysis/quality-rules/ca1002) [C:\Projects\Hazina\src\Core\Agents\Hazina.AgentFactory\Hazina.AgentFactory.csproj::TargetFramework=net9.0]
C:\Projects\Hazina\src\Core\Agents\Hazina.AgentFactory\Core\StoresAndAgentsAndFlowLoader.cs(9,39): warning CA1051: Do not declare visible instance fields (https://learn.microsoft.com/dotnet/fundamentals/code-analysis/quality-rules/ca1051) [C:\Projects\Hazina\src\Core\Agents\Hazina.AgentFactory\Hazina.AgentFactory.csproj::TargetFramework=net9.0]
C:\Projects\Hazina\src\Core\Agents\Hazina.AgentFactory\Core\StoresAndAgentsAndFlowLoader.cs(5,12): warning MA0016: Prefer using collection abstraction instead of implementation (https://github.com/meziantou/Meziantou.Analyzer/blob/main/docs/Rules/MA0016.md) [C:\Projects\Hazina\src\Core\Agents\Hazina.AgentFactory\Hazina.AgentFactory.csproj::TargetFramework=net9.0]
C:\Projects\Hazina\src\Core\Agents\Hazina.AgentFactory\Core\StoresAndAgentsAndFlowLoader.cs(5,33): warning SA1401: Field should be private (https://github.com/DotNetAnalyzers/StyleCopAnalyzers/blob/master/documentation/SA1401.md) [C:\Projects\Hazina\src\Core\Agents\Hazina.AgentFactory\Hazina.AgentFactory.csproj::TargetFramework=net9.0]
C:\Projects\Hazina\src\Core\Agents\Hazina.AgentFactory\Core\StoresAndAgentsAndFlowLoader.cs(9,39): warning SA1401: Field should be private (https://github.com/DotNetAnalyzers/StyleCopAnalyzers/blob/master/documentation/SA1401.md) [C:\Projects\Hazina\src\Core\Agents\Hazina.AgentFactory\Hazina.AgentFactory.csproj::TargetFramework=net9.0]
C:\Projects\Hazina\src\Core\Agents\Hazina.AgentFactory\Core\StoresAndAgentsAndFlowLoader.cs(6,30): warning CA1051: Do not declare visible instance fields (https://learn.microsoft.com/dotnet/fundamentals/code-analysis/quality-rules/ca1051) [C:\Projects\Hazina\src\Core\Agents\Hazina.AgentFactory\Hazina.AgentFactory.csproj::TargetFramework=net9.0]
C:\Projects\Hazina\src\Core\Agents\Hazina.AgentFactory\Core\StoresAndAgentsAndFlowLoader.cs(6,30): warning CA1002: Change 'List<HazinaAgent>' in 'StoresAndAgentsAndFlowLoader._agents' to use 'Collection<T>', 'ReadOnlyCollection<T>' or 'KeyedCollection<K,V>' (https://learn.microsoft.com/dotnet/fundamentals/code-analysis/quality-rules/ca1002) [C:\Projects\Hazina\src\Core\Agents\Hazina.AgentFactory\Hazina.AgentFactory.csproj::TargetFramework=net9.0]
C:\Projects\Hazina\src\Core\Agents\Hazina.AgentFactory\Core\StoresAndAgentsAndFlowLoader.cs(6,12): warning MA0016: Prefer using collection abstraction instead of implementation (https://github.com/meziantou/Meziantou.Analyzer/blob/main/docs/Rules/MA0016.md) [C:\Projects\Hazina\src\Core\Agents\Hazina.AgentFactory\Hazina.AgentFactory.csproj::TargetFramework=net9.0]
C:\Projects\Hazina\src\Core\Agents\Hazina.AgentFactory\Core\StoresAndAgentsAndFlowLoader.cs(6,30): warning SA1401: Field should be private (https://github.com/DotNetAnalyzers/StyleCopAnalyzers/blob/master/documentation/SA1401.md) [C:\Projects\Hazina\src\Core\Agents\Hazina.AgentFactory\Hazina.AgentFactory.csproj::TargetFramework=net9.0]
C:\Projects\Hazina\src\Core\Agents\Hazina.AgentFactory\Core\StoresAndAgentsAndFlowLoader.cs(5,33): warning S1104: Make this field 'private' and encapsulate it in a 'public' property. (https://rules.sonarsource.com/csharp/RSPEC-1104) [C:\Projects\Hazina\src\Core\Agents\Hazina.AgentFactory\Hazina.AgentFactory.csproj::TargetFramework=net9.0]
C:\Projects\Hazina\src\Core\Agents\Hazina.AgentFactory\Models\StorePaths.cs(2,14): warning CA1050: Declare types in namespaces (https://learn.microsoft.com/dotnet/fundamentals/code-analysis/quality-rules/ca1050) [C:\Projects\Hazina\src\Core\Agents\Hazina.AgentFactory\Hazina.AgentFactory.csproj::TargetFramework=net9.0]
C:\Projects\Hazina\src\Core\Agents\Hazina.AgentFactory\Models\StorePaths.cs(2,14): warning MA0047: Declare type 'StorePaths' in a namespace (https://github.com/meziantou/Meziantou.Analyzer/blob/main/docs/Rules/MA0047.md) [C:\Projects\Hazina\src\Core\Agents\Hazina.AgentFactory\Hazina.AgentFactory.csproj::TargetFramework=net9.0]
C:\Projects\Hazina\src\Core\Agents\Hazina.AgentFactory\Core\StoresAndAgentsAndFlowLoader.cs(6,30): warning S1104: Make this field 'private' and encapsulate it in a 'public' property. (https://rules.sonarsource.com/csharp/RSPEC-1104) [C:\Projects\Hazina\src\Core\Agents\Hazina.AgentFactory\Hazina.AgentFactory.csproj::TargetFramework=net9.0]
C:\Projects\Hazina\src\Core\Agents\Hazina.AgentFactory\Models\StorePaths.cs(15,19): warning CA1051: Do not declare visible instance fields (https://learn.microsoft.com/dotnet/fundamentals/code-analysis/quality-rules/ca1051) [C:\Projects\Hazina\src\Core\Agents\Hazina.AgentFactory\Hazina.AgentFactory.csproj::TargetFramework=net9.0]
C:\Projects\Hazina\src\Core\Agents\Hazina.AgentFactory\Models\StorePaths.cs(14,19): warning CA1051: Do not declare visible instance fields (https://learn.microsoft.com/dotnet/fundamentals/code-analysis/quality-rules/ca1051) [C:\Projects\Hazina\src\Core\Agents\Hazina.AgentFactory\Hazina.AgentFactory.csproj::TargetFramework=net9.0]
C:\Projects\Hazina\src\Core\Agents\Hazina.AgentFactory\Models\StorePaths.cs(15,19): warning SA1401: Field should be private (https://github.com/DotNetAnalyzers/StyleCopAnalyzers/blob/master/documentation/SA1401.md) [C:\Projects\Hazina\src\Core\Agents\Hazina.AgentFactory\Hazina.AgentFactory.csproj::TargetFramework=net9.0]
C:\Projects\Hazina\src\Core\Agents\Hazina.AgentFactory\Models\StorePaths.cs(15,19): warning S1104: Make this field 'private' and encapsulate it in a 'public' property. (https://rules.sonarsource.com/csharp/RSPEC-1104) [C:\Projects\Hazina\src\Core\Agents\Hazina.AgentFactory\Hazina.AgentFactory.csproj::TargetFramework=net9.0]
C:\Projects\Hazina\src\Core\Agents\Hazina.AgentFactory\Core\StoresAndAgentsAndFlowLoader.cs(7,29): warning CA1051: Do not declare visible instance fields (https://learn.microsoft.com/dotnet/fundamentals/code-analysis/quality-rules/ca1051) [C:\Projects\Hazina\src\Core\Agents\Hazina.AgentFactory\Hazina.AgentFactory.csproj::TargetFramework=net9.0]
C:\Projects\Hazina\src\Core\Agents\Hazina.AgentFactory\Core\StoresAndAgentsAndFlowLoader.cs(7,29): warning CA1002: Change 'List<HazinaFlow>' in 'StoresAndAgentsAndFlowLoader._flows' to use 'Collection<T>', 'ReadOnlyCollection<T>' or 'KeyedCollection<K,V>' (https://learn.microsoft.com/dotnet/fundamentals/code-analysis/quality-rules/ca1002) [C:\Projects\Hazina\src\Core\Agents\Hazina.AgentFactory\Hazina.AgentFactory.csproj::TargetFramework=net9.0]
C:\Projects\Hazina\src\Core\Agents\Hazina.AgentFactory\Core\StoresAndAgentsAndFlowLoader.cs(7,12): warning MA0016: Prefer using collection abstraction instead of implementation (https://github.com/meziantou/Meziantou.Analyzer/blob/main/docs/Rules/MA0016.md) [C:\Projects\Hazina\src\Core\Agents\Hazina.AgentFactory\Hazina.AgentFactory.csproj::TargetFramework=net9.0]
C:\Projects\Hazina\src\Core\Agents\Hazina.AgentFactory\Core\StoresAndAgentsAndFlowLoader.cs(7,29): warning SA1401: Field should be private (https://github.com/DotNetAnalyzers/StyleCopAnalyzers/blob/master/documentation/SA1401.md) [C:\Projects\Hazina\src\Core\Agents\Hazina.AgentFactory\Hazina.AgentFactory.csproj::TargetFramework=net9.0]
C:\Projects\Hazina\src\Core\Agents\Hazina.AgentFactory\Models\StoreEntry.cs(5,14): warning CA1050: Declare types in namespaces (https://learn.microsoft.com/dotnet/fundamentals/code-analysis/quality-rules/ca1050) [C:\Projects\Hazina\src\Core\Agents\Hazina.AgentFactory\Hazina.AgentFactory.csproj::TargetFramework=net9.0]
C:\Projects\Hazina\src\Core\Agents\Hazina.AgentFactory\Core\StoresAndAgentsAndFlowLoader.cs(7,29): warning S1104: Make this field 'private' and encapsulate it in a 'public' property. (https://rules.sonarsource.com/csharp/RSPEC-1104) [C:\Projects\Hazina\src\Core\Agents\Hazina.AgentFactory\Hazina.AgentFactory.csproj::TargetFramework=net9.0]
C:\Projects\Hazina\src\Core\Agents\Hazina.AgentFactory\Models\StorePaths.cs(13,19): warning CA1051: Do not declare visible instance fields (https://learn.microsoft.com/dotnet/fundamentals/code-analysis/quality-rules/ca1051) [C:\Projects\Hazina\src\Core\Agents\Hazina.AgentFactory\Hazina.AgentFactory.csproj::TargetFramework=net9.0]
C:\Projects\Hazina\src\Core\Agents\Hazina.AgentFactory\Models\StoreEntry.cs(5,14): warning MA0047: Declare type 'StoreEntry' in a namespace (https://github.com/meziantou/Meziantou.Analyzer/blob/main/docs/Rules/MA0047.md) [C:\Projects\Hazina\src\Core\Agents\Hazina.AgentFactory\Hazina.AgentFactory.csproj::TargetFramework=net9.0]
C:\Projects\Hazina\src\Core\Agents\Hazina.AgentFactory\Models\StorePaths.cs(14,19): warning SA1401: Field should be private (https://github.com/DotNetAnalyzers/StyleCopAnalyzers/blob/master/documentation/SA1401.md) [C:\Projects\Hazina\src\Core\Agents\Hazina.AgentFactory\Hazina.AgentFactory.csproj::TargetFramework=net9.0]
C:\Projects\Hazina\src\Core\Agents\Hazina.AgentFactory\Models\StorePaths.cs(13,19): warning SA1401: Field should be private (https://github.com/DotNetAnalyzers/StyleCopAnalyzers/blob/master/documentation/SA1401.md) [C:\Projects\Hazina\src\Core\Agents\Hazina.AgentFactory\Hazina.AgentFactory.csproj::TargetFramework=net9.0]
C:\Projects\Hazina\src\Core\Agents\Hazina.AgentFactory\Models\StorePaths.cs(14,19): warning S1104: Make this field 'private' and encapsulate it in a 'public' property. (https://rules.sonarsource.com/csharp/RSPEC-1104) [C:\Projects\Hazina\src\Core\Agents\Hazina.AgentFactory\Hazina.AgentFactory.csproj::TargetFramework=net9.0]
C:\Projects\Hazina\src\Core\Agents\Hazina.AgentFactory\Models\StorePaths.cs(13,19): warning S1104: Make this field 'private' and encapsulate it in a 'public' property. (https://rules.sonarsource.com/csharp/RSPEC-1104) [C:\Projects\Hazina\src\Core\Agents\Hazina.AgentFactory\Hazina.AgentFactory.csproj::TargetFramework=net9.0]
C:\Projects\Hazina\src\Core\Agents\Hazina.AgentFactory\Models\StorePaths.cs(2,14): warning S3903: Move 'StorePaths' into a named namespace. (https://rules.sonarsource.com/csharp/RSPEC-3903) [C:\Projects\Hazina\src\Core\Agents\Hazina.AgentFactory\Hazina.AgentFactory.csproj::TargetFramework=net9.0]
C:\Projects\Hazina\src\Core\Agents\Hazina.AgentFactory\Models\AgentCardModel.cs(6,14): warning S3903: Move 'AgentCardModel' into a named namespace. (https://rules.sonarsource.com/csharp/RSPEC-3903) [C:\Projects\Hazina\src\Core\Agents\Hazina.AgentFactory\Hazina.AgentFactory.csproj::TargetFramework=net9.0]
C:\Projects\Hazina\src\Core\Agents\Hazina.AgentFactory\Models\StorePaths.cs(13,1): warning SA1516: Elements should be separated by blank line (https://github.com/DotNetAnalyzers/StyleCopAnalyzers/blob/master/documentation/SA1516.md) [C:\Projects\Hazina\src\Core\Agents\Hazina.AgentFactory\Hazina.AgentFactory.csproj::TargetFramework=net9.0]
  Hazina.Observability.Core.Benchmarks -> C:\Projects\Hazina\artifacts\tests\Hazina.Observability.Core.Benchmarks\bin\Debug\Hazina.Observability.Core.Benchmarks.dll
C:\Projects\Hazina\src\Core\Agents\Hazina.AgentFactory\Models\IsReadyResult.cs(3,14): warning CA1050: Declare types in namespaces (https://learn.microsoft.com/dotnet/fundamentals/code-analysis/quality-rules/ca1050) [C:\Projects\Hazina\src\Core\Agents\Hazina.AgentFactory\Hazina.AgentFactory.csproj::TargetFramework=net9.0]
C:\Projects\Hazina\src\Core\Agents\Hazina.AgentFactory\Models\StoreEntry.cs(5,14): warning S3903: Move 'StoreEntry' into a named namespace. (https://rules.sonarsource.com/csharp/RSPEC-3903) [C:\Projects\Hazina\src\Core\Agents\Hazina.AgentFactory\Hazina.AgentFactory.csproj::TargetFramework=net9.0]
C:\Projects\Hazina\src\Core\Agents\Hazina.AgentFactory\Models\IsReadyResult.cs(3,14): warning MA0047: Declare type 'IsReadyResult' in a namespace (https://github.com/meziantou/Meziantou.Analyzer/blob/main/docs/Rules/MA0047.md) [C:\Projects\Hazina\src\Core\Agents\Hazina.AgentFactory\Hazina.AgentFactory.csproj::TargetFramework=net9.0]
C:\Projects\Hazina\src\Core\Agents\Hazina.AgentFactory\Core\StoresAndAgentsAndFlowLoader.cs(9,39): warning SA1214: Readonly fields should appear before non-readonly fields (https://github.com/DotNetAnalyzers/StyleCopAnalyzers/blob/master/documentation/SA1214.md) [C:\Projects\Hazina\src\Core\Agents\Hazina.AgentFactory\Hazina.AgentFactory.csproj::TargetFramework=net9.0]
C:\Projects\Hazina\src\Core\Agents\Hazina.AgentFactory\Models\IsReadyResult.cs(3,14): warning S3903: Move 'IsReadyResult' into a named namespace. (https://rules.sonarsource.com/csharp/RSPEC-3903) [C:\Projects\Hazina\src\Core\Agents\Hazina.AgentFactory\Hazina.AgentFactory.csproj::TargetFramework=net9.0]
C:\Projects\Hazina\src\Core\Agents\Hazina.AgentFactory\Models\AgentCardModel.cs(3,1): warning SA1514: Element documentation header should be preceded by blank line (https://github.com/DotNetAnalyzers/StyleCopAnalyzers/blob/master/documentation/SA1514.md) [C:\Projects\Hazina\src\Core\Agents\Hazina.AgentFactory\Hazina.AgentFactory.csproj::TargetFramework=net9.0]
C:\Projects\Hazina\src\Core\Agents\Hazina.AgentFactory\Models\StoreEntry.cs(2,1): warning SA1514: Element documentation header should be preceded by blank line (https://github.com/DotNetAnalyzers/StyleCopAnalyzers/blob/master/documentation/SA1514.md) [C:\Projects\Hazina\src\Core\Agents\Hazina.AgentFactory\Hazina.AgentFactory.csproj::TargetFramework=net9.0]
C:\Projects\Hazina\src\Core\Agents\Hazina.AgentFactory\Models\StoreEntry.cs(9,1): warning SA1516: Elements should be separated by blank line (https://github.com/DotNetAnalyzers/StyleCopAnalyzers/blob/master/documentation/SA1516.md) [C:\Projects\Hazina\src\Core\Agents\Hazina.AgentFactory\Hazina.AgentFactory.csproj::TargetFramework=net9.0]
C:\Projects\Hazina\src\Core\Agents\Hazina.AgentFactory\Models\StoreEntry.cs(14,1): warning SA1516: Elements should be separated by blank line (https://github.com/DotNetAnalyzers/StyleCopAnalyzers/blob/master/documentation/SA1516.md) [C:\Projects\Hazina\src\Core\Agents\Hazina.AgentFactory\Hazina.AgentFactory.csproj::TargetFramework=net9.0]
C:\Projects\Hazina\src\Core\Agents\Hazina.AgentFactory\Models\AgentCardModel.cs(24,1): warning SA1516: Elements should be separated by blank line (https://github.com/DotNetAnalyzers/StyleCopAnalyzers/blob/master/documentation/SA1516.md) [C:\Projects\Hazina\src\Core\Agents\Hazina.AgentFactory\Hazina.AgentFactory.csproj::TargetFramework=net9.0]
C:\Projects\Hazina\src\Core\Agents\Hazina.AgentFactory\Models\StoreEntry.cs(19,1): warning SA1516: Elements should be separated by blank line (https://github.com/DotNetAnalyzers/StyleCopAnalyzers/blob/master/documentation/SA1516.md) [C:\Projects\Hazina\src\Core\Agents\Hazina.AgentFactory\Hazina.AgentFactory.csproj::TargetFramework=net9.0]
C:\Projects\Hazina\src\Core\Agents\Hazina.AgentFactory\Models\AgentCardModel.cs(25,1): warning SA1516: Elements should be separated by blank line (https://github.com/DotNetAnalyzers/StyleCopAnalyzers/blob/master/documentation/SA1516.md) [C:\Projects\Hazina\src\Core\Agents\Hazina.AgentFactory\Hazina.AgentFactory.csproj::TargetFramework=net9.0]
C:\Projects\Hazina\src\Core\Agents\Hazina.AgentFactory\Models\StoreEntry.cs(20,1): warning SA1516: Elements should be separated by blank line (https://github.com/DotNetAnalyzers/StyleCopAnalyzers/blob/master/documentation/SA1516.md) [C:\Projects\Hazina\src\Core\Agents\Hazina.AgentFactory\Hazina.AgentFactory.csproj::TargetFramework=net9.0]
C:\Projects\Hazina\src\Core\Agents\Hazina.AgentFactory\Models\AgentCardModel.cs(26,1): warning SA1516: Elements should be separated by blank line (https://github.com/DotNetAnalyzers/StyleCopAnalyzers/blob/master/documentation/SA1516.md) [C:\Projects\Hazina\src\Core\Agents\Hazina.AgentFactory\Hazina.AgentFactory.csproj::TargetFramework=net9.0]
C:\Projects\Hazina\src\Core\Agents\Hazina.AgentFactory\Models\AgentCardModel.cs(27,1): warning SA1516: Elements should be separated by blank line (https://github.com/DotNetAnalyzers/StyleCopAnalyzers/blob/master/documentation/SA1516.md) [C:\Projects\Hazina\src\Core\Agents\Hazina.AgentFactory\Hazina.AgentFactory.csproj::TargetFramework=net9.0]
C:\Projects\Hazina\src\Core\Agents\Hazina.AgentFactory\Models\AgentCardModel.cs(28,1): warning SA1516: Elements should be separated by blank line (https://github.com/DotNetAnalyzers/StyleCopAnalyzers/blob/master/documentation/SA1516.md) [C:\Projects\Hazina\src\Core\Agents\Hazina.AgentFactory\Hazina.AgentFactory.csproj::TargetFramework=net9.0]
C:\Projects\Hazina\src\Core\Agents\Hazina.AgentFactory\Models\AgentCardModel.cs(29,1): warning SA1516: Elements should be separated by blank line (https://github.com/DotNetAnalyzers/StyleCopAnalyzers/blob/master/documentation/SA1516.md) [C:\Projects\Hazina\src\Core\Agents\Hazina.AgentFactory\Hazina.AgentFactory.csproj::TargetFramework=net9.0]
C:\Projects\Hazina\src\Core\Agents\Hazina.AgentFactory\Models\AgentCardModel.cs(30,1): warning SA1516: Elements should be separated by blank line (https://github.com/DotNetAnalyzers/StyleCopAnalyzers/blob/master/documentation/SA1516.md) [C:\Projects\Hazina\src\Core\Agents\Hazina.AgentFactory\Hazina.AgentFactory.csproj::TargetFramework=net9.0]
C:\Projects\Hazina\src\Core\Agents\Hazina.AgentFactory\Models\AgentCardModel.cs(31,1): warning SA1516: Elements should be separated by blank line (https://github.com/DotNetAnalyzers/StyleCopAnalyzers/blob/master/documentation/SA1516.md) [C:\Projects\Hazina\src\Core\Agents\Hazina.AgentFactory\Hazina.AgentFactory.csproj::TargetFramework=net9.0]
C:\Projects\Hazina\src\Core\Agents\Hazina.AgentFactory\Models\AgentCardModel.cs(32,1): warning SA1516: Elements should be separated by blank line (https://github.com/DotNetAnalyzers/StyleCopAnalyzers/blob/master/documentation/SA1516.md) [C:\Projects\Hazina\src\Core\Agents\Hazina.AgentFactory\Hazina.AgentFactory.csproj::TargetFramework=net9.0]
C:\Projects\Hazina\src\Core\Agents\Hazina.AgentFactory\Models\AgentCardModel.cs(33,1): warning SA1516: Elements should be separated by blank line (https://github.com/DotNetAnalyzers/StyleCopAnalyzers/blob/master/documentation/SA1516.md) [C:\Projects\Hazina\src\Core\Agents\Hazina.AgentFactory\Hazina.AgentFactory.csproj::TargetFramework=net9.0]
C:\Projects\Hazina\src\Core\Agents\Hazina.AgentFactory\Models\AgentCardModel.cs(34,1): warning SA1516: Elements should be separated by blank line (https://github.com/DotNetAnalyzers/StyleCopAnalyzers/blob/master/documentation/SA1516.md) [C:\Projects\Hazina\src\Core\Agents\Hazina.AgentFactory\Hazina.AgentFactory.csproj::TargetFramework=net9.0]
C:\Projects\Hazina\src\Core\Agents\Hazina.AgentFactory\Models\AgentCardModel.cs(35,1): warning SA1516: Elements should be separated by blank line (https://github.com/DotNetAnalyzers/StyleCopAnalyzers/blob/master/documentation/SA1516.md) [C:\Projects\Hazina\src\Core\Agents\Hazina.AgentFactory\Hazina.AgentFactory.csproj::TargetFramework=net9.0]
C:\Projects\Hazina\src\Core\Agents\Hazina.AgentFactory\Models\AgentCardModel.cs(36,1): warning SA1516: Elements should be separated by blank line (https://github.com/DotNetAnalyzers/StyleCopAnalyzers/blob/master/documentation/SA1516.md) [C:\Projects\Hazina\src\Core\Agents\Hazina.AgentFactory\Hazina.AgentFactory.csproj::TargetFramework=net9.0]
C:\Projects\Hazina\src\Core\Agents\Hazina.AgentFactory\Models\AgentCardModel.cs(39,1): warning SA1516: Elements should be separated by blank line (https://github.com/DotNetAnalyzers/StyleCopAnalyzers/blob/master/documentation/SA1516.md) [C:\Projects\Hazina\src\Core\Agents\Hazina.AgentFactory\Hazina.AgentFactory.csproj::TargetFramework=net9.0]
C:\Projects\Hazina\src\Core\Agents\Hazina.AgentFactory\Models\IsReadyResult.cs(6,1): warning SA1516: Elements should be separated by blank line (https://github.com/DotNetAnalyzers/StyleCopAnalyzers/blob/master/documentation/SA1516.md) [C:\Projects\Hazina\src\Core\Agents\Hazina.AgentFactory\Hazina.AgentFactory.csproj::TargetFramework=net9.0]
C:\Projects\Hazina\src\Core\Agents\Hazina.AgentFactory\Models\IsReadyResult.cs(7,1): warning SA1516: Elements should be separated by blank line (https://github.com/DotNetAnalyzers/StyleCopAnalyzers/blob/master/documentation/SA1516.md) [C:\Projects\Hazina\src\Core\Agents\Hazina.AgentFactory\Hazina.AgentFactory.csproj::TargetFramework=net9.0]
C:\Projects\Hazina\src\Core\Agents\Hazina.AgentFactory\Models\IsReadyResult.cs(9,1): warning SA1516: Elements should be separated by blank line (https://github.com/DotNetAnalyzers/StyleCopAnalyzers/blob/master/documentation/SA1516.md) [C:\Projects\Hazina\src\Core\Agents\Hazina.AgentFactory\Hazina.AgentFactory.csproj::TargetFramework=net9.0]
C:\Projects\Hazina\src\Core\Agents\Hazina.AgentFactory\Models\StoreRef.cs(1,14): warning CA1050: Declare types in namespaces (https://learn.microsoft.com/dotnet/fundamentals/code-analysis/quality-rules/ca1050) [C:\Projects\Hazina\src\Core\Agents\Hazina.AgentFactory\Hazina.AgentFactory.csproj::TargetFramework=net9.0]
C:\Projects\Hazina\src\Core\Agents\Hazina.AgentFactory\Services\Email\IEmailService.cs(9,1): warning SA1516: Elements should be separated by blank line (https://github.com/DotNetAnalyzers/StyleCopAnalyzers/blob/master/documentation/SA1516.md) [C:\Projects\Hazina\src\Core\Agents\Hazina.AgentFactory\Hazina.AgentFactory.csproj::TargetFramework=net9.0]
C:\Projects\Hazina\src\Core\Agents\Hazina.AgentFactory\Services\Email\IEmailService.cs(10,1): warning SA1516: Elements should be separated by blank line (https://github.com/DotNetAnalyzers/StyleCopAnalyzers/blob/master/documentation/SA1516.md) [C:\Projects\Hazina\src\Core\Agents\Hazina.AgentFactory\Hazina.AgentFactory.csproj::TargetFramework=net9.0]
C:\Projects\Hazina\src\Core\Agents\Hazina.AgentFactory\Services\Email\IEmailService.cs(11,1): warning SA1516: Elements should be separated by blank line (https://github.com/DotNetAnalyzers/StyleCopAnalyzers/blob/master/documentation/SA1516.md) [C:\Projects\Hazina\src\Core\Agents\Hazina.AgentFactory\Hazina.AgentFactory.csproj::TargetFramework=net9.0]
C:\Projects\Hazina\src\Core\Agents\Hazina.AgentFactory\Services\Email\IEmailService.cs(12,1): warning SA1516: Elements should be separated by blank line (https://github.com/DotNetAnalyzers/StyleCopAnalyzers/blob/master/documentation/SA1516.md) [C:\Projects\Hazina\src\Core\Agents\Hazina.AgentFactory\Hazina.AgentFactory.csproj::TargetFramework=net9.0]
C:\Projects\Hazina\src\Core\Agents\Hazina.AgentFactory\Services\Email\IEmailService.cs(13,1): warning SA1516: Elements should be separated by blank line (https://github.com/DotNetAnalyzers/StyleCopAnalyzers/blob/master/documentation/SA1516.md) [C:\Projects\Hazina\src\Core\Agents\Hazina.AgentFactory\Hazina.AgentFactory.csproj::TargetFramework=net9.0]
C:\Projects\Hazina\src\Core\Agents\Hazina.AgentFactory\Models\StoreRef.cs(1,14): warning MA0047: Declare type 'StoreRef' in a namespace (https://github.com/meziantou/Meziantou.Analyzer/blob/main/docs/Rules/MA0047.md) [C:\Projects\Hazina\src\Core\Agents\Hazina.AgentFactory\Hazina.AgentFactory.csproj::TargetFramework=net9.0]
C:\Projects\Hazina\src\Core\Agents\Hazina.AgentFactory\Models\StoreRef.cs(1,14): warning S3903: Move 'StoreRef' into a named namespace. (https://rules.sonarsource.com/csharp/RSPEC-3903) [C:\Projects\Hazina\src\Core\Agents\Hazina.AgentFactory\Hazina.AgentFactory.csproj::TargetFramework=net9.0]
C:\Projects\Hazina\src\Core\Agents\Hazina.AgentFactory\Models\StoreRef.cs(4,37): warning CA1805: Member 'Write' is explicitly initialized to its default value (https://learn.microsoft.com/dotnet/fundamentals/code-analysis/quality-rules/ca1805) [C:\Projects\Hazina\src\Core\Agents\Hazina.AgentFactory\Hazina.AgentFactory.csproj::TargetFramework=net9.0]
C:\Projects\Hazina\src\Core\Agents\Hazina.AgentFactory\Models\StoreRef.cs(4,1): warning SA1516: Elements should be separated by blank line (https://github.com/DotNetAnalyzers/StyleCopAnalyzers/blob/master/documentation/SA1516.md) [C:\Projects\Hazina\src\Core\Agents\Hazina.AgentFactory\Hazina.AgentFactory.csproj::TargetFramework=net9.0]
C:\Projects\Hazina\src\Core\Agents\Hazina.AgentFactory\Models\GitOutput.cs(111,21): warning CA1050: Declare types in namespaces (https://learn.microsoft.com/dotnet/fundamentals/code-analysis/quality-rules/ca1050) [C:\Projects\Hazina\src\Core\Agents\Hazina.AgentFactory\Hazina.AgentFactory.csproj::TargetFramework=net9.0]
C:\Projects\Hazina\src\Core\Agents\Hazina.AgentFactory\Models\GitOutput.cs(111,21): warning MA0047: Declare type 'DotNetOutput' in a namespace (https://github.com/meziantou/Meziantou.Analyzer/blob/main/docs/Rules/MA0047.md) [C:\Projects\Hazina\src\Core\Agents\Hazina.AgentFactory\Hazina.AgentFactory.csproj::TargetFramework=net9.0]
C:\Projects\Hazina\src\Core\Agents\Hazina.AgentFactory\Models\GitOutput.cs(111,21): warning MA0048: File name must match type name (https://github.com/meziantou/Meziantou.Analyzer/blob/main/docs/Rules/MA0048.md) [C:\Projects\Hazina\src\Core\Agents\Hazina.AgentFactory\Hazina.AgentFactory.csproj::TargetFramework=net9.0]
C:\Projects\Hazina\src\Core\Agents\Hazina.AgentFactory\Services\Email\EmailSummary.cs(9,1): warning SA1516: Elements should be separated by blank line (https://github.com/DotNetAnalyzers/StyleCopAnalyzers/blob/master/documentation/SA1516.md) [C:\Projects\Hazina\src\Core\Agents\Hazina.AgentFactory\Hazina.AgentFactory.csproj::TargetFramework=net9.0]
C:\Projects\Hazina\src\Core\Agents\Hazina.AgentFactory\Services\Email\EmailSummary.cs(10,1): warning SA1516: Elements should be separated by blank line (https://github.com/DotNetAnalyzers/StyleCopAnalyzers/blob/master/documentation/SA1516.md) [C:\Projects\Hazina\src\Core\Agents\Hazina.AgentFactory\Hazina.AgentFactory.csproj::TargetFramework=net9.0]
C:\Projects\Hazina\src\Core\Agents\Hazina.AgentFactory\Services\Email\EmailSummary.cs(11,1): warning SA1516: Elements should be separated by blank line (https://github.com/DotNetAnalyzers/StyleCopAnalyzers/blob/master/documentation/SA1516.md) [C:\Projects\Hazina\src\Core\Agents\Hazina.AgentFactory\Hazina.AgentFactory.csproj::TargetFramework=net9.0]
C:\Projects\Hazina\src\Core\Agents\Hazina.AgentFactory\Services\Execution\IAgentExecutionService.cs(9,1): warning SA1516: Elements should be separated by blank line (https://github.com/DotNetAnalyzers/StyleCopAnalyzers/blob/master/documentation/SA1516.md) [C:\Projects\Hazina\src\Core\Agents\Hazina.AgentFactory\Hazina.AgentFactory.csproj::TargetFramework=net9.0]
C:\Projects\Hazina\src\Core\Agents\Hazina.AgentFactory\Services\Execution\IAgentExecutionService.cs(10,1): warning SA1516: Elements should be separated by blank line (https://github.com/DotNetAnalyzers/StyleCopAnalyzers/blob/master/documentation/SA1516.md) [C:\Projects\Hazina\src\Core\Agents\Hazina.AgentFactory\Hazina.AgentFactory.csproj::TargetFramework=net9.0]
C:\Projects\Hazina\src\Core\Agents\Hazina.AgentFactory\Services\Execution\IAgentExecutionService.cs(11,1): warning SA1516: Elements should be separated by blank line (https://github.com/DotNetAnalyzers/StyleCopAnalyzers/blob/master/documentation/SA1516.md) [C:\Projects\Hazina\src\Core\Agents\Hazina.AgentFactory\Hazina.AgentFactory.csproj::TargetFramework=net9.0]
C:\Projects\Hazina\src\Core\Agents\Hazina.AgentFactory\Models\GitOutput.cs(111,21): warning S3903: Move 'DotNetOutput' into a named namespace. (https://rules.sonarsource.com/csharp/RSPEC-3903) [C:\Projects\Hazina\src\Core\Agents\Hazina.AgentFactory\Hazina.AgentFactory.csproj::TargetFramework=net9.0]
C:\Projects\Hazina\src\Core\Agents\Hazina.AgentFactory\Configuration\Validation\StoreConfigValidator.cs(1,1): warning SA1633: The file header is missing or not located at the top of the file. (https://github.com/DotNetAnalyzers/StyleCopAnalyzers/blob/master/documentation/SA1633.md) [C:\Projects\Hazina\src\Core\Agents\Hazina.AgentFactory\Hazina.AgentFactory.csproj::TargetFramework=net9.0]
C:\Projects\Hazina\src\Core\Agents\Hazina.AgentFactory\Services\Tools\ToolRegistrationService.cs(30,27): warning CA1002: Change 'List<StoreConfig>' in 'ToolRegistrationService.ToolRegistrationService(List<StoreConfig>, List<AgentConfig>, List<FlowConfig>, IEmailService, IBigQueryService, Func<string, string, string, CancellationToken, Task<string>>, Func<string, string, string, CancellationToken, Task<string>>, Func<string, string, string, CancellationToken, Task<string>>, Func<string, string, string, bool, CancellationToken, Task<string>>, Func<bool>)' to use 'Collection<T>', 'ReadOnlyCollection<T>' or 'KeyedCollection<K,V>' (https://learn.microsoft.com/dotnet/fundamentals/code-analysis/quality-rules/ca1002) [C:\Projects\Hazina\src\Core\Agents\Hazina.AgentFactory\Hazina.AgentFactory.csproj::TargetFramework=net9.0]
C:\Projects\Hazina\src\Core\Agents\Hazina.AgentFactory\Services\Tools\ToolRegistrationService.cs(31,27): warning CA1002: Change 'List<AgentConfig>' in 'ToolRegistrationService.ToolRegistrationService(List<StoreConfig>, List<AgentConfig>, List<FlowConfig>, IEmailService, IBigQueryService, Func<string, string, string, CancellationToken, Task<string>>, Func<string, string, string, CancellationToken, Task<string>>, Func<string, string, string, CancellationToken, Task<string>>, Func<string, string, string, bool, CancellationToken, Task<string>>, Func<bool>)' to use 'Collection<T>', 'ReadOnlyCollection<T>' or 'KeyedCollection<K,V>' (https://learn.microsoft.com/dotnet/fundamentals/code-analysis/quality-rules/ca1002) [C:\Projects\Hazina\src\Core\Agents\Hazina.AgentFactory\Hazina.AgentFactory.csproj::TargetFramework=net9.0]
C:\Projects\Hazina\src\Core\Agents\Hazina.AgentFactory\Services\Tools\ToolRegistrationService.cs(32,26): warning CA1002: Change 'List<FlowConfig>' in 'ToolRegistrationService.ToolRegistrationService(List<StoreConfig>, List<AgentConfig>, List<FlowConfig>, IEmailService, IBigQueryService, Func<string, string, string, CancellationToken, Task<string>>, Func<string, string, string, CancellationToken, Task<string>>, Func<string, string, string, CancellationToken, Task<string>>, Func<string, string, string, bool, CancellationToken, Task<string>>, Func<bool>)' to use 'Collection<T>', 'ReadOnlyCollection<T>' or 'KeyedCollection<K,V>' (https://learn.microsoft.com/dotnet/fundamentals/code-analysis/quality-rules/ca1002) [C:\Projects\Hazina\src\Core\Agents\Hazina.AgentFactory\Hazina.AgentFactory.csproj::TargetFramework=net9.0]
C:\Projects\Hazina\src\Core\Agents\Hazina.AgentFactory\Services\Tools\ToolRegistrationService.cs(30,9): warning MA0016: Prefer using collection abstraction instead of implementation (https://github.com/meziantou/Meziantou.Analyzer/blob/main/docs/Rules/MA0016.md) [C:\Projects\Hazina\src\Core\Agents\Hazina.AgentFactory\Hazina.AgentFactory.csproj::TargetFramework=net9.0]
C:\Projects\Hazina\src\Core\Agents\Hazina.AgentFactory\Services\Tools\ToolRegistrationService.cs(31,9): warning MA0016: Prefer using collection abstraction instead of implementation (https://github.com/meziantou/Meziantou.Analyzer/blob/main/docs/Rules/MA0016.md) [C:\Projects\Hazina\src\Core\Agents\Hazina.AgentFactory\Hazina.AgentFactory.csproj::TargetFramework=net9.0]
C:\Projects\Hazina\src\Core\Agents\Hazina.AgentFactory\Services\Tools\ToolRegistrationService.cs(32,9): warning MA0016: Prefer using collection abstraction instead of implementation (https://github.com/meziantou/Meziantou.Analyzer/blob/main/docs/Rules/MA0016.md) [C:\Projects\Hazina\src\Core\Agents\Hazina.AgentFactory\Hazina.AgentFactory.csproj::TargetFramework=net9.0]
C:\Projects\Hazina\src\Core\Agents\Hazina.AgentFactory\Configuration\Formatters\FlowConfigFormatHelper.cs(9,36): warning CA1002: Change 'List<FlowConfig>' in 'FlowConfigFormatHelper.AutoDetectAndParse(string)' to use 'Collection<T>', 'ReadOnlyCollection<T>' or 'KeyedCollection<K,V>' (https://learn.microsoft.com/dotnet/fundamentals/code-analysis/quality-rules/ca1002) [C:\Projects\Hazina\src\Core\Agents\Hazina.AgentFactory\Hazina.AgentFactory.csproj::TargetFramework=net9.0]
C:\Projects\Hazina\src\Core\Agents\Hazina.AgentFactory\Configuration\Formatters\FlowConfigFormatHelper.cs(9,19): warning MA0016: Prefer using collection abstraction instead of implementation (https://github.com/meziantou/Meziantou.Analyzer/blob/main/docs/Rules/MA0016.md) [C:\Projects\Hazina\src\Core\Agents\Hazina.AgentFactory\Hazina.AgentFactory.csproj::TargetFramework=net9.0]
C:\Projects\Hazina\src\Core\Agents\Hazina.AgentFactory\Configuration\Formatters\AgentConfigFormatHelper.cs(11,37): warning CA1002: Change 'List<AgentConfig>' in 'AgentConfigFormatHelper.AutoDetectAndParse(string)' to use 'Collection<T>', 'ReadOnlyCollection<T>' or 'KeyedCollection<K,V>' (https://learn.microsoft.com/dotnet/fundamentals/code-analysis/quality-rules/ca1002) [C:\Projects\Hazina\src\Core\Agents\Hazina.AgentFactory\Hazina.AgentFactory.csproj::TargetFramework=net9.0]
C:\Projects\Hazina\src\Core\Agents\Hazina.AgentFactory\Configuration\Formatters\AgentConfigFormatHelper.cs(11,19): warning MA0016: Prefer using collection abstraction instead of implementation (https://github.com/meziantou/Meziantou.Analyzer/blob/main/docs/Rules/MA0016.md) [C:\Projects\Hazina\src\Core\Agents\Hazina.AgentFactory\Hazina.AgentFactory.csproj::TargetFramework=net9.0]
C:\Projects\Hazina\src\Core\Agents\Hazina.AgentFactory\Configuration\Formatters\StoreConfigFormatHelper.cs(11,37): warning CA1002: Change 'List<StoreConfig>' in 'StoreConfigFormatHelper.AutoDetectAndParse(string)' to use 'Collection<T>', 'ReadOnlyCollection<T>' or 'KeyedCollection<K,V>' (https://learn.microsoft.com/dotnet/fundamentals/code-analysis/quality-rules/ca1002) [C:\Projects\Hazina\src\Core\Agents\Hazina.AgentFactory\Hazina.AgentFactory.csproj::TargetFramework=net9.0]
C:\Projects\Hazina\src\Core\Agents\Hazina.AgentFactory\Configuration\Formatters\StoreConfigFormatHelper.cs(11,19): warning MA0016: Prefer using collection abstraction instead of implementation (https://github.com/meziantou/Meziantou.Analyzer/blob/main/docs/Rules/MA0016.md) [C:\Projects\Hazina\src\Core\Agents\Hazina.AgentFactory\Hazina.AgentFactory.csproj::TargetFramework=net9.0]
C:\Projects\Hazina\src\Core\Agents\Hazina.AgentFactory\Configuration\Formatters\AgentConfigFormatHelper.cs(31,19): warning S112: 'System.Exception' should not be thrown by user code. (https://rules.sonarsource.com/csharp/RSPEC-112) [C:\Projects\Hazina\src\Core\Agents\Hazina.AgentFactory\Hazina.AgentFactory.csproj::TargetFramework=net9.0]
C:\Projects\Hazina\src\Core\Agents\Hazina.AgentFactory\Configuration\Formatters\FlowConfigFormatHelper.cs(29,19): warning S112: 'System.Exception' should not be thrown by user code. (https://rules.sonarsource.com/csharp/RSPEC-112) [C:\Projects\Hazina\src\Core\Agents\Hazina.AgentFactory\Hazina.AgentFactory.csproj::TargetFramework=net9.0]
C:\Projects\Hazina\src\Core\Agents\Hazina.AgentFactory\Configuration\Formatters\AgentConfigFormatHelper.cs(31,19): warning CA2201: Exception type System.Exception is not sufficiently specific (https://learn.microsoft.com/dotnet/fundamentals/code-analysis/quality-rules/ca2201) [C:\Projects\Hazina\src\Core\Agents\Hazina.AgentFactory\Hazina.AgentFactory.csproj::TargetFramework=net9.0]
C:\Projects\Hazina\src\Core\Agents\Hazina.AgentFactory\Models\AgentCardModel.cs(23,59): warning SA1107: Code should not contain multiple statements on one line (https://github.com/DotNetAnalyzers/StyleCopAnalyzers/blob/master/documentation/SA1107.md) [C:\Projects\Hazina\src\Core\Agents\Hazina.AgentFactory\Hazina.AgentFactory.csproj::TargetFramework=net9.0]
C:\Projects\Hazina\src\Core\Agents\Hazina.AgentFactory\Configuration\Formatters\AgentConfigFormatHelper.cs(31,19): warning MA0054: Embed the caught exception as innerException (https://github.com/meziantou/Meziantou.Analyzer/blob/main/docs/Rules/MA0054.md) [C:\Projects\Hazina\src\Core\Agents\Hazina.AgentFactory\Hazina.AgentFactory.csproj::TargetFramework=net9.0]
C:\Projects\Hazina\src\Core\Agents\Hazina.AgentFactory\Configuration\Formatters\FlowConfigFormatHelper.cs(29,19): warning CA2201: Exception type System.Exception is not sufficiently specific (https://learn.microsoft.com/dotnet/fundamentals/code-analysis/quality-rules/ca2201) [C:\Projects\Hazina\src\Core\Agents\Hazina.AgentFactory\Hazina.AgentFactory.csproj::TargetFramework=net9.0]
C:\Projects\Hazina\src\Core\Agents\Hazina.AgentFactory\Configuration\Validation\ValidationDiagnostic.cs(1,1): warning SA1633: The file header is missing or not located at the top of the file. (https://github.com/DotNetAnalyzers/StyleCopAnalyzers/blob/master/documentation/SA1633.md) [C:\Projects\Hazina\src\Core\Agents\Hazina.AgentFactory\Hazina.AgentFactory.csproj::TargetFramework=net9.0]
C:\Projects\Hazina\src\Core\Agents\Hazina.AgentFactory\Configuration\Formatters\FlowConfigFormatHelper.cs(29,19): warning MA0054: Embed the caught exception as innerException (https://github.com/meziantou/Meziantou.Analyzer/blob/main/docs/Rules/MA0054.md) [C:\Projects\Hazina\src\Core\Agents\Hazina.AgentFactory\Hazina.AgentFactory.csproj::TargetFramework=net9.0]
C:\Projects\Hazina\src\Core\Agents\Hazina.AgentFactory\Configuration\Formatters\StoreConfigFormatHelper.cs(31,19): warning S112: 'System.Exception' should not be thrown by user code. (https://rules.sonarsource.com/csharp/RSPEC-112) [C:\Projects\Hazina\src\Core\Agents\Hazina.AgentFactory\Hazina.AgentFactory.csproj::TargetFramework=net9.0]
C:\Projects\Hazina\src\Core\Agents\Hazina.AgentFactory\Configuration\Formatters\StoreConfigFormatHelper.cs(31,19): warning CA2201: Exception type System.Exception is not sufficiently specific (https://learn.microsoft.com/dotnet/fundamentals/code-analysis/quality-rules/ca2201) [C:\Projects\Hazina\src\Core\Agents\Hazina.AgentFactory\Hazina.AgentFactory.csproj::TargetFramework=net9.0]
C:\Projects\Hazina\src\Core\Agents\Hazina.AgentFactory\Models\FlowCardModels.cs(21,35): warning SA1501: Statement should not be on a single line (https://github.com/DotNetAnalyzers/StyleCopAnalyzers/blob/master/documentation/SA1501.md) [C:\Projects\Hazina\src\Core\Agents\Hazina.AgentFactory\Hazina.AgentFactory.csproj::TargetFramework=net9.0]
C:\Projects\Hazina\src\Core\Agents\Hazina.AgentFactory\Models\FlowCardModels.cs(21,52): warning SA1107: Code should not contain multiple statements on one line (https://github.com/DotNetAnalyzers/StyleCopAnalyzers/blob/master/documentation/SA1107.md) [C:\Projects\Hazina\src\Core\Agents\Hazina.AgentFactory\Hazina.AgentFactory.csproj::TargetFramework=net9.0]
C:\Projects\Hazina\src\Core\Agents\Hazina.AgentFactory\Configuration\Formatters\StoreConfigFormatHelper.cs(31,19): warning MA0054: Embed the caught exception as innerException (https://github.com/meziantou/Meziantou.Analyzer/blob/main/docs/Rules/MA0054.md) [C:\Projects\Hazina\src\Core\Agents\Hazina.AgentFactory\Hazina.AgentFactory.csproj::TargetFramework=net9.0]
C:\Projects\Hazina\src\Core\Agents\Hazina.AgentFactory\Configuration\Formatters\AgentConfigFormatHelper.cs(19,13): warning CA1031: Modify 'AutoDetectAndParse' to catch a more specific allowed exception type, or rethrow the exception (https://learn.microsoft.com/dotnet/fundamentals/code-analysis/quality-rules/ca1031) [C:\Projects\Hazina\src\Core\Agents\Hazina.AgentFactory\Hazina.AgentFactory.csproj::TargetFramework=net9.0]
C:\Projects\Hazina\src\Core\Agents\Hazina.AgentFactory\Models\FlowCardModels.cs(21,19): warning MA0006: Use string.Equals instead of NotEquals operator (https://github.com/meziantou/Meziantou.Analyzer/blob/main/docs/Rules/MA0006.md) [C:\Projects\Hazina\src\Core\Agents\Hazina.AgentFactory\Hazina.AgentFactory.csproj::TargetFramework=net9.0]
C:\Projects\Hazina\src\Core\Agents\Hazina.AgentFactory\Configuration\Formatters\FlowConfigFormatHelper.cs(41,21): warning S6610: "StartsWith" overloads that take a "char" should be used (https://rules.sonarsource.com/csharp/RSPEC-6610) [C:\Projects\Hazina\src\Core\Agents\Hazina.AgentFactory\Hazina.AgentFactory.csproj::TargetFramework=net9.0]
C:\Projects\Hazina\src\Core\Agents\Hazina.AgentFactory\Configuration\Formatters\FlowConfigFormatHelper.cs(41,48): warning S6610: "StartsWith" overloads that take a "char" should be used (https://rules.sonarsource.com/csharp/RSPEC-6610) [C:\Projects\Hazina\src\Core\Agents\Hazina.AgentFactory\Hazina.AgentFactory.csproj::TargetFramework=net9.0]
C:\Projects\Hazina\src\Core\Agents\Hazina.AgentFactory\Configuration\Formatters\FlowConfigFormatHelper.cs(44,21): warning S6610: "StartsWith" overloads that take a "char" should be used (https://rules.sonarsource.com/csharp/RSPEC-6610) [C:\Projects\Hazina\src\Core\Agents\Hazina.AgentFactory\Hazina.AgentFactory.csproj::TargetFramework=net9.0]
C:\Projects\Hazina\src\Core\Agents\Hazina.AgentFactory\Models\AgentCardModel.cs(24,80): warning SA1107: Code should not contain multiple statements on one line (https://github.com/DotNetAnalyzers/StyleCopAnalyzers/blob/master/documentation/SA1107.md) [C:\Projects\Hazina\src\Core\Agents\Hazina.AgentFactory\Hazina.AgentFactory.csproj::TargetFramework=net9.0]
C:\Projects\Hazina\src\Core\Agents\Hazina.AgentFactory\Configuration\Formatters\FlowConfigFormatHelper.cs(39,46): warning SA1503: Braces should not be omitted (https://github.com/DotNetAnalyzers/StyleCopAnalyzers/blob/master/documentation/SA1503.md) [C:\Projects\Hazina\src\Core\Agents\Hazina.AgentFactory\Hazina.AgentFactory.csproj::TargetFramework=net9.0]
C:\Projects\Hazina\src\Core\Agents\Hazina.AgentFactory\Configuration\Formatters\FlowConfigFormatHelper.cs(42,13): warning SA1503: Braces should not be omitted (https://github.com/DotNetAnalyzers/StyleCopAnalyzers/blob/master/documentation/SA1503.md) [C:\Projects\Hazina\src\Core\Agents\Hazina.AgentFactory\Hazina.AgentFactory.csproj::TargetFramework=net9.0]
C:\Projects\Hazina\src\Core\Agents\Hazina.AgentFactory\Configuration\Formatters\FlowConfigFormatHelper.cs(45,13): warning SA1503: Braces should not be omitted (https://github.com/DotNetAnalyzers/StyleCopAnalyzers/blob/master/documentation/SA1503.md) [C:\Projects\Hazina\src\Core\Agents\Hazina.AgentFactory\Hazina.AgentFactory.csproj::TargetFramework=net9.0]
C:\Projects\Hazina\src\Core\Agents\Hazina.AgentFactory\Configuration\Formatters\FlowConfigFormatHelper.cs(48,13): warning SA1503: Braces should not be omitted (https://github.com/DotNetAnalyzers/StyleCopAnalyzers/blob/master/documentation/SA1503.md) [C:\Projects\Hazina\src\Core\Agents\Hazina.AgentFactory\Hazina.AgentFactory.csproj::TargetFramework=net9.0]
C:\Projects\Hazina\src\Core\Agents\Hazina.AgentFactory\Configuration\Formatters\FlowConfigFormatHelper.cs(41,31): warning CA1866: Use 'string.StartsWith(char)' instead of 'string.StartsWith(string)' when you have a string with a single char (https://learn.microsoft.com/dotnet/fundamentals/code-analysis/quality-rules/ca1866) [C:\Projects\Hazina\src\Core\Agents\Hazina.AgentFactory\Hazina.AgentFactory.csproj::TargetFramework=net9.0]
C:\Projects\Hazina\src\Core\Agents\Hazina.AgentFactory\Configuration\Formatters\FlowConfigFormatHelper.cs(41,58): warning CA1866: Use 'string.StartsWith(char)' instead of 'string.StartsWith(string)' when you have a string with a single char (https://learn.microsoft.com/dotnet/fundamentals/code-analysis/quality-rules/ca1866) [C:\Projects\Hazina\src\Core\Agents\Hazina.AgentFactory\Hazina.AgentFactory.csproj::TargetFramework=net9.0]
C:\Projects\Hazina\src\Core\Agents\Hazina.AgentFactory\Configuration\Formatters\FlowConfigFormatHelper.cs(44,31): warning CA1866: Use 'string.StartsWith(char)' instead of 'string.StartsWith(string)' when you have a string with a single char (https://learn.microsoft.com/dotnet/fundamentals/code-analysis/quality-rules/ca1866) [C:\Projects\Hazina\src\Core\Agents\Hazina.AgentFactory\Hazina.AgentFactory.csproj::TargetFramework=net9.0]
C:\Projects\Hazina\src\Core\Agents\Hazina.AgentFactory\Configuration\Formatters\StoreConfigFormatHelper.cs(19,13): warning CA1031: Modify 'AutoDetectAndParse' to catch a more specific allowed exception type, or rethrow the exception (https://learn.microsoft.com/dotnet/fundamentals/code-analysis/quality-rules/ca1031) [C:\Projects\Hazina\src\Core\Agents\Hazina.AgentFactory\Hazina.AgentFactory.csproj::TargetFramework=net9.0]
C:\Projects\Hazina\src\Core\Agents\Hazina.AgentFactory\Configuration\Formatters\FlowConfigFormatHelper.cs(17,13): warning CA1031: Modify 'AutoDetectAndParse' to catch a more specific allowed exception type, or rethrow the exception (https://learn.microsoft.com/dotnet/fundamentals/code-analysis/quality-rules/ca1031) [C:\Projects\Hazina\src\Core\Agents\Hazina.AgentFactory\Hazina.AgentFactory.csproj::TargetFramework=net9.0]
C:\Projects\Hazina\src\Core\Agents\Hazina.AgentFactory\Configuration\Formatters\FlowConfigFormatHelper.cs(44,58): warning CA1847: Use 'string.Contains(char)' instead of 'string.Contains(string)' when searching for a single character (https://learn.microsoft.com/dotnet/fundamentals/code-analysis/quality-rules/ca1847) [C:\Projects\Hazina\src\Core\Agents\Hazina.AgentFactory\Hazina.AgentFactory.csproj::TargetFramework=net9.0]
C:\Projects\Hazina\src\Core\Agents\Hazina.AgentFactory\Configuration\Formatters\FlowConfigFormatHelper.cs(44,83): warning CA1847: Use 'string.Contains(char)' instead of 'string.Contains(string)' when searching for a single character (https://learn.microsoft.com/dotnet/fundamentals/code-analysis/quality-rules/ca1847) [C:\Projects\Hazina\src\Core\Agents\Hazina.AgentFactory\Hazina.AgentFactory.csproj::TargetFramework=net9.0]
C:\Projects\Hazina\src\Core\Agents\Hazina.AgentFactory\Configuration\Formatters\FlowConfigFormatHelper.cs(41,13): warning CA1310: The behavior of 'string.StartsWith(string)' could vary based on the current user's locale settings. Replace this call in 'FlowConfigFormatHelper.IsLikelyJson(string)' with a call to 'string.StartsWith(string, System.StringComparison)'. (https://learn.microsoft.com/dotnet/fundamentals/code-analysis/quality-rules/ca1310) [C:\Projects\Hazina\src\Core\Agents\Hazina.AgentFactory\Hazina.AgentFactory.csproj::TargetFramework=net9.0]
C:\Projects\Hazina\src\Core\Agents\Hazina.AgentFactory\Configuration\Formatters\FlowConfigFormatHelper.cs(41,40): warning CA1310: The behavior of 'string.StartsWith(string)' could vary based on the current user's locale settings. Replace this call in 'FlowConfigFormatHelper.IsLikelyJson(string)' with a call to 'string.StartsWith(string, System.StringComparison)'. (https://learn.microsoft.com/dotnet/fundamentals/code-analysis/quality-rules/ca1310) [C:\Projects\Hazina\src\Core\Agents\Hazina.AgentFactory\Hazina.AgentFactory.csproj::TargetFramework=net9.0]
C:\Projects\Hazina\src\Core\Agents\Hazina.AgentFactory\Configuration\Formatters\FlowConfigFormatHelper.cs(44,13): warning CA1310: The behavior of 'string.StartsWith(string)' could vary based on the current user's locale settings. Replace this call in 'FlowConfigFormatHelper.IsLikelyJson(string)' with a call to 'string.StartsWith(string, System.StringComparison)'. (https://learn.microsoft.com/dotnet/fundamentals/code-analysis/quality-rules/ca1310) [C:\Projects\Hazina\src\Core\Agents\Hazina.AgentFactory\Hazina.AgentFactory.csproj::TargetFramework=net9.0]
C:\Projects\Hazina\src\Core\Agents\Hazina.AgentFactory\Configuration\Formatters\FlowConfigFormatHelper.cs(44,41): warning CA1307: 'string.Contains(string)' has a method overload that takes a 'StringComparison' parameter. Replace this call in 'FlowConfigFormatHelper.IsLikelyJson(string)' with a call to 'string.Contains(string, System.StringComparison)' for clarity of intent. (https://learn.microsoft.com/dotnet/fundamentals/code-analysis/quality-rules/ca1307) [C:\Projects\Hazina\src\Core\Agents\Hazina.AgentFactory\Hazina.AgentFactory.csproj::TargetFramework=net9.0]
C:\Projects\Hazina\src\Core\Agents\Hazina.AgentFactory\Configuration\Formatters\FlowConfigFormatHelper.cs(44,66): warning CA1307: 'string.Contains(string)' has a method overload that takes a 'StringComparison' parameter. Replace this call in 'FlowConfigFormatHelper.IsLikelyJson(string)' with a call to 'string.Contains(string, System.StringComparison)' for clarity of intent. (https://learn.microsoft.com/dotnet/fundamentals/code-analysis/quality-rules/ca1307) [C:\Projects\Hazina\src\Core\Agents\Hazina.AgentFactory\Hazina.AgentFactory.csproj::TargetFramework=net9.0]
  Hazina.Observability.Core.LoadTests -> C:\Projects\Hazina\artifacts\tests\Hazina.Observability.Core.LoadTests\bin\Debug\Hazina.Observability.Core.LoadTests.dll
C:\Projects\Hazina\src\Core\Agents\Hazina.AgentFactory\Configuration\Formatters\FlowConfigFormatHelper.cs(47,13): warning CA1310: The behavior of 'string.StartsWith(string)' could vary based on the current user's locale settings. Replace this call in 'FlowConfigFormatHelper.IsLikelyJson(string)' with a call to 'string.StartsWith(string, System.StringComparison)'. (https://learn.microsoft.com/dotnet/fundamentals/code-analysis/quality-rules/ca1310) [C:\Projects\Hazina\src\Core\Agents\Hazina.AgentFactory\Hazina.AgentFactory.csproj::TargetFramework=net9.0]
C:\Projects\Hazina\src\Core\Agents\Hazina.AgentFactory\Models\FlowCardModels.cs(27,42): warning SA1501: Statement should not be on a single line (https://github.com/DotNetAnalyzers/StyleCopAnalyzers/blob/master/documentation/SA1501.md) [C:\Projects\Hazina\src\Core\Agents\Hazina.AgentFactory\Hazina.AgentFactory.csproj::TargetFramework=net9.0]
C:\Projects\Hazina\src\Core\Agents\Hazina.AgentFactory\Models\FlowCardModels.cs(27,66): warning SA1107: Code should not contain multiple statements on one line (https://github.com/DotNetAnalyzers/StyleCopAnalyzers/blob/master/documentation/SA1107.md) [C:\Projects\Hazina\src\Core\Agents\Hazina.AgentFactory\Hazina.AgentFactory.csproj::TargetFramework=net9.0]
C:\Projects\Hazina\src\Core\Agents\Hazina.AgentFactory\Configuration\Formatters\FlowConfigFormatHelper.cs(47,9): warning MA0140: Both if and else branch have identical code (https://github.com/meziantou/Meziantou.Analyzer/blob/main/docs/Rules/MA0140.md) [C:\Projects\Hazina\src\Core\Agents\Hazina.AgentFactory\Hazina.AgentFactory.csproj::TargetFramework=net9.0]
C:\Projects\Hazina\src\Core\Agents\Hazina.AgentFactory\Core\AgentFactory.cs(1,1): warning SA1633: The file header is missing or not located at the top of the file. (https://github.com/DotNetAnalyzers/StyleCopAnalyzers/blob/master/documentation/SA1633.md) [C:\Projects\Hazina\src\Core\Agents\Hazina.AgentFactory\Hazina.AgentFactory.csproj::TargetFramework=net9.0]
C:\Projects\Hazina\src\Core\Agents\Hazina.AgentFactory\Models\AgentCardModel.cs(25,65): warning SA1107: Code should not contain multiple statements on one line (https://github.com/DotNetAnalyzers/StyleCopAnalyzers/blob/master/documentation/SA1107.md) [C:\Projects\Hazina\src\Core\Agents\Hazina.AgentFactory\Hazina.AgentFactory.csproj::TargetFramework=net9.0]
C:\Projects\Hazina\src\Core\Agents\Hazina.AgentFactory\Models\FlowCardModels.cs(27,19): warning MA0006: Use string.Equals instead of NotEquals operator (https://github.com/meziantou/Meziantou.Analyzer/blob/main/docs/Rules/MA0006.md) [C:\Projects\Hazina\src\Core\Agents\Hazina.AgentFactory\Hazina.AgentFactory.csproj::TargetFramework=net9.0]
C:\Projects\Hazina\src\Core\Agents\Hazina.AgentFactory\Configuration\Formatters\StoreConfigFormatHelper.cs(43,21): warning S6610: "StartsWith" overloads that take a "char" should be used (https://rules.sonarsource.com/csharp/RSPEC-6610) [C:\Projects\Hazina\src\Core\Agents\Hazina.AgentFactory\Hazina.AgentFactory.csproj::TargetFramework=net9.0]
C:\Projects\Hazina\src\Core\Agents\Hazina.AgentFactory\Configuration\Formatters\StoreConfigFormatHelper.cs(43,48): warning S6610: "StartsWith" overloads that take a "char" should be used (https://rules.sonarsource.com/csharp/RSPEC-6610) [C:\Projects\Hazina\src\Core\Agents\Hazina.AgentFactory\Hazina.AgentFactory.csproj::TargetFramework=net9.0]
C:\Projects\Hazina\src\Core\Agents\Hazina.AgentFactory\Configuration\Formatters\StoreConfigFormatHelper.cs(46,21): warning S6610: "StartsWith" overloads that take a "char" should be used (https://rules.sonarsource.com/csharp/RSPEC-6610) [C:\Projects\Hazina\src\Core\Agents\Hazina.AgentFactory\Hazina.AgentFactory.csproj::TargetFramework=net9.0]
C:\Projects\Hazina\src\Core\Agents\Hazina.AgentFactory\Configuration\Formatters\StoreConfigFormatHelper.cs(41,46): warning SA1503: Braces should not be omitted (https://github.com/DotNetAnalyzers/StyleCopAnalyzers/blob/master/documentation/SA1503.md) [C:\Projects\Hazina\src\Core\Agents\Hazina.AgentFactory\Hazina.AgentFactory.csproj::TargetFramework=net9.0]
C:\Projects\Hazina\src\Core\Agents\Hazina.AgentFactory\Configuration\Formatters\StoreConfigFormatHelper.cs(44,13): warning SA1503: Braces should not be omitted (https://github.com/DotNetAnalyzers/StyleCopAnalyzers/blob/master/documentation/SA1503.md) [C:\Projects\Hazina\src\Core\Agents\Hazina.AgentFactory\Hazina.AgentFactory.csproj::TargetFramework=net9.0]
C:\Projects\Hazina\src\Core\Agents\Hazina.AgentFactory\Configuration\Formatters\StoreConfigFormatHelper.cs(47,13): warning SA1503: Braces should not be omitted (https://github.com/DotNetAnalyzers/StyleCopAnalyzers/blob/master/documentation/SA1503.md) [C:\Projects\Hazina\src\Core\Agents\Hazina.AgentFactory\Hazina.AgentFactory.csproj::TargetFramework=net9.0]
C:\Projects\Hazina\src\Core\Agents\Hazina.AgentFactory\Configuration\Formatters\StoreConfigFormatHelper.cs(50,13): warning SA1503: Braces should not be omitted (https://github.com/DotNetAnalyzers/StyleCopAnalyzers/blob/master/documentation/SA1503.md) [C:\Projects\Hazina\src\Core\Agents\Hazina.AgentFactory\Hazina.AgentFactory.csproj::TargetFramework=net9.0]
C:\Projects\Hazina\src\Core\Agents\Hazina.AgentFactory\Models\BuildOutput.cs(34,62): warning S1075: Remove this hardcoded path-delimiter. (https://rules.sonarsource.com/csharp/RSPEC-1075) [C:\Projects\Hazina\src\Core\Agents\Hazina.AgentFactory\Hazina.AgentFactory.csproj::TargetFramework=net9.0]
C:\Projects\Hazina\src\Core\Agents\Hazina.AgentFactory\Configuration\Formatters\StoreConfigFormatHelper.cs(43,31): warning CA1866: Use 'string.StartsWith(char)' instead of 'string.StartsWith(string)' when you have a string with a single char (https://learn.microsoft.com/dotnet/fundamentals/code-analysis/quality-rules/ca1866) [C:\Projects\Hazina\src\Core\Agents\Hazina.AgentFactory\Hazina.AgentFactory.csproj::TargetFramework=net9.0]
C:\Projects\Hazina\src\Core\Agents\Hazina.AgentFactory\Configuration\Formatters\StoreConfigFormatHelper.cs(43,58): warning CA1866: Use 'string.StartsWith(char)' instead of 'string.StartsWith(string)' when you have a string with a single char (https://learn.microsoft.com/dotnet/fundamentals/code-analysis/quality-rules/ca1866) [C:\Projects\Hazina\src\Core\Agents\Hazina.AgentFactory\Hazina.AgentFactory.csproj::TargetFramework=net9.0]
C:\Projects\Hazina\src\Core\Agents\Hazina.AgentFactory\Configuration\Formatters\StoreConfigFormatHelper.cs(46,31): warning CA1866: Use 'string.StartsWith(char)' instead of 'string.StartsWith(string)' when you have a string with a single char (https://learn.microsoft.com/dotnet/fundamentals/code-analysis/quality-rules/ca1866) [C:\Projects\Hazina\src\Core\Agents\Hazina.AgentFactory\Hazina.AgentFactory.csproj::TargetFramework=net9.0]
C:\Projects\Hazina\src\Core\Agents\Hazina.AgentFactory\Configuration\Formatters\StoreConfigFormatHelper.cs(46,58): warning CA1847: Use 'string.Contains(char)' instead of 'string.Contains(string)' when searching for a single character (https://learn.microsoft.com/dotnet/fundamentals/code-analysis/quality-rules/ca1847) [C:\Projects\Hazina\src\Core\Agents\Hazina.AgentFactory\Hazina.AgentFactory.csproj::TargetFramework=net9.0]
C:\Projects\Hazina\src\Core\Agents\Hazina.AgentFactory\Configuration\Formatters\StoreConfigFormatHelper.cs(46,83): warning CA1847: Use 'string.Contains(char)' instead of 'string.Contains(string)' when searching for a single character (https://learn.microsoft.com/dotnet/fundamentals/code-analysis/quality-rules/ca1847) [C:\Projects\Hazina\src\Core\Agents\Hazina.AgentFactory\Hazina.AgentFactory.csproj::TargetFramework=net9.0]
C:\Projects\Hazina\src\Core\Agents\Hazina.AgentFactory\Models\AgentCardModel.cs(26,89): warning SA1107: Code should not contain multiple statements on one line (https://github.com/DotNetAnalyzers/StyleCopAnalyzers/blob/master/documentation/SA1107.md) [C:\Projects\Hazina\src\Core\Agents\Hazina.AgentFactory\Hazina.AgentFactory.csproj::TargetFramework=net9.0]
C:\Projects\Hazina\src\Core\Agents\Hazina.AgentFactory\Core\AgentFactory.cs(259,10): warning SA1513: Closing brace should be followed by blank line (https://github.com/DotNetAnalyzers/StyleCopAnalyzers/blob/master/documentation/SA1513.md) [C:\Projects\Hazina\src\Core\Agents\Hazina.AgentFactory\Hazina.AgentFactory.csproj::TargetFramework=net9.0]
C:\Projects\Hazina\src\Core\Agents\Hazina.AgentFactory\Core\AgentFactory.cs(321,10): warning SA1513: Closing brace should be followed by blank line (https://github.com/DotNetAnalyzers/StyleCopAnalyzers/blob/master/documentation/SA1513.md) [C:\Projects\Hazina\src\Core\Agents\Hazina.AgentFactory\Hazina.AgentFactory.csproj::TargetFramework=net9.0]
C:\Projects\Hazina\src\Core\Agents\Hazina.AgentFactory\Configuration\Formatters\StoreConfigFormatHelper.cs(43,13): warning CA1310: The behavior of 'string.StartsWith(string)' could vary based on the current user's locale settings. Replace this call in 'StoreConfigFormatHelper.IsLikelyJson(string)' with a call to 'string.StartsWith(string, System.StringComparison)'. (https://learn.microsoft.com/dotnet/fundamentals/code-analysis/quality-rules/ca1310) [C:\Projects\Hazina\src\Core\Agents\Hazina.AgentFactory\Hazina.AgentFactory.csproj::TargetFramework=net9.0]
C:\Projects\Hazina\src\Core\Agents\Hazina.AgentFactory\Configuration\Formatters\StoreConfigFormatHelper.cs(43,40): warning CA1310: The behavior of 'string.StartsWith(string)' could vary based on the current user's locale settings. Replace this call in 'StoreConfigFormatHelper.IsLikelyJson(string)' with a call to 'string.StartsWith(string, System.StringComparison)'. (https://learn.microsoft.com/dotnet/fundamentals/code-analysis/quality-rules/ca1310) [C:\Projects\Hazina\src\Core\Agents\Hazina.AgentFactory\Hazina.AgentFactory.csproj::TargetFramework=net9.0]
C:\Projects\Hazina\src\Core\Agents\Hazina.AgentFactory\Configuration\Formatters\StoreConfigFormatHelper.cs(46,13): warning CA1310: The behavior of 'string.StartsWith(string)' could vary based on the current user's locale settings. Replace this call in 'StoreConfigFormatHelper.IsLikelyJson(string)' with a call to 'string.StartsWith(string, System.StringComparison)'. (https://learn.microsoft.com/dotnet/fundamentals/code-analysis/quality-rules/ca1310) [C:\Projects\Hazina\src\Core\Agents\Hazina.AgentFactory\Hazina.AgentFactory.csproj::TargetFramework=net9.0]
C:\Projects\Hazina\src\Core\Agents\Hazina.AgentFactory\Configuration\Formatters\StoreConfigFormatHelper.cs(46,41): warning CA1307: 'string.Contains(string)' has a method overload that takes a 'StringComparison' parameter. Replace this call in 'StoreConfigFormatHelper.IsLikelyJson(string)' with a call to 'string.Contains(string, System.StringComparison)' for clarity of intent. (https://learn.microsoft.com/dotnet/fundamentals/code-analysis/quality-rules/ca1307) [C:\Projects\Hazina\src\Core\Agents\Hazina.AgentFactory\Hazina.AgentFactory.csproj::TargetFramework=net9.0]
C:\Projects\Hazina\src\Core\Agents\Hazina.AgentFactory\Configuration\Formatters\StoreConfigFormatHelper.cs(46,66): warning CA1307: 'string.Contains(string)' has a method overload that takes a 'StringComparison' parameter. Replace this call in 'StoreConfigFormatHelper.IsLikelyJson(string)' with a call to 'string.Contains(string, System.StringComparison)' for clarity of intent. (https://learn.microsoft.com/dotnet/fundamentals/code-analysis/quality-rules/ca1307) [C:\Projects\Hazina\src\Core\Agents\Hazina.AgentFactory\Hazina.AgentFactory.csproj::TargetFramework=net9.0]
C:\Projects\Hazina\src\Core\Agents\Hazina.AgentFactory\Configuration\Formatters\StoreConfigFormatHelper.cs(49,13): warning CA1310: The behavior of 'string.StartsWith(string)' could vary based on the current user's locale settings. Replace this call in 'StoreConfigFormatHelper.IsLikelyJson(string)' with a call to 'string.StartsWith(string, System.StringComparison)'. (https://learn.microsoft.com/dotnet/fundamentals/code-analysis/quality-rules/ca1310) [C:\Projects\Hazina\src\Core\Agents\Hazina.AgentFactory\Hazina.AgentFactory.csproj::TargetFramework=net9.0]
C:\Projects\Hazina\src\Core\Agents\Hazina.AgentFactory\Configuration\Formatters\AgentConfigFormatHelper.cs(43,21): warning S6610: "StartsWith" overloads that take a "char" should be used (https://rules.sonarsource.com/csharp/RSPEC-6610) [C:\Projects\Hazina\src\Core\Agents\Hazina.AgentFactory\Hazina.AgentFactory.csproj::TargetFramework=net9.0]
C:\Projects\Hazina\src\Core\Agents\Hazina.AgentFactory\Configuration\Formatters\AgentConfigFormatHelper.cs(43,48): warning S6610: "StartsWith" overloads that take a "char" should be used (https://rules.sonarsource.com/csharp/RSPEC-6610) [C:\Projects\Hazina\src\Core\Agents\Hazina.AgentFactory\Hazina.AgentFactory.csproj::TargetFramework=net9.0]
C:\Projects\Hazina\src\Core\Agents\Hazina.AgentFactory\Configuration\Formatters\AgentConfigFormatHelper.cs(46,21): warning S6610: "StartsWith" overloads that take a "char" should be used (https://rules.sonarsource.com/csharp/RSPEC-6610) [C:\Projects\Hazina\src\Core\Agents\Hazina.AgentFactory\Hazina.AgentFactory.csproj::TargetFramework=net9.0]
C:\Projects\Hazina\src\Core\Agents\Hazina.AgentFactory\Configuration\Formatters\FlowConfigFormatHelper.cs(41,13): warning MA0074: Use an overload of 'StartsWith' that has a StringComparison parameter (https://github.com/meziantou/Meziantou.Analyzer/blob/main/docs/Rules/MA0074.md) [C:\Projects\Hazina\src\Core\Agents\Hazina.AgentFactory\Hazina.AgentFactory.csproj::TargetFramework=net9.0]
C:\Projects\Hazina\src\Core\Agents\Hazina.AgentFactory\Configuration\Formatters\AgentConfigFormatHelper.cs(41,46): warning SA1503: Braces should not be omitted (https://github.com/DotNetAnalyzers/StyleCopAnalyzers/blob/master/documentation/SA1503.md) [C:\Projects\Hazina\src\Core\Agents\Hazina.AgentFactory\Hazina.AgentFactory.csproj::TargetFramework=net9.0]
C:\Projects\Hazina\src\Core\Agents\Hazina.AgentFactory\Configuration\Formatters\AgentConfigFormatHelper.cs(44,13): warning SA1503: Braces should not be omitted (https://github.com/DotNetAnalyzers/StyleCopAnalyzers/blob/master/documentation/SA1503.md) [C:\Projects\Hazina\src\Core\Agents\Hazina.AgentFactory\Hazina.AgentFactory.csproj::TargetFramework=net9.0]
C:\Projects\Hazina\src\Core\Agents\Hazina.AgentFactory\Configuration\Formatters\AgentConfigFormatHelper.cs(47,13): warning SA1503: Braces should not be omitted (https://github.com/DotNetAnalyzers/StyleCopAnalyzers/blob/master/documentation/SA1503.md) [C:\Projects\Hazina\src\Core\Agents\Hazina.AgentFactory\Hazina.AgentFactory.csproj::TargetFramework=net9.0]
C:\Projects\Hazina\src\Core\Agents\Hazina.AgentFactory\Configuration\Formatters\AgentConfigFormatHelper.cs(50,13): warning SA1503: Braces should not be omitted (https://github.com/DotNetAnalyzers/StyleCopAnalyzers/blob/master/documentation/SA1503.md) [C:\Projects\Hazina\src\Core\Agents\Hazina.AgentFactory\Hazina.AgentFactory.csproj::TargetFramework=net9.0]
C:\Projects\Hazina\src\Core\Agents\Hazina.AgentFactory\Configuration\Formatters\FlowConfigFormatHelper.cs(41,40): warning MA0074: Use an overload of 'StartsWith' that has a StringComparison parameter (https://github.com/meziantou/Meziantou.Analyzer/blob/main/docs/Rules/MA0074.md) [C:\Projects\Hazina\src\Core\Agents\Hazina.AgentFactory\Hazina.AgentFactory.csproj::TargetFramework=net9.0]
C:\Projects\Hazina\src\Core\Agents\Hazina.AgentFactory\Configuration\Formatters\StoreConfigFormatHelper.cs(49,9): warning MA0140: Both if and else branch have identical code (https://github.com/meziantou/Meziantou.Analyzer/blob/main/docs/Rules/MA0140.md) [C:\Projects\Hazina\src\Core\Agents\Hazina.AgentFactory\Hazina.AgentFactory.csproj::TargetFramework=net9.0]
C:\Projects\Hazina\src\Core\Agents\Hazina.AgentFactory\Configuration\Formatters\FlowConfigFormatHelper.cs(44,13): warning MA0074: Use an overload of 'StartsWith' that has a StringComparison parameter (https://github.com/meziantou/Meziantou.Analyzer/blob/main/docs/Rules/MA0074.md) [C:\Projects\Hazina\src\Core\Agents\Hazina.AgentFactory\Hazina.AgentFactory.csproj::TargetFramework=net9.0]
C:\Projects\Hazina\src\Core\Agents\Hazina.AgentFactory\Configuration\Formatters\AgentConfigFormatHelper.cs(43,31): warning CA1866: Use 'string.StartsWith(char)' instead of 'string.StartsWith(string)' when you have a string with a single char (https://learn.microsoft.com/dotnet/fundamentals/code-analysis/quality-rules/ca1866) [C:\Projects\Hazina\src\Core\Agents\Hazina.AgentFactory\Hazina.AgentFactory.csproj::TargetFramework=net9.0]
C:\Projects\Hazina\src\Core\Agents\Hazina.AgentFactory\Models\FlowCardModels.cs(33,42): warning SA1501: Statement should not be on a single line (https://github.com/DotNetAnalyzers/StyleCopAnalyzers/blob/master/documentation/SA1501.md) [C:\Projects\Hazina\src\Core\Agents\Hazina.AgentFactory\Hazina.AgentFactory.csproj::TargetFramework=net9.0]
C:\Projects\Hazina\src\Core\Agents\Hazina.AgentFactory\Models\FlowCardModels.cs(33,66): warning SA1107: Code should not contain multiple statements on one line (https://github.com/DotNetAnalyzers/StyleCopAnalyzers/blob/master/documentation/SA1107.md) [C:\Projects\Hazina\src\Core\Agents\Hazina.AgentFactory\Hazina.AgentFactory.csproj::TargetFramework=net9.0]
C:\Projects\Hazina\src\Core\Agents\Hazina.AgentFactory\Configuration\Formatters\FlowConfigFormatHelper.cs(47,13): warning MA0074: Use an overload of 'StartsWith' that has a StringComparison parameter (https://github.com/meziantou/Meziantou.Analyzer/blob/main/docs/Rules/MA0074.md) [C:\Projects\Hazina\src\Core\Agents\Hazina.AgentFactory\Hazina.AgentFactory.csproj::TargetFramework=net9.0]
C:\Projects\Hazina\src\Core\Agents\Hazina.AgentFactory\Configuration\Formatters\AgentConfigFormatHelper.cs(43,58): warning CA1866: Use 'string.StartsWith(char)' instead of 'string.StartsWith(string)' when you have a string with a single char (https://learn.microsoft.com/dotnet/fundamentals/code-analysis/quality-rules/ca1866) [C:\Projects\Hazina\src\Core\Agents\Hazina.AgentFactory\Hazina.AgentFactory.csproj::TargetFramework=net9.0]
C:\Projects\Hazina\src\Core\Agents\Hazina.AgentFactory\Configuration\Formatters\AgentConfigFormatHelper.cs(46,31): warning CA1866: Use 'string.StartsWith(char)' instead of 'string.StartsWith(string)' when you have a string with a single char (https://learn.microsoft.com/dotnet/fundamentals/code-analysis/quality-rules/ca1866) [C:\Projects\Hazina\src\Core\Agents\Hazina.AgentFactory\Hazina.AgentFactory.csproj::TargetFramework=net9.0]
C:\Projects\Hazina\src\Core\Agents\Hazina.AgentFactory\Configuration\Formatters\AgentConfigFormatHelper.cs(46,58): warning CA1847: Use 'string.Contains(char)' instead of 'string.Contains(string)' when searching for a single character (https://learn.microsoft.com/dotnet/fundamentals/code-analysis/quality-rules/ca1847) [C:\Projects\Hazina\src\Core\Agents\Hazina.AgentFactory\Hazina.AgentFactory.csproj::TargetFramework=net9.0]
C:\Projects\Hazina\src\Core\Agents\Hazina.AgentFactory\Configuration\Formatters\AgentConfigFormatHelper.cs(46,83): warning CA1847: Use 'string.Contains(char)' instead of 'string.Contains(string)' when searching for a single character (https://learn.microsoft.com/dotnet/fundamentals/code-analysis/quality-rules/ca1847) [C:\Projects\Hazina\src\Core\Agents\Hazina.AgentFactory\Hazina.AgentFactory.csproj::TargetFramework=net9.0]
C:\Projects\Hazina\src\Core\Agents\Hazina.AgentFactory\Configuration\Formatters\AgentConfigFormatHelper.cs(43,13): warning CA1310: The behavior of 'string.StartsWith(string)' could vary based on the current user's locale settings. Replace this call in 'AgentConfigFormatHelper.IsLikelyJson(string)' with a call to 'string.StartsWith(string, System.StringComparison)'. (https://learn.microsoft.com/dotnet/fundamentals/code-analysis/quality-rules/ca1310) [C:\Projects\Hazina\src\Core\Agents\Hazina.AgentFactory\Hazina.AgentFactory.csproj::TargetFramework=net9.0]
C:\Projects\Hazina\src\Core\Agents\Hazina.AgentFactory\Configuration\Formatters\AgentConfigFormatHelper.cs(43,40): warning CA1310: The behavior of 'string.StartsWith(string)' could vary based on the current user's locale settings. Replace this call in 'AgentConfigFormatHelper.IsLikelyJson(string)' with a call to 'string.StartsWith(string, System.StringComparison)'. (https://learn.microsoft.com/dotnet/fundamentals/code-analysis/quality-rules/ca1310) [C:\Projects\Hazina\src\Core\Agents\Hazina.AgentFactory\Hazina.AgentFactory.csproj::TargetFramework=net9.0]
C:\Projects\Hazina\src\Core\Agents\Hazina.AgentFactory\Configuration\Formatters\AgentConfigFormatHelper.cs(46,13): warning CA1310: The behavior of 'string.StartsWith(string)' could vary based on the current user's locale settings. Replace this call in 'AgentConfigFormatHelper.IsLikelyJson(string)' with a call to 'string.StartsWith(string, System.StringComparison)'. (https://learn.microsoft.com/dotnet/fundamentals/code-analysis/quality-rules/ca1310) [C:\Projects\Hazina\src\Core\Agents\Hazina.AgentFactory\Hazina.AgentFactory.csproj::TargetFramework=net9.0]
C:\Projects\Hazina\src\Core\Agents\Hazina.AgentFactory\Configuration\Formatters\AgentConfigFormatHelper.cs(46,41): warning CA1307: 'string.Contains(string)' has a method overload that takes a 'StringComparison' parameter. Replace this call in 'AgentConfigFormatHelper.IsLikelyJson(string)' with a call to 'string.Contains(string, System.StringComparison)' for clarity of intent. (https://learn.microsoft.com/dotnet/fundamentals/code-analysis/quality-rules/ca1307) [C:\Projects\Hazina\src\Core\Agents\Hazina.AgentFactory\Hazina.AgentFactory.csproj::TargetFramework=net9.0]
C:\Projects\Hazina\src\Core\Agents\Hazina.AgentFactory\Configuration\Formatters\AgentConfigFormatHelper.cs(46,66): warning CA1307: 'string.Contains(string)' has a method overload that takes a 'StringComparison' parameter. Replace this call in 'AgentConfigFormatHelper.IsLikelyJson(string)' with a call to 'string.Contains(string, System.StringComparison)' for clarity of intent. (https://learn.microsoft.com/dotnet/fundamentals/code-analysis/quality-rules/ca1307) [C:\Projects\Hazina\src\Core\Agents\Hazina.AgentFactory\Hazina.AgentFactory.csproj::TargetFramework=net9.0]
C:\Projects\Hazina\src\Core\Agents\Hazina.AgentFactory\Configuration\Formatters\AgentConfigFormatHelper.cs(49,13): warning CA1310: The behavior of 'string.StartsWith(string)' could vary based on the current user's locale settings. Replace this call in 'AgentConfigFormatHelper.IsLikelyJson(string)' with a call to 'string.StartsWith(string, System.StringComparison)'. (https://learn.microsoft.com/dotnet/fundamentals/code-analysis/quality-rules/ca1310) [C:\Projects\Hazina\src\Core\Agents\Hazina.AgentFactory\Hazina.AgentFactory.csproj::TargetFramework=net9.0]
C:\Projects\Hazina\src\Core\Agents\Hazina.AgentFactory\Configuration\Formatters\AgentConfigFormatHelper.cs(49,9): warning MA0140: Both if and else branch have identical code (https://github.com/meziantou/Meziantou.Analyzer/blob/main/docs/Rules/MA0140.md) [C:\Projects\Hazina\src\Core\Agents\Hazina.AgentFactory\Hazina.AgentFactory.csproj::TargetFramework=net9.0]
C:\Projects\Hazina\src\Core\Agents\Hazina.AgentFactory\Models\FlowCardModels.cs(39,44): warning SA1501: Statement should not be on a single line (https://github.com/DotNetAnalyzers/StyleCopAnalyzers/blob/master/documentation/SA1501.md) [C:\Projects\Hazina\src\Core\Agents\Hazina.AgentFactory\Hazina.AgentFactory.csproj::TargetFramework=net9.0]
C:\Projects\Hazina\src\Core\Agents\Hazina.AgentFactory\Models\FlowCardModels.cs(39,70): warning SA1107: Code should not contain multiple statements on one line (https://github.com/DotNetAnalyzers/StyleCopAnalyzers/blob/master/documentation/SA1107.md) [C:\Projects\Hazina\src\Core\Agents\Hazina.AgentFactory\Hazina.AgentFactory.csproj::TargetFramework=net9.0]
C:\Projects\Hazina\src\Core\Agents\Hazina.AgentFactory\Models\AgentCardModel.cs(27,96): warning SA1107: Code should not contain multiple statements on one line (https://github.com/DotNetAnalyzers/StyleCopAnalyzers/blob/master/documentation/SA1107.md) [C:\Projects\Hazina\src\Core\Agents\Hazina.AgentFactory\Hazina.AgentFactory.csproj::TargetFramework=net9.0]
C:\Projects\Hazina\src\Core\Agents\Hazina.AgentFactory\Models\FlowCardModels.cs(39,19): warning MA0006: Use string.Equals instead of NotEquals operator (https://github.com/meziantou/Meziantou.Analyzer/blob/main/docs/Rules/MA0006.md) [C:\Projects\Hazina\src\Core\Agents\Hazina.AgentFactory\Hazina.AgentFactory.csproj::TargetFramework=net9.0]
C:\Projects\Hazina\src\Core\Agents\Hazina.AgentFactory\Configuration\Formatters\StoreConfigFormatHelper.cs(43,13): warning MA0074: Use an overload of 'StartsWith' that has a StringComparison parameter (https://github.com/meziantou/Meziantou.Analyzer/blob/main/docs/Rules/MA0074.md) [C:\Projects\Hazina\src\Core\Agents\Hazina.AgentFactory\Hazina.AgentFactory.csproj::TargetFramework=net9.0]
C:\Projects\Hazina\src\Core\Agents\Hazina.AgentFactory\Configuration\Formatters\StoreConfigFormatHelper.cs(43,40): warning MA0074: Use an overload of 'StartsWith' that has a StringComparison parameter (https://github.com/meziantou/Meziantou.Analyzer/blob/main/docs/Rules/MA0074.md) [C:\Projects\Hazina\src\Core\Agents\Hazina.AgentFactory\Hazina.AgentFactory.csproj::TargetFramework=net9.0]
C:\Projects\Hazina\src\Core\Agents\Hazina.AgentFactory\Configuration\Formatters\StoreConfigFormatHelper.cs(46,13): warning MA0074: Use an overload of 'StartsWith' that has a StringComparison parameter (https://github.com/meziantou/Meziantou.Analyzer/blob/main/docs/Rules/MA0074.md) [C:\Projects\Hazina\src\Core\Agents\Hazina.AgentFactory\Hazina.AgentFactory.csproj::TargetFramework=net9.0]
C:\Projects\Hazina\src\Core\Agents\Hazina.AgentFactory\Configuration\Formatters\StoreConfigFormatHelper.cs(49,13): warning MA0074: Use an overload of 'StartsWith' that has a StringComparison parameter (https://github.com/meziantou/Meziantou.Analyzer/blob/main/docs/Rules/MA0074.md) [C:\Projects\Hazina\src\Core\Agents\Hazina.AgentFactory\Hazina.AgentFactory.csproj::TargetFramework=net9.0]
C:\Projects\Hazina\src\Core\Agents\Hazina.AgentFactory\Configuration\Formatters\AgentConfigFormatHelper.cs(43,13): warning MA0074: Use an overload of 'StartsWith' that has a StringComparison parameter (https://github.com/meziantou/Meziantou.Analyzer/blob/main/docs/Rules/MA0074.md) [C:\Projects\Hazina\src\Core\Agents\Hazina.AgentFactory\Hazina.AgentFactory.csproj::TargetFramework=net9.0]
C:\Projects\Hazina\src\Core\Agents\Hazina.AgentFactory\Configuration\Formatters\AgentConfigFormatHelper.cs(43,40): warning MA0074: Use an overload of 'StartsWith' that has a StringComparison parameter (https://github.com/meziantou/Meziantou.Analyzer/blob/main/docs/Rules/MA0074.md) [C:\Projects\Hazina\src\Core\Agents\Hazina.AgentFactory\Hazina.AgentFactory.csproj::TargetFramework=net9.0]
C:\Projects\Hazina\src\Core\Agents\Hazina.AgentFactory\Models\AgentCardModel.cs(28,102): warning SA1107: Code should not contain multiple statements on one line (https://github.com/DotNetAnalyzers/StyleCopAnalyzers/blob/master/documentation/SA1107.md) [C:\Projects\Hazina\src\Core\Agents\Hazina.AgentFactory\Hazina.AgentFactory.csproj::TargetFramework=net9.0]
C:\Projects\Hazina\src\Core\Agents\Hazina.AgentFactory\Models\AgentCardModel.cs(29,99): warning SA1107: Code should not contain multiple statements on one line (https://github.com/DotNetAnalyzers/StyleCopAnalyzers/blob/master/documentation/SA1107.md) [C:\Projects\Hazina\src\Core\Agents\Hazina.AgentFactory\Hazina.AgentFactory.csproj::TargetFramework=net9.0]
C:\Projects\Hazina\src\Core\Agents\Hazina.AgentFactory\Configuration\Formatters\AgentConfigFormatHelper.cs(46,13): warning MA0074: Use an overload of 'StartsWith' that has a StringComparison parameter (https://github.com/meziantou/Meziantou.Analyzer/blob/main/docs/Rules/MA0074.md) [C:\Projects\Hazina\src\Core\Agents\Hazina.AgentFactory\Hazina.AgentFactory.csproj::TargetFramework=net9.0]
C:\Projects\Hazina\src\Core\Agents\Hazina.AgentFactory\Configuration\Parsers\HazinaAgentConfigParser.cs(163,13): warning CA1305: The behavior of 'StringBuilder.AppendLine(ref StringBuilder.AppendInterpolatedStringHandler)' could vary based on the current user's locale settings. Replace this call in 'HazinaFlowConfigParser.Serialize(IEnumerable<FlowConfig>)' with a call to 'StringBuilder.AppendLine(IFormatProvider, ref StringBuilder.AppendInterpolatedStringHandler)'. (https://learn.microsoft.com/dotnet/fundamentals/code-analysis/quality-rules/ca1305) [C:\Projects\Hazina\src\Core\Agents\Hazina.AgentFactory\Hazina.AgentFactory.csproj::TargetFramework=net9.0]
C:\Projects\Hazina\src\Core\Agents\Hazina.AgentFactory\Configuration\Formatters\AgentConfigFormatHelper.cs(49,13): warning MA0074: Use an overload of 'StartsWith' that has a StringComparison parameter (https://github.com/meziantou/Meziantou.Analyzer/blob/main/docs/Rules/MA0074.md) [C:\Projects\Hazina\src\Core\Agents\Hazina.AgentFactory\Hazina.AgentFactory.csproj::TargetFramework=net9.0]
C:\Projects\Hazina\src\Core\Agents\Hazina.AgentFactory\Configuration\Parsers\HazinaAgentConfigParser.cs(164,13): warning CA1305: The behavior of 'StringBuilder.AppendLine(ref StringBuilder.AppendInterpolatedStringHandler)' could vary based on the current user's locale settings. Replace this call in 'HazinaFlowConfigParser.Serialize(IEnumerable<FlowConfig>)' with a call to 'StringBuilder.AppendLine(IFormatProvider, ref StringBuilder.AppendInterpolatedStringHandler)'. (https://learn.microsoft.com/dotnet/fundamentals/code-analysis/quality-rules/ca1305) [C:\Projects\Hazina\src\Core\Agents\Hazina.AgentFactory\Hazina.AgentFactory.csproj::TargetFramework=net9.0]
C:\Projects\Hazina\src\Core\Agents\Hazina.AgentFactory\Configuration\Parsers\HazinaAgentConfigParser.cs(165,13): warning CA1305: The behavior of 'StringBuilder.AppendLine(ref StringBuilder.AppendInterpolatedStringHandler)' could vary based on the current user's locale settings. Replace this call in 'HazinaFlowConfigParser.Serialize(IEnumerable<FlowConfig>)' with a call to 'StringBuilder.AppendLine(IFormatProvider, ref StringBuilder.AppendInterpolatedStringHandler)'. (https://learn.microsoft.com/dotnet/fundamentals/code-analysis/quality-rules/ca1305) [C:\Projects\Hazina\src\Core\Agents\Hazina.AgentFactory\Hazina.AgentFactory.csproj::TargetFramework=net9.0]
C:\Projects\Hazina\src\Core\Agents\Hazina.AgentFactory\Models\FlowCardModels.cs(51,17): warning CA1062: In externally visible method 'FlowCardModel.FlowCardModel(FlowConfig flow)', validate parameter 'flow' is non-null before using it. If appropriate, throw an 'ArgumentNullException' when the argument is 'null'. (https://learn.microsoft.com/dotnet/fundamentals/code-analysis/quality-rules/ca1062) [C:\Projects\Hazina\src\Core\Agents\Hazina.AgentFactory\Hazina.AgentFactory.csproj::TargetFramework=net9.0]
C:\Projects\Hazina\src\Core\Agents\Hazina.AgentFactory\Models\FlowCardModels.cs(120,21): warning SA1503: Braces should not be omitted (https://github.com/DotNetAnalyzers/StyleCopAnalyzers/blob/master/documentation/SA1503.md) [C:\Projects\Hazina\src\Core\Agents\Hazina.AgentFactory\Hazina.AgentFactory.csproj::TargetFramework=net9.0]
C:\Projects\Hazina\src\Core\Agents\Hazina.AgentFactory\Models\FlowCardModels.cs(60,56): warning SA1629: Documentation text should end with a period (https://github.com/DotNetAnalyzers/StyleCopAnalyzers/blob/master/documentation/SA1629.md) [C:\Projects\Hazina\src\Core\Agents\Hazina.AgentFactory\Hazina.AgentFactory.csproj::TargetFramework=net9.0]
C:\Projects\Hazina\src\Core\Agents\Hazina.AgentFactory\Models\AgentCardModel.cs(30,87): warning SA1107: Code should not contain multiple statements on one line (https://github.com/DotNetAnalyzers/StyleCopAnalyzers/blob/master/documentation/SA1107.md) [C:\Projects\Hazina\src\Core\Agents\Hazina.AgentFactory\Hazina.AgentFactory.csproj::TargetFramework=net9.0]
C:\Projects\Hazina\src\Core\Agents\Hazina.AgentFactory\Services\Tools\ToolRegistrationService.cs(80,13): warning MA0002: Use an overload that has a IEqualityComparer<string> or IComparer<string> parameter (https://github.com/meziantou/Meziantou.Analyzer/blob/main/docs/Rules/MA0002.md) [C:\Projects\Hazina\src\Core\Agents\Hazina.AgentFactory\Hazina.AgentFactory.csproj::TargetFramework=net9.0]
C:\Projects\Hazina\src\Core\Agents\Hazina.AgentFactory\Services\Tools\ToolRegistrationService.cs(84,13): warning MA0002: Use an overload that has a IEqualityComparer<string> or IComparer<string> parameter (https://github.com/meziantou/Meziantou.Analyzer/blob/main/docs/Rules/MA0002.md) [C:\Projects\Hazina\src\Core\Agents\Hazina.AgentFactory\Hazina.AgentFactory.csproj::TargetFramework=net9.0]
C:\Projects\Hazina\src\Core\Agents\Hazina.AgentFactory\Core\AgentFactoryExtensions.cs(1,1): warning SA1633: The file header is missing or not located at the top of the file. (https://github.com/DotNetAnalyzers/StyleCopAnalyzers/blob/master/documentation/SA1633.md) [C:\Projects\Hazina\src\Core\Agents\Hazina.AgentFactory\Hazina.AgentFactory.csproj::TargetFramework=net9.0]
C:\Projects\Hazina\src\Core\Agents\Hazina.AgentFactory\Services\Tools\ToolRegistrationService.cs(88,13): warning MA0002: Use an overload that has a IEqualityComparer<string> or IComparer<string> parameter (https://github.com/meziantou/Meziantou.Analyzer/blob/main/docs/Rules/MA0002.md) [C:\Projects\Hazina\src\Core\Agents\Hazina.AgentFactory\Hazina.AgentFactory.csproj::TargetFramework=net9.0]
C:\Projects\Hazina\src\Core\Agents\Hazina.AgentFactory\Configuration\Parsers\HazinaAgentConfigParser.cs(161,31): warning CA1062: In externally visible method 'string HazinaFlowConfigParser.Serialize(IEnumerable<FlowConfig> agents)', validate parameter 'agents' is non-null before using it. If appropriate, throw an 'ArgumentNullException' when the argument is 'null'. (https://learn.microsoft.com/dotnet/fundamentals/code-analysis/quality-rules/ca1062) [C:\Projects\Hazina\src\Core\Agents\Hazina.AgentFactory\Hazina.AgentFactory.csproj::TargetFramework=net9.0]
C:\Projects\Hazina\src\Core\Agents\Hazina.AgentFactory\Models\AgentCardModel.cs(31,86): warning SA1107: Code should not contain multiple statements on one line (https://github.com/DotNetAnalyzers/StyleCopAnalyzers/blob/master/documentation/SA1107.md) [C:\Projects\Hazina\src\Core\Agents\Hazina.AgentFactory\Hazina.AgentFactory.csproj::TargetFramework=net9.0]
C:\Projects\Hazina\src\Core\Agents\Hazina.AgentFactory\Models\FlowCardModels.cs(134,13): warning SA1503: Braces should not be omitted (https://github.com/DotNetAnalyzers/StyleCopAnalyzers/blob/master/documentation/SA1503.md) [C:\Projects\Hazina\src\Core\Agents\Hazina.AgentFactory\Hazina.AgentFactory.csproj::TargetFramework=net9.0]
C:\Projects\Hazina\src\Core\Agents\Hazina.AgentFactory\Models\AgentCardModel.cs(32,93): warning SA1107: Code should not contain multiple statements on one line (https://github.com/DotNetAnalyzers/StyleCopAnalyzers/blob/master/documentation/SA1107.md) [C:\Projects\Hazina\src\Core\Agents\Hazina.AgentFactory\Hazina.AgentFactory.csproj::TargetFramework=net9.0]
C:\Projects\Hazina\src\Core\Agents\Hazina.AgentFactory\Configuration\Parsers\HazinaStoreConfigParser.cs(15,13): warning CA1305: The behavior of 'StringBuilder.AppendLine(ref StringBuilder.AppendInterpolatedStringHandler)' could vary based on the current user's locale settings. Replace this call in 'HazinaStoreConfigParser.Serialize(IEnumerable<StoreConfig>)' with a call to 'StringBuilder.AppendLine(IFormatProvider, ref StringBuilder.AppendInterpolatedStringHandler)'. (https://learn.microsoft.com/dotnet/fundamentals/code-analysis/quality-rules/ca1305) [C:\Projects\Hazina\src\Core\Agents\Hazina.AgentFactory\Hazina.AgentFactory.csproj::TargetFramework=net9.0]
C:\Projects\Hazina\src\Core\Agents\Hazina.AgentFactory\Configuration\Parsers\HazinaStoreConfigParser.cs(16,13): warning CA1305: The behavior of 'StringBuilder.AppendLine(ref StringBuilder.AppendInterpolatedStringHandler)' could vary based on the current user's locale settings. Replace this call in 'HazinaStoreConfigParser.Serialize(IEnumerable<StoreConfig>)' with a call to 'StringBuilder.AppendLine(IFormatProvider, ref StringBuilder.AppendInterpolatedStringHandler)'. (https://learn.microsoft.com/dotnet/fundamentals/code-analysis/quality-rules/ca1305) [C:\Projects\Hazina\src\Core\Agents\Hazina.AgentFactory\Hazina.AgentFactory.csproj::TargetFramework=net9.0]
C:\Projects\Hazina\src\Core\Agents\Hazina.AgentFactory\Configuration\Parsers\HazinaStoreConfigParser.cs(17,13): warning CA1305: The behavior of 'StringBuilder.AppendLine(ref StringBuilder.AppendInterpolatedStringHandler)' could vary based on the current user's locale settings. Replace this call in 'HazinaStoreConfigParser.Serialize(IEnumerable<StoreConfig>)' with a call to 'StringBuilder.AppendLine(IFormatProvider, ref StringBuilder.AppendInterpolatedStringHandler)'. (https://learn.microsoft.com/dotnet/fundamentals/code-analysis/quality-rules/ca1305) [C:\Projects\Hazina\src\Core\Agents\Hazina.AgentFactory\Hazina.AgentFactory.csproj::TargetFramework=net9.0]
C:\Projects\Hazina\src\Core\Agents\Hazina.AgentFactory\Configuration\Parsers\HazinaStoreConfigParser.cs(18,13): warning CA1305: The behavior of 'StringBuilder.AppendLine(ref StringBuilder.AppendInterpolatedStringHandler)' could vary based on the current user's locale settings. Replace this call in 'HazinaStoreConfigParser.Serialize(IEnumerable<StoreConfig>)' with a call to 'StringBuilder.AppendLine(IFormatProvider, ref StringBuilder.AppendInterpolatedStringHandler)'. (https://learn.microsoft.com/dotnet/fundamentals/code-analysis/quality-rules/ca1305) [C:\Projects\Hazina\src\Core\Agents\Hazina.AgentFactory\Hazina.AgentFactory.csproj::TargetFramework=net9.0]
C:\Projects\Hazina\src\Core\Agents\Hazina.AgentFactory\Configuration\Parsers\HazinaStoreConfigParser.cs(19,13): warning CA1305: The behavior of 'StringBuilder.AppendLine(ref StringBuilder.AppendInterpolatedStringHandler)' could vary based on the current user's locale settings. Replace this call in 'HazinaStoreConfigParser.Serialize(IEnumerable<StoreConfig>)' with a call to 'StringBuilder.AppendLine(IFormatProvider, ref StringBuilder.AppendInterpolatedStringHandler)'. (https://learn.microsoft.com/dotnet/fundamentals/code-analysis/quality-rules/ca1305) [C:\Projects\Hazina\src\Core\Agents\Hazina.AgentFactory\Hazina.AgentFactory.csproj::TargetFramework=net9.0]
C:\Projects\Hazina\src\Core\Agents\Hazina.AgentFactory\Configuration\Parsers\HazinaStoreConfigParser.cs(20,13): warning CA1305: The behavior of 'StringBuilder.AppendLine(ref StringBuilder.AppendInterpolatedStringHandler)' could vary based on the current user's locale settings. Replace this call in 'HazinaStoreConfigParser.Serialize(IEnumerable<StoreConfig>)' with a call to 'StringBuilder.AppendLine(IFormatProvider, ref StringBuilder.AppendInterpolatedStringHandler)'. (https://learn.microsoft.com/dotnet/fundamentals/code-analysis/quality-rules/ca1305) [C:\Projects\Hazina\src\Core\Agents\Hazina.AgentFactory\Hazina.AgentFactory.csproj::TargetFramework=net9.0]
C:\Projects\Hazina\src\Core\Agents\Hazina.AgentFactory\Services\Tools\ToolRegistrationService.cs(80,13): warning CA1851: Possible multiple enumerations of 'IEnumerable' collection. Consider using an implementation that avoids multiple enumerations. (https://learn.microsoft.com/dotnet/fundamentals/code-analysis/quality-rules/ca1851) [C:\Projects\Hazina\src\Core\Agents\Hazina.AgentFactory\Hazina.AgentFactory.csproj::TargetFramework=net9.0]
C:\Projects\Hazina\src\Core\Agents\Hazina.AgentFactory\Services\Tools\ToolRegistrationService.cs(84,13): warning CA1851: Possible multiple enumerations of 'IEnumerable' collection. Consider using an implementation that avoids multiple enumerations. (https://learn.microsoft.com/dotnet/fundamentals/code-analysis/quality-rules/ca1851) [C:\Projects\Hazina\src\Core\Agents\Hazina.AgentFactory\Hazina.AgentFactory.csproj::TargetFramework=net9.0]
C:\Projects\Hazina\src\Core\Agents\Hazina.AgentFactory\Services\Tools\ToolRegistrationService.cs(88,13): warning CA1851: Possible multiple enumerations of 'IEnumerable' collection. Consider using an implementation that avoids multiple enumerations. (https://learn.microsoft.com/dotnet/fundamentals/code-analysis/quality-rules/ca1851) [C:\Projects\Hazina\src\Core\Agents\Hazina.AgentFactory\Hazina.AgentFactory.csproj::TargetFramework=net9.0]
C:\Projects\Hazina\src\Core\Agents\Hazina.AgentFactory\Core\AgentManager.cs(1,1): warning SA1633: The file header is missing or not located at the top of the file. (https://github.com/DotNetAnalyzers/StyleCopAnalyzers/blob/master/documentation/SA1633.md) [C:\Projects\Hazina\src\Core\Agents\Hazina.AgentFactory\Hazina.AgentFactory.csproj::TargetFramework=net9.0]
C:\Projects\Hazina\src\Core\Agents\Hazina.AgentFactory\Core\AgentManager.cs(100,10): warning SA1513: Closing brace should be followed by blank line (https://github.com/DotNetAnalyzers/StyleCopAnalyzers/blob/master/documentation/SA1513.md) [C:\Projects\Hazina\src\Core\Agents\Hazina.AgentFactory\Hazina.AgentFactory.csproj::TargetFramework=net9.0]
C:\Projects\Hazina\src\Core\Agents\Hazina.AgentFactory\Core\AgentManager.cs(109,6): warning SA1513: Closing brace should be followed by blank line (https://github.com/DotNetAnalyzers/StyleCopAnalyzers/blob/master/documentation/SA1513.md) [C:\Projects\Hazina\src\Core\Agents\Hazina.AgentFactory\Hazina.AgentFactory.csproj::TargetFramework=net9.0]
C:\Projects\Hazina\src\Core\Agents\Hazina.AgentFactory\Core\AgentManager.cs(131,10): warning SA1513: Closing brace should be followed by blank line (https://github.com/DotNetAnalyzers/StyleCopAnalyzers/blob/master/documentation/SA1513.md) [C:\Projects\Hazina\src\Core\Agents\Hazina.AgentFactory\Hazina.AgentFactory.csproj::TargetFramework=net9.0]
C:\Projects\Hazina\src\Core\Agents\Hazina.AgentFactory\Core\AgentManager.cs(144,14): warning SA1513: Closing brace should be followed by blank line (https://github.com/DotNetAnalyzers/StyleCopAnalyzers/blob/master/documentation/SA1513.md) [C:\Projects\Hazina\src\Core\Agents\Hazina.AgentFactory\Hazina.AgentFactory.csproj::TargetFramework=net9.0]
C:\Projects\Hazina\src\Core\Agents\Hazina.AgentFactory\Core\AgentManager.cs(187,10): warning SA1513: Closing brace should be followed by blank line (https://github.com/DotNetAnalyzers/StyleCopAnalyzers/blob/master/documentation/SA1513.md) [C:\Projects\Hazina\src\Core\Agents\Hazina.AgentFactory\Hazina.AgentFactory.csproj::TargetFramework=net9.0]
C:\Projects\Hazina\src\Core\Agents\Hazina.AgentFactory\Models\AgentCardModel.cs(33,95): warning SA1107: Code should not contain multiple statements on one line (https://github.com/DotNetAnalyzers/StyleCopAnalyzers/blob/master/documentation/SA1107.md) [C:\Projects\Hazina\src\Core\Agents\Hazina.AgentFactory\Hazina.AgentFactory.csproj::TargetFramework=net9.0]
C:\Projects\Hazina\src\Core\Agents\Hazina.AgentFactory\Configuration\Parsers\HazinaAgentConfigParser.cs(174,36): warning CA1002: Change 'List<FlowConfig>' in 'HazinaFlowConfigParser.Parse(string)' to use 'Collection<T>', 'ReadOnlyCollection<T>' or 'KeyedCollection<K,V>' (https://learn.microsoft.com/dotnet/fundamentals/code-analysis/quality-rules/ca1002) [C:\Projects\Hazina\src\Core\Agents\Hazina.AgentFactory\Hazina.AgentFactory.csproj::TargetFramework=net9.0]
C:\Projects\Hazina\src\Core\Agents\Hazina.AgentFactory\Configuration\Parsers\HazinaAgentConfigParser.cs(174,19): warning MA0016: Prefer using collection abstraction instead of implementation (https://github.com/meziantou/Meziantou.Analyzer/blob/main/docs/Rules/MA0016.md) [C:\Projects\Hazina\src\Core\Agents\Hazina.AgentFactory\Hazina.AgentFactory.csproj::TargetFramework=net9.0]
C:\Projects\Hazina\src\Core\Agents\Hazina.AgentFactory\Models\GitOutput.cs(131,75): warning SA1503: Braces should not be omitted (https://github.com/DotNetAnalyzers/StyleCopAnalyzers/blob/master/documentation/SA1503.md) [C:\Projects\Hazina\src\Core\Agents\Hazina.AgentFactory\Hazina.AgentFactory.csproj::TargetFramework=net9.0]
C:\Projects\Hazina\src\Core\Agents\Hazina.AgentFactory\Models\GitOutput.cs(132,74): warning SA1503: Braces should not be omitted (https://github.com/DotNetAnalyzers/StyleCopAnalyzers/blob/master/documentation/SA1503.md) [C:\Projects\Hazina\src\Core\Agents\Hazina.AgentFactory\Hazina.AgentFactory.csproj::TargetFramework=net9.0]
C:\Projects\Hazina\src\Core\Agents\Hazina.AgentFactory\Models\GitOutput.cs(113,18): warning SA1206: The 'static' modifier should appear before 'async' (https://github.com/DotNetAnalyzers/StyleCopAnalyzers/blob/master/documentation/SA1206.md) [C:\Projects\Hazina\src\Core\Agents\Hazina.AgentFactory\Hazina.AgentFactory.csproj::TargetFramework=net9.0]
C:\Projects\Hazina\src\Core\Agents\Hazina.AgentFactory\Models\StoreEntry.cs(12,44): warning SA1501: Statement should not be on a single line (https://github.com/DotNetAnalyzers/StyleCopAnalyzers/blob/master/documentation/SA1501.md) [C:\Projects\Hazina\src\Core\Agents\Hazina.AgentFactory\Hazina.AgentFactory.csproj::TargetFramework=net9.0]
C:\Projects\Hazina\src\Core\Agents\Hazina.AgentFactory\Models\StoreEntry.cs(12,66): warning SA1107: Code should not contain multiple statements on one line (https://github.com/DotNetAnalyzers/StyleCopAnalyzers/blob/master/documentation/SA1107.md) [C:\Projects\Hazina\src\Core\Agents\Hazina.AgentFactory\Hazina.AgentFactory.csproj::TargetFramework=net9.0]
C:\Projects\Hazina\src\Core\Agents\Hazina.AgentFactory\Models\AgentCardModel.cs(34,86): warning SA1107: Code should not contain multiple statements on one line (https://github.com/DotNetAnalyzers/StyleCopAnalyzers/blob/master/documentation/SA1107.md) [C:\Projects\Hazina\src\Core\Agents\Hazina.AgentFactory\Hazina.AgentFactory.csproj::TargetFramework=net9.0]
C:\Projects\Hazina\src\Core\Agents\Hazina.AgentFactory\Models\StoreEntry.cs(17,43): warning SA1501: Statement should not be on a single line (https://github.com/DotNetAnalyzers/StyleCopAnalyzers/blob/master/documentation/SA1501.md) [C:\Projects\Hazina\src\Core\Agents\Hazina.AgentFactory\Hazina.AgentFactory.csproj::TargetFramework=net9.0]
C:\Projects\Hazina\src\Core\Agents\Hazina.AgentFactory\Core\HazinaAgent.cs(1,1): warning SA1633: The file header is missing or not located at the top of the file. (https://github.com/DotNetAnalyzers/StyleCopAnalyzers/blob/master/documentation/SA1633.md) [C:\Projects\Hazina\src\Core\Agents\Hazina.AgentFactory\Hazina.AgentFactory.csproj::TargetFramework=net9.0]
C:\Projects\Hazina\src\Core\Agents\Hazina.AgentFactory\Models\StoreEntry.cs(17,64): warning SA1107: Code should not contain multiple statements on one line (https://github.com/DotNetAnalyzers/StyleCopAnalyzers/blob/master/documentation/SA1107.md) [C:\Projects\Hazina\src\Core\Agents\Hazina.AgentFactory\Hazina.AgentFactory.csproj::TargetFramework=net9.0]
C:\Projects\Hazina\src\Core\Agents\Hazina.AgentFactory\Models\StoreEntry.cs(12,23): warning MA0006: Use string.Equals instead of NotEquals operator (https://github.com/meziantou/Meziantou.Analyzer/blob/main/docs/Rules/MA0006.md) [C:\Projects\Hazina\src\Core\Agents\Hazina.AgentFactory\Hazina.AgentFactory.csproj::TargetFramework=net9.0]
C:\Projects\Hazina\src\Core\Agents\Hazina.AgentFactory\Core\HazinaFlow.cs(1,1): warning SA1633: The file header is missing or not located at the top of the file. (https://github.com/DotNetAnalyzers/StyleCopAnalyzers/blob/master/documentation/SA1633.md) [C:\Projects\Hazina\src\Core\Agents\Hazina.AgentFactory\Hazina.AgentFactory.csproj::TargetFramework=net9.0]
C:\Projects\Hazina\src\Core\Agents\Hazina.AgentFactory\Core\HazinaFlow.cs(12,2): warning SA1518: File is required to end with a single newline character (https://github.com/DotNetAnalyzers/StyleCopAnalyzers/blob/master/documentation/SA1518.md) [C:\Projects\Hazina\src\Core\Agents\Hazina.AgentFactory\Hazina.AgentFactory.csproj::TargetFramework=net9.0]
C:\Projects\Hazina\src\Core\Agents\Hazina.AgentFactory\Models\AgentCardModel.cs(35,83): warning SA1107: Code should not contain multiple statements on one line (https://github.com/DotNetAnalyzers/StyleCopAnalyzers/blob/master/documentation/SA1107.md) [C:\Projects\Hazina\src\Core\Agents\Hazina.AgentFactory\Hazina.AgentFactory.csproj::TargetFramework=net9.0]
C:\Projects\Hazina\src\Core\Agents\Hazina.AgentFactory\Core\QuickAgentCreator.cs(1,1): warning SA1633: The file header is missing or not located at the top of the file. (https://github.com/DotNetAnalyzers/StyleCopAnalyzers/blob/master/documentation/SA1633.md) [C:\Projects\Hazina\src\Core\Agents\Hazina.AgentFactory\Hazina.AgentFactory.csproj::TargetFramework=net9.0]
C:\Projects\Hazina\src\Core\Agents\Hazina.AgentFactory\Models\GitOutput.cs(26,75): warning SA1503: Braces should not be omitted (https://github.com/DotNetAnalyzers/StyleCopAnalyzers/blob/master/documentation/SA1503.md) [C:\Projects\Hazina\src\Core\Agents\Hazina.AgentFactory\Hazina.AgentFactory.csproj::TargetFramework=net9.0]
C:\Projects\Hazina\src\Core\Agents\Hazina.AgentFactory\Models\GitOutput.cs(27,74): warning SA1503: Braces should not be omitted (https://github.com/DotNetAnalyzers/StyleCopAnalyzers/blob/master/documentation/SA1503.md) [C:\Projects\Hazina\src\Core\Agents\Hazina.AgentFactory\Hazina.AgentFactory.csproj::TargetFramework=net9.0]
C:\Projects\Hazina\src\Core\Agents\Hazina.AgentFactory\Models\GitOutput.cs(78,75): warning SA1503: Braces should not be omitted (https://github.com/DotNetAnalyzers/StyleCopAnalyzers/blob/master/documentation/SA1503.md) [C:\Projects\Hazina\src\Core\Agents\Hazina.AgentFactory\Hazina.AgentFactory.csproj::TargetFramework=net9.0]
C:\Projects\Hazina\src\Core\Agents\Hazina.AgentFactory\Models\GitOutput.cs(79,74): warning SA1503: Braces should not be omitted (https://github.com/DotNetAnalyzers/StyleCopAnalyzers/blob/master/documentation/SA1503.md) [C:\Projects\Hazina\src\Core\Agents\Hazina.AgentFactory\Hazina.AgentFactory.csproj::TargetFramework=net9.0]
C:\Projects\Hazina\src\Core\Agents\Hazina.AgentFactory\Models\GitOutput.cs(142,33): warning MA0004: Use Task.ConfigureAwait(false) if the current SynchronizationContext is not needed (https://github.com/meziantou/Meziantou.Analyzer/blob/main/docs/Rules/MA0004.md) [C:\Projects\Hazina\src\Core\Agents\Hazina.AgentFactory\Hazina.AgentFactory.csproj::TargetFramework=net9.0]
C:\Projects\Hazina\src\Core\Agents\Hazina.AgentFactory\Models\AgentCardModel.cs(36,75): warning SA1107: Code should not contain multiple statements on one line (https://github.com/DotNetAnalyzers/StyleCopAnalyzers/blob/master/documentation/SA1107.md) [C:\Projects\Hazina\src\Core\Agents\Hazina.AgentFactory\Hazina.AgentFactory.csproj::TargetFramework=net9.0]
C:\Projects\Hazina\src\Core\Agents\Hazina.AgentFactory\Core\StoresAndAgentsAndFlowLoader.cs(1,1): warning SA1633: The file header is missing or not located at the top of the file. (https://github.com/DotNetAnalyzers/StyleCopAnalyzers/blob/master/documentation/SA1633.md) [C:\Projects\Hazina\src\Core\Agents\Hazina.AgentFactory\Hazina.AgentFactory.csproj::TargetFramework=net9.0]
C:\Projects\Hazina\src\Core\Agents\Hazina.AgentFactory\Core\StoresAndAgentsAndFlowLoader.cs(68,18): warning SA1513: Closing brace should be followed by blank line (https://github.com/DotNetAnalyzers/StyleCopAnalyzers/blob/master/documentation/SA1513.md) [C:\Projects\Hazina\src\Core\Agents\Hazina.AgentFactory\Hazina.AgentFactory.csproj::TargetFramework=net9.0]
C:\Projects\Hazina\src\Core\Agents\Hazina.AgentFactory\Core\StoresAndAgentsAndFlowLoader.cs(100,10): warning SA1513: Closing brace should be followed by blank line (https://github.com/DotNetAnalyzers/StyleCopAnalyzers/blob/master/documentation/SA1513.md) [C:\Projects\Hazina\src\Core\Agents\Hazina.AgentFactory\Hazina.AgentFactory.csproj::TargetFramework=net9.0]
C:\Projects\Hazina\src\Core\Agents\Hazina.AgentFactory\Configuration\Parsers\HazinaStoreConfigParser.cs(27,37): warning CA1002: Change 'List<StoreConfig>' in 'HazinaStoreConfigParser.Parse(string)' to use 'Collection<T>', 'ReadOnlyCollection<T>' or 'KeyedCollection<K,V>' (https://learn.microsoft.com/dotnet/fundamentals/code-analysis/quality-rules/ca1002) [C:\Projects\Hazina\src\Core\Agents\Hazina.AgentFactory\Hazina.AgentFactory.csproj::TargetFramework=net9.0]
C:\Projects\Hazina\src\Core\Agents\Hazina.AgentFactory\Core\StoresAndAgentsAndFlowLoader.cs(43,9): warning SA1515: Single-line comment should be preceded by blank line (https://github.com/DotNetAnalyzers/StyleCopAnalyzers/blob/master/documentation/SA1515.md) [C:\Projects\Hazina\src\Core\Agents\Hazina.AgentFactory\Hazina.AgentFactory.csproj::TargetFramework=net9.0]
C:\Projects\Hazina\src\Core\Agents\Hazina.AgentFactory\Configuration\Parsers\HazinaStoreConfigParser.cs(27,19): warning MA0016: Prefer using collection abstraction instead of implementation (https://github.com/meziantou/Meziantou.Analyzer/blob/main/docs/Rules/MA0016.md) [C:\Projects\Hazina\src\Core\Agents\Hazina.AgentFactory\Hazina.AgentFactory.csproj::TargetFramework=net9.0]
C:\Projects\Hazina\src\Core\Agents\Hazina.AgentFactory\Models\GitOutput.cs(89,33): warning MA0004: Use Task.ConfigureAwait(false) if the current SynchronizationContext is not needed (https://github.com/meziantou/Meziantou.Analyzer/blob/main/docs/Rules/MA0004.md) [C:\Projects\Hazina\src\Core\Agents\Hazina.AgentFactory\Hazina.AgentFactory.csproj::TargetFramework=net9.0]
C:\Projects\Hazina\src\Core\Agents\Hazina.AgentFactory\Models\GitOutput.cs(37,33): warning MA0004: Use Task.ConfigureAwait(false) if the current SynchronizationContext is not needed (https://github.com/meziantou/Meziantou.Analyzer/blob/main/docs/Rules/MA0004.md) [C:\Projects\Hazina\src\Core\Agents\Hazina.AgentFactory\Hazina.AgentFactory.csproj::TargetFramework=net9.0]
C:\Projects\Hazina\src\Core\Agents\Hazina.AgentFactory\Core\StoresAndAgentsAndFlowLoader.cs(85,9): warning SA1000: The keyword 'foreach' should be followed by a space (https://github.com/DotNetAnalyzers/StyleCopAnalyzers/blob/master/documentation/SA1000.md) [C:\Projects\Hazina\src\Core\Agents\Hazina.AgentFactory\Hazina.AgentFactory.csproj::TargetFramework=net9.0]
C:\Projects\Hazina\src\Core\Agents\Hazina.AgentFactory\Models\StorePaths.cs(7,56): warning SA1503: Braces should not be omitted (https://github.com/DotNetAnalyzers/StyleCopAnalyzers/blob/master/documentation/SA1503.md) [C:\Projects\Hazina\src\Core\Agents\Hazina.AgentFactory\Hazina.AgentFactory.csproj::TargetFramework=net9.0]
C:\Projects\Hazina\src\Core\Agents\Hazina.AgentFactory\Models\StorePaths.cs(8,51): warning SA1503: Braces should not be omitted (https://github.com/DotNetAnalyzers/StyleCopAnalyzers/blob/master/documentation/SA1503.md) [C:\Projects\Hazina\src\Core\Agents\Hazina.AgentFactory\Hazina.AgentFactory.csproj::TargetFramework=net9.0]
C:\Projects\Hazina\src\Core\Agents\Hazina.AgentFactory\Configuration\Parsers\HazinaAgentConfigParser.cs(211,58): warning SA1122: Use string.Empty for empty strings (https://github.com/DotNetAnalyzers/StyleCopAnalyzers/blob/master/documentation/SA1122.md) [C:\Projects\Hazina\src\Core\Agents\Hazina.AgentFactory\Hazina.AgentFactory.csproj::TargetFramework=net9.0]
C:\Projects\Hazina\src\Core\Agents\Hazina.AgentFactory\Core\StoresAndAgentsAndFlowLoader.cs(81,13): warning SA1009: Closing parenthesis should not be preceded by a space (https://github.com/DotNetAnalyzers/StyleCopAnalyzers/blob/master/documentation/SA1009.md) [C:\Projects\Hazina\src\Core\Agents\Hazina.AgentFactory\Hazina.AgentFactory.csproj::TargetFramework=net9.0]
C:\Projects\Hazina\src\Core\Agents\Hazina.AgentFactory\Configuration\Parsers\HazinaAgentConfigParser.cs(211,22): warning CA1307: 'string.Replace(string, string?)' has a method overload that takes a 'StringComparison' parameter. Replace this call in 'HazinaFlowConfigParser.EscapeMultiline(string)' with a call to 'string.Replace(string, string?, System.StringComparison)' for clarity of intent. (https://learn.microsoft.com/dotnet/fundamentals/code-analysis/quality-rules/ca1307) [C:\Projects\Hazina\src\Core\Agents\Hazina.AgentFactory\Hazina.AgentFactory.csproj::TargetFramework=net9.0]
C:\Projects\Hazina\src\Core\Agents\Hazina.AgentFactory\Configuration\Parsers\HazinaAgentConfigParser.cs(211,22): warning CA1307: 'string.Replace(string, string?)' has a method overload that takes a 'StringComparison' parameter. Replace this call in 'HazinaFlowConfigParser.EscapeMultiline(string)' with a call to 'string.Replace(string, string?, System.StringComparison)' for clarity of intent. (https://learn.microsoft.com/dotnet/fundamentals/code-analysis/quality-rules/ca1307) [C:\Projects\Hazina\src\Core\Agents\Hazina.AgentFactory\Hazina.AgentFactory.csproj::TargetFramework=net9.0]
C:\Projects\Hazina\src\Core\Agents\Hazina.AgentFactory\Configuration\Parsers\HazinaAgentConfigParser.cs(213,68): warning CA1307: 'string.Replace(string, string?)' has a method overload that takes a 'StringComparison' parameter. Replace this call in 'HazinaFlowConfigParser.UnescapeMultiline(string)' with a call to 'string.Replace(string, string?, System.StringComparison)' for clarity of intent. (https://learn.microsoft.com/dotnet/fundamentals/code-analysis/quality-rules/ca1307) [C:\Projects\Hazina\src\Core\Agents\Hazina.AgentFactory\Hazina.AgentFactory.csproj::TargetFramework=net9.0]
C:\Projects\Hazina\src\Core\Agents\Hazina.AgentFactory\Configuration\Parsers\HazinaAgentConfigParser.cs(228,36): warning CA1002: Change 'List<FlowConfig>' in 'HazinaFlowConfigParser.LoadFromFile(string)' to use 'Collection<T>', 'ReadOnlyCollection<T>' or 'KeyedCollection<K,V>' (https://learn.microsoft.com/dotnet/fundamentals/code-analysis/quality-rules/ca1002) [C:\Projects\Hazina\src\Core\Agents\Hazina.AgentFactory\Hazina.AgentFactory.csproj::TargetFramework=net9.0]
C:\Projects\Hazina\src\Core\Agents\Hazina.AgentFactory\Configuration\Parsers\HazinaAgentConfigParser.cs(228,19): warning MA0016: Prefer using collection abstraction instead of implementation (https://github.com/meziantou/Meziantou.Analyzer/blob/main/docs/Rules/MA0016.md) [C:\Projects\Hazina\src\Core\Agents\Hazina.AgentFactory\Hazina.AgentFactory.csproj::TargetFramework=net9.0]
C:\Projects\Hazina\src\Core\Agents\Hazina.AgentFactory\Models\AgentCardModel.cs(42,12): warning MA0026: TODO Implement add/remove logic and helper methods, following FlowCardModel patterns (https://github.com/meziantou/Meziantou.Analyzer/blob/main/docs/Rules/MA0026.md) [C:\Projects\Hazina\src\Core\Agents\Hazina.AgentFactory\Hazina.AgentFactory.csproj::TargetFramework=net9.0]
C:\Projects\Hazina\src\Core\Agents\Hazina.AgentFactory\Models\AgentCardModel.cs(42,12): warning S1135: Complete the task associated to this 'TODO' comment. (https://rules.sonarsource.com/csharp/RSPEC-1135) [C:\Projects\Hazina\src\Core\Agents\Hazina.AgentFactory\Hazina.AgentFactory.csproj::TargetFramework=net9.0]
C:\Projects\Hazina\src\Core\Agents\Hazina.AgentFactory\Models\AgentCardModel.cs(1,1): warning SA1633: The file header is missing or not located at the top of the file. (https://github.com/DotNetAnalyzers/StyleCopAnalyzers/blob/master/documentation/SA1633.md) [C:\Projects\Hazina\src\Core\Agents\Hazina.AgentFactory\Hazina.AgentFactory.csproj::TargetFramework=net9.0]
C:\Projects\Hazina\src\Core\Agents\Hazina.AgentFactory\Configuration\Parsers\HazinaAgentConfigParser.cs(37,37): warning CA1002: Change 'List<AgentConfig>' in 'HazinaAgentConfigParser.Parse(string)' to use 'Collection<T>', 'ReadOnlyCollection<T>' or 'KeyedCollection<K,V>' (https://learn.microsoft.com/dotnet/fundamentals/code-analysis/quality-rules/ca1002) [C:\Projects\Hazina\src\Core\Agents\Hazina.AgentFactory\Hazina.AgentFactory.csproj::TargetFramework=net9.0]
C:\Projects\Hazina\src\Core\Agents\Hazina.AgentFactory\Configuration\Parsers\HazinaAgentConfigParser.cs(37,19): warning MA0016: Prefer using collection abstraction instead of implementation (https://github.com/meziantou/Meziantou.Analyzer/blob/main/docs/Rules/MA0016.md) [C:\Projects\Hazina\src\Core\Agents\Hazina.AgentFactory\Hazina.AgentFactory.csproj::TargetFramework=net9.0]
C:\Projects\Hazina\src\Core\Agents\Hazina.AgentFactory\Models\GitOutput.cs(97,17): warning CA1031: Modify 'GetNpmOutputAsync' to catch a more specific allowed exception type, or rethrow the exception (https://learn.microsoft.com/dotnet/fundamentals/code-analysis/quality-rules/ca1031) [C:\Projects\Hazina\src\Core\Agents\Hazina.AgentFactory\Hazina.AgentFactory.csproj::TargetFramework=net9.0]
C:\Projects\Hazina\src\Core\Agents\Hazina.AgentFactory\Models\GitOutput.cs(150,17): warning CA1031: Modify 'GetDotNetOutput' to catch a more specific allowed exception type, or rethrow the exception (https://learn.microsoft.com/dotnet/fundamentals/code-analysis/quality-rules/ca1031) [C:\Projects\Hazina\src\Core\Agents\Hazina.AgentFactory\Hazina.AgentFactory.csproj::TargetFramework=net9.0]
C:\Projects\Hazina\src\Core\Agents\Hazina.AgentFactory\Models\GitOutput.cs(45,17): warning CA1031: Modify 'GetGitOutput' to catch a more specific allowed exception type, or rethrow the exception (https://learn.microsoft.com/dotnet/fundamentals/code-analysis/quality-rules/ca1031) [C:\Projects\Hazina\src\Core\Agents\Hazina.AgentFactory\Hazina.AgentFactory.csproj::TargetFramework=net9.0]
C:\Projects\Hazina\src\Core\Agents\Hazina.AgentFactory\Models\AgentsCardsBindingModel.cs(1,1): warning S125: Remove this commented out code. (https://rules.sonarsource.com/csharp/RSPEC-125) [C:\Projects\Hazina\src\Core\Agents\Hazina.AgentFactory\Hazina.AgentFactory.csproj::TargetFramework=net9.0]
C:\Projects\Hazina\src\Core\Agents\Hazina.AgentFactory\Models\AgentsCardsBindingModel.cs(1,1): warning SA1633: The file header XML is invalid. (https://github.com/DotNetAnalyzers/StyleCopAnalyzers/blob/master/documentation/SA1633.md) [C:\Projects\Hazina\src\Core\Agents\Hazina.AgentFactory\Hazina.AgentFactory.csproj::TargetFramework=net9.0]
C:\Projects\Hazina\src\Core\Agents\Hazina.AgentFactory\Models\AgentsCardsBindingModel.cs(1,1): warning SA1005: Single line comment should begin with a space (https://github.com/DotNetAnalyzers/StyleCopAnalyzers/blob/master/documentation/SA1005.md) [C:\Projects\Hazina\src\Core\Agents\Hazina.AgentFactory\Hazina.AgentFactory.csproj::TargetFramework=net9.0]
C:\Projects\Hazina\src\Core\Agents\Hazina.AgentFactory\Models\AgentsCardsBindingModel.cs(2,1): warning SA1005: Single line comment should begin with a space (https://github.com/DotNetAnalyzers/StyleCopAnalyzers/blob/master/documentation/SA1005.md) [C:\Projects\Hazina\src\Core\Agents\Hazina.AgentFactory\Hazina.AgentFactory.csproj::TargetFramework=net9.0]
C:\Projects\Hazina\src\Core\Agents\Hazina.AgentFactory\Models\AgentsCardsBindingModel.cs(3,1): warning SA1005: Single line comment should begin with a space (https://github.com/DotNetAnalyzers/StyleCopAnalyzers/blob/master/documentation/SA1005.md) [C:\Projects\Hazina\src\Core\Agents\Hazina.AgentFactory\Hazina.AgentFactory.csproj::TargetFramework=net9.0]
C:\Projects\Hazina\src\Core\Agents\Hazina.AgentFactory\Models\AgentsCardsBindingModel.cs(4,1): warning SA1005: Single line comment should begin with a space (https://github.com/DotNetAnalyzers/StyleCopAnalyzers/blob/master/documentation/SA1005.md) [C:\Projects\Hazina\src\Core\Agents\Hazina.AgentFactory\Hazina.AgentFactory.csproj::TargetFramework=net9.0]
C:\Projects\Hazina\src\Core\Agents\Hazina.AgentFactory\Models\AgentsCardsBindingModel.cs(5,1): warning SA1005: Single line comment should begin with a space (https://github.com/DotNetAnalyzers/StyleCopAnalyzers/blob/master/documentation/SA1005.md) [C:\Projects\Hazina\src\Core\Agents\Hazina.AgentFactory\Hazina.AgentFactory.csproj::TargetFramework=net9.0]
C:\Projects\Hazina\src\Core\Agents\Hazina.AgentFactory\Models\AgentsCardsBindingModel.cs(6,1): warning SA1005: Single line comment should begin with a space (https://github.com/DotNetAnalyzers/StyleCopAnalyzers/blob/master/documentation/SA1005.md) [C:\Projects\Hazina\src\Core\Agents\Hazina.AgentFactory\Hazina.AgentFactory.csproj::TargetFramework=net9.0]
C:\Projects\Hazina\src\Core\Agents\Hazina.AgentFactory\Models\AgentsCardsBindingModel.cs(8,1): warning SA1005: Single line comment should begin with a space (https://github.com/DotNetAnalyzers/StyleCopAnalyzers/blob/master/documentation/SA1005.md) [C:\Projects\Hazina\src\Core\Agents\Hazina.AgentFactory\Hazina.AgentFactory.csproj::TargetFramework=net9.0]
C:\Projects\Hazina\src\Core\Agents\Hazina.AgentFactory\Models\AgentsCardsBindingModel.cs(20,1): warning SA1005: Single line comment should begin with a space (https://github.com/DotNetAnalyzers/StyleCopAnalyzers/blob/master/documentation/SA1005.md) [C:\Projects\Hazina\src\Core\Agents\Hazina.AgentFactory\Hazina.AgentFactory.csproj::TargetFramework=net9.0]
C:\Projects\Hazina\src\Core\Agents\Hazina.AgentFactory\Models\AgentsCardsBindingModel.cs(53,1): warning SA1005: Single line comment should begin with a space (https://github.com/DotNetAnalyzers/StyleCopAnalyzers/blob/master/documentation/SA1005.md) [C:\Projects\Hazina\src\Core\Agents\Hazina.AgentFactory\Hazina.AgentFactory.csproj::TargetFramework=net9.0]
C:\Projects\Hazina\src\Core\Agents\Hazina.AgentFactory\Models\AgentsCardsBindingModel.cs(58,1): warning SA1005: Single line comment should begin with a space (https://github.com/DotNetAnalyzers/StyleCopAnalyzers/blob/master/documentation/SA1005.md) [C:\Projects\Hazina\src\Core\Agents\Hazina.AgentFactory\Hazina.AgentFactory.csproj::TargetFramework=net9.0]
C:\Projects\Hazina\src\Core\Agents\Hazina.AgentFactory\Models\BuildOutput.cs(27,13): warning S125: Remove this commented out code. (https://rules.sonarsource.com/csharp/RSPEC-125) [C:\Projects\Hazina\src\Core\Agents\Hazina.AgentFactory\Hazina.AgentFactory.csproj::TargetFramework=net9.0]
C:\Projects\Hazina\src\Core\Agents\Hazina.AgentFactory\Models\BuildOutput.cs(1,1): warning SA1633: The file header XML is invalid. (https://github.com/DotNetAnalyzers/StyleCopAnalyzers/blob/master/documentation/SA1633.md) [C:\Projects\Hazina\src\Core\Agents\Hazina.AgentFactory\Hazina.AgentFactory.csproj::TargetFramework=net9.0]
C:\Projects\Hazina\src\Core\Agents\Hazina.AgentFactory\Models\BuildOutput.cs(30,13): warning SA1512: Single-line comments should not be followed by blank line (https://github.com/DotNetAnalyzers/StyleCopAnalyzers/blob/master/documentation/SA1512.md) [C:\Projects\Hazina\src\Core\Agents\Hazina.AgentFactory\Hazina.AgentFactory.csproj::TargetFramework=net9.0]
C:\Projects\Hazina\src\Core\Agents\Hazina.AgentFactory\Models\BuildOutput.cs(16,13): warning SA1515: Single-line comment should be preceded by blank line (https://github.com/DotNetAnalyzers/StyleCopAnalyzers/blob/master/documentation/SA1515.md) [C:\Projects\Hazina\src\Core\Agents\Hazina.AgentFactory\Hazina.AgentFactory.csproj::TargetFramework=net9.0]
C:\Projects\Hazina\src\Core\Agents\Hazina.AgentFactory\Models\BuildOutput.cs(16,13): warning SA1005: Single line comment should begin with a space (https://github.com/DotNetAnalyzers/StyleCopAnalyzers/blob/master/documentation/SA1005.md) [C:\Projects\Hazina\src\Core\Agents\Hazina.AgentFactory\Hazina.AgentFactory.csproj::TargetFramework=net9.0]
C:\Projects\Hazina\src\Core\Agents\Hazina.AgentFactory\Models\BuildOutput.cs(17,13): warning SA1005: Single line comment should begin with a space (https://github.com/DotNetAnalyzers/StyleCopAnalyzers/blob/master/documentation/SA1005.md) [C:\Projects\Hazina\src\Core\Agents\Hazina.AgentFactory\Hazina.AgentFactory.csproj::TargetFramework=net9.0]
C:\Projects\Hazina\src\Core\Agents\Hazina.AgentFactory\Models\BuildOutput.cs(18,13): warning SA1005: Single line comment should begin with a space (https://github.com/DotNetAnalyzers/StyleCopAnalyzers/blob/master/documentation/SA1005.md) [C:\Projects\Hazina\src\Core\Agents\Hazina.AgentFactory\Hazina.AgentFactory.csproj::TargetFramework=net9.0]
C:\Projects\Hazina\src\Core\Agents\Hazina.AgentFactory\Models\BuildOutput.cs(27,13): warning SA1005: Single line comment should begin with a space (https://github.com/DotNetAnalyzers/StyleCopAnalyzers/blob/master/documentation/SA1005.md) [C:\Projects\Hazina\src\Core\Agents\Hazina.AgentFactory\Hazina.AgentFactory.csproj::TargetFramework=net9.0]
C:\Projects\Hazina\src\Core\Agents\Hazina.AgentFactory\Models\BuildOutput.cs(28,13): warning SA1005: Single line comment should begin with a space (https://github.com/DotNetAnalyzers/StyleCopAnalyzers/blob/master/documentation/SA1005.md) [C:\Projects\Hazina\src\Core\Agents\Hazina.AgentFactory\Hazina.AgentFactory.csproj::TargetFramework=net9.0]
C:\Projects\Hazina\src\Core\Agents\Hazina.AgentFactory\Models\BuildOutput.cs(29,13): warning SA1005: Single line comment should begin with a space (https://github.com/DotNetAnalyzers/StyleCopAnalyzers/blob/master/documentation/SA1005.md) [C:\Projects\Hazina\src\Core\Agents\Hazina.AgentFactory\Hazina.AgentFactory.csproj::TargetFramework=net9.0]
C:\Projects\Hazina\src\Core\Agents\Hazina.AgentFactory\Models\BuildOutput.cs(30,13): warning SA1005: Single line comment should begin with a space (https://github.com/DotNetAnalyzers/StyleCopAnalyzers/blob/master/documentation/SA1005.md) [C:\Projects\Hazina\src\Core\Agents\Hazina.AgentFactory\Hazina.AgentFactory.csproj::TargetFramework=net9.0]
C:\Projects\Hazina\src\Core\Agents\Hazina.AgentFactory\Configuration\Parsers\HazinaStoreConfigParser.cs(13,31): warning CA1062: In externally visible method 'string HazinaStoreConfigParser.Serialize(IEnumerable<StoreConfig> stores)', validate parameter 'stores' is non-null before using it. If appropriate, throw an 'ArgumentNullException' when the argument is 'null'. (https://learn.microsoft.com/dotnet/fundamentals/code-analysis/quality-rules/ca1062) [C:\Projects\Hazina\src\Core\Agents\Hazina.AgentFactory\Hazina.AgentFactory.csproj::TargetFramework=net9.0]
C:\Projects\Hazina\src\Core\Agents\Hazina.AgentFactory\Models\FlowCardModels.cs(1,1): warning SA1633: The file header is missing or not located at the top of the file. (https://github.com/DotNetAnalyzers/StyleCopAnalyzers/blob/master/documentation/SA1633.md) [C:\Projects\Hazina\src\Core\Agents\Hazina.AgentFactory\Hazina.AgentFactory.csproj::TargetFramework=net9.0]
C:\Projects\Hazina\src\Core\Agents\Hazina.AgentFactory\Models\FlowCardModels.cs(11,14): warning SA1649: File name should match first type name (https://github.com/DotNetAnalyzers/StyleCopAnalyzers/blob/master/documentation/SA1649.md) [C:\Projects\Hazina\src\Core\Agents\Hazina.AgentFactory\Hazina.AgentFactory.csproj::TargetFramework=net9.0]
C:\Projects\Hazina\src\Core\Agents\Hazina.AgentFactory\Models\FlowCardModels.cs(93,6): warning SA1513: Closing brace should be followed by blank line (https://github.com/DotNetAnalyzers/StyleCopAnalyzers/blob/master/documentation/SA1513.md) [C:\Projects\Hazina\src\Core\Agents\Hazina.AgentFactory\Hazina.AgentFactory.csproj::TargetFramework=net9.0]
C:\Projects\Hazina\src\Core\Agents\Hazina.AgentFactory\Models\FlowCardModels.cs(114,10): warning SA1513: Closing brace should be followed by blank line (https://github.com/DotNetAnalyzers/StyleCopAnalyzers/blob/master/documentation/SA1513.md) [C:\Projects\Hazina\src\Core\Agents\Hazina.AgentFactory\Hazina.AgentFactory.csproj::TargetFramework=net9.0]
C:\Projects\Hazina\src\Core\Agents\Hazina.AgentFactory\Models\FlowCardModels.cs(122,10): warning SA1513: Closing brace should be followed by blank line (https://github.com/DotNetAnalyzers/StyleCopAnalyzers/blob/master/documentation/SA1513.md) [C:\Projects\Hazina\src\Core\Agents\Hazina.AgentFactory\Hazina.AgentFactory.csproj::TargetFramework=net9.0]
C:\Projects\Hazina\src\Core\Agents\Hazina.AgentFactory\Models\FlowCardModels.cs(135,6): warning SA1513: Closing brace should be followed by blank line (https://github.com/DotNetAnalyzers/StyleCopAnalyzers/blob/master/documentation/SA1513.md) [C:\Projects\Hazina\src\Core\Agents\Hazina.AgentFactory\Hazina.AgentFactory.csproj::TargetFramework=net9.0]
C:\Projects\Hazina\src\Core\Agents\Hazina.AgentFactory\Models\FlowCardModels.cs(76,14): warning SA1402: File may only contain a single type (https://github.com/DotNetAnalyzers/StyleCopAnalyzers/blob/master/documentation/SA1402.md) [C:\Projects\Hazina\src\Core\Agents\Hazina.AgentFactory\Hazina.AgentFactory.csproj::TargetFramework=net9.0]
C:\Projects\Hazina\src\Core\Agents\Hazina.AgentFactory\Configuration\Parsers\HazinaAgentConfigParser.cs(220,47): warning SA1503: Braces should not be omitted (https://github.com/DotNetAnalyzers/StyleCopAnalyzers/blob/master/documentation/SA1503.md) [C:\Projects\Hazina\src\Core\Agents\Hazina.AgentFactory\Hazina.AgentFactory.csproj::TargetFramework=net9.0]
C:\Projects\Hazina\src\Core\Agents\Hazina.AgentFactory\Configuration\Parsers\HazinaAgentConfigParser.cs(223,13): warning SA1503: Braces should not be omitted (https://github.com/DotNetAnalyzers/StyleCopAnalyzers/blob/master/documentation/SA1503.md) [C:\Projects\Hazina\src\Core\Agents\Hazina.AgentFactory\Hazina.AgentFactory.csproj::TargetFramework=net9.0]
C:\Projects\Hazina\src\Core\Agents\Hazina.AgentFactory\Configuration\Parsers\HazinaAgentConfigParser.cs(238,19): warning S112: 'System.Exception' should not be thrown by user code. (https://rules.sonarsource.com/csharp/RSPEC-112) [C:\Projects\Hazina\src\Core\Agents\Hazina.AgentFactory\Hazina.AgentFactory.csproj::TargetFramework=net9.0]
C:\Projects\Hazina\src\Core\Agents\Hazina.AgentFactory\Configuration\Parsers\HazinaAgentConfigParser.cs(251,19): warning S112: 'System.Exception' should not be thrown by user code. (https://rules.sonarsource.com/csharp/RSPEC-112) [C:\Projects\Hazina\src\Core\Agents\Hazina.AgentFactory\Hazina.AgentFactory.csproj::TargetFramework=net9.0]
C:\Projects\Hazina\src\Core\Agents\Hazina.AgentFactory\Configuration\Parsers\HazinaAgentConfigParser.cs(264,19): warning S112: 'System.Exception' should not be thrown by user code. (https://rules.sonarsource.com/csharp/RSPEC-112) [C:\Projects\Hazina\src\Core\Agents\Hazina.AgentFactory\Hazina.AgentFactory.csproj::TargetFramework=net9.0]
C:\Projects\Hazina\src\Core\Agents\Hazina.AgentFactory\Models\GitOutput.cs(1,1): warning SA1633: The file header XML is invalid. (https://github.com/DotNetAnalyzers/StyleCopAnalyzers/blob/master/documentation/SA1633.md) [C:\Projects\Hazina\src\Core\Agents\Hazina.AgentFactory\Hazina.AgentFactory.csproj::TargetFramework=net9.0]
C:\Projects\Hazina\src\Core\Agents\Hazina.AgentFactory\Configuration\Parsers\HazinaAgentConfigParser.cs(230,33): warning SA1503: Braces should not be omitted (https://github.com/DotNetAnalyzers/StyleCopAnalyzers/blob/master/documentation/SA1503.md) [C:\Projects\Hazina\src\Core\Agents\Hazina.AgentFactory\Hazina.AgentFactory.csproj::TargetFramework=net9.0]
C:\Projects\Hazina\src\Core\Agents\Hazina.AgentFactory\Models\GitOutput.cs(109,1): warning SA1507: Code should not contain multiple blank lines in a row (https://github.com/DotNetAnalyzers/StyleCopAnalyzers/blob/master/documentation/SA1507.md) [C:\Projects\Hazina\src\Core\Agents\Hazina.AgentFactory\Hazina.AgentFactory.csproj::TargetFramework=net9.0]
C:\Projects\Hazina\src\Core\Agents\Hazina.AgentFactory\Configuration\Parsers\HazinaAgentConfigParser.cs(238,19): warning CA2201: Exception type System.Exception is not sufficiently specific (https://learn.microsoft.com/dotnet/fundamentals/code-analysis/quality-rules/ca2201) [C:\Projects\Hazina\src\Core\Agents\Hazina.AgentFactory\Hazina.AgentFactory.csproj::TargetFramework=net9.0]
C:\Projects\Hazina\src\Core\Agents\Hazina.AgentFactory\Configuration\Parsers\HazinaAgentConfigParser.cs(251,19): warning CA2201: Exception type System.Exception is not sufficiently specific (https://learn.microsoft.com/dotnet/fundamentals/code-analysis/quality-rules/ca2201) [C:\Projects\Hazina\src\Core\Agents\Hazina.AgentFactory\Hazina.AgentFactory.csproj::TargetFramework=net9.0]
C:\Projects\Hazina\src\Core\Agents\Hazina.AgentFactory\Models\GitOutput.cs(58,21): warning SA1402: File may only contain a single type (https://github.com/DotNetAnalyzers/StyleCopAnalyzers/blob/master/documentation/SA1402.md) [C:\Projects\Hazina\src\Core\Agents\Hazina.AgentFactory\Hazina.AgentFactory.csproj::TargetFramework=net9.0]
C:\Projects\Hazina\src\Core\Agents\Hazina.AgentFactory\Models\GitOutput.cs(111,21): warning SA1402: File may only contain a single type (https://github.com/DotNetAnalyzers/StyleCopAnalyzers/blob/master/documentation/SA1402.md) [C:\Projects\Hazina\src\Core\Agents\Hazina.AgentFactory\Hazina.AgentFactory.csproj::TargetFramework=net9.0]
C:\Projects\Hazina\src\Core\Agents\Hazina.AgentFactory\Configuration\Parsers\HazinaAgentConfigParser.cs(264,19): warning CA2201: Exception type System.Exception is not sufficiently specific (https://learn.microsoft.com/dotnet/fundamentals/code-analysis/quality-rules/ca2201) [C:\Projects\Hazina\src\Core\Agents\Hazina.AgentFactory\Hazina.AgentFactory.csproj::TargetFramework=net9.0]
C:\Projects\Hazina\src\Core\Agents\Hazina.AgentFactory\Models\IsReadyResult.cs(1,1): warning SA1633: The file header is missing or not located at the top of the file. (https://github.com/DotNetAnalyzers/StyleCopAnalyzers/blob/master/documentation/SA1633.md) [C:\Projects\Hazina\src\Core\Agents\Hazina.AgentFactory\Hazina.AgentFactory.csproj::TargetFramework=net9.0]
C:\Projects\Hazina\src\Core\Agents\Hazina.AgentFactory\Models\IsReadyResult.cs(11,2): warning SA1518: File is required to end with a single newline character (https://github.com/DotNetAnalyzers/StyleCopAnalyzers/blob/master/documentation/SA1518.md) [C:\Projects\Hazina\src\Core\Agents\Hazina.AgentFactory\Hazina.AgentFactory.csproj::TargetFramework=net9.0]
C:\Projects\Hazina\src\Core\Agents\Hazina.AgentFactory\Models\StoreEntry.cs(1,1): warning SA1633: The file header is missing or not located at the top of the file. (https://github.com/DotNetAnalyzers/StyleCopAnalyzers/blob/master/documentation/SA1633.md) [C:\Projects\Hazina\src\Core\Agents\Hazina.AgentFactory\Hazina.AgentFactory.csproj::TargetFramework=net9.0]
C:\Projects\Hazina\src\Core\Agents\Hazina.AgentFactory\Models\StoreEntry.cs(13,10): warning SA1513: Closing brace should be followed by blank line (https://github.com/DotNetAnalyzers/StyleCopAnalyzers/blob/master/documentation/SA1513.md) [C:\Projects\Hazina\src\Core\Agents\Hazina.AgentFactory\Hazina.AgentFactory.csproj::TargetFramework=net9.0]
C:\Projects\Hazina\src\Core\Agents\Hazina.AgentFactory\Models\StoreEntry.cs(18,10): warning SA1513: Closing brace should be followed by blank line (https://github.com/DotNetAnalyzers/StyleCopAnalyzers/blob/master/documentation/SA1513.md) [C:\Projects\Hazina\src\Core\Agents\Hazina.AgentFactory\Hazina.AgentFactory.csproj::TargetFramework=net9.0]
C:\Projects\Hazina\src\Core\Agents\Hazina.AgentFactory\Models\StorePaths.cs(1,1): warning SA1633: The file header XML is invalid. (https://github.com/DotNetAnalyzers/StyleCopAnalyzers/blob/master/documentation/SA1633.md) [C:\Projects\Hazina\src\Core\Agents\Hazina.AgentFactory\Hazina.AgentFactory.csproj::TargetFramework=net9.0]
C:\Projects\Hazina\src\Core\Agents\Hazina.AgentFactory\Models\StorePaths.cs(12,6): warning SA1513: Closing brace should be followed by blank line (https://github.com/DotNetAnalyzers/StyleCopAnalyzers/blob/master/documentation/SA1513.md) [C:\Projects\Hazina\src\Core\Agents\Hazina.AgentFactory\Hazina.AgentFactory.csproj::TargetFramework=net9.0]
C:\Projects\Hazina\src\Core\Agents\Hazina.AgentFactory\Models\StorePaths.cs(8,9): warning SA1000: The keyword 'if' should be followed by a space (https://github.com/DotNetAnalyzers/StyleCopAnalyzers/blob/master/documentation/SA1000.md) [C:\Projects\Hazina\src\Core\Agents\Hazina.AgentFactory\Hazina.AgentFactory.csproj::TargetFramework=net9.0]
C:\Projects\Hazina\src\Core\Agents\Hazina.AgentFactory\Models\StoreRef.cs(1,1): warning SA1633: The file header is missing or not located at the top of the file. (https://github.com/DotNetAnalyzers/StyleCopAnalyzers/blob/master/documentation/SA1633.md) [C:\Projects\Hazina\src\Core\Agents\Hazina.AgentFactory\Hazina.AgentFactory.csproj::TargetFramework=net9.0]
C:\Projects\Hazina\src\Core\Agents\Hazina.AgentFactory\Configuration\Parsers\HazinaAgentConfigParser.cs(190,34): warning SA1503: Braces should not be omitted (https://github.com/DotNetAnalyzers/StyleCopAnalyzers/blob/master/documentation/SA1503.md) [C:\Projects\Hazina\src\Core\Agents\Hazina.AgentFactory\Hazina.AgentFactory.csproj::TargetFramework=net9.0]
C:\Projects\Hazina\src\Core\Agents\Hazina.AgentFactory\Configuration\Parsers\HazinaAgentConfigParser.cs(192,29): warning SA1503: Braces should not be omitted (https://github.com/DotNetAnalyzers/StyleCopAnalyzers/blob/master/documentation/SA1503.md) [C:\Projects\Hazina\src\Core\Agents\Hazina.AgentFactory\Hazina.AgentFactory.csproj::TargetFramework=net9.0]
C:\Projects\Hazina\src\Core\Agents\Hazina.AgentFactory\Configuration\Parsers\HazinaAgentConfigParser.cs(204,59): warning SA1503: Braces should not be omitted (https://github.com/DotNetAnalyzers/StyleCopAnalyzers/blob/master/documentation/SA1503.md) [C:\Projects\Hazina\src\Core\Agents\Hazina.AgentFactory\Hazina.AgentFactory.csproj::TargetFramework=net9.0]
C:\Projects\Hazina\src\Core\Agents\Hazina.AgentFactory\Configuration\Parsers\HazinaAgentConfigParser.cs(108,37): warning CA1002: Change 'List<AgentConfig>' in 'HazinaAgentConfigParser.LoadFromFile(string)' to use 'Collection<T>', 'ReadOnlyCollection<T>' or 'KeyedCollection<K,V>' (https://learn.microsoft.com/dotnet/fundamentals/code-analysis/quality-rules/ca1002) [C:\Projects\Hazina\src\Core\Agents\Hazina.AgentFactory\Hazina.AgentFactory.csproj::TargetFramework=net9.0]
C:\Projects\Hazina\src\Core\Agents\Hazina.AgentFactory\Configuration\Parsers\HazinaAgentConfigParser.cs(200,154): warning SA1122: Use string.Empty for empty strings (https://github.com/DotNetAnalyzers/StyleCopAnalyzers/blob/master/documentation/SA1122.md) [C:\Projects\Hazina\src\Core\Agents\Hazina.AgentFactory\Hazina.AgentFactory.csproj::TargetFramework=net9.0]
C:\Projects\Hazina\src\Core\Agents\Hazina.AgentFactory\Services\BigQuery\BigQueryService.cs(1,1): warning SA1633: The file header is missing or not located at the top of the file. (https://github.com/DotNetAnalyzers/StyleCopAnalyzers/blob/master/documentation/SA1633.md) [C:\Projects\Hazina\src\Core\Agents\Hazina.AgentFactory\Hazina.AgentFactory.csproj::TargetFramework=net9.0]
C:\Projects\Hazina\src\Core\Agents\Hazina.AgentFactory\Configuration\Parsers\HazinaAgentConfigParser.cs(108,19): warning MA0016: Prefer using collection abstraction instead of implementation (https://github.com/meziantou/Meziantou.Analyzer/blob/main/docs/Rules/MA0016.md) [C:\Projects\Hazina\src\Core\Agents\Hazina.AgentFactory\Hazina.AgentFactory.csproj::TargetFramework=net9.0]
C:\Projects\Hazina\src\Core\Agents\Hazina.AgentFactory\Configuration\Parsers\HazinaAgentConfigParser.cs(191,26): warning CA1307: 'string.IndexOf(char)' has a method overload that takes a 'StringComparison' parameter. Replace this call in 'HazinaFlowConfigParser.Parse(string)' with a call to 'string.IndexOf(char, System.StringComparison)' for clarity of intent. (https://learn.microsoft.com/dotnet/fundamentals/code-analysis/quality-rules/ca1307) [C:\Projects\Hazina\src\Core\Agents\Hazina.AgentFactory\Hazina.AgentFactory.csproj::TargetFramework=net9.0]
C:\Projects\Hazina\src\Core\Agents\Hazina.AgentFactory\Configuration\Parsers\HazinaAgentConfigParser.cs(200,149): warning CA1820: Test for empty strings using 'string.Length' property or 'string.IsNullOrEmpty' method instead of an Equality check (https://learn.microsoft.com/dotnet/fundamentals/code-analysis/quality-rules/ca1820) [C:\Projects\Hazina\src\Core\Agents\Hazina.AgentFactory\Hazina.AgentFactory.csproj::TargetFramework=net9.0]
C:\Projects\Hazina\src\Core\Agents\Hazina.AgentFactory\Services\BigQuery\IBigQueryService.cs(1,1): warning SA1633: The file header is missing or not located at the top of the file. (https://github.com/DotNetAnalyzers/StyleCopAnalyzers/blob/master/documentation/SA1633.md) [C:\Projects\Hazina\src\Core\Agents\Hazina.AgentFactory\Hazina.AgentFactory.csproj::TargetFramework=net9.0]
C:\Projects\Hazina\src\Core\Agents\Hazina.AgentFactory\Configuration\Parsers\HazinaAgentConfigParser.cs(21,13): warning CA1305: The behavior of 'StringBuilder.AppendLine(ref StringBuilder.AppendInterpolatedStringHandler)' could vary based on the current user's locale settings. Replace this call in 'HazinaAgentConfigParser.Serialize(IEnumerable<AgentConfig>)' with a call to 'StringBuilder.AppendLine(IFormatProvider, ref StringBuilder.AppendInterpolatedStringHandler)'. (https://learn.microsoft.com/dotnet/fundamentals/code-analysis/quality-rules/ca1305) [C:\Projects\Hazina\src\Core\Agents\Hazina.AgentFactory\Hazina.AgentFactory.csproj::TargetFramework=net9.0]
C:\Projects\Hazina\src\Core\Agents\Hazina.AgentFactory\Configuration\Parsers\HazinaAgentConfigParser.cs(22,13): warning CA1305: The behavior of 'StringBuilder.AppendLine(ref StringBuilder.AppendInterpolatedStringHandler)' could vary based on the current user's locale settings. Replace this call in 'HazinaAgentConfigParser.Serialize(IEnumerable<AgentConfig>)' with a call to 'StringBuilder.AppendLine(IFormatProvider, ref StringBuilder.AppendInterpolatedStringHandler)'. (https://learn.microsoft.com/dotnet/fundamentals/code-analysis/quality-rules/ca1305) [C:\Projects\Hazina\src\Core\Agents\Hazina.AgentFactory\Hazina.AgentFactory.csproj::TargetFramework=net9.0]
C:\Projects\Hazina\src\Core\Agents\Hazina.AgentFactory\Configuration\Parsers\HazinaAgentConfigParser.cs(23,13): warning CA1305: The behavior of 'StringBuilder.AppendLine(ref StringBuilder.AppendInterpolatedStringHandler)' could vary based on the current user's locale settings. Replace this call in 'HazinaAgentConfigParser.Serialize(IEnumerable<AgentConfig>)' with a call to 'StringBuilder.AppendLine(IFormatProvider, ref StringBuilder.AppendInterpolatedStringHandler)'. (https://learn.microsoft.com/dotnet/fundamentals/code-analysis/quality-rules/ca1305) [C:\Projects\Hazina\src\Core\Agents\Hazina.AgentFactory\Hazina.AgentFactory.csproj::TargetFramework=net9.0]
C:\Projects\Hazina\src\Core\Agents\Hazina.AgentFactory\Configuration\Parsers\HazinaAgentConfigParser.cs(24,13): warning CA1305: The behavior of 'StringBuilder.AppendLine(ref StringBuilder.AppendInterpolatedStringHandler)' could vary based on the current user's locale settings. Replace this call in 'HazinaAgentConfigParser.Serialize(IEnumerable<AgentConfig>)' with a call to 'StringBuilder.AppendLine(IFormatProvider, ref StringBuilder.AppendInterpolatedStringHandler)'. (https://learn.microsoft.com/dotnet/fundamentals/code-analysis/quality-rules/ca1305) [C:\Projects\Hazina\src\Core\Agents\Hazina.AgentFactory\Hazina.AgentFactory.csproj::TargetFramework=net9.0]
C:\Projects\Hazina\src\Core\Agents\Hazina.AgentFactory\Configuration\Parsers\HazinaAgentConfigParser.cs(25,13): warning CA1305: The behavior of 'StringBuilder.AppendLine(ref StringBuilder.AppendInterpolatedStringHandler)' could vary based on the current user's locale settings. Replace this call in 'HazinaAgentConfigParser.Serialize(IEnumerable<AgentConfig>)' with a call to 'StringBuilder.AppendLine(IFormatProvider, ref StringBuilder.AppendInterpolatedStringHandler)'. (https://learn.microsoft.com/dotnet/fundamentals/code-analysis/quality-rules/ca1305) [C:\Projects\Hazina\src\Core\Agents\Hazina.AgentFactory\Hazina.AgentFactory.csproj::TargetFramework=net9.0]
C:\Projects\Hazina\src\Core\Agents\Hazina.AgentFactory\Configuration\Parsers\HazinaAgentConfigParser.cs(26,13): warning CA1305: The behavior of 'StringBuilder.AppendLine(ref StringBuilder.AppendInterpolatedStringHandler)' could vary based on the current user's locale settings. Replace this call in 'HazinaAgentConfigParser.Serialize(IEnumerable<AgentConfig>)' with a call to 'StringBuilder.AppendLine(IFormatProvider, ref StringBuilder.AppendInterpolatedStringHandler)'. (https://learn.microsoft.com/dotnet/fundamentals/code-analysis/quality-rules/ca1305) [C:\Projects\Hazina\src\Core\Agents\Hazina.AgentFactory\Hazina.AgentFactory.csproj::TargetFramework=net9.0]
C:\Projects\Hazina\src\Core\Agents\Hazina.AgentFactory\Configuration\Parsers\HazinaAgentConfigParser.cs(27,13): warning CA1305: The behavior of 'StringBuilder.AppendLine(ref StringBuilder.AppendInterpolatedStringHandler)' could vary based on the current user's locale settings. Replace this call in 'HazinaAgentConfigParser.Serialize(IEnumerable<AgentConfig>)' with a call to 'StringBuilder.AppendLine(IFormatProvider, ref StringBuilder.AppendInterpolatedStringHandler)'. (https://learn.microsoft.com/dotnet/fundamentals/code-analysis/quality-rules/ca1305) [C:\Projects\Hazina\src\Core\Agents\Hazina.AgentFactory\Hazina.AgentFactory.csproj::TargetFramework=net9.0]
C:\Projects\Hazina\src\Core\Agents\Hazina.AgentFactory\Configuration\Parsers\HazinaAgentConfigParser.cs(28,13): warning CA1305: The behavior of 'StringBuilder.AppendLine(ref StringBuilder.AppendInterpolatedStringHandler)' could vary based on the current user's locale settings. Replace this call in 'HazinaAgentConfigParser.Serialize(IEnumerable<AgentConfig>)' with a call to 'StringBuilder.AppendLine(IFormatProvider, ref StringBuilder.AppendInterpolatedStringHandler)'. (https://learn.microsoft.com/dotnet/fundamentals/code-analysis/quality-rules/ca1305) [C:\Projects\Hazina\src\Core\Agents\Hazina.AgentFactory\Hazina.AgentFactory.csproj::TargetFramework=net9.0]
C:\Projects\Hazina\src\Core\Agents\Hazina.AgentFactory\Services\Email\EmailDetail.cs(1,1): warning SA1633: The file header is missing or not located at the top of the file. (https://github.com/DotNetAnalyzers/StyleCopAnalyzers/blob/master/documentation/SA1633.md) [C:\Projects\Hazina\src\Core\Agents\Hazina.AgentFactory\Hazina.AgentFactory.csproj::TargetFramework=net9.0]
C:\Projects\Hazina\src\Core\Agents\Hazina.AgentFactory\Services\Email\EmailService.cs(1,1): warning SA1633: The file header is missing or not located at the top of the file. (https://github.com/DotNetAnalyzers/StyleCopAnalyzers/blob/master/documentation/SA1633.md) [C:\Projects\Hazina\src\Core\Agents\Hazina.AgentFactory\Hazina.AgentFactory.csproj::TargetFramework=net9.0]
C:\Projects\Hazina\src\Core\Agents\Hazina.AgentFactory\Services\Tools\ToolRegistrationService.cs(96,36): warning S6602: "Find" method should be used instead of the "FirstOrDefault" extension method. (https://rules.sonarsource.com/csharp/RSPEC-6602) [C:\Projects\Hazina\src\Core\Agents\Hazina.AgentFactory\Hazina.AgentFactory.csproj::TargetFramework=net9.0]
C:\Projects\Hazina\src\Core\Agents\Hazina.AgentFactory\Services\Email\EmailSettings.cs(1,1): warning SA1633: The file header is missing or not located at the top of the file. (https://github.com/DotNetAnalyzers/StyleCopAnalyzers/blob/master/documentation/SA1633.md) [C:\Projects\Hazina\src\Core\Agents\Hazina.AgentFactory\Hazina.AgentFactory.csproj::TargetFramework=net9.0]
C:\Projects\Hazina\src\Core\Agents\Hazina.AgentFactory\Services\Email\EmailSummary.cs(1,1): warning SA1633: The file header is missing or not located at the top of the file. (https://github.com/DotNetAnalyzers/StyleCopAnalyzers/blob/master/documentation/SA1633.md) [C:\Projects\Hazina\src\Core\Agents\Hazina.AgentFactory\Hazina.AgentFactory.csproj::TargetFramework=net9.0]
C:\Projects\Hazina\src\Core\Agents\Hazina.AgentFactory\Services\Email\IEmailService.cs(1,1): warning SA1633: The file header is missing or not located at the top of the file. (https://github.com/DotNetAnalyzers/StyleCopAnalyzers/blob/master/documentation/SA1633.md) [C:\Projects\Hazina\src\Core\Agents\Hazina.AgentFactory\Hazina.AgentFactory.csproj::TargetFramework=net9.0]
C:\Projects\Hazina\src\Core\Agents\Hazina.AgentFactory\Services\Execution\AgentExecutionService.cs(1,1): warning SA1633: The file header is missing or not located at the top of the file. (https://github.com/DotNetAnalyzers/StyleCopAnalyzers/blob/master/documentation/SA1633.md) [C:\Projects\Hazina\src\Core\Agents\Hazina.AgentFactory\Hazina.AgentFactory.csproj::TargetFramework=net9.0]
C:\Projects\Hazina\src\Core\Agents\Hazina.AgentFactory\Services\Execution\AgentExecutionService.cs(93,10): warning SA1513: Closing brace should be followed by blank line (https://github.com/DotNetAnalyzers/StyleCopAnalyzers/blob/master/documentation/SA1513.md) [C:\Projects\Hazina\src\Core\Agents\Hazina.AgentFactory\Hazina.AgentFactory.csproj::TargetFramework=net9.0]
C:\Projects\Hazina\src\Core\Agents\Hazina.AgentFactory\Configuration\Parsers\HazinaAgentConfigParser.cs(91,58): warning SA1122: Use string.Empty for empty strings (https://github.com/DotNetAnalyzers/StyleCopAnalyzers/blob/master/documentation/SA1122.md) [C:\Projects\Hazina\src\Core\Agents\Hazina.AgentFactory\Hazina.AgentFactory.csproj::TargetFramework=net9.0]
C:\Projects\Hazina\src\Core\Agents\Hazina.AgentFactory\Configuration\Parsers\HazinaAgentConfigParser.cs(93,68): warning CA1307: 'string.Replace(string, string?)' has a method overload that takes a 'StringComparison' parameter. Replace this call in 'HazinaAgentConfigParser.UnescapeMultiline(string)' with a call to 'string.Replace(string, string?, System.StringComparison)' for clarity of intent. (https://learn.microsoft.com/dotnet/fundamentals/code-analysis/quality-rules/ca1307) [C:\Projects\Hazina\src\Core\Agents\Hazina.AgentFactory\Hazina.AgentFactory.csproj::TargetFramework=net9.0]
C:\Projects\Hazina\src\Core\Agents\Hazina.AgentFactory\Configuration\Parsers\HazinaAgentConfigParser.cs(91,22): warning CA1307: 'string.Replace(string, string?)' has a method overload that takes a 'StringComparison' parameter. Replace this call in 'HazinaAgentConfigParser.EscapeMultiline(string)' with a call to 'string.Replace(string, string?, System.StringComparison)' for clarity of intent. (https://learn.microsoft.com/dotnet/fundamentals/code-analysis/quality-rules/ca1307) [C:\Projects\Hazina\src\Core\Agents\Hazina.AgentFactory\Hazina.AgentFactory.csproj::TargetFramework=net9.0]
C:\Projects\Hazina\src\Core\Agents\Hazina.AgentFactory\Configuration\Parsers\HazinaAgentConfigParser.cs(91,22): warning CA1307: 'string.Replace(string, string?)' has a method overload that takes a 'StringComparison' parameter. Replace this call in 'HazinaAgentConfigParser.EscapeMultiline(string)' with a call to 'string.Replace(string, string?, System.StringComparison)' for clarity of intent. (https://learn.microsoft.com/dotnet/fundamentals/code-analysis/quality-rules/ca1307) [C:\Projects\Hazina\src\Core\Agents\Hazina.AgentFactory\Hazina.AgentFactory.csproj::TargetFramework=net9.0]
C:\Projects\Hazina\src\Core\Agents\Hazina.AgentFactory\Services\Execution\IAgentExecutionService.cs(1,1): warning SA1633: The file header is missing or not located at the top of the file. (https://github.com/DotNetAnalyzers/StyleCopAnalyzers/blob/master/documentation/SA1633.md) [C:\Projects\Hazina\src\Core\Agents\Hazina.AgentFactory\Hazina.AgentFactory.csproj::TargetFramework=net9.0]
C:\Projects\Hazina\src\Core\Agents\Hazina.AgentFactory\Services\Tools\IToolRegistrationService.cs(1,1): warning SA1633: The file header is missing or not located at the top of the file. (https://github.com/DotNetAnalyzers/StyleCopAnalyzers/blob/master/documentation/SA1633.md) [C:\Projects\Hazina\src\Core\Agents\Hazina.AgentFactory\Hazina.AgentFactory.csproj::TargetFramework=net9.0]
C:\Projects\Hazina\src\Core\Agents\Hazina.AgentFactory\Configuration\Parsers\HazinaAgentConfigParser.cs(100,47): warning SA1503: Braces should not be omitted (https://github.com/DotNetAnalyzers/StyleCopAnalyzers/blob/master/documentation/SA1503.md) [C:\Projects\Hazina\src\Core\Agents\Hazina.AgentFactory\Hazina.AgentFactory.csproj::TargetFramework=net9.0]
C:\Projects\Hazina\src\Core\Agents\Hazina.AgentFactory\Configuration\Parsers\HazinaAgentConfigParser.cs(103,13): warning SA1503: Braces should not be omitted (https://github.com/DotNetAnalyzers/StyleCopAnalyzers/blob/master/documentation/SA1503.md) [C:\Projects\Hazina\src\Core\Agents\Hazina.AgentFactory\Hazina.AgentFactory.csproj::TargetFramework=net9.0]
C:\Projects\Hazina\src\Core\Agents\Hazina.AgentFactory\Configuration\Parsers\HazinaAgentConfigParser.cs(118,19): warning S112: 'System.Exception' should not be thrown by user code. (https://rules.sonarsource.com/csharp/RSPEC-112) [C:\Projects\Hazina\src\Core\Agents\Hazina.AgentFactory\Hazina.AgentFactory.csproj::TargetFramework=net9.0]
C:\Projects\Hazina\src\Core\Agents\Hazina.AgentFactory\Configuration\Parsers\HazinaAgentConfigParser.cs(131,19): warning S112: 'System.Exception' should not be thrown by user code. (https://rules.sonarsource.com/csharp/RSPEC-112) [C:\Projects\Hazina\src\Core\Agents\Hazina.AgentFactory\Hazina.AgentFactory.csproj::TargetFramework=net9.0]
C:\Projects\Hazina\src\Core\Agents\Hazina.AgentFactory\Services\Tools\Parameters\CommonToolParameters.cs(1,1): warning SA1633: The file header is missing or not located at the top of the file. (https://github.com/DotNetAnalyzers/StyleCopAnalyzers/blob/master/documentation/SA1633.md) [C:\Projects\Hazina\src\Core\Agents\Hazina.AgentFactory\Hazina.AgentFactory.csproj::TargetFramework=net9.0]
C:\Projects\Hazina\src\Core\Agents\Hazina.AgentFactory\Configuration\Parsers\HazinaAgentConfigParser.cs(110,33): warning SA1503: Braces should not be omitted (https://github.com/DotNetAnalyzers/StyleCopAnalyzers/blob/master/documentation/SA1503.md) [C:\Projects\Hazina\src\Core\Agents\Hazina.AgentFactory\Hazina.AgentFactory.csproj::TargetFramework=net9.0]
C:\Projects\Hazina\src\Core\Agents\Hazina.AgentFactory\Configuration\Parsers\HazinaAgentConfigParser.cs(131,19): warning CA2201: Exception type System.Exception is not sufficiently specific (https://learn.microsoft.com/dotnet/fundamentals/code-analysis/quality-rules/ca2201) [C:\Projects\Hazina\src\Core\Agents\Hazina.AgentFactory\Hazina.AgentFactory.csproj::TargetFramework=net9.0]
C:\Projects\Hazina\src\Core\Agents\Hazina.AgentFactory\Configuration\Parsers\HazinaAgentConfigParser.cs(118,19): warning CA2201: Exception type System.Exception is not sufficiently specific (https://learn.microsoft.com/dotnet/fundamentals/code-analysis/quality-rules/ca2201) [C:\Projects\Hazina\src\Core\Agents\Hazina.AgentFactory\Hazina.AgentFactory.csproj::TargetFramework=net9.0]
C:\Projects\Hazina\src\Core\Agents\Hazina.AgentFactory\Services\Tools\ToolRegistrationService.cs(354,20): warning MA0026: TODO Make these configurable (https://github.com/meziantou/Meziantou.Analyzer/blob/main/docs/Rules/MA0026.md) [C:\Projects\Hazina\src\Core\Agents\Hazina.AgentFactory\Hazina.AgentFactory.csproj::TargetFramework=net9.0]
C:\Projects\Hazina\src\Core\Agents\Hazina.AgentFactory\Services\Tools\ToolRegistrationService.cs(354,20): warning S1135: Complete the task associated to this 'TODO' comment. (https://rules.sonarsource.com/csharp/RSPEC-1135) [C:\Projects\Hazina\src\Core\Agents\Hazina.AgentFactory\Hazina.AgentFactory.csproj::TargetFramework=net9.0]
C:\Projects\Hazina\src\Core\Agents\Hazina.AgentFactory\Services\Tools\ToolRegistrationService.cs(1,1): warning SA1633: The file header is missing or not located at the top of the file. (https://github.com/DotNetAnalyzers/StyleCopAnalyzers/blob/master/documentation/SA1633.md) [C:\Projects\Hazina\src\Core\Agents\Hazina.AgentFactory\Hazina.AgentFactory.csproj::TargetFramework=net9.0]
C:\Projects\Hazina\src\Core\Agents\Hazina.AgentFactory\Configuration\Parsers\HazinaAgentConfigParser.cs(144,19): warning S112: 'System.Exception' should not be thrown by user code. (https://rules.sonarsource.com/csharp/RSPEC-112) [C:\Projects\Hazina\src\Core\Agents\Hazina.AgentFactory\Hazina.AgentFactory.csproj::TargetFramework=net9.0]
C:\Projects\Hazina\src\Core\Agents\Hazina.AgentFactory\Configuration\Parsers\HazinaAgentConfigParser.cs(178,30): warning CA1062: In externally visible method 'List<FlowConfig> HazinaFlowConfigParser.Parse(string input)', validate parameter 'input' is non-null before using it. If appropriate, throw an 'ArgumentNullException' when the argument is 'null'. (https://learn.microsoft.com/dotnet/fundamentals/code-analysis/quality-rules/ca1062) [C:\Projects\Hazina\src\Core\Agents\Hazina.AgentFactory\Hazina.AgentFactory.csproj::TargetFramework=net9.0]
C:\Projects\Hazina\src\Core\Agents\Hazina.AgentFactory\Configuration\Parsers\HazinaAgentConfigParser.cs(144,19): warning CA2201: Exception type System.Exception is not sufficiently specific (https://learn.microsoft.com/dotnet/fundamentals/code-analysis/quality-rules/ca2201) [C:\Projects\Hazina\src\Core\Agents\Hazina.AgentFactory\Hazina.AgentFactory.csproj::TargetFramework=net9.0]
C:\Projects\Hazina\src\Core\Agents\Hazina.AgentFactory\Configuration\Parsers\HazinaStoreConfigParser.cs(44,34): warning SA1503: Braces should not be omitted (https://github.com/DotNetAnalyzers/StyleCopAnalyzers/blob/master/documentation/SA1503.md) [C:\Projects\Hazina\src\Core\Agents\Hazina.AgentFactory\Hazina.AgentFactory.csproj::TargetFramework=net9.0]
C:\Projects\Hazina\src\Core\Agents\Hazina.AgentFactory\Configuration\Parsers\HazinaStoreConfigParser.cs(47,29): warning SA1503: Braces should not be omitted (https://github.com/DotNetAnalyzers/StyleCopAnalyzers/blob/master/documentation/SA1503.md) [C:\Projects\Hazina\src\Core\Agents\Hazina.AgentFactory\Hazina.AgentFactory.csproj::TargetFramework=net9.0]
C:\Projects\Hazina\src\Core\Agents\Hazina.AgentFactory\Configuration\Parsers\HazinaStoreConfigParser.cs(65,59): warning SA1503: Braces should not be omitted (https://github.com/DotNetAnalyzers/StyleCopAnalyzers/blob/master/documentation/SA1503.md) [C:\Projects\Hazina\src\Core\Agents\Hazina.AgentFactory\Hazina.AgentFactory.csproj::TargetFramework=net9.0]
C:\Projects\Hazina\src\Core\Agents\Hazina.AgentFactory\Configuration\Parsers\HazinaStoreConfigParser.cs(46,26): warning CA1307: 'string.IndexOf(char)' has a method overload that takes a 'StringComparison' parameter. Replace this call in 'HazinaStoreConfigParser.Parse(string)' with a call to 'string.IndexOf(char, System.StringComparison)' for clarity of intent. (https://learn.microsoft.com/dotnet/fundamentals/code-analysis/quality-rules/ca1307) [C:\Projects\Hazina\src\Core\Agents\Hazina.AgentFactory\Hazina.AgentFactory.csproj::TargetFramework=net9.0]
C:\Projects\Hazina\src\Core\Agents\Hazina.AgentFactory\Configuration\Parsers\HazinaAgentConfigParser.cs(53,34): warning SA1503: Braces should not be omitted (https://github.com/DotNetAnalyzers/StyleCopAnalyzers/blob/master/documentation/SA1503.md) [C:\Projects\Hazina\src\Core\Agents\Hazina.AgentFactory\Hazina.AgentFactory.csproj::TargetFramework=net9.0]
C:\Projects\Hazina\src\Core\Agents\Hazina.AgentFactory\Configuration\Parsers\HazinaAgentConfigParser.cs(55,29): warning SA1503: Braces should not be omitted (https://github.com/DotNetAnalyzers/StyleCopAnalyzers/blob/master/documentation/SA1503.md) [C:\Projects\Hazina\src\Core\Agents\Hazina.AgentFactory\Hazina.AgentFactory.csproj::TargetFramework=net9.0]
C:\Projects\Hazina\src\Core\Agents\Hazina.AgentFactory\Configuration\Parsers\HazinaAgentConfigParser.cs(84,59): warning SA1503: Braces should not be omitted (https://github.com/DotNetAnalyzers/StyleCopAnalyzers/blob/master/documentation/SA1503.md) [C:\Projects\Hazina\src\Core\Agents\Hazina.AgentFactory\Hazina.AgentFactory.csproj::TargetFramework=net9.0]
C:\Projects\Hazina\src\Core\Agents\Hazina.AgentFactory\Services\Tools\ToolRegistrationService.cs(72,14): warning SA1513: Closing brace should be followed by blank line (https://github.com/DotNetAnalyzers/StyleCopAnalyzers/blob/master/documentation/SA1513.md) [C:\Projects\Hazina\src\Core\Agents\Hazina.AgentFactory\Hazina.AgentFactory.csproj::TargetFramework=net9.0]
C:\Projects\Hazina\src\Core\Agents\Hazina.AgentFactory\Services\Tools\ToolRegistrationService.cs(76,14): warning SA1513: Closing brace should be followed by blank line (https://github.com/DotNetAnalyzers/StyleCopAnalyzers/blob/master/documentation/SA1513.md) [C:\Projects\Hazina\src\Core\Agents\Hazina.AgentFactory\Hazina.AgentFactory.csproj::TargetFramework=net9.0]
C:\Projects\Hazina\src\Core\Agents\Hazina.AgentFactory\Services\Tools\ToolRegistrationService.cs(83,10): warning SA1513: Closing brace should be followed by blank line (https://github.com/DotNetAnalyzers/StyleCopAnalyzers/blob/master/documentation/SA1513.md) [C:\Projects\Hazina\src\Core\Agents\Hazina.AgentFactory\Hazina.AgentFactory.csproj::TargetFramework=net9.0]
C:\Projects\Hazina\src\Core\Agents\Hazina.AgentFactory\Services\Tools\ToolRegistrationService.cs(87,10): warning SA1513: Closing brace should be followed by blank line (https://github.com/DotNetAnalyzers/StyleCopAnalyzers/blob/master/documentation/SA1513.md) [C:\Projects\Hazina\src\Core\Agents\Hazina.AgentFactory\Hazina.AgentFactory.csproj::TargetFramework=net9.0]
C:\Projects\Hazina\src\Core\Agents\Hazina.AgentFactory\Services\Tools\ToolRegistrationService.cs(195,22): warning SA1513: Closing brace should be followed by blank line (https://github.com/DotNetAnalyzers/StyleCopAnalyzers/blob/master/documentation/SA1513.md) [C:\Projects\Hazina\src\Core\Agents\Hazina.AgentFactory\Hazina.AgentFactory.csproj::TargetFramework=net9.0]
C:\Projects\Hazina\src\Core\Agents\Hazina.AgentFactory\Services\Tools\ToolRegistrationService.cs(255,22): warning SA1513: Closing brace should be followed by blank line (https://github.com/DotNetAnalyzers/StyleCopAnalyzers/blob/master/documentation/SA1513.md) [C:\Projects\Hazina\src\Core\Agents\Hazina.AgentFactory\Hazina.AgentFactory.csproj::TargetFramework=net9.0]
C:\Projects\Hazina\src\Core\Agents\Hazina.AgentFactory\Services\Tools\ToolRegistrationService.cs(275,22): warning SA1513: Closing brace should be followed by blank line (https://github.com/DotNetAnalyzers/StyleCopAnalyzers/blob/master/documentation/SA1513.md) [C:\Projects\Hazina\src\Core\Agents\Hazina.AgentFactory\Hazina.AgentFactory.csproj::TargetFramework=net9.0]
C:\Projects\Hazina\src\Core\Agents\Hazina.AgentFactory\Services\Tools\ToolRegistrationService.cs(580,26): warning SA1513: Closing brace should be followed by blank line (https://github.com/DotNetAnalyzers/StyleCopAnalyzers/blob/master/documentation/SA1513.md) [C:\Projects\Hazina\src\Core\Agents\Hazina.AgentFactory\Hazina.AgentFactory.csproj::TargetFramework=net9.0]
C:\Projects\Hazina\src\Core\Agents\Hazina.AgentFactory\Services\Tools\ToolRegistrationService.cs(625,22): warning SA1513: Closing brace should be followed by blank line (https://github.com/DotNetAnalyzers/StyleCopAnalyzers/blob/master/documentation/SA1513.md) [C:\Projects\Hazina\src\Core\Agents\Hazina.AgentFactory\Hazina.AgentFactory.csproj::TargetFramework=net9.0]
C:\Projects\Hazina\src\Core\Agents\Hazina.AgentFactory\Configuration\Parsers\HazinaAgentConfigParser.cs(70,151): warning SA1122: Use string.Empty for empty strings (https://github.com/DotNetAnalyzers/StyleCopAnalyzers/blob/master/documentation/SA1122.md) [C:\Projects\Hazina\src\Core\Agents\Hazina.AgentFactory\Hazina.AgentFactory.csproj::TargetFramework=net9.0]
C:\Projects\Hazina\src\Core\Agents\Hazina.AgentFactory\Configuration\Parsers\HazinaAgentConfigParser.cs(73,153): warning SA1122: Use string.Empty for empty strings (https://github.com/DotNetAnalyzers/StyleCopAnalyzers/blob/master/documentation/SA1122.md) [C:\Projects\Hazina\src\Core\Agents\Hazina.AgentFactory\Hazina.AgentFactory.csproj::TargetFramework=net9.0]
C:\Projects\Hazina\src\Core\Agents\Hazina.AgentFactory\Configuration\Parsers\HazinaAgentConfigParser.cs(76,153): warning SA1122: Use string.Empty for empty strings (https://github.com/DotNetAnalyzers/StyleCopAnalyzers/blob/master/documentation/SA1122.md) [C:\Projects\Hazina\src\Core\Agents\Hazina.AgentFactory\Hazina.AgentFactory.csproj::TargetFramework=net9.0]
C:\Projects\Hazina\src\Core\Agents\Hazina.AgentFactory\Services\Tools\ToolRegistrationService.cs(104,38): warning SA1503: Braces should not be omitted (https://github.com/DotNetAnalyzers/StyleCopAnalyzers/blob/master/documentation/SA1503.md) [C:\Projects\Hazina\src\Core\Agents\Hazina.AgentFactory\Hazina.AgentFactory.csproj::TargetFramework=net9.0]
C:\Projects\Hazina\src\Core\Agents\Hazina.AgentFactory\Services\Tools\ToolRegistrationService.cs(107,25): warning SA1503: Braces should not be omitted (https://github.com/DotNetAnalyzers/StyleCopAnalyzers/blob/master/documentation/SA1503.md) [C:\Projects\Hazina\src\Core\Agents\Hazina.AgentFactory\Hazina.AgentFactory.csproj::TargetFramework=net9.0]
C:\Projects\Hazina\src\Core\Agents\Hazina.AgentFactory\Services\Tools\ToolRegistrationService.cs(109,25): warning SA1503: Braces should not be omitted (https://github.com/DotNetAnalyzers/StyleCopAnalyzers/blob/master/documentation/SA1503.md) [C:\Projects\Hazina\src\Core\Agents\Hazina.AgentFactory\Hazina.AgentFactory.csproj::TargetFramework=net9.0]
C:\Projects\Hazina\src\Core\Agents\Hazina.AgentFactory\Services\Tools\ToolRegistrationService.cs(121,21): warning SA1503: Braces should not be omitted (https://github.com/DotNetAnalyzers/StyleCopAnalyzers/blob/master/documentation/SA1503.md) [C:\Projects\Hazina\src\Core\Agents\Hazina.AgentFactory\Hazina.AgentFactory.csproj::TargetFramework=net9.0]
C:\Projects\Hazina\src\Core\Agents\Hazina.AgentFactory\Services\Tools\ToolRegistrationService.cs(106,21): warning SA1519: Braces should not be omitted from multi-line child statement (https://github.com/DotNetAnalyzers/StyleCopAnalyzers/blob/master/documentation/SA1519.md) [C:\Projects\Hazina\src\Core\Agents\Hazina.AgentFactory\Hazina.AgentFactory.csproj::TargetFramework=net9.0]
C:\Projects\Hazina\src\Core\Agents\Hazina.AgentFactory\Configuration\Parsers\HazinaAgentConfigParser.cs(70,122): warning SA1003: Operator '=>' should be preceded by whitespace. (https://github.com/DotNetAnalyzers/StyleCopAnalyzers/blob/master/documentation/SA1003.md) [C:\Projects\Hazina\src\Core\Agents\Hazina.AgentFactory\Hazina.AgentFactory.csproj::TargetFramework=net9.0]
C:\Projects\Hazina\src\Core\Agents\Hazina.AgentFactory\Configuration\Parsers\HazinaAgentConfigParser.cs(73,124): warning SA1003: Operator '=>' should be preceded by whitespace. (https://github.com/DotNetAnalyzers/StyleCopAnalyzers/blob/master/documentation/SA1003.md) [C:\Projects\Hazina\src\Core\Agents\Hazina.AgentFactory\Hazina.AgentFactory.csproj::TargetFramework=net9.0]
C:\Projects\Hazina\src\Core\Agents\Hazina.AgentFactory\Services\Tools\ToolRegistrationService.cs(96,132): warning SA1122: Use string.Empty for empty strings (https://github.com/DotNetAnalyzers/StyleCopAnalyzers/blob/master/documentation/SA1122.md) [C:\Projects\Hazina\src\Core\Agents\Hazina.AgentFactory\Hazina.AgentFactory.csproj::TargetFramework=net9.0]
C:\Projects\Hazina\src\Core\Agents\Hazina.AgentFactory\Configuration\Parsers\HazinaAgentConfigParser.cs(54,26): warning CA1307: 'string.IndexOf(char)' has a method overload that takes a 'StringComparison' parameter. Replace this call in 'HazinaAgentConfigParser.Parse(string)' with a call to 'string.IndexOf(char, System.StringComparison)' for clarity of intent. (https://learn.microsoft.com/dotnet/fundamentals/code-analysis/quality-rules/ca1307) [C:\Projects\Hazina\src\Core\Agents\Hazina.AgentFactory\Hazina.AgentFactory.csproj::TargetFramework=net9.0]
C:\Projects\Hazina\src\Core\Agents\Hazina.AgentFactory\Configuration\Parsers\HazinaAgentConfigParser.cs(70,146): warning CA1820: Test for empty strings using 'string.Length' property or 'string.IsNullOrEmpty' method instead of an Equality check (https://learn.microsoft.com/dotnet/fundamentals/code-analysis/quality-rules/ca1820) [C:\Projects\Hazina\src\Core\Agents\Hazina.AgentFactory\Hazina.AgentFactory.csproj::TargetFramework=net9.0]
C:\Projects\Hazina\src\Core\Agents\Hazina.AgentFactory\Configuration\Parsers\HazinaAgentConfigParser.cs(73,148): warning CA1820: Test for empty strings using 'string.Length' property or 'string.IsNullOrEmpty' method instead of an Equality check (https://learn.microsoft.com/dotnet/fundamentals/code-analysis/quality-rules/ca1820) [C:\Projects\Hazina\src\Core\Agents\Hazina.AgentFactory\Hazina.AgentFactory.csproj::TargetFramework=net9.0]
C:\Projects\Hazina\src\Core\Agents\Hazina.AgentFactory\Configuration\Parsers\HazinaAgentConfigParser.cs(76,148): warning CA1820: Test for empty strings using 'string.Length' property or 'string.IsNullOrEmpty' method instead of an Equality check (https://learn.microsoft.com/dotnet/fundamentals/code-analysis/quality-rules/ca1820) [C:\Projects\Hazina\src\Core\Agents\Hazina.AgentFactory\Hazina.AgentFactory.csproj::TargetFramework=net9.0]
C:\Projects\Hazina\src\Core\Agents\Hazina.AgentFactory\Services\Tools\ToolRegistrationService.cs(107,32): warning MA0004: Use Task.ConfigureAwait(false) if the current SynchronizationContext is not needed (https://github.com/meziantou/Meziantou.Analyzer/blob/main/docs/Rules/MA0004.md) [C:\Projects\Hazina\src\Core\Agents\Hazina.AgentFactory\Hazina.AgentFactory.csproj::TargetFramework=net9.0]
C:\Projects\Hazina\src\Core\Agents\Hazina.AgentFactory\Services\Tools\ToolRegistrationService.cs(121,28): warning MA0004: Use Task.ConfigureAwait(false) if the current SynchronizationContext is not needed (https://github.com/meziantou/Meziantou.Analyzer/blob/main/docs/Rules/MA0004.md) [C:\Projects\Hazina\src\Core\Agents\Hazina.AgentFactory\Hazina.AgentFactory.csproj::TargetFramework=net9.0]
C:\Projects\Hazina\src\Core\Agents\Hazina.AgentFactory\Configuration\Parsers\HazinaAgentConfigParser.cs(19,31): warning CA1062: In externally visible method 'string HazinaAgentConfigParser.Serialize(IEnumerable<AgentConfig> agents)', validate parameter 'agents' is non-null before using it. If appropriate, throw an 'ArgumentNullException' when the argument is 'null'. (https://learn.microsoft.com/dotnet/fundamentals/code-analysis/quality-rules/ca1062) [C:\Projects\Hazina\src\Core\Agents\Hazina.AgentFactory\Hazina.AgentFactory.csproj::TargetFramework=net9.0]
C:\Projects\Hazina\src\Core\Agents\Hazina.AgentFactory\Services\Tools\ToolRegistrationService.cs(96,56): warning MA0006: Use string.Equals instead of Equals operator (https://github.com/meziantou/Meziantou.Analyzer/blob/main/docs/Rules/MA0006.md) [C:\Projects\Hazina\src\Core\Agents\Hazina.AgentFactory\Hazina.AgentFactory.csproj::TargetFramework=net9.0]
C:\Projects\Hazina\src\Core\Agents\Hazina.AgentFactory\Services\Email\IEmailService.cs(8,38): warning CA1716: In virtual/interface member IEmailService.SendEmailAsync(string, string, string, CancellationToken), rename parameter to so that it no longer conflicts with the reserved language keyword 'To'. Using a reserved keyword as the name of a parameter on a virtual/interface member makes it harder for consumers in other languages to override/implement the member. (https://learn.microsoft.com/dotnet/fundamentals/code-analysis/quality-rules/ca1716) [C:\Projects\Hazina\src\Core\Agents\Hazina.AgentFactory\Hazina.AgentFactory.csproj::TargetFramework=net9.0]
C:\Projects\Hazina\src\Core\Agents\Hazina.AgentFactory\Services\Email\IEmailService.cs(9,5): warning MA0016: Prefer using collection abstraction instead of implementation (https://github.com/meziantou/Meziantou.Analyzer/blob/main/docs/Rules/MA0016.md) [C:\Projects\Hazina\src\Core\Agents\Hazina.AgentFactory\Hazina.AgentFactory.csproj::TargetFramework=net9.0]
C:\Projects\Hazina\src\Core\Agents\Hazina.AgentFactory\Services\Email\IEmailService.cs(13,5): warning MA0016: Prefer using collection abstraction instead of implementation (https://github.com/meziantou/Meziantou.Analyzer/blob/main/docs/Rules/MA0016.md) [C:\Projects\Hazina\src\Core\Agents\Hazina.AgentFactory\Hazina.AgentFactory.csproj::TargetFramework=net9.0]
C:\Projects\Hazina\src\Core\Agents\Hazina.AgentFactory\Core\StoresAndAgentsAndFlowLoader.cs(16,40): warning CA1707: In member Hazina.AgentFactory.Core.StoresAndAgentsAndFlowLoader.LoadFiles(string, string, string), remove the underscores from parameter name _storesJsonPath (https://learn.microsoft.com/dotnet/fundamentals/code-analysis/quality-rules/ca1707) [C:\Projects\Hazina\src\Core\Agents\Hazina.AgentFactory\Hazina.AgentFactory.csproj::TargetFramework=net9.0]
C:\Projects\Hazina\src\Core\Agents\Hazina.AgentFactory\Core\StoresAndAgentsAndFlowLoader.cs(16,64): warning CA1707: In member Hazina.AgentFactory.Core.StoresAndAgentsAndFlowLoader.LoadFiles(string, string, string), remove the underscores from parameter name _agentsJsonPath (https://learn.microsoft.com/dotnet/fundamentals/code-analysis/quality-rules/ca1707) [C:\Projects\Hazina\src\Core\Agents\Hazina.AgentFactory\Hazina.AgentFactory.csproj::TargetFramework=net9.0]
C:\Projects\Hazina\src\Core\Agents\Hazina.AgentFactory\Core\StoresAndAgentsAndFlowLoader.cs(16,88): warning CA1707: In member Hazina.AgentFactory.Core.StoresAndAgentsAndFlowLoader.LoadFiles(string, string, string), remove the underscores from parameter name _flowsJsonPath (https://learn.microsoft.com/dotnet/fundamentals/code-analysis/quality-rules/ca1707) [C:\Projects\Hazina\src\Core\Agents\Hazina.AgentFactory\Hazina.AgentFactory.csproj::TargetFramework=net9.0]
C:\Projects\Hazina\src\Core\Agents\Hazina.AgentFactory\Core\StoresAndAgentsAndFlowLoader.cs(22,13): warning SA1503: Braces should not be omitted (https://github.com/DotNetAnalyzers/StyleCopAnalyzers/blob/master/documentation/SA1503.md) [C:\Projects\Hazina\src\Core\Agents\Hazina.AgentFactory\Hazina.AgentFactory.csproj::TargetFramework=net9.0]
C:\Projects\Hazina\src\Core\Agents\Hazina.AgentFactory\Core\StoresAndAgentsAndFlowLoader.cs(24,13): warning SA1503: Braces should not be omitted (https://github.com/DotNetAnalyzers/StyleCopAnalyzers/blob/master/documentation/SA1503.md) [C:\Projects\Hazina\src\Core\Agents\Hazina.AgentFactory\Hazina.AgentFactory.csproj::TargetFramework=net9.0]
C:\Projects\Hazina\src\Core\Agents\Hazina.AgentFactory\Core\StoresAndAgentsAndFlowLoader.cs(26,13): warning SA1503: Braces should not be omitted (https://github.com/DotNetAnalyzers/StyleCopAnalyzers/blob/master/documentation/SA1503.md) [C:\Projects\Hazina\src\Core\Agents\Hazina.AgentFactory\Hazina.AgentFactory.csproj::TargetFramework=net9.0]
C:\Projects\Hazina\src\Core\Agents\Hazina.AgentFactory\Core\StoresAndAgentsAndFlowLoader.cs(16,40): warning SA1313: Parameter '_storesJsonPath' should begin with lower-case letter (https://github.com/DotNetAnalyzers/StyleCopAnalyzers/blob/master/documentation/SA1313.md) [C:\Projects\Hazina\src\Core\Agents\Hazina.AgentFactory\Hazina.AgentFactory.csproj::TargetFramework=net9.0]
C:\Projects\Hazina\src\Core\Agents\Hazina.AgentFactory\Core\StoresAndAgentsAndFlowLoader.cs(16,64): warning SA1313: Parameter '_agentsJsonPath' should begin with lower-case letter (https://github.com/DotNetAnalyzers/StyleCopAnalyzers/blob/master/documentation/SA1313.md) [C:\Projects\Hazina\src\Core\Agents\Hazina.AgentFactory\Hazina.AgentFactory.csproj::TargetFramework=net9.0]
C:\Projects\Hazina\src\Core\Agents\Hazina.AgentFactory\Core\StoresAndAgentsAndFlowLoader.cs(16,88): warning SA1313: Parameter '_flowsJsonPath' should begin with lower-case letter (https://github.com/DotNetAnalyzers/StyleCopAnalyzers/blob/master/documentation/SA1313.md) [C:\Projects\Hazina\src\Core\Agents\Hazina.AgentFactory\Hazina.AgentFactory.csproj::TargetFramework=net9.0]
C:\Projects\Hazina\src\Core\Agents\Hazina.AgentFactory\Core\StoresAndAgentsAndFlowLoader.cs(27,22): warning CA1849: 'File.ReadAllText(string)' synchronously blocks. Await 'File.ReadAllTextAsync(string, CancellationToken)' instead. (https://learn.microsoft.com/dotnet/fundamentals/code-analysis/quality-rules/ca1849) [C:\Projects\Hazina\src\Core\Agents\Hazina.AgentFactory\Hazina.AgentFactory.csproj::TargetFramework=net9.0]
C:\Projects\Hazina\src\Core\Agents\Hazina.AgentFactory\Core\StoresAndAgentsAndFlowLoader.cs(28,22): warning CA1849: 'File.ReadAllText(string)' synchronously blocks. Await 'File.ReadAllTextAsync(string, CancellationToken)' instead. (https://learn.microsoft.com/dotnet/fundamentals/code-analysis/quality-rules/ca1849) [C:\Projects\Hazina\src\Core\Agents\Hazina.AgentFactory\Hazina.AgentFactory.csproj::TargetFramework=net9.0]
C:\Projects\Hazina\src\Core\Agents\Hazina.AgentFactory\Core\StoresAndAgentsAndFlowLoader.cs(29,21): warning CA1849: 'File.ReadAllText(string)' synchronously blocks. Await 'File.ReadAllTextAsync(string, CancellationToken)' instead. (https://learn.microsoft.com/dotnet/fundamentals/code-analysis/quality-rules/ca1849) [C:\Projects\Hazina\src\Core\Agents\Hazina.AgentFactory\Hazina.AgentFactory.csproj::TargetFramework=net9.0]
C:\Projects\Hazina\src\Core\Agents\Hazina.AgentFactory\Core\StoresAndAgentsAndFlowLoader.cs(31,9): warning MA0004: Use Task.ConfigureAwait(false) if the current SynchronizationContext is not needed (https://github.com/meziantou/Meziantou.Analyzer/blob/main/docs/Rules/MA0004.md) [C:\Projects\Hazina\src\Core\Agents\Hazina.AgentFactory\Hazina.AgentFactory.csproj::TargetFramework=net9.0]
C:\Projects\Hazina\src\Core\Agents\Hazina.AgentFactory\Services\Tools\ToolRegistrationService.cs(129,36): warning S6602: "Find" method should be used instead of the "FirstOrDefault" extension method. (https://rules.sonarsource.com/csharp/RSPEC-6602) [C:\Projects\Hazina\src\Core\Agents\Hazina.AgentFactory\Hazina.AgentFactory.csproj::TargetFramework=net9.0]
C:\Projects\Hazina\src\Core\Agents\Hazina.AgentFactory\Services\Execution\AgentExecutionService.cs(24,33): warning CA1002: Change 'List<HazinaChatMessage>' in 'AgentExecutionService.AgentExecutionService(Dictionary<string, HazinaAgent>, Dictionary<string, HazinaFlow>, List<HazinaChatMessage>, Func<bool>, Action<bool>)' to use 'Collection<T>', 'ReadOnlyCollection<T>' or 'KeyedCollection<K,V>' (https://learn.microsoft.com/dotnet/fundamentals/code-analysis/quality-rules/ca1002) [C:\Projects\Hazina\src\Core\Agents\Hazina.AgentFactory\Hazina.AgentFactory.csproj::TargetFramework=net9.0]
C:\Projects\Hazina\src\Core\Agents\Hazina.AgentFactory\Services\Execution\AgentExecutionService.cs(22,9): warning MA0016: Prefer using collection abstraction instead of implementation (https://github.com/meziantou/Meziantou.Analyzer/blob/main/docs/Rules/MA0016.md) [C:\Projects\Hazina\src\Core\Agents\Hazina.AgentFactory\Hazina.AgentFactory.csproj::TargetFramework=net9.0]
C:\Projects\Hazina\src\Core\Agents\Hazina.AgentFactory\Services\Execution\AgentExecutionService.cs(23,9): warning MA0016: Prefer using collection abstraction instead of implementation (https://github.com/meziantou/Meziantou.Analyzer/blob/main/docs/Rules/MA0016.md) [C:\Projects\Hazina\src\Core\Agents\Hazina.AgentFactory\Hazina.AgentFactory.csproj::TargetFramework=net9.0]
C:\Projects\Hazina\src\Core\Agents\Hazina.AgentFactory\Services\Execution\AgentExecutionService.cs(24,9): warning MA0016: Prefer using collection abstraction instead of implementation (https://github.com/meziantou/Meziantou.Analyzer/blob/main/docs/Rules/MA0016.md) [C:\Projects\Hazina\src\Core\Agents\Hazina.AgentFactory\Hazina.AgentFactory.csproj::TargetFramework=net9.0]
C:\Projects\Hazina\src\Core\Agents\Hazina.AgentFactory\Configuration\Validation\ValidationDiagnostic.cs(40,92): warning SA1122: Use string.Empty for empty strings (https://github.com/DotNetAnalyzers/StyleCopAnalyzers/blob/master/documentation/SA1122.md) [C:\Projects\Hazina\src\Core\Agents\Hazina.AgentFactory\Hazina.AgentFactory.csproj::TargetFramework=net9.0]
C:\Projects\Hazina\src\Core\Agents\Hazina.AgentFactory\Configuration\Validation\ValidationDiagnostic.cs(41,94): warning SA1122: Use string.Empty for empty strings (https://github.com/DotNetAnalyzers/StyleCopAnalyzers/blob/master/documentation/SA1122.md) [C:\Projects\Hazina\src\Core\Agents\Hazina.AgentFactory\Hazina.AgentFactory.csproj::TargetFramework=net9.0]
C:\Projects\Hazina\src\Core\Agents\Hazina.AgentFactory\Tests\HazinaAgentConfigParserTests.cs(1,1): warning S125: Remove this commented out code. (https://rules.sonarsource.com/csharp/RSPEC-125) [C:\Projects\Hazina\src\Core\Agents\Hazina.AgentFactory\Hazina.AgentFactory.csproj::TargetFramework=net9.0]
C:\Projects\Hazina\src\Core\Agents\Hazina.AgentFactory\Tests\HazinaAgentConfigParserTests.cs(1,1): warning SA1633: The file header XML is invalid. (https://github.com/DotNetAnalyzers/StyleCopAnalyzers/blob/master/documentation/SA1633.md) [C:\Projects\Hazina\src\Core\Agents\Hazina.AgentFactory\Hazina.AgentFactory.csproj::TargetFramework=net9.0]
C:\Projects\Hazina\src\Core\Agents\Hazina.AgentFactory\Tests\HazinaAgentConfigParserTests.cs(1,1): warning SA1005: Single line comment should begin with a space (https://github.com/DotNetAnalyzers/StyleCopAnalyzers/blob/master/documentation/SA1005.md) [C:\Projects\Hazina\src\Core\Agents\Hazina.AgentFactory\Hazina.AgentFactory.csproj::TargetFramework=net9.0]
C:\Projects\Hazina\src\Core\Agents\Hazina.AgentFactory\Tests\HazinaAgentConfigParserTests.cs(2,1): warning SA1005: Single line comment should begin with a space (https://github.com/DotNetAnalyzers/StyleCopAnalyzers/blob/master/documentation/SA1005.md) [C:\Projects\Hazina\src\Core\Agents\Hazina.AgentFactory\Hazina.AgentFactory.csproj::TargetFramework=net9.0]
C:\Projects\Hazina\src\Core\Agents\Hazina.AgentFactory\Tests\HazinaAgentConfigParserTests.cs(3,1): warning SA1005: Single line comment should begin with a space (https://github.com/DotNetAnalyzers/StyleCopAnalyzers/blob/master/documentation/SA1005.md) [C:\Projects\Hazina\src\Core\Agents\Hazina.AgentFactory\Hazina.AgentFactory.csproj::TargetFramework=net9.0]
C:\Projects\Hazina\src\Core\Agents\Hazina.AgentFactory\Tests\HazinaAgentConfigParserTests.cs(4,1): warning SA1005: Single line comment should begin with a space (https://github.com/DotNetAnalyzers/StyleCopAnalyzers/blob/master/documentation/SA1005.md) [C:\Projects\Hazina\src\Core\Agents\Hazina.AgentFactory\Hazina.AgentFactory.csproj::TargetFramework=net9.0]
C:\Projects\Hazina\src\Core\Agents\Hazina.AgentFactory\Tests\HazinaAgentConfigParserTests.cs(6,1): warning SA1005: Single line comment should begin with a space (https://github.com/DotNetAnalyzers/StyleCopAnalyzers/blob/master/documentation/SA1005.md) [C:\Projects\Hazina\src\Core\Agents\Hazina.AgentFactory\Hazina.AgentFactory.csproj::TargetFramework=net9.0]
C:\Projects\Hazina\src\Core\Agents\Hazina.AgentFactory\Tests\HazinaAgentConfigParserTests.cs(7,1): warning SA1005: Single line comment should begin with a space (https://github.com/DotNetAnalyzers/StyleCopAnalyzers/blob/master/documentation/SA1005.md) [C:\Projects\Hazina\src\Core\Agents\Hazina.AgentFactory\Hazina.AgentFactory.csproj::TargetFramework=net9.0]
C:\Projects\Hazina\src\Core\Agents\Hazina.AgentFactory\Tests\HazinaAgentConfigParserTests.cs(41,1): warning SA1005: Single line comment should begin with a space (https://github.com/DotNetAnalyzers/StyleCopAnalyzers/blob/master/documentation/SA1005.md) [C:\Projects\Hazina\src\Core\Agents\Hazina.AgentFactory\Hazina.AgentFactory.csproj::TargetFramework=net9.0]
C:\Projects\Hazina\src\Core\Agents\Hazina.AgentFactory\Tests\HazinaAgentConfigParserTests.cs(58,1): warning SA1005: Single line comment should begin with a space (https://github.com/DotNetAnalyzers/StyleCopAnalyzers/blob/master/documentation/SA1005.md) [C:\Projects\Hazina\src\Core\Agents\Hazina.AgentFactory\Hazina.AgentFactory.csproj::TargetFramework=net9.0]
C:\Projects\Hazina\src\Core\Agents\Hazina.AgentFactory\Tests\HazinaAgentConfigParserTests.cs(136,1): warning SA1005: Single line comment should begin with a space (https://github.com/DotNetAnalyzers/StyleCopAnalyzers/blob/master/documentation/SA1005.md) [C:\Projects\Hazina\src\Core\Agents\Hazina.AgentFactory\Hazina.AgentFactory.csproj::TargetFramework=net9.0]
C:\Projects\Hazina\src\Core\Agents\Hazina.AgentFactory\Tests\HazinaStoreConfigParserTests.cs(1,1): warning S125: Remove this commented out code. (https://rules.sonarsource.com/csharp/RSPEC-125) [C:\Projects\Hazina\src\Core\Agents\Hazina.AgentFactory\Hazina.AgentFactory.csproj::TargetFramework=net9.0]
C:\Projects\Hazina\src\Core\Agents\Hazina.AgentFactory\Tests\HazinaStoreConfigParserTests.cs(1,1): warning SA1633: The file header XML is invalid. (https://github.com/DotNetAnalyzers/StyleCopAnalyzers/blob/master/documentation/SA1633.md) [C:\Projects\Hazina\src\Core\Agents\Hazina.AgentFactory\Hazina.AgentFactory.csproj::TargetFramework=net9.0]
C:\Projects\Hazina\src\Core\Agents\Hazina.AgentFactory\Tests\HazinaStoreConfigParserTests.cs(1,1): warning SA1005: Single line comment should begin with a space (https://github.com/DotNetAnalyzers/StyleCopAnalyzers/blob/master/documentation/SA1005.md) [C:\Projects\Hazina\src\Core\Agents\Hazina.AgentFactory\Hazina.AgentFactory.csproj::TargetFramework=net9.0]
C:\Projects\Hazina\src\Core\Agents\Hazina.AgentFactory\Tests\HazinaStoreConfigParserTests.cs(2,1): warning SA1005: Single line comment should begin with a space (https://github.com/DotNetAnalyzers/StyleCopAnalyzers/blob/master/documentation/SA1005.md) [C:\Projects\Hazina\src\Core\Agents\Hazina.AgentFactory\Hazina.AgentFactory.csproj::TargetFramework=net9.0]
C:\Projects\Hazina\src\Core\Agents\Hazina.AgentFactory\Tests\HazinaStoreConfigParserTests.cs(3,1): warning SA1005: Single line comment should begin with a space (https://github.com/DotNetAnalyzers/StyleCopAnalyzers/blob/master/documentation/SA1005.md) [C:\Projects\Hazina\src\Core\Agents\Hazina.AgentFactory\Hazina.AgentFactory.csproj::TargetFramework=net9.0]
C:\Projects\Hazina\src\Core\Agents\Hazina.AgentFactory\Tests\HazinaStoreConfigParserTests.cs(5,1): warning SA1005: Single line comment should begin with a space (https://github.com/DotNetAnalyzers/StyleCopAnalyzers/blob/master/documentation/SA1005.md) [C:\Projects\Hazina\src\Core\Agents\Hazina.AgentFactory\Hazina.AgentFactory.csproj::TargetFramework=net9.0]
C:\Projects\Hazina\src\Core\Agents\Hazina.AgentFactory\Tests\HazinaStoreConfigParserTests.cs(6,1): warning SA1005: Single line comment should begin with a space (https://github.com/DotNetAnalyzers/StyleCopAnalyzers/blob/master/documentation/SA1005.md) [C:\Projects\Hazina\src\Core\Agents\Hazina.AgentFactory\Hazina.AgentFactory.csproj::TargetFramework=net9.0]
C:\Projects\Hazina\src\Core\Agents\Hazina.AgentFactory\Tests\HazinaStoreConfigParserTests.cs(8,1): warning SA1005: Single line comment should begin with a space (https://github.com/DotNetAnalyzers/StyleCopAnalyzers/blob/master/documentation/SA1005.md) [C:\Projects\Hazina\src\Core\Agents\Hazina.AgentFactory\Hazina.AgentFactory.csproj::TargetFramework=net9.0]
C:\Projects\Hazina\src\Core\Agents\Hazina.AgentFactory\Tests\HazinaStoreConfigParserTests.cs(9,1): warning SA1005: Single line comment should begin with a space (https://github.com/DotNetAnalyzers/StyleCopAnalyzers/blob/master/documentation/SA1005.md) [C:\Projects\Hazina\src\Core\Agents\Hazina.AgentFactory\Hazina.AgentFactory.csproj::TargetFramework=net9.0]
C:\Projects\Hazina\src\Core\Agents\Hazina.AgentFactory\Tests\HazinaStoreConfigParserTests.cs(10,1): warning SA1005: Single line comment should begin with a space (https://github.com/DotNetAnalyzers/StyleCopAnalyzers/blob/master/documentation/SA1005.md) [C:\Projects\Hazina\src\Core\Agents\Hazina.AgentFactory\Hazina.AgentFactory.csproj::TargetFramework=net9.0]
C:\Projects\Hazina\src\Core\Agents\Hazina.AgentFactory\Tests\HazinaStoreConfigParserTests.cs(11,1): warning SA1005: Single line comment should begin with a space (https://github.com/DotNetAnalyzers/StyleCopAnalyzers/blob/master/documentation/SA1005.md) [C:\Projects\Hazina\src\Core\Agents\Hazina.AgentFactory\Hazina.AgentFactory.csproj::TargetFramework=net9.0]
C:\Projects\Hazina\src\Core\Agents\Hazina.AgentFactory\Tests\HazinaStoreConfigParserTests.cs(12,1): warning SA1005: Single line comment should begin with a space (https://github.com/DotNetAnalyzers/StyleCopAnalyzers/blob/master/documentation/SA1005.md) [C:\Projects\Hazina\src\Core\Agents\Hazina.AgentFactory\Hazina.AgentFactory.csproj::TargetFramework=net9.0]
C:\Projects\Hazina\src\Core\Agents\Hazina.AgentFactory\Tests\HazinaStoreConfigParserTests.cs(14,1): warning SA1005: Single line comment should begin with a space (https://github.com/DotNetAnalyzers/StyleCopAnalyzers/blob/master/documentation/SA1005.md) [C:\Projects\Hazina\src\Core\Agents\Hazina.AgentFactory\Hazina.AgentFactory.csproj::TargetFramework=net9.0]
C:\Projects\Hazina\src\Core\Agents\Hazina.AgentFactory\Tests\HazinaStoreConfigParserTests.cs(15,1): warning SA1005: Single line comment should begin with a space (https://github.com/DotNetAnalyzers/StyleCopAnalyzers/blob/master/documentation/SA1005.md) [C:\Projects\Hazina\src\Core\Agents\Hazina.AgentFactory\Hazina.AgentFactory.csproj::TargetFramework=net9.0]
C:\Projects\Hazina\src\Core\Agents\Hazina.AgentFactory\Tests\HazinaStoreConfigParserTests.cs(16,1): warning SA1005: Single line comment should begin with a space (https://github.com/DotNetAnalyzers/StyleCopAnalyzers/blob/master/documentation/SA1005.md) [C:\Projects\Hazina\src\Core\Agents\Hazina.AgentFactory\Hazina.AgentFactory.csproj::TargetFramework=net9.0]
C:\Projects\Hazina\src\Core\Agents\Hazina.AgentFactory\Tests\HazinaStoreConfigParserTests.cs(17,1): warning SA1005: Single line comment should begin with a space (https://github.com/DotNetAnalyzers/StyleCopAnalyzers/blob/master/documentation/SA1005.md) [C:\Projects\Hazina\src\Core\Agents\Hazina.AgentFactory\Hazina.AgentFactory.csproj::TargetFramework=net9.0]
C:\Projects\Hazina\src\Core\Agents\Hazina.AgentFactory\Tests\HazinaStoreConfigParserTests.cs(18,1): warning SA1005: Single line comment should begin with a space (https://github.com/DotNetAnalyzers/StyleCopAnalyzers/blob/master/documentation/SA1005.md) [C:\Projects\Hazina\src\Core\Agents\Hazina.AgentFactory\Hazina.AgentFactory.csproj::TargetFramework=net9.0]
C:\Projects\Hazina\src\Core\Agents\Hazina.AgentFactory\Tests\HazinaStoreConfigParserTests.cs(19,1): warning SA1005: Single line comment should begin with a space (https://github.com/DotNetAnalyzers/StyleCopAnalyzers/blob/master/documentation/SA1005.md) [C:\Projects\Hazina\src\Core\Agents\Hazina.AgentFactory\Hazina.AgentFactory.csproj::TargetFramework=net9.0]
C:\Projects\Hazina\src\Core\Agents\Hazina.AgentFactory\Tests\HazinaStoreConfigParserTests.cs(20,1): warning SA1005: Single line comment should begin with a space (https://github.com/DotNetAnalyzers/StyleCopAnalyzers/blob/master/documentation/SA1005.md) [C:\Projects\Hazina\src\Core\Agents\Hazina.AgentFactory\Hazina.AgentFactory.csproj::TargetFramework=net9.0]
C:\Projects\Hazina\src\Core\Agents\Hazina.AgentFactory\Tests\HazinaStoreConfigParserTests.cs(22,1): warning SA1005: Single line comment should begin with a space (https://github.com/DotNetAnalyzers/StyleCopAnalyzers/blob/master/documentation/SA1005.md) [C:\Projects\Hazina\src\Core\Agents\Hazina.AgentFactory\Hazina.AgentFactory.csproj::TargetFramework=net9.0]
C:\Projects\Hazina\src\Core\Agents\Hazina.AgentFactory\Tests\HazinaStoreConfigParserTests.cs(31,1): warning SA1005: Single line comment should begin with a space (https://github.com/DotNetAnalyzers/StyleCopAnalyzers/blob/master/documentation/SA1005.md) [C:\Projects\Hazina\src\Core\Agents\Hazina.AgentFactory\Hazina.AgentFactory.csproj::TargetFramework=net9.0]
C:\Projects\Hazina\src\Core\Agents\Hazina.AgentFactory\Tests\HazinaStoreConfigParserTests.cs(52,1): warning SA1005: Single line comment should begin with a space (https://github.com/DotNetAnalyzers/StyleCopAnalyzers/blob/master/documentation/SA1005.md) [C:\Projects\Hazina\src\Core\Agents\Hazina.AgentFactory\Hazina.AgentFactory.csproj::TargetFramework=net9.0]
C:\Projects\Hazina\src\Core\Agents\Hazina.AgentFactory\Tests\HazinaStoreConfigParserTests.cs(60,1): warning SA1005: Single line comment should begin with a space (https://github.com/DotNetAnalyzers/StyleCopAnalyzers/blob/master/documentation/SA1005.md) [C:\Projects\Hazina\src\Core\Agents\Hazina.AgentFactory\Hazina.AgentFactory.csproj::TargetFramework=net9.0]
C:\Projects\Hazina\src\Core\Agents\Hazina.AgentFactory\Tests\HazinaStoreConfigParserTests.cs(18,16): warning SA1028: Code should not contain trailing whitespace (https://github.com/DotNetAnalyzers/StyleCopAnalyzers/blob/master/documentation/SA1028.md) [C:\Projects\Hazina\src\Core\Agents\Hazina.AgentFactory\Hazina.AgentFactory.csproj::TargetFramework=net9.0]
C:\Projects\Hazina\src\Core\Agents\Hazina.AgentFactory\Tests\HazinaStoreConfigParserTests.cs(19,18): warning SA1028: Code should not contain trailing whitespace (https://github.com/DotNetAnalyzers/StyleCopAnalyzers/blob/master/documentation/SA1028.md) [C:\Projects\Hazina\src\Core\Agents\Hazina.AgentFactory\Hazina.AgentFactory.csproj::TargetFramework=net9.0]
C:\Projects\Hazina\src\Core\Agents\Hazina.AgentFactory\Tests\StoreConfigFormatHelperTests.cs(1,1): warning S125: Remove this commented out code. (https://rules.sonarsource.com/csharp/RSPEC-125) [C:\Projects\Hazina\src\Core\Agents\Hazina.AgentFactory\Hazina.AgentFactory.csproj::TargetFramework=net9.0]
C:\Projects\Hazina\src\Core\Agents\Hazina.AgentFactory\Tests\StoreConfigFormatHelperTests.cs(1,1): warning SA1633: The file header XML is invalid. (https://github.com/DotNetAnalyzers/StyleCopAnalyzers/blob/master/documentation/SA1633.md) [C:\Projects\Hazina\src\Core\Agents\Hazina.AgentFactory\Hazina.AgentFactory.csproj::TargetFramework=net9.0]
C:\Projects\Hazina\src\Core\Agents\Hazina.AgentFactory\Tests\StoreConfigFormatHelperTests.cs(1,1): warning SA1005: Single line comment should begin with a space (https://github.com/DotNetAnalyzers/StyleCopAnalyzers/blob/master/documentation/SA1005.md) [C:\Projects\Hazina\src\Core\Agents\Hazina.AgentFactory\Hazina.AgentFactory.csproj::TargetFramework=net9.0]
C:\Projects\Hazina\src\Core\Agents\Hazina.AgentFactory\Tests\StoreConfigFormatHelperTests.cs(2,1): warning SA1005: Single line comment should begin with a space (https://github.com/DotNetAnalyzers/StyleCopAnalyzers/blob/master/documentation/SA1005.md) [C:\Projects\Hazina\src\Core\Agents\Hazina.AgentFactory\Hazina.AgentFactory.csproj::TargetFramework=net9.0]
C:\Projects\Hazina\src\Core\Agents\Hazina.AgentFactory\Tests\StoreConfigFormatHelperTests.cs(3,1): warning SA1005: Single line comment should begin with a space (https://github.com/DotNetAnalyzers/StyleCopAnalyzers/blob/master/documentation/SA1005.md) [C:\Projects\Hazina\src\Core\Agents\Hazina.AgentFactory\Hazina.AgentFactory.csproj::TargetFramework=net9.0]
C:\Projects\Hazina\src\Core\Agents\Hazina.AgentFactory\Tests\StoreConfigFormatHelperTests.cs(5,1): warning SA1005: Single line comment should begin with a space (https://github.com/DotNetAnalyzers/StyleCopAnalyzers/blob/master/documentation/SA1005.md) [C:\Projects\Hazina\src\Core\Agents\Hazina.AgentFactory\Hazina.AgentFactory.csproj::TargetFramework=net9.0]
C:\Projects\Hazina\src\Core\Agents\Hazina.AgentFactory\Tests\StoreConfigFormatHelperTests.cs(6,1): warning SA1005: Single line comment should begin with a space (https://github.com/DotNetAnalyzers/StyleCopAnalyzers/blob/master/documentation/SA1005.md) [C:\Projects\Hazina\src\Core\Agents\Hazina.AgentFactory\Hazina.AgentFactory.csproj::TargetFramework=net9.0]
C:\Projects\Hazina\src\Core\Agents\Hazina.AgentFactory\Tests\StoreConfigFormatHelperTests.cs(11,1): warning SA1005: Single line comment should begin with a space (https://github.com/DotNetAnalyzers/StyleCopAnalyzers/blob/master/documentation/SA1005.md) [C:\Projects\Hazina\src\Core\Agents\Hazina.AgentFactory\Hazina.AgentFactory.csproj::TargetFramework=net9.0]
C:\Projects\Hazina\src\Core\Agents\Hazina.AgentFactory\Tests\StoreConfigFormatHelperTests.cs(13,1): warning SA1005: Single line comment should begin with a space (https://github.com/DotNetAnalyzers/StyleCopAnalyzers/blob/master/documentation/SA1005.md) [C:\Projects\Hazina\src\Core\Agents\Hazina.AgentFactory\Hazina.AgentFactory.csproj::TargetFramework=net9.0]
C:\Projects\Hazina\src\Core\Agents\Hazina.AgentFactory\Tests\StoreConfigFormatHelperTests.cs(15,1): warning SA1005: Single line comment should begin with a space (https://github.com/DotNetAnalyzers/StyleCopAnalyzers/blob/master/documentation/SA1005.md) [C:\Projects\Hazina\src\Core\Agents\Hazina.AgentFactory\Hazina.AgentFactory.csproj::TargetFramework=net9.0]
C:\Projects\Hazina\src\Core\Agents\Hazina.AgentFactory\Tests\StoreConfigFormatHelperTests.cs(18,1): warning SA1005: Single line comment should begin with a space (https://github.com/DotNetAnalyzers/StyleCopAnalyzers/blob/master/documentation/SA1005.md) [C:\Projects\Hazina\src\Core\Agents\Hazina.AgentFactory\Hazina.AgentFactory.csproj::TargetFramework=net9.0]
C:\Projects\Hazina\src\Core\Agents\Hazina.AgentFactory\Tests\StoreConfigFormatHelperTests.cs(25,1): warning SA1005: Single line comment should begin with a space (https://github.com/DotNetAnalyzers/StyleCopAnalyzers/blob/master/documentation/SA1005.md) [C:\Projects\Hazina\src\Core\Agents\Hazina.AgentFactory\Hazina.AgentFactory.csproj::TargetFramework=net9.0]
C:\Projects\Hazina\src\Core\Agents\Hazina.AgentFactory\Tests\StoreConfigFormatHelperTests.cs(31,1): warning SA1005: Single line comment should begin with a space (https://github.com/DotNetAnalyzers/StyleCopAnalyzers/blob/master/documentation/SA1005.md) [C:\Projects\Hazina\src\Core\Agents\Hazina.AgentFactory\Hazina.AgentFactory.csproj::TargetFramework=net9.0]
C:\Projects\Hazina\src\Core\Agents\Hazina.AgentFactory\Tests\StoreConfigFormatHelperTests.cs(40,1): warning SA1005: Single line comment should begin with a space (https://github.com/DotNetAnalyzers/StyleCopAnalyzers/blob/master/documentation/SA1005.md) [C:\Projects\Hazina\src\Core\Agents\Hazina.AgentFactory\Hazina.AgentFactory.csproj::TargetFramework=net9.0]
C:\Projects\Hazina\src\Core\Agents\Hazina.AgentFactory\Tests\StoreConfigFormatHelperTests.cs(54,1): warning SA1005: Single line comment should begin with a space (https://github.com/DotNetAnalyzers/StyleCopAnalyzers/blob/master/documentation/SA1005.md) [C:\Projects\Hazina\src\Core\Agents\Hazina.AgentFactory\Hazina.AgentFactory.csproj::TargetFramework=net9.0]
C:\Projects\Hazina\src\Core\Agents\Hazina.AgentFactory\Tests\StoreConfigFormatHelperTests.cs(68,1): warning SA1005: Single line comment should begin with a space (https://github.com/DotNetAnalyzers/StyleCopAnalyzers/blob/master/documentation/SA1005.md) [C:\Projects\Hazina\src\Core\Agents\Hazina.AgentFactory\Hazina.AgentFactory.csproj::TargetFramework=net9.0]
C:\Projects\Hazina\src\Core\Agents\Hazina.AgentFactory\Tests\StoreConfigFormatHelperTests.cs(75,1): warning SA1005: Single line comment should begin with a space (https://github.com/DotNetAnalyzers/StyleCopAnalyzers/blob/master/documentation/SA1005.md) [C:\Projects\Hazina\src\Core\Agents\Hazina.AgentFactory\Hazina.AgentFactory.csproj::TargetFramework=net9.0]
C:\Projects\Hazina\src\Core\Agents\Hazina.AgentFactory\Tests\StoreConfigFormatHelperTests.cs(84,1): warning SA1005: Single line comment should begin with a space (https://github.com/DotNetAnalyzers/StyleCopAnalyzers/blob/master/documentation/SA1005.md) [C:\Projects\Hazina\src\Core\Agents\Hazina.AgentFactory\Hazina.AgentFactory.csproj::TargetFramework=net9.0]
C:\Projects\Hazina\src\Core\Agents\Hazina.AgentFactory\Tests\StoreConfigFormatHelperTests.cs(92,1): warning SA1005: Single line comment should begin with a space (https://github.com/DotNetAnalyzers/StyleCopAnalyzers/blob/master/documentation/SA1005.md) [C:\Projects\Hazina\src\Core\Agents\Hazina.AgentFactory\Hazina.AgentFactory.csproj::TargetFramework=net9.0]
C:\Projects\Hazina\src\Core\Agents\Hazina.AgentFactory\Configuration\Parsers\HazinaStoreConfigParser.cs(32,30): warning CA1062: In externally visible method 'List<StoreConfig> HazinaStoreConfigParser.Parse(string input)', validate parameter 'input' is non-null before using it. If appropriate, throw an 'ArgumentNullException' when the argument is 'null'. (https://learn.microsoft.com/dotnet/fundamentals/code-analysis/quality-rules/ca1062) [C:\Projects\Hazina\src\Core\Agents\Hazina.AgentFactory\Hazina.AgentFactory.csproj::TargetFramework=net9.0]
C:\Projects\Hazina\src\Core\Agents\Hazina.AgentFactory\Services\Tools\ToolRegistrationService.cs(361,21): warning S4830: Enable server certificate validation on this SSL/TLS connection (https://rules.sonarsource.com/csharp/RSPEC-4830) [C:\Projects\Hazina\src\Core\Agents\Hazina.AgentFactory\Hazina.AgentFactory.csproj::TargetFramework=net9.0]
C:\Projects\Hazina\src\Core\Agents\Hazina.AgentFactory\Configuration\Parsers\HazinaStoreConfigParserV2.cs(50,21): warning SA1503: Braces should not be omitted (https://github.com/DotNetAnalyzers/StyleCopAnalyzers/blob/master/documentation/SA1503.md) [C:\Projects\Hazina\src\Core\Agents\Hazina.AgentFactory\Hazina.AgentFactory.csproj::TargetFramework=net9.0]
C:\Projects\Hazina\src\Core\Agents\Hazina.AgentFactory\Configuration\Parsers\HazinaStoreConfigParserV2.cs(67,17): warning SA1503: Braces should not be omitted (https://github.com/DotNetAnalyzers/StyleCopAnalyzers/blob/master/documentation/SA1503.md) [C:\Projects\Hazina\src\Core\Agents\Hazina.AgentFactory\Hazina.AgentFactory.csproj::TargetFramework=net9.0]
C:\Projects\Hazina\src\Core\Agents\Hazina.AgentFactory\Services\Tools\ToolRegistrationService.cs(62,29): warning CA1062: In externally visible method 'void ToolRegistrationService.AddStoreTools(IEnumerable<(IDocumentStore Store, bool Write)> stores, IToolsContext tools, IEnumerable<string> functions, IEnumerable<string> agents, IEnumerable<string> flows, string caller)', validate parameter 'flows' is non-null before using it. If appropriate, throw an 'ArgumentNullException' when the argument is 'null'. (https://learn.microsoft.com/dotnet/fundamentals/code-analysis/quality-rules/ca1062) [C:\Projects\Hazina\src\Core\Agents\Hazina.AgentFactory\Hazina.AgentFactory.csproj::TargetFramework=net9.0]
C:\Projects\Hazina\src\Core\Agents\Hazina.AgentFactory\Services\Tools\ToolRegistrationService.cs(61,23): warning CA1062: In externally visible method 'void ToolRegistrationService.AddStoreTools(IEnumerable<(IDocumentStore Store, bool Write)> stores, IToolsContext tools, IEnumerable<string> functions, IEnumerable<string> agents, IEnumerable<string> flows, string caller)', validate parameter 'tools' is non-null before using it. If appropriate, throw an 'ArgumentNullException' when the argument is 'null'. (https://learn.microsoft.com/dotnet/fundamentals/code-analysis/quality-rules/ca1062) [C:\Projects\Hazina\src\Core\Agents\Hazina.AgentFactory\Hazina.AgentFactory.csproj::TargetFramework=net9.0]
C:\Projects\Hazina\src\Core\Agents\Hazina.AgentFactory\Services\Tools\ToolRegistrationService.cs(61,30): warning CA1062: In externally visible method 'void ToolRegistrationService.AddStoreTools(IEnumerable<(IDocumentStore Store, bool Write)> stores, IToolsContext tools, IEnumerable<string> functions, IEnumerable<string> agents, IEnumerable<string> flows, string caller)', validate parameter 'agents' is non-null before using it. If appropriate, throw an 'ArgumentNullException' when the argument is 'null'. (https://learn.microsoft.com/dotnet/fundamentals/code-analysis/quality-rules/ca1062) [C:\Projects\Hazina\src\Core\Agents\Hazina.AgentFactory\Hazina.AgentFactory.csproj::TargetFramework=net9.0]
C:\Projects\Hazina\src\Core\Agents\Hazina.AgentFactory\Services\Tools\ToolRegistrationService.cs(65,35): warning CA1062: In externally visible method 'void ToolRegistrationService.AddStoreTools(IEnumerable<(IDocumentStore Store, bool Write)> stores, IToolsContext tools, IEnumerable<string> functions, IEnumerable<string> agents, IEnumerable<string> flows, string caller)', validate parameter 'stores' is non-null before using it. If appropriate, throw an 'ArgumentNullException' when the argument is 'null'. (https://learn.microsoft.com/dotnet/fundamentals/code-analysis/quality-rules/ca1062) [C:\Projects\Hazina\src\Core\Agents\Hazina.AgentFactory\Hazina.AgentFactory.csproj::TargetFramework=net9.0]
C:\Projects\Hazina\src\Core\Agents\Hazina.AgentFactory\Core\StoresAndAgentsAndFlowLoader.cs(27,22): warning S6966: Await ReadAllTextAsync instead. (https://rules.sonarsource.com/csharp/RSPEC-6966) [C:\Projects\Hazina\src\Core\Agents\Hazina.AgentFactory\Hazina.AgentFactory.csproj::TargetFramework=net9.0]
C:\Projects\Hazina\src\Core\Agents\Hazina.AgentFactory\Core\StoresAndAgentsAndFlowLoader.cs(28,22): warning S6966: Await ReadAllTextAsync instead. (https://rules.sonarsource.com/csharp/RSPEC-6966) [C:\Projects\Hazina\src\Core\Agents\Hazina.AgentFactory\Hazina.AgentFactory.csproj::TargetFramework=net9.0]
C:\Projects\Hazina\src\Core\Agents\Hazina.AgentFactory\Core\StoresAndAgentsAndFlowLoader.cs(29,21): warning S6966: Await ReadAllTextAsync instead. (https://rules.sonarsource.com/csharp/RSPEC-6966) [C:\Projects\Hazina\src\Core\Agents\Hazina.AgentFactory\Hazina.AgentFactory.csproj::TargetFramework=net9.0]
C:\Projects\Hazina\src\Core\Agents\Hazina.AgentFactory\Services\BigQuery\BigQueryService.cs(36,30): warning CA2016: Forward the 'cancel' parameter to the 'ExecuteQueryAsync' method or pass in 'CancellationToken.None' explicitly to indicate intentionally not propagating the token (https://learn.microsoft.com/dotnet/fundamentals/code-analysis/quality-rules/ca2016) [C:\Projects\Hazina\src\Core\Agents\Hazina.AgentFactory\Hazina.AgentFactory.csproj::TargetFramework=net9.0]
C:\Projects\Hazina\src\Core\Agents\Hazina.AgentFactory\Services\BigQuery\BigQueryService.cs(39,30): warning CA2016: Forward the 'cancel' parameter to the 'ExecuteQueryAsync' method or pass in 'CancellationToken.None' explicitly to indicate intentionally not propagating the token (https://learn.microsoft.com/dotnet/fundamentals/code-analysis/quality-rules/ca2016) [C:\Projects\Hazina\src\Core\Agents\Hazina.AgentFactory\Hazina.AgentFactory.csproj::TargetFramework=net9.0]
C:\Projects\Hazina\src\Core\Agents\Hazina.AgentFactory\Configuration\Parsers\HazinaStoreConfigParserV2.cs(52,30): warning CA1307: 'string.IndexOf(char)' has a method overload that takes a 'StringComparison' parameter. Replace this call in 'Hazina.AgentFactory.Configuration.Parsers.HazinaStoreConfigParserV2.Parse(string)' with a call to 'string.IndexOf(char, System.StringComparison)' for clarity of intent. (https://learn.microsoft.com/dotnet/fundamentals/code-analysis/quality-rules/ca1307) [C:\Projects\Hazina\src\Core\Agents\Hazina.AgentFactory\Hazina.AgentFactory.csproj::TargetFramework=net9.0]
C:\Projects\Hazina\src\Core\Agents\Hazina.AgentFactory\Services\Tools\ToolRegistrationService.cs(289,39): warning SA1503: Braces should not be omitted (https://github.com/DotNetAnalyzers/StyleCopAnalyzers/blob/master/documentation/SA1503.md) [C:\Projects\Hazina\src\Core\Agents\Hazina.AgentFactory\Hazina.AgentFactory.csproj::TargetFramework=net9.0]
C:\Projects\Hazina\src\Core\Agents\Hazina.AgentFactory\Services\Tools\ToolRegistrationService.cs(307,25): warning SA1503: Braces should not be omitted (https://github.com/DotNetAnalyzers/StyleCopAnalyzers/blob/master/documentation/SA1503.md) [C:\Projects\Hazina\src\Core\Agents\Hazina.AgentFactory\Hazina.AgentFactory.csproj::TargetFramework=net9.0]
C:\Projects\Hazina\src\Core\Agents\Hazina.AgentFactory\Services\Tools\ToolRegistrationService.cs(320,25): warning SA1503: Braces should not be omitted (https://github.com/DotNetAnalyzers/StyleCopAnalyzers/blob/master/documentation/SA1503.md) [C:\Projects\Hazina\src\Core\Agents\Hazina.AgentFactory\Hazina.AgentFactory.csproj::TargetFramework=net9.0]
C:\Projects\Hazina\src\Core\Agents\Hazina.AgentFactory\Services\Tools\ToolRegistrationService.cs(322,25): warning SA1503: Braces should not be omitted (https://github.com/DotNetAnalyzers/StyleCopAnalyzers/blob/master/documentation/SA1503.md) [C:\Projects\Hazina\src\Core\Agents\Hazina.AgentFactory\Hazina.AgentFactory.csproj::TargetFramework=net9.0]
C:\Projects\Hazina\src\Core\Agents\Hazina.AgentFactory\Services\Tools\ToolRegistrationService.cs(335,21): warning SA1503: Braces should not be omitted (https://github.com/DotNetAnalyzers/StyleCopAnalyzers/blob/master/documentation/SA1503.md) [C:\Projects\Hazina\src\Core\Agents\Hazina.AgentFactory\Hazina.AgentFactory.csproj::TargetFramework=net9.0]
C:\Projects\Hazina\src\Core\Agents\Hazina.AgentFactory\Configuration\Parsers\HazinaAgentConfigParser.cs(41,30): warning CA1062: In externally visible method 'List<AgentConfig> HazinaAgentConfigParser.Parse(string input)', validate parameter 'input' is non-null before using it. If appropriate, throw an 'ArgumentNullException' when the argument is 'null'. (https://learn.microsoft.com/dotnet/fundamentals/code-analysis/quality-rules/ca1062) [C:\Projects\Hazina\src\Core\Agents\Hazina.AgentFactory\Hazina.AgentFactory.csproj::TargetFramework=net9.0]
C:\Projects\Hazina\src\Core\Agents\Hazina.AgentFactory\Services\Tools\ToolRegistrationService.cs(304,47): warning SA1116: The parameters should begin on the line after the declaration, whenever the parameter span across multiple lines (https://github.com/DotNetAnalyzers/StyleCopAnalyzers/blob/master/documentation/SA1116.md) [C:\Projects\Hazina\src\Core\Agents\Hazina.AgentFactory\Hazina.AgentFactory.csproj::TargetFramework=net9.0]
C:\Projects\Hazina\src\Core\Agents\Hazina.AgentFactory\Services\Tools\ToolRegistrationService.cs(317,47): warning SA1116: The parameters should begin on the line after the declaration, whenever the parameter span across multiple lines (https://github.com/DotNetAnalyzers/StyleCopAnalyzers/blob/master/documentation/SA1116.md) [C:\Projects\Hazina\src\Core\Agents\Hazina.AgentFactory\Hazina.AgentFactory.csproj::TargetFramework=net9.0]
C:\Projects\Hazina\src\Core\Agents\Hazina.AgentFactory\Services\Tools\ToolRegistrationService.cs(309,20): warning SA1117: The parameters should all be placed on the same line or each parameter should be placed on its own line (https://github.com/DotNetAnalyzers/StyleCopAnalyzers/blob/master/documentation/SA1117.md) [C:\Projects\Hazina\src\Core\Agents\Hazina.AgentFactory\Hazina.AgentFactory.csproj::TargetFramework=net9.0]
C:\Projects\Hazina\src\Core\Agents\Hazina.AgentFactory\Services\Tools\ToolRegistrationService.cs(324,20): warning SA1117: The parameters should all be placed on the same line or each parameter should be placed on its own line (https://github.com/DotNetAnalyzers/StyleCopAnalyzers/blob/master/documentation/SA1117.md) [C:\Projects\Hazina\src\Core\Agents\Hazina.AgentFactory\Hazina.AgentFactory.csproj::TargetFramework=net9.0]
C:\Projects\Hazina\src\Core\Agents\Hazina.AgentFactory\Services\Tools\ToolRegistrationService.cs(351,21): warning SA1503: Braces should not be omitted (https://github.com/DotNetAnalyzers/StyleCopAnalyzers/blob/master/documentation/SA1503.md) [C:\Projects\Hazina\src\Core\Agents\Hazina.AgentFactory\Hazina.AgentFactory.csproj::TargetFramework=net9.0]
C:\Projects\Hazina\src\Core\Agents\Hazina.AgentFactory\Services\BigQuery\BigQueryService.cs(36,24): warning MA0004: Use Task.ConfigureAwait(false) if the current SynchronizationContext is not needed (https://github.com/meziantou/Meziantou.Analyzer/blob/main/docs/Rules/MA0004.md) [C:\Projects\Hazina\src\Core\Agents\Hazina.AgentFactory\Hazina.AgentFactory.csproj::TargetFramework=net9.0]
C:\Projects\Hazina\src\Core\Agents\Hazina.AgentFactory\Services\BigQuery\BigQueryService.cs(39,24): warning MA0004: Use Task.ConfigureAwait(false) if the current SynchronizationContext is not needed (https://github.com/meziantou/Meziantou.Analyzer/blob/main/docs/Rules/MA0004.md) [C:\Projects\Hazina\src\Core\Agents\Hazina.AgentFactory\Hazina.AgentFactory.csproj::TargetFramework=net9.0]
C:\Projects\Hazina\src\Core\Agents\Hazina.AgentFactory\Services\Tools\ToolRegistrationService.cs(377,48): warning CA2016: Forward the 'cancel' parameter to the 'SendAsync' method or pass in 'CancellationToken.None' explicitly to indicate intentionally not propagating the token (https://learn.microsoft.com/dotnet/fundamentals/code-analysis/quality-rules/ca2016) [C:\Projects\Hazina\src\Core\Agents\Hazina.AgentFactory\Hazina.AgentFactory.csproj::TargetFramework=net9.0]
C:\Projects\Hazina\src\Core\Agents\Hazina.AgentFactory\Services\Tools\ToolRegistrationService.cs(379,34): warning CA2016: Forward the 'cancel' parameter to the 'ReadAsStringAsync' method or pass in 'CancellationToken.None' explicitly to indicate intentionally not propagating the token (https://learn.microsoft.com/dotnet/fundamentals/code-analysis/quality-rules/ca2016) [C:\Projects\Hazina\src\Core\Agents\Hazina.AgentFactory\Hazina.AgentFactory.csproj::TargetFramework=net9.0]
C:\Projects\Hazina\src\Core\Agents\Hazina.AgentFactory\Configuration\Validation\AgentConfigValidator.cs(15,23): warning CA1002: Change 'List<string>' in 'AgentConfigValidator.AgentConfigValidator(AgentConfig, [List<string>], [List<string>])' to use 'Collection<T>', 'ReadOnlyCollection<T>' or 'KeyedCollection<K,V>' (https://learn.microsoft.com/dotnet/fundamentals/code-analysis/quality-rules/ca1002) [C:\Projects\Hazina\src\Core\Agents\Hazina.AgentFactory\Hazina.AgentFactory.csproj::TargetFramework=net9.0]
C:\Projects\Hazina\src\Core\Agents\Hazina.AgentFactory\Configuration\Validation\AgentConfigValidator.cs(16,23): warning CA1002: Change 'List<string>' in 'AgentConfigValidator.AgentConfigValidator(AgentConfig, [List<string>], [List<string>])' to use 'Collection<T>', 'ReadOnlyCollection<T>' or 'KeyedCollection<K,V>' (https://learn.microsoft.com/dotnet/fundamentals/code-analysis/quality-rules/ca1002) [C:\Projects\Hazina\src\Core\Agents\Hazina.AgentFactory\Hazina.AgentFactory.csproj::TargetFramework=net9.0]
C:\Projects\Hazina\src\Core\Agents\Hazina.AgentFactory\Configuration\Validation\AgentConfigValidator.cs(15,9): warning MA0016: Prefer using collection abstraction instead of implementation (https://github.com/meziantou/Meziantou.Analyzer/blob/main/docs/Rules/MA0016.md) [C:\Projects\Hazina\src\Core\Agents\Hazina.AgentFactory\Hazina.AgentFactory.csproj::TargetFramework=net9.0]
C:\Projects\Hazina\src\Core\Agents\Hazina.AgentFactory\Configuration\Validation\AgentConfigValidator.cs(16,9): warning MA0016: Prefer using collection abstraction instead of implementation (https://github.com/meziantou/Meziantou.Analyzer/blob/main/docs/Rules/MA0016.md) [C:\Projects\Hazina\src\Core\Agents\Hazina.AgentFactory\Hazina.AgentFactory.csproj::TargetFramework=net9.0]
C:\Projects\Hazina\src\Core\Agents\Hazina.AgentFactory\Configuration\Schema\ConfigSchemaGenerator.cs(15,26): warning MA0051: Method is too long (97 lines; maximum allowed: 60) (https://github.com/meziantou/Meziantou.Analyzer/blob/main/docs/Rules/MA0051.md) [C:\Projects\Hazina\src\Core\Agents\Hazina.AgentFactory\Hazina.AgentFactory.csproj::TargetFramework=net9.0]
C:\Projects\Hazina\src\Core\Agents\Hazina.AgentFactory\Services\Tools\ToolRegistrationService.cs(361,21): error MA0039: Do not write your own certificate validation method (https://github.com/meziantou/Meziantou.Analyzer/blob/main/docs/Rules/MA0039.md) [C:\Projects\Hazina\src\Core\Agents\Hazina.AgentFactory\Hazina.AgentFactory.csproj::TargetFramework=net9.0]
C:\Projects\Hazina\src\Core\Agents\Hazina.AgentFactory\Services\Tools\ToolRegistrationService.cs(377,42): warning MA0004: Use Task.ConfigureAwait(false) if the current SynchronizationContext is not needed (https://github.com/meziantou/Meziantou.Analyzer/blob/main/docs/Rules/MA0004.md) [C:\Projects\Hazina\src\Core\Agents\Hazina.AgentFactory\Hazina.AgentFactory.csproj::TargetFramework=net9.0]
C:\Projects\Hazina\src\Core\Agents\Hazina.AgentFactory\Services\Tools\ToolRegistrationService.cs(379,28): warning MA0004: Use Task.ConfigureAwait(false) if the current SynchronizationContext is not needed (https://github.com/meziantou/Meziantou.Analyzer/blob/main/docs/Rules/MA0004.md) [C:\Projects\Hazina\src\Core\Agents\Hazina.AgentFactory\Hazina.AgentFactory.csproj::TargetFramework=net9.0]
C:\Projects\Hazina\src\Core\Agents\Hazina.AgentFactory\Services\Tools\ToolRegistrationService.cs(142,25): warning SA1503: Braces should not be omitted (https://github.com/DotNetAnalyzers/StyleCopAnalyzers/blob/master/documentation/SA1503.md) [C:\Projects\Hazina\src\Core\Agents\Hazina.AgentFactory\Hazina.AgentFactory.csproj::TargetFramework=net9.0]
C:\Projects\Hazina\src\Core\Agents\Hazina.AgentFactory\Services\Tools\ToolRegistrationService.cs(160,21): warning SA1503: Braces should not be omitted (https://github.com/DotNetAnalyzers/StyleCopAnalyzers/blob/master/documentation/SA1503.md) [C:\Projects\Hazina\src\Core\Agents\Hazina.AgentFactory\Hazina.AgentFactory.csproj::TargetFramework=net9.0]
C:\Projects\Hazina\src\Core\Agents\Hazina.AgentFactory\Services\Tools\ToolRegistrationService.cs(173,21): warning SA1503: Braces should not be omitted (https://github.com/DotNetAnalyzers/StyleCopAnalyzers/blob/master/documentation/SA1503.md) [C:\Projects\Hazina\src\Core\Agents\Hazina.AgentFactory\Hazina.AgentFactory.csproj::TargetFramework=net9.0]
C:\Projects\Hazina\src\Core\Agents\Hazina.AgentFactory\Services\Tools\ToolRegistrationService.cs(129,132): warning SA1122: Use string.Empty for empty strings (https://github.com/DotNetAnalyzers/StyleCopAnalyzers/blob/master/documentation/SA1122.md) [C:\Projects\Hazina\src\Core\Agents\Hazina.AgentFactory\Hazina.AgentFactory.csproj::TargetFramework=net9.0]
C:\Projects\Hazina\src\Core\Agents\Hazina.AgentFactory\Services\Tools\ToolRegistrationService.cs(143,63): warning SA1122: Use string.Empty for empty strings (https://github.com/DotNetAnalyzers/StyleCopAnalyzers/blob/master/documentation/SA1122.md) [C:\Projects\Hazina\src\Core\Agents\Hazina.AgentFactory\Hazina.AgentFactory.csproj::TargetFramework=net9.0]
C:\Projects\Hazina\src\Core\Agents\Hazina.AgentFactory\Services\Tools\ToolRegistrationService.cs(296,17): warning MA0004: Use Task.ConfigureAwait(false) if the current SynchronizationContext is not needed (https://github.com/meziantou/Meziantou.Analyzer/blob/main/docs/Rules/MA0004.md) [C:\Projects\Hazina\src\Core\Agents\Hazina.AgentFactory\Hazina.AgentFactory.csproj::TargetFramework=net9.0]
C:\Projects\Hazina\src\Core\Agents\Hazina.AgentFactory\Services\Tools\ToolRegistrationService.cs(296,59): warning MA0004: Use Task.ConfigureAwait(false) if the current SynchronizationContext is not needed (https://github.com/meziantou/Meziantou.Analyzer/blob/main/docs/Rules/MA0004.md) [C:\Projects\Hazina\src\Core\Agents\Hazina.AgentFactory\Hazina.AgentFactory.csproj::TargetFramework=net9.0]
C:\Projects\Hazina\src\Core\Agents\Hazina.AgentFactory\Services\Tools\ToolRegistrationService.cs(304,17): warning MA0004: Use Task.ConfigureAwait(false) if the current SynchronizationContext is not needed (https://github.com/meziantou/Meziantou.Analyzer/blob/main/docs/Rules/MA0004.md) [C:\Projects\Hazina\src\Core\Agents\Hazina.AgentFactory\Hazina.AgentFactory.csproj::TargetFramework=net9.0]
C:\Projects\Hazina\src\Core\Agents\Hazina.AgentFactory\Services\Tools\ToolRegistrationService.cs(308,28): warning MA0004: Use Task.ConfigureAwait(false) if the current SynchronizationContext is not needed (https://github.com/meziantou/Meziantou.Analyzer/blob/main/docs/Rules/MA0004.md) [C:\Projects\Hazina\src\Core\Agents\Hazina.AgentFactory\Hazina.AgentFactory.csproj::TargetFramework=net9.0]
C:\Projects\Hazina\src\Core\Agents\Hazina.AgentFactory\Services\Tools\ToolRegistrationService.cs(317,17): warning MA0004: Use Task.ConfigureAwait(false) if the current SynchronizationContext is not needed (https://github.com/meziantou/Meziantou.Analyzer/blob/main/docs/Rules/MA0004.md) [C:\Projects\Hazina\src\Core\Agents\Hazina.AgentFactory\Hazina.AgentFactory.csproj::TargetFramework=net9.0]
C:\Projects\Hazina\src\Core\Agents\Hazina.AgentFactory\Services\Tools\ToolRegistrationService.cs(323,28): warning MA0004: Use Task.ConfigureAwait(false) if the current SynchronizationContext is not needed (https://github.com/meziantou/Meziantou.Analyzer/blob/main/docs/Rules/MA0004.md) [C:\Projects\Hazina\src\Core\Agents\Hazina.AgentFactory\Hazina.AgentFactory.csproj::TargetFramework=net9.0]
C:\Projects\Hazina\src\Core\Agents\Hazina.AgentFactory\Services\Tools\ToolRegistrationService.cs(336,24): warning MA0004: Use Task.ConfigureAwait(false) if the current SynchronizationContext is not needed (https://github.com/meziantou/Meziantou.Analyzer/blob/main/docs/Rules/MA0004.md) [C:\Projects\Hazina\src\Core\Agents\Hazina.AgentFactory\Hazina.AgentFactory.csproj::TargetFramework=net9.0]
C:\Projects\Hazina\src\Core\Agents\Hazina.AgentFactory\Services\Tools\ToolRegistrationService.cs(381,17): warning CA1031: Modify 'AddWordpressTools' to catch a more specific allowed exception type, or rethrow the exception (https://learn.microsoft.com/dotnet/fundamentals/code-analysis/quality-rules/ca1031) [C:\Projects\Hazina\src\Core\Agents\Hazina.AgentFactory\Hazina.AgentFactory.csproj::TargetFramework=net9.0]
C:\Projects\Hazina\src\Core\Agents\Hazina.AgentFactory\Configuration\Schema\ConfigSchemaGenerator.cs(54,36): warning SA1122: Use string.Empty for empty strings (https://github.com/DotNetAnalyzers/StyleCopAnalyzers/blob/master/documentation/SA1122.md) [C:\Projects\Hazina\src\Core\Agents\Hazina.AgentFactory\Hazina.AgentFactory.csproj::TargetFramework=net9.0]
C:\Projects\Hazina\src\Core\Agents\Hazina.AgentFactory\Configuration\Schema\ConfigSchemaGenerator.cs(108,49): warning CA1869: Avoid creating a new 'JsonSerializerOptions' instance for every serialization operation. Cache and reuse instances instead. (https://learn.microsoft.com/dotnet/fundamentals/code-analysis/quality-rules/ca1869) [C:\Projects\Hazina\src\Core\Agents\Hazina.AgentFactory\Hazina.AgentFactory.csproj::TargetFramework=net9.0]
C:\Projects\Hazina\src\Core\Agents\Hazina.AgentFactory\Services\Tools\ToolRegistrationService.cs(142,50): warning MA0004: Use Task.ConfigureAwait(false) if the current SynchronizationContext is not needed (https://github.com/meziantou/Meziantou.Analyzer/blob/main/docs/Rules/MA0004.md) [C:\Projects\Hazina\src\Core\Agents\Hazina.AgentFactory\Hazina.AgentFactory.csproj::TargetFramework=net9.0]
C:\Projects\Hazina\src\Core\Agents\Hazina.AgentFactory\Configuration\Schema\ConfigSchemaGenerator.cs(118,26): warning MA0051: Method is too long (76 lines; maximum allowed: 60) (https://github.com/meziantou/Meziantou.Analyzer/blob/main/docs/Rules/MA0051.md) [C:\Projects\Hazina\src\Core\Agents\Hazina.AgentFactory\Hazina.AgentFactory.csproj::TargetFramework=net9.0]
C:\Projects\Hazina\src\Core\Agents\Hazina.AgentFactory\Services\Tools\ToolRegistrationService.cs(143,46): warning MA0004: Use Task.ConfigureAwait(false) if the current SynchronizationContext is not needed (https://github.com/meziantou/Meziantou.Analyzer/blob/main/docs/Rules/MA0004.md) [C:\Projects\Hazina\src\Core\Agents\Hazina.AgentFactory\Hazina.AgentFactory.csproj::TargetFramework=net9.0]
C:\Projects\Hazina\src\Core\Agents\Hazina.AgentFactory\Services\Tools\ToolRegistrationService.cs(160,46): warning MA0004: Use Task.ConfigureAwait(false) if the current SynchronizationContext is not needed (https://github.com/meziantou/Meziantou.Analyzer/blob/main/docs/Rules/MA0004.md) [C:\Projects\Hazina\src\Core\Agents\Hazina.AgentFactory\Hazina.AgentFactory.csproj::TargetFramework=net9.0]
C:\Projects\Hazina\src\Core\Agents\Hazina.AgentFactory\Services\Tools\ToolRegistrationService.cs(173,28): warning MA0004: Use Task.ConfigureAwait(false) if the current SynchronizationContext is not needed (https://github.com/meziantou/Meziantou.Analyzer/blob/main/docs/Rules/MA0004.md) [C:\Projects\Hazina\src\Core\Agents\Hazina.AgentFactory\Hazina.AgentFactory.csproj::TargetFramework=net9.0]
C:\Projects\Hazina\src\Core\Agents\Hazina.AgentFactory\Configuration\Schema\ConfigSchemaGenerator.cs(190,49): warning CA1869: Avoid creating a new 'JsonSerializerOptions' instance for every serialization operation. Cache and reuse instances instead. (https://learn.microsoft.com/dotnet/fundamentals/code-analysis/quality-rules/ca1869) [C:\Projects\Hazina\src\Core\Agents\Hazina.AgentFactory\Hazina.AgentFactory.csproj::TargetFramework=net9.0]
C:\Projects\Hazina\src\Core\Agents\Hazina.AgentFactory\Core\AgentFactoryExtensions.cs(11,53): warning SA1629: Documentation text should end with a period (https://github.com/DotNetAnalyzers/StyleCopAnalyzers/blob/master/documentation/SA1629.md) [C:\Projects\Hazina\src\Core\Agents\Hazina.AgentFactory\Hazina.AgentFactory.csproj::TargetFramework=net9.0]
C:\Projects\Hazina\src\Core\Agents\Hazina.AgentFactory\Services\BigQuery\BigQueryService.cs(50,13): warning SA1503: Braces should not be omitted (https://github.com/DotNetAnalyzers/StyleCopAnalyzers/blob/master/documentation/SA1503.md) [C:\Projects\Hazina\src\Core\Agents\Hazina.AgentFactory\Hazina.AgentFactory.csproj::TargetFramework=net9.0]
C:\Projects\Hazina\src\Core\Agents\Hazina.AgentFactory\Core\AgentFactoryExtensions.cs(25,16): warning MA0004: Use Task.ConfigureAwait(false) if the current SynchronizationContext is not needed (https://github.com/meziantou/Meziantou.Analyzer/blob/main/docs/Rules/MA0004.md) [C:\Projects\Hazina\src\Core\Agents\Hazina.AgentFactory\Hazina.AgentFactory.csproj::TargetFramework=net9.0]
C:\Projects\Hazina\src\Core\Agents\Hazina.AgentFactory\Configuration\Parsers\HazinaStoreConfigParserV2.cs(79,9): warning CA1031: Modify 'Parse' to catch a more specific allowed exception type, or rethrow the exception (https://learn.microsoft.com/dotnet/fundamentals/code-analysis/quality-rules/ca1031) [C:\Projects\Hazina\src\Core\Agents\Hazina.AgentFactory\Hazina.AgentFactory.csproj::TargetFramework=net9.0]
C:\Projects\Hazina\src\Core\Agents\Hazina.AgentFactory\Services\BigQuery\BigQueryService.cs(54,28): warning CA2016: Forward the 'cancel' parameter to the 'ExecuteQueryAsync' method or pass in 'CancellationToken.None' explicitly to indicate intentionally not propagating the token (https://learn.microsoft.com/dotnet/fundamentals/code-analysis/quality-rules/ca2016) [C:\Projects\Hazina\src\Core\Agents\Hazina.AgentFactory\Hazina.AgentFactory.csproj::TargetFramework=net9.0]
C:\Projects\Hazina\src\Core\Agents\Hazina.AgentFactory\Services\BigQuery\BigQueryService.cs(54,22): warning MA0004: Use Task.ConfigureAwait(false) if the current SynchronizationContext is not needed (https://github.com/meziantou/Meziantou.Analyzer/blob/main/docs/Rules/MA0004.md) [C:\Projects\Hazina\src\Core\Agents\Hazina.AgentFactory\Hazina.AgentFactory.csproj::TargetFramework=net9.0]
C:\Projects\Hazina\src\Core\Agents\Hazina.AgentFactory\Services\Execution\AgentExecutionService.cs(58,35): warning S6602: "Find" method should be used instead of the "FirstOrDefault" extension method. (https://rules.sonarsource.com/csharp/RSPEC-6602) [C:\Projects\Hazina\src\Core\Agents\Hazina.AgentFactory\Hazina.AgentFactory.csproj::TargetFramework=net9.0]
C:\Projects\Hazina\src\Core\Agents\Hazina.AgentFactory\Services\Tools\ToolRegistrationService.cs(129,56): warning MA0006: Use string.Equals instead of Equals operator (https://github.com/meziantou/Meziantou.Analyzer/blob/main/docs/Rules/MA0006.md) [C:\Projects\Hazina\src\Core\Agents\Hazina.AgentFactory\Hazina.AgentFactory.csproj::TargetFramework=net9.0]
C:\Projects\Hazina\src\Core\Agents\Hazina.AgentFactory\Core\AgentFactoryExtensions.cs(37,66): warning SA1629: Documentation text should end with a period (https://github.com/DotNetAnalyzers/StyleCopAnalyzers/blob/master/documentation/SA1629.md) [C:\Projects\Hazina\src\Core\Agents\Hazina.AgentFactory\Hazina.AgentFactory.csproj::TargetFramework=net9.0]
C:\Projects\Hazina\src\Core\Agents\Hazina.AgentFactory\Core\HazinaFlow.cs(7,49): warning CA1002: Change 'List<string>' in 'HazinaFlow.HazinaFlow(string, List<string>)' to use 'Collection<T>', 'ReadOnlyCollection<T>' or 'KeyedCollection<K,V>' (https://learn.microsoft.com/dotnet/fundamentals/code-analysis/quality-rules/ca1002) [C:\Projects\Hazina\src\Core\Agents\Hazina.AgentFactory\Hazina.AgentFactory.csproj::TargetFramework=net9.0]
C:\Projects\Hazina\src\Core\Agents\Hazina.AgentFactory\Core\HazinaFlow.cs(7,36): warning MA0016: Prefer using collection abstraction instead of implementation (https://github.com/meziantou/Meziantou.Analyzer/blob/main/docs/Rules/MA0016.md) [C:\Projects\Hazina\src\Core\Agents\Hazina.AgentFactory\Hazina.AgentFactory.csproj::TargetFramework=net9.0]
C:\Projects\Hazina\src\Core\Agents\Hazina.AgentFactory\Core\AgentFactoryExtensions.cs(51,16): warning MA0004: Use Task.ConfigureAwait(false) if the current SynchronizationContext is not needed (https://github.com/meziantou/Meziantou.Analyzer/blob/main/docs/Rules/MA0004.md) [C:\Projects\Hazina\src\Core\Agents\Hazina.AgentFactory\Hazina.AgentFactory.csproj::TargetFramework=net9.0]
C:\Projects\Hazina\src\Core\Agents\Hazina.AgentFactory\Services\Execution\AgentExecutionService.cs(59,32): warning SA1503: Braces should not be omitted (https://github.com/DotNetAnalyzers/StyleCopAnalyzers/blob/master/documentation/SA1503.md) [C:\Projects\Hazina\src\Core\Agents\Hazina.AgentFactory\Hazina.AgentFactory.csproj::TargetFramework=net9.0]
C:\Projects\Hazina\src\Core\Agents\Hazina.AgentFactory\Configuration\Schema\ConfigSchemaGenerator.cs(234,49): warning CA1869: Avoid creating a new 'JsonSerializerOptions' instance for every serialization operation. Cache and reuse instances instead. (https://learn.microsoft.com/dotnet/fundamentals/code-analysis/quality-rules/ca1869) [C:\Projects\Hazina\src\Core\Agents\Hazina.AgentFactory\Hazina.AgentFactory.csproj::TargetFramework=net9.0]
C:\Projects\Hazina\src\Core\Agents\Hazina.AgentFactory\Services\Execution\AgentExecutionService.cs(54,104): warning SA1122: Use string.Empty for empty strings (https://github.com/DotNetAnalyzers/StyleCopAnalyzers/blob/master/documentation/SA1122.md) [C:\Projects\Hazina\src\Core\Agents\Hazina.AgentFactory\Hazina.AgentFactory.csproj::TargetFramework=net9.0]
C:\Projects\Hazina\src\Core\Agents\Hazina.AgentFactory\Core\AgentManager.cs(45,9): warning SA1642: Constructor summary documentation should begin with standard text (https://github.com/DotNetAnalyzers/StyleCopAnalyzers/blob/master/documentation/SA1642.md) [C:\Projects\Hazina\src\Core\Agents\Hazina.AgentFactory\Hazina.AgentFactory.csproj::TargetFramework=net9.0]
C:\Projects\Hazina\src\Core\Agents\Hazina.AgentFactory\Configuration\Validation\ConfigurationResult.cs(12,29): warning CA1860: Prefer comparing 'Count' to 0 rather than using 'Any()', both for clarity and for performance (https://learn.microsoft.com/dotnet/fundamentals/code-analysis/quality-rules/ca1860) [C:\Projects\Hazina\src\Core\Agents\Hazina.AgentFactory\Hazina.AgentFactory.csproj::TargetFramework=net9.0]
C:\Projects\Hazina\src\Core\Agents\Hazina.AgentFactory\Services\Tools\ToolRegistrationService.cs(145,17): warning CA1031: Modify 'AddReadTools' to catch a more specific allowed exception type, or rethrow the exception (https://learn.microsoft.com/dotnet/fundamentals/code-analysis/quality-rules/ca1031) [C:\Projects\Hazina\src\Core\Agents\Hazina.AgentFactory\Hazina.AgentFactory.csproj::TargetFramework=net9.0]
C:\Projects\Hazina\src\Core\Agents\Hazina.AgentFactory\Services\Execution\AgentExecutionService.cs(54,27): warning MA0004: Use Task.ConfigureAwait(false) if the current SynchronizationContext is not needed (https://github.com/meziantou/Meziantou.Analyzer/blob/main/docs/Rules/MA0004.md) [C:\Projects\Hazina\src\Core\Agents\Hazina.AgentFactory\Hazina.AgentFactory.csproj::TargetFramework=net9.0]
C:\Projects\Hazina\src\Core\Agents\Hazina.AgentFactory\Services\BigQuery\BigQueryService.cs(64,13): warning SA1503: Braces should not be omitted (https://github.com/DotNetAnalyzers/StyleCopAnalyzers/blob/master/documentation/SA1503.md) [C:\Projects\Hazina\src\Core\Agents\Hazina.AgentFactory\Hazina.AgentFactory.csproj::TargetFramework=net9.0]
C:\Projects\Hazina\src\Core\Agents\Hazina.AgentFactory\Services\BigQuery\BigQueryService.cs(66,13): warning SA1503: Braces should not be omitted (https://github.com/DotNetAnalyzers/StyleCopAnalyzers/blob/master/documentation/SA1503.md) [C:\Projects\Hazina\src\Core\Agents\Hazina.AgentFactory\Hazina.AgentFactory.csproj::TargetFramework=net9.0]
C:\Projects\Hazina\src\Core\Agents\Hazina.AgentFactory\Services\BigQuery\BigQueryService.cs(70,28): warning CA2016: Forward the 'cancel' parameter to the 'ExecuteQueryAsync' method or pass in 'CancellationToken.None' explicitly to indicate intentionally not propagating the token (https://learn.microsoft.com/dotnet/fundamentals/code-analysis/quality-rules/ca2016) [C:\Projects\Hazina\src\Core\Agents\Hazina.AgentFactory\Hazina.AgentFactory.csproj::TargetFramework=net9.0]
C:\Projects\Hazina\src\Core\Agents\Hazina.AgentFactory\Services\BigQuery\BigQueryService.cs(70,22): warning MA0004: Use Task.ConfigureAwait(false) if the current SynchronizationContext is not needed (https://github.com/meziantou/Meziantou.Analyzer/blob/main/docs/Rules/MA0004.md) [C:\Projects\Hazina\src\Core\Agents\Hazina.AgentFactory\Hazina.AgentFactory.csproj::TargetFramework=net9.0]
C:\Projects\Hazina\src\Core\Agents\Hazina.AgentFactory\Configuration\Validation\ConfigurationResult.cs(37,42): warning CA1000: Do not declare static members on generic types (https://learn.microsoft.com/dotnet/fundamentals/code-analysis/quality-rules/ca1000) [C:\Projects\Hazina\src\Core\Agents\Hazina.AgentFactory\Hazina.AgentFactory.csproj::TargetFramework=net9.0]
C:\Projects\Hazina\src\Core\Agents\Hazina.AgentFactory\Configuration\Parsers\HazinaStoreConfigParserV2.cs(86,18): warning MA0051: Method is too long (76 lines; maximum allowed: 60) (https://github.com/meziantou/Meziantou.Analyzer/blob/main/docs/Rules/MA0051.md) [C:\Projects\Hazina\src\Core\Agents\Hazina.AgentFactory\Hazina.AgentFactory.csproj::TargetFramework=net9.0]
C:\Projects\Hazina\src\Core\Agents\Hazina.AgentFactory\Core\QuickAgentCreator.cs(28,29): warning SA1503: Braces should not be omitted (https://github.com/DotNetAnalyzers/StyleCopAnalyzers/blob/master/documentation/SA1503.md) [C:\Projects\Hazina\src\Core\Agents\Hazina.AgentFactory\Hazina.AgentFactory.csproj::TargetFramework=net9.0]
C:\Projects\Hazina\src\Core\Agents\Hazina.AgentFactory\Core\QuickAgentCreator.cs(29,28): warning SA1503: Braces should not be omitted (https://github.com/DotNetAnalyzers/StyleCopAnalyzers/blob/master/documentation/SA1503.md) [C:\Projects\Hazina\src\Core\Agents\Hazina.AgentFactory\Hazina.AgentFactory.csproj::TargetFramework=net9.0]
C:\Projects\Hazina\src\Core\Agents\Hazina.AgentFactory\Core\QuickAgentCreator.cs(30,32): warning SA1503: Braces should not be omitted (https://github.com/DotNetAnalyzers/StyleCopAnalyzers/blob/master/documentation/SA1503.md) [C:\Projects\Hazina\src\Core\Agents\Hazina.AgentFactory\Hazina.AgentFactory.csproj::TargetFramework=net9.0]
C:\Projects\Hazina\src\Core\Agents\Hazina.AgentFactory\Configuration\Validation\ConfigurationResult.cs(45,42): warning CA1000: Do not declare static members on generic types (https://learn.microsoft.com/dotnet/fundamentals/code-analysis/quality-rules/ca1000) [C:\Projects\Hazina\src\Core\Agents\Hazina.AgentFactory\Hazina.AgentFactory.csproj::TargetFramework=net9.0]
C:\Projects\Hazina\src\Core\Agents\Hazina.AgentFactory\Core\QuickAgentCreator.cs(31,16): warning MA0004: Use Task.ConfigureAwait(false) if the current SynchronizationContext is not needed (https://github.com/meziantou/Meziantou.Analyzer/blob/main/docs/Rules/MA0004.md) [C:\Projects\Hazina\src\Core\Agents\Hazina.AgentFactory\Hazina.AgentFactory.csproj::TargetFramework=net9.0]
C:\Projects\Hazina\src\Core\Agents\Hazina.AgentFactory\Configuration\Validation\StoreConfigValidator.cs(47,13): warning SA1503: Braces should not be omitted (https://github.com/DotNetAnalyzers/StyleCopAnalyzers/blob/master/documentation/SA1503.md) [C:\Projects\Hazina\src\Core\Agents\Hazina.AgentFactory\Hazina.AgentFactory.csproj::TargetFramework=net9.0]
C:\Projects\Hazina\src\Core\Agents\Hazina.AgentFactory\Configuration\Validation\StoreConfigValidator.cs(50,35): warning CA1847: Use 'string.Contains(char)' instead of 'string.Contains(string)' when searching for a single character (https://learn.microsoft.com/dotnet/fundamentals/code-analysis/quality-rules/ca1847) [C:\Projects\Hazina\src\Core\Agents\Hazina.AgentFactory\Hazina.AgentFactory.csproj::TargetFramework=net9.0]
C:\Projects\Hazina\src\Core\Agents\Hazina.AgentFactory\Configuration\Validation\StoreConfigValidator.cs(50,66): warning CA1847: Use 'string.Contains(char)' instead of 'string.Contains(string)' when searching for a single character (https://learn.microsoft.com/dotnet/fundamentals/code-analysis/quality-rules/ca1847) [C:\Projects\Hazina\src\Core\Agents\Hazina.AgentFactory\Hazina.AgentFactory.csproj::TargetFramework=net9.0]
C:\Projects\Hazina\src\Core\Agents\Hazina.AgentFactory\Configuration\Validation\StoreConfigValidator.cs(50,13): warning CA1307: 'string.Contains(string)' has a method overload that takes a 'StringComparison' parameter. Replace this call in 'Hazina.AgentFactory.Configuration.Validation.StoreConfigValidator.ValidatePath()' with a call to 'string.Contains(string, System.StringComparison)' for clarity of intent. (https://learn.microsoft.com/dotnet/fundamentals/code-analysis/quality-rules/ca1307) [C:\Projects\Hazina\src\Core\Agents\Hazina.AgentFactory\Hazina.AgentFactory.csproj::TargetFramework=net9.0]
C:\Projects\Hazina\src\Core\Agents\Hazina.AgentFactory\Configuration\Validation\StoreConfigValidator.cs(50,44): warning CA1307: 'string.Contains(string)' has a method overload that takes a 'StringComparison' parameter. Replace this call in 'Hazina.AgentFactory.Configuration.Validation.StoreConfigValidator.ValidatePath()' with a call to 'string.Contains(string, System.StringComparison)' for clarity of intent. (https://learn.microsoft.com/dotnet/fundamentals/code-analysis/quality-rules/ca1307) [C:\Projects\Hazina\src\Core\Agents\Hazina.AgentFactory\Hazina.AgentFactory.csproj::TargetFramework=net9.0]
C:\Projects\Hazina\src\Core\Agents\Hazina.AgentFactory\Configuration\Validation\StoreConfigValidator.cs(62,13): warning CA1307: 'string.Contains(string)' has a method overload that takes a 'StringComparison' parameter. Replace this call in 'Hazina.AgentFactory.Configuration.Validation.StoreConfigValidator.ValidatePath()' with a call to 'string.Contains(string, System.StringComparison)' for clarity of intent. (https://learn.microsoft.com/dotnet/fundamentals/code-analysis/quality-rules/ca1307) [C:\Projects\Hazina\src\Core\Agents\Hazina.AgentFactory\Hazina.AgentFactory.csproj::TargetFramework=net9.0]
C:\Projects\Hazina\src\Core\Agents\Hazina.AgentFactory\Services\BigQuery\BigQueryService.cs(80,13): warning SA1503: Braces should not be omitted (https://github.com/DotNetAnalyzers/StyleCopAnalyzers/blob/master/documentation/SA1503.md) [C:\Projects\Hazina\src\Core\Agents\Hazina.AgentFactory\Hazina.AgentFactory.csproj::TargetFramework=net9.0]
C:\Projects\Hazina\src\Core\Agents\Hazina.AgentFactory\Services\Execution\AgentExecutionService.cs(86,25): warning MA0004: Use Task.ConfigureAwait(false) if the current SynchronizationContext is not needed (https://github.com/meziantou/Meziantou.Analyzer/blob/main/docs/Rules/MA0004.md) [C:\Projects\Hazina\src\Core\Agents\Hazina.AgentFactory\Hazina.AgentFactory.csproj::TargetFramework=net9.0]
C:\Projects\Hazina\src\Core\Agents\Hazina.AgentFactory\Services\Execution\AgentExecutionService.cs(91,25): warning MA0004: Use Task.ConfigureAwait(false) if the current SynchronizationContext is not needed (https://github.com/meziantou/Meziantou.Analyzer/blob/main/docs/Rules/MA0004.md) [C:\Projects\Hazina\src\Core\Agents\Hazina.AgentFactory\Hazina.AgentFactory.csproj::TargetFramework=net9.0]
C:\Projects\Hazina\src\Core\Agents\Hazina.AgentFactory\Services\BigQuery\BigQueryService.cs(85,32): warning CA2016: Forward the 'cancel' parameter to the 'ExecuteQueryAsync' method or pass in 'CancellationToken.None' explicitly to indicate intentionally not propagating the token (https://learn.microsoft.com/dotnet/fundamentals/code-analysis/quality-rules/ca2016) [C:\Projects\Hazina\src\Core\Agents\Hazina.AgentFactory\Hazina.AgentFactory.csproj::TargetFramework=net9.0]
C:\Projects\Hazina\src\Core\Agents\Hazina.AgentFactory\Services\BigQuery\BigQueryService.cs(85,26): warning MA0004: Use Task.ConfigureAwait(false) if the current SynchronizationContext is not needed (https://github.com/meziantou/Meziantou.Analyzer/blob/main/docs/Rules/MA0004.md) [C:\Projects\Hazina\src\Core\Agents\Hazina.AgentFactory\Hazina.AgentFactory.csproj::TargetFramework=net9.0]
C:\Projects\Hazina\src\Core\Agents\Hazina.AgentFactory\Core\QuickAgentCreator.cs(34,60): warning CA1002: Change 'List<string>' in 'QuickAgentCreator.CreateFlow(string, List<string>)' to use 'Collection<T>', 'ReadOnlyCollection<T>' or 'KeyedCollection<K,V>' (https://learn.microsoft.com/dotnet/fundamentals/code-analysis/quality-rules/ca1002) [C:\Projects\Hazina\src\Core\Agents\Hazina.AgentFactory\Hazina.AgentFactory.csproj::TargetFramework=net9.0]
C:\Projects\Hazina\src\Core\Agents\Hazina.AgentFactory\Core\QuickAgentCreator.cs(34,47): warning MA0016: Prefer using collection abstraction instead of implementation (https://github.com/meziantou/Meziantou.Analyzer/blob/main/docs/Rules/MA0016.md) [C:\Projects\Hazina\src\Core\Agents\Hazina.AgentFactory\Hazina.AgentFactory.csproj::TargetFramework=net9.0]
C:\Projects\Hazina\src\Core\Agents\Hazina.AgentFactory\Configuration\Validation\ConfigurationResult.cs(56,42): warning CA1000: Do not declare static members on generic types (https://learn.microsoft.com/dotnet/fundamentals/code-analysis/quality-rules/ca1000) [C:\Projects\Hazina\src\Core\Agents\Hazina.AgentFactory\Hazina.AgentFactory.csproj::TargetFramework=net9.0]
C:\Projects\Hazina\src\Core\Agents\Hazina.AgentFactory\Configuration\Validation\StoreConfigValidator.cs(76,9): warning CA1031: Modify 'ValidatePath' to catch a more specific allowed exception type, or rethrow the exception (https://learn.microsoft.com/dotnet/fundamentals/code-analysis/quality-rules/ca1031) [C:\Projects\Hazina\src\Core\Agents\Hazina.AgentFactory\Hazina.AgentFactory.csproj::TargetFramework=net9.0]
C:\Projects\Hazina\src\Core\Agents\Hazina.AgentFactory\Services\BigQuery\BigQueryService.cs(88,9): warning CA1031: Modify 'ExecuteQueryAsync' to catch a more specific allowed exception type, or rethrow the exception (https://learn.microsoft.com/dotnet/fundamentals/code-analysis/quality-rules/ca1031) [C:\Projects\Hazina\src\Core\Agents\Hazina.AgentFactory\Hazina.AgentFactory.csproj::TargetFramework=net9.0]
C:\Projects\Hazina\src\Core\Agents\Hazina.AgentFactory\Core\AgentManager.cs(95,13): warning MA0004: Use Task.ConfigureAwait(false) if the current SynchronizationContext is not needed (https://github.com/meziantou/Meziantou.Analyzer/blob/main/docs/Rules/MA0004.md) [C:\Projects\Hazina\src\Core\Agents\Hazina.AgentFactory\Hazina.AgentFactory.csproj::TargetFramework=net9.0]
C:\Projects\Hazina\src\Core\Agents\Hazina.AgentFactory\Core\AgentManager.cs(99,13): warning MA0004: Use Task.ConfigureAwait(false) if the current SynchronizationContext is not needed (https://github.com/meziantou/Meziantou.Analyzer/blob/main/docs/Rules/MA0004.md) [C:\Projects\Hazina\src\Core\Agents\Hazina.AgentFactory\Hazina.AgentFactory.csproj::TargetFramework=net9.0]
C:\Projects\Hazina\src\Core\Agents\Hazina.AgentFactory\Core\AgentManager.cs(108,24): warning S6602: "Find" method should be used instead of the "FirstOrDefault" extension method. (https://rules.sonarsource.com/csharp/RSPEC-6602) [C:\Projects\Hazina\src\Core\Agents\Hazina.AgentFactory\Hazina.AgentFactory.csproj::TargetFramework=net9.0]
C:\Projects\Hazina\src\Core\Agents\Hazina.AgentFactory\Configuration\Parsers\HazinaStoreConfigParserV2.cs(86,18): warning S2325: Make 'ParseField' a static method. (https://rules.sonarsource.com/csharp/RSPEC-2325) [C:\Projects\Hazina\src\Core\Agents\Hazina.AgentFactory\Hazina.AgentFactory.csproj::TargetFramework=net9.0]
C:\Projects\Hazina\src\Core\Agents\Hazina.AgentFactory\Core\StoresAndAgentsAndFlowLoader.cs(64,37): warning S6602: "Find" method should be used instead of the "FirstOrDefault" extension method. (https://rules.sonarsource.com/csharp/RSPEC-6602) [C:\Projects\Hazina\src\Core\Agents\Hazina.AgentFactory\Hazina.AgentFactory.csproj::TargetFramework=net9.0]
C:\Projects\Hazina\src\Core\Agents\Hazina.AgentFactory\Core\AgentFactoryExtensions.cs(63,64): warning SA1629: Documentation text should end with a period (https://github.com/DotNetAnalyzers/StyleCopAnalyzers/blob/master/documentation/SA1629.md) [C:\Projects\Hazina\src\Core\Agents\Hazina.AgentFactory\Hazina.AgentFactory.csproj::TargetFramework=net9.0]
C:\Projects\Hazina\src\Core\Agents\Hazina.AgentFactory\Core\AgentFactoryExtensions.cs(76,21): warning MA0004: Use Task.ConfigureAwait(false) if the current SynchronizationContext is not needed (https://github.com/meziantou/Meziantou.Analyzer/blob/main/docs/Rules/MA0004.md) [C:\Projects\Hazina\src\Core\Agents\Hazina.AgentFactory\Hazina.AgentFactory.csproj::TargetFramework=net9.0]
C:\Projects\Hazina\src\Core\Agents\Hazina.AgentFactory\Core\AgentManager.cs(108,44): warning MA0006: Use string.Equals instead of Equals operator (https://github.com/meziantou/Meziantou.Analyzer/blob/main/docs/Rules/MA0006.md) [C:\Projects\Hazina\src\Core\Agents\Hazina.AgentFactory\Hazina.AgentFactory.csproj::TargetFramework=net9.0]
C:\Projects\Hazina\src\Core\Agents\Hazina.AgentFactory\Core\AgentFactoryExtensions.cs(86,9): warning CA1062: In externally visible method 'Task<HazinaAgent> AgentFactoryExtensions.CreateAgentWithCustomClient(AgentFactory factory, string name, string systemPrompt, IEnumerable<(IDocumentStore Store, bool Write)> stores, IEnumerable<string> functions, IEnumerable<string> agents, IEnumerable<string> flows, ILLMClient llmClient, bool isCoder = false)', validate parameter 'factory' is non-null before using it. If appropriate, throw an 'ArgumentNullException' when the argument is 'null'. (https://learn.microsoft.com/dotnet/fundamentals/code-analysis/quality-rules/ca1062) [C:\Projects\Hazina\src\Core\Agents\Hazina.AgentFactory\Hazina.AgentFactory.csproj::TargetFramework=net9.0]
C:\Projects\Hazina\src\Core\Agents\Hazina.AgentFactory\Core\AgentManager.cs(112,23): warning S6602: "Find" method should be used instead of the "FirstOrDefault" extension method. (https://rules.sonarsource.com/csharp/RSPEC-6602) [C:\Projects\Hazina\src\Core\Agents\Hazina.AgentFactory\Hazina.AgentFactory.csproj::TargetFramework=net9.0]
C:\Projects\Hazina\src\Core\Agents\Hazina.AgentFactory\Configuration\Parsers\HazinaStoreConfigParserV2.cs(32,25): warning CA1062: In externally visible method 'ConfigurationResult<List<StoreConfig>> HazinaStoreConfigParserV2.Parse(string input)', validate parameter 'input' is non-null before using it. If appropriate, throw an 'ArgumentNullException' when the argument is 'null'. (https://learn.microsoft.com/dotnet/fundamentals/code-analysis/quality-rules/ca1062) [C:\Projects\Hazina\src\Core\Agents\Hazina.AgentFactory\Hazina.AgentFactory.csproj::TargetFramework=net9.0]
C:\Projects\Hazina\src\Core\Agents\Hazina.AgentFactory\Services\BigQuery\BigQueryService.cs(101,35): warning S3267: Loop should be simplified by calling Select(field => field.Name)) (https://rules.sonarsource.com/csharp/RSPEC-3267) [C:\Projects\Hazina\src\Core\Agents\Hazina.AgentFactory\Hazina.AgentFactory.csproj::TargetFramework=net9.0]
C:\Projects\Hazina\src\Core\Agents\Hazina.AgentFactory\Configuration\Validation\StoreConfigValidator.cs(84,45): warning CA1860: Prefer comparing 'Length' to 0 rather than using 'Any()', both for clarity and for performance (https://learn.microsoft.com/dotnet/fundamentals/code-analysis/quality-rules/ca1860) [C:\Projects\Hazina\src\Core\Agents\Hazina.AgentFactory\Hazina.AgentFactory.csproj::TargetFramework=net9.0]
C:\Projects\Hazina\src\Core\Agents\Hazina.AgentFactory\Configuration\Validation\StoreConfigValidator.cs(99,34): warning CA1847: Use 'string.Contains(char)' instead of 'string.Contains(string)' when searching for a single character (https://learn.microsoft.com/dotnet/fundamentals/code-analysis/quality-rules/ca1847) [C:\Projects\Hazina\src\Core\Agents\Hazina.AgentFactory\Hazina.AgentFactory.csproj::TargetFramework=net9.0]
C:\Projects\Hazina\src\Core\Agents\Hazina.AgentFactory\Configuration\Validation\StoreConfigValidator.cs(99,59): warning CA1847: Use 'string.Contains(char)' instead of 'string.Contains(string)' when searching for a single character (https://learn.microsoft.com/dotnet/fundamentals/code-analysis/quality-rules/ca1847) [C:\Projects\Hazina\src\Core\Agents\Hazina.AgentFactory\Hazina.AgentFactory.csproj::TargetFramework=net9.0]
C:\Projects\Hazina\src\Core\Agents\Hazina.AgentFactory\Configuration\Validation\StoreConfigValidator.cs(99,18): warning CA1307: 'string.Contains(string)' has a method overload that takes a 'StringComparison' parameter. Replace this call in 'Hazina.AgentFactory.Configuration.Validation.StoreConfigValidator.ValidateFileFilters()' with a call to 'string.Contains(string, System.StringComparison)' for clarity of intent. (https://learn.microsoft.com/dotnet/fundamentals/code-analysis/quality-rules/ca1307) [C:\Projects\Hazina\src\Core\Agents\Hazina.AgentFactory\Hazina.AgentFactory.csproj::TargetFramework=net9.0]
C:\Projects\Hazina\src\Core\Agents\Hazina.AgentFactory\Configuration\Validation\StoreConfigValidator.cs(99,43): warning CA1307: 'string.Contains(string)' has a method overload that takes a 'StringComparison' parameter. Replace this call in 'Hazina.AgentFactory.Configuration.Validation.StoreConfigValidator.ValidateFileFilters()' with a call to 'string.Contains(string, System.StringComparison)' for clarity of intent. (https://learn.microsoft.com/dotnet/fundamentals/code-analysis/quality-rules/ca1307) [C:\Projects\Hazina\src\Core\Agents\Hazina.AgentFactory\Hazina.AgentFactory.csproj::TargetFramework=net9.0]
C:\Projects\Hazina\src\Core\Agents\Hazina.AgentFactory\Core\QuickAgentCreator.cs(62,9): warning MA0004: Use Task.ConfigureAwait(false) if the current SynchronizationContext is not needed (https://github.com/meziantou/Meziantou.Analyzer/blob/main/docs/Rules/MA0004.md) [C:\Projects\Hazina\src\Core\Agents\Hazina.AgentFactory\Hazina.AgentFactory.csproj::TargetFramework=net9.0]
C:\Projects\Hazina\src\Core\Agents\Hazina.AgentFactory\Services\Execution\AgentExecutionService.cs(119,35): warning S6602: "Find" method should be used instead of the "FirstOrDefault" extension method. (https://rules.sonarsource.com/csharp/RSPEC-6602) [C:\Projects\Hazina\src\Core\Agents\Hazina.AgentFactory\Hazina.AgentFactory.csproj::TargetFramework=net9.0]
C:\Projects\Hazina\src\Core\Agents\Hazina.AgentFactory\Core\AgentManager.cs(112,43): warning MA0006: Use string.Equals instead of Equals operator (https://github.com/meziantou/Meziantou.Analyzer/blob/main/docs/Rules/MA0006.md) [C:\Projects\Hazina\src\Core\Agents\Hazina.AgentFactory\Hazina.AgentFactory.csproj::TargetFramework=net9.0]
C:\Projects\Hazina\src\Core\Agents\Hazina.AgentFactory\Configuration\Validation\StoreConfigValidator.cs(105,17): warning MA0006: Use string.Equals instead of Equals operator (https://github.com/meziantou/Meziantou.Analyzer/blob/main/docs/Rules/MA0006.md) [C:\Projects\Hazina\src\Core\Agents\Hazina.AgentFactory\Hazina.AgentFactory.csproj::TargetFramework=net9.0]
C:\Projects\Hazina\src\Core\Agents\Hazina.AgentFactory\Configuration\Validation\StoreConfigValidator.cs(105,34): warning MA0006: Use string.Equals instead of Equals operator (https://github.com/meziantou/Meziantou.Analyzer/blob/main/docs/Rules/MA0006.md) [C:\Projects\Hazina\src\Core\Agents\Hazina.AgentFactory\Hazina.AgentFactory.csproj::TargetFramework=net9.0]
C:\Projects\Hazina\src\Core\Agents\Hazina.AgentFactory\Services\Tools\ToolRegistrationService.cs(179,18): warning MA0051: Method is too long (105 lines; maximum allowed: 60) (https://github.com/meziantou/Meziantou.Analyzer/blob/main/docs/Rules/MA0051.md) [C:\Projects\Hazina\src\Core\Agents\Hazina.AgentFactory\Hazina.AgentFactory.csproj::TargetFramework=net9.0]
C:\Projects\Hazina\src\Core\Agents\Hazina.AgentFactory\Core\AgentFactory.cs(82,13): warning CA1031: Modify '.ctor' to catch a more specific allowed exception type, or rethrow the exception (https://learn.microsoft.com/dotnet/fundamentals/code-analysis/quality-rules/ca1031) [C:\Projects\Hazina\src\Core\Agents\Hazina.AgentFactory\Hazina.AgentFactory.csproj::TargetFramework=net9.0]
C:\Projects\Hazina\src\Core\Agents\Hazina.AgentFactory\Core\StoresAndAgentsAndFlowLoader.cs(81,13): warning SA1111: Closing parenthesis should be on line of last parameter (https://github.com/DotNetAnalyzers/StyleCopAnalyzers/blob/master/documentation/SA1111.md) [C:\Projects\Hazina\src\Core\Agents\Hazina.AgentFactory\Hazina.AgentFactory.csproj::TargetFramework=net9.0]
C:\Projects\Hazina\src\Core\Agents\Hazina.AgentFactory\Configuration\Validation\ConfigurationResult.cs(112,16): warning MA0002: Use an overload that has a IEqualityComparer<string> or IComparer<string> parameter (https://github.com/meziantou/Meziantou.Analyzer/blob/main/docs/Rules/MA0002.md) [C:\Projects\Hazina\src\Core\Agents\Hazina.AgentFactory\Hazina.AgentFactory.csproj::TargetFramework=net9.0]
C:\Projects\Hazina\src\Core\Agents\Hazina.AgentFactory\Core\StoresAndAgentsAndFlowLoader.cs(53,25): warning CA1849: 'QuickAgentCreator.CreateStore(StorePaths, string)' synchronously blocks. Await 'QuickAgentCreator.CreateStoreAsync(StorePaths, string)' instead. (https://learn.microsoft.com/dotnet/fundamentals/code-analysis/quality-rules/ca1849) [C:\Projects\Hazina\src\Core\Agents\Hazina.AgentFactory\Hazina.AgentFactory.csproj::TargetFramework=net9.0]
C:\Projects\Hazina\src\Core\Agents\Hazina.AgentFactory\Core\StoresAndAgentsAndFlowLoader.cs(54,13): warning MA0004: Use Task.ConfigureAwait(false) if the current SynchronizationContext is not needed (https://github.com/meziantou/Meziantou.Analyzer/blob/main/docs/Rules/MA0004.md) [C:\Projects\Hazina\src\Core\Agents\Hazina.AgentFactory\Hazina.AgentFactory.csproj::TargetFramework=net9.0]
C:\Projects\Hazina\src\Core\Agents\Hazina.AgentFactory\Core\StoresAndAgentsAndFlowLoader.cs(73,25): warning MA0004: Use Task.ConfigureAwait(false) if the current SynchronizationContext is not needed (https://github.com/meziantou/Meziantou.Analyzer/blob/main/docs/Rules/MA0004.md) [C:\Projects\Hazina\src\Core\Agents\Hazina.AgentFactory\Hazina.AgentFactory.csproj::TargetFramework=net9.0]
C:\Projects\Hazina\src\Core\Agents\Hazina.AgentFactory\Configuration\Parsers\HazinaStoreConfigParserV2.cs(120,21): warning SA1503: Braces should not be omitted (https://github.com/DotNetAnalyzers/StyleCopAnalyzers/blob/master/documentation/SA1503.md) [C:\Projects\Hazina\src\Core\Agents\Hazina.AgentFactory\Hazina.AgentFactory.csproj::TargetFramework=net9.0]
C:\Projects\Hazina\src\Core\Agents\Hazina.AgentFactory\Configuration\Parsers\HazinaStoreConfigParserV2.cs(122,21): warning SA1503: Braces should not be omitted (https://github.com/DotNetAnalyzers/StyleCopAnalyzers/blob/master/documentation/SA1503.md) [C:\Projects\Hazina\src\Core\Agents\Hazina.AgentFactory\Hazina.AgentFactory.csproj::TargetFramework=net9.0]
C:\Projects\Hazina\src\Core\Agents\Hazina.AgentFactory\Configuration\Parsers\HazinaStoreConfigParserV2.cs(127,21): warning SA1503: Braces should not be omitted (https://github.com/DotNetAnalyzers/StyleCopAnalyzers/blob/master/documentation/SA1503.md) [C:\Projects\Hazina\src\Core\Agents\Hazina.AgentFactory\Hazina.AgentFactory.csproj::TargetFramework=net9.0]
C:\Projects\Hazina\src\Core\Agents\Hazina.AgentFactory\Configuration\Parsers\HazinaStoreConfigParserV2.cs(129,21): warning SA1503: Braces should not be omitted (https://github.com/DotNetAnalyzers/StyleCopAnalyzers/blob/master/documentation/SA1503.md) [C:\Projects\Hazina\src\Core\Agents\Hazina.AgentFactory\Hazina.AgentFactory.csproj::TargetFramework=net9.0]
C:\Projects\Hazina\src\Core\Agents\Hazina.AgentFactory\Configuration\Parsers\HazinaStoreConfigParserV2.cs(134,21): warning SA1503: Braces should not be omitted (https://github.com/DotNetAnalyzers/StyleCopAnalyzers/blob/master/documentation/SA1503.md) [C:\Projects\Hazina\src\Core\Agents\Hazina.AgentFactory\Hazina.AgentFactory.csproj::TargetFramework=net9.0]
C:\Projects\Hazina\src\Core\Agents\Hazina.AgentFactory\Configuration\Parsers\HazinaStoreConfigParserV2.cs(136,21): warning SA1503: Braces should not be omitted (https://github.com/DotNetAnalyzers/StyleCopAnalyzers/blob/master/documentation/SA1503.md) [C:\Projects\Hazina\src\Core\Agents\Hazina.AgentFactory\Hazina.AgentFactory.csproj::TargetFramework=net9.0]
C:\Projects\Hazina\src\Core\Agents\Hazina.AgentFactory\Configuration\Parsers\HazinaStoreConfigParserV2.cs(147,21): warning SA1503: Braces should not be omitted (https://github.com/DotNetAnalyzers/StyleCopAnalyzers/blob/master/documentation/SA1503.md) [C:\Projects\Hazina\src\Core\Agents\Hazina.AgentFactory\Hazina.AgentFactory.csproj::TargetFramework=net9.0]
C:\Projects\Hazina\src\Core\Agents\Hazina.AgentFactory\Configuration\Parsers\HazinaStoreConfigParserV2.cs(149,21): warning SA1503: Braces should not be omitted (https://github.com/DotNetAnalyzers/StyleCopAnalyzers/blob/master/documentation/SA1503.md) [C:\Projects\Hazina\src\Core\Agents\Hazina.AgentFactory\Hazina.AgentFactory.csproj::TargetFramework=net9.0]
C:\Projects\Hazina\src\Core\Agents\Hazina.AgentFactory\Configuration\Parsers\HazinaStoreConfigParserV2.cs(154,21): warning SA1503: Braces should not be omitted (https://github.com/DotNetAnalyzers/StyleCopAnalyzers/blob/master/documentation/SA1503.md) [C:\Projects\Hazina\src\Core\Agents\Hazina.AgentFactory\Hazina.AgentFactory.csproj::TargetFramework=net9.0]
C:\Projects\Hazina\src\Core\Agents\Hazina.AgentFactory\Configuration\Parsers\HazinaStoreConfigParserV2.cs(156,21): warning SA1503: Braces should not be omitted (https://github.com/DotNetAnalyzers/StyleCopAnalyzers/blob/master/documentation/SA1503.md) [C:\Projects\Hazina\src\Core\Agents\Hazina.AgentFactory\Hazina.AgentFactory.csproj::TargetFramework=net9.0]
C:\Projects\Hazina\src\Core\Agents\Hazina.AgentFactory\Core\AgentFactory.cs(84,35): warning CA1303: Method 'AgentFactory.AgentFactory(string openAIApiKey, string logFilePath, string googleProjectId = "")' passes a literal string as parameter 'value' of a call to 'void Console.WriteLine(string? value)'. Retrieve the following string(s) from a resource table instead: "Could not load google account file". (https://learn.microsoft.com/dotnet/fundamentals/code-analysis/quality-rules/ca1303) [C:\Projects\Hazina\src\Core\Agents\Hazina.AgentFactory\Hazina.AgentFactory.csproj::TargetFramework=net9.0]
C:\Projects\Hazina\src\Core\Agents\Hazina.AgentFactory\Core\QuickAgentCreator.cs(44,37): warning CA1062: In externally visible method 'DocumentStore QuickAgentCreator.CreateStore(StorePaths paths, string name)', validate parameter 'paths' is non-null before using it. If appropriate, throw an 'ArgumentNullException' when the argument is 'null'. (https://learn.microsoft.com/dotnet/fundamentals/code-analysis/quality-rules/ca1062) [C:\Projects\Hazina\src\Core\Agents\Hazina.AgentFactory\Hazina.AgentFactory.csproj::TargetFramework=net9.0]
C:\Projects\Hazina\src\Core\Agents\Hazina.AgentFactory\Core\StoresAndAgentsAndFlowLoader.cs(64,57): warning MA0006: Use string.Equals instead of Equals operator (https://github.com/meziantou/Meziantou.Analyzer/blob/main/docs/Rules/MA0006.md) [C:\Projects\Hazina\src\Core\Agents\Hazina.AgentFactory\Hazina.AgentFactory.csproj::TargetFramework=net9.0]
C:\Projects\Hazina\src\Core\Agents\Hazina.AgentFactory\Configuration\Validation\StoreConfigValidator.cs(153,58): warning S6605: Collection-specific "Exists" method should be used instead of the "Any" extension. (https://rules.sonarsource.com/csharp/RSPEC-6605) [C:\Projects\Hazina\src\Core\Agents\Hazina.AgentFactory\Hazina.AgentFactory.csproj::TargetFramework=net9.0]
C:\Projects\Hazina\src\Core\Agents\Hazina.AgentFactory\Services\Execution\AgentExecutionService.cs(160,35): warning S6602: "Find" method should be used instead of the "FirstOrDefault" extension method. (https://rules.sonarsource.com/csharp/RSPEC-6602) [C:\Projects\Hazina\src\Core\Agents\Hazina.AgentFactory\Hazina.AgentFactory.csproj::TargetFramework=net9.0]
C:\Projects\Hazina\src\Core\Agents\Hazina.AgentFactory\Core\AgentFactory.cs(130,13): warning SA1503: Braces should not be omitted (https://github.com/DotNetAnalyzers/StyleCopAnalyzers/blob/master/documentation/SA1503.md) [C:\Projects\Hazina\src\Core\Agents\Hazina.AgentFactory\Hazina.AgentFactory.csproj::TargetFramework=net9.0]
C:\Projects\Hazina\src\Core\Agents\Hazina.AgentFactory\Services\Execution\AgentExecutionService.cs(120,32): warning SA1503: Braces should not be omitted (https://github.com/DotNetAnalyzers/StyleCopAnalyzers/blob/master/documentation/SA1503.md) [C:\Projects\Hazina\src\Core\Agents\Hazina.AgentFactory\Hazina.AgentFactory.csproj::TargetFramework=net9.0]
C:\Projects\Hazina\src\Core\Agents\Hazina.AgentFactory\Core\AgentFactory.cs(125,5): warning SA1124: Do not use regions (https://github.com/DotNetAnalyzers/StyleCopAnalyzers/blob/master/documentation/SA1124.md) [C:\Projects\Hazina\src\Core\Agents\Hazina.AgentFactory\Hazina.AgentFactory.csproj::TargetFramework=net9.0]
C:\Projects\Hazina\src\Core\Agents\Hazina.AgentFactory\Core\AgentFactory.cs(130,20): warning MA0004: Use Task.ConfigureAwait(false) if the current SynchronizationContext is not needed (https://github.com/meziantou/Meziantou.Analyzer/blob/main/docs/Rules/MA0004.md) [C:\Projects\Hazina\src\Core\Agents\Hazina.AgentFactory\Hazina.AgentFactory.csproj::TargetFramework=net9.0]
C:\Projects\Hazina\src\Core\Agents\Hazina.AgentFactory\Core\AgentFactory.cs(133,16): warning MA0004: Use Task.ConfigureAwait(false) if the current SynchronizationContext is not needed (https://github.com/meziantou/Meziantou.Analyzer/blob/main/docs/Rules/MA0004.md) [C:\Projects\Hazina\src\Core\Agents\Hazina.AgentFactory\Hazina.AgentFactory.csproj::TargetFramework=net9.0]
C:\Projects\Hazina\src\Core\Agents\Hazina.AgentFactory\Core\AgentManager.cs(155,32): warning SA1503: Braces should not be omitted (https://github.com/DotNetAnalyzers/StyleCopAnalyzers/blob/master/documentation/SA1503.md) [C:\Projects\Hazina\src\Core\Agents\Hazina.AgentFactory\Hazina.AgentFactory.csproj::TargetFramework=net9.0]
C:\Projects\Hazina\src\Core\Agents\Hazina.AgentFactory\Core\AgentManager.cs(160,32): warning SA1503: Braces should not be omitted (https://github.com/DotNetAnalyzers/StyleCopAnalyzers/blob/master/documentation/SA1503.md) [C:\Projects\Hazina\src\Core\Agents\Hazina.AgentFactory\Hazina.AgentFactory.csproj::TargetFramework=net9.0]
C:\Projects\Hazina\src\Core\Agents\Hazina.AgentFactory\Configuration\Validation\AgentConfigValidator.cs(54,40): warning CA1860: Prefer comparing 'Count' to 0 rather than using 'Any()', both for clarity and for performance (https://learn.microsoft.com/dotnet/fundamentals/code-analysis/quality-rules/ca1860) [C:\Projects\Hazina\src\Core\Agents\Hazina.AgentFactory\Hazina.AgentFactory.csproj::TargetFramework=net9.0]
C:\Projects\Hazina\src\Core\Agents\Hazina.AgentFactory\Configuration\Parsers\HazinaStoreConfigParserV2.cs(133,21): warning MA0011: Use an overload of 'TryParse' that has a 'System.IFormatProvider' parameter (https://github.com/meziantou/Meziantou.Analyzer/blob/main/docs/Rules/MA0011.md) [C:\Projects\Hazina\src\Core\Agents\Hazina.AgentFactory\Hazina.AgentFactory.csproj::TargetFramework=net9.0]
C:\Projects\Hazina\src\Core\Agents\Hazina.AgentFactory\Core\AgentManager.cs(172,31): warning CA1707: Remove the underscores from member name Hazina.AgentFactory.Core.AgentManager.SendMessage_Flow(string, System.Threading.CancellationToken, string) (https://learn.microsoft.com/dotnet/fundamentals/code-analysis/quality-rules/ca1707) [C:\Projects\Hazina\src\Core\Agents\Hazina.AgentFactory\Hazina.AgentFactory.csproj::TargetFramework=net9.0]
C:\Projects\Hazina\src\Core\Agents\Hazina.AgentFactory\Configuration\Parsers\HazinaStoreConfigParserV2.cs(153,21): warning MA0011: Use an overload of 'TryParse' that has a 'System.IFormatProvider' parameter (https://github.com/meziantou/Meziantou.Analyzer/blob/main/docs/Rules/MA0011.md) [C:\Projects\Hazina\src\Core\Agents\Hazina.AgentFactory\Hazina.AgentFactory.csproj::TargetFramework=net9.0]
C:\Projects\Hazina\src\Core\Agents\Hazina.AgentFactory\Services\Execution\AgentExecutionService.cs(116,27): warning MA0004: Use Task.ConfigureAwait(false) if the current SynchronizationContext is not needed (https://github.com/meziantou/Meziantou.Analyzer/blob/main/docs/Rules/MA0004.md) [C:\Projects\Hazina\src\Core\Agents\Hazina.AgentFactory\Hazina.AgentFactory.csproj::TargetFramework=net9.0]
C:\Projects\Hazina\src\Core\Agents\Hazina.AgentFactory\Core\AgentManager.cs(163,9): warning MA0004: Use Task.ConfigureAwait(false) if the current SynchronizationContext is not needed (https://github.com/meziantou/Meziantou.Analyzer/blob/main/docs/Rules/MA0004.md) [C:\Projects\Hazina\src\Core\Agents\Hazina.AgentFactory\Hazina.AgentFactory.csproj::TargetFramework=net9.0]
C:\Projects\Hazina\src\Core\Agents\Hazina.AgentFactory\Core\AgentManager.cs(165,24): warning MA0004: Use Task.ConfigureAwait(false) if the current SynchronizationContext is not needed (https://github.com/meziantou/Meziantou.Analyzer/blob/main/docs/Rules/MA0004.md) [C:\Projects\Hazina\src\Core\Agents\Hazina.AgentFactory\Hazina.AgentFactory.csproj::TargetFramework=net9.0]
C:\Projects\Hazina\src\Core\Agents\Hazina.AgentFactory\Core\AgentManager.cs(167,9): warning MA0004: Use Task.ConfigureAwait(false) if the current SynchronizationContext is not needed (https://github.com/meziantou/Meziantou.Analyzer/blob/main/docs/Rules/MA0004.md) [C:\Projects\Hazina\src\Core\Agents\Hazina.AgentFactory\Hazina.AgentFactory.csproj::TargetFramework=net9.0]
C:\Projects\Hazina\src\Core\Agents\Hazina.AgentFactory\Configuration\Validation\AgentConfigValidator.cs(61,26): warning MA0002: Use an overload that has a IEqualityComparer<string> or IComparer<string> parameter (https://github.com/meziantou/Meziantou.Analyzer/blob/main/docs/Rules/MA0002.md) [C:\Projects\Hazina\src\Core\Agents\Hazina.AgentFactory\Hazina.AgentFactory.csproj::TargetFramework=net9.0]
C:\Projects\Hazina\src\Core\Agents\Hazina.AgentFactory\Configuration\Validation\AgentConfigValidator.cs(76,22): warning MA0002: Use an overload that has a IEqualityComparer<string> or IComparer<string> parameter (https://github.com/meziantou/Meziantou.Analyzer/blob/main/docs/Rules/MA0002.md) [C:\Projects\Hazina\src\Core\Agents\Hazina.AgentFactory\Hazina.AgentFactory.csproj::TargetFramework=net9.0]
C:\Projects\Hazina\src\Core\Agents\Hazina.AgentFactory\Configuration\Validation\ConfigurationResult.cs(122,13): warning CA1860: Prefer comparing 'Count' to 0 rather than using 'Any()', both for clarity and for performance (https://learn.microsoft.com/dotnet/fundamentals/code-analysis/quality-rules/ca1860) [C:\Projects\Hazina\src\Core\Agents\Hazina.AgentFactory\Hazina.AgentFactory.csproj::TargetFramework=net9.0]
C:\Projects\Hazina\src\Core\Agents\Hazina.AgentFactory\Configuration\Validation\ConfigurationResult.cs(131,13): warning CA1860: Prefer comparing 'Count' to 0 rather than using 'Any()', both for clarity and for performance (https://learn.microsoft.com/dotnet/fundamentals/code-analysis/quality-rules/ca1860) [C:\Projects\Hazina\src\Core\Agents\Hazina.AgentFactory\Hazina.AgentFactory.csproj::TargetFramework=net9.0]
C:\Projects\Hazina\src\Core\Agents\Hazina.AgentFactory\Configuration\Validation\ConfigurationResult.cs(140,13): warning CA1860: Prefer comparing 'Count' to 0 rather than using 'Any()', both for clarity and for performance (https://learn.microsoft.com/dotnet/fundamentals/code-analysis/quality-rules/ca1860) [C:\Projects\Hazina\src\Core\Agents\Hazina.AgentFactory\Hazina.AgentFactory.csproj::TargetFramework=net9.0]
C:\Projects\Hazina\src\Core\Agents\Hazina.AgentFactory\Core\AgentManager.cs(125,32): warning SA1503: Braces should not be omitted (https://github.com/DotNetAnalyzers/StyleCopAnalyzers/blob/master/documentation/SA1503.md) [C:\Projects\Hazina\src\Core\Agents\Hazina.AgentFactory\Hazina.AgentFactory.csproj::TargetFramework=net9.0]
C:\Projects\Hazina\src\Core\Agents\Hazina.AgentFactory\Core\AgentManager.cs(130,32): warning SA1503: Braces should not be omitted (https://github.com/DotNetAnalyzers/StyleCopAnalyzers/blob/master/documentation/SA1503.md) [C:\Projects\Hazina\src\Core\Agents\Hazina.AgentFactory\Hazina.AgentFactory.csproj::TargetFramework=net9.0]
C:\Projects\Hazina\src\Core\Agents\Hazina.AgentFactory\Core\AgentManager.cs(137,17): warning SA1503: Braces should not be omitted (https://github.com/DotNetAnalyzers/StyleCopAnalyzers/blob/master/documentation/SA1503.md) [C:\Projects\Hazina\src\Core\Agents\Hazina.AgentFactory\Hazina.AgentFactory.csproj::TargetFramework=net9.0]
C:\Projects\Hazina\src\Core\Agents\Hazina.AgentFactory\Services\BigQuery\BigQueryService.cs(97,29): warning CA1062: In externally visible method 'string BigQueryService.ExtractAsString(IEnumerable<BigQueryRow> result)', validate parameter 'result' is non-null before using it. If appropriate, throw an 'ArgumentNullException' when the argument is 'null'. (https://learn.microsoft.com/dotnet/fundamentals/code-analysis/quality-rules/ca1062) [C:\Projects\Hazina\src\Core\Agents\Hazina.AgentFactory\Hazina.AgentFactory.csproj::TargetFramework=net9.0]
C:\Projects\Hazina\src\Core\Agents\Hazina.AgentFactory\Configuration\Validation\AgentConfigValidator.cs(92,43): warning CA1860: Prefer comparing 'Count' to 0 rather than using 'Any()', both for clarity and for performance (https://learn.microsoft.com/dotnet/fundamentals/code-analysis/quality-rules/ca1860) [C:\Projects\Hazina\src\Core\Agents\Hazina.AgentFactory\Hazina.AgentFactory.csproj::TargetFramework=net9.0]
C:\Projects\Hazina\src\Core\Agents\Hazina.AgentFactory\Core\AgentFactoryExtensions.cs(113,13): warning S3011: Make sure that this accessibility bypass is safe here. (https://rules.sonarsource.com/csharp/RSPEC-3011) [C:\Projects\Hazina\src\Core\Agents\Hazina.AgentFactory\Hazina.AgentFactory.csproj::TargetFramework=net9.0]
C:\Projects\Hazina\src\Core\Agents\Hazina.AgentFactory\Configuration\Validation\AgentConfigValidator.cs(99,26): warning MA0002: Use an overload that has a IEqualityComparer<string> or IComparer<string> parameter (https://github.com/meziantou/Meziantou.Analyzer/blob/main/docs/Rules/MA0002.md) [C:\Projects\Hazina\src\Core\Agents\Hazina.AgentFactory\Hazina.AgentFactory.csproj::TargetFramework=net9.0]
C:\Projects\Hazina\src\Core\Agents\Hazina.AgentFactory\Configuration\Validation\AgentConfigValidator.cs(114,22): warning MA0002: Use an overload that has a IEqualityComparer<string> or IComparer<string> parameter (https://github.com/meziantou/Meziantou.Analyzer/blob/main/docs/Rules/MA0002.md) [C:\Projects\Hazina\src\Core\Agents\Hazina.AgentFactory\Hazina.AgentFactory.csproj::TargetFramework=net9.0]
C:\Projects\Hazina\src\Core\Agents\Hazina.AgentFactory\Core\AgentManager.cs(139,28): warning MA0004: Use Task.ConfigureAwait(false) if the current SynchronizationContext is not needed (https://github.com/meziantou/Meziantou.Analyzer/blob/main/docs/Rules/MA0004.md) [C:\Projects\Hazina\src\Core\Agents\Hazina.AgentFactory\Hazina.AgentFactory.csproj::TargetFramework=net9.0]
C:\Projects\Hazina\src\Core\Agents\Hazina.AgentFactory\Core\AgentManager.cs(142,28): warning MA0004: Use Task.ConfigureAwait(false) if the current SynchronizationContext is not needed (https://github.com/meziantou/Meziantou.Analyzer/blob/main/docs/Rules/MA0004.md) [C:\Projects\Hazina\src\Core\Agents\Hazina.AgentFactory\Hazina.AgentFactory.csproj::TargetFramework=net9.0]
C:\Projects\Hazina\src\Core\Agents\Hazina.AgentFactory\Core\AgentFactoryExtensions.cs(120,61): warning S1905: Remove this unnecessary cast to 'IDocumentStore'. (https://rules.sonarsource.com/csharp/RSPEC-1905) [C:\Projects\Hazina\src\Core\Agents\Hazina.AgentFactory\Hazina.AgentFactory.csproj::TargetFramework=net9.0]
C:\Projects\Hazina\src\Core\Agents\Hazina.AgentFactory\Core\AgentManager.cs(138,26): warning SA1129: Do not use default value type constructor (https://github.com/DotNetAnalyzers/StyleCopAnalyzers/blob/master/documentation/SA1129.md) [C:\Projects\Hazina\src\Core\Agents\Hazina.AgentFactory\Hazina.AgentFactory.csproj::TargetFramework=net9.0]
C:\Projects\Hazina\src\Core\Agents\Hazina.AgentFactory\Core\AgentManager.cs(174,9): warning MA0004: Use Task.ConfigureAwait(false) if the current SynchronizationContext is not needed (https://github.com/meziantou/Meziantou.Analyzer/blob/main/docs/Rules/MA0004.md) [C:\Projects\Hazina\src\Core\Agents\Hazina.AgentFactory\Hazina.AgentFactory.csproj::TargetFramework=net9.0]
C:\Projects\Hazina\src\Core\Agents\Hazina.AgentFactory\Core\AgentManager.cs(176,24): warning MA0004: Use Task.ConfigureAwait(false) if the current SynchronizationContext is not needed (https://github.com/meziantou/Meziantou.Analyzer/blob/main/docs/Rules/MA0004.md) [C:\Projects\Hazina\src\Core\Agents\Hazina.AgentFactory\Hazina.AgentFactory.csproj::TargetFramework=net9.0]
C:\Projects\Hazina\src\Core\Agents\Hazina.AgentFactory\Core\AgentManager.cs(134,31): warning CA1303: Method 'Task AgentManager.InteractiveUserLoop(string agentName = null)' passes a literal string as parameter 'value' of a call to 'void Console.WriteLine(string? value)'. Retrieve the following string(s) from a resource table instead: "Geef een instructie (of 'exit' om te stoppen):". (https://learn.microsoft.com/dotnet/fundamentals/code-analysis/quality-rules/ca1303) [C:\Projects\Hazina\src\Core\Agents\Hazina.AgentFactory\Hazina.AgentFactory.csproj::TargetFramework=net9.0]
C:\Projects\Hazina\src\Core\Agents\Hazina.AgentFactory\Core\AgentFactory.cs(139,13): warning SA1503: Braces should not be omitted (https://github.com/DotNetAnalyzers/StyleCopAnalyzers/blob/master/documentation/SA1503.md) [C:\Projects\Hazina\src\Core\Agents\Hazina.AgentFactory\Hazina.AgentFactory.csproj::TargetFramework=net9.0]
C:\Projects\Hazina\src\Core\Agents\Hazina.AgentFactory\Core\AgentFactory.cs(147,13): warning SA1503: Braces should not be omitted (https://github.com/DotNetAnalyzers/StyleCopAnalyzers/blob/master/documentation/SA1503.md) [C:\Projects\Hazina\src\Core\Agents\Hazina.AgentFactory\Hazina.AgentFactory.csproj::TargetFramework=net9.0]
C:\Projects\Hazina\src\Core\Agents\Hazina.AgentFactory\Core\AgentFactory.cs(139,20): warning MA0004: Use Task.ConfigureAwait(false) if the current SynchronizationContext is not needed (https://github.com/meziantou/Meziantou.Analyzer/blob/main/docs/Rules/MA0004.md) [C:\Projects\Hazina\src\Core\Agents\Hazina.AgentFactory\Hazina.AgentFactory.csproj::TargetFramework=net9.0]
C:\Projects\Hazina\src\Core\Agents\Hazina.AgentFactory\Core\AgentFactory.cs(141,16): warning MA0004: Use Task.ConfigureAwait(false) if the current SynchronizationContext is not needed (https://github.com/meziantou/Meziantou.Analyzer/blob/main/docs/Rules/MA0004.md) [C:\Projects\Hazina\src\Core\Agents\Hazina.AgentFactory\Hazina.AgentFactory.csproj::TargetFramework=net9.0]
C:\Projects\Hazina\src\Core\Agents\Hazina.AgentFactory\Configuration\Validation\StoreConfigValidator.cs(142,26): warning S6610: "StartsWith" overloads that take a "char" should be used (https://rules.sonarsource.com/csharp/RSPEC-6610) [C:\Projects\Hazina\src\Core\Agents\Hazina.AgentFactory\Hazina.AgentFactory.csproj::TargetFramework=net9.0]
C:\Projects\Hazina\src\Core\Agents\Hazina.AgentFactory\Core\AgentFactory.cs(147,20): warning MA0004: Use Task.ConfigureAwait(false) if the current SynchronizationContext is not needed (https://github.com/meziantou/Meziantou.Analyzer/blob/main/docs/Rules/MA0004.md) [C:\Projects\Hazina\src\Core\Agents\Hazina.AgentFactory\Hazina.AgentFactory.csproj::TargetFramework=net9.0]
C:\Projects\Hazina\src\Core\Agents\Hazina.AgentFactory\Core\AgentFactory.cs(149,16): warning MA0004: Use Task.ConfigureAwait(false) if the current SynchronizationContext is not needed (https://github.com/meziantou/Meziantou.Analyzer/blob/main/docs/Rules/MA0004.md) [C:\Projects\Hazina\src\Core\Agents\Hazina.AgentFactory\Hazina.AgentFactory.csproj::TargetFramework=net9.0]
C:\Projects\Hazina\src\Core\Agents\Hazina.AgentFactory\Core\AgentFactory.cs(155,13): warning SA1503: Braces should not be omitted (https://github.com/DotNetAnalyzers/StyleCopAnalyzers/blob/master/documentation/SA1503.md) [C:\Projects\Hazina\src\Core\Agents\Hazina.AgentFactory\Hazina.AgentFactory.csproj::TargetFramework=net9.0]
C:\Projects\Hazina\src\Core\Agents\Hazina.AgentFactory\Configuration\Validation\StoreConfigValidator.cs(131,74): warning SA1108: Block statements should not contain embedded comments (https://github.com/DotNetAnalyzers/StyleCopAnalyzers/blob/master/documentation/SA1108.md) [C:\Projects\Hazina\src\Core\Agents\Hazina.AgentFactory\Hazina.AgentFactory.csproj::TargetFramework=net9.0]
C:\Projects\Hazina\src\Core\Agents\Hazina.AgentFactory\Configuration\Parsers\HazinaStoreConfigParserV2.cs(168,19): warning S2325: Make 'Serialize' a static method. (https://rules.sonarsource.com/csharp/RSPEC-2325) [C:\Projects\Hazina\src\Core\Agents\Hazina.AgentFactory\Hazina.AgentFactory.csproj::TargetFramework=net9.0]
C:\Projects\Hazina\src\Core\Agents\Hazina.AgentFactory\Services\Execution\AgentExecutionService.cs(161,32): warning SA1503: Braces should not be omitted (https://github.com/DotNetAnalyzers/StyleCopAnalyzers/blob/master/documentation/SA1503.md) [C:\Projects\Hazina\src\Core\Agents\Hazina.AgentFactory\Hazina.AgentFactory.csproj::TargetFramework=net9.0]
C:\Projects\Hazina\src\Core\Agents\Hazina.AgentFactory\Core\AgentFactory.cs(155,20): warning MA0004: Use Task.ConfigureAwait(false) if the current SynchronizationContext is not needed (https://github.com/meziantou/Meziantou.Analyzer/blob/main/docs/Rules/MA0004.md) [C:\Projects\Hazina\src\Core\Agents\Hazina.AgentFactory\Hazina.AgentFactory.csproj::TargetFramework=net9.0]
C:\Projects\Hazina\src\Core\Agents\Hazina.AgentFactory\Services\Execution\AgentExecutionService.cs(157,104): warning SA1122: Use string.Empty for empty strings (https://github.com/DotNetAnalyzers/StyleCopAnalyzers/blob/master/documentation/SA1122.md) [C:\Projects\Hazina\src\Core\Agents\Hazina.AgentFactory\Hazina.AgentFactory.csproj::TargetFramework=net9.0]
C:\Projects\Hazina\src\Core\Agents\Hazina.AgentFactory\Configuration\Validation\StoreConfigValidator.cs(142,36): warning CA1866: Use 'string.StartsWith(char)' instead of 'string.StartsWith(string)' when you have a string with a single char (https://learn.microsoft.com/dotnet/fundamentals/code-analysis/quality-rules/ca1866) [C:\Projects\Hazina\src\Core\Agents\Hazina.AgentFactory\Hazina.AgentFactory.csproj::TargetFramework=net9.0]
C:\Projects\Hazina\src\Core\Agents\Hazina.AgentFactory\Core\AgentFactory.cs(157,16): warning MA0004: Use Task.ConfigureAwait(false) if the current SynchronizationContext is not needed (https://github.com/meziantou/Meziantou.Analyzer/blob/main/docs/Rules/MA0004.md) [C:\Projects\Hazina\src\Core\Agents\Hazina.AgentFactory\Hazina.AgentFactory.csproj::TargetFramework=net9.0]
C:\Projects\Hazina\src\Core\Agents\Hazina.AgentFactory\Configuration\Validation\StoreConfigValidator.cs(138,50): warning CA1860: Prefer comparing 'Length' to 0 rather than using 'Any()', both for clarity and for performance (https://learn.microsoft.com/dotnet/fundamentals/code-analysis/quality-rules/ca1860) [C:\Projects\Hazina\src\Core\Agents\Hazina.AgentFactory\Hazina.AgentFactory.csproj::TargetFramework=net9.0]
C:\Projects\Hazina\src\Core\Agents\Hazina.AgentFactory\Configuration\Validation\StoreConfigValidator.cs(154,46): warning CA1308: In method 'ValidateSafetySettings', replace the call to 'ToLowerInvariant' with 'ToUpperInvariant' (https://learn.microsoft.com/dotnet/fundamentals/code-analysis/quality-rules/ca1308) [C:\Projects\Hazina\src\Core\Agents\Hazina.AgentFactory\Hazina.AgentFactory.csproj::TargetFramework=net9.0]
C:\Projects\Hazina\src\Core\Agents\Hazina.AgentFactory\Configuration\Validation\StoreConfigValidator.cs(142,22): warning CA1310: The behavior of 'string.StartsWith(string)' could vary based on the current user's locale settings. Replace this call in 'Hazina.AgentFactory.Configuration.Validation.StoreConfigValidator.ValidateSafetySettings()' with a call to 'string.StartsWith(string, System.StringComparison)'. (https://learn.microsoft.com/dotnet/fundamentals/code-analysis/quality-rules/ca1310) [C:\Projects\Hazina\src\Core\Agents\Hazina.AgentFactory\Hazina.AgentFactory.csproj::TargetFramework=net9.0]
C:\Projects\Hazina\src\Core\Agents\Hazina.AgentFactory\Core\AgentManager.cs(182,62): warning CA1311: Specify a culture or use an invariant version to avoid implicit dependency on current culture (https://learn.microsoft.com/dotnet/fundamentals/code-analysis/quality-rules/ca1311) [C:\Projects\Hazina\src\Core\Agents\Hazina.AgentFactory\Hazina.AgentFactory.csproj::TargetFramework=net9.0]
C:\Projects\Hazina\src\Core\Agents\Hazina.AgentFactory\Core\AgentManager.cs(182,55): warning CA1862: Prefer using 'string.Equals(string, StringComparison)' to perform a case-insensitive comparison, but keep in mind that this might cause subtle changes in behavior, so make sure to conduct thorough testing after applying the suggestion, or if culturally sensitive comparison is not required, consider using 'StringComparison.OrdinalIgnoreCase' (https://learn.microsoft.com/dotnet/fundamentals/code-analysis/quality-rules/ca1862) [C:\Projects\Hazina\src\Core\Agents\Hazina.AgentFactory\Hazina.AgentFactory.csproj::TargetFramework=net9.0]
C:\Projects\Hazina\src\Core\Agents\Hazina.AgentFactory\Core\AgentFactoryExtensions.cs(91,77): warning SA1629: Documentation text should end with a period (https://github.com/DotNetAnalyzers/StyleCopAnalyzers/blob/master/documentation/SA1629.md) [C:\Projects\Hazina\src\Core\Agents\Hazina.AgentFactory\Hazina.AgentFactory.csproj::TargetFramework=net9.0]
C:\Projects\Hazina\src\Core\Agents\Hazina.AgentFactory\Core\AgentManager.cs(182,55): warning CA1304: The behavior of 'string.ToLower()' could vary based on the current user's locale settings. Replace this call in 'AgentManager.AddHistory(string)' with a call to 'string.ToLower(CultureInfo)'. (https://learn.microsoft.com/dotnet/fundamentals/code-analysis/quality-rules/ca1304) [C:\Projects\Hazina\src\Core\Agents\Hazina.AgentFactory\Hazina.AgentFactory.csproj::TargetFramework=net9.0]
C:\Projects\Hazina\src\Core\Agents\Hazina.AgentFactory\Core\AgentManager.cs(185,26): warning CA1305: The behavior of 'DateTime.ToString(string)' could vary based on the current user's locale settings. Replace this call in 'AgentManager.AddHistory(string)' with a call to 'DateTime.ToString(string, IFormatProvider)'. (https://learn.microsoft.com/dotnet/fundamentals/code-analysis/quality-rules/ca1305) [C:\Projects\Hazina\src\Core\Agents\Hazina.AgentFactory\Hazina.AgentFactory.csproj::TargetFramework=net9.0]
C:\Projects\Hazina\src\Core\Agents\Hazina.AgentFactory\Services\Execution\AgentExecutionService.cs(157,27): warning MA0004: Use Task.ConfigureAwait(false) if the current SynchronizationContext is not needed (https://github.com/meziantou/Meziantou.Analyzer/blob/main/docs/Rules/MA0004.md) [C:\Projects\Hazina\src\Core\Agents\Hazina.AgentFactory\Hazina.AgentFactory.csproj::TargetFramework=net9.0]
C:\Projects\Hazina\src\Core\Agents\Hazina.AgentFactory\Core\AgentManager.cs(186,13): warning MA0004: Use Task.ConfigureAwait(false) if the current SynchronizationContext is not needed (https://github.com/meziantou/Meziantou.Analyzer/blob/main/docs/Rules/MA0004.md) [C:\Projects\Hazina\src\Core\Agents\Hazina.AgentFactory\Hazina.AgentFactory.csproj::TargetFramework=net9.0]
C:\Projects\Hazina\src\Core\Agents\Hazina.AgentFactory\Configuration\Validation\StoreConfigValidator.cs(142,22): warning MA0074: Use an overload of 'StartsWith' that has a StringComparison parameter (https://github.com/meziantou/Meziantou.Analyzer/blob/main/docs/Rules/MA0074.md) [C:\Projects\Hazina\src\Core\Agents\Hazina.AgentFactory\Hazina.AgentFactory.csproj::TargetFramework=net9.0]
C:\Projects\Hazina\src\Core\Agents\Hazina.AgentFactory\Core\AgentManager.cs(182,55): warning MA0011: Use an overload of 'ToLower' that has a 'System.Globalization.CultureInfo' parameter (https://github.com/meziantou/Meziantou.Analyzer/blob/main/docs/Rules/MA0011.md) [C:\Projects\Hazina\src\Core\Agents\Hazina.AgentFactory\Hazina.AgentFactory.csproj::TargetFramework=net9.0]
C:\Projects\Hazina\src\Core\Agents\Hazina.AgentFactory\Core\AgentManager.cs(185,26): warning MA0011: Use an overload of 'ToString' that has a 'System.IFormatProvider' parameter (https://github.com/meziantou/Meziantou.Analyzer/blob/main/docs/Rules/MA0011.md) [C:\Projects\Hazina\src\Core\Agents\Hazina.AgentFactory\Hazina.AgentFactory.csproj::TargetFramework=net9.0]
C:\Projects\Hazina\src\Core\Agents\Hazina.AgentFactory\Services\Email\EmailService.cs(41,58): warning CA2016: Forward the 'cancel' parameter to the 'GetFolder' method or pass in 'CancellationToken.None' explicitly to indicate intentionally not propagating the token (https://learn.microsoft.com/dotnet/fundamentals/code-analysis/quality-rules/ca2016) [C:\Projects\Hazina\src\Core\Agents\Hazina.AgentFactory\Hazina.AgentFactory.csproj::TargetFramework=net9.0]
C:\Projects\Hazina\src\Core\Agents\Hazina.AgentFactory\Services\Email\EmailService.cs(42,15): warning CA2016: Forward the 'cancel' parameter to the 'OpenAsync' method or pass in 'CancellationToken.None' explicitly to indicate intentionally not propagating the token (https://learn.microsoft.com/dotnet/fundamentals/code-analysis/quality-rules/ca2016) [C:\Projects\Hazina\src\Core\Agents\Hazina.AgentFactory\Hazina.AgentFactory.csproj::TargetFramework=net9.0]
C:\Projects\Hazina\src\Core\Agents\Hazina.AgentFactory\Core\AgentManager.cs(182,55): warning MA0006: Use string.Equals instead of Equals operator (https://github.com/meziantou/Meziantou.Analyzer/blob/main/docs/Rules/MA0006.md) [C:\Projects\Hazina\src\Core\Agents\Hazina.AgentFactory\Hazina.AgentFactory.csproj::TargetFramework=net9.0]
C:\Projects\Hazina\src\Core\Agents\Hazina.AgentFactory\Services\Email\EmailService.cs(41,58): warning CA1849: 'ImapClient.GetFolder(string, CancellationToken)' synchronously blocks. Await 'ImapClient.GetFolderAsync(string, CancellationToken)' instead. (https://learn.microsoft.com/dotnet/fundamentals/code-analysis/quality-rules/ca1849) [C:\Projects\Hazina\src\Core\Agents\Hazina.AgentFactory\Hazina.AgentFactory.csproj::TargetFramework=net9.0]
C:\Projects\Hazina\src\Core\Agents\Hazina.AgentFactory\Services\Email\EmailService.cs(31,9): warning MA0004: Use Task.ConfigureAwait(false) if the current SynchronizationContext is not needed (https://github.com/meziantou/Meziantou.Analyzer/blob/main/docs/Rules/MA0004.md) [C:\Projects\Hazina\src\Core\Agents\Hazina.AgentFactory\Hazina.AgentFactory.csproj::TargetFramework=net9.0]
C:\Projects\Hazina\src\Core\Agents\Hazina.AgentFactory\Core\StoresAndAgentsAndFlowLoader.cs(106,62): warning S6605: Collection-specific "Exists" method should be used instead of the "Any" extension. (https://rules.sonarsource.com/csharp/RSPEC-6605) [C:\Projects\Hazina\src\Core\Agents\Hazina.AgentFactory\Hazina.AgentFactory.csproj::TargetFramework=net9.0]
C:\Projects\Hazina\src\Core\Agents\Hazina.AgentFactory\Services\Email\EmailService.cs(32,9): warning MA0004: Use Task.ConfigureAwait(false) if the current SynchronizationContext is not needed (https://github.com/meziantou/Meziantou.Analyzer/blob/main/docs/Rules/MA0004.md) [C:\Projects\Hazina\src\Core\Agents\Hazina.AgentFactory\Hazina.AgentFactory.csproj::TargetFramework=net9.0]
C:\Projects\Hazina\src\Core\Agents\Hazina.AgentFactory\Services\Email\EmailService.cs(33,9): warning MA0004: Use Task.ConfigureAwait(false) if the current SynchronizationContext is not needed (https://github.com/meziantou/Meziantou.Analyzer/blob/main/docs/Rules/MA0004.md) [C:\Projects\Hazina\src\Core\Agents\Hazina.AgentFactory\Hazina.AgentFactory.csproj::TargetFramework=net9.0]
C:\Projects\Hazina\src\Core\Agents\Hazina.AgentFactory\Core\StoresAndAgentsAndFlowLoader.cs(112,59): warning S6605: Collection-specific "Exists" method should be used instead of the "Any" extension. (https://rules.sonarsource.com/csharp/RSPEC-6605) [C:\Projects\Hazina\src\Core\Agents\Hazina.AgentFactory\Hazina.AgentFactory.csproj::TargetFramework=net9.0]
C:\Projects\Hazina\src\Core\Agents\Hazina.AgentFactory\Services\Email\EmailService.cs(34,9): warning MA0004: Use Task.ConfigureAwait(false) if the current SynchronizationContext is not needed (https://github.com/meziantou/Meziantou.Analyzer/blob/main/docs/Rules/MA0004.md) [C:\Projects\Hazina\src\Core\Agents\Hazina.AgentFactory\Hazina.AgentFactory.csproj::TargetFramework=net9.0]
C:\Projects\Hazina\src\Core\Agents\Hazina.AgentFactory\Services\Email\EmailService.cs(38,9): warning MA0004: Use Task.ConfigureAwait(false) if the current SynchronizationContext is not needed (https://github.com/meziantou/Meziantou.Analyzer/blob/main/docs/Rules/MA0004.md) [C:\Projects\Hazina\src\Core\Agents\Hazina.AgentFactory\Hazina.AgentFactory.csproj::TargetFramework=net9.0]
C:\Projects\Hazina\src\Core\Agents\Hazina.AgentFactory\Services\Email\EmailService.cs(39,9): warning MA0004: Use Task.ConfigureAwait(false) if the current SynchronizationContext is not needed (https://github.com/meziantou/Meziantou.Analyzer/blob/main/docs/Rules/MA0004.md) [C:\Projects\Hazina\src\Core\Agents\Hazina.AgentFactory\Hazina.AgentFactory.csproj::TargetFramework=net9.0]
C:\Projects\Hazina\src\Core\Agents\Hazina.AgentFactory\Services\Email\EmailService.cs(42,9): warning MA0004: Use Task.ConfigureAwait(false) if the current SynchronizationContext is not needed (https://github.com/meziantou/Meziantou.Analyzer/blob/main/docs/Rules/MA0004.md) [C:\Projects\Hazina\src\Core\Agents\Hazina.AgentFactory\Hazina.AgentFactory.csproj::TargetFramework=net9.0]
C:\Projects\Hazina\src\Core\Agents\Hazina.AgentFactory\Services\Email\EmailService.cs(43,9): warning MA0004: Use Task.ConfigureAwait(false) if the current SynchronizationContext is not needed (https://github.com/meziantou/Meziantou.Analyzer/blob/main/docs/Rules/MA0004.md) [C:\Projects\Hazina\src\Core\Agents\Hazina.AgentFactory\Hazina.AgentFactory.csproj::TargetFramework=net9.0]
C:\Projects\Hazina\src\Core\Agents\Hazina.AgentFactory\Services\Email\EmailService.cs(44,9): warning MA0004: Use Task.ConfigureAwait(false) if the current SynchronizationContext is not needed (https://github.com/meziantou/Meziantou.Analyzer/blob/main/docs/Rules/MA0004.md) [C:\Projects\Hazina\src\Core\Agents\Hazina.AgentFactory\Hazina.AgentFactory.csproj::TargetFramework=net9.0]
C:\Projects\Hazina\src\Core\Agents\Hazina.AgentFactory\Configuration\Validation\StoreConfigValidator.cs(178,52): warning S6605: Collection-specific "Exists" method should be used instead of the "Any" extension. (https://rules.sonarsource.com/csharp/RSPEC-6605) [C:\Projects\Hazina\src\Core\Agents\Hazina.AgentFactory\Hazina.AgentFactory.csproj::TargetFramework=net9.0]
C:\Projects\Hazina\src\Core\Agents\Hazina.AgentFactory\Configuration\Validation\StoreConfigValidator.cs(179,36): warning S6605: Collection-specific "Exists" method should be used instead of the "Any" extension. (https://rules.sonarsource.com/csharp/RSPEC-6605) [C:\Projects\Hazina\src\Core\Agents\Hazina.AgentFactory\Hazina.AgentFactory.csproj::TargetFramework=net9.0]
C:\Projects\Hazina\src\Core\Agents\Hazina.AgentFactory\Configuration\Validation\StoreConfigValidator.cs(168,33): warning S3267: Loops should be simplified using the "Where" LINQ method (https://rules.sonarsource.com/csharp/RSPEC-3267) [C:\Projects\Hazina\src\Core\Agents\Hazina.AgentFactory\Hazina.AgentFactory.csproj::TargetFramework=net9.0]
C:\Projects\Hazina\src\Core\Agents\Hazina.AgentFactory\Core\StoresAndAgentsAndFlowLoader.cs(119,17): warning S2325: Make 'MatchPattern' a static method. (https://rules.sonarsource.com/csharp/RSPEC-2325) [C:\Projects\Hazina\src\Core\Agents\Hazina.AgentFactory\Hazina.AgentFactory.csproj::TargetFramework=net9.0]
C:\Projects\Hazina\src\Core\Agents\Hazina.AgentFactory\Core\AgentFactoryExtensions.cs(122,13): warning CA1851: Possible multiple enumerations of 'IEnumerable' collection. Consider using an implementation that avoids multiple enumerations. (https://learn.microsoft.com/dotnet/fundamentals/code-analysis/quality-rules/ca1851) [C:\Projects\Hazina\src\Core\Agents\Hazina.AgentFactory\Hazina.AgentFactory.csproj::TargetFramework=net9.0]
C:\Projects\Hazina\src\Core\Agents\Hazina.AgentFactory\Core\AgentFactoryExtensions.cs(120,26): warning CA1851: Possible multiple enumerations of 'IEnumerable' collection. Consider using an implementation that avoids multiple enumerations. (https://learn.microsoft.com/dotnet/fundamentals/code-analysis/quality-rules/ca1851) [C:\Projects\Hazina\src\Core\Agents\Hazina.AgentFactory\Hazina.AgentFactory.csproj::TargetFramework=net9.0]
C:\Projects\Hazina\src\Core\Agents\Hazina.AgentFactory\Configuration\Parsers\HazinaStoreConfigParserV2.cs(184,17): warning SA1503: Braces should not be omitted (https://github.com/DotNetAnalyzers/StyleCopAnalyzers/blob/master/documentation/SA1503.md) [C:\Projects\Hazina\src\Core\Agents\Hazina.AgentFactory\Hazina.AgentFactory.csproj::TargetFramework=net9.0]
C:\Projects\Hazina\src\Core\Agents\Hazina.AgentFactory\Configuration\Parsers\HazinaStoreConfigParserV2.cs(187,17): warning SA1503: Braces should not be omitted (https://github.com/DotNetAnalyzers/StyleCopAnalyzers/blob/master/documentation/SA1503.md) [C:\Projects\Hazina\src\Core\Agents\Hazina.AgentFactory\Hazina.AgentFactory.csproj::TargetFramework=net9.0]
C:\Projects\Hazina\src\Core\Agents\Hazina.AgentFactory\Configuration\Parsers\HazinaStoreConfigParserV2.cs(186,52): warning CA1860: Prefer comparing 'Length' to 0 rather than using 'Any()', both for clarity and for performance (https://learn.microsoft.com/dotnet/fundamentals/code-analysis/quality-rules/ca1860) [C:\Projects\Hazina\src\Core\Agents\Hazina.AgentFactory\Hazina.AgentFactory.csproj::TargetFramework=net9.0]
C:\Projects\Hazina\src\Core\Agents\Hazina.AgentFactory\Configuration\Parsers\HazinaStoreConfigParserV2.cs(174,13): warning CA1305: The behavior of 'StringBuilder.AppendLine(ref StringBuilder.AppendInterpolatedStringHandler)' could vary based on the current user's locale settings. Replace this call in 'HazinaStoreConfigParserV2.Serialize(IEnumerable<StoreConfig>)' with a call to 'StringBuilder.AppendLine(IFormatProvider, ref StringBuilder.AppendInterpolatedStringHandler)'. (https://learn.microsoft.com/dotnet/fundamentals/code-analysis/quality-rules/ca1305) [C:\Projects\Hazina\src\Core\Agents\Hazina.AgentFactory\Hazina.AgentFactory.csproj::TargetFramework=net9.0]
C:\Projects\Hazina\src\Core\Agents\Hazina.AgentFactory\Configuration\Parsers\HazinaStoreConfigParserV2.cs(175,13): warning CA1305: The behavior of 'StringBuilder.AppendLine(ref StringBuilder.AppendInterpolatedStringHandler)' could vary based on the current user's locale settings. Replace this call in 'HazinaStoreConfigParserV2.Serialize(IEnumerable<StoreConfig>)' with a call to 'StringBuilder.AppendLine(IFormatProvider, ref StringBuilder.AppendInterpolatedStringHandler)'. (https://learn.microsoft.com/dotnet/fundamentals/code-analysis/quality-rules/ca1305) [C:\Projects\Hazina\src\Core\Agents\Hazina.AgentFactory\Hazina.AgentFactory.csproj::TargetFramework=net9.0]
C:\Projects\Hazina\src\Core\Agents\Hazina.AgentFactory\Configuration\Parsers\HazinaStoreConfigParserV2.cs(176,13): warning CA1305: The behavior of 'StringBuilder.AppendLine(ref StringBuilder.AppendInterpolatedStringHandler)' could vary based on the current user's locale settings. Replace this call in 'HazinaStoreConfigParserV2.Serialize(IEnumerable<StoreConfig>)' with a call to 'StringBuilder.AppendLine(IFormatProvider, ref StringBuilder.AppendInterpolatedStringHandler)'. (https://learn.microsoft.com/dotnet/fundamentals/code-analysis/quality-rules/ca1305) [C:\Projects\Hazina\src\Core\Agents\Hazina.AgentFactory\Hazina.AgentFactory.csproj::TargetFramework=net9.0]
C:\Projects\Hazina\src\Core\Agents\Hazina.AgentFactory\Configuration\Parsers\HazinaStoreConfigParserV2.cs(177,13): warning CA1305: The behavior of 'StringBuilder.AppendLine(ref StringBuilder.AppendInterpolatedStringHandler)' could vary based on the current user's locale settings. Replace this call in 'HazinaStoreConfigParserV2.Serialize(IEnumerable<StoreConfig>)' with a call to 'StringBuilder.AppendLine(IFormatProvider, ref StringBuilder.AppendInterpolatedStringHandler)'. (https://learn.microsoft.com/dotnet/fundamentals/code-analysis/quality-rules/ca1305) [C:\Projects\Hazina\src\Core\Agents\Hazina.AgentFactory\Hazina.AgentFactory.csproj::TargetFramework=net9.0]
C:\Projects\Hazina\src\Core\Agents\Hazina.AgentFactory\Configuration\Parsers\HazinaStoreConfigParserV2.cs(178,13): warning CA1305: The behavior of 'StringBuilder.AppendLine(ref StringBuilder.AppendInterpolatedStringHandler)' could vary based on the current user's locale settings. Replace this call in 'HazinaStoreConfigParserV2.Serialize(IEnumerable<StoreConfig>)' with a call to 'StringBuilder.AppendLine(IFormatProvider, ref StringBuilder.AppendInterpolatedStringHandler)'. (https://learn.microsoft.com/dotnet/fundamentals/code-analysis/quality-rules/ca1305) [C:\Projects\Hazina\src\Core\Agents\Hazina.AgentFactory\Hazina.AgentFactory.csproj::TargetFramework=net9.0]
C:\Projects\Hazina\src\Core\Agents\Hazina.AgentFactory\Configuration\Parsers\HazinaStoreConfigParserV2.cs(179,13): warning CA1305: The behavior of 'StringBuilder.AppendLine(ref StringBuilder.AppendInterpolatedStringHandler)' could vary based on the current user's locale settings. Replace this call in 'HazinaStoreConfigParserV2.Serialize(IEnumerable<StoreConfig>)' with a call to 'StringBuilder.AppendLine(IFormatProvider, ref StringBuilder.AppendInterpolatedStringHandler)'. (https://learn.microsoft.com/dotnet/fundamentals/code-analysis/quality-rules/ca1305) [C:\Projects\Hazina\src\Core\Agents\Hazina.AgentFactory\Hazina.AgentFactory.csproj::TargetFramework=net9.0]
C:\Projects\Hazina\src\Core\Agents\Hazina.AgentFactory\Configuration\Parsers\HazinaStoreConfigParserV2.cs(180,13): warning CA1305: The behavior of 'StringBuilder.AppendLine(ref StringBuilder.AppendInterpolatedStringHandler)' could vary based on the current user's locale settings. Replace this call in 'HazinaStoreConfigParserV2.Serialize(IEnumerable<StoreConfig>)' with a call to 'StringBuilder.AppendLine(IFormatProvider, ref StringBuilder.AppendInterpolatedStringHandler)'. (https://learn.microsoft.com/dotnet/fundamentals/code-analysis/quality-rules/ca1305) [C:\Projects\Hazina\src\Core\Agents\Hazina.AgentFactory\Hazina.AgentFactory.csproj::TargetFramework=net9.0]
C:\Projects\Hazina\src\Core\Agents\Hazina.AgentFactory\Configuration\Parsers\HazinaStoreConfigParserV2.cs(181,13): warning CA1305: The behavior of 'StringBuilder.AppendLine(ref StringBuilder.AppendInterpolatedStringHandler)' could vary based on the current user's locale settings. Replace this call in 'HazinaStoreConfigParserV2.Serialize(IEnumerable<StoreConfig>)' with a call to 'StringBuilder.AppendLine(IFormatProvider, ref StringBuilder.AppendInterpolatedStringHandler)'. (https://learn.microsoft.com/dotnet/fundamentals/code-analysis/quality-rules/ca1305) [C:\Projects\Hazina\src\Core\Agents\Hazina.AgentFactory\Hazina.AgentFactory.csproj::TargetFramework=net9.0]
C:\Projects\Hazina\src\Core\Agents\Hazina.AgentFactory\Configuration\Parsers\HazinaStoreConfigParserV2.cs(184,17): warning CA1305: The behavior of 'StringBuilder.AppendLine(ref StringBuilder.AppendInterpolatedStringHandler)' could vary based on the current user's locale settings. Replace this call in 'HazinaStoreConfigParserV2.Serialize(IEnumerable<StoreConfig>)' with a call to 'StringBuilder.AppendLine(IFormatProvider, ref StringBuilder.AppendInterpolatedStringHandler)'. (https://learn.microsoft.com/dotnet/fundamentals/code-analysis/quality-rules/ca1305) [C:\Projects\Hazina\src\Core\Agents\Hazina.AgentFactory\Hazina.AgentFactory.csproj::TargetFramework=net9.0]
C:\Projects\Hazina\src\Core\Agents\Hazina.AgentFactory\Configuration\Parsers\HazinaStoreConfigParserV2.cs(187,17): warning CA1305: The behavior of 'StringBuilder.AppendLine(ref StringBuilder.AppendInterpolatedStringHandler)' could vary based on the current user's locale settings. Replace this call in 'HazinaStoreConfigParserV2.Serialize(IEnumerable<StoreConfig>)' with a call to 'StringBuilder.AppendLine(IFormatProvider, ref StringBuilder.AppendInterpolatedStringHandler)'. (https://learn.microsoft.com/dotnet/fundamentals/code-analysis/quality-rules/ca1305) [C:\Projects\Hazina\src\Core\Agents\Hazina.AgentFactory\Hazina.AgentFactory.csproj::TargetFramework=net9.0]
C:\Projects\Hazina\src\Core\Agents\Hazina.AgentFactory\Configuration\Parsers\HazinaStoreConfigParserV2.cs(189,13): warning CA1305: The behavior of 'StringBuilder.AppendLine(ref StringBuilder.AppendInterpolatedStringHandler)' could vary based on the current user's locale settings. Replace this call in 'HazinaStoreConfigParserV2.Serialize(IEnumerable<StoreConfig>)' with a call to 'StringBuilder.AppendLine(IFormatProvider, ref StringBuilder.AppendInterpolatedStringHandler)'. (https://learn.microsoft.com/dotnet/fundamentals/code-analysis/quality-rules/ca1305) [C:\Projects\Hazina\src\Core\Agents\Hazina.AgentFactory\Hazina.AgentFactory.csproj::TargetFramework=net9.0]
C:\Projects\Hazina\src\Core\Agents\Hazina.AgentFactory\Configuration\Parsers\HazinaStoreConfigParserV2.cs(190,13): warning CA1305: The behavior of 'StringBuilder.AppendLine(ref StringBuilder.AppendInterpolatedStringHandler)' could vary based on the current user's locale settings. Replace this call in 'HazinaStoreConfigParserV2.Serialize(IEnumerable<StoreConfig>)' with a call to 'StringBuilder.AppendLine(IFormatProvider, ref StringBuilder.AppendInterpolatedStringHandler)'. (https://learn.microsoft.com/dotnet/fundamentals/code-analysis/quality-rules/ca1305) [C:\Projects\Hazina\src\Core\Agents\Hazina.AgentFactory\Hazina.AgentFactory.csproj::TargetFramework=net9.0]
C:\Projects\Hazina\src\Core\Agents\Hazina.AgentFactory\Core\StoresAndAgentsAndFlowLoader.cs(121,21): warning S6610: "StartsWith" overloads that take a "char" should be used (https://rules.sonarsource.com/csharp/RSPEC-6610) [C:\Projects\Hazina\src\Core\Agents\Hazina.AgentFactory\Hazina.AgentFactory.csproj::TargetFramework=net9.0]
C:\Projects\Hazina\src\Core\Agents\Hazina.AgentFactory\Core\StoresAndAgentsAndFlowLoader.cs(122,13): warning SA1503: Braces should not be omitted (https://github.com/DotNetAnalyzers/StyleCopAnalyzers/blob/master/documentation/SA1503.md) [C:\Projects\Hazina\src\Core\Agents\Hazina.AgentFactory\Hazina.AgentFactory.csproj::TargetFramework=net9.0]
C:\Projects\Hazina\src\Core\Agents\Hazina.AgentFactory\Services\Email\EmailService.cs(24,23): warning CA2000: Call System.IDisposable.Dispose on object created by 'new MimeMessage()' before all references to it are out of scope (https://learn.microsoft.com/dotnet/fundamentals/code-analysis/quality-rules/ca2000) [C:\Projects\Hazina\src\Core\Agents\Hazina.AgentFactory\Hazina.AgentFactory.csproj::TargetFramework=net9.0]
C:\Projects\Hazina\src\Core\Agents\Hazina.AgentFactory\Services\Tools\ToolRegistrationService.cs(193,122): warning CA1305: The behavior of 'int.Parse(string)' could vary based on the current user's locale settings. Replace this call in 'ToolRegistrationService.AddBuildTools(IToolsContext, IEnumerable<string>, IDocumentStore)' with a call to 'int.Parse(string, IFormatProvider)'. (https://learn.microsoft.com/dotnet/fundamentals/code-analysis/quality-rules/ca1305) [C:\Projects\Hazina\src\Core\Agents\Hazina.AgentFactory\Hazina.AgentFactory.csproj::TargetFramework=net9.0]
C:\Projects\Hazina\src\Core\Agents\Hazina.AgentFactory\Services\Tools\ToolRegistrationService.cs(253,142): warning CA1305: The behavior of 'int.Parse(string)' could vary based on the current user's locale settings. Replace this call in 'ToolRegistrationService.AddBuildTools(IToolsContext, IEnumerable<string>, IDocumentStore)' with a call to 'int.Parse(string, IFormatProvider)'. (https://learn.microsoft.com/dotnet/fundamentals/code-analysis/quality-rules/ca1305) [C:\Projects\Hazina\src\Core\Agents\Hazina.AgentFactory\Hazina.AgentFactory.csproj::TargetFramework=net9.0]
C:\Projects\Hazina\src\Core\Agents\Hazina.AgentFactory\Core\StoresAndAgentsAndFlowLoader.cs(121,31): warning CA1866: Use 'string.StartsWith(char)' instead of 'string.StartsWith(string)' when you have a string with a single char (https://learn.microsoft.com/dotnet/fundamentals/code-analysis/quality-rules/ca1866) [C:\Projects\Hazina\src\Core\Agents\Hazina.AgentFactory\Hazina.AgentFactory.csproj::TargetFramework=net9.0]
C:\Projects\Hazina\src\Core\Agents\Hazina.AgentFactory\Services\Tools\ToolRegistrationService.cs(273,128): warning CA1305: The behavior of 'int.Parse(string)' could vary based on the current user's locale settings. Replace this call in 'ToolRegistrationService.AddBuildTools(IToolsContext, IEnumerable<string>, IDocumentStore)' with a call to 'int.Parse(string, IFormatProvider)'. (https://learn.microsoft.com/dotnet/fundamentals/code-analysis/quality-rules/ca1305) [C:\Projects\Hazina\src\Core\Agents\Hazina.AgentFactory\Hazina.AgentFactory.csproj::TargetFramework=net9.0]
C:\Projects\Hazina\src\Core\Agents\Hazina.AgentFactory\Core\StoresAndAgentsAndFlowLoader.cs(121,13): warning CA1310: The behavior of 'string.StartsWith(string)' could vary based on the current user's locale settings. Replace this call in 'Hazina.AgentFactory.Core.StoresAndAgentsAndFlowLoader.MatchPattern(string, string)' with a call to 'string.StartsWith(string, System.StringComparison)'. (https://learn.microsoft.com/dotnet/fundamentals/code-analysis/quality-rules/ca1310) [C:\Projects\Hazina\src\Core\Agents\Hazina.AgentFactory\Hazina.AgentFactory.csproj::TargetFramework=net9.0]
C:\Projects\Hazina\src\Core\Agents\Hazina.AgentFactory\Configuration\Validation\AgentConfigValidator.cs(179,37): warning S3267: Loops should be simplified using the "Where" LINQ method (https://rules.sonarsource.com/csharp/RSPEC-3267) [C:\Projects\Hazina\src\Core\Agents\Hazina.AgentFactory\Hazina.AgentFactory.csproj::TargetFramework=net9.0]
C:\Projects\Hazina\src\Core\Agents\Hazina.AgentFactory\Services\Email\EmailService.cs(41,58): warning S6966: Await GetFolderAsync instead. (https://rules.sonarsource.com/csharp/RSPEC-6966) [C:\Projects\Hazina\src\Core\Agents\Hazina.AgentFactory\Hazina.AgentFactory.csproj::TargetFramework=net9.0]
C:\Projects\Hazina\src\Core\Agents\Hazina.AgentFactory\Configuration\Parsers\HazinaStoreConfigParserV2.cs(184,17): warning MA0011: Use an overload of 'AppendLine' that has a 'System.IFormatProvider' parameter (https://github.com/meziantou/Meziantou.Analyzer/blob/main/docs/Rules/MA0011.md) [C:\Projects\Hazina\src\Core\Agents\Hazina.AgentFactory\Hazina.AgentFactory.csproj::TargetFramework=net9.0]
C:\Projects\Hazina\src\Core\Agents\Hazina.AgentFactory\Core\StoresAndAgentsAndFlowLoader.cs(121,13): warning MA0074: Use an overload of 'StartsWith' that has a StringComparison parameter (https://github.com/meziantou/Meziantou.Analyzer/blob/main/docs/Rules/MA0074.md) [C:\Projects\Hazina\src\Core\Agents\Hazina.AgentFactory\Hazina.AgentFactory.csproj::TargetFramework=net9.0]
C:\Projects\Hazina\src\Core\Agents\Hazina.AgentFactory\Configuration\Validation\StoreConfigValidator.cs(166,13): warning SA1503: Braces should not be omitted (https://github.com/DotNetAnalyzers/StyleCopAnalyzers/blob/master/documentation/SA1503.md) [C:\Projects\Hazina\src\Core\Agents\Hazina.AgentFactory\Hazina.AgentFactory.csproj::TargetFramework=net9.0]
C:\Projects\Hazina\src\Core\Agents\Hazina.AgentFactory\Configuration\Parsers\HazinaStoreConfigParserV2.cs(190,13): warning MA0011: Use an overload of 'AppendLine' that has a 'System.IFormatProvider' parameter (https://github.com/meziantou/Meziantou.Analyzer/blob/main/docs/Rules/MA0011.md) [C:\Projects\Hazina\src\Core\Agents\Hazina.AgentFactory\Hazina.AgentFactory.csproj::TargetFramework=net9.0]
C:\Projects\Hazina\src\Core\Agents\Hazina.AgentFactory\Core\StoresAndAgentsAndFlowLoader.cs(121,13): warning CA1062: In externally visible method 'bool StoresAndAgentsAndFlowLoader.MatchPattern(string text, string pattern)', validate parameter 'pattern' is non-null before using it. If appropriate, throw an 'ArgumentNullException' when the argument is 'null'. (https://learn.microsoft.com/dotnet/fundamentals/code-analysis/quality-rules/ca1062) [C:\Projects\Hazina\src\Core\Agents\Hazina.AgentFactory\Hazina.AgentFactory.csproj::TargetFramework=net9.0]
C:\Projects\Hazina\src\Core\Agents\Hazina.AgentFactory\Core\StoresAndAgentsAndFlowLoader.cs(122,20): warning CA1062: In externally visible method 'bool StoresAndAgentsAndFlowLoader.MatchPattern(string text, string pattern)', validate parameter 'text' is non-null before using it. If appropriate, throw an 'ArgumentNullException' when the argument is 'null'. (https://learn.microsoft.com/dotnet/fundamentals/code-analysis/quality-rules/ca1062) [C:\Projects\Hazina\src\Core\Agents\Hazina.AgentFactory\Hazina.AgentFactory.csproj::TargetFramework=net9.0]
C:\Projects\Hazina\src\Core\Agents\Hazina.AgentFactory\Configuration\Validation\StoreConfigValidator.cs(165,48): warning CA1860: Prefer comparing 'Length' to 0 rather than using 'Any()', both for clarity and for performance (https://learn.microsoft.com/dotnet/fundamentals/code-analysis/quality-rules/ca1860) [C:\Projects\Hazina\src\Core\Agents\Hazina.AgentFactory\Hazina.AgentFactory.csproj::TargetFramework=net9.0]
C:\Projects\Hazina\src\Core\Agents\Hazina.AgentFactory\Configuration\Validation\StoreConfigValidator.cs(179,51): warning CA1307: 'string.Contains(string)' has a method overload that takes a 'StringComparison' parameter. Replace this call in 'Hazina.AgentFactory.Configuration.Validation.StoreConfigValidator.ValidateExcludePatterns()' with a call to 'string.Contains(string, System.StringComparison)' for clarity of intent. (https://learn.microsoft.com/dotnet/fundamentals/code-analysis/quality-rules/ca1307) [C:\Projects\Hazina\src\Core\Agents\Hazina.AgentFactory\Hazina.AgentFactory.csproj::TargetFramework=net9.0]
C:\Projects\Hazina\src\Core\Agents\Hazina.AgentFactory\Core\AgentFactory.cs(210,60): warning CA1002: Change 'List<string>' in 'AgentFactory.CreateFlow(string, List<string>)' to use 'Collection<T>', 'ReadOnlyCollection<T>' or 'KeyedCollection<K,V>' (https://learn.microsoft.com/dotnet/fundamentals/code-analysis/quality-rules/ca1002) [C:\Projects\Hazina\src\Core\Agents\Hazina.AgentFactory\Hazina.AgentFactory.csproj::TargetFramework=net9.0]
C:\Projects\Hazina\src\Core\Agents\Hazina.AgentFactory\Services\Tools\ToolRegistrationService.cs(193,38): warning MA0004: Use Task.ConfigureAwait(false) if the current SynchronizationContext is not needed (https://github.com/meziantou/Meziantou.Analyzer/blob/main/docs/Rules/MA0004.md) [C:\Projects\Hazina\src\Core\Agents\Hazina.AgentFactory\Hazina.AgentFactory.csproj::TargetFramework=net9.0]
C:\Projects\Hazina\src\Core\Agents\Hazina.AgentFactory\Core\AgentFactory.cs(210,47): warning MA0016: Prefer using collection abstraction instead of implementation (https://github.com/meziantou/Meziantou.Analyzer/blob/main/docs/Rules/MA0016.md) [C:\Projects\Hazina\src\Core\Agents\Hazina.AgentFactory\Hazina.AgentFactory.csproj::TargetFramework=net9.0]
C:\Projects\Hazina\src\Core\Agents\Hazina.AgentFactory\Services\Tools\ToolRegistrationService.cs(253,38): warning MA0004: Use Task.ConfigureAwait(false) if the current SynchronizationContext is not needed (https://github.com/meziantou/Meziantou.Analyzer/blob/main/docs/Rules/MA0004.md) [C:\Projects\Hazina\src\Core\Agents\Hazina.AgentFactory\Hazina.AgentFactory.csproj::TargetFramework=net9.0]
C:\Projects\Hazina\src\Core\Agents\Hazina.AgentFactory\Services\Tools\ToolRegistrationService.cs(273,38): warning MA0004: Use Task.ConfigureAwait(false) if the current SynchronizationContext is not needed (https://github.com/meziantou/Meziantou.Analyzer/blob/main/docs/Rules/MA0004.md) [C:\Projects\Hazina\src\Core\Agents\Hazina.AgentFactory\Hazina.AgentFactory.csproj::TargetFramework=net9.0]
C:\Projects\Hazina\src\Core\Agents\Hazina.AgentFactory\Configuration\Validation\AgentConfigValidator.cs(125,13): warning SA1503: Braces should not be omitted (https://github.com/DotNetAnalyzers/StyleCopAnalyzers/blob/master/documentation/SA1503.md) [C:\Projects\Hazina\src\Core\Agents\Hazina.AgentFactory\Hazina.AgentFactory.csproj::TargetFramework=net9.0]
C:\Projects\Hazina\src\Core\Agents\Hazina.AgentFactory\Core\StoresAndAgentsAndFlowLoader.cs(94,35): warning SA1122: Use string.Empty for empty strings (https://github.com/DotNetAnalyzers/StyleCopAnalyzers/blob/master/documentation/SA1122.md) [C:\Projects\Hazina\src\Core\Agents\Hazina.AgentFactory\Hazina.AgentFactory.csproj::TargetFramework=net9.0]
C:\Projects\Hazina\src\Core\Agents\Hazina.AgentFactory\Services\Tools\ToolRegistrationService.cs(193,122): warning MA0011: Use an overload of 'Parse' that has a 'System.IFormatProvider' parameter (https://github.com/meziantou/Meziantou.Analyzer/blob/main/docs/Rules/MA0011.md) [C:\Projects\Hazina\src\Core\Agents\Hazina.AgentFactory\Hazina.AgentFactory.csproj::TargetFramework=net9.0]
C:\Projects\Hazina\src\Core\Agents\Hazina.AgentFactory\Configuration\Validation\AgentConfigValidator.cs(124,45): warning CA1860: Prefer comparing 'Count' to 0 rather than using 'Any()', both for clarity and for performance (https://learn.microsoft.com/dotnet/fundamentals/code-analysis/quality-rules/ca1860) [C:\Projects\Hazina\src\Core\Agents\Hazina.AgentFactory\Hazina.AgentFactory.csproj::TargetFramework=net9.0]
C:\Projects\Hazina\src\Core\Agents\Hazina.AgentFactory\Core\StoresAndAgentsAndFlowLoader.cs(94,19): warning CA1820: Test for empty strings using 'string.Length' property or 'string.IsNullOrEmpty' method instead of an Equality check (https://learn.microsoft.com/dotnet/fundamentals/code-analysis/quality-rules/ca1820) [C:\Projects\Hazina\src\Core\Agents\Hazina.AgentFactory\Hazina.AgentFactory.csproj::TargetFramework=net9.0]
C:\Projects\Hazina\src\Core\Agents\Hazina.AgentFactory\Services\Tools\ToolRegistrationService.cs(253,142): warning MA0011: Use an overload of 'Parse' that has a 'System.IFormatProvider' parameter (https://github.com/meziantou/Meziantou.Analyzer/blob/main/docs/Rules/MA0011.md) [C:\Projects\Hazina\src\Core\Agents\Hazina.AgentFactory\Hazina.AgentFactory.csproj::TargetFramework=net9.0]
C:\Projects\Hazina\src\Core\Agents\Hazina.AgentFactory\Services\Tools\ToolRegistrationService.cs(273,128): warning MA0011: Use an overload of 'Parse' that has a 'System.IFormatProvider' parameter (https://github.com/meziantou/Meziantou.Analyzer/blob/main/docs/Rules/MA0011.md) [C:\Projects\Hazina\src\Core\Agents\Hazina.AgentFactory\Hazina.AgentFactory.csproj::TargetFramework=net9.0]
C:\Projects\Hazina\src\Core\Agents\Hazina.AgentFactory\Core\StoresAndAgentsAndFlowLoader.cs(114,17): warning MA0004: Use Task.ConfigureAwait(false) if the current SynchronizationContext is not needed (https://github.com/meziantou/Meziantou.Analyzer/blob/main/docs/Rules/MA0004.md) [C:\Projects\Hazina\src\Core\Agents\Hazina.AgentFactory\Hazina.AgentFactory.csproj::TargetFramework=net9.0]
C:\Projects\Hazina\src\Core\Agents\Hazina.AgentFactory\Services\Tools\ToolRegistrationService.cs(181,13): warning MA0002: Use an overload that has a IEqualityComparer<string> or IComparer<string> parameter (https://github.com/meziantou/Meziantou.Analyzer/blob/main/docs/Rules/MA0002.md) [C:\Projects\Hazina\src\Core\Agents\Hazina.AgentFactory\Hazina.AgentFactory.csproj::TargetFramework=net9.0]
C:\Projects\Hazina\src\Core\Agents\Hazina.AgentFactory\Services\Tools\ToolRegistrationService.cs(563,40): warning S6602: "Find" method should be used instead of the "FirstOrDefault" extension method. (https://rules.sonarsource.com/csharp/RSPEC-6602) [C:\Projects\Hazina\src\Core\Agents\Hazina.AgentFactory\Hazina.AgentFactory.csproj::TargetFramework=net9.0]
C:\Projects\Hazina\src\Core\Agents\Hazina.AgentFactory\Core\AgentFactory.cs(205,21): warning MA0004: Use Task.ConfigureAwait(false) if the current SynchronizationContext is not needed (https://github.com/meziantou/Meziantou.Analyzer/blob/main/docs/Rules/MA0004.md) [C:\Projects\Hazina\src\Core\Agents\Hazina.AgentFactory\Hazina.AgentFactory.csproj::TargetFramework=net9.0]
C:\Projects\Hazina\src\Core\Agents\Hazina.AgentFactory\Configuration\Validation\AgentConfigValidator.cs(128,13): warning MA0002: Use an overload that has a IEqualityComparer<string> or IComparer<string> parameter (https://github.com/meziantou/Meziantou.Analyzer/blob/main/docs/Rules/MA0002.md) [C:\Projects\Hazina\src\Core\Agents\Hazina.AgentFactory\Hazina.AgentFactory.csproj::TargetFramework=net9.0]
C:\Projects\Hazina\src\Core\Agents\Hazina.AgentFactory\Configuration\Validation\AgentConfigValidator.cs(165,13): warning SA1503: Braces should not be omitted (https://github.com/DotNetAnalyzers/StyleCopAnalyzers/blob/master/documentation/SA1503.md) [C:\Projects\Hazina\src\Core\Agents\Hazina.AgentFactory\Hazina.AgentFactory.csproj::TargetFramework=net9.0]
C:\Projects\Hazina\src\Core\Agents\Hazina.AgentFactory\Services\Tools\ToolRegistrationService.cs(201,13): warning MA0002: Use an overload that has a IEqualityComparer<string> or IComparer<string> parameter (https://github.com/meziantou/Meziantou.Analyzer/blob/main/docs/Rules/MA0002.md) [C:\Projects\Hazina\src\Core\Agents\Hazina.AgentFactory\Hazina.AgentFactory.csproj::TargetFramework=net9.0]
C:\Projects\Hazina\src\Core\Agents\Hazina.AgentFactory\Configuration\Validation\AgentConfigValidator.cs(134,26): warning MA0002: Use an overload that has a IEqualityComparer<string> or IComparer<string> parameter (https://github.com/meziantou/Meziantou.Analyzer/blob/main/docs/Rules/MA0002.md) [C:\Projects\Hazina\src\Core\Agents\Hazina.AgentFactory\Hazina.AgentFactory.csproj::TargetFramework=net9.0]
C:\Projects\Hazina\src\Core\Agents\Hazina.AgentFactory\Configuration\Validation\AgentConfigValidator.cs(148,13): warning SA1503: Braces should not be omitted (https://github.com/DotNetAnalyzers/StyleCopAnalyzers/blob/master/documentation/SA1503.md) [C:\Projects\Hazina\src\Core\Agents\Hazina.AgentFactory\Hazina.AgentFactory.csproj::TargetFramework=net9.0]
C:\Projects\Hazina\src\Core\Agents\Hazina.AgentFactory\Configuration\Parsers\HazinaStoreConfigParserV2.cs(257,9): warning CA1031: Modify 'SaveToFile' to catch a more specific allowed exception type, or rethrow the exception (https://learn.microsoft.com/dotnet/fundamentals/code-analysis/quality-rules/ca1031) [C:\Projects\Hazina\src\Core\Agents\Hazina.AgentFactory\Hazina.AgentFactory.csproj::TargetFramework=net9.0]
C:\Projects\Hazina\src\Core\Agents\Hazina.AgentFactory\Core\AgentFactory.cs(176,13): warning SA1503: Braces should not be omitted (https://github.com/DotNetAnalyzers/StyleCopAnalyzers/blob/master/documentation/SA1503.md) [C:\Projects\Hazina\src\Core\Agents\Hazina.AgentFactory\Hazina.AgentFactory.csproj::TargetFramework=net9.0]
C:\Projects\Hazina\src\Core\Agents\Hazina.AgentFactory\Services\Tools\ToolRegistrationService.cs(211,13): warning MA0002: Use an overload that has a IEqualityComparer<string> or IComparer<string> parameter (https://github.com/meziantou/Meziantou.Analyzer/blob/main/docs/Rules/MA0002.md) [C:\Projects\Hazina\src\Core\Agents\Hazina.AgentFactory\Hazina.AgentFactory.csproj::TargetFramework=net9.0]
C:\Projects\Hazina\src\Core\Agents\Hazina.AgentFactory\Core\AgentFactory.cs(162,5): warning SA1124: Do not use regions (https://github.com/DotNetAnalyzers/StyleCopAnalyzers/blob/master/documentation/SA1124.md) [C:\Projects\Hazina\src\Core\Agents\Hazina.AgentFactory\Hazina.AgentFactory.csproj::TargetFramework=net9.0]
C:\Projects\Hazina\src\Core\Agents\Hazina.AgentFactory\Configuration\Validation\AgentConfigValidator.cs(147,44): warning CA1860: Prefer comparing 'Count' to 0 rather than using 'Any()', both for clarity and for performance (https://learn.microsoft.com/dotnet/fundamentals/code-analysis/quality-rules/ca1860) [C:\Projects\Hazina\src\Core\Agents\Hazina.AgentFactory\Hazina.AgentFactory.csproj::TargetFramework=net9.0]
C:\Projects\Hazina\src\Core\Agents\Hazina.AgentFactory\Services\Tools\ToolRegistrationService.cs(221,13): warning MA0002: Use an overload that has a IEqualityComparer<string> or IComparer<string> parameter (https://github.com/meziantou/Meziantou.Analyzer/blob/main/docs/Rules/MA0002.md) [C:\Projects\Hazina\src\Core\Agents\Hazina.AgentFactory\Hazina.AgentFactory.csproj::TargetFramework=net9.0]
C:\Projects\Hazina\src\Core\Agents\Hazina.AgentFactory\Services\Tools\ToolRegistrationService.cs(231,13): warning MA0002: Use an overload that has a IEqualityComparer<string> or IComparer<string> parameter (https://github.com/meziantou/Meziantou.Analyzer/blob/main/docs/Rules/MA0002.md) [C:\Projects\Hazina\src\Core\Agents\Hazina.AgentFactory\Hazina.AgentFactory.csproj::TargetFramework=net9.0]
C:\Projects\Hazina\src\Core\Agents\Hazina.AgentFactory\Services\Tools\ToolRegistrationService.cs(241,13): warning MA0002: Use an overload that has a IEqualityComparer<string> or IComparer<string> parameter (https://github.com/meziantou/Meziantou.Analyzer/blob/main/docs/Rules/MA0002.md) [C:\Projects\Hazina\src\Core\Agents\Hazina.AgentFactory\Hazina.AgentFactory.csproj::TargetFramework=net9.0]
C:\Projects\Hazina\src\Core\Agents\Hazina.AgentFactory\Configuration\Validation\StoreConfigValidator.cs(190,88): warning CA1002: Change 'List<StoreConfig>' in 'StoreConfigValidator.ValidateAll(List<StoreConfig>)' to use 'Collection<T>', 'ReadOnlyCollection<T>' or 'KeyedCollection<K,V>' (https://learn.microsoft.com/dotnet/fundamentals/code-analysis/quality-rules/ca1002) [C:\Projects\Hazina\src\Core\Agents\Hazina.AgentFactory\Hazina.AgentFactory.csproj::TargetFramework=net9.0]
C:\Projects\Hazina\src\Core\Agents\Hazina.AgentFactory\Configuration\Validation\StoreConfigValidator.cs(190,70): warning MA0016: Prefer using collection abstraction instead of implementation (https://github.com/meziantou/Meziantou.Analyzer/blob/main/docs/Rules/MA0016.md) [C:\Projects\Hazina\src\Core\Agents\Hazina.AgentFactory\Hazina.AgentFactory.csproj::TargetFramework=net9.0]
C:\Projects\Hazina\src\Core\Agents\Hazina.AgentFactory\Configuration\Validation\AgentConfigValidator.cs(151,26): warning MA0002: Use an overload that has a IEqualityComparer<string> or IComparer<string> parameter (https://github.com/meziantou/Meziantou.Analyzer/blob/main/docs/Rules/MA0002.md) [C:\Projects\Hazina\src\Core\Agents\Hazina.AgentFactory\Hazina.AgentFactory.csproj::TargetFramework=net9.0]
C:\Projects\Hazina\src\Core\Agents\Hazina.AgentFactory\Configuration\Parsers\HazinaStoreConfigParserV2.cs(215,9): warning CA1031: Modify 'LoadFromFile' to catch a more specific allowed exception type, or rethrow the exception (https://learn.microsoft.com/dotnet/fundamentals/code-analysis/quality-rules/ca1031) [C:\Projects\Hazina\src\Core\Agents\Hazina.AgentFactory\Hazina.AgentFactory.csproj::TargetFramework=net9.0]
C:\Projects\Hazina\src\Core\Agents\Hazina.AgentFactory\Services\Tools\ToolRegistrationService.cs(261,13): warning MA0002: Use an overload that has a IEqualityComparer<string> or IComparer<string> parameter (https://github.com/meziantou/Meziantou.Analyzer/blob/main/docs/Rules/MA0002.md) [C:\Projects\Hazina\src\Core\Agents\Hazina.AgentFactory\Hazina.AgentFactory.csproj::TargetFramework=net9.0]
C:\Projects\Hazina\src\Core\Agents\Hazina.AgentFactory\Services\Tools\ToolRegistrationService.cs(565,23): warning S112: 'System.Exception' should not be thrown by user code. (https://rules.sonarsource.com/csharp/RSPEC-112) [C:\Projects\Hazina\src\Core\Agents\Hazina.AgentFactory\Hazina.AgentFactory.csproj::TargetFramework=net9.0]
C:\Projects\Hazina\src\Core\Agents\Hazina.AgentFactory\Services\Tools\ToolRegistrationService.cs(281,13): warning MA0002: Use an overload that has a IEqualityComparer<string> or IComparer<string> parameter (https://github.com/meziantou/Meziantou.Analyzer/blob/main/docs/Rules/MA0002.md) [C:\Projects\Hazina\src\Core\Agents\Hazina.AgentFactory\Hazina.AgentFactory.csproj::TargetFramework=net9.0]
C:\Projects\Hazina\src\Core\Agents\Hazina.AgentFactory\Services\Tools\ToolRegistrationService.cs(565,17): warning SA1503: Braces should not be omitted (https://github.com/DotNetAnalyzers/StyleCopAnalyzers/blob/master/documentation/SA1503.md) [C:\Projects\Hazina\src\Core\Agents\Hazina.AgentFactory\Hazina.AgentFactory.csproj::TargetFramework=net9.0]
C:\Projects\Hazina\src\Core\Agents\Hazina.AgentFactory\Services\Tools\ToolRegistrationService.cs(576,46): warning SA1503: Braces should not be omitted (https://github.com/DotNetAnalyzers/StyleCopAnalyzers/blob/master/documentation/SA1503.md) [C:\Projects\Hazina\src\Core\Agents\Hazina.AgentFactory\Hazina.AgentFactory.csproj::TargetFramework=net9.0]
C:\Projects\Hazina\src\Core\Agents\Hazina.AgentFactory\Services\Tools\ToolRegistrationService.cs(595,29): warning SA1503: Braces should not be omitted (https://github.com/DotNetAnalyzers/StyleCopAnalyzers/blob/master/documentation/SA1503.md) [C:\Projects\Hazina\src\Core\Agents\Hazina.AgentFactory\Hazina.AgentFactory.csproj::TargetFramework=net9.0]
C:\Projects\Hazina\src\Core\Agents\Hazina.AgentFactory\Services\Tools\ToolRegistrationService.cs(565,23): warning CA2201: Exception type System.Exception is not sufficiently specific (https://learn.microsoft.com/dotnet/fundamentals/code-analysis/quality-rules/ca2201) [C:\Projects\Hazina\src\Core\Agents\Hazina.AgentFactory\Hazina.AgentFactory.csproj::TargetFramework=net9.0]
C:\Projects\Hazina\src\Core\Agents\Hazina.AgentFactory\Core\StoresAndAgentsAndFlowLoader.cs(53,25): warning S6966: Await CreateStoreAsync instead. (https://rules.sonarsource.com/csharp/RSPEC-6966) [C:\Projects\Hazina\src\Core\Agents\Hazina.AgentFactory\Hazina.AgentFactory.csproj::TargetFramework=net9.0]
C:\Projects\Hazina\src\Core\Agents\Hazina.AgentFactory\Services\Tools\ToolRegistrationService.cs(579,36): warning MA0004: Use Task.ConfigureAwait(false) if the current SynchronizationContext is not needed (https://github.com/meziantou/Meziantou.Analyzer/blob/main/docs/Rules/MA0004.md) [C:\Projects\Hazina\src\Core\Agents\Hazina.AgentFactory\Hazina.AgentFactory.csproj::TargetFramework=net9.0]
C:\Projects\Hazina\src\Core\Agents\Hazina.AgentFactory\Services\Tools\ToolRegistrationService.cs(595,36): warning MA0004: Use Task.ConfigureAwait(false) if the current SynchronizationContext is not needed (https://github.com/meziantou/Meziantou.Analyzer/blob/main/docs/Rules/MA0004.md) [C:\Projects\Hazina\src\Core\Agents\Hazina.AgentFactory\Hazina.AgentFactory.csproj::TargetFramework=net9.0]
C:\Projects\Hazina\src\Core\Agents\Hazina.AgentFactory\Core\AgentFactory.cs(184,26): warning CA1851: Possible multiple enumerations of 'IEnumerable' collection. Consider using an implementation that avoids multiple enumerations. (https://learn.microsoft.com/dotnet/fundamentals/code-analysis/quality-rules/ca1851) [C:\Projects\Hazina\src\Core\Agents\Hazina.AgentFactory\Hazina.AgentFactory.csproj::TargetFramework=net9.0]
C:\Projects\Hazina\src\Core\Agents\Hazina.AgentFactory\Core\AgentFactory.cs(186,13): warning CA1851: Possible multiple enumerations of 'IEnumerable' collection. Consider using an implementation that avoids multiple enumerations. (https://learn.microsoft.com/dotnet/fundamentals/code-analysis/quality-rules/ca1851) [C:\Projects\Hazina\src\Core\Agents\Hazina.AgentFactory\Hazina.AgentFactory.csproj::TargetFramework=net9.0]
C:\Projects\Hazina\src\Core\Agents\Hazina.AgentFactory\Services\Tools\ToolRegistrationService.cs(563,60): warning MA0006: Use string.Equals instead of Equals operator (https://github.com/meziantou/Meziantou.Analyzer/blob/main/docs/Rules/MA0006.md) [C:\Projects\Hazina\src\Core\Agents\Hazina.AgentFactory\Hazina.AgentFactory.csproj::TargetFramework=net9.0]
C:\Projects\Hazina\src\Core\Agents\Hazina.AgentFactory\Core\AgentFactory.cs(223,40): warning S6602: "Find" method should be used instead of the "FirstOrDefault" extension method. (https://rules.sonarsource.com/csharp/RSPEC-6602) [C:\Projects\Hazina\src\Core\Agents\Hazina.AgentFactory\Hazina.AgentFactory.csproj::TargetFramework=net9.0]
C:\Projects\Hazina\src\Core\Agents\Hazina.AgentFactory\Services\Email\EmailService.cs(89,13): warning SA1503: Braces should not be omitted (https://github.com/DotNetAnalyzers/StyleCopAnalyzers/blob/master/documentation/SA1503.md) [C:\Projects\Hazina\src\Core\Agents\Hazina.AgentFactory\Hazina.AgentFactory.csproj::TargetFramework=net9.0]
C:\Projects\Hazina\src\Core\Agents\Hazina.AgentFactory\Configuration\Validation\AgentConfigValidator.cs(192,27): warning CA1002: Change 'List<AgentConfig>' in 'AgentConfigValidator.ValidateAll(List<AgentConfig>, [List<string>], [List<string>])' to use 'Collection<T>', 'ReadOnlyCollection<T>' or 'KeyedCollection<K,V>' (https://learn.microsoft.com/dotnet/fundamentals/code-analysis/quality-rules/ca1002) [C:\Projects\Hazina\src\Core\Agents\Hazina.AgentFactory\Hazina.AgentFactory.csproj::TargetFramework=net9.0]
C:\Projects\Hazina\src\Core\Agents\Hazina.AgentFactory\Configuration\Validation\AgentConfigValidator.cs(193,23): warning CA1002: Change 'List<string>' in 'AgentConfigValidator.ValidateAll(List<AgentConfig>, [List<string>], [List<string>])' to use 'Collection<T>', 'ReadOnlyCollection<T>' or 'KeyedCollection<K,V>' (https://learn.microsoft.com/dotnet/fundamentals/code-analysis/quality-rules/ca1002) [C:\Projects\Hazina\src\Core\Agents\Hazina.AgentFactory\Hazina.AgentFactory.csproj::TargetFramework=net9.0]
C:\Projects\Hazina\src\Core\Agents\Hazina.AgentFactory\Configuration\Validation\AgentConfigValidator.cs(194,23): warning CA1002: Change 'List<string>' in 'AgentConfigValidator.ValidateAll(List<AgentConfig>, [List<string>], [List<string>])' to use 'Collection<T>', 'ReadOnlyCollection<T>' or 'KeyedCollection<K,V>' (https://learn.microsoft.com/dotnet/fundamentals/code-analysis/quality-rules/ca1002) [C:\Projects\Hazina\src\Core\Agents\Hazina.AgentFactory\Hazina.AgentFactory.csproj::TargetFramework=net9.0]
C:\Projects\Hazina\src\Core\Agents\Hazina.AgentFactory\Core\AgentFactory.cs(289,34): warning S6602: "Find" method should be used instead of the "FirstOrDefault" extension method. (https://rules.sonarsource.com/csharp/RSPEC-6602) [C:\Projects\Hazina\src\Core\Agents\Hazina.AgentFactory\Hazina.AgentFactory.csproj::TargetFramework=net9.0]
C:\Projects\Hazina\src\Core\Agents\Hazina.AgentFactory\Services\Tools\ToolRegistrationService.cs(389,18): warning MA0051: Method is too long (117 lines; maximum allowed: 60) (https://github.com/meziantou/Meziantou.Analyzer/blob/main/docs/Rules/MA0051.md) [C:\Projects\Hazina\src\Core\Agents\Hazina.AgentFactory\Hazina.AgentFactory.csproj::TargetFramework=net9.0]
C:\Projects\Hazina\src\Core\Agents\Hazina.AgentFactory\Configuration\Validation\AgentConfigValidator.cs(192,9): warning MA0016: Prefer using collection abstraction instead of implementation (https://github.com/meziantou/Meziantou.Analyzer/blob/main/docs/Rules/MA0016.md) [C:\Projects\Hazina\src\Core\Agents\Hazina.AgentFactory\Hazina.AgentFactory.csproj::TargetFramework=net9.0]
C:\Projects\Hazina\src\Core\Agents\Hazina.AgentFactory\Configuration\Validation\AgentConfigValidator.cs(193,9): warning MA0016: Prefer using collection abstraction instead of implementation (https://github.com/meziantou/Meziantou.Analyzer/blob/main/docs/Rules/MA0016.md) [C:\Projects\Hazina\src\Core\Agents\Hazina.AgentFactory\Hazina.AgentFactory.csproj::TargetFramework=net9.0]
C:\Projects\Hazina\src\Core\Agents\Hazina.AgentFactory\Configuration\Validation\AgentConfigValidator.cs(194,9): warning MA0016: Prefer using collection abstraction instead of implementation (https://github.com/meziantou/Meziantou.Analyzer/blob/main/docs/Rules/MA0016.md) [C:\Projects\Hazina\src\Core\Agents\Hazina.AgentFactory\Hazina.AgentFactory.csproj::TargetFramework=net9.0]
C:\Projects\Hazina\src\Core\Agents\Hazina.AgentFactory\Services\Email\EmailService.cs(82,9): warning MA0004: Use Task.ConfigureAwait(false) if the current SynchronizationContext is not needed (https://github.com/meziantou/Meziantou.Analyzer/blob/main/docs/Rules/MA0004.md) [C:\Projects\Hazina\src\Core\Agents\Hazina.AgentFactory\Hazina.AgentFactory.csproj::TargetFramework=net9.0]
C:\Projects\Hazina\src\Core\Agents\Hazina.AgentFactory\Services\Email\EmailService.cs(83,9): warning MA0004: Use Task.ConfigureAwait(false) if the current SynchronizationContext is not needed (https://github.com/meziantou/Meziantou.Analyzer/blob/main/docs/Rules/MA0004.md) [C:\Projects\Hazina\src\Core\Agents\Hazina.AgentFactory\Hazina.AgentFactory.csproj::TargetFramework=net9.0]
C:\Projects\Hazina\src\Core\Agents\Hazina.AgentFactory\Services\Email\EmailService.cs(86,9): warning MA0004: Use Task.ConfigureAwait(false) if the current SynchronizationContext is not needed (https://github.com/meziantou/Meziantou.Analyzer/blob/main/docs/Rules/MA0004.md) [C:\Projects\Hazina\src\Core\Agents\Hazina.AgentFactory\Hazina.AgentFactory.csproj::TargetFramework=net9.0]
C:\Projects\Hazina\src\Core\Agents\Hazina.AgentFactory\Services\Email\EmailService.cs(91,23): warning MA0004: Use Task.ConfigureAwait(false) if the current SynchronizationContext is not needed (https://github.com/meziantou/Meziantou.Analyzer/blob/main/docs/Rules/MA0004.md) [C:\Projects\Hazina\src\Core\Agents\Hazina.AgentFactory\Hazina.AgentFactory.csproj::TargetFramework=net9.0]
C:\Projects\Hazina\src\Core\Agents\Hazina.AgentFactory\Services\Email\EmailService.cs(94,9): warning MA0004: Use Task.ConfigureAwait(false) if the current SynchronizationContext is not needed (https://github.com/meziantou/Meziantou.Analyzer/blob/main/docs/Rules/MA0004.md) [C:\Projects\Hazina\src\Core\Agents\Hazina.AgentFactory\Hazina.AgentFactory.csproj::TargetFramework=net9.0]
C:\Projects\Hazina\src\Core\Agents\Hazina.AgentFactory\Core\StoresAndAgentsAndFlowLoader.cs(114,23): warning CA1062: In externally visible method 'Task StoresAndAgentsAndFlowLoader.AddFiles(IDocumentStore store, string path, string[] fileFilters, string subDirectory = "", string[] excludePattern = null)', validate parameter 'store' is non-null before using it. If appropriate, throw an 'ArgumentNullException' when the argument is 'null'. (https://learn.microsoft.com/dotnet/fundamentals/code-analysis/quality-rules/ca1062) [C:\Projects\Hazina\src\Core\Agents\Hazina.AgentFactory\Hazina.AgentFactory.csproj::TargetFramework=net9.0]
C:\Projects\Hazina\src\Core\Agents\Hazina.AgentFactory\Core\StoresAndAgentsAndFlowLoader.cs(97,30): warning CA1062: In externally visible method 'Task StoresAndAgentsAndFlowLoader.AddFiles(IDocumentStore store, string path, string[] fileFilters, string subDirectory = "", string[] excludePattern = null)', validate parameter 'fileFilters' is non-null before using it. If appropriate, throw an 'ArgumentNullException' when the argument is 'null'. (https://learn.microsoft.com/dotnet/fundamentals/code-analysis/quality-rules/ca1062) [C:\Projects\Hazina\src\Core\Agents\Hazina.AgentFactory\Hazina.AgentFactory.csproj::TargetFramework=net9.0]
C:\Projects\Hazina\src\Core\Agents\Hazina.AgentFactory\Core\AgentFactory.cs(224,34): warning SA1503: Braces should not be omitted (https://github.com/DotNetAnalyzers/StyleCopAnalyzers/blob/master/documentation/SA1503.md) [C:\Projects\Hazina\src\Core\Agents\Hazina.AgentFactory\Hazina.AgentFactory.csproj::TargetFramework=net9.0]
C:\Projects\Hazina\src\Core\Agents\Hazina.AgentFactory\Core\AgentFactory.cs(219,5): warning SA1124: Do not use regions (https://github.com/DotNetAnalyzers/StyleCopAnalyzers/blob/master/documentation/SA1124.md) [C:\Projects\Hazina\src\Core\Agents\Hazina.AgentFactory\Hazina.AgentFactory.csproj::TargetFramework=net9.0]
C:\Projects\Hazina\src\Core\Agents\Hazina.AgentFactory\Core\AgentFactory.cs(231,22): warning CA1849: 'QuickAgentCreator.CreateStore(StorePaths, string)' synchronously blocks. Await 'QuickAgentCreator.CreateStoreAsync(StorePaths, string)' instead. (https://learn.microsoft.com/dotnet/fundamentals/code-analysis/quality-rules/ca1849) [C:\Projects\Hazina\src\Core\Agents\Hazina.AgentFactory\Hazina.AgentFactory.csproj::TargetFramework=net9.0]
C:\Projects\Hazina\src\Core\Agents\Hazina.AgentFactory\Core\AgentFactory.cs(232,9): warning MA0004: Use Task.ConfigureAwait(false) if the current SynchronizationContext is not needed (https://github.com/meziantou/Meziantou.Analyzer/blob/main/docs/Rules/MA0004.md) [C:\Projects\Hazina\src\Core\Agents\Hazina.AgentFactory\Hazina.AgentFactory.csproj::TargetFramework=net9.0]
C:\Projects\Hazina\src\Core\Agents\Hazina.AgentFactory\Core\AgentFactory.cs(234,21): warning MA0004: Use Task.ConfigureAwait(false) if the current SynchronizationContext is not needed (https://github.com/meziantou/Meziantou.Analyzer/blob/main/docs/Rules/MA0004.md) [C:\Projects\Hazina\src\Core\Agents\Hazina.AgentFactory\Hazina.AgentFactory.csproj::TargetFramework=net9.0]
C:\Projects\Hazina\src\Core\Agents\Hazina.AgentFactory\Core\AgentFactory.cs(247,35): warning MA0004: Use Task.ConfigureAwait(false) if the current SynchronizationContext is not needed (https://github.com/meziantou/Meziantou.Analyzer/blob/main/docs/Rules/MA0004.md) [C:\Projects\Hazina\src\Core\Agents\Hazina.AgentFactory\Hazina.AgentFactory.csproj::TargetFramework=net9.0]
C:\Projects\Hazina\src\Core\Agents\Hazina.AgentFactory\Core\AgentFactory.cs(257,31): warning MA0004: Use Task.ConfigureAwait(false) if the current SynchronizationContext is not needed (https://github.com/meziantou/Meziantou.Analyzer/blob/main/docs/Rules/MA0004.md) [C:\Projects\Hazina\src\Core\Agents\Hazina.AgentFactory\Hazina.AgentFactory.csproj::TargetFramework=net9.0]
C:\Projects\Hazina\src\Core\Agents\Hazina.AgentFactory\Services\Tools\ToolRegistrationService.cs(607,39): warning S6602: "Find" method should be used instead of the "FirstOrDefault" extension method. (https://rules.sonarsource.com/csharp/RSPEC-6602) [C:\Projects\Hazina\src\Core\Agents\Hazina.AgentFactory\Hazina.AgentFactory.csproj::TargetFramework=net9.0]
C:\Projects\Hazina\src\Core\Agents\Hazina.AgentFactory\Services\Tools\ToolRegistrationService.cs(509,61): warning S1172: Remove this unused method parameter 'agents'. (https://rules.sonarsource.com/csharp/RSPEC-1172) [C:\Projects\Hazina\src\Core\Agents\Hazina.AgentFactory\Hazina.AgentFactory.csproj::TargetFramework=net9.0]
C:\Projects\Hazina\src\Core\Agents\Hazina.AgentFactory\Services\Tools\ToolRegistrationService.cs(509,89): warning S1172: Remove this unused method parameter 'caller'. (https://rules.sonarsource.com/csharp/RSPEC-1172) [C:\Projects\Hazina\src\Core\Agents\Hazina.AgentFactory\Hazina.AgentFactory.csproj::TargetFramework=net9.0]
C:\Projects\Hazina\src\Core\Agents\Hazina.AgentFactory\Configuration\Parsers\HazinaStoreConfigParserV2.cs(172,31): warning CA1062: In externally visible method 'string HazinaStoreConfigParserV2.Serialize(IEnumerable<StoreConfig> stores)', validate parameter 'stores' is non-null before using it. If appropriate, throw an 'ArgumentNullException' when the argument is 'null'. (https://learn.microsoft.com/dotnet/fundamentals/code-analysis/quality-rules/ca1062) [C:\Projects\Hazina\src\Core\Agents\Hazina.AgentFactory\Hazina.AgentFactory.csproj::TargetFramework=net9.0]
C:\Projects\Hazina\src\Core\Agents\Hazina.AgentFactory\Configuration\Validation\AgentConfigValidator.cs(283,21): warning S1066: Merge this if statement with the enclosing one. (https://rules.sonarsource.com/csharp/RSPEC-1066) [C:\Projects\Hazina\src\Core\Agents\Hazina.AgentFactory\Hazina.AgentFactory.csproj::TargetFramework=net9.0]
C:\Projects\Hazina\src\Core\Agents\Hazina.AgentFactory\Configuration\Validation\AgentConfigValidator.cs(279,41): warning S3267: Loops should be simplified using the "Where" LINQ method (https://rules.sonarsource.com/csharp/RSPEC-3267) [C:\Projects\Hazina\src\Core\Agents\Hazina.AgentFactory\Hazina.AgentFactory.csproj::TargetFramework=net9.0]
C:\Projects\Hazina\src\Core\Agents\Hazina.AgentFactory\Core\AgentFactory.cs(231,22): warning S6966: Await CreateStoreAsync instead. (https://rules.sonarsource.com/csharp/RSPEC-6966) [C:\Projects\Hazina\src\Core\Agents\Hazina.AgentFactory\Hazina.AgentFactory.csproj::TargetFramework=net9.0]
C:\Projects\Hazina\src\Core\Agents\Hazina.AgentFactory\Core\AgentFactory.cs(344,34): warning S6602: "Find" method should be used instead of the "FirstOrDefault" extension method. (https://rules.sonarsource.com/csharp/RSPEC-6602) [C:\Projects\Hazina\src\Core\Agents\Hazina.AgentFactory\Hazina.AgentFactory.csproj::TargetFramework=net9.0]
C:\Projects\Hazina\src\Core\Agents\Hazina.AgentFactory\Services\Tools\ToolRegistrationService.cs(181,13): warning CA1851: Possible multiple enumerations of 'IEnumerable' collection. Consider using an implementation that avoids multiple enumerations. (https://learn.microsoft.com/dotnet/fundamentals/code-analysis/quality-rules/ca1851) [C:\Projects\Hazina\src\Core\Agents\Hazina.AgentFactory\Hazina.AgentFactory.csproj::TargetFramework=net9.0]
C:\Projects\Hazina\src\Core\Agents\Hazina.AgentFactory\Services\Tools\ToolRegistrationService.cs(201,13): warning CA1851: Possible multiple enumerations of 'IEnumerable' collection. Consider using an implementation that avoids multiple enumerations. (https://learn.microsoft.com/dotnet/fundamentals/code-analysis/quality-rules/ca1851) [C:\Projects\Hazina\src\Core\Agents\Hazina.AgentFactory\Hazina.AgentFactory.csproj::TargetFramework=net9.0]
C:\Projects\Hazina\src\Core\Agents\Hazina.AgentFactory\Services\Tools\ToolRegistrationService.cs(211,13): warning CA1851: Possible multiple enumerations of 'IEnumerable' collection. Consider using an implementation that avoids multiple enumerations. (https://learn.microsoft.com/dotnet/fundamentals/code-analysis/quality-rules/ca1851) [C:\Projects\Hazina\src\Core\Agents\Hazina.AgentFactory\Hazina.AgentFactory.csproj::TargetFramework=net9.0]
C:\Projects\Hazina\src\Core\Agents\Hazina.AgentFactory\Services\Tools\ToolRegistrationService.cs(221,13): warning CA1851: Possible multiple enumerations of 'IEnumerable' collection. Consider using an implementation that avoids multiple enumerations. (https://learn.microsoft.com/dotnet/fundamentals/code-analysis/quality-rules/ca1851) [C:\Projects\Hazina\src\Core\Agents\Hazina.AgentFactory\Hazina.AgentFactory.csproj::TargetFramework=net9.0]
C:\Projects\Hazina\src\Core\Agents\Hazina.AgentFactory\Services\Tools\ToolRegistrationService.cs(231,13): warning CA1851: Possible multiple enumerations of 'IEnumerable' collection. Consider using an implementation that avoids multiple enumerations. (https://learn.microsoft.com/dotnet/fundamentals/code-analysis/quality-rules/ca1851) [C:\Projects\Hazina\src\Core\Agents\Hazina.AgentFactory\Hazina.AgentFactory.csproj::TargetFramework=net9.0]
C:\Projects\Hazina\src\Core\Agents\Hazina.AgentFactory\Services\Tools\ToolRegistrationService.cs(241,13): warning CA1851: Possible multiple enumerations of 'IEnumerable' collection. Consider using an implementation that avoids multiple enumerations. (https://learn.microsoft.com/dotnet/fundamentals/code-analysis/quality-rules/ca1851) [C:\Projects\Hazina\src\Core\Agents\Hazina.AgentFactory\Hazina.AgentFactory.csproj::TargetFramework=net9.0]
C:\Projects\Hazina\src\Core\Agents\Hazina.AgentFactory\Services\Tools\ToolRegistrationService.cs(261,13): warning CA1851: Possible multiple enumerations of 'IEnumerable' collection. Consider using an implementation that avoids multiple enumerations. (https://learn.microsoft.com/dotnet/fundamentals/code-analysis/quality-rules/ca1851) [C:\Projects\Hazina\src\Core\Agents\Hazina.AgentFactory\Hazina.AgentFactory.csproj::TargetFramework=net9.0]
C:\Projects\Hazina\src\Core\Agents\Hazina.AgentFactory\Services\Tools\ToolRegistrationService.cs(281,13): warning CA1851: Possible multiple enumerations of 'IEnumerable' collection. Consider using an implementation that avoids multiple enumerations. (https://learn.microsoft.com/dotnet/fundamentals/code-analysis/quality-rules/ca1851) [C:\Projects\Hazina\src\Core\Agents\Hazina.AgentFactory\Hazina.AgentFactory.csproj::TargetFramework=net9.0]
C:\Projects\Hazina\src\Core\Agents\Hazina.AgentFactory\Core\AgentFactory.cs(380,34): warning S6602: "Find" method should be used instead of the "FirstOrDefault" extension method. (https://rules.sonarsource.com/csharp/RSPEC-6602) [C:\Projects\Hazina\src\Core\Agents\Hazina.AgentFactory\Hazina.AgentFactory.csproj::TargetFramework=net9.0]
C:\Projects\Hazina\src\Core\Agents\Hazina.AgentFactory\Services\Email\EmailService.cs(115,17): warning SA1503: Braces should not be omitted (https://github.com/DotNetAnalyzers/StyleCopAnalyzers/blob/master/documentation/SA1503.md) [C:\Projects\Hazina\src\Core\Agents\Hazina.AgentFactory\Hazina.AgentFactory.csproj::TargetFramework=net9.0]
C:\Projects\Hazina\src\Core\Agents\Hazina.AgentFactory\Core\AgentFactory.cs(314,25): warning MA0004: Use Task.ConfigureAwait(false) if the current SynchronizationContext is not needed (https://github.com/meziantou/Meziantou.Analyzer/blob/main/docs/Rules/MA0004.md) [C:\Projects\Hazina\src\Core\Agents\Hazina.AgentFactory\Hazina.AgentFactory.csproj::TargetFramework=net9.0]
C:\Projects\Hazina\src\Core\Agents\Hazina.AgentFactory\Core\AgentFactory.cs(319,25): warning MA0004: Use Task.ConfigureAwait(false) if the current SynchronizationContext is not needed (https://github.com/meziantou/Meziantou.Analyzer/blob/main/docs/Rules/MA0004.md) [C:\Projects\Hazina\src\Core\Agents\Hazina.AgentFactory\Hazina.AgentFactory.csproj::TargetFramework=net9.0]
C:\Projects\Hazina\src\Core\Agents\Hazina.AgentFactory\Services\Email\EmailService.cs(107,9): warning MA0004: Use Task.ConfigureAwait(false) if the current SynchronizationContext is not needed (https://github.com/meziantou/Meziantou.Analyzer/blob/main/docs/Rules/MA0004.md) [C:\Projects\Hazina\src\Core\Agents\Hazina.AgentFactory\Hazina.AgentFactory.csproj::TargetFramework=net9.0]
C:\Projects\Hazina\src\Core\Agents\Hazina.AgentFactory\Services\Email\EmailService.cs(108,9): warning MA0004: Use Task.ConfigureAwait(false) if the current SynchronizationContext is not needed (https://github.com/meziantou/Meziantou.Analyzer/blob/main/docs/Rules/MA0004.md) [C:\Projects\Hazina\src\Core\Agents\Hazina.AgentFactory\Hazina.AgentFactory.csproj::TargetFramework=net9.0]
C:\Projects\Hazina\src\Core\Agents\Hazina.AgentFactory\Services\Email\EmailService.cs(114,17): warning MA0004: Use Task.ConfigureAwait(false) if the current SynchronizationContext is not needed (https://github.com/meziantou/Meziantou.Analyzer/blob/main/docs/Rules/MA0004.md) [C:\Projects\Hazina\src\Core\Agents\Hazina.AgentFactory\Hazina.AgentFactory.csproj::TargetFramework=net9.0]
C:\Projects\Hazina\src\Core\Agents\Hazina.AgentFactory\Services\Email\EmailService.cs(122,9): warning MA0004: Use Task.ConfigureAwait(false) if the current SynchronizationContext is not needed (https://github.com/meziantou/Meziantou.Analyzer/blob/main/docs/Rules/MA0004.md) [C:\Projects\Hazina\src\Core\Agents\Hazina.AgentFactory\Hazina.AgentFactory.csproj::TargetFramework=net9.0]
C:\Projects\Hazina\src\Core\Agents\Hazina.AgentFactory\Services\Email\EmailService.cs(124,9): warning MA0004: Use Task.ConfigureAwait(false) if the current SynchronizationContext is not needed (https://github.com/meziantou/Meziantou.Analyzer/blob/main/docs/Rules/MA0004.md) [C:\Projects\Hazina\src\Core\Agents\Hazina.AgentFactory\Hazina.AgentFactory.csproj::TargetFramework=net9.0]
C:\Projects\Hazina\src\Core\Agents\Hazina.AgentFactory\Configuration\Validation\AgentConfigValidator.cs(269,13): warning SA1503: Braces should not be omitted (https://github.com/DotNetAnalyzers/StyleCopAnalyzers/blob/master/documentation/SA1503.md) [C:\Projects\Hazina\src\Core\Agents\Hazina.AgentFactory\Hazina.AgentFactory.csproj::TargetFramework=net9.0]
C:\Projects\Hazina\src\Core\Agents\Hazina.AgentFactory\Configuration\Validation\AgentConfigValidator.cs(272,13): warning SA1503: Braces should not be omitted (https://github.com/DotNetAnalyzers/StyleCopAnalyzers/blob/master/documentation/SA1503.md) [C:\Projects\Hazina\src\Core\Agents\Hazina.AgentFactory\Hazina.AgentFactory.csproj::TargetFramework=net9.0]
C:\Projects\Hazina\src\Core\Agents\Hazina.AgentFactory\Configuration\Validation\AgentConfigValidator.cs(284,25): warning SA1503: Braces should not be omitted (https://github.com/DotNetAnalyzers/StyleCopAnalyzers/blob/master/documentation/SA1503.md) [C:\Projects\Hazina\src\Core\Agents\Hazina.AgentFactory\Hazina.AgentFactory.csproj::TargetFramework=net9.0]
C:\Projects\Hazina\src\Core\Agents\Hazina.AgentFactory\Configuration\Validation\StoreConfigValidator.cs(194,32): warning CA1860: Prefer comparing 'Count' to 0 rather than using 'Any()', both for clarity and for performance (https://learn.microsoft.com/dotnet/fundamentals/code-analysis/quality-rules/ca1860) [C:\Projects\Hazina\src\Core\Agents\Hazina.AgentFactory\Hazina.AgentFactory.csproj::TargetFramework=net9.0]
C:\Projects\Hazina\src\Core\Agents\Hazina.AgentFactory\Configuration\Validation\AgentConfigValidator.cs(268,13): warning MA0002: Use an overload that has a IEqualityComparer<string> or IComparer<string> parameter (https://github.com/meziantou/Meziantou.Analyzer/blob/main/docs/Rules/MA0002.md) [C:\Projects\Hazina\src\Core\Agents\Hazina.AgentFactory\Hazina.AgentFactory.csproj::TargetFramework=net9.0]
C:\Projects\Hazina\src\Core\Agents\Hazina.AgentFactory\Configuration\Validation\StoreConfigValidator.cs(201,30): warning MA0002: Use an overload that has a IEqualityComparer<string> or IComparer<string> parameter (https://github.com/meziantou/Meziantou.Analyzer/blob/main/docs/Rules/MA0002.md) [C:\Projects\Hazina\src\Core\Agents\Hazina.AgentFactory\Hazina.AgentFactory.csproj::TargetFramework=net9.0]
C:\Projects\Hazina\src\Core\Agents\Hazina.AgentFactory\Core\AgentFactory.cs(290,32): warning SA1503: Braces should not be omitted (https://github.com/DotNetAnalyzers/StyleCopAnalyzers/blob/master/documentation/SA1503.md) [C:\Projects\Hazina\src\Core\Agents\Hazina.AgentFactory\Hazina.AgentFactory.csproj::TargetFramework=net9.0]
C:\Projects\Hazina\src\Core\Agents\Hazina.AgentFactory\Core\AgentFactory.cs(287,98): warning SA1122: Use string.Empty for empty strings (https://github.com/DotNetAnalyzers/StyleCopAnalyzers/blob/master/documentation/SA1122.md) [C:\Projects\Hazina\src\Core\Agents\Hazina.AgentFactory\Hazina.AgentFactory.csproj::TargetFramework=net9.0]
C:\Projects\Hazina\src\Core\Agents\Hazina.AgentFactory\Services\Email\EmailService.cs(169,116): warning S1172: Remove this unused method parameter 'isRoot'. (https://rules.sonarsource.com/csharp/RSPEC-1172) [C:\Projects\Hazina\src\Core\Agents\Hazina.AgentFactory\Hazina.AgentFactory.csproj::TargetFramework=net9.0]
C:\Projects\Hazina\src\Core\Agents\Hazina.AgentFactory\Core\AgentFactory.cs(287,27): warning MA0004: Use Task.ConfigureAwait(false) if the current SynchronizationContext is not needed (https://github.com/meziantou/Meziantou.Analyzer/blob/main/docs/Rules/MA0004.md) [C:\Projects\Hazina\src\Core\Agents\Hazina.AgentFactory\Hazina.AgentFactory.csproj::TargetFramework=net9.0]
C:\Projects\Hazina\src\Core\Agents\Hazina.AgentFactory\Services\Email\EmailService.cs(138,13): warning SA1503: Braces should not be omitted (https://github.com/DotNetAnalyzers/StyleCopAnalyzers/blob/master/documentation/SA1503.md) [C:\Projects\Hazina\src\Core\Agents\Hazina.AgentFactory\Hazina.AgentFactory.csproj::TargetFramework=net9.0]
C:\Projects\Hazina\src\Core\Agents\Hazina.AgentFactory\Services\Email\EmailService.cs(145,13): warning SA1503: Braces should not be omitted (https://github.com/DotNetAnalyzers/StyleCopAnalyzers/blob/master/documentation/SA1503.md) [C:\Projects\Hazina\src\Core\Agents\Hazina.AgentFactory\Hazina.AgentFactory.csproj::TargetFramework=net9.0]
C:\Projects\Hazina\src\Core\Agents\Hazina.AgentFactory\Core\AgentFactory.cs(381,32): warning SA1503: Braces should not be omitted (https://github.com/DotNetAnalyzers/StyleCopAnalyzers/blob/master/documentation/SA1503.md) [C:\Projects\Hazina\src\Core\Agents\Hazina.AgentFactory\Hazina.AgentFactory.csproj::TargetFramework=net9.0]
C:\Projects\Hazina\src\Core\Agents\Hazina.AgentFactory\Core\AgentFactory.cs(345,32): warning SA1503: Braces should not be omitted (https://github.com/DotNetAnalyzers/StyleCopAnalyzers/blob/master/documentation/SA1503.md) [C:\Projects\Hazina\src\Core\Agents\Hazina.AgentFactory\Hazina.AgentFactory.csproj::TargetFramework=net9.0]
C:\Projects\Hazina\src\Core\Agents\Hazina.AgentFactory\Configuration\Validation\AgentConfigValidator.cs(248,26): warning MA0002: Use an overload that has a IEqualityComparer<string> or IComparer<string> parameter (https://github.com/meziantou/Meziantou.Analyzer/blob/main/docs/Rules/MA0002.md) [C:\Projects\Hazina\src\Core\Agents\Hazina.AgentFactory\Hazina.AgentFactory.csproj::TargetFramework=net9.0]
C:\Projects\Hazina\src\Core\Agents\Hazina.AgentFactory\Configuration\Validation\AgentConfigValidator.cs(252,27): warning MA0002: Use an overload that has a IEqualityComparer<string> or IComparer<string> parameter (https://github.com/meziantou/Meziantou.Analyzer/blob/main/docs/Rules/MA0002.md) [C:\Projects\Hazina\src\Core\Agents\Hazina.AgentFactory\Hazina.AgentFactory.csproj::TargetFramework=net9.0]
C:\Projects\Hazina\src\Core\Agents\Hazina.AgentFactory\Core\AgentFactory.cs(378,98): warning SA1122: Use string.Empty for empty strings (https://github.com/DotNetAnalyzers/StyleCopAnalyzers/blob/master/documentation/SA1122.md) [C:\Projects\Hazina\src\Core\Agents\Hazina.AgentFactory\Hazina.AgentFactory.csproj::TargetFramework=net9.0]
C:\Projects\Hazina\src\Core\Agents\Hazina.AgentFactory\Services\Tools\ToolRegistrationService.cs(609,23): warning S112: 'System.Exception' should not be thrown by user code. (https://rules.sonarsource.com/csharp/RSPEC-112) [C:\Projects\Hazina\src\Core\Agents\Hazina.AgentFactory\Hazina.AgentFactory.csproj::TargetFramework=net9.0]
C:\Projects\Hazina\src\Core\Agents\Hazina.AgentFactory\Services\Email\EmailService.cs(177,17): warning MA0004: Use Task.ConfigureAwait(false) if the current SynchronizationContext is not needed (https://github.com/meziantou/Meziantou.Analyzer/blob/main/docs/Rules/MA0004.md) [C:\Projects\Hazina\src\Core\Agents\Hazina.AgentFactory\Hazina.AgentFactory.csproj::TargetFramework=net9.0]
C:\Projects\Hazina\src\Core\Agents\Hazina.AgentFactory\Services\Email\EmailService.cs(185,29): warning MA0004: Use Task.ConfigureAwait(false) if the current SynchronizationContext is not needed (https://github.com/meziantou/Meziantou.Analyzer/blob/main/docs/Rules/MA0004.md) [C:\Projects\Hazina\src\Core\Agents\Hazina.AgentFactory\Hazina.AgentFactory.csproj::TargetFramework=net9.0]
C:\Projects\Hazina\src\Core\Agents\Hazina.AgentFactory\Services\Email\EmailService.cs(187,13): warning MA0004: Use Task.ConfigureAwait(false) if the current SynchronizationContext is not needed (https://github.com/meziantou/Meziantou.Analyzer/blob/main/docs/Rules/MA0004.md) [C:\Projects\Hazina\src\Core\Agents\Hazina.AgentFactory\Hazina.AgentFactory.csproj::TargetFramework=net9.0]
C:\Projects\Hazina\src\Core\Agents\Hazina.AgentFactory\Services\Tools\ToolRegistrationService.cs(609,17): warning SA1503: Braces should not be omitted (https://github.com/DotNetAnalyzers/StyleCopAnalyzers/blob/master/documentation/SA1503.md) [C:\Projects\Hazina\src\Core\Agents\Hazina.AgentFactory\Hazina.AgentFactory.csproj::TargetFramework=net9.0]
C:\Projects\Hazina\src\Core\Agents\Hazina.AgentFactory\Services\Email\EmailService.cs(131,9): warning MA0004: Use Task.ConfigureAwait(false) if the current SynchronizationContext is not needed (https://github.com/meziantou/Meziantou.Analyzer/blob/main/docs/Rules/MA0004.md) [C:\Projects\Hazina\src\Core\Agents\Hazina.AgentFactory\Hazina.AgentFactory.csproj::TargetFramework=net9.0]
C:\Projects\Hazina\src\Core\Agents\Hazina.AgentFactory\Services\Email\EmailService.cs(132,9): warning MA0004: Use Task.ConfigureAwait(false) if the current SynchronizationContext is not needed (https://github.com/meziantou/Meziantou.Analyzer/blob/main/docs/Rules/MA0004.md) [C:\Projects\Hazina\src\Core\Agents\Hazina.AgentFactory\Hazina.AgentFactory.csproj::TargetFramework=net9.0]
C:\Projects\Hazina\src\Core\Agents\Hazina.AgentFactory\Services\Email\EmailService.cs(135,9): warning MA0004: Use Task.ConfigureAwait(false) if the current SynchronizationContext is not needed (https://github.com/meziantou/Meziantou.Analyzer/blob/main/docs/Rules/MA0004.md) [C:\Projects\Hazina\src\Core\Agents\Hazina.AgentFactory\Hazina.AgentFactory.csproj::TargetFramework=net9.0]
C:\Projects\Hazina\src\Core\Agents\Hazina.AgentFactory\Services\Email\EmailService.cs(141,23): warning MA0004: Use Task.ConfigureAwait(false) if the current SynchronizationContext is not needed (https://github.com/meziantou/Meziantou.Analyzer/blob/main/docs/Rules/MA0004.md) [C:\Projects\Hazina\src\Core\Agents\Hazina.AgentFactory\Hazina.AgentFactory.csproj::TargetFramework=net9.0]
C:\Projects\Hazina\src\Core\Agents\Hazina.AgentFactory\Services\Tools\ToolRegistrationService.cs(530,21): warning SA1503: Braces should not be omitted (https://github.com/DotNetAnalyzers/StyleCopAnalyzers/blob/master/documentation/SA1503.md) [C:\Projects\Hazina\src\Core\Agents\Hazina.AgentFactory\Hazina.AgentFactory.csproj::TargetFramework=net9.0]
C:\Projects\Hazina\src\Core\Agents\Hazina.AgentFactory\Services\Tools\ToolRegistrationService.cs(532,21): warning SA1503: Braces should not be omitted (https://github.com/DotNetAnalyzers/StyleCopAnalyzers/blob/master/documentation/SA1503.md) [C:\Projects\Hazina\src\Core\Agents\Hazina.AgentFactory\Hazina.AgentFactory.csproj::TargetFramework=net9.0]
C:\Projects\Hazina\src\Core\Agents\Hazina.AgentFactory\Services\Tools\ToolRegistrationService.cs(534,21): warning SA1503: Braces should not be omitted (https://github.com/DotNetAnalyzers/StyleCopAnalyzers/blob/master/documentation/SA1503.md) [C:\Projects\Hazina\src\Core\Agents\Hazina.AgentFactory\Hazina.AgentFactory.csproj::TargetFramework=net9.0]
C:\Projects\Hazina\src\Core\Agents\Hazina.AgentFactory\Services\Tools\ToolRegistrationService.cs(547,21): warning SA1503: Braces should not be omitted (https://github.com/DotNetAnalyzers/StyleCopAnalyzers/blob/master/documentation/SA1503.md) [C:\Projects\Hazina\src\Core\Agents\Hazina.AgentFactory\Hazina.AgentFactory.csproj::TargetFramework=net9.0]
C:\Projects\Hazina\src\Core\Agents\Hazina.AgentFactory\Services\Tools\ToolRegistrationService.cs(549,21): warning SA1503: Braces should not be omitted (https://github.com/DotNetAnalyzers/StyleCopAnalyzers/blob/master/documentation/SA1503.md) [C:\Projects\Hazina\src\Core\Agents\Hazina.AgentFactory\Hazina.AgentFactory.csproj::TargetFramework=net9.0]
C:\Projects\Hazina\src\Core\Agents\Hazina.AgentFactory\Services\Tools\ToolRegistrationService.cs(551,21): warning SA1503: Braces should not be omitted (https://github.com/DotNetAnalyzers/StyleCopAnalyzers/blob/master/documentation/SA1503.md) [C:\Projects\Hazina\src\Core\Agents\Hazina.AgentFactory\Hazina.AgentFactory.csproj::TargetFramework=net9.0]
C:\Projects\Hazina\src\Core\Agents\Hazina.AgentFactory\Services\Tools\ToolRegistrationService.cs(553,21): warning SA1503: Braces should not be omitted (https://github.com/DotNetAnalyzers/StyleCopAnalyzers/blob/master/documentation/SA1503.md) [C:\Projects\Hazina\src\Core\Agents\Hazina.AgentFactory\Hazina.AgentFactory.csproj::TargetFramework=net9.0]
C:\Projects\Hazina\src\Core\Agents\Hazina.AgentFactory\Services\Email\EmailService.cs(147,9): warning MA0004: Use Task.ConfigureAwait(false) if the current SynchronizationContext is not needed (https://github.com/meziantou/Meziantou.Analyzer/blob/main/docs/Rules/MA0004.md) [C:\Projects\Hazina\src\Core\Agents\Hazina.AgentFactory\Hazina.AgentFactory.csproj::TargetFramework=net9.0]
C:\Projects\Hazina\src\Core\Agents\Hazina.AgentFactory\Services\Email\EmailService.cs(149,9): warning MA0004: Use Task.ConfigureAwait(false) if the current SynchronizationContext is not needed (https://github.com/meziantou/Meziantou.Analyzer/blob/main/docs/Rules/MA0004.md) [C:\Projects\Hazina\src\Core\Agents\Hazina.AgentFactory\Hazina.AgentFactory.csproj::TargetFramework=net9.0]
C:\Projects\Hazina\src\Core\Agents\Hazina.AgentFactory\Services\Tools\ToolRegistrationService.cs(609,23): warning CA2201: Exception type System.Exception is not sufficiently specific (https://learn.microsoft.com/dotnet/fundamentals/code-analysis/quality-rules/ca2201) [C:\Projects\Hazina\src\Core\Agents\Hazina.AgentFactory\Hazina.AgentFactory.csproj::TargetFramework=net9.0]
C:\Projects\Hazina\src\Core\Agents\Hazina.AgentFactory\Core\AgentFactory.cs(342,27): warning MA0004: Use Task.ConfigureAwait(false) if the current SynchronizationContext is not needed (https://github.com/meziantou/Meziantou.Analyzer/blob/main/docs/Rules/MA0004.md) [C:\Projects\Hazina\src\Core\Agents\Hazina.AgentFactory\Hazina.AgentFactory.csproj::TargetFramework=net9.0]
C:\Projects\Hazina\src\Core\Agents\Hazina.AgentFactory\Services\Email\EmailService.cs(52,9): warning MA0004: Use Task.ConfigureAwait(false) if the current SynchronizationContext is not needed (https://github.com/meziantou/Meziantou.Analyzer/blob/main/docs/Rules/MA0004.md) [C:\Projects\Hazina\src\Core\Agents\Hazina.AgentFactory\Hazina.AgentFactory.csproj::TargetFramework=net9.0]
C:\Projects\Hazina\src\Core\Agents\Hazina.AgentFactory\Services\Email\EmailService.cs(53,9): warning MA0004: Use Task.ConfigureAwait(false) if the current SynchronizationContext is not needed (https://github.com/meziantou/Meziantou.Analyzer/blob/main/docs/Rules/MA0004.md) [C:\Projects\Hazina\src\Core\Agents\Hazina.AgentFactory\Hazina.AgentFactory.csproj::TargetFramework=net9.0]
C:\Projects\Hazina\src\Core\Agents\Hazina.AgentFactory\Services\Email\EmailService.cs(56,9): warning MA0004: Use Task.ConfigureAwait(false) if the current SynchronizationContext is not needed (https://github.com/meziantou/Meziantou.Analyzer/blob/main/docs/Rules/MA0004.md) [C:\Projects\Hazina\src\Core\Agents\Hazina.AgentFactory\Hazina.AgentFactory.csproj::TargetFramework=net9.0]
C:\Projects\Hazina\src\Core\Agents\Hazina.AgentFactory\Services\Email\EmailService.cs(156,9): warning MA0004: Use Task.ConfigureAwait(false) if the current SynchronizationContext is not needed (https://github.com/meziantou/Meziantou.Analyzer/blob/main/docs/Rules/MA0004.md) [C:\Projects\Hazina\src\Core\Agents\Hazina.AgentFactory\Hazina.AgentFactory.csproj::TargetFramework=net9.0]
C:\Projects\Hazina\src\Core\Agents\Hazina.AgentFactory\Services\Email\EmailService.cs(58,20): warning MA0004: Use Task.ConfigureAwait(false) if the current SynchronizationContext is not needed (https://github.com/meziantou/Meziantou.Analyzer/blob/main/docs/Rules/MA0004.md) [C:\Projects\Hazina\src\Core\Agents\Hazina.AgentFactory\Hazina.AgentFactory.csproj::TargetFramework=net9.0]
C:\Projects\Hazina\src\Core\Agents\Hazina.AgentFactory\Services\Email\EmailService.cs(62,25): warning MA0004: Use Task.ConfigureAwait(false) if the current SynchronizationContext is not needed (https://github.com/meziantou/Meziantou.Analyzer/blob/main/docs/Rules/MA0004.md) [C:\Projects\Hazina\src\Core\Agents\Hazina.AgentFactory\Hazina.AgentFactory.csproj::TargetFramework=net9.0]
C:\Projects\Hazina\src\Core\Agents\Hazina.AgentFactory\Services\Email\EmailService.cs(157,9): warning MA0004: Use Task.ConfigureAwait(false) if the current SynchronizationContext is not needed (https://github.com/meziantou/Meziantou.Analyzer/blob/main/docs/Rules/MA0004.md) [C:\Projects\Hazina\src\Core\Agents\Hazina.AgentFactory\Hazina.AgentFactory.csproj::TargetFramework=net9.0]
C:\Projects\Hazina\src\Core\Agents\Hazina.AgentFactory\Services\Email\EmailService.cs(75,9): warning MA0004: Use Task.ConfigureAwait(false) if the current SynchronizationContext is not needed (https://github.com/meziantou/Meziantou.Analyzer/blob/main/docs/Rules/MA0004.md) [C:\Projects\Hazina\src\Core\Agents\Hazina.AgentFactory\Hazina.AgentFactory.csproj::TargetFramework=net9.0]
C:\Projects\Hazina\src\Core\Agents\Hazina.AgentFactory\Services\Email\EmailService.cs(159,20): warning MA0004: Use Task.ConfigureAwait(false) if the current SynchronizationContext is not needed (https://github.com/meziantou/Meziantou.Analyzer/blob/main/docs/Rules/MA0004.md) [C:\Projects\Hazina\src\Core\Agents\Hazina.AgentFactory\Hazina.AgentFactory.csproj::TargetFramework=net9.0]
C:\Projects\Hazina\src\Core\Agents\Hazina.AgentFactory\Services\Email\EmailService.cs(162,9): warning MA0004: Use Task.ConfigureAwait(false) if the current SynchronizationContext is not needed (https://github.com/meziantou/Meziantou.Analyzer/blob/main/docs/Rules/MA0004.md) [C:\Projects\Hazina\src\Core\Agents\Hazina.AgentFactory\Hazina.AgentFactory.csproj::TargetFramework=net9.0]
C:\Projects\Hazina\src\Core\Agents\Hazina.AgentFactory\Services\Email\EmailService.cs(164,9): warning MA0004: Use Task.ConfigureAwait(false) if the current SynchronizationContext is not needed (https://github.com/meziantou/Meziantou.Analyzer/blob/main/docs/Rules/MA0004.md) [C:\Projects\Hazina\src\Core\Agents\Hazina.AgentFactory\Hazina.AgentFactory.csproj::TargetFramework=net9.0]
C:\Projects\Hazina\src\Core\Agents\Hazina.AgentFactory\Core\AgentFactory.cs(378,27): warning MA0004: Use Task.ConfigureAwait(false) if the current SynchronizationContext is not needed (https://github.com/meziantou/Meziantou.Analyzer/blob/main/docs/Rules/MA0004.md) [C:\Projects\Hazina\src\Core\Agents\Hazina.AgentFactory\Hazina.AgentFactory.csproj::TargetFramework=net9.0]
C:\Projects\Hazina\src\Core\Agents\Hazina.AgentFactory\Services\Tools\ToolRegistrationService.cs(410,38): warning SA1501: Statement should not be on a single line (https://github.com/DotNetAnalyzers/StyleCopAnalyzers/blob/master/documentation/SA1501.md) [C:\Projects\Hazina\src\Core\Agents\Hazina.AgentFactory\Hazina.AgentFactory.csproj::TargetFramework=net9.0]
C:\Projects\Hazina\src\Core\Agents\Hazina.AgentFactory\Services\Tools\ToolRegistrationService.cs(431,38): warning SA1501: Statement should not be on a single line (https://github.com/DotNetAnalyzers/StyleCopAnalyzers/blob/master/documentation/SA1501.md) [C:\Projects\Hazina\src\Core\Agents\Hazina.AgentFactory\Hazina.AgentFactory.csproj::TargetFramework=net9.0]
C:\Projects\Hazina\src\Core\Agents\Hazina.AgentFactory\Services\Tools\ToolRegistrationService.cs(450,38): warning SA1501: Statement should not be on a single line (https://github.com/DotNetAnalyzers/StyleCopAnalyzers/blob/master/documentation/SA1501.md) [C:\Projects\Hazina\src\Core\Agents\Hazina.AgentFactory\Hazina.AgentFactory.csproj::TargetFramework=net9.0]
C:\Projects\Hazina\src\Core\Agents\Hazina.AgentFactory\Services\Tools\ToolRegistrationService.cs(468,38): warning SA1501: Statement should not be on a single line (https://github.com/DotNetAnalyzers/StyleCopAnalyzers/blob/master/documentation/SA1501.md) [C:\Projects\Hazina\src\Core\Agents\Hazina.AgentFactory\Hazina.AgentFactory.csproj::TargetFramework=net9.0]
C:\Projects\Hazina\src\Core\Agents\Hazina.AgentFactory\Services\Tools\ToolRegistrationService.cs(488,38): warning SA1501: Statement should not be on a single line (https://github.com/DotNetAnalyzers/StyleCopAnalyzers/blob/master/documentation/SA1501.md) [C:\Projects\Hazina\src\Core\Agents\Hazina.AgentFactory\Hazina.AgentFactory.csproj::TargetFramework=net9.0]
C:\Projects\Hazina\src\Core\Agents\Hazina.AgentFactory\Services\Tools\ToolRegistrationService.cs(504,38): warning SA1501: Statement should not be on a single line (https://github.com/DotNetAnalyzers/StyleCopAnalyzers/blob/master/documentation/SA1501.md) [C:\Projects\Hazina\src\Core\Agents\Hazina.AgentFactory\Hazina.AgentFactory.csproj::TargetFramework=net9.0]
C:\Projects\Hazina\src\Core\Agents\Hazina.AgentFactory\Services\Tools\ToolRegistrationService.cs(399,21): warning SA1503: Braces should not be omitted (https://github.com/DotNetAnalyzers/StyleCopAnalyzers/blob/master/documentation/SA1503.md) [C:\Projects\Hazina\src\Core\Agents\Hazina.AgentFactory\Hazina.AgentFactory.csproj::TargetFramework=net9.0]
C:\Projects\Hazina\src\Core\Agents\Hazina.AgentFactory\Services\Tools\ToolRegistrationService.cs(401,21): warning SA1503: Braces should not be omitted (https://github.com/DotNetAnalyzers/StyleCopAnalyzers/blob/master/documentation/SA1503.md) [C:\Projects\Hazina\src\Core\Agents\Hazina.AgentFactory\Hazina.AgentFactory.csproj::TargetFramework=net9.0]
C:\Projects\Hazina\src\Core\Agents\Hazina.AgentFactory\Services\Tools\ToolRegistrationService.cs(403,21): warning SA1503: Braces should not be omitted (https://github.com/DotNetAnalyzers/StyleCopAnalyzers/blob/master/documentation/SA1503.md) [C:\Projects\Hazina\src\Core\Agents\Hazina.AgentFactory\Hazina.AgentFactory.csproj::TargetFramework=net9.0]
C:\Projects\Hazina\src\Core\Agents\Hazina.AgentFactory\Services\Tools\ToolRegistrationService.cs(424,25): warning SA1503: Braces should not be omitted (https://github.com/DotNetAnalyzers/StyleCopAnalyzers/blob/master/documentation/SA1503.md) [C:\Projects\Hazina\src\Core\Agents\Hazina.AgentFactory\Hazina.AgentFactory.csproj::TargetFramework=net9.0]
C:\Projects\Hazina\src\Core\Agents\Hazina.AgentFactory\Services\Tools\ToolRegistrationService.cs(426,25): warning SA1503: Braces should not be omitted (https://github.com/DotNetAnalyzers/StyleCopAnalyzers/blob/master/documentation/SA1503.md) [C:\Projects\Hazina\src\Core\Agents\Hazina.AgentFactory\Hazina.AgentFactory.csproj::TargetFramework=net9.0]
C:\Projects\Hazina\src\Core\Agents\Hazina.AgentFactory\Services\Tools\ToolRegistrationService.cs(443,21): warning SA1503: Braces should not be omitted (https://github.com/DotNetAnalyzers/StyleCopAnalyzers/blob/master/documentation/SA1503.md) [C:\Projects\Hazina\src\Core\Agents\Hazina.AgentFactory\Hazina.AgentFactory.csproj::TargetFramework=net9.0]
C:\Projects\Hazina\src\Core\Agents\Hazina.AgentFactory\Services\Tools\ToolRegistrationService.cs(462,21): warning SA1503: Braces should not be omitted (https://github.com/DotNetAnalyzers/StyleCopAnalyzers/blob/master/documentation/SA1503.md) [C:\Projects\Hazina\src\Core\Agents\Hazina.AgentFactory\Hazina.AgentFactory.csproj::TargetFramework=net9.0]
C:\Projects\Hazina\src\Core\Agents\Hazina.AgentFactory\Services\Tools\ToolRegistrationService.cs(480,21): warning SA1503: Braces should not be omitted (https://github.com/DotNetAnalyzers/StyleCopAnalyzers/blob/master/documentation/SA1503.md) [C:\Projects\Hazina\src\Core\Agents\Hazina.AgentFactory\Hazina.AgentFactory.csproj::TargetFramework=net9.0]
C:\Projects\Hazina\src\Core\Agents\Hazina.AgentFactory\Services\Tools\ToolRegistrationService.cs(482,21): warning SA1503: Braces should not be omitted (https://github.com/DotNetAnalyzers/StyleCopAnalyzers/blob/master/documentation/SA1503.md) [C:\Projects\Hazina\src\Core\Agents\Hazina.AgentFactory\Hazina.AgentFactory.csproj::TargetFramework=net9.0]
C:\Projects\Hazina\src\Core\Agents\Hazina.AgentFactory\Services\Tools\ToolRegistrationService.cs(535,24): warning MA0004: Use Task.ConfigureAwait(false) if the current SynchronizationContext is not needed (https://github.com/meziantou/Meziantou.Analyzer/blob/main/docs/Rules/MA0004.md) [C:\Projects\Hazina\src\Core\Agents\Hazina.AgentFactory\Hazina.AgentFactory.csproj::TargetFramework=net9.0]
C:\Projects\Hazina\src\Core\Agents\Hazina.AgentFactory\Services\Tools\ToolRegistrationService.cs(554,24): warning MA0004: Use Task.ConfigureAwait(false) if the current SynchronizationContext is not needed (https://github.com/meziantou/Meziantou.Analyzer/blob/main/docs/Rules/MA0004.md) [C:\Projects\Hazina\src\Core\Agents\Hazina.AgentFactory\Hazina.AgentFactory.csproj::TargetFramework=net9.0]
C:\Projects\Hazina\src\Core\Agents\Hazina.AgentFactory\Services\Tools\ToolRegistrationService.cs(622,40): warning MA0004: Use Task.ConfigureAwait(false) if the current SynchronizationContext is not needed (https://github.com/meziantou/Meziantou.Analyzer/blob/main/docs/Rules/MA0004.md) [C:\Projects\Hazina\src\Core\Agents\Hazina.AgentFactory\Hazina.AgentFactory.csproj::TargetFramework=net9.0]
C:\Projects\Hazina\src\Core\Agents\Hazina.AgentFactory\Services\Email\EmailService.cs(179,13): warning CA1031: Modify 'EnumerateFoldersAsync' to catch a more specific allowed exception type, or rethrow the exception (https://learn.microsoft.com/dotnet/fundamentals/code-analysis/quality-rules/ca1031) [C:\Projects\Hazina\src\Core\Agents\Hazina.AgentFactory\Hazina.AgentFactory.csproj::TargetFramework=net9.0]
C:\Projects\Hazina\src\Core\Agents\Hazina.AgentFactory\Services\Tools\ToolRegistrationService.cs(428,75): warning CA1305: The behavior of 'int.Parse(string)' could vary based on the current user's locale settings. Replace this call in 'ToolRegistrationService.AddEmailTools(IToolsContext)' with a call to 'int.Parse(string, IFormatProvider)'. (https://learn.microsoft.com/dotnet/fundamentals/code-analysis/quality-rules/ca1305) [C:\Projects\Hazina\src\Core\Agents\Hazina.AgentFactory\Hazina.AgentFactory.csproj::TargetFramework=net9.0]
C:\Projects\Hazina\src\Core\Agents\Hazina.AgentFactory\Configuration\Validation\AgentConfigValidator.cs(198,32): warning CA1860: Prefer comparing 'Count' to 0 rather than using 'Any()', both for clarity and for performance (https://learn.microsoft.com/dotnet/fundamentals/code-analysis/quality-rules/ca1860) [C:\Projects\Hazina\src\Core\Agents\Hazina.AgentFactory\Hazina.AgentFactory.csproj::TargetFramework=net9.0]
C:\Projects\Hazina\src\Core\Agents\Hazina.AgentFactory\Services\Tools\ToolRegistrationService.cs(607,59): warning MA0006: Use string.Equals instead of Equals operator (https://github.com/meziantou/Meziantou.Analyzer/blob/main/docs/Rules/MA0006.md) [C:\Projects\Hazina\src\Core\Agents\Hazina.AgentFactory\Hazina.AgentFactory.csproj::TargetFramework=net9.0]
C:\Projects\Hazina\src\Core\Agents\Hazina.AgentFactory\Configuration\Validation\AgentConfigValidator.cs(205,30): warning MA0002: Use an overload that has a IEqualityComparer<string> or IComparer<string> parameter (https://github.com/meziantou/Meziantou.Analyzer/blob/main/docs/Rules/MA0002.md) [C:\Projects\Hazina\src\Core\Agents\Hazina.AgentFactory\Hazina.AgentFactory.csproj::TargetFramework=net9.0]
C:\Projects\Hazina\src\Core\Agents\Hazina.AgentFactory\Services\Tools\ToolRegistrationService.cs(407,34): warning MA0004: Use Task.ConfigureAwait(false) if the current SynchronizationContext is not needed (https://github.com/meziantou/Meziantou.Analyzer/blob/main/docs/Rules/MA0004.md) [C:\Projects\Hazina\src\Core\Agents\Hazina.AgentFactory\Hazina.AgentFactory.csproj::TargetFramework=net9.0]
C:\Projects\Hazina\src\Core\Agents\Hazina.AgentFactory\Services\Tools\ToolRegistrationService.cs(428,34): warning MA0004: Use Task.ConfigureAwait(false) if the current SynchronizationContext is not needed (https://github.com/meziantou/Meziantou.Analyzer/blob/main/docs/Rules/MA0004.md) [C:\Projects\Hazina\src\Core\Agents\Hazina.AgentFactory\Hazina.AgentFactory.csproj::TargetFramework=net9.0]
C:\Projects\Hazina\src\Core\Agents\Hazina.AgentFactory\Services\Tools\ToolRegistrationService.cs(447,33): warning MA0004: Use Task.ConfigureAwait(false) if the current SynchronizationContext is not needed (https://github.com/meziantou/Meziantou.Analyzer/blob/main/docs/Rules/MA0004.md) [C:\Projects\Hazina\src\Core\Agents\Hazina.AgentFactory\Hazina.AgentFactory.csproj::TargetFramework=net9.0]
C:\Projects\Hazina\src\Core\Agents\Hazina.AgentFactory\Services\Tools\ToolRegistrationService.cs(466,28): warning MA0004: Use Task.ConfigureAwait(false) if the current SynchronizationContext is not needed (https://github.com/meziantou/Meziantou.Analyzer/blob/main/docs/Rules/MA0004.md) [C:\Projects\Hazina\src\Core\Agents\Hazina.AgentFactory\Hazina.AgentFactory.csproj::TargetFramework=net9.0]
C:\Projects\Hazina\src\Core\Agents\Hazina.AgentFactory\Services\Tools\ToolRegistrationService.cs(486,28): warning MA0004: Use Task.ConfigureAwait(false) if the current SynchronizationContext is not needed (https://github.com/meziantou/Meziantou.Analyzer/blob/main/docs/Rules/MA0004.md) [C:\Projects\Hazina\src\Core\Agents\Hazina.AgentFactory\Hazina.AgentFactory.csproj::TargetFramework=net9.0]
C:\Projects\Hazina\src\Core\Agents\Hazina.AgentFactory\Services\Tools\ToolRegistrationService.cs(501,35): warning MA0004: Use Task.ConfigureAwait(false) if the current SynchronizationContext is not needed (https://github.com/meziantou/Meziantou.Analyzer/blob/main/docs/Rules/MA0004.md) [C:\Projects\Hazina\src\Core\Agents\Hazina.AgentFactory\Hazina.AgentFactory.csproj::TargetFramework=net9.0]
C:\Projects\Hazina\src\Core\Agents\Hazina.AgentFactory\Services\Tools\ToolRegistrationService.cs(428,75): warning MA0011: Use an overload of 'Parse' that has a 'System.IFormatProvider' parameter (https://github.com/meziantou/Meziantou.Analyzer/blob/main/docs/Rules/MA0011.md) [C:\Projects\Hazina\src\Core\Agents\Hazina.AgentFactory\Hazina.AgentFactory.csproj::TargetFramework=net9.0]
C:\Projects\Hazina\src\Core\Agents\Hazina.AgentFactory\Services\Tools\ToolRegistrationService.cs(410,17): warning CA1031: Modify 'AddEmailTools' to catch a more specific allowed exception type, or rethrow the exception (https://learn.microsoft.com/dotnet/fundamentals/code-analysis/quality-rules/ca1031) [C:\Projects\Hazina\src\Core\Agents\Hazina.AgentFactory\Hazina.AgentFactory.csproj::TargetFramework=net9.0]
C:\Projects\Hazina\src\Core\Agents\Hazina.AgentFactory\Services\Tools\ToolRegistrationService.cs(431,17): warning CA1031: Modify 'AddEmailTools' to catch a more specific allowed exception type, or rethrow the exception (https://learn.microsoft.com/dotnet/fundamentals/code-analysis/quality-rules/ca1031) [C:\Projects\Hazina\src\Core\Agents\Hazina.AgentFactory\Hazina.AgentFactory.csproj::TargetFramework=net9.0]
C:\Projects\Hazina\src\Core\Agents\Hazina.AgentFactory\Services\Tools\ToolRegistrationService.cs(450,17): warning CA1031: Modify 'AddEmailTools' to catch a more specific allowed exception type, or rethrow the exception (https://learn.microsoft.com/dotnet/fundamentals/code-analysis/quality-rules/ca1031) [C:\Projects\Hazina\src\Core\Agents\Hazina.AgentFactory\Hazina.AgentFactory.csproj::TargetFramework=net9.0]
C:\Projects\Hazina\src\Core\Agents\Hazina.AgentFactory\Services\Tools\ToolRegistrationService.cs(468,17): warning CA1031: Modify 'AddEmailTools' to catch a more specific allowed exception type, or rethrow the exception (https://learn.microsoft.com/dotnet/fundamentals/code-analysis/quality-rules/ca1031) [C:\Projects\Hazina\src\Core\Agents\Hazina.AgentFactory\Hazina.AgentFactory.csproj::TargetFramework=net9.0]
C:\Projects\Hazina\src\Core\Agents\Hazina.AgentFactory\Services\Tools\ToolRegistrationService.cs(488,17): warning CA1031: Modify 'AddEmailTools' to catch a more specific allowed exception type, or rethrow the exception (https://learn.microsoft.com/dotnet/fundamentals/code-analysis/quality-rules/ca1031) [C:\Projects\Hazina\src\Core\Agents\Hazina.AgentFactory\Hazina.AgentFactory.csproj::TargetFramework=net9.0]
C:\Projects\Hazina\src\Core\Agents\Hazina.AgentFactory\Services\Tools\ToolRegistrationService.cs(504,17): warning CA1031: Modify 'AddEmailTools' to catch a more specific allowed exception type, or rethrow the exception (https://learn.microsoft.com/dotnet/fundamentals/code-analysis/quality-rules/ca1031) [C:\Projects\Hazina\src\Core\Agents\Hazina.AgentFactory\Hazina.AgentFactory.csproj::TargetFramework=net9.0]
C:\Projects\Hazina\src\Core\Agents\Hazina.AgentFactory\Core\AgentFactory.cs(27,14): warning CA1724: The type name AgentFactory conflicts in whole or in part with the namespace name 'Hazina.AgentFactory'. Change either name to eliminate the conflict. (https://learn.microsoft.com/dotnet/fundamentals/code-analysis/quality-rules/ca1724) [C:\Projects\Hazina\src\Core\Agents\Hazina.AgentFactory\Hazina.AgentFactory.csproj::TargetFramework=net9.0]
C:\Projects\Hazina\src\Core\Agents\Hazina.AgentFactory\Services\Tools\ToolRegistrationService.cs(363,34): warning CA5400: HttpClient may be created without enabling CheckCertificateRevocationList (https://learn.microsoft.com/dotnet/fundamentals/code-analysis/quality-rules/ca5400) [C:\Projects\Hazina\src\Core\Agents\Hazina.AgentFactory\Hazina.AgentFactory.csproj::TargetFramework=net9.0]
  Hazina.Observability.Core.IntegrationTests -> C:\Projects\Hazina\artifacts\tests\Hazina.Observability.Core.IntegrationTests\bin\Debug\Hazina.Observability.Core.IntegrationTests.dll
  Hazina.Observability.AspNetCore -> C:\Projects\Hazina\src\Core\Observability\Hazina.Observability.AspNetCore\bin\Debug\net9.0\Hazina.Observability.AspNetCore.dll
  Hazina.Neurochain.Core -> C:\Projects\Hazina\src\Core\AI\Hazina.Neurochain.Core\bin\Debug\net8.0\Hazina.Neurochain.Core.dll
  Hazina.Observability.Core.Tests -> C:\Projects\Hazina\artifacts\tests\Hazina.Observability.Core.Tests\bin\Debug\Hazina.Observability.Core.Tests.dll
  Hazina.AI.CognitivePipeline -> C:\Projects\Hazina\src\Core\AI\Hazina.AI.CognitivePipeline\bin\Debug\net8.0\Hazina.AI.CognitivePipeline.dll
  Hazina.CodeIntelligence -> C:\Projects\Hazina\src\Core\AI\Hazina.CodeIntelligence\bin\Debug\net8.0\Hazina.CodeIntelligence.dll
  Hazina.Observability.Core -> C:\Projects\Hazina\src\Core\Observability\Hazina.Observability.Core\bin\Debug\net8.0\Hazina.Observability.Core.dll
  Hazina.LLMs.SemanticKernel -> C:\Projects\Hazina\src\Core\LLMs.Providers\Hazina.LLMs.SemanticKernel\bin\Debug\net8.0\Hazina.LLMs.SemanticKernel.dll
  Hazina.Observability.AspNetCore -> C:\Projects\Hazina\src\Core\Observability\Hazina.Observability.AspNetCore\bin\Debug\net8.0\Hazina.Observability.AspNetCore.dll
C:\Projects\Hazina\src\Core\Agents\Hazina.Generator\Models\ModifyDocumentRequest.cs(1,14): warning CA1050: Declare types in namespaces (https://learn.microsoft.com/dotnet/fundamentals/code-analysis/quality-rules/ca1050) [C:\Projects\Hazina\src\Core\Agents\Hazina.Generator\Hazina.Generator.csproj::TargetFramework=net8.0]
C:\Projects\Hazina\src\Core\Agents\Hazina.Generator\Models\DeleteDocumentRequest.cs(1,14): warning CA1050: Declare types in namespaces (https://learn.microsoft.com/dotnet/fundamentals/code-analysis/quality-rules/ca1050) [C:\Projects\Hazina\src\Core\Agents\Hazina.Generator\Hazina.Generator.csproj::TargetFramework=net8.0]
C:\Projects\Hazina\src\Core\Agents\Hazina.Generator\Models\DeleteDocumentRequest.cs(6,14): warning CA1050: Declare types in namespaces (https://learn.microsoft.com/dotnet/fundamentals/code-analysis/quality-rules/ca1050) [C:\Projects\Hazina\src\Core\Agents\Hazina.Generator\Hazina.Generator.csproj::TargetFramework=net8.0]
C:\Projects\Hazina\src\Core\Agents\Hazina.Generator\Models\StoreSafetyPolicy.cs(6,14): warning CA1050: Declare types in namespaces (https://learn.microsoft.com/dotnet/fundamentals/code-analysis/quality-rules/ca1050) [C:\Projects\Hazina\src\Core\Agents\Hazina.Generator\Hazina.Generator.csproj::TargetFramework=net8.0]
C:\Projects\Hazina\src\Core\Agents\Hazina.Generator\Models\ModifyDocumentRequest.cs(1,14): warning MA0047: Declare type 'ModifyDocumentRequest' in a namespace (https://github.com/meziantou/Meziantou.Analyzer/blob/main/docs/Rules/MA0047.md) [C:\Projects\Hazina\src\Core\Agents\Hazina.Generator\Hazina.Generator.csproj::TargetFramework=net8.0]
C:\Projects\Hazina\src\Core\Agents\Hazina.Generator\Models\StoreSafetyPolicy.cs(6,14): warning MA0047: Declare type 'StoreSafetyPolicy' in a namespace (https://github.com/meziantou/Meziantou.Analyzer/blob/main/docs/Rules/MA0047.md) [C:\Projects\Hazina\src\Core\Agents\Hazina.Generator\Hazina.Generator.csproj::TargetFramework=net8.0]
C:\Projects\Hazina\src\Core\Agents\Hazina.Generator\Models\DeleteDocumentRequest.cs(6,14): warning MA0047: Declare type 'MoveDocumentRequest' in a namespace (https://github.com/meziantou/Meziantou.Analyzer/blob/main/docs/Rules/MA0047.md) [C:\Projects\Hazina\src\Core\Agents\Hazina.Generator\Hazina.Generator.csproj::TargetFramework=net8.0]
C:\Projects\Hazina\src\Core\Agents\Hazina.Generator\Models\DeleteDocumentRequest.cs(1,14): warning MA0047: Declare type 'DeleteDocumentRequest' in a namespace (https://github.com/meziantou/Meziantou.Analyzer/blob/main/docs/Rules/MA0047.md) [C:\Projects\Hazina\src\Core\Agents\Hazina.Generator\Hazina.Generator.csproj::TargetFramework=net8.0]
C:\Projects\Hazina\src\Core\Agents\Hazina.Generator\Models\DeleteDocumentRequest.cs(6,14): warning MA0048: File name must match type name (https://github.com/meziantou/Meziantou.Analyzer/blob/main/docs/Rules/MA0048.md) [C:\Projects\Hazina\src\Core\Agents\Hazina.Generator\Hazina.Generator.csproj::TargetFramework=net8.0]
C:\Projects\Hazina\src\Core\Agents\Hazina.Generator\Interfaces\IDocumentGenerator.cs(3,18): warning CA1050: Declare types in namespaces (https://learn.microsoft.com/dotnet/fundamentals/code-analysis/quality-rules/ca1050) [C:\Projects\Hazina\src\Core\Agents\Hazina.Generator\Hazina.Generator.csproj::TargetFramework=net8.0]
C:\Projects\Hazina\src\Core\Agents\Hazina.Generator\Core\DocumentGenerator.cs(3,1): warning SA1208: Using directive for 'System.Collections.Generic' should appear before directive for 'OpenAI.Chat' (https://github.com/DotNetAnalyzers/StyleCopAnalyzers/blob/master/documentation/SA1208.md) [C:\Projects\Hazina\src\Core\Agents\Hazina.Generator\Hazina.Generator.csproj::TargetFramework=net8.0]
C:\Projects\Hazina\src\Core\Agents\Hazina.Generator\Core\DocumentGenerator.cs(4,1): warning SA1208: Using directive for 'System.IO' should appear before directive for 'OpenAI.Chat' (https://github.com/DotNetAnalyzers/StyleCopAnalyzers/blob/master/documentation/SA1208.md) [C:\Projects\Hazina\src\Core\Agents\Hazina.Generator\Hazina.Generator.csproj::TargetFramework=net8.0]
C:\Projects\Hazina\src\Core\Agents\Hazina.Generator\Core\DocumentGenerator.cs(5,1): warning SA1208: Using directive for 'System.Security.Cryptography' should appear before directive for 'OpenAI.Chat' (https://github.com/DotNetAnalyzers/StyleCopAnalyzers/blob/master/documentation/SA1208.md) [C:\Projects\Hazina\src\Core\Agents\Hazina.Generator\Hazina.Generator.csproj::TargetFramework=net8.0]
C:\Projects\Hazina\src\Core\Agents\Hazina.Generator\Core\DocumentGenerator.cs(6,1): warning SA1208: Using directive for 'System.Text.Json' should appear before directive for 'OpenAI.Chat' (https://github.com/DotNetAnalyzers/StyleCopAnalyzers/blob/master/documentation/SA1208.md) [C:\Projects\Hazina\src\Core\Agents\Hazina.Generator\Hazina.Generator.csproj::TargetFramework=net8.0]
C:\Projects\Hazina\src\Core\Agents\Hazina.Generator\Core\DocumentGenerator.cs(7,1): warning SA1208: Using directive for 'System.Threading.Channels' should appear before directive for 'OpenAI.Chat' (https://github.com/DotNetAnalyzers/StyleCopAnalyzers/blob/master/documentation/SA1208.md) [C:\Projects\Hazina\src\Core\Agents\Hazina.Generator\Hazina.Generator.csproj::TargetFramework=net8.0]
C:\Projects\Hazina\src\Core\Agents\Hazina.Generator\Core\DocumentGenerator.cs(2,1): warning SA1210: Using directives should be ordered alphabetically by the namespaces (https://github.com/DotNetAnalyzers/StyleCopAnalyzers/blob/master/documentation/SA1210.md) [C:\Projects\Hazina\src\Core\Agents\Hazina.Generator\Hazina.Generator.csproj::TargetFramework=net8.0]
C:\Projects\Hazina\src\Core\Agents\Hazina.Generator\Interfaces\IDocumentGenerator.cs(3,18): warning MA0047: Declare type 'IDocumentGenerator' in a namespace (https://github.com/meziantou/Meziantou.Analyzer/blob/main/docs/Rules/MA0047.md) [C:\Projects\Hazina\src\Core\Agents\Hazina.Generator\Hazina.Generator.csproj::TargetFramework=net8.0]
C:\Projects\Hazina\src\Core\Agents\Hazina.Generator\Models\ModifyDocumentRequest.cs(1,14): warning S3903: Move 'ModifyDocumentRequest' into a named namespace. (https://rules.sonarsource.com/csharp/RSPEC-3903) [C:\Projects\Hazina\src\Core\Agents\Hazina.Generator\Hazina.Generator.csproj::TargetFramework=net8.0]
C:\Projects\Hazina\src\Core\Agents\Hazina.Generator\Core\DocumentGenerator.cs(18,5): warning S125: Remove this commented out code. (https://rules.sonarsource.com/csharp/RSPEC-125) [C:\Projects\Hazina\src\Core\Agents\Hazina.Generator\Hazina.Generator.csproj::TargetFramework=net8.0]
C:\Projects\Hazina\src\Core\Agents\Hazina.Generator\Models\StoreSafetyPolicyViolationException.cs(4,14): warning CA1032: Add the following constructor to StoreSafetyPolicyViolationException: public StoreSafetyPolicyViolationException() (https://learn.microsoft.com/dotnet/fundamentals/code-analysis/quality-rules/ca1032) [C:\Projects\Hazina\src\Core\Agents\Hazina.Generator\Hazina.Generator.csproj::TargetFramework=net8.0]
C:\Projects\Hazina\src\Core\Agents\Hazina.Generator\Core\DocumentGenerator.cs(44,9): warning S125: Remove this commented out code. (https://rules.sonarsource.com/csharp/RSPEC-125) [C:\Projects\Hazina\src\Core\Agents\Hazina.Generator\Hazina.Generator.csproj::TargetFramework=net8.0]
C:\Projects\Hazina\src\Core\Agents\Hazina.Generator\Core\DocumentGenerator.cs(56,9): warning S125: Remove this commented out code. (https://rules.sonarsource.com/csharp/RSPEC-125) [C:\Projects\Hazina\src\Core\Agents\Hazina.Generator\Hazina.Generator.csproj::TargetFramework=net8.0]
C:\Projects\Hazina\src\Core\Agents\Hazina.Generator\Models\StoreSafetyPolicyViolationException.cs(4,14): warning CA1050: Declare types in namespaces (https://learn.microsoft.com/dotnet/fundamentals/code-analysis/quality-rules/ca1050) [C:\Projects\Hazina\src\Core\Agents\Hazina.Generator\Hazina.Generator.csproj::TargetFramework=net8.0]
C:\Projects\Hazina\src\Core\Agents\Hazina.Generator\Models\ModifyDocumentRequest.cs(4,40): warning SA1122: Use string.Empty for empty strings (https://github.com/DotNetAnalyzers/StyleCopAnalyzers/blob/master/documentation/SA1122.md) [C:\Projects\Hazina\src\Core\Agents\Hazina.Generator\Hazina.Generator.csproj::TargetFramework=net8.0]
C:\Projects\Hazina\src\Core\Agents\Hazina.Generator\Models\ModifyDocumentRequest.cs(4,1): warning SA1516: Elements should be separated by blank line (https://github.com/DotNetAnalyzers/StyleCopAnalyzers/blob/master/documentation/SA1516.md) [C:\Projects\Hazina\src\Core\Agents\Hazina.Generator\Hazina.Generator.csproj::TargetFramework=net8.0]
C:\Projects\Hazina\src\Core\Agents\Hazina.Generator\Models\ModifyDocumentRequest.cs(5,1): warning SA1516: Elements should be separated by blank line (https://github.com/DotNetAnalyzers/StyleCopAnalyzers/blob/master/documentation/SA1516.md) [C:\Projects\Hazina\src\Core\Agents\Hazina.Generator\Hazina.Generator.csproj::TargetFramework=net8.0]
C:\Projects\Hazina\src\Core\Agents\Hazina.Generator\Models\StoreSafetyPolicyViolationException.cs(4,14): warning MA0047: Declare type 'StoreSafetyPolicyViolationException' in a namespace (https://github.com/meziantou/Meziantou.Analyzer/blob/main/docs/Rules/MA0047.md) [C:\Projects\Hazina\src\Core\Agents\Hazina.Generator\Hazina.Generator.csproj::TargetFramework=net8.0]
C:\Projects\Hazina\src\Core\Agents\Hazina.Generator\Models\ModifyDocumentRequest.cs(5,44): warning SA1122: Use string.Empty for empty strings (https://github.com/DotNetAnalyzers/StyleCopAnalyzers/blob/master/documentation/SA1122.md) [C:\Projects\Hazina\src\Core\Agents\Hazina.Generator\Hazina.Generator.csproj::TargetFramework=net8.0]
C:\Projects\Hazina\src\Core\Agents\Hazina.Generator\Core\DocumentGenerator.cs(113,9): warning S125: Remove this commented out code. (https://rules.sonarsource.com/csharp/RSPEC-125) [C:\Projects\Hazina\src\Core\Agents\Hazina.Generator\Hazina.Generator.csproj::TargetFramework=net8.0]
C:\Projects\Hazina\src\Core\Agents\Hazina.Generator\Models\StoreSafetyPolicyViolationException.cs(4,14): warning S3903: Move 'StoreSafetyPolicyViolationException' into a named namespace. (https://rules.sonarsource.com/csharp/RSPEC-3903) [C:\Projects\Hazina\src\Core\Agents\Hazina.Generator\Hazina.Generator.csproj::TargetFramework=net8.0]
C:\Projects\Hazina\src\Core\Agents\Hazina.Generator\Models\DeleteDocumentRequest.cs(1,14): warning S3903: Move 'DeleteDocumentRequest' into a named namespace. (https://rules.sonarsource.com/csharp/RSPEC-3903) [C:\Projects\Hazina\src\Core\Agents\Hazina.Generator\Hazina.Generator.csproj::TargetFramework=net8.0]
C:\Projects\Hazina\src\Core\Agents\Hazina.Generator\Interfaces\IDocumentGenerator.cs(3,18): warning S3903: Move 'IDocumentGenerator' into a named namespace. (https://rules.sonarsource.com/csharp/RSPEC-3903) [C:\Projects\Hazina\src\Core\Agents\Hazina.Generator\Hazina.Generator.csproj::TargetFramework=net8.0]
C:\Projects\Hazina\src\Core\Agents\Hazina.Generator\Models\DeleteDocumentRequest.cs(6,14): warning S3903: Move 'MoveDocumentRequest' into a named namespace. (https://rules.sonarsource.com/csharp/RSPEC-3903) [C:\Projects\Hazina\src\Core\Agents\Hazina.Generator\Hazina.Generator.csproj::TargetFramework=net8.0]
C:\Projects\Hazina\src\Core\Agents\Hazina.Generator\Interfaces\IDocumentGenerator.cs(5,31): warning S4136: All 'GetResponse' method overloads should be adjacent. (https://rules.sonarsource.com/csharp/RSPEC-4136) [C:\Projects\Hazina\src\Core\Agents\Hazina.Generator\Hazina.Generator.csproj::TargetFramework=net8.0]
C:\Projects\Hazina\src\Core\Agents\Hazina.Generator\Interfaces\IDocumentGenerator.cs(6,31): warning S4136: All 'StreamResponse' method overloads should be adjacent. (https://rules.sonarsource.com/csharp/RSPEC-4136) [C:\Projects\Hazina\src\Core\Agents\Hazina.Generator\Hazina.Generator.csproj::TargetFramework=net8.0]
C:\Projects\Hazina\src\Core\Agents\Hazina.Generator\Models\DeleteDocumentRequest.cs(9,1): warning SA1516: Elements should be separated by blank line (https://github.com/DotNetAnalyzers/StyleCopAnalyzers/blob/master/documentation/SA1516.md) [C:\Projects\Hazina\src\Core\Agents\Hazina.Generator\Hazina.Generator.csproj::TargetFramework=net8.0]
C:\Projects\Hazina\src\Core\Agents\Hazina.Generator\Interfaces\IDocumentGenerator.cs(6,1): warning SA1516: Elements should be separated by blank line (https://github.com/DotNetAnalyzers/StyleCopAnalyzers/blob/master/documentation/SA1516.md) [C:\Projects\Hazina\src\Core\Agents\Hazina.Generator\Hazina.Generator.csproj::TargetFramework=net8.0]
C:\Projects\Hazina\src\Core\Agents\Hazina.Generator\Interfaces\IDocumentGenerator.cs(7,1): warning SA1516: Elements should be separated by blank line (https://github.com/DotNetAnalyzers/StyleCopAnalyzers/blob/master/documentation/SA1516.md) [C:\Projects\Hazina\src\Core\Agents\Hazina.Generator\Hazina.Generator.csproj::TargetFramework=net8.0]
C:\Projects\Hazina\src\Core\Agents\Hazina.Generator\Interfaces\IDocumentGenerator.cs(8,1): warning SA1516: Elements should be separated by blank line (https://github.com/DotNetAnalyzers/StyleCopAnalyzers/blob/master/documentation/SA1516.md) [C:\Projects\Hazina\src\Core\Agents\Hazina.Generator\Hazina.Generator.csproj::TargetFramework=net8.0]
C:\Projects\Hazina\src\Core\Agents\Hazina.Generator\Interfaces\IDocumentGenerator.cs(9,1): warning SA1516: Elements should be separated by blank line (https://github.com/DotNetAnalyzers/StyleCopAnalyzers/blob/master/documentation/SA1516.md) [C:\Projects\Hazina\src\Core\Agents\Hazina.Generator\Hazina.Generator.csproj::TargetFramework=net8.0]
C:\Projects\Hazina\src\Core\Agents\Hazina.Generator\Interfaces\IDocumentGenerator.cs(10,1): warning SA1516: Elements should be separated by blank line (https://github.com/DotNetAnalyzers/StyleCopAnalyzers/blob/master/documentation/SA1516.md) [C:\Projects\Hazina\src\Core\Agents\Hazina.Generator\Hazina.Generator.csproj::TargetFramework=net8.0]
C:\Projects\Hazina\src\Core\Agents\Hazina.Generator\Models\ModifyDocumentRequest.cs(3,40): warning SA1122: Use string.Empty for empty strings (https://github.com/DotNetAnalyzers/StyleCopAnalyzers/blob/master/documentation/SA1122.md) [C:\Projects\Hazina\src\Core\Agents\Hazina.Generator\Hazina.Generator.csproj::TargetFramework=net8.0]
C:\Projects\Hazina\src\Core\Agents\Hazina.Generator\Models\StoreSafetyPolicyViolationException.cs(1,1): warning SA1514: Element documentation header should be preceded by blank line (https://github.com/DotNetAnalyzers/StyleCopAnalyzers/blob/master/documentation/SA1514.md) [C:\Projects\Hazina\src\Core\Agents\Hazina.Generator\Hazina.Generator.csproj::TargetFramework=net8.0]
C:\Projects\Hazina\src\Core\Agents\Hazina.Generator\Models\UpdateStoreResponse.cs(3,14): warning CA1050: Declare types in namespaces (https://learn.microsoft.com/dotnet/fundamentals/code-analysis/quality-rules/ca1050) [C:\Projects\Hazina\src\Core\Agents\Hazina.Generator\Hazina.Generator.csproj::TargetFramework=net8.0]
C:\Projects\Hazina\src\Core\Agents\Hazina.Generator\Models\UpdateStoreResponse.cs(5,39): warning CA2227: Change 'Moves' to be read-only by removing the property setter (https://learn.microsoft.com/dotnet/fundamentals/code-analysis/quality-rules/ca2227) [C:\Projects\Hazina\src\Core\Agents\Hazina.Generator\Hazina.Generator.csproj::TargetFramework=net8.0]
C:\Projects\Hazina\src\Core\Agents\Hazina.Generator\Models\UpdateStoreResponse.cs(5,39): warning CA1002: Change 'List<MoveDocumentRequest>' in 'UpdateStoreResponse.Moves' to use 'Collection<T>', 'ReadOnlyCollection<T>' or 'KeyedCollection<K,V>' (https://learn.microsoft.com/dotnet/fundamentals/code-analysis/quality-rules/ca1002) [C:\Projects\Hazina\src\Core\Agents\Hazina.Generator\Hazina.Generator.csproj::TargetFramework=net8.0]
C:\Projects\Hazina\src\Core\Agents\Hazina.Generator\Models\UpdateStoreResponse.cs(3,14): warning MA0047: Declare type 'UpdateStoreResponse' in a namespace (https://github.com/meziantou/Meziantou.Analyzer/blob/main/docs/Rules/MA0047.md) [C:\Projects\Hazina\src\Core\Agents\Hazina.Generator\Hazina.Generator.csproj::TargetFramework=net8.0]
C:\Projects\Hazina\src\Core\Agents\Hazina.Generator\Models\UpdateStoreResponse.cs(6,41): warning CA2227: Change 'Deletions' to be read-only by removing the property setter (https://learn.microsoft.com/dotnet/fundamentals/code-analysis/quality-rules/ca2227) [C:\Projects\Hazina\src\Core\Agents\Hazina.Generator\Hazina.Generator.csproj::TargetFramework=net8.0]
C:\Projects\Hazina\src\Core\Agents\Hazina.Generator\Models\UpdateStoreResponse.cs(6,41): warning CA1002: Change 'List<DeleteDocumentRequest>' in 'UpdateStoreResponse.Deletions' to use 'Collection<T>', 'ReadOnlyCollection<T>' or 'KeyedCollection<K,V>' (https://learn.microsoft.com/dotnet/fundamentals/code-analysis/quality-rules/ca1002) [C:\Projects\Hazina\src\Core\Agents\Hazina.Generator\Hazina.Generator.csproj::TargetFramework=net8.0]
C:\Projects\Hazina\src\Core\Agents\Hazina.Generator\Models\DeleteDocumentRequest.cs(3,40): warning SA1122: Use string.Empty for empty strings (https://github.com/DotNetAnalyzers/StyleCopAnalyzers/blob/master/documentation/SA1122.md) [C:\Projects\Hazina\src\Core\Agents\Hazina.Generator\Hazina.Generator.csproj::TargetFramework=net8.0]
C:\Projects\Hazina\src\Core\Agents\Hazina.Generator\Models\UpdateStoreResponse.cs(6,12): warning MA0016: Prefer using collection abstraction instead of implementation (https://github.com/meziantou/Meziantou.Analyzer/blob/main/docs/Rules/MA0016.md) [C:\Projects\Hazina\src\Core\Agents\Hazina.Generator\Hazina.Generator.csproj::TargetFramework=net8.0]
C:\Projects\Hazina\src\Core\Agents\Hazina.Generator\Models\UpdateStoreResponse.cs(7,41): warning CA2227: Change 'Modifications' to be read-only by removing the property setter (https://learn.microsoft.com/dotnet/fundamentals/code-analysis/quality-rules/ca2227) [C:\Projects\Hazina\src\Core\Agents\Hazina.Generator\Hazina.Generator.csproj::TargetFramework=net8.0]
C:\Projects\Hazina\src\Core\Agents\Hazina.Generator\Models\UpdateStoreResponse.cs(7,41): warning CA1002: Change 'List<ModifyDocumentRequest>' in 'UpdateStoreResponse.Modifications' to use 'Collection<T>', 'ReadOnlyCollection<T>' or 'KeyedCollection<K,V>' (https://learn.microsoft.com/dotnet/fundamentals/code-analysis/quality-rules/ca1002) [C:\Projects\Hazina\src\Core\Agents\Hazina.Generator\Hazina.Generator.csproj::TargetFramework=net8.0]
C:\Projects\Hazina\src\Core\Agents\Hazina.Generator\Models\UpdateStoreResponse.cs(7,12): warning MA0016: Prefer using collection abstraction instead of implementation (https://github.com/meziantou/Meziantou.Analyzer/blob/main/docs/Rules/MA0016.md) [C:\Projects\Hazina\src\Core\Agents\Hazina.Generator\Hazina.Generator.csproj::TargetFramework=net8.0]
C:\Projects\Hazina\src\Core\Agents\Hazina.Generator\Models\DeleteDocumentRequest.cs(8,40): warning SA1122: Use string.Empty for empty strings (https://github.com/DotNetAnalyzers/StyleCopAnalyzers/blob/master/documentation/SA1122.md) [C:\Projects\Hazina\src\Core\Agents\Hazina.Generator\Hazina.Generator.csproj::TargetFramework=net8.0]
C:\Projects\Hazina\src\Core\Agents\Hazina.Generator\Models\DeleteDocumentRequest.cs(9,43): warning SA1122: Use string.Empty for empty strings (https://github.com/DotNetAnalyzers/StyleCopAnalyzers/blob/master/documentation/SA1122.md) [C:\Projects\Hazina\src\Core\Agents\Hazina.Generator\Hazina.Generator.csproj::TargetFramework=net8.0]
C:\Projects\Hazina\src\Core\Agents\Hazina.Generator\Models\UpdateStoreResponse.cs(5,12): warning MA0016: Prefer using collection abstraction instead of implementation (https://github.com/meziantou/Meziantou.Analyzer/blob/main/docs/Rules/MA0016.md) [C:\Projects\Hazina\src\Core\Agents\Hazina.Generator\Hazina.Generator.csproj::TargetFramework=net8.0]
C:\Projects\Hazina\src\Core\Agents\Hazina.Generator\Models\UpdateStoreResponse.cs(3,14): warning S3903: Move 'UpdateStoreResponse' into a named namespace. (https://rules.sonarsource.com/csharp/RSPEC-3903) [C:\Projects\Hazina\src\Core\Agents\Hazina.Generator\Hazina.Generator.csproj::TargetFramework=net8.0]
C:\Projects\Hazina\src\Core\Agents\Hazina.Generator\Models\StoreSafetyPolicy.cs(6,14): warning S3903: Move 'StoreSafetyPolicy' into a named namespace. (https://rules.sonarsource.com/csharp/RSPEC-3903) [C:\Projects\Hazina\src\Core\Agents\Hazina.Generator\Hazina.Generator.csproj::TargetFramework=net8.0]
C:\Projects\Hazina\src\Core\Agents\Hazina.Generator\Models\StoreSafetyPolicy.cs(19,28): warning CA2227: Change 'AllowedExtensions' to be read-only by removing the property setter (https://learn.microsoft.com/dotnet/fundamentals/code-analysis/quality-rules/ca2227) [C:\Projects\Hazina\src\Core\Agents\Hazina.Generator\Hazina.Generator.csproj::TargetFramework=net8.0]
C:\Projects\Hazina\src\Core\Agents\Hazina.Generator\Core\DocumentGenerator.cs(1,1): warning SA1633: The file header is missing or not located at the top of the file. (https://github.com/DotNetAnalyzers/StyleCopAnalyzers/blob/master/documentation/SA1633.md) [C:\Projects\Hazina\src\Core\Agents\Hazina.Generator\Hazina.Generator.csproj::TargetFramework=net8.0]
C:\Projects\Hazina\src\Core\Agents\Hazina.Generator\Models\StoreSafetyPolicy.cs(19,12): warning MA0016: Prefer using collection abstraction instead of implementation (https://github.com/meziantou/Meziantou.Analyzer/blob/main/docs/Rules/MA0016.md) [C:\Projects\Hazina\src\Core\Agents\Hazina.Generator\Hazina.Generator.csproj::TargetFramework=net8.0]
C:\Projects\Hazina\src\Core\Agents\Hazina.Generator\Core\DocumentGenerator.cs(14,14): warning CA1050: Declare types in namespaces (https://learn.microsoft.com/dotnet/fundamentals/code-analysis/quality-rules/ca1050) [C:\Projects\Hazina\src\Core\Agents\Hazina.Generator\Hazina.Generator.csproj::TargetFramework=net8.0]
C:\Projects\Hazina\src\Core\Agents\Hazina.Generator\Core\DocumentGenerator.cs(179,1): warning SA1507: Code should not contain multiple blank lines in a row (https://github.com/DotNetAnalyzers/StyleCopAnalyzers/blob/master/documentation/SA1507.md) [C:\Projects\Hazina\src\Core\Agents\Hazina.Generator\Hazina.Generator.csproj::TargetFramework=net8.0]
C:\Projects\Hazina\src\Core\Agents\Hazina.Generator\Models\StoreSafetyPolicy.cs(12,17): warning SA1623: The property's documentation summary text should begin with: 'Gets or sets' (https://github.com/DotNetAnalyzers/StyleCopAnalyzers/blob/master/documentation/SA1623.md) [C:\Projects\Hazina\src\Core\Agents\Hazina.Generator\Hazina.Generator.csproj::TargetFramework=net8.0]
C:\Projects\Hazina\src\Core\Agents\Hazina.Generator\Models\UpdateStoreResponse.cs(8,51): warning SA1122: Use string.Empty for empty strings (https://github.com/DotNetAnalyzers/StyleCopAnalyzers/blob/master/documentation/SA1122.md) [C:\Projects\Hazina\src\Core\Agents\Hazina.Generator\Hazina.Generator.csproj::TargetFramework=net8.0]
C:\Projects\Hazina\src\Core\Agents\Hazina.Generator\Models\StoreSafetyPolicy.cs(31,17): warning SA1623: The property's documentation summary text should begin with: 'Gets or sets a value indicating whether' (https://github.com/DotNetAnalyzers/StyleCopAnalyzers/blob/master/documentation/SA1623.md) [C:\Projects\Hazina\src\Core\Agents\Hazina.Generator\Hazina.Generator.csproj::TargetFramework=net8.0]
C:\Projects\Hazina\src\Core\Agents\Hazina.Generator\Core\DocumentGenerator.cs(20,36): warning CA2227: Change 'BaseMessages' to be read-only by removing the property setter (https://learn.microsoft.com/dotnet/fundamentals/code-analysis/quality-rules/ca2227) [C:\Projects\Hazina\src\Core\Agents\Hazina.Generator\Hazina.Generator.csproj::TargetFramework=net8.0]
C:\Projects\Hazina\src\Core\Agents\Hazina.Generator\Core\DocumentGenerator.cs(20,36): warning CA1002: Change 'List<HazinaChatMessage>' in 'DocumentGenerator.BaseMessages' to use 'Collection<T>', 'ReadOnlyCollection<T>' or 'KeyedCollection<K,V>' (https://learn.microsoft.com/dotnet/fundamentals/code-analysis/quality-rules/ca1002) [C:\Projects\Hazina\src\Core\Agents\Hazina.Generator\Hazina.Generator.csproj::TargetFramework=net8.0]
C:\Projects\Hazina\src\Core\Agents\Hazina.Generator\Core\DocumentGenerator.cs(20,12): warning MA0016: Prefer using collection abstraction instead of implementation (https://github.com/meziantou/Meziantou.Analyzer/blob/main/docs/Rules/MA0016.md) [C:\Projects\Hazina\src\Core\Agents\Hazina.Generator\Hazina.Generator.csproj::TargetFramework=net8.0]
C:\Projects\Hazina\src\Core\Agents\Hazina.Generator\Core\DocumentGenerator.cs(17,36): warning CA2227: Change 'ReadonlyStores' to be read-only by removing the property setter (https://learn.microsoft.com/dotnet/fundamentals/code-analysis/quality-rules/ca2227) [C:\Projects\Hazina\src\Core\Agents\Hazina.Generator\Hazina.Generator.csproj::TargetFramework=net8.0]
C:\Projects\Hazina\src\Core\Agents\Hazina.Generator\Core\DocumentGenerator.cs(17,36): warning CA1002: Change 'List<IDocumentStore>' in 'DocumentGenerator.ReadonlyStores' to use 'Collection<T>', 'ReadOnlyCollection<T>' or 'KeyedCollection<K,V>' (https://learn.microsoft.com/dotnet/fundamentals/code-analysis/quality-rules/ca1002) [C:\Projects\Hazina\src\Core\Agents\Hazina.Generator\Hazina.Generator.csproj::TargetFramework=net8.0]
C:\Projects\Hazina\src\Core\Agents\Hazina.Generator\Core\DocumentGenerator.cs(14,14): warning MA0047: Declare type 'DocumentGenerator' in a namespace (https://github.com/meziantou/Meziantou.Analyzer/blob/main/docs/Rules/MA0047.md) [C:\Projects\Hazina\src\Core\Agents\Hazina.Generator\Hazina.Generator.csproj::TargetFramework=net8.0]
C:\Projects\Hazina\src\Core\Agents\Hazina.Generator\Core\DocumentGenerator.cs(17,15): warning MA0016: Prefer using collection abstraction instead of implementation (https://github.com/meziantou/Meziantou.Analyzer/blob/main/docs/Rules/MA0016.md) [C:\Projects\Hazina\src\Core\Agents\Hazina.Generator\Hazina.Generator.csproj::TargetFramework=net8.0]
C:\Projects\Hazina\src\Core\Agents\Hazina.Generator\Models\StoreSafetyPolicy.cs(19,28): warning SA1623: The property's documentation summary text should begin with: 'Gets or sets' (https://github.com/DotNetAnalyzers/StyleCopAnalyzers/blob/master/documentation/SA1623.md) [C:\Projects\Hazina\src\Core\Agents\Hazina.Generator\Hazina.Generator.csproj::TargetFramework=net8.0]
C:\Projects\Hazina\src\Core\Agents\Hazina.Generator\Models\UpdateStoreResponse.cs(6,1): warning SA1516: Elements should be separated by blank line (https://github.com/DotNetAnalyzers/StyleCopAnalyzers/blob/master/documentation/SA1516.md) [C:\Projects\Hazina\src\Core\Agents\Hazina.Generator\Hazina.Generator.csproj::TargetFramework=net8.0]
C:\Projects\Hazina\src\Core\Agents\Hazina.Generator\Models\UpdateStoreResponse.cs(7,1): warning SA1516: Elements should be separated by blank line (https://github.com/DotNetAnalyzers/StyleCopAnalyzers/blob/master/documentation/SA1516.md) [C:\Projects\Hazina\src\Core\Agents\Hazina.Generator\Hazina.Generator.csproj::TargetFramework=net8.0]
C:\Projects\Hazina\src\Core\Agents\Hazina.Generator\Models\StoreSafetyPolicy.cs(1,1): warning SA1514: Element documentation header should be preceded by blank line (https://github.com/DotNetAnalyzers/StyleCopAnalyzers/blob/master/documentation/SA1514.md) [C:\Projects\Hazina\src\Core\Agents\Hazina.Generator\Hazina.Generator.csproj::TargetFramework=net8.0]
C:\Projects\Hazina\src\Core\Agents\Hazina.Generator\Models\UpdateStoreResponse.cs(8,1): warning SA1516: Elements should be separated by blank line (https://github.com/DotNetAnalyzers/StyleCopAnalyzers/blob/master/documentation/SA1516.md) [C:\Projects\Hazina\src\Core\Agents\Hazina.Generator\Hazina.Generator.csproj::TargetFramework=net8.0]
C:\Projects\Hazina\src\Core\Agents\Hazina.Generator\Core\DocumentGenerator.cs(134,9): warning SA1512: Single-line comments should not be followed by blank line (https://github.com/DotNetAnalyzers/StyleCopAnalyzers/blob/master/documentation/SA1512.md) [C:\Projects\Hazina\src\Core\Agents\Hazina.Generator\Hazina.Generator.csproj::TargetFramework=net8.0]
C:\Projects\Hazina\src\Core\Agents\Hazina.Generator\Interfaces\IDocumentGenerator.cs(6,31): warning CA1068: Method 'IDocumentGenerator.StreamResponse(string, System.Threading.CancellationToken, System.Action<string>, System.Collections.Generic.IEnumerable<HazinaChatMessage>?, bool, bool, Hazina.LLMs.IToolsContext, System.Collections.Generic.List<ImageData>)' should take CancellationToken as the last parameter (https://learn.microsoft.com/dotnet/fundamentals/code-analysis/quality-rules/ca1068) [C:\Projects\Hazina\src\Core\Agents\Hazina.Generator\Hazina.Generator.csproj::TargetFramework=net8.0]
C:\Projects\Hazina\src\Core\Agents\Hazina.Generator\Core\DocumentGenerator.cs(166,14): warning SA1513: Closing brace should be followed by blank line (https://github.com/DotNetAnalyzers/StyleCopAnalyzers/blob/master/documentation/SA1513.md) [C:\Projects\Hazina\src\Core\Agents\Hazina.Generator\Hazina.Generator.csproj::TargetFramework=net8.0]
C:\Projects\Hazina\src\Core\Agents\Hazina.Generator\Core\DocumentGenerator.cs(171,14): warning SA1513: Closing brace should be followed by blank line (https://github.com/DotNetAnalyzers/StyleCopAnalyzers/blob/master/documentation/SA1513.md) [C:\Projects\Hazina\src\Core\Agents\Hazina.Generator\Hazina.Generator.csproj::TargetFramework=net8.0]
C:\Projects\Hazina\src\Core\Agents\Hazina.Generator\Interfaces\IDocumentGenerator.cs(6,250): warning CA1002: Change 'List<ImageData>' in 'IDocumentGenerator.StreamResponse(string, CancellationToken, Action<string>, IEnumerable<HazinaChatMessage>, bool, bool, IToolsContext, List<ImageData>)' to use 'Collection<T>', 'ReadOnlyCollection<T>' or 'KeyedCollection<K,V>' (https://learn.microsoft.com/dotnet/fundamentals/code-analysis/quality-rules/ca1002) [C:\Projects\Hazina\src\Core\Agents\Hazina.Generator\Hazina.Generator.csproj::TargetFramework=net8.0]
C:\Projects\Hazina\src\Core\Agents\Hazina.Generator\Core\DocumentGenerator.cs(203,14): warning SA1513: Closing brace should be followed by blank line (https://github.com/DotNetAnalyzers/StyleCopAnalyzers/blob/master/documentation/SA1513.md) [C:\Projects\Hazina\src\Core\Agents\Hazina.Generator\Hazina.Generator.csproj::TargetFramework=net8.0]
C:\Projects\Hazina\src\Core\Agents\Hazina.Generator\Interfaces\IDocumentGenerator.cs(7,38): warning CA1068: Method 'IDocumentGenerator.GetResponse<ResponseType>(string, System.Threading.CancellationToken, System.Collections.Generic.IEnumerable<HazinaChatMessage>?, bool, bool, Hazina.LLMs.IToolsContext, System.Collections.Generic.List<ImageData>)' should take CancellationToken as the last parameter (https://learn.microsoft.com/dotnet/fundamentals/code-analysis/quality-rules/ca1068) [C:\Projects\Hazina\src\Core\Agents\Hazina.Generator\Hazina.Generator.csproj::TargetFramework=net8.0]
C:\Projects\Hazina\src\Core\Agents\Hazina.Generator\Core\DocumentGenerator.cs(210,10): warning SA1513: Closing brace should be followed by blank line (https://github.com/DotNetAnalyzers/StyleCopAnalyzers/blob/master/documentation/SA1513.md) [C:\Projects\Hazina\src\Core\Agents\Hazina.Generator\Hazina.Generator.csproj::TargetFramework=net8.0]
C:\Projects\Hazina\src\Core\Agents\Hazina.Generator\Core\DocumentGenerator.cs(216,10): warning SA1513: Closing brace should be followed by blank line (https://github.com/DotNetAnalyzers/StyleCopAnalyzers/blob/master/documentation/SA1513.md) [C:\Projects\Hazina\src\Core\Agents\Hazina.Generator\Hazina.Generator.csproj::TargetFramework=net8.0]
C:\Projects\Hazina\src\Core\Agents\Hazina.Generator\Core\DocumentGenerator.cs(223,10): warning SA1513: Closing brace should be followed by blank line (https://github.com/DotNetAnalyzers/StyleCopAnalyzers/blob/master/documentation/SA1513.md) [C:\Projects\Hazina\src\Core\Agents\Hazina.Generator\Hazina.Generator.csproj::TargetFramework=net8.0]
C:\Projects\Hazina\src\Core\Agents\Hazina.Generator\Interfaces\IDocumentGenerator.cs(7,236): warning CA1002: Change 'List<ImageData>' in 'IDocumentGenerator.GetResponse<ResponseType>(string, CancellationToken, IEnumerable<HazinaChatMessage>, bool, bool, IToolsContext, List<ImageData>)' to use 'Collection<T>', 'ReadOnlyCollection<T>' or 'KeyedCollection<K,V>' (https://learn.microsoft.com/dotnet/fundamentals/code-analysis/quality-rules/ca1002) [C:\Projects\Hazina\src\Core\Agents\Hazina.Generator\Hazina.Generator.csproj::TargetFramework=net8.0]
C:\Projects\Hazina\src\Core\Agents\Hazina.Generator\Core\DocumentGenerator.cs(18,5): warning SA1515: Single-line comment should be preceded by blank line (https://github.com/DotNetAnalyzers/StyleCopAnalyzers/blob/master/documentation/SA1515.md) [C:\Projects\Hazina\src\Core\Agents\Hazina.Generator\Hazina.Generator.csproj::TargetFramework=net8.0]
C:\Projects\Hazina\src\Core\Agents\Hazina.Generator\Interfaces\IDocumentGenerator.cs(7,50): warning CA1715: Prefix generic type parameter name ResponseType with 'T' (https://learn.microsoft.com/dotnet/fundamentals/code-analysis/quality-rules/ca1715) [C:\Projects\Hazina\src\Core\Agents\Hazina.Generator\Hazina.Generator.csproj::TargetFramework=net8.0]
C:\Projects\Hazina\src\Core\Agents\Hazina.Generator\Core\DocumentGenerator.cs(44,9): warning SA1515: Single-line comment should be preceded by blank line (https://github.com/DotNetAnalyzers/StyleCopAnalyzers/blob/master/documentation/SA1515.md) [C:\Projects\Hazina\src\Core\Agents\Hazina.Generator\Hazina.Generator.csproj::TargetFramework=net8.0]
C:\Projects\Hazina\src\Core\Agents\Hazina.Generator\Core\DocumentGenerator.cs(56,9): warning SA1515: Single-line comment should be preceded by blank line (https://github.com/DotNetAnalyzers/StyleCopAnalyzers/blob/master/documentation/SA1515.md) [C:\Projects\Hazina\src\Core\Agents\Hazina.Generator\Hazina.Generator.csproj::TargetFramework=net8.0]
C:\Projects\Hazina\src\Core\Agents\Hazina.Generator\Interfaces\IDocumentGenerator.cs(8,38): warning CA1068: Method 'IDocumentGenerator.StreamResponse<ResponseType>(string, System.Threading.CancellationToken, System.Action<string>, System.Collections.Generic.IEnumerable<HazinaChatMessage>?, bool, bool, Hazina.LLMs.IToolsContext, System.Collections.Generic.List<ImageData>)' should take CancellationToken as the last parameter (https://learn.microsoft.com/dotnet/fundamentals/code-analysis/quality-rules/ca1068) [C:\Projects\Hazina\src\Core\Agents\Hazina.Generator\Hazina.Generator.csproj::TargetFramework=net8.0]
C:\Projects\Hazina\src\Core\Agents\Hazina.Generator\Interfaces\IDocumentGenerator.cs(8,271): warning CA1002: Change 'List<ImageData>' in 'IDocumentGenerator.StreamResponse<ResponseType>(string, CancellationToken, Action<string>, IEnumerable<HazinaChatMessage>, bool, bool, IToolsContext, List<ImageData>)' to use 'Collection<T>', 'ReadOnlyCollection<T>' or 'KeyedCollection<K,V>' (https://learn.microsoft.com/dotnet/fundamentals/code-analysis/quality-rules/ca1002) [C:\Projects\Hazina\src\Core\Agents\Hazina.Generator\Hazina.Generator.csproj::TargetFramework=net8.0]
C:\Projects\Hazina\src\Core\Agents\Hazina.Generator\Interfaces\IDocumentGenerator.cs(8,53): warning CA1715: Prefix generic type parameter name ResponseType with 'T' (https://learn.microsoft.com/dotnet/fundamentals/code-analysis/quality-rules/ca1715) [C:\Projects\Hazina\src\Core\Agents\Hazina.Generator\Hazina.Generator.csproj::TargetFramework=net8.0]
C:\Projects\Hazina\src\Core\Agents\Hazina.Generator\Interfaces\IDocumentGenerator.cs(7,220): warning MA0016: Prefer using collection abstraction instead of implementation (https://github.com/meziantou/Meziantou.Analyzer/blob/main/docs/Rules/MA0016.md) [C:\Projects\Hazina\src\Core\Agents\Hazina.Generator\Hazina.Generator.csproj::TargetFramework=net8.0]
C:\Projects\Hazina\src\Core\Agents\Hazina.Generator\Interfaces\IDocumentGenerator.cs(9,31): warning CA1068: Method 'IDocumentGenerator.UpdateStore(string, System.Threading.CancellationToken, System.Collections.Generic.IEnumerable<HazinaChatMessage>?, bool, bool, Hazina.LLMs.IToolsContext, System.Collections.Generic.List<ImageData>)' should take CancellationToken as the last parameter (https://learn.microsoft.com/dotnet/fundamentals/code-analysis/quality-rules/ca1068) [C:\Projects\Hazina\src\Core\Agents\Hazina.Generator\Hazina.Generator.csproj::TargetFramework=net8.0]
C:\Projects\Hazina\src\Core\Agents\Hazina.Generator\Interfaces\IDocumentGenerator.cs(8,255): warning MA0016: Prefer using collection abstraction instead of implementation (https://github.com/meziantou/Meziantou.Analyzer/blob/main/docs/Rules/MA0016.md) [C:\Projects\Hazina\src\Core\Agents\Hazina.Generator\Hazina.Generator.csproj::TargetFramework=net8.0]
C:\Projects\Hazina\src\Core\Agents\Hazina.Generator\Interfaces\IDocumentGenerator.cs(9,215): warning CA1002: Change 'List<ImageData>' in 'IDocumentGenerator.UpdateStore(string, CancellationToken, IEnumerable<HazinaChatMessage>, bool, bool, IToolsContext, List<ImageData>)' to use 'Collection<T>', 'ReadOnlyCollection<T>' or 'KeyedCollection<K,V>' (https://learn.microsoft.com/dotnet/fundamentals/code-analysis/quality-rules/ca1002) [C:\Projects\Hazina\src\Core\Agents\Hazina.Generator\Hazina.Generator.csproj::TargetFramework=net8.0]
C:\Projects\Hazina\src\Core\Agents\Hazina.Generator\Core\DocumentGenerator.cs(30,29): warning CA1051: Do not declare visible instance fields (https://learn.microsoft.com/dotnet/fundamentals/code-analysis/quality-rules/ca1051) [C:\Projects\Hazina\src\Core\Agents\Hazina.Generator\Hazina.Generator.csproj::TargetFramework=net8.0]
C:\Projects\Hazina\src\Core\Agents\Hazina.Generator\Interfaces\IDocumentGenerator.cs(9,199): warning MA0016: Prefer using collection abstraction instead of implementation (https://github.com/meziantou/Meziantou.Analyzer/blob/main/docs/Rules/MA0016.md) [C:\Projects\Hazina\src\Core\Agents\Hazina.Generator\Hazina.Generator.csproj::TargetFramework=net8.0]
C:\Projects\Hazina\src\Core\Agents\Hazina.Generator\Core\DocumentGenerator.cs(30,29): warning SA1401: Field should be private (https://github.com/DotNetAnalyzers/StyleCopAnalyzers/blob/master/documentation/SA1401.md) [C:\Projects\Hazina\src\Core\Agents\Hazina.Generator\Hazina.Generator.csproj::TargetFramework=net8.0]
C:\Projects\Hazina\src\Core\Agents\Hazina.Generator\Interfaces\IDocumentGenerator.cs(10,31): warning CA1068: Method 'IDocumentGenerator.StreamUpdateStore(string, System.Threading.CancellationToken, System.Action<string>, System.Collections.Generic.IEnumerable<HazinaChatMessage>?, bool, bool, Hazina.LLMs.IToolsContext, System.Collections.Generic.List<ImageData>)' should take CancellationToken as the last parameter (https://learn.microsoft.com/dotnet/fundamentals/code-analysis/quality-rules/ca1068) [C:\Projects\Hazina\src\Core\Agents\Hazina.Generator\Hazina.Generator.csproj::TargetFramework=net8.0]
C:\Projects\Hazina\src\Core\Agents\Hazina.Generator\Interfaces\IDocumentGenerator.cs(10,253): warning CA1002: Change 'List<ImageData>' in 'IDocumentGenerator.StreamUpdateStore(string, CancellationToken, Action<string>, IEnumerable<HazinaChatMessage>, bool, bool, IToolsContext, List<ImageData>)' to use 'Collection<T>', 'ReadOnlyCollection<T>' or 'KeyedCollection<K,V>' (https://learn.microsoft.com/dotnet/fundamentals/code-analysis/quality-rules/ca1002) [C:\Projects\Hazina\src\Core\Agents\Hazina.Generator\Hazina.Generator.csproj::TargetFramework=net8.0]
C:\Projects\Hazina\src\Core\Agents\Hazina.Generator\Interfaces\IDocumentGenerator.cs(5,31): warning CA1068: Method 'IDocumentGenerator.GetResponse(string, System.Threading.CancellationToken, System.Collections.Generic.IEnumerable<HazinaChatMessage>?, bool, bool, Hazina.LLMs.IToolsContext, System.Collections.Generic.List<ImageData>)' should take CancellationToken as the last parameter (https://learn.microsoft.com/dotnet/fundamentals/code-analysis/quality-rules/ca1068) [C:\Projects\Hazina\src\Core\Agents\Hazina.Generator\Hazina.Generator.csproj::TargetFramework=net8.0]
C:\Projects\Hazina\src\Core\Agents\Hazina.Generator\Interfaces\IDocumentGenerator.cs(5,215): warning CA1002: Change 'List<ImageData>' in 'IDocumentGenerator.GetResponse(string, CancellationToken, IEnumerable<HazinaChatMessage>, bool, bool, IToolsContext, List<ImageData>)' to use 'Collection<T>', 'ReadOnlyCollection<T>' or 'KeyedCollection<K,V>' (https://learn.microsoft.com/dotnet/fundamentals/code-analysis/quality-rules/ca1002) [C:\Projects\Hazina\src\Core\Agents\Hazina.Generator\Hazina.Generator.csproj::TargetFramework=net8.0]
C:\Projects\Hazina\src\Core\Agents\Hazina.Generator\Core\DocumentGenerator.cs(28,30): warning SA1623: The property's documentation summary text should begin with: 'Gets or sets' (https://github.com/DotNetAnalyzers/StyleCopAnalyzers/blob/master/documentation/SA1623.md) [C:\Projects\Hazina\src\Core\Agents\Hazina.Generator\Hazina.Generator.csproj::TargetFramework=net8.0]
C:\Projects\Hazina\src\Core\Agents\Hazina.Generator\Core\DocumentGenerator.cs(30,29): warning S1104: Make this field 'private' and encapsulate it in a 'public' property. (https://rules.sonarsource.com/csharp/RSPEC-1104) [C:\Projects\Hazina\src\Core\Agents\Hazina.Generator\Hazina.Generator.csproj::TargetFramework=net8.0]
C:\Projects\Hazina\src\Core\Agents\Hazina.Generator\Interfaces\IDocumentGenerator.cs(5,199): warning MA0016: Prefer using collection abstraction instead of implementation (https://github.com/meziantou/Meziantou.Analyzer/blob/main/docs/Rules/MA0016.md) [C:\Projects\Hazina\src\Core\Agents\Hazina.Generator\Hazina.Generator.csproj::TargetFramework=net8.0]
C:\Projects\Hazina\src\Core\Agents\Hazina.Generator\Interfaces\IDocumentGenerator.cs(6,234): warning MA0016: Prefer using collection abstraction instead of implementation (https://github.com/meziantou/Meziantou.Analyzer/blob/main/docs/Rules/MA0016.md) [C:\Projects\Hazina\src\Core\Agents\Hazina.Generator\Hazina.Generator.csproj::TargetFramework=net8.0]
C:\Projects\Hazina\src\Core\Agents\Hazina.Generator\Interfaces\IDocumentGenerator.cs(7,50): warning SA1314: Type parameter names should begin with T (https://github.com/DotNetAnalyzers/StyleCopAnalyzers/blob/master/documentation/SA1314.md) [C:\Projects\Hazina\src\Core\Agents\Hazina.Generator\Hazina.Generator.csproj::TargetFramework=net8.0]
C:\Projects\Hazina\src\Core\Agents\Hazina.Generator\Interfaces\IDocumentGenerator.cs(7,244): warning SA1127: Generic type constraints should be on their own line (https://github.com/DotNetAnalyzers/StyleCopAnalyzers/blob/master/documentation/SA1127.md) [C:\Projects\Hazina\src\Core\Agents\Hazina.Generator\Hazina.Generator.csproj::TargetFramework=net8.0]
C:\Projects\Hazina\src\Core\Agents\Hazina.Generator\Interfaces\IDocumentGenerator.cs(10,237): warning MA0016: Prefer using collection abstraction instead of implementation (https://github.com/meziantou/Meziantou.Analyzer/blob/main/docs/Rules/MA0016.md) [C:\Projects\Hazina\src\Core\Agents\Hazina.Generator\Hazina.Generator.csproj::TargetFramework=net8.0]
C:\Projects\Hazina\src\Core\Agents\Hazina.Generator\Interfaces\IDocumentGenerator.cs(8,53): warning SA1314: Type parameter names should begin with T (https://github.com/DotNetAnalyzers/StyleCopAnalyzers/blob/master/documentation/SA1314.md) [C:\Projects\Hazina\src\Core\Agents\Hazina.Generator\Hazina.Generator.csproj::TargetFramework=net8.0]
C:\Projects\Hazina\src\Core\Agents\Hazina.Generator\Interfaces\IDocumentGenerator.cs(8,279): warning SA1127: Generic type constraints should be on their own line (https://github.com/DotNetAnalyzers/StyleCopAnalyzers/blob/master/documentation/SA1127.md) [C:\Projects\Hazina\src\Core\Agents\Hazina.Generator\Hazina.Generator.csproj::TargetFramework=net8.0]
C:\Projects\Hazina\src\Core\Agents\Hazina.Generator\Core\DocumentGenerator.cs(189,9): warning SA1000: The keyword 'if' should be followed by a space (https://github.com/DotNetAnalyzers/StyleCopAnalyzers/blob/master/documentation/SA1000.md) [C:\Projects\Hazina\src\Core\Agents\Hazina.Generator\Hazina.Generator.csproj::TargetFramework=net8.0]
C:\Projects\Hazina\src\Core\Agents\Hazina.Generator\Core\DocumentGenerator.cs(200,13): warning SA1000: The keyword 'foreach' should be followed by a space (https://github.com/DotNetAnalyzers/StyleCopAnalyzers/blob/master/documentation/SA1000.md) [C:\Projects\Hazina\src\Core\Agents\Hazina.Generator\Hazina.Generator.csproj::TargetFramework=net8.0]
C:\Projects\Hazina\src\Core\Agents\Hazina.Generator\Core\DocumentGenerator.cs(218,9): warning SA1000: The keyword 'if' should be followed by a space (https://github.com/DotNetAnalyzers/StyleCopAnalyzers/blob/master/documentation/SA1000.md) [C:\Projects\Hazina\src\Core\Agents\Hazina.Generator\Hazina.Generator.csproj::TargetFramework=net8.0]
C:\Projects\Hazina\src\Core\Agents\Hazina.Generator\Core\DocumentGenerator.cs(14,14): warning S3903: Move 'DocumentGenerator' into a named namespace. (https://rules.sonarsource.com/csharp/RSPEC-3903) [C:\Projects\Hazina\src\Core\Agents\Hazina.Generator\Hazina.Generator.csproj::TargetFramework=net8.0]
C:\Projects\Hazina\src\Core\Agents\Hazina.Generator\Core\DocumentGenerator.cs(61,44): warning S4136: All 'GetResponse' method overloads should be adjacent. (https://rules.sonarsource.com/csharp/RSPEC-4136) [C:\Projects\Hazina\src\Core\Agents\Hazina.Generator\Hazina.Generator.csproj::TargetFramework=net8.0]
C:\Projects\Hazina\src\Core\Agents\Hazina.Generator\Core\DocumentGenerator.cs(73,44): warning S4136: All 'StreamResponse' method overloads should be adjacent. (https://rules.sonarsource.com/csharp/RSPEC-4136) [C:\Projects\Hazina\src\Core\Agents\Hazina.Generator\Hazina.Generator.csproj::TargetFramework=net8.0]
C:\Projects\Hazina\src\Core\Agents\Hazina.Generator\Core\DocumentGenerator.cs(18,5): warning SA1005: Single line comment should begin with a space (https://github.com/DotNetAnalyzers/StyleCopAnalyzers/blob/master/documentation/SA1005.md) [C:\Projects\Hazina\src\Core\Agents\Hazina.Generator\Hazina.Generator.csproj::TargetFramework=net8.0]
C:\Projects\Hazina\src\Core\Agents\Hazina.Generator\Core\DocumentGenerator.cs(19,5): warning SA1005: Single line comment should begin with a space (https://github.com/DotNetAnalyzers/StyleCopAnalyzers/blob/master/documentation/SA1005.md) [C:\Projects\Hazina\src\Core\Agents\Hazina.Generator\Hazina.Generator.csproj::TargetFramework=net8.0]
C:\Projects\Hazina\src\Core\Agents\Hazina.Generator\Core\DocumentGenerator.cs(44,9): warning SA1005: Single line comment should begin with a space (https://github.com/DotNetAnalyzers/StyleCopAnalyzers/blob/master/documentation/SA1005.md) [C:\Projects\Hazina\src\Core\Agents\Hazina.Generator\Hazina.Generator.csproj::TargetFramework=net8.0]
C:\Projects\Hazina\src\Core\Agents\Hazina.Generator\Core\DocumentGenerator.cs(45,9): warning SA1005: Single line comment should begin with a space (https://github.com/DotNetAnalyzers/StyleCopAnalyzers/blob/master/documentation/SA1005.md) [C:\Projects\Hazina\src\Core\Agents\Hazina.Generator\Hazina.Generator.csproj::TargetFramework=net8.0]
C:\Projects\Hazina\src\Core\Agents\Hazina.Generator\Core\DocumentGenerator.cs(56,9): warning SA1005: Single line comment should begin with a space (https://github.com/DotNetAnalyzers/StyleCopAnalyzers/blob/master/documentation/SA1005.md) [C:\Projects\Hazina\src\Core\Agents\Hazina.Generator\Hazina.Generator.csproj::TargetFramework=net8.0]
C:\Projects\Hazina\src\Core\Agents\Hazina.Generator\Core\DocumentGenerator.cs(57,9): warning SA1005: Single line comment should begin with a space (https://github.com/DotNetAnalyzers/StyleCopAnalyzers/blob/master/documentation/SA1005.md) [C:\Projects\Hazina\src\Core\Agents\Hazina.Generator\Hazina.Generator.csproj::TargetFramework=net8.0]
C:\Projects\Hazina\src\Core\Agents\Hazina.Generator\Core\DocumentGenerator.cs(58,9): warning SA1005: Single line comment should begin with a space (https://github.com/DotNetAnalyzers/StyleCopAnalyzers/blob/master/documentation/SA1005.md) [C:\Projects\Hazina\src\Core\Agents\Hazina.Generator\Hazina.Generator.csproj::TargetFramework=net8.0]
C:\Projects\Hazina\src\Core\Agents\Hazina.Generator\Core\DocumentGenerator.cs(113,9): warning SA1005: Single line comment should begin with a space (https://github.com/DotNetAnalyzers/StyleCopAnalyzers/blob/master/documentation/SA1005.md) [C:\Projects\Hazina\src\Core\Agents\Hazina.Generator\Hazina.Generator.csproj::TargetFramework=net8.0]
C:\Projects\Hazina\src\Core\Agents\Hazina.Generator\Core\DocumentGenerator.cs(133,9): warning SA1005: Single line comment should begin with a space (https://github.com/DotNetAnalyzers/StyleCopAnalyzers/blob/master/documentation/SA1005.md) [C:\Projects\Hazina\src\Core\Agents\Hazina.Generator\Hazina.Generator.csproj::TargetFramework=net8.0]
C:\Projects\Hazina\src\Core\Agents\Hazina.Generator\Core\DocumentGenerator.cs(134,9): warning SA1005: Single line comment should begin with a space (https://github.com/DotNetAnalyzers/StyleCopAnalyzers/blob/master/documentation/SA1005.md) [C:\Projects\Hazina\src\Core\Agents\Hazina.Generator\Hazina.Generator.csproj::TargetFramework=net8.0]
C:\Projects\Hazina\src\Core\Agents\Hazina.Generator\Core\DocumentGenerator.cs(32,270): warning CA1002: Change 'List<ImageData>' in 'DocumentGenerator.GetImage(string, CancellationToken, [IEnumerable<HazinaChatMessage>], [bool], [bool], [IToolsContext], [List<ImageData>])' to use 'Collection<T>', 'ReadOnlyCollection<T>' or 'KeyedCollection<K,V>' (https://learn.microsoft.com/dotnet/fundamentals/code-analysis/quality-rules/ca1002) [C:\Projects\Hazina\src\Core\Agents\Hazina.Generator\Hazina.Generator.csproj::TargetFramework=net8.0]
C:\Projects\Hazina\src\Core\Agents\Hazina.Generator\Core\DocumentGenerator.cs(32,253): warning MA0016: Prefer using collection abstraction instead of implementation (https://github.com/meziantou/Meziantou.Analyzer/blob/main/docs/Rules/MA0016.md) [C:\Projects\Hazina\src\Core\Agents\Hazina.Generator\Hazina.Generator.csproj::TargetFramework=net8.0]
C:\Projects\Hazina\src\Core\Agents\Hazina.Generator\Core\DocumentGenerator.cs(17,1): warning SA1516: Elements should be separated by blank line (https://github.com/DotNetAnalyzers/StyleCopAnalyzers/blob/master/documentation/SA1516.md) [C:\Projects\Hazina\src\Core\Agents\Hazina.Generator\Hazina.Generator.csproj::TargetFramework=net8.0]
C:\Projects\Hazina\src\Core\Agents\Hazina.Generator\Core\DocumentGenerator.cs(18,1): warning SA1516: Elements should be separated by blank line (https://github.com/DotNetAnalyzers/StyleCopAnalyzers/blob/master/documentation/SA1516.md) [C:\Projects\Hazina\src\Core\Agents\Hazina.Generator\Hazina.Generator.csproj::TargetFramework=net8.0]
C:\Projects\Hazina\src\Core\Agents\Hazina.Generator\Core\DocumentGenerator.cs(21,1): warning SA1516: Elements should be separated by blank line (https://github.com/DotNetAnalyzers/StyleCopAnalyzers/blob/master/documentation/SA1516.md) [C:\Projects\Hazina\src\Core\Agents\Hazina.Generator\Hazina.Generator.csproj::TargetFramework=net8.0]
C:\Projects\Hazina\src\Core\Agents\Hazina.Generator\Core\DocumentGenerator.cs(22,1): warning SA1516: Elements should be separated by blank line (https://github.com/DotNetAnalyzers/StyleCopAnalyzers/blob/master/documentation/SA1516.md) [C:\Projects\Hazina\src\Core\Agents\Hazina.Generator\Hazina.Generator.csproj::TargetFramework=net8.0]
C:\Projects\Hazina\src\Core\Agents\Hazina.Generator\Core\DocumentGenerator.cs(38,76): warning CA1002: Change 'List<HazinaChatMessage>' in 'DocumentGenerator.DocumentGenerator(IDocumentStore, List<HazinaChatMessage>, ILLMClient, List<IDocumentStore>)' to use 'Collection<T>', 'ReadOnlyCollection<T>' or 'KeyedCollection<K,V>' (https://learn.microsoft.com/dotnet/fundamentals/code-analysis/quality-rules/ca1002) [C:\Projects\Hazina\src\Core\Agents\Hazina.Generator\Hazina.Generator.csproj::TargetFramework=net8.0]
C:\Projects\Hazina\src\Core\Agents\Hazina.Generator\Core\DocumentGenerator.cs(38,130): warning CA1002: Change 'List<IDocumentStore>' in 'DocumentGenerator.DocumentGenerator(IDocumentStore, List<HazinaChatMessage>, ILLMClient, List<IDocumentStore>)' to use 'Collection<T>', 'ReadOnlyCollection<T>' or 'KeyedCollection<K,V>' (https://learn.microsoft.com/dotnet/fundamentals/code-analysis/quality-rules/ca1002) [C:\Projects\Hazina\src\Core\Agents\Hazina.Generator\Hazina.Generator.csproj::TargetFramework=net8.0]
C:\Projects\Hazina\src\Core\Agents\Hazina.Generator\Core\DocumentGenerator.cs(38,52): warning MA0016: Prefer using collection abstraction instead of implementation (https://github.com/meziantou/Meziantou.Analyzer/blob/main/docs/Rules/MA0016.md) [C:\Projects\Hazina\src\Core\Agents\Hazina.Generator\Hazina.Generator.csproj::TargetFramework=net8.0]
C:\Projects\Hazina\src\Core\Agents\Hazina.Generator\Core\DocumentGenerator.cs(38,109): warning MA0016: Prefer using collection abstraction instead of implementation (https://github.com/meziantou/Meziantou.Analyzer/blob/main/docs/Rules/MA0016.md) [C:\Projects\Hazina\src\Core\Agents\Hazina.Generator\Hazina.Generator.csproj::TargetFramework=net8.0]
C:\Projects\Hazina\src\Core\Agents\Hazina.Generator\Core\DocumentGenerator.cs(49,76): warning CA1002: Change 'List<HazinaChatMessage>' in 'DocumentGenerator.DocumentGenerator(IDocumentStore, List<HazinaChatMessage>, ILLMClient, string, string, List<IDocumentStore>)' to use 'Collection<T>', 'ReadOnlyCollection<T>' or 'KeyedCollection<K,V>' (https://learn.microsoft.com/dotnet/fundamentals/code-analysis/quality-rules/ca1002) [C:\Projects\Hazina\src\Core\Agents\Hazina.Generator\Hazina.Generator.csproj::TargetFramework=net8.0]
C:\Projects\Hazina\src\Core\Agents\Hazina.Generator\Core\DocumentGenerator.cs(49,171): warning CA1002: Change 'List<IDocumentStore>' in 'DocumentGenerator.DocumentGenerator(IDocumentStore, List<HazinaChatMessage>, ILLMClient, string, string, List<IDocumentStore>)' to use 'Collection<T>', 'ReadOnlyCollection<T>' or 'KeyedCollection<K,V>' (https://learn.microsoft.com/dotnet/fundamentals/code-analysis/quality-rules/ca1002) [C:\Projects\Hazina\src\Core\Agents\Hazina.Generator\Hazina.Generator.csproj::TargetFramework=net8.0]
C:\Projects\Hazina\src\Core\Agents\Hazina.Generator\Core\DocumentGenerator.cs(49,52): warning MA0016: Prefer using collection abstraction instead of implementation (https://github.com/meziantou/Meziantou.Analyzer/blob/main/docs/Rules/MA0016.md) [C:\Projects\Hazina\src\Core\Agents\Hazina.Generator\Hazina.Generator.csproj::TargetFramework=net8.0]
C:\Projects\Hazina\src\Core\Agents\Hazina.Generator\Core\DocumentGenerator.cs(49,150): warning MA0016: Prefer using collection abstraction instead of implementation (https://github.com/meziantou/Meziantou.Analyzer/blob/main/docs/Rules/MA0016.md) [C:\Projects\Hazina\src\Core\Agents\Hazina.Generator\Hazina.Generator.csproj::TargetFramework=net8.0]
C:\Projects\Hazina\src\Core\Agents\Hazina.Generator\Models\StoreSafetyPolicyViolationException.cs(6,64): warning SA1128: Put constructor initializers on their own line (https://github.com/DotNetAnalyzers/StyleCopAnalyzers/blob/master/documentation/SA1128.md) [C:\Projects\Hazina\src\Core\Agents\Hazina.Generator\Hazina.Generator.csproj::TargetFramework=net8.0]
C:\Projects\Hazina\src\Core\Agents\Hazina.Generator\Core\DocumentGenerator.cs(67,284): warning CA1002: Change 'List<ImageData>' in 'DocumentGenerator.GetResponse(IEnumerable<HazinaChatMessage>, CancellationToken, [IEnumerable<HazinaChatMessage>], [bool], [bool], [IToolsContext], [List<ImageData>])' to use 'Collection<T>', 'ReadOnlyCollection<T>' or 'KeyedCollection<K,V>' (https://learn.microsoft.com/dotnet/fundamentals/code-analysis/quality-rules/ca1002) [C:\Projects\Hazina\src\Core\Agents\Hazina.Generator\Hazina.Generator.csproj::TargetFramework=net8.0]
C:\Projects\Hazina\src\Core\Agents\Hazina.Generator\Core\DocumentGenerator.cs(61,63): warning CA1725: In member Task<LLMResponse<string>> DocumentGenerator.GetResponse(string message, CancellationToken cancel, IEnumerable<HazinaChatMessage>? history = null, bool addRelevantDocuments = true, bool addFilesList = true, IToolsContext? toolsContext = null, List<ImageData>? images = null), change parameter name message to query in order to match the identifier as it has been declared in Task<LLMResponse<string>> IDocumentGenerator.GetResponse(string query, CancellationToken cancel, IEnumerable<HazinaChatMessage>? messages, bool addRelevantDocuments, bool addFilesList, IToolsContext toolsContext, List<ImageData> images) (https://learn.microsoft.com/dotnet/fundamentals/code-analysis/quality-rules/ca1725) [C:\Projects\Hazina\src\Core\Agents\Hazina.Generator\Hazina.Generator.csproj::TargetFramework=net8.0]
C:\Projects\Hazina\src\Core\Agents\Hazina.Generator\Core\DocumentGenerator.cs(61,130): warning CA1725: In member Task<LLMResponse<string>> DocumentGenerator.GetResponse(string message, CancellationToken cancel, IEnumerable<HazinaChatMessage>? history = null, bool addRelevantDocuments = true, bool addFilesList = true, IToolsContext? toolsContext = null, List<ImageData>? images = null), change parameter name history to messages in order to match the identifier as it has been declared in Task<LLMResponse<string>> IDocumentGenerator.GetResponse(string query, CancellationToken cancel, IEnumerable<HazinaChatMessage>? messages, bool addRelevantDocuments, bool addFilesList, IToolsContext toolsContext, List<ImageData> images) (https://learn.microsoft.com/dotnet/fundamentals/code-analysis/quality-rules/ca1725) [C:\Projects\Hazina\src\Core\Agents\Hazina.Generator\Hazina.Generator.csproj::TargetFramework=net8.0]
C:\Projects\Hazina\src\Core\Agents\Hazina.Generator\Core\DocumentGenerator.cs(67,267): warning MA0016: Prefer using collection abstraction instead of implementation (https://github.com/meziantou/Meziantou.Analyzer/blob/main/docs/Rules/MA0016.md) [C:\Projects\Hazina\src\Core\Agents\Hazina.Generator\Hazina.Generator.csproj::TargetFramework=net8.0]
C:\Projects\Hazina\src\Core\Agents\Hazina.Generator\Core\DocumentGenerator.cs(61,130): warning MA0061: Method overrides should not change default values (original: <no default value>; current: null) (https://github.com/meziantou/Meziantou.Analyzer/blob/main/docs/Rules/MA0061.md) [C:\Projects\Hazina\src\Core\Agents\Hazina.Generator\Hazina.Generator.csproj::TargetFramework=net8.0]
C:\Projects\Hazina\src\Core\Agents\Hazina.Generator\Core\DocumentGenerator.cs(61,151): warning MA0061: Method overrides should not change default values (original: <no default value>; current: 'True') (https://github.com/meziantou/Meziantou.Analyzer/blob/main/docs/Rules/MA0061.md) [C:\Projects\Hazina\src\Core\Agents\Hazina.Generator\Hazina.Generator.csproj::TargetFramework=net8.0]
C:\Projects\Hazina\src\Core\Agents\Hazina.Generator\Core\DocumentGenerator.cs(61,185): warning MA0061: Method overrides should not change default values (original: <no default value>; current: 'True') (https://github.com/meziantou/Meziantou.Analyzer/blob/main/docs/Rules/MA0061.md) [C:\Projects\Hazina\src\Core\Agents\Hazina.Generator\Hazina.Generator.csproj::TargetFramework=net8.0]
C:\Projects\Hazina\src\Core\Agents\Hazina.Generator\Core\DocumentGenerator.cs(61,221): warning MA0061: Method overrides should not change default values (original: <no default value>; current: null) (https://github.com/meziantou/Meziantou.Analyzer/blob/main/docs/Rules/MA0061.md) [C:\Projects\Hazina\src\Core\Agents\Hazina.Generator\Hazina.Generator.csproj::TargetFramework=net8.0]
C:\Projects\Hazina\src\Core\Agents\Hazina.Generator\Core\DocumentGenerator.cs(61,259): warning MA0061: Method overrides should not change default values (original: <no default value>; current: null) (https://github.com/meziantou/Meziantou.Analyzer/blob/main/docs/Rules/MA0061.md) [C:\Projects\Hazina\src\Core\Agents\Hazina.Generator\Hazina.Generator.csproj::TargetFramework=net8.0]
C:\Projects\Hazina\src\Core\Agents\Hazina.Generator\Core\DocumentGenerator.cs(73,66): warning CA1725: In member Task<LLMResponse<string>> DocumentGenerator.StreamResponse(string message, CancellationToken cancel, Action<string> onChunkReceived, IEnumerable<HazinaChatMessage>? history = null, bool addRelevantDocuments = true, bool addFilesList = true, IToolsContext? toolsContext = null, List<ImageData>? images = null), change parameter name message to query in order to match the identifier as it has been declared in Task<LLMResponse<string>> IDocumentGenerator.StreamResponse(string query, CancellationToken cancel, Action<string> onChunkReceived, IEnumerable<HazinaChatMessage>? messages, bool addRelevantDocuments, bool addFilesList, IToolsContext toolsContext, List<ImageData> images) (https://learn.microsoft.com/dotnet/fundamentals/code-analysis/quality-rules/ca1725) [C:\Projects\Hazina\src\Core\Agents\Hazina.Generator\Hazina.Generator.csproj::TargetFramework=net8.0]
C:\Projects\Hazina\src\Core\Agents\Hazina.Generator\Core\DocumentGenerator.cs(73,165): warning CA1725: In member Task<LLMResponse<string>> DocumentGenerator.StreamResponse(string message, CancellationToken cancel, Action<string> onChunkReceived, IEnumerable<HazinaChatMessage>? history = null, bool addRelevantDocuments = true, bool addFilesList = true, IToolsContext? toolsContext = null, List<ImageData>? images = null), change parameter name history to messages in order to match the identifier as it has been declared in Task<LLMResponse<string>> IDocumentGenerator.StreamResponse(string query, CancellationToken cancel, Action<string> onChunkReceived, IEnumerable<HazinaChatMessage>? messages, bool addRelevantDocuments, bool addFilesList, IToolsContext toolsContext, List<ImageData> images) (https://learn.microsoft.com/dotnet/fundamentals/code-analysis/quality-rules/ca1725) [C:\Projects\Hazina\src\Core\Agents\Hazina.Generator\Hazina.Generator.csproj::TargetFramework=net8.0]
C:\Projects\Hazina\src\Core\Agents\Hazina.Generator\Core\DocumentGenerator.cs(73,165): warning MA0061: Method overrides should not change default values (original: <no default value>; current: null) (https://github.com/meziantou/Meziantou.Analyzer/blob/main/docs/Rules/MA0061.md) [C:\Projects\Hazina\src\Core\Agents\Hazina.Generator\Hazina.Generator.csproj::TargetFramework=net8.0]
C:\Projects\Hazina\src\Core\Agents\Hazina.Generator\Core\DocumentGenerator.cs(73,186): warning MA0061: Method overrides should not change default values (original: <no default value>; current: 'True') (https://github.com/meziantou/Meziantou.Analyzer/blob/main/docs/Rules/MA0061.md) [C:\Projects\Hazina\src\Core\Agents\Hazina.Generator\Hazina.Generator.csproj::TargetFramework=net8.0]
C:\Projects\Hazina\src\Core\Agents\Hazina.Generator\Core\DocumentGenerator.cs(73,220): warning MA0061: Method overrides should not change default values (original: <no default value>; current: 'True') (https://github.com/meziantou/Meziantou.Analyzer/blob/main/docs/Rules/MA0061.md) [C:\Projects\Hazina\src\Core\Agents\Hazina.Generator\Hazina.Generator.csproj::TargetFramework=net8.0]
C:\Projects\Hazina\src\Core\Agents\Hazina.Generator\Core\DocumentGenerator.cs(73,256): warning MA0061: Method overrides should not change default values (original: <no default value>; current: null) (https://github.com/meziantou/Meziantou.Analyzer/blob/main/docs/Rules/MA0061.md) [C:\Projects\Hazina\src\Core\Agents\Hazina.Generator\Hazina.Generator.csproj::TargetFramework=net8.0]
C:\Projects\Hazina\src\Core\Agents\Hazina.Generator\Core\DocumentGenerator.cs(73,294): warning MA0061: Method overrides should not change default values (original: <no default value>; current: null) (https://github.com/meziantou/Meziantou.Analyzer/blob/main/docs/Rules/MA0061.md) [C:\Projects\Hazina\src\Core\Agents\Hazina.Generator\Hazina.Generator.csproj::TargetFramework=net8.0]
C:\Projects\Hazina\src\Core\Agents\Hazina.Generator\Models\StoreSafetyPolicy.cs(58,23): warning SA1503: Braces should not be omitted (https://github.com/DotNetAnalyzers/StyleCopAnalyzers/blob/master/documentation/SA1503.md) [C:\Projects\Hazina\src\Core\Agents\Hazina.Generator\Hazina.Generator.csproj::TargetFramework=net8.0]
C:\Projects\Hazina\src\Core\Agents\Hazina.Generator\Core\DocumentGenerator.cs(79,44): warning CA1068: Method 'DocumentGenerator.StreamResponse(System.Collections.Generic.IEnumerable<HazinaChatMessage>, System.Threading.CancellationToken, System.Action<string>, System.Collections.Generic.IEnumerable<HazinaChatMessage>?, bool, bool, Hazina.LLMs.IToolsContext?, System.Collections.Generic.List<ImageData>?)' should take CancellationToken as the last parameter (https://learn.microsoft.com/dotnet/fundamentals/code-analysis/quality-rules/ca1068) [C:\Projects\Hazina\src\Core\Agents\Hazina.Generator\Hazina.Generator.csproj::TargetFramework=net8.0]
C:\Projects\Hazina\src\Core\Agents\Hazina.Generator\Models\StoreSafetyPolicy.cs(43,23): warning SA1503: Braces should not be omitted (https://github.com/DotNetAnalyzers/StyleCopAnalyzers/blob/master/documentation/SA1503.md) [C:\Projects\Hazina\src\Core\Agents\Hazina.Generator\Hazina.Generator.csproj::TargetFramework=net8.0]
C:\Projects\Hazina\src\Core\Agents\Hazina.Generator\Core\DocumentGenerator.cs(79,319): warning CA1002: Change 'List<ImageData>' in 'DocumentGenerator.StreamResponse(IEnumerable<HazinaChatMessage>, CancellationToken, Action<string>, [IEnumerable<HazinaChatMessage>], [bool], [bool], [IToolsContext], [List<ImageData>])' to use 'Collection<T>', 'ReadOnlyCollection<T>' or 'KeyedCollection<K,V>' (https://learn.microsoft.com/dotnet/fundamentals/code-analysis/quality-rules/ca1002) [C:\Projects\Hazina\src\Core\Agents\Hazina.Generator\Hazina.Generator.csproj::TargetFramework=net8.0]
C:\Projects\Hazina\src\Core\Agents\Hazina.Generator\Core\DocumentGenerator.cs(79,302): warning MA0016: Prefer using collection abstraction instead of implementation (https://github.com/meziantou/Meziantou.Analyzer/blob/main/docs/Rules/MA0016.md) [C:\Projects\Hazina\src\Core\Agents\Hazina.Generator\Hazina.Generator.csproj::TargetFramework=net8.0]
C:\Projects\Hazina\src\Core\Agents\Hazina.Generator\Core\DocumentGenerator.cs(97,66): warning CA1715: Prefix generic type parameter name ResponseType with 'T' (https://learn.microsoft.com/dotnet/fundamentals/code-analysis/quality-rules/ca1715) [C:\Projects\Hazina\src\Core\Agents\Hazina.Generator\Hazina.Generator.csproj::TargetFramework=net8.0]
C:\Projects\Hazina\src\Core\Agents\Hazina.Generator\Core\DocumentGenerator.cs(85,63): warning CA1715: Prefix generic type parameter name ResponseType with 'T' (https://learn.microsoft.com/dotnet/fundamentals/code-analysis/quality-rules/ca1715) [C:\Projects\Hazina\src\Core\Agents\Hazina.Generator\Hazina.Generator.csproj::TargetFramework=net8.0]
C:\Projects\Hazina\src\Core\Agents\Hazina.Generator\Core\DocumentGenerator.cs(91,305): warning CA1002: Change 'List<ImageData>' in 'DocumentGenerator.GetResponse<ResponseType>(IEnumerable<HazinaChatMessage>, CancellationToken, [IEnumerable<HazinaChatMessage>], [bool], [bool], [IToolsContext], [List<ImageData>])' to use 'Collection<T>', 'ReadOnlyCollection<T>' or 'KeyedCollection<K,V>' (https://learn.microsoft.com/dotnet/fundamentals/code-analysis/quality-rules/ca1002) [C:\Projects\Hazina\src\Core\Agents\Hazina.Generator\Hazina.Generator.csproj::TargetFramework=net8.0]
C:\Projects\Hazina\src\Core\Agents\Hazina.Generator\Core\DocumentGenerator.cs(91,63): warning CA1715: Prefix generic type parameter name ResponseType with 'T' (https://learn.microsoft.com/dotnet/fundamentals/code-analysis/quality-rules/ca1715) [C:\Projects\Hazina\src\Core\Agents\Hazina.Generator\Hazina.Generator.csproj::TargetFramework=net8.0]
C:\Projects\Hazina\src\Core\Agents\Hazina.Generator\Core\DocumentGenerator.cs(85,84): warning CA1725: In member Task<LLMResponse<ResponseType?>> DocumentGenerator.GetResponse<ResponseType>(string message, CancellationToken cancel, IEnumerable<HazinaChatMessage>? history = null, bool addRelevantDocuments = true, bool addFilesList = true, IToolsContext? toolsContext = null, List<ImageData>? images = null), change parameter name message to query in order to match the identifier as it has been declared in Task<LLMResponse<ResponseType?>> IDocumentGenerator.GetResponse<ResponseType>(string query, CancellationToken cancel, IEnumerable<HazinaChatMessage>? messages, bool addRelevantDocuments, bool addFilesList, IToolsContext toolsContext, List<ImageData> images) (https://learn.microsoft.com/dotnet/fundamentals/code-analysis/quality-rules/ca1725) [C:\Projects\Hazina\src\Core\Agents\Hazina.Generator\Hazina.Generator.csproj::TargetFramework=net8.0]
C:\Projects\Hazina\src\Core\Agents\Hazina.Generator\Core\DocumentGenerator.cs(97,87): warning CA1725: In member Task<LLMResponse<ResponseType?>> DocumentGenerator.StreamResponse<ResponseType>(string message, CancellationToken cancel, Action<string> onChunkReceived, IEnumerable<HazinaChatMessage>? history = null, bool addRelevantDocuments = true, bool addFilesList = true, IToolsContext? toolsContext = null, List<ImageData>? images = null), change parameter name message to query in order to match the identifier as it has been declared in Task<LLMResponse<ResponseType?>> IDocumentGenerator.StreamResponse<ResponseType>(string query, CancellationToken cancel, Action<string> onChunkReceived, IEnumerable<HazinaChatMessage>? messages, bool addRelevantDocuments, bool addFilesList, IToolsContext toolsContext, List<ImageData> images) (https://learn.microsoft.com/dotnet/fundamentals/code-analysis/quality-rules/ca1725) [C:\Projects\Hazina\src\Core\Agents\Hazina.Generator\Hazina.Generator.csproj::TargetFramework=net8.0]
C:\Projects\Hazina\src\Core\Agents\Hazina.Generator\Core\DocumentGenerator.cs(85,151): warning CA1725: In member Task<LLMResponse<ResponseType?>> DocumentGenerator.GetResponse<ResponseType>(string message, CancellationToken cancel, IEnumerable<HazinaChatMessage>? history = null, bool addRelevantDocuments = true, bool addFilesList = true, IToolsContext? toolsContext = null, List<ImageData>? images = null), change parameter name history to messages in order to match the identifier as it has been declared in Task<LLMResponse<ResponseType?>> IDocumentGenerator.GetResponse<ResponseType>(string query, CancellationToken cancel, IEnumerable<HazinaChatMessage>? messages, bool addRelevantDocuments, bool addFilesList, IToolsContext toolsContext, List<ImageData> images) (https://learn.microsoft.com/dotnet/fundamentals/code-analysis/quality-rules/ca1725) [C:\Projects\Hazina\src\Core\Agents\Hazina.Generator\Hazina.Generator.csproj::TargetFramework=net8.0]
C:\Projects\Hazina\src\Core\Agents\Hazina.Generator\Core\DocumentGenerator.cs(97,186): warning CA1725: In member Task<LLMResponse<ResponseType?>> DocumentGenerator.StreamResponse<ResponseType>(string message, CancellationToken cancel, Action<string> onChunkReceived, IEnumerable<HazinaChatMessage>? history = null, bool addRelevantDocuments = true, bool addFilesList = true, IToolsContext? toolsContext = null, List<ImageData>? images = null), change parameter name history to messages in order to match the identifier as it has been declared in Task<LLMResponse<ResponseType?>> IDocumentGenerator.StreamResponse<ResponseType>(string query, CancellationToken cancel, Action<string> onChunkReceived, IEnumerable<HazinaChatMessage>? messages, bool addRelevantDocuments, bool addFilesList, IToolsContext toolsContext, List<ImageData> images) (https://learn.microsoft.com/dotnet/fundamentals/code-analysis/quality-rules/ca1725) [C:\Projects\Hazina\src\Core\Agents\Hazina.Generator\Hazina.Generator.csproj::TargetFramework=net8.0]
C:\Projects\Hazina\src\Core\Agents\Hazina.Generator\Core\DocumentGenerator.cs(91,288): warning MA0016: Prefer using collection abstraction instead of implementation (https://github.com/meziantou/Meziantou.Analyzer/blob/main/docs/Rules/MA0016.md) [C:\Projects\Hazina\src\Core\Agents\Hazina.Generator\Hazina.Generator.csproj::TargetFramework=net8.0]
C:\Projects\Hazina\src\Core\Agents\Hazina.Generator\Core\DocumentGenerator.cs(97,186): warning MA0061: Method overrides should not change default values (original: <no default value>; current: null) (https://github.com/meziantou/Meziantou.Analyzer/blob/main/docs/Rules/MA0061.md) [C:\Projects\Hazina\src\Core\Agents\Hazina.Generator\Hazina.Generator.csproj::TargetFramework=net8.0]
C:\Projects\Hazina\src\Core\Agents\Hazina.Generator\Core\DocumentGenerator.cs(85,151): warning MA0061: Method overrides should not change default values (original: <no default value>; current: null) (https://github.com/meziantou/Meziantou.Analyzer/blob/main/docs/Rules/MA0061.md) [C:\Projects\Hazina\src\Core\Agents\Hazina.Generator\Hazina.Generator.csproj::TargetFramework=net8.0]
C:\Projects\Hazina\src\Core\Agents\Hazina.Generator\Core\DocumentGenerator.cs(85,172): warning MA0061: Method overrides should not change default values (original: <no default value>; current: 'True') (https://github.com/meziantou/Meziantou.Analyzer/blob/main/docs/Rules/MA0061.md) [C:\Projects\Hazina\src\Core\Agents\Hazina.Generator\Hazina.Generator.csproj::TargetFramework=net8.0]
C:\Projects\Hazina\src\Core\Agents\Hazina.Generator\Core\DocumentGenerator.cs(97,207): warning MA0061: Method overrides should not change default values (original: <no default value>; current: 'True') (https://github.com/meziantou/Meziantou.Analyzer/blob/main/docs/Rules/MA0061.md) [C:\Projects\Hazina\src\Core\Agents\Hazina.Generator\Hazina.Generator.csproj::TargetFramework=net8.0]
C:\Projects\Hazina\src\Core\Agents\Hazina.Generator\Core\DocumentGenerator.cs(85,206): warning MA0061: Method overrides should not change default values (original: <no default value>; current: 'True') (https://github.com/meziantou/Meziantou.Analyzer/blob/main/docs/Rules/MA0061.md) [C:\Projects\Hazina\src\Core\Agents\Hazina.Generator\Hazina.Generator.csproj::TargetFramework=net8.0]
C:\Projects\Hazina\src\Core\Agents\Hazina.Generator\Core\DocumentGenerator.cs(97,241): warning MA0061: Method overrides should not change default values (original: <no default value>; current: 'True') (https://github.com/meziantou/Meziantou.Analyzer/blob/main/docs/Rules/MA0061.md) [C:\Projects\Hazina\src\Core\Agents\Hazina.Generator\Hazina.Generator.csproj::TargetFramework=net8.0]
C:\Projects\Hazina\src\Core\Agents\Hazina.Generator\Core\DocumentGenerator.cs(85,242): warning MA0061: Method overrides should not change default values (original: <no default value>; current: null) (https://github.com/meziantou/Meziantou.Analyzer/blob/main/docs/Rules/MA0061.md) [C:\Projects\Hazina\src\Core\Agents\Hazina.Generator\Hazina.Generator.csproj::TargetFramework=net8.0]
C:\Projects\Hazina\src\Core\Agents\Hazina.Generator\Core\DocumentGenerator.cs(97,277): warning MA0061: Method overrides should not change default values (original: <no default value>; current: null) (https://github.com/meziantou/Meziantou.Analyzer/blob/main/docs/Rules/MA0061.md) [C:\Projects\Hazina\src\Core\Agents\Hazina.Generator\Hazina.Generator.csproj::TargetFramework=net8.0]
C:\Projects\Hazina\src\Core\Agents\Hazina.Generator\Core\DocumentGenerator.cs(85,280): warning MA0061: Method overrides should not change default values (original: <no default value>; current: null) (https://github.com/meziantou/Meziantou.Analyzer/blob/main/docs/Rules/MA0061.md) [C:\Projects\Hazina\src\Core\Agents\Hazina.Generator\Hazina.Generator.csproj::TargetFramework=net8.0]
C:\Projects\Hazina\src\Core\Agents\Hazina.Generator\Core\DocumentGenerator.cs(97,315): warning MA0061: Method overrides should not change default values (original: <no default value>; current: null) (https://github.com/meziantou/Meziantou.Analyzer/blob/main/docs/Rules/MA0061.md) [C:\Projects\Hazina\src\Core\Agents\Hazina.Generator\Hazina.Generator.csproj::TargetFramework=net8.0]
C:\Projects\Hazina\src\Core\Agents\Hazina.Generator\Core\DocumentGenerator.cs(73,173): warning S1006: Remove the default parameter value to match the signature of overridden method. (https://rules.sonarsource.com/csharp/RSPEC-1006) [C:\Projects\Hazina\src\Core\Agents\Hazina.Generator\Hazina.Generator.csproj::TargetFramework=net8.0]
C:\Projects\Hazina\src\Core\Agents\Hazina.Generator\Core\DocumentGenerator.cs(73,207): warning S1006: Remove the default parameter value to match the signature of overridden method. (https://rules.sonarsource.com/csharp/RSPEC-1006) [C:\Projects\Hazina\src\Core\Agents\Hazina.Generator\Hazina.Generator.csproj::TargetFramework=net8.0]
C:\Projects\Hazina\src\Core\Agents\Hazina.Generator\Core\DocumentGenerator.cs(73,233): warning S1006: Remove the default parameter value to match the signature of overridden method. (https://rules.sonarsource.com/csharp/RSPEC-1006) [C:\Projects\Hazina\src\Core\Agents\Hazina.Generator\Hazina.Generator.csproj::TargetFramework=net8.0]
C:\Projects\Hazina\src\Core\Agents\Hazina.Generator\Core\DocumentGenerator.cs(73,269): warning S1006: Remove the default parameter value to match the signature of overridden method. (https://rules.sonarsource.com/csharp/RSPEC-1006) [C:\Projects\Hazina\src\Core\Agents\Hazina.Generator\Hazina.Generator.csproj::TargetFramework=net8.0]
C:\Projects\Hazina\src\Core\Agents\Hazina.Generator\Core\DocumentGenerator.cs(73,301): warning S1006: Remove the default parameter value to match the signature of overridden method. (https://rules.sonarsource.com/csharp/RSPEC-1006) [C:\Projects\Hazina\src\Core\Agents\Hazina.Generator\Hazina.Generator.csproj::TargetFramework=net8.0]
C:\Projects\Hazina\src\Core\Agents\Hazina.Generator\Core\DocumentGenerator.cs(97,194): warning S1006: Remove the default parameter value to match the signature of overridden method. (https://rules.sonarsource.com/csharp/RSPEC-1006) [C:\Projects\Hazina\src\Core\Agents\Hazina.Generator\Hazina.Generator.csproj::TargetFramework=net8.0]
C:\Projects\Hazina\src\Core\Agents\Hazina.Generator\Core\DocumentGenerator.cs(97,228): warning S1006: Remove the default parameter value to match the signature of overridden method. (https://rules.sonarsource.com/csharp/RSPEC-1006) [C:\Projects\Hazina\src\Core\Agents\Hazina.Generator\Hazina.Generator.csproj::TargetFramework=net8.0]
C:\Projects\Hazina\src\Core\Agents\Hazina.Generator\Core\DocumentGenerator.cs(97,254): warning S1006: Remove the default parameter value to match the signature of overridden method. (https://rules.sonarsource.com/csharp/RSPEC-1006) [C:\Projects\Hazina\src\Core\Agents\Hazina.Generator\Hazina.Generator.csproj::TargetFramework=net8.0]
C:\Projects\Hazina\src\Core\Agents\Hazina.Generator\Core\DocumentGenerator.cs(97,290): warning S1006: Remove the default parameter value to match the signature of overridden method. (https://rules.sonarsource.com/csharp/RSPEC-1006) [C:\Projects\Hazina\src\Core\Agents\Hazina.Generator\Hazina.Generator.csproj::TargetFramework=net8.0]
C:\Projects\Hazina\src\Core\Agents\Hazina.Generator\Core\DocumentGenerator.cs(97,322): warning S1006: Remove the default parameter value to match the signature of overridden method. (https://rules.sonarsource.com/csharp/RSPEC-1006) [C:\Projects\Hazina\src\Core\Agents\Hazina.Generator\Hazina.Generator.csproj::TargetFramework=net8.0]
C:\Projects\Hazina\src\Core\Agents\Hazina.Generator\Core\DocumentGenerator.cs(61,138): warning S1006: Remove the default parameter value to match the signature of overridden method. (https://rules.sonarsource.com/csharp/RSPEC-1006) [C:\Projects\Hazina\src\Core\Agents\Hazina.Generator\Hazina.Generator.csproj::TargetFramework=net8.0]
C:\Projects\Hazina\src\Core\Agents\Hazina.Generator\Core\DocumentGenerator.cs(61,172): warning S1006: Remove the default parameter value to match the signature of overridden method. (https://rules.sonarsource.com/csharp/RSPEC-1006) [C:\Projects\Hazina\src\Core\Agents\Hazina.Generator\Hazina.Generator.csproj::TargetFramework=net8.0]
C:\Projects\Hazina\src\Core\Agents\Hazina.Generator\Core\DocumentGenerator.cs(61,198): warning S1006: Remove the default parameter value to match the signature of overridden method. (https://rules.sonarsource.com/csharp/RSPEC-1006) [C:\Projects\Hazina\src\Core\Agents\Hazina.Generator\Hazina.Generator.csproj::TargetFramework=net8.0]
C:\Projects\Hazina\src\Core\Agents\Hazina.Generator\Core\DocumentGenerator.cs(61,234): warning S1006: Remove the default parameter value to match the signature of overridden method. (https://rules.sonarsource.com/csharp/RSPEC-1006) [C:\Projects\Hazina\src\Core\Agents\Hazina.Generator\Hazina.Generator.csproj::TargetFramework=net8.0]
C:\Projects\Hazina\src\Core\Agents\Hazina.Generator\Core\DocumentGenerator.cs(61,266): warning S1006: Remove the default parameter value to match the signature of overridden method. (https://rules.sonarsource.com/csharp/RSPEC-1006) [C:\Projects\Hazina\src\Core\Agents\Hazina.Generator\Hazina.Generator.csproj::TargetFramework=net8.0]
C:\Projects\Hazina\src\Core\Agents\Hazina.Generator\Core\DocumentGenerator.cs(61,63): warning S927: Rename parameter 'message' to 'query' to match the interface declaration. (https://rules.sonarsource.com/csharp/RSPEC-927) [C:\Projects\Hazina\src\Core\Agents\Hazina.Generator\Hazina.Generator.csproj::TargetFramework=net8.0]
C:\Projects\Hazina\src\Core\Agents\Hazina.Generator\Core\DocumentGenerator.cs(61,130): warning S927: Rename parameter 'history' to 'messages' to match the interface declaration. (https://rules.sonarsource.com/csharp/RSPEC-927) [C:\Projects\Hazina\src\Core\Agents\Hazina.Generator\Hazina.Generator.csproj::TargetFramework=net8.0]
C:\Projects\Hazina\src\Core\Agents\Hazina.Generator\Core\DocumentGenerator.cs(85,159): warning S1006: Remove the default parameter value to match the signature of overridden method. (https://rules.sonarsource.com/csharp/RSPEC-1006) [C:\Projects\Hazina\src\Core\Agents\Hazina.Generator\Hazina.Generator.csproj::TargetFramework=net8.0]
C:\Projects\Hazina\src\Core\Agents\Hazina.Generator\Core\DocumentGenerator.cs(85,193): warning S1006: Remove the default parameter value to match the signature of overridden method. (https://rules.sonarsource.com/csharp/RSPEC-1006) [C:\Projects\Hazina\src\Core\Agents\Hazina.Generator\Hazina.Generator.csproj::TargetFramework=net8.0]
C:\Projects\Hazina\src\Core\Agents\Hazina.Generator\Core\DocumentGenerator.cs(85,219): warning S1006: Remove the default parameter value to match the signature of overridden method. (https://rules.sonarsource.com/csharp/RSPEC-1006) [C:\Projects\Hazina\src\Core\Agents\Hazina.Generator\Hazina.Generator.csproj::TargetFramework=net8.0]
C:\Projects\Hazina\src\Core\Agents\Hazina.Generator\Core\DocumentGenerator.cs(85,255): warning S1006: Remove the default parameter value to match the signature of overridden method. (https://rules.sonarsource.com/csharp/RSPEC-1006) [C:\Projects\Hazina\src\Core\Agents\Hazina.Generator\Hazina.Generator.csproj::TargetFramework=net8.0]
C:\Projects\Hazina\src\Core\Agents\Hazina.Generator\Core\DocumentGenerator.cs(85,287): warning S1006: Remove the default parameter value to match the signature of overridden method. (https://rules.sonarsource.com/csharp/RSPEC-1006) [C:\Projects\Hazina\src\Core\Agents\Hazina.Generator\Hazina.Generator.csproj::TargetFramework=net8.0]
C:\Projects\Hazina\src\Core\Agents\Hazina.Generator\Core\DocumentGenerator.cs(73,66): warning S927: Rename parameter 'message' to 'query' to match the interface declaration. (https://rules.sonarsource.com/csharp/RSPEC-927) [C:\Projects\Hazina\src\Core\Agents\Hazina.Generator\Hazina.Generator.csproj::TargetFramework=net8.0]
C:\Projects\Hazina\src\Core\Agents\Hazina.Generator\Core\DocumentGenerator.cs(73,165): warning S927: Rename parameter 'history' to 'messages' to match the interface declaration. (https://rules.sonarsource.com/csharp/RSPEC-927) [C:\Projects\Hazina\src\Core\Agents\Hazina.Generator\Hazina.Generator.csproj::TargetFramework=net8.0]
C:\Projects\Hazina\src\Core\Agents\Hazina.Generator\Core\DocumentGenerator.cs(97,87): warning S927: Rename parameter 'message' to 'query' to match the interface declaration. (https://rules.sonarsource.com/csharp/RSPEC-927) [C:\Projects\Hazina\src\Core\Agents\Hazina.Generator\Hazina.Generator.csproj::TargetFramework=net8.0]
C:\Projects\Hazina\src\Core\Agents\Hazina.Generator\Core\DocumentGenerator.cs(97,186): warning S927: Rename parameter 'history' to 'messages' to match the interface declaration. (https://rules.sonarsource.com/csharp/RSPEC-927) [C:\Projects\Hazina\src\Core\Agents\Hazina.Generator\Hazina.Generator.csproj::TargetFramework=net8.0]
C:\Projects\Hazina\src\Core\Agents\Hazina.Generator\Core\DocumentGenerator.cs(103,51): warning CA1068: Method 'DocumentGenerator.StreamResponse<ResponseType>(System.Collections.Generic.IEnumerable<HazinaChatMessage>, System.Threading.CancellationToken, System.Action<string>, System.Collections.Generic.IEnumerable<HazinaChatMessage>?, bool, bool, Hazina.LLMs.IToolsContext?, System.Collections.Generic.List<ImageData>?)' should take CancellationToken as the last parameter (https://learn.microsoft.com/dotnet/fundamentals/code-analysis/quality-rules/ca1068) [C:\Projects\Hazina\src\Core\Agents\Hazina.Generator\Hazina.Generator.csproj::TargetFramework=net8.0]
C:\Projects\Hazina\src\Core\Agents\Hazina.Generator\Core\DocumentGenerator.cs(103,340): warning CA1002: Change 'List<ImageData>' in 'DocumentGenerator.StreamResponse<ResponseType>(IEnumerable<HazinaChatMessage>, CancellationToken, Action<string>, [IEnumerable<HazinaChatMessage>], [bool], [bool], [IToolsContext], [List<ImageData>])' to use 'Collection<T>', 'ReadOnlyCollection<T>' or 'KeyedCollection<K,V>' (https://learn.microsoft.com/dotnet/fundamentals/code-analysis/quality-rules/ca1002) [C:\Projects\Hazina\src\Core\Agents\Hazina.Generator\Hazina.Generator.csproj::TargetFramework=net8.0]
C:\Projects\Hazina\src\Core\Agents\Hazina.Generator\Core\DocumentGenerator.cs(85,84): warning S927: Rename parameter 'message' to 'query' to match the interface declaration. (https://rules.sonarsource.com/csharp/RSPEC-927) [C:\Projects\Hazina\src\Core\Agents\Hazina.Generator\Hazina.Generator.csproj::TargetFramework=net8.0]
C:\Projects\Hazina\src\Core\Agents\Hazina.Generator\Core\DocumentGenerator.cs(85,151): warning S927: Rename parameter 'history' to 'messages' to match the interface declaration. (https://rules.sonarsource.com/csharp/RSPEC-927) [C:\Projects\Hazina\src\Core\Agents\Hazina.Generator\Hazina.Generator.csproj::TargetFramework=net8.0]
C:\Projects\Hazina\src\Core\Agents\Hazina.Generator\Core\DocumentGenerator.cs(103,66): warning CA1715: Prefix generic type parameter name ResponseType with 'T' (https://learn.microsoft.com/dotnet/fundamentals/code-analysis/quality-rules/ca1715) [C:\Projects\Hazina\src\Core\Agents\Hazina.Generator\Hazina.Generator.csproj::TargetFramework=net8.0]
C:\Projects\Hazina\src\Core\Agents\Hazina.Generator\Core\DocumentGenerator.cs(103,323): warning MA0016: Prefer using collection abstraction instead of implementation (https://github.com/meziantou/Meziantou.Analyzer/blob/main/docs/Rules/MA0016.md) [C:\Projects\Hazina\src\Core\Agents\Hazina.Generator\Hazina.Generator.csproj::TargetFramework=net8.0]
C:\Projects\Hazina\src\Core\Agents\Hazina.Generator\Core\DocumentGenerator.cs(109,63): warning CA1725: In member Task<LLMResponse<string>> DocumentGenerator.UpdateStore(string message, CancellationToken cancel, IEnumerable<HazinaChatMessage>? history = null, bool addRelevantDocuments = true, bool addFilesList = true, IToolsContext? toolsContext = null, List<ImageData>? images = null), change parameter name message to query in order to match the identifier as it has been declared in Task<LLMResponse<string>> IDocumentGenerator.UpdateStore(string query, CancellationToken cancel, IEnumerable<HazinaChatMessage>? messages, bool addRelevantDocuments, bool addFilesList, IToolsContext toolsContext, List<ImageData> images) (https://learn.microsoft.com/dotnet/fundamentals/code-analysis/quality-rules/ca1725) [C:\Projects\Hazina\src\Core\Agents\Hazina.Generator\Hazina.Generator.csproj::TargetFramework=net8.0]
C:\Projects\Hazina\src\Core\Agents\Hazina.Generator\Core\DocumentGenerator.cs(109,130): warning CA1725: In member Task<LLMResponse<string>> DocumentGenerator.UpdateStore(string message, CancellationToken cancel, IEnumerable<HazinaChatMessage>? history = null, bool addRelevantDocuments = true, bool addFilesList = true, IToolsContext? toolsContext = null, List<ImageData>? images = null), change parameter name history to messages in order to match the identifier as it has been declared in Task<LLMResponse<string>> IDocumentGenerator.UpdateStore(string query, CancellationToken cancel, IEnumerable<HazinaChatMessage>? messages, bool addRelevantDocuments, bool addFilesList, IToolsContext toolsContext, List<ImageData> images) (https://learn.microsoft.com/dotnet/fundamentals/code-analysis/quality-rules/ca1725) [C:\Projects\Hazina\src\Core\Agents\Hazina.Generator\Hazina.Generator.csproj::TargetFramework=net8.0]
C:\Projects\Hazina\src\Core\Agents\Hazina.Generator\Core\DocumentGenerator.cs(109,130): warning MA0061: Method overrides should not change default values (original: <no default value>; current: null) (https://github.com/meziantou/Meziantou.Analyzer/blob/main/docs/Rules/MA0061.md) [C:\Projects\Hazina\src\Core\Agents\Hazina.Generator\Hazina.Generator.csproj::TargetFramework=net8.0]
C:\Projects\Hazina\src\Core\Agents\Hazina.Generator\Core\DocumentGenerator.cs(109,151): warning MA0061: Method overrides should not change default values (original: <no default value>; current: 'True') (https://github.com/meziantou/Meziantou.Analyzer/blob/main/docs/Rules/MA0061.md) [C:\Projects\Hazina\src\Core\Agents\Hazina.Generator\Hazina.Generator.csproj::TargetFramework=net8.0]
C:\Projects\Hazina\src\Core\Agents\Hazina.Generator\Core\DocumentGenerator.cs(109,185): warning MA0061: Method overrides should not change default values (original: <no default value>; current: 'True') (https://github.com/meziantou/Meziantou.Analyzer/blob/main/docs/Rules/MA0061.md) [C:\Projects\Hazina\src\Core\Agents\Hazina.Generator\Hazina.Generator.csproj::TargetFramework=net8.0]
C:\Projects\Hazina\src\Core\Agents\Hazina.Generator\Core\DocumentGenerator.cs(109,221): warning MA0061: Method overrides should not change default values (original: <no default value>; current: null) (https://github.com/meziantou/Meziantou.Analyzer/blob/main/docs/Rules/MA0061.md) [C:\Projects\Hazina\src\Core\Agents\Hazina.Generator\Hazina.Generator.csproj::TargetFramework=net8.0]
C:\Projects\Hazina\src\Core\Agents\Hazina.Generator\Core\DocumentGenerator.cs(109,259): warning MA0061: Method overrides should not change default values (original: <no default value>; current: null) (https://github.com/meziantou/Meziantou.Analyzer/blob/main/docs/Rules/MA0061.md) [C:\Projects\Hazina\src\Core\Agents\Hazina.Generator\Hazina.Generator.csproj::TargetFramework=net8.0]
C:\Projects\Hazina\src\Core\Agents\Hazina.Generator\Core\DocumentGenerator.cs(34,24): warning MA0004: Use Task.ConfigureAwait(false) if the current SynchronizationContext is not needed (https://github.com/meziantou/Meziantou.Analyzer/blob/main/docs/Rules/MA0004.md) [C:\Projects\Hazina\src\Core\Agents\Hazina.Generator\Hazina.Generator.csproj::TargetFramework=net8.0]
C:\Projects\Hazina\src\Core\Agents\Hazina.Generator\Core\DocumentGenerator.cs(55,13): warning SA1312: Variable 'OpenAIAPI' should begin with lower-case letter (https://github.com/DotNetAnalyzers/StyleCopAnalyzers/blob/master/documentation/SA1312.md) [C:\Projects\Hazina\src\Core\Agents\Hazina.Generator\Hazina.Generator.csproj::TargetFramework=net8.0]
C:\Projects\Hazina\src\Core\Agents\Hazina.Generator\Core\DocumentGenerator.cs(189,22): warning SA1025: Code should not contain multiple whitespace characters in a row (https://github.com/DotNetAnalyzers/StyleCopAnalyzers/blob/master/documentation/SA1025.md) [C:\Projects\Hazina\src\Core\Agents\Hazina.Generator\Hazina.Generator.csproj::TargetFramework=net8.0]
C:\Projects\Hazina\src\Core\Agents\Hazina.Generator\Core\DocumentGenerator.cs(91,63): warning SA1314: Type parameter names should begin with T (https://github.com/DotNetAnalyzers/StyleCopAnalyzers/blob/master/documentation/SA1314.md) [C:\Projects\Hazina\src\Core\Agents\Hazina.Generator\Hazina.Generator.csproj::TargetFramework=net8.0]
C:\Projects\Hazina\src\Core\Agents\Hazina.Generator\Core\DocumentGenerator.cs(81,28): warning MA0004: Use Task.ConfigureAwait(false) if the current SynchronizationContext is not needed (https://github.com/meziantou/Meziantou.Analyzer/blob/main/docs/Rules/MA0004.md) [C:\Projects\Hazina\src\Core\Agents\Hazina.Generator\Hazina.Generator.csproj::TargetFramework=net8.0]
C:\Projects\Hazina\src\Core\Agents\Hazina.Generator\Core\DocumentGenerator.cs(82,16): warning MA0004: Use Task.ConfigureAwait(false) if the current SynchronizationContext is not needed (https://github.com/meziantou/Meziantou.Analyzer/blob/main/docs/Rules/MA0004.md) [C:\Projects\Hazina\src\Core\Agents\Hazina.Generator\Hazina.Generator.csproj::TargetFramework=net8.0]
C:\Projects\Hazina\src\Core\Agents\Hazina.Generator\Core\DocumentGenerator.cs(97,66): warning SA1314: Type parameter names should begin with T (https://github.com/DotNetAnalyzers/StyleCopAnalyzers/blob/master/documentation/SA1314.md) [C:\Projects\Hazina\src\Core\Agents\Hazina.Generator\Hazina.Generator.csproj::TargetFramework=net8.0]
C:\Projects\Hazina\src\Core\Agents\Hazina.Generator\Core\DocumentGenerator.cs(97,330): warning SA1127: Generic type constraints should be on their own line (https://github.com/DotNetAnalyzers/StyleCopAnalyzers/blob/master/documentation/SA1127.md) [C:\Projects\Hazina\src\Core\Agents\Hazina.Generator\Hazina.Generator.csproj::TargetFramework=net8.0]
C:\Projects\Hazina\src\Core\Agents\Hazina.Generator\Core\DocumentGenerator.cs(75,28): warning MA0004: Use Task.ConfigureAwait(false) if the current SynchronizationContext is not needed (https://github.com/meziantou/Meziantou.Analyzer/blob/main/docs/Rules/MA0004.md) [C:\Projects\Hazina\src\Core\Agents\Hazina.Generator\Hazina.Generator.csproj::TargetFramework=net8.0]
C:\Projects\Hazina\src\Core\Agents\Hazina.Generator\Core\DocumentGenerator.cs(91,320): warning SA1127: Generic type constraints should be on their own line (https://github.com/DotNetAnalyzers/StyleCopAnalyzers/blob/master/documentation/SA1127.md) [C:\Projects\Hazina\src\Core\Agents\Hazina.Generator\Hazina.Generator.csproj::TargetFramework=net8.0]
C:\Projects\Hazina\src\Core\Agents\Hazina.Generator\Core\DocumentGenerator.cs(103,66): warning SA1314: Type parameter names should begin with T (https://github.com/DotNetAnalyzers/StyleCopAnalyzers/blob/master/documentation/SA1314.md) [C:\Projects\Hazina\src\Core\Agents\Hazina.Generator\Hazina.Generator.csproj::TargetFramework=net8.0]
C:\Projects\Hazina\src\Core\Agents\Hazina.Generator\Core\DocumentGenerator.cs(103,355): warning SA1127: Generic type constraints should be on their own line (https://github.com/DotNetAnalyzers/StyleCopAnalyzers/blob/master/documentation/SA1127.md) [C:\Projects\Hazina\src\Core\Agents\Hazina.Generator\Hazina.Generator.csproj::TargetFramework=net8.0]
C:\Projects\Hazina\src\Core\Agents\Hazina.Generator\Core\DocumentGenerator.cs(109,138): warning S1006: Remove the default parameter value to match the signature of overridden method. (https://rules.sonarsource.com/csharp/RSPEC-1006) [C:\Projects\Hazina\src\Core\Agents\Hazina.Generator\Hazina.Generator.csproj::TargetFramework=net8.0]
C:\Projects\Hazina\src\Core\Agents\Hazina.Generator\Core\DocumentGenerator.cs(109,172): warning S1006: Remove the default parameter value to match the signature of overridden method. (https://rules.sonarsource.com/csharp/RSPEC-1006) [C:\Projects\Hazina\src\Core\Agents\Hazina.Generator\Hazina.Generator.csproj::TargetFramework=net8.0]
C:\Projects\Hazina\src\Core\Agents\Hazina.Generator\Core\DocumentGenerator.cs(109,198): warning S1006: Remove the default parameter value to match the signature of overridden method. (https://rules.sonarsource.com/csharp/RSPEC-1006) [C:\Projects\Hazina\src\Core\Agents\Hazina.Generator\Hazina.Generator.csproj::TargetFramework=net8.0]
C:\Projects\Hazina\src\Core\Agents\Hazina.Generator\Core\DocumentGenerator.cs(109,234): warning S1006: Remove the default parameter value to match the signature of overridden method. (https://rules.sonarsource.com/csharp/RSPEC-1006) [C:\Projects\Hazina\src\Core\Agents\Hazina.Generator\Hazina.Generator.csproj::TargetFramework=net8.0]
C:\Projects\Hazina\src\Core\Agents\Hazina.Generator\Core\DocumentGenerator.cs(109,266): warning S1006: Remove the default parameter value to match the signature of overridden method. (https://rules.sonarsource.com/csharp/RSPEC-1006) [C:\Projects\Hazina\src\Core\Agents\Hazina.Generator\Hazina.Generator.csproj::TargetFramework=net8.0]
C:\Projects\Hazina\src\Core\Agents\Hazina.Generator\Core\DocumentGenerator.cs(143,284): warning CA1002: Change 'List<ImageData>' in 'DocumentGenerator.UpdateStore(IEnumerable<HazinaChatMessage>, CancellationToken, [IEnumerable<HazinaChatMessage>], [bool], [bool], [IToolsContext], [List<ImageData>])' to use 'Collection<T>', 'ReadOnlyCollection<T>' or 'KeyedCollection<K,V>' (https://learn.microsoft.com/dotnet/fundamentals/code-analysis/quality-rules/ca1002) [C:\Projects\Hazina\src\Core\Agents\Hazina.Generator\Hazina.Generator.csproj::TargetFramework=net8.0]
C:\Projects\Hazina\src\Core\Agents\Hazina.Generator\Core\DocumentGenerator.cs(109,63): warning S927: Rename parameter 'message' to 'query' to match the interface declaration. (https://rules.sonarsource.com/csharp/RSPEC-927) [C:\Projects\Hazina\src\Core\Agents\Hazina.Generator\Hazina.Generator.csproj::TargetFramework=net8.0]
C:\Projects\Hazina\src\Core\Agents\Hazina.Generator\Core\DocumentGenerator.cs(109,130): warning S927: Rename parameter 'history' to 'messages' to match the interface declaration. (https://rules.sonarsource.com/csharp/RSPEC-927) [C:\Projects\Hazina\src\Core\Agents\Hazina.Generator\Hazina.Generator.csproj::TargetFramework=net8.0]
C:\Projects\Hazina\src\Core\Agents\Hazina.Generator\Core\DocumentGenerator.cs(85,63): warning SA1314: Type parameter names should begin with T (https://github.com/DotNetAnalyzers/StyleCopAnalyzers/blob/master/documentation/SA1314.md) [C:\Projects\Hazina\src\Core\Agents\Hazina.Generator\Hazina.Generator.csproj::TargetFramework=net8.0]
C:\Projects\Hazina\src\Core\Agents\Hazina.Generator\Core\DocumentGenerator.cs(143,267): warning MA0016: Prefer using collection abstraction instead of implementation (https://github.com/meziantou/Meziantou.Analyzer/blob/main/docs/Rules/MA0016.md) [C:\Projects\Hazina\src\Core\Agents\Hazina.Generator\Hazina.Generator.csproj::TargetFramework=net8.0]
C:\Projects\Hazina\src\Core\Agents\Hazina.Generator\Core\DocumentGenerator.cs(85,295): warning SA1127: Generic type constraints should be on their own line (https://github.com/DotNetAnalyzers/StyleCopAnalyzers/blob/master/documentation/SA1127.md) [C:\Projects\Hazina\src\Core\Agents\Hazina.Generator\Hazina.Generator.csproj::TargetFramework=net8.0]
C:\Projects\Hazina\src\Core\Agents\Hazina.Generator\Core\DocumentGenerator.cs(76,16): warning MA0004: Use Task.ConfigureAwait(false) if the current SynchronizationContext is not needed (https://github.com/meziantou/Meziantou.Analyzer/blob/main/docs/Rules/MA0004.md) [C:\Projects\Hazina\src\Core\Agents\Hazina.Generator\Hazina.Generator.csproj::TargetFramework=net8.0]
C:\Projects\Hazina\src\Core\Agents\Hazina.Generator\Core\DocumentGenerator.cs(218,28): warning SA1028: Code should not contain trailing whitespace (https://github.com/DotNetAnalyzers/StyleCopAnalyzers/blob/master/documentation/SA1028.md) [C:\Projects\Hazina\src\Core\Agents\Hazina.Generator\Hazina.Generator.csproj::TargetFramework=net8.0]
C:\Projects\Hazina\src\Core\Agents\Hazina.Generator\Core\Serializer.cs(1,1): warning S125: Remove this commented out code. (https://rules.sonarsource.com/csharp/RSPEC-125) [C:\Projects\Hazina\src\Core\Agents\Hazina.Generator\Hazina.Generator.csproj::TargetFramework=net8.0]
C:\Projects\Hazina\src\Core\Agents\Hazina.Generator\Core\DocumentGenerator.cs(63,28): warning MA0004: Use Task.ConfigureAwait(false) if the current SynchronizationContext is not needed (https://github.com/meziantou/Meziantou.Analyzer/blob/main/docs/Rules/MA0004.md) [C:\Projects\Hazina\src\Core\Agents\Hazina.Generator\Hazina.Generator.csproj::TargetFramework=net8.0]
C:\Projects\Hazina\src\Core\Agents\Hazina.Generator\Core\Serializer.cs(1,1): warning SA1633: The file header XML is invalid. (https://github.com/DotNetAnalyzers/StyleCopAnalyzers/blob/master/documentation/SA1633.md) [C:\Projects\Hazina\src\Core\Agents\Hazina.Generator\Hazina.Generator.csproj::TargetFramework=net8.0]
C:\Projects\Hazina\src\Core\Agents\Hazina.Generator\Core\DocumentGenerator.cs(55,13): warning S1481: Remove the unused local variable 'OpenAIAPI'. (https://rules.sonarsource.com/csharp/RSPEC-1481) [C:\Projects\Hazina\src\Core\Agents\Hazina.Generator\Hazina.Generator.csproj::TargetFramework=net8.0]
C:\Projects\Hazina\src\Core\Agents\Hazina.Generator\Core\DocumentGenerator.cs(99,28): warning MA0004: Use Task.ConfigureAwait(false) if the current SynchronizationContext is not needed (https://github.com/meziantou/Meziantou.Analyzer/blob/main/docs/Rules/MA0004.md) [C:\Projects\Hazina\src\Core\Agents\Hazina.Generator\Hazina.Generator.csproj::TargetFramework=net8.0]
C:\Projects\Hazina\src\Core\Agents\Hazina.Generator\Core\DocumentGenerator.cs(93,28): warning MA0004: Use Task.ConfigureAwait(false) if the current SynchronizationContext is not needed (https://github.com/meziantou/Meziantou.Analyzer/blob/main/docs/Rules/MA0004.md) [C:\Projects\Hazina\src\Core\Agents\Hazina.Generator\Hazina.Generator.csproj::TargetFramework=net8.0]
C:\Projects\Hazina\src\Core\Agents\Hazina.Generator\Core\DocumentGenerator.cs(64,16): warning MA0004: Use Task.ConfigureAwait(false) if the current SynchronizationContext is not needed (https://github.com/meziantou/Meziantou.Analyzer/blob/main/docs/Rules/MA0004.md) [C:\Projects\Hazina\src\Core\Agents\Hazina.Generator\Hazina.Generator.csproj::TargetFramework=net8.0]
C:\Projects\Hazina\src\Core\Agents\Hazina.Generator\Core\Serializer.cs(1,1): warning SA1005: Single line comment should begin with a space (https://github.com/DotNetAnalyzers/StyleCopAnalyzers/blob/master/documentation/SA1005.md) [C:\Projects\Hazina\src\Core\Agents\Hazina.Generator\Hazina.Generator.csproj::TargetFramework=net8.0]
C:\Projects\Hazina\src\Core\Agents\Hazina.Generator\Core\Serializer.cs(2,1): warning SA1005: Single line comment should begin with a space (https://github.com/DotNetAnalyzers/StyleCopAnalyzers/blob/master/documentation/SA1005.md) [C:\Projects\Hazina\src\Core\Agents\Hazina.Generator\Hazina.Generator.csproj::TargetFramework=net8.0]
C:\Projects\Hazina\src\Core\Agents\Hazina.Generator\Core\Serializer.cs(4,1): warning SA1005: Single line comment should begin with a space (https://github.com/DotNetAnalyzers/StyleCopAnalyzers/blob/master/documentation/SA1005.md) [C:\Projects\Hazina\src\Core\Agents\Hazina.Generator\Hazina.Generator.csproj::TargetFramework=net8.0]
C:\Projects\Hazina\src\Core\Agents\Hazina.Generator\Core\Serializer.cs(5,1): warning SA1005: Single line comment should begin with a space (https://github.com/DotNetAnalyzers/StyleCopAnalyzers/blob/master/documentation/SA1005.md) [C:\Projects\Hazina\src\Core\Agents\Hazina.Generator\Hazina.Generator.csproj::TargetFramework=net8.0]
C:\Projects\Hazina\src\Core\Agents\Hazina.Generator\Core\Serializer.cs(22,1): warning SA1005: Single line comment should begin with a space (https://github.com/DotNetAnalyzers/StyleCopAnalyzers/blob/master/documentation/SA1005.md) [C:\Projects\Hazina\src\Core\Agents\Hazina.Generator\Hazina.Generator.csproj::TargetFramework=net8.0]
C:\Projects\Hazina\src\Core\Agents\Hazina.Generator\Core\Serializer.cs(32,1): warning SA1005: Single line comment should begin with a space (https://github.com/DotNetAnalyzers/StyleCopAnalyzers/blob/master/documentation/SA1005.md) [C:\Projects\Hazina\src\Core\Agents\Hazina.Generator\Hazina.Generator.csproj::TargetFramework=net8.0]
C:\Projects\Hazina\src\Core\Agents\Hazina.Generator\Core\Serializer.cs(40,1): warning SA1005: Single line comment should begin with a space (https://github.com/DotNetAnalyzers/StyleCopAnalyzers/blob/master/documentation/SA1005.md) [C:\Projects\Hazina\src\Core\Agents\Hazina.Generator\Hazina.Generator.csproj::TargetFramework=net8.0]
C:\Projects\Hazina\src\Core\Agents\Hazina.Generator\Core\Serializer.cs(57,1): warning SA1005: Single line comment should begin with a space (https://github.com/DotNetAnalyzers/StyleCopAnalyzers/blob/master/documentation/SA1005.md) [C:\Projects\Hazina\src\Core\Agents\Hazina.Generator\Hazina.Generator.csproj::TargetFramework=net8.0]
C:\Projects\Hazina\src\Core\Agents\Hazina.Generator\Core\Serializer.cs(78,1): warning SA1005: Single line comment should begin with a space (https://github.com/DotNetAnalyzers/StyleCopAnalyzers/blob/master/documentation/SA1005.md) [C:\Projects\Hazina\src\Core\Agents\Hazina.Generator\Hazina.Generator.csproj::TargetFramework=net8.0]
C:\Projects\Hazina\src\Core\Agents\Hazina.Generator\Core\DocumentGenerator.cs(94,16): warning MA0004: Use Task.ConfigureAwait(false) if the current SynchronizationContext is not needed (https://github.com/meziantou/Meziantou.Analyzer/blob/main/docs/Rules/MA0004.md) [C:\Projects\Hazina\src\Core\Agents\Hazina.Generator\Hazina.Generator.csproj::TargetFramework=net8.0]
C:\Projects\Hazina\src\Core\Agents\Hazina.Generator\Core\DocumentGenerator.cs(100,16): warning MA0004: Use Task.ConfigureAwait(false) if the current SynchronizationContext is not needed (https://github.com/meziantou/Meziantou.Analyzer/blob/main/docs/Rules/MA0004.md) [C:\Projects\Hazina\src\Core\Agents\Hazina.Generator\Hazina.Generator.csproj::TargetFramework=net8.0]
C:\Projects\Hazina\src\Core\Agents\Hazina.Generator\Core\Serializer.cs(44,29): warning SA1028: Code should not contain trailing whitespace (https://github.com/DotNetAnalyzers/StyleCopAnalyzers/blob/master/documentation/SA1028.md) [C:\Projects\Hazina\src\Core\Agents\Hazina.Generator\Hazina.Generator.csproj::TargetFramework=net8.0]
C:\Projects\Hazina\src\Core\Agents\Hazina.Generator\Core\Serializer.cs(45,49): warning SA1028: Code should not contain trailing whitespace (https://github.com/DotNetAnalyzers/StyleCopAnalyzers/blob/master/documentation/SA1028.md) [C:\Projects\Hazina\src\Core\Agents\Hazina.Generator\Hazina.Generator.csproj::TargetFramework=net8.0]
C:\Projects\Hazina\src\Core\Agents\Hazina.Generator\Core\Serializer.cs(63,56): warning SA1028: Code should not contain trailing whitespace (https://github.com/DotNetAnalyzers/StyleCopAnalyzers/blob/master/documentation/SA1028.md) [C:\Projects\Hazina\src\Core\Agents\Hazina.Generator\Hazina.Generator.csproj::TargetFramework=net8.0]
C:\Projects\Hazina\src\Core\Agents\Hazina.Generator\Core\Serializer.cs(64,28): warning SA1028: Code should not contain trailing whitespace (https://github.com/DotNetAnalyzers/StyleCopAnalyzers/blob/master/documentation/SA1028.md) [C:\Projects\Hazina\src\Core\Agents\Hazina.Generator\Hazina.Generator.csproj::TargetFramework=net8.0]
C:\Projects\Hazina\src\Core\Agents\Hazina.Generator\Core\DocumentGenerator.cs(87,28): warning MA0004: Use Task.ConfigureAwait(false) if the current SynchronizationContext is not needed (https://github.com/meziantou/Meziantou.Analyzer/blob/main/docs/Rules/MA0004.md) [C:\Projects\Hazina\src\Core\Agents\Hazina.Generator\Hazina.Generator.csproj::TargetFramework=net8.0]
C:\Projects\Hazina\src\Core\Agents\Hazina.Generator\Core\DocumentGenerator.cs(88,16): warning MA0004: Use Task.ConfigureAwait(false) if the current SynchronizationContext is not needed (https://github.com/meziantou/Meziantou.Analyzer/blob/main/docs/Rules/MA0004.md) [C:\Projects\Hazina\src\Core\Agents\Hazina.Generator\Hazina.Generator.csproj::TargetFramework=net8.0]
C:\Projects\Hazina\src\Core\Agents\Hazina.Generator\Interfaces\IDocumentGenerator.cs(1,1): warning SA1633: The file header is missing or not located at the top of the file. (https://github.com/DotNetAnalyzers/StyleCopAnalyzers/blob/master/documentation/SA1633.md) [C:\Projects\Hazina\src\Core\Agents\Hazina.Generator\Hazina.Generator.csproj::TargetFramework=net8.0]
C:\Projects\Hazina\src\Core\Agents\Hazina.Generator\Core\DocumentGenerator.cs(151,69): warning CA1725: In member Task<LLMResponse<string>> DocumentGenerator.StreamUpdateStore(string message, CancellationToken cancel, Action<string> onChunkReceived, IEnumerable<HazinaChatMessage>? history = null, bool addRelevantDocuments = true, bool addFilesList = true, IToolsContext? toolsContext = null, List<ImageData>? images = null), change parameter name message to query in order to match the identifier as it has been declared in Task<LLMResponse<string>> IDocumentGenerator.StreamUpdateStore(string query, CancellationToken cancel, Action<string> onChunkReceived, IEnumerable<HazinaChatMessage>? messages, bool addRelevantDocuments, bool addFilesList, IToolsContext toolsContext, List<ImageData> images) (https://learn.microsoft.com/dotnet/fundamentals/code-analysis/quality-rules/ca1725) [C:\Projects\Hazina\src\Core\Agents\Hazina.Generator\Hazina.Generator.csproj::TargetFramework=net8.0]
C:\Projects\Hazina\src\Core\Agents\Hazina.Generator\Core\DocumentGenerator.cs(151,168): warning CA1725: In member Task<LLMResponse<string>> DocumentGenerator.StreamUpdateStore(string message, CancellationToken cancel, Action<string> onChunkReceived, IEnumerable<HazinaChatMessage>? history = null, bool addRelevantDocuments = true, bool addFilesList = true, IToolsContext? toolsContext = null, List<ImageData>? images = null), change parameter name history to messages in order to match the identifier as it has been declared in Task<LLMResponse<string>> IDocumentGenerator.StreamUpdateStore(string query, CancellationToken cancel, Action<string> onChunkReceived, IEnumerable<HazinaChatMessage>? messages, bool addRelevantDocuments, bool addFilesList, IToolsContext toolsContext, List<ImageData> images) (https://learn.microsoft.com/dotnet/fundamentals/code-analysis/quality-rules/ca1725) [C:\Projects\Hazina\src\Core\Agents\Hazina.Generator\Hazina.Generator.csproj::TargetFramework=net8.0]
C:\Projects\Hazina\src\Core\Agents\Hazina.Generator\Core\DocumentGenerator.cs(105,28): warning MA0004: Use Task.ConfigureAwait(false) if the current SynchronizationContext is not needed (https://github.com/meziantou/Meziantou.Analyzer/blob/main/docs/Rules/MA0004.md) [C:\Projects\Hazina\src\Core\Agents\Hazina.Generator\Hazina.Generator.csproj::TargetFramework=net8.0]
C:\Projects\Hazina\src\Core\Agents\Hazina.Generator\Core\DocumentGenerator.cs(151,168): warning MA0061: Method overrides should not change default values (original: <no default value>; current: null) (https://github.com/meziantou/Meziantou.Analyzer/blob/main/docs/Rules/MA0061.md) [C:\Projects\Hazina\src\Core\Agents\Hazina.Generator\Hazina.Generator.csproj::TargetFramework=net8.0]
C:\Projects\Hazina\src\Core\Agents\Hazina.Generator\Core\DocumentGenerator.cs(151,189): warning MA0061: Method overrides should not change default values (original: <no default value>; current: 'True') (https://github.com/meziantou/Meziantou.Analyzer/blob/main/docs/Rules/MA0061.md) [C:\Projects\Hazina\src\Core\Agents\Hazina.Generator\Hazina.Generator.csproj::TargetFramework=net8.0]
C:\Projects\Hazina\src\Core\Agents\Hazina.Generator\Core\DocumentGenerator.cs(151,223): warning MA0061: Method overrides should not change default values (original: <no default value>; current: 'True') (https://github.com/meziantou/Meziantou.Analyzer/blob/main/docs/Rules/MA0061.md) [C:\Projects\Hazina\src\Core\Agents\Hazina.Generator\Hazina.Generator.csproj::TargetFramework=net8.0]
C:\Projects\Hazina\src\Core\Agents\Hazina.Generator\Core\DocumentGenerator.cs(151,259): warning MA0061: Method overrides should not change default values (original: <no default value>; current: null) (https://github.com/meziantou/Meziantou.Analyzer/blob/main/docs/Rules/MA0061.md) [C:\Projects\Hazina\src\Core\Agents\Hazina.Generator\Hazina.Generator.csproj::TargetFramework=net8.0]
C:\Projects\Hazina\src\Core\Agents\Hazina.Generator\Core\DocumentGenerator.cs(151,297): warning MA0061: Method overrides should not change default values (original: <no default value>; current: null) (https://github.com/meziantou/Meziantou.Analyzer/blob/main/docs/Rules/MA0061.md) [C:\Projects\Hazina\src\Core\Agents\Hazina.Generator\Hazina.Generator.csproj::TargetFramework=net8.0]
C:\Projects\Hazina\src\Core\Agents\Hazina.Generator\Core\DocumentGenerator.cs(140,76): warning SA1122: Use string.Empty for empty strings (https://github.com/DotNetAnalyzers/StyleCopAnalyzers/blob/master/documentation/SA1122.md) [C:\Projects\Hazina\src\Core\Agents\Hazina.Generator\Hazina.Generator.csproj::TargetFramework=net8.0]
C:\Projects\Hazina\src\Core\Agents\Hazina.Generator\Core\DocumentGenerator.cs(106,16): warning MA0004: Use Task.ConfigureAwait(false) if the current SynchronizationContext is not needed (https://github.com/meziantou/Meziantou.Analyzer/blob/main/docs/Rules/MA0004.md) [C:\Projects\Hazina\src\Core\Agents\Hazina.Generator\Hazina.Generator.csproj::TargetFramework=net8.0]
C:\Projects\Hazina\src\Core\Agents\Hazina.Generator\Models\StoreSafetyPolicy.cs(65,43): warning SA1503: Braces should not be omitted (https://github.com/DotNetAnalyzers/StyleCopAnalyzers/blob/master/documentation/SA1503.md) [C:\Projects\Hazina\src\Core\Agents\Hazina.Generator\Hazina.Generator.csproj::TargetFramework=net8.0]
C:\Projects\Hazina\src\Core\Agents\Hazina.Generator\Interfaces\ISerializer.cs(2,1): warning S125: Remove this commented out code. (https://rules.sonarsource.com/csharp/RSPEC-125) [C:\Projects\Hazina\src\Core\Agents\Hazina.Generator\Hazina.Generator.csproj::TargetFramework=net8.0]
C:\Projects\Hazina\src\Core\Agents\Hazina.Generator\Interfaces\ISerializer.cs(1,1): warning SA1633: The file header XML is invalid. (https://github.com/DotNetAnalyzers/StyleCopAnalyzers/blob/master/documentation/SA1633.md) [C:\Projects\Hazina\src\Core\Agents\Hazina.Generator\Hazina.Generator.csproj::TargetFramework=net8.0]
C:\Projects\Hazina\src\Core\Agents\Hazina.Generator\Interfaces\ISerializer.cs(8,4): warning SA1518: File is required to end with a single newline character (https://github.com/DotNetAnalyzers/StyleCopAnalyzers/blob/master/documentation/SA1518.md) [C:\Projects\Hazina\src\Core\Agents\Hazina.Generator\Hazina.Generator.csproj::TargetFramework=net8.0]
C:\Projects\Hazina\src\Core\Agents\Hazina.Generator\Interfaces\ISerializer.cs(1,1): warning SA1005: Single line comment should begin with a space (https://github.com/DotNetAnalyzers/StyleCopAnalyzers/blob/master/documentation/SA1005.md) [C:\Projects\Hazina\src\Core\Agents\Hazina.Generator\Hazina.Generator.csproj::TargetFramework=net8.0]
C:\Projects\Hazina\src\Core\Agents\Hazina.Generator\Interfaces\ISerializer.cs(2,1): warning SA1005: Single line comment should begin with a space (https://github.com/DotNetAnalyzers/StyleCopAnalyzers/blob/master/documentation/SA1005.md) [C:\Projects\Hazina\src\Core\Agents\Hazina.Generator\Hazina.Generator.csproj::TargetFramework=net8.0]
C:\Projects\Hazina\src\Core\Agents\Hazina.Generator\Interfaces\ISerializer.cs(8,1): warning SA1005: Single line comment should begin with a space (https://github.com/DotNetAnalyzers/StyleCopAnalyzers/blob/master/documentation/SA1005.md) [C:\Projects\Hazina\src\Core\Agents\Hazina.Generator\Hazina.Generator.csproj::TargetFramework=net8.0]
C:\Projects\Hazina\src\Core\Agents\Hazina.Generator\Models\StoreSafetyPolicy.cs(84,36): warning SA1503: Braces should not be omitted (https://github.com/DotNetAnalyzers/StyleCopAnalyzers/blob/master/documentation/SA1503.md) [C:\Projects\Hazina\src\Core\Agents\Hazina.Generator\Hazina.Generator.csproj::TargetFramework=net8.0]
C:\Projects\Hazina\src\Core\Agents\Hazina.Generator\Models\DeleteDocumentRequest.cs(1,1): warning SA1633: The file header is missing or not located at the top of the file. (https://github.com/DotNetAnalyzers/StyleCopAnalyzers/blob/master/documentation/SA1633.md) [C:\Projects\Hazina\src\Core\Agents\Hazina.Generator\Hazina.Generator.csproj::TargetFramework=net8.0]
C:\Projects\Hazina\src\Core\Agents\Hazina.Generator\Models\DeleteDocumentRequest.cs(6,14): warning SA1402: File may only contain a single type (https://github.com/DotNetAnalyzers/StyleCopAnalyzers/blob/master/documentation/SA1402.md) [C:\Projects\Hazina\src\Core\Agents\Hazina.Generator\Hazina.Generator.csproj::TargetFramework=net8.0]
C:\Projects\Hazina\src\Core\Agents\Hazina.Generator\Models\ModifyDocumentRequest.cs(1,1): warning SA1633: The file header is missing or not located at the top of the file. (https://github.com/DotNetAnalyzers/StyleCopAnalyzers/blob/master/documentation/SA1633.md) [C:\Projects\Hazina\src\Core\Agents\Hazina.Generator\Hazina.Generator.csproj::TargetFramework=net8.0]
C:\Projects\Hazina\src\Core\Agents\Hazina.Generator\Core\DocumentGenerator.cs(111,28): warning MA0004: Use Task.ConfigureAwait(false) if the current SynchronizationContext is not needed (https://github.com/meziantou/Meziantou.Analyzer/blob/main/docs/Rules/MA0004.md) [C:\Projects\Hazina\src\Core\Agents\Hazina.Generator\Hazina.Generator.csproj::TargetFramework=net8.0]
C:\Projects\Hazina\src\Core\Agents\Hazina.Generator\Core\DocumentGenerator.cs(136,24): warning MA0004: Use Task.ConfigureAwait(false) if the current SynchronizationContext is not needed (https://github.com/meziantou/Meziantou.Analyzer/blob/main/docs/Rules/MA0004.md) [C:\Projects\Hazina\src\Core\Agents\Hazina.Generator\Hazina.Generator.csproj::TargetFramework=net8.0]
C:\Projects\Hazina\src\Core\Agents\Hazina.Generator\Core\DocumentGenerator.cs(151,176): warning S1006: Remove the default parameter value to match the signature of overridden method. (https://rules.sonarsource.com/csharp/RSPEC-1006) [C:\Projects\Hazina\src\Core\Agents\Hazina.Generator\Hazina.Generator.csproj::TargetFramework=net8.0]
C:\Projects\Hazina\src\Core\Agents\Hazina.Generator\Core\DocumentGenerator.cs(151,210): warning S1006: Remove the default parameter value to match the signature of overridden method. (https://rules.sonarsource.com/csharp/RSPEC-1006) [C:\Projects\Hazina\src\Core\Agents\Hazina.Generator\Hazina.Generator.csproj::TargetFramework=net8.0]
C:\Projects\Hazina\src\Core\Agents\Hazina.Generator\Core\DocumentGenerator.cs(151,236): warning S1006: Remove the default parameter value to match the signature of overridden method. (https://rules.sonarsource.com/csharp/RSPEC-1006) [C:\Projects\Hazina\src\Core\Agents\Hazina.Generator\Hazina.Generator.csproj::TargetFramework=net8.0]
C:\Projects\Hazina\src\Core\Agents\Hazina.Generator\Core\DocumentGenerator.cs(151,272): warning S1006: Remove the default parameter value to match the signature of overridden method. (https://rules.sonarsource.com/csharp/RSPEC-1006) [C:\Projects\Hazina\src\Core\Agents\Hazina.Generator\Hazina.Generator.csproj::TargetFramework=net8.0]
C:\Projects\Hazina\src\Core\Agents\Hazina.Generator\Core\DocumentGenerator.cs(151,304): warning S1006: Remove the default parameter value to match the signature of overridden method. (https://rules.sonarsource.com/csharp/RSPEC-1006) [C:\Projects\Hazina\src\Core\Agents\Hazina.Generator\Hazina.Generator.csproj::TargetFramework=net8.0]
C:\Projects\Hazina\src\Core\Agents\Hazina.Generator\Core\DocumentGenerator.cs(151,69): warning S927: Rename parameter 'message' to 'query' to match the interface declaration. (https://rules.sonarsource.com/csharp/RSPEC-927) [C:\Projects\Hazina\src\Core\Agents\Hazina.Generator\Hazina.Generator.csproj::TargetFramework=net8.0]
C:\Projects\Hazina\src\Core\Agents\Hazina.Generator\Core\DocumentGenerator.cs(151,168): warning S927: Rename parameter 'history' to 'messages' to match the interface declaration. (https://rules.sonarsource.com/csharp/RSPEC-927) [C:\Projects\Hazina\src\Core\Agents\Hazina.Generator\Hazina.Generator.csproj::TargetFramework=net8.0]
C:\Projects\Hazina\src\Core\Agents\Hazina.Generator\Core\DocumentGenerator.cs(138,9): warning MA0004: Use Task.ConfigureAwait(false) if the current SynchronizationContext is not needed (https://github.com/meziantou/Meziantou.Analyzer/blob/main/docs/Rules/MA0004.md) [C:\Projects\Hazina\src\Core\Agents\Hazina.Generator\Hazina.Generator.csproj::TargetFramework=net8.0]
C:\Projects\Hazina\src\Core\Agents\Hazina.Generator\Models\StoreSafetyPolicy.cs(1,1): warning SA1633: The file header is missing or not located at the top of the file. (https://github.com/DotNetAnalyzers/StyleCopAnalyzers/blob/master/documentation/SA1633.md) [C:\Projects\Hazina\src\Core\Agents\Hazina.Generator\Hazina.Generator.csproj::TargetFramework=net8.0]
C:\Projects\Hazina\src\Core\Agents\Hazina.Generator\Core\DocumentGenerator.cs(148,76): warning SA1122: Use string.Empty for empty strings (https://github.com/DotNetAnalyzers/StyleCopAnalyzers/blob/master/documentation/SA1122.md) [C:\Projects\Hazina\src\Core\Agents\Hazina.Generator\Hazina.Generator.csproj::TargetFramework=net8.0]
C:\Projects\Hazina\src\Core\Agents\Hazina.Generator\Core\DocumentGenerator.cs(145,28): warning MA0004: Use Task.ConfigureAwait(false) if the current SynchronizationContext is not needed (https://github.com/meziantou/Meziantou.Analyzer/blob/main/docs/Rules/MA0004.md) [C:\Projects\Hazina\src\Core\Agents\Hazina.Generator\Hazina.Generator.csproj::TargetFramework=net8.0]
C:\Projects\Hazina\src\Core\Agents\Hazina.Generator\Core\DocumentGenerator.cs(146,24): warning MA0004: Use Task.ConfigureAwait(false) if the current SynchronizationContext is not needed (https://github.com/meziantou/Meziantou.Analyzer/blob/main/docs/Rules/MA0004.md) [C:\Projects\Hazina\src\Core\Agents\Hazina.Generator\Hazina.Generator.csproj::TargetFramework=net8.0]
C:\Projects\Hazina\src\Core\Agents\Hazina.Generator\Core\DocumentGenerator.cs(69,28): warning MA0004: Use Task.ConfigureAwait(false) if the current SynchronizationContext is not needed (https://github.com/meziantou/Meziantou.Analyzer/blob/main/docs/Rules/MA0004.md) [C:\Projects\Hazina\src\Core\Agents\Hazina.Generator\Hazina.Generator.csproj::TargetFramework=net8.0]
C:\Projects\Hazina\src\Core\Agents\Hazina.Generator\Core\DocumentGenerator.cs(70,16): warning MA0004: Use Task.ConfigureAwait(false) if the current SynchronizationContext is not needed (https://github.com/meziantou/Meziantou.Analyzer/blob/main/docs/Rules/MA0004.md) [C:\Projects\Hazina\src\Core\Agents\Hazina.Generator\Hazina.Generator.csproj::TargetFramework=net8.0]
C:\Projects\Hazina\src\Core\Agents\Hazina.Generator\Core\DocumentGenerator.cs(147,9): warning MA0004: Use Task.ConfigureAwait(false) if the current SynchronizationContext is not needed (https://github.com/meziantou/Meziantou.Analyzer/blob/main/docs/Rules/MA0004.md) [C:\Projects\Hazina\src\Core\Agents\Hazina.Generator\Hazina.Generator.csproj::TargetFramework=net8.0]
C:\Projects\Hazina\src\Core\Agents\Hazina.Generator\Models\StoreSafetyPolicy.cs(78,74): warning MA0002: Use an overload that has a IEqualityComparer<string> or IComparer<string> parameter (https://github.com/meziantou/Meziantou.Analyzer/blob/main/docs/Rules/MA0002.md) [C:\Projects\Hazina\src\Core\Agents\Hazina.Generator\Hazina.Generator.csproj::TargetFramework=net8.0]
C:\Projects\Hazina\src\Core\Agents\Hazina.Generator\Core\DocumentGenerator.cs(156,76): warning SA1122: Use string.Empty for empty strings (https://github.com/DotNetAnalyzers/StyleCopAnalyzers/blob/master/documentation/SA1122.md) [C:\Projects\Hazina\src\Core\Agents\Hazina.Generator\Hazina.Generator.csproj::TargetFramework=net8.0]
C:\Projects\Hazina\src\Core\Agents\Hazina.Generator\Models\StoreSafetyPolicyViolationException.cs(1,1): warning SA1633: The file header is missing or not located at the top of the file. (https://github.com/DotNetAnalyzers/StyleCopAnalyzers/blob/master/documentation/SA1633.md) [C:\Projects\Hazina\src\Core\Agents\Hazina.Generator\Hazina.Generator.csproj::TargetFramework=net8.0]
C:\Projects\Hazina\src\Core\Agents\Hazina.Generator\Models\UpdateStoreResponse.cs(1,1): warning SA1633: The file header is missing or not located at the top of the file. (https://github.com/DotNetAnalyzers/StyleCopAnalyzers/blob/master/documentation/SA1633.md) [C:\Projects\Hazina\src\Core\Agents\Hazina.Generator\Hazina.Generator.csproj::TargetFramework=net8.0]
C:\Projects\Hazina\src\Core\Agents\Hazina.Generator\Core\DocumentGenerator.cs(183,16): warning MA0004: Use Task.ConfigureAwait(false) if the current SynchronizationContext is not needed (https://github.com/meziantou/Meziantou.Analyzer/blob/main/docs/Rules/MA0004.md) [C:\Projects\Hazina\src\Core\Agents\Hazina.Generator\Hazina.Generator.csproj::TargetFramework=net8.0]
C:\Projects\Hazina\src\Core\Agents\Hazina.Generator\Core\DocumentGenerator.cs(153,28): warning MA0004: Use Task.ConfigureAwait(false) if the current SynchronizationContext is not needed (https://github.com/meziantou/Meziantou.Analyzer/blob/main/docs/Rules/MA0004.md) [C:\Projects\Hazina\src\Core\Agents\Hazina.Generator\Hazina.Generator.csproj::TargetFramework=net8.0]
C:\Projects\Hazina\src\Core\Agents\Hazina.Generator\Core\DocumentGenerator.cs(154,24): warning MA0004: Use Task.ConfigureAwait(false) if the current SynchronizationContext is not needed (https://github.com/meziantou/Meziantou.Analyzer/blob/main/docs/Rules/MA0004.md) [C:\Projects\Hazina\src\Core\Agents\Hazina.Generator\Hazina.Generator.csproj::TargetFramework=net8.0]
C:\Projects\Hazina\src\Core\Agents\Hazina.Generator\Core\DocumentGenerator.cs(155,9): warning MA0004: Use Task.ConfigureAwait(false) if the current SynchronizationContext is not needed (https://github.com/meziantou/Meziantou.Analyzer/blob/main/docs/Rules/MA0004.md) [C:\Projects\Hazina\src\Core\Agents\Hazina.Generator\Hazina.Generator.csproj::TargetFramework=net8.0]
C:\Projects\Hazina\src\Core\Agents\Hazina.Generator\Core\DocumentGenerator.cs(162,13): warning SA1519: Braces should not be omitted from multi-line child statement (https://github.com/DotNetAnalyzers/StyleCopAnalyzers/blob/master/documentation/SA1519.md) [C:\Projects\Hazina\src\Core\Agents\Hazina.Generator\Hazina.Generator.csproj::TargetFramework=net8.0]
C:\Projects\Hazina\src\Core\Agents\Hazina.Generator\Core\DocumentGenerator.cs(168,13): warning SA1519: Braces should not be omitted from multi-line child statement (https://github.com/DotNetAnalyzers/StyleCopAnalyzers/blob/master/documentation/SA1519.md) [C:\Projects\Hazina\src\Core\Agents\Hazina.Generator\Hazina.Generator.csproj::TargetFramework=net8.0]
C:\Projects\Hazina\src\Core\Agents\Hazina.Generator\Core\DocumentGenerator.cs(173,13): warning SA1519: Braces should not be omitted from multi-line child statement (https://github.com/DotNetAnalyzers/StyleCopAnalyzers/blob/master/documentation/SA1519.md) [C:\Projects\Hazina\src\Core\Agents\Hazina.Generator\Hazina.Generator.csproj::TargetFramework=net8.0]
C:\Projects\Hazina\src\Core\Agents\Hazina.Generator\Core\DocumentGenerator.cs(165,17): warning MA0004: Use Task.ConfigureAwait(false) if the current SynchronizationContext is not needed (https://github.com/meziantou/Meziantou.Analyzer/blob/main/docs/Rules/MA0004.md) [C:\Projects\Hazina\src\Core\Agents\Hazina.Generator\Hazina.Generator.csproj::TargetFramework=net8.0]
C:\Projects\Hazina\src\Core\Agents\Hazina.Generator\Core\DocumentGenerator.cs(170,17): warning MA0004: Use Task.ConfigureAwait(false) if the current SynchronizationContext is not needed (https://github.com/meziantou/Meziantou.Analyzer/blob/main/docs/Rules/MA0004.md) [C:\Projects\Hazina\src\Core\Agents\Hazina.Generator\Hazina.Generator.csproj::TargetFramework=net8.0]
C:\Projects\Hazina\src\Core\Agents\Hazina.Generator\Core\DocumentGenerator.cs(176,17): warning MA0004: Use Task.ConfigureAwait(false) if the current SynchronizationContext is not needed (https://github.com/meziantou/Meziantou.Analyzer/blob/main/docs/Rules/MA0004.md) [C:\Projects\Hazina\src\Core\Agents\Hazina.Generator\Hazina.Generator.csproj::TargetFramework=net8.0]
C:\Projects\Hazina\src\Core\Agents\Hazina.Generator\Core\DocumentGenerator.cs(191,17): warning SA1503: Braces should not be omitted (https://github.com/DotNetAnalyzers/StyleCopAnalyzers/blob/master/documentation/SA1503.md) [C:\Projects\Hazina\src\Core\Agents\Hazina.Generator\Hazina.Generator.csproj::TargetFramework=net8.0]
C:\Projects\Hazina\src\Core\Agents\Hazina.Generator\Core\DocumentGenerator.cs(193,17): warning SA1503: Braces should not be omitted (https://github.com/DotNetAnalyzers/StyleCopAnalyzers/blob/master/documentation/SA1503.md) [C:\Projects\Hazina\src\Core\Agents\Hazina.Generator\Hazina.Generator.csproj::TargetFramework=net8.0]
C:\Projects\Hazina\src\Core\Agents\Hazina.Generator\Core\DocumentGenerator.cs(219,13): warning SA1503: Braces should not be omitted (https://github.com/DotNetAnalyzers/StyleCopAnalyzers/blob/master/documentation/SA1503.md) [C:\Projects\Hazina\src\Core\Agents\Hazina.Generator\Hazina.Generator.csproj::TargetFramework=net8.0]
C:\Projects\Hazina\src\Core\Agents\Hazina.Generator\Core\DocumentGenerator.cs(190,13): warning SA1519: Braces should not be omitted from multi-line child statement (https://github.com/DotNetAnalyzers/StyleCopAnalyzers/blob/master/documentation/SA1519.md) [C:\Projects\Hazina\src\Core\Agents\Hazina.Generator\Hazina.Generator.csproj::TargetFramework=net8.0]
C:\Projects\Hazina\src\Core\Agents\Hazina.Generator\Core\DocumentGenerator.cs(213,46): warning SA1122: Use string.Empty for empty strings (https://github.com/DotNetAnalyzers/StyleCopAnalyzers/blob/master/documentation/SA1122.md) [C:\Projects\Hazina\src\Core\Agents\Hazina.Generator\Hazina.Generator.csproj::TargetFramework=net8.0]
C:\Projects\Hazina\src\Core\Agents\Hazina.Generator\Core\DocumentGenerator.cs(199,30): warning MA0004: Use Task.ConfigureAwait(false) if the current SynchronizationContext is not needed (https://github.com/meziantou/Meziantou.Analyzer/blob/main/docs/Rules/MA0004.md) [C:\Projects\Hazina\src\Core\Agents\Hazina.Generator\Hazina.Generator.csproj::TargetFramework=net8.0]
C:\Projects\Hazina\src\Core\Agents\Hazina.Generator\Core\DocumentGenerator.cs(202,37): warning MA0004: Use Task.ConfigureAwait(false) if the current SynchronizationContext is not needed (https://github.com/meziantou/Meziantou.Analyzer/blob/main/docs/Rules/MA0004.md) [C:\Projects\Hazina\src\Core\Agents\Hazina.Generator\Hazina.Generator.csproj::TargetFramework=net8.0]
C:\Projects\Hazina\src\Core\Agents\Hazina.Generator\Core\DocumentGenerator.cs(205,24): warning MA0004: Use Task.ConfigureAwait(false) if the current SynchronizationContext is not needed (https://github.com/meziantou/Meziantou.Analyzer/blob/main/docs/Rules/MA0004.md) [C:\Projects\Hazina\src\Core\Agents\Hazina.Generator\Hazina.Generator.csproj::TargetFramework=net8.0]
C:\Projects\Hazina\src\Core\Agents\Hazina.Generator\Core\DocumentGenerator.cs(213,29): warning MA0004: Use Task.ConfigureAwait(false) if the current SynchronizationContext is not needed (https://github.com/meziantou/Meziantou.Analyzer/blob/main/docs/Rules/MA0004.md) [C:\Projects\Hazina\src\Core\Agents\Hazina.Generator\Hazina.Generator.csproj::TargetFramework=net8.0]
C:\Projects\Hazina\src\Core\Agents\Hazina.Generator\Core\DocumentGenerator.cs(193,31): warning CA1851: Possible multiple enumerations of 'IEnumerable' collection. Consider using an implementation that avoids multiple enumerations. (https://learn.microsoft.com/dotnet/fundamentals/code-analysis/quality-rules/ca1851) [C:\Projects\Hazina\src\Core\Agents\Hazina.Generator\Hazina.Generator.csproj::TargetFramework=net8.0]
C:\Projects\Hazina\src\Core\Agents\Hazina.Generator\Core\DocumentGenerator.cs(190,17): warning CA1851: Possible multiple enumerations of 'IEnumerable' collection. Consider using an implementation that avoids multiple enumerations. (https://learn.microsoft.com/dotnet/fundamentals/code-analysis/quality-rules/ca1851) [C:\Projects\Hazina\src\Core\Agents\Hazina.Generator\Hazina.Generator.csproj::TargetFramework=net8.0]
C:\Projects\Hazina\src\Core\Agents\Hazina.Generator\Core\DocumentGenerator.cs(194,78): warning CA1851: Possible multiple enumerations of 'IEnumerable' collection. Consider using an implementation that avoids multiple enumerations. (https://learn.microsoft.com/dotnet/fundamentals/code-analysis/quality-rules/ca1851) [C:\Projects\Hazina\src\Core\Agents\Hazina.Generator\Hazina.Generator.csproj::TargetFramework=net8.0]
C:\Projects\Hazina\src\Core\Agents\Hazina.Generator\Core\DocumentGenerator.cs(219,35): warning CA1851: Possible multiple enumerations of 'IEnumerable' collection. Consider using an implementation that avoids multiple enumerations. (https://learn.microsoft.com/dotnet/fundamentals/code-analysis/quality-rules/ca1851) [C:\Projects\Hazina\src\Core\Agents\Hazina.Generator\Hazina.Generator.csproj::TargetFramework=net8.0]
C:\Projects\Hazina\src\Core\Agents\Hazina.AgentFactory\Core\QuickAgentCreator.cs(23,41): warning CS8625: Cannot convert null literal to non-nullable reference type. [C:\Projects\Hazina\src\Core\Agents\Hazina.AgentFactory\Hazina.AgentFactory.csproj::TargetFramework=net10.0]
C:\Projects\Hazina\src\Core\Agents\Hazina.AgentFactory\Core\QuickAgentCreator.cs(24,38): warning CS8625: Cannot convert null literal to non-nullable reference type. [C:\Projects\Hazina\src\Core\Agents\Hazina.AgentFactory\Hazina.AgentFactory.csproj::TargetFramework=net10.0]
C:\Projects\Hazina\src\Core\Agents\Hazina.AgentFactory\Core\QuickAgentCreator.cs(25,37): warning CS8625: Cannot convert null literal to non-nullable reference type. [C:\Projects\Hazina\src\Core\Agents\Hazina.AgentFactory\Hazina.AgentFactory.csproj::TargetFramework=net10.0]
C:\Projects\Hazina\src\Core\Agents\Hazina.AgentFactory\Core\StoresAndAgentsAndFlowLoader.cs(92,141): warning CS8625: Cannot convert null literal to non-nullable reference type. [C:\Projects\Hazina\src\Core\Agents\Hazina.AgentFactory\Hazina.AgentFactory.csproj::TargetFramework=net10.0]
C:\Projects\Hazina\src\Core\Agents\Hazina.AgentFactory\Models\AgentCardModel.cs(38,46): warning CS8612: Nullability of reference types in type of 'event PropertyChangedEventHandler AgentCardModel.PropertyChanged' doesn't match implicitly implemented member 'event PropertyChangedEventHandler? INotifyPropertyChanged.PropertyChanged'. [C:\Projects\Hazina\src\Core\Agents\Hazina.AgentFactory\Hazina.AgentFactory.csproj::TargetFramework=net10.0]
C:\Projects\Hazina\src\Core\Agents\Hazina.AgentFactory\Models\FlowCardModels.cs(56,46): warning CS8612: Nullability of reference types in type of 'event PropertyChangedEventHandler FlowCardModel.PropertyChanged' doesn't match implicitly implemented member 'event PropertyChangedEventHandler? INotifyPropertyChanged.PropertyChanged'. [C:\Projects\Hazina\src\Core\Agents\Hazina.AgentFactory\Hazina.AgentFactory.csproj::TargetFramework=net10.0]
C:\Projects\Hazina\src\Core\Agents\Hazina.AgentFactory\Core\AgentManager.cs(119,62): warning CS8625: Cannot convert null literal to non-nullable reference type. [C:\Projects\Hazina\src\Core\Agents\Hazina.AgentFactory\Hazina.AgentFactory.csproj::TargetFramework=net10.0]
C:\Projects\Hazina\src\Core\Agents\Hazina.AgentFactory\Core\AgentManager.cs(149,102): warning CS8625: Cannot convert null literal to non-nullable reference type. [C:\Projects\Hazina\src\Core\Agents\Hazina.AgentFactory\Hazina.AgentFactory.csproj::TargetFramework=net10.0]
C:\Projects\Hazina\src\Core\Agents\Hazina.AgentFactory\Core\AgentManager.cs(172,106): warning CS8625: Cannot convert null literal to non-nullable reference type. [C:\Projects\Hazina\src\Core\Agents\Hazina.AgentFactory\Hazina.AgentFactory.csproj::TargetFramework=net10.0]
C:\Projects\Hazina\src\Core\Agents\Hazina.AgentFactory\Models\FlowCardModels.cs(94,46): warning CS8612: Nullability of reference types in type of 'event PropertyChangedEventHandler FlowCardsBindingModel.PropertyChanged' doesn't match implicitly implemented member 'event PropertyChangedEventHandler? INotifyPropertyChanged.PropertyChanged'. [C:\Projects\Hazina\src\Core\Agents\Hazina.AgentFactory\Hazina.AgentFactory.csproj::TargetFramework=net10.0]
C:\Projects\Hazina\src\Core\Agents\Hazina.AgentFactory\Models\StoreEntry.cs(19,50): warning CS8612: Nullability of reference types in type of 'event PropertyChangedEventHandler StoreEntry.PropertyChanged' doesn't match implicitly implemented member 'event PropertyChangedEventHandler? INotifyPropertyChanged.PropertyChanged'. [C:\Projects\Hazina\src\Core\Agents\Hazina.AgentFactory\Hazina.AgentFactory.csproj::TargetFramework=net10.0]
C:\Projects\Hazina\src\Core\Agents\Hazina.AgentFactory\Configuration\Formatters\AgentConfigFormatHelper.cs(17,24): error CS8603: Possible null reference return. [C:\Projects\Hazina\src\Core\Agents\Hazina.AgentFactory\Hazina.AgentFactory.csproj::TargetFramework=net10.0]
C:\Projects\Hazina\src\Core\Agents\Hazina.AgentFactory\Configuration\Formatters\FlowConfigFormatHelper.cs(15,24): error CS8603: Possible null reference return. [C:\Projects\Hazina\src\Core\Agents\Hazina.AgentFactory\Hazina.AgentFactory.csproj::TargetFramework=net10.0]
C:\Projects\Hazina\src\Core\Agents\Hazina.AgentFactory\Configuration\Formatters\StoreConfigFormatHelper.cs(17,24): error CS8603: Possible null reference return. [C:\Projects\Hazina\src\Core\Agents\Hazina.AgentFactory\Hazina.AgentFactory.csproj::TargetFramework=net10.0]
C:\Projects\Hazina\src\Core\Agents\Hazina.AgentFactory\Models\FlowCardModels.cs(44,12): warning CS8618: Non-nullable field '_name' must contain a non-null value when exiting constructor. Consider adding the 'required' modifier or declaring the field as nullable. [C:\Projects\Hazina\src\Core\Agents\Hazina.AgentFactory\Hazina.AgentFactory.csproj::TargetFramework=net10.0]
C:\Projects\Hazina\src\Core\Agents\Hazina.AgentFactory\Models\FlowCardModels.cs(44,12): warning CS8618: Non-nullable field '_description' must contain a non-null value when exiting constructor. Consider adding the 'required' modifier or declaring the field as nullable. [C:\Projects\Hazina\src\Core\Agents\Hazina.AgentFactory\Hazina.AgentFactory.csproj::TargetFramework=net10.0]
C:\Projects\Hazina\src\Core\Agents\Hazina.AgentFactory\Models\FlowCardModels.cs(44,12): warning CS8618: Non-nullable field '_newAgentToAdd' must contain a non-null value when exiting constructor. Consider adding the 'required' modifier or declaring the field as nullable. [C:\Projects\Hazina\src\Core\Agents\Hazina.AgentFactory\Hazina.AgentFactory.csproj::TargetFramework=net10.0]
C:\Projects\Hazina\src\Core\Agents\Hazina.AgentFactory\Models\FlowCardModels.cs(44,12): warning CS8618: Non-nullable event 'PropertyChanged' must contain a non-null value when exiting constructor. Consider adding the 'required' modifier or declaring the event as nullable. [C:\Projects\Hazina\src\Core\Agents\Hazina.AgentFactory\Hazina.AgentFactory.csproj::TargetFramework=net10.0]
C:\Projects\Hazina\src\Core\Agents\Hazina.AgentFactory\Models\IsReadyResult.cs(6,19): warning CS8618: Non-nullable property 'Message' must contain a non-null value when exiting constructor. Consider adding the 'required' modifier or declaring the property as nullable. [C:\Projects\Hazina\src\Core\Agents\Hazina.AgentFactory\Hazina.AgentFactory.csproj::TargetFramework=net10.0]
C:\Projects\Hazina\src\Core\Agents\Hazina.AgentFactory\Models\FlowCardModels.cs(49,12): warning CS8618: Non-nullable field '_newAgentToAdd' must contain a non-null value when exiting constructor. Consider adding the 'required' modifier or declaring the field as nullable. [C:\Projects\Hazina\src\Core\Agents\Hazina.AgentFactory\Hazina.AgentFactory.csproj::TargetFramework=net10.0]
C:\Projects\Hazina\src\Core\Agents\Hazina.AgentFactory\Models\FlowCardModels.cs(49,12): warning CS8618: Non-nullable event 'PropertyChanged' must contain a non-null value when exiting constructor. Consider adding the 'required' modifier or declaring the event as nullable. [C:\Projects\Hazina\src\Core\Agents\Hazina.AgentFactory\Hazina.AgentFactory.csproj::TargetFramework=net10.0]
C:\Projects\Hazina\src\Core\Agents\Hazina.AgentFactory\Models\FlowCardModels.cs(99,36): warning CS8622: Nullability of reference types in type of parameter 'sender' of 'void FlowCardsBindingModel.Cards_CollectionChanged(object sender, NotifyCollectionChangedEventArgs e)' doesn't match the target delegate 'NotifyCollectionChangedEventHandler' (possibly because of nullability attributes). [C:\Projects\Hazina\src\Core\Agents\Hazina.AgentFactory\Hazina.AgentFactory.csproj::TargetFramework=net10.0]
C:\Projects\Hazina\src\Core\Agents\Hazina.AgentFactory\Models\FlowCardModels.cs(97,12): warning CS8618: Non-nullable event 'PropertyChanged' must contain a non-null value when exiting constructor. Consider adding the 'required' modifier or declaring the event as nullable. [C:\Projects\Hazina\src\Core\Agents\Hazina.AgentFactory\Hazina.AgentFactory.csproj::TargetFramework=net10.0]
C:\Projects\Hazina\src\Core\Agents\Hazina.AgentFactory\Models\StoreRef.cs(3,19): warning CS8618: Non-nullable property 'Name' must contain a non-null value when exiting constructor. Consider adding the 'required' modifier or declaring the property as nullable. [C:\Projects\Hazina\src\Core\Agents\Hazina.AgentFactory\Hazina.AgentFactory.csproj::TargetFramework=net10.0]
C:\Projects\Hazina\src\Core\Agents\Hazina.AgentFactory\Models\StoreEntry.cs(7,24): warning CS8618: Non-nullable field '_storeName' must contain a non-null value when exiting constructor. Consider adding the 'required' modifier or declaring the field as nullable. [C:\Projects\Hazina\src\Core\Agents\Hazina.AgentFactory\Hazina.AgentFactory.csproj::TargetFramework=net10.0]
C:\Projects\Hazina\src\Core\Agents\Hazina.AgentFactory\Models\StoreEntry.cs(19,50): warning CS8618: Non-nullable event 'PropertyChanged' must contain a non-null value when exiting constructor. Consider adding the 'required' modifier or declaring the event as nullable. [C:\Projects\Hazina\src\Core\Agents\Hazina.AgentFactory\Hazina.AgentFactory.csproj::TargetFramework=net10.0]
C:\Projects\Hazina\src\Core\Agents\Hazina.AgentFactory\Models\FlowCardModels.cs(111,46): warning CS8622: Nullability of reference types in type of parameter 'sender' of 'void FlowCardsBindingModel.OnCardPropertyChanged(object sender, PropertyChangedEventArgs e)' doesn't match the target delegate 'PropertyChangedEventHandler' (possibly because of nullability attributes). [C:\Projects\Hazina\src\Core\Agents\Hazina.AgentFactory\Hazina.AgentFactory.csproj::TargetFramework=net10.0]
C:\Projects\Hazina\src\Core\Agents\Hazina.AgentFactory\Models\FlowCardModels.cs(120,46): warning CS8622: Nullability of reference types in type of parameter 'sender' of 'void FlowCardsBindingModel.OnCardPropertyChanged(object sender, PropertyChangedEventArgs e)' doesn't match the target delegate 'PropertyChangedEventHandler' (possibly because of nullability attributes). [C:\Projects\Hazina\src\Core\Agents\Hazina.AgentFactory\Hazina.AgentFactory.csproj::TargetFramework=net10.0]
C:\Projects\Hazina\src\Core\Agents\Hazina.AgentFactory\Models\FlowCardModels.cs(134,37): warning CS8622: Nullability of reference types in type of parameter 'sender' of 'void FlowCardsBindingModel.OnCardPropertyChanged(object sender, PropertyChangedEventArgs e)' doesn't match the target delegate 'PropertyChangedEventHandler' (possibly because of nullability attributes). [C:\Projects\Hazina\src\Core\Agents\Hazina.AgentFactory\Hazina.AgentFactory.csproj::TargetFramework=net10.0]
C:\Projects\Hazina\src\Core\Agents\Hazina.AgentFactory\Configuration\Parsers\HazinaStoreConfigParser.cs(30,31): error CS8600: Converting null literal or possible null value to non-nullable type. [C:\Projects\Hazina\src\Core\Agents\Hazina.AgentFactory\Hazina.AgentFactory.csproj::TargetFramework=net10.0]
C:\Projects\Hazina\src\Core\Agents\Hazina.AgentFactory\Configuration\Parsers\HazinaStoreConfigParser.cs(40,31): error CS8600: Converting null literal or possible null value to non-nullable type. [C:\Projects\Hazina\src\Core\Agents\Hazina.AgentFactory\Hazina.AgentFactory.csproj::TargetFramework=net10.0]
C:\Projects\Hazina\src\Core\Agents\Hazina.AgentFactory\Models\AgentCardModel.cs(8,20): warning CS8618: Non-nullable field 'name' must contain a non-null value when exiting constructor. Consider adding the 'required' modifier or declaring the field as nullable. [C:\Projects\Hazina\src\Core\Agents\Hazina.AgentFactory\Hazina.AgentFactory.csproj::TargetFramework=net10.0]
C:\Projects\Hazina\src\Core\Agents\Hazina.AgentFactory\Models\AgentCardModel.cs(9,20): warning CS8618: Non-nullable field 'description' must contain a non-null value when exiting constructor. Consider adding the 'required' modifier or declaring the field as nullable. [C:\Projects\Hazina\src\Core\Agents\Hazina.AgentFactory\Hazina.AgentFactory.csproj::TargetFramework=net10.0]
C:\Projects\Hazina\src\Core\Agents\Hazina.AgentFactory\Models\AgentCardModel.cs(10,20): warning CS8618: Non-nullable field 'prompt' must contain a non-null value when exiting constructor. Consider adding the 'required' modifier or declaring the field as nullable. [C:\Projects\Hazina\src\Core\Agents\Hazina.AgentFactory\Hazina.AgentFactory.csproj::TargetFramework=net10.0]
C:\Projects\Hazina\src\Core\Agents\Hazina.AgentFactory\Models\AgentCardModel.cs(16,20): warning CS8618: Non-nullable field 'newStoreToAdd' must contain a non-null value when exiting constructor. Consider adding the 'required' modifier or declaring the field as nullable. [C:\Projects\Hazina\src\Core\Agents\Hazina.AgentFactory\Hazina.AgentFactory.csproj::TargetFramework=net10.0]
C:\Projects\Hazina\src\Core\Agents\Hazina.AgentFactory\Models\AgentCardModel.cs(18,20): warning CS8618: Non-nullable field 'newFunctionToAdd' must contain a non-null value when exiting constructor. Consider adding the 'required' modifier or declaring the field as nullable. [C:\Projects\Hazina\src\Core\Agents\Hazina.AgentFactory\Hazina.AgentFactory.csproj::TargetFramework=net10.0]
C:\Projects\Hazina\src\Core\Agents\Hazina.AgentFactory\Models\AgentCardModel.cs(19,20): warning CS8618: Non-nullable field 'newAgentToAdd' must contain a non-null value when exiting constructor. Consider adding the 'required' modifier or declaring the field as nullable. [C:\Projects\Hazina\src\Core\Agents\Hazina.AgentFactory\Hazina.AgentFactory.csproj::TargetFramework=net10.0]
C:\Projects\Hazina\src\Core\Agents\Hazina.AgentFactory\Models\AgentCardModel.cs(20,20): warning CS8618: Non-nullable field 'newFlowToAdd' must contain a non-null value when exiting constructor. Consider adding the 'required' modifier or declaring the field as nullable. [C:\Projects\Hazina\src\Core\Agents\Hazina.AgentFactory\Hazina.AgentFactory.csproj::TargetFramework=net10.0]
C:\Projects\Hazina\src\Core\Agents\Hazina.AgentFactory\Models\AgentCardModel.cs(38,46): warning CS8618: Non-nullable event 'PropertyChanged' must contain a non-null value when exiting constructor. Consider adding the 'required' modifier or declaring the event as nullable. [C:\Projects\Hazina\src\Core\Agents\Hazina.AgentFactory\Hazina.AgentFactory.csproj::TargetFramework=net10.0]
C:\Projects\Hazina\src\Core\Agents\Hazina.AgentFactory\Configuration\Parsers\HazinaAgentConfigParser.cs(177,30): error CS8600: Converting null literal or possible null value to non-nullable type. [C:\Projects\Hazina\src\Core\Agents\Hazina.AgentFactory\Hazina.AgentFactory.csproj::TargetFramework=net10.0]
C:\Projects\Hazina\src\Core\Agents\Hazina.AgentFactory\Configuration\Parsers\HazinaAgentConfigParser.cs(186,31): error CS8600: Converting null literal or possible null value to non-nullable type. [C:\Projects\Hazina\src\Core\Agents\Hazina.AgentFactory\Hazina.AgentFactory.csproj::TargetFramework=net10.0]
C:\Projects\Hazina\src\Core\Agents\Hazina.AgentFactory\Core\AgentManager.cs(48,12): warning CS8618: Non-nullable field '_stores' must contain a non-null value when exiting constructor. Consider adding the 'required' modifier or declaring the field as nullable. [C:\Projects\Hazina\src\Core\Agents\Hazina.AgentFactory\Hazina.AgentFactory.csproj::TargetFramework=net10.0]
C:\Projects\Hazina\src\Core\Agents\Hazina.AgentFactory\Core\AgentManager.cs(48,12): warning CS8618: Non-nullable field '_agents' must contain a non-null value when exiting constructor. Consider adding the 'required' modifier or declaring the field as nullable. [C:\Projects\Hazina\src\Core\Agents\Hazina.AgentFactory\Hazina.AgentFactory.csproj::TargetFramework=net10.0]
C:\Projects\Hazina\src\Core\Agents\Hazina.AgentFactory\Core\AgentManager.cs(48,12): warning CS8618: Non-nullable field '_flows' must contain a non-null value when exiting constructor. Consider adding the 'required' modifier or declaring the field as nullable. [C:\Projects\Hazina\src\Core\Agents\Hazina.AgentFactory\Hazina.AgentFactory.csproj::TargetFramework=net10.0]
C:\Projects\Hazina\src\Core\Agents\Hazina.AgentFactory\Core\AgentManager.cs(48,12): warning CS8618: Non-nullable field '_storesJson' must contain a non-null value when exiting constructor. Consider adding the 'required' modifier or declaring the field as nullable. [C:\Projects\Hazina\src\Core\Agents\Hazina.AgentFactory\Hazina.AgentFactory.csproj::TargetFramework=net10.0]
C:\Projects\Hazina\src\Core\Agents\Hazina.AgentFactory\Core\AgentManager.cs(48,12): warning CS8618: Non-nullable field '_agentsJson' must contain a non-null value when exiting constructor. Consider adding the 'required' modifier or declaring the field as nullable. [C:\Projects\Hazina\src\Core\Agents\Hazina.AgentFactory\Hazina.AgentFactory.csproj::TargetFramework=net10.0]
C:\Projects\Hazina\src\Core\Agents\Hazina.AgentFactory\Core\AgentManager.cs(48,12): warning CS8618: Non-nullable field '_flowsJson' must contain a non-null value when exiting constructor. Consider adding the 'required' modifier or declaring the field as nullable. [C:\Projects\Hazina\src\Core\Agents\Hazina.AgentFactory\Hazina.AgentFactory.csproj::TargetFramework=net10.0]
C:\Projects\Hazina\src\Core\Agents\Hazina.AgentFactory\Core\AgentManager.cs(62,12): warning CS8618: Non-nullable field '_stores' must contain a non-null value when exiting constructor. Consider adding the 'required' modifier or declaring the field as nullable. [C:\Projects\Hazina\src\Core\Agents\Hazina.AgentFactory\Hazina.AgentFactory.csproj::TargetFramework=net10.0]
C:\Projects\Hazina\src\Core\Agents\Hazina.AgentFactory\Core\AgentManager.cs(62,12): warning CS8618: Non-nullable field '_agents' must contain a non-null value when exiting constructor. Consider adding the 'required' modifier or declaring the field as nullable. [C:\Projects\Hazina\src\Core\Agents\Hazina.AgentFactory\Hazina.AgentFactory.csproj::TargetFramework=net10.0]
C:\Projects\Hazina\src\Core\Agents\Hazina.AgentFactory\Core\AgentManager.cs(62,12): warning CS8618: Non-nullable field '_flows' must contain a non-null value when exiting constructor. Consider adding the 'required' modifier or declaring the field as nullable. [C:\Projects\Hazina\src\Core\Agents\Hazina.AgentFactory\Hazina.AgentFactory.csproj::TargetFramework=net10.0]
C:\Projects\Hazina\src\Core\Agents\Hazina.AgentFactory\Core\AgentManager.cs(62,12): warning CS8618: Non-nullable field '_storesJson' must contain a non-null value when exiting constructor. Consider adding the 'required' modifier or declaring the field as nullable. [C:\Projects\Hazina\src\Core\Agents\Hazina.AgentFactory\Hazina.AgentFactory.csproj::TargetFramework=net10.0]
C:\Projects\Hazina\src\Core\Agents\Hazina.AgentFactory\Core\AgentManager.cs(62,12): warning CS8618: Non-nullable field '_agentsJson' must contain a non-null value when exiting constructor. Consider adding the 'required' modifier or declaring the field as nullable. [C:\Projects\Hazina\src\Core\Agents\Hazina.AgentFactory\Hazina.AgentFactory.csproj::TargetFramework=net10.0]
C:\Projects\Hazina\src\Core\Agents\Hazina.AgentFactory\Core\AgentManager.cs(62,12): warning CS8618: Non-nullable field '_flowsJson' must contain a non-null value when exiting constructor. Consider adding the 'required' modifier or declaring the field as nullable. [C:\Projects\Hazina\src\Core\Agents\Hazina.AgentFactory\Hazina.AgentFactory.csproj::TargetFramework=net10.0]
C:\Projects\Hazina\src\Core\Agents\Hazina.AgentFactory\Configuration\Parsers\HazinaAgentConfigParser.cs(220,54): error CS8603: Possible null reference return. [C:\Projects\Hazina\src\Core\Agents\Hazina.AgentFactory\Hazina.AgentFactory.csproj::TargetFramework=net10.0]
C:\Projects\Hazina\src\Core\Agents\Hazina.AgentFactory\Core\AgentManager.cs(73,12): warning CS8618: Non-nullable field '_stores' must contain a non-null value when exiting constructor. Consider adding the 'required' modifier or declaring the field as nullable. [C:\Projects\Hazina\src\Core\Agents\Hazina.AgentFactory\Hazina.AgentFactory.csproj::TargetFramework=net10.0]
C:\Projects\Hazina\src\Core\Agents\Hazina.AgentFactory\Core\AgentManager.cs(73,12): warning CS8618: Non-nullable field '_agents' must contain a non-null value when exiting constructor. Consider adding the 'required' modifier or declaring the field as nullable. [C:\Projects\Hazina\src\Core\Agents\Hazina.AgentFactory\Hazina.AgentFactory.csproj::TargetFramework=net10.0]
C:\Projects\Hazina\src\Core\Agents\Hazina.AgentFactory\Core\AgentManager.cs(73,12): warning CS8618: Non-nullable field '_flows' must contain a non-null value when exiting constructor. Consider adding the 'required' modifier or declaring the field as nullable. [C:\Projects\Hazina\src\Core\Agents\Hazina.AgentFactory\Hazina.AgentFactory.csproj::TargetFramework=net10.0]
C:\Projects\Hazina\src\Core\Agents\Hazina.AgentFactory\Core\AgentManager.cs(73,12): warning CS8618: Non-nullable field '_storesJsonPath' must contain a non-null value when exiting constructor. Consider adding the 'required' modifier or declaring the field as nullable. [C:\Projects\Hazina\src\Core\Agents\Hazina.AgentFactory\Hazina.AgentFactory.csproj::TargetFramework=net10.0]
C:\Projects\Hazina\src\Core\Agents\Hazina.AgentFactory\Core\AgentManager.cs(73,12): warning CS8618: Non-nullable field '_agentsJsonPath' must contain a non-null value when exiting constructor. Consider adding the 'required' modifier or declaring the field as nullable. [C:\Projects\Hazina\src\Core\Agents\Hazina.AgentFactory\Hazina.AgentFactory.csproj::TargetFramework=net10.0]
C:\Projects\Hazina\src\Core\Agents\Hazina.AgentFactory\Core\AgentManager.cs(73,12): warning CS8618: Non-nullable field '_flowsJsonPath' must contain a non-null value when exiting constructor. Consider adding the 'required' modifier or declaring the field as nullable. [C:\Projects\Hazina\src\Core\Agents\Hazina.AgentFactory\Hazina.AgentFactory.csproj::TargetFramework=net10.0]
C:\Projects\Hazina\src\Core\Agents\Hazina.AgentFactory\Core\AgentManager.cs(108,16): error CS8603: Possible null reference return. [C:\Projects\Hazina\src\Core\Agents\Hazina.AgentFactory\Hazina.AgentFactory.csproj::TargetFramework=net10.0]
C:\Projects\Hazina\src\Core\Agents\Hazina.AgentFactory\Core\AgentManager.cs(112,16): error CS8603: Possible null reference return. [C:\Projects\Hazina\src\Core\Agents\Hazina.AgentFactory\Hazina.AgentFactory.csproj::TargetFramework=net10.0]
C:\Projects\Hazina\src\Core\Agents\Hazina.AgentFactory\Services\Execution\AgentExecutionService.cs(39,9): error CS8602: Dereference of a possibly null reference. [C:\Projects\Hazina\src\Core\Agents\Hazina.AgentFactory\Hazina.AgentFactory.csproj::TargetFramework=net10.0]
C:\Projects\Hazina\src\Core\Agents\Hazina.AgentFactory\Configuration\Parsers\HazinaAgentConfigParser.cs(260,24): error CS8604: Possible null reference argument for parameter 'flows' in 'void HazinaFlowConfigParser.SaveToFile(IEnumerable<FlowConfig> flows, string path)'. [C:\Projects\Hazina\src\Core\Agents\Hazina.AgentFactory\Hazina.AgentFactory.csproj::TargetFramework=net10.0]
C:\Projects\Hazina\src\Core\Agents\Hazina.AgentFactory\Core\QuickAgentCreator.cs(46,30): warning CS0618: 'EmbeddingStoreFactory.CreateFromSpec(string, ILLMClient)' is obsolete: 'Use CreateNew() with IEmbeddingGenerator for better separation of concerns' [C:\Projects\Hazina\src\Core\Agents\Hazina.AgentFactory\Hazina.AgentFactory.csproj::TargetFramework=net10.0]
C:\Projects\Hazina\src\Core\Agents\Hazina.AgentFactory\Core\AgentManager.cs(124,21): error CS8600: Converting null literal or possible null value to non-nullable type. [C:\Projects\Hazina\src\Core\Agents\Hazina.AgentFactory\Hazina.AgentFactory.csproj::TargetFramework=net10.0]
C:\Projects\Hazina\src\Core\Agents\Hazina.AgentFactory\Core\AgentManager.cs(139,77): error CS8604: Possible null reference argument for parameter 'message' in 'Task<LLMResponse<IsReadyResult?>> DocumentGenerator.GetResponse<IsReadyResult>(string message, CancellationToken cancel, IEnumerable<HazinaChatMessage>? history = null, bool addRelevantDocuments = true, bool addFilesList = true, IToolsContext? toolsContext = null, List<ImageData>? images = null)'. [C:\Projects\Hazina\src\Core\Agents\Hazina.AgentFactory\Hazina.AgentFactory.csproj::TargetFramework=net10.0]
C:\Projects\Hazina\src\Core\Agents\Hazina.AgentFactory\Core\AgentManager.cs(140,21): error CS8602: Dereference of a possibly null reference. [C:\Projects\Hazina\src\Core\Agents\Hazina.AgentFactory\Hazina.AgentFactory.csproj::TargetFramework=net10.0]
C:\Projects\Hazina\src\Core\Agents\Hazina.AgentFactory\Core\AgentManager.cs(143,35): error CS8602: Dereference of a possibly null reference. [C:\Projects\Hazina\src\Core\Agents\Hazina.AgentFactory\Hazina.AgentFactory.csproj::TargetFramework=net10.0]
C:\Projects\Hazina\src\Core\Agents\Hazina.AgentFactory\Core\AgentManager.cs(154,21): error CS8600: Converting null literal or possible null value to non-nullable type. [C:\Projects\Hazina\src\Core\Agents\Hazina.AgentFactory\Hazina.AgentFactory.csproj::TargetFramework=net10.0]
C:\Projects\Hazina\src\Core\Agents\Hazina.AgentFactory\Core\AgentManager.cs(167,26): error CS8602: Dereference of a possibly null reference. [C:\Projects\Hazina\src\Core\Agents\Hazina.AgentFactory\Hazina.AgentFactory.csproj::TargetFramework=net10.0]
C:\Projects\Hazina\src\Core\Agents\Hazina.AgentFactory\Services\Execution\AgentExecutionService.cs(101,9): error CS8602: Dereference of a possibly null reference. [C:\Projects\Hazina\src\Core\Agents\Hazina.AgentFactory\Hazina.AgentFactory.csproj::TargetFramework=net10.0]
C:\Projects\Hazina\src\Core\Agents\Hazina.AgentFactory\Services\Execution\AgentExecutionService.cs(142,9): error CS8602: Dereference of a possibly null reference. [C:\Projects\Hazina\src\Core\Agents\Hazina.AgentFactory\Hazina.AgentFactory.csproj::TargetFramework=net10.0]
C:\Projects\Hazina\src\Core\Agents\Hazina.AgentFactory\Core\AgentFactory.cs(274,9): error CS8602: Dereference of a possibly null reference. [C:\Projects\Hazina\src\Core\Agents\Hazina.AgentFactory\Hazina.AgentFactory.csproj::TargetFramework=net10.0]
C:\Projects\Hazina\src\Core\Agents\Hazina.AgentFactory\Configuration\Parsers\HazinaAgentConfigParser.cs(40,31): error CS8600: Converting null literal or possible null value to non-nullable type. [C:\Projects\Hazina\src\Core\Agents\Hazina.AgentFactory\Hazina.AgentFactory.csproj::TargetFramework=net10.0]
C:\Projects\Hazina\src\Core\Agents\Hazina.AgentFactory\Configuration\Parsers\HazinaAgentConfigParser.cs(49,31): error CS8600: Converting null literal or possible null value to non-nullable type. [C:\Projects\Hazina\src\Core\Agents\Hazina.AgentFactory\Hazina.AgentFactory.csproj::TargetFramework=net10.0]
C:\Projects\Hazina\src\Core\Agents\Hazina.AgentFactory\Core\AgentFactory.cs(329,9): error CS8602: Dereference of a possibly null reference. [C:\Projects\Hazina\src\Core\Agents\Hazina.AgentFactory\Hazina.AgentFactory.csproj::TargetFramework=net10.0]
C:\Projects\Hazina\src\Core\Agents\Hazina.AgentFactory\Configuration\Parsers\HazinaAgentConfigParser.cs(100,54): error CS8603: Possible null reference return. [C:\Projects\Hazina\src\Core\Agents\Hazina.AgentFactory\Hazina.AgentFactory.csproj::TargetFramework=net10.0]
C:\Projects\Hazina\src\Core\Agents\Hazina.AgentFactory\Core\AgentFactory.cs(365,9): error CS8602: Dereference of a possibly null reference. [C:\Projects\Hazina\src\Core\Agents\Hazina.AgentFactory\Hazina.AgentFactory.csproj::TargetFramework=net10.0]
C:\Projects\Hazina\src\Core\Agents\Hazina.AgentFactory\Configuration\Parsers\HazinaAgentConfigParser.cs(140,24): error CS8604: Possible null reference argument for parameter 'agents' in 'void HazinaAgentConfigParser.SaveToFile(IEnumerable<AgentConfig> agents, string path)'. [C:\Projects\Hazina\src\Core\Agents\Hazina.AgentFactory\Hazina.AgentFactory.csproj::TargetFramework=net10.0]
C:\Projects\Hazina\src\Core\Agents\Hazina.AgentFactory\Services\Tools\ToolRegistrationService.cs(621,25): error CS8602: Dereference of a possibly null reference. [C:\Projects\Hazina\src\Core\Agents\Hazina.AgentFactory\Hazina.AgentFactory.csproj::TargetFramework=net10.0]
C:\Projects\Hazina\src\Core\Agents\Hazina.AgentFactory\Abstractions\IClock.cs(1,1): warning SA1633: The file header is missing or not located at the top of the file. (https://github.com/DotNetAnalyzers/StyleCopAnalyzers/blob/master/documentation/SA1633.md) [C:\Projects\Hazina\src\Core\Agents\Hazina.AgentFactory\Hazina.AgentFactory.csproj::TargetFramework=net10.0]
C:\Projects\Hazina\src\Core\Agents\Hazina.AgentFactory\Abstractions\IClock.cs(38,14): warning SA1402: File may only contain a single type (https://github.com/DotNetAnalyzers/StyleCopAnalyzers/blob/master/documentation/SA1402.md) [C:\Projects\Hazina\src\Core\Agents\Hazina.AgentFactory\Hazina.AgentFactory.csproj::TargetFramework=net10.0]
C:\Projects\Hazina\src\Core\Agents\Hazina.AgentFactory\Abstractions\IClock.cs(28,14): warning MA0048: File name must match type name (https://github.com/meziantou/Meziantou.Analyzer/blob/main/docs/Rules/MA0048.md) [C:\Projects\Hazina\src\Core\Agents\Hazina.AgentFactory\Hazina.AgentFactory.csproj::TargetFramework=net10.0]
C:\Projects\Hazina\src\Core\Agents\Hazina.AgentFactory\Abstractions\IClock.cs(31,1): warning SA1516: Elements should be separated by blank line (https://github.com/DotNetAnalyzers/StyleCopAnalyzers/blob/master/documentation/SA1516.md) [C:\Projects\Hazina\src\Core\Agents\Hazina.AgentFactory\Hazina.AgentFactory.csproj::TargetFramework=net10.0]
C:\Projects\Hazina\src\Core\Agents\Hazina.AgentFactory\Abstractions\IClock.cs(32,1): warning SA1516: Elements should be separated by blank line (https://github.com/DotNetAnalyzers/StyleCopAnalyzers/blob/master/documentation/SA1516.md) [C:\Projects\Hazina\src\Core\Agents\Hazina.AgentFactory\Hazina.AgentFactory.csproj::TargetFramework=net10.0]
C:\Projects\Hazina\src\Core\Agents\Hazina.AgentFactory\Configuration\AgentConfig.cs(2,14): warning CA1050: Declare types in namespaces (https://learn.microsoft.com/dotnet/fundamentals/code-analysis/quality-rules/ca1050) [C:\Projects\Hazina\src\Core\Agents\Hazina.AgentFactory\Hazina.AgentFactory.csproj::TargetFramework=net10.0]
C:\Projects\Hazina\src\Core\Agents\Hazina.AgentFactory\Configuration\AgentConfig.cs(7,27): warning CA2227: Change 'Stores' to be read-only by removing the property setter (https://learn.microsoft.com/dotnet/fundamentals/code-analysis/quality-rules/ca2227) [C:\Projects\Hazina\src\Core\Agents\Hazina.AgentFactory\Hazina.AgentFactory.csproj::TargetFramework=net10.0]
C:\Projects\Hazina\src\Core\Agents\Hazina.AgentFactory\Configuration\AgentConfig.cs(7,27): warning CA1002: Change 'List<StoreRef>' in 'AgentConfig.Stores' to use 'Collection<T>', 'ReadOnlyCollection<T>' or 'KeyedCollection<K,V>' (https://learn.microsoft.com/dotnet/fundamentals/code-analysis/quality-rules/ca1002) [C:\Projects\Hazina\src\Core\Agents\Hazina.AgentFactory\Hazina.AgentFactory.csproj::TargetFramework=net10.0]
C:\Projects\Hazina\src\Core\Agents\Hazina.AgentFactory\Configuration\AgentConfig.cs(7,12): warning MA0016: Prefer using collection abstraction instead of implementation (https://github.com/meziantou/Meziantou.Analyzer/blob/main/docs/Rules/MA0016.md) [C:\Projects\Hazina\src\Core\Agents\Hazina.AgentFactory\Hazina.AgentFactory.csproj::TargetFramework=net10.0]
C:\Projects\Hazina\src\Core\Agents\Hazina.AgentFactory\Configuration\AgentConfig.cs(2,14): warning MA0047: Declare type 'AgentConfig' in a namespace (https://github.com/meziantou/Meziantou.Analyzer/blob/main/docs/Rules/MA0047.md) [C:\Projects\Hazina\src\Core\Agents\Hazina.AgentFactory\Hazina.AgentFactory.csproj::TargetFramework=net10.0]
C:\Projects\Hazina\src\Core\Agents\Hazina.AgentFactory\Configuration\AgentConfig.cs(2,14): warning S3903: Move 'AgentConfig' into a named namespace. (https://rules.sonarsource.com/csharp/RSPEC-3903) [C:\Projects\Hazina\src\Core\Agents\Hazina.AgentFactory\Hazina.AgentFactory.csproj::TargetFramework=net10.0]
C:\Projects\Hazina\src\Core\Agents\Hazina.AgentFactory\Configuration\AgentConfig.cs(8,25): warning CA2227: Change 'Functions' to be read-only by removing the property setter (https://learn.microsoft.com/dotnet/fundamentals/code-analysis/quality-rules/ca2227) [C:\Projects\Hazina\src\Core\Agents\Hazina.AgentFactory\Hazina.AgentFactory.csproj::TargetFramework=net10.0]
C:\Projects\Hazina\src\Core\Agents\Hazina.AgentFactory\Configuration\AgentConfig.cs(8,25): warning CA1002: Change 'List<string>' in 'AgentConfig.Functions' to use 'Collection<T>', 'ReadOnlyCollection<T>' or 'KeyedCollection<K,V>' (https://learn.microsoft.com/dotnet/fundamentals/code-analysis/quality-rules/ca1002) [C:\Projects\Hazina\src\Core\Agents\Hazina.AgentFactory\Hazina.AgentFactory.csproj::TargetFramework=net10.0]
C:\Projects\Hazina\src\Core\Agents\Hazina.AgentFactory\Configuration\AgentConfig.cs(8,12): warning MA0016: Prefer using collection abstraction instead of implementation (https://github.com/meziantou/Meziantou.Analyzer/blob/main/docs/Rules/MA0016.md) [C:\Projects\Hazina\src\Core\Agents\Hazina.AgentFactory\Hazina.AgentFactory.csproj::TargetFramework=net10.0]
C:\Projects\Hazina\src\Core\Agents\Hazina.AgentFactory\Abstractions\IFileSystem.cs(1,1): warning SA1633: The file header is missing or not located at the top of the file. (https://github.com/DotNetAnalyzers/StyleCopAnalyzers/blob/master/documentation/SA1633.md) [C:\Projects\Hazina\src\Core\Agents\Hazina.AgentFactory\Hazina.AgentFactory.csproj::TargetFramework=net10.0]
C:\Projects\Hazina\src\Core\Agents\Hazina.AgentFactory\Configuration\AgentConfig.cs(10,25): warning CA2227: Change 'CallsFlows' to be read-only by removing the property setter (https://learn.microsoft.com/dotnet/fundamentals/code-analysis/quality-rules/ca2227) [C:\Projects\Hazina\src\Core\Agents\Hazina.AgentFactory\Hazina.AgentFactory.csproj::TargetFramework=net10.0]
C:\Projects\Hazina\src\Core\Agents\Hazina.AgentFactory\Configuration\AgentConfig.cs(10,25): warning CA1002: Change 'List<string>' in 'AgentConfig.CallsFlows' to use 'Collection<T>', 'ReadOnlyCollection<T>' or 'KeyedCollection<K,V>' (https://learn.microsoft.com/dotnet/fundamentals/code-analysis/quality-rules/ca1002) [C:\Projects\Hazina\src\Core\Agents\Hazina.AgentFactory\Hazina.AgentFactory.csproj::TargetFramework=net10.0]
C:\Projects\Hazina\src\Core\Agents\Hazina.AgentFactory\Configuration\AgentConfig.cs(10,12): warning MA0016: Prefer using collection abstraction instead of implementation (https://github.com/meziantou/Meziantou.Analyzer/blob/main/docs/Rules/MA0016.md) [C:\Projects\Hazina\src\Core\Agents\Hazina.AgentFactory\Hazina.AgentFactory.csproj::TargetFramework=net10.0]
C:\Projects\Hazina\src\Core\Agents\Hazina.AgentFactory\Configuration\AgentConfig.cs(11,46): warning CA1805: Member 'ExplicitModify' is explicitly initialized to its default value (https://learn.microsoft.com/dotnet/fundamentals/code-analysis/quality-rules/ca1805) [C:\Projects\Hazina\src\Core\Agents\Hazina.AgentFactory\Hazina.AgentFactory.csproj::TargetFramework=net10.0]
C:\Projects\Hazina\src\Core\Agents\Hazina.AgentFactory\Configuration\AgentConfig.cs(5,1): warning SA1516: Elements should be separated by blank line (https://github.com/DotNetAnalyzers/StyleCopAnalyzers/blob/master/documentation/SA1516.md) [C:\Projects\Hazina\src\Core\Agents\Hazina.AgentFactory\Hazina.AgentFactory.csproj::TargetFramework=net10.0]
C:\Projects\Hazina\src\Core\Agents\Hazina.AgentFactory\Configuration\AgentConfig.cs(6,1): warning SA1516: Elements should be separated by blank line (https://github.com/DotNetAnalyzers/StyleCopAnalyzers/blob/master/documentation/SA1516.md) [C:\Projects\Hazina\src\Core\Agents\Hazina.AgentFactory\Hazina.AgentFactory.csproj::TargetFramework=net10.0]
C:\Projects\Hazina\src\Core\Agents\Hazina.AgentFactory\Configuration\AgentConfig.cs(7,1): warning SA1516: Elements should be separated by blank line (https://github.com/DotNetAnalyzers/StyleCopAnalyzers/blob/master/documentation/SA1516.md) [C:\Projects\Hazina\src\Core\Agents\Hazina.AgentFactory\Hazina.AgentFactory.csproj::TargetFramework=net10.0]
C:\Projects\Hazina\src\Core\Agents\Hazina.AgentFactory\Configuration\AgentConfig.cs(8,1): warning SA1516: Elements should be separated by blank line (https://github.com/DotNetAnalyzers/StyleCopAnalyzers/blob/master/documentation/SA1516.md) [C:\Projects\Hazina\src\Core\Agents\Hazina.AgentFactory\Hazina.AgentFactory.csproj::TargetFramework=net10.0]
C:\Projects\Hazina\src\Core\Agents\Hazina.AgentFactory\Configuration\AgentConfig.cs(9,1): warning SA1516: Elements should be separated by blank line (https://github.com/DotNetAnalyzers/StyleCopAnalyzers/blob/master/documentation/SA1516.md) [C:\Projects\Hazina\src\Core\Agents\Hazina.AgentFactory\Hazina.AgentFactory.csproj::TargetFramework=net10.0]
C:\Projects\Hazina\src\Core\Agents\Hazina.AgentFactory\Configuration\AgentConfig.cs(10,1): warning SA1516: Elements should be separated by blank line (https://github.com/DotNetAnalyzers/StyleCopAnalyzers/blob/master/documentation/SA1516.md) [C:\Projects\Hazina\src\Core\Agents\Hazina.AgentFactory\Hazina.AgentFactory.csproj::TargetFramework=net10.0]
C:\Projects\Hazina\src\Core\Agents\Hazina.AgentFactory\Configuration\AgentConfig.cs(11,1): warning SA1516: Elements should be separated by blank line (https://github.com/DotNetAnalyzers/StyleCopAnalyzers/blob/master/documentation/SA1516.md) [C:\Projects\Hazina\src\Core\Agents\Hazina.AgentFactory\Hazina.AgentFactory.csproj::TargetFramework=net10.0]
C:\Projects\Hazina\src\Core\Agents\Hazina.AgentFactory\Abstractions\IClock.cs(38,14): warning MA0048: File name must match type name (https://github.com/meziantou/Meziantou.Analyzer/blob/main/docs/Rules/MA0048.md) [C:\Projects\Hazina\src\Core\Agents\Hazina.AgentFactory\Hazina.AgentFactory.csproj::TargetFramework=net10.0]
C:\Projects\Hazina\src\Core\Agents\Hazina.AgentFactory\Configuration\AgentConfig.cs(9,25): warning CA2227: Change 'CallsAgents' to be read-only by removing the property setter (https://learn.microsoft.com/dotnet/fundamentals/code-analysis/quality-rules/ca2227) [C:\Projects\Hazina\src\Core\Agents\Hazina.AgentFactory\Hazina.AgentFactory.csproj::TargetFramework=net10.0]
C:\Projects\Hazina\src\Core\Agents\Hazina.AgentFactory\Configuration\AgentConfig.cs(9,25): warning CA1002: Change 'List<string>' in 'AgentConfig.CallsAgents' to use 'Collection<T>', 'ReadOnlyCollection<T>' or 'KeyedCollection<K,V>' (https://learn.microsoft.com/dotnet/fundamentals/code-analysis/quality-rules/ca1002) [C:\Projects\Hazina\src\Core\Agents\Hazina.AgentFactory\Hazina.AgentFactory.csproj::TargetFramework=net10.0]
C:\Projects\Hazina\src\Core\Agents\Hazina.AgentFactory\Configuration\AgentConfig.cs(9,12): warning MA0016: Prefer using collection abstraction instead of implementation (https://github.com/meziantou/Meziantou.Analyzer/blob/main/docs/Rules/MA0016.md) [C:\Projects\Hazina\src\Core\Agents\Hazina.AgentFactory\Hazina.AgentFactory.csproj::TargetFramework=net10.0]
C:\Projects\Hazina\src\Core\Agents\Hazina.AgentFactory\Abstractions\IFileSystem.cs(144,14): warning SA1402: File may only contain a single type (https://github.com/DotNetAnalyzers/StyleCopAnalyzers/blob/master/documentation/SA1402.md) [C:\Projects\Hazina\src\Core\Agents\Hazina.AgentFactory\Hazina.AgentFactory.csproj::TargetFramework=net10.0]
C:\Projects\Hazina\src\Core\Agents\Hazina.AgentFactory\Abstractions\IFileSystem.cs(165,14): warning SA1402: File may only contain a single type (https://github.com/DotNetAnalyzers/StyleCopAnalyzers/blob/master/documentation/SA1402.md) [C:\Projects\Hazina\src\Core\Agents\Hazina.AgentFactory\Hazina.AgentFactory.csproj::TargetFramework=net10.0]
C:\Projects\Hazina\src\Core\Agents\Hazina.AgentFactory\Abstractions\IClock.cs(48,1): warning SA1516: Elements should be separated by blank line (https://github.com/DotNetAnalyzers/StyleCopAnalyzers/blob/master/documentation/SA1516.md) [C:\Projects\Hazina\src\Core\Agents\Hazina.AgentFactory\Hazina.AgentFactory.csproj::TargetFramework=net10.0]
C:\Projects\Hazina\src\Core\Agents\Hazina.AgentFactory\Abstractions\IClock.cs(49,1): warning SA1516: Elements should be separated by blank line (https://github.com/DotNetAnalyzers/StyleCopAnalyzers/blob/master/documentation/SA1516.md) [C:\Projects\Hazina\src\Core\Agents\Hazina.AgentFactory\Hazina.AgentFactory.csproj::TargetFramework=net10.0]
C:\Projects\Hazina\src\Core\Agents\Hazina.AgentFactory\Configuration\FlowConfig.cs(5,25): warning CA2227: Change 'CallsAgents' to be read-only by removing the property setter (https://learn.microsoft.com/dotnet/fundamentals/code-analysis/quality-rules/ca2227) [C:\Projects\Hazina\src\Core\Agents\Hazina.AgentFactory\Hazina.AgentFactory.csproj::TargetFramework=net10.0]
C:\Projects\Hazina\src\Core\Agents\Hazina.AgentFactory\Configuration\FlowConfig.cs(1,14): warning CA1050: Declare types in namespaces (https://learn.microsoft.com/dotnet/fundamentals/code-analysis/quality-rules/ca1050) [C:\Projects\Hazina\src\Core\Agents\Hazina.AgentFactory\Hazina.AgentFactory.csproj::TargetFramework=net10.0]
C:\Projects\Hazina\src\Core\Agents\Hazina.AgentFactory\Configuration\FlowConfig.cs(5,25): warning CA1002: Change 'List<string>' in 'FlowConfig.CallsAgents' to use 'Collection<T>', 'ReadOnlyCollection<T>' or 'KeyedCollection<K,V>' (https://learn.microsoft.com/dotnet/fundamentals/code-analysis/quality-rules/ca1002) [C:\Projects\Hazina\src\Core\Agents\Hazina.AgentFactory\Hazina.AgentFactory.csproj::TargetFramework=net10.0]
C:\Projects\Hazina\src\Core\Agents\Hazina.AgentFactory\Configuration\FlowConfig.cs(5,12): warning MA0016: Prefer using collection abstraction instead of implementation (https://github.com/meziantou/Meziantou.Analyzer/blob/main/docs/Rules/MA0016.md) [C:\Projects\Hazina\src\Core\Agents\Hazina.AgentFactory\Hazina.AgentFactory.csproj::TargetFramework=net10.0]
C:\Projects\Hazina\src\Core\Agents\Hazina.AgentFactory\Configuration\FlowConfig.cs(1,14): warning MA0047: Declare type 'FlowConfig' in a namespace (https://github.com/meziantou/Meziantou.Analyzer/blob/main/docs/Rules/MA0047.md) [C:\Projects\Hazina\src\Core\Agents\Hazina.AgentFactory\Hazina.AgentFactory.csproj::TargetFramework=net10.0]
C:\Projects\Hazina\src\Core\Agents\Hazina.AgentFactory\Configuration\FlowConfig.cs(1,14): warning S3903: Move 'FlowConfig' into a named namespace. (https://rules.sonarsource.com/csharp/RSPEC-3903) [C:\Projects\Hazina\src\Core\Agents\Hazina.AgentFactory\Hazina.AgentFactory.csproj::TargetFramework=net10.0]
C:\Projects\Hazina\src\Core\Agents\Hazina.AgentFactory\Configuration\FlowConfig.cs(4,1): warning SA1516: Elements should be separated by blank line (https://github.com/DotNetAnalyzers/StyleCopAnalyzers/blob/master/documentation/SA1516.md) [C:\Projects\Hazina\src\Core\Agents\Hazina.AgentFactory\Hazina.AgentFactory.csproj::TargetFramework=net10.0]
C:\Projects\Hazina\src\Core\Agents\Hazina.AgentFactory\Configuration\FlowConfig.cs(5,1): warning SA1516: Elements should be separated by blank line (https://github.com/DotNetAnalyzers/StyleCopAnalyzers/blob/master/documentation/SA1516.md) [C:\Projects\Hazina\src\Core\Agents\Hazina.AgentFactory\Hazina.AgentFactory.csproj::TargetFramework=net10.0]
C:\Projects\Hazina\src\Core\Agents\Hazina.AgentFactory\Abstractions\IFileSystem.cs(83,18): warning MA0048: File name must match type name (https://github.com/meziantou/Meziantou.Analyzer/blob/main/docs/Rules/MA0048.md) [C:\Projects\Hazina\src\Core\Agents\Hazina.AgentFactory\Hazina.AgentFactory.csproj::TargetFramework=net10.0]
C:\Projects\Hazina\src\Core\Agents\Hazina.AgentFactory\Abstractions\IFileSystem.cs(86,1): warning SA1516: Elements should be separated by blank line (https://github.com/DotNetAnalyzers/StyleCopAnalyzers/blob/master/documentation/SA1516.md) [C:\Projects\Hazina\src\Core\Agents\Hazina.AgentFactory\Hazina.AgentFactory.csproj::TargetFramework=net10.0]
C:\Projects\Hazina\src\Core\Agents\Hazina.AgentFactory\Abstractions\IFileSystem.cs(87,1): warning SA1516: Elements should be separated by blank line (https://github.com/DotNetAnalyzers/StyleCopAnalyzers/blob/master/documentation/SA1516.md) [C:\Projects\Hazina\src\Core\Agents\Hazina.AgentFactory\Hazina.AgentFactory.csproj::TargetFramework=net10.0]
C:\Projects\Hazina\src\Core\Agents\Hazina.AgentFactory\Abstractions\IFileSystem.cs(88,1): warning SA1516: Elements should be separated by blank line (https://github.com/DotNetAnalyzers/StyleCopAnalyzers/blob/master/documentation/SA1516.md) [C:\Projects\Hazina\src\Core\Agents\Hazina.AgentFactory\Hazina.AgentFactory.csproj::TargetFramework=net10.0]
C:\Projects\Hazina\src\Core\Agents\Hazina.AgentFactory\Abstractions\IFileSystem.cs(89,1): warning SA1516: Elements should be separated by blank line (https://github.com/DotNetAnalyzers/StyleCopAnalyzers/blob/master/documentation/SA1516.md) [C:\Projects\Hazina\src\Core\Agents\Hazina.AgentFactory\Hazina.AgentFactory.csproj::TargetFramework=net10.0]
C:\Projects\Hazina\src\Core\Agents\Hazina.AgentFactory\Abstractions\IFileSystem.cs(90,1): warning SA1516: Elements should be separated by blank line (https://github.com/DotNetAnalyzers/StyleCopAnalyzers/blob/master/documentation/SA1516.md) [C:\Projects\Hazina\src\Core\Agents\Hazina.AgentFactory\Hazina.AgentFactory.csproj::TargetFramework=net10.0]
C:\Projects\Hazina\src\Core\Agents\Hazina.AgentFactory\Abstractions\IFileSystem.cs(91,1): warning SA1516: Elements should be separated by blank line (https://github.com/DotNetAnalyzers/StyleCopAnalyzers/blob/master/documentation/SA1516.md) [C:\Projects\Hazina\src\Core\Agents\Hazina.AgentFactory\Hazina.AgentFactory.csproj::TargetFramework=net10.0]
C:\Projects\Hazina\src\Core\Agents\Hazina.AgentFactory\Abstractions\IFileSystem.cs(97,18): warning MA0048: File name must match type name (https://github.com/meziantou/Meziantou.Analyzer/blob/main/docs/Rules/MA0048.md) [C:\Projects\Hazina\src\Core\Agents\Hazina.AgentFactory\Hazina.AgentFactory.csproj::TargetFramework=net10.0]
C:\Projects\Hazina\src\Core\Agents\Hazina.AgentFactory\Abstractions\IFileSystem.cs(109,14): warning MA0048: File name must match type name (https://github.com/meziantou/Meziantou.Analyzer/blob/main/docs/Rules/MA0048.md) [C:\Projects\Hazina\src\Core\Agents\Hazina.AgentFactory\Hazina.AgentFactory.csproj::TargetFramework=net10.0]
C:\Projects\Hazina\src\Core\Agents\Hazina.AgentFactory\Abstractions\IFileSystem.cs(100,1): warning SA1516: Elements should be separated by blank line (https://github.com/DotNetAnalyzers/StyleCopAnalyzers/blob/master/documentation/SA1516.md) [C:\Projects\Hazina\src\Core\Agents\Hazina.AgentFactory\Hazina.AgentFactory.csproj::TargetFramework=net10.0]
C:\Projects\Hazina\src\Core\Agents\Hazina.AgentFactory\Abstractions\IFileSystem.cs(101,1): warning SA1516: Elements should be separated by blank line (https://github.com/DotNetAnalyzers/StyleCopAnalyzers/blob/master/documentation/SA1516.md) [C:\Projects\Hazina\src\Core\Agents\Hazina.AgentFactory\Hazina.AgentFactory.csproj::TargetFramework=net10.0]
C:\Projects\Hazina\src\Core\Agents\Hazina.AgentFactory\Abstractions\IFileSystem.cs(102,1): warning SA1516: Elements should be separated by blank line (https://github.com/DotNetAnalyzers/StyleCopAnalyzers/blob/master/documentation/SA1516.md) [C:\Projects\Hazina\src\Core\Agents\Hazina.AgentFactory\Hazina.AgentFactory.csproj::TargetFramework=net10.0]
C:\Projects\Hazina\src\Core\Agents\Hazina.AgentFactory\Abstractions\IFileSystem.cs(103,1): warning SA1516: Elements should be separated by blank line (https://github.com/DotNetAnalyzers/StyleCopAnalyzers/blob/master/documentation/SA1516.md) [C:\Projects\Hazina\src\Core\Agents\Hazina.AgentFactory\Hazina.AgentFactory.csproj::TargetFramework=net10.0]
C:\Projects\Hazina\src\Core\Agents\Hazina.AgentFactory\Abstractions\IFileSystem.cs(144,14): warning MA0048: File name must match type name (https://github.com/meziantou/Meziantou.Analyzer/blob/main/docs/Rules/MA0048.md) [C:\Projects\Hazina\src\Core\Agents\Hazina.AgentFactory\Hazina.AgentFactory.csproj::TargetFramework=net10.0]
C:\Projects\Hazina\src\Core\Agents\Hazina.AgentFactory\Abstractions\IFileSystem.cs(165,14): warning MA0048: File name must match type name (https://github.com/meziantou/Meziantou.Analyzer/blob/main/docs/Rules/MA0048.md) [C:\Projects\Hazina\src\Core\Agents\Hazina.AgentFactory\Hazina.AgentFactory.csproj::TargetFramework=net10.0]
C:\Projects\Hazina\src\Core\Agents\Hazina.AgentFactory\Configuration\AgentConfig.cs(1,1): warning SA1633: The file header is missing or not located at the top of the file. (https://github.com/DotNetAnalyzers/StyleCopAnalyzers/blob/master/documentation/SA1633.md) [C:\Projects\Hazina\src\Core\Agents\Hazina.AgentFactory\Hazina.AgentFactory.csproj::TargetFramework=net10.0]
C:\Projects\Hazina\src\Core\Agents\Hazina.AgentFactory\Configuration\AgentConfig.cs(1,1): warning SA1517: Code should not contain blank lines at start of file (https://github.com/DotNetAnalyzers/StyleCopAnalyzers/blob/master/documentation/SA1517.md) [C:\Projects\Hazina\src\Core\Agents\Hazina.AgentFactory\Hazina.AgentFactory.csproj::TargetFramework=net10.0]
C:\Projects\Hazina\src\Core\Agents\Hazina.AgentFactory\Abstractions\IFileSystem.cs(175,1): warning SA1516: Elements should be separated by blank line (https://github.com/DotNetAnalyzers/StyleCopAnalyzers/blob/master/documentation/SA1516.md) [C:\Projects\Hazina\src\Core\Agents\Hazina.AgentFactory\Hazina.AgentFactory.csproj::TargetFramework=net10.0]
C:\Projects\Hazina\src\Core\Agents\Hazina.AgentFactory\Abstractions\IFileSystem.cs(176,1): warning SA1516: Elements should be separated by blank line (https://github.com/DotNetAnalyzers/StyleCopAnalyzers/blob/master/documentation/SA1516.md) [C:\Projects\Hazina\src\Core\Agents\Hazina.AgentFactory\Hazina.AgentFactory.csproj::TargetFramework=net10.0]
C:\Projects\Hazina\src\Core\Agents\Hazina.AgentFactory\Abstractions\IFileSystem.cs(177,1): warning SA1516: Elements should be separated by blank line (https://github.com/DotNetAnalyzers/StyleCopAnalyzers/blob/master/documentation/SA1516.md) [C:\Projects\Hazina\src\Core\Agents\Hazina.AgentFactory\Hazina.AgentFactory.csproj::TargetFramework=net10.0]
C:\Projects\Hazina\src\Core\Agents\Hazina.AgentFactory\Abstractions\IFileSystem.cs(178,1): warning SA1516: Elements should be separated by blank line (https://github.com/DotNetAnalyzers/StyleCopAnalyzers/blob/master/documentation/SA1516.md) [C:\Projects\Hazina\src\Core\Agents\Hazina.AgentFactory\Hazina.AgentFactory.csproj::TargetFramework=net10.0]
C:\Projects\Hazina\src\Core\Agents\Hazina.AgentFactory\Abstractions\IFileSystem.cs(154,1): warning SA1516: Elements should be separated by blank line (https://github.com/DotNetAnalyzers/StyleCopAnalyzers/blob/master/documentation/SA1516.md) [C:\Projects\Hazina\src\Core\Agents\Hazina.AgentFactory\Hazina.AgentFactory.csproj::TargetFramework=net10.0]
C:\Projects\Hazina\src\Core\Agents\Hazina.AgentFactory\Abstractions\IFileSystem.cs(155,1): warning SA1516: Elements should be separated by blank line (https://github.com/DotNetAnalyzers/StyleCopAnalyzers/blob/master/documentation/SA1516.md) [C:\Projects\Hazina\src\Core\Agents\Hazina.AgentFactory\Hazina.AgentFactory.csproj::TargetFramework=net10.0]
C:\Projects\Hazina\src\Core\Agents\Hazina.AgentFactory\Abstractions\IFileSystem.cs(156,1): warning SA1516: Elements should be separated by blank line (https://github.com/DotNetAnalyzers/StyleCopAnalyzers/blob/master/documentation/SA1516.md) [C:\Projects\Hazina\src\Core\Agents\Hazina.AgentFactory\Hazina.AgentFactory.csproj::TargetFramework=net10.0]
C:\Projects\Hazina\src\Core\Agents\Hazina.AgentFactory\Abstractions\IFileSystem.cs(157,1): warning SA1516: Elements should be separated by blank line (https://github.com/DotNetAnalyzers/StyleCopAnalyzers/blob/master/documentation/SA1516.md) [C:\Projects\Hazina\src\Core\Agents\Hazina.AgentFactory\Hazina.AgentFactory.csproj::TargetFramework=net10.0]
C:\Projects\Hazina\src\Core\Agents\Hazina.AgentFactory\Abstractions\IFileSystem.cs(158,1): warning SA1516: Elements should be separated by blank line (https://github.com/DotNetAnalyzers/StyleCopAnalyzers/blob/master/documentation/SA1516.md) [C:\Projects\Hazina\src\Core\Agents\Hazina.AgentFactory\Hazina.AgentFactory.csproj::TargetFramework=net10.0]
C:\Projects\Hazina\src\Core\Agents\Hazina.AgentFactory\Abstractions\IFileSystem.cs(159,1): warning SA1516: Elements should be separated by blank line (https://github.com/DotNetAnalyzers/StyleCopAnalyzers/blob/master/documentation/SA1516.md) [C:\Projects\Hazina\src\Core\Agents\Hazina.AgentFactory\Hazina.AgentFactory.csproj::TargetFramework=net10.0]
C:\Projects\Hazina\src\Core\Agents\Hazina.AgentFactory\Configuration\FlowConfig.cs(1,1): warning SA1633: The file header is missing or not located at the top of the file. (https://github.com/DotNetAnalyzers/StyleCopAnalyzers/blob/master/documentation/SA1633.md) [C:\Projects\Hazina\src\Core\Agents\Hazina.AgentFactory\Hazina.AgentFactory.csproj::TargetFramework=net10.0]
C:\Projects\Hazina\src\Core\Agents\Hazina.AgentFactory\Configuration\Formatters\AgentConfigFormatHelper.cs(5,21): warning CA1050: Declare types in namespaces (https://learn.microsoft.com/dotnet/fundamentals/code-analysis/quality-rules/ca1050) [C:\Projects\Hazina\src\Core\Agents\Hazina.AgentFactory\Hazina.AgentFactory.csproj::TargetFramework=net10.0]
C:\Projects\Hazina\src\Core\Agents\Hazina.AgentFactory\Configuration\Formatters\FlowConfigFormatHelper.cs(3,21): warning CA1050: Declare types in namespaces (https://learn.microsoft.com/dotnet/fundamentals/code-analysis/quality-rules/ca1050) [C:\Projects\Hazina\src\Core\Agents\Hazina.AgentFactory\Hazina.AgentFactory.csproj::TargetFramework=net10.0]
C:\Projects\Hazina\src\Core\Agents\Hazina.AgentFactory\Configuration\Formatters\AgentConfigFormatHelper.cs(5,21): warning MA0047: Declare type 'AgentConfigFormatHelper' in a namespace (https://github.com/meziantou/Meziantou.Analyzer/blob/main/docs/Rules/MA0047.md) [C:\Projects\Hazina\src\Core\Agents\Hazina.AgentFactory\Hazina.AgentFactory.csproj::TargetFramework=net10.0]
C:\Projects\Hazina\src\Core\Agents\Hazina.AgentFactory\Configuration\Formatters\StoreConfigFormatHelper.cs(5,21): warning CA1050: Declare types in namespaces (https://learn.microsoft.com/dotnet/fundamentals/code-analysis/quality-rules/ca1050) [C:\Projects\Hazina\src\Core\Agents\Hazina.AgentFactory\Hazina.AgentFactory.csproj::TargetFramework=net10.0]
C:\Projects\Hazina\src\Core\Agents\Hazina.AgentFactory\Configuration\Formatters\FlowConfigFormatHelper.cs(3,21): warning MA0047: Declare type 'FlowConfigFormatHelper' in a namespace (https://github.com/meziantou/Meziantou.Analyzer/blob/main/docs/Rules/MA0047.md) [C:\Projects\Hazina\src\Core\Agents\Hazina.AgentFactory\Hazina.AgentFactory.csproj::TargetFramework=net10.0]
C:\Projects\Hazina\src\Core\Agents\Hazina.AgentFactory\Configuration\Formatters\AgentConfigFormatHelper.cs(1,1): warning SA1633: The file header is missing or not located at the top of the file. (https://github.com/DotNetAnalyzers/StyleCopAnalyzers/blob/master/documentation/SA1633.md) [C:\Projects\Hazina\src\Core\Agents\Hazina.AgentFactory\Hazina.AgentFactory.csproj::TargetFramework=net10.0]
C:\Projects\Hazina\src\Core\Agents\Hazina.AgentFactory\Configuration\Formatters\StoreConfigFormatHelper.cs(5,21): warning MA0047: Declare type 'StoreConfigFormatHelper' in a namespace (https://github.com/meziantou/Meziantou.Analyzer/blob/main/docs/Rules/MA0047.md) [C:\Projects\Hazina\src\Core\Agents\Hazina.AgentFactory\Hazina.AgentFactory.csproj::TargetFramework=net10.0]
C:\Projects\Hazina\src\Core\Agents\Hazina.AgentFactory\Configuration\Formatters\AgentConfigFormatHelper.cs(23,10): warning SA1513: Closing brace should be followed by blank line (https://github.com/DotNetAnalyzers/StyleCopAnalyzers/blob/master/documentation/SA1513.md) [C:\Projects\Hazina\src\Core\Agents\Hazina.AgentFactory\Hazina.AgentFactory.csproj::TargetFramework=net10.0]
C:\Projects\Hazina\src\Core\Agents\Hazina.AgentFactory\Configuration\Formatters\AgentConfigFormatHelper.cs(24,9): warning SA1515: Single-line comment should be preceded by blank line (https://github.com/DotNetAnalyzers/StyleCopAnalyzers/blob/master/documentation/SA1515.md) [C:\Projects\Hazina\src\Core\Agents\Hazina.AgentFactory\Hazina.AgentFactory.csproj::TargetFramework=net10.0]
C:\Projects\Hazina\src\Core\Agents\Hazina.AgentFactory\Configuration\Formatters\AgentConfigFormatHelper.cs(45,9): warning SA1515: Single-line comment should be preceded by blank line (https://github.com/DotNetAnalyzers/StyleCopAnalyzers/blob/master/documentation/SA1515.md) [C:\Projects\Hazina\src\Core\Agents\Hazina.AgentFactory\Hazina.AgentFactory.csproj::TargetFramework=net10.0]
C:\Projects\Hazina\src\Core\Agents\Hazina.AgentFactory\Configuration\Formatters\AgentConfigFormatHelper.cs(48,9): warning SA1515: Single-line comment should be preceded by blank line (https://github.com/DotNetAnalyzers/StyleCopAnalyzers/blob/master/documentation/SA1515.md) [C:\Projects\Hazina\src\Core\Agents\Hazina.AgentFactory\Hazina.AgentFactory.csproj::TargetFramework=net10.0]
C:\Projects\Hazina\src\Core\Agents\Hazina.AgentFactory\Configuration\Formatters\AgentConfigFormatHelper.cs(13,9): warning SA1000: The keyword 'if' should be followed by a space (https://github.com/DotNetAnalyzers/StyleCopAnalyzers/blob/master/documentation/SA1000.md) [C:\Projects\Hazina\src\Core\Agents\Hazina.AgentFactory\Hazina.AgentFactory.csproj::TargetFramework=net10.0]
C:\Projects\Hazina\src\Core\Agents\Hazina.AgentFactory\Configuration\Formatters\AgentConfigFormatHelper.cs(29,9): warning SA1000: The keyword 'catch' should be followed by a space (https://github.com/DotNetAnalyzers/StyleCopAnalyzers/blob/master/documentation/SA1000.md) [C:\Projects\Hazina\src\Core\Agents\Hazina.AgentFactory\Hazina.AgentFactory.csproj::TargetFramework=net10.0]
C:\Projects\Hazina\src\Core\Agents\Hazina.AgentFactory\Configuration\Formatters\StoreConfigFormatHelper.cs(5,21): warning S3903: Move 'StoreConfigFormatHelper' into a named namespace. (https://rules.sonarsource.com/csharp/RSPEC-3903) [C:\Projects\Hazina\src\Core\Agents\Hazina.AgentFactory\Hazina.AgentFactory.csproj::TargetFramework=net10.0]
C:\Projects\Hazina\src\Core\Agents\Hazina.AgentFactory\Configuration\Formatters\AgentConfigFormatHelper.cs(5,21): warning S3903: Move 'AgentConfigFormatHelper' into a named namespace. (https://rules.sonarsource.com/csharp/RSPEC-3903) [C:\Projects\Hazina\src\Core\Agents\Hazina.AgentFactory\Hazina.AgentFactory.csproj::TargetFramework=net10.0]
C:\Projects\Hazina\src\Core\Agents\Hazina.AgentFactory\Configuration\Formatters\FlowConfigFormatHelper.cs(3,21): warning S3903: Move 'FlowConfigFormatHelper' into a named namespace. (https://rules.sonarsource.com/csharp/RSPEC-3903) [C:\Projects\Hazina\src\Core\Agents\Hazina.AgentFactory\Hazina.AgentFactory.csproj::TargetFramework=net10.0]
C:\Projects\Hazina\src\Core\Agents\Hazina.AgentFactory\Configuration\Formatters\FlowConfigFormatHelper.cs(1,1): warning SA1633: The file header is missing or not located at the top of the file. (https://github.com/DotNetAnalyzers/StyleCopAnalyzers/blob/master/documentation/SA1633.md) [C:\Projects\Hazina\src\Core\Agents\Hazina.AgentFactory\Hazina.AgentFactory.csproj::TargetFramework=net10.0]
C:\Projects\Hazina\src\Core\Agents\Hazina.AgentFactory\Configuration\GoogleConfig.cs(8,14): warning CA1050: Declare types in namespaces (https://learn.microsoft.com/dotnet/fundamentals/code-analysis/quality-rules/ca1050) [C:\Projects\Hazina\src\Core\Agents\Hazina.AgentFactory\Hazina.AgentFactory.csproj::TargetFramework=net10.0]
C:\Projects\Hazina\src\Core\Agents\Hazina.AgentFactory\Configuration\Formatters\FlowConfigFormatHelper.cs(21,10): warning SA1513: Closing brace should be followed by blank line (https://github.com/DotNetAnalyzers/StyleCopAnalyzers/blob/master/documentation/SA1513.md) [C:\Projects\Hazina\src\Core\Agents\Hazina.AgentFactory\Hazina.AgentFactory.csproj::TargetFramework=net10.0]
C:\Projects\Hazina\src\Core\Agents\Hazina.AgentFactory\Configuration\Formatters\FlowConfigFormatHelper.cs(22,9): warning SA1515: Single-line comment should be preceded by blank line (https://github.com/DotNetAnalyzers/StyleCopAnalyzers/blob/master/documentation/SA1515.md) [C:\Projects\Hazina\src\Core\Agents\Hazina.AgentFactory\Hazina.AgentFactory.csproj::TargetFramework=net10.0]
C:\Projects\Hazina\src\Core\Agents\Hazina.AgentFactory\Configuration\Formatters\FlowConfigFormatHelper.cs(43,9): warning SA1515: Single-line comment should be preceded by blank line (https://github.com/DotNetAnalyzers/StyleCopAnalyzers/blob/master/documentation/SA1515.md) [C:\Projects\Hazina\src\Core\Agents\Hazina.AgentFactory\Hazina.AgentFactory.csproj::TargetFramework=net10.0]
C:\Projects\Hazina\src\Core\Agents\Hazina.AgentFactory\Configuration\Formatters\FlowConfigFormatHelper.cs(46,9): warning SA1515: Single-line comment should be preceded by blank line (https://github.com/DotNetAnalyzers/StyleCopAnalyzers/blob/master/documentation/SA1515.md) [C:\Projects\Hazina\src\Core\Agents\Hazina.AgentFactory\Hazina.AgentFactory.csproj::TargetFramework=net10.0]
C:\Projects\Hazina\src\Core\Agents\Hazina.AgentFactory\Services\Email\EmailDetail.cs(9,1): warning SA1516: Elements should be separated by blank line (https://github.com/DotNetAnalyzers/StyleCopAnalyzers/blob/master/documentation/SA1516.md) [C:\Projects\Hazina\src\Core\Agents\Hazina.AgentFactory\Hazina.AgentFactory.csproj::TargetFramework=net10.0]
C:\Projects\Hazina\src\Core\Agents\Hazina.AgentFactory\Services\Email\EmailDetail.cs(10,1): warning SA1516: Elements should be separated by blank line (https://github.com/DotNetAnalyzers/StyleCopAnalyzers/blob/master/documentation/SA1516.md) [C:\Projects\Hazina\src\Core\Agents\Hazina.AgentFactory\Hazina.AgentFactory.csproj::TargetFramework=net10.0]
C:\Projects\Hazina\src\Core\Agents\Hazina.AgentFactory\Configuration\GoogleConfig.cs(8,14): warning MA0047: Declare type 'GoogleConfig' in a namespace (https://github.com/meziantou/Meziantou.Analyzer/blob/main/docs/Rules/MA0047.md) [C:\Projects\Hazina\src\Core\Agents\Hazina.AgentFactory\Hazina.AgentFactory.csproj::TargetFramework=net10.0]
C:\Projects\Hazina\src\Core\Agents\Hazina.AgentFactory\Configuration\GoogleConfig.cs(8,14): warning S3903: Move 'GoogleConfig' into a named namespace. (https://rules.sonarsource.com/csharp/RSPEC-3903) [C:\Projects\Hazina\src\Core\Agents\Hazina.AgentFactory\Hazina.AgentFactory.csproj::TargetFramework=net10.0]
C:\Projects\Hazina\src\Core\Agents\Hazina.AgentFactory\Configuration\Parsers\HazinaAgentConfigParser.cs(11,21): warning CA1050: Declare types in namespaces (https://learn.microsoft.com/dotnet/fundamentals/code-analysis/quality-rules/ca1050) [C:\Projects\Hazina\src\Core\Agents\Hazina.AgentFactory\Hazina.AgentFactory.csproj::TargetFramework=net10.0]
C:\Projects\Hazina\src\Core\Agents\Hazina.AgentFactory\Core\AgentManager.cs(3,1): warning SA1210: Using directives should be ordered alphabetically by the namespaces (https://github.com/DotNetAnalyzers/StyleCopAnalyzers/blob/master/documentation/SA1210.md) [C:\Projects\Hazina\src\Core\Agents\Hazina.AgentFactory\Hazina.AgentFactory.csproj::TargetFramework=net10.0]
C:\Projects\Hazina\src\Core\Agents\Hazina.AgentFactory\Configuration\Parsers\HazinaAgentConfigParser.cs(11,21): warning MA0047: Declare type 'HazinaAgentConfigParser' in a namespace (https://github.com/meziantou/Meziantou.Analyzer/blob/main/docs/Rules/MA0047.md) [C:\Projects\Hazina\src\Core\Agents\Hazina.AgentFactory\Hazina.AgentFactory.csproj::TargetFramework=net10.0]
C:\Projects\Hazina\src\Core\Agents\Hazina.AgentFactory\Configuration\Validation\ConfigurationResult.cs(22,39): warning CA2227: Change 'Errors' to be read-only by removing the property setter (https://learn.microsoft.com/dotnet/fundamentals/code-analysis/quality-rules/ca2227) [C:\Projects\Hazina\src\Core\Agents\Hazina.AgentFactory\Hazina.AgentFactory.csproj::TargetFramework=net10.0]
C:\Projects\Hazina\src\Core\Agents\Hazina.AgentFactory\Configuration\Validation\ConfigurationResult.cs(22,39): warning CA1002: Change 'List<ValidationDiagnostic>' in 'ConfigurationResult<T>.Errors' to use 'Collection<T>', 'ReadOnlyCollection<T>' or 'KeyedCollection<K,V>' (https://learn.microsoft.com/dotnet/fundamentals/code-analysis/quality-rules/ca1002) [C:\Projects\Hazina\src\Core\Agents\Hazina.AgentFactory\Hazina.AgentFactory.csproj::TargetFramework=net10.0]
C:\Projects\Hazina\src\Core\Agents\Hazina.AgentFactory\Configuration\Validation\ConfigurationResult.cs(27,39): warning CA2227: Change 'Warnings' to be read-only by removing the property setter (https://learn.microsoft.com/dotnet/fundamentals/code-analysis/quality-rules/ca2227) [C:\Projects\Hazina\src\Core\Agents\Hazina.AgentFactory\Hazina.AgentFactory.csproj::TargetFramework=net10.0]
C:\Projects\Hazina\src\Core\Agents\Hazina.AgentFactory\Configuration\Validation\ConfigurationResult.cs(27,39): warning CA1002: Change 'List<ValidationDiagnostic>' in 'ConfigurationResult<T>.Warnings' to use 'Collection<T>', 'ReadOnlyCollection<T>' or 'KeyedCollection<K,V>' (https://learn.microsoft.com/dotnet/fundamentals/code-analysis/quality-rules/ca1002) [C:\Projects\Hazina\src\Core\Agents\Hazina.AgentFactory\Hazina.AgentFactory.csproj::TargetFramework=net10.0]
C:\Projects\Hazina\src\Core\Agents\Hazina.AgentFactory\Configuration\Validation\ConfigurationResult.cs(22,12): warning MA0016: Prefer using collection abstraction instead of implementation (https://github.com/meziantou/Meziantou.Analyzer/blob/main/docs/Rules/MA0016.md) [C:\Projects\Hazina\src\Core\Agents\Hazina.AgentFactory\Hazina.AgentFactory.csproj::TargetFramework=net10.0]
C:\Projects\Hazina\src\Core\Agents\Hazina.AgentFactory\Configuration\Validation\ConfigurationResult.cs(27,12): warning MA0016: Prefer using collection abstraction instead of implementation (https://github.com/meziantou/Meziantou.Analyzer/blob/main/docs/Rules/MA0016.md) [C:\Projects\Hazina\src\Core\Agents\Hazina.AgentFactory\Hazina.AgentFactory.csproj::TargetFramework=net10.0]
C:\Projects\Hazina\src\Core\Agents\Hazina.AgentFactory\Configuration\Validation\ConfigurationResult.cs(17,15): warning SA1623: The property's documentation summary text should begin with: 'Gets or sets' (https://github.com/DotNetAnalyzers/StyleCopAnalyzers/blob/master/documentation/SA1623.md) [C:\Projects\Hazina\src\Core\Agents\Hazina.AgentFactory\Hazina.AgentFactory.csproj::TargetFramework=net10.0]
C:\Projects\Hazina\src\Core\Agents\Hazina.AgentFactory\Configuration\Validation\ConfigurationResult.cs(32,39): warning CA2227: Change 'Infos' to be read-only by removing the property setter (https://learn.microsoft.com/dotnet/fundamentals/code-analysis/quality-rules/ca2227) [C:\Projects\Hazina\src\Core\Agents\Hazina.AgentFactory\Hazina.AgentFactory.csproj::TargetFramework=net10.0]
C:\Projects\Hazina\src\Core\Agents\Hazina.AgentFactory\Services\BigQuery\IBigQueryService.cs(11,1): warning SA1516: Elements should be separated by blank line (https://github.com/DotNetAnalyzers/StyleCopAnalyzers/blob/master/documentation/SA1516.md) [C:\Projects\Hazina\src\Core\Agents\Hazina.AgentFactory\Hazina.AgentFactory.csproj::TargetFramework=net10.0]
C:\Projects\Hazina\src\Core\Agents\Hazina.AgentFactory\Configuration\Validation\ConfigurationResult.cs(32,39): warning CA1002: Change 'List<ValidationDiagnostic>' in 'ConfigurationResult<T>.Infos' to use 'Collection<T>', 'ReadOnlyCollection<T>' or 'KeyedCollection<K,V>' (https://learn.microsoft.com/dotnet/fundamentals/code-analysis/quality-rules/ca1002) [C:\Projects\Hazina\src\Core\Agents\Hazina.AgentFactory\Hazina.AgentFactory.csproj::TargetFramework=net10.0]
C:\Projects\Hazina\src\Core\Agents\Hazina.AgentFactory\Services\BigQuery\IBigQueryService.cs(12,1): warning SA1516: Elements should be separated by blank line (https://github.com/DotNetAnalyzers/StyleCopAnalyzers/blob/master/documentation/SA1516.md) [C:\Projects\Hazina\src\Core\Agents\Hazina.AgentFactory\Hazina.AgentFactory.csproj::TargetFramework=net10.0]
C:\Projects\Hazina\src\Core\Agents\Hazina.AgentFactory\Services\BigQuery\IBigQueryService.cs(13,1): warning SA1516: Elements should be separated by blank line (https://github.com/DotNetAnalyzers/StyleCopAnalyzers/blob/master/documentation/SA1516.md) [C:\Projects\Hazina\src\Core\Agents\Hazina.AgentFactory\Hazina.AgentFactory.csproj::TargetFramework=net10.0]
C:\Projects\Hazina\src\Core\Agents\Hazina.AgentFactory\Services\BigQuery\IBigQueryService.cs(14,1): warning SA1516: Elements should be separated by blank line (https://github.com/DotNetAnalyzers/StyleCopAnalyzers/blob/master/documentation/SA1516.md) [C:\Projects\Hazina\src\Core\Agents\Hazina.AgentFactory\Hazina.AgentFactory.csproj::TargetFramework=net10.0]
C:\Projects\Hazina\src\Core\Agents\Hazina.AgentFactory\Configuration\Validation\ConfigurationResult.cs(12,17): warning SA1623: The property's documentation summary text should begin with: 'Gets a value indicating whether' (https://github.com/DotNetAnalyzers/StyleCopAnalyzers/blob/master/documentation/SA1623.md) [C:\Projects\Hazina\src\Core\Agents\Hazina.AgentFactory\Hazina.AgentFactory.csproj::TargetFramework=net10.0]
C:\Projects\Hazina\src\Core\Agents\Hazina.AgentFactory\Configuration\Validation\ConfigurationResult.cs(22,39): warning SA1623: The property's documentation summary text should begin with: 'Gets or sets' (https://github.com/DotNetAnalyzers/StyleCopAnalyzers/blob/master/documentation/SA1623.md) [C:\Projects\Hazina\src\Core\Agents\Hazina.AgentFactory\Hazina.AgentFactory.csproj::TargetFramework=net10.0]
C:\Projects\Hazina\src\Core\Agents\Hazina.AgentFactory\Configuration\Formatters\StoreConfigFormatHelper.cs(1,1): warning SA1633: The file header is missing or not located at the top of the file. (https://github.com/DotNetAnalyzers/StyleCopAnalyzers/blob/master/documentation/SA1633.md) [C:\Projects\Hazina\src\Core\Agents\Hazina.AgentFactory\Hazina.AgentFactory.csproj::TargetFramework=net10.0]
C:\Projects\Hazina\src\Core\Agents\Hazina.AgentFactory\Configuration\Formatters\StoreConfigFormatHelper.cs(23,10): warning SA1513: Closing brace should be followed by blank line (https://github.com/DotNetAnalyzers/StyleCopAnalyzers/blob/master/documentation/SA1513.md) [C:\Projects\Hazina\src\Core\Agents\Hazina.AgentFactory\Hazina.AgentFactory.csproj::TargetFramework=net10.0]
C:\Projects\Hazina\src\Core\Agents\Hazina.AgentFactory\Configuration\Formatters\StoreConfigFormatHelper.cs(24,9): warning SA1515: Single-line comment should be preceded by blank line (https://github.com/DotNetAnalyzers/StyleCopAnalyzers/blob/master/documentation/SA1515.md) [C:\Projects\Hazina\src\Core\Agents\Hazina.AgentFactory\Hazina.AgentFactory.csproj::TargetFramework=net10.0]
C:\Projects\Hazina\src\Core\Agents\Hazina.AgentFactory\Configuration\Formatters\StoreConfigFormatHelper.cs(45,9): warning SA1515: Single-line comment should be preceded by blank line (https://github.com/DotNetAnalyzers/StyleCopAnalyzers/blob/master/documentation/SA1515.md) [C:\Projects\Hazina\src\Core\Agents\Hazina.AgentFactory\Hazina.AgentFactory.csproj::TargetFramework=net10.0]
C:\Projects\Hazina\src\Core\Agents\Hazina.AgentFactory\Configuration\Formatters\StoreConfigFormatHelper.cs(48,9): warning SA1515: Single-line comment should be preceded by blank line (https://github.com/DotNetAnalyzers/StyleCopAnalyzers/blob/master/documentation/SA1515.md) [C:\Projects\Hazina\src\Core\Agents\Hazina.AgentFactory\Hazina.AgentFactory.csproj::TargetFramework=net10.0]
C:\Projects\Hazina\src\Core\Agents\Hazina.AgentFactory\Configuration\Validation\ConfigurationResult.cs(32,12): warning MA0016: Prefer using collection abstraction instead of implementation (https://github.com/meziantou/Meziantou.Analyzer/blob/main/docs/Rules/MA0016.md) [C:\Projects\Hazina\src\Core\Agents\Hazina.AgentFactory\Hazina.AgentFactory.csproj::TargetFramework=net10.0]
C:\Projects\Hazina\src\Core\Agents\Hazina.AgentFactory\Configuration\Formatters\StoreConfigFormatHelper.cs(13,9): warning SA1000: The keyword 'if' should be followed by a space (https://github.com/DotNetAnalyzers/StyleCopAnalyzers/blob/master/documentation/SA1000.md) [C:\Projects\Hazina\src\Core\Agents\Hazina.AgentFactory\Hazina.AgentFactory.csproj::TargetFramework=net10.0]
C:\Projects\Hazina\src\Core\Agents\Hazina.AgentFactory\Configuration\Formatters\StoreConfigFormatHelper.cs(29,9): warning SA1000: The keyword 'catch' should be followed by a space (https://github.com/DotNetAnalyzers/StyleCopAnalyzers/blob/master/documentation/SA1000.md) [C:\Projects\Hazina\src\Core\Agents\Hazina.AgentFactory\Hazina.AgentFactory.csproj::TargetFramework=net10.0]
C:\Projects\Hazina\src\Core\Agents\Hazina.AgentFactory\Configuration\Validation\ConfigurationResult.cs(27,39): warning SA1623: The property's documentation summary text should begin with: 'Gets or sets' (https://github.com/DotNetAnalyzers/StyleCopAnalyzers/blob/master/documentation/SA1623.md) [C:\Projects\Hazina\src\Core\Agents\Hazina.AgentFactory\Hazina.AgentFactory.csproj::TargetFramework=net10.0]
C:\Projects\Hazina\src\Core\Agents\Hazina.AgentFactory\Services\Execution\IAgentExecutionService.cs(9,1): warning SA1516: Elements should be separated by blank line (https://github.com/DotNetAnalyzers/StyleCopAnalyzers/blob/master/documentation/SA1516.md) [C:\Projects\Hazina\src\Core\Agents\Hazina.AgentFactory\Hazina.AgentFactory.csproj::TargetFramework=net10.0]
C:\Projects\Hazina\src\Core\Agents\Hazina.AgentFactory\Services\Execution\IAgentExecutionService.cs(10,1): warning SA1516: Elements should be separated by blank line (https://github.com/DotNetAnalyzers/StyleCopAnalyzers/blob/master/documentation/SA1516.md) [C:\Projects\Hazina\src\Core\Agents\Hazina.AgentFactory\Hazina.AgentFactory.csproj::TargetFramework=net10.0]
C:\Projects\Hazina\src\Core\Agents\Hazina.AgentFactory\Services\Execution\IAgentExecutionService.cs(11,1): warning SA1516: Elements should be separated by blank line (https://github.com/DotNetAnalyzers/StyleCopAnalyzers/blob/master/documentation/SA1516.md) [C:\Projects\Hazina\src\Core\Agents\Hazina.AgentFactory\Hazina.AgentFactory.csproj::TargetFramework=net10.0]
C:\Projects\Hazina\src\Core\Agents\Hazina.AgentFactory\Configuration\Validation\ConfigurationResult.cs(32,39): warning SA1623: The property's documentation summary text should begin with: 'Gets or sets' (https://github.com/DotNetAnalyzers/StyleCopAnalyzers/blob/master/documentation/SA1623.md) [C:\Projects\Hazina\src\Core\Agents\Hazina.AgentFactory\Hazina.AgentFactory.csproj::TargetFramework=net10.0]
C:\Projects\Hazina\src\Core\Agents\Hazina.AgentFactory\Configuration\GoogleConfig.cs(1,1): warning SA1633: The file header is missing or not located at the top of the file. (https://github.com/DotNetAnalyzers/StyleCopAnalyzers/blob/master/documentation/SA1633.md) [C:\Projects\Hazina\src\Core\Agents\Hazina.AgentFactory\Hazina.AgentFactory.csproj::TargetFramework=net10.0]
C:\Projects\Hazina\src\Core\Agents\Hazina.AgentFactory\Services\Email\EmailSettings.cs(9,1): warning SA1516: Elements should be separated by blank line (https://github.com/DotNetAnalyzers/StyleCopAnalyzers/blob/master/documentation/SA1516.md) [C:\Projects\Hazina\src\Core\Agents\Hazina.AgentFactory\Hazina.AgentFactory.csproj::TargetFramework=net10.0]
C:\Projects\Hazina\src\Core\Agents\Hazina.AgentFactory\Services\Email\EmailSettings.cs(10,1): warning SA1516: Elements should be separated by blank line (https://github.com/DotNetAnalyzers/StyleCopAnalyzers/blob/master/documentation/SA1516.md) [C:\Projects\Hazina\src\Core\Agents\Hazina.AgentFactory\Hazina.AgentFactory.csproj::TargetFramework=net10.0]
C:\Projects\Hazina\src\Core\Agents\Hazina.AgentFactory\Services\Email\EmailSettings.cs(11,1): warning SA1516: Elements should be separated by blank line (https://github.com/DotNetAnalyzers/StyleCopAnalyzers/blob/master/documentation/SA1516.md) [C:\Projects\Hazina\src\Core\Agents\Hazina.AgentFactory\Hazina.AgentFactory.csproj::TargetFramework=net10.0]
C:\Projects\Hazina\src\Core\Agents\Hazina.AgentFactory\Services\Email\EmailSettings.cs(12,1): warning SA1516: Elements should be separated by blank line (https://github.com/DotNetAnalyzers/StyleCopAnalyzers/blob/master/documentation/SA1516.md) [C:\Projects\Hazina\src\Core\Agents\Hazina.AgentFactory\Hazina.AgentFactory.csproj::TargetFramework=net10.0]
C:\Projects\Hazina\src\Core\Agents\Hazina.AgentFactory\Services\Email\EmailSettings.cs(13,1): warning SA1516: Elements should be separated by blank line (https://github.com/DotNetAnalyzers/StyleCopAnalyzers/blob/master/documentation/SA1516.md) [C:\Projects\Hazina\src\Core\Agents\Hazina.AgentFactory\Hazina.AgentFactory.csproj::TargetFramework=net10.0]
C:\Projects\Hazina\src\Core\Agents\Hazina.AgentFactory\Configuration\Parsers\HazinaAgentConfigParser.cs(11,21): warning S3903: Move 'HazinaAgentConfigParser' into a named namespace. (https://rules.sonarsource.com/csharp/RSPEC-3903) [C:\Projects\Hazina\src\Core\Agents\Hazina.AgentFactory\Hazina.AgentFactory.csproj::TargetFramework=net10.0]
C:\Projects\Hazina\src\Core\Agents\Hazina.AgentFactory\Services\Email\EmailSettings.cs(14,1): warning SA1516: Elements should be separated by blank line (https://github.com/DotNetAnalyzers/StyleCopAnalyzers/blob/master/documentation/SA1516.md) [C:\Projects\Hazina\src\Core\Agents\Hazina.AgentFactory\Hazina.AgentFactory.csproj::TargetFramework=net10.0]
C:\Projects\Hazina\src\Core\Agents\Hazina.AgentFactory\Services\Email\EmailSettings.cs(15,1): warning SA1516: Elements should be separated by blank line (https://github.com/DotNetAnalyzers/StyleCopAnalyzers/blob/master/documentation/SA1516.md) [C:\Projects\Hazina\src\Core\Agents\Hazina.AgentFactory\Hazina.AgentFactory.csproj::TargetFramework=net10.0]
C:\Projects\Hazina\src\Core\Agents\Hazina.AgentFactory\Services\Email\EmailSettings.cs(16,1): warning SA1516: Elements should be separated by blank line (https://github.com/DotNetAnalyzers/StyleCopAnalyzers/blob/master/documentation/SA1516.md) [C:\Projects\Hazina\src\Core\Agents\Hazina.AgentFactory\Hazina.AgentFactory.csproj::TargetFramework=net10.0]
C:\Projects\Hazina\src\Core\Agents\Hazina.AgentFactory\Configuration\Parsers\HazinaAgentConfigParser.cs(153,21): warning CA1050: Declare types in namespaces (https://learn.microsoft.com/dotnet/fundamentals/code-analysis/quality-rules/ca1050) [C:\Projects\Hazina\src\Core\Agents\Hazina.AgentFactory\Hazina.AgentFactory.csproj::TargetFramework=net10.0]
C:\Projects\Hazina\src\Core\Agents\Hazina.AgentFactory\Configuration\Parsers\HazinaAgentConfigParser.cs(153,21): warning MA0047: Declare type 'HazinaFlowConfigParser' in a namespace (https://github.com/meziantou/Meziantou.Analyzer/blob/main/docs/Rules/MA0047.md) [C:\Projects\Hazina\src\Core\Agents\Hazina.AgentFactory\Hazina.AgentFactory.csproj::TargetFramework=net10.0]
C:\Projects\Hazina\src\Core\Agents\Hazina.AgentFactory\Configuration\Parsers\HazinaAgentConfigParser.cs(153,21): warning MA0048: File name must match type name (https://github.com/meziantou/Meziantou.Analyzer/blob/main/docs/Rules/MA0048.md) [C:\Projects\Hazina\src\Core\Agents\Hazina.AgentFactory\Hazina.AgentFactory.csproj::TargetFramework=net10.0]
C:\Projects\Hazina\src\Core\Agents\Hazina.AgentFactory\Configuration\Parsers\HazinaAgentConfigParser.cs(93,1): warning SA1516: Elements should be separated by blank line (https://github.com/DotNetAnalyzers/StyleCopAnalyzers/blob/master/documentation/SA1516.md) [C:\Projects\Hazina\src\Core\Agents\Hazina.AgentFactory\Hazina.AgentFactory.csproj::TargetFramework=net10.0]
C:\Projects\Hazina\src\Core\Agents\Hazina.AgentFactory\Configuration\Parsers\HazinaAgentConfigParser.cs(97,1): warning SA1516: Elements should be separated by blank line (https://github.com/DotNetAnalyzers/StyleCopAnalyzers/blob/master/documentation/SA1516.md) [C:\Projects\Hazina\src\Core\Agents\Hazina.AgentFactory\Hazina.AgentFactory.csproj::TargetFramework=net10.0]
C:\Projects\Hazina\src\Core\Agents\Hazina.AgentFactory\Configuration\Parsers\HazinaAgentConfigParser.cs(121,1): warning SA1516: Elements should be separated by blank line (https://github.com/DotNetAnalyzers/StyleCopAnalyzers/blob/master/documentation/SA1516.md) [C:\Projects\Hazina\src\Core\Agents\Hazina.AgentFactory\Hazina.AgentFactory.csproj::TargetFramework=net10.0]
C:\Projects\Hazina\src\Core\Agents\Hazina.AgentFactory\Configuration\Parsers\HazinaAgentConfigParser.cs(134,1): warning SA1516: Elements should be separated by blank line (https://github.com/DotNetAnalyzers/StyleCopAnalyzers/blob/master/documentation/SA1516.md) [C:\Projects\Hazina\src\Core\Agents\Hazina.AgentFactory\Hazina.AgentFactory.csproj::TargetFramework=net10.0]
C:\Projects\Hazina\src\Core\Agents\Hazina.AgentFactory\Configuration\Parsers\HazinaStoreConfigParser.cs(7,21): warning CA1050: Declare types in namespaces (https://learn.microsoft.com/dotnet/fundamentals/code-analysis/quality-rules/ca1050) [C:\Projects\Hazina\src\Core\Agents\Hazina.AgentFactory\Hazina.AgentFactory.csproj::TargetFramework=net10.0]
C:\Projects\Hazina\src\Core\Agents\Hazina.AgentFactory\Configuration\Parsers\HazinaStoreConfigParser.cs(7,21): warning MA0047: Declare type 'HazinaStoreConfigParser' in a namespace (https://github.com/meziantou/Meziantou.Analyzer/blob/main/docs/Rules/MA0047.md) [C:\Projects\Hazina\src\Core\Agents\Hazina.AgentFactory\Hazina.AgentFactory.csproj::TargetFramework=net10.0]
C:\Projects\Hazina\src\Core\Agents\Hazina.AgentFactory\Configuration\StoreConfig.cs(5,14): warning CA1050: Declare types in namespaces (https://learn.microsoft.com/dotnet/fundamentals/code-analysis/quality-rules/ca1050) [C:\Projects\Hazina\src\Core\Agents\Hazina.AgentFactory\Hazina.AgentFactory.csproj::TargetFramework=net10.0]
C:\Projects\Hazina\src\Core\Agents\Hazina.AgentFactory\Configuration\StoreConfig.cs(5,14): warning MA0047: Declare type 'StoreConfig' in a namespace (https://github.com/meziantou/Meziantou.Analyzer/blob/main/docs/Rules/MA0047.md) [C:\Projects\Hazina\src\Core\Agents\Hazina.AgentFactory\Hazina.AgentFactory.csproj::TargetFramework=net10.0]
C:\Projects\Hazina\src\Core\Agents\Hazina.AgentFactory\Configuration\StoreConfig.cs(37,21): warning CA1819: Properties should not return arrays (https://learn.microsoft.com/dotnet/fundamentals/code-analysis/quality-rules/ca1819) [C:\Projects\Hazina\src\Core\Agents\Hazina.AgentFactory\Hazina.AgentFactory.csproj::TargetFramework=net10.0]
C:\Projects\Hazina\src\Core\Agents\Hazina.AgentFactory\Configuration\StoreConfig.cs(27,21): warning CA1819: Properties should not return arrays (https://learn.microsoft.com/dotnet/fundamentals/code-analysis/quality-rules/ca1819) [C:\Projects\Hazina\src\Core\Agents\Hazina.AgentFactory\Hazina.AgentFactory.csproj::TargetFramework=net10.0]
C:\Projects\Hazina\src\Core\Agents\Hazina.AgentFactory\Configuration\StoreConfig.cs(10,19): warning SA1623: The property's documentation summary text should begin with: 'Gets or sets' (https://github.com/DotNetAnalyzers/StyleCopAnalyzers/blob/master/documentation/SA1623.md) [C:\Projects\Hazina\src\Core\Agents\Hazina.AgentFactory\Hazina.AgentFactory.csproj::TargetFramework=net10.0]
C:\Projects\Hazina\src\Core\Agents\Hazina.AgentFactory\Configuration\StoreConfig.cs(15,19): warning SA1623: The property's documentation summary text should begin with: 'Gets or sets' (https://github.com/DotNetAnalyzers/StyleCopAnalyzers/blob/master/documentation/SA1623.md) [C:\Projects\Hazina\src\Core\Agents\Hazina.AgentFactory\Hazina.AgentFactory.csproj::TargetFramework=net10.0]
C:\Projects\Hazina\src\Core\Agents\Hazina.AgentFactory\Services\Email\EmailSummary.cs(9,1): warning SA1516: Elements should be separated by blank line (https://github.com/DotNetAnalyzers/StyleCopAnalyzers/blob/master/documentation/SA1516.md) [C:\Projects\Hazina\src\Core\Agents\Hazina.AgentFactory\Hazina.AgentFactory.csproj::TargetFramework=net10.0]
C:\Projects\Hazina\src\Core\Agents\Hazina.AgentFactory\Services\Email\EmailSummary.cs(10,1): warning SA1516: Elements should be separated by blank line (https://github.com/DotNetAnalyzers/StyleCopAnalyzers/blob/master/documentation/SA1516.md) [C:\Projects\Hazina\src\Core\Agents\Hazina.AgentFactory\Hazina.AgentFactory.csproj::TargetFramework=net10.0]
C:\Projects\Hazina\src\Core\Agents\Hazina.AgentFactory\Services\Email\EmailSummary.cs(11,1): warning SA1516: Elements should be separated by blank line (https://github.com/DotNetAnalyzers/StyleCopAnalyzers/blob/master/documentation/SA1516.md) [C:\Projects\Hazina\src\Core\Agents\Hazina.AgentFactory\Hazina.AgentFactory.csproj::TargetFramework=net10.0]
C:\Projects\Hazina\src\Core\Agents\Hazina.AgentFactory\Configuration\StoreConfig.cs(27,21): warning SA1623: The property's documentation summary text should begin with: 'Gets or sets' (https://github.com/DotNetAnalyzers/StyleCopAnalyzers/blob/master/documentation/SA1623.md) [C:\Projects\Hazina\src\Core\Agents\Hazina.AgentFactory\Hazina.AgentFactory.csproj::TargetFramework=net10.0]
C:\Projects\Hazina\src\Core\Agents\Hazina.AgentFactory\Models\FlowCardModels.cs(2,1): warning SA1210: Using directives should be ordered alphabetically by the namespaces (https://github.com/DotNetAnalyzers/StyleCopAnalyzers/blob/master/documentation/SA1210.md) [C:\Projects\Hazina\src\Core\Agents\Hazina.AgentFactory\Hazina.AgentFactory.csproj::TargetFramework=net10.0]
C:\Projects\Hazina\src\Core\Agents\Hazina.AgentFactory\Configuration\Parsers\HazinaStoreConfigParser.cs(7,21): warning S3903: Move 'HazinaStoreConfigParser' into a named namespace. (https://rules.sonarsource.com/csharp/RSPEC-3903) [C:\Projects\Hazina\src\Core\Agents\Hazina.AgentFactory\Hazina.AgentFactory.csproj::TargetFramework=net10.0]
C:\Projects\Hazina\src\Core\Agents\Hazina.AgentFactory\Models\FlowCardModels.cs(5,1): warning SA1210: Using directives should be ordered alphabetically by the namespaces (https://github.com/DotNetAnalyzers/StyleCopAnalyzers/blob/master/documentation/SA1210.md) [C:\Projects\Hazina\src\Core\Agents\Hazina.AgentFactory\Hazina.AgentFactory.csproj::TargetFramework=net10.0]
C:\Projects\Hazina\src\Core\Agents\Hazina.AgentFactory\Services\Email\IEmailService.cs(9,1): warning SA1516: Elements should be separated by blank line (https://github.com/DotNetAnalyzers/StyleCopAnalyzers/blob/master/documentation/SA1516.md) [C:\Projects\Hazina\src\Core\Agents\Hazina.AgentFactory\Hazina.AgentFactory.csproj::TargetFramework=net10.0]
C:\Projects\Hazina\src\Core\Agents\Hazina.AgentFactory\Services\Email\IEmailService.cs(10,1): warning SA1516: Elements should be separated by blank line (https://github.com/DotNetAnalyzers/StyleCopAnalyzers/blob/master/documentation/SA1516.md) [C:\Projects\Hazina\src\Core\Agents\Hazina.AgentFactory\Hazina.AgentFactory.csproj::TargetFramework=net10.0]
C:\Projects\Hazina\src\Core\Agents\Hazina.AgentFactory\Services\Email\IEmailService.cs(11,1): warning SA1516: Elements should be separated by blank line (https://github.com/DotNetAnalyzers/StyleCopAnalyzers/blob/master/documentation/SA1516.md) [C:\Projects\Hazina\src\Core\Agents\Hazina.AgentFactory\Hazina.AgentFactory.csproj::TargetFramework=net10.0]
C:\Projects\Hazina\src\Core\Agents\Hazina.AgentFactory\Services\Email\IEmailService.cs(12,1): warning SA1516: Elements should be separated by blank line (https://github.com/DotNetAnalyzers/StyleCopAnalyzers/blob/master/documentation/SA1516.md) [C:\Projects\Hazina\src\Core\Agents\Hazina.AgentFactory\Hazina.AgentFactory.csproj::TargetFramework=net10.0]
C:\Projects\Hazina\src\Core\Agents\Hazina.AgentFactory\Services\Email\IEmailService.cs(13,1): warning SA1516: Elements should be separated by blank line (https://github.com/DotNetAnalyzers/StyleCopAnalyzers/blob/master/documentation/SA1516.md) [C:\Projects\Hazina\src\Core\Agents\Hazina.AgentFactory\Hazina.AgentFactory.csproj::TargetFramework=net10.0]
C:\Projects\Hazina\src\Core\Agents\Hazina.AgentFactory\Configuration\Parsers\HazinaAgentConfigParser.cs(209,27): warning S1144: Remove the unused private method 'EscapeMultiline'. (https://rules.sonarsource.com/csharp/RSPEC-1144) [C:\Projects\Hazina\src\Core\Agents\Hazina.AgentFactory\Hazina.AgentFactory.csproj::TargetFramework=net10.0]
C:\Projects\Hazina\src\Core\Agents\Hazina.AgentFactory\Configuration\Parsers\HazinaAgentConfigParser.cs(213,27): warning S1144: Remove the unused private method 'UnescapeMultiline'. (https://rules.sonarsource.com/csharp/RSPEC-1144) [C:\Projects\Hazina\src\Core\Agents\Hazina.AgentFactory\Hazina.AgentFactory.csproj::TargetFramework=net10.0]
C:\Projects\Hazina\src\Core\Agents\Hazina.AgentFactory\Configuration\Parsers\HazinaAgentConfigParser.cs(216,27): warning S1144: Remove the unused private method 'ToStoreRefString'. (https://rules.sonarsource.com/csharp/RSPEC-1144) [C:\Projects\Hazina\src\Core\Agents\Hazina.AgentFactory\Hazina.AgentFactory.csproj::TargetFramework=net10.0]
C:\Projects\Hazina\src\Core\Agents\Hazina.AgentFactory\Configuration\StoreConfig.cs(43,17): warning SA1623: The property's documentation summary text should begin with: 'Gets or sets a value indicating whether' (https://github.com/DotNetAnalyzers/StyleCopAnalyzers/blob/master/documentation/SA1623.md) [C:\Projects\Hazina\src\Core\Agents\Hazina.AgentFactory\Hazina.AgentFactory.csproj::TargetFramework=net10.0]
C:\Projects\Hazina\src\Core\Agents\Hazina.AgentFactory\Configuration\Parsers\HazinaAgentConfigParser.cs(218,29): warning S1144: Remove the unused private method 'ParseStoreRef'. (https://rules.sonarsource.com/csharp/RSPEC-1144) [C:\Projects\Hazina\src\Core\Agents\Hazina.AgentFactory\Hazina.AgentFactory.csproj::TargetFramework=net10.0]
C:\Projects\Hazina\src\Core\Agents\Hazina.AgentFactory\Configuration\StoreConfig.cs(21,19): warning SA1623: The property's documentation summary text should begin with: 'Gets or sets' (https://github.com/DotNetAnalyzers/StyleCopAnalyzers/blob/master/documentation/SA1623.md) [C:\Projects\Hazina\src\Core\Agents\Hazina.AgentFactory\Hazina.AgentFactory.csproj::TargetFramework=net10.0]
C:\Projects\Hazina\src\Core\Agents\Hazina.AgentFactory\Configuration\StoreConfig.cs(50,17): warning SA1623: The property's documentation summary text should begin with: 'Gets or sets a value indicating whether' (https://github.com/DotNetAnalyzers/StyleCopAnalyzers/blob/master/documentation/SA1623.md) [C:\Projects\Hazina\src\Core\Agents\Hazina.AgentFactory\Hazina.AgentFactory.csproj::TargetFramework=net10.0]
C:\Projects\Hazina\src\Core\Agents\Hazina.AgentFactory\Configuration\StoreConfig.cs(37,21): warning SA1623: The property's documentation summary text should begin with: 'Gets or sets' (https://github.com/DotNetAnalyzers/StyleCopAnalyzers/blob/master/documentation/SA1623.md) [C:\Projects\Hazina\src\Core\Agents\Hazina.AgentFactory\Hazina.AgentFactory.csproj::TargetFramework=net10.0]
C:\Projects\Hazina\src\Core\Agents\Hazina.AgentFactory\Configuration\StoreConfig.cs(32,19): warning SA1623: The property's documentation summary text should begin with: 'Gets or sets' (https://github.com/DotNetAnalyzers/StyleCopAnalyzers/blob/master/documentation/SA1623.md) [C:\Projects\Hazina\src\Core\Agents\Hazina.AgentFactory\Hazina.AgentFactory.csproj::TargetFramework=net10.0]
C:\Projects\Hazina\src\Core\Agents\Hazina.AgentFactory\Configuration\StoreConfig.cs(50,52): warning CA1805: Member 'ExplicitWriteEnabled' is explicitly initialized to its default value (https://learn.microsoft.com/dotnet/fundamentals/code-analysis/quality-rules/ca1805) [C:\Projects\Hazina\src\Core\Agents\Hazina.AgentFactory\Hazina.AgentFactory.csproj::TargetFramework=net10.0]
C:\Projects\Hazina\src\Core\Agents\Hazina.AgentFactory\Configuration\Parsers\HazinaAgentConfigParser.cs(1,1): warning SA1633: The file header is missing or not located at the top of the file. (https://github.com/DotNetAnalyzers/StyleCopAnalyzers/blob/master/documentation/SA1633.md) [C:\Projects\Hazina\src\Core\Agents\Hazina.AgentFactory\Hazina.AgentFactory.csproj::TargetFramework=net10.0]
C:\Projects\Hazina\src\Core\Agents\Hazina.AgentFactory\Configuration\StoreConfig.cs(32,48): warning SA1122: Use string.Empty for empty strings (https://github.com/DotNetAnalyzers/StyleCopAnalyzers/blob/master/documentation/SA1122.md) [C:\Projects\Hazina\src\Core\Agents\Hazina.AgentFactory\Hazina.AgentFactory.csproj::TargetFramework=net10.0]
C:\Projects\Hazina\src\Core\Agents\Hazina.AgentFactory\Configuration\StoreConfig.cs(63,22): warning CA1819: Properties should not return arrays (https://learn.microsoft.com/dotnet/fundamentals/code-analysis/quality-rules/ca1819) [C:\Projects\Hazina\src\Core\Agents\Hazina.AgentFactory\Hazina.AgentFactory.csproj::TargetFramework=net10.0]
C:\Projects\Hazina\src\Core\Agents\Hazina.AgentFactory\Configuration\StoreConfig.cs(5,14): warning S3903: Move 'StoreConfig' into a named namespace. (https://rules.sonarsource.com/csharp/RSPEC-3903) [C:\Projects\Hazina\src\Core\Agents\Hazina.AgentFactory\Hazina.AgentFactory.csproj::TargetFramework=net10.0]
C:\Projects\Hazina\src\Core\Agents\Hazina.AgentFactory\Configuration\Parsers\HazinaAgentConfigParser.cs(153,21): warning S3903: Move 'HazinaFlowConfigParser' into a named namespace. (https://rules.sonarsource.com/csharp/RSPEC-3903) [C:\Projects\Hazina\src\Core\Agents\Hazina.AgentFactory\Hazina.AgentFactory.csproj::TargetFramework=net10.0]
C:\Projects\Hazina\src\Core\Agents\Hazina.AgentFactory\Configuration\StoreConfig.cs(63,22): warning SA1623: The property's documentation summary text should begin with: 'Gets or sets' (https://github.com/DotNetAnalyzers/StyleCopAnalyzers/blob/master/documentation/SA1623.md) [C:\Projects\Hazina\src\Core\Agents\Hazina.AgentFactory\Hazina.AgentFactory.csproj::TargetFramework=net10.0]
C:\Projects\Hazina\src\Core\Agents\Hazina.AgentFactory\Configuration\StoreConfig.cs(57,18): warning SA1623: The property's documentation summary text should begin with: 'Gets or sets' (https://github.com/DotNetAnalyzers/StyleCopAnalyzers/blob/master/documentation/SA1623.md) [C:\Projects\Hazina\src\Core\Agents\Hazina.AgentFactory\Hazina.AgentFactory.csproj::TargetFramework=net10.0]
C:\Projects\Hazina\src\Core\Agents\Hazina.AgentFactory\Configuration\StoreConfig.cs(76,16): warning SA1623: The property's documentation summary text should begin with: 'Gets or sets' (https://github.com/DotNetAnalyzers/StyleCopAnalyzers/blob/master/documentation/SA1623.md) [C:\Projects\Hazina\src\Core\Agents\Hazina.AgentFactory\Hazina.AgentFactory.csproj::TargetFramework=net10.0]
C:\Projects\Hazina\src\Core\Agents\Hazina.AgentFactory\Configuration\Parsers\HazinaAgentConfigParser.cs(148,1): warning SA1507: Code should not contain multiple blank lines in a row (https://github.com/DotNetAnalyzers/StyleCopAnalyzers/blob/master/documentation/SA1507.md) [C:\Projects\Hazina\src\Core\Agents\Hazina.AgentFactory\Hazina.AgentFactory.csproj::TargetFramework=net10.0]
C:\Projects\Hazina\src\Core\Agents\Hazina.AgentFactory\Configuration\StoreConfig.cs(69,17): warning SA1623: The property's documentation summary text should begin with: 'Gets or sets a value indicating whether' (https://github.com/DotNetAnalyzers/StyleCopAnalyzers/blob/master/documentation/SA1623.md) [C:\Projects\Hazina\src\Core\Agents\Hazina.AgentFactory\Hazina.AgentFactory.csproj::TargetFramework=net10.0]
C:\Projects\Hazina\src\Core\Agents\Hazina.AgentFactory\Configuration\StoreConfig.cs(55,22): warning SA1629: Documentation text should end with a period (https://github.com/DotNetAnalyzers/StyleCopAnalyzers/blob/master/documentation/SA1629.md) [C:\Projects\Hazina\src\Core\Agents\Hazina.AgentFactory\Hazina.AgentFactory.csproj::TargetFramework=net10.0]
C:\Projects\Hazina\src\Core\Agents\Hazina.AgentFactory\Configuration\StoreConfig.cs(74,20): warning SA1629: Documentation text should end with a period (https://github.com/DotNetAnalyzers/StyleCopAnalyzers/blob/master/documentation/SA1629.md) [C:\Projects\Hazina\src\Core\Agents\Hazina.AgentFactory\Hazina.AgentFactory.csproj::TargetFramework=net10.0]
C:\Projects\Hazina\src\Core\Agents\Hazina.AgentFactory\Configuration\StoreConfig.cs(69,46): warning CA1805: Member 'FollowSymlinks' is explicitly initialized to its default value (https://learn.microsoft.com/dotnet/fundamentals/code-analysis/quality-rules/ca1805) [C:\Projects\Hazina\src\Core\Agents\Hazina.AgentFactory\Hazina.AgentFactory.csproj::TargetFramework=net10.0]
C:\Projects\Hazina\src\Core\Agents\Hazina.AgentFactory\Configuration\StoreConfig.cs(1,1): warning SA1514: Element documentation header should be preceded by blank line (https://github.com/DotNetAnalyzers/StyleCopAnalyzers/blob/master/documentation/SA1514.md) [C:\Projects\Hazina\src\Core\Agents\Hazina.AgentFactory\Hazina.AgentFactory.csproj::TargetFramework=net10.0]
C:\Projects\Hazina\src\Core\Agents\Hazina.AgentFactory\Configuration\Parsers\HazinaAgentConfigParser.cs(30,10): warning SA1513: Closing brace should be followed by blank line (https://github.com/DotNetAnalyzers/StyleCopAnalyzers/blob/master/documentation/SA1513.md) [C:\Projects\Hazina\src\Core\Agents\Hazina.AgentFactory\Hazina.AgentFactory.csproj::TargetFramework=net10.0]
C:\Projects\Hazina\src\Core\Agents\Hazina.AgentFactory\Configuration\Parsers\HazinaAgentConfigParser.cs(50,18): warning SA1513: Closing brace should be followed by blank line (https://github.com/DotNetAnalyzers/StyleCopAnalyzers/blob/master/documentation/SA1513.md) [C:\Projects\Hazina\src\Core\Agents\Hazina.AgentFactory\Hazina.AgentFactory.csproj::TargetFramework=net10.0]
C:\Projects\Hazina\src\Core\Agents\Hazina.AgentFactory\Configuration\Parsers\HazinaAgentConfigParser.cs(52,14): warning SA1513: Closing brace should be followed by blank line (https://github.com/DotNetAnalyzers/StyleCopAnalyzers/blob/master/documentation/SA1513.md) [C:\Projects\Hazina\src\Core\Agents\Hazina.AgentFactory\Hazina.AgentFactory.csproj::TargetFramework=net10.0]
C:\Projects\Hazina\src\Core\Agents\Hazina.AgentFactory\Configuration\Parsers\HazinaAgentConfigParser.cs(83,10): warning SA1513: Closing brace should be followed by blank line (https://github.com/DotNetAnalyzers/StyleCopAnalyzers/blob/master/documentation/SA1513.md) [C:\Projects\Hazina\src\Core\Agents\Hazina.AgentFactory\Hazina.AgentFactory.csproj::TargetFramework=net10.0]
C:\Projects\Hazina\src\Core\Agents\Hazina.AgentFactory\Configuration\Parsers\HazinaAgentConfigParser.cs(92,6): warning SA1513: Closing brace should be followed by blank line (https://github.com/DotNetAnalyzers/StyleCopAnalyzers/blob/master/documentation/SA1513.md) [C:\Projects\Hazina\src\Core\Agents\Hazina.AgentFactory\Hazina.AgentFactory.csproj::TargetFramework=net10.0]
C:\Projects\Hazina\src\Core\Agents\Hazina.AgentFactory\Configuration\Parsers\HazinaAgentConfigParser.cs(120,6): warning SA1513: Closing brace should be followed by blank line (https://github.com/DotNetAnalyzers/StyleCopAnalyzers/blob/master/documentation/SA1513.md) [C:\Projects\Hazina\src\Core\Agents\Hazina.AgentFactory\Hazina.AgentFactory.csproj::TargetFramework=net10.0]
C:\Projects\Hazina\src\Core\Agents\Hazina.AgentFactory\Configuration\Parsers\HazinaAgentConfigParser.cs(133,6): warning SA1513: Closing brace should be followed by blank line (https://github.com/DotNetAnalyzers/StyleCopAnalyzers/blob/master/documentation/SA1513.md) [C:\Projects\Hazina\src\Core\Agents\Hazina.AgentFactory\Hazina.AgentFactory.csproj::TargetFramework=net10.0]
C:\Projects\Hazina\src\Core\Agents\Hazina.AgentFactory\Configuration\Parsers\HazinaAgentConfigParser.cs(167,10): warning SA1513: Closing brace should be followed by blank line (https://github.com/DotNetAnalyzers/StyleCopAnalyzers/blob/master/documentation/SA1513.md) [C:\Projects\Hazina\src\Core\Agents\Hazina.AgentFactory\Hazina.AgentFactory.csproj::TargetFramework=net10.0]
C:\Projects\Hazina\src\Core\Agents\Hazina.AgentFactory\Configuration\Parsers\HazinaAgentConfigParser.cs(187,18): warning SA1513: Closing brace should be followed by blank line (https://github.com/DotNetAnalyzers/StyleCopAnalyzers/blob/master/documentation/SA1513.md) [C:\Projects\Hazina\src\Core\Agents\Hazina.AgentFactory\Hazina.AgentFactory.csproj::TargetFramework=net10.0]
C:\Projects\Hazina\src\Core\Agents\Hazina.AgentFactory\Configuration\Parsers\HazinaAgentConfigParser.cs(189,14): warning SA1513: Closing brace should be followed by blank line (https://github.com/DotNetAnalyzers/StyleCopAnalyzers/blob/master/documentation/SA1513.md) [C:\Projects\Hazina\src\Core\Agents\Hazina.AgentFactory\Hazina.AgentFactory.csproj::TargetFramework=net10.0]
C:\Projects\Hazina\src\Core\Agents\Hazina.AgentFactory\Configuration\Parsers\HazinaAgentConfigParser.cs(203,10): warning SA1513: Closing brace should be followed by blank line (https://github.com/DotNetAnalyzers/StyleCopAnalyzers/blob/master/documentation/SA1513.md) [C:\Projects\Hazina\src\Core\Agents\Hazina.AgentFactory\Hazina.AgentFactory.csproj::TargetFramework=net10.0]
C:\Projects\Hazina\src\Core\Agents\Hazina.AgentFactory\Configuration\Parsers\HazinaAgentConfigParser.cs(213,1): warning SA1516: Elements should be separated by blank line (https://github.com/DotNetAnalyzers/StyleCopAnalyzers/blob/master/documentation/SA1516.md) [C:\Projects\Hazina\src\Core\Agents\Hazina.AgentFactory\Hazina.AgentFactory.csproj::TargetFramework=net10.0]
C:\Projects\Hazina\src\Core\Agents\Hazina.AgentFactory\Core\AgentFactory.cs(34,29): warning CA1051: Do not declare visible instance fields (https://learn.microsoft.com/dotnet/fundamentals/code-analysis/quality-rules/ca1051) [C:\Projects\Hazina\src\Core\Agents\Hazina.AgentFactory\Hazina.AgentFactory.csproj::TargetFramework=net10.0]
C:\Projects\Hazina\src\Core\Agents\Hazina.AgentFactory\Configuration\Parsers\HazinaAgentConfigParser.cs(217,1): warning SA1516: Elements should be separated by blank line (https://github.com/DotNetAnalyzers/StyleCopAnalyzers/blob/master/documentation/SA1516.md) [C:\Projects\Hazina\src\Core\Agents\Hazina.AgentFactory\Hazina.AgentFactory.csproj::TargetFramework=net10.0]
C:\Projects\Hazina\src\Core\Agents\Hazina.AgentFactory\Core\AgentFactory.cs(36,19): warning CA1051: Do not declare visible instance fields (https://learn.microsoft.com/dotnet/fundamentals/code-analysis/quality-rules/ca1051) [C:\Projects\Hazina\src\Core\Agents\Hazina.AgentFactory\Hazina.AgentFactory.csproj::TargetFramework=net10.0]
C:\Projects\Hazina\src\Core\Agents\Hazina.AgentFactory\Configuration\Parsers\HazinaAgentConfigParser.cs(241,1): warning SA1516: Elements should be separated by blank line (https://github.com/DotNetAnalyzers/StyleCopAnalyzers/blob/master/documentation/SA1516.md) [C:\Projects\Hazina\src\Core\Agents\Hazina.AgentFactory\Hazina.AgentFactory.csproj::TargetFramework=net10.0]
C:\Projects\Hazina\src\Core\Agents\Hazina.AgentFactory\Configuration\Parsers\HazinaAgentConfigParser.cs(254,1): warning SA1516: Elements should be separated by blank line (https://github.com/DotNetAnalyzers/StyleCopAnalyzers/blob/master/documentation/SA1516.md) [C:\Projects\Hazina\src\Core\Agents\Hazina.AgentFactory\Hazina.AgentFactory.csproj::TargetFramework=net10.0]
C:\Projects\Hazina\src\Core\Agents\Hazina.AgentFactory\Core\AgentFactory.cs(32,30): warning CA1051: Do not declare visible instance fields (https://learn.microsoft.com/dotnet/fundamentals/code-analysis/quality-rules/ca1051) [C:\Projects\Hazina\src\Core\Agents\Hazina.AgentFactory\Hazina.AgentFactory.csproj::TargetFramework=net10.0]
C:\Projects\Hazina\src\Core\Agents\Hazina.AgentFactory\Core\AgentFactory.cs(32,30): warning CA1002: Change 'List<StoreConfig>' in 'AgentFactory.storesConfig' to use 'Collection<T>', 'ReadOnlyCollection<T>' or 'KeyedCollection<K,V>' (https://learn.microsoft.com/dotnet/fundamentals/code-analysis/quality-rules/ca1002) [C:\Projects\Hazina\src\Core\Agents\Hazina.AgentFactory\Hazina.AgentFactory.csproj::TargetFramework=net10.0]
C:\Projects\Hazina\src\Core\Agents\Hazina.AgentFactory\Core\AgentFactory.cs(34,29): warning CA1002: Change 'List<FlowConfig>' in 'AgentFactory.flowsConfig' to use 'Collection<T>', 'ReadOnlyCollection<T>' or 'KeyedCollection<K,V>' (https://learn.microsoft.com/dotnet/fundamentals/code-analysis/quality-rules/ca1002) [C:\Projects\Hazina\src\Core\Agents\Hazina.AgentFactory\Hazina.AgentFactory.csproj::TargetFramework=net10.0]
C:\Projects\Hazina\src\Core\Agents\Hazina.AgentFactory\Core\AgentFactory.cs(32,12): warning MA0016: Prefer using collection abstraction instead of implementation (https://github.com/meziantou/Meziantou.Analyzer/blob/main/docs/Rules/MA0016.md) [C:\Projects\Hazina\src\Core\Agents\Hazina.AgentFactory\Hazina.AgentFactory.csproj::TargetFramework=net10.0]
C:\Projects\Hazina\src\Core\Agents\Hazina.AgentFactory\Core\AgentFactory.cs(32,30): warning SA1401: Field should be private (https://github.com/DotNetAnalyzers/StyleCopAnalyzers/blob/master/documentation/SA1401.md) [C:\Projects\Hazina\src\Core\Agents\Hazina.AgentFactory\Hazina.AgentFactory.csproj::TargetFramework=net10.0]
C:\Projects\Hazina\src\Core\Agents\Hazina.AgentFactory\Core\AgentFactory.cs(34,12): warning MA0016: Prefer using collection abstraction instead of implementation (https://github.com/meziantou/Meziantou.Analyzer/blob/main/docs/Rules/MA0016.md) [C:\Projects\Hazina\src\Core\Agents\Hazina.AgentFactory\Hazina.AgentFactory.csproj::TargetFramework=net10.0]
C:\Projects\Hazina\src\Core\Agents\Hazina.AgentFactory\Core\AgentFactory.cs(34,29): warning SA1401: Field should be private (https://github.com/DotNetAnalyzers/StyleCopAnalyzers/blob/master/documentation/SA1401.md) [C:\Projects\Hazina\src\Core\Agents\Hazina.AgentFactory\Hazina.AgentFactory.csproj::TargetFramework=net10.0]
C:\Projects\Hazina\src\Core\Agents\Hazina.AgentFactory\Configuration\Parsers\HazinaAgentConfigParser.cs(212,6): warning SA1513: Closing brace should be followed by blank line (https://github.com/DotNetAnalyzers/StyleCopAnalyzers/blob/master/documentation/SA1513.md) [C:\Projects\Hazina\src\Core\Agents\Hazina.AgentFactory\Hazina.AgentFactory.csproj::TargetFramework=net10.0]
C:\Projects\Hazina\src\Core\Agents\Hazina.AgentFactory\Configuration\Parsers\HazinaAgentConfigParser.cs(240,6): warning SA1513: Closing brace should be followed by blank line (https://github.com/DotNetAnalyzers/StyleCopAnalyzers/blob/master/documentation/SA1513.md) [C:\Projects\Hazina\src\Core\Agents\Hazina.AgentFactory\Hazina.AgentFactory.csproj::TargetFramework=net10.0]
C:\Projects\Hazina\src\Core\Agents\Hazina.AgentFactory\Configuration\Parsers\HazinaAgentConfigParser.cs(253,6): warning SA1513: Closing brace should be followed by blank line (https://github.com/DotNetAnalyzers/StyleCopAnalyzers/blob/master/documentation/SA1513.md) [C:\Projects\Hazina\src\Core\Agents\Hazina.AgentFactory\Hazina.AgentFactory.csproj::TargetFramework=net10.0]
C:\Projects\Hazina\src\Core\Agents\Hazina.AgentFactory\Core\AgentFactory.cs(40,17): warning CA1051: Do not declare visible instance fields (https://learn.microsoft.com/dotnet/fundamentals/code-analysis/quality-rules/ca1051) [C:\Projects\Hazina\src\Core\Agents\Hazina.AgentFactory\Hazina.AgentFactory.csproj::TargetFramework=net10.0]
C:\Projects\Hazina\src\Core\Agents\Hazina.AgentFactory\Core\AgentFactory.cs(40,17): warning SA1401: Field should be private (https://github.com/DotNetAnalyzers/StyleCopAnalyzers/blob/master/documentation/SA1401.md) [C:\Projects\Hazina\src\Core\Agents\Hazina.AgentFactory\Hazina.AgentFactory.csproj::TargetFramework=net10.0]
C:\Projects\Hazina\src\Core\Agents\Hazina.AgentFactory\Core\AgentFactory.cs(40,17): warning S1104: Make this field 'private' and encapsulate it in a 'public' property. (https://rules.sonarsource.com/csharp/RSPEC-1104) [C:\Projects\Hazina\src\Core\Agents\Hazina.AgentFactory\Hazina.AgentFactory.csproj::TargetFramework=net10.0]
C:\Projects\Hazina\src\Core\Agents\Hazina.AgentFactory\Configuration\Parsers\HazinaAgentConfigParser.cs(97,5): warning SA1515: Single-line comment should be preceded by blank line (https://github.com/DotNetAnalyzers/StyleCopAnalyzers/blob/master/documentation/SA1515.md) [C:\Projects\Hazina\src\Core\Agents\Hazina.AgentFactory\Hazina.AgentFactory.csproj::TargetFramework=net10.0]
C:\Projects\Hazina\src\Core\Agents\Hazina.AgentFactory\Core\AgentFactory.cs(32,30): warning S1104: Make this field 'private' and encapsulate it in a 'public' property. (https://rules.sonarsource.com/csharp/RSPEC-1104) [C:\Projects\Hazina\src\Core\Agents\Hazina.AgentFactory\Hazina.AgentFactory.csproj::TargetFramework=net10.0]
C:\Projects\Hazina\src\Core\Agents\Hazina.AgentFactory\Configuration\Parsers\HazinaAgentConfigParser.cs(121,5): warning SA1515: Single-line comment should be preceded by blank line (https://github.com/DotNetAnalyzers/StyleCopAnalyzers/blob/master/documentation/SA1515.md) [C:\Projects\Hazina\src\Core\Agents\Hazina.AgentFactory\Hazina.AgentFactory.csproj::TargetFramework=net10.0]
C:\Projects\Hazina\src\Core\Agents\Hazina.AgentFactory\Core\AgentFactory.cs(34,29): warning S1104: Make this field 'private' and encapsulate it in a 'public' property. (https://rules.sonarsource.com/csharp/RSPEC-1104) [C:\Projects\Hazina\src\Core\Agents\Hazina.AgentFactory\Hazina.AgentFactory.csproj::TargetFramework=net10.0]
C:\Projects\Hazina\src\Core\Agents\Hazina.AgentFactory\Configuration\Parsers\HazinaAgentConfigParser.cs(134,5): warning SA1515: Single-line comment should be preceded by blank line (https://github.com/DotNetAnalyzers/StyleCopAnalyzers/blob/master/documentation/SA1515.md) [C:\Projects\Hazina\src\Core\Agents\Hazina.AgentFactory\Hazina.AgentFactory.csproj::TargetFramework=net10.0]
C:\Projects\Hazina\src\Core\Agents\Hazina.AgentFactory\Configuration\Parsers\HazinaAgentConfigParser.cs(217,5): warning SA1515: Single-line comment should be preceded by blank line (https://github.com/DotNetAnalyzers/StyleCopAnalyzers/blob/master/documentation/SA1515.md) [C:\Projects\Hazina\src\Core\Agents\Hazina.AgentFactory\Hazina.AgentFactory.csproj::TargetFramework=net10.0]
C:\Projects\Hazina\src\Core\Agents\Hazina.AgentFactory\Core\AgentFactory.cs(38,19): warning CA1051: Do not declare visible instance fields (https://learn.microsoft.com/dotnet/fundamentals/code-analysis/quality-rules/ca1051) [C:\Projects\Hazina\src\Core\Agents\Hazina.AgentFactory\Hazina.AgentFactory.csproj::TargetFramework=net10.0]
C:\Projects\Hazina\src\Core\Agents\Hazina.AgentFactory\Core\AgentFactory.cs(33,30): warning CA1051: Do not declare visible instance fields (https://learn.microsoft.com/dotnet/fundamentals/code-analysis/quality-rules/ca1051) [C:\Projects\Hazina\src\Core\Agents\Hazina.AgentFactory\Hazina.AgentFactory.csproj::TargetFramework=net10.0]
C:\Projects\Hazina\src\Core\Agents\Hazina.AgentFactory\Core\AgentFactory.cs(33,30): warning CA1002: Change 'List<AgentConfig>' in 'AgentFactory.agentsConfig' to use 'Collection<T>', 'ReadOnlyCollection<T>' or 'KeyedCollection<K,V>' (https://learn.microsoft.com/dotnet/fundamentals/code-analysis/quality-rules/ca1002) [C:\Projects\Hazina\src\Core\Agents\Hazina.AgentFactory\Hazina.AgentFactory.csproj::TargetFramework=net10.0]
C:\Projects\Hazina\src\Core\Agents\Hazina.AgentFactory\Core\AgentFactory.cs(34,29): warning SA1307: Field 'flowsConfig' should begin with upper-case letter (https://github.com/DotNetAnalyzers/StyleCopAnalyzers/blob/master/documentation/SA1307.md) [C:\Projects\Hazina\src\Core\Agents\Hazina.AgentFactory\Hazina.AgentFactory.csproj::TargetFramework=net10.0]
C:\Projects\Hazina\src\Core\Agents\Hazina.AgentFactory\Configuration\Parsers\HazinaAgentConfigParser.cs(241,5): warning SA1515: Single-line comment should be preceded by blank line (https://github.com/DotNetAnalyzers/StyleCopAnalyzers/blob/master/documentation/SA1515.md) [C:\Projects\Hazina\src\Core\Agents\Hazina.AgentFactory\Hazina.AgentFactory.csproj::TargetFramework=net10.0]
C:\Projects\Hazina\src\Core\Agents\Hazina.AgentFactory\Configuration\Parsers\HazinaAgentConfigParser.cs(254,5): warning SA1515: Single-line comment should be preceded by blank line (https://github.com/DotNetAnalyzers/StyleCopAnalyzers/blob/master/documentation/SA1515.md) [C:\Projects\Hazina\src\Core\Agents\Hazina.AgentFactory\Hazina.AgentFactory.csproj::TargetFramework=net10.0]
C:\Projects\Hazina\src\Core\Agents\Hazina.AgentFactory\Core\AgentFactory.cs(33,12): warning MA0016: Prefer using collection abstraction instead of implementation (https://github.com/meziantou/Meziantou.Analyzer/blob/main/docs/Rules/MA0016.md) [C:\Projects\Hazina\src\Core\Agents\Hazina.AgentFactory\Hazina.AgentFactory.csproj::TargetFramework=net10.0]
C:\Projects\Hazina\src\Core\Agents\Hazina.AgentFactory\Core\AgentFactory.cs(38,19): warning SA1401: Field should be private (https://github.com/DotNetAnalyzers/StyleCopAnalyzers/blob/master/documentation/SA1401.md) [C:\Projects\Hazina\src\Core\Agents\Hazina.AgentFactory\Hazina.AgentFactory.csproj::TargetFramework=net10.0]
C:\Projects\Hazina\src\Core\Agents\Hazina.AgentFactory\Core\AgentFactory.cs(33,30): warning SA1401: Field should be private (https://github.com/DotNetAnalyzers/StyleCopAnalyzers/blob/master/documentation/SA1401.md) [C:\Projects\Hazina\src\Core\Agents\Hazina.AgentFactory\Hazina.AgentFactory.csproj::TargetFramework=net10.0]
C:\Projects\Hazina\src\Core\Agents\Hazina.AgentFactory\Core\AgentFactory.cs(36,19): warning SA1401: Field should be private (https://github.com/DotNetAnalyzers/StyleCopAnalyzers/blob/master/documentation/SA1401.md) [C:\Projects\Hazina\src\Core\Agents\Hazina.AgentFactory\Hazina.AgentFactory.csproj::TargetFramework=net10.0]
C:\Projects\Hazina\src\Core\Agents\Hazina.AgentFactory\Configuration\Parsers\HazinaAgentConfigParser.cs(153,21): warning SA1402: File may only contain a single type (https://github.com/DotNetAnalyzers/StyleCopAnalyzers/blob/master/documentation/SA1402.md) [C:\Projects\Hazina\src\Core\Agents\Hazina.AgentFactory\Hazina.AgentFactory.csproj::TargetFramework=net10.0]
C:\Projects\Hazina\src\Core\Agents\Hazina.AgentFactory\Core\AgentFactory.cs(38,19): warning S1104: Make this field 'private' and encapsulate it in a 'public' property. (https://rules.sonarsource.com/csharp/RSPEC-1104) [C:\Projects\Hazina\src\Core\Agents\Hazina.AgentFactory\Hazina.AgentFactory.csproj::TargetFramework=net10.0]
C:\Projects\Hazina\src\Core\Agents\Hazina.AgentFactory\Core\AgentFactory.cs(36,19): warning S1104: Make this field 'private' and encapsulate it in a 'public' property. (https://rules.sonarsource.com/csharp/RSPEC-1104) [C:\Projects\Hazina\src\Core\Agents\Hazina.AgentFactory\Hazina.AgentFactory.csproj::TargetFramework=net10.0]
C:\Projects\Hazina\src\Core\Agents\Hazina.AgentFactory\Core\AgentFactory.cs(37,19): warning CA1051: Do not declare visible instance fields (https://learn.microsoft.com/dotnet/fundamentals/code-analysis/quality-rules/ca1051) [C:\Projects\Hazina\src\Core\Agents\Hazina.AgentFactory\Hazina.AgentFactory.csproj::TargetFramework=net10.0]
C:\Projects\Hazina\src\Core\Agents\Hazina.AgentFactory\Core\AgentFactory.cs(43,44): warning CA1051: Do not declare visible instance fields (https://learn.microsoft.com/dotnet/fundamentals/code-analysis/quality-rules/ca1051) [C:\Projects\Hazina\src\Core\Agents\Hazina.AgentFactory\Hazina.AgentFactory.csproj::TargetFramework=net10.0]
C:\Projects\Hazina\src\Core\Agents\Hazina.AgentFactory\Core\AgentFactory.cs(44,43): warning CA1051: Do not declare visible instance fields (https://learn.microsoft.com/dotnet/fundamentals/code-analysis/quality-rules/ca1051) [C:\Projects\Hazina\src\Core\Agents\Hazina.AgentFactory\Hazina.AgentFactory.csproj::TargetFramework=net10.0]
C:\Projects\Hazina\src\Core\Agents\Hazina.AgentFactory\Core\AgentFactory.cs(43,12): warning MA0016: Prefer using collection abstraction instead of implementation (https://github.com/meziantou/Meziantou.Analyzer/blob/main/docs/Rules/MA0016.md) [C:\Projects\Hazina\src\Core\Agents\Hazina.AgentFactory\Hazina.AgentFactory.csproj::TargetFramework=net10.0]
C:\Projects\Hazina\src\Core\Agents\Hazina.AgentFactory\Core\AgentFactory.cs(37,19): warning SA1401: Field should be private (https://github.com/DotNetAnalyzers/StyleCopAnalyzers/blob/master/documentation/SA1401.md) [C:\Projects\Hazina\src\Core\Agents\Hazina.AgentFactory\Hazina.AgentFactory.csproj::TargetFramework=net10.0]
C:\Projects\Hazina\src\Core\Agents\Hazina.AgentFactory\Core\AgentFactory.cs(44,12): warning MA0016: Prefer using collection abstraction instead of implementation (https://github.com/meziantou/Meziantou.Analyzer/blob/main/docs/Rules/MA0016.md) [C:\Projects\Hazina\src\Core\Agents\Hazina.AgentFactory\Hazina.AgentFactory.csproj::TargetFramework=net10.0]
C:\Projects\Hazina\src\Core\Agents\Hazina.AgentFactory\Core\AgentFactory.cs(43,44): warning SA1401: Field should be private (https://github.com/DotNetAnalyzers/StyleCopAnalyzers/blob/master/documentation/SA1401.md) [C:\Projects\Hazina\src\Core\Agents\Hazina.AgentFactory\Hazina.AgentFactory.csproj::TargetFramework=net10.0]
C:\Projects\Hazina\src\Core\Agents\Hazina.AgentFactory\Core\AgentFactory.cs(44,43): warning SA1401: Field should be private (https://github.com/DotNetAnalyzers/StyleCopAnalyzers/blob/master/documentation/SA1401.md) [C:\Projects\Hazina\src\Core\Agents\Hazina.AgentFactory\Hazina.AgentFactory.csproj::TargetFramework=net10.0]
C:\Projects\Hazina\src\Core\Agents\Hazina.AgentFactory\Core\AgentFactory.cs(37,19): warning S1104: Make this field 'private' and encapsulate it in a 'public' property. (https://rules.sonarsource.com/csharp/RSPEC-1104) [C:\Projects\Hazina\src\Core\Agents\Hazina.AgentFactory\Hazina.AgentFactory.csproj::TargetFramework=net10.0]
C:\Projects\Hazina\src\Core\Agents\Hazina.AgentFactory\Core\AgentFactory.cs(33,30): warning S1104: Make this field 'private' and encapsulate it in a 'public' property. (https://rules.sonarsource.com/csharp/RSPEC-1104) [C:\Projects\Hazina\src\Core\Agents\Hazina.AgentFactory\Hazina.AgentFactory.csproj::TargetFramework=net10.0]
C:\Projects\Hazina\src\Core\Agents\Hazina.AgentFactory\Core\AgentFactory.cs(33,30): warning SA1307: Field 'agentsConfig' should begin with upper-case letter (https://github.com/DotNetAnalyzers/StyleCopAnalyzers/blob/master/documentation/SA1307.md) [C:\Projects\Hazina\src\Core\Agents\Hazina.AgentFactory\Hazina.AgentFactory.csproj::TargetFramework=net10.0]
C:\Projects\Hazina\src\Core\Agents\Hazina.AgentFactory\Core\AgentFactory.cs(44,43): warning S1104: Make this field 'private' and encapsulate it in a 'public' property. (https://rules.sonarsource.com/csharp/RSPEC-1104) [C:\Projects\Hazina\src\Core\Agents\Hazina.AgentFactory\Hazina.AgentFactory.csproj::TargetFramework=net10.0]
C:\Projects\Hazina\src\Core\Agents\Hazina.AgentFactory\Core\AgentFactory.cs(32,30): warning SA1307: Field 'storesConfig' should begin with upper-case letter (https://github.com/DotNetAnalyzers/StyleCopAnalyzers/blob/master/documentation/SA1307.md) [C:\Projects\Hazina\src\Core\Agents\Hazina.AgentFactory\Hazina.AgentFactory.csproj::TargetFramework=net10.0]
C:\Projects\Hazina\src\Core\Agents\Hazina.AgentFactory\Core\AgentFactory.cs(29,5): warning SA1124: Do not use regions (https://github.com/DotNetAnalyzers/StyleCopAnalyzers/blob/master/documentation/SA1124.md) [C:\Projects\Hazina\src\Core\Agents\Hazina.AgentFactory\Hazina.AgentFactory.csproj::TargetFramework=net10.0]
C:\Projects\Hazina\src\Core\Agents\Hazina.AgentFactory\Core\AgentFactory.cs(40,27): warning CA1805: Member 'WriteMode' is explicitly initialized to its default value (https://learn.microsoft.com/dotnet/fundamentals/code-analysis/quality-rules/ca1805) [C:\Projects\Hazina\src\Core\Agents\Hazina.AgentFactory\Hazina.AgentFactory.csproj::TargetFramework=net10.0]
C:\Projects\Hazina\src\Core\Agents\Hazina.AgentFactory\Core\AgentFactory.cs(41,36): warning CA1051: Do not declare visible instance fields (https://learn.microsoft.com/dotnet/fundamentals/code-analysis/quality-rules/ca1051) [C:\Projects\Hazina\src\Core\Agents\Hazina.AgentFactory\Hazina.AgentFactory.csproj::TargetFramework=net10.0]
C:\Projects\Hazina\src\Core\Agents\Hazina.AgentFactory\Core\AgentFactory.cs(41,36): warning CA1002: Change 'List<HazinaChatMessage>' in 'AgentFactory.Messages' to use 'Collection<T>', 'ReadOnlyCollection<T>' or 'KeyedCollection<K,V>' (https://learn.microsoft.com/dotnet/fundamentals/code-analysis/quality-rules/ca1002) [C:\Projects\Hazina\src\Core\Agents\Hazina.AgentFactory\Hazina.AgentFactory.csproj::TargetFramework=net10.0]
C:\Projects\Hazina\src\Core\Agents\Hazina.AgentFactory\Core\AgentFactory.cs(44,51): warning MA0002: Use an overload that has a IEqualityComparer<string> or IComparer<string> parameter (https://github.com/meziantou/Meziantou.Analyzer/blob/main/docs/Rules/MA0002.md) [C:\Projects\Hazina\src\Core\Agents\Hazina.AgentFactory\Hazina.AgentFactory.csproj::TargetFramework=net10.0]
C:\Projects\Hazina\src\Core\Agents\Hazina.AgentFactory\Core\AgentFactory.cs(41,12): warning MA0016: Prefer using collection abstraction instead of implementation (https://github.com/meziantou/Meziantou.Analyzer/blob/main/docs/Rules/MA0016.md) [C:\Projects\Hazina\src\Core\Agents\Hazina.AgentFactory\Hazina.AgentFactory.csproj::TargetFramework=net10.0]
C:\Projects\Hazina\src\Core\Agents\Hazina.AgentFactory\Core\AgentFactory.cs(41,36): warning SA1401: Field should be private (https://github.com/DotNetAnalyzers/StyleCopAnalyzers/blob/master/documentation/SA1401.md) [C:\Projects\Hazina\src\Core\Agents\Hazina.AgentFactory\Hazina.AgentFactory.csproj::TargetFramework=net10.0]
C:\Projects\Hazina\src\Core\Agents\Hazina.AgentFactory\Core\AgentFactory.cs(43,44): warning S1104: Make this field 'private' and encapsulate it in a 'public' property. (https://rules.sonarsource.com/csharp/RSPEC-1104) [C:\Projects\Hazina\src\Core\Agents\Hazina.AgentFactory\Hazina.AgentFactory.csproj::TargetFramework=net10.0]
C:\Projects\Hazina\src\Core\Agents\Hazina.AgentFactory\Core\AgentFactory.cs(41,36): warning S1104: Make this field 'private' and encapsulate it in a 'public' property. (https://rules.sonarsource.com/csharp/RSPEC-1104) [C:\Projects\Hazina\src\Core\Agents\Hazina.AgentFactory\Hazina.AgentFactory.csproj::TargetFramework=net10.0]
C:\Projects\Hazina\src\Core\Agents\Hazina.AgentFactory\Core\AgentFactory.cs(57,5): warning SA1124: Do not use regions (https://github.com/DotNetAnalyzers/StyleCopAnalyzers/blob/master/documentation/SA1124.md) [C:\Projects\Hazina\src\Core\Agents\Hazina.AgentFactory\Hazina.AgentFactory.csproj::TargetFramework=net10.0]
C:\Projects\Hazina\src\Core\Agents\Hazina.AgentFactory\Core\AgentFactory.cs(43,53): warning MA0002: Use an overload that has a IEqualityComparer<string> or IComparer<string> parameter (https://github.com/meziantou/Meziantou.Analyzer/blob/main/docs/Rules/MA0002.md) [C:\Projects\Hazina\src\Core\Agents\Hazina.AgentFactory\Hazina.AgentFactory.csproj::TargetFramework=net10.0]
C:\Projects\Hazina\src\Core\Agents\Hazina.AgentFactory\Core\AgentFactory.cs(48,5): warning SA1124: Do not use regions (https://github.com/DotNetAnalyzers/StyleCopAnalyzers/blob/master/documentation/SA1124.md) [C:\Projects\Hazina\src\Core\Agents\Hazina.AgentFactory\Hazina.AgentFactory.csproj::TargetFramework=net10.0]
C:\Projects\Hazina\src\Core\Agents\Hazina.AgentFactory\Configuration\Validation\ValidationDiagnostic.cs(16,19): warning SA1623: The property's documentation summary text should begin with: 'Gets or sets' (https://github.com/DotNetAnalyzers/StyleCopAnalyzers/blob/master/documentation/SA1623.md) [C:\Projects\Hazina\src\Core\Agents\Hazina.AgentFactory\Hazina.AgentFactory.csproj::TargetFramework=net10.0]
C:\Projects\Hazina\src\Core\Agents\Hazina.AgentFactory\Configuration\Validation\ValidationDiagnostic.cs(31,17): warning SA1623: The property's documentation summary text should begin with: 'Gets or sets' (https://github.com/DotNetAnalyzers/StyleCopAnalyzers/blob/master/documentation/SA1623.md) [C:\Projects\Hazina\src\Core\Agents\Hazina.AgentFactory\Hazina.AgentFactory.csproj::TargetFramework=net10.0]
C:\Projects\Hazina\src\Core\Agents\Hazina.AgentFactory\Configuration\Validation\ValidationDiagnostic.cs(26,20): warning SA1623: The property's documentation summary text should begin with: 'Gets or sets' (https://github.com/DotNetAnalyzers/StyleCopAnalyzers/blob/master/documentation/SA1623.md) [C:\Projects\Hazina\src\Core\Agents\Hazina.AgentFactory\Hazina.AgentFactory.csproj::TargetFramework=net10.0]
C:\Projects\Hazina\src\Core\Agents\Hazina.AgentFactory\Configuration\Validation\ValidationDiagnostic.cs(11,31): warning SA1623: The property's documentation summary text should begin with: 'Gets or sets' (https://github.com/DotNetAnalyzers/StyleCopAnalyzers/blob/master/documentation/SA1623.md) [C:\Projects\Hazina\src\Core\Agents\Hazina.AgentFactory\Hazina.AgentFactory.csproj::TargetFramework=net10.0]
C:\Projects\Hazina\src\Core\Agents\Hazina.AgentFactory\Configuration\Validation\ValidationDiagnostic.cs(36,17): warning SA1623: The property's documentation summary text should begin with: 'Gets or sets' (https://github.com/DotNetAnalyzers/StyleCopAnalyzers/blob/master/documentation/SA1623.md) [C:\Projects\Hazina\src\Core\Agents\Hazina.AgentFactory\Hazina.AgentFactory.csproj::TargetFramework=net10.0]
C:\Projects\Hazina\src\Core\Agents\Hazina.AgentFactory\Configuration\Validation\ValidationDiagnostic.cs(21,19): warning SA1623: The property's documentation summary text should begin with: 'Gets or sets' (https://github.com/DotNetAnalyzers/StyleCopAnalyzers/blob/master/documentation/SA1623.md) [C:\Projects\Hazina\src\Core\Agents\Hazina.AgentFactory\Hazina.AgentFactory.csproj::TargetFramework=net10.0]
C:\Projects\Hazina\src\Core\Agents\Hazina.AgentFactory\Core\AgentFactoryExtensions.cs(6,66): warning SA1629: Documentation text should end with a period (https://github.com/DotNetAnalyzers/StyleCopAnalyzers/blob/master/documentation/SA1629.md) [C:\Projects\Hazina\src\Core\Agents\Hazina.AgentFactory\Hazina.AgentFactory.csproj::TargetFramework=net10.0]
C:\Projects\Hazina\src\Core\Agents\Hazina.AgentFactory\Core\AgentFactory.cs(25,51): warning SA1629: Documentation text should end with a period (https://github.com/DotNetAnalyzers/StyleCopAnalyzers/blob/master/documentation/SA1629.md) [C:\Projects\Hazina\src\Core\Agents\Hazina.AgentFactory\Hazina.AgentFactory.csproj::TargetFramework=net10.0]
C:\Projects\Hazina\src\Core\Agents\Hazina.AgentFactory\Core\AgentFactory.cs(51,1): warning SA1516: Elements should be separated by blank line (https://github.com/DotNetAnalyzers/StyleCopAnalyzers/blob/master/documentation/SA1516.md) [C:\Projects\Hazina\src\Core\Agents\Hazina.AgentFactory\Hazina.AgentFactory.csproj::TargetFramework=net10.0]
C:\Projects\Hazina\src\Core\Agents\Hazina.AgentFactory\Core\AgentFactory.cs(52,1): warning SA1516: Elements should be separated by blank line (https://github.com/DotNetAnalyzers/StyleCopAnalyzers/blob/master/documentation/SA1516.md) [C:\Projects\Hazina\src\Core\Agents\Hazina.AgentFactory\Hazina.AgentFactory.csproj::TargetFramework=net10.0]
C:\Projects\Hazina\src\Core\Agents\Hazina.AgentFactory\Core\AgentFactory.cs(53,1): warning SA1516: Elements should be separated by blank line (https://github.com/DotNetAnalyzers/StyleCopAnalyzers/blob/master/documentation/SA1516.md) [C:\Projects\Hazina\src\Core\Agents\Hazina.AgentFactory\Hazina.AgentFactory.csproj::TargetFramework=net10.0]
C:\Projects\Hazina\src\Core\Agents\Hazina.AgentFactory\Configuration\Validation\ValidationDiagnostic.cs(48,13): warning MA0048: File name must match type name (https://github.com/meziantou/Meziantou.Analyzer/blob/main/docs/Rules/MA0048.md) [C:\Projects\Hazina\src\Core\Agents\Hazina.AgentFactory\Hazina.AgentFactory.csproj::TargetFramework=net10.0]
C:\Projects\Hazina\src\Core\Agents\Hazina.AgentFactory\Core\AgentFactory.cs(265,5): warning SA1124: Do not use regions (https://github.com/DotNetAnalyzers/StyleCopAnalyzers/blob/master/documentation/SA1124.md) [C:\Projects\Hazina\src\Core\Agents\Hazina.AgentFactory\Hazina.AgentFactory.csproj::TargetFramework=net10.0]
C:\Projects\Hazina\src\Core\Agents\Hazina.AgentFactory\Core\HazinaAgent.cs(8,1): warning SA1516: Elements should be separated by blank line (https://github.com/DotNetAnalyzers/StyleCopAnalyzers/blob/master/documentation/SA1516.md) [C:\Projects\Hazina\src\Core\Agents\Hazina.AgentFactory\Hazina.AgentFactory.csproj::TargetFramework=net10.0]
C:\Projects\Hazina\src\Core\Agents\Hazina.AgentFactory\Core\HazinaAgent.cs(9,1): warning SA1516: Elements should be separated by blank line (https://github.com/DotNetAnalyzers/StyleCopAnalyzers/blob/master/documentation/SA1516.md) [C:\Projects\Hazina\src\Core\Agents\Hazina.AgentFactory\Hazina.AgentFactory.csproj::TargetFramework=net10.0]
C:\Projects\Hazina\src\Core\Agents\Hazina.AgentFactory\Core\HazinaAgent.cs(10,1): warning SA1516: Elements should be separated by blank line (https://github.com/DotNetAnalyzers/StyleCopAnalyzers/blob/master/documentation/SA1516.md) [C:\Projects\Hazina\src\Core\Agents\Hazina.AgentFactory\Hazina.AgentFactory.csproj::TargetFramework=net10.0]
C:\Projects\Hazina\src\Core\Agents\Hazina.AgentFactory\Core\HazinaAgent.cs(10,39): warning CA1805: Member 'IsCoder' is explicitly initialized to its default value (https://learn.microsoft.com/dotnet/fundamentals/code-analysis/quality-rules/ca1805) [C:\Projects\Hazina\src\Core\Agents\Hazina.AgentFactory\Hazina.AgentFactory.csproj::TargetFramework=net10.0]
C:\Projects\Hazina\src\Core\Agents\Hazina.AgentFactory\Core\StoresAndAgentsAndFlowLoader.cs(5,33): warning CA1051: Do not declare visible instance fields (https://learn.microsoft.com/dotnet/fundamentals/code-analysis/quality-rules/ca1051) [C:\Projects\Hazina\src\Core\Agents\Hazina.AgentFactory\Hazina.AgentFactory.csproj::TargetFramework=net10.0]
C:\Projects\Hazina\src\Core\Agents\Hazina.AgentFactory\Core\StoresAndAgentsAndFlowLoader.cs(5,33): warning CA1002: Change 'List<IDocumentStore>' in 'StoresAndAgentsAndFlowLoader._stores' to use 'Collection<T>', 'ReadOnlyCollection<T>' or 'KeyedCollection<K,V>' (https://learn.microsoft.com/dotnet/fundamentals/code-analysis/quality-rules/ca1002) [C:\Projects\Hazina\src\Core\Agents\Hazina.AgentFactory\Hazina.AgentFactory.csproj::TargetFramework=net10.0]
C:\Projects\Hazina\src\Core\Agents\Hazina.AgentFactory\Core\StoresAndAgentsAndFlowLoader.cs(5,12): warning MA0016: Prefer using collection abstraction instead of implementation (https://github.com/meziantou/Meziantou.Analyzer/blob/main/docs/Rules/MA0016.md) [C:\Projects\Hazina\src\Core\Agents\Hazina.AgentFactory\Hazina.AgentFactory.csproj::TargetFramework=net10.0]
C:\Projects\Hazina\src\Core\Agents\Hazina.AgentFactory\Core\StoresAndAgentsAndFlowLoader.cs(6,30): warning CA1051: Do not declare visible instance fields (https://learn.microsoft.com/dotnet/fundamentals/code-analysis/quality-rules/ca1051) [C:\Projects\Hazina\src\Core\Agents\Hazina.AgentFactory\Hazina.AgentFactory.csproj::TargetFramework=net10.0]
C:\Projects\Hazina\src\Core\Agents\Hazina.AgentFactory\Core\StoresAndAgentsAndFlowLoader.cs(5,33): warning SA1401: Field should be private (https://github.com/DotNetAnalyzers/StyleCopAnalyzers/blob/master/documentation/SA1401.md) [C:\Projects\Hazina\src\Core\Agents\Hazina.AgentFactory\Hazina.AgentFactory.csproj::TargetFramework=net10.0]
C:\Projects\Hazina\src\Core\Agents\Hazina.AgentFactory\Core\StoresAndAgentsAndFlowLoader.cs(6,30): warning CA1002: Change 'List<HazinaAgent>' in 'StoresAndAgentsAndFlowLoader._agents' to use 'Collection<T>', 'ReadOnlyCollection<T>' or 'KeyedCollection<K,V>' (https://learn.microsoft.com/dotnet/fundamentals/code-analysis/quality-rules/ca1002) [C:\Projects\Hazina\src\Core\Agents\Hazina.AgentFactory\Hazina.AgentFactory.csproj::TargetFramework=net10.0]
C:\Projects\Hazina\src\Core\Agents\Hazina.AgentFactory\Core\StoresAndAgentsAndFlowLoader.cs(7,29): warning CA1051: Do not declare visible instance fields (https://learn.microsoft.com/dotnet/fundamentals/code-analysis/quality-rules/ca1051) [C:\Projects\Hazina\src\Core\Agents\Hazina.AgentFactory\Hazina.AgentFactory.csproj::TargetFramework=net10.0]
C:\Projects\Hazina\src\Core\Agents\Hazina.AgentFactory\Core\StoresAndAgentsAndFlowLoader.cs(7,29): warning CA1002: Change 'List<HazinaFlow>' in 'StoresAndAgentsAndFlowLoader._flows' to use 'Collection<T>', 'ReadOnlyCollection<T>' or 'KeyedCollection<K,V>' (https://learn.microsoft.com/dotnet/fundamentals/code-analysis/quality-rules/ca1002) [C:\Projects\Hazina\src\Core\Agents\Hazina.AgentFactory\Hazina.AgentFactory.csproj::TargetFramework=net10.0]
C:\Projects\Hazina\src\Core\Agents\Hazina.AgentFactory\Core\StoresAndAgentsAndFlowLoader.cs(7,12): warning MA0016: Prefer using collection abstraction instead of implementation (https://github.com/meziantou/Meziantou.Analyzer/blob/main/docs/Rules/MA0016.md) [C:\Projects\Hazina\src\Core\Agents\Hazina.AgentFactory\Hazina.AgentFactory.csproj::TargetFramework=net10.0]
C:\Projects\Hazina\src\Core\Agents\Hazina.AgentFactory\Core\StoresAndAgentsAndFlowLoader.cs(6,12): warning MA0016: Prefer using collection abstraction instead of implementation (https://github.com/meziantou/Meziantou.Analyzer/blob/main/docs/Rules/MA0016.md) [C:\Projects\Hazina\src\Core\Agents\Hazina.AgentFactory\Hazina.AgentFactory.csproj::TargetFramework=net10.0]
C:\Projects\Hazina\src\Core\Agents\Hazina.AgentFactory\Core\StoresAndAgentsAndFlowLoader.cs(7,29): warning SA1401: Field should be private (https://github.com/DotNetAnalyzers/StyleCopAnalyzers/blob/master/documentation/SA1401.md) [C:\Projects\Hazina\src\Core\Agents\Hazina.AgentFactory\Hazina.AgentFactory.csproj::TargetFramework=net10.0]
C:\Projects\Hazina\src\Core\Agents\Hazina.AgentFactory\Core\StoresAndAgentsAndFlowLoader.cs(6,30): warning SA1401: Field should be private (https://github.com/DotNetAnalyzers/StyleCopAnalyzers/blob/master/documentation/SA1401.md) [C:\Projects\Hazina\src\Core\Agents\Hazina.AgentFactory\Hazina.AgentFactory.csproj::TargetFramework=net10.0]
C:\Projects\Hazina\src\Core\Agents\Hazina.AgentFactory\Core\StoresAndAgentsAndFlowLoader.cs(7,29): warning S1104: Make this field 'private' and encapsulate it in a 'public' property. (https://rules.sonarsource.com/csharp/RSPEC-1104) [C:\Projects\Hazina\src\Core\Agents\Hazina.AgentFactory\Hazina.AgentFactory.csproj::TargetFramework=net10.0]
C:\Projects\Hazina\src\Core\Agents\Hazina.AgentFactory\Core\StoresAndAgentsAndFlowLoader.cs(6,30): warning S1104: Make this field 'private' and encapsulate it in a 'public' property. (https://rules.sonarsource.com/csharp/RSPEC-1104) [C:\Projects\Hazina\src\Core\Agents\Hazina.AgentFactory\Hazina.AgentFactory.csproj::TargetFramework=net10.0]
C:\Projects\Hazina\src\Core\Agents\Hazina.AgentFactory\Models\BuildOutput.cs(7,26): warning CA2211: Non-constant fields should not be visible (https://learn.microsoft.com/dotnet/fundamentals/code-analysis/quality-rules/ca2211) [C:\Projects\Hazina\src\Core\Agents\Hazina.AgentFactory\Hazina.AgentFactory.csproj::TargetFramework=net10.0]
C:\Projects\Hazina\src\Core\Agents\Hazina.AgentFactory\Models\BuildOutput.cs(4,21): warning CA1050: Declare types in namespaces (https://learn.microsoft.com/dotnet/fundamentals/code-analysis/quality-rules/ca1050) [C:\Projects\Hazina\src\Core\Agents\Hazina.AgentFactory\Hazina.AgentFactory.csproj::TargetFramework=net10.0]
C:\Projects\Hazina\src\Core\Agents\Hazina.AgentFactory\Models\BuildOutput.cs(7,26): warning MA0069: Non-constant static fields should not be visible (https://github.com/meziantou/Meziantou.Analyzer/blob/main/docs/Rules/MA0069.md) [C:\Projects\Hazina\src\Core\Agents\Hazina.AgentFactory\Hazina.AgentFactory.csproj::TargetFramework=net10.0]
C:\Projects\Hazina\src\Core\Agents\Hazina.AgentFactory\Models\BuildOutput.cs(7,26): warning SA1401: Field should be private (https://github.com/DotNetAnalyzers/StyleCopAnalyzers/blob/master/documentation/SA1401.md) [C:\Projects\Hazina\src\Core\Agents\Hazina.AgentFactory\Hazina.AgentFactory.csproj::TargetFramework=net10.0]
C:\Projects\Hazina\src\Core\Agents\Hazina.AgentFactory\Models\BuildOutput.cs(7,26): warning S1104: Make this field 'private' and encapsulate it in a 'public' property. (https://rules.sonarsource.com/csharp/RSPEC-1104) [C:\Projects\Hazina\src\Core\Agents\Hazina.AgentFactory\Hazina.AgentFactory.csproj::TargetFramework=net10.0]
C:\Projects\Hazina\src\Core\Agents\Hazina.AgentFactory\Models\BuildOutput.cs(7,26): warning S2223: Change the visibility of 'buildOutputFile' or make it 'const' or 'readonly'. (https://rules.sonarsource.com/csharp/RSPEC-2223) [C:\Projects\Hazina\src\Core\Agents\Hazina.AgentFactory\Hazina.AgentFactory.csproj::TargetFramework=net10.0]
C:\Projects\Hazina\src\Core\Agents\Hazina.AgentFactory\Models\BuildOutput.cs(4,21): warning MA0047: Declare type 'BuildOutput' in a namespace (https://github.com/meziantou/Meziantou.Analyzer/blob/main/docs/Rules/MA0047.md) [C:\Projects\Hazina\src\Core\Agents\Hazina.AgentFactory\Hazina.AgentFactory.csproj::TargetFramework=net10.0]
C:\Projects\Hazina\src\Core\Agents\Hazina.AgentFactory\Models\BuildOutput.cs(6,26): warning CA2211: Non-constant fields should not be visible (https://learn.microsoft.com/dotnet/fundamentals/code-analysis/quality-rules/ca2211) [C:\Projects\Hazina\src\Core\Agents\Hazina.AgentFactory\Hazina.AgentFactory.csproj::TargetFramework=net10.0]
C:\Projects\Hazina\src\Core\Agents\Hazina.AgentFactory\Core\StoresAndAgentsAndFlowLoader.cs(9,39): warning CA1051: Do not declare visible instance fields (https://learn.microsoft.com/dotnet/fundamentals/code-analysis/quality-rules/ca1051) [C:\Projects\Hazina\src\Core\Agents\Hazina.AgentFactory\Hazina.AgentFactory.csproj::TargetFramework=net10.0]
C:\Projects\Hazina\src\Core\Agents\Hazina.AgentFactory\Models\BuildOutput.cs(7,26): warning SA1307: Field 'buildOutputFile' should begin with upper-case letter (https://github.com/DotNetAnalyzers/StyleCopAnalyzers/blob/master/documentation/SA1307.md) [C:\Projects\Hazina\src\Core\Agents\Hazina.AgentFactory\Hazina.AgentFactory.csproj::TargetFramework=net10.0]
C:\Projects\Hazina\src\Core\Agents\Hazina.AgentFactory\Models\BuildOutput.cs(6,26): warning MA0069: Non-constant static fields should not be visible (https://github.com/meziantou/Meziantou.Analyzer/blob/main/docs/Rules/MA0069.md) [C:\Projects\Hazina\src\Core\Agents\Hazina.AgentFactory\Hazina.AgentFactory.csproj::TargetFramework=net10.0]
C:\Projects\Hazina\src\Core\Agents\Hazina.AgentFactory\Models\BuildOutput.cs(6,26): warning SA1401: Field should be private (https://github.com/DotNetAnalyzers/StyleCopAnalyzers/blob/master/documentation/SA1401.md) [C:\Projects\Hazina\src\Core\Agents\Hazina.AgentFactory\Hazina.AgentFactory.csproj::TargetFramework=net10.0]
C:\Projects\Hazina\src\Core\Agents\Hazina.AgentFactory\Models\BuildOutput.cs(8,26): warning CA2211: Non-constant fields should not be visible (https://learn.microsoft.com/dotnet/fundamentals/code-analysis/quality-rules/ca2211) [C:\Projects\Hazina\src\Core\Agents\Hazina.AgentFactory\Hazina.AgentFactory.csproj::TargetFramework=net10.0]
C:\Projects\Hazina\src\Core\Agents\Hazina.AgentFactory\Core\StoresAndAgentsAndFlowLoader.cs(9,39): warning SA1401: Field should be private (https://github.com/DotNetAnalyzers/StyleCopAnalyzers/blob/master/documentation/SA1401.md) [C:\Projects\Hazina\src\Core\Agents\Hazina.AgentFactory\Hazina.AgentFactory.csproj::TargetFramework=net10.0]
C:\Projects\Hazina\src\Core\Agents\Hazina.AgentFactory\Models\BuildOutput.cs(6,26): warning S1104: Make this field 'private' and encapsulate it in a 'public' property. (https://rules.sonarsource.com/csharp/RSPEC-1104) [C:\Projects\Hazina\src\Core\Agents\Hazina.AgentFactory\Hazina.AgentFactory.csproj::TargetFramework=net10.0]
C:\Projects\Hazina\src\Core\Agents\Hazina.AgentFactory\Models\BuildOutput.cs(6,26): warning S2223: Change the visibility of 'buildFile' or make it 'const' or 'readonly'. (https://rules.sonarsource.com/csharp/RSPEC-2223) [C:\Projects\Hazina\src\Core\Agents\Hazina.AgentFactory\Hazina.AgentFactory.csproj::TargetFramework=net10.0]
C:\Projects\Hazina\src\Core\Agents\Hazina.AgentFactory\Models\BuildOutput.cs(6,26): warning SA1307: Field 'buildFile' should begin with upper-case letter (https://github.com/DotNetAnalyzers/StyleCopAnalyzers/blob/master/documentation/SA1307.md) [C:\Projects\Hazina\src\Core\Agents\Hazina.AgentFactory\Hazina.AgentFactory.csproj::TargetFramework=net10.0]
C:\Projects\Hazina\src\Core\Agents\Hazina.AgentFactory\Models\BuildOutput.cs(4,21): warning S3903: Move 'BuildOutput' into a named namespace. (https://rules.sonarsource.com/csharp/RSPEC-3903) [C:\Projects\Hazina\src\Core\Agents\Hazina.AgentFactory\Hazina.AgentFactory.csproj::TargetFramework=net10.0]
C:\Projects\Hazina\src\Core\Agents\Hazina.AgentFactory\Models\BuildOutput.cs(8,26): warning MA0069: Non-constant static fields should not be visible (https://github.com/meziantou/Meziantou.Analyzer/blob/main/docs/Rules/MA0069.md) [C:\Projects\Hazina\src\Core\Agents\Hazina.AgentFactory\Hazina.AgentFactory.csproj::TargetFramework=net10.0]
C:\Projects\Hazina\src\Core\Agents\Hazina.AgentFactory\Models\BuildOutput.cs(8,26): warning SA1401: Field should be private (https://github.com/DotNetAnalyzers/StyleCopAnalyzers/blob/master/documentation/SA1401.md) [C:\Projects\Hazina\src\Core\Agents\Hazina.AgentFactory\Hazina.AgentFactory.csproj::TargetFramework=net10.0]
C:\Projects\Hazina\src\Core\Agents\Hazina.AgentFactory\Models\BuildOutput.cs(8,26): warning S1104: Make this field 'private' and encapsulate it in a 'public' property. (https://rules.sonarsource.com/csharp/RSPEC-1104) [C:\Projects\Hazina\src\Core\Agents\Hazina.AgentFactory\Hazina.AgentFactory.csproj::TargetFramework=net10.0]
C:\Projects\Hazina\src\Core\Agents\Hazina.AgentFactory\Core\StoresAndAgentsAndFlowLoader.cs(5,33): warning S1104: Make this field 'private' and encapsulate it in a 'public' property. (https://rules.sonarsource.com/csharp/RSPEC-1104) [C:\Projects\Hazina\src\Core\Agents\Hazina.AgentFactory\Hazina.AgentFactory.csproj::TargetFramework=net10.0]
C:\Projects\Hazina\src\Core\Agents\Hazina.AgentFactory\Models\BuildOutput.cs(8,26): warning S2223: Change the visibility of 'buildErrorsFile' or make it 'const' or 'readonly'. (https://rules.sonarsource.com/csharp/RSPEC-2223) [C:\Projects\Hazina\src\Core\Agents\Hazina.AgentFactory\Hazina.AgentFactory.csproj::TargetFramework=net10.0]
C:\Projects\Hazina\src\Core\Agents\Hazina.AgentFactory\Models\BuildOutput.cs(8,26): warning SA1307: Field 'buildErrorsFile' should begin with upper-case letter (https://github.com/DotNetAnalyzers/StyleCopAnalyzers/blob/master/documentation/SA1307.md) [C:\Projects\Hazina\src\Core\Agents\Hazina.AgentFactory\Hazina.AgentFactory.csproj::TargetFramework=net10.0]
C:\Projects\Hazina\src\Core\Agents\Hazina.AgentFactory\Core\QuickAgentCreator.cs(14,1): warning SA1516: Elements should be separated by blank line (https://github.com/DotNetAnalyzers/StyleCopAnalyzers/blob/master/documentation/SA1516.md) [C:\Projects\Hazina\src\Core\Agents\Hazina.AgentFactory\Hazina.AgentFactory.csproj::TargetFramework=net10.0]
C:\Projects\Hazina\src\Core\Agents\Hazina.AgentFactory\Core\AgentManager.cs(29,39): warning CA1051: Do not declare visible instance fields (https://learn.microsoft.com/dotnet/fundamentals/code-analysis/quality-rules/ca1051) [C:\Projects\Hazina\src\Core\Agents\Hazina.AgentFactory\Hazina.AgentFactory.csproj::TargetFramework=net10.0]
C:\Projects\Hazina\src\Core\Agents\Hazina.AgentFactory\Core\AgentManager.cs(32,36): warning CA1002: Change 'List<HazinaChatMessage>' in 'AgentManager.History' to use 'Collection<T>', 'ReadOnlyCollection<T>' or 'KeyedCollection<K,V>' (https://learn.microsoft.com/dotnet/fundamentals/code-analysis/quality-rules/ca1002) [C:\Projects\Hazina\src\Core\Agents\Hazina.AgentFactory\Hazina.AgentFactory.csproj::TargetFramework=net10.0]
C:\Projects\Hazina\src\Core\Agents\Hazina.AgentFactory\Core\AgentManager.cs(32,12): warning MA0016: Prefer using collection abstraction instead of implementation (https://github.com/meziantou/Meziantou.Analyzer/blob/main/docs/Rules/MA0016.md) [C:\Projects\Hazina\src\Core\Agents\Hazina.AgentFactory\Hazina.AgentFactory.csproj::TargetFramework=net10.0]
C:\Projects\Hazina\src\Core\Agents\Hazina.AgentFactory\Core\AgentManager.cs(29,39): warning SA1401: Field should be private (https://github.com/DotNetAnalyzers/StyleCopAnalyzers/blob/master/documentation/SA1401.md) [C:\Projects\Hazina\src\Core\Agents\Hazina.AgentFactory\Hazina.AgentFactory.csproj::TargetFramework=net10.0]
C:\Projects\Hazina\src\Core\Agents\Hazina.AgentFactory\Core\StoresAndAgentsAndFlowLoader.cs(9,39): warning SA1214: Readonly fields should appear before non-readonly fields (https://github.com/DotNetAnalyzers/StyleCopAnalyzers/blob/master/documentation/SA1214.md) [C:\Projects\Hazina\src\Core\Agents\Hazina.AgentFactory\Hazina.AgentFactory.csproj::TargetFramework=net10.0]
C:\Projects\Hazina\src\Core\Agents\Hazina.AgentFactory\Core\AgentManager.cs(41,39): warning SA1623: The property's documentation summary text should begin with: 'Gets' (https://github.com/DotNetAnalyzers/StyleCopAnalyzers/blob/master/documentation/SA1623.md) [C:\Projects\Hazina\src\Core\Agents\Hazina.AgentFactory\Hazina.AgentFactory.csproj::TargetFramework=net10.0]
C:\Projects\Hazina\src\Core\Agents\Hazina.AgentFactory\Core\AgentManager.cs(37,42): warning SA1623: The property's documentation summary text should begin with: 'Gets' (https://github.com/DotNetAnalyzers/StyleCopAnalyzers/blob/master/documentation/SA1623.md) [C:\Projects\Hazina\src\Core\Agents\Hazina.AgentFactory\Hazina.AgentFactory.csproj::TargetFramework=net10.0]
C:\Projects\Hazina\src\Core\Agents\Hazina.AgentFactory\Core\AgentManager.cs(39,73): warning SA1629: Documentation text should end with a period (https://github.com/DotNetAnalyzers/StyleCopAnalyzers/blob/master/documentation/SA1629.md) [C:\Projects\Hazina\src\Core\Agents\Hazina.AgentFactory\Hazina.AgentFactory.csproj::TargetFramework=net10.0]
C:\Projects\Hazina\src\Core\Agents\Hazina.AgentFactory\Core\AgentManager.cs(35,73): warning SA1629: Documentation text should end with a period (https://github.com/DotNetAnalyzers/StyleCopAnalyzers/blob/master/documentation/SA1629.md) [C:\Projects\Hazina\src\Core\Agents\Hazina.AgentFactory\Hazina.AgentFactory.csproj::TargetFramework=net10.0]
C:\Projects\Hazina\src\Core\Agents\Hazina.AgentFactory\Core\AgentManager.cs(38,5): warning SA1514: Element documentation header should be preceded by blank line (https://github.com/DotNetAnalyzers/StyleCopAnalyzers/blob/master/documentation/SA1514.md) [C:\Projects\Hazina\src\Core\Agents\Hazina.AgentFactory\Hazina.AgentFactory.csproj::TargetFramework=net10.0]
C:\Projects\Hazina\src\Core\Agents\Hazina.AgentFactory\Core\AgentManager.cs(22,20): warning S2933: Make '_storesJson' 'readonly'. (https://rules.sonarsource.com/csharp/RSPEC-2933) [C:\Projects\Hazina\src\Core\Agents\Hazina.AgentFactory\Hazina.AgentFactory.csproj::TargetFramework=net10.0]
C:\Projects\Hazina\src\Core\Agents\Hazina.AgentFactory\Core\AgentManager.cs(23,20): warning S2933: Make '_agentsJson' 'readonly'. (https://rules.sonarsource.com/csharp/RSPEC-2933) [C:\Projects\Hazina\src\Core\Agents\Hazina.AgentFactory\Hazina.AgentFactory.csproj::TargetFramework=net10.0]
C:\Projects\Hazina\src\Core\Agents\Hazina.AgentFactory\Core\AgentManager.cs(24,20): warning S2933: Make '_flowsJson' 'readonly'. (https://rules.sonarsource.com/csharp/RSPEC-2933) [C:\Projects\Hazina\src\Core\Agents\Hazina.AgentFactory\Hazina.AgentFactory.csproj::TargetFramework=net10.0]
C:\Projects\Hazina\src\Core\Agents\Hazina.AgentFactory\Core\AgentManager.cs(25,18): warning S2933: Make '_isContent' 'readonly'. (https://rules.sonarsource.com/csharp/RSPEC-2933) [C:\Projects\Hazina\src\Core\Agents\Hazina.AgentFactory\Hazina.AgentFactory.csproj::TargetFramework=net10.0]
C:\Projects\Hazina\src\Core\Agents\Hazina.AgentFactory\Models\FlowCardModels.cs(11,14): warning CA1050: Declare types in namespaces (https://learn.microsoft.com/dotnet/fundamentals/code-analysis/quality-rules/ca1050) [C:\Projects\Hazina\src\Core\Agents\Hazina.AgentFactory\Hazina.AgentFactory.csproj::TargetFramework=net10.0]
C:\Projects\Hazina\src\Core\Agents\Hazina.AgentFactory\Models\FlowCardModels.cs(11,14): warning MA0047: Declare type 'FlowCardModel' in a namespace (https://github.com/meziantou/Meziantou.Analyzer/blob/main/docs/Rules/MA0047.md) [C:\Projects\Hazina\src\Core\Agents\Hazina.AgentFactory\Hazina.AgentFactory.csproj::TargetFramework=net10.0]
C:\Projects\Hazina\src\Core\Agents\Hazina.AgentFactory\Models\FlowCardModels.cs(11,14): warning MA0048: File name must match type name (https://github.com/meziantou/Meziantou.Analyzer/blob/main/docs/Rules/MA0048.md) [C:\Projects\Hazina\src\Core\Agents\Hazina.AgentFactory\Hazina.AgentFactory.csproj::TargetFramework=net10.0]
C:\Projects\Hazina\src\Core\Agents\Hazina.AgentFactory\Models\FlowCardModels.cs(30,41): warning CA2227: Change 'CallsAgents' to be read-only by removing the property setter (https://learn.microsoft.com/dotnet/fundamentals/code-analysis/quality-rules/ca2227) [C:\Projects\Hazina\src\Core\Agents\Hazina.AgentFactory\Hazina.AgentFactory.csproj::TargetFramework=net10.0]
C:\Projects\Hazina\src\Core\Agents\Hazina.AgentFactory\Models\GitOutput.cs(58,21): warning CA1050: Declare types in namespaces (https://learn.microsoft.com/dotnet/fundamentals/code-analysis/quality-rules/ca1050) [C:\Projects\Hazina\src\Core\Agents\Hazina.AgentFactory\Hazina.AgentFactory.csproj::TargetFramework=net10.0]
C:\Projects\Hazina\src\Core\Agents\Hazina.AgentFactory\Models\GitOutput.cs(111,21): warning CA1050: Declare types in namespaces (https://learn.microsoft.com/dotnet/fundamentals/code-analysis/quality-rules/ca1050) [C:\Projects\Hazina\src\Core\Agents\Hazina.AgentFactory\Hazina.AgentFactory.csproj::TargetFramework=net10.0]
C:\Projects\Hazina\src\Core\Agents\Hazina.AgentFactory\Models\GitOutput.cs(111,21): warning MA0047: Declare type 'DotNetOutput' in a namespace (https://github.com/meziantou/Meziantou.Analyzer/blob/main/docs/Rules/MA0047.md) [C:\Projects\Hazina\src\Core\Agents\Hazina.AgentFactory\Hazina.AgentFactory.csproj::TargetFramework=net10.0]
C:\Projects\Hazina\src\Core\Agents\Hazina.AgentFactory\Models\GitOutput.cs(58,21): warning MA0047: Declare type 'NpmOutput' in a namespace (https://github.com/meziantou/Meziantou.Analyzer/blob/main/docs/Rules/MA0047.md) [C:\Projects\Hazina\src\Core\Agents\Hazina.AgentFactory\Hazina.AgentFactory.csproj::TargetFramework=net10.0]
C:\Projects\Hazina\src\Core\Agents\Hazina.AgentFactory\Models\GitOutput.cs(111,21): warning MA0048: File name must match type name (https://github.com/meziantou/Meziantou.Analyzer/blob/main/docs/Rules/MA0048.md) [C:\Projects\Hazina\src\Core\Agents\Hazina.AgentFactory\Hazina.AgentFactory.csproj::TargetFramework=net10.0]
C:\Projects\Hazina\src\Core\Agents\Hazina.AgentFactory\Models\GitOutput.cs(58,21): warning MA0048: File name must match type name (https://github.com/meziantou/Meziantou.Analyzer/blob/main/docs/Rules/MA0048.md) [C:\Projects\Hazina\src\Core\Agents\Hazina.AgentFactory\Hazina.AgentFactory.csproj::TargetFramework=net10.0]
C:\Projects\Hazina\src\Core\Agents\Hazina.AgentFactory\Models\FlowCardModels.cs(76,14): warning CA1050: Declare types in namespaces (https://learn.microsoft.com/dotnet/fundamentals/code-analysis/quality-rules/ca1050) [C:\Projects\Hazina\src\Core\Agents\Hazina.AgentFactory\Hazina.AgentFactory.csproj::TargetFramework=net10.0]
C:\Projects\Hazina\src\Core\Agents\Hazina.AgentFactory\Models\FlowCardModels.cs(78,48): warning CA2227: Change 'Cards' to be read-only by removing the property setter (https://learn.microsoft.com/dotnet/fundamentals/code-analysis/quality-rules/ca2227) [C:\Projects\Hazina\src\Core\Agents\Hazina.AgentFactory\Hazina.AgentFactory.csproj::TargetFramework=net10.0]
C:\Projects\Hazina\src\Core\Agents\Hazina.AgentFactory\Models\FlowCardModels.cs(76,14): warning MA0047: Declare type 'FlowCardsBindingModel' in a namespace (https://github.com/meziantou/Meziantou.Analyzer/blob/main/docs/Rules/MA0047.md) [C:\Projects\Hazina\src\Core\Agents\Hazina.AgentFactory\Hazina.AgentFactory.csproj::TargetFramework=net10.0]
C:\Projects\Hazina\src\Core\Agents\Hazina.AgentFactory\Models\StorePaths.cs(2,14): warning CA1050: Declare types in namespaces (https://learn.microsoft.com/dotnet/fundamentals/code-analysis/quality-rules/ca1050) [C:\Projects\Hazina\src\Core\Agents\Hazina.AgentFactory\Hazina.AgentFactory.csproj::TargetFramework=net10.0]
C:\Projects\Hazina\src\Core\Agents\Hazina.AgentFactory\Models\FlowCardModels.cs(76,14): warning MA0048: File name must match type name (https://github.com/meziantou/Meziantou.Analyzer/blob/main/docs/Rules/MA0048.md) [C:\Projects\Hazina\src\Core\Agents\Hazina.AgentFactory\Hazina.AgentFactory.csproj::TargetFramework=net10.0]
C:\Projects\Hazina\src\Core\Agents\Hazina.AgentFactory\Models\StorePaths.cs(2,14): warning MA0047: Declare type 'StorePaths' in a namespace (https://github.com/meziantou/Meziantou.Analyzer/blob/main/docs/Rules/MA0047.md) [C:\Projects\Hazina\src\Core\Agents\Hazina.AgentFactory\Hazina.AgentFactory.csproj::TargetFramework=net10.0]
C:\Projects\Hazina\src\Core\Agents\Hazina.AgentFactory\Models\GitOutput.cs(58,21): warning S3903: Move 'NpmOutput' into a named namespace. (https://rules.sonarsource.com/csharp/RSPEC-3903) [C:\Projects\Hazina\src\Core\Agents\Hazina.AgentFactory\Hazina.AgentFactory.csproj::TargetFramework=net10.0]
C:\Projects\Hazina\src\Core\Agents\Hazina.AgentFactory\Models\FlowCardModels.cs(11,14): warning S3903: Move 'FlowCardModel' into a named namespace. (https://rules.sonarsource.com/csharp/RSPEC-3903) [C:\Projects\Hazina\src\Core\Agents\Hazina.AgentFactory\Hazina.AgentFactory.csproj::TargetFramework=net10.0]
C:\Projects\Hazina\src\Core\Agents\Hazina.AgentFactory\Models\StorePaths.cs(2,14): warning S3903: Move 'StorePaths' into a named namespace. (https://rules.sonarsource.com/csharp/RSPEC-3903) [C:\Projects\Hazina\src\Core\Agents\Hazina.AgentFactory\Hazina.AgentFactory.csproj::TargetFramework=net10.0]
C:\Projects\Hazina\src\Core\Agents\Hazina.AgentFactory\Models\FlowCardModels.cs(79,25): warning CA2227: Change 'AllAgents' to be read-only by removing the property setter (https://learn.microsoft.com/dotnet/fundamentals/code-analysis/quality-rules/ca2227) [C:\Projects\Hazina\src\Core\Agents\Hazina.AgentFactory\Hazina.AgentFactory.csproj::TargetFramework=net10.0]
C:\Projects\Hazina\src\Core\Agents\Hazina.AgentFactory\Models\FlowCardModels.cs(79,25): warning CA1002: Change 'List<string>' in 'FlowCardsBindingModel.AllAgents' to use 'Collection<T>', 'ReadOnlyCollection<T>' or 'KeyedCollection<K,V>' (https://learn.microsoft.com/dotnet/fundamentals/code-analysis/quality-rules/ca1002) [C:\Projects\Hazina\src\Core\Agents\Hazina.AgentFactory\Hazina.AgentFactory.csproj::TargetFramework=net10.0]
C:\Projects\Hazina\src\Core\Agents\Hazina.AgentFactory\Models\StorePaths.cs(13,19): warning CA1051: Do not declare visible instance fields (https://learn.microsoft.com/dotnet/fundamentals/code-analysis/quality-rules/ca1051) [C:\Projects\Hazina\src\Core\Agents\Hazina.AgentFactory\Hazina.AgentFactory.csproj::TargetFramework=net10.0]
C:\Projects\Hazina\src\Core\Agents\Hazina.AgentFactory\Models\FlowCardModels.cs(79,12): warning MA0016: Prefer using collection abstraction instead of implementation (https://github.com/meziantou/Meziantou.Analyzer/blob/main/docs/Rules/MA0016.md) [C:\Projects\Hazina\src\Core\Agents\Hazina.AgentFactory\Hazina.AgentFactory.csproj::TargetFramework=net10.0]
C:\Projects\Hazina\src\Core\Agents\Hazina.AgentFactory\Models\StorePaths.cs(13,19): warning SA1401: Field should be private (https://github.com/DotNetAnalyzers/StyleCopAnalyzers/blob/master/documentation/SA1401.md) [C:\Projects\Hazina\src\Core\Agents\Hazina.AgentFactory\Hazina.AgentFactory.csproj::TargetFramework=net10.0]
C:\Projects\Hazina\src\Core\Agents\Hazina.AgentFactory\Models\StorePaths.cs(13,19): warning S1104: Make this field 'private' and encapsulate it in a 'public' property. (https://rules.sonarsource.com/csharp/RSPEC-1104) [C:\Projects\Hazina\src\Core\Agents\Hazina.AgentFactory\Hazina.AgentFactory.csproj::TargetFramework=net10.0]
C:\Projects\Hazina\src\Core\Agents\Hazina.AgentFactory\Models\StorePaths.cs(13,1): warning SA1516: Elements should be separated by blank line (https://github.com/DotNetAnalyzers/StyleCopAnalyzers/blob/master/documentation/SA1516.md) [C:\Projects\Hazina\src\Core\Agents\Hazina.AgentFactory\Hazina.AgentFactory.csproj::TargetFramework=net10.0]
C:\Projects\Hazina\src\Core\Agents\Hazina.AgentFactory\Models\FlowCardModels.cs(76,14): warning S3903: Move 'FlowCardsBindingModel' into a named namespace. (https://rules.sonarsource.com/csharp/RSPEC-3903) [C:\Projects\Hazina\src\Core\Agents\Hazina.AgentFactory\Hazina.AgentFactory.csproj::TargetFramework=net10.0]
C:\Projects\Hazina\src\Core\Agents\Hazina.AgentFactory\Models\GitOutput.cs(111,21): warning S3903: Move 'DotNetOutput' into a named namespace. (https://rules.sonarsource.com/csharp/RSPEC-3903) [C:\Projects\Hazina\src\Core\Agents\Hazina.AgentFactory\Hazina.AgentFactory.csproj::TargetFramework=net10.0]
C:\Projects\Hazina\src\Core\Agents\Hazina.AgentFactory\Models\FlowCardModels.cs(57,1): warning SA1516: Elements should be separated by blank line (https://github.com/DotNetAnalyzers/StyleCopAnalyzers/blob/master/documentation/SA1516.md) [C:\Projects\Hazina\src\Core\Agents\Hazina.AgentFactory\Hazina.AgentFactory.csproj::TargetFramework=net10.0]
C:\Projects\Hazina\src\Core\Agents\Hazina.AgentFactory\Models\StorePaths.cs(14,19): warning CA1051: Do not declare visible instance fields (https://learn.microsoft.com/dotnet/fundamentals/code-analysis/quality-rules/ca1051) [C:\Projects\Hazina\src\Core\Agents\Hazina.AgentFactory\Hazina.AgentFactory.csproj::TargetFramework=net10.0]
C:\Projects\Hazina\src\Core\Agents\Hazina.AgentFactory\Models\StorePaths.cs(14,19): warning SA1401: Field should be private (https://github.com/DotNetAnalyzers/StyleCopAnalyzers/blob/master/documentation/SA1401.md) [C:\Projects\Hazina\src\Core\Agents\Hazina.AgentFactory\Hazina.AgentFactory.csproj::TargetFramework=net10.0]
C:\Projects\Hazina\src\Core\Agents\Hazina.AgentFactory\Models\StorePaths.cs(14,19): warning S1104: Make this field 'private' and encapsulate it in a 'public' property. (https://rules.sonarsource.com/csharp/RSPEC-1104) [C:\Projects\Hazina\src\Core\Agents\Hazina.AgentFactory\Hazina.AgentFactory.csproj::TargetFramework=net10.0]
C:\Projects\Hazina\src\Core\Agents\Hazina.AgentFactory\Models\StorePaths.cs(15,19): warning CA1051: Do not declare visible instance fields (https://learn.microsoft.com/dotnet/fundamentals/code-analysis/quality-rules/ca1051) [C:\Projects\Hazina\src\Core\Agents\Hazina.AgentFactory\Hazina.AgentFactory.csproj::TargetFramework=net10.0]
C:\Projects\Hazina\src\Core\Agents\Hazina.AgentFactory\Core\AgentManager.cs(110,1): warning SA1516: Elements should be separated by blank line (https://github.com/DotNetAnalyzers/StyleCopAnalyzers/blob/master/documentation/SA1516.md) [C:\Projects\Hazina\src\Core\Agents\Hazina.AgentFactory\Hazina.AgentFactory.csproj::TargetFramework=net10.0]
C:\Projects\Hazina\src\Core\Agents\Hazina.AgentFactory\Models\StorePaths.cs(15,19): warning SA1401: Field should be private (https://github.com/DotNetAnalyzers/StyleCopAnalyzers/blob/master/documentation/SA1401.md) [C:\Projects\Hazina\src\Core\Agents\Hazina.AgentFactory\Hazina.AgentFactory.csproj::TargetFramework=net10.0]
C:\Projects\Hazina\src\Core\Agents\Hazina.AgentFactory\Core\AgentManager.cs(26,29): warning SA1214: Readonly fields should appear before non-readonly fields (https://github.com/DotNetAnalyzers/StyleCopAnalyzers/blob/master/documentation/SA1214.md) [C:\Projects\Hazina\src\Core\Agents\Hazina.AgentFactory\Hazina.AgentFactory.csproj::TargetFramework=net10.0]
C:\Projects\Hazina\src\Core\Agents\Hazina.AgentFactory\Models\StorePaths.cs(15,19): warning S1104: Make this field 'private' and encapsulate it in a 'public' property. (https://rules.sonarsource.com/csharp/RSPEC-1104) [C:\Projects\Hazina\src\Core\Agents\Hazina.AgentFactory\Hazina.AgentFactory.csproj::TargetFramework=net10.0]
C:\Projects\Hazina\src\Core\Agents\Hazina.AgentFactory\Models\StoreEntry.cs(5,14): warning CA1050: Declare types in namespaces (https://learn.microsoft.com/dotnet/fundamentals/code-analysis/quality-rules/ca1050) [C:\Projects\Hazina\src\Core\Agents\Hazina.AgentFactory\Hazina.AgentFactory.csproj::TargetFramework=net10.0]
C:\Projects\Hazina\src\Core\Agents\Hazina.AgentFactory\Models\StoreEntry.cs(5,14): warning MA0047: Declare type 'StoreEntry' in a namespace (https://github.com/meziantou/Meziantou.Analyzer/blob/main/docs/Rules/MA0047.md) [C:\Projects\Hazina\src\Core\Agents\Hazina.AgentFactory\Hazina.AgentFactory.csproj::TargetFramework=net10.0]
C:\Projects\Hazina\src\Core\Agents\Hazina.AgentFactory\Models\FlowCardModels.cs(74,70): warning SA1629: Documentation text should end with a period (https://github.com/DotNetAnalyzers/StyleCopAnalyzers/blob/master/documentation/SA1629.md) [C:\Projects\Hazina\src\Core\Agents\Hazina.AgentFactory\Hazina.AgentFactory.csproj::TargetFramework=net10.0]
C:\Projects\Hazina\src\Core\Agents\Hazina.AgentFactory\Models\FlowCardModels.cs(79,1): warning SA1516: Elements should be separated by blank line (https://github.com/DotNetAnalyzers/StyleCopAnalyzers/blob/master/documentation/SA1516.md) [C:\Projects\Hazina\src\Core\Agents\Hazina.AgentFactory\Hazina.AgentFactory.csproj::TargetFramework=net10.0]
C:\Projects\Hazina\src\Core\Agents\Hazina.AgentFactory\Models\FlowCardModels.cs(82,1): warning SA1516: Elements should be separated by blank line (https://github.com/DotNetAnalyzers/StyleCopAnalyzers/blob/master/documentation/SA1516.md) [C:\Projects\Hazina\src\Core\Agents\Hazina.AgentFactory\Hazina.AgentFactory.csproj::TargetFramework=net10.0]
C:\Projects\Hazina\src\Core\Agents\Hazina.AgentFactory\Models\FlowCardModels.cs(94,1): warning SA1516: Elements should be separated by blank line (https://github.com/DotNetAnalyzers/StyleCopAnalyzers/blob/master/documentation/SA1516.md) [C:\Projects\Hazina\src\Core\Agents\Hazina.AgentFactory\Hazina.AgentFactory.csproj::TargetFramework=net10.0]
C:\Projects\Hazina\src\Core\Agents\Hazina.AgentFactory\Models\FlowCardModels.cs(95,1): warning SA1516: Elements should be separated by blank line (https://github.com/DotNetAnalyzers/StyleCopAnalyzers/blob/master/documentation/SA1516.md) [C:\Projects\Hazina\src\Core\Agents\Hazina.AgentFactory\Hazina.AgentFactory.csproj::TargetFramework=net10.0]
C:\Projects\Hazina\src\Core\Agents\Hazina.AgentFactory\Models\FlowCardModels.cs(136,1): warning SA1516: Elements should be separated by blank line (https://github.com/DotNetAnalyzers/StyleCopAnalyzers/blob/master/documentation/SA1516.md) [C:\Projects\Hazina\src\Core\Agents\Hazina.AgentFactory\Hazina.AgentFactory.csproj::TargetFramework=net10.0]
C:\Projects\Hazina\src\Core\Agents\Hazina.AgentFactory\Models\StoreRef.cs(1,14): warning CA1050: Declare types in namespaces (https://learn.microsoft.com/dotnet/fundamentals/code-analysis/quality-rules/ca1050) [C:\Projects\Hazina\src\Core\Agents\Hazina.AgentFactory\Hazina.AgentFactory.csproj::TargetFramework=net10.0]
C:\Projects\Hazina\src\Core\Agents\Hazina.AgentFactory\Models\GitOutput.cs(6,21): warning CA1050: Declare types in namespaces (https://learn.microsoft.com/dotnet/fundamentals/code-analysis/quality-rules/ca1050) [C:\Projects\Hazina\src\Core\Agents\Hazina.AgentFactory\Hazina.AgentFactory.csproj::TargetFramework=net10.0]
C:\Projects\Hazina\src\Core\Agents\Hazina.AgentFactory\Models\StoreRef.cs(1,14): warning MA0047: Declare type 'StoreRef' in a namespace (https://github.com/meziantou/Meziantou.Analyzer/blob/main/docs/Rules/MA0047.md) [C:\Projects\Hazina\src\Core\Agents\Hazina.AgentFactory\Hazina.AgentFactory.csproj::TargetFramework=net10.0]
C:\Projects\Hazina\src\Core\Agents\Hazina.AgentFactory\Models\GitOutput.cs(6,21): warning MA0047: Declare type 'GitOutput' in a namespace (https://github.com/meziantou/Meziantou.Analyzer/blob/main/docs/Rules/MA0047.md) [C:\Projects\Hazina\src\Core\Agents\Hazina.AgentFactory\Hazina.AgentFactory.csproj::TargetFramework=net10.0]
C:\Projects\Hazina\src\Core\Agents\Hazina.AgentFactory\Core\HazinaFlow.cs(6,25): warning CA2227: Change 'CallsAgents' to be read-only by removing the property setter (https://learn.microsoft.com/dotnet/fundamentals/code-analysis/quality-rules/ca2227) [C:\Projects\Hazina\src\Core\Agents\Hazina.AgentFactory\Hazina.AgentFactory.csproj::TargetFramework=net10.0]
C:\Projects\Hazina\src\Core\Agents\Hazina.AgentFactory\Core\HazinaFlow.cs(6,25): warning CA1002: Change 'List<string>' in 'HazinaFlow.CallsAgents' to use 'Collection<T>', 'ReadOnlyCollection<T>' or 'KeyedCollection<K,V>' (https://learn.microsoft.com/dotnet/fundamentals/code-analysis/quality-rules/ca1002) [C:\Projects\Hazina\src\Core\Agents\Hazina.AgentFactory\Hazina.AgentFactory.csproj::TargetFramework=net10.0]
C:\Projects\Hazina\src\Core\Agents\Hazina.AgentFactory\Models\StoreRef.cs(1,14): warning S3903: Move 'StoreRef' into a named namespace. (https://rules.sonarsource.com/csharp/RSPEC-3903) [C:\Projects\Hazina\src\Core\Agents\Hazina.AgentFactory\Hazina.AgentFactory.csproj::TargetFramework=net10.0]
C:\Projects\Hazina\src\Core\Agents\Hazina.AgentFactory\Core\HazinaFlow.cs(6,12): warning MA0016: Prefer using collection abstraction instead of implementation (https://github.com/meziantou/Meziantou.Analyzer/blob/main/docs/Rules/MA0016.md) [C:\Projects\Hazina\src\Core\Agents\Hazina.AgentFactory\Hazina.AgentFactory.csproj::TargetFramework=net10.0]
C:\Projects\Hazina\src\Core\Agents\Hazina.AgentFactory\Models\StoreRef.cs(4,1): warning SA1516: Elements should be separated by blank line (https://github.com/DotNetAnalyzers/StyleCopAnalyzers/blob/master/documentation/SA1516.md) [C:\Projects\Hazina\src\Core\Agents\Hazina.AgentFactory\Hazina.AgentFactory.csproj::TargetFramework=net10.0]
C:\Projects\Hazina\src\Core\Agents\Hazina.AgentFactory\Models\AgentCardModel.cs(6,14): warning CA1050: Declare types in namespaces (https://learn.microsoft.com/dotnet/fundamentals/code-analysis/quality-rules/ca1050) [C:\Projects\Hazina\src\Core\Agents\Hazina.AgentFactory\Hazina.AgentFactory.csproj::TargetFramework=net10.0]
C:\Projects\Hazina\src\Core\Agents\Hazina.AgentFactory\Models\StoreRef.cs(4,37): warning CA1805: Member 'Write' is explicitly initialized to its default value (https://learn.microsoft.com/dotnet/fundamentals/code-analysis/quality-rules/ca1805) [C:\Projects\Hazina\src\Core\Agents\Hazina.AgentFactory\Hazina.AgentFactory.csproj::TargetFramework=net10.0]
C:\Projects\Hazina\src\Core\Agents\Hazina.AgentFactory\Models\StoreEntry.cs(5,14): warning S3903: Move 'StoreEntry' into a named namespace. (https://rules.sonarsource.com/csharp/RSPEC-3903) [C:\Projects\Hazina\src\Core\Agents\Hazina.AgentFactory\Hazina.AgentFactory.csproj::TargetFramework=net10.0]
C:\Projects\Hazina\src\Core\Agents\Hazina.AgentFactory\Models\AgentCardModel.cs(6,14): warning MA0047: Declare type 'AgentCardModel' in a namespace (https://github.com/meziantou/Meziantou.Analyzer/blob/main/docs/Rules/MA0047.md) [C:\Projects\Hazina\src\Core\Agents\Hazina.AgentFactory\Hazina.AgentFactory.csproj::TargetFramework=net10.0]
C:\Projects\Hazina\src\Core\Agents\Hazina.AgentFactory\Core\HazinaFlow.cs(6,1): warning SA1516: Elements should be separated by blank line (https://github.com/DotNetAnalyzers/StyleCopAnalyzers/blob/master/documentation/SA1516.md) [C:\Projects\Hazina\src\Core\Agents\Hazina.AgentFactory\Hazina.AgentFactory.csproj::TargetFramework=net10.0]
C:\Projects\Hazina\src\Core\Agents\Hazina.AgentFactory\Core\HazinaFlow.cs(7,1): warning SA1516: Elements should be separated by blank line (https://github.com/DotNetAnalyzers/StyleCopAnalyzers/blob/master/documentation/SA1516.md) [C:\Projects\Hazina\src\Core\Agents\Hazina.AgentFactory\Hazina.AgentFactory.csproj::TargetFramework=net10.0]
C:\Projects\Hazina\src\Core\Agents\Hazina.AgentFactory\Models\StoreEntry.cs(2,1): warning SA1514: Element documentation header should be preceded by blank line (https://github.com/DotNetAnalyzers/StyleCopAnalyzers/blob/master/documentation/SA1514.md) [C:\Projects\Hazina\src\Core\Agents\Hazina.AgentFactory\Hazina.AgentFactory.csproj::TargetFramework=net10.0]
C:\Projects\Hazina\src\Core\Agents\Hazina.AgentFactory\Models\StoreEntry.cs(9,1): warning SA1516: Elements should be separated by blank line (https://github.com/DotNetAnalyzers/StyleCopAnalyzers/blob/master/documentation/SA1516.md) [C:\Projects\Hazina\src\Core\Agents\Hazina.AgentFactory\Hazina.AgentFactory.csproj::TargetFramework=net10.0]
C:\Projects\Hazina\src\Core\Agents\Hazina.AgentFactory\Models\StoreEntry.cs(14,1): warning SA1516: Elements should be separated by blank line (https://github.com/DotNetAnalyzers/StyleCopAnalyzers/blob/master/documentation/SA1516.md) [C:\Projects\Hazina\src\Core\Agents\Hazina.AgentFactory\Hazina.AgentFactory.csproj::TargetFramework=net10.0]
C:\Projects\Hazina\src\Core\Agents\Hazina.AgentFactory\Models\StoreEntry.cs(19,1): warning SA1516: Elements should be separated by blank line (https://github.com/DotNetAnalyzers/StyleCopAnalyzers/blob/master/documentation/SA1516.md) [C:\Projects\Hazina\src\Core\Agents\Hazina.AgentFactory\Hazina.AgentFactory.csproj::TargetFramework=net10.0]
C:\Projects\Hazina\src\Core\Agents\Hazina.AgentFactory\Models\StoreEntry.cs(20,1): warning SA1516: Elements should be separated by blank line (https://github.com/DotNetAnalyzers/StyleCopAnalyzers/blob/master/documentation/SA1516.md) [C:\Projects\Hazina\src\Core\Agents\Hazina.AgentFactory\Hazina.AgentFactory.csproj::TargetFramework=net10.0]
C:\Projects\Hazina\src\Core\Agents\Hazina.AgentFactory\Models\GitOutput.cs(6,21): warning S3903: Move 'GitOutput' into a named namespace. (https://rules.sonarsource.com/csharp/RSPEC-3903) [C:\Projects\Hazina\src\Core\Agents\Hazina.AgentFactory\Hazina.AgentFactory.csproj::TargetFramework=net10.0]
C:\Projects\Hazina\src\Core\Agents\Hazina.AgentFactory\Models\AgentCardModel.cs(21,29): warning CA1805: Member 'isExpanded' is explicitly initialized to its default value (https://learn.microsoft.com/dotnet/fundamentals/code-analysis/quality-rules/ca1805) [C:\Projects\Hazina\src\Core\Agents\Hazina.AgentFactory\Hazina.AgentFactory.csproj::TargetFramework=net10.0]
C:\Projects\Hazina\src\Core\Agents\Hazina.AgentFactory\Models\AgentCardModel.cs(17,35): warning CA1805: Member 'newStoreWritable' is explicitly initialized to its default value (https://learn.microsoft.com/dotnet/fundamentals/code-analysis/quality-rules/ca1805) [C:\Projects\Hazina\src\Core\Agents\Hazina.AgentFactory\Hazina.AgentFactory.csproj::TargetFramework=net10.0]
C:\Projects\Hazina\src\Core\Agents\Hazina.AgentFactory\Models\AgentCardModel.cs(26,43): warning CA2227: Change 'Stores' to be read-only by removing the property setter (https://learn.microsoft.com/dotnet/fundamentals/code-analysis/quality-rules/ca2227) [C:\Projects\Hazina\src\Core\Agents\Hazina.AgentFactory\Hazina.AgentFactory.csproj::TargetFramework=net10.0]
C:\Projects\Hazina\src\Core\Agents\Hazina.AgentFactory\Models\AgentCardModel.cs(27,41): warning CA2227: Change 'Functions' to be read-only by removing the property setter (https://learn.microsoft.com/dotnet/fundamentals/code-analysis/quality-rules/ca2227) [C:\Projects\Hazina\src\Core\Agents\Hazina.AgentFactory\Hazina.AgentFactory.csproj::TargetFramework=net10.0]
C:\Projects\Hazina\src\Core\Agents\Hazina.AgentFactory\Models\AgentCardModel.cs(28,41): warning CA2227: Change 'CallsAgents' to be read-only by removing the property setter (https://learn.microsoft.com/dotnet/fundamentals/code-analysis/quality-rules/ca2227) [C:\Projects\Hazina\src\Core\Agents\Hazina.AgentFactory\Hazina.AgentFactory.csproj::TargetFramework=net10.0]
C:\Projects\Hazina\src\Core\Agents\Hazina.AgentFactory\Models\AgentCardModel.cs(29,41): warning CA2227: Change 'CallsFlows' to be read-only by removing the property setter (https://learn.microsoft.com/dotnet/fundamentals/code-analysis/quality-rules/ca2227) [C:\Projects\Hazina\src\Core\Agents\Hazina.AgentFactory\Hazina.AgentFactory.csproj::TargetFramework=net10.0]
C:\Projects\Hazina\src\Core\Agents\Hazina.AgentFactory\Configuration\Parsers\HazinaStoreConfigParser.cs(1,1): warning SA1633: The file header is missing or not located at the top of the file. (https://github.com/DotNetAnalyzers/StyleCopAnalyzers/blob/master/documentation/SA1633.md) [C:\Projects\Hazina\src\Core\Agents\Hazina.AgentFactory\Hazina.AgentFactory.csproj::TargetFramework=net10.0]
C:\Projects\Hazina\src\Core\Agents\Hazina.AgentFactory\Configuration\Parsers\HazinaStoreConfigParser.cs(22,10): warning SA1513: Closing brace should be followed by blank line (https://github.com/DotNetAnalyzers/StyleCopAnalyzers/blob/master/documentation/SA1513.md) [C:\Projects\Hazina\src\Core\Agents\Hazina.AgentFactory\Hazina.AgentFactory.csproj::TargetFramework=net10.0]
C:\Projects\Hazina\src\Core\Agents\Hazina.AgentFactory\Configuration\Parsers\HazinaStoreConfigParser.cs(41,18): warning SA1513: Closing brace should be followed by blank line (https://github.com/DotNetAnalyzers/StyleCopAnalyzers/blob/master/documentation/SA1513.md) [C:\Projects\Hazina\src\Core\Agents\Hazina.AgentFactory\Hazina.AgentFactory.csproj::TargetFramework=net10.0]
C:\Projects\Hazina\src\Core\Agents\Hazina.AgentFactory\Configuration\Parsers\HazinaStoreConfigParser.cs(43,14): warning SA1513: Closing brace should be followed by blank line (https://github.com/DotNetAnalyzers/StyleCopAnalyzers/blob/master/documentation/SA1513.md) [C:\Projects\Hazina\src\Core\Agents\Hazina.AgentFactory\Hazina.AgentFactory.csproj::TargetFramework=net10.0]
C:\Projects\Hazina\src\Core\Agents\Hazina.AgentFactory\Models\IsReadyResult.cs(3,14): warning CA1050: Declare types in namespaces (https://learn.microsoft.com/dotnet/fundamentals/code-analysis/quality-rules/ca1050) [C:\Projects\Hazina\src\Core\Agents\Hazina.AgentFactory\Hazina.AgentFactory.csproj::TargetFramework=net10.0]
C:\Projects\Hazina\src\Core\Agents\Hazina.AgentFactory\Models\IsReadyResult.cs(3,14): warning MA0047: Declare type 'IsReadyResult' in a namespace (https://github.com/meziantou/Meziantou.Analyzer/blob/main/docs/Rules/MA0047.md) [C:\Projects\Hazina\src\Core\Agents\Hazina.AgentFactory\Hazina.AgentFactory.csproj::TargetFramework=net10.0]
C:\Projects\Hazina\src\Core\Agents\Hazina.AgentFactory\Configuration\Parsers\HazinaStoreConfigParser.cs(64,10): warning SA1513: Closing brace should be followed by blank line (https://github.com/DotNetAnalyzers/StyleCopAnalyzers/blob/master/documentation/SA1513.md) [C:\Projects\Hazina\src\Core\Agents\Hazina.AgentFactory\Hazina.AgentFactory.csproj::TargetFramework=net10.0]
C:\Projects\Hazina\src\Core\Agents\Hazina.AgentFactory\Configuration\Parsers\HazinaStoreConfigParser.cs(68,2): warning SA1518: File is required to end with a single newline character (https://github.com/DotNetAnalyzers/StyleCopAnalyzers/blob/master/documentation/SA1518.md) [C:\Projects\Hazina\src\Core\Agents\Hazina.AgentFactory\Hazina.AgentFactory.csproj::TargetFramework=net10.0]
C:\Projects\Hazina\src\Core\Agents\Hazina.AgentFactory\Models\IsReadyResult.cs(3,14): warning S3903: Move 'IsReadyResult' into a named namespace. (https://rules.sonarsource.com/csharp/RSPEC-3903) [C:\Projects\Hazina\src\Core\Agents\Hazina.AgentFactory\Hazina.AgentFactory.csproj::TargetFramework=net10.0]
C:\Projects\Hazina\src\Core\Agents\Hazina.AgentFactory\Models\AgentCardModel.cs(6,14): warning S3903: Move 'AgentCardModel' into a named namespace. (https://rules.sonarsource.com/csharp/RSPEC-3903) [C:\Projects\Hazina\src\Core\Agents\Hazina.AgentFactory\Hazina.AgentFactory.csproj::TargetFramework=net10.0]
C:\Projects\Hazina\src\Core\Agents\Hazina.AgentFactory\Models\IsReadyResult.cs(6,1): warning SA1516: Elements should be separated by blank line (https://github.com/DotNetAnalyzers/StyleCopAnalyzers/blob/master/documentation/SA1516.md) [C:\Projects\Hazina\src\Core\Agents\Hazina.AgentFactory\Hazina.AgentFactory.csproj::TargetFramework=net10.0]
C:\Projects\Hazina\src\Core\Agents\Hazina.AgentFactory\Models\IsReadyResult.cs(7,1): warning SA1516: Elements should be separated by blank line (https://github.com/DotNetAnalyzers/StyleCopAnalyzers/blob/master/documentation/SA1516.md) [C:\Projects\Hazina\src\Core\Agents\Hazina.AgentFactory\Hazina.AgentFactory.csproj::TargetFramework=net10.0]
C:\Projects\Hazina\src\Core\Agents\Hazina.AgentFactory\Models\IsReadyResult.cs(9,1): warning SA1516: Elements should be separated by blank line (https://github.com/DotNetAnalyzers/StyleCopAnalyzers/blob/master/documentation/SA1516.md) [C:\Projects\Hazina\src\Core\Agents\Hazina.AgentFactory\Hazina.AgentFactory.csproj::TargetFramework=net10.0]
C:\Projects\Hazina\src\Core\Agents\Hazina.AgentFactory\Models\AgentCardModel.cs(3,1): warning SA1514: Element documentation header should be preceded by blank line (https://github.com/DotNetAnalyzers/StyleCopAnalyzers/blob/master/documentation/SA1514.md) [C:\Projects\Hazina\src\Core\Agents\Hazina.AgentFactory\Hazina.AgentFactory.csproj::TargetFramework=net10.0]
C:\Projects\Hazina\src\Core\Agents\Hazina.AgentFactory\Models\AgentCardModel.cs(24,1): warning SA1516: Elements should be separated by blank line (https://github.com/DotNetAnalyzers/StyleCopAnalyzers/blob/master/documentation/SA1516.md) [C:\Projects\Hazina\src\Core\Agents\Hazina.AgentFactory\Hazina.AgentFactory.csproj::TargetFramework=net10.0]
C:\Projects\Hazina\src\Core\Agents\Hazina.AgentFactory\Models\AgentCardModel.cs(25,1): warning SA1516: Elements should be separated by blank line (https://github.com/DotNetAnalyzers/StyleCopAnalyzers/blob/master/documentation/SA1516.md) [C:\Projects\Hazina\src\Core\Agents\Hazina.AgentFactory\Hazina.AgentFactory.csproj::TargetFramework=net10.0]
C:\Projects\Hazina\src\Core\Agents\Hazina.AgentFactory\Models\AgentCardModel.cs(26,1): warning SA1516: Elements should be separated by blank line (https://github.com/DotNetAnalyzers/StyleCopAnalyzers/blob/master/documentation/SA1516.md) [C:\Projects\Hazina\src\Core\Agents\Hazina.AgentFactory\Hazina.AgentFactory.csproj::TargetFramework=net10.0]
C:\Projects\Hazina\src\Core\Agents\Hazina.AgentFactory\Models\AgentCardModel.cs(27,1): warning SA1516: Elements should be separated by blank line (https://github.com/DotNetAnalyzers/StyleCopAnalyzers/blob/master/documentation/SA1516.md) [C:\Projects\Hazina\src\Core\Agents\Hazina.AgentFactory\Hazina.AgentFactory.csproj::TargetFramework=net10.0]
C:\Projects\Hazina\src\Core\Agents\Hazina.AgentFactory\Models\AgentCardModel.cs(28,1): warning SA1516: Elements should be separated by blank line (https://github.com/DotNetAnalyzers/StyleCopAnalyzers/blob/master/documentation/SA1516.md) [C:\Projects\Hazina\src\Core\Agents\Hazina.AgentFactory\Hazina.AgentFactory.csproj::TargetFramework=net10.0]
C:\Projects\Hazina\src\Core\Agents\Hazina.AgentFactory\Models\AgentCardModel.cs(29,1): warning SA1516: Elements should be separated by blank line (https://github.com/DotNetAnalyzers/StyleCopAnalyzers/blob/master/documentation/SA1516.md) [C:\Projects\Hazina\src\Core\Agents\Hazina.AgentFactory\Hazina.AgentFactory.csproj::TargetFramework=net10.0]
C:\Projects\Hazina\src\Core\Agents\Hazina.AgentFactory\Models\AgentCardModel.cs(30,1): warning SA1516: Elements should be separated by blank line (https://github.com/DotNetAnalyzers/StyleCopAnalyzers/blob/master/documentation/SA1516.md) [C:\Projects\Hazina\src\Core\Agents\Hazina.AgentFactory\Hazina.AgentFactory.csproj::TargetFramework=net10.0]
C:\Projects\Hazina\src\Core\Agents\Hazina.AgentFactory\Models\AgentCardModel.cs(31,1): warning SA1516: Elements should be separated by blank line (https://github.com/DotNetAnalyzers/StyleCopAnalyzers/blob/master/documentation/SA1516.md) [C:\Projects\Hazina\src\Core\Agents\Hazina.AgentFactory\Hazina.AgentFactory.csproj::TargetFramework=net10.0]
C:\Projects\Hazina\src\Core\Agents\Hazina.AgentFactory\Models\AgentCardModel.cs(32,1): warning SA1516: Elements should be separated by blank line (https://github.com/DotNetAnalyzers/StyleCopAnalyzers/blob/master/documentation/SA1516.md) [C:\Projects\Hazina\src\Core\Agents\Hazina.AgentFactory\Hazina.AgentFactory.csproj::TargetFramework=net10.0]
C:\Projects\Hazina\src\Core\Agents\Hazina.AgentFactory\Models\AgentCardModel.cs(33,1): warning SA1516: Elements should be separated by blank line (https://github.com/DotNetAnalyzers/StyleCopAnalyzers/blob/master/documentation/SA1516.md) [C:\Projects\Hazina\src\Core\Agents\Hazina.AgentFactory\Hazina.AgentFactory.csproj::TargetFramework=net10.0]
C:\Projects\Hazina\src\Core\Agents\Hazina.AgentFactory\Models\AgentCardModel.cs(34,1): warning SA1516: Elements should be separated by blank line (https://github.com/DotNetAnalyzers/StyleCopAnalyzers/blob/master/documentation/SA1516.md) [C:\Projects\Hazina\src\Core\Agents\Hazina.AgentFactory\Hazina.AgentFactory.csproj::TargetFramework=net10.0]
C:\Projects\Hazina\src\Core\Agents\Hazina.AgentFactory\Models\AgentCardModel.cs(35,1): warning SA1516: Elements should be separated by blank line (https://github.com/DotNetAnalyzers/StyleCopAnalyzers/blob/master/documentation/SA1516.md) [C:\Projects\Hazina\src\Core\Agents\Hazina.AgentFactory\Hazina.AgentFactory.csproj::TargetFramework=net10.0]
C:\Projects\Hazina\src\Core\Agents\Hazina.AgentFactory\Models\AgentCardModel.cs(36,1): warning SA1516: Elements should be separated by blank line (https://github.com/DotNetAnalyzers/StyleCopAnalyzers/blob/master/documentation/SA1516.md) [C:\Projects\Hazina\src\Core\Agents\Hazina.AgentFactory\Hazina.AgentFactory.csproj::TargetFramework=net10.0]
C:\Projects\Hazina\src\Core\Agents\Hazina.AgentFactory\Models\AgentCardModel.cs(39,1): warning SA1516: Elements should be separated by blank line (https://github.com/DotNetAnalyzers/StyleCopAnalyzers/blob/master/documentation/SA1516.md) [C:\Projects\Hazina\src\Core\Agents\Hazina.AgentFactory\Hazina.AgentFactory.csproj::TargetFramework=net10.0]
C:\Projects\Hazina\src\Core\Agents\Hazina.AgentFactory\Services\Tools\ToolRegistrationService.cs(30,27): warning CA1002: Change 'List<StoreConfig>' in 'ToolRegistrationService.ToolRegistrationService(List<StoreConfig>, List<AgentConfig>, List<FlowConfig>, IEmailService, IBigQueryService, Func<string, string, string, CancellationToken, Task<string>>, Func<string, string, string, CancellationToken, Task<string>>, Func<string, string, string, CancellationToken, Task<string>>, Func<string, string, string, bool, CancellationToken, Task<string>>, Func<bool>)' to use 'Collection<T>', 'ReadOnlyCollection<T>' or 'KeyedCollection<K,V>' (https://learn.microsoft.com/dotnet/fundamentals/code-analysis/quality-rules/ca1002) [C:\Projects\Hazina\src\Core\Agents\Hazina.AgentFactory\Hazina.AgentFactory.csproj::TargetFramework=net10.0]
C:\Projects\Hazina\src\Core\Agents\Hazina.AgentFactory\Services\Tools\ToolRegistrationService.cs(31,27): warning CA1002: Change 'List<AgentConfig>' in 'ToolRegistrationService.ToolRegistrationService(List<StoreConfig>, List<AgentConfig>, List<FlowConfig>, IEmailService, IBigQueryService, Func<string, string, string, CancellationToken, Task<string>>, Func<string, string, string, CancellationToken, Task<string>>, Func<string, string, string, CancellationToken, Task<string>>, Func<string, string, string, bool, CancellationToken, Task<string>>, Func<bool>)' to use 'Collection<T>', 'ReadOnlyCollection<T>' or 'KeyedCollection<K,V>' (https://learn.microsoft.com/dotnet/fundamentals/code-analysis/quality-rules/ca1002) [C:\Projects\Hazina\src\Core\Agents\Hazina.AgentFactory\Hazina.AgentFactory.csproj::TargetFramework=net10.0]
C:\Projects\Hazina\src\Core\Agents\Hazina.AgentFactory\Services\Tools\ToolRegistrationService.cs(32,26): warning CA1002: Change 'List<FlowConfig>' in 'ToolRegistrationService.ToolRegistrationService(List<StoreConfig>, List<AgentConfig>, List<FlowConfig>, IEmailService, IBigQueryService, Func<string, string, string, CancellationToken, Task<string>>, Func<string, string, string, CancellationToken, Task<string>>, Func<string, string, string, CancellationToken, Task<string>>, Func<string, string, string, bool, CancellationToken, Task<string>>, Func<bool>)' to use 'Collection<T>', 'ReadOnlyCollection<T>' or 'KeyedCollection<K,V>' (https://learn.microsoft.com/dotnet/fundamentals/code-analysis/quality-rules/ca1002) [C:\Projects\Hazina\src\Core\Agents\Hazina.AgentFactory\Hazina.AgentFactory.csproj::TargetFramework=net10.0]
C:\Projects\Hazina\src\Core\Agents\Hazina.AgentFactory\Services\Tools\ToolRegistrationService.cs(30,9): warning MA0016: Prefer using collection abstraction instead of implementation (https://github.com/meziantou/Meziantou.Analyzer/blob/main/docs/Rules/MA0016.md) [C:\Projects\Hazina\src\Core\Agents\Hazina.AgentFactory\Hazina.AgentFactory.csproj::TargetFramework=net10.0]
C:\Projects\Hazina\src\Core\Agents\Hazina.AgentFactory\Services\Tools\ToolRegistrationService.cs(31,9): warning MA0016: Prefer using collection abstraction instead of implementation (https://github.com/meziantou/Meziantou.Analyzer/blob/main/docs/Rules/MA0016.md) [C:\Projects\Hazina\src\Core\Agents\Hazina.AgentFactory\Hazina.AgentFactory.csproj::TargetFramework=net10.0]
C:\Projects\Hazina\src\Core\Agents\Hazina.AgentFactory\Services\Tools\ToolRegistrationService.cs(32,9): warning MA0016: Prefer using collection abstraction instead of implementation (https://github.com/meziantou/Meziantou.Analyzer/blob/main/docs/Rules/MA0016.md) [C:\Projects\Hazina\src\Core\Agents\Hazina.AgentFactory\Hazina.AgentFactory.csproj::TargetFramework=net10.0]
C:\Projects\Hazina\src\Core\Agents\Hazina.AgentFactory\Configuration\Formatters\FlowConfigFormatHelper.cs(9,36): warning CA1002: Change 'List<FlowConfig>' in 'FlowConfigFormatHelper.AutoDetectAndParse(string)' to use 'Collection<T>', 'ReadOnlyCollection<T>' or 'KeyedCollection<K,V>' (https://learn.microsoft.com/dotnet/fundamentals/code-analysis/quality-rules/ca1002) [C:\Projects\Hazina\src\Core\Agents\Hazina.AgentFactory\Hazina.AgentFactory.csproj::TargetFramework=net10.0]
C:\Projects\Hazina\src\Core\Agents\Hazina.AgentFactory\Configuration\Formatters\AgentConfigFormatHelper.cs(11,37): warning CA1002: Change 'List<AgentConfig>' in 'AgentConfigFormatHelper.AutoDetectAndParse(string)' to use 'Collection<T>', 'ReadOnlyCollection<T>' or 'KeyedCollection<K,V>' (https://learn.microsoft.com/dotnet/fundamentals/code-analysis/quality-rules/ca1002) [C:\Projects\Hazina\src\Core\Agents\Hazina.AgentFactory\Hazina.AgentFactory.csproj::TargetFramework=net10.0]
C:\Projects\Hazina\src\Core\Agents\Hazina.AgentFactory\Configuration\Formatters\StoreConfigFormatHelper.cs(11,37): warning CA1002: Change 'List<StoreConfig>' in 'StoreConfigFormatHelper.AutoDetectAndParse(string)' to use 'Collection<T>', 'ReadOnlyCollection<T>' or 'KeyedCollection<K,V>' (https://learn.microsoft.com/dotnet/fundamentals/code-analysis/quality-rules/ca1002) [C:\Projects\Hazina\src\Core\Agents\Hazina.AgentFactory\Hazina.AgentFactory.csproj::TargetFramework=net10.0]
C:\Projects\Hazina\src\Core\Agents\Hazina.AgentFactory\Configuration\Formatters\FlowConfigFormatHelper.cs(9,19): warning MA0016: Prefer using collection abstraction instead of implementation (https://github.com/meziantou/Meziantou.Analyzer/blob/main/docs/Rules/MA0016.md) [C:\Projects\Hazina\src\Core\Agents\Hazina.AgentFactory\Hazina.AgentFactory.csproj::TargetFramework=net10.0]
C:\Projects\Hazina\src\Core\Agents\Hazina.AgentFactory\Configuration\Formatters\StoreConfigFormatHelper.cs(11,19): warning MA0016: Prefer using collection abstraction instead of implementation (https://github.com/meziantou/Meziantou.Analyzer/blob/main/docs/Rules/MA0016.md) [C:\Projects\Hazina\src\Core\Agents\Hazina.AgentFactory\Hazina.AgentFactory.csproj::TargetFramework=net10.0]
C:\Projects\Hazina\src\Core\Agents\Hazina.AgentFactory\Configuration\Formatters\AgentConfigFormatHelper.cs(11,19): warning MA0016: Prefer using collection abstraction instead of implementation (https://github.com/meziantou/Meziantou.Analyzer/blob/main/docs/Rules/MA0016.md) [C:\Projects\Hazina\src\Core\Agents\Hazina.AgentFactory\Hazina.AgentFactory.csproj::TargetFramework=net10.0]
C:\Projects\Hazina\src\Core\Agents\Hazina.AgentFactory\Configuration\Parsers\HazinaStoreConfigParserV2.cs(1,1): warning SA1633: The file header is missing or not located at the top of the file. (https://github.com/DotNetAnalyzers/StyleCopAnalyzers/blob/master/documentation/SA1633.md) [C:\Projects\Hazina\src\Core\Agents\Hazina.AgentFactory\Hazina.AgentFactory.csproj::TargetFramework=net10.0]
C:\Projects\Hazina\src\Core\Agents\Hazina.AgentFactory\Configuration\Parsers\HazinaStoreConfigParserV2.cs(45,22): warning SA1513: Closing brace should be followed by blank line (https://github.com/DotNetAnalyzers/StyleCopAnalyzers/blob/master/documentation/SA1513.md) [C:\Projects\Hazina\src\Core\Agents\Hazina.AgentFactory\Hazina.AgentFactory.csproj::TargetFramework=net10.0]
C:\Projects\Hazina\src\Core\Agents\Hazina.AgentFactory\Configuration\Formatters\StoreConfigFormatHelper.cs(31,19): warning S112: 'System.Exception' should not be thrown by user code. (https://rules.sonarsource.com/csharp/RSPEC-112) [C:\Projects\Hazina\src\Core\Agents\Hazina.AgentFactory\Hazina.AgentFactory.csproj::TargetFramework=net10.0]
C:\Projects\Hazina\src\Core\Agents\Hazina.AgentFactory\Configuration\Formatters\AgentConfigFormatHelper.cs(31,19): warning S112: 'System.Exception' should not be thrown by user code. (https://rules.sonarsource.com/csharp/RSPEC-112) [C:\Projects\Hazina\src\Core\Agents\Hazina.AgentFactory\Hazina.AgentFactory.csproj::TargetFramework=net10.0]
C:\Projects\Hazina\src\Core\Agents\Hazina.AgentFactory\Configuration\Formatters\StoreConfigFormatHelper.cs(31,19): warning CA2201: Exception type System.Exception is not sufficiently specific (https://learn.microsoft.com/dotnet/fundamentals/code-analysis/quality-rules/ca2201) [C:\Projects\Hazina\src\Core\Agents\Hazina.AgentFactory\Hazina.AgentFactory.csproj::TargetFramework=net10.0]
C:\Projects\Hazina\src\Core\Agents\Hazina.AgentFactory\Configuration\Formatters\StoreConfigFormatHelper.cs(31,19): warning MA0054: Embed the caught exception as innerException (https://github.com/meziantou/Meziantou.Analyzer/blob/main/docs/Rules/MA0054.md) [C:\Projects\Hazina\src\Core\Agents\Hazina.AgentFactory\Hazina.AgentFactory.csproj::TargetFramework=net10.0]
C:\Projects\Hazina\src\Core\Agents\Hazina.AgentFactory\Configuration\Formatters\AgentConfigFormatHelper.cs(31,19): warning CA2201: Exception type System.Exception is not sufficiently specific (https://learn.microsoft.com/dotnet/fundamentals/code-analysis/quality-rules/ca2201) [C:\Projects\Hazina\src\Core\Agents\Hazina.AgentFactory\Hazina.AgentFactory.csproj::TargetFramework=net10.0]
C:\Projects\Hazina\src\Core\Agents\Hazina.AgentFactory\Configuration\Formatters\AgentConfigFormatHelper.cs(31,19): warning MA0054: Embed the caught exception as innerException (https://github.com/meziantou/Meziantou.Analyzer/blob/main/docs/Rules/MA0054.md) [C:\Projects\Hazina\src\Core\Agents\Hazina.AgentFactory\Hazina.AgentFactory.csproj::TargetFramework=net10.0]
C:\Projects\Hazina\src\Core\Agents\Hazina.AgentFactory\Configuration\Formatters\FlowConfigFormatHelper.cs(29,19): warning S112: 'System.Exception' should not be thrown by user code. (https://rules.sonarsource.com/csharp/RSPEC-112) [C:\Projects\Hazina\src\Core\Agents\Hazina.AgentFactory\Hazina.AgentFactory.csproj::TargetFramework=net10.0]
C:\Projects\Hazina\src\Core\Agents\Hazina.AgentFactory\Configuration\Formatters\FlowConfigFormatHelper.cs(29,19): warning CA2201: Exception type System.Exception is not sufficiently specific (https://learn.microsoft.com/dotnet/fundamentals/code-analysis/quality-rules/ca2201) [C:\Projects\Hazina\src\Core\Agents\Hazina.AgentFactory\Hazina.AgentFactory.csproj::TargetFramework=net10.0]
C:\Projects\Hazina\src\Core\Agents\Hazina.AgentFactory\Configuration\Formatters\AgentConfigFormatHelper.cs(19,13): warning CA1031: Modify 'AutoDetectAndParse' to catch a more specific allowed exception type, or rethrow the exception (https://learn.microsoft.com/dotnet/fundamentals/code-analysis/quality-rules/ca1031) [C:\Projects\Hazina\src\Core\Agents\Hazina.AgentFactory\Hazina.AgentFactory.csproj::TargetFramework=net10.0]
C:\Projects\Hazina\src\Core\Agents\Hazina.AgentFactory\Configuration\Formatters\StoreConfigFormatHelper.cs(19,13): warning CA1031: Modify 'AutoDetectAndParse' to catch a more specific allowed exception type, or rethrow the exception (https://learn.microsoft.com/dotnet/fundamentals/code-analysis/quality-rules/ca1031) [C:\Projects\Hazina\src\Core\Agents\Hazina.AgentFactory\Hazina.AgentFactory.csproj::TargetFramework=net10.0]
C:\Projects\Hazina\src\Core\Agents\Hazina.AgentFactory\Configuration\Formatters\FlowConfigFormatHelper.cs(29,19): warning MA0054: Embed the caught exception as innerException (https://github.com/meziantou/Meziantou.Analyzer/blob/main/docs/Rules/MA0054.md) [C:\Projects\Hazina\src\Core\Agents\Hazina.AgentFactory\Hazina.AgentFactory.csproj::TargetFramework=net10.0]
C:\Projects\Hazina\src\Core\Agents\Hazina.AgentFactory\Configuration\Formatters\AgentConfigFormatHelper.cs(43,21): warning S6610: "StartsWith" overloads that take a "char" should be used (https://rules.sonarsource.com/csharp/RSPEC-6610) [C:\Projects\Hazina\src\Core\Agents\Hazina.AgentFactory\Hazina.AgentFactory.csproj::TargetFramework=net10.0]
C:\Projects\Hazina\src\Core\Agents\Hazina.AgentFactory\Configuration\Formatters\AgentConfigFormatHelper.cs(43,48): warning S6610: "StartsWith" overloads that take a "char" should be used (https://rules.sonarsource.com/csharp/RSPEC-6610) [C:\Projects\Hazina\src\Core\Agents\Hazina.AgentFactory\Hazina.AgentFactory.csproj::TargetFramework=net10.0]
C:\Projects\Hazina\src\Core\Agents\Hazina.AgentFactory\Configuration\Formatters\AgentConfigFormatHelper.cs(46,21): warning S6610: "StartsWith" overloads that take a "char" should be used (https://rules.sonarsource.com/csharp/RSPEC-6610) [C:\Projects\Hazina\src\Core\Agents\Hazina.AgentFactory\Hazina.AgentFactory.csproj::TargetFramework=net10.0]
C:\Projects\Hazina\src\Core\Agents\Hazina.AgentFactory\Configuration\Formatters\AgentConfigFormatHelper.cs(41,46): warning SA1503: Braces should not be omitted (https://github.com/DotNetAnalyzers/StyleCopAnalyzers/blob/master/documentation/SA1503.md) [C:\Projects\Hazina\src\Core\Agents\Hazina.AgentFactory\Hazina.AgentFactory.csproj::TargetFramework=net10.0]
C:\Projects\Hazina\src\Core\Agents\Hazina.AgentFactory\Configuration\Formatters\AgentConfigFormatHelper.cs(44,13): warning SA1503: Braces should not be omitted (https://github.com/DotNetAnalyzers/StyleCopAnalyzers/blob/master/documentation/SA1503.md) [C:\Projects\Hazina\src\Core\Agents\Hazina.AgentFactory\Hazina.AgentFactory.csproj::TargetFramework=net10.0]
C:\Projects\Hazina\src\Core\Agents\Hazina.AgentFactory\Configuration\Formatters\AgentConfigFormatHelper.cs(47,13): warning SA1503: Braces should not be omitted (https://github.com/DotNetAnalyzers/StyleCopAnalyzers/blob/master/documentation/SA1503.md) [C:\Projects\Hazina\src\Core\Agents\Hazina.AgentFactory\Hazina.AgentFactory.csproj::TargetFramework=net10.0]
C:\Projects\Hazina\src\Core\Agents\Hazina.AgentFactory\Configuration\Formatters\AgentConfigFormatHelper.cs(50,13): warning SA1503: Braces should not be omitted (https://github.com/DotNetAnalyzers/StyleCopAnalyzers/blob/master/documentation/SA1503.md) [C:\Projects\Hazina\src\Core\Agents\Hazina.AgentFactory\Hazina.AgentFactory.csproj::TargetFramework=net10.0]
C:\Projects\Hazina\src\Core\Agents\Hazina.AgentFactory\Models\FlowCardModels.cs(21,35): warning SA1501: Statement should not be on a single line (https://github.com/DotNetAnalyzers/StyleCopAnalyzers/blob/master/documentation/SA1501.md) [C:\Projects\Hazina\src\Core\Agents\Hazina.AgentFactory\Hazina.AgentFactory.csproj::TargetFramework=net10.0]
C:\Projects\Hazina\src\Core\Agents\Hazina.AgentFactory\Models\FlowCardModels.cs(21,52): warning SA1107: Code should not contain multiple statements on one line (https://github.com/DotNetAnalyzers/StyleCopAnalyzers/blob/master/documentation/SA1107.md) [C:\Projects\Hazina\src\Core\Agents\Hazina.AgentFactory\Hazina.AgentFactory.csproj::TargetFramework=net10.0]
C:\Projects\Hazina\src\Core\Agents\Hazina.AgentFactory\Models\AgentCardModel.cs(23,59): warning SA1107: Code should not contain multiple statements on one line (https://github.com/DotNetAnalyzers/StyleCopAnalyzers/blob/master/documentation/SA1107.md) [C:\Projects\Hazina\src\Core\Agents\Hazina.AgentFactory\Hazina.AgentFactory.csproj::TargetFramework=net10.0]
C:\Projects\Hazina\src\Core\Agents\Hazina.AgentFactory\Models\AgentCardModel.cs(24,80): warning SA1107: Code should not contain multiple statements on one line (https://github.com/DotNetAnalyzers/StyleCopAnalyzers/blob/master/documentation/SA1107.md) [C:\Projects\Hazina\src\Core\Agents\Hazina.AgentFactory\Hazina.AgentFactory.csproj::TargetFramework=net10.0]
C:\Projects\Hazina\src\Core\Agents\Hazina.AgentFactory\Configuration\Formatters\AgentConfigFormatHelper.cs(43,31): warning CA1866: Use 'string.StartsWith(char)' instead of 'string.StartsWith(string)' when you have a string with a single char (https://learn.microsoft.com/dotnet/fundamentals/code-analysis/quality-rules/ca1866) [C:\Projects\Hazina\src\Core\Agents\Hazina.AgentFactory\Hazina.AgentFactory.csproj::TargetFramework=net10.0]
C:\Projects\Hazina\src\Core\Agents\Hazina.AgentFactory\Configuration\Formatters\AgentConfigFormatHelper.cs(43,58): warning CA1866: Use 'string.StartsWith(char)' instead of 'string.StartsWith(string)' when you have a string with a single char (https://learn.microsoft.com/dotnet/fundamentals/code-analysis/quality-rules/ca1866) [C:\Projects\Hazina\src\Core\Agents\Hazina.AgentFactory\Hazina.AgentFactory.csproj::TargetFramework=net10.0]
C:\Projects\Hazina\src\Core\Agents\Hazina.AgentFactory\Configuration\Formatters\AgentConfigFormatHelper.cs(46,31): warning CA1866: Use 'string.StartsWith(char)' instead of 'string.StartsWith(string)' when you have a string with a single char (https://learn.microsoft.com/dotnet/fundamentals/code-analysis/quality-rules/ca1866) [C:\Projects\Hazina\src\Core\Agents\Hazina.AgentFactory\Hazina.AgentFactory.csproj::TargetFramework=net10.0]
C:\Projects\Hazina\src\Core\Agents\Hazina.AgentFactory\Configuration\Formatters\AgentConfigFormatHelper.cs(46,58): warning CA1847: Use 'string.Contains(char)' instead of 'string.Contains(string)' when searching for a single character (https://learn.microsoft.com/dotnet/fundamentals/code-analysis/quality-rules/ca1847) [C:\Projects\Hazina\src\Core\Agents\Hazina.AgentFactory\Hazina.AgentFactory.csproj::TargetFramework=net10.0]
C:\Projects\Hazina\src\Core\Agents\Hazina.AgentFactory\Configuration\Formatters\AgentConfigFormatHelper.cs(46,83): warning CA1847: Use 'string.Contains(char)' instead of 'string.Contains(string)' when searching for a single character (https://learn.microsoft.com/dotnet/fundamentals/code-analysis/quality-rules/ca1847) [C:\Projects\Hazina\src\Core\Agents\Hazina.AgentFactory\Hazina.AgentFactory.csproj::TargetFramework=net10.0]
C:\Projects\Hazina\src\Core\Agents\Hazina.AgentFactory\Configuration\Formatters\AgentConfigFormatHelper.cs(43,13): warning CA1310: The behavior of 'string.StartsWith(string)' could vary based on the current user's locale settings. Replace this call in 'AgentConfigFormatHelper.IsLikelyJson(string)' with a call to 'string.StartsWith(string, System.StringComparison)'. (https://learn.microsoft.com/dotnet/fundamentals/code-analysis/quality-rules/ca1310) [C:\Projects\Hazina\src\Core\Agents\Hazina.AgentFactory\Hazina.AgentFactory.csproj::TargetFramework=net10.0]
C:\Projects\Hazina\src\Core\Agents\Hazina.AgentFactory\Configuration\Formatters\AgentConfigFormatHelper.cs(43,40): warning CA1310: The behavior of 'string.StartsWith(string)' could vary based on the current user's locale settings. Replace this call in 'AgentConfigFormatHelper.IsLikelyJson(string)' with a call to 'string.StartsWith(string, System.StringComparison)'. (https://learn.microsoft.com/dotnet/fundamentals/code-analysis/quality-rules/ca1310) [C:\Projects\Hazina\src\Core\Agents\Hazina.AgentFactory\Hazina.AgentFactory.csproj::TargetFramework=net10.0]
C:\Projects\Hazina\src\Core\Agents\Hazina.AgentFactory\Configuration\Formatters\AgentConfigFormatHelper.cs(46,13): warning CA1310: The behavior of 'string.StartsWith(string)' could vary based on the current user's locale settings. Replace this call in 'AgentConfigFormatHelper.IsLikelyJson(string)' with a call to 'string.StartsWith(string, System.StringComparison)'. (https://learn.microsoft.com/dotnet/fundamentals/code-analysis/quality-rules/ca1310) [C:\Projects\Hazina\src\Core\Agents\Hazina.AgentFactory\Hazina.AgentFactory.csproj::TargetFramework=net10.0]
C:\Projects\Hazina\src\Core\Agents\Hazina.AgentFactory\Models\FlowCardModels.cs(21,19): warning MA0006: Use string.Equals instead of NotEquals operator (https://github.com/meziantou/Meziantou.Analyzer/blob/main/docs/Rules/MA0006.md) [C:\Projects\Hazina\src\Core\Agents\Hazina.AgentFactory\Hazina.AgentFactory.csproj::TargetFramework=net10.0]
C:\Projects\Hazina\src\Core\Agents\Hazina.AgentFactory\Configuration\Formatters\AgentConfigFormatHelper.cs(46,41): warning CA1307: 'string.Contains(string)' has a method overload that takes a 'StringComparison' parameter. Replace this call in 'AgentConfigFormatHelper.IsLikelyJson(string)' with a call to 'string.Contains(string, System.StringComparison)' for clarity of intent. (https://learn.microsoft.com/dotnet/fundamentals/code-analysis/quality-rules/ca1307) [C:\Projects\Hazina\src\Core\Agents\Hazina.AgentFactory\Hazina.AgentFactory.csproj::TargetFramework=net10.0]
C:\Projects\Hazina\src\Core\Agents\Hazina.AgentFactory\Configuration\Formatters\AgentConfigFormatHelper.cs(46,66): warning CA1307: 'string.Contains(string)' has a method overload that takes a 'StringComparison' parameter. Replace this call in 'AgentConfigFormatHelper.IsLikelyJson(string)' with a call to 'string.Contains(string, System.StringComparison)' for clarity of intent. (https://learn.microsoft.com/dotnet/fundamentals/code-analysis/quality-rules/ca1307) [C:\Projects\Hazina\src\Core\Agents\Hazina.AgentFactory\Hazina.AgentFactory.csproj::TargetFramework=net10.0]
C:\Projects\Hazina\src\Core\Agents\Hazina.AgentFactory\Configuration\Formatters\AgentConfigFormatHelper.cs(49,13): warning CA1310: The behavior of 'string.StartsWith(string)' could vary based on the current user's locale settings. Replace this call in 'AgentConfigFormatHelper.IsLikelyJson(string)' with a call to 'string.StartsWith(string, System.StringComparison)'. (https://learn.microsoft.com/dotnet/fundamentals/code-analysis/quality-rules/ca1310) [C:\Projects\Hazina\src\Core\Agents\Hazina.AgentFactory\Hazina.AgentFactory.csproj::TargetFramework=net10.0]
C:\Projects\Hazina\src\Core\Agents\Hazina.AgentFactory\Configuration\Formatters\AgentConfigFormatHelper.cs(49,9): warning MA0140: Both if and else branch have identical code (https://github.com/meziantou/Meziantou.Analyzer/blob/main/docs/Rules/MA0140.md) [C:\Projects\Hazina\src\Core\Agents\Hazina.AgentFactory\Hazina.AgentFactory.csproj::TargetFramework=net10.0]
C:\Projects\Hazina\src\Core\Agents\Hazina.AgentFactory\Configuration\Formatters\FlowConfigFormatHelper.cs(17,13): warning CA1031: Modify 'AutoDetectAndParse' to catch a more specific allowed exception type, or rethrow the exception (https://learn.microsoft.com/dotnet/fundamentals/code-analysis/quality-rules/ca1031) [C:\Projects\Hazina\src\Core\Agents\Hazina.AgentFactory\Hazina.AgentFactory.csproj::TargetFramework=net10.0]
C:\Projects\Hazina\src\Core\Agents\Hazina.AgentFactory\Models\FlowCardModels.cs(27,42): warning SA1501: Statement should not be on a single line (https://github.com/DotNetAnalyzers/StyleCopAnalyzers/blob/master/documentation/SA1501.md) [C:\Projects\Hazina\src\Core\Agents\Hazina.AgentFactory\Hazina.AgentFactory.csproj::TargetFramework=net10.0]
C:\Projects\Hazina\src\Core\Agents\Hazina.AgentFactory\Models\FlowCardModels.cs(27,66): warning SA1107: Code should not contain multiple statements on one line (https://github.com/DotNetAnalyzers/StyleCopAnalyzers/blob/master/documentation/SA1107.md) [C:\Projects\Hazina\src\Core\Agents\Hazina.AgentFactory\Hazina.AgentFactory.csproj::TargetFramework=net10.0]
C:\Projects\Hazina\src\Core\Agents\Hazina.AgentFactory\Models\FlowCardModels.cs(33,42): warning SA1501: Statement should not be on a single line (https://github.com/DotNetAnalyzers/StyleCopAnalyzers/blob/master/documentation/SA1501.md) [C:\Projects\Hazina\src\Core\Agents\Hazina.AgentFactory\Hazina.AgentFactory.csproj::TargetFramework=net10.0]
C:\Projects\Hazina\src\Core\Agents\Hazina.AgentFactory\Models\FlowCardModels.cs(33,66): warning SA1107: Code should not contain multiple statements on one line (https://github.com/DotNetAnalyzers/StyleCopAnalyzers/blob/master/documentation/SA1107.md) [C:\Projects\Hazina\src\Core\Agents\Hazina.AgentFactory\Hazina.AgentFactory.csproj::TargetFramework=net10.0]
C:\Projects\Hazina\src\Core\Agents\Hazina.AgentFactory\Configuration\Formatters\AgentConfigFormatHelper.cs(43,13): warning MA0074: Use an overload of 'StartsWith' that has a StringComparison parameter (https://github.com/meziantou/Meziantou.Analyzer/blob/main/docs/Rules/MA0074.md) [C:\Projects\Hazina\src\Core\Agents\Hazina.AgentFactory\Hazina.AgentFactory.csproj::TargetFramework=net10.0]
C:\Projects\Hazina\src\Core\Agents\Hazina.AgentFactory\Configuration\Formatters\AgentConfigFormatHelper.cs(43,40): warning MA0074: Use an overload of 'StartsWith' that has a StringComparison parameter (https://github.com/meziantou/Meziantou.Analyzer/blob/main/docs/Rules/MA0074.md) [C:\Projects\Hazina\src\Core\Agents\Hazina.AgentFactory\Hazina.AgentFactory.csproj::TargetFramework=net10.0]
C:\Projects\Hazina\src\Core\Agents\Hazina.AgentFactory\Configuration\Formatters\AgentConfigFormatHelper.cs(46,13): warning MA0074: Use an overload of 'StartsWith' that has a StringComparison parameter (https://github.com/meziantou/Meziantou.Analyzer/blob/main/docs/Rules/MA0074.md) [C:\Projects\Hazina\src\Core\Agents\Hazina.AgentFactory\Hazina.AgentFactory.csproj::TargetFramework=net10.0]
C:\Projects\Hazina\src\Core\Agents\Hazina.AgentFactory\Models\BuildOutput.cs(34,62): warning S1075: Remove this hardcoded path-delimiter. (https://rules.sonarsource.com/csharp/RSPEC-1075) [C:\Projects\Hazina\src\Core\Agents\Hazina.AgentFactory\Hazina.AgentFactory.csproj::TargetFramework=net10.0]
C:\Projects\Hazina\src\Core\Agents\Hazina.AgentFactory\Configuration\Formatters\AgentConfigFormatHelper.cs(49,13): warning MA0074: Use an overload of 'StartsWith' that has a StringComparison parameter (https://github.com/meziantou/Meziantou.Analyzer/blob/main/docs/Rules/MA0074.md) [C:\Projects\Hazina\src\Core\Agents\Hazina.AgentFactory\Hazina.AgentFactory.csproj::TargetFramework=net10.0]
C:\Projects\Hazina\src\Core\Agents\Hazina.AgentFactory\Models\FlowCardModels.cs(39,44): warning SA1501: Statement should not be on a single line (https://github.com/DotNetAnalyzers/StyleCopAnalyzers/blob/master/documentation/SA1501.md) [C:\Projects\Hazina\src\Core\Agents\Hazina.AgentFactory\Hazina.AgentFactory.csproj::TargetFramework=net10.0]
C:\Projects\Hazina\src\Core\Agents\Hazina.AgentFactory\Models\FlowCardModels.cs(39,70): warning SA1107: Code should not contain multiple statements on one line (https://github.com/DotNetAnalyzers/StyleCopAnalyzers/blob/master/documentation/SA1107.md) [C:\Projects\Hazina\src\Core\Agents\Hazina.AgentFactory\Hazina.AgentFactory.csproj::TargetFramework=net10.0]
C:\Projects\Hazina\src\Core\Agents\Hazina.AgentFactory\Models\FlowCardModels.cs(27,19): warning MA0006: Use string.Equals instead of NotEquals operator (https://github.com/meziantou/Meziantou.Analyzer/blob/main/docs/Rules/MA0006.md) [C:\Projects\Hazina\src\Core\Agents\Hazina.AgentFactory\Hazina.AgentFactory.csproj::TargetFramework=net10.0]
C:\Projects\Hazina\src\Core\Agents\Hazina.AgentFactory\Configuration\Parsers\HazinaAgentConfigParser.cs(163,13): warning CA1305: The behavior of 'StringBuilder.AppendLine(ref StringBuilder.AppendInterpolatedStringHandler)' could vary based on the current user's locale settings. Replace this call in 'HazinaFlowConfigParser.Serialize(IEnumerable<FlowConfig>)' with a call to 'StringBuilder.AppendLine(IFormatProvider, ref StringBuilder.AppendInterpolatedStringHandler)'. (https://learn.microsoft.com/dotnet/fundamentals/code-analysis/quality-rules/ca1305) [C:\Projects\Hazina\src\Core\Agents\Hazina.AgentFactory\Hazina.AgentFactory.csproj::TargetFramework=net10.0]
C:\Projects\Hazina\src\Core\Agents\Hazina.AgentFactory\Configuration\Parsers\HazinaAgentConfigParser.cs(164,13): warning CA1305: The behavior of 'StringBuilder.AppendLine(ref StringBuilder.AppendInterpolatedStringHandler)' could vary based on the current user's locale settings. Replace this call in 'HazinaFlowConfigParser.Serialize(IEnumerable<FlowConfig>)' with a call to 'StringBuilder.AppendLine(IFormatProvider, ref StringBuilder.AppendInterpolatedStringHandler)'. (https://learn.microsoft.com/dotnet/fundamentals/code-analysis/quality-rules/ca1305) [C:\Projects\Hazina\src\Core\Agents\Hazina.AgentFactory\Hazina.AgentFactory.csproj::TargetFramework=net10.0]
C:\Projects\Hazina\src\Core\Agents\Hazina.AgentFactory\Configuration\Parsers\HazinaAgentConfigParser.cs(165,13): warning CA1305: The behavior of 'StringBuilder.AppendLine(ref StringBuilder.AppendInterpolatedStringHandler)' could vary based on the current user's locale settings. Replace this call in 'HazinaFlowConfigParser.Serialize(IEnumerable<FlowConfig>)' with a call to 'StringBuilder.AppendLine(IFormatProvider, ref StringBuilder.AppendInterpolatedStringHandler)'. (https://learn.microsoft.com/dotnet/fundamentals/code-analysis/quality-rules/ca1305) [C:\Projects\Hazina\src\Core\Agents\Hazina.AgentFactory\Hazina.AgentFactory.csproj::TargetFramework=net10.0]
C:\Projects\Hazina\src\Core\Agents\Hazina.AgentFactory\Models\FlowCardModels.cs(39,19): warning MA0006: Use string.Equals instead of NotEquals operator (https://github.com/meziantou/Meziantou.Analyzer/blob/main/docs/Rules/MA0006.md) [C:\Projects\Hazina\src\Core\Agents\Hazina.AgentFactory\Hazina.AgentFactory.csproj::TargetFramework=net10.0]
C:\Projects\Hazina\src\Core\Agents\Hazina.AgentFactory\Configuration\Formatters\StoreConfigFormatHelper.cs(43,21): warning S6610: "StartsWith" overloads that take a "char" should be used (https://rules.sonarsource.com/csharp/RSPEC-6610) [C:\Projects\Hazina\src\Core\Agents\Hazina.AgentFactory\Hazina.AgentFactory.csproj::TargetFramework=net10.0]
C:\Projects\Hazina\src\Core\Agents\Hazina.AgentFactory\Configuration\Formatters\StoreConfigFormatHelper.cs(43,48): warning S6610: "StartsWith" overloads that take a "char" should be used (https://rules.sonarsource.com/csharp/RSPEC-6610) [C:\Projects\Hazina\src\Core\Agents\Hazina.AgentFactory\Hazina.AgentFactory.csproj::TargetFramework=net10.0]
C:\Projects\Hazina\src\Core\Agents\Hazina.AgentFactory\Configuration\Formatters\StoreConfigFormatHelper.cs(46,21): warning S6610: "StartsWith" overloads that take a "char" should be used (https://rules.sonarsource.com/csharp/RSPEC-6610) [C:\Projects\Hazina\src\Core\Agents\Hazina.AgentFactory\Hazina.AgentFactory.csproj::TargetFramework=net10.0]
C:\Projects\Hazina\src\Core\Agents\Hazina.AgentFactory\Models\AgentCardModel.cs(25,65): warning SA1107: Code should not contain multiple statements on one line (https://github.com/DotNetAnalyzers/StyleCopAnalyzers/blob/master/documentation/SA1107.md) [C:\Projects\Hazina\src\Core\Agents\Hazina.AgentFactory\Hazina.AgentFactory.csproj::TargetFramework=net10.0]
C:\Projects\Hazina\src\Core\Agents\Hazina.AgentFactory\Configuration\Formatters\StoreConfigFormatHelper.cs(41,46): warning SA1503: Braces should not be omitted (https://github.com/DotNetAnalyzers/StyleCopAnalyzers/blob/master/documentation/SA1503.md) [C:\Projects\Hazina\src\Core\Agents\Hazina.AgentFactory\Hazina.AgentFactory.csproj::TargetFramework=net10.0]
C:\Projects\Hazina\src\Core\Agents\Hazina.AgentFactory\Configuration\Formatters\StoreConfigFormatHelper.cs(44,13): warning SA1503: Braces should not be omitted (https://github.com/DotNetAnalyzers/StyleCopAnalyzers/blob/master/documentation/SA1503.md) [C:\Projects\Hazina\src\Core\Agents\Hazina.AgentFactory\Hazina.AgentFactory.csproj::TargetFramework=net10.0]
C:\Projects\Hazina\src\Core\Agents\Hazina.AgentFactory\Configuration\Formatters\StoreConfigFormatHelper.cs(47,13): warning SA1503: Braces should not be omitted (https://github.com/DotNetAnalyzers/StyleCopAnalyzers/blob/master/documentation/SA1503.md) [C:\Projects\Hazina\src\Core\Agents\Hazina.AgentFactory\Hazina.AgentFactory.csproj::TargetFramework=net10.0]
C:\Projects\Hazina\src\Core\Agents\Hazina.AgentFactory\Configuration\Formatters\StoreConfigFormatHelper.cs(50,13): warning SA1503: Braces should not be omitted (https://github.com/DotNetAnalyzers/StyleCopAnalyzers/blob/master/documentation/SA1503.md) [C:\Projects\Hazina\src\Core\Agents\Hazina.AgentFactory\Hazina.AgentFactory.csproj::TargetFramework=net10.0]
C:\Projects\Hazina\src\Core\Agents\Hazina.AgentFactory\Configuration\Schema\ConfigSchemaGenerator.cs(1,1): warning SA1633: The file header is missing or not located at the top of the file. (https://github.com/DotNetAnalyzers/StyleCopAnalyzers/blob/master/documentation/SA1633.md) [C:\Projects\Hazina\src\Core\Agents\Hazina.AgentFactory\Hazina.AgentFactory.csproj::TargetFramework=net10.0]
C:\Projects\Hazina\src\Core\Agents\Hazina.AgentFactory\Configuration\Formatters\StoreConfigFormatHelper.cs(43,31): warning CA1866: Use 'string.StartsWith(char)' instead of 'string.StartsWith(string)' when you have a string with a single char (https://learn.microsoft.com/dotnet/fundamentals/code-analysis/quality-rules/ca1866) [C:\Projects\Hazina\src\Core\Agents\Hazina.AgentFactory\Hazina.AgentFactory.csproj::TargetFramework=net10.0]
C:\Projects\Hazina\src\Core\Agents\Hazina.AgentFactory\Configuration\Formatters\StoreConfigFormatHelper.cs(43,58): warning CA1866: Use 'string.StartsWith(char)' instead of 'string.StartsWith(string)' when you have a string with a single char (https://learn.microsoft.com/dotnet/fundamentals/code-analysis/quality-rules/ca1866) [C:\Projects\Hazina\src\Core\Agents\Hazina.AgentFactory\Hazina.AgentFactory.csproj::TargetFramework=net10.0]
C:\Projects\Hazina\src\Core\Agents\Hazina.AgentFactory\Configuration\Formatters\StoreConfigFormatHelper.cs(46,31): warning CA1866: Use 'string.StartsWith(char)' instead of 'string.StartsWith(string)' when you have a string with a single char (https://learn.microsoft.com/dotnet/fundamentals/code-analysis/quality-rules/ca1866) [C:\Projects\Hazina\src\Core\Agents\Hazina.AgentFactory\Hazina.AgentFactory.csproj::TargetFramework=net10.0]
C:\Projects\Hazina\src\Core\Agents\Hazina.AgentFactory\Configuration\Formatters\StoreConfigFormatHelper.cs(46,58): warning CA1847: Use 'string.Contains(char)' instead of 'string.Contains(string)' when searching for a single character (https://learn.microsoft.com/dotnet/fundamentals/code-analysis/quality-rules/ca1847) [C:\Projects\Hazina\src\Core\Agents\Hazina.AgentFactory\Hazina.AgentFactory.csproj::TargetFramework=net10.0]
C:\Projects\Hazina\src\Core\Agents\Hazina.AgentFactory\Configuration\Formatters\StoreConfigFormatHelper.cs(46,83): warning CA1847: Use 'string.Contains(char)' instead of 'string.Contains(string)' when searching for a single character (https://learn.microsoft.com/dotnet/fundamentals/code-analysis/quality-rules/ca1847) [C:\Projects\Hazina\src\Core\Agents\Hazina.AgentFactory\Hazina.AgentFactory.csproj::TargetFramework=net10.0]
C:\Projects\Hazina\src\Core\Agents\Hazina.AgentFactory\Configuration\Formatters\StoreConfigFormatHelper.cs(43,13): warning CA1310: The behavior of 'string.StartsWith(string)' could vary based on the current user's locale settings. Replace this call in 'StoreConfigFormatHelper.IsLikelyJson(string)' with a call to 'string.StartsWith(string, System.StringComparison)'. (https://learn.microsoft.com/dotnet/fundamentals/code-analysis/quality-rules/ca1310) [C:\Projects\Hazina\src\Core\Agents\Hazina.AgentFactory\Hazina.AgentFactory.csproj::TargetFramework=net10.0]
C:\Projects\Hazina\src\Core\Agents\Hazina.AgentFactory\Configuration\Formatters\StoreConfigFormatHelper.cs(43,40): warning CA1310: The behavior of 'string.StartsWith(string)' could vary based on the current user's locale settings. Replace this call in 'StoreConfigFormatHelper.IsLikelyJson(string)' with a call to 'string.StartsWith(string, System.StringComparison)'. (https://learn.microsoft.com/dotnet/fundamentals/code-analysis/quality-rules/ca1310) [C:\Projects\Hazina\src\Core\Agents\Hazina.AgentFactory\Hazina.AgentFactory.csproj::TargetFramework=net10.0]
C:\Projects\Hazina\src\Core\Agents\Hazina.AgentFactory\Configuration\Formatters\StoreConfigFormatHelper.cs(46,13): warning CA1310: The behavior of 'string.StartsWith(string)' could vary based on the current user's locale settings. Replace this call in 'StoreConfigFormatHelper.IsLikelyJson(string)' with a call to 'string.StartsWith(string, System.StringComparison)'. (https://learn.microsoft.com/dotnet/fundamentals/code-analysis/quality-rules/ca1310) [C:\Projects\Hazina\src\Core\Agents\Hazina.AgentFactory\Hazina.AgentFactory.csproj::TargetFramework=net10.0]
C:\Projects\Hazina\src\Core\Agents\Hazina.AgentFactory\Configuration\Formatters\StoreConfigFormatHelper.cs(46,41): warning CA1307: 'string.Contains(string)' has a method overload that takes a 'StringComparison' parameter. Replace this call in 'StoreConfigFormatHelper.IsLikelyJson(string)' with a call to 'string.Contains(string, System.StringComparison)' for clarity of intent. (https://learn.microsoft.com/dotnet/fundamentals/code-analysis/quality-rules/ca1307) [C:\Projects\Hazina\src\Core\Agents\Hazina.AgentFactory\Hazina.AgentFactory.csproj::TargetFramework=net10.0]
C:\Projects\Hazina\src\Core\Agents\Hazina.AgentFactory\Configuration\Formatters\StoreConfigFormatHelper.cs(46,66): warning CA1307: 'string.Contains(string)' has a method overload that takes a 'StringComparison' parameter. Replace this call in 'StoreConfigFormatHelper.IsLikelyJson(string)' with a call to 'string.Contains(string, System.StringComparison)' for clarity of intent. (https://learn.microsoft.com/dotnet/fundamentals/code-analysis/quality-rules/ca1307) [C:\Projects\Hazina\src\Core\Agents\Hazina.AgentFactory\Hazina.AgentFactory.csproj::TargetFramework=net10.0]
C:\Projects\Hazina\src\Core\Agents\Hazina.AgentFactory\Configuration\Formatters\StoreConfigFormatHelper.cs(49,13): warning CA1310: The behavior of 'string.StartsWith(string)' could vary based on the current user's locale settings. Replace this call in 'StoreConfigFormatHelper.IsLikelyJson(string)' with a call to 'string.StartsWith(string, System.StringComparison)'. (https://learn.microsoft.com/dotnet/fundamentals/code-analysis/quality-rules/ca1310) [C:\Projects\Hazina\src\Core\Agents\Hazina.AgentFactory\Hazina.AgentFactory.csproj::TargetFramework=net10.0]
C:\Projects\Hazina\src\Core\Agents\Hazina.AgentFactory\Configuration\Formatters\StoreConfigFormatHelper.cs(49,9): warning MA0140: Both if and else branch have identical code (https://github.com/meziantou/Meziantou.Analyzer/blob/main/docs/Rules/MA0140.md) [C:\Projects\Hazina\src\Core\Agents\Hazina.AgentFactory\Hazina.AgentFactory.csproj::TargetFramework=net10.0]
C:\Projects\Hazina\src\Core\Agents\Hazina.AgentFactory\Configuration\StoreConfig.cs(1,1): warning SA1633: The file header is missing or not located at the top of the file. (https://github.com/DotNetAnalyzers/StyleCopAnalyzers/blob/master/documentation/SA1633.md) [C:\Projects\Hazina\src\Core\Agents\Hazina.AgentFactory\Hazina.AgentFactory.csproj::TargetFramework=net10.0]
C:\Projects\Hazina\src\Core\Agents\Hazina.AgentFactory\Configuration\StoreConfig.cs(77,2): warning SA1518: File is required to end with a single newline character (https://github.com/DotNetAnalyzers/StyleCopAnalyzers/blob/master/documentation/SA1518.md) [C:\Projects\Hazina\src\Core\Agents\Hazina.AgentFactory\Hazina.AgentFactory.csproj::TargetFramework=net10.0]
C:\Projects\Hazina\src\Core\Agents\Hazina.AgentFactory\Models\StoreEntry.cs(12,44): warning SA1501: Statement should not be on a single line (https://github.com/DotNetAnalyzers/StyleCopAnalyzers/blob/master/documentation/SA1501.md) [C:\Projects\Hazina\src\Core\Agents\Hazina.AgentFactory\Hazina.AgentFactory.csproj::TargetFramework=net10.0]
C:\Projects\Hazina\src\Core\Agents\Hazina.AgentFactory\Models\StoreEntry.cs(12,66): warning SA1107: Code should not contain multiple statements on one line (https://github.com/DotNetAnalyzers/StyleCopAnalyzers/blob/master/documentation/SA1107.md) [C:\Projects\Hazina\src\Core\Agents\Hazina.AgentFactory\Hazina.AgentFactory.csproj::TargetFramework=net10.0]
C:\Projects\Hazina\src\Core\Agents\Hazina.AgentFactory\Configuration\Formatters\StoreConfigFormatHelper.cs(43,13): warning MA0074: Use an overload of 'StartsWith' that has a StringComparison parameter (https://github.com/meziantou/Meziantou.Analyzer/blob/main/docs/Rules/MA0074.md) [C:\Projects\Hazina\src\Core\Agents\Hazina.AgentFactory\Hazina.AgentFactory.csproj::TargetFramework=net10.0]
C:\Projects\Hazina\src\Core\Agents\Hazina.AgentFactory\Configuration\Formatters\StoreConfigFormatHelper.cs(43,40): warning MA0074: Use an overload of 'StartsWith' that has a StringComparison parameter (https://github.com/meziantou/Meziantou.Analyzer/blob/main/docs/Rules/MA0074.md) [C:\Projects\Hazina\src\Core\Agents\Hazina.AgentFactory\Hazina.AgentFactory.csproj::TargetFramework=net10.0]
C:\Projects\Hazina\src\Core\Agents\Hazina.AgentFactory\Configuration\Parsers\HazinaStoreConfigParser.cs(15,13): warning CA1305: The behavior of 'StringBuilder.AppendLine(ref StringBuilder.AppendInterpolatedStringHandler)' could vary based on the current user's locale settings. Replace this call in 'HazinaStoreConfigParser.Serialize(IEnumerable<StoreConfig>)' with a call to 'StringBuilder.AppendLine(IFormatProvider, ref StringBuilder.AppendInterpolatedStringHandler)'. (https://learn.microsoft.com/dotnet/fundamentals/code-analysis/quality-rules/ca1305) [C:\Projects\Hazina\src\Core\Agents\Hazina.AgentFactory\Hazina.AgentFactory.csproj::TargetFramework=net10.0]
C:\Projects\Hazina\src\Core\Agents\Hazina.AgentFactory\Configuration\Formatters\StoreConfigFormatHelper.cs(46,13): warning MA0074: Use an overload of 'StartsWith' that has a StringComparison parameter (https://github.com/meziantou/Meziantou.Analyzer/blob/main/docs/Rules/MA0074.md) [C:\Projects\Hazina\src\Core\Agents\Hazina.AgentFactory\Hazina.AgentFactory.csproj::TargetFramework=net10.0]
C:\Projects\Hazina\src\Core\Agents\Hazina.AgentFactory\Configuration\Parsers\HazinaStoreConfigParser.cs(16,13): warning CA1305: The behavior of 'StringBuilder.AppendLine(ref StringBuilder.AppendInterpolatedStringHandler)' could vary based on the current user's locale settings. Replace this call in 'HazinaStoreConfigParser.Serialize(IEnumerable<StoreConfig>)' with a call to 'StringBuilder.AppendLine(IFormatProvider, ref StringBuilder.AppendInterpolatedStringHandler)'. (https://learn.microsoft.com/dotnet/fundamentals/code-analysis/quality-rules/ca1305) [C:\Projects\Hazina\src\Core\Agents\Hazina.AgentFactory\Hazina.AgentFactory.csproj::TargetFramework=net10.0]
C:\Projects\Hazina\src\Core\Agents\Hazina.AgentFactory\Configuration\Parsers\HazinaStoreConfigParser.cs(17,13): warning CA1305: The behavior of 'StringBuilder.AppendLine(ref StringBuilder.AppendInterpolatedStringHandler)' could vary based on the current user's locale settings. Replace this call in 'HazinaStoreConfigParser.Serialize(IEnumerable<StoreConfig>)' with a call to 'StringBuilder.AppendLine(IFormatProvider, ref StringBuilder.AppendInterpolatedStringHandler)'. (https://learn.microsoft.com/dotnet/fundamentals/code-analysis/quality-rules/ca1305) [C:\Projects\Hazina\src\Core\Agents\Hazina.AgentFactory\Hazina.AgentFactory.csproj::TargetFramework=net10.0]
C:\Projects\Hazina\src\Core\Agents\Hazina.AgentFactory\Configuration\Parsers\HazinaStoreConfigParser.cs(18,13): warning CA1305: The behavior of 'StringBuilder.AppendLine(ref StringBuilder.AppendInterpolatedStringHandler)' could vary based on the current user's locale settings. Replace this call in 'HazinaStoreConfigParser.Serialize(IEnumerable<StoreConfig>)' with a call to 'StringBuilder.AppendLine(IFormatProvider, ref StringBuilder.AppendInterpolatedStringHandler)'. (https://learn.microsoft.com/dotnet/fundamentals/code-analysis/quality-rules/ca1305) [C:\Projects\Hazina\src\Core\Agents\Hazina.AgentFactory\Hazina.AgentFactory.csproj::TargetFramework=net10.0]
C:\Projects\Hazina\src\Core\Agents\Hazina.AgentFactory\Configuration\Parsers\HazinaStoreConfigParser.cs(19,13): warning CA1305: The behavior of 'StringBuilder.AppendLine(ref StringBuilder.AppendInterpolatedStringHandler)' could vary based on the current user's locale settings. Replace this call in 'HazinaStoreConfigParser.Serialize(IEnumerable<StoreConfig>)' with a call to 'StringBuilder.AppendLine(IFormatProvider, ref StringBuilder.AppendInterpolatedStringHandler)'. (https://learn.microsoft.com/dotnet/fundamentals/code-analysis/quality-rules/ca1305) [C:\Projects\Hazina\src\Core\Agents\Hazina.AgentFactory\Hazina.AgentFactory.csproj::TargetFramework=net10.0]
C:\Projects\Hazina\src\Core\Agents\Hazina.AgentFactory\Configuration\Parsers\HazinaStoreConfigParser.cs(20,13): warning CA1305: The behavior of 'StringBuilder.AppendLine(ref StringBuilder.AppendInterpolatedStringHandler)' could vary based on the current user's locale settings. Replace this call in 'HazinaStoreConfigParser.Serialize(IEnumerable<StoreConfig>)' with a call to 'StringBuilder.AppendLine(IFormatProvider, ref StringBuilder.AppendInterpolatedStringHandler)'. (https://learn.microsoft.com/dotnet/fundamentals/code-analysis/quality-rules/ca1305) [C:\Projects\Hazina\src\Core\Agents\Hazina.AgentFactory\Hazina.AgentFactory.csproj::TargetFramework=net10.0]
C:\Projects\Hazina\src\Core\Agents\Hazina.AgentFactory\Models\StoreEntry.cs(12,23): warning MA0006: Use string.Equals instead of NotEquals operator (https://github.com/meziantou/Meziantou.Analyzer/blob/main/docs/Rules/MA0006.md) [C:\Projects\Hazina\src\Core\Agents\Hazina.AgentFactory\Hazina.AgentFactory.csproj::TargetFramework=net10.0]
C:\Projects\Hazina\src\Core\Agents\Hazina.AgentFactory\Configuration\Validation\AgentConfigValidator.cs(1,1): warning SA1633: The file header is missing or not located at the top of the file. (https://github.com/DotNetAnalyzers/StyleCopAnalyzers/blob/master/documentation/SA1633.md) [C:\Projects\Hazina\src\Core\Agents\Hazina.AgentFactory\Hazina.AgentFactory.csproj::TargetFramework=net10.0]
C:\Projects\Hazina\src\Core\Agents\Hazina.AgentFactory\Configuration\Formatters\FlowConfigFormatHelper.cs(41,21): warning S6610: "StartsWith" overloads that take a "char" should be used (https://rules.sonarsource.com/csharp/RSPEC-6610) [C:\Projects\Hazina\src\Core\Agents\Hazina.AgentFactory\Hazina.AgentFactory.csproj::TargetFramework=net10.0]
C:\Projects\Hazina\src\Core\Agents\Hazina.AgentFactory\Configuration\Formatters\FlowConfigFormatHelper.cs(41,48): warning S6610: "StartsWith" overloads that take a "char" should be used (https://rules.sonarsource.com/csharp/RSPEC-6610) [C:\Projects\Hazina\src\Core\Agents\Hazina.AgentFactory\Hazina.AgentFactory.csproj::TargetFramework=net10.0]
C:\Projects\Hazina\src\Core\Agents\Hazina.AgentFactory\Configuration\Formatters\FlowConfigFormatHelper.cs(44,21): warning S6610: "StartsWith" overloads that take a "char" should be used (https://rules.sonarsource.com/csharp/RSPEC-6610) [C:\Projects\Hazina\src\Core\Agents\Hazina.AgentFactory\Hazina.AgentFactory.csproj::TargetFramework=net10.0]
C:\Projects\Hazina\src\Core\Agents\Hazina.AgentFactory\Configuration\Formatters\StoreConfigFormatHelper.cs(49,13): warning MA0074: Use an overload of 'StartsWith' that has a StringComparison parameter (https://github.com/meziantou/Meziantou.Analyzer/blob/main/docs/Rules/MA0074.md) [C:\Projects\Hazina\src\Core\Agents\Hazina.AgentFactory\Hazina.AgentFactory.csproj::TargetFramework=net10.0]
C:\Projects\Hazina\src\Core\Agents\Hazina.AgentFactory\Configuration\Formatters\FlowConfigFormatHelper.cs(39,46): warning SA1503: Braces should not be omitted (https://github.com/DotNetAnalyzers/StyleCopAnalyzers/blob/master/documentation/SA1503.md) [C:\Projects\Hazina\src\Core\Agents\Hazina.AgentFactory\Hazina.AgentFactory.csproj::TargetFramework=net10.0]
C:\Projects\Hazina\src\Core\Agents\Hazina.AgentFactory\Configuration\Formatters\FlowConfigFormatHelper.cs(42,13): warning SA1503: Braces should not be omitted (https://github.com/DotNetAnalyzers/StyleCopAnalyzers/blob/master/documentation/SA1503.md) [C:\Projects\Hazina\src\Core\Agents\Hazina.AgentFactory\Hazina.AgentFactory.csproj::TargetFramework=net10.0]
C:\Projects\Hazina\src\Core\Agents\Hazina.AgentFactory\Configuration\Formatters\FlowConfigFormatHelper.cs(45,13): warning SA1503: Braces should not be omitted (https://github.com/DotNetAnalyzers/StyleCopAnalyzers/blob/master/documentation/SA1503.md) [C:\Projects\Hazina\src\Core\Agents\Hazina.AgentFactory\Hazina.AgentFactory.csproj::TargetFramework=net10.0]
C:\Projects\Hazina\src\Core\Agents\Hazina.AgentFactory\Configuration\Formatters\FlowConfigFormatHelper.cs(48,13): warning SA1503: Braces should not be omitted (https://github.com/DotNetAnalyzers/StyleCopAnalyzers/blob/master/documentation/SA1503.md) [C:\Projects\Hazina\src\Core\Agents\Hazina.AgentFactory\Hazina.AgentFactory.csproj::TargetFramework=net10.0]
C:\Projects\Hazina\src\Core\Agents\Hazina.AgentFactory\Configuration\Formatters\FlowConfigFormatHelper.cs(41,31): warning CA1866: Use 'string.StartsWith(char)' instead of 'string.StartsWith(string)' when you have a string with a single char (https://learn.microsoft.com/dotnet/fundamentals/code-analysis/quality-rules/ca1866) [C:\Projects\Hazina\src\Core\Agents\Hazina.AgentFactory\Hazina.AgentFactory.csproj::TargetFramework=net10.0]
C:\Projects\Hazina\src\Core\Agents\Hazina.AgentFactory\Configuration\Formatters\FlowConfigFormatHelper.cs(41,58): warning CA1866: Use 'string.StartsWith(char)' instead of 'string.StartsWith(string)' when you have a string with a single char (https://learn.microsoft.com/dotnet/fundamentals/code-analysis/quality-rules/ca1866) [C:\Projects\Hazina\src\Core\Agents\Hazina.AgentFactory\Hazina.AgentFactory.csproj::TargetFramework=net10.0]
C:\Projects\Hazina\src\Core\Agents\Hazina.AgentFactory\Configuration\Formatters\FlowConfigFormatHelper.cs(44,31): warning CA1866: Use 'string.StartsWith(char)' instead of 'string.StartsWith(string)' when you have a string with a single char (https://learn.microsoft.com/dotnet/fundamentals/code-analysis/quality-rules/ca1866) [C:\Projects\Hazina\src\Core\Agents\Hazina.AgentFactory\Hazina.AgentFactory.csproj::TargetFramework=net10.0]
C:\Projects\Hazina\src\Core\Agents\Hazina.AgentFactory\Models\StorePaths.cs(7,56): warning SA1503: Braces should not be omitted (https://github.com/DotNetAnalyzers/StyleCopAnalyzers/blob/master/documentation/SA1503.md) [C:\Projects\Hazina\src\Core\Agents\Hazina.AgentFactory\Hazina.AgentFactory.csproj::TargetFramework=net10.0]
C:\Projects\Hazina\src\Core\Agents\Hazina.AgentFactory\Models\StorePaths.cs(8,51): warning SA1503: Braces should not be omitted (https://github.com/DotNetAnalyzers/StyleCopAnalyzers/blob/master/documentation/SA1503.md) [C:\Projects\Hazina\src\Core\Agents\Hazina.AgentFactory\Hazina.AgentFactory.csproj::TargetFramework=net10.0]
C:\Projects\Hazina\src\Core\Agents\Hazina.AgentFactory\Configuration\Formatters\FlowConfigFormatHelper.cs(44,58): warning CA1847: Use 'string.Contains(char)' instead of 'string.Contains(string)' when searching for a single character (https://learn.microsoft.com/dotnet/fundamentals/code-analysis/quality-rules/ca1847) [C:\Projects\Hazina\src\Core\Agents\Hazina.AgentFactory\Hazina.AgentFactory.csproj::TargetFramework=net10.0]
C:\Projects\Hazina\src\Core\Agents\Hazina.AgentFactory\Configuration\Formatters\FlowConfigFormatHelper.cs(44,83): warning CA1847: Use 'string.Contains(char)' instead of 'string.Contains(string)' when searching for a single character (https://learn.microsoft.com/dotnet/fundamentals/code-analysis/quality-rules/ca1847) [C:\Projects\Hazina\src\Core\Agents\Hazina.AgentFactory\Hazina.AgentFactory.csproj::TargetFramework=net10.0]
C:\Projects\Hazina\src\Core\Agents\Hazina.AgentFactory\Models\AgentCardModel.cs(26,89): warning SA1107: Code should not contain multiple statements on one line (https://github.com/DotNetAnalyzers/StyleCopAnalyzers/blob/master/documentation/SA1107.md) [C:\Projects\Hazina\src\Core\Agents\Hazina.AgentFactory\Hazina.AgentFactory.csproj::TargetFramework=net10.0]
C:\Projects\Hazina\src\Core\Agents\Hazina.AgentFactory\Configuration\Formatters\FlowConfigFormatHelper.cs(41,13): warning CA1310: The behavior of 'string.StartsWith(string)' could vary based on the current user's locale settings. Replace this call in 'FlowConfigFormatHelper.IsLikelyJson(string)' with a call to 'string.StartsWith(string, System.StringComparison)'. (https://learn.microsoft.com/dotnet/fundamentals/code-analysis/quality-rules/ca1310) [C:\Projects\Hazina\src\Core\Agents\Hazina.AgentFactory\Hazina.AgentFactory.csproj::TargetFramework=net10.0]
C:\Projects\Hazina\src\Core\Agents\Hazina.AgentFactory\Configuration\Formatters\FlowConfigFormatHelper.cs(41,40): warning CA1310: The behavior of 'string.StartsWith(string)' could vary based on the current user's locale settings. Replace this call in 'FlowConfigFormatHelper.IsLikelyJson(string)' with a call to 'string.StartsWith(string, System.StringComparison)'. (https://learn.microsoft.com/dotnet/fundamentals/code-analysis/quality-rules/ca1310) [C:\Projects\Hazina\src\Core\Agents\Hazina.AgentFactory\Hazina.AgentFactory.csproj::TargetFramework=net10.0]
C:\Projects\Hazina\src\Core\Agents\Hazina.AgentFactory\Configuration\Formatters\FlowConfigFormatHelper.cs(44,13): warning CA1310: The behavior of 'string.StartsWith(string)' could vary based on the current user's locale settings. Replace this call in 'FlowConfigFormatHelper.IsLikelyJson(string)' with a call to 'string.StartsWith(string, System.StringComparison)'. (https://learn.microsoft.com/dotnet/fundamentals/code-analysis/quality-rules/ca1310) [C:\Projects\Hazina\src\Core\Agents\Hazina.AgentFactory\Hazina.AgentFactory.csproj::TargetFramework=net10.0]
C:\Projects\Hazina\src\Core\Agents\Hazina.AgentFactory\Configuration\Formatters\FlowConfigFormatHelper.cs(44,41): warning CA1307: 'string.Contains(string)' has a method overload that takes a 'StringComparison' parameter. Replace this call in 'FlowConfigFormatHelper.IsLikelyJson(string)' with a call to 'string.Contains(string, System.StringComparison)' for clarity of intent. (https://learn.microsoft.com/dotnet/fundamentals/code-analysis/quality-rules/ca1307) [C:\Projects\Hazina\src\Core\Agents\Hazina.AgentFactory\Hazina.AgentFactory.csproj::TargetFramework=net10.0]
C:\Projects\Hazina\src\Core\Agents\Hazina.AgentFactory\Configuration\Formatters\FlowConfigFormatHelper.cs(44,66): warning CA1307: 'string.Contains(string)' has a method overload that takes a 'StringComparison' parameter. Replace this call in 'FlowConfigFormatHelper.IsLikelyJson(string)' with a call to 'string.Contains(string, System.StringComparison)' for clarity of intent. (https://learn.microsoft.com/dotnet/fundamentals/code-analysis/quality-rules/ca1307) [C:\Projects\Hazina\src\Core\Agents\Hazina.AgentFactory\Hazina.AgentFactory.csproj::TargetFramework=net10.0]
C:\Projects\Hazina\src\Core\Agents\Hazina.AgentFactory\Configuration\Formatters\FlowConfigFormatHelper.cs(47,13): warning CA1310: The behavior of 'string.StartsWith(string)' could vary based on the current user's locale settings. Replace this call in 'FlowConfigFormatHelper.IsLikelyJson(string)' with a call to 'string.StartsWith(string, System.StringComparison)'. (https://learn.microsoft.com/dotnet/fundamentals/code-analysis/quality-rules/ca1310) [C:\Projects\Hazina\src\Core\Agents\Hazina.AgentFactory\Hazina.AgentFactory.csproj::TargetFramework=net10.0]
C:\Projects\Hazina\src\Core\Agents\Hazina.AgentFactory\Configuration\Formatters\FlowConfigFormatHelper.cs(47,9): warning MA0140: Both if and else branch have identical code (https://github.com/meziantou/Meziantou.Analyzer/blob/main/docs/Rules/MA0140.md) [C:\Projects\Hazina\src\Core\Agents\Hazina.AgentFactory\Hazina.AgentFactory.csproj::TargetFramework=net10.0]
C:\Projects\Hazina\src\Core\Agents\Hazina.AgentFactory\Models\FlowCardModels.cs(51,17): warning CA1062: In externally visible method 'FlowCardModel.FlowCardModel(FlowConfig flow)', validate parameter 'flow' is non-null before using it. If appropriate, throw an 'ArgumentNullException' when the argument is 'null'. (https://learn.microsoft.com/dotnet/fundamentals/code-analysis/quality-rules/ca1062) [C:\Projects\Hazina\src\Core\Agents\Hazina.AgentFactory\Hazina.AgentFactory.csproj::TargetFramework=net10.0]
C:\Projects\Hazina\src\Core\Agents\Hazina.AgentFactory\Configuration\Parsers\HazinaAgentConfigParser.cs(161,31): warning CA1062: In externally visible method 'string HazinaFlowConfigParser.Serialize(IEnumerable<FlowConfig> agents)', validate parameter 'agents' is non-null before using it. If appropriate, throw an 'ArgumentNullException' when the argument is 'null'. (https://learn.microsoft.com/dotnet/fundamentals/code-analysis/quality-rules/ca1062) [C:\Projects\Hazina\src\Core\Agents\Hazina.AgentFactory\Hazina.AgentFactory.csproj::TargetFramework=net10.0]
C:\Projects\Hazina\src\Core\Agents\Hazina.AgentFactory\Models\StoreEntry.cs(17,43): warning SA1501: Statement should not be on a single line (https://github.com/DotNetAnalyzers/StyleCopAnalyzers/blob/master/documentation/SA1501.md) [C:\Projects\Hazina\src\Core\Agents\Hazina.AgentFactory\Hazina.AgentFactory.csproj::TargetFramework=net10.0]
C:\Projects\Hazina\src\Core\Agents\Hazina.AgentFactory\Models\StoreEntry.cs(17,64): warning SA1107: Code should not contain multiple statements on one line (https://github.com/DotNetAnalyzers/StyleCopAnalyzers/blob/master/documentation/SA1107.md) [C:\Projects\Hazina\src\Core\Agents\Hazina.AgentFactory\Hazina.AgentFactory.csproj::TargetFramework=net10.0]
C:\Projects\Hazina\src\Core\Agents\Hazina.AgentFactory\Configuration\Formatters\FlowConfigFormatHelper.cs(41,13): warning MA0074: Use an overload of 'StartsWith' that has a StringComparison parameter (https://github.com/meziantou/Meziantou.Analyzer/blob/main/docs/Rules/MA0074.md) [C:\Projects\Hazina\src\Core\Agents\Hazina.AgentFactory\Hazina.AgentFactory.csproj::TargetFramework=net10.0]
C:\Projects\Hazina\src\Core\Agents\Hazina.AgentFactory\Configuration\Formatters\FlowConfigFormatHelper.cs(41,40): warning MA0074: Use an overload of 'StartsWith' that has a StringComparison parameter (https://github.com/meziantou/Meziantou.Analyzer/blob/main/docs/Rules/MA0074.md) [C:\Projects\Hazina\src\Core\Agents\Hazina.AgentFactory\Hazina.AgentFactory.csproj::TargetFramework=net10.0]
C:\Projects\Hazina\src\Core\Agents\Hazina.AgentFactory\Configuration\Formatters\FlowConfigFormatHelper.cs(44,13): warning MA0074: Use an overload of 'StartsWith' that has a StringComparison parameter (https://github.com/meziantou/Meziantou.Analyzer/blob/main/docs/Rules/MA0074.md) [C:\Projects\Hazina\src\Core\Agents\Hazina.AgentFactory\Hazina.AgentFactory.csproj::TargetFramework=net10.0]
C:\Projects\Hazina\src\Core\Agents\Hazina.AgentFactory\Models\AgentCardModel.cs(27,96): warning SA1107: Code should not contain multiple statements on one line (https://github.com/DotNetAnalyzers/StyleCopAnalyzers/blob/master/documentation/SA1107.md) [C:\Projects\Hazina\src\Core\Agents\Hazina.AgentFactory\Hazina.AgentFactory.csproj::TargetFramework=net10.0]
C:\Projects\Hazina\src\Core\Agents\Hazina.AgentFactory\Configuration\Formatters\FlowConfigFormatHelper.cs(47,13): warning MA0074: Use an overload of 'StartsWith' that has a StringComparison parameter (https://github.com/meziantou/Meziantou.Analyzer/blob/main/docs/Rules/MA0074.md) [C:\Projects\Hazina\src\Core\Agents\Hazina.AgentFactory\Hazina.AgentFactory.csproj::TargetFramework=net10.0]
C:\Projects\Hazina\src\Core\Agents\Hazina.AgentFactory\Models\FlowCardModels.cs(60,56): warning SA1629: Documentation text should end with a period (https://github.com/DotNetAnalyzers/StyleCopAnalyzers/blob/master/documentation/SA1629.md) [C:\Projects\Hazina\src\Core\Agents\Hazina.AgentFactory\Hazina.AgentFactory.csproj::TargetFramework=net10.0]
C:\Projects\Hazina\src\Core\Agents\Hazina.AgentFactory\Configuration\Validation\ConfigurationResult.cs(1,1): warning SA1633: The file header is missing or not located at the top of the file. (https://github.com/DotNetAnalyzers/StyleCopAnalyzers/blob/master/documentation/SA1633.md) [C:\Projects\Hazina\src\Core\Agents\Hazina.AgentFactory\Hazina.AgentFactory.csproj::TargetFramework=net10.0]
C:\Projects\Hazina\src\Core\Agents\Hazina.AgentFactory\Models\FlowCardModels.cs(120,21): warning SA1503: Braces should not be omitted (https://github.com/DotNetAnalyzers/StyleCopAnalyzers/blob/master/documentation/SA1503.md) [C:\Projects\Hazina\src\Core\Agents\Hazina.AgentFactory\Hazina.AgentFactory.csproj::TargetFramework=net10.0]
C:\Projects\Hazina\src\Core\Agents\Hazina.AgentFactory\Configuration\Validation\StoreConfigValidator.cs(1,1): warning SA1633: The file header is missing or not located at the top of the file. (https://github.com/DotNetAnalyzers/StyleCopAnalyzers/blob/master/documentation/SA1633.md) [C:\Projects\Hazina\src\Core\Agents\Hazina.AgentFactory\Hazina.AgentFactory.csproj::TargetFramework=net10.0]
C:\Projects\Hazina\src\Core\Agents\Hazina.AgentFactory\Models\AgentCardModel.cs(28,102): warning SA1107: Code should not contain multiple statements on one line (https://github.com/DotNetAnalyzers/StyleCopAnalyzers/blob/master/documentation/SA1107.md) [C:\Projects\Hazina\src\Core\Agents\Hazina.AgentFactory\Hazina.AgentFactory.csproj::TargetFramework=net10.0]
C:\Projects\Hazina\src\Core\Agents\Hazina.AgentFactory\Models\AgentCardModel.cs(29,99): warning SA1107: Code should not contain multiple statements on one line (https://github.com/DotNetAnalyzers/StyleCopAnalyzers/blob/master/documentation/SA1107.md) [C:\Projects\Hazina\src\Core\Agents\Hazina.AgentFactory\Hazina.AgentFactory.csproj::TargetFramework=net10.0]
C:\Projects\Hazina\src\Core\Agents\Hazina.AgentFactory\Models\AgentCardModel.cs(30,87): warning SA1107: Code should not contain multiple statements on one line (https://github.com/DotNetAnalyzers/StyleCopAnalyzers/blob/master/documentation/SA1107.md) [C:\Projects\Hazina\src\Core\Agents\Hazina.AgentFactory\Hazina.AgentFactory.csproj::TargetFramework=net10.0]
C:\Projects\Hazina\src\Core\Agents\Hazina.AgentFactory\Configuration\Validation\ValidationDiagnostic.cs(40,92): warning SA1122: Use string.Empty for empty strings (https://github.com/DotNetAnalyzers/StyleCopAnalyzers/blob/master/documentation/SA1122.md) [C:\Projects\Hazina\src\Core\Agents\Hazina.AgentFactory\Hazina.AgentFactory.csproj::TargetFramework=net10.0]
C:\Projects\Hazina\src\Core\Agents\Hazina.AgentFactory\Configuration\Validation\ValidationDiagnostic.cs(41,94): warning SA1122: Use string.Empty for empty strings (https://github.com/DotNetAnalyzers/StyleCopAnalyzers/blob/master/documentation/SA1122.md) [C:\Projects\Hazina\src\Core\Agents\Hazina.AgentFactory\Hazina.AgentFactory.csproj::TargetFramework=net10.0]
C:\Projects\Hazina\src\Core\Agents\Hazina.AgentFactory\Core\StoresAndAgentsAndFlowLoader.cs(16,40): warning CA1707: In member Hazina.AgentFactory.Core.StoresAndAgentsAndFlowLoader.LoadFiles(string, string, string), remove the underscores from parameter name _storesJsonPath (https://learn.microsoft.com/dotnet/fundamentals/code-analysis/quality-rules/ca1707) [C:\Projects\Hazina\src\Core\Agents\Hazina.AgentFactory\Hazina.AgentFactory.csproj::TargetFramework=net10.0]
C:\Projects\Hazina\src\Core\Agents\Hazina.AgentFactory\Core\StoresAndAgentsAndFlowLoader.cs(16,64): warning CA1707: In member Hazina.AgentFactory.Core.StoresAndAgentsAndFlowLoader.LoadFiles(string, string, string), remove the underscores from parameter name _agentsJsonPath (https://learn.microsoft.com/dotnet/fundamentals/code-analysis/quality-rules/ca1707) [C:\Projects\Hazina\src\Core\Agents\Hazina.AgentFactory\Hazina.AgentFactory.csproj::TargetFramework=net10.0]
C:\Projects\Hazina\src\Core\Agents\Hazina.AgentFactory\Core\StoresAndAgentsAndFlowLoader.cs(16,88): warning CA1707: In member Hazina.AgentFactory.Core.StoresAndAgentsAndFlowLoader.LoadFiles(string, string, string), remove the underscores from parameter name _flowsJsonPath (https://learn.microsoft.com/dotnet/fundamentals/code-analysis/quality-rules/ca1707) [C:\Projects\Hazina\src\Core\Agents\Hazina.AgentFactory\Hazina.AgentFactory.csproj::TargetFramework=net10.0]
C:\Projects\Hazina\src\Core\Agents\Hazina.AgentFactory\Services\Tools\ToolRegistrationService.cs(80,13): warning MA0002: Use an overload that has a IEqualityComparer<string> or IComparer<string> parameter (https://github.com/meziantou/Meziantou.Analyzer/blob/main/docs/Rules/MA0002.md) [C:\Projects\Hazina\src\Core\Agents\Hazina.AgentFactory\Hazina.AgentFactory.csproj::TargetFramework=net10.0]
C:\Projects\Hazina\src\Core\Agents\Hazina.AgentFactory\Services\Tools\ToolRegistrationService.cs(84,13): warning MA0002: Use an overload that has a IEqualityComparer<string> or IComparer<string> parameter (https://github.com/meziantou/Meziantou.Analyzer/blob/main/docs/Rules/MA0002.md) [C:\Projects\Hazina\src\Core\Agents\Hazina.AgentFactory\Hazina.AgentFactory.csproj::TargetFramework=net10.0]
C:\Projects\Hazina\src\Core\Agents\Hazina.AgentFactory\Models\FlowCardModels.cs(134,13): warning SA1503: Braces should not be omitted (https://github.com/DotNetAnalyzers/StyleCopAnalyzers/blob/master/documentation/SA1503.md) [C:\Projects\Hazina\src\Core\Agents\Hazina.AgentFactory\Hazina.AgentFactory.csproj::TargetFramework=net10.0]
C:\Projects\Hazina\src\Core\Agents\Hazina.AgentFactory\Services\Tools\ToolRegistrationService.cs(88,13): warning MA0002: Use an overload that has a IEqualityComparer<string> or IComparer<string> parameter (https://github.com/meziantou/Meziantou.Analyzer/blob/main/docs/Rules/MA0002.md) [C:\Projects\Hazina\src\Core\Agents\Hazina.AgentFactory\Hazina.AgentFactory.csproj::TargetFramework=net10.0]
C:\Projects\Hazina\src\Core\Agents\Hazina.AgentFactory\Configuration\Parsers\HazinaStoreConfigParser.cs(27,37): warning CA1002: Change 'List<StoreConfig>' in 'HazinaStoreConfigParser.Parse(string)' to use 'Collection<T>', 'ReadOnlyCollection<T>' or 'KeyedCollection<K,V>' (https://learn.microsoft.com/dotnet/fundamentals/code-analysis/quality-rules/ca1002) [C:\Projects\Hazina\src\Core\Agents\Hazina.AgentFactory\Hazina.AgentFactory.csproj::TargetFramework=net10.0]
C:\Projects\Hazina\src\Core\Agents\Hazina.AgentFactory\Models\AgentCardModel.cs(31,86): warning SA1107: Code should not contain multiple statements on one line (https://github.com/DotNetAnalyzers/StyleCopAnalyzers/blob/master/documentation/SA1107.md) [C:\Projects\Hazina\src\Core\Agents\Hazina.AgentFactory\Hazina.AgentFactory.csproj::TargetFramework=net10.0]
C:\Projects\Hazina\src\Core\Agents\Hazina.AgentFactory\Configuration\Parsers\HazinaStoreConfigParser.cs(27,19): warning MA0016: Prefer using collection abstraction instead of implementation (https://github.com/meziantou/Meziantou.Analyzer/blob/main/docs/Rules/MA0016.md) [C:\Projects\Hazina\src\Core\Agents\Hazina.AgentFactory\Hazina.AgentFactory.csproj::TargetFramework=net10.0]
C:\Projects\Hazina\src\Core\Agents\Hazina.AgentFactory\Configuration\Parsers\HazinaStoreConfigParser.cs(13,31): warning CA1062: In externally visible method 'string HazinaStoreConfigParser.Serialize(IEnumerable<StoreConfig> stores)', validate parameter 'stores' is non-null before using it. If appropriate, throw an 'ArgumentNullException' when the argument is 'null'. (https://learn.microsoft.com/dotnet/fundamentals/code-analysis/quality-rules/ca1062) [C:\Projects\Hazina\src\Core\Agents\Hazina.AgentFactory\Hazina.AgentFactory.csproj::TargetFramework=net10.0]
C:\Projects\Hazina\src\Core\Agents\Hazina.AgentFactory\Models\AgentCardModel.cs(32,93): warning SA1107: Code should not contain multiple statements on one line (https://github.com/DotNetAnalyzers/StyleCopAnalyzers/blob/master/documentation/SA1107.md) [C:\Projects\Hazina\src\Core\Agents\Hazina.AgentFactory\Hazina.AgentFactory.csproj::TargetFramework=net10.0]
C:\Projects\Hazina\src\Core\Agents\Hazina.AgentFactory\Models\AgentCardModel.cs(33,95): warning SA1107: Code should not contain multiple statements on one line (https://github.com/DotNetAnalyzers/StyleCopAnalyzers/blob/master/documentation/SA1107.md) [C:\Projects\Hazina\src\Core\Agents\Hazina.AgentFactory\Hazina.AgentFactory.csproj::TargetFramework=net10.0]
C:\Projects\Hazina\src\Core\Agents\Hazina.AgentFactory\Core\StoresAndAgentsAndFlowLoader.cs(22,13): warning SA1503: Braces should not be omitted (https://github.com/DotNetAnalyzers/StyleCopAnalyzers/blob/master/documentation/SA1503.md) [C:\Projects\Hazina\src\Core\Agents\Hazina.AgentFactory\Hazina.AgentFactory.csproj::TargetFramework=net10.0]
C:\Projects\Hazina\src\Core\Agents\Hazina.AgentFactory\Core\StoresAndAgentsAndFlowLoader.cs(24,13): warning SA1503: Braces should not be omitted (https://github.com/DotNetAnalyzers/StyleCopAnalyzers/blob/master/documentation/SA1503.md) [C:\Projects\Hazina\src\Core\Agents\Hazina.AgentFactory\Hazina.AgentFactory.csproj::TargetFramework=net10.0]
C:\Projects\Hazina\src\Core\Agents\Hazina.AgentFactory\Core\StoresAndAgentsAndFlowLoader.cs(26,13): warning SA1503: Braces should not be omitted (https://github.com/DotNetAnalyzers/StyleCopAnalyzers/blob/master/documentation/SA1503.md) [C:\Projects\Hazina\src\Core\Agents\Hazina.AgentFactory\Hazina.AgentFactory.csproj::TargetFramework=net10.0]
C:\Projects\Hazina\src\Core\Agents\Hazina.AgentFactory\Core\StoresAndAgentsAndFlowLoader.cs(16,40): warning SA1313: Parameter '_storesJsonPath' should begin with lower-case letter (https://github.com/DotNetAnalyzers/StyleCopAnalyzers/blob/master/documentation/SA1313.md) [C:\Projects\Hazina\src\Core\Agents\Hazina.AgentFactory\Hazina.AgentFactory.csproj::TargetFramework=net10.0]
C:\Projects\Hazina\src\Core\Agents\Hazina.AgentFactory\Core\StoresAndAgentsAndFlowLoader.cs(16,64): warning SA1313: Parameter '_agentsJsonPath' should begin with lower-case letter (https://github.com/DotNetAnalyzers/StyleCopAnalyzers/blob/master/documentation/SA1313.md) [C:\Projects\Hazina\src\Core\Agents\Hazina.AgentFactory\Hazina.AgentFactory.csproj::TargetFramework=net10.0]
C:\Projects\Hazina\src\Core\Agents\Hazina.AgentFactory\Core\StoresAndAgentsAndFlowLoader.cs(16,88): warning SA1313: Parameter '_flowsJsonPath' should begin with lower-case letter (https://github.com/DotNetAnalyzers/StyleCopAnalyzers/blob/master/documentation/SA1313.md) [C:\Projects\Hazina\src\Core\Agents\Hazina.AgentFactory\Hazina.AgentFactory.csproj::TargetFramework=net10.0]
C:\Projects\Hazina\src\Core\Agents\Hazina.AgentFactory\Services\Tools\ToolRegistrationService.cs(84,13): warning CA1851: Possible multiple enumerations of 'IEnumerable' collection. Consider using an implementation that avoids multiple enumerations. (https://learn.microsoft.com/dotnet/fundamentals/code-analysis/quality-rules/ca1851) [C:\Projects\Hazina\src\Core\Agents\Hazina.AgentFactory\Hazina.AgentFactory.csproj::TargetFramework=net10.0]
C:\Projects\Hazina\src\Core\Agents\Hazina.AgentFactory\Services\Tools\ToolRegistrationService.cs(80,13): warning CA1851: Possible multiple enumerations of 'IEnumerable' collection. Consider using an implementation that avoids multiple enumerations. (https://learn.microsoft.com/dotnet/fundamentals/code-analysis/quality-rules/ca1851) [C:\Projects\Hazina\src\Core\Agents\Hazina.AgentFactory\Hazina.AgentFactory.csproj::TargetFramework=net10.0]
C:\Projects\Hazina\src\Core\Agents\Hazina.AgentFactory\Services\Tools\ToolRegistrationService.cs(88,13): warning CA1851: Possible multiple enumerations of 'IEnumerable' collection. Consider using an implementation that avoids multiple enumerations. (https://learn.microsoft.com/dotnet/fundamentals/code-analysis/quality-rules/ca1851) [C:\Projects\Hazina\src\Core\Agents\Hazina.AgentFactory\Hazina.AgentFactory.csproj::TargetFramework=net10.0]
C:\Projects\Hazina\src\Core\Agents\Hazina.AgentFactory\Core\StoresAndAgentsAndFlowLoader.cs(27,22): warning CA1849: 'File.ReadAllText(string)' synchronously blocks. Await 'File.ReadAllTextAsync(string, CancellationToken)' instead. (https://learn.microsoft.com/dotnet/fundamentals/code-analysis/quality-rules/ca1849) [C:\Projects\Hazina\src\Core\Agents\Hazina.AgentFactory\Hazina.AgentFactory.csproj::TargetFramework=net10.0]
C:\Projects\Hazina\src\Core\Agents\Hazina.AgentFactory\Core\StoresAndAgentsAndFlowLoader.cs(28,22): warning CA1849: 'File.ReadAllText(string)' synchronously blocks. Await 'File.ReadAllTextAsync(string, CancellationToken)' instead. (https://learn.microsoft.com/dotnet/fundamentals/code-analysis/quality-rules/ca1849) [C:\Projects\Hazina\src\Core\Agents\Hazina.AgentFactory\Hazina.AgentFactory.csproj::TargetFramework=net10.0]
C:\Projects\Hazina\src\Core\Agents\Hazina.AgentFactory\Core\StoresAndAgentsAndFlowLoader.cs(29,21): warning CA1849: 'File.ReadAllText(string)' synchronously blocks. Await 'File.ReadAllTextAsync(string, CancellationToken)' instead. (https://learn.microsoft.com/dotnet/fundamentals/code-analysis/quality-rules/ca1849) [C:\Projects\Hazina\src\Core\Agents\Hazina.AgentFactory\Hazina.AgentFactory.csproj::TargetFramework=net10.0]
C:\Projects\Hazina\src\Core\Agents\Hazina.AgentFactory\Configuration\Validation\ValidationDiagnostic.cs(1,1): warning SA1633: The file header is missing or not located at the top of the file. (https://github.com/DotNetAnalyzers/StyleCopAnalyzers/blob/master/documentation/SA1633.md) [C:\Projects\Hazina\src\Core\Agents\Hazina.AgentFactory\Hazina.AgentFactory.csproj::TargetFramework=net10.0]
C:\Projects\Hazina\src\Core\Agents\Hazina.AgentFactory\Core\StoresAndAgentsAndFlowLoader.cs(31,9): warning MA0004: Use Task.ConfigureAwait(false) if the current SynchronizationContext is not needed (https://github.com/meziantou/Meziantou.Analyzer/blob/main/docs/Rules/MA0004.md) [C:\Projects\Hazina\src\Core\Agents\Hazina.AgentFactory\Hazina.AgentFactory.csproj::TargetFramework=net10.0]
C:\Projects\Hazina\src\Core\Agents\Hazina.AgentFactory\Models\AgentCardModel.cs(34,86): warning SA1107: Code should not contain multiple statements on one line (https://github.com/DotNetAnalyzers/StyleCopAnalyzers/blob/master/documentation/SA1107.md) [C:\Projects\Hazina\src\Core\Agents\Hazina.AgentFactory\Hazina.AgentFactory.csproj::TargetFramework=net10.0]
C:\Projects\Hazina\src\Core\Agents\Hazina.AgentFactory\Models\AgentCardModel.cs(35,83): warning SA1107: Code should not contain multiple statements on one line (https://github.com/DotNetAnalyzers/StyleCopAnalyzers/blob/master/documentation/SA1107.md) [C:\Projects\Hazina\src\Core\Agents\Hazina.AgentFactory\Hazina.AgentFactory.csproj::TargetFramework=net10.0]
C:\Projects\Hazina\src\Core\Agents\Hazina.AgentFactory\Core\AgentFactory.cs(1,1): warning SA1633: The file header is missing or not located at the top of the file. (https://github.com/DotNetAnalyzers/StyleCopAnalyzers/blob/master/documentation/SA1633.md) [C:\Projects\Hazina\src\Core\Agents\Hazina.AgentFactory\Hazina.AgentFactory.csproj::TargetFramework=net10.0]
C:\Projects\Hazina\src\Core\Agents\Hazina.AgentFactory\Core\AgentFactory.cs(259,10): warning SA1513: Closing brace should be followed by blank line (https://github.com/DotNetAnalyzers/StyleCopAnalyzers/blob/master/documentation/SA1513.md) [C:\Projects\Hazina\src\Core\Agents\Hazina.AgentFactory\Hazina.AgentFactory.csproj::TargetFramework=net10.0]
C:\Projects\Hazina\src\Core\Agents\Hazina.AgentFactory\Core\AgentFactory.cs(321,10): warning SA1513: Closing brace should be followed by blank line (https://github.com/DotNetAnalyzers/StyleCopAnalyzers/blob/master/documentation/SA1513.md) [C:\Projects\Hazina\src\Core\Agents\Hazina.AgentFactory\Hazina.AgentFactory.csproj::TargetFramework=net10.0]
C:\Projects\Hazina\src\Core\Agents\Hazina.AgentFactory\Services\Email\IEmailService.cs(8,38): warning CA1716: In virtual/interface member IEmailService.SendEmailAsync(string, string, string, CancellationToken), rename parameter to so that it no longer conflicts with the reserved language keyword 'To'. Using a reserved keyword as the name of a parameter on a virtual/interface member makes it harder for consumers in other languages to override/implement the member. (https://learn.microsoft.com/dotnet/fundamentals/code-analysis/quality-rules/ca1716) [C:\Projects\Hazina\src\Core\Agents\Hazina.AgentFactory\Hazina.AgentFactory.csproj::TargetFramework=net10.0]
C:\Projects\Hazina\src\Core\Agents\Hazina.AgentFactory\Services\Email\IEmailService.cs(9,5): warning MA0016: Prefer using collection abstraction instead of implementation (https://github.com/meziantou/Meziantou.Analyzer/blob/main/docs/Rules/MA0016.md) [C:\Projects\Hazina\src\Core\Agents\Hazina.AgentFactory\Hazina.AgentFactory.csproj::TargetFramework=net10.0]
C:\Projects\Hazina\src\Core\Agents\Hazina.AgentFactory\Models\AgentCardModel.cs(36,75): warning SA1107: Code should not contain multiple statements on one line (https://github.com/DotNetAnalyzers/StyleCopAnalyzers/blob/master/documentation/SA1107.md) [C:\Projects\Hazina\src\Core\Agents\Hazina.AgentFactory\Hazina.AgentFactory.csproj::TargetFramework=net10.0]
C:\Projects\Hazina\src\Core\Agents\Hazina.AgentFactory\Services\Email\IEmailService.cs(13,5): warning MA0016: Prefer using collection abstraction instead of implementation (https://github.com/meziantou/Meziantou.Analyzer/blob/main/docs/Rules/MA0016.md) [C:\Projects\Hazina\src\Core\Agents\Hazina.AgentFactory\Hazina.AgentFactory.csproj::TargetFramework=net10.0]
C:\Projects\Hazina\src\Core\Agents\Hazina.AgentFactory\Core\AgentFactoryExtensions.cs(1,1): warning SA1633: The file header is missing or not located at the top of the file. (https://github.com/DotNetAnalyzers/StyleCopAnalyzers/blob/master/documentation/SA1633.md) [C:\Projects\Hazina\src\Core\Agents\Hazina.AgentFactory\Hazina.AgentFactory.csproj::TargetFramework=net10.0]
C:\Projects\Hazina\src\Core\Agents\Hazina.AgentFactory\Core\AgentManager.cs(1,1): warning SA1633: The file header is missing or not located at the top of the file. (https://github.com/DotNetAnalyzers/StyleCopAnalyzers/blob/master/documentation/SA1633.md) [C:\Projects\Hazina\src\Core\Agents\Hazina.AgentFactory\Hazina.AgentFactory.csproj::TargetFramework=net10.0]
C:\Projects\Hazina\src\Core\Agents\Hazina.AgentFactory\Core\AgentManager.cs(100,10): warning SA1513: Closing brace should be followed by blank line (https://github.com/DotNetAnalyzers/StyleCopAnalyzers/blob/master/documentation/SA1513.md) [C:\Projects\Hazina\src\Core\Agents\Hazina.AgentFactory\Hazina.AgentFactory.csproj::TargetFramework=net10.0]
C:\Projects\Hazina\src\Core\Agents\Hazina.AgentFactory\Core\AgentManager.cs(109,6): warning SA1513: Closing brace should be followed by blank line (https://github.com/DotNetAnalyzers/StyleCopAnalyzers/blob/master/documentation/SA1513.md) [C:\Projects\Hazina\src\Core\Agents\Hazina.AgentFactory\Hazina.AgentFactory.csproj::TargetFramework=net10.0]
C:\Projects\Hazina\src\Core\Agents\Hazina.AgentFactory\Core\AgentManager.cs(131,10): warning SA1513: Closing brace should be followed by blank line (https://github.com/DotNetAnalyzers/StyleCopAnalyzers/blob/master/documentation/SA1513.md) [C:\Projects\Hazina\src\Core\Agents\Hazina.AgentFactory\Hazina.AgentFactory.csproj::TargetFramework=net10.0]
C:\Projects\Hazina\src\Core\Agents\Hazina.AgentFactory\Core\AgentManager.cs(144,14): warning SA1513: Closing brace should be followed by blank line (https://github.com/DotNetAnalyzers/StyleCopAnalyzers/blob/master/documentation/SA1513.md) [C:\Projects\Hazina\src\Core\Agents\Hazina.AgentFactory\Hazina.AgentFactory.csproj::TargetFramework=net10.0]
C:\Projects\Hazina\src\Core\Agents\Hazina.AgentFactory\Core\AgentManager.cs(187,10): warning SA1513: Closing brace should be followed by blank line (https://github.com/DotNetAnalyzers/StyleCopAnalyzers/blob/master/documentation/SA1513.md) [C:\Projects\Hazina\src\Core\Agents\Hazina.AgentFactory\Hazina.AgentFactory.csproj::TargetFramework=net10.0]
C:\Projects\Hazina\src\Core\Agents\Hazina.AgentFactory\Configuration\Parsers\HazinaStoreConfigParserV2.cs(50,21): warning SA1503: Braces should not be omitted (https://github.com/DotNetAnalyzers/StyleCopAnalyzers/blob/master/documentation/SA1503.md) [C:\Projects\Hazina\src\Core\Agents\Hazina.AgentFactory\Hazina.AgentFactory.csproj::TargetFramework=net10.0]
C:\Projects\Hazina\src\Core\Agents\Hazina.AgentFactory\Configuration\Parsers\HazinaStoreConfigParserV2.cs(67,17): warning SA1503: Braces should not be omitted (https://github.com/DotNetAnalyzers/StyleCopAnalyzers/blob/master/documentation/SA1503.md) [C:\Projects\Hazina\src\Core\Agents\Hazina.AgentFactory\Hazina.AgentFactory.csproj::TargetFramework=net10.0]
C:\Projects\Hazina\src\Core\Agents\Hazina.AgentFactory\Configuration\Parsers\HazinaStoreConfigParserV2.cs(52,30): warning CA1307: 'string.IndexOf(char)' has a method overload that takes a 'StringComparison' parameter. Replace this call in 'Hazina.AgentFactory.Configuration.Parsers.HazinaStoreConfigParserV2.Parse(string)' with a call to 'string.IndexOf(char, System.StringComparison)' for clarity of intent. (https://learn.microsoft.com/dotnet/fundamentals/code-analysis/quality-rules/ca1307) [C:\Projects\Hazina\src\Core\Agents\Hazina.AgentFactory\Hazina.AgentFactory.csproj::TargetFramework=net10.0]
C:\Projects\Hazina\src\Core\Agents\Hazina.AgentFactory\Core\HazinaAgent.cs(1,1): warning SA1633: The file header is missing or not located at the top of the file. (https://github.com/DotNetAnalyzers/StyleCopAnalyzers/blob/master/documentation/SA1633.md) [C:\Projects\Hazina\src\Core\Agents\Hazina.AgentFactory\Hazina.AgentFactory.csproj::TargetFramework=net10.0]
C:\Projects\Hazina\src\Core\Agents\Hazina.AgentFactory\Core\HazinaFlow.cs(1,1): warning SA1633: The file header is missing or not located at the top of the file. (https://github.com/DotNetAnalyzers/StyleCopAnalyzers/blob/master/documentation/SA1633.md) [C:\Projects\Hazina\src\Core\Agents\Hazina.AgentFactory\Hazina.AgentFactory.csproj::TargetFramework=net10.0]
C:\Projects\Hazina\src\Core\Agents\Hazina.AgentFactory\Core\HazinaFlow.cs(12,2): warning SA1518: File is required to end with a single newline character (https://github.com/DotNetAnalyzers/StyleCopAnalyzers/blob/master/documentation/SA1518.md) [C:\Projects\Hazina\src\Core\Agents\Hazina.AgentFactory\Hazina.AgentFactory.csproj::TargetFramework=net10.0]
C:\Projects\Hazina\src\Core\Agents\Hazina.AgentFactory\Core\QuickAgentCreator.cs(1,1): warning SA1633: The file header is missing or not located at the top of the file. (https://github.com/DotNetAnalyzers/StyleCopAnalyzers/blob/master/documentation/SA1633.md) [C:\Projects\Hazina\src\Core\Agents\Hazina.AgentFactory\Hazina.AgentFactory.csproj::TargetFramework=net10.0]
C:\Projects\Hazina\src\Core\Agents\Hazina.AgentFactory\Core\StoresAndAgentsAndFlowLoader.cs(1,1): warning SA1633: The file header is missing or not located at the top of the file. (https://github.com/DotNetAnalyzers/StyleCopAnalyzers/blob/master/documentation/SA1633.md) [C:\Projects\Hazina\src\Core\Agents\Hazina.AgentFactory\Hazina.AgentFactory.csproj::TargetFramework=net10.0]
C:\Projects\Hazina\src\Core\Agents\Hazina.AgentFactory\Configuration\Parsers\HazinaAgentConfigParser.cs(174,36): warning CA1002: Change 'List<FlowConfig>' in 'HazinaFlowConfigParser.Parse(string)' to use 'Collection<T>', 'ReadOnlyCollection<T>' or 'KeyedCollection<K,V>' (https://learn.microsoft.com/dotnet/fundamentals/code-analysis/quality-rules/ca1002) [C:\Projects\Hazina\src\Core\Agents\Hazina.AgentFactory\Hazina.AgentFactory.csproj::TargetFramework=net10.0]
C:\Projects\Hazina\src\Core\Agents\Hazina.AgentFactory\Core\StoresAndAgentsAndFlowLoader.cs(68,18): warning SA1513: Closing brace should be followed by blank line (https://github.com/DotNetAnalyzers/StyleCopAnalyzers/blob/master/documentation/SA1513.md) [C:\Projects\Hazina\src\Core\Agents\Hazina.AgentFactory\Hazina.AgentFactory.csproj::TargetFramework=net10.0]
C:\Projects\Hazina\src\Core\Agents\Hazina.AgentFactory\Core\StoresAndAgentsAndFlowLoader.cs(100,10): warning SA1513: Closing brace should be followed by blank line (https://github.com/DotNetAnalyzers/StyleCopAnalyzers/blob/master/documentation/SA1513.md) [C:\Projects\Hazina\src\Core\Agents\Hazina.AgentFactory\Hazina.AgentFactory.csproj::TargetFramework=net10.0]
C:\Projects\Hazina\src\Core\Agents\Hazina.AgentFactory\Configuration\Parsers\HazinaAgentConfigParser.cs(174,19): warning MA0016: Prefer using collection abstraction instead of implementation (https://github.com/meziantou/Meziantou.Analyzer/blob/main/docs/Rules/MA0016.md) [C:\Projects\Hazina\src\Core\Agents\Hazina.AgentFactory\Hazina.AgentFactory.csproj::TargetFramework=net10.0]
C:\Projects\Hazina\src\Core\Agents\Hazina.AgentFactory\Core\StoresAndAgentsAndFlowLoader.cs(43,9): warning SA1515: Single-line comment should be preceded by blank line (https://github.com/DotNetAnalyzers/StyleCopAnalyzers/blob/master/documentation/SA1515.md) [C:\Projects\Hazina\src\Core\Agents\Hazina.AgentFactory\Hazina.AgentFactory.csproj::TargetFramework=net10.0]
C:\Projects\Hazina\src\Core\Agents\Hazina.AgentFactory\Core\StoresAndAgentsAndFlowLoader.cs(85,9): warning SA1000: The keyword 'foreach' should be followed by a space (https://github.com/DotNetAnalyzers/StyleCopAnalyzers/blob/master/documentation/SA1000.md) [C:\Projects\Hazina\src\Core\Agents\Hazina.AgentFactory\Hazina.AgentFactory.csproj::TargetFramework=net10.0]
C:\Projects\Hazina\src\Core\Agents\Hazina.AgentFactory\Core\StoresAndAgentsAndFlowLoader.cs(81,13): warning SA1009: Closing parenthesis should not be preceded by a space (https://github.com/DotNetAnalyzers/StyleCopAnalyzers/blob/master/documentation/SA1009.md) [C:\Projects\Hazina\src\Core\Agents\Hazina.AgentFactory\Hazina.AgentFactory.csproj::TargetFramework=net10.0]
C:\Projects\Hazina\src\Core\Agents\Hazina.AgentFactory\Models\AgentCardModel.cs(42,12): warning MA0026: TODO Implement add/remove logic and helper methods, following FlowCardModel patterns (https://github.com/meziantou/Meziantou.Analyzer/blob/main/docs/Rules/MA0026.md) [C:\Projects\Hazina\src\Core\Agents\Hazina.AgentFactory\Hazina.AgentFactory.csproj::TargetFramework=net10.0]
C:\Projects\Hazina\src\Core\Agents\Hazina.AgentFactory\Models\AgentCardModel.cs(42,12): warning S1135: Complete the task associated to this 'TODO' comment. (https://rules.sonarsource.com/csharp/RSPEC-1135) [C:\Projects\Hazina\src\Core\Agents\Hazina.AgentFactory\Hazina.AgentFactory.csproj::TargetFramework=net10.0]
C:\Projects\Hazina\src\Core\Agents\Hazina.AgentFactory\Core\StoresAndAgentsAndFlowLoader.cs(27,22): warning S6966: Await ReadAllTextAsync instead. (https://rules.sonarsource.com/csharp/RSPEC-6966) [C:\Projects\Hazina\src\Core\Agents\Hazina.AgentFactory\Hazina.AgentFactory.csproj::TargetFramework=net10.0]
C:\Projects\Hazina\src\Core\Agents\Hazina.AgentFactory\Models\AgentCardModel.cs(1,1): warning SA1633: The file header is missing or not located at the top of the file. (https://github.com/DotNetAnalyzers/StyleCopAnalyzers/blob/master/documentation/SA1633.md) [C:\Projects\Hazina\src\Core\Agents\Hazina.AgentFactory\Hazina.AgentFactory.csproj::TargetFramework=net10.0]
C:\Projects\Hazina\src\Core\Agents\Hazina.AgentFactory\Core\StoresAndAgentsAndFlowLoader.cs(28,22): warning S6966: Await ReadAllTextAsync instead. (https://rules.sonarsource.com/csharp/RSPEC-6966) [C:\Projects\Hazina\src\Core\Agents\Hazina.AgentFactory\Hazina.AgentFactory.csproj::TargetFramework=net10.0]
C:\Projects\Hazina\src\Core\Agents\Hazina.AgentFactory\Core\StoresAndAgentsAndFlowLoader.cs(29,21): warning S6966: Await ReadAllTextAsync instead. (https://rules.sonarsource.com/csharp/RSPEC-6966) [C:\Projects\Hazina\src\Core\Agents\Hazina.AgentFactory\Hazina.AgentFactory.csproj::TargetFramework=net10.0]
C:\Projects\Hazina\src\Core\Agents\Hazina.AgentFactory\Core\AgentFactoryExtensions.cs(11,53): warning SA1629: Documentation text should end with a period (https://github.com/DotNetAnalyzers/StyleCopAnalyzers/blob/master/documentation/SA1629.md) [C:\Projects\Hazina\src\Core\Agents\Hazina.AgentFactory\Hazina.AgentFactory.csproj::TargetFramework=net10.0]
C:\Projects\Hazina\src\Core\Agents\Hazina.AgentFactory\Models\AgentsCardsBindingModel.cs(1,1): warning S125: Remove this commented out code. (https://rules.sonarsource.com/csharp/RSPEC-125) [C:\Projects\Hazina\src\Core\Agents\Hazina.AgentFactory\Hazina.AgentFactory.csproj::TargetFramework=net10.0]
C:\Projects\Hazina\src\Core\Agents\Hazina.AgentFactory\Models\AgentsCardsBindingModel.cs(1,1): warning SA1633: The file header XML is invalid. (https://github.com/DotNetAnalyzers/StyleCopAnalyzers/blob/master/documentation/SA1633.md) [C:\Projects\Hazina\src\Core\Agents\Hazina.AgentFactory\Hazina.AgentFactory.csproj::TargetFramework=net10.0]
C:\Projects\Hazina\src\Core\Agents\Hazina.AgentFactory\Models\AgentsCardsBindingModel.cs(1,1): warning SA1005: Single line comment should begin with a space (https://github.com/DotNetAnalyzers/StyleCopAnalyzers/blob/master/documentation/SA1005.md) [C:\Projects\Hazina\src\Core\Agents\Hazina.AgentFactory\Hazina.AgentFactory.csproj::TargetFramework=net10.0]
C:\Projects\Hazina\src\Core\Agents\Hazina.AgentFactory\Models\AgentsCardsBindingModel.cs(2,1): warning SA1005: Single line comment should begin with a space (https://github.com/DotNetAnalyzers/StyleCopAnalyzers/blob/master/documentation/SA1005.md) [C:\Projects\Hazina\src\Core\Agents\Hazina.AgentFactory\Hazina.AgentFactory.csproj::TargetFramework=net10.0]
C:\Projects\Hazina\src\Core\Agents\Hazina.AgentFactory\Models\AgentsCardsBindingModel.cs(3,1): warning SA1005: Single line comment should begin with a space (https://github.com/DotNetAnalyzers/StyleCopAnalyzers/blob/master/documentation/SA1005.md) [C:\Projects\Hazina\src\Core\Agents\Hazina.AgentFactory\Hazina.AgentFactory.csproj::TargetFramework=net10.0]
C:\Projects\Hazina\src\Core\Agents\Hazina.AgentFactory\Models\AgentsCardsBindingModel.cs(4,1): warning SA1005: Single line comment should begin with a space (https://github.com/DotNetAnalyzers/StyleCopAnalyzers/blob/master/documentation/SA1005.md) [C:\Projects\Hazina\src\Core\Agents\Hazina.AgentFactory\Hazina.AgentFactory.csproj::TargetFramework=net10.0]
C:\Projects\Hazina\src\Core\Agents\Hazina.AgentFactory\Models\AgentsCardsBindingModel.cs(5,1): warning SA1005: Single line comment should begin with a space (https://github.com/DotNetAnalyzers/StyleCopAnalyzers/blob/master/documentation/SA1005.md) [C:\Projects\Hazina\src\Core\Agents\Hazina.AgentFactory\Hazina.AgentFactory.csproj::TargetFramework=net10.0]
C:\Projects\Hazina\src\Core\Agents\Hazina.AgentFactory\Core\AgentFactoryExtensions.cs(25,16): warning MA0004: Use Task.ConfigureAwait(false) if the current SynchronizationContext is not needed (https://github.com/meziantou/Meziantou.Analyzer/blob/main/docs/Rules/MA0004.md) [C:\Projects\Hazina\src\Core\Agents\Hazina.AgentFactory\Hazina.AgentFactory.csproj::TargetFramework=net10.0]
C:\Projects\Hazina\src\Core\Agents\Hazina.AgentFactory\Models\AgentsCardsBindingModel.cs(6,1): warning SA1005: Single line comment should begin with a space (https://github.com/DotNetAnalyzers/StyleCopAnalyzers/blob/master/documentation/SA1005.md) [C:\Projects\Hazina\src\Core\Agents\Hazina.AgentFactory\Hazina.AgentFactory.csproj::TargetFramework=net10.0]
C:\Projects\Hazina\src\Core\Agents\Hazina.AgentFactory\Models\AgentsCardsBindingModel.cs(8,1): warning SA1005: Single line comment should begin with a space (https://github.com/DotNetAnalyzers/StyleCopAnalyzers/blob/master/documentation/SA1005.md) [C:\Projects\Hazina\src\Core\Agents\Hazina.AgentFactory\Hazina.AgentFactory.csproj::TargetFramework=net10.0]
C:\Projects\Hazina\src\Core\Agents\Hazina.AgentFactory\Models\AgentsCardsBindingModel.cs(20,1): warning SA1005: Single line comment should begin with a space (https://github.com/DotNetAnalyzers/StyleCopAnalyzers/blob/master/documentation/SA1005.md) [C:\Projects\Hazina\src\Core\Agents\Hazina.AgentFactory\Hazina.AgentFactory.csproj::TargetFramework=net10.0]
C:\Projects\Hazina\src\Core\Agents\Hazina.AgentFactory\Models\AgentsCardsBindingModel.cs(53,1): warning SA1005: Single line comment should begin with a space (https://github.com/DotNetAnalyzers/StyleCopAnalyzers/blob/master/documentation/SA1005.md) [C:\Projects\Hazina\src\Core\Agents\Hazina.AgentFactory\Hazina.AgentFactory.csproj::TargetFramework=net10.0]
C:\Projects\Hazina\src\Core\Agents\Hazina.AgentFactory\Models\AgentsCardsBindingModel.cs(58,1): warning SA1005: Single line comment should begin with a space (https://github.com/DotNetAnalyzers/StyleCopAnalyzers/blob/master/documentation/SA1005.md) [C:\Projects\Hazina\src\Core\Agents\Hazina.AgentFactory\Hazina.AgentFactory.csproj::TargetFramework=net10.0]
C:\Projects\Hazina\src\Core\Agents\Hazina.AgentFactory\Models\BuildOutput.cs(27,13): warning S125: Remove this commented out code. (https://rules.sonarsource.com/csharp/RSPEC-125) [C:\Projects\Hazina\src\Core\Agents\Hazina.AgentFactory\Hazina.AgentFactory.csproj::TargetFramework=net10.0]
C:\Projects\Hazina\src\Core\Agents\Hazina.AgentFactory\Models\BuildOutput.cs(1,1): warning SA1633: The file header XML is invalid. (https://github.com/DotNetAnalyzers/StyleCopAnalyzers/blob/master/documentation/SA1633.md) [C:\Projects\Hazina\src\Core\Agents\Hazina.AgentFactory\Hazina.AgentFactory.csproj::TargetFramework=net10.0]
C:\Projects\Hazina\src\Core\Agents\Hazina.AgentFactory\Configuration\Parsers\HazinaStoreConfigParserV2.cs(79,9): warning CA1031: Modify 'Parse' to catch a more specific allowed exception type, or rethrow the exception (https://learn.microsoft.com/dotnet/fundamentals/code-analysis/quality-rules/ca1031) [C:\Projects\Hazina\src\Core\Agents\Hazina.AgentFactory\Hazina.AgentFactory.csproj::TargetFramework=net10.0]
C:\Projects\Hazina\src\Core\Agents\Hazina.AgentFactory\Models\BuildOutput.cs(30,13): warning SA1512: Single-line comments should not be followed by blank line (https://github.com/DotNetAnalyzers/StyleCopAnalyzers/blob/master/documentation/SA1512.md) [C:\Projects\Hazina\src\Core\Agents\Hazina.AgentFactory\Hazina.AgentFactory.csproj::TargetFramework=net10.0]
C:\Projects\Hazina\src\Core\Agents\Hazina.AgentFactory\Models\BuildOutput.cs(16,13): warning SA1515: Single-line comment should be preceded by blank line (https://github.com/DotNetAnalyzers/StyleCopAnalyzers/blob/master/documentation/SA1515.md) [C:\Projects\Hazina\src\Core\Agents\Hazina.AgentFactory\Hazina.AgentFactory.csproj::TargetFramework=net10.0]
C:\Projects\Hazina\src\Core\Agents\Hazina.AgentFactory\Models\BuildOutput.cs(16,13): warning SA1005: Single line comment should begin with a space (https://github.com/DotNetAnalyzers/StyleCopAnalyzers/blob/master/documentation/SA1005.md) [C:\Projects\Hazina\src\Core\Agents\Hazina.AgentFactory\Hazina.AgentFactory.csproj::TargetFramework=net10.0]
C:\Projects\Hazina\src\Core\Agents\Hazina.AgentFactory\Models\BuildOutput.cs(17,13): warning SA1005: Single line comment should begin with a space (https://github.com/DotNetAnalyzers/StyleCopAnalyzers/blob/master/documentation/SA1005.md) [C:\Projects\Hazina\src\Core\Agents\Hazina.AgentFactory\Hazina.AgentFactory.csproj::TargetFramework=net10.0]
C:\Projects\Hazina\src\Core\Agents\Hazina.AgentFactory\Models\BuildOutput.cs(18,13): warning SA1005: Single line comment should begin with a space (https://github.com/DotNetAnalyzers/StyleCopAnalyzers/blob/master/documentation/SA1005.md) [C:\Projects\Hazina\src\Core\Agents\Hazina.AgentFactory\Hazina.AgentFactory.csproj::TargetFramework=net10.0]
C:\Projects\Hazina\src\Core\Agents\Hazina.AgentFactory\Models\BuildOutput.cs(27,13): warning SA1005: Single line comment should begin with a space (https://github.com/DotNetAnalyzers/StyleCopAnalyzers/blob/master/documentation/SA1005.md) [C:\Projects\Hazina\src\Core\Agents\Hazina.AgentFactory\Hazina.AgentFactory.csproj::TargetFramework=net10.0]
C:\Projects\Hazina\src\Core\Agents\Hazina.AgentFactory\Models\BuildOutput.cs(28,13): warning SA1005: Single line comment should begin with a space (https://github.com/DotNetAnalyzers/StyleCopAnalyzers/blob/master/documentation/SA1005.md) [C:\Projects\Hazina\src\Core\Agents\Hazina.AgentFactory\Hazina.AgentFactory.csproj::TargetFramework=net10.0]
C:\Projects\Hazina\src\Core\Agents\Hazina.AgentFactory\Models\BuildOutput.cs(29,13): warning SA1005: Single line comment should begin with a space (https://github.com/DotNetAnalyzers/StyleCopAnalyzers/blob/master/documentation/SA1005.md) [C:\Projects\Hazina\src\Core\Agents\Hazina.AgentFactory\Hazina.AgentFactory.csproj::TargetFramework=net10.0]
C:\Projects\Hazina\src\Core\Agents\Hazina.AgentFactory\Models\BuildOutput.cs(30,13): warning SA1005: Single line comment should begin with a space (https://github.com/DotNetAnalyzers/StyleCopAnalyzers/blob/master/documentation/SA1005.md) [C:\Projects\Hazina\src\Core\Agents\Hazina.AgentFactory\Hazina.AgentFactory.csproj::TargetFramework=net10.0]
C:\Projects\Hazina\src\Core\Agents\Hazina.AgentFactory\Models\FlowCardModels.cs(1,1): warning SA1633: The file header is missing or not located at the top of the file. (https://github.com/DotNetAnalyzers/StyleCopAnalyzers/blob/master/documentation/SA1633.md) [C:\Projects\Hazina\src\Core\Agents\Hazina.AgentFactory\Hazina.AgentFactory.csproj::TargetFramework=net10.0]
C:\Projects\Hazina\src\Core\Agents\Hazina.AgentFactory\Models\FlowCardModels.cs(11,14): warning SA1649: File name should match first type name (https://github.com/DotNetAnalyzers/StyleCopAnalyzers/blob/master/documentation/SA1649.md) [C:\Projects\Hazina\src\Core\Agents\Hazina.AgentFactory\Hazina.AgentFactory.csproj::TargetFramework=net10.0]
C:\Projects\Hazina\src\Core\Agents\Hazina.AgentFactory\Models\FlowCardModels.cs(93,6): warning SA1513: Closing brace should be followed by blank line (https://github.com/DotNetAnalyzers/StyleCopAnalyzers/blob/master/documentation/SA1513.md) [C:\Projects\Hazina\src\Core\Agents\Hazina.AgentFactory\Hazina.AgentFactory.csproj::TargetFramework=net10.0]
C:\Projects\Hazina\src\Core\Agents\Hazina.AgentFactory\Models\FlowCardModels.cs(114,10): warning SA1513: Closing brace should be followed by blank line (https://github.com/DotNetAnalyzers/StyleCopAnalyzers/blob/master/documentation/SA1513.md) [C:\Projects\Hazina\src\Core\Agents\Hazina.AgentFactory\Hazina.AgentFactory.csproj::TargetFramework=net10.0]
C:\Projects\Hazina\src\Core\Agents\Hazina.AgentFactory\Models\FlowCardModels.cs(122,10): warning SA1513: Closing brace should be followed by blank line (https://github.com/DotNetAnalyzers/StyleCopAnalyzers/blob/master/documentation/SA1513.md) [C:\Projects\Hazina\src\Core\Agents\Hazina.AgentFactory\Hazina.AgentFactory.csproj::TargetFramework=net10.0]
C:\Projects\Hazina\src\Core\Agents\Hazina.AgentFactory\Models\FlowCardModels.cs(135,6): warning SA1513: Closing brace should be followed by blank line (https://github.com/DotNetAnalyzers/StyleCopAnalyzers/blob/master/documentation/SA1513.md) [C:\Projects\Hazina\src\Core\Agents\Hazina.AgentFactory\Hazina.AgentFactory.csproj::TargetFramework=net10.0]
C:\Projects\Hazina\src\Core\Agents\Hazina.AgentFactory\Models\FlowCardModels.cs(76,14): warning SA1402: File may only contain a single type (https://github.com/DotNetAnalyzers/StyleCopAnalyzers/blob/master/documentation/SA1402.md) [C:\Projects\Hazina\src\Core\Agents\Hazina.AgentFactory\Hazina.AgentFactory.csproj::TargetFramework=net10.0]
C:\Projects\Hazina\src\Core\Agents\Hazina.AgentFactory\Models\GitOutput.cs(26,75): warning SA1503: Braces should not be omitted (https://github.com/DotNetAnalyzers/StyleCopAnalyzers/blob/master/documentation/SA1503.md) [C:\Projects\Hazina\src\Core\Agents\Hazina.AgentFactory\Hazina.AgentFactory.csproj::TargetFramework=net10.0]
C:\Projects\Hazina\src\Core\Agents\Hazina.AgentFactory\Models\GitOutput.cs(27,74): warning SA1503: Braces should not be omitted (https://github.com/DotNetAnalyzers/StyleCopAnalyzers/blob/master/documentation/SA1503.md) [C:\Projects\Hazina\src\Core\Agents\Hazina.AgentFactory\Hazina.AgentFactory.csproj::TargetFramework=net10.0]
C:\Projects\Hazina\src\Core\Agents\Hazina.AgentFactory\Configuration\Parsers\HazinaStoreConfigParser.cs(44,34): warning SA1503: Braces should not be omitted (https://github.com/DotNetAnalyzers/StyleCopAnalyzers/blob/master/documentation/SA1503.md) [C:\Projects\Hazina\src\Core\Agents\Hazina.AgentFactory\Hazina.AgentFactory.csproj::TargetFramework=net10.0]
C:\Projects\Hazina\src\Core\Agents\Hazina.AgentFactory\Configuration\Parsers\HazinaStoreConfigParser.cs(47,29): warning SA1503: Braces should not be omitted (https://github.com/DotNetAnalyzers/StyleCopAnalyzers/blob/master/documentation/SA1503.md) [C:\Projects\Hazina\src\Core\Agents\Hazina.AgentFactory\Hazina.AgentFactory.csproj::TargetFramework=net10.0]
C:\Projects\Hazina\src\Core\Agents\Hazina.AgentFactory\Configuration\Parsers\HazinaStoreConfigParser.cs(65,59): warning SA1503: Braces should not be omitted (https://github.com/DotNetAnalyzers/StyleCopAnalyzers/blob/master/documentation/SA1503.md) [C:\Projects\Hazina\src\Core\Agents\Hazina.AgentFactory\Hazina.AgentFactory.csproj::TargetFramework=net10.0]
C:\Projects\Hazina\src\Core\Agents\Hazina.AgentFactory\Models\GitOutput.cs(131,75): warning SA1503: Braces should not be omitted (https://github.com/DotNetAnalyzers/StyleCopAnalyzers/blob/master/documentation/SA1503.md) [C:\Projects\Hazina\src\Core\Agents\Hazina.AgentFactory\Hazina.AgentFactory.csproj::TargetFramework=net10.0]
C:\Projects\Hazina\src\Core\Agents\Hazina.AgentFactory\Models\GitOutput.cs(132,74): warning SA1503: Braces should not be omitted (https://github.com/DotNetAnalyzers/StyleCopAnalyzers/blob/master/documentation/SA1503.md) [C:\Projects\Hazina\src\Core\Agents\Hazina.AgentFactory\Hazina.AgentFactory.csproj::TargetFramework=net10.0]
C:\Projects\Hazina\src\Core\Agents\Hazina.AgentFactory\Models\GitOutput.cs(113,18): warning SA1206: The 'static' modifier should appear before 'async' (https://github.com/DotNetAnalyzers/StyleCopAnalyzers/blob/master/documentation/SA1206.md) [C:\Projects\Hazina\src\Core\Agents\Hazina.AgentFactory\Hazina.AgentFactory.csproj::TargetFramework=net10.0]
C:\Projects\Hazina\src\Core\Agents\Hazina.AgentFactory\Configuration\Parsers\HazinaStoreConfigParser.cs(46,26): warning CA1307: 'string.IndexOf(char)' has a method overload that takes a 'StringComparison' parameter. Replace this call in 'HazinaStoreConfigParser.Parse(string)' with a call to 'string.IndexOf(char, System.StringComparison)' for clarity of intent. (https://learn.microsoft.com/dotnet/fundamentals/code-analysis/quality-rules/ca1307) [C:\Projects\Hazina\src\Core\Agents\Hazina.AgentFactory\Hazina.AgentFactory.csproj::TargetFramework=net10.0]
C:\Projects\Hazina\src\Core\Agents\Hazina.AgentFactory\Models\GitOutput.cs(142,33): warning MA0004: Use Task.ConfigureAwait(false) if the current SynchronizationContext is not needed (https://github.com/meziantou/Meziantou.Analyzer/blob/main/docs/Rules/MA0004.md) [C:\Projects\Hazina\src\Core\Agents\Hazina.AgentFactory\Hazina.AgentFactory.csproj::TargetFramework=net10.0]
C:\Projects\Hazina\src\Core\Agents\Hazina.AgentFactory\Core\AgentFactory.cs(82,13): warning CA1031: Modify '.ctor' to catch a more specific allowed exception type, or rethrow the exception (https://learn.microsoft.com/dotnet/fundamentals/code-analysis/quality-rules/ca1031) [C:\Projects\Hazina\src\Core\Agents\Hazina.AgentFactory\Hazina.AgentFactory.csproj::TargetFramework=net10.0]
C:\Projects\Hazina\src\Core\Agents\Hazina.AgentFactory\Models\GitOutput.cs(78,75): warning SA1503: Braces should not be omitted (https://github.com/DotNetAnalyzers/StyleCopAnalyzers/blob/master/documentation/SA1503.md) [C:\Projects\Hazina\src\Core\Agents\Hazina.AgentFactory\Hazina.AgentFactory.csproj::TargetFramework=net10.0]
C:\Projects\Hazina\src\Core\Agents\Hazina.AgentFactory\Models\GitOutput.cs(79,74): warning SA1503: Braces should not be omitted (https://github.com/DotNetAnalyzers/StyleCopAnalyzers/blob/master/documentation/SA1503.md) [C:\Projects\Hazina\src\Core\Agents\Hazina.AgentFactory\Hazina.AgentFactory.csproj::TargetFramework=net10.0]
C:\Projects\Hazina\src\Core\Agents\Hazina.AgentFactory\Models\GitOutput.cs(1,1): warning SA1633: The file header XML is invalid. (https://github.com/DotNetAnalyzers/StyleCopAnalyzers/blob/master/documentation/SA1633.md) [C:\Projects\Hazina\src\Core\Agents\Hazina.AgentFactory\Hazina.AgentFactory.csproj::TargetFramework=net10.0]
C:\Projects\Hazina\src\Core\Agents\Hazina.AgentFactory\Models\GitOutput.cs(109,1): warning SA1507: Code should not contain multiple blank lines in a row (https://github.com/DotNetAnalyzers/StyleCopAnalyzers/blob/master/documentation/SA1507.md) [C:\Projects\Hazina\src\Core\Agents\Hazina.AgentFactory\Hazina.AgentFactory.csproj::TargetFramework=net10.0]
C:\Projects\Hazina\src\Core\Agents\Hazina.AgentFactory\Models\GitOutput.cs(58,21): warning SA1402: File may only contain a single type (https://github.com/DotNetAnalyzers/StyleCopAnalyzers/blob/master/documentation/SA1402.md) [C:\Projects\Hazina\src\Core\Agents\Hazina.AgentFactory\Hazina.AgentFactory.csproj::TargetFramework=net10.0]
C:\Projects\Hazina\src\Core\Agents\Hazina.AgentFactory\Models\GitOutput.cs(111,21): warning SA1402: File may only contain a single type (https://github.com/DotNetAnalyzers/StyleCopAnalyzers/blob/master/documentation/SA1402.md) [C:\Projects\Hazina\src\Core\Agents\Hazina.AgentFactory\Hazina.AgentFactory.csproj::TargetFramework=net10.0]
C:\Projects\Hazina\src\Core\Agents\Hazina.AgentFactory\Models\GitOutput.cs(37,33): warning MA0004: Use Task.ConfigureAwait(false) if the current SynchronizationContext is not needed (https://github.com/meziantou/Meziantou.Analyzer/blob/main/docs/Rules/MA0004.md) [C:\Projects\Hazina\src\Core\Agents\Hazina.AgentFactory\Hazina.AgentFactory.csproj::TargetFramework=net10.0]
C:\Projects\Hazina\src\Core\Agents\Hazina.AgentFactory\Core\AgentFactoryExtensions.cs(37,66): warning SA1629: Documentation text should end with a period (https://github.com/DotNetAnalyzers/StyleCopAnalyzers/blob/master/documentation/SA1629.md) [C:\Projects\Hazina\src\Core\Agents\Hazina.AgentFactory\Hazina.AgentFactory.csproj::TargetFramework=net10.0]
C:\Projects\Hazina\src\Core\Agents\Hazina.AgentFactory\Models\GitOutput.cs(89,33): warning MA0004: Use Task.ConfigureAwait(false) if the current SynchronizationContext is not needed (https://github.com/meziantou/Meziantou.Analyzer/blob/main/docs/Rules/MA0004.md) [C:\Projects\Hazina\src\Core\Agents\Hazina.AgentFactory\Hazina.AgentFactory.csproj::TargetFramework=net10.0]
C:\Projects\Hazina\src\Core\Agents\Hazina.AgentFactory\Configuration\Parsers\HazinaAgentConfigParser.cs(190,34): warning SA1503: Braces should not be omitted (https://github.com/DotNetAnalyzers/StyleCopAnalyzers/blob/master/documentation/SA1503.md) [C:\Projects\Hazina\src\Core\Agents\Hazina.AgentFactory\Hazina.AgentFactory.csproj::TargetFramework=net10.0]
C:\Projects\Hazina\src\Core\Agents\Hazina.AgentFactory\Configuration\Parsers\HazinaAgentConfigParser.cs(192,29): warning SA1503: Braces should not be omitted (https://github.com/DotNetAnalyzers/StyleCopAnalyzers/blob/master/documentation/SA1503.md) [C:\Projects\Hazina\src\Core\Agents\Hazina.AgentFactory\Hazina.AgentFactory.csproj::TargetFramework=net10.0]
C:\Projects\Hazina\src\Core\Agents\Hazina.AgentFactory\Configuration\Parsers\HazinaAgentConfigParser.cs(204,59): warning SA1503: Braces should not be omitted (https://github.com/DotNetAnalyzers/StyleCopAnalyzers/blob/master/documentation/SA1503.md) [C:\Projects\Hazina\src\Core\Agents\Hazina.AgentFactory\Hazina.AgentFactory.csproj::TargetFramework=net10.0]
C:\Projects\Hazina\src\Core\Agents\Hazina.AgentFactory\Models\IsReadyResult.cs(1,1): warning SA1633: The file header is missing or not located at the top of the file. (https://github.com/DotNetAnalyzers/StyleCopAnalyzers/blob/master/documentation/SA1633.md) [C:\Projects\Hazina\src\Core\Agents\Hazina.AgentFactory\Hazina.AgentFactory.csproj::TargetFramework=net10.0]
C:\Projects\Hazina\src\Core\Agents\Hazina.AgentFactory\Models\IsReadyResult.cs(11,2): warning SA1518: File is required to end with a single newline character (https://github.com/DotNetAnalyzers/StyleCopAnalyzers/blob/master/documentation/SA1518.md) [C:\Projects\Hazina\src\Core\Agents\Hazina.AgentFactory\Hazina.AgentFactory.csproj::TargetFramework=net10.0]
C:\Projects\Hazina\src\Core\Agents\Hazina.AgentFactory\Configuration\Parsers\HazinaAgentConfigParser.cs(200,154): warning SA1122: Use string.Empty for empty strings (https://github.com/DotNetAnalyzers/StyleCopAnalyzers/blob/master/documentation/SA1122.md) [C:\Projects\Hazina\src\Core\Agents\Hazina.AgentFactory\Hazina.AgentFactory.csproj::TargetFramework=net10.0]
C:\Projects\Hazina\src\Core\Agents\Hazina.AgentFactory\Models\GitOutput.cs(150,17): warning CA1031: Modify 'GetDotNetOutput' to catch a more specific allowed exception type, or rethrow the exception (https://learn.microsoft.com/dotnet/fundamentals/code-analysis/quality-rules/ca1031) [C:\Projects\Hazina\src\Core\Agents\Hazina.AgentFactory\Hazina.AgentFactory.csproj::TargetFramework=net10.0]
C:\Projects\Hazina\src\Core\Agents\Hazina.AgentFactory\Core\AgentFactoryExtensions.cs(51,16): warning MA0004: Use Task.ConfigureAwait(false) if the current SynchronizationContext is not needed (https://github.com/meziantou/Meziantou.Analyzer/blob/main/docs/Rules/MA0004.md) [C:\Projects\Hazina\src\Core\Agents\Hazina.AgentFactory\Hazina.AgentFactory.csproj::TargetFramework=net10.0]
C:\Projects\Hazina\src\Core\Agents\Hazina.AgentFactory\Models\StoreEntry.cs(1,1): warning SA1633: The file header is missing or not located at the top of the file. (https://github.com/DotNetAnalyzers/StyleCopAnalyzers/blob/master/documentation/SA1633.md) [C:\Projects\Hazina\src\Core\Agents\Hazina.AgentFactory\Hazina.AgentFactory.csproj::TargetFramework=net10.0]
C:\Projects\Hazina\src\Core\Agents\Hazina.AgentFactory\Models\StoreEntry.cs(13,10): warning SA1513: Closing brace should be followed by blank line (https://github.com/DotNetAnalyzers/StyleCopAnalyzers/blob/master/documentation/SA1513.md) [C:\Projects\Hazina\src\Core\Agents\Hazina.AgentFactory\Hazina.AgentFactory.csproj::TargetFramework=net10.0]
C:\Projects\Hazina\src\Core\Agents\Hazina.AgentFactory\Models\StoreEntry.cs(18,10): warning SA1513: Closing brace should be followed by blank line (https://github.com/DotNetAnalyzers/StyleCopAnalyzers/blob/master/documentation/SA1513.md) [C:\Projects\Hazina\src\Core\Agents\Hazina.AgentFactory\Hazina.AgentFactory.csproj::TargetFramework=net10.0]
C:\Projects\Hazina\src\Core\Agents\Hazina.AgentFactory\Models\StorePaths.cs(1,1): warning SA1633: The file header XML is invalid. (https://github.com/DotNetAnalyzers/StyleCopAnalyzers/blob/master/documentation/SA1633.md) [C:\Projects\Hazina\src\Core\Agents\Hazina.AgentFactory\Hazina.AgentFactory.csproj::TargetFramework=net10.0]
C:\Projects\Hazina\src\Core\Agents\Hazina.AgentFactory\Models\StorePaths.cs(12,6): warning SA1513: Closing brace should be followed by blank line (https://github.com/DotNetAnalyzers/StyleCopAnalyzers/blob/master/documentation/SA1513.md) [C:\Projects\Hazina\src\Core\Agents\Hazina.AgentFactory\Hazina.AgentFactory.csproj::TargetFramework=net10.0]
C:\Projects\Hazina\src\Core\Agents\Hazina.AgentFactory\Models\StorePaths.cs(8,9): warning SA1000: The keyword 'if' should be followed by a space (https://github.com/DotNetAnalyzers/StyleCopAnalyzers/blob/master/documentation/SA1000.md) [C:\Projects\Hazina\src\Core\Agents\Hazina.AgentFactory\Hazina.AgentFactory.csproj::TargetFramework=net10.0]
C:\Projects\Hazina\src\Core\Agents\Hazina.AgentFactory\Models\StoreRef.cs(1,1): warning SA1633: The file header is missing or not located at the top of the file. (https://github.com/DotNetAnalyzers/StyleCopAnalyzers/blob/master/documentation/SA1633.md) [C:\Projects\Hazina\src\Core\Agents\Hazina.AgentFactory\Hazina.AgentFactory.csproj::TargetFramework=net10.0]
C:\Projects\Hazina\src\Core\Agents\Hazina.AgentFactory\Configuration\Parsers\HazinaAgentConfigParser.cs(191,26): warning CA1307: 'string.IndexOf(char)' has a method overload that takes a 'StringComparison' parameter. Replace this call in 'HazinaFlowConfigParser.Parse(string)' with a call to 'string.IndexOf(char, System.StringComparison)' for clarity of intent. (https://learn.microsoft.com/dotnet/fundamentals/code-analysis/quality-rules/ca1307) [C:\Projects\Hazina\src\Core\Agents\Hazina.AgentFactory\Hazina.AgentFactory.csproj::TargetFramework=net10.0]
C:\Projects\Hazina\src\Core\Agents\Hazina.AgentFactory\Configuration\Parsers\HazinaAgentConfigParser.cs(200,149): warning CA1820: Test for empty strings using 'string.Length' property or 'string.IsNullOrEmpty' method instead of an Equality check (https://learn.microsoft.com/dotnet/fundamentals/code-analysis/quality-rules/ca1820) [C:\Projects\Hazina\src\Core\Agents\Hazina.AgentFactory\Hazina.AgentFactory.csproj::TargetFramework=net10.0]
C:\Projects\Hazina\src\Core\Agents\Hazina.AgentFactory\Services\BigQuery\BigQueryService.cs(1,1): warning SA1633: The file header is missing or not located at the top of the file. (https://github.com/DotNetAnalyzers/StyleCopAnalyzers/blob/master/documentation/SA1633.md) [C:\Projects\Hazina\src\Core\Agents\Hazina.AgentFactory\Hazina.AgentFactory.csproj::TargetFramework=net10.0]
C:\Projects\Hazina\src\Core\Agents\Hazina.AgentFactory\Core\AgentFactory.cs(84,35): warning CA1303: Method 'AgentFactory.AgentFactory(string openAIApiKey, string logFilePath, string googleProjectId = "")' passes a literal string as parameter 'value' of a call to 'void Console.WriteLine(string? value)'. Retrieve the following string(s) from a resource table instead: "Could not load google account file". (https://learn.microsoft.com/dotnet/fundamentals/code-analysis/quality-rules/ca1303) [C:\Projects\Hazina\src\Core\Agents\Hazina.AgentFactory\Hazina.AgentFactory.csproj::TargetFramework=net10.0]
C:\Projects\Hazina\src\Core\Agents\Hazina.AgentFactory\Configuration\Validation\StoreConfigValidator.cs(47,13): warning SA1503: Braces should not be omitted (https://github.com/DotNetAnalyzers/StyleCopAnalyzers/blob/master/documentation/SA1503.md) [C:\Projects\Hazina\src\Core\Agents\Hazina.AgentFactory\Hazina.AgentFactory.csproj::TargetFramework=net10.0]
C:\Projects\Hazina\src\Core\Agents\Hazina.AgentFactory\Core\AgentFactoryExtensions.cs(63,64): warning SA1629: Documentation text should end with a period (https://github.com/DotNetAnalyzers/StyleCopAnalyzers/blob/master/documentation/SA1629.md) [C:\Projects\Hazina\src\Core\Agents\Hazina.AgentFactory\Hazina.AgentFactory.csproj::TargetFramework=net10.0]
C:\Projects\Hazina\src\Core\Agents\Hazina.AgentFactory\Services\BigQuery\IBigQueryService.cs(1,1): warning SA1633: The file header is missing or not located at the top of the file. (https://github.com/DotNetAnalyzers/StyleCopAnalyzers/blob/master/documentation/SA1633.md) [C:\Projects\Hazina\src\Core\Agents\Hazina.AgentFactory\Hazina.AgentFactory.csproj::TargetFramework=net10.0]
C:\Projects\Hazina\src\Core\Agents\Hazina.AgentFactory\Configuration\Validation\StoreConfigValidator.cs(50,35): warning CA1847: Use 'string.Contains(char)' instead of 'string.Contains(string)' when searching for a single character (https://learn.microsoft.com/dotnet/fundamentals/code-analysis/quality-rules/ca1847) [C:\Projects\Hazina\src\Core\Agents\Hazina.AgentFactory\Hazina.AgentFactory.csproj::TargetFramework=net10.0]
C:\Projects\Hazina\src\Core\Agents\Hazina.AgentFactory\Configuration\Validation\StoreConfigValidator.cs(50,66): warning CA1847: Use 'string.Contains(char)' instead of 'string.Contains(string)' when searching for a single character (https://learn.microsoft.com/dotnet/fundamentals/code-analysis/quality-rules/ca1847) [C:\Projects\Hazina\src\Core\Agents\Hazina.AgentFactory\Hazina.AgentFactory.csproj::TargetFramework=net10.0]
C:\Projects\Hazina\src\Core\Agents\Hazina.AgentFactory\Core\AgentFactoryExtensions.cs(76,21): warning MA0004: Use Task.ConfigureAwait(false) if the current SynchronizationContext is not needed (https://github.com/meziantou/Meziantou.Analyzer/blob/main/docs/Rules/MA0004.md) [C:\Projects\Hazina\src\Core\Agents\Hazina.AgentFactory\Hazina.AgentFactory.csproj::TargetFramework=net10.0]
C:\Projects\Hazina\src\Core\Agents\Hazina.AgentFactory\Configuration\Validation\StoreConfigValidator.cs(50,13): warning CA1307: 'string.Contains(string)' has a method overload that takes a 'StringComparison' parameter. Replace this call in 'Hazina.AgentFactory.Configuration.Validation.StoreConfigValidator.ValidatePath()' with a call to 'string.Contains(string, System.StringComparison)' for clarity of intent. (https://learn.microsoft.com/dotnet/fundamentals/code-analysis/quality-rules/ca1307) [C:\Projects\Hazina\src\Core\Agents\Hazina.AgentFactory\Hazina.AgentFactory.csproj::TargetFramework=net10.0]
C:\Projects\Hazina\src\Core\Agents\Hazina.AgentFactory\Configuration\Validation\StoreConfigValidator.cs(50,44): warning CA1307: 'string.Contains(string)' has a method overload that takes a 'StringComparison' parameter. Replace this call in 'Hazina.AgentFactory.Configuration.Validation.StoreConfigValidator.ValidatePath()' with a call to 'string.Contains(string, System.StringComparison)' for clarity of intent. (https://learn.microsoft.com/dotnet/fundamentals/code-analysis/quality-rules/ca1307) [C:\Projects\Hazina\src\Core\Agents\Hazina.AgentFactory\Hazina.AgentFactory.csproj::TargetFramework=net10.0]
C:\Projects\Hazina\src\Core\Agents\Hazina.AgentFactory\Configuration\Validation\StoreConfigValidator.cs(62,13): warning CA1307: 'string.Contains(string)' has a method overload that takes a 'StringComparison' parameter. Replace this call in 'Hazina.AgentFactory.Configuration.Validation.StoreConfigValidator.ValidatePath()' with a call to 'string.Contains(string, System.StringComparison)' for clarity of intent. (https://learn.microsoft.com/dotnet/fundamentals/code-analysis/quality-rules/ca1307) [C:\Projects\Hazina\src\Core\Agents\Hazina.AgentFactory\Hazina.AgentFactory.csproj::TargetFramework=net10.0]
C:\Projects\Hazina\src\Core\Agents\Hazina.AgentFactory\Services\Email\EmailDetail.cs(1,1): warning SA1633: The file header is missing or not located at the top of the file. (https://github.com/DotNetAnalyzers/StyleCopAnalyzers/blob/master/documentation/SA1633.md) [C:\Projects\Hazina\src\Core\Agents\Hazina.AgentFactory\Hazina.AgentFactory.csproj::TargetFramework=net10.0]
C:\Projects\Hazina\src\Core\Agents\Hazina.AgentFactory\Models\GitOutput.cs(45,17): warning CA1031: Modify 'GetGitOutput' to catch a more specific allowed exception type, or rethrow the exception (https://learn.microsoft.com/dotnet/fundamentals/code-analysis/quality-rules/ca1031) [C:\Projects\Hazina\src\Core\Agents\Hazina.AgentFactory\Hazina.AgentFactory.csproj::TargetFramework=net10.0]
C:\Projects\Hazina\src\Core\Agents\Hazina.AgentFactory\Services\Email\EmailService.cs(1,1): warning SA1633: The file header is missing or not located at the top of the file. (https://github.com/DotNetAnalyzers/StyleCopAnalyzers/blob/master/documentation/SA1633.md) [C:\Projects\Hazina\src\Core\Agents\Hazina.AgentFactory\Hazina.AgentFactory.csproj::TargetFramework=net10.0]
C:\Projects\Hazina\src\Core\Agents\Hazina.AgentFactory\Configuration\Parsers\HazinaStoreConfigParserV2.cs(32,25): warning CA1062: In externally visible method 'ConfigurationResult<List<StoreConfig>> HazinaStoreConfigParserV2.Parse(string input)', validate parameter 'input' is non-null before using it. If appropriate, throw an 'ArgumentNullException' when the argument is 'null'. (https://learn.microsoft.com/dotnet/fundamentals/code-analysis/quality-rules/ca1062) [C:\Projects\Hazina\src\Core\Agents\Hazina.AgentFactory\Hazina.AgentFactory.csproj::TargetFramework=net10.0]
C:\Projects\Hazina\src\Core\Agents\Hazina.AgentFactory\Core\AgentFactoryExtensions.cs(86,9): warning CA1062: In externally visible method 'Task<HazinaAgent> AgentFactoryExtensions.CreateAgentWithCustomClient(AgentFactory factory, string name, string systemPrompt, IEnumerable<(IDocumentStore Store, bool Write)> stores, IEnumerable<string> functions, IEnumerable<string> agents, IEnumerable<string> flows, ILLMClient llmClient, bool isCoder = false)', validate parameter 'factory' is non-null before using it. If appropriate, throw an 'ArgumentNullException' when the argument is 'null'. (https://learn.microsoft.com/dotnet/fundamentals/code-analysis/quality-rules/ca1062) [C:\Projects\Hazina\src\Core\Agents\Hazina.AgentFactory\Hazina.AgentFactory.csproj::TargetFramework=net10.0]
C:\Projects\Hazina\src\Core\Agents\Hazina.AgentFactory\Models\GitOutput.cs(97,17): warning CA1031: Modify 'GetNpmOutputAsync' to catch a more specific allowed exception type, or rethrow the exception (https://learn.microsoft.com/dotnet/fundamentals/code-analysis/quality-rules/ca1031) [C:\Projects\Hazina\src\Core\Agents\Hazina.AgentFactory\Hazina.AgentFactory.csproj::TargetFramework=net10.0]
C:\Projects\Hazina\src\Core\Agents\Hazina.AgentFactory\Services\Email\EmailSettings.cs(1,1): warning SA1633: The file header is missing or not located at the top of the file. (https://github.com/DotNetAnalyzers/StyleCopAnalyzers/blob/master/documentation/SA1633.md) [C:\Projects\Hazina\src\Core\Agents\Hazina.AgentFactory\Hazina.AgentFactory.csproj::TargetFramework=net10.0]
C:\Projects\Hazina\src\Core\Agents\Hazina.AgentFactory\Services\Email\EmailSummary.cs(1,1): warning SA1633: The file header is missing or not located at the top of the file. (https://github.com/DotNetAnalyzers/StyleCopAnalyzers/blob/master/documentation/SA1633.md) [C:\Projects\Hazina\src\Core\Agents\Hazina.AgentFactory\Hazina.AgentFactory.csproj::TargetFramework=net10.0]
C:\Projects\Hazina\src\Core\Agents\Hazina.AgentFactory\Services\Email\IEmailService.cs(1,1): warning SA1633: The file header is missing or not located at the top of the file. (https://github.com/DotNetAnalyzers/StyleCopAnalyzers/blob/master/documentation/SA1633.md) [C:\Projects\Hazina\src\Core\Agents\Hazina.AgentFactory\Hazina.AgentFactory.csproj::TargetFramework=net10.0]
C:\Projects\Hazina\src\Core\Agents\Hazina.AgentFactory\Configuration\Validation\StoreConfigValidator.cs(76,9): warning CA1031: Modify 'ValidatePath' to catch a more specific allowed exception type, or rethrow the exception (https://learn.microsoft.com/dotnet/fundamentals/code-analysis/quality-rules/ca1031) [C:\Projects\Hazina\src\Core\Agents\Hazina.AgentFactory\Hazina.AgentFactory.csproj::TargetFramework=net10.0]
C:\Projects\Hazina\src\Core\Agents\Hazina.AgentFactory\Configuration\Parsers\HazinaAgentConfigParser.cs(21,13): warning CA1305: The behavior of 'StringBuilder.AppendLine(ref StringBuilder.AppendInterpolatedStringHandler)' could vary based on the current user's locale settings. Replace this call in 'HazinaAgentConfigParser.Serialize(IEnumerable<AgentConfig>)' with a call to 'StringBuilder.AppendLine(IFormatProvider, ref StringBuilder.AppendInterpolatedStringHandler)'. (https://learn.microsoft.com/dotnet/fundamentals/code-analysis/quality-rules/ca1305) [C:\Projects\Hazina\src\Core\Agents\Hazina.AgentFactory\Hazina.AgentFactory.csproj::TargetFramework=net10.0]
C:\Projects\Hazina\src\Core\Agents\Hazina.AgentFactory\Configuration\Parsers\HazinaAgentConfigParser.cs(22,13): warning CA1305: The behavior of 'StringBuilder.AppendLine(ref StringBuilder.AppendInterpolatedStringHandler)' could vary based on the current user's locale settings. Replace this call in 'HazinaAgentConfigParser.Serialize(IEnumerable<AgentConfig>)' with a call to 'StringBuilder.AppendLine(IFormatProvider, ref StringBuilder.AppendInterpolatedStringHandler)'. (https://learn.microsoft.com/dotnet/fundamentals/code-analysis/quality-rules/ca1305) [C:\Projects\Hazina\src\Core\Agents\Hazina.AgentFactory\Hazina.AgentFactory.csproj::TargetFramework=net10.0]
C:\Projects\Hazina\src\Core\Agents\Hazina.AgentFactory\Configuration\Parsers\HazinaAgentConfigParser.cs(23,13): warning CA1305: The behavior of 'StringBuilder.AppendLine(ref StringBuilder.AppendInterpolatedStringHandler)' could vary based on the current user's locale settings. Replace this call in 'HazinaAgentConfigParser.Serialize(IEnumerable<AgentConfig>)' with a call to 'StringBuilder.AppendLine(IFormatProvider, ref StringBuilder.AppendInterpolatedStringHandler)'. (https://learn.microsoft.com/dotnet/fundamentals/code-analysis/quality-rules/ca1305) [C:\Projects\Hazina\src\Core\Agents\Hazina.AgentFactory\Hazina.AgentFactory.csproj::TargetFramework=net10.0]
C:\Projects\Hazina\src\Core\Agents\Hazina.AgentFactory\Configuration\Parsers\HazinaAgentConfigParser.cs(24,13): warning CA1305: The behavior of 'StringBuilder.AppendLine(ref StringBuilder.AppendInterpolatedStringHandler)' could vary based on the current user's locale settings. Replace this call in 'HazinaAgentConfigParser.Serialize(IEnumerable<AgentConfig>)' with a call to 'StringBuilder.AppendLine(IFormatProvider, ref StringBuilder.AppendInterpolatedStringHandler)'. (https://learn.microsoft.com/dotnet/fundamentals/code-analysis/quality-rules/ca1305) [C:\Projects\Hazina\src\Core\Agents\Hazina.AgentFactory\Hazina.AgentFactory.csproj::TargetFramework=net10.0]
C:\Projects\Hazina\src\Core\Agents\Hazina.AgentFactory\Configuration\Parsers\HazinaAgentConfigParser.cs(25,13): warning CA1305: The behavior of 'StringBuilder.AppendLine(ref StringBuilder.AppendInterpolatedStringHandler)' could vary based on the current user's locale settings. Replace this call in 'HazinaAgentConfigParser.Serialize(IEnumerable<AgentConfig>)' with a call to 'StringBuilder.AppendLine(IFormatProvider, ref StringBuilder.AppendInterpolatedStringHandler)'. (https://learn.microsoft.com/dotnet/fundamentals/code-analysis/quality-rules/ca1305) [C:\Projects\Hazina\src\Core\Agents\Hazina.AgentFactory\Hazina.AgentFactory.csproj::TargetFramework=net10.0]
C:\Projects\Hazina\src\Core\Agents\Hazina.AgentFactory\Configuration\Parsers\HazinaAgentConfigParser.cs(26,13): warning CA1305: The behavior of 'StringBuilder.AppendLine(ref StringBuilder.AppendInterpolatedStringHandler)' could vary based on the current user's locale settings. Replace this call in 'HazinaAgentConfigParser.Serialize(IEnumerable<AgentConfig>)' with a call to 'StringBuilder.AppendLine(IFormatProvider, ref StringBuilder.AppendInterpolatedStringHandler)'. (https://learn.microsoft.com/dotnet/fundamentals/code-analysis/quality-rules/ca1305) [C:\Projects\Hazina\src\Core\Agents\Hazina.AgentFactory\Hazina.AgentFactory.csproj::TargetFramework=net10.0]
C:\Projects\Hazina\src\Core\Agents\Hazina.AgentFactory\Configuration\Parsers\HazinaAgentConfigParser.cs(27,13): warning CA1305: The behavior of 'StringBuilder.AppendLine(ref StringBuilder.AppendInterpolatedStringHandler)' could vary based on the current user's locale settings. Replace this call in 'HazinaAgentConfigParser.Serialize(IEnumerable<AgentConfig>)' with a call to 'StringBuilder.AppendLine(IFormatProvider, ref StringBuilder.AppendInterpolatedStringHandler)'. (https://learn.microsoft.com/dotnet/fundamentals/code-analysis/quality-rules/ca1305) [C:\Projects\Hazina\src\Core\Agents\Hazina.AgentFactory\Hazina.AgentFactory.csproj::TargetFramework=net10.0]
C:\Projects\Hazina\src\Core\Agents\Hazina.AgentFactory\Configuration\Parsers\HazinaAgentConfigParser.cs(28,13): warning CA1305: The behavior of 'StringBuilder.AppendLine(ref StringBuilder.AppendInterpolatedStringHandler)' could vary based on the current user's locale settings. Replace this call in 'HazinaAgentConfigParser.Serialize(IEnumerable<AgentConfig>)' with a call to 'StringBuilder.AppendLine(IFormatProvider, ref StringBuilder.AppendInterpolatedStringHandler)'. (https://learn.microsoft.com/dotnet/fundamentals/code-analysis/quality-rules/ca1305) [C:\Projects\Hazina\src\Core\Agents\Hazina.AgentFactory\Hazina.AgentFactory.csproj::TargetFramework=net10.0]
C:\Projects\Hazina\src\Core\Agents\Hazina.AgentFactory\Services\Execution\AgentExecutionService.cs(1,1): warning SA1633: The file header is missing or not located at the top of the file. (https://github.com/DotNetAnalyzers/StyleCopAnalyzers/blob/master/documentation/SA1633.md) [C:\Projects\Hazina\src\Core\Agents\Hazina.AgentFactory\Hazina.AgentFactory.csproj::TargetFramework=net10.0]
C:\Projects\Hazina\src\Core\Agents\Hazina.AgentFactory\Services\Execution\AgentExecutionService.cs(93,10): warning SA1513: Closing brace should be followed by blank line (https://github.com/DotNetAnalyzers/StyleCopAnalyzers/blob/master/documentation/SA1513.md) [C:\Projects\Hazina\src\Core\Agents\Hazina.AgentFactory\Hazina.AgentFactory.csproj::TargetFramework=net10.0]
C:\Projects\Hazina\src\Core\Agents\Hazina.AgentFactory\Configuration\Parsers\HazinaAgentConfigParser.cs(211,58): warning SA1122: Use string.Empty for empty strings (https://github.com/DotNetAnalyzers/StyleCopAnalyzers/blob/master/documentation/SA1122.md) [C:\Projects\Hazina\src\Core\Agents\Hazina.AgentFactory\Hazina.AgentFactory.csproj::TargetFramework=net10.0]
C:\Projects\Hazina\src\Core\Agents\Hazina.AgentFactory\Configuration\Parsers\HazinaAgentConfigParser.cs(211,22): warning CA1307: 'string.Replace(string, string?)' has a method overload that takes a 'StringComparison' parameter. Replace this call in 'HazinaFlowConfigParser.EscapeMultiline(string)' with a call to 'string.Replace(string, string?, System.StringComparison)' for clarity of intent. (https://learn.microsoft.com/dotnet/fundamentals/code-analysis/quality-rules/ca1307) [C:\Projects\Hazina\src\Core\Agents\Hazina.AgentFactory\Hazina.AgentFactory.csproj::TargetFramework=net10.0]
C:\Projects\Hazina\src\Core\Agents\Hazina.AgentFactory\Configuration\Parsers\HazinaAgentConfigParser.cs(211,22): warning CA1307: 'string.Replace(string, string?)' has a method overload that takes a 'StringComparison' parameter. Replace this call in 'HazinaFlowConfigParser.EscapeMultiline(string)' with a call to 'string.Replace(string, string?, System.StringComparison)' for clarity of intent. (https://learn.microsoft.com/dotnet/fundamentals/code-analysis/quality-rules/ca1307) [C:\Projects\Hazina\src\Core\Agents\Hazina.AgentFactory\Hazina.AgentFactory.csproj::TargetFramework=net10.0]
C:\Projects\Hazina\src\Core\Agents\Hazina.AgentFactory\Core\AgentFactory.cs(130,13): warning SA1503: Braces should not be omitted (https://github.com/DotNetAnalyzers/StyleCopAnalyzers/blob/master/documentation/SA1503.md) [C:\Projects\Hazina\src\Core\Agents\Hazina.AgentFactory\Hazina.AgentFactory.csproj::TargetFramework=net10.0]
C:\Projects\Hazina\src\Core\Agents\Hazina.AgentFactory\Configuration\Parsers\HazinaAgentConfigParser.cs(213,68): warning CA1307: 'string.Replace(string, string?)' has a method overload that takes a 'StringComparison' parameter. Replace this call in 'HazinaFlowConfigParser.UnescapeMultiline(string)' with a call to 'string.Replace(string, string?, System.StringComparison)' for clarity of intent. (https://learn.microsoft.com/dotnet/fundamentals/code-analysis/quality-rules/ca1307) [C:\Projects\Hazina\src\Core\Agents\Hazina.AgentFactory\Hazina.AgentFactory.csproj::TargetFramework=net10.0]
C:\Projects\Hazina\src\Core\Agents\Hazina.AgentFactory\Core\AgentFactory.cs(125,5): warning SA1124: Do not use regions (https://github.com/DotNetAnalyzers/StyleCopAnalyzers/blob/master/documentation/SA1124.md) [C:\Projects\Hazina\src\Core\Agents\Hazina.AgentFactory\Hazina.AgentFactory.csproj::TargetFramework=net10.0]
C:\Projects\Hazina\src\Core\Agents\Hazina.AgentFactory\Configuration\Parsers\HazinaStoreConfigParser.cs(32,30): warning CA1062: In externally visible method 'List<StoreConfig> HazinaStoreConfigParser.Parse(string input)', validate parameter 'input' is non-null before using it. If appropriate, throw an 'ArgumentNullException' when the argument is 'null'. (https://learn.microsoft.com/dotnet/fundamentals/code-analysis/quality-rules/ca1062) [C:\Projects\Hazina\src\Core\Agents\Hazina.AgentFactory\Hazina.AgentFactory.csproj::TargetFramework=net10.0]
C:\Projects\Hazina\src\Core\Agents\Hazina.AgentFactory\Core\AgentFactory.cs(130,20): warning MA0004: Use Task.ConfigureAwait(false) if the current SynchronizationContext is not needed (https://github.com/meziantou/Meziantou.Analyzer/blob/main/docs/Rules/MA0004.md) [C:\Projects\Hazina\src\Core\Agents\Hazina.AgentFactory\Hazina.AgentFactory.csproj::TargetFramework=net10.0]
C:\Projects\Hazina\src\Core\Agents\Hazina.AgentFactory\Core\AgentFactory.cs(133,16): warning MA0004: Use Task.ConfigureAwait(false) if the current SynchronizationContext is not needed (https://github.com/meziantou/Meziantou.Analyzer/blob/main/docs/Rules/MA0004.md) [C:\Projects\Hazina\src\Core\Agents\Hazina.AgentFactory\Hazina.AgentFactory.csproj::TargetFramework=net10.0]
C:\Projects\Hazina\src\Core\Agents\Hazina.AgentFactory\Services\Execution\AgentExecutionService.cs(24,33): warning CA1002: Change 'List<HazinaChatMessage>' in 'AgentExecutionService.AgentExecutionService(Dictionary<string, HazinaAgent>, Dictionary<string, HazinaFlow>, List<HazinaChatMessage>, Func<bool>, Action<bool>)' to use 'Collection<T>', 'ReadOnlyCollection<T>' or 'KeyedCollection<K,V>' (https://learn.microsoft.com/dotnet/fundamentals/code-analysis/quality-rules/ca1002) [C:\Projects\Hazina\src\Core\Agents\Hazina.AgentFactory\Hazina.AgentFactory.csproj::TargetFramework=net10.0]
C:\Projects\Hazina\src\Core\Agents\Hazina.AgentFactory\Services\Execution\AgentExecutionService.cs(22,9): warning MA0016: Prefer using collection abstraction instead of implementation (https://github.com/meziantou/Meziantou.Analyzer/blob/main/docs/Rules/MA0016.md) [C:\Projects\Hazina\src\Core\Agents\Hazina.AgentFactory\Hazina.AgentFactory.csproj::TargetFramework=net10.0]
C:\Projects\Hazina\src\Core\Agents\Hazina.AgentFactory\Services\Execution\AgentExecutionService.cs(23,9): warning MA0016: Prefer using collection abstraction instead of implementation (https://github.com/meziantou/Meziantou.Analyzer/blob/main/docs/Rules/MA0016.md) [C:\Projects\Hazina\src\Core\Agents\Hazina.AgentFactory\Hazina.AgentFactory.csproj::TargetFramework=net10.0]
C:\Projects\Hazina\src\Core\Agents\Hazina.AgentFactory\Services\Execution\AgentExecutionService.cs(24,9): warning MA0016: Prefer using collection abstraction instead of implementation (https://github.com/meziantou/Meziantou.Analyzer/blob/main/docs/Rules/MA0016.md) [C:\Projects\Hazina\src\Core\Agents\Hazina.AgentFactory\Hazina.AgentFactory.csproj::TargetFramework=net10.0]
C:\Projects\Hazina\src\Core\Agents\Hazina.AgentFactory\Services\Execution\IAgentExecutionService.cs(1,1): warning SA1633: The file header is missing or not located at the top of the file. (https://github.com/DotNetAnalyzers/StyleCopAnalyzers/blob/master/documentation/SA1633.md) [C:\Projects\Hazina\src\Core\Agents\Hazina.AgentFactory\Hazina.AgentFactory.csproj::TargetFramework=net10.0]
C:\Projects\Hazina\src\Core\Agents\Hazina.AgentFactory\Core\HazinaFlow.cs(7,49): warning CA1002: Change 'List<string>' in 'HazinaFlow.HazinaFlow(string, List<string>)' to use 'Collection<T>', 'ReadOnlyCollection<T>' or 'KeyedCollection<K,V>' (https://learn.microsoft.com/dotnet/fundamentals/code-analysis/quality-rules/ca1002) [C:\Projects\Hazina\src\Core\Agents\Hazina.AgentFactory\Hazina.AgentFactory.csproj::TargetFramework=net10.0]
C:\Projects\Hazina\src\Core\Agents\Hazina.AgentFactory\Core\HazinaFlow.cs(7,36): warning MA0016: Prefer using collection abstraction instead of implementation (https://github.com/meziantou/Meziantou.Analyzer/blob/main/docs/Rules/MA0016.md) [C:\Projects\Hazina\src\Core\Agents\Hazina.AgentFactory\Hazina.AgentFactory.csproj::TargetFramework=net10.0]
C:\Projects\Hazina\src\Core\Agents\Hazina.AgentFactory\Configuration\Parsers\HazinaAgentConfigParser.cs(178,30): warning CA1062: In externally visible method 'List<FlowConfig> HazinaFlowConfigParser.Parse(string input)', validate parameter 'input' is non-null before using it. If appropriate, throw an 'ArgumentNullException' when the argument is 'null'. (https://learn.microsoft.com/dotnet/fundamentals/code-analysis/quality-rules/ca1062) [C:\Projects\Hazina\src\Core\Agents\Hazina.AgentFactory\Hazina.AgentFactory.csproj::TargetFramework=net10.0]
C:\Projects\Hazina\src\Core\Agents\Hazina.AgentFactory\Services\Tools\IToolRegistrationService.cs(1,1): warning SA1633: The file header is missing or not located at the top of the file. (https://github.com/DotNetAnalyzers/StyleCopAnalyzers/blob/master/documentation/SA1633.md) [C:\Projects\Hazina\src\Core\Agents\Hazina.AgentFactory\Hazina.AgentFactory.csproj::TargetFramework=net10.0]
C:\Projects\Hazina\src\Core\Agents\Hazina.AgentFactory\Services\Tools\Parameters\CommonToolParameters.cs(1,1): warning SA1633: The file header is missing or not located at the top of the file. (https://github.com/DotNetAnalyzers/StyleCopAnalyzers/blob/master/documentation/SA1633.md) [C:\Projects\Hazina\src\Core\Agents\Hazina.AgentFactory\Hazina.AgentFactory.csproj::TargetFramework=net10.0]
C:\Projects\Hazina\src\Core\Agents\Hazina.AgentFactory\Configuration\Validation\StoreConfigValidator.cs(84,45): warning CA1860: Prefer comparing 'Length' to 0 rather than using 'Any()', both for clarity and for performance (https://learn.microsoft.com/dotnet/fundamentals/code-analysis/quality-rules/ca1860) [C:\Projects\Hazina\src\Core\Agents\Hazina.AgentFactory\Hazina.AgentFactory.csproj::TargetFramework=net10.0]
C:\Projects\Hazina\src\Core\Agents\Hazina.AgentFactory\Configuration\Validation\StoreConfigValidator.cs(99,34): warning CA1847: Use 'string.Contains(char)' instead of 'string.Contains(string)' when searching for a single character (https://learn.microsoft.com/dotnet/fundamentals/code-analysis/quality-rules/ca1847) [C:\Projects\Hazina\src\Core\Agents\Hazina.AgentFactory\Hazina.AgentFactory.csproj::TargetFramework=net10.0]
C:\Projects\Hazina\src\Core\Agents\Hazina.AgentFactory\Configuration\Validation\StoreConfigValidator.cs(99,59): warning CA1847: Use 'string.Contains(char)' instead of 'string.Contains(string)' when searching for a single character (https://learn.microsoft.com/dotnet/fundamentals/code-analysis/quality-rules/ca1847) [C:\Projects\Hazina\src\Core\Agents\Hazina.AgentFactory\Hazina.AgentFactory.csproj::TargetFramework=net10.0]
C:\Projects\Hazina\src\Core\Agents\Hazina.AgentFactory\Core\AgentFactory.cs(139,13): warning SA1503: Braces should not be omitted (https://github.com/DotNetAnalyzers/StyleCopAnalyzers/blob/master/documentation/SA1503.md) [C:\Projects\Hazina\src\Core\Agents\Hazina.AgentFactory\Hazina.AgentFactory.csproj::TargetFramework=net10.0]
C:\Projects\Hazina\src\Core\Agents\Hazina.AgentFactory\Configuration\Validation\StoreConfigValidator.cs(99,18): warning CA1307: 'string.Contains(string)' has a method overload that takes a 'StringComparison' parameter. Replace this call in 'Hazina.AgentFactory.Configuration.Validation.StoreConfigValidator.ValidateFileFilters()' with a call to 'string.Contains(string, System.StringComparison)' for clarity of intent. (https://learn.microsoft.com/dotnet/fundamentals/code-analysis/quality-rules/ca1307) [C:\Projects\Hazina\src\Core\Agents\Hazina.AgentFactory\Hazina.AgentFactory.csproj::TargetFramework=net10.0]
C:\Projects\Hazina\src\Core\Agents\Hazina.AgentFactory\Configuration\Validation\StoreConfigValidator.cs(99,43): warning CA1307: 'string.Contains(string)' has a method overload that takes a 'StringComparison' parameter. Replace this call in 'Hazina.AgentFactory.Configuration.Validation.StoreConfigValidator.ValidateFileFilters()' with a call to 'string.Contains(string, System.StringComparison)' for clarity of intent. (https://learn.microsoft.com/dotnet/fundamentals/code-analysis/quality-rules/ca1307) [C:\Projects\Hazina\src\Core\Agents\Hazina.AgentFactory\Hazina.AgentFactory.csproj::TargetFramework=net10.0]
C:\Projects\Hazina\src\Core\Agents\Hazina.AgentFactory\Core\AgentFactory.cs(139,20): warning MA0004: Use Task.ConfigureAwait(false) if the current SynchronizationContext is not needed (https://github.com/meziantou/Meziantou.Analyzer/blob/main/docs/Rules/MA0004.md) [C:\Projects\Hazina\src\Core\Agents\Hazina.AgentFactory\Hazina.AgentFactory.csproj::TargetFramework=net10.0]
C:\Projects\Hazina\src\Core\Agents\Hazina.AgentFactory\Core\AgentFactory.cs(141,16): warning MA0004: Use Task.ConfigureAwait(false) if the current SynchronizationContext is not needed (https://github.com/meziantou/Meziantou.Analyzer/blob/main/docs/Rules/MA0004.md) [C:\Projects\Hazina\src\Core\Agents\Hazina.AgentFactory\Hazina.AgentFactory.csproj::TargetFramework=net10.0]
C:\Projects\Hazina\src\Core\Agents\Hazina.AgentFactory\Core\AgentFactoryExtensions.cs(113,13): warning S3011: Make sure that this accessibility bypass is safe here. (https://rules.sonarsource.com/csharp/RSPEC-3011) [C:\Projects\Hazina\src\Core\Agents\Hazina.AgentFactory\Hazina.AgentFactory.csproj::TargetFramework=net10.0]
C:\Projects\Hazina\src\Core\Agents\Hazina.AgentFactory\Core\AgentManager.cs(45,9): warning SA1642: Constructor summary documentation should begin with standard text (https://github.com/DotNetAnalyzers/StyleCopAnalyzers/blob/master/documentation/SA1642.md) [C:\Projects\Hazina\src\Core\Agents\Hazina.AgentFactory\Hazina.AgentFactory.csproj::TargetFramework=net10.0]
C:\Projects\Hazina\src\Core\Agents\Hazina.AgentFactory\Configuration\Parsers\HazinaStoreConfigParserV2.cs(86,18): warning MA0051: Method is too long (76 lines; maximum allowed: 60) (https://github.com/meziantou/Meziantou.Analyzer/blob/main/docs/Rules/MA0051.md) [C:\Projects\Hazina\src\Core\Agents\Hazina.AgentFactory\Hazina.AgentFactory.csproj::TargetFramework=net10.0]
C:\Projects\Hazina\src\Core\Agents\Hazina.AgentFactory\Services\Tools\ToolRegistrationService.cs(354,20): warning MA0026: TODO Make these configurable (https://github.com/meziantou/Meziantou.Analyzer/blob/main/docs/Rules/MA0026.md) [C:\Projects\Hazina\src\Core\Agents\Hazina.AgentFactory\Hazina.AgentFactory.csproj::TargetFramework=net10.0]
C:\Projects\Hazina\src\Core\Agents\Hazina.AgentFactory\Core\AgentFactory.cs(147,13): warning SA1503: Braces should not be omitted (https://github.com/DotNetAnalyzers/StyleCopAnalyzers/blob/master/documentation/SA1503.md) [C:\Projects\Hazina\src\Core\Agents\Hazina.AgentFactory\Hazina.AgentFactory.csproj::TargetFramework=net10.0]
C:\Projects\Hazina\src\Core\Agents\Hazina.AgentFactory\Configuration\Validation\StoreConfigValidator.cs(105,17): warning MA0006: Use string.Equals instead of Equals operator (https://github.com/meziantou/Meziantou.Analyzer/blob/main/docs/Rules/MA0006.md) [C:\Projects\Hazina\src\Core\Agents\Hazina.AgentFactory\Hazina.AgentFactory.csproj::TargetFramework=net10.0]
C:\Projects\Hazina\src\Core\Agents\Hazina.AgentFactory\Configuration\Validation\StoreConfigValidator.cs(105,34): warning MA0006: Use string.Equals instead of Equals operator (https://github.com/meziantou/Meziantou.Analyzer/blob/main/docs/Rules/MA0006.md) [C:\Projects\Hazina\src\Core\Agents\Hazina.AgentFactory\Hazina.AgentFactory.csproj::TargetFramework=net10.0]
C:\Projects\Hazina\src\Core\Agents\Hazina.AgentFactory\Core\AgentFactory.cs(147,20): warning MA0004: Use Task.ConfigureAwait(false) if the current SynchronizationContext is not needed (https://github.com/meziantou/Meziantou.Analyzer/blob/main/docs/Rules/MA0004.md) [C:\Projects\Hazina\src\Core\Agents\Hazina.AgentFactory\Hazina.AgentFactory.csproj::TargetFramework=net10.0]
C:\Projects\Hazina\src\Core\Agents\Hazina.AgentFactory\Core\AgentFactory.cs(149,16): warning MA0004: Use Task.ConfigureAwait(false) if the current SynchronizationContext is not needed (https://github.com/meziantou/Meziantou.Analyzer/blob/main/docs/Rules/MA0004.md) [C:\Projects\Hazina\src\Core\Agents\Hazina.AgentFactory\Hazina.AgentFactory.csproj::TargetFramework=net10.0]
C:\Projects\Hazina\src\Core\Agents\Hazina.AgentFactory\Core\QuickAgentCreator.cs(28,29): warning SA1503: Braces should not be omitted (https://github.com/DotNetAnalyzers/StyleCopAnalyzers/blob/master/documentation/SA1503.md) [C:\Projects\Hazina\src\Core\Agents\Hazina.AgentFactory\Hazina.AgentFactory.csproj::TargetFramework=net10.0]
C:\Projects\Hazina\src\Core\Agents\Hazina.AgentFactory\Core\QuickAgentCreator.cs(29,28): warning SA1503: Braces should not be omitted (https://github.com/DotNetAnalyzers/StyleCopAnalyzers/blob/master/documentation/SA1503.md) [C:\Projects\Hazina\src\Core\Agents\Hazina.AgentFactory\Hazina.AgentFactory.csproj::TargetFramework=net10.0]
C:\Projects\Hazina\src\Core\Agents\Hazina.AgentFactory\Core\QuickAgentCreator.cs(30,32): warning SA1503: Braces should not be omitted (https://github.com/DotNetAnalyzers/StyleCopAnalyzers/blob/master/documentation/SA1503.md) [C:\Projects\Hazina\src\Core\Agents\Hazina.AgentFactory\Hazina.AgentFactory.csproj::TargetFramework=net10.0]
C:\Projects\Hazina\src\Core\Agents\Hazina.AgentFactory\Core\AgentFactoryExtensions.cs(120,61): warning S1905: Remove this unnecessary cast to 'IDocumentStore'. (https://rules.sonarsource.com/csharp/RSPEC-1905) [C:\Projects\Hazina\src\Core\Agents\Hazina.AgentFactory\Hazina.AgentFactory.csproj::TargetFramework=net10.0]
C:\Projects\Hazina\src\Core\Agents\Hazina.AgentFactory\Services\Tools\ToolRegistrationService.cs(354,20): warning S1135: Complete the task associated to this 'TODO' comment. (https://rules.sonarsource.com/csharp/RSPEC-1135) [C:\Projects\Hazina\src\Core\Agents\Hazina.AgentFactory\Hazina.AgentFactory.csproj::TargetFramework=net10.0]
C:\Projects\Hazina\src\Core\Agents\Hazina.AgentFactory\Core\QuickAgentCreator.cs(31,16): warning MA0004: Use Task.ConfigureAwait(false) if the current SynchronizationContext is not needed (https://github.com/meziantou/Meziantou.Analyzer/blob/main/docs/Rules/MA0004.md) [C:\Projects\Hazina\src\Core\Agents\Hazina.AgentFactory\Hazina.AgentFactory.csproj::TargetFramework=net10.0]
C:\Projects\Hazina\src\Core\Agents\Hazina.AgentFactory\Services\Tools\ToolRegistrationService.cs(1,1): warning SA1633: The file header is missing or not located at the top of the file. (https://github.com/DotNetAnalyzers/StyleCopAnalyzers/blob/master/documentation/SA1633.md) [C:\Projects\Hazina\src\Core\Agents\Hazina.AgentFactory\Hazina.AgentFactory.csproj::TargetFramework=net10.0]
C:\Projects\Hazina\src\Core\Agents\Hazina.AgentFactory\Configuration\Validation\AgentConfigValidator.cs(15,23): warning CA1002: Change 'List<string>' in 'AgentConfigValidator.AgentConfigValidator(AgentConfig, [List<string>], [List<string>])' to use 'Collection<T>', 'ReadOnlyCollection<T>' or 'KeyedCollection<K,V>' (https://learn.microsoft.com/dotnet/fundamentals/code-analysis/quality-rules/ca1002) [C:\Projects\Hazina\src\Core\Agents\Hazina.AgentFactory\Hazina.AgentFactory.csproj::TargetFramework=net10.0]
C:\Projects\Hazina\src\Core\Agents\Hazina.AgentFactory\Configuration\Validation\AgentConfigValidator.cs(16,23): warning CA1002: Change 'List<string>' in 'AgentConfigValidator.AgentConfigValidator(AgentConfig, [List<string>], [List<string>])' to use 'Collection<T>', 'ReadOnlyCollection<T>' or 'KeyedCollection<K,V>' (https://learn.microsoft.com/dotnet/fundamentals/code-analysis/quality-rules/ca1002) [C:\Projects\Hazina\src\Core\Agents\Hazina.AgentFactory\Hazina.AgentFactory.csproj::TargetFramework=net10.0]
C:\Projects\Hazina\src\Core\Agents\Hazina.AgentFactory\Configuration\Validation\AgentConfigValidator.cs(15,9): warning MA0016: Prefer using collection abstraction instead of implementation (https://github.com/meziantou/Meziantou.Analyzer/blob/main/docs/Rules/MA0016.md) [C:\Projects\Hazina\src\Core\Agents\Hazina.AgentFactory\Hazina.AgentFactory.csproj::TargetFramework=net10.0]
C:\Projects\Hazina\src\Core\Agents\Hazina.AgentFactory\Configuration\Validation\AgentConfigValidator.cs(16,9): warning MA0016: Prefer using collection abstraction instead of implementation (https://github.com/meziantou/Meziantou.Analyzer/blob/main/docs/Rules/MA0016.md) [C:\Projects\Hazina\src\Core\Agents\Hazina.AgentFactory\Hazina.AgentFactory.csproj::TargetFramework=net10.0]
C:\Projects\Hazina\src\Core\Agents\Hazina.AgentFactory\Services\Tools\ToolRegistrationService.cs(72,14): warning SA1513: Closing brace should be followed by blank line (https://github.com/DotNetAnalyzers/StyleCopAnalyzers/blob/master/documentation/SA1513.md) [C:\Projects\Hazina\src\Core\Agents\Hazina.AgentFactory\Hazina.AgentFactory.csproj::TargetFramework=net10.0]
C:\Projects\Hazina\src\Core\Agents\Hazina.AgentFactory\Services\Tools\ToolRegistrationService.cs(76,14): warning SA1513: Closing brace should be followed by blank line (https://github.com/DotNetAnalyzers/StyleCopAnalyzers/blob/master/documentation/SA1513.md) [C:\Projects\Hazina\src\Core\Agents\Hazina.AgentFactory\Hazina.AgentFactory.csproj::TargetFramework=net10.0]
C:\Projects\Hazina\src\Core\Agents\Hazina.AgentFactory\Services\Tools\ToolRegistrationService.cs(83,10): warning SA1513: Closing brace should be followed by blank line (https://github.com/DotNetAnalyzers/StyleCopAnalyzers/blob/master/documentation/SA1513.md) [C:\Projects\Hazina\src\Core\Agents\Hazina.AgentFactory\Hazina.AgentFactory.csproj::TargetFramework=net10.0]
C:\Projects\Hazina\src\Core\Agents\Hazina.AgentFactory\Services\Tools\ToolRegistrationService.cs(87,10): warning SA1513: Closing brace should be followed by blank line (https://github.com/DotNetAnalyzers/StyleCopAnalyzers/blob/master/documentation/SA1513.md) [C:\Projects\Hazina\src\Core\Agents\Hazina.AgentFactory\Hazina.AgentFactory.csproj::TargetFramework=net10.0]
C:\Projects\Hazina\src\Core\Agents\Hazina.AgentFactory\Core\AgentFactoryExtensions.cs(91,77): warning SA1629: Documentation text should end with a period (https://github.com/DotNetAnalyzers/StyleCopAnalyzers/blob/master/documentation/SA1629.md) [C:\Projects\Hazina\src\Core\Agents\Hazina.AgentFactory\Hazina.AgentFactory.csproj::TargetFramework=net10.0]
C:\Projects\Hazina\src\Core\Agents\Hazina.AgentFactory\Services\Tools\ToolRegistrationService.cs(195,22): warning SA1513: Closing brace should be followed by blank line (https://github.com/DotNetAnalyzers/StyleCopAnalyzers/blob/master/documentation/SA1513.md) [C:\Projects\Hazina\src\Core\Agents\Hazina.AgentFactory\Hazina.AgentFactory.csproj::TargetFramework=net10.0]
C:\Projects\Hazina\src\Core\Agents\Hazina.AgentFactory\Services\Tools\ToolRegistrationService.cs(255,22): warning SA1513: Closing brace should be followed by blank line (https://github.com/DotNetAnalyzers/StyleCopAnalyzers/blob/master/documentation/SA1513.md) [C:\Projects\Hazina\src\Core\Agents\Hazina.AgentFactory\Hazina.AgentFactory.csproj::TargetFramework=net10.0]
C:\Projects\Hazina\src\Core\Agents\Hazina.AgentFactory\Services\Tools\ToolRegistrationService.cs(275,22): warning SA1513: Closing brace should be followed by blank line (https://github.com/DotNetAnalyzers/StyleCopAnalyzers/blob/master/documentation/SA1513.md) [C:\Projects\Hazina\src\Core\Agents\Hazina.AgentFactory\Hazina.AgentFactory.csproj::TargetFramework=net10.0]
C:\Projects\Hazina\src\Core\Agents\Hazina.AgentFactory\Services\Tools\ToolRegistrationService.cs(580,26): warning SA1513: Closing brace should be followed by blank line (https://github.com/DotNetAnalyzers/StyleCopAnalyzers/blob/master/documentation/SA1513.md) [C:\Projects\Hazina\src\Core\Agents\Hazina.AgentFactory\Hazina.AgentFactory.csproj::TargetFramework=net10.0]
C:\Projects\Hazina\src\Core\Agents\Hazina.AgentFactory\Services\Tools\ToolRegistrationService.cs(625,22): warning SA1513: Closing brace should be followed by blank line (https://github.com/DotNetAnalyzers/StyleCopAnalyzers/blob/master/documentation/SA1513.md) [C:\Projects\Hazina\src\Core\Agents\Hazina.AgentFactory\Hazina.AgentFactory.csproj::TargetFramework=net10.0]
C:\Projects\Hazina\src\Core\Agents\Hazina.AgentFactory\Services\Email\EmailService.cs(41,58): warning CA2016: Forward the 'cancel' parameter to the 'GetFolder' method or pass in 'CancellationToken.None' explicitly to indicate intentionally not propagating the token (https://learn.microsoft.com/dotnet/fundamentals/code-analysis/quality-rules/ca2016) [C:\Projects\Hazina\src\Core\Agents\Hazina.AgentFactory\Hazina.AgentFactory.csproj::TargetFramework=net10.0]
C:\Projects\Hazina\src\Core\Agents\Hazina.AgentFactory\Services\Email\EmailService.cs(42,15): warning CA2016: Forward the 'cancel' parameter to the 'OpenAsync' method or pass in 'CancellationToken.None' explicitly to indicate intentionally not propagating the token (https://learn.microsoft.com/dotnet/fundamentals/code-analysis/quality-rules/ca2016) [C:\Projects\Hazina\src\Core\Agents\Hazina.AgentFactory\Hazina.AgentFactory.csproj::TargetFramework=net10.0]
C:\Projects\Hazina\src\Core\Agents\Hazina.AgentFactory\Core\AgentFactory.cs(155,13): warning SA1503: Braces should not be omitted (https://github.com/DotNetAnalyzers/StyleCopAnalyzers/blob/master/documentation/SA1503.md) [C:\Projects\Hazina\src\Core\Agents\Hazina.AgentFactory\Hazina.AgentFactory.csproj::TargetFramework=net10.0]
C:\Projects\Hazina\src\Core\Agents\Hazina.AgentFactory\Core\AgentFactory.cs(155,20): warning MA0004: Use Task.ConfigureAwait(false) if the current SynchronizationContext is not needed (https://github.com/meziantou/Meziantou.Analyzer/blob/main/docs/Rules/MA0004.md) [C:\Projects\Hazina\src\Core\Agents\Hazina.AgentFactory\Hazina.AgentFactory.csproj::TargetFramework=net10.0]
C:\Projects\Hazina\src\Core\Agents\Hazina.AgentFactory\Core\AgentFactory.cs(157,16): warning MA0004: Use Task.ConfigureAwait(false) if the current SynchronizationContext is not needed (https://github.com/meziantou/Meziantou.Analyzer/blob/main/docs/Rules/MA0004.md) [C:\Projects\Hazina\src\Core\Agents\Hazina.AgentFactory\Hazina.AgentFactory.csproj::TargetFramework=net10.0]
C:\Projects\Hazina\src\Core\Agents\Hazina.AgentFactory\Services\Email\EmailService.cs(41,58): warning CA1849: 'ImapClient.GetFolder(string, CancellationToken)' synchronously blocks. Await 'ImapClient.GetFolderAsync(string, CancellationToken)' instead. (https://learn.microsoft.com/dotnet/fundamentals/code-analysis/quality-rules/ca1849) [C:\Projects\Hazina\src\Core\Agents\Hazina.AgentFactory\Hazina.AgentFactory.csproj::TargetFramework=net10.0]
C:\Projects\Hazina\src\Core\Agents\Hazina.AgentFactory\Configuration\Parsers\HazinaAgentConfigParser.cs(220,47): warning SA1503: Braces should not be omitted (https://github.com/DotNetAnalyzers/StyleCopAnalyzers/blob/master/documentation/SA1503.md) [C:\Projects\Hazina\src\Core\Agents\Hazina.AgentFactory\Hazina.AgentFactory.csproj::TargetFramework=net10.0]
C:\Projects\Hazina\src\Core\Agents\Hazina.AgentFactory\Configuration\Parsers\HazinaAgentConfigParser.cs(223,13): warning SA1503: Braces should not be omitted (https://github.com/DotNetAnalyzers/StyleCopAnalyzers/blob/master/documentation/SA1503.md) [C:\Projects\Hazina\src\Core\Agents\Hazina.AgentFactory\Hazina.AgentFactory.csproj::TargetFramework=net10.0]
C:\Projects\Hazina\src\Core\Agents\Hazina.AgentFactory\Configuration\Parsers\HazinaStoreConfigParserV2.cs(86,18): warning S2325: Make 'ParseField' a static method. (https://rules.sonarsource.com/csharp/RSPEC-2325) [C:\Projects\Hazina\src\Core\Agents\Hazina.AgentFactory\Hazina.AgentFactory.csproj::TargetFramework=net10.0]
C:\Projects\Hazina\src\Core\Agents\Hazina.AgentFactory\Services\BigQuery\BigQueryService.cs(36,30): warning CA2016: Forward the 'cancel' parameter to the 'ExecuteQueryAsync' method or pass in 'CancellationToken.None' explicitly to indicate intentionally not propagating the token (https://learn.microsoft.com/dotnet/fundamentals/code-analysis/quality-rules/ca2016) [C:\Projects\Hazina\src\Core\Agents\Hazina.AgentFactory\Hazina.AgentFactory.csproj::TargetFramework=net10.0]
C:\Projects\Hazina\src\Core\Agents\Hazina.AgentFactory\Services\BigQuery\BigQueryService.cs(39,30): warning CA2016: Forward the 'cancel' parameter to the 'ExecuteQueryAsync' method or pass in 'CancellationToken.None' explicitly to indicate intentionally not propagating the token (https://learn.microsoft.com/dotnet/fundamentals/code-analysis/quality-rules/ca2016) [C:\Projects\Hazina\src\Core\Agents\Hazina.AgentFactory\Hazina.AgentFactory.csproj::TargetFramework=net10.0]
C:\Projects\Hazina\src\Core\Agents\Hazina.AgentFactory\Services\Email\EmailService.cs(31,9): warning MA0004: Use Task.ConfigureAwait(false) if the current SynchronizationContext is not needed (https://github.com/meziantou/Meziantou.Analyzer/blob/main/docs/Rules/MA0004.md) [C:\Projects\Hazina\src\Core\Agents\Hazina.AgentFactory\Hazina.AgentFactory.csproj::TargetFramework=net10.0]
C:\Projects\Hazina\src\Core\Agents\Hazina.AgentFactory\Services\Email\EmailService.cs(32,9): warning MA0004: Use Task.ConfigureAwait(false) if the current SynchronizationContext is not needed (https://github.com/meziantou/Meziantou.Analyzer/blob/main/docs/Rules/MA0004.md) [C:\Projects\Hazina\src\Core\Agents\Hazina.AgentFactory\Hazina.AgentFactory.csproj::TargetFramework=net10.0]
C:\Projects\Hazina\src\Core\Agents\Hazina.AgentFactory\Services\Email\EmailService.cs(33,9): warning MA0004: Use Task.ConfigureAwait(false) if the current SynchronizationContext is not needed (https://github.com/meziantou/Meziantou.Analyzer/blob/main/docs/Rules/MA0004.md) [C:\Projects\Hazina\src\Core\Agents\Hazina.AgentFactory\Hazina.AgentFactory.csproj::TargetFramework=net10.0]
C:\Projects\Hazina\src\Core\Agents\Hazina.AgentFactory\Services\Email\EmailService.cs(34,9): warning MA0004: Use Task.ConfigureAwait(false) if the current SynchronizationContext is not needed (https://github.com/meziantou/Meziantou.Analyzer/blob/main/docs/Rules/MA0004.md) [C:\Projects\Hazina\src\Core\Agents\Hazina.AgentFactory\Hazina.AgentFactory.csproj::TargetFramework=net10.0]
C:\Projects\Hazina\src\Core\Agents\Hazina.AgentFactory\Services\Email\EmailService.cs(38,9): warning MA0004: Use Task.ConfigureAwait(false) if the current SynchronizationContext is not needed (https://github.com/meziantou/Meziantou.Analyzer/blob/main/docs/Rules/MA0004.md) [C:\Projects\Hazina\src\Core\Agents\Hazina.AgentFactory\Hazina.AgentFactory.csproj::TargetFramework=net10.0]
C:\Projects\Hazina\src\Core\Agents\Hazina.AgentFactory\Services\BigQuery\BigQueryService.cs(36,24): warning MA0004: Use Task.ConfigureAwait(false) if the current SynchronizationContext is not needed (https://github.com/meziantou/Meziantou.Analyzer/blob/main/docs/Rules/MA0004.md) [C:\Projects\Hazina\src\Core\Agents\Hazina.AgentFactory\Hazina.AgentFactory.csproj::TargetFramework=net10.0]
C:\Projects\Hazina\src\Core\Agents\Hazina.AgentFactory\Services\Email\EmailService.cs(39,9): warning MA0004: Use Task.ConfigureAwait(false) if the current SynchronizationContext is not needed (https://github.com/meziantou/Meziantou.Analyzer/blob/main/docs/Rules/MA0004.md) [C:\Projects\Hazina\src\Core\Agents\Hazina.AgentFactory\Hazina.AgentFactory.csproj::TargetFramework=net10.0]
C:\Projects\Hazina\src\Core\Agents\Hazina.AgentFactory\Services\Email\EmailService.cs(42,9): warning MA0004: Use Task.ConfigureAwait(false) if the current SynchronizationContext is not needed (https://github.com/meziantou/Meziantou.Analyzer/blob/main/docs/Rules/MA0004.md) [C:\Projects\Hazina\src\Core\Agents\Hazina.AgentFactory\Hazina.AgentFactory.csproj::TargetFramework=net10.0]
C:\Projects\Hazina\src\Core\Agents\Hazina.AgentFactory\Services\Email\EmailService.cs(43,9): warning MA0004: Use Task.ConfigureAwait(false) if the current SynchronizationContext is not needed (https://github.com/meziantou/Meziantou.Analyzer/blob/main/docs/Rules/MA0004.md) [C:\Projects\Hazina\src\Core\Agents\Hazina.AgentFactory\Hazina.AgentFactory.csproj::TargetFramework=net10.0]
C:\Projects\Hazina\src\Core\Agents\Hazina.AgentFactory\Services\BigQuery\BigQueryService.cs(39,24): warning MA0004: Use Task.ConfigureAwait(false) if the current SynchronizationContext is not needed (https://github.com/meziantou/Meziantou.Analyzer/blob/main/docs/Rules/MA0004.md) [C:\Projects\Hazina\src\Core\Agents\Hazina.AgentFactory\Hazina.AgentFactory.csproj::TargetFramework=net10.0]
C:\Projects\Hazina\src\Core\Agents\Hazina.AgentFactory\Services\Email\EmailService.cs(44,9): warning MA0004: Use Task.ConfigureAwait(false) if the current SynchronizationContext is not needed (https://github.com/meziantou/Meziantou.Analyzer/blob/main/docs/Rules/MA0004.md) [C:\Projects\Hazina\src\Core\Agents\Hazina.AgentFactory\Hazina.AgentFactory.csproj::TargetFramework=net10.0]
C:\Projects\Hazina\src\Core\Agents\Hazina.AgentFactory\Core\QuickAgentCreator.cs(34,60): warning CA1002: Change 'List<string>' in 'QuickAgentCreator.CreateFlow(string, List<string>)' to use 'Collection<T>', 'ReadOnlyCollection<T>' or 'KeyedCollection<K,V>' (https://learn.microsoft.com/dotnet/fundamentals/code-analysis/quality-rules/ca1002) [C:\Projects\Hazina\src\Core\Agents\Hazina.AgentFactory\Hazina.AgentFactory.csproj::TargetFramework=net10.0]
C:\Projects\Hazina\src\Core\Agents\Hazina.AgentFactory\Core\QuickAgentCreator.cs(34,47): warning MA0016: Prefer using collection abstraction instead of implementation (https://github.com/meziantou/Meziantou.Analyzer/blob/main/docs/Rules/MA0016.md) [C:\Projects\Hazina\src\Core\Agents\Hazina.AgentFactory\Hazina.AgentFactory.csproj::TargetFramework=net10.0]
C:\Projects\Hazina\src\Core\Agents\Hazina.AgentFactory\Core\AgentFactoryExtensions.cs(122,13): warning CA1851: Possible multiple enumerations of 'IEnumerable' collection. Consider using an implementation that avoids multiple enumerations. (https://learn.microsoft.com/dotnet/fundamentals/code-analysis/quality-rules/ca1851) [C:\Projects\Hazina\src\Core\Agents\Hazina.AgentFactory\Hazina.AgentFactory.csproj::TargetFramework=net10.0]
C:\Projects\Hazina\src\Core\Agents\Hazina.AgentFactory\Core\AgentFactoryExtensions.cs(120,26): warning CA1851: Possible multiple enumerations of 'IEnumerable' collection. Consider using an implementation that avoids multiple enumerations. (https://learn.microsoft.com/dotnet/fundamentals/code-analysis/quality-rules/ca1851) [C:\Projects\Hazina\src\Core\Agents\Hazina.AgentFactory\Hazina.AgentFactory.csproj::TargetFramework=net10.0]
C:\Projects\Hazina\src\Core\Agents\Hazina.AgentFactory\Configuration\Validation\StoreConfigValidator.cs(153,58): warning S6605: Collection-specific "Exists" method should be used instead of the "Any" extension. (https://rules.sonarsource.com/csharp/RSPEC-6605) [C:\Projects\Hazina\src\Core\Agents\Hazina.AgentFactory\Hazina.AgentFactory.csproj::TargetFramework=net10.0]
C:\Projects\Hazina\src\Core\Agents\Hazina.AgentFactory\Configuration\Parsers\HazinaAgentConfigParser.cs(228,36): warning CA1002: Change 'List<FlowConfig>' in 'HazinaFlowConfigParser.LoadFromFile(string)' to use 'Collection<T>', 'ReadOnlyCollection<T>' or 'KeyedCollection<K,V>' (https://learn.microsoft.com/dotnet/fundamentals/code-analysis/quality-rules/ca1002) [C:\Projects\Hazina\src\Core\Agents\Hazina.AgentFactory\Hazina.AgentFactory.csproj::TargetFramework=net10.0]
C:\Projects\Hazina\src\Core\Agents\Hazina.AgentFactory\Configuration\Parsers\HazinaAgentConfigParser.cs(228,19): warning MA0016: Prefer using collection abstraction instead of implementation (https://github.com/meziantou/Meziantou.Analyzer/blob/main/docs/Rules/MA0016.md) [C:\Projects\Hazina\src\Core\Agents\Hazina.AgentFactory\Hazina.AgentFactory.csproj::TargetFramework=net10.0]
C:\Projects\Hazina\src\Core\Agents\Hazina.AgentFactory\Core\AgentManager.cs(95,13): warning MA0004: Use Task.ConfigureAwait(false) if the current SynchronizationContext is not needed (https://github.com/meziantou/Meziantou.Analyzer/blob/main/docs/Rules/MA0004.md) [C:\Projects\Hazina\src\Core\Agents\Hazina.AgentFactory\Hazina.AgentFactory.csproj::TargetFramework=net10.0]
C:\Projects\Hazina\src\Core\Agents\Hazina.AgentFactory\Core\AgentManager.cs(99,13): warning MA0004: Use Task.ConfigureAwait(false) if the current SynchronizationContext is not needed (https://github.com/meziantou/Meziantou.Analyzer/blob/main/docs/Rules/MA0004.md) [C:\Projects\Hazina\src\Core\Agents\Hazina.AgentFactory\Hazina.AgentFactory.csproj::TargetFramework=net10.0]
C:\Projects\Hazina\src\Core\Agents\Hazina.AgentFactory\Core\AgentManager.cs(108,24): warning S6602: "Find" method should be used instead of the "FirstOrDefault" extension method. (https://rules.sonarsource.com/csharp/RSPEC-6602) [C:\Projects\Hazina\src\Core\Agents\Hazina.AgentFactory\Hazina.AgentFactory.csproj::TargetFramework=net10.0]
C:\Projects\Hazina\src\Core\Agents\Hazina.AgentFactory\Services\Execution\AgentExecutionService.cs(58,35): warning S6602: "Find" method should be used instead of the "FirstOrDefault" extension method. (https://rules.sonarsource.com/csharp/RSPEC-6602) [C:\Projects\Hazina\src\Core\Agents\Hazina.AgentFactory\Hazina.AgentFactory.csproj::TargetFramework=net10.0]
C:\Projects\Hazina\src\Core\Agents\Hazina.AgentFactory\Services\BigQuery\BigQueryService.cs(50,13): warning SA1503: Braces should not be omitted (https://github.com/DotNetAnalyzers/StyleCopAnalyzers/blob/master/documentation/SA1503.md) [C:\Projects\Hazina\src\Core\Agents\Hazina.AgentFactory\Hazina.AgentFactory.csproj::TargetFramework=net10.0]
C:\Projects\Hazina\src\Core\Agents\Hazina.AgentFactory\Services\BigQuery\BigQueryService.cs(54,28): warning CA2016: Forward the 'cancel' parameter to the 'ExecuteQueryAsync' method or pass in 'CancellationToken.None' explicitly to indicate intentionally not propagating the token (https://learn.microsoft.com/dotnet/fundamentals/code-analysis/quality-rules/ca2016) [C:\Projects\Hazina\src\Core\Agents\Hazina.AgentFactory\Hazina.AgentFactory.csproj::TargetFramework=net10.0]
C:\Projects\Hazina\src\Core\Agents\Hazina.AgentFactory\Configuration\Parsers\HazinaAgentConfigParser.cs(238,19): warning S112: 'System.Exception' should not be thrown by user code. (https://rules.sonarsource.com/csharp/RSPEC-112) [C:\Projects\Hazina\src\Core\Agents\Hazina.AgentFactory\Hazina.AgentFactory.csproj::TargetFramework=net10.0]
C:\Projects\Hazina\src\Core\Agents\Hazina.AgentFactory\Configuration\Parsers\HazinaAgentConfigParser.cs(230,33): warning SA1503: Braces should not be omitted (https://github.com/DotNetAnalyzers/StyleCopAnalyzers/blob/master/documentation/SA1503.md) [C:\Projects\Hazina\src\Core\Agents\Hazina.AgentFactory\Hazina.AgentFactory.csproj::TargetFramework=net10.0]
C:\Projects\Hazina\src\Core\Agents\Hazina.AgentFactory\Configuration\Parsers\HazinaAgentConfigParser.cs(238,19): warning CA2201: Exception type System.Exception is not sufficiently specific (https://learn.microsoft.com/dotnet/fundamentals/code-analysis/quality-rules/ca2201) [C:\Projects\Hazina\src\Core\Agents\Hazina.AgentFactory\Hazina.AgentFactory.csproj::TargetFramework=net10.0]
C:\Projects\Hazina\src\Core\Agents\Hazina.AgentFactory\Services\BigQuery\BigQueryService.cs(54,22): warning MA0004: Use Task.ConfigureAwait(false) if the current SynchronizationContext is not needed (https://github.com/meziantou/Meziantou.Analyzer/blob/main/docs/Rules/MA0004.md) [C:\Projects\Hazina\src\Core\Agents\Hazina.AgentFactory\Hazina.AgentFactory.csproj::TargetFramework=net10.0]
C:\Projects\Hazina\src\Core\Agents\Hazina.AgentFactory\Configuration\Parsers\HazinaAgentConfigParser.cs(19,31): warning CA1062: In externally visible method 'string HazinaAgentConfigParser.Serialize(IEnumerable<AgentConfig> agents)', validate parameter 'agents' is non-null before using it. If appropriate, throw an 'ArgumentNullException' when the argument is 'null'. (https://learn.microsoft.com/dotnet/fundamentals/code-analysis/quality-rules/ca1062) [C:\Projects\Hazina\src\Core\Agents\Hazina.AgentFactory\Hazina.AgentFactory.csproj::TargetFramework=net10.0]
C:\Projects\Hazina\src\Core\Agents\Hazina.AgentFactory\Core\AgentManager.cs(108,44): warning MA0006: Use string.Equals instead of Equals operator (https://github.com/meziantou/Meziantou.Analyzer/blob/main/docs/Rules/MA0006.md) [C:\Projects\Hazina\src\Core\Agents\Hazina.AgentFactory\Hazina.AgentFactory.csproj::TargetFramework=net10.0]
C:\Projects\Hazina\src\Core\Agents\Hazina.AgentFactory\Core\StoresAndAgentsAndFlowLoader.cs(64,37): warning S6602: "Find" method should be used instead of the "FirstOrDefault" extension method. (https://rules.sonarsource.com/csharp/RSPEC-6602) [C:\Projects\Hazina\src\Core\Agents\Hazina.AgentFactory\Hazina.AgentFactory.csproj::TargetFramework=net10.0]
C:\Projects\Hazina\src\Core\Agents\Hazina.AgentFactory\Services\Email\EmailService.cs(24,23): warning CA2000: Call System.IDisposable.Dispose on object created by 'new MimeMessage()' before all references to it are out of scope (https://learn.microsoft.com/dotnet/fundamentals/code-analysis/quality-rules/ca2000) [C:\Projects\Hazina\src\Core\Agents\Hazina.AgentFactory\Hazina.AgentFactory.csproj::TargetFramework=net10.0]
C:\Projects\Hazina\src\Core\Agents\Hazina.AgentFactory\Configuration\Parsers\HazinaStoreConfigParserV2.cs(168,19): warning S2325: Make 'Serialize' a static method. (https://rules.sonarsource.com/csharp/RSPEC-2325) [C:\Projects\Hazina\src\Core\Agents\Hazina.AgentFactory\Hazina.AgentFactory.csproj::TargetFramework=net10.0]
C:\Projects\Hazina\src\Core\Agents\Hazina.AgentFactory\Core\AgentManager.cs(112,23): warning S6602: "Find" method should be used instead of the "FirstOrDefault" extension method. (https://rules.sonarsource.com/csharp/RSPEC-6602) [C:\Projects\Hazina\src\Core\Agents\Hazina.AgentFactory\Hazina.AgentFactory.csproj::TargetFramework=net10.0]
C:\Projects\Hazina\src\Core\Agents\Hazina.AgentFactory\Configuration\Validation\StoreConfigValidator.cs(142,26): warning S6610: "StartsWith" overloads that take a "char" should be used (https://rules.sonarsource.com/csharp/RSPEC-6610) [C:\Projects\Hazina\src\Core\Agents\Hazina.AgentFactory\Hazina.AgentFactory.csproj::TargetFramework=net10.0]
C:\Projects\Hazina\src\Core\Agents\Hazina.AgentFactory\Configuration\Parsers\HazinaStoreConfigParserV2.cs(120,21): warning SA1503: Braces should not be omitted (https://github.com/DotNetAnalyzers/StyleCopAnalyzers/blob/master/documentation/SA1503.md) [C:\Projects\Hazina\src\Core\Agents\Hazina.AgentFactory\Hazina.AgentFactory.csproj::TargetFramework=net10.0]
C:\Projects\Hazina\src\Core\Agents\Hazina.AgentFactory\Configuration\Parsers\HazinaStoreConfigParserV2.cs(122,21): warning SA1503: Braces should not be omitted (https://github.com/DotNetAnalyzers/StyleCopAnalyzers/blob/master/documentation/SA1503.md) [C:\Projects\Hazina\src\Core\Agents\Hazina.AgentFactory\Hazina.AgentFactory.csproj::TargetFramework=net10.0]
C:\Projects\Hazina\src\Core\Agents\Hazina.AgentFactory\Configuration\Parsers\HazinaStoreConfigParserV2.cs(127,21): warning SA1503: Braces should not be omitted (https://github.com/DotNetAnalyzers/StyleCopAnalyzers/blob/master/documentation/SA1503.md) [C:\Projects\Hazina\src\Core\Agents\Hazina.AgentFactory\Hazina.AgentFactory.csproj::TargetFramework=net10.0]
C:\Projects\Hazina\src\Core\Agents\Hazina.AgentFactory\Configuration\Parsers\HazinaStoreConfigParserV2.cs(129,21): warning SA1503: Braces should not be omitted (https://github.com/DotNetAnalyzers/StyleCopAnalyzers/blob/master/documentation/SA1503.md) [C:\Projects\Hazina\src\Core\Agents\Hazina.AgentFactory\Hazina.AgentFactory.csproj::TargetFramework=net10.0]
C:\Projects\Hazina\src\Core\Agents\Hazina.AgentFactory\Configuration\Parsers\HazinaStoreConfigParserV2.cs(134,21): warning SA1503: Braces should not be omitted (https://github.com/DotNetAnalyzers/StyleCopAnalyzers/blob/master/documentation/SA1503.md) [C:\Projects\Hazina\src\Core\Agents\Hazina.AgentFactory\Hazina.AgentFactory.csproj::TargetFramework=net10.0]
C:\Projects\Hazina\src\Core\Agents\Hazina.AgentFactory\Configuration\Parsers\HazinaStoreConfigParserV2.cs(136,21): warning SA1503: Braces should not be omitted (https://github.com/DotNetAnalyzers/StyleCopAnalyzers/blob/master/documentation/SA1503.md) [C:\Projects\Hazina\src\Core\Agents\Hazina.AgentFactory\Hazina.AgentFactory.csproj::TargetFramework=net10.0]
C:\Projects\Hazina\src\Core\Agents\Hazina.AgentFactory\Configuration\Parsers\HazinaStoreConfigParserV2.cs(147,21): warning SA1503: Braces should not be omitted (https://github.com/DotNetAnalyzers/StyleCopAnalyzers/blob/master/documentation/SA1503.md) [C:\Projects\Hazina\src\Core\Agents\Hazina.AgentFactory\Hazina.AgentFactory.csproj::TargetFramework=net10.0]
C:\Projects\Hazina\src\Core\Agents\Hazina.AgentFactory\Configuration\Parsers\HazinaStoreConfigParserV2.cs(149,21): warning SA1503: Braces should not be omitted (https://github.com/DotNetAnalyzers/StyleCopAnalyzers/blob/master/documentation/SA1503.md) [C:\Projects\Hazina\src\Core\Agents\Hazina.AgentFactory\Hazina.AgentFactory.csproj::TargetFramework=net10.0]
C:\Projects\Hazina\src\Core\Agents\Hazina.AgentFactory\Configuration\Parsers\HazinaStoreConfigParserV2.cs(154,21): warning SA1503: Braces should not be omitted (https://github.com/DotNetAnalyzers/StyleCopAnalyzers/blob/master/documentation/SA1503.md) [C:\Projects\Hazina\src\Core\Agents\Hazina.AgentFactory\Hazina.AgentFactory.csproj::TargetFramework=net10.0]
C:\Projects\Hazina\src\Core\Agents\Hazina.AgentFactory\Configuration\Parsers\HazinaStoreConfigParserV2.cs(156,21): warning SA1503: Braces should not be omitted (https://github.com/DotNetAnalyzers/StyleCopAnalyzers/blob/master/documentation/SA1503.md) [C:\Projects\Hazina\src\Core\Agents\Hazina.AgentFactory\Hazina.AgentFactory.csproj::TargetFramework=net10.0]
C:\Projects\Hazina\src\Core\Agents\Hazina.AgentFactory\Configuration\Validation\StoreConfigValidator.cs(131,74): warning SA1108: Block statements should not contain embedded comments (https://github.com/DotNetAnalyzers/StyleCopAnalyzers/blob/master/documentation/SA1108.md) [C:\Projects\Hazina\src\Core\Agents\Hazina.AgentFactory\Hazina.AgentFactory.csproj::TargetFramework=net10.0]
C:\Projects\Hazina\src\Core\Agents\Hazina.AgentFactory\Services\Email\EmailService.cs(41,58): warning S6966: Await GetFolderAsync instead. (https://rules.sonarsource.com/csharp/RSPEC-6966) [C:\Projects\Hazina\src\Core\Agents\Hazina.AgentFactory\Hazina.AgentFactory.csproj::TargetFramework=net10.0]
C:\Projects\Hazina\src\Core\Agents\Hazina.AgentFactory\Configuration\Validation\StoreConfigValidator.cs(142,36): warning CA1866: Use 'string.StartsWith(char)' instead of 'string.StartsWith(string)' when you have a string with a single char (https://learn.microsoft.com/dotnet/fundamentals/code-analysis/quality-rules/ca1866) [C:\Projects\Hazina\src\Core\Agents\Hazina.AgentFactory\Hazina.AgentFactory.csproj::TargetFramework=net10.0]
C:\Projects\Hazina\src\Core\Agents\Hazina.AgentFactory\Configuration\Validation\StoreConfigValidator.cs(138,50): warning CA1860: Prefer comparing 'Length' to 0 rather than using 'Any()', both for clarity and for performance (https://learn.microsoft.com/dotnet/fundamentals/code-analysis/quality-rules/ca1860) [C:\Projects\Hazina\src\Core\Agents\Hazina.AgentFactory\Hazina.AgentFactory.csproj::TargetFramework=net10.0]
C:\Projects\Hazina\src\Core\Agents\Hazina.AgentFactory\Configuration\Validation\StoreConfigValidator.cs(154,46): warning CA1308: In method 'ValidateSafetySettings', replace the call to 'ToLowerInvariant' with 'ToUpperInvariant' (https://learn.microsoft.com/dotnet/fundamentals/code-analysis/quality-rules/ca1308) [C:\Projects\Hazina\src\Core\Agents\Hazina.AgentFactory\Hazina.AgentFactory.csproj::TargetFramework=net10.0]
C:\Projects\Hazina\src\Core\Agents\Hazina.AgentFactory\Configuration\Validation\StoreConfigValidator.cs(142,22): warning CA1310: The behavior of 'string.StartsWith(string)' could vary based on the current user's locale settings. Replace this call in 'Hazina.AgentFactory.Configuration.Validation.StoreConfigValidator.ValidateSafetySettings()' with a call to 'string.StartsWith(string, System.StringComparison)'. (https://learn.microsoft.com/dotnet/fundamentals/code-analysis/quality-rules/ca1310) [C:\Projects\Hazina\src\Core\Agents\Hazina.AgentFactory\Hazina.AgentFactory.csproj::TargetFramework=net10.0]
C:\Projects\Hazina\src\Core\Agents\Hazina.AgentFactory\Tests\HazinaAgentConfigParserTests.cs(1,1): warning S125: Remove this commented out code. (https://rules.sonarsource.com/csharp/RSPEC-125) [C:\Projects\Hazina\src\Core\Agents\Hazina.AgentFactory\Hazina.AgentFactory.csproj::TargetFramework=net10.0]
C:\Projects\Hazina\src\Core\Agents\Hazina.AgentFactory\Tests\HazinaAgentConfigParserTests.cs(1,1): warning SA1633: The file header XML is invalid. (https://github.com/DotNetAnalyzers/StyleCopAnalyzers/blob/master/documentation/SA1633.md) [C:\Projects\Hazina\src\Core\Agents\Hazina.AgentFactory\Hazina.AgentFactory.csproj::TargetFramework=net10.0]
C:\Projects\Hazina\src\Core\Agents\Hazina.AgentFactory\Tests\HazinaAgentConfigParserTests.cs(1,1): warning SA1005: Single line comment should begin with a space (https://github.com/DotNetAnalyzers/StyleCopAnalyzers/blob/master/documentation/SA1005.md) [C:\Projects\Hazina\src\Core\Agents\Hazina.AgentFactory\Hazina.AgentFactory.csproj::TargetFramework=net10.0]
C:\Projects\Hazina\src\Core\Agents\Hazina.AgentFactory\Tests\HazinaAgentConfigParserTests.cs(2,1): warning SA1005: Single line comment should begin with a space (https://github.com/DotNetAnalyzers/StyleCopAnalyzers/blob/master/documentation/SA1005.md) [C:\Projects\Hazina\src\Core\Agents\Hazina.AgentFactory\Hazina.AgentFactory.csproj::TargetFramework=net10.0]
C:\Projects\Hazina\src\Core\Agents\Hazina.AgentFactory\Tests\HazinaAgentConfigParserTests.cs(3,1): warning SA1005: Single line comment should begin with a space (https://github.com/DotNetAnalyzers/StyleCopAnalyzers/blob/master/documentation/SA1005.md) [C:\Projects\Hazina\src\Core\Agents\Hazina.AgentFactory\Hazina.AgentFactory.csproj::TargetFramework=net10.0]
C:\Projects\Hazina\src\Core\Agents\Hazina.AgentFactory\Tests\HazinaAgentConfigParserTests.cs(4,1): warning SA1005: Single line comment should begin with a space (https://github.com/DotNetAnalyzers/StyleCopAnalyzers/blob/master/documentation/SA1005.md) [C:\Projects\Hazina\src\Core\Agents\Hazina.AgentFactory\Hazina.AgentFactory.csproj::TargetFramework=net10.0]
C:\Projects\Hazina\src\Core\Agents\Hazina.AgentFactory\Tests\HazinaAgentConfigParserTests.cs(6,1): warning SA1005: Single line comment should begin with a space (https://github.com/DotNetAnalyzers/StyleCopAnalyzers/blob/master/documentation/SA1005.md) [C:\Projects\Hazina\src\Core\Agents\Hazina.AgentFactory\Hazina.AgentFactory.csproj::TargetFramework=net10.0]
C:\Projects\Hazina\src\Core\Agents\Hazina.AgentFactory\Tests\HazinaAgentConfigParserTests.cs(7,1): warning SA1005: Single line comment should begin with a space (https://github.com/DotNetAnalyzers/StyleCopAnalyzers/blob/master/documentation/SA1005.md) [C:\Projects\Hazina\src\Core\Agents\Hazina.AgentFactory\Hazina.AgentFactory.csproj::TargetFramework=net10.0]
C:\Projects\Hazina\src\Core\Agents\Hazina.AgentFactory\Tests\HazinaAgentConfigParserTests.cs(41,1): warning SA1005: Single line comment should begin with a space (https://github.com/DotNetAnalyzers/StyleCopAnalyzers/blob/master/documentation/SA1005.md) [C:\Projects\Hazina\src\Core\Agents\Hazina.AgentFactory\Hazina.AgentFactory.csproj::TargetFramework=net10.0]
C:\Projects\Hazina\src\Core\Agents\Hazina.AgentFactory\Tests\HazinaAgentConfigParserTests.cs(58,1): warning SA1005: Single line comment should begin with a space (https://github.com/DotNetAnalyzers/StyleCopAnalyzers/blob/master/documentation/SA1005.md) [C:\Projects\Hazina\src\Core\Agents\Hazina.AgentFactory\Hazina.AgentFactory.csproj::TargetFramework=net10.0]
C:\Projects\Hazina\src\Core\Agents\Hazina.AgentFactory\Tests\HazinaAgentConfigParserTests.cs(136,1): warning SA1005: Single line comment should begin with a space (https://github.com/DotNetAnalyzers/StyleCopAnalyzers/blob/master/documentation/SA1005.md) [C:\Projects\Hazina\src\Core\Agents\Hazina.AgentFactory\Hazina.AgentFactory.csproj::TargetFramework=net10.0]
C:\Projects\Hazina\src\Core\Agents\Hazina.AgentFactory\Tests\HazinaStoreConfigParserTests.cs(1,1): warning S125: Remove this commented out code. (https://rules.sonarsource.com/csharp/RSPEC-125) [C:\Projects\Hazina\src\Core\Agents\Hazina.AgentFactory\Hazina.AgentFactory.csproj::TargetFramework=net10.0]
C:\Projects\Hazina\src\Core\Agents\Hazina.AgentFactory\Tests\HazinaStoreConfigParserTests.cs(1,1): warning SA1633: The file header XML is invalid. (https://github.com/DotNetAnalyzers/StyleCopAnalyzers/blob/master/documentation/SA1633.md) [C:\Projects\Hazina\src\Core\Agents\Hazina.AgentFactory\Hazina.AgentFactory.csproj::TargetFramework=net10.0]
C:\Projects\Hazina\src\Core\Agents\Hazina.AgentFactory\Tests\HazinaStoreConfigParserTests.cs(1,1): warning SA1005: Single line comment should begin with a space (https://github.com/DotNetAnalyzers/StyleCopAnalyzers/blob/master/documentation/SA1005.md) [C:\Projects\Hazina\src\Core\Agents\Hazina.AgentFactory\Hazina.AgentFactory.csproj::TargetFramework=net10.0]
C:\Projects\Hazina\src\Core\Agents\Hazina.AgentFactory\Tests\HazinaStoreConfigParserTests.cs(2,1): warning SA1005: Single line comment should begin with a space (https://github.com/DotNetAnalyzers/StyleCopAnalyzers/blob/master/documentation/SA1005.md) [C:\Projects\Hazina\src\Core\Agents\Hazina.AgentFactory\Hazina.AgentFactory.csproj::TargetFramework=net10.0]
C:\Projects\Hazina\src\Core\Agents\Hazina.AgentFactory\Tests\HazinaStoreConfigParserTests.cs(3,1): warning SA1005: Single line comment should begin with a space (https://github.com/DotNetAnalyzers/StyleCopAnalyzers/blob/master/documentation/SA1005.md) [C:\Projects\Hazina\src\Core\Agents\Hazina.AgentFactory\Hazina.AgentFactory.csproj::TargetFramework=net10.0]
C:\Projects\Hazina\src\Core\Agents\Hazina.AgentFactory\Tests\HazinaStoreConfigParserTests.cs(5,1): warning SA1005: Single line comment should begin with a space (https://github.com/DotNetAnalyzers/StyleCopAnalyzers/blob/master/documentation/SA1005.md) [C:\Projects\Hazina\src\Core\Agents\Hazina.AgentFactory\Hazina.AgentFactory.csproj::TargetFramework=net10.0]
C:\Projects\Hazina\src\Core\Agents\Hazina.AgentFactory\Tests\HazinaStoreConfigParserTests.cs(6,1): warning SA1005: Single line comment should begin with a space (https://github.com/DotNetAnalyzers/StyleCopAnalyzers/blob/master/documentation/SA1005.md) [C:\Projects\Hazina\src\Core\Agents\Hazina.AgentFactory\Hazina.AgentFactory.csproj::TargetFramework=net10.0]
C:\Projects\Hazina\src\Core\Agents\Hazina.AgentFactory\Tests\HazinaStoreConfigParserTests.cs(8,1): warning SA1005: Single line comment should begin with a space (https://github.com/DotNetAnalyzers/StyleCopAnalyzers/blob/master/documentation/SA1005.md) [C:\Projects\Hazina\src\Core\Agents\Hazina.AgentFactory\Hazina.AgentFactory.csproj::TargetFramework=net10.0]
C:\Projects\Hazina\src\Core\Agents\Hazina.AgentFactory\Tests\HazinaStoreConfigParserTests.cs(9,1): warning SA1005: Single line comment should begin with a space (https://github.com/DotNetAnalyzers/StyleCopAnalyzers/blob/master/documentation/SA1005.md) [C:\Projects\Hazina\src\Core\Agents\Hazina.AgentFactory\Hazina.AgentFactory.csproj::TargetFramework=net10.0]
C:\Projects\Hazina\src\Core\Agents\Hazina.AgentFactory\Tests\HazinaStoreConfigParserTests.cs(10,1): warning SA1005: Single line comment should begin with a space (https://github.com/DotNetAnalyzers/StyleCopAnalyzers/blob/master/documentation/SA1005.md) [C:\Projects\Hazina\src\Core\Agents\Hazina.AgentFactory\Hazina.AgentFactory.csproj::TargetFramework=net10.0]
C:\Projects\Hazina\src\Core\Agents\Hazina.AgentFactory\Tests\HazinaStoreConfigParserTests.cs(11,1): warning SA1005: Single line comment should begin with a space (https://github.com/DotNetAnalyzers/StyleCopAnalyzers/blob/master/documentation/SA1005.md) [C:\Projects\Hazina\src\Core\Agents\Hazina.AgentFactory\Hazina.AgentFactory.csproj::TargetFramework=net10.0]
C:\Projects\Hazina\src\Core\Agents\Hazina.AgentFactory\Tests\HazinaStoreConfigParserTests.cs(12,1): warning SA1005: Single line comment should begin with a space (https://github.com/DotNetAnalyzers/StyleCopAnalyzers/blob/master/documentation/SA1005.md) [C:\Projects\Hazina\src\Core\Agents\Hazina.AgentFactory\Hazina.AgentFactory.csproj::TargetFramework=net10.0]
C:\Projects\Hazina\src\Core\Agents\Hazina.AgentFactory\Tests\HazinaStoreConfigParserTests.cs(14,1): warning SA1005: Single line comment should begin with a space (https://github.com/DotNetAnalyzers/StyleCopAnalyzers/blob/master/documentation/SA1005.md) [C:\Projects\Hazina\src\Core\Agents\Hazina.AgentFactory\Hazina.AgentFactory.csproj::TargetFramework=net10.0]
C:\Projects\Hazina\src\Core\Agents\Hazina.AgentFactory\Tests\HazinaStoreConfigParserTests.cs(15,1): warning SA1005: Single line comment should begin with a space (https://github.com/DotNetAnalyzers/StyleCopAnalyzers/blob/master/documentation/SA1005.md) [C:\Projects\Hazina\src\Core\Agents\Hazina.AgentFactory\Hazina.AgentFactory.csproj::TargetFramework=net10.0]
C:\Projects\Hazina\src\Core\Agents\Hazina.AgentFactory\Tests\HazinaStoreConfigParserTests.cs(16,1): warning SA1005: Single line comment should begin with a space (https://github.com/DotNetAnalyzers/StyleCopAnalyzers/blob/master/documentation/SA1005.md) [C:\Projects\Hazina\src\Core\Agents\Hazina.AgentFactory\Hazina.AgentFactory.csproj::TargetFramework=net10.0]
C:\Projects\Hazina\src\Core\Agents\Hazina.AgentFactory\Tests\HazinaStoreConfigParserTests.cs(17,1): warning SA1005: Single line comment should begin with a space (https://github.com/DotNetAnalyzers/StyleCopAnalyzers/blob/master/documentation/SA1005.md) [C:\Projects\Hazina\src\Core\Agents\Hazina.AgentFactory\Hazina.AgentFactory.csproj::TargetFramework=net10.0]
C:\Projects\Hazina\src\Core\Agents\Hazina.AgentFactory\Tests\HazinaStoreConfigParserTests.cs(18,1): warning SA1005: Single line comment should begin with a space (https://github.com/DotNetAnalyzers/StyleCopAnalyzers/blob/master/documentation/SA1005.md) [C:\Projects\Hazina\src\Core\Agents\Hazina.AgentFactory\Hazina.AgentFactory.csproj::TargetFramework=net10.0]
C:\Projects\Hazina\src\Core\Agents\Hazina.AgentFactory\Tests\HazinaStoreConfigParserTests.cs(19,1): warning SA1005: Single line comment should begin with a space (https://github.com/DotNetAnalyzers/StyleCopAnalyzers/blob/master/documentation/SA1005.md) [C:\Projects\Hazina\src\Core\Agents\Hazina.AgentFactory\Hazina.AgentFactory.csproj::TargetFramework=net10.0]
C:\Projects\Hazina\src\Core\Agents\Hazina.AgentFactory\Tests\HazinaStoreConfigParserTests.cs(20,1): warning SA1005: Single line comment should begin with a space (https://github.com/DotNetAnalyzers/StyleCopAnalyzers/blob/master/documentation/SA1005.md) [C:\Projects\Hazina\src\Core\Agents\Hazina.AgentFactory\Hazina.AgentFactory.csproj::TargetFramework=net10.0]
C:\Projects\Hazina\src\Core\Agents\Hazina.AgentFactory\Tests\HazinaStoreConfigParserTests.cs(22,1): warning SA1005: Single line comment should begin with a space (https://github.com/DotNetAnalyzers/StyleCopAnalyzers/blob/master/documentation/SA1005.md) [C:\Projects\Hazina\src\Core\Agents\Hazina.AgentFactory\Hazina.AgentFactory.csproj::TargetFramework=net10.0]
C:\Projects\Hazina\src\Core\Agents\Hazina.AgentFactory\Tests\HazinaStoreConfigParserTests.cs(31,1): warning SA1005: Single line comment should begin with a space (https://github.com/DotNetAnalyzers/StyleCopAnalyzers/blob/master/documentation/SA1005.md) [C:\Projects\Hazina\src\Core\Agents\Hazina.AgentFactory\Hazina.AgentFactory.csproj::TargetFramework=net10.0]
C:\Projects\Hazina\src\Core\Agents\Hazina.AgentFactory\Tests\HazinaStoreConfigParserTests.cs(52,1): warning SA1005: Single line comment should begin with a space (https://github.com/DotNetAnalyzers/StyleCopAnalyzers/blob/master/documentation/SA1005.md) [C:\Projects\Hazina\src\Core\Agents\Hazina.AgentFactory\Hazina.AgentFactory.csproj::TargetFramework=net10.0]
C:\Projects\Hazina\src\Core\Agents\Hazina.AgentFactory\Tests\HazinaStoreConfigParserTests.cs(60,1): warning SA1005: Single line comment should begin with a space (https://github.com/DotNetAnalyzers/StyleCopAnalyzers/blob/master/documentation/SA1005.md) [C:\Projects\Hazina\src\Core\Agents\Hazina.AgentFactory\Hazina.AgentFactory.csproj::TargetFramework=net10.0]
C:\Projects\Hazina\src\Core\Agents\Hazina.AgentFactory\Tests\HazinaStoreConfigParserTests.cs(18,16): warning SA1028: Code should not contain trailing whitespace (https://github.com/DotNetAnalyzers/StyleCopAnalyzers/blob/master/documentation/SA1028.md) [C:\Projects\Hazina\src\Core\Agents\Hazina.AgentFactory\Hazina.AgentFactory.csproj::TargetFramework=net10.0]
C:\Projects\Hazina\src\Core\Agents\Hazina.AgentFactory\Tests\HazinaStoreConfigParserTests.cs(19,18): warning SA1028: Code should not contain trailing whitespace (https://github.com/DotNetAnalyzers/StyleCopAnalyzers/blob/master/documentation/SA1028.md) [C:\Projects\Hazina\src\Core\Agents\Hazina.AgentFactory\Hazina.AgentFactory.csproj::TargetFramework=net10.0]
C:\Projects\Hazina\src\Core\Agents\Hazina.AgentFactory\Services\Execution\AgentExecutionService.cs(59,32): warning SA1503: Braces should not be omitted (https://github.com/DotNetAnalyzers/StyleCopAnalyzers/blob/master/documentation/SA1503.md) [C:\Projects\Hazina\src\Core\Agents\Hazina.AgentFactory\Hazina.AgentFactory.csproj::TargetFramework=net10.0]
C:\Projects\Hazina\src\Core\Agents\Hazina.AgentFactory\Tests\StoreConfigFormatHelperTests.cs(1,1): warning S125: Remove this commented out code. (https://rules.sonarsource.com/csharp/RSPEC-125) [C:\Projects\Hazina\src\Core\Agents\Hazina.AgentFactory\Hazina.AgentFactory.csproj::TargetFramework=net10.0]
C:\Projects\Hazina\src\Core\Agents\Hazina.AgentFactory\Tests\StoreConfigFormatHelperTests.cs(1,1): warning SA1633: The file header XML is invalid. (https://github.com/DotNetAnalyzers/StyleCopAnalyzers/blob/master/documentation/SA1633.md) [C:\Projects\Hazina\src\Core\Agents\Hazina.AgentFactory\Hazina.AgentFactory.csproj::TargetFramework=net10.0]
C:\Projects\Hazina\src\Core\Agents\Hazina.AgentFactory\Tests\StoreConfigFormatHelperTests.cs(1,1): warning SA1005: Single line comment should begin with a space (https://github.com/DotNetAnalyzers/StyleCopAnalyzers/blob/master/documentation/SA1005.md) [C:\Projects\Hazina\src\Core\Agents\Hazina.AgentFactory\Hazina.AgentFactory.csproj::TargetFramework=net10.0]
C:\Projects\Hazina\src\Core\Agents\Hazina.AgentFactory\Tests\StoreConfigFormatHelperTests.cs(2,1): warning SA1005: Single line comment should begin with a space (https://github.com/DotNetAnalyzers/StyleCopAnalyzers/blob/master/documentation/SA1005.md) [C:\Projects\Hazina\src\Core\Agents\Hazina.AgentFactory\Hazina.AgentFactory.csproj::TargetFramework=net10.0]
C:\Projects\Hazina\src\Core\Agents\Hazina.AgentFactory\Tests\StoreConfigFormatHelperTests.cs(3,1): warning SA1005: Single line comment should begin with a space (https://github.com/DotNetAnalyzers/StyleCopAnalyzers/blob/master/documentation/SA1005.md) [C:\Projects\Hazina\src\Core\Agents\Hazina.AgentFactory\Hazina.AgentFactory.csproj::TargetFramework=net10.0]
C:\Projects\Hazina\src\Core\Agents\Hazina.AgentFactory\Tests\StoreConfigFormatHelperTests.cs(5,1): warning SA1005: Single line comment should begin with a space (https://github.com/DotNetAnalyzers/StyleCopAnalyzers/blob/master/documentation/SA1005.md) [C:\Projects\Hazina\src\Core\Agents\Hazina.AgentFactory\Hazina.AgentFactory.csproj::TargetFramework=net10.0]
C:\Projects\Hazina\src\Core\Agents\Hazina.AgentFactory\Tests\StoreConfigFormatHelperTests.cs(6,1): warning SA1005: Single line comment should begin with a space (https://github.com/DotNetAnalyzers/StyleCopAnalyzers/blob/master/documentation/SA1005.md) [C:\Projects\Hazina\src\Core\Agents\Hazina.AgentFactory\Hazina.AgentFactory.csproj::TargetFramework=net10.0]
C:\Projects\Hazina\src\Core\Agents\Hazina.AgentFactory\Tests\StoreConfigFormatHelperTests.cs(11,1): warning SA1005: Single line comment should begin with a space (https://github.com/DotNetAnalyzers/StyleCopAnalyzers/blob/master/documentation/SA1005.md) [C:\Projects\Hazina\src\Core\Agents\Hazina.AgentFactory\Hazina.AgentFactory.csproj::TargetFramework=net10.0]
C:\Projects\Hazina\src\Core\Agents\Hazina.AgentFactory\Tests\StoreConfigFormatHelperTests.cs(13,1): warning SA1005: Single line comment should begin with a space (https://github.com/DotNetAnalyzers/StyleCopAnalyzers/blob/master/documentation/SA1005.md) [C:\Projects\Hazina\src\Core\Agents\Hazina.AgentFactory\Hazina.AgentFactory.csproj::TargetFramework=net10.0]
C:\Projects\Hazina\src\Core\Agents\Hazina.AgentFactory\Tests\StoreConfigFormatHelperTests.cs(15,1): warning SA1005: Single line comment should begin with a space (https://github.com/DotNetAnalyzers/StyleCopAnalyzers/blob/master/documentation/SA1005.md) [C:\Projects\Hazina\src\Core\Agents\Hazina.AgentFactory\Hazina.AgentFactory.csproj::TargetFramework=net10.0]
C:\Projects\Hazina\src\Core\Agents\Hazina.AgentFactory\Tests\StoreConfigFormatHelperTests.cs(18,1): warning SA1005: Single line comment should begin with a space (https://github.com/DotNetAnalyzers/StyleCopAnalyzers/blob/master/documentation/SA1005.md) [C:\Projects\Hazina\src\Core\Agents\Hazina.AgentFactory\Hazina.AgentFactory.csproj::TargetFramework=net10.0]
C:\Projects\Hazina\src\Core\Agents\Hazina.AgentFactory\Tests\StoreConfigFormatHelperTests.cs(25,1): warning SA1005: Single line comment should begin with a space (https://github.com/DotNetAnalyzers/StyleCopAnalyzers/blob/master/documentation/SA1005.md) [C:\Projects\Hazina\src\Core\Agents\Hazina.AgentFactory\Hazina.AgentFactory.csproj::TargetFramework=net10.0]
C:\Projects\Hazina\src\Core\Agents\Hazina.AgentFactory\Tests\StoreConfigFormatHelperTests.cs(31,1): warning SA1005: Single line comment should begin with a space (https://github.com/DotNetAnalyzers/StyleCopAnalyzers/blob/master/documentation/SA1005.md) [C:\Projects\Hazina\src\Core\Agents\Hazina.AgentFactory\Hazina.AgentFactory.csproj::TargetFramework=net10.0]
C:\Projects\Hazina\src\Core\Agents\Hazina.AgentFactory\Tests\StoreConfigFormatHelperTests.cs(40,1): warning SA1005: Single line comment should begin with a space (https://github.com/DotNetAnalyzers/StyleCopAnalyzers/blob/master/documentation/SA1005.md) [C:\Projects\Hazina\src\Core\Agents\Hazina.AgentFactory\Hazina.AgentFactory.csproj::TargetFramework=net10.0]
C:\Projects\Hazina\src\Core\Agents\Hazina.AgentFactory\Tests\StoreConfigFormatHelperTests.cs(54,1): warning SA1005: Single line comment should begin with a space (https://github.com/DotNetAnalyzers/StyleCopAnalyzers/blob/master/documentation/SA1005.md) [C:\Projects\Hazina\src\Core\Agents\Hazina.AgentFactory\Hazina.AgentFactory.csproj::TargetFramework=net10.0]
C:\Projects\Hazina\src\Core\Agents\Hazina.AgentFactory\Tests\StoreConfigFormatHelperTests.cs(68,1): warning SA1005: Single line comment should begin with a space (https://github.com/DotNetAnalyzers/StyleCopAnalyzers/blob/master/documentation/SA1005.md) [C:\Projects\Hazina\src\Core\Agents\Hazina.AgentFactory\Hazina.AgentFactory.csproj::TargetFramework=net10.0]
C:\Projects\Hazina\src\Core\Agents\Hazina.AgentFactory\Tests\StoreConfigFormatHelperTests.cs(75,1): warning SA1005: Single line comment should begin with a space (https://github.com/DotNetAnalyzers/StyleCopAnalyzers/blob/master/documentation/SA1005.md) [C:\Projects\Hazina\src\Core\Agents\Hazina.AgentFactory\Hazina.AgentFactory.csproj::TargetFramework=net10.0]
C:\Projects\Hazina\src\Core\Agents\Hazina.AgentFactory\Tests\StoreConfigFormatHelperTests.cs(84,1): warning SA1005: Single line comment should begin with a space (https://github.com/DotNetAnalyzers/StyleCopAnalyzers/blob/master/documentation/SA1005.md) [C:\Projects\Hazina\src\Core\Agents\Hazina.AgentFactory\Hazina.AgentFactory.csproj::TargetFramework=net10.0]
C:\Projects\Hazina\src\Core\Agents\Hazina.AgentFactory\Tests\StoreConfigFormatHelperTests.cs(92,1): warning SA1005: Single line comment should begin with a space (https://github.com/DotNetAnalyzers/StyleCopAnalyzers/blob/master/documentation/SA1005.md) [C:\Projects\Hazina\src\Core\Agents\Hazina.AgentFactory\Hazina.AgentFactory.csproj::TargetFramework=net10.0]
C:\Projects\Hazina\src\Core\Agents\Hazina.AgentFactory\Services\Execution\AgentExecutionService.cs(54,104): warning SA1122: Use string.Empty for empty strings (https://github.com/DotNetAnalyzers/StyleCopAnalyzers/blob/master/documentation/SA1122.md) [C:\Projects\Hazina\src\Core\Agents\Hazina.AgentFactory\Hazina.AgentFactory.csproj::TargetFramework=net10.0]
C:\Projects\Hazina\src\Core\Agents\Hazina.AgentFactory\Services\Tools\ToolRegistrationService.cs(96,36): warning S6602: "Find" method should be used instead of the "FirstOrDefault" extension method. (https://rules.sonarsource.com/csharp/RSPEC-6602) [C:\Projects\Hazina\src\Core\Agents\Hazina.AgentFactory\Hazina.AgentFactory.csproj::TargetFramework=net10.0]
C:\Projects\Hazina\src\Core\Agents\Hazina.AgentFactory\Configuration\Parsers\HazinaStoreConfigParserV2.cs(133,21): warning MA0011: Use an overload of 'TryParse' that has a 'System.IFormatProvider' parameter (https://github.com/meziantou/Meziantou.Analyzer/blob/main/docs/Rules/MA0011.md) [C:\Projects\Hazina\src\Core\Agents\Hazina.AgentFactory\Hazina.AgentFactory.csproj::TargetFramework=net10.0]
C:\Projects\Hazina\src\Core\Agents\Hazina.AgentFactory\Configuration\Validation\StoreConfigValidator.cs(142,22): warning MA0074: Use an overload of 'StartsWith' that has a StringComparison parameter (https://github.com/meziantou/Meziantou.Analyzer/blob/main/docs/Rules/MA0074.md) [C:\Projects\Hazina\src\Core\Agents\Hazina.AgentFactory\Hazina.AgentFactory.csproj::TargetFramework=net10.0]
C:\Projects\Hazina\src\Core\Agents\Hazina.AgentFactory\Configuration\Parsers\HazinaStoreConfigParserV2.cs(153,21): warning MA0011: Use an overload of 'TryParse' that has a 'System.IFormatProvider' parameter (https://github.com/meziantou/Meziantou.Analyzer/blob/main/docs/Rules/MA0011.md) [C:\Projects\Hazina\src\Core\Agents\Hazina.AgentFactory\Hazina.AgentFactory.csproj::TargetFramework=net10.0]
C:\Projects\Hazina\src\Core\Agents\Hazina.AgentFactory\Configuration\Validation\StoreConfigValidator.cs(178,52): warning S6605: Collection-specific "Exists" method should be used instead of the "Any" extension. (https://rules.sonarsource.com/csharp/RSPEC-6605) [C:\Projects\Hazina\src\Core\Agents\Hazina.AgentFactory\Hazina.AgentFactory.csproj::TargetFramework=net10.0]
C:\Projects\Hazina\src\Core\Agents\Hazina.AgentFactory\Configuration\Validation\StoreConfigValidator.cs(179,36): warning S6605: Collection-specific "Exists" method should be used instead of the "Any" extension. (https://rules.sonarsource.com/csharp/RSPEC-6605) [C:\Projects\Hazina\src\Core\Agents\Hazina.AgentFactory\Hazina.AgentFactory.csproj::TargetFramework=net10.0]
C:\Projects\Hazina\src\Core\Agents\Hazina.AgentFactory\Services\Execution\AgentExecutionService.cs(54,27): warning MA0004: Use Task.ConfigureAwait(false) if the current SynchronizationContext is not needed (https://github.com/meziantou/Meziantou.Analyzer/blob/main/docs/Rules/MA0004.md) [C:\Projects\Hazina\src\Core\Agents\Hazina.AgentFactory\Hazina.AgentFactory.csproj::TargetFramework=net10.0]
C:\Projects\Hazina\src\Core\Agents\Hazina.AgentFactory\Configuration\Validation\StoreConfigValidator.cs(168,33): warning S3267: Loops should be simplified using the "Where" LINQ method (https://rules.sonarsource.com/csharp/RSPEC-3267) [C:\Projects\Hazina\src\Core\Agents\Hazina.AgentFactory\Hazina.AgentFactory.csproj::TargetFramework=net10.0]
C:\Projects\Hazina\src\Core\Agents\Hazina.AgentFactory\Configuration\Parsers\HazinaStoreConfigParserV2.cs(184,17): warning SA1503: Braces should not be omitted (https://github.com/DotNetAnalyzers/StyleCopAnalyzers/blob/master/documentation/SA1503.md) [C:\Projects\Hazina\src\Core\Agents\Hazina.AgentFactory\Hazina.AgentFactory.csproj::TargetFramework=net10.0]
C:\Projects\Hazina\src\Core\Agents\Hazina.AgentFactory\Configuration\Parsers\HazinaStoreConfigParserV2.cs(187,17): warning SA1503: Braces should not be omitted (https://github.com/DotNetAnalyzers/StyleCopAnalyzers/blob/master/documentation/SA1503.md) [C:\Projects\Hazina\src\Core\Agents\Hazina.AgentFactory\Hazina.AgentFactory.csproj::TargetFramework=net10.0]
C:\Projects\Hazina\src\Core\Agents\Hazina.AgentFactory\Configuration\Parsers\HazinaStoreConfigParserV2.cs(186,52): warning CA1860: Prefer comparing 'Length' to 0 rather than using 'Any()', both for clarity and for performance (https://learn.microsoft.com/dotnet/fundamentals/code-analysis/quality-rules/ca1860) [C:\Projects\Hazina\src\Core\Agents\Hazina.AgentFactory\Hazina.AgentFactory.csproj::TargetFramework=net10.0]
C:\Projects\Hazina\src\Core\Agents\Hazina.AgentFactory\Configuration\Parsers\HazinaStoreConfigParserV2.cs(174,13): warning CA1305: The behavior of 'StringBuilder.AppendLine(ref StringBuilder.AppendInterpolatedStringHandler)' could vary based on the current user's locale settings. Replace this call in 'HazinaStoreConfigParserV2.Serialize(IEnumerable<StoreConfig>)' with a call to 'StringBuilder.AppendLine(IFormatProvider, ref StringBuilder.AppendInterpolatedStringHandler)'. (https://learn.microsoft.com/dotnet/fundamentals/code-analysis/quality-rules/ca1305) [C:\Projects\Hazina\src\Core\Agents\Hazina.AgentFactory\Hazina.AgentFactory.csproj::TargetFramework=net10.0]
C:\Projects\Hazina\src\Core\Agents\Hazina.AgentFactory\Configuration\Parsers\HazinaStoreConfigParserV2.cs(175,13): warning CA1305: The behavior of 'StringBuilder.AppendLine(ref StringBuilder.AppendInterpolatedStringHandler)' could vary based on the current user's locale settings. Replace this call in 'HazinaStoreConfigParserV2.Serialize(IEnumerable<StoreConfig>)' with a call to 'StringBuilder.AppendLine(IFormatProvider, ref StringBuilder.AppendInterpolatedStringHandler)'. (https://learn.microsoft.com/dotnet/fundamentals/code-analysis/quality-rules/ca1305) [C:\Projects\Hazina\src\Core\Agents\Hazina.AgentFactory\Hazina.AgentFactory.csproj::TargetFramework=net10.0]
C:\Projects\Hazina\src\Core\Agents\Hazina.AgentFactory\Configuration\Parsers\HazinaStoreConfigParserV2.cs(176,13): warning CA1305: The behavior of 'StringBuilder.AppendLine(ref StringBuilder.AppendInterpolatedStringHandler)' could vary based on the current user's locale settings. Replace this call in 'HazinaStoreConfigParserV2.Serialize(IEnumerable<StoreConfig>)' with a call to 'StringBuilder.AppendLine(IFormatProvider, ref StringBuilder.AppendInterpolatedStringHandler)'. (https://learn.microsoft.com/dotnet/fundamentals/code-analysis/quality-rules/ca1305) [C:\Projects\Hazina\src\Core\Agents\Hazina.AgentFactory\Hazina.AgentFactory.csproj::TargetFramework=net10.0]
C:\Projects\Hazina\src\Core\Agents\Hazina.AgentFactory\Configuration\Parsers\HazinaStoreConfigParserV2.cs(177,13): warning CA1305: The behavior of 'StringBuilder.AppendLine(ref StringBuilder.AppendInterpolatedStringHandler)' could vary based on the current user's locale settings. Replace this call in 'HazinaStoreConfigParserV2.Serialize(IEnumerable<StoreConfig>)' with a call to 'StringBuilder.AppendLine(IFormatProvider, ref StringBuilder.AppendInterpolatedStringHandler)'. (https://learn.microsoft.com/dotnet/fundamentals/code-analysis/quality-rules/ca1305) [C:\Projects\Hazina\src\Core\Agents\Hazina.AgentFactory\Hazina.AgentFactory.csproj::TargetFramework=net10.0]
C:\Projects\Hazina\src\Core\Agents\Hazina.AgentFactory\Configuration\Parsers\HazinaStoreConfigParserV2.cs(178,13): warning CA1305: The behavior of 'StringBuilder.AppendLine(ref StringBuilder.AppendInterpolatedStringHandler)' could vary based on the current user's locale settings. Replace this call in 'HazinaStoreConfigParserV2.Serialize(IEnumerable<StoreConfig>)' with a call to 'StringBuilder.AppendLine(IFormatProvider, ref StringBuilder.AppendInterpolatedStringHandler)'. (https://learn.microsoft.com/dotnet/fundamentals/code-analysis/quality-rules/ca1305) [C:\Projects\Hazina\src\Core\Agents\Hazina.AgentFactory\Hazina.AgentFactory.csproj::TargetFramework=net10.0]
C:\Projects\Hazina\src\Core\Agents\Hazina.AgentFactory\Configuration\Parsers\HazinaStoreConfigParserV2.cs(179,13): warning CA1305: The behavior of 'StringBuilder.AppendLine(ref StringBuilder.AppendInterpolatedStringHandler)' could vary based on the current user's locale settings. Replace this call in 'HazinaStoreConfigParserV2.Serialize(IEnumerable<StoreConfig>)' with a call to 'StringBuilder.AppendLine(IFormatProvider, ref StringBuilder.AppendInterpolatedStringHandler)'. (https://learn.microsoft.com/dotnet/fundamentals/code-analysis/quality-rules/ca1305) [C:\Projects\Hazina\src\Core\Agents\Hazina.AgentFactory\Hazina.AgentFactory.csproj::TargetFramework=net10.0]
C:\Projects\Hazina\src\Core\Agents\Hazina.AgentFactory\Configuration\Parsers\HazinaStoreConfigParserV2.cs(180,13): warning CA1305: The behavior of 'StringBuilder.AppendLine(ref StringBuilder.AppendInterpolatedStringHandler)' could vary based on the current user's locale settings. Replace this call in 'HazinaStoreConfigParserV2.Serialize(IEnumerable<StoreConfig>)' with a call to 'StringBuilder.AppendLine(IFormatProvider, ref StringBuilder.AppendInterpolatedStringHandler)'. (https://learn.microsoft.com/dotnet/fundamentals/code-analysis/quality-rules/ca1305) [C:\Projects\Hazina\src\Core\Agents\Hazina.AgentFactory\Hazina.AgentFactory.csproj::TargetFramework=net10.0]
C:\Projects\Hazina\src\Core\Agents\Hazina.AgentFactory\Configuration\Parsers\HazinaStoreConfigParserV2.cs(181,13): warning CA1305: The behavior of 'StringBuilder.AppendLine(ref StringBuilder.AppendInterpolatedStringHandler)' could vary based on the current user's locale settings. Replace this call in 'HazinaStoreConfigParserV2.Serialize(IEnumerable<StoreConfig>)' with a call to 'StringBuilder.AppendLine(IFormatProvider, ref StringBuilder.AppendInterpolatedStringHandler)'. (https://learn.microsoft.com/dotnet/fundamentals/code-analysis/quality-rules/ca1305) [C:\Projects\Hazina\src\Core\Agents\Hazina.AgentFactory\Hazina.AgentFactory.csproj::TargetFramework=net10.0]
C:\Projects\Hazina\src\Core\Agents\Hazina.AgentFactory\Configuration\Parsers\HazinaStoreConfigParserV2.cs(184,17): warning CA1305: The behavior of 'StringBuilder.AppendLine(ref StringBuilder.AppendInterpolatedStringHandler)' could vary based on the current user's locale settings. Replace this call in 'HazinaStoreConfigParserV2.Serialize(IEnumerable<StoreConfig>)' with a call to 'StringBuilder.AppendLine(IFormatProvider, ref StringBuilder.AppendInterpolatedStringHandler)'. (https://learn.microsoft.com/dotnet/fundamentals/code-analysis/quality-rules/ca1305) [C:\Projects\Hazina\src\Core\Agents\Hazina.AgentFactory\Hazina.AgentFactory.csproj::TargetFramework=net10.0]
C:\Projects\Hazina\src\Core\Agents\Hazina.AgentFactory\Configuration\Parsers\HazinaStoreConfigParserV2.cs(187,17): warning CA1305: The behavior of 'StringBuilder.AppendLine(ref StringBuilder.AppendInterpolatedStringHandler)' could vary based on the current user's locale settings. Replace this call in 'HazinaStoreConfigParserV2.Serialize(IEnumerable<StoreConfig>)' with a call to 'StringBuilder.AppendLine(IFormatProvider, ref StringBuilder.AppendInterpolatedStringHandler)'. (https://learn.microsoft.com/dotnet/fundamentals/code-analysis/quality-rules/ca1305) [C:\Projects\Hazina\src\Core\Agents\Hazina.AgentFactory\Hazina.AgentFactory.csproj::TargetFramework=net10.0]
C:\Projects\Hazina\src\Core\Agents\Hazina.AgentFactory\Configuration\Parsers\HazinaStoreConfigParserV2.cs(189,13): warning CA1305: The behavior of 'StringBuilder.AppendLine(ref StringBuilder.AppendInterpolatedStringHandler)' could vary based on the current user's locale settings. Replace this call in 'HazinaStoreConfigParserV2.Serialize(IEnumerable<StoreConfig>)' with a call to 'StringBuilder.AppendLine(IFormatProvider, ref StringBuilder.AppendInterpolatedStringHandler)'. (https://learn.microsoft.com/dotnet/fundamentals/code-analysis/quality-rules/ca1305) [C:\Projects\Hazina\src\Core\Agents\Hazina.AgentFactory\Hazina.AgentFactory.csproj::TargetFramework=net10.0]
C:\Projects\Hazina\src\Core\Agents\Hazina.AgentFactory\Configuration\Parsers\HazinaStoreConfigParserV2.cs(190,13): warning CA1305: The behavior of 'StringBuilder.AppendLine(ref StringBuilder.AppendInterpolatedStringHandler)' could vary based on the current user's locale settings. Replace this call in 'HazinaStoreConfigParserV2.Serialize(IEnumerable<StoreConfig>)' with a call to 'StringBuilder.AppendLine(IFormatProvider, ref StringBuilder.AppendInterpolatedStringHandler)'. (https://learn.microsoft.com/dotnet/fundamentals/code-analysis/quality-rules/ca1305) [C:\Projects\Hazina\src\Core\Agents\Hazina.AgentFactory\Hazina.AgentFactory.csproj::TargetFramework=net10.0]
C:\Projects\Hazina\src\Core\Agents\Hazina.AgentFactory\Core\AgentManager.cs(112,43): warning MA0006: Use string.Equals instead of Equals operator (https://github.com/meziantou/Meziantou.Analyzer/blob/main/docs/Rules/MA0006.md) [C:\Projects\Hazina\src\Core\Agents\Hazina.AgentFactory\Hazina.AgentFactory.csproj::TargetFramework=net10.0]
C:\Projects\Hazina\src\Core\Agents\Hazina.AgentFactory\Services\Tools\ToolRegistrationService.cs(62,29): warning CA1062: In externally visible method 'void ToolRegistrationService.AddStoreTools(IEnumerable<(IDocumentStore Store, bool Write)> stores, IToolsContext tools, IEnumerable<string> functions, IEnumerable<string> agents, IEnumerable<string> flows, string caller)', validate parameter 'flows' is non-null before using it. If appropriate, throw an 'ArgumentNullException' when the argument is 'null'. (https://learn.microsoft.com/dotnet/fundamentals/code-analysis/quality-rules/ca1062) [C:\Projects\Hazina\src\Core\Agents\Hazina.AgentFactory\Hazina.AgentFactory.csproj::TargetFramework=net10.0]
C:\Projects\Hazina\src\Core\Agents\Hazina.AgentFactory\Services\Tools\ToolRegistrationService.cs(61,23): warning CA1062: In externally visible method 'void ToolRegistrationService.AddStoreTools(IEnumerable<(IDocumentStore Store, bool Write)> stores, IToolsContext tools, IEnumerable<string> functions, IEnumerable<string> agents, IEnumerable<string> flows, string caller)', validate parameter 'tools' is non-null before using it. If appropriate, throw an 'ArgumentNullException' when the argument is 'null'. (https://learn.microsoft.com/dotnet/fundamentals/code-analysis/quality-rules/ca1062) [C:\Projects\Hazina\src\Core\Agents\Hazina.AgentFactory\Hazina.AgentFactory.csproj::TargetFramework=net10.0]
C:\Projects\Hazina\src\Core\Agents\Hazina.AgentFactory\Services\Tools\ToolRegistrationService.cs(61,30): warning CA1062: In externally visible method 'void ToolRegistrationService.AddStoreTools(IEnumerable<(IDocumentStore Store, bool Write)> stores, IToolsContext tools, IEnumerable<string> functions, IEnumerable<string> agents, IEnumerable<string> flows, string caller)', validate parameter 'agents' is non-null before using it. If appropriate, throw an 'ArgumentNullException' when the argument is 'null'. (https://learn.microsoft.com/dotnet/fundamentals/code-analysis/quality-rules/ca1062) [C:\Projects\Hazina\src\Core\Agents\Hazina.AgentFactory\Hazina.AgentFactory.csproj::TargetFramework=net10.0]
C:\Projects\Hazina\src\Core\Agents\Hazina.AgentFactory\Services\Tools\ToolRegistrationService.cs(65,35): warning CA1062: In externally visible method 'void ToolRegistrationService.AddStoreTools(IEnumerable<(IDocumentStore Store, bool Write)> stores, IToolsContext tools, IEnumerable<string> functions, IEnumerable<string> agents, IEnumerable<string> flows, string caller)', validate parameter 'stores' is non-null before using it. If appropriate, throw an 'ArgumentNullException' when the argument is 'null'. (https://learn.microsoft.com/dotnet/fundamentals/code-analysis/quality-rules/ca1062) [C:\Projects\Hazina\src\Core\Agents\Hazina.AgentFactory\Hazina.AgentFactory.csproj::TargetFramework=net10.0]
C:\Projects\Hazina\src\Core\Agents\Hazina.AgentFactory\Configuration\Parsers\HazinaStoreConfigParserV2.cs(184,17): warning MA0011: Use an overload of 'AppendLine' that has a 'System.IFormatProvider' parameter (https://github.com/meziantou/Meziantou.Analyzer/blob/main/docs/Rules/MA0011.md) [C:\Projects\Hazina\src\Core\Agents\Hazina.AgentFactory\Hazina.AgentFactory.csproj::TargetFramework=net10.0]
C:\Projects\Hazina\src\Core\Agents\Hazina.AgentFactory\Configuration\Parsers\HazinaStoreConfigParserV2.cs(190,13): warning MA0011: Use an overload of 'AppendLine' that has a 'System.IFormatProvider' parameter (https://github.com/meziantou/Meziantou.Analyzer/blob/main/docs/Rules/MA0011.md) [C:\Projects\Hazina\src\Core\Agents\Hazina.AgentFactory\Hazina.AgentFactory.csproj::TargetFramework=net10.0]
C:\Projects\Hazina\src\Core\Agents\Hazina.AgentFactory\Configuration\Parsers\HazinaStoreConfigParserV2.cs(215,9): warning CA1031: Modify 'LoadFromFile' to catch a more specific allowed exception type, or rethrow the exception (https://learn.microsoft.com/dotnet/fundamentals/code-analysis/quality-rules/ca1031) [C:\Projects\Hazina\src\Core\Agents\Hazina.AgentFactory\Hazina.AgentFactory.csproj::TargetFramework=net10.0]
C:\Projects\Hazina\src\Core\Agents\Hazina.AgentFactory\Configuration\Validation\AgentConfigValidator.cs(54,40): warning CA1860: Prefer comparing 'Count' to 0 rather than using 'Any()', both for clarity and for performance (https://learn.microsoft.com/dotnet/fundamentals/code-analysis/quality-rules/ca1860) [C:\Projects\Hazina\src\Core\Agents\Hazina.AgentFactory\Hazina.AgentFactory.csproj::TargetFramework=net10.0]
C:\Projects\Hazina\src\Core\Agents\Hazina.AgentFactory\Configuration\Validation\AgentConfigValidator.cs(61,26): warning MA0002: Use an overload that has a IEqualityComparer<string> or IComparer<string> parameter (https://github.com/meziantou/Meziantou.Analyzer/blob/main/docs/Rules/MA0002.md) [C:\Projects\Hazina\src\Core\Agents\Hazina.AgentFactory\Hazina.AgentFactory.csproj::TargetFramework=net10.0]
C:\Projects\Hazina\src\Core\Agents\Hazina.AgentFactory\Configuration\Validation\AgentConfigValidator.cs(76,22): warning MA0002: Use an overload that has a IEqualityComparer<string> or IComparer<string> parameter (https://github.com/meziantou/Meziantou.Analyzer/blob/main/docs/Rules/MA0002.md) [C:\Projects\Hazina\src\Core\Agents\Hazina.AgentFactory\Hazina.AgentFactory.csproj::TargetFramework=net10.0]
C:\Projects\Hazina\src\Core\Agents\Hazina.AgentFactory\Services\Tools\ToolRegistrationService.cs(104,38): warning SA1503: Braces should not be omitted (https://github.com/DotNetAnalyzers/StyleCopAnalyzers/blob/master/documentation/SA1503.md) [C:\Projects\Hazina\src\Core\Agents\Hazina.AgentFactory\Hazina.AgentFactory.csproj::TargetFramework=net10.0]
C:\Projects\Hazina\src\Core\Agents\Hazina.AgentFactory\Services\Tools\ToolRegistrationService.cs(107,25): warning SA1503: Braces should not be omitted (https://github.com/DotNetAnalyzers/StyleCopAnalyzers/blob/master/documentation/SA1503.md) [C:\Projects\Hazina\src\Core\Agents\Hazina.AgentFactory\Hazina.AgentFactory.csproj::TargetFramework=net10.0]
C:\Projects\Hazina\src\Core\Agents\Hazina.AgentFactory\Services\Tools\ToolRegistrationService.cs(109,25): warning SA1503: Braces should not be omitted (https://github.com/DotNetAnalyzers/StyleCopAnalyzers/blob/master/documentation/SA1503.md) [C:\Projects\Hazina\src\Core\Agents\Hazina.AgentFactory\Hazina.AgentFactory.csproj::TargetFramework=net10.0]
C:\Projects\Hazina\src\Core\Agents\Hazina.AgentFactory\Services\Tools\ToolRegistrationService.cs(121,21): warning SA1503: Braces should not be omitted (https://github.com/DotNetAnalyzers/StyleCopAnalyzers/blob/master/documentation/SA1503.md) [C:\Projects\Hazina\src\Core\Agents\Hazina.AgentFactory\Hazina.AgentFactory.csproj::TargetFramework=net10.0]
C:\Projects\Hazina\src\Core\Agents\Hazina.AgentFactory\Services\Tools\ToolRegistrationService.cs(106,21): warning SA1519: Braces should not be omitted from multi-line child statement (https://github.com/DotNetAnalyzers/StyleCopAnalyzers/blob/master/documentation/SA1519.md) [C:\Projects\Hazina\src\Core\Agents\Hazina.AgentFactory\Hazina.AgentFactory.csproj::TargetFramework=net10.0]
C:\Projects\Hazina\src\Core\Agents\Hazina.AgentFactory\Services\Tools\ToolRegistrationService.cs(96,132): warning SA1122: Use string.Empty for empty strings (https://github.com/DotNetAnalyzers/StyleCopAnalyzers/blob/master/documentation/SA1122.md) [C:\Projects\Hazina\src\Core\Agents\Hazina.AgentFactory\Hazina.AgentFactory.csproj::TargetFramework=net10.0]
C:\Projects\Hazina\src\Core\Agents\Hazina.AgentFactory\Services\Email\EmailService.cs(52,9): warning MA0004: Use Task.ConfigureAwait(false) if the current SynchronizationContext is not needed (https://github.com/meziantou/Meziantou.Analyzer/blob/main/docs/Rules/MA0004.md) [C:\Projects\Hazina\src\Core\Agents\Hazina.AgentFactory\Hazina.AgentFactory.csproj::TargetFramework=net10.0]
C:\Projects\Hazina\src\Core\Agents\Hazina.AgentFactory\Services\Email\EmailService.cs(53,9): warning MA0004: Use Task.ConfigureAwait(false) if the current SynchronizationContext is not needed (https://github.com/meziantou/Meziantou.Analyzer/blob/main/docs/Rules/MA0004.md) [C:\Projects\Hazina\src\Core\Agents\Hazina.AgentFactory\Hazina.AgentFactory.csproj::TargetFramework=net10.0]
C:\Projects\Hazina\src\Core\Agents\Hazina.AgentFactory\Services\Email\EmailService.cs(56,9): warning MA0004: Use Task.ConfigureAwait(false) if the current SynchronizationContext is not needed (https://github.com/meziantou/Meziantou.Analyzer/blob/main/docs/Rules/MA0004.md) [C:\Projects\Hazina\src\Core\Agents\Hazina.AgentFactory\Hazina.AgentFactory.csproj::TargetFramework=net10.0]
C:\Projects\Hazina\src\Core\Agents\Hazina.AgentFactory\Services\Email\EmailService.cs(58,20): warning MA0004: Use Task.ConfigureAwait(false) if the current SynchronizationContext is not needed (https://github.com/meziantou/Meziantou.Analyzer/blob/main/docs/Rules/MA0004.md) [C:\Projects\Hazina\src\Core\Agents\Hazina.AgentFactory\Hazina.AgentFactory.csproj::TargetFramework=net10.0]
C:\Projects\Hazina\src\Core\Agents\Hazina.AgentFactory\Services\Email\EmailService.cs(62,25): warning MA0004: Use Task.ConfigureAwait(false) if the current SynchronizationContext is not needed (https://github.com/meziantou/Meziantou.Analyzer/blob/main/docs/Rules/MA0004.md) [C:\Projects\Hazina\src\Core\Agents\Hazina.AgentFactory\Hazina.AgentFactory.csproj::TargetFramework=net10.0]
C:\Projects\Hazina\src\Core\Agents\Hazina.AgentFactory\Services\Email\EmailService.cs(75,9): warning MA0004: Use Task.ConfigureAwait(false) if the current SynchronizationContext is not needed (https://github.com/meziantou/Meziantou.Analyzer/blob/main/docs/Rules/MA0004.md) [C:\Projects\Hazina\src\Core\Agents\Hazina.AgentFactory\Hazina.AgentFactory.csproj::TargetFramework=net10.0]
C:\Projects\Hazina\src\Core\Agents\Hazina.AgentFactory\Services\Tools\ToolRegistrationService.cs(107,32): warning MA0004: Use Task.ConfigureAwait(false) if the current SynchronizationContext is not needed (https://github.com/meziantou/Meziantou.Analyzer/blob/main/docs/Rules/MA0004.md) [C:\Projects\Hazina\src\Core\Agents\Hazina.AgentFactory\Hazina.AgentFactory.csproj::TargetFramework=net10.0]
C:\Projects\Hazina\src\Core\Agents\Hazina.AgentFactory\Services\Tools\ToolRegistrationService.cs(121,28): warning MA0004: Use Task.ConfigureAwait(false) if the current SynchronizationContext is not needed (https://github.com/meziantou/Meziantou.Analyzer/blob/main/docs/Rules/MA0004.md) [C:\Projects\Hazina\src\Core\Agents\Hazina.AgentFactory\Hazina.AgentFactory.csproj::TargetFramework=net10.0]
C:\Projects\Hazina\src\Core\Agents\Hazina.AgentFactory\Services\Tools\ToolRegistrationService.cs(96,56): warning MA0006: Use string.Equals instead of Equals operator (https://github.com/meziantou/Meziantou.Analyzer/blob/main/docs/Rules/MA0006.md) [C:\Projects\Hazina\src\Core\Agents\Hazina.AgentFactory\Hazina.AgentFactory.csproj::TargetFramework=net10.0]
C:\Projects\Hazina\src\Core\Agents\Hazina.AgentFactory\Configuration\Schema\ConfigSchemaGenerator.cs(15,26): warning MA0051: Method is too long (97 lines; maximum allowed: 60) (https://github.com/meziantou/Meziantou.Analyzer/blob/main/docs/Rules/MA0051.md) [C:\Projects\Hazina\src\Core\Agents\Hazina.AgentFactory\Hazina.AgentFactory.csproj::TargetFramework=net10.0]
C:\Projects\Hazina\src\Core\Agents\Hazina.AgentFactory\Configuration\Parsers\HazinaAgentConfigParser.cs(251,19): warning S112: 'System.Exception' should not be thrown by user code. (https://rules.sonarsource.com/csharp/RSPEC-112) [C:\Projects\Hazina\src\Core\Agents\Hazina.AgentFactory\Hazina.AgentFactory.csproj::TargetFramework=net10.0]
C:\Projects\Hazina\src\Core\Agents\Hazina.AgentFactory\Configuration\Parsers\HazinaAgentConfigParser.cs(251,19): warning CA2201: Exception type System.Exception is not sufficiently specific (https://learn.microsoft.com/dotnet/fundamentals/code-analysis/quality-rules/ca2201) [C:\Projects\Hazina\src\Core\Agents\Hazina.AgentFactory\Hazina.AgentFactory.csproj::TargetFramework=net10.0]
C:\Projects\Hazina\src\Core\Agents\Hazina.AgentFactory\Configuration\Parsers\HazinaAgentConfigParser.cs(264,19): warning S112: 'System.Exception' should not be thrown by user code. (https://rules.sonarsource.com/csharp/RSPEC-112) [C:\Projects\Hazina\src\Core\Agents\Hazina.AgentFactory\Hazina.AgentFactory.csproj::TargetFramework=net10.0]
C:\Projects\Hazina\src\Core\Agents\Hazina.AgentFactory\Configuration\Parsers\HazinaAgentConfigParser.cs(264,19): warning CA2201: Exception type System.Exception is not sufficiently specific (https://learn.microsoft.com/dotnet/fundamentals/code-analysis/quality-rules/ca2201) [C:\Projects\Hazina\src\Core\Agents\Hazina.AgentFactory\Hazina.AgentFactory.csproj::TargetFramework=net10.0]
C:\Projects\Hazina\src\Core\Agents\Hazina.AgentFactory\Configuration\Validation\StoreConfigValidator.cs(166,13): warning SA1503: Braces should not be omitted (https://github.com/DotNetAnalyzers/StyleCopAnalyzers/blob/master/documentation/SA1503.md) [C:\Projects\Hazina\src\Core\Agents\Hazina.AgentFactory\Hazina.AgentFactory.csproj::TargetFramework=net10.0]
C:\Projects\Hazina\src\Core\Agents\Hazina.AgentFactory\Configuration\Validation\StoreConfigValidator.cs(165,48): warning CA1860: Prefer comparing 'Length' to 0 rather than using 'Any()', both for clarity and for performance (https://learn.microsoft.com/dotnet/fundamentals/code-analysis/quality-rules/ca1860) [C:\Projects\Hazina\src\Core\Agents\Hazina.AgentFactory\Hazina.AgentFactory.csproj::TargetFramework=net10.0]
C:\Projects\Hazina\src\Core\Agents\Hazina.AgentFactory\Configuration\Validation\StoreConfigValidator.cs(179,51): warning CA1307: 'string.Contains(string)' has a method overload that takes a 'StringComparison' parameter. Replace this call in 'Hazina.AgentFactory.Configuration.Validation.StoreConfigValidator.ValidateExcludePatterns()' with a call to 'string.Contains(string, System.StringComparison)' for clarity of intent. (https://learn.microsoft.com/dotnet/fundamentals/code-analysis/quality-rules/ca1307) [C:\Projects\Hazina\src\Core\Agents\Hazina.AgentFactory\Hazina.AgentFactory.csproj::TargetFramework=net10.0]
C:\Projects\Hazina\src\Core\Agents\Hazina.AgentFactory\Configuration\Validation\ConfigurationResult.cs(12,29): warning CA1860: Prefer comparing 'Count' to 0 rather than using 'Any()', both for clarity and for performance (https://learn.microsoft.com/dotnet/fundamentals/code-analysis/quality-rules/ca1860) [C:\Projects\Hazina\src\Core\Agents\Hazina.AgentFactory\Hazina.AgentFactory.csproj::TargetFramework=net10.0]
C:\Projects\Hazina\src\Core\Agents\Hazina.AgentFactory\Core\QuickAgentCreator.cs(44,37): warning CA1062: In externally visible method 'DocumentStore QuickAgentCreator.CreateStore(StorePaths paths, string name)', validate parameter 'paths' is non-null before using it. If appropriate, throw an 'ArgumentNullException' when the argument is 'null'. (https://learn.microsoft.com/dotnet/fundamentals/code-analysis/quality-rules/ca1062) [C:\Projects\Hazina\src\Core\Agents\Hazina.AgentFactory\Hazina.AgentFactory.csproj::TargetFramework=net10.0]
C:\Projects\Hazina\src\Core\Agents\Hazina.AgentFactory\Configuration\Parsers\HazinaStoreConfigParserV2.cs(172,31): warning CA1062: In externally visible method 'string HazinaStoreConfigParserV2.Serialize(IEnumerable<StoreConfig> stores)', validate parameter 'stores' is non-null before using it. If appropriate, throw an 'ArgumentNullException' when the argument is 'null'. (https://learn.microsoft.com/dotnet/fundamentals/code-analysis/quality-rules/ca1062) [C:\Projects\Hazina\src\Core\Agents\Hazina.AgentFactory\Hazina.AgentFactory.csproj::TargetFramework=net10.0]
C:\Projects\Hazina\src\Core\Agents\Hazina.AgentFactory\Services\Execution\AgentExecutionService.cs(86,25): warning MA0004: Use Task.ConfigureAwait(false) if the current SynchronizationContext is not needed (https://github.com/meziantou/Meziantou.Analyzer/blob/main/docs/Rules/MA0004.md) [C:\Projects\Hazina\src\Core\Agents\Hazina.AgentFactory\Hazina.AgentFactory.csproj::TargetFramework=net10.0]
C:\Projects\Hazina\src\Core\Agents\Hazina.AgentFactory\Services\Execution\AgentExecutionService.cs(91,25): warning MA0004: Use Task.ConfigureAwait(false) if the current SynchronizationContext is not needed (https://github.com/meziantou/Meziantou.Analyzer/blob/main/docs/Rules/MA0004.md) [C:\Projects\Hazina\src\Core\Agents\Hazina.AgentFactory\Hazina.AgentFactory.csproj::TargetFramework=net10.0]
C:\Projects\Hazina\src\Core\Agents\Hazina.AgentFactory\Core\QuickAgentCreator.cs(62,9): warning MA0004: Use Task.ConfigureAwait(false) if the current SynchronizationContext is not needed (https://github.com/meziantou/Meziantou.Analyzer/blob/main/docs/Rules/MA0004.md) [C:\Projects\Hazina\src\Core\Agents\Hazina.AgentFactory\Hazina.AgentFactory.csproj::TargetFramework=net10.0]
C:\Projects\Hazina\src\Core\Agents\Hazina.AgentFactory\Configuration\Parsers\HazinaStoreConfigParserV2.cs(257,9): warning CA1031: Modify 'SaveToFile' to catch a more specific allowed exception type, or rethrow the exception (https://learn.microsoft.com/dotnet/fundamentals/code-analysis/quality-rules/ca1031) [C:\Projects\Hazina\src\Core\Agents\Hazina.AgentFactory\Hazina.AgentFactory.csproj::TargetFramework=net10.0]
C:\Projects\Hazina\src\Core\Agents\Hazina.AgentFactory\Configuration\Schema\ConfigSchemaGenerator.cs(54,36): warning SA1122: Use string.Empty for empty strings (https://github.com/DotNetAnalyzers/StyleCopAnalyzers/blob/master/documentation/SA1122.md) [C:\Projects\Hazina\src\Core\Agents\Hazina.AgentFactory\Hazina.AgentFactory.csproj::TargetFramework=net10.0]
C:\Projects\Hazina\src\Core\Agents\Hazina.AgentFactory\Services\BigQuery\BigQueryService.cs(64,13): warning SA1503: Braces should not be omitted (https://github.com/DotNetAnalyzers/StyleCopAnalyzers/blob/master/documentation/SA1503.md) [C:\Projects\Hazina\src\Core\Agents\Hazina.AgentFactory\Hazina.AgentFactory.csproj::TargetFramework=net10.0]
C:\Projects\Hazina\src\Core\Agents\Hazina.AgentFactory\Services\BigQuery\BigQueryService.cs(66,13): warning SA1503: Braces should not be omitted (https://github.com/DotNetAnalyzers/StyleCopAnalyzers/blob/master/documentation/SA1503.md) [C:\Projects\Hazina\src\Core\Agents\Hazina.AgentFactory\Hazina.AgentFactory.csproj::TargetFramework=net10.0]
C:\Projects\Hazina\src\Core\Agents\Hazina.AgentFactory\Services\BigQuery\BigQueryService.cs(70,28): warning CA2016: Forward the 'cancel' parameter to the 'ExecuteQueryAsync' method or pass in 'CancellationToken.None' explicitly to indicate intentionally not propagating the token (https://learn.microsoft.com/dotnet/fundamentals/code-analysis/quality-rules/ca2016) [C:\Projects\Hazina\src\Core\Agents\Hazina.AgentFactory\Hazina.AgentFactory.csproj::TargetFramework=net10.0]
C:\Projects\Hazina\src\Core\Agents\Hazina.AgentFactory\Core\AgentFactory.cs(176,13): warning SA1503: Braces should not be omitted (https://github.com/DotNetAnalyzers/StyleCopAnalyzers/blob/master/documentation/SA1503.md) [C:\Projects\Hazina\src\Core\Agents\Hazina.AgentFactory\Hazina.AgentFactory.csproj::TargetFramework=net10.0]
C:\Projects\Hazina\src\Core\Agents\Hazina.AgentFactory\Configuration\Schema\ConfigSchemaGenerator.cs(108,49): warning CA1869: Avoid creating a new 'JsonSerializerOptions' instance for every serialization operation. Cache and reuse instances instead. (https://learn.microsoft.com/dotnet/fundamentals/code-analysis/quality-rules/ca1869) [C:\Projects\Hazina\src\Core\Agents\Hazina.AgentFactory\Hazina.AgentFactory.csproj::TargetFramework=net10.0]
C:\Projects\Hazina\src\Core\Agents\Hazina.AgentFactory\Core\AgentFactory.cs(162,5): warning SA1124: Do not use regions (https://github.com/DotNetAnalyzers/StyleCopAnalyzers/blob/master/documentation/SA1124.md) [C:\Projects\Hazina\src\Core\Agents\Hazina.AgentFactory\Hazina.AgentFactory.csproj::TargetFramework=net10.0]
C:\Projects\Hazina\src\Core\Agents\Hazina.AgentFactory\Services\BigQuery\BigQueryService.cs(70,22): warning MA0004: Use Task.ConfigureAwait(false) if the current SynchronizationContext is not needed (https://github.com/meziantou/Meziantou.Analyzer/blob/main/docs/Rules/MA0004.md) [C:\Projects\Hazina\src\Core\Agents\Hazina.AgentFactory\Hazina.AgentFactory.csproj::TargetFramework=net10.0]
C:\Projects\Hazina\src\Core\Agents\Hazina.AgentFactory\Core\AgentFactory.cs(210,60): warning CA1002: Change 'List<string>' in 'AgentFactory.CreateFlow(string, List<string>)' to use 'Collection<T>', 'ReadOnlyCollection<T>' or 'KeyedCollection<K,V>' (https://learn.microsoft.com/dotnet/fundamentals/code-analysis/quality-rules/ca1002) [C:\Projects\Hazina\src\Core\Agents\Hazina.AgentFactory\Hazina.AgentFactory.csproj::TargetFramework=net10.0]
C:\Projects\Hazina\src\Core\Agents\Hazina.AgentFactory\Core\AgentFactory.cs(210,47): warning MA0016: Prefer using collection abstraction instead of implementation (https://github.com/meziantou/Meziantou.Analyzer/blob/main/docs/Rules/MA0016.md) [C:\Projects\Hazina\src\Core\Agents\Hazina.AgentFactory\Hazina.AgentFactory.csproj::TargetFramework=net10.0]
C:\Projects\Hazina\src\Core\Agents\Hazina.AgentFactory\Core\StoresAndAgentsAndFlowLoader.cs(81,13): warning SA1111: Closing parenthesis should be on line of last parameter (https://github.com/DotNetAnalyzers/StyleCopAnalyzers/blob/master/documentation/SA1111.md) [C:\Projects\Hazina\src\Core\Agents\Hazina.AgentFactory\Hazina.AgentFactory.csproj::TargetFramework=net10.0]
C:\Projects\Hazina\src\Core\Agents\Hazina.AgentFactory\Services\Email\EmailService.cs(89,13): warning SA1503: Braces should not be omitted (https://github.com/DotNetAnalyzers/StyleCopAnalyzers/blob/master/documentation/SA1503.md) [C:\Projects\Hazina\src\Core\Agents\Hazina.AgentFactory\Hazina.AgentFactory.csproj::TargetFramework=net10.0]
C:\Projects\Hazina\src\Core\Agents\Hazina.AgentFactory\Configuration\Validation\ConfigurationResult.cs(37,42): warning CA1000: Do not declare static members on generic types (https://learn.microsoft.com/dotnet/fundamentals/code-analysis/quality-rules/ca1000) [C:\Projects\Hazina\src\Core\Agents\Hazina.AgentFactory\Hazina.AgentFactory.csproj::TargetFramework=net10.0]
C:\Projects\Hazina\src\Core\Agents\Hazina.AgentFactory\Core\StoresAndAgentsAndFlowLoader.cs(53,25): warning CA1849: 'QuickAgentCreator.CreateStore(StorePaths, string)' synchronously blocks. Await 'QuickAgentCreator.CreateStoreAsync(StorePaths, string)' instead. (https://learn.microsoft.com/dotnet/fundamentals/code-analysis/quality-rules/ca1849) [C:\Projects\Hazina\src\Core\Agents\Hazina.AgentFactory\Hazina.AgentFactory.csproj::TargetFramework=net10.0]
C:\Projects\Hazina\src\Core\Agents\Hazina.AgentFactory\Core\AgentFactory.cs(205,21): warning MA0004: Use Task.ConfigureAwait(false) if the current SynchronizationContext is not needed (https://github.com/meziantou/Meziantou.Analyzer/blob/main/docs/Rules/MA0004.md) [C:\Projects\Hazina\src\Core\Agents\Hazina.AgentFactory\Hazina.AgentFactory.csproj::TargetFramework=net10.0]
C:\Projects\Hazina\src\Core\Agents\Hazina.AgentFactory\Configuration\Validation\AgentConfigValidator.cs(92,43): warning CA1860: Prefer comparing 'Count' to 0 rather than using 'Any()', both for clarity and for performance (https://learn.microsoft.com/dotnet/fundamentals/code-analysis/quality-rules/ca1860) [C:\Projects\Hazina\src\Core\Agents\Hazina.AgentFactory\Hazina.AgentFactory.csproj::TargetFramework=net10.0]
C:\Projects\Hazina\src\Core\Agents\Hazina.AgentFactory\Core\AgentFactory.cs(186,13): warning CA1851: Possible multiple enumerations of 'IEnumerable' collection. Consider using an implementation that avoids multiple enumerations. (https://learn.microsoft.com/dotnet/fundamentals/code-analysis/quality-rules/ca1851) [C:\Projects\Hazina\src\Core\Agents\Hazina.AgentFactory\Hazina.AgentFactory.csproj::TargetFramework=net10.0]
C:\Projects\Hazina\src\Core\Agents\Hazina.AgentFactory\Core\AgentFactory.cs(184,26): warning CA1851: Possible multiple enumerations of 'IEnumerable' collection. Consider using an implementation that avoids multiple enumerations. (https://learn.microsoft.com/dotnet/fundamentals/code-analysis/quality-rules/ca1851) [C:\Projects\Hazina\src\Core\Agents\Hazina.AgentFactory\Hazina.AgentFactory.csproj::TargetFramework=net10.0]
C:\Projects\Hazina\src\Core\Agents\Hazina.AgentFactory\Services\Email\EmailService.cs(82,9): warning MA0004: Use Task.ConfigureAwait(false) if the current SynchronizationContext is not needed (https://github.com/meziantou/Meziantou.Analyzer/blob/main/docs/Rules/MA0004.md) [C:\Projects\Hazina\src\Core\Agents\Hazina.AgentFactory\Hazina.AgentFactory.csproj::TargetFramework=net10.0]
C:\Projects\Hazina\src\Core\Agents\Hazina.AgentFactory\Configuration\Validation\AgentConfigValidator.cs(125,13): warning SA1503: Braces should not be omitted (https://github.com/DotNetAnalyzers/StyleCopAnalyzers/blob/master/documentation/SA1503.md) [C:\Projects\Hazina\src\Core\Agents\Hazina.AgentFactory\Hazina.AgentFactory.csproj::TargetFramework=net10.0]
C:\Projects\Hazina\src\Core\Agents\Hazina.AgentFactory\Services\Email\EmailService.cs(83,9): warning MA0004: Use Task.ConfigureAwait(false) if the current SynchronizationContext is not needed (https://github.com/meziantou/Meziantou.Analyzer/blob/main/docs/Rules/MA0004.md) [C:\Projects\Hazina\src\Core\Agents\Hazina.AgentFactory\Hazina.AgentFactory.csproj::TargetFramework=net10.0]
C:\Projects\Hazina\src\Core\Agents\Hazina.AgentFactory\Configuration\Validation\ConfigurationResult.cs(45,42): warning CA1000: Do not declare static members on generic types (https://learn.microsoft.com/dotnet/fundamentals/code-analysis/quality-rules/ca1000) [C:\Projects\Hazina\src\Core\Agents\Hazina.AgentFactory\Hazina.AgentFactory.csproj::TargetFramework=net10.0]
C:\Projects\Hazina\src\Core\Agents\Hazina.AgentFactory\Services\Email\EmailService.cs(86,9): warning MA0004: Use Task.ConfigureAwait(false) if the current SynchronizationContext is not needed (https://github.com/meziantou/Meziantou.Analyzer/blob/main/docs/Rules/MA0004.md) [C:\Projects\Hazina\src\Core\Agents\Hazina.AgentFactory\Hazina.AgentFactory.csproj::TargetFramework=net10.0]
C:\Projects\Hazina\src\Core\Agents\Hazina.AgentFactory\Services\Email\EmailService.cs(91,23): warning MA0004: Use Task.ConfigureAwait(false) if the current SynchronizationContext is not needed (https://github.com/meziantou/Meziantou.Analyzer/blob/main/docs/Rules/MA0004.md) [C:\Projects\Hazina\src\Core\Agents\Hazina.AgentFactory\Hazina.AgentFactory.csproj::TargetFramework=net10.0]
C:\Projects\Hazina\src\Core\Agents\Hazina.AgentFactory\Core\StoresAndAgentsAndFlowLoader.cs(54,13): warning MA0004: Use Task.ConfigureAwait(false) if the current SynchronizationContext is not needed (https://github.com/meziantou/Meziantou.Analyzer/blob/main/docs/Rules/MA0004.md) [C:\Projects\Hazina\src\Core\Agents\Hazina.AgentFactory\Hazina.AgentFactory.csproj::TargetFramework=net10.0]
C:\Projects\Hazina\src\Core\Agents\Hazina.AgentFactory\Services\Email\EmailService.cs(94,9): warning MA0004: Use Task.ConfigureAwait(false) if the current SynchronizationContext is not needed (https://github.com/meziantou/Meziantou.Analyzer/blob/main/docs/Rules/MA0004.md) [C:\Projects\Hazina\src\Core\Agents\Hazina.AgentFactory\Hazina.AgentFactory.csproj::TargetFramework=net10.0]
C:\Projects\Hazina\src\Core\Agents\Hazina.AgentFactory\Core\StoresAndAgentsAndFlowLoader.cs(73,25): warning MA0004: Use Task.ConfigureAwait(false) if the current SynchronizationContext is not needed (https://github.com/meziantou/Meziantou.Analyzer/blob/main/docs/Rules/MA0004.md) [C:\Projects\Hazina\src\Core\Agents\Hazina.AgentFactory\Hazina.AgentFactory.csproj::TargetFramework=net10.0]
C:\Projects\Hazina\src\Core\Agents\Hazina.AgentFactory\Configuration\Validation\AgentConfigValidator.cs(124,45): warning CA1860: Prefer comparing 'Count' to 0 rather than using 'Any()', both for clarity and for performance (https://learn.microsoft.com/dotnet/fundamentals/code-analysis/quality-rules/ca1860) [C:\Projects\Hazina\src\Core\Agents\Hazina.AgentFactory\Hazina.AgentFactory.csproj::TargetFramework=net10.0]
C:\Projects\Hazina\src\Core\Agents\Hazina.AgentFactory\Configuration\Validation\AgentConfigValidator.cs(179,37): warning S3267: Loops should be simplified using the "Where" LINQ method (https://rules.sonarsource.com/csharp/RSPEC-3267) [C:\Projects\Hazina\src\Core\Agents\Hazina.AgentFactory\Hazina.AgentFactory.csproj::TargetFramework=net10.0]
C:\Projects\Hazina\src\Core\Agents\Hazina.AgentFactory\Core\StoresAndAgentsAndFlowLoader.cs(64,57): warning MA0006: Use string.Equals instead of Equals operator (https://github.com/meziantou/Meziantou.Analyzer/blob/main/docs/Rules/MA0006.md) [C:\Projects\Hazina\src\Core\Agents\Hazina.AgentFactory\Hazina.AgentFactory.csproj::TargetFramework=net10.0]
C:\Projects\Hazina\src\Core\Agents\Hazina.AgentFactory\Configuration\Validation\AgentConfigValidator.cs(99,26): warning MA0002: Use an overload that has a IEqualityComparer<string> or IComparer<string> parameter (https://github.com/meziantou/Meziantou.Analyzer/blob/main/docs/Rules/MA0002.md) [C:\Projects\Hazina\src\Core\Agents\Hazina.AgentFactory\Hazina.AgentFactory.csproj::TargetFramework=net10.0]
C:\Projects\Hazina\src\Core\Agents\Hazina.AgentFactory\Services\Email\EmailService.cs(115,17): warning SA1503: Braces should not be omitted (https://github.com/DotNetAnalyzers/StyleCopAnalyzers/blob/master/documentation/SA1503.md) [C:\Projects\Hazina\src\Core\Agents\Hazina.AgentFactory\Hazina.AgentFactory.csproj::TargetFramework=net10.0]
C:\Projects\Hazina\src\Core\Agents\Hazina.AgentFactory\Configuration\Validation\AgentConfigValidator.cs(128,13): warning MA0002: Use an overload that has a IEqualityComparer<string> or IComparer<string> parameter (https://github.com/meziantou/Meziantou.Analyzer/blob/main/docs/Rules/MA0002.md) [C:\Projects\Hazina\src\Core\Agents\Hazina.AgentFactory\Hazina.AgentFactory.csproj::TargetFramework=net10.0]
C:\Projects\Hazina\src\Core\Agents\Hazina.AgentFactory\Configuration\Validation\AgentConfigValidator.cs(114,22): warning MA0002: Use an overload that has a IEqualityComparer<string> or IComparer<string> parameter (https://github.com/meziantou/Meziantou.Analyzer/blob/main/docs/Rules/MA0002.md) [C:\Projects\Hazina\src\Core\Agents\Hazina.AgentFactory\Hazina.AgentFactory.csproj::TargetFramework=net10.0]
C:\Projects\Hazina\src\Core\Agents\Hazina.AgentFactory\Configuration\Validation\AgentConfigValidator.cs(134,26): warning MA0002: Use an overload that has a IEqualityComparer<string> or IComparer<string> parameter (https://github.com/meziantou/Meziantou.Analyzer/blob/main/docs/Rules/MA0002.md) [C:\Projects\Hazina\src\Core\Agents\Hazina.AgentFactory\Hazina.AgentFactory.csproj::TargetFramework=net10.0]
C:\Projects\Hazina\src\Core\Agents\Hazina.AgentFactory\Services\BigQuery\BigQueryService.cs(80,13): warning SA1503: Braces should not be omitted (https://github.com/DotNetAnalyzers/StyleCopAnalyzers/blob/master/documentation/SA1503.md) [C:\Projects\Hazina\src\Core\Agents\Hazina.AgentFactory\Hazina.AgentFactory.csproj::TargetFramework=net10.0]
C:\Projects\Hazina\src\Core\Agents\Hazina.AgentFactory\Configuration\Schema\ConfigSchemaGenerator.cs(118,26): warning MA0051: Method is too long (76 lines; maximum allowed: 60) (https://github.com/meziantou/Meziantou.Analyzer/blob/main/docs/Rules/MA0051.md) [C:\Projects\Hazina\src\Core\Agents\Hazina.AgentFactory\Hazina.AgentFactory.csproj::TargetFramework=net10.0]
C:\Projects\Hazina\src\Core\Agents\Hazina.AgentFactory\Services\Email\EmailService.cs(107,9): warning MA0004: Use Task.ConfigureAwait(false) if the current SynchronizationContext is not needed (https://github.com/meziantou/Meziantou.Analyzer/blob/main/docs/Rules/MA0004.md) [C:\Projects\Hazina\src\Core\Agents\Hazina.AgentFactory\Hazina.AgentFactory.csproj::TargetFramework=net10.0]
C:\Projects\Hazina\src\Core\Agents\Hazina.AgentFactory\Services\Email\EmailService.cs(108,9): warning MA0004: Use Task.ConfigureAwait(false) if the current SynchronizationContext is not needed (https://github.com/meziantou/Meziantou.Analyzer/blob/main/docs/Rules/MA0004.md) [C:\Projects\Hazina\src\Core\Agents\Hazina.AgentFactory\Hazina.AgentFactory.csproj::TargetFramework=net10.0]
C:\Projects\Hazina\src\Core\Agents\Hazina.AgentFactory\Services\Email\EmailService.cs(114,17): warning MA0004: Use Task.ConfigureAwait(false) if the current SynchronizationContext is not needed (https://github.com/meziantou/Meziantou.Analyzer/blob/main/docs/Rules/MA0004.md) [C:\Projects\Hazina\src\Core\Agents\Hazina.AgentFactory\Hazina.AgentFactory.csproj::TargetFramework=net10.0]
C:\Projects\Hazina\src\Core\Agents\Hazina.AgentFactory\Services\Email\EmailService.cs(122,9): warning MA0004: Use Task.ConfigureAwait(false) if the current SynchronizationContext is not needed (https://github.com/meziantou/Meziantou.Analyzer/blob/main/docs/Rules/MA0004.md) [C:\Projects\Hazina\src\Core\Agents\Hazina.AgentFactory\Hazina.AgentFactory.csproj::TargetFramework=net10.0]
C:\Projects\Hazina\src\Core\Agents\Hazina.AgentFactory\Services\BigQuery\BigQueryService.cs(85,32): warning CA2016: Forward the 'cancel' parameter to the 'ExecuteQueryAsync' method or pass in 'CancellationToken.None' explicitly to indicate intentionally not propagating the token (https://learn.microsoft.com/dotnet/fundamentals/code-analysis/quality-rules/ca2016) [C:\Projects\Hazina\src\Core\Agents\Hazina.AgentFactory\Hazina.AgentFactory.csproj::TargetFramework=net10.0]
C:\Projects\Hazina\src\Core\Agents\Hazina.AgentFactory\Services\Email\EmailService.cs(124,9): warning MA0004: Use Task.ConfigureAwait(false) if the current SynchronizationContext is not needed (https://github.com/meziantou/Meziantou.Analyzer/blob/main/docs/Rules/MA0004.md) [C:\Projects\Hazina\src\Core\Agents\Hazina.AgentFactory\Hazina.AgentFactory.csproj::TargetFramework=net10.0]
C:\Projects\Hazina\src\Core\Agents\Hazina.AgentFactory\Configuration\Validation\AgentConfigValidator.cs(165,13): warning SA1503: Braces should not be omitted (https://github.com/DotNetAnalyzers/StyleCopAnalyzers/blob/master/documentation/SA1503.md) [C:\Projects\Hazina\src\Core\Agents\Hazina.AgentFactory\Hazina.AgentFactory.csproj::TargetFramework=net10.0]
C:\Projects\Hazina\src\Core\Agents\Hazina.AgentFactory\Services\Execution\AgentExecutionService.cs(119,35): warning S6602: "Find" method should be used instead of the "FirstOrDefault" extension method. (https://rules.sonarsource.com/csharp/RSPEC-6602) [C:\Projects\Hazina\src\Core\Agents\Hazina.AgentFactory\Hazina.AgentFactory.csproj::TargetFramework=net10.0]
C:\Projects\Hazina\src\Core\Agents\Hazina.AgentFactory\Services\BigQuery\BigQueryService.cs(85,26): warning MA0004: Use Task.ConfigureAwait(false) if the current SynchronizationContext is not needed (https://github.com/meziantou/Meziantou.Analyzer/blob/main/docs/Rules/MA0004.md) [C:\Projects\Hazina\src\Core\Agents\Hazina.AgentFactory\Hazina.AgentFactory.csproj::TargetFramework=net10.0]
C:\Projects\Hazina\src\Core\Agents\Hazina.AgentFactory\Core\AgentManager.cs(125,32): warning SA1503: Braces should not be omitted (https://github.com/DotNetAnalyzers/StyleCopAnalyzers/blob/master/documentation/SA1503.md) [C:\Projects\Hazina\src\Core\Agents\Hazina.AgentFactory\Hazina.AgentFactory.csproj::TargetFramework=net10.0]
C:\Projects\Hazina\src\Core\Agents\Hazina.AgentFactory\Core\AgentManager.cs(130,32): warning SA1503: Braces should not be omitted (https://github.com/DotNetAnalyzers/StyleCopAnalyzers/blob/master/documentation/SA1503.md) [C:\Projects\Hazina\src\Core\Agents\Hazina.AgentFactory\Hazina.AgentFactory.csproj::TargetFramework=net10.0]
C:\Projects\Hazina\src\Core\Agents\Hazina.AgentFactory\Core\AgentManager.cs(137,17): warning SA1503: Braces should not be omitted (https://github.com/DotNetAnalyzers/StyleCopAnalyzers/blob/master/documentation/SA1503.md) [C:\Projects\Hazina\src\Core\Agents\Hazina.AgentFactory\Hazina.AgentFactory.csproj::TargetFramework=net10.0]
C:\Projects\Hazina\src\Core\Agents\Hazina.AgentFactory\Services\BigQuery\BigQueryService.cs(88,9): warning CA1031: Modify 'ExecuteQueryAsync' to catch a more specific allowed exception type, or rethrow the exception (https://learn.microsoft.com/dotnet/fundamentals/code-analysis/quality-rules/ca1031) [C:\Projects\Hazina\src\Core\Agents\Hazina.AgentFactory\Hazina.AgentFactory.csproj::TargetFramework=net10.0]
C:\Projects\Hazina\src\Core\Agents\Hazina.AgentFactory\Core\AgentManager.cs(139,28): warning MA0004: Use Task.ConfigureAwait(false) if the current SynchronizationContext is not needed (https://github.com/meziantou/Meziantou.Analyzer/blob/main/docs/Rules/MA0004.md) [C:\Projects\Hazina\src\Core\Agents\Hazina.AgentFactory\Hazina.AgentFactory.csproj::TargetFramework=net10.0]
C:\Projects\Hazina\src\Core\Agents\Hazina.AgentFactory\Core\AgentManager.cs(142,28): warning MA0004: Use Task.ConfigureAwait(false) if the current SynchronizationContext is not needed (https://github.com/meziantou/Meziantou.Analyzer/blob/main/docs/Rules/MA0004.md) [C:\Projects\Hazina\src\Core\Agents\Hazina.AgentFactory\Hazina.AgentFactory.csproj::TargetFramework=net10.0]
C:\Projects\Hazina\src\Core\Agents\Hazina.AgentFactory\Configuration\Schema\ConfigSchemaGenerator.cs(190,49): warning CA1869: Avoid creating a new 'JsonSerializerOptions' instance for every serialization operation. Cache and reuse instances instead. (https://learn.microsoft.com/dotnet/fundamentals/code-analysis/quality-rules/ca1869) [C:\Projects\Hazina\src\Core\Agents\Hazina.AgentFactory\Hazina.AgentFactory.csproj::TargetFramework=net10.0]
C:\Projects\Hazina\src\Core\Agents\Hazina.AgentFactory\Configuration\Validation\StoreConfigValidator.cs(190,88): warning CA1002: Change 'List<StoreConfig>' in 'StoreConfigValidator.ValidateAll(List<StoreConfig>)' to use 'Collection<T>', 'ReadOnlyCollection<T>' or 'KeyedCollection<K,V>' (https://learn.microsoft.com/dotnet/fundamentals/code-analysis/quality-rules/ca1002) [C:\Projects\Hazina\src\Core\Agents\Hazina.AgentFactory\Hazina.AgentFactory.csproj::TargetFramework=net10.0]
C:\Projects\Hazina\src\Core\Agents\Hazina.AgentFactory\Configuration\Validation\StoreConfigValidator.cs(190,70): warning MA0016: Prefer using collection abstraction instead of implementation (https://github.com/meziantou/Meziantou.Analyzer/blob/main/docs/Rules/MA0016.md) [C:\Projects\Hazina\src\Core\Agents\Hazina.AgentFactory\Hazina.AgentFactory.csproj::TargetFramework=net10.0]
C:\Projects\Hazina\src\Core\Agents\Hazina.AgentFactory\Configuration\Validation\ConfigurationResult.cs(56,42): warning CA1000: Do not declare static members on generic types (https://learn.microsoft.com/dotnet/fundamentals/code-analysis/quality-rules/ca1000) [C:\Projects\Hazina\src\Core\Agents\Hazina.AgentFactory\Hazina.AgentFactory.csproj::TargetFramework=net10.0]
C:\Projects\Hazina\src\Core\Agents\Hazina.AgentFactory\Core\AgentManager.cs(172,31): warning CA1707: Remove the underscores from member name Hazina.AgentFactory.Core.AgentManager.SendMessage_Flow(string, System.Threading.CancellationToken, string) (https://learn.microsoft.com/dotnet/fundamentals/code-analysis/quality-rules/ca1707) [C:\Projects\Hazina\src\Core\Agents\Hazina.AgentFactory\Hazina.AgentFactory.csproj::TargetFramework=net10.0]
C:\Projects\Hazina\src\Core\Agents\Hazina.AgentFactory\Services\Email\EmailService.cs(138,13): warning SA1503: Braces should not be omitted (https://github.com/DotNetAnalyzers/StyleCopAnalyzers/blob/master/documentation/SA1503.md) [C:\Projects\Hazina\src\Core\Agents\Hazina.AgentFactory\Hazina.AgentFactory.csproj::TargetFramework=net10.0]
C:\Projects\Hazina\src\Core\Agents\Hazina.AgentFactory\Services\Email\EmailService.cs(145,13): warning SA1503: Braces should not be omitted (https://github.com/DotNetAnalyzers/StyleCopAnalyzers/blob/master/documentation/SA1503.md) [C:\Projects\Hazina\src\Core\Agents\Hazina.AgentFactory\Hazina.AgentFactory.csproj::TargetFramework=net10.0]
C:\Projects\Hazina\src\Core\Agents\Hazina.AgentFactory\Core\AgentFactory.cs(223,40): warning S6602: "Find" method should be used instead of the "FirstOrDefault" extension method. (https://rules.sonarsource.com/csharp/RSPEC-6602) [C:\Projects\Hazina\src\Core\Agents\Hazina.AgentFactory\Hazina.AgentFactory.csproj::TargetFramework=net10.0]
C:\Projects\Hazina\src\Core\Agents\Hazina.AgentFactory\Core\StoresAndAgentsAndFlowLoader.cs(106,62): warning S6605: Collection-specific "Exists" method should be used instead of the "Any" extension. (https://rules.sonarsource.com/csharp/RSPEC-6605) [C:\Projects\Hazina\src\Core\Agents\Hazina.AgentFactory\Hazina.AgentFactory.csproj::TargetFramework=net10.0]
C:\Projects\Hazina\src\Core\Agents\Hazina.AgentFactory\Core\AgentManager.cs(138,26): warning SA1129: Do not use default value type constructor (https://github.com/DotNetAnalyzers/StyleCopAnalyzers/blob/master/documentation/SA1129.md) [C:\Projects\Hazina\src\Core\Agents\Hazina.AgentFactory\Hazina.AgentFactory.csproj::TargetFramework=net10.0]
C:\Projects\Hazina\src\Core\Agents\Hazina.AgentFactory\Core\StoresAndAgentsAndFlowLoader.cs(112,59): warning S6605: Collection-specific "Exists" method should be used instead of the "Any" extension. (https://rules.sonarsource.com/csharp/RSPEC-6605) [C:\Projects\Hazina\src\Core\Agents\Hazina.AgentFactory\Hazina.AgentFactory.csproj::TargetFramework=net10.0]
C:\Projects\Hazina\src\Core\Agents\Hazina.AgentFactory\Configuration\Validation\AgentConfigValidator.cs(192,27): warning CA1002: Change 'List<AgentConfig>' in 'AgentConfigValidator.ValidateAll(List<AgentConfig>, [List<string>], [List<string>])' to use 'Collection<T>', 'ReadOnlyCollection<T>' or 'KeyedCollection<K,V>' (https://learn.microsoft.com/dotnet/fundamentals/code-analysis/quality-rules/ca1002) [C:\Projects\Hazina\src\Core\Agents\Hazina.AgentFactory\Hazina.AgentFactory.csproj::TargetFramework=net10.0]
C:\Projects\Hazina\src\Core\Agents\Hazina.AgentFactory\Configuration\Validation\AgentConfigValidator.cs(193,23): warning CA1002: Change 'List<string>' in 'AgentConfigValidator.ValidateAll(List<AgentConfig>, [List<string>], [List<string>])' to use 'Collection<T>', 'ReadOnlyCollection<T>' or 'KeyedCollection<K,V>' (https://learn.microsoft.com/dotnet/fundamentals/code-analysis/quality-rules/ca1002) [C:\Projects\Hazina\src\Core\Agents\Hazina.AgentFactory\Hazina.AgentFactory.csproj::TargetFramework=net10.0]
C:\Projects\Hazina\src\Core\Agents\Hazina.AgentFactory\Configuration\Validation\AgentConfigValidator.cs(194,23): warning CA1002: Change 'List<string>' in 'AgentConfigValidator.ValidateAll(List<AgentConfig>, [List<string>], [List<string>])' to use 'Collection<T>', 'ReadOnlyCollection<T>' or 'KeyedCollection<K,V>' (https://learn.microsoft.com/dotnet/fundamentals/code-analysis/quality-rules/ca1002) [C:\Projects\Hazina\src\Core\Agents\Hazina.AgentFactory\Hazina.AgentFactory.csproj::TargetFramework=net10.0]
C:\Projects\Hazina\src\Core\Agents\Hazina.AgentFactory\Services\Email\EmailService.cs(131,9): warning MA0004: Use Task.ConfigureAwait(false) if the current SynchronizationContext is not needed (https://github.com/meziantou/Meziantou.Analyzer/blob/main/docs/Rules/MA0004.md) [C:\Projects\Hazina\src\Core\Agents\Hazina.AgentFactory\Hazina.AgentFactory.csproj::TargetFramework=net10.0]
C:\Projects\Hazina\src\Core\Agents\Hazina.AgentFactory\Core\AgentManager.cs(155,32): warning SA1503: Braces should not be omitted (https://github.com/DotNetAnalyzers/StyleCopAnalyzers/blob/master/documentation/SA1503.md) [C:\Projects\Hazina\src\Core\Agents\Hazina.AgentFactory\Hazina.AgentFactory.csproj::TargetFramework=net10.0]
C:\Projects\Hazina\src\Core\Agents\Hazina.AgentFactory\Core\AgentManager.cs(160,32): warning SA1503: Braces should not be omitted (https://github.com/DotNetAnalyzers/StyleCopAnalyzers/blob/master/documentation/SA1503.md) [C:\Projects\Hazina\src\Core\Agents\Hazina.AgentFactory\Hazina.AgentFactory.csproj::TargetFramework=net10.0]
C:\Projects\Hazina\src\Core\Agents\Hazina.AgentFactory\Services\Email\EmailService.cs(132,9): warning MA0004: Use Task.ConfigureAwait(false) if the current SynchronizationContext is not needed (https://github.com/meziantou/Meziantou.Analyzer/blob/main/docs/Rules/MA0004.md) [C:\Projects\Hazina\src\Core\Agents\Hazina.AgentFactory\Hazina.AgentFactory.csproj::TargetFramework=net10.0]
C:\Projects\Hazina\src\Core\Agents\Hazina.AgentFactory\Configuration\Validation\AgentConfigValidator.cs(192,9): warning MA0016: Prefer using collection abstraction instead of implementation (https://github.com/meziantou/Meziantou.Analyzer/blob/main/docs/Rules/MA0016.md) [C:\Projects\Hazina\src\Core\Agents\Hazina.AgentFactory\Hazina.AgentFactory.csproj::TargetFramework=net10.0]
C:\Projects\Hazina\src\Core\Agents\Hazina.AgentFactory\Configuration\Validation\AgentConfigValidator.cs(193,9): warning MA0016: Prefer using collection abstraction instead of implementation (https://github.com/meziantou/Meziantou.Analyzer/blob/main/docs/Rules/MA0016.md) [C:\Projects\Hazina\src\Core\Agents\Hazina.AgentFactory\Hazina.AgentFactory.csproj::TargetFramework=net10.0]
C:\Projects\Hazina\src\Core\Agents\Hazina.AgentFactory\Configuration\Validation\AgentConfigValidator.cs(194,9): warning MA0016: Prefer using collection abstraction instead of implementation (https://github.com/meziantou/Meziantou.Analyzer/blob/main/docs/Rules/MA0016.md) [C:\Projects\Hazina\src\Core\Agents\Hazina.AgentFactory\Hazina.AgentFactory.csproj::TargetFramework=net10.0]
C:\Projects\Hazina\src\Core\Agents\Hazina.AgentFactory\Services\Email\EmailService.cs(135,9): warning MA0004: Use Task.ConfigureAwait(false) if the current SynchronizationContext is not needed (https://github.com/meziantou/Meziantou.Analyzer/blob/main/docs/Rules/MA0004.md) [C:\Projects\Hazina\src\Core\Agents\Hazina.AgentFactory\Hazina.AgentFactory.csproj::TargetFramework=net10.0]
C:\Projects\Hazina\src\Core\Agents\Hazina.AgentFactory\Core\StoresAndAgentsAndFlowLoader.cs(119,17): warning S2325: Make 'MatchPattern' a static method. (https://rules.sonarsource.com/csharp/RSPEC-2325) [C:\Projects\Hazina\src\Core\Agents\Hazina.AgentFactory\Hazina.AgentFactory.csproj::TargetFramework=net10.0]
C:\Projects\Hazina\src\Core\Agents\Hazina.AgentFactory\Services\Email\EmailService.cs(141,23): warning MA0004: Use Task.ConfigureAwait(false) if the current SynchronizationContext is not needed (https://github.com/meziantou/Meziantou.Analyzer/blob/main/docs/Rules/MA0004.md) [C:\Projects\Hazina\src\Core\Agents\Hazina.AgentFactory\Hazina.AgentFactory.csproj::TargetFramework=net10.0]
C:\Projects\Hazina\src\Core\Agents\Hazina.AgentFactory\Services\Email\EmailService.cs(147,9): warning MA0004: Use Task.ConfigureAwait(false) if the current SynchronizationContext is not needed (https://github.com/meziantou/Meziantou.Analyzer/blob/main/docs/Rules/MA0004.md) [C:\Projects\Hazina\src\Core\Agents\Hazina.AgentFactory\Hazina.AgentFactory.csproj::TargetFramework=net10.0]
C:\Projects\Hazina\src\Core\Agents\Hazina.AgentFactory\Services\Email\EmailService.cs(149,9): warning MA0004: Use Task.ConfigureAwait(false) if the current SynchronizationContext is not needed (https://github.com/meziantou/Meziantou.Analyzer/blob/main/docs/Rules/MA0004.md) [C:\Projects\Hazina\src\Core\Agents\Hazina.AgentFactory\Hazina.AgentFactory.csproj::TargetFramework=net10.0]
C:\Projects\Hazina\src\Core\Agents\Hazina.AgentFactory\Core\AgentManager.cs(163,9): warning MA0004: Use Task.ConfigureAwait(false) if the current SynchronizationContext is not needed (https://github.com/meziantou/Meziantou.Analyzer/blob/main/docs/Rules/MA0004.md) [C:\Projects\Hazina\src\Core\Agents\Hazina.AgentFactory\Hazina.AgentFactory.csproj::TargetFramework=net10.0]
C:\Projects\Hazina\src\Core\Agents\Hazina.AgentFactory\Core\AgentManager.cs(174,9): warning MA0004: Use Task.ConfigureAwait(false) if the current SynchronizationContext is not needed (https://github.com/meziantou/Meziantou.Analyzer/blob/main/docs/Rules/MA0004.md) [C:\Projects\Hazina\src\Core\Agents\Hazina.AgentFactory\Hazina.AgentFactory.csproj::TargetFramework=net10.0]
C:\Projects\Hazina\src\Core\Agents\Hazina.AgentFactory\Core\AgentManager.cs(165,24): warning MA0004: Use Task.ConfigureAwait(false) if the current SynchronizationContext is not needed (https://github.com/meziantou/Meziantou.Analyzer/blob/main/docs/Rules/MA0004.md) [C:\Projects\Hazina\src\Core\Agents\Hazina.AgentFactory\Hazina.AgentFactory.csproj::TargetFramework=net10.0]
C:\Projects\Hazina\src\Core\Agents\Hazina.AgentFactory\Core\AgentManager.cs(167,9): warning MA0004: Use Task.ConfigureAwait(false) if the current SynchronizationContext is not needed (https://github.com/meziantou/Meziantou.Analyzer/blob/main/docs/Rules/MA0004.md) [C:\Projects\Hazina\src\Core\Agents\Hazina.AgentFactory\Hazina.AgentFactory.csproj::TargetFramework=net10.0]
C:\Projects\Hazina\src\Core\Agents\Hazina.AgentFactory\Core\AgentManager.cs(176,24): warning MA0004: Use Task.ConfigureAwait(false) if the current SynchronizationContext is not needed (https://github.com/meziantou/Meziantou.Analyzer/blob/main/docs/Rules/MA0004.md) [C:\Projects\Hazina\src\Core\Agents\Hazina.AgentFactory\Hazina.AgentFactory.csproj::TargetFramework=net10.0]
C:\Projects\Hazina\src\Core\Agents\Hazina.AgentFactory\Core\AgentManager.cs(134,31): warning CA1303: Method 'Task AgentManager.InteractiveUserLoop(string agentName = null)' passes a literal string as parameter 'value' of a call to 'void Console.WriteLine(string? value)'. Retrieve the following string(s) from a resource table instead: "Geef een instructie (of 'exit' om te stoppen):". (https://learn.microsoft.com/dotnet/fundamentals/code-analysis/quality-rules/ca1303) [C:\Projects\Hazina\src\Core\Agents\Hazina.AgentFactory\Hazina.AgentFactory.csproj::TargetFramework=net10.0]
C:\Projects\Hazina\src\Core\Agents\Hazina.AgentFactory\Core\StoresAndAgentsAndFlowLoader.cs(121,21): warning S6610: "StartsWith" overloads that take a "char" should be used (https://rules.sonarsource.com/csharp/RSPEC-6610) [C:\Projects\Hazina\src\Core\Agents\Hazina.AgentFactory\Hazina.AgentFactory.csproj::TargetFramework=net10.0]
C:\Projects\Hazina\src\Core\Agents\Hazina.AgentFactory\Core\StoresAndAgentsAndFlowLoader.cs(122,13): warning SA1503: Braces should not be omitted (https://github.com/DotNetAnalyzers/StyleCopAnalyzers/blob/master/documentation/SA1503.md) [C:\Projects\Hazina\src\Core\Agents\Hazina.AgentFactory\Hazina.AgentFactory.csproj::TargetFramework=net10.0]
C:\Projects\Hazina\src\Core\Agents\Hazina.AgentFactory\Core\StoresAndAgentsAndFlowLoader.cs(121,31): warning CA1866: Use 'string.StartsWith(char)' instead of 'string.StartsWith(string)' when you have a string with a single char (https://learn.microsoft.com/dotnet/fundamentals/code-analysis/quality-rules/ca1866) [C:\Projects\Hazina\src\Core\Agents\Hazina.AgentFactory\Hazina.AgentFactory.csproj::TargetFramework=net10.0]
C:\Projects\Hazina\src\Core\Agents\Hazina.AgentFactory\Core\StoresAndAgentsAndFlowLoader.cs(121,13): warning CA1310: The behavior of 'string.StartsWith(string)' could vary based on the current user's locale settings. Replace this call in 'Hazina.AgentFactory.Core.StoresAndAgentsAndFlowLoader.MatchPattern(string, string)' with a call to 'string.StartsWith(string, System.StringComparison)'. (https://learn.microsoft.com/dotnet/fundamentals/code-analysis/quality-rules/ca1310) [C:\Projects\Hazina\src\Core\Agents\Hazina.AgentFactory\Hazina.AgentFactory.csproj::TargetFramework=net10.0]
C:\Projects\Hazina\src\Core\Agents\Hazina.AgentFactory\Core\StoresAndAgentsAndFlowLoader.cs(121,13): warning MA0074: Use an overload of 'StartsWith' that has a StringComparison parameter (https://github.com/meziantou/Meziantou.Analyzer/blob/main/docs/Rules/MA0074.md) [C:\Projects\Hazina\src\Core\Agents\Hazina.AgentFactory\Hazina.AgentFactory.csproj::TargetFramework=net10.0]
C:\Projects\Hazina\src\Core\Agents\Hazina.AgentFactory\Core\StoresAndAgentsAndFlowLoader.cs(121,13): warning CA1062: In externally visible method 'bool StoresAndAgentsAndFlowLoader.MatchPattern(string text, string pattern)', validate parameter 'pattern' is non-null before using it. If appropriate, throw an 'ArgumentNullException' when the argument is 'null'. (https://learn.microsoft.com/dotnet/fundamentals/code-analysis/quality-rules/ca1062) [C:\Projects\Hazina\src\Core\Agents\Hazina.AgentFactory\Hazina.AgentFactory.csproj::TargetFramework=net10.0]
C:\Projects\Hazina\src\Core\Agents\Hazina.AgentFactory\Core\StoresAndAgentsAndFlowLoader.cs(122,20): warning CA1062: In externally visible method 'bool StoresAndAgentsAndFlowLoader.MatchPattern(string text, string pattern)', validate parameter 'text' is non-null before using it. If appropriate, throw an 'ArgumentNullException' when the argument is 'null'. (https://learn.microsoft.com/dotnet/fundamentals/code-analysis/quality-rules/ca1062) [C:\Projects\Hazina\src\Core\Agents\Hazina.AgentFactory\Hazina.AgentFactory.csproj::TargetFramework=net10.0]
C:\Projects\Hazina\src\Core\Agents\Hazina.AgentFactory\Services\Execution\AgentExecutionService.cs(120,32): warning SA1503: Braces should not be omitted (https://github.com/DotNetAnalyzers/StyleCopAnalyzers/blob/master/documentation/SA1503.md) [C:\Projects\Hazina\src\Core\Agents\Hazina.AgentFactory\Hazina.AgentFactory.csproj::TargetFramework=net10.0]
C:\Projects\Hazina\src\Core\Agents\Hazina.AgentFactory\Core\AgentFactory.cs(224,34): warning SA1503: Braces should not be omitted (https://github.com/DotNetAnalyzers/StyleCopAnalyzers/blob/master/documentation/SA1503.md) [C:\Projects\Hazina\src\Core\Agents\Hazina.AgentFactory\Hazina.AgentFactory.csproj::TargetFramework=net10.0]
C:\Projects\Hazina\src\Core\Agents\Hazina.AgentFactory\Core\AgentFactory.cs(219,5): warning SA1124: Do not use regions (https://github.com/DotNetAnalyzers/StyleCopAnalyzers/blob/master/documentation/SA1124.md) [C:\Projects\Hazina\src\Core\Agents\Hazina.AgentFactory\Hazina.AgentFactory.csproj::TargetFramework=net10.0]
C:\Projects\Hazina\src\Core\Agents\Hazina.AgentFactory\Core\AgentFactory.cs(231,22): warning CA1849: 'QuickAgentCreator.CreateStore(StorePaths, string)' synchronously blocks. Await 'QuickAgentCreator.CreateStoreAsync(StorePaths, string)' instead. (https://learn.microsoft.com/dotnet/fundamentals/code-analysis/quality-rules/ca1849) [C:\Projects\Hazina\src\Core\Agents\Hazina.AgentFactory\Hazina.AgentFactory.csproj::TargetFramework=net10.0]
C:\Projects\Hazina\src\Core\Agents\Hazina.AgentFactory\Services\Email\EmailService.cs(156,9): warning MA0004: Use Task.ConfigureAwait(false) if the current SynchronizationContext is not needed (https://github.com/meziantou/Meziantou.Analyzer/blob/main/docs/Rules/MA0004.md) [C:\Projects\Hazina\src\Core\Agents\Hazina.AgentFactory\Hazina.AgentFactory.csproj::TargetFramework=net10.0]
C:\Projects\Hazina\src\Core\Agents\Hazina.AgentFactory\Services\Email\EmailService.cs(157,9): warning MA0004: Use Task.ConfigureAwait(false) if the current SynchronizationContext is not needed (https://github.com/meziantou/Meziantou.Analyzer/blob/main/docs/Rules/MA0004.md) [C:\Projects\Hazina\src\Core\Agents\Hazina.AgentFactory\Hazina.AgentFactory.csproj::TargetFramework=net10.0]
C:\Projects\Hazina\src\Core\Agents\Hazina.AgentFactory\Services\Email\EmailService.cs(159,20): warning MA0004: Use Task.ConfigureAwait(false) if the current SynchronizationContext is not needed (https://github.com/meziantou/Meziantou.Analyzer/blob/main/docs/Rules/MA0004.md) [C:\Projects\Hazina\src\Core\Agents\Hazina.AgentFactory\Hazina.AgentFactory.csproj::TargetFramework=net10.0]
C:\Projects\Hazina\src\Core\Agents\Hazina.AgentFactory\Services\Execution\AgentExecutionService.cs(116,27): warning MA0004: Use Task.ConfigureAwait(false) if the current SynchronizationContext is not needed (https://github.com/meziantou/Meziantou.Analyzer/blob/main/docs/Rules/MA0004.md) [C:\Projects\Hazina\src\Core\Agents\Hazina.AgentFactory\Hazina.AgentFactory.csproj::TargetFramework=net10.0]
C:\Projects\Hazina\src\Core\Agents\Hazina.AgentFactory\Core\AgentFactory.cs(232,9): warning MA0004: Use Task.ConfigureAwait(false) if the current SynchronizationContext is not needed (https://github.com/meziantou/Meziantou.Analyzer/blob/main/docs/Rules/MA0004.md) [C:\Projects\Hazina\src\Core\Agents\Hazina.AgentFactory\Hazina.AgentFactory.csproj::TargetFramework=net10.0]
C:\Projects\Hazina\src\Core\Agents\Hazina.AgentFactory\Services\Email\EmailService.cs(162,9): warning MA0004: Use Task.ConfigureAwait(false) if the current SynchronizationContext is not needed (https://github.com/meziantou/Meziantou.Analyzer/blob/main/docs/Rules/MA0004.md) [C:\Projects\Hazina\src\Core\Agents\Hazina.AgentFactory\Hazina.AgentFactory.csproj::TargetFramework=net10.0]
C:\Projects\Hazina\src\Core\Agents\Hazina.AgentFactory\Core\AgentFactory.cs(234,21): warning MA0004: Use Task.ConfigureAwait(false) if the current SynchronizationContext is not needed (https://github.com/meziantou/Meziantou.Analyzer/blob/main/docs/Rules/MA0004.md) [C:\Projects\Hazina\src\Core\Agents\Hazina.AgentFactory\Hazina.AgentFactory.csproj::TargetFramework=net10.0]
C:\Projects\Hazina\src\Core\Agents\Hazina.AgentFactory\Services\Email\EmailService.cs(164,9): warning MA0004: Use Task.ConfigureAwait(false) if the current SynchronizationContext is not needed (https://github.com/meziantou/Meziantou.Analyzer/blob/main/docs/Rules/MA0004.md) [C:\Projects\Hazina\src\Core\Agents\Hazina.AgentFactory\Hazina.AgentFactory.csproj::TargetFramework=net10.0]
C:\Projects\Hazina\src\Core\Agents\Hazina.AgentFactory\Core\AgentFactory.cs(247,35): warning MA0004: Use Task.ConfigureAwait(false) if the current SynchronizationContext is not needed (https://github.com/meziantou/Meziantou.Analyzer/blob/main/docs/Rules/MA0004.md) [C:\Projects\Hazina\src\Core\Agents\Hazina.AgentFactory\Hazina.AgentFactory.csproj::TargetFramework=net10.0]
C:\Projects\Hazina\src\Core\Agents\Hazina.AgentFactory\Core\AgentFactory.cs(257,31): warning MA0004: Use Task.ConfigureAwait(false) if the current SynchronizationContext is not needed (https://github.com/meziantou/Meziantou.Analyzer/blob/main/docs/Rules/MA0004.md) [C:\Projects\Hazina\src\Core\Agents\Hazina.AgentFactory\Hazina.AgentFactory.csproj::TargetFramework=net10.0]
C:\Projects\Hazina\src\Core\Agents\Hazina.AgentFactory\Services\Execution\AgentExecutionService.cs(160,35): warning S6602: "Find" method should be used instead of the "FirstOrDefault" extension method. (https://rules.sonarsource.com/csharp/RSPEC-6602) [C:\Projects\Hazina\src\Core\Agents\Hazina.AgentFactory\Hazina.AgentFactory.csproj::TargetFramework=net10.0]
C:\Projects\Hazina\src\Core\Agents\Hazina.AgentFactory\Services\Email\EmailService.cs(169,116): warning S1172: Remove this unused method parameter 'isRoot'. (https://rules.sonarsource.com/csharp/RSPEC-1172) [C:\Projects\Hazina\src\Core\Agents\Hazina.AgentFactory\Hazina.AgentFactory.csproj::TargetFramework=net10.0]
C:\Projects\Hazina\src\Core\Agents\Hazina.AgentFactory\Configuration\Validation\AgentConfigValidator.cs(148,13): warning SA1503: Braces should not be omitted (https://github.com/DotNetAnalyzers/StyleCopAnalyzers/blob/master/documentation/SA1503.md) [C:\Projects\Hazina\src\Core\Agents\Hazina.AgentFactory\Hazina.AgentFactory.csproj::TargetFramework=net10.0]
C:\Projects\Hazina\src\Core\Agents\Hazina.AgentFactory\Configuration\Validation\AgentConfigValidator.cs(147,44): warning CA1860: Prefer comparing 'Count' to 0 rather than using 'Any()', both for clarity and for performance (https://learn.microsoft.com/dotnet/fundamentals/code-analysis/quality-rules/ca1860) [C:\Projects\Hazina\src\Core\Agents\Hazina.AgentFactory\Hazina.AgentFactory.csproj::TargetFramework=net10.0]
C:\Projects\Hazina\src\Core\Agents\Hazina.AgentFactory\Services\Email\EmailService.cs(177,17): warning MA0004: Use Task.ConfigureAwait(false) if the current SynchronizationContext is not needed (https://github.com/meziantou/Meziantou.Analyzer/blob/main/docs/Rules/MA0004.md) [C:\Projects\Hazina\src\Core\Agents\Hazina.AgentFactory\Hazina.AgentFactory.csproj::TargetFramework=net10.0]
C:\Projects\Hazina\src\Core\Agents\Hazina.AgentFactory\Services\Email\EmailService.cs(185,29): warning MA0004: Use Task.ConfigureAwait(false) if the current SynchronizationContext is not needed (https://github.com/meziantou/Meziantou.Analyzer/blob/main/docs/Rules/MA0004.md) [C:\Projects\Hazina\src\Core\Agents\Hazina.AgentFactory\Hazina.AgentFactory.csproj::TargetFramework=net10.0]
C:\Projects\Hazina\src\Core\Agents\Hazina.AgentFactory\Services\Email\EmailService.cs(187,13): warning MA0004: Use Task.ConfigureAwait(false) if the current SynchronizationContext is not needed (https://github.com/meziantou/Meziantou.Analyzer/blob/main/docs/Rules/MA0004.md) [C:\Projects\Hazina\src\Core\Agents\Hazina.AgentFactory\Hazina.AgentFactory.csproj::TargetFramework=net10.0]
C:\Projects\Hazina\src\Core\Agents\Hazina.AgentFactory\Configuration\Validation\AgentConfigValidator.cs(151,26): warning MA0002: Use an overload that has a IEqualityComparer<string> or IComparer<string> parameter (https://github.com/meziantou/Meziantou.Analyzer/blob/main/docs/Rules/MA0002.md) [C:\Projects\Hazina\src\Core\Agents\Hazina.AgentFactory\Hazina.AgentFactory.csproj::TargetFramework=net10.0]
C:\Projects\Hazina\src\Core\Agents\Hazina.AgentFactory\Configuration\Validation\StoreConfigValidator.cs(194,32): warning CA1860: Prefer comparing 'Count' to 0 rather than using 'Any()', both for clarity and for performance (https://learn.microsoft.com/dotnet/fundamentals/code-analysis/quality-rules/ca1860) [C:\Projects\Hazina\src\Core\Agents\Hazina.AgentFactory\Hazina.AgentFactory.csproj::TargetFramework=net10.0]
C:\Projects\Hazina\src\Core\Agents\Hazina.AgentFactory\Services\Email\EmailService.cs(179,13): warning CA1031: Modify 'EnumerateFoldersAsync' to catch a more specific allowed exception type, or rethrow the exception (https://learn.microsoft.com/dotnet/fundamentals/code-analysis/quality-rules/ca1031) [C:\Projects\Hazina\src\Core\Agents\Hazina.AgentFactory\Hazina.AgentFactory.csproj::TargetFramework=net10.0]
C:\Projects\Hazina\src\Core\Agents\Hazina.AgentFactory\Configuration\Validation\StoreConfigValidator.cs(201,30): warning MA0002: Use an overload that has a IEqualityComparer<string> or IComparer<string> parameter (https://github.com/meziantou/Meziantou.Analyzer/blob/main/docs/Rules/MA0002.md) [C:\Projects\Hazina\src\Core\Agents\Hazina.AgentFactory\Hazina.AgentFactory.csproj::TargetFramework=net10.0]
C:\Projects\Hazina\src\Core\Agents\Hazina.AgentFactory\Core\AgentManager.cs(182,62): warning CA1311: Specify a culture or use an invariant version to avoid implicit dependency on current culture (https://learn.microsoft.com/dotnet/fundamentals/code-analysis/quality-rules/ca1311) [C:\Projects\Hazina\src\Core\Agents\Hazina.AgentFactory\Hazina.AgentFactory.csproj::TargetFramework=net10.0]
C:\Projects\Hazina\src\Core\Agents\Hazina.AgentFactory\Core\AgentManager.cs(182,55): warning CA1862: Prefer using 'string.Equals(string, StringComparison)' to perform a case-insensitive comparison, but keep in mind that this might cause subtle changes in behavior, so make sure to conduct thorough testing after applying the suggestion, or if culturally sensitive comparison is not required, consider using 'StringComparison.OrdinalIgnoreCase' (https://learn.microsoft.com/dotnet/fundamentals/code-analysis/quality-rules/ca1862) [C:\Projects\Hazina\src\Core\Agents\Hazina.AgentFactory\Hazina.AgentFactory.csproj::TargetFramework=net10.0]
C:\Projects\Hazina\src\Core\Agents\Hazina.AgentFactory\Core\AgentManager.cs(182,55): warning CA1304: The behavior of 'string.ToLower()' could vary based on the current user's locale settings. Replace this call in 'AgentManager.AddHistory(string)' with a call to 'string.ToLower(CultureInfo)'. (https://learn.microsoft.com/dotnet/fundamentals/code-analysis/quality-rules/ca1304) [C:\Projects\Hazina\src\Core\Agents\Hazina.AgentFactory\Hazina.AgentFactory.csproj::TargetFramework=net10.0]
C:\Projects\Hazina\src\Core\Agents\Hazina.AgentFactory\Core\AgentManager.cs(185,26): warning CA1305: The behavior of 'DateTime.ToString(string)' could vary based on the current user's locale settings. Replace this call in 'AgentManager.AddHistory(string)' with a call to 'DateTime.ToString(string, IFormatProvider)'. (https://learn.microsoft.com/dotnet/fundamentals/code-analysis/quality-rules/ca1305) [C:\Projects\Hazina\src\Core\Agents\Hazina.AgentFactory\Hazina.AgentFactory.csproj::TargetFramework=net10.0]
C:\Projects\Hazina\src\Core\Agents\Hazina.AgentFactory\Core\AgentFactory.cs(231,22): warning S6966: Await CreateStoreAsync instead. (https://rules.sonarsource.com/csharp/RSPEC-6966) [C:\Projects\Hazina\src\Core\Agents\Hazina.AgentFactory\Hazina.AgentFactory.csproj::TargetFramework=net10.0]
C:\Projects\Hazina\src\Core\Agents\Hazina.AgentFactory\Configuration\Schema\ConfigSchemaGenerator.cs(234,49): warning CA1869: Avoid creating a new 'JsonSerializerOptions' instance for every serialization operation. Cache and reuse instances instead. (https://learn.microsoft.com/dotnet/fundamentals/code-analysis/quality-rules/ca1869) [C:\Projects\Hazina\src\Core\Agents\Hazina.AgentFactory\Hazina.AgentFactory.csproj::TargetFramework=net10.0]
C:\Projects\Hazina\src\Core\Agents\Hazina.AgentFactory\Core\AgentManager.cs(186,13): warning MA0004: Use Task.ConfigureAwait(false) if the current SynchronizationContext is not needed (https://github.com/meziantou/Meziantou.Analyzer/blob/main/docs/Rules/MA0004.md) [C:\Projects\Hazina\src\Core\Agents\Hazina.AgentFactory\Hazina.AgentFactory.csproj::TargetFramework=net10.0]
C:\Projects\Hazina\src\Core\Agents\Hazina.AgentFactory\Core\AgentManager.cs(182,55): warning MA0011: Use an overload of 'ToLower' that has a 'System.Globalization.CultureInfo' parameter (https://github.com/meziantou/Meziantou.Analyzer/blob/main/docs/Rules/MA0011.md) [C:\Projects\Hazina\src\Core\Agents\Hazina.AgentFactory\Hazina.AgentFactory.csproj::TargetFramework=net10.0]
C:\Projects\Hazina\src\Core\Agents\Hazina.AgentFactory\Core\AgentManager.cs(185,26): warning MA0011: Use an overload of 'ToString' that has a 'System.IFormatProvider' parameter (https://github.com/meziantou/Meziantou.Analyzer/blob/main/docs/Rules/MA0011.md) [C:\Projects\Hazina\src\Core\Agents\Hazina.AgentFactory\Hazina.AgentFactory.csproj::TargetFramework=net10.0]
C:\Projects\Hazina\src\Core\Agents\Hazina.AgentFactory\Core\AgentManager.cs(182,55): warning MA0006: Use string.Equals instead of Equals operator (https://github.com/meziantou/Meziantou.Analyzer/blob/main/docs/Rules/MA0006.md) [C:\Projects\Hazina\src\Core\Agents\Hazina.AgentFactory\Hazina.AgentFactory.csproj::TargetFramework=net10.0]
C:\Projects\Hazina\src\Core\Agents\Hazina.AgentFactory\Core\AgentFactory.cs(289,34): warning S6602: "Find" method should be used instead of the "FirstOrDefault" extension method. (https://rules.sonarsource.com/csharp/RSPEC-6602) [C:\Projects\Hazina\src\Core\Agents\Hazina.AgentFactory\Hazina.AgentFactory.csproj::TargetFramework=net10.0]
C:\Projects\Hazina\src\Core\Agents\Hazina.AgentFactory\Configuration\Validation\AgentConfigValidator.cs(283,21): warning S1066: Merge this if statement with the enclosing one. (https://rules.sonarsource.com/csharp/RSPEC-1066) [C:\Projects\Hazina\src\Core\Agents\Hazina.AgentFactory\Hazina.AgentFactory.csproj::TargetFramework=net10.0]
C:\Projects\Hazina\src\Core\Agents\Hazina.AgentFactory\Services\Execution\AgentExecutionService.cs(161,32): warning SA1503: Braces should not be omitted (https://github.com/DotNetAnalyzers/StyleCopAnalyzers/blob/master/documentation/SA1503.md) [C:\Projects\Hazina\src\Core\Agents\Hazina.AgentFactory\Hazina.AgentFactory.csproj::TargetFramework=net10.0]
C:\Projects\Hazina\src\Core\Agents\Hazina.AgentFactory\Configuration\Parsers\HazinaAgentConfigParser.cs(37,37): warning CA1002: Change 'List<AgentConfig>' in 'HazinaAgentConfigParser.Parse(string)' to use 'Collection<T>', 'ReadOnlyCollection<T>' or 'KeyedCollection<K,V>' (https://learn.microsoft.com/dotnet/fundamentals/code-analysis/quality-rules/ca1002) [C:\Projects\Hazina\src\Core\Agents\Hazina.AgentFactory\Hazina.AgentFactory.csproj::TargetFramework=net10.0]
C:\Projects\Hazina\src\Core\Agents\Hazina.AgentFactory\Services\Execution\AgentExecutionService.cs(157,104): warning SA1122: Use string.Empty for empty strings (https://github.com/DotNetAnalyzers/StyleCopAnalyzers/blob/master/documentation/SA1122.md) [C:\Projects\Hazina\src\Core\Agents\Hazina.AgentFactory\Hazina.AgentFactory.csproj::TargetFramework=net10.0]
C:\Projects\Hazina\src\Core\Agents\Hazina.AgentFactory\Configuration\Parsers\HazinaAgentConfigParser.cs(37,19): warning MA0016: Prefer using collection abstraction instead of implementation (https://github.com/meziantou/Meziantou.Analyzer/blob/main/docs/Rules/MA0016.md) [C:\Projects\Hazina\src\Core\Agents\Hazina.AgentFactory\Hazina.AgentFactory.csproj::TargetFramework=net10.0]
C:\Projects\Hazina\src\Core\Agents\Hazina.AgentFactory\Configuration\Validation\AgentConfigValidator.cs(279,41): warning S3267: Loops should be simplified using the "Where" LINQ method (https://rules.sonarsource.com/csharp/RSPEC-3267) [C:\Projects\Hazina\src\Core\Agents\Hazina.AgentFactory\Hazina.AgentFactory.csproj::TargetFramework=net10.0]
C:\Projects\Hazina\src\Core\Agents\Hazina.AgentFactory\Core\StoresAndAgentsAndFlowLoader.cs(94,35): warning SA1122: Use string.Empty for empty strings (https://github.com/DotNetAnalyzers/StyleCopAnalyzers/blob/master/documentation/SA1122.md) [C:\Projects\Hazina\src\Core\Agents\Hazina.AgentFactory\Hazina.AgentFactory.csproj::TargetFramework=net10.0]
C:\Projects\Hazina\src\Core\Agents\Hazina.AgentFactory\Configuration\Validation\AgentConfigValidator.cs(198,32): warning CA1860: Prefer comparing 'Count' to 0 rather than using 'Any()', both for clarity and for performance (https://learn.microsoft.com/dotnet/fundamentals/code-analysis/quality-rules/ca1860) [C:\Projects\Hazina\src\Core\Agents\Hazina.AgentFactory\Hazina.AgentFactory.csproj::TargetFramework=net10.0]
C:\Projects\Hazina\src\Core\Agents\Hazina.AgentFactory\Core\StoresAndAgentsAndFlowLoader.cs(94,19): warning CA1820: Test for empty strings using 'string.Length' property or 'string.IsNullOrEmpty' method instead of an Equality check (https://learn.microsoft.com/dotnet/fundamentals/code-analysis/quality-rules/ca1820) [C:\Projects\Hazina\src\Core\Agents\Hazina.AgentFactory\Hazina.AgentFactory.csproj::TargetFramework=net10.0]
C:\Projects\Hazina\src\Core\Agents\Hazina.AgentFactory\Services\BigQuery\BigQueryService.cs(101,35): warning S3267: Loop should be simplified by calling Select(field => field.Name)) (https://rules.sonarsource.com/csharp/RSPEC-3267) [C:\Projects\Hazina\src\Core\Agents\Hazina.AgentFactory\Hazina.AgentFactory.csproj::TargetFramework=net10.0]
C:\Projects\Hazina\src\Core\Agents\Hazina.AgentFactory\Configuration\Validation\AgentConfigValidator.cs(248,26): warning MA0002: Use an overload that has a IEqualityComparer<string> or IComparer<string> parameter (https://github.com/meziantou/Meziantou.Analyzer/blob/main/docs/Rules/MA0002.md) [C:\Projects\Hazina\src\Core\Agents\Hazina.AgentFactory\Hazina.AgentFactory.csproj::TargetFramework=net10.0]
C:\Projects\Hazina\src\Core\Agents\Hazina.AgentFactory\Configuration\Validation\AgentConfigValidator.cs(252,27): warning MA0002: Use an overload that has a IEqualityComparer<string> or IComparer<string> parameter (https://github.com/meziantou/Meziantou.Analyzer/blob/main/docs/Rules/MA0002.md) [C:\Projects\Hazina\src\Core\Agents\Hazina.AgentFactory\Hazina.AgentFactory.csproj::TargetFramework=net10.0]
C:\Projects\Hazina\src\Core\Agents\Hazina.AgentFactory\Services\Execution\AgentExecutionService.cs(157,27): warning MA0004: Use Task.ConfigureAwait(false) if the current SynchronizationContext is not needed (https://github.com/meziantou/Meziantou.Analyzer/blob/main/docs/Rules/MA0004.md) [C:\Projects\Hazina\src\Core\Agents\Hazina.AgentFactory\Hazina.AgentFactory.csproj::TargetFramework=net10.0]
C:\Projects\Hazina\src\Core\Agents\Hazina.AgentFactory\Core\StoresAndAgentsAndFlowLoader.cs(114,17): warning MA0004: Use Task.ConfigureAwait(false) if the current SynchronizationContext is not needed (https://github.com/meziantou/Meziantou.Analyzer/blob/main/docs/Rules/MA0004.md) [C:\Projects\Hazina\src\Core\Agents\Hazina.AgentFactory\Hazina.AgentFactory.csproj::TargetFramework=net10.0]
C:\Projects\Hazina\src\Core\Agents\Hazina.AgentFactory\Configuration\Validation\AgentConfigValidator.cs(269,13): warning SA1503: Braces should not be omitted (https://github.com/DotNetAnalyzers/StyleCopAnalyzers/blob/master/documentation/SA1503.md) [C:\Projects\Hazina\src\Core\Agents\Hazina.AgentFactory\Hazina.AgentFactory.csproj::TargetFramework=net10.0]
C:\Projects\Hazina\src\Core\Agents\Hazina.AgentFactory\Configuration\Validation\AgentConfigValidator.cs(272,13): warning SA1503: Braces should not be omitted (https://github.com/DotNetAnalyzers/StyleCopAnalyzers/blob/master/documentation/SA1503.md) [C:\Projects\Hazina\src\Core\Agents\Hazina.AgentFactory\Hazina.AgentFactory.csproj::TargetFramework=net10.0]
C:\Projects\Hazina\src\Core\Agents\Hazina.AgentFactory\Configuration\Validation\AgentConfigValidator.cs(284,25): warning SA1503: Braces should not be omitted (https://github.com/DotNetAnalyzers/StyleCopAnalyzers/blob/master/documentation/SA1503.md) [C:\Projects\Hazina\src\Core\Agents\Hazina.AgentFactory\Hazina.AgentFactory.csproj::TargetFramework=net10.0]
C:\Projects\Hazina\src\Core\Agents\Hazina.AgentFactory\Configuration\Validation\AgentConfigValidator.cs(205,30): warning MA0002: Use an overload that has a IEqualityComparer<string> or IComparer<string> parameter (https://github.com/meziantou/Meziantou.Analyzer/blob/main/docs/Rules/MA0002.md) [C:\Projects\Hazina\src\Core\Agents\Hazina.AgentFactory\Hazina.AgentFactory.csproj::TargetFramework=net10.0]
C:\Projects\Hazina\src\Core\Agents\Hazina.AgentFactory\Configuration\Validation\AgentConfigValidator.cs(268,13): warning MA0002: Use an overload that has a IEqualityComparer<string> or IComparer<string> parameter (https://github.com/meziantou/Meziantou.Analyzer/blob/main/docs/Rules/MA0002.md) [C:\Projects\Hazina\src\Core\Agents\Hazina.AgentFactory\Hazina.AgentFactory.csproj::TargetFramework=net10.0]
C:\Projects\Hazina\src\Core\Agents\Hazina.AgentFactory\Core\AgentFactory.cs(344,34): warning S6602: "Find" method should be used instead of the "FirstOrDefault" extension method. (https://rules.sonarsource.com/csharp/RSPEC-6602) [C:\Projects\Hazina\src\Core\Agents\Hazina.AgentFactory\Hazina.AgentFactory.csproj::TargetFramework=net10.0]
C:\Projects\Hazina\src\Core\Agents\Hazina.AgentFactory\Core\AgentFactory.cs(314,25): warning MA0004: Use Task.ConfigureAwait(false) if the current SynchronizationContext is not needed (https://github.com/meziantou/Meziantou.Analyzer/blob/main/docs/Rules/MA0004.md) [C:\Projects\Hazina\src\Core\Agents\Hazina.AgentFactory\Hazina.AgentFactory.csproj::TargetFramework=net10.0]
C:\Projects\Hazina\src\Core\Agents\Hazina.AgentFactory\Core\AgentFactory.cs(319,25): warning MA0004: Use Task.ConfigureAwait(false) if the current SynchronizationContext is not needed (https://github.com/meziantou/Meziantou.Analyzer/blob/main/docs/Rules/MA0004.md) [C:\Projects\Hazina\src\Core\Agents\Hazina.AgentFactory\Hazina.AgentFactory.csproj::TargetFramework=net10.0]
C:\Projects\Hazina\src\Core\Agents\Hazina.AgentFactory\Configuration\Parsers\HazinaAgentConfigParser.cs(91,58): warning SA1122: Use string.Empty for empty strings (https://github.com/DotNetAnalyzers/StyleCopAnalyzers/blob/master/documentation/SA1122.md) [C:\Projects\Hazina\src\Core\Agents\Hazina.AgentFactory\Hazina.AgentFactory.csproj::TargetFramework=net10.0]
C:\Projects\Hazina\src\Core\Agents\Hazina.AgentFactory\Configuration\Parsers\HazinaAgentConfigParser.cs(91,22): warning CA1307: 'string.Replace(string, string?)' has a method overload that takes a 'StringComparison' parameter. Replace this call in 'HazinaAgentConfigParser.EscapeMultiline(string)' with a call to 'string.Replace(string, string?, System.StringComparison)' for clarity of intent. (https://learn.microsoft.com/dotnet/fundamentals/code-analysis/quality-rules/ca1307) [C:\Projects\Hazina\src\Core\Agents\Hazina.AgentFactory\Hazina.AgentFactory.csproj::TargetFramework=net10.0]
C:\Projects\Hazina\src\Core\Agents\Hazina.AgentFactory\Configuration\Parsers\HazinaAgentConfigParser.cs(91,22): warning CA1307: 'string.Replace(string, string?)' has a method overload that takes a 'StringComparison' parameter. Replace this call in 'HazinaAgentConfigParser.EscapeMultiline(string)' with a call to 'string.Replace(string, string?, System.StringComparison)' for clarity of intent. (https://learn.microsoft.com/dotnet/fundamentals/code-analysis/quality-rules/ca1307) [C:\Projects\Hazina\src\Core\Agents\Hazina.AgentFactory\Hazina.AgentFactory.csproj::TargetFramework=net10.0]
C:\Projects\Hazina\src\Core\Agents\Hazina.AgentFactory\Core\StoresAndAgentsAndFlowLoader.cs(53,25): warning S6966: Await CreateStoreAsync instead. (https://rules.sonarsource.com/csharp/RSPEC-6966) [C:\Projects\Hazina\src\Core\Agents\Hazina.AgentFactory\Hazina.AgentFactory.csproj::TargetFramework=net10.0]
C:\Projects\Hazina\src\Core\Agents\Hazina.AgentFactory\Core\StoresAndAgentsAndFlowLoader.cs(114,23): warning CA1062: In externally visible method 'Task StoresAndAgentsAndFlowLoader.AddFiles(IDocumentStore store, string path, string[] fileFilters, string subDirectory = "", string[] excludePattern = null)', validate parameter 'store' is non-null before using it. If appropriate, throw an 'ArgumentNullException' when the argument is 'null'. (https://learn.microsoft.com/dotnet/fundamentals/code-analysis/quality-rules/ca1062) [C:\Projects\Hazina\src\Core\Agents\Hazina.AgentFactory\Hazina.AgentFactory.csproj::TargetFramework=net10.0]
C:\Projects\Hazina\src\Core\Agents\Hazina.AgentFactory\Core\StoresAndAgentsAndFlowLoader.cs(97,30): warning CA1062: In externally visible method 'Task StoresAndAgentsAndFlowLoader.AddFiles(IDocumentStore store, string path, string[] fileFilters, string subDirectory = "", string[] excludePattern = null)', validate parameter 'fileFilters' is non-null before using it. If appropriate, throw an 'ArgumentNullException' when the argument is 'null'. (https://learn.microsoft.com/dotnet/fundamentals/code-analysis/quality-rules/ca1062) [C:\Projects\Hazina\src\Core\Agents\Hazina.AgentFactory\Hazina.AgentFactory.csproj::TargetFramework=net10.0]
C:\Projects\Hazina\src\Core\Agents\Hazina.AgentFactory\Core\AgentFactory.cs(290,32): warning SA1503: Braces should not be omitted (https://github.com/DotNetAnalyzers/StyleCopAnalyzers/blob/master/documentation/SA1503.md) [C:\Projects\Hazina\src\Core\Agents\Hazina.AgentFactory\Hazina.AgentFactory.csproj::TargetFramework=net10.0]
C:\Projects\Hazina\src\Core\Agents\Hazina.AgentFactory\Core\AgentFactory.cs(287,98): warning SA1122: Use string.Empty for empty strings (https://github.com/DotNetAnalyzers/StyleCopAnalyzers/blob/master/documentation/SA1122.md) [C:\Projects\Hazina\src\Core\Agents\Hazina.AgentFactory\Hazina.AgentFactory.csproj::TargetFramework=net10.0]
C:\Projects\Hazina\src\Core\Agents\Hazina.AgentFactory\Configuration\Parsers\HazinaAgentConfigParser.cs(93,68): warning CA1307: 'string.Replace(string, string?)' has a method overload that takes a 'StringComparison' parameter. Replace this call in 'HazinaAgentConfigParser.UnescapeMultiline(string)' with a call to 'string.Replace(string, string?, System.StringComparison)' for clarity of intent. (https://learn.microsoft.com/dotnet/fundamentals/code-analysis/quality-rules/ca1307) [C:\Projects\Hazina\src\Core\Agents\Hazina.AgentFactory\Hazina.AgentFactory.csproj::TargetFramework=net10.0]
C:\Projects\Hazina\src\Core\Agents\Hazina.AgentFactory\Core\AgentFactory.cs(345,32): warning SA1503: Braces should not be omitted (https://github.com/DotNetAnalyzers/StyleCopAnalyzers/blob/master/documentation/SA1503.md) [C:\Projects\Hazina\src\Core\Agents\Hazina.AgentFactory\Hazina.AgentFactory.csproj::TargetFramework=net10.0]
C:\Projects\Hazina\src\Core\Agents\Hazina.AgentFactory\Configuration\Validation\ConfigurationResult.cs(112,16): warning MA0002: Use an overload that has a IEqualityComparer<string> or IComparer<string> parameter (https://github.com/meziantou/Meziantou.Analyzer/blob/main/docs/Rules/MA0002.md) [C:\Projects\Hazina\src\Core\Agents\Hazina.AgentFactory\Hazina.AgentFactory.csproj::TargetFramework=net10.0]
C:\Projects\Hazina\src\Core\Agents\Hazina.AgentFactory\Configuration\Parsers\HazinaAgentConfigParser.cs(108,37): warning CA1002: Change 'List<AgentConfig>' in 'HazinaAgentConfigParser.LoadFromFile(string)' to use 'Collection<T>', 'ReadOnlyCollection<T>' or 'KeyedCollection<K,V>' (https://learn.microsoft.com/dotnet/fundamentals/code-analysis/quality-rules/ca1002) [C:\Projects\Hazina\src\Core\Agents\Hazina.AgentFactory\Hazina.AgentFactory.csproj::TargetFramework=net10.0]
C:\Projects\Hazina\src\Core\Agents\Hazina.AgentFactory\Configuration\Parsers\HazinaAgentConfigParser.cs(108,19): warning MA0016: Prefer using collection abstraction instead of implementation (https://github.com/meziantou/Meziantou.Analyzer/blob/main/docs/Rules/MA0016.md) [C:\Projects\Hazina\src\Core\Agents\Hazina.AgentFactory\Hazina.AgentFactory.csproj::TargetFramework=net10.0]
C:\Projects\Hazina\src\Core\Agents\Hazina.AgentFactory\Core\AgentFactory.cs(287,27): warning MA0004: Use Task.ConfigureAwait(false) if the current SynchronizationContext is not needed (https://github.com/meziantou/Meziantou.Analyzer/blob/main/docs/Rules/MA0004.md) [C:\Projects\Hazina\src\Core\Agents\Hazina.AgentFactory\Hazina.AgentFactory.csproj::TargetFramework=net10.0]
C:\Projects\Hazina\src\Core\Agents\Hazina.AgentFactory\Core\AgentFactory.cs(342,27): warning MA0004: Use Task.ConfigureAwait(false) if the current SynchronizationContext is not needed (https://github.com/meziantou/Meziantou.Analyzer/blob/main/docs/Rules/MA0004.md) [C:\Projects\Hazina\src\Core\Agents\Hazina.AgentFactory\Hazina.AgentFactory.csproj::TargetFramework=net10.0]
C:\Projects\Hazina\src\Core\Agents\Hazina.AgentFactory\Core\AgentFactory.cs(380,34): warning S6602: "Find" method should be used instead of the "FirstOrDefault" extension method. (https://rules.sonarsource.com/csharp/RSPEC-6602) [C:\Projects\Hazina\src\Core\Agents\Hazina.AgentFactory\Hazina.AgentFactory.csproj::TargetFramework=net10.0]
C:\Projects\Hazina\src\Core\Agents\Hazina.AgentFactory\Services\BigQuery\BigQueryService.cs(97,29): warning CA1062: In externally visible method 'string BigQueryService.ExtractAsString(IEnumerable<BigQueryRow> result)', validate parameter 'result' is non-null before using it. If appropriate, throw an 'ArgumentNullException' when the argument is 'null'. (https://learn.microsoft.com/dotnet/fundamentals/code-analysis/quality-rules/ca1062) [C:\Projects\Hazina\src\Core\Agents\Hazina.AgentFactory\Hazina.AgentFactory.csproj::TargetFramework=net10.0]
C:\Projects\Hazina\src\Core\Agents\Hazina.AgentFactory\Configuration\Parsers\HazinaAgentConfigParser.cs(100,47): warning SA1503: Braces should not be omitted (https://github.com/DotNetAnalyzers/StyleCopAnalyzers/blob/master/documentation/SA1503.md) [C:\Projects\Hazina\src\Core\Agents\Hazina.AgentFactory\Hazina.AgentFactory.csproj::TargetFramework=net10.0]
C:\Projects\Hazina\src\Core\Agents\Hazina.AgentFactory\Configuration\Validation\ConfigurationResult.cs(122,13): warning CA1860: Prefer comparing 'Count' to 0 rather than using 'Any()', both for clarity and for performance (https://learn.microsoft.com/dotnet/fundamentals/code-analysis/quality-rules/ca1860) [C:\Projects\Hazina\src\Core\Agents\Hazina.AgentFactory\Hazina.AgentFactory.csproj::TargetFramework=net10.0]
C:\Projects\Hazina\src\Core\Agents\Hazina.AgentFactory\Configuration\Parsers\HazinaAgentConfigParser.cs(103,13): warning SA1503: Braces should not be omitted (https://github.com/DotNetAnalyzers/StyleCopAnalyzers/blob/master/documentation/SA1503.md) [C:\Projects\Hazina\src\Core\Agents\Hazina.AgentFactory\Hazina.AgentFactory.csproj::TargetFramework=net10.0]
C:\Projects\Hazina\src\Core\Agents\Hazina.AgentFactory\Configuration\Validation\ConfigurationResult.cs(131,13): warning CA1860: Prefer comparing 'Count' to 0 rather than using 'Any()', both for clarity and for performance (https://learn.microsoft.com/dotnet/fundamentals/code-analysis/quality-rules/ca1860) [C:\Projects\Hazina\src\Core\Agents\Hazina.AgentFactory\Hazina.AgentFactory.csproj::TargetFramework=net10.0]
C:\Projects\Hazina\src\Core\Agents\Hazina.AgentFactory\Configuration\Validation\ConfigurationResult.cs(140,13): warning CA1860: Prefer comparing 'Count' to 0 rather than using 'Any()', both for clarity and for performance (https://learn.microsoft.com/dotnet/fundamentals/code-analysis/quality-rules/ca1860) [C:\Projects\Hazina\src\Core\Agents\Hazina.AgentFactory\Hazina.AgentFactory.csproj::TargetFramework=net10.0]
C:\Projects\Hazina\src\Core\Agents\Hazina.AgentFactory\Services\Tools\ToolRegistrationService.cs(129,36): warning S6602: "Find" method should be used instead of the "FirstOrDefault" extension method. (https://rules.sonarsource.com/csharp/RSPEC-6602) [C:\Projects\Hazina\src\Core\Agents\Hazina.AgentFactory\Hazina.AgentFactory.csproj::TargetFramework=net10.0]
C:\Projects\Hazina\src\Core\Agents\Hazina.AgentFactory\Configuration\Parsers\HazinaAgentConfigParser.cs(118,19): warning S112: 'System.Exception' should not be thrown by user code. (https://rules.sonarsource.com/csharp/RSPEC-112) [C:\Projects\Hazina\src\Core\Agents\Hazina.AgentFactory\Hazina.AgentFactory.csproj::TargetFramework=net10.0]
C:\Projects\Hazina\src\Core\Agents\Hazina.AgentFactory\Configuration\Parsers\HazinaAgentConfigParser.cs(110,33): warning SA1503: Braces should not be omitted (https://github.com/DotNetAnalyzers/StyleCopAnalyzers/blob/master/documentation/SA1503.md) [C:\Projects\Hazina\src\Core\Agents\Hazina.AgentFactory\Hazina.AgentFactory.csproj::TargetFramework=net10.0]
C:\Projects\Hazina\src\Core\Agents\Hazina.AgentFactory\Configuration\Parsers\HazinaAgentConfigParser.cs(131,19): warning S112: 'System.Exception' should not be thrown by user code. (https://rules.sonarsource.com/csharp/RSPEC-112) [C:\Projects\Hazina\src\Core\Agents\Hazina.AgentFactory\Hazina.AgentFactory.csproj::TargetFramework=net10.0]
C:\Projects\Hazina\src\Core\Agents\Hazina.AgentFactory\Configuration\Parsers\HazinaAgentConfigParser.cs(144,19): warning S112: 'System.Exception' should not be thrown by user code. (https://rules.sonarsource.com/csharp/RSPEC-112) [C:\Projects\Hazina\src\Core\Agents\Hazina.AgentFactory\Hazina.AgentFactory.csproj::TargetFramework=net10.0]
C:\Projects\Hazina\src\Core\Agents\Hazina.AgentFactory\Configuration\Parsers\HazinaAgentConfigParser.cs(118,19): warning CA2201: Exception type System.Exception is not sufficiently specific (https://learn.microsoft.com/dotnet/fundamentals/code-analysis/quality-rules/ca2201) [C:\Projects\Hazina\src\Core\Agents\Hazina.AgentFactory\Hazina.AgentFactory.csproj::TargetFramework=net10.0]
C:\Projects\Hazina\src\Core\Agents\Hazina.AgentFactory\Configuration\Parsers\HazinaAgentConfigParser.cs(144,19): warning CA2201: Exception type System.Exception is not sufficiently specific (https://learn.microsoft.com/dotnet/fundamentals/code-analysis/quality-rules/ca2201) [C:\Projects\Hazina\src\Core\Agents\Hazina.AgentFactory\Hazina.AgentFactory.csproj::TargetFramework=net10.0]
C:\Projects\Hazina\src\Core\Agents\Hazina.AgentFactory\Configuration\Parsers\HazinaAgentConfigParser.cs(131,19): warning CA2201: Exception type System.Exception is not sufficiently specific (https://learn.microsoft.com/dotnet/fundamentals/code-analysis/quality-rules/ca2201) [C:\Projects\Hazina\src\Core\Agents\Hazina.AgentFactory\Hazina.AgentFactory.csproj::TargetFramework=net10.0]
C:\Projects\Hazina\src\Core\Agents\Hazina.AgentFactory\Services\Tools\ToolRegistrationService.cs(361,21): warning S4830: Enable server certificate validation on this SSL/TLS connection (https://rules.sonarsource.com/csharp/RSPEC-4830) [C:\Projects\Hazina\src\Core\Agents\Hazina.AgentFactory\Hazina.AgentFactory.csproj::TargetFramework=net10.0]
C:\Projects\Hazina\src\Core\Agents\Hazina.AgentFactory\Services\Tools\ToolRegistrationService.cs(607,39): warning S6602: "Find" method should be used instead of the "FirstOrDefault" extension method. (https://rules.sonarsource.com/csharp/RSPEC-6602) [C:\Projects\Hazina\src\Core\Agents\Hazina.AgentFactory\Hazina.AgentFactory.csproj::TargetFramework=net10.0]
C:\Projects\Hazina\src\Core\Agents\Hazina.AgentFactory\Services\Tools\ToolRegistrationService.cs(563,40): warning S6602: "Find" method should be used instead of the "FirstOrDefault" extension method. (https://rules.sonarsource.com/csharp/RSPEC-6602) [C:\Projects\Hazina\src\Core\Agents\Hazina.AgentFactory\Hazina.AgentFactory.csproj::TargetFramework=net10.0]
C:\Projects\Hazina\src\Core\Agents\Hazina.AgentFactory\Core\AgentFactory.cs(381,32): warning SA1503: Braces should not be omitted (https://github.com/DotNetAnalyzers/StyleCopAnalyzers/blob/master/documentation/SA1503.md) [C:\Projects\Hazina\src\Core\Agents\Hazina.AgentFactory\Hazina.AgentFactory.csproj::TargetFramework=net10.0]
C:\Projects\Hazina\src\Core\Agents\Hazina.AgentFactory\Core\AgentFactory.cs(378,98): warning SA1122: Use string.Empty for empty strings (https://github.com/DotNetAnalyzers/StyleCopAnalyzers/blob/master/documentation/SA1122.md) [C:\Projects\Hazina\src\Core\Agents\Hazina.AgentFactory\Hazina.AgentFactory.csproj::TargetFramework=net10.0]
C:\Projects\Hazina\src\Core\Agents\Hazina.AgentFactory\Services\Tools\ToolRegistrationService.cs(142,25): warning SA1503: Braces should not be omitted (https://github.com/DotNetAnalyzers/StyleCopAnalyzers/blob/master/documentation/SA1503.md) [C:\Projects\Hazina\src\Core\Agents\Hazina.AgentFactory\Hazina.AgentFactory.csproj::TargetFramework=net10.0]
C:\Projects\Hazina\src\Core\Agents\Hazina.AgentFactory\Services\Tools\ToolRegistrationService.cs(160,21): warning SA1503: Braces should not be omitted (https://github.com/DotNetAnalyzers/StyleCopAnalyzers/blob/master/documentation/SA1503.md) [C:\Projects\Hazina\src\Core\Agents\Hazina.AgentFactory\Hazina.AgentFactory.csproj::TargetFramework=net10.0]
C:\Projects\Hazina\src\Core\Agents\Hazina.AgentFactory\Services\Tools\ToolRegistrationService.cs(173,21): warning SA1503: Braces should not be omitted (https://github.com/DotNetAnalyzers/StyleCopAnalyzers/blob/master/documentation/SA1503.md) [C:\Projects\Hazina\src\Core\Agents\Hazina.AgentFactory\Hazina.AgentFactory.csproj::TargetFramework=net10.0]
C:\Projects\Hazina\src\Core\Agents\Hazina.AgentFactory\Services\Tools\ToolRegistrationService.cs(129,132): warning SA1122: Use string.Empty for empty strings (https://github.com/DotNetAnalyzers/StyleCopAnalyzers/blob/master/documentation/SA1122.md) [C:\Projects\Hazina\src\Core\Agents\Hazina.AgentFactory\Hazina.AgentFactory.csproj::TargetFramework=net10.0]
C:\Projects\Hazina\src\Core\Agents\Hazina.AgentFactory\Services\Tools\ToolRegistrationService.cs(143,63): warning SA1122: Use string.Empty for empty strings (https://github.com/DotNetAnalyzers/StyleCopAnalyzers/blob/master/documentation/SA1122.md) [C:\Projects\Hazina\src\Core\Agents\Hazina.AgentFactory\Hazina.AgentFactory.csproj::TargetFramework=net10.0]
C:\Projects\Hazina\src\Core\Agents\Hazina.AgentFactory\Core\AgentFactory.cs(378,27): warning MA0004: Use Task.ConfigureAwait(false) if the current SynchronizationContext is not needed (https://github.com/meziantou/Meziantou.Analyzer/blob/main/docs/Rules/MA0004.md) [C:\Projects\Hazina\src\Core\Agents\Hazina.AgentFactory\Hazina.AgentFactory.csproj::TargetFramework=net10.0]
C:\Projects\Hazina\src\Core\Agents\Hazina.AgentFactory\Services\Tools\ToolRegistrationService.cs(609,23): warning S112: 'System.Exception' should not be thrown by user code. (https://rules.sonarsource.com/csharp/RSPEC-112) [C:\Projects\Hazina\src\Core\Agents\Hazina.AgentFactory\Hazina.AgentFactory.csproj::TargetFramework=net10.0]
C:\Projects\Hazina\src\Core\Agents\Hazina.AgentFactory\Services\Tools\ToolRegistrationService.cs(609,17): warning SA1503: Braces should not be omitted (https://github.com/DotNetAnalyzers/StyleCopAnalyzers/blob/master/documentation/SA1503.md) [C:\Projects\Hazina\src\Core\Agents\Hazina.AgentFactory\Hazina.AgentFactory.csproj::TargetFramework=net10.0]
C:\Projects\Hazina\src\Core\Agents\Hazina.AgentFactory\Configuration\Parsers\HazinaAgentConfigParser.cs(53,34): warning SA1503: Braces should not be omitted (https://github.com/DotNetAnalyzers/StyleCopAnalyzers/blob/master/documentation/SA1503.md) [C:\Projects\Hazina\src\Core\Agents\Hazina.AgentFactory\Hazina.AgentFactory.csproj::TargetFramework=net10.0]
C:\Projects\Hazina\src\Core\Agents\Hazina.AgentFactory\Configuration\Parsers\HazinaAgentConfigParser.cs(55,29): warning SA1503: Braces should not be omitted (https://github.com/DotNetAnalyzers/StyleCopAnalyzers/blob/master/documentation/SA1503.md) [C:\Projects\Hazina\src\Core\Agents\Hazina.AgentFactory\Hazina.AgentFactory.csproj::TargetFramework=net10.0]
C:\Projects\Hazina\src\Core\Agents\Hazina.AgentFactory\Configuration\Parsers\HazinaAgentConfigParser.cs(84,59): warning SA1503: Braces should not be omitted (https://github.com/DotNetAnalyzers/StyleCopAnalyzers/blob/master/documentation/SA1503.md) [C:\Projects\Hazina\src\Core\Agents\Hazina.AgentFactory\Hazina.AgentFactory.csproj::TargetFramework=net10.0]
C:\Projects\Hazina\src\Core\Agents\Hazina.AgentFactory\Services\Tools\ToolRegistrationService.cs(609,23): warning CA2201: Exception type System.Exception is not sufficiently specific (https://learn.microsoft.com/dotnet/fundamentals/code-analysis/quality-rules/ca2201) [C:\Projects\Hazina\src\Core\Agents\Hazina.AgentFactory\Hazina.AgentFactory.csproj::TargetFramework=net10.0]
C:\Projects\Hazina\src\Core\Agents\Hazina.AgentFactory\Configuration\Parsers\HazinaAgentConfigParser.cs(70,151): warning SA1122: Use string.Empty for empty strings (https://github.com/DotNetAnalyzers/StyleCopAnalyzers/blob/master/documentation/SA1122.md) [C:\Projects\Hazina\src\Core\Agents\Hazina.AgentFactory\Hazina.AgentFactory.csproj::TargetFramework=net10.0]
C:\Projects\Hazina\src\Core\Agents\Hazina.AgentFactory\Configuration\Parsers\HazinaAgentConfigParser.cs(73,153): warning SA1122: Use string.Empty for empty strings (https://github.com/DotNetAnalyzers/StyleCopAnalyzers/blob/master/documentation/SA1122.md) [C:\Projects\Hazina\src\Core\Agents\Hazina.AgentFactory\Hazina.AgentFactory.csproj::TargetFramework=net10.0]
C:\Projects\Hazina\src\Core\Agents\Hazina.AgentFactory\Configuration\Parsers\HazinaAgentConfigParser.cs(76,153): warning SA1122: Use string.Empty for empty strings (https://github.com/DotNetAnalyzers/StyleCopAnalyzers/blob/master/documentation/SA1122.md) [C:\Projects\Hazina\src\Core\Agents\Hazina.AgentFactory\Hazina.AgentFactory.csproj::TargetFramework=net10.0]
C:\Projects\Hazina\src\Core\Agents\Hazina.AgentFactory\Configuration\Parsers\HazinaAgentConfigParser.cs(70,122): warning SA1003: Operator '=>' should be preceded by whitespace. (https://github.com/DotNetAnalyzers/StyleCopAnalyzers/blob/master/documentation/SA1003.md) [C:\Projects\Hazina\src\Core\Agents\Hazina.AgentFactory\Hazina.AgentFactory.csproj::TargetFramework=net10.0]
C:\Projects\Hazina\src\Core\Agents\Hazina.AgentFactory\Configuration\Parsers\HazinaAgentConfigParser.cs(73,124): warning SA1003: Operator '=>' should be preceded by whitespace. (https://github.com/DotNetAnalyzers/StyleCopAnalyzers/blob/master/documentation/SA1003.md) [C:\Projects\Hazina\src\Core\Agents\Hazina.AgentFactory\Hazina.AgentFactory.csproj::TargetFramework=net10.0]
C:\Projects\Hazina\src\Core\Agents\Hazina.AgentFactory\Configuration\Parsers\HazinaAgentConfigParser.cs(54,26): warning CA1307: 'string.IndexOf(char)' has a method overload that takes a 'StringComparison' parameter. Replace this call in 'HazinaAgentConfigParser.Parse(string)' with a call to 'string.IndexOf(char, System.StringComparison)' for clarity of intent. (https://learn.microsoft.com/dotnet/fundamentals/code-analysis/quality-rules/ca1307) [C:\Projects\Hazina\src\Core\Agents\Hazina.AgentFactory\Hazina.AgentFactory.csproj::TargetFramework=net10.0]
C:\Projects\Hazina\src\Core\Agents\Hazina.AgentFactory\Services\Tools\ToolRegistrationService.cs(565,23): warning S112: 'System.Exception' should not be thrown by user code. (https://rules.sonarsource.com/csharp/RSPEC-112) [C:\Projects\Hazina\src\Core\Agents\Hazina.AgentFactory\Hazina.AgentFactory.csproj::TargetFramework=net10.0]
C:\Projects\Hazina\src\Core\Agents\Hazina.AgentFactory\Configuration\Parsers\HazinaAgentConfigParser.cs(70,146): warning CA1820: Test for empty strings using 'string.Length' property or 'string.IsNullOrEmpty' method instead of an Equality check (https://learn.microsoft.com/dotnet/fundamentals/code-analysis/quality-rules/ca1820) [C:\Projects\Hazina\src\Core\Agents\Hazina.AgentFactory\Hazina.AgentFactory.csproj::TargetFramework=net10.0]
C:\Projects\Hazina\src\Core\Agents\Hazina.AgentFactory\Services\Tools\ToolRegistrationService.cs(351,21): warning SA1503: Braces should not be omitted (https://github.com/DotNetAnalyzers/StyleCopAnalyzers/blob/master/documentation/SA1503.md) [C:\Projects\Hazina\src\Core\Agents\Hazina.AgentFactory\Hazina.AgentFactory.csproj::TargetFramework=net10.0]
C:\Projects\Hazina\src\Core\Agents\Hazina.AgentFactory\Configuration\Parsers\HazinaAgentConfigParser.cs(73,148): warning CA1820: Test for empty strings using 'string.Length' property or 'string.IsNullOrEmpty' method instead of an Equality check (https://learn.microsoft.com/dotnet/fundamentals/code-analysis/quality-rules/ca1820) [C:\Projects\Hazina\src\Core\Agents\Hazina.AgentFactory\Hazina.AgentFactory.csproj::TargetFramework=net10.0]
C:\Projects\Hazina\src\Core\Agents\Hazina.AgentFactory\Configuration\Parsers\HazinaAgentConfigParser.cs(76,148): warning CA1820: Test for empty strings using 'string.Length' property or 'string.IsNullOrEmpty' method instead of an Equality check (https://learn.microsoft.com/dotnet/fundamentals/code-analysis/quality-rules/ca1820) [C:\Projects\Hazina\src\Core\Agents\Hazina.AgentFactory\Hazina.AgentFactory.csproj::TargetFramework=net10.0]
C:\Projects\Hazina\src\Core\Agents\Hazina.AgentFactory\Services\Tools\ToolRegistrationService.cs(565,17): warning SA1503: Braces should not be omitted (https://github.com/DotNetAnalyzers/StyleCopAnalyzers/blob/master/documentation/SA1503.md) [C:\Projects\Hazina\src\Core\Agents\Hazina.AgentFactory\Hazina.AgentFactory.csproj::TargetFramework=net10.0]
C:\Projects\Hazina\src\Core\Agents\Hazina.AgentFactory\Services\Tools\ToolRegistrationService.cs(576,46): warning SA1503: Braces should not be omitted (https://github.com/DotNetAnalyzers/StyleCopAnalyzers/blob/master/documentation/SA1503.md) [C:\Projects\Hazina\src\Core\Agents\Hazina.AgentFactory\Hazina.AgentFactory.csproj::TargetFramework=net10.0]
C:\Projects\Hazina\src\Core\Agents\Hazina.AgentFactory\Services\Tools\ToolRegistrationService.cs(595,29): warning SA1503: Braces should not be omitted (https://github.com/DotNetAnalyzers/StyleCopAnalyzers/blob/master/documentation/SA1503.md) [C:\Projects\Hazina\src\Core\Agents\Hazina.AgentFactory\Hazina.AgentFactory.csproj::TargetFramework=net10.0]
C:\Projects\Hazina\src\Core\Agents\Hazina.AgentFactory\Services\Tools\ToolRegistrationService.cs(142,50): warning MA0004: Use Task.ConfigureAwait(false) if the current SynchronizationContext is not needed (https://github.com/meziantou/Meziantou.Analyzer/blob/main/docs/Rules/MA0004.md) [C:\Projects\Hazina\src\Core\Agents\Hazina.AgentFactory\Hazina.AgentFactory.csproj::TargetFramework=net10.0]
C:\Projects\Hazina\src\Core\Agents\Hazina.AgentFactory\Services\Tools\ToolRegistrationService.cs(622,40): warning MA0004: Use Task.ConfigureAwait(false) if the current SynchronizationContext is not needed (https://github.com/meziantou/Meziantou.Analyzer/blob/main/docs/Rules/MA0004.md) [C:\Projects\Hazina\src\Core\Agents\Hazina.AgentFactory\Hazina.AgentFactory.csproj::TargetFramework=net10.0]
C:\Projects\Hazina\src\Core\Agents\Hazina.AgentFactory\Services\Tools\ToolRegistrationService.cs(143,46): warning MA0004: Use Task.ConfigureAwait(false) if the current SynchronizationContext is not needed (https://github.com/meziantou/Meziantou.Analyzer/blob/main/docs/Rules/MA0004.md) [C:\Projects\Hazina\src\Core\Agents\Hazina.AgentFactory\Hazina.AgentFactory.csproj::TargetFramework=net10.0]
C:\Projects\Hazina\src\Core\Agents\Hazina.AgentFactory\Services\Tools\ToolRegistrationService.cs(160,46): warning MA0004: Use Task.ConfigureAwait(false) if the current SynchronizationContext is not needed (https://github.com/meziantou/Meziantou.Analyzer/blob/main/docs/Rules/MA0004.md) [C:\Projects\Hazina\src\Core\Agents\Hazina.AgentFactory\Hazina.AgentFactory.csproj::TargetFramework=net10.0]
C:\Projects\Hazina\src\Core\Agents\Hazina.AgentFactory\Services\Tools\ToolRegistrationService.cs(173,28): warning MA0004: Use Task.ConfigureAwait(false) if the current SynchronizationContext is not needed (https://github.com/meziantou/Meziantou.Analyzer/blob/main/docs/Rules/MA0004.md) [C:\Projects\Hazina\src\Core\Agents\Hazina.AgentFactory\Hazina.AgentFactory.csproj::TargetFramework=net10.0]
C:\Projects\Hazina\src\Core\Agents\Hazina.AgentFactory\Services\Tools\ToolRegistrationService.cs(565,23): warning CA2201: Exception type System.Exception is not sufficiently specific (https://learn.microsoft.com/dotnet/fundamentals/code-analysis/quality-rules/ca2201) [C:\Projects\Hazina\src\Core\Agents\Hazina.AgentFactory\Hazina.AgentFactory.csproj::TargetFramework=net10.0]
C:\Projects\Hazina\src\Core\Agents\Hazina.AgentFactory\Services\Tools\ToolRegistrationService.cs(377,48): warning CA2016: Forward the 'cancel' parameter to the 'SendAsync' method or pass in 'CancellationToken.None' explicitly to indicate intentionally not propagating the token (https://learn.microsoft.com/dotnet/fundamentals/code-analysis/quality-rules/ca2016) [C:\Projects\Hazina\src\Core\Agents\Hazina.AgentFactory\Hazina.AgentFactory.csproj::TargetFramework=net10.0]
C:\Projects\Hazina\src\Core\Agents\Hazina.AgentFactory\Services\Tools\ToolRegistrationService.cs(379,34): warning CA2016: Forward the 'cancel' parameter to the 'ReadAsStringAsync' method or pass in 'CancellationToken.None' explicitly to indicate intentionally not propagating the token (https://learn.microsoft.com/dotnet/fundamentals/code-analysis/quality-rules/ca2016) [C:\Projects\Hazina\src\Core\Agents\Hazina.AgentFactory\Hazina.AgentFactory.csproj::TargetFramework=net10.0]
C:\Projects\Hazina\src\Core\Agents\Hazina.AgentFactory\Services\Tools\ToolRegistrationService.cs(361,21): error MA0039: Do not write your own certificate validation method (https://github.com/meziantou/Meziantou.Analyzer/blob/main/docs/Rules/MA0039.md) [C:\Projects\Hazina\src\Core\Agents\Hazina.AgentFactory\Hazina.AgentFactory.csproj::TargetFramework=net10.0]
C:\Projects\Hazina\src\Core\Agents\Hazina.AgentFactory\Services\Tools\ToolRegistrationService.cs(607,59): warning MA0006: Use string.Equals instead of Equals operator (https://github.com/meziantou/Meziantou.Analyzer/blob/main/docs/Rules/MA0006.md) [C:\Projects\Hazina\src\Core\Agents\Hazina.AgentFactory\Hazina.AgentFactory.csproj::TargetFramework=net10.0]
C:\Projects\Hazina\src\Core\Agents\Hazina.AgentFactory\Services\Tools\ToolRegistrationService.cs(377,42): warning MA0004: Use Task.ConfigureAwait(false) if the current SynchronizationContext is not needed (https://github.com/meziantou/Meziantou.Analyzer/blob/main/docs/Rules/MA0004.md) [C:\Projects\Hazina\src\Core\Agents\Hazina.AgentFactory\Hazina.AgentFactory.csproj::TargetFramework=net10.0]
C:\Projects\Hazina\src\Core\Agents\Hazina.AgentFactory\Services\Tools\ToolRegistrationService.cs(379,28): warning MA0004: Use Task.ConfigureAwait(false) if the current SynchronizationContext is not needed (https://github.com/meziantou/Meziantou.Analyzer/blob/main/docs/Rules/MA0004.md) [C:\Projects\Hazina\src\Core\Agents\Hazina.AgentFactory\Hazina.AgentFactory.csproj::TargetFramework=net10.0]
C:\Projects\Hazina\src\Core\Agents\Hazina.AgentFactory\Services\Tools\ToolRegistrationService.cs(129,56): warning MA0006: Use string.Equals instead of Equals operator (https://github.com/meziantou/Meziantou.Analyzer/blob/main/docs/Rules/MA0006.md) [C:\Projects\Hazina\src\Core\Agents\Hazina.AgentFactory\Hazina.AgentFactory.csproj::TargetFramework=net10.0]
C:\Projects\Hazina\src\Core\Agents\Hazina.AgentFactory\Services\Tools\ToolRegistrationService.cs(579,36): warning MA0004: Use Task.ConfigureAwait(false) if the current SynchronizationContext is not needed (https://github.com/meziantou/Meziantou.Analyzer/blob/main/docs/Rules/MA0004.md) [C:\Projects\Hazina\src\Core\Agents\Hazina.AgentFactory\Hazina.AgentFactory.csproj::TargetFramework=net10.0]
C:\Projects\Hazina\src\Core\Agents\Hazina.AgentFactory\Services\Tools\ToolRegistrationService.cs(595,36): warning MA0004: Use Task.ConfigureAwait(false) if the current SynchronizationContext is not needed (https://github.com/meziantou/Meziantou.Analyzer/blob/main/docs/Rules/MA0004.md) [C:\Projects\Hazina\src\Core\Agents\Hazina.AgentFactory\Hazina.AgentFactory.csproj::TargetFramework=net10.0]
C:\Projects\Hazina\src\Core\Agents\Hazina.AgentFactory\Services\Tools\ToolRegistrationService.cs(145,17): warning CA1031: Modify 'AddReadTools' to catch a more specific allowed exception type, or rethrow the exception (https://learn.microsoft.com/dotnet/fundamentals/code-analysis/quality-rules/ca1031) [C:\Projects\Hazina\src\Core\Agents\Hazina.AgentFactory\Hazina.AgentFactory.csproj::TargetFramework=net10.0]
C:\Projects\Hazina\src\Core\Agents\Hazina.AgentFactory\Services\Tools\ToolRegistrationService.cs(289,39): warning SA1503: Braces should not be omitted (https://github.com/DotNetAnalyzers/StyleCopAnalyzers/blob/master/documentation/SA1503.md) [C:\Projects\Hazina\src\Core\Agents\Hazina.AgentFactory\Hazina.AgentFactory.csproj::TargetFramework=net10.0]
C:\Projects\Hazina\src\Core\Agents\Hazina.AgentFactory\Services\Tools\ToolRegistrationService.cs(307,25): warning SA1503: Braces should not be omitted (https://github.com/DotNetAnalyzers/StyleCopAnalyzers/blob/master/documentation/SA1503.md) [C:\Projects\Hazina\src\Core\Agents\Hazina.AgentFactory\Hazina.AgentFactory.csproj::TargetFramework=net10.0]
C:\Projects\Hazina\src\Core\Agents\Hazina.AgentFactory\Services\Tools\ToolRegistrationService.cs(320,25): warning SA1503: Braces should not be omitted (https://github.com/DotNetAnalyzers/StyleCopAnalyzers/blob/master/documentation/SA1503.md) [C:\Projects\Hazina\src\Core\Agents\Hazina.AgentFactory\Hazina.AgentFactory.csproj::TargetFramework=net10.0]
C:\Projects\Hazina\src\Core\Agents\Hazina.AgentFactory\Services\Tools\ToolRegistrationService.cs(322,25): warning SA1503: Braces should not be omitted (https://github.com/DotNetAnalyzers/StyleCopAnalyzers/blob/master/documentation/SA1503.md) [C:\Projects\Hazina\src\Core\Agents\Hazina.AgentFactory\Hazina.AgentFactory.csproj::TargetFramework=net10.0]
C:\Projects\Hazina\src\Core\Agents\Hazina.AgentFactory\Services\Tools\ToolRegistrationService.cs(335,21): warning SA1503: Braces should not be omitted (https://github.com/DotNetAnalyzers/StyleCopAnalyzers/blob/master/documentation/SA1503.md) [C:\Projects\Hazina\src\Core\Agents\Hazina.AgentFactory\Hazina.AgentFactory.csproj::TargetFramework=net10.0]
C:\Projects\Hazina\src\Core\Agents\Hazina.AgentFactory\Services\Tools\ToolRegistrationService.cs(563,60): warning MA0006: Use string.Equals instead of Equals operator (https://github.com/meziantou/Meziantou.Analyzer/blob/main/docs/Rules/MA0006.md) [C:\Projects\Hazina\src\Core\Agents\Hazina.AgentFactory\Hazina.AgentFactory.csproj::TargetFramework=net10.0]
C:\Projects\Hazina\src\Core\Agents\Hazina.AgentFactory\Services\Tools\ToolRegistrationService.cs(304,47): warning SA1116: The parameters should begin on the line after the declaration, whenever the parameter span across multiple lines (https://github.com/DotNetAnalyzers/StyleCopAnalyzers/blob/master/documentation/SA1116.md) [C:\Projects\Hazina\src\Core\Agents\Hazina.AgentFactory\Hazina.AgentFactory.csproj::TargetFramework=net10.0]
C:\Projects\Hazina\src\Core\Agents\Hazina.AgentFactory\Services\Tools\ToolRegistrationService.cs(317,47): warning SA1116: The parameters should begin on the line after the declaration, whenever the parameter span across multiple lines (https://github.com/DotNetAnalyzers/StyleCopAnalyzers/blob/master/documentation/SA1116.md) [C:\Projects\Hazina\src\Core\Agents\Hazina.AgentFactory\Hazina.AgentFactory.csproj::TargetFramework=net10.0]
C:\Projects\Hazina\src\Core\Agents\Hazina.AgentFactory\Services\Tools\ToolRegistrationService.cs(309,20): warning SA1117: The parameters should all be placed on the same line or each parameter should be placed on its own line (https://github.com/DotNetAnalyzers/StyleCopAnalyzers/blob/master/documentation/SA1117.md) [C:\Projects\Hazina\src\Core\Agents\Hazina.AgentFactory\Hazina.AgentFactory.csproj::TargetFramework=net10.0]
C:\Projects\Hazina\src\Core\Agents\Hazina.AgentFactory\Services\Tools\ToolRegistrationService.cs(324,20): warning SA1117: The parameters should all be placed on the same line or each parameter should be placed on its own line (https://github.com/DotNetAnalyzers/StyleCopAnalyzers/blob/master/documentation/SA1117.md) [C:\Projects\Hazina\src\Core\Agents\Hazina.AgentFactory\Hazina.AgentFactory.csproj::TargetFramework=net10.0]
C:\Projects\Hazina\src\Core\Agents\Hazina.AgentFactory\Services\Tools\ToolRegistrationService.cs(381,17): warning CA1031: Modify 'AddWordpressTools' to catch a more specific allowed exception type, or rethrow the exception (https://learn.microsoft.com/dotnet/fundamentals/code-analysis/quality-rules/ca1031) [C:\Projects\Hazina\src\Core\Agents\Hazina.AgentFactory\Hazina.AgentFactory.csproj::TargetFramework=net10.0]
C:\Projects\Hazina\src\Core\Agents\Hazina.AgentFactory\Services\Tools\ToolRegistrationService.cs(296,17): warning MA0004: Use Task.ConfigureAwait(false) if the current SynchronizationContext is not needed (https://github.com/meziantou/Meziantou.Analyzer/blob/main/docs/Rules/MA0004.md) [C:\Projects\Hazina\src\Core\Agents\Hazina.AgentFactory\Hazina.AgentFactory.csproj::TargetFramework=net10.0]
C:\Projects\Hazina\src\Core\Agents\Hazina.AgentFactory\Services\Tools\ToolRegistrationService.cs(296,59): warning MA0004: Use Task.ConfigureAwait(false) if the current SynchronizationContext is not needed (https://github.com/meziantou/Meziantou.Analyzer/blob/main/docs/Rules/MA0004.md) [C:\Projects\Hazina\src\Core\Agents\Hazina.AgentFactory\Hazina.AgentFactory.csproj::TargetFramework=net10.0]
C:\Projects\Hazina\src\Core\Agents\Hazina.AgentFactory\Services\Tools\ToolRegistrationService.cs(304,17): warning MA0004: Use Task.ConfigureAwait(false) if the current SynchronizationContext is not needed (https://github.com/meziantou/Meziantou.Analyzer/blob/main/docs/Rules/MA0004.md) [C:\Projects\Hazina\src\Core\Agents\Hazina.AgentFactory\Hazina.AgentFactory.csproj::TargetFramework=net10.0]
C:\Projects\Hazina\src\Core\Agents\Hazina.AgentFactory\Services\Tools\ToolRegistrationService.cs(308,28): warning MA0004: Use Task.ConfigureAwait(false) if the current SynchronizationContext is not needed (https://github.com/meziantou/Meziantou.Analyzer/blob/main/docs/Rules/MA0004.md) [C:\Projects\Hazina\src\Core\Agents\Hazina.AgentFactory\Hazina.AgentFactory.csproj::TargetFramework=net10.0]
C:\Projects\Hazina\src\Core\Agents\Hazina.AgentFactory\Services\Tools\ToolRegistrationService.cs(317,17): warning MA0004: Use Task.ConfigureAwait(false) if the current SynchronizationContext is not needed (https://github.com/meziantou/Meziantou.Analyzer/blob/main/docs/Rules/MA0004.md) [C:\Projects\Hazina\src\Core\Agents\Hazina.AgentFactory\Hazina.AgentFactory.csproj::TargetFramework=net10.0]
C:\Projects\Hazina\src\Core\Agents\Hazina.AgentFactory\Services\Tools\ToolRegistrationService.cs(323,28): warning MA0004: Use Task.ConfigureAwait(false) if the current SynchronizationContext is not needed (https://github.com/meziantou/Meziantou.Analyzer/blob/main/docs/Rules/MA0004.md) [C:\Projects\Hazina\src\Core\Agents\Hazina.AgentFactory\Hazina.AgentFactory.csproj::TargetFramework=net10.0]
C:\Projects\Hazina\src\Core\Agents\Hazina.AgentFactory\Services\Tools\ToolRegistrationService.cs(336,24): warning MA0004: Use Task.ConfigureAwait(false) if the current SynchronizationContext is not needed (https://github.com/meziantou/Meziantou.Analyzer/blob/main/docs/Rules/MA0004.md) [C:\Projects\Hazina\src\Core\Agents\Hazina.AgentFactory\Hazina.AgentFactory.csproj::TargetFramework=net10.0]
C:\Projects\Hazina\src\Core\Agents\Hazina.AgentFactory\Services\Tools\ToolRegistrationService.cs(179,18): warning MA0051: Method is too long (105 lines; maximum allowed: 60) (https://github.com/meziantou/Meziantou.Analyzer/blob/main/docs/Rules/MA0051.md) [C:\Projects\Hazina\src\Core\Agents\Hazina.AgentFactory\Hazina.AgentFactory.csproj::TargetFramework=net10.0]
C:\Projects\Hazina\src\Core\Agents\Hazina.AgentFactory\Services\Tools\ToolRegistrationService.cs(509,61): warning S1172: Remove this unused method parameter 'agents'. (https://rules.sonarsource.com/csharp/RSPEC-1172) [C:\Projects\Hazina\src\Core\Agents\Hazina.AgentFactory\Hazina.AgentFactory.csproj::TargetFramework=net10.0]
C:\Projects\Hazina\src\Core\Agents\Hazina.AgentFactory\Services\Tools\ToolRegistrationService.cs(509,89): warning S1172: Remove this unused method parameter 'caller'. (https://rules.sonarsource.com/csharp/RSPEC-1172) [C:\Projects\Hazina\src\Core\Agents\Hazina.AgentFactory\Hazina.AgentFactory.csproj::TargetFramework=net10.0]
C:\Projects\Hazina\src\Core\Agents\Hazina.AgentFactory\Services\Tools\ToolRegistrationService.cs(530,21): warning SA1503: Braces should not be omitted (https://github.com/DotNetAnalyzers/StyleCopAnalyzers/blob/master/documentation/SA1503.md) [C:\Projects\Hazina\src\Core\Agents\Hazina.AgentFactory\Hazina.AgentFactory.csproj::TargetFramework=net10.0]
C:\Projects\Hazina\src\Core\Agents\Hazina.AgentFactory\Services\Tools\ToolRegistrationService.cs(532,21): warning SA1503: Braces should not be omitted (https://github.com/DotNetAnalyzers/StyleCopAnalyzers/blob/master/documentation/SA1503.md) [C:\Projects\Hazina\src\Core\Agents\Hazina.AgentFactory\Hazina.AgentFactory.csproj::TargetFramework=net10.0]
C:\Projects\Hazina\src\Core\Agents\Hazina.AgentFactory\Services\Tools\ToolRegistrationService.cs(534,21): warning SA1503: Braces should not be omitted (https://github.com/DotNetAnalyzers/StyleCopAnalyzers/blob/master/documentation/SA1503.md) [C:\Projects\Hazina\src\Core\Agents\Hazina.AgentFactory\Hazina.AgentFactory.csproj::TargetFramework=net10.0]
C:\Projects\Hazina\src\Core\Agents\Hazina.AgentFactory\Services\Tools\ToolRegistrationService.cs(547,21): warning SA1503: Braces should not be omitted (https://github.com/DotNetAnalyzers/StyleCopAnalyzers/blob/master/documentation/SA1503.md) [C:\Projects\Hazina\src\Core\Agents\Hazina.AgentFactory\Hazina.AgentFactory.csproj::TargetFramework=net10.0]
C:\Projects\Hazina\src\Core\Agents\Hazina.AgentFactory\Services\Tools\ToolRegistrationService.cs(549,21): warning SA1503: Braces should not be omitted (https://github.com/DotNetAnalyzers/StyleCopAnalyzers/blob/master/documentation/SA1503.md) [C:\Projects\Hazina\src\Core\Agents\Hazina.AgentFactory\Hazina.AgentFactory.csproj::TargetFramework=net10.0]
C:\Projects\Hazina\src\Core\Agents\Hazina.AgentFactory\Services\Tools\ToolRegistrationService.cs(551,21): warning SA1503: Braces should not be omitted (https://github.com/DotNetAnalyzers/StyleCopAnalyzers/blob/master/documentation/SA1503.md) [C:\Projects\Hazina\src\Core\Agents\Hazina.AgentFactory\Hazina.AgentFactory.csproj::TargetFramework=net10.0]
C:\Projects\Hazina\src\Core\Agents\Hazina.AgentFactory\Services\Tools\ToolRegistrationService.cs(553,21): warning SA1503: Braces should not be omitted (https://github.com/DotNetAnalyzers/StyleCopAnalyzers/blob/master/documentation/SA1503.md) [C:\Projects\Hazina\src\Core\Agents\Hazina.AgentFactory\Hazina.AgentFactory.csproj::TargetFramework=net10.0]
C:\Projects\Hazina\src\Core\Agents\Hazina.AgentFactory\Configuration\Parsers\HazinaAgentConfigParser.cs(41,30): warning CA1062: In externally visible method 'List<AgentConfig> HazinaAgentConfigParser.Parse(string input)', validate parameter 'input' is non-null before using it. If appropriate, throw an 'ArgumentNullException' when the argument is 'null'. (https://learn.microsoft.com/dotnet/fundamentals/code-analysis/quality-rules/ca1062) [C:\Projects\Hazina\src\Core\Agents\Hazina.AgentFactory\Hazina.AgentFactory.csproj::TargetFramework=net10.0]
C:\Projects\Hazina\src\Core\Agents\Hazina.AgentFactory\Services\Tools\ToolRegistrationService.cs(535,24): warning MA0004: Use Task.ConfigureAwait(false) if the current SynchronizationContext is not needed (https://github.com/meziantou/Meziantou.Analyzer/blob/main/docs/Rules/MA0004.md) [C:\Projects\Hazina\src\Core\Agents\Hazina.AgentFactory\Hazina.AgentFactory.csproj::TargetFramework=net10.0]
C:\Projects\Hazina\src\Core\Agents\Hazina.AgentFactory\Services\Tools\ToolRegistrationService.cs(554,24): warning MA0004: Use Task.ConfigureAwait(false) if the current SynchronizationContext is not needed (https://github.com/meziantou/Meziantou.Analyzer/blob/main/docs/Rules/MA0004.md) [C:\Projects\Hazina\src\Core\Agents\Hazina.AgentFactory\Hazina.AgentFactory.csproj::TargetFramework=net10.0]
C:\Projects\Hazina\src\Core\Agents\Hazina.AgentFactory\Services\Tools\ToolRegistrationService.cs(193,122): warning CA1305: The behavior of 'int.Parse(string)' could vary based on the current user's locale settings. Replace this call in 'ToolRegistrationService.AddBuildTools(IToolsContext, IEnumerable<string>, IDocumentStore)' with a call to 'int.Parse(string, IFormatProvider)'. (https://learn.microsoft.com/dotnet/fundamentals/code-analysis/quality-rules/ca1305) [C:\Projects\Hazina\src\Core\Agents\Hazina.AgentFactory\Hazina.AgentFactory.csproj::TargetFramework=net10.0]
C:\Projects\Hazina\src\Core\Agents\Hazina.AgentFactory\Services\Tools\ToolRegistrationService.cs(253,142): warning CA1305: The behavior of 'int.Parse(string)' could vary based on the current user's locale settings. Replace this call in 'ToolRegistrationService.AddBuildTools(IToolsContext, IEnumerable<string>, IDocumentStore)' with a call to 'int.Parse(string, IFormatProvider)'. (https://learn.microsoft.com/dotnet/fundamentals/code-analysis/quality-rules/ca1305) [C:\Projects\Hazina\src\Core\Agents\Hazina.AgentFactory\Hazina.AgentFactory.csproj::TargetFramework=net10.0]
C:\Projects\Hazina\src\Core\Agents\Hazina.AgentFactory\Services\Tools\ToolRegistrationService.cs(273,128): warning CA1305: The behavior of 'int.Parse(string)' could vary based on the current user's locale settings. Replace this call in 'ToolRegistrationService.AddBuildTools(IToolsContext, IEnumerable<string>, IDocumentStore)' with a call to 'int.Parse(string, IFormatProvider)'. (https://learn.microsoft.com/dotnet/fundamentals/code-analysis/quality-rules/ca1305) [C:\Projects\Hazina\src\Core\Agents\Hazina.AgentFactory\Hazina.AgentFactory.csproj::TargetFramework=net10.0]
C:\Projects\Hazina\src\Core\Agents\Hazina.AgentFactory\Services\Tools\ToolRegistrationService.cs(193,38): warning MA0004: Use Task.ConfigureAwait(false) if the current SynchronizationContext is not needed (https://github.com/meziantou/Meziantou.Analyzer/blob/main/docs/Rules/MA0004.md) [C:\Projects\Hazina\src\Core\Agents\Hazina.AgentFactory\Hazina.AgentFactory.csproj::TargetFramework=net10.0]
C:\Projects\Hazina\src\Core\Agents\Hazina.AgentFactory\Services\Tools\ToolRegistrationService.cs(253,38): warning MA0004: Use Task.ConfigureAwait(false) if the current SynchronizationContext is not needed (https://github.com/meziantou/Meziantou.Analyzer/blob/main/docs/Rules/MA0004.md) [C:\Projects\Hazina\src\Core\Agents\Hazina.AgentFactory\Hazina.AgentFactory.csproj::TargetFramework=net10.0]
C:\Projects\Hazina\src\Core\Agents\Hazina.AgentFactory\Services\Tools\ToolRegistrationService.cs(273,38): warning MA0004: Use Task.ConfigureAwait(false) if the current SynchronizationContext is not needed (https://github.com/meziantou/Meziantou.Analyzer/blob/main/docs/Rules/MA0004.md) [C:\Projects\Hazina\src\Core\Agents\Hazina.AgentFactory\Hazina.AgentFactory.csproj::TargetFramework=net10.0]
C:\Projects\Hazina\src\Core\Agents\Hazina.AgentFactory\Services\Tools\ToolRegistrationService.cs(193,122): warning MA0011: Use an overload of 'Parse' that has a 'System.IFormatProvider' parameter (https://github.com/meziantou/Meziantou.Analyzer/blob/main/docs/Rules/MA0011.md) [C:\Projects\Hazina\src\Core\Agents\Hazina.AgentFactory\Hazina.AgentFactory.csproj::TargetFramework=net10.0]
C:\Projects\Hazina\src\Core\Agents\Hazina.AgentFactory\Services\Tools\ToolRegistrationService.cs(253,142): warning MA0011: Use an overload of 'Parse' that has a 'System.IFormatProvider' parameter (https://github.com/meziantou/Meziantou.Analyzer/blob/main/docs/Rules/MA0011.md) [C:\Projects\Hazina\src\Core\Agents\Hazina.AgentFactory\Hazina.AgentFactory.csproj::TargetFramework=net10.0]
C:\Projects\Hazina\src\Core\Agents\Hazina.AgentFactory\Services\Tools\ToolRegistrationService.cs(273,128): warning MA0011: Use an overload of 'Parse' that has a 'System.IFormatProvider' parameter (https://github.com/meziantou/Meziantou.Analyzer/blob/main/docs/Rules/MA0011.md) [C:\Projects\Hazina\src\Core\Agents\Hazina.AgentFactory\Hazina.AgentFactory.csproj::TargetFramework=net10.0]
C:\Projects\Hazina\src\Core\Agents\Hazina.AgentFactory\Services\Tools\ToolRegistrationService.cs(181,13): warning MA0002: Use an overload that has a IEqualityComparer<string> or IComparer<string> parameter (https://github.com/meziantou/Meziantou.Analyzer/blob/main/docs/Rules/MA0002.md) [C:\Projects\Hazina\src\Core\Agents\Hazina.AgentFactory\Hazina.AgentFactory.csproj::TargetFramework=net10.0]
C:\Projects\Hazina\src\Core\Agents\Hazina.AgentFactory\Services\Tools\ToolRegistrationService.cs(201,13): warning MA0002: Use an overload that has a IEqualityComparer<string> or IComparer<string> parameter (https://github.com/meziantou/Meziantou.Analyzer/blob/main/docs/Rules/MA0002.md) [C:\Projects\Hazina\src\Core\Agents\Hazina.AgentFactory\Hazina.AgentFactory.csproj::TargetFramework=net10.0]
C:\Projects\Hazina\src\Core\Agents\Hazina.AgentFactory\Services\Tools\ToolRegistrationService.cs(211,13): warning MA0002: Use an overload that has a IEqualityComparer<string> or IComparer<string> parameter (https://github.com/meziantou/Meziantou.Analyzer/blob/main/docs/Rules/MA0002.md) [C:\Projects\Hazina\src\Core\Agents\Hazina.AgentFactory\Hazina.AgentFactory.csproj::TargetFramework=net10.0]
C:\Projects\Hazina\src\Core\Agents\Hazina.AgentFactory\Services\Tools\ToolRegistrationService.cs(221,13): warning MA0002: Use an overload that has a IEqualityComparer<string> or IComparer<string> parameter (https://github.com/meziantou/Meziantou.Analyzer/blob/main/docs/Rules/MA0002.md) [C:\Projects\Hazina\src\Core\Agents\Hazina.AgentFactory\Hazina.AgentFactory.csproj::TargetFramework=net10.0]
C:\Projects\Hazina\src\Core\Agents\Hazina.AgentFactory\Services\Tools\ToolRegistrationService.cs(231,13): warning MA0002: Use an overload that has a IEqualityComparer<string> or IComparer<string> parameter (https://github.com/meziantou/Meziantou.Analyzer/blob/main/docs/Rules/MA0002.md) [C:\Projects\Hazina\src\Core\Agents\Hazina.AgentFactory\Hazina.AgentFactory.csproj::TargetFramework=net10.0]
C:\Projects\Hazina\src\Core\Agents\Hazina.AgentFactory\Services\Tools\ToolRegistrationService.cs(241,13): warning MA0002: Use an overload that has a IEqualityComparer<string> or IComparer<string> parameter (https://github.com/meziantou/Meziantou.Analyzer/blob/main/docs/Rules/MA0002.md) [C:\Projects\Hazina\src\Core\Agents\Hazina.AgentFactory\Hazina.AgentFactory.csproj::TargetFramework=net10.0]
C:\Projects\Hazina\src\Core\Agents\Hazina.AgentFactory\Services\Tools\ToolRegistrationService.cs(261,13): warning MA0002: Use an overload that has a IEqualityComparer<string> or IComparer<string> parameter (https://github.com/meziantou/Meziantou.Analyzer/blob/main/docs/Rules/MA0002.md) [C:\Projects\Hazina\src\Core\Agents\Hazina.AgentFactory\Hazina.AgentFactory.csproj::TargetFramework=net10.0]
C:\Projects\Hazina\src\Core\Agents\Hazina.AgentFactory\Services\Tools\ToolRegistrationService.cs(281,13): warning MA0002: Use an overload that has a IEqualityComparer<string> or IComparer<string> parameter (https://github.com/meziantou/Meziantou.Analyzer/blob/main/docs/Rules/MA0002.md) [C:\Projects\Hazina\src\Core\Agents\Hazina.AgentFactory\Hazina.AgentFactory.csproj::TargetFramework=net10.0]
C:\Projects\Hazina\src\Core\Agents\Hazina.AgentFactory\Services\Tools\ToolRegistrationService.cs(181,13): warning CA1851: Possible multiple enumerations of 'IEnumerable' collection. Consider using an implementation that avoids multiple enumerations. (https://learn.microsoft.com/dotnet/fundamentals/code-analysis/quality-rules/ca1851) [C:\Projects\Hazina\src\Core\Agents\Hazina.AgentFactory\Hazina.AgentFactory.csproj::TargetFramework=net10.0]
C:\Projects\Hazina\src\Core\Agents\Hazina.AgentFactory\Services\Tools\ToolRegistrationService.cs(201,13): warning CA1851: Possible multiple enumerations of 'IEnumerable' collection. Consider using an implementation that avoids multiple enumerations. (https://learn.microsoft.com/dotnet/fundamentals/code-analysis/quality-rules/ca1851) [C:\Projects\Hazina\src\Core\Agents\Hazina.AgentFactory\Hazina.AgentFactory.csproj::TargetFramework=net10.0]
C:\Projects\Hazina\src\Core\Agents\Hazina.AgentFactory\Services\Tools\ToolRegistrationService.cs(211,13): warning CA1851: Possible multiple enumerations of 'IEnumerable' collection. Consider using an implementation that avoids multiple enumerations. (https://learn.microsoft.com/dotnet/fundamentals/code-analysis/quality-rules/ca1851) [C:\Projects\Hazina\src\Core\Agents\Hazina.AgentFactory\Hazina.AgentFactory.csproj::TargetFramework=net10.0]
C:\Projects\Hazina\src\Core\Agents\Hazina.AgentFactory\Services\Tools\ToolRegistrationService.cs(221,13): warning CA1851: Possible multiple enumerations of 'IEnumerable' collection. Consider using an implementation that avoids multiple enumerations. (https://learn.microsoft.com/dotnet/fundamentals/code-analysis/quality-rules/ca1851) [C:\Projects\Hazina\src\Core\Agents\Hazina.AgentFactory\Hazina.AgentFactory.csproj::TargetFramework=net10.0]
C:\Projects\Hazina\src\Core\Agents\Hazina.AgentFactory\Services\Tools\ToolRegistrationService.cs(231,13): warning CA1851: Possible multiple enumerations of 'IEnumerable' collection. Consider using an implementation that avoids multiple enumerations. (https://learn.microsoft.com/dotnet/fundamentals/code-analysis/quality-rules/ca1851) [C:\Projects\Hazina\src\Core\Agents\Hazina.AgentFactory\Hazina.AgentFactory.csproj::TargetFramework=net10.0]
C:\Projects\Hazina\src\Core\Agents\Hazina.AgentFactory\Services\Tools\ToolRegistrationService.cs(241,13): warning CA1851: Possible multiple enumerations of 'IEnumerable' collection. Consider using an implementation that avoids multiple enumerations. (https://learn.microsoft.com/dotnet/fundamentals/code-analysis/quality-rules/ca1851) [C:\Projects\Hazina\src\Core\Agents\Hazina.AgentFactory\Hazina.AgentFactory.csproj::TargetFramework=net10.0]
C:\Projects\Hazina\src\Core\Agents\Hazina.AgentFactory\Services\Tools\ToolRegistrationService.cs(261,13): warning CA1851: Possible multiple enumerations of 'IEnumerable' collection. Consider using an implementation that avoids multiple enumerations. (https://learn.microsoft.com/dotnet/fundamentals/code-analysis/quality-rules/ca1851) [C:\Projects\Hazina\src\Core\Agents\Hazina.AgentFactory\Hazina.AgentFactory.csproj::TargetFramework=net10.0]
C:\Projects\Hazina\src\Core\Agents\Hazina.AgentFactory\Services\Tools\ToolRegistrationService.cs(281,13): warning CA1851: Possible multiple enumerations of 'IEnumerable' collection. Consider using an implementation that avoids multiple enumerations. (https://learn.microsoft.com/dotnet/fundamentals/code-analysis/quality-rules/ca1851) [C:\Projects\Hazina\src\Core\Agents\Hazina.AgentFactory\Hazina.AgentFactory.csproj::TargetFramework=net10.0]
C:\Projects\Hazina\src\Core\Agents\Hazina.AgentFactory\Services\Tools\ToolRegistrationService.cs(389,18): warning MA0051: Method is too long (117 lines; maximum allowed: 60) (https://github.com/meziantou/Meziantou.Analyzer/blob/main/docs/Rules/MA0051.md) [C:\Projects\Hazina\src\Core\Agents\Hazina.AgentFactory\Hazina.AgentFactory.csproj::TargetFramework=net10.0]
C:\Projects\Hazina\src\Core\Agents\Hazina.AgentFactory\Services\Tools\ToolRegistrationService.cs(410,38): warning SA1501: Statement should not be on a single line (https://github.com/DotNetAnalyzers/StyleCopAnalyzers/blob/master/documentation/SA1501.md) [C:\Projects\Hazina\src\Core\Agents\Hazina.AgentFactory\Hazina.AgentFactory.csproj::TargetFramework=net10.0]
C:\Projects\Hazina\src\Core\Agents\Hazina.AgentFactory\Services\Tools\ToolRegistrationService.cs(431,38): warning SA1501: Statement should not be on a single line (https://github.com/DotNetAnalyzers/StyleCopAnalyzers/blob/master/documentation/SA1501.md) [C:\Projects\Hazina\src\Core\Agents\Hazina.AgentFactory\Hazina.AgentFactory.csproj::TargetFramework=net10.0]
C:\Projects\Hazina\src\Core\Agents\Hazina.AgentFactory\Services\Tools\ToolRegistrationService.cs(450,38): warning SA1501: Statement should not be on a single line (https://github.com/DotNetAnalyzers/StyleCopAnalyzers/blob/master/documentation/SA1501.md) [C:\Projects\Hazina\src\Core\Agents\Hazina.AgentFactory\Hazina.AgentFactory.csproj::TargetFramework=net10.0]
C:\Projects\Hazina\src\Core\Agents\Hazina.AgentFactory\Services\Tools\ToolRegistrationService.cs(468,38): warning SA1501: Statement should not be on a single line (https://github.com/DotNetAnalyzers/StyleCopAnalyzers/blob/master/documentation/SA1501.md) [C:\Projects\Hazina\src\Core\Agents\Hazina.AgentFactory\Hazina.AgentFactory.csproj::TargetFramework=net10.0]
C:\Projects\Hazina\src\Core\Agents\Hazina.AgentFactory\Services\Tools\ToolRegistrationService.cs(488,38): warning SA1501: Statement should not be on a single line (https://github.com/DotNetAnalyzers/StyleCopAnalyzers/blob/master/documentation/SA1501.md) [C:\Projects\Hazina\src\Core\Agents\Hazina.AgentFactory\Hazina.AgentFactory.csproj::TargetFramework=net10.0]
C:\Projects\Hazina\src\Core\Agents\Hazina.AgentFactory\Services\Tools\ToolRegistrationService.cs(504,38): warning SA1501: Statement should not be on a single line (https://github.com/DotNetAnalyzers/StyleCopAnalyzers/blob/master/documentation/SA1501.md) [C:\Projects\Hazina\src\Core\Agents\Hazina.AgentFactory\Hazina.AgentFactory.csproj::TargetFramework=net10.0]
C:\Projects\Hazina\src\Core\Agents\Hazina.AgentFactory\Services\Tools\ToolRegistrationService.cs(399,21): warning SA1503: Braces should not be omitted (https://github.com/DotNetAnalyzers/StyleCopAnalyzers/blob/master/documentation/SA1503.md) [C:\Projects\Hazina\src\Core\Agents\Hazina.AgentFactory\Hazina.AgentFactory.csproj::TargetFramework=net10.0]
C:\Projects\Hazina\src\Core\Agents\Hazina.AgentFactory\Services\Tools\ToolRegistrationService.cs(401,21): warning SA1503: Braces should not be omitted (https://github.com/DotNetAnalyzers/StyleCopAnalyzers/blob/master/documentation/SA1503.md) [C:\Projects\Hazina\src\Core\Agents\Hazina.AgentFactory\Hazina.AgentFactory.csproj::TargetFramework=net10.0]
C:\Projects\Hazina\src\Core\Agents\Hazina.AgentFactory\Services\Tools\ToolRegistrationService.cs(403,21): warning SA1503: Braces should not be omitted (https://github.com/DotNetAnalyzers/StyleCopAnalyzers/blob/master/documentation/SA1503.md) [C:\Projects\Hazina\src\Core\Agents\Hazina.AgentFactory\Hazina.AgentFactory.csproj::TargetFramework=net10.0]
C:\Projects\Hazina\src\Core\Agents\Hazina.AgentFactory\Services\Tools\ToolRegistrationService.cs(424,25): warning SA1503: Braces should not be omitted (https://github.com/DotNetAnalyzers/StyleCopAnalyzers/blob/master/documentation/SA1503.md) [C:\Projects\Hazina\src\Core\Agents\Hazina.AgentFactory\Hazina.AgentFactory.csproj::TargetFramework=net10.0]
C:\Projects\Hazina\src\Core\Agents\Hazina.AgentFactory\Services\Tools\ToolRegistrationService.cs(426,25): warning SA1503: Braces should not be omitted (https://github.com/DotNetAnalyzers/StyleCopAnalyzers/blob/master/documentation/SA1503.md) [C:\Projects\Hazina\src\Core\Agents\Hazina.AgentFactory\Hazina.AgentFactory.csproj::TargetFramework=net10.0]
C:\Projects\Hazina\src\Core\Agents\Hazina.AgentFactory\Services\Tools\ToolRegistrationService.cs(443,21): warning SA1503: Braces should not be omitted (https://github.com/DotNetAnalyzers/StyleCopAnalyzers/blob/master/documentation/SA1503.md) [C:\Projects\Hazina\src\Core\Agents\Hazina.AgentFactory\Hazina.AgentFactory.csproj::TargetFramework=net10.0]
C:\Projects\Hazina\src\Core\Agents\Hazina.AgentFactory\Services\Tools\ToolRegistrationService.cs(462,21): warning SA1503: Braces should not be omitted (https://github.com/DotNetAnalyzers/StyleCopAnalyzers/blob/master/documentation/SA1503.md) [C:\Projects\Hazina\src\Core\Agents\Hazina.AgentFactory\Hazina.AgentFactory.csproj::TargetFramework=net10.0]
C:\Projects\Hazina\src\Core\Agents\Hazina.AgentFactory\Services\Tools\ToolRegistrationService.cs(480,21): warning SA1503: Braces should not be omitted (https://github.com/DotNetAnalyzers/StyleCopAnalyzers/blob/master/documentation/SA1503.md) [C:\Projects\Hazina\src\Core\Agents\Hazina.AgentFactory\Hazina.AgentFactory.csproj::TargetFramework=net10.0]
C:\Projects\Hazina\src\Core\Agents\Hazina.AgentFactory\Services\Tools\ToolRegistrationService.cs(482,21): warning SA1503: Braces should not be omitted (https://github.com/DotNetAnalyzers/StyleCopAnalyzers/blob/master/documentation/SA1503.md) [C:\Projects\Hazina\src\Core\Agents\Hazina.AgentFactory\Hazina.AgentFactory.csproj::TargetFramework=net10.0]
C:\Projects\Hazina\src\Core\Agents\Hazina.AgentFactory\Services\Tools\ToolRegistrationService.cs(428,75): warning CA1305: The behavior of 'int.Parse(string)' could vary based on the current user's locale settings. Replace this call in 'ToolRegistrationService.AddEmailTools(IToolsContext)' with a call to 'int.Parse(string, IFormatProvider)'. (https://learn.microsoft.com/dotnet/fundamentals/code-analysis/quality-rules/ca1305) [C:\Projects\Hazina\src\Core\Agents\Hazina.AgentFactory\Hazina.AgentFactory.csproj::TargetFramework=net10.0]
C:\Projects\Hazina\src\Core\Agents\Hazina.AgentFactory\Services\Tools\ToolRegistrationService.cs(407,34): warning MA0004: Use Task.ConfigureAwait(false) if the current SynchronizationContext is not needed (https://github.com/meziantou/Meziantou.Analyzer/blob/main/docs/Rules/MA0004.md) [C:\Projects\Hazina\src\Core\Agents\Hazina.AgentFactory\Hazina.AgentFactory.csproj::TargetFramework=net10.0]
C:\Projects\Hazina\src\Core\Agents\Hazina.AgentFactory\Services\Tools\ToolRegistrationService.cs(428,34): warning MA0004: Use Task.ConfigureAwait(false) if the current SynchronizationContext is not needed (https://github.com/meziantou/Meziantou.Analyzer/blob/main/docs/Rules/MA0004.md) [C:\Projects\Hazina\src\Core\Agents\Hazina.AgentFactory\Hazina.AgentFactory.csproj::TargetFramework=net10.0]
C:\Projects\Hazina\src\Core\Agents\Hazina.AgentFactory\Services\Tools\ToolRegistrationService.cs(447,33): warning MA0004: Use Task.ConfigureAwait(false) if the current SynchronizationContext is not needed (https://github.com/meziantou/Meziantou.Analyzer/blob/main/docs/Rules/MA0004.md) [C:\Projects\Hazina\src\Core\Agents\Hazina.AgentFactory\Hazina.AgentFactory.csproj::TargetFramework=net10.0]
C:\Projects\Hazina\src\Core\Agents\Hazina.AgentFactory\Services\Tools\ToolRegistrationService.cs(466,28): warning MA0004: Use Task.ConfigureAwait(false) if the current SynchronizationContext is not needed (https://github.com/meziantou/Meziantou.Analyzer/blob/main/docs/Rules/MA0004.md) [C:\Projects\Hazina\src\Core\Agents\Hazina.AgentFactory\Hazina.AgentFactory.csproj::TargetFramework=net10.0]
C:\Projects\Hazina\src\Core\Agents\Hazina.AgentFactory\Services\Tools\ToolRegistrationService.cs(486,28): warning MA0004: Use Task.ConfigureAwait(false) if the current SynchronizationContext is not needed (https://github.com/meziantou/Meziantou.Analyzer/blob/main/docs/Rules/MA0004.md) [C:\Projects\Hazina\src\Core\Agents\Hazina.AgentFactory\Hazina.AgentFactory.csproj::TargetFramework=net10.0]
C:\Projects\Hazina\src\Core\Agents\Hazina.AgentFactory\Services\Tools\ToolRegistrationService.cs(501,35): warning MA0004: Use Task.ConfigureAwait(false) if the current SynchronizationContext is not needed (https://github.com/meziantou/Meziantou.Analyzer/blob/main/docs/Rules/MA0004.md) [C:\Projects\Hazina\src\Core\Agents\Hazina.AgentFactory\Hazina.AgentFactory.csproj::TargetFramework=net10.0]
C:\Projects\Hazina\src\Core\Agents\Hazina.AgentFactory\Services\Tools\ToolRegistrationService.cs(428,75): warning MA0011: Use an overload of 'Parse' that has a 'System.IFormatProvider' parameter (https://github.com/meziantou/Meziantou.Analyzer/blob/main/docs/Rules/MA0011.md) [C:\Projects\Hazina\src\Core\Agents\Hazina.AgentFactory\Hazina.AgentFactory.csproj::TargetFramework=net10.0]
C:\Projects\Hazina\src\Core\Agents\Hazina.AgentFactory\Services\Tools\ToolRegistrationService.cs(410,17): warning CA1031: Modify 'AddEmailTools' to catch a more specific allowed exception type, or rethrow the exception (https://learn.microsoft.com/dotnet/fundamentals/code-analysis/quality-rules/ca1031) [C:\Projects\Hazina\src\Core\Agents\Hazina.AgentFactory\Hazina.AgentFactory.csproj::TargetFramework=net10.0]
C:\Projects\Hazina\src\Core\Agents\Hazina.AgentFactory\Services\Tools\ToolRegistrationService.cs(431,17): warning CA1031: Modify 'AddEmailTools' to catch a more specific allowed exception type, or rethrow the exception (https://learn.microsoft.com/dotnet/fundamentals/code-analysis/quality-rules/ca1031) [C:\Projects\Hazina\src\Core\Agents\Hazina.AgentFactory\Hazina.AgentFactory.csproj::TargetFramework=net10.0]
C:\Projects\Hazina\src\Core\Agents\Hazina.AgentFactory\Services\Tools\ToolRegistrationService.cs(450,17): warning CA1031: Modify 'AddEmailTools' to catch a more specific allowed exception type, or rethrow the exception (https://learn.microsoft.com/dotnet/fundamentals/code-analysis/quality-rules/ca1031) [C:\Projects\Hazina\src\Core\Agents\Hazina.AgentFactory\Hazina.AgentFactory.csproj::TargetFramework=net10.0]
C:\Projects\Hazina\src\Core\Agents\Hazina.AgentFactory\Services\Tools\ToolRegistrationService.cs(468,17): warning CA1031: Modify 'AddEmailTools' to catch a more specific allowed exception type, or rethrow the exception (https://learn.microsoft.com/dotnet/fundamentals/code-analysis/quality-rules/ca1031) [C:\Projects\Hazina\src\Core\Agents\Hazina.AgentFactory\Hazina.AgentFactory.csproj::TargetFramework=net10.0]
C:\Projects\Hazina\src\Core\Agents\Hazina.AgentFactory\Services\Tools\ToolRegistrationService.cs(488,17): warning CA1031: Modify 'AddEmailTools' to catch a more specific allowed exception type, or rethrow the exception (https://learn.microsoft.com/dotnet/fundamentals/code-analysis/quality-rules/ca1031) [C:\Projects\Hazina\src\Core\Agents\Hazina.AgentFactory\Hazina.AgentFactory.csproj::TargetFramework=net10.0]
C:\Projects\Hazina\src\Core\Agents\Hazina.AgentFactory\Services\Tools\ToolRegistrationService.cs(504,17): warning CA1031: Modify 'AddEmailTools' to catch a more specific allowed exception type, or rethrow the exception (https://learn.microsoft.com/dotnet/fundamentals/code-analysis/quality-rules/ca1031) [C:\Projects\Hazina\src\Core\Agents\Hazina.AgentFactory\Hazina.AgentFactory.csproj::TargetFramework=net10.0]
C:\Projects\Hazina\src\Core\Agents\Hazina.AgentFactory\Core\AgentFactory.cs(27,14): warning CA1724: The type name AgentFactory conflicts in whole or in part with the namespace name 'Hazina.AgentFactory'. Change either name to eliminate the conflict. (https://learn.microsoft.com/dotnet/fundamentals/code-analysis/quality-rules/ca1724) [C:\Projects\Hazina\src\Core\Agents\Hazina.AgentFactory\Hazina.AgentFactory.csproj::TargetFramework=net10.0]
C:\Projects\Hazina\src\Core\Agents\Hazina.AgentFactory\Services\Tools\ToolRegistrationService.cs(363,34): warning CA5400: HttpClient may be created without enabling CheckCertificateRevocationList (https://learn.microsoft.com/dotnet/fundamentals/code-analysis/quality-rules/ca5400) [C:\Projects\Hazina\src\Core\Agents\Hazina.AgentFactory\Hazina.AgentFactory.csproj::TargetFramework=net10.0]
  Hazina.Production.Monitoring -> C:\Projects\Hazina\src\Tools\Production\Hazina.Production.Monitoring\bin\Debug\net8.0\Hazina.Production.Monitoring.dll
  Hazina.Generator -> C:\Projects\Hazina\src\Core\Agents\Hazina.Generator\bin\Debug\net8.0\Hazina.Generator.dll
  Hazina.Store.Sqlite -> C:\Projects\Hazina\src\Core\Storage\Hazina.Store.Sqlite\bin\Debug\net8.0\Hazina.Store.Sqlite.dll
C:\Projects\Hazina\src\Core\AI\Hazina.AI.RAG\Core\RAGEngine.cs(245,23): error CS8602: Dereference of a possibly null reference. [C:\Projects\Hazina\src\Core\AI\Hazina.AI.RAG\Hazina.AI.RAG.csproj::TargetFramework=net8.0]
C:\Projects\Hazina\src\Core\AI\Hazina.AI.RAG\Core\RAGEngine.cs(404,29): error CS8602: Dereference of a possibly null reference. [C:\Projects\Hazina\src\Core\AI\Hazina.AI.RAG\Hazina.AI.RAG.csproj::TargetFramework=net8.0]
C:\Projects\Hazina\src\Core\AI\Hazina.AI.RAG\Configuration\GraphRAGConfig.cs(1,1): warning SA1633: The file header is missing or not located at the top of the file. (https://github.com/DotNetAnalyzers/StyleCopAnalyzers/blob/master/documentation/SA1633.md) [C:\Projects\Hazina\src\Core\AI\Hazina.AI.RAG\Hazina.AI.RAG.csproj::TargetFramework=net8.0]
C:\Projects\Hazina\src\Core\AI\Hazina.AI.RAG\Configuration\GraphRAGConfig.cs(30,1): warning SA1516: Elements should be separated by blank line (https://github.com/DotNetAnalyzers/StyleCopAnalyzers/blob/master/documentation/SA1516.md) [C:\Projects\Hazina\src\Core\AI\Hazina.AI.RAG\Hazina.AI.RAG.csproj::TargetFramework=net8.0]
C:\Projects\Hazina\src\Core\AI\Hazina.AI.RAG\Configuration\SemanticChunkingConfiguration.cs(1,1): warning SA1633: The file header is missing or not located at the top of the file. (https://github.com/DotNetAnalyzers/StyleCopAnalyzers/blob/master/documentation/SA1633.md) [C:\Projects\Hazina\src\Core\AI\Hazina.AI.RAG\Hazina.AI.RAG.csproj::TargetFramework=net8.0]
C:\Projects\Hazina\src\Core\AI\Hazina.AI.RAG\Core\RAGEngine.cs(4,1): warning SA1208: Using directive for 'System.Text' should appear before directive for 'Hazina.Neurochain.Core' (https://github.com/DotNetAnalyzers/StyleCopAnalyzers/blob/master/documentation/SA1208.md) [C:\Projects\Hazina\src\Core\AI\Hazina.AI.RAG\Hazina.AI.RAG.csproj::TargetFramework=net8.0]
C:\Projects\Hazina\src\Core\AI\Hazina.AI.RAG\Core\RAGEngine.cs(5,1): warning SA1208: Using directive for 'System.Text.RegularExpressions' should appear before directive for 'Hazina.Neurochain.Core' (https://github.com/DotNetAnalyzers/StyleCopAnalyzers/blob/master/documentation/SA1208.md) [C:\Projects\Hazina\src\Core\AI\Hazina.AI.RAG\Hazina.AI.RAG.csproj::TargetFramework=net8.0]
C:\Projects\Hazina\src\Core\AI\Hazina.AI.RAG\Configuration\GraphRAGConfig.cs(6,14): warning S101: Rename class 'GraphRAGConfig' to match pascal case naming rules, consider using 'GraphRagConfig'. (https://rules.sonarsource.com/csharp/RSPEC-101) [C:\Projects\Hazina\src\Core\AI\Hazina.AI.RAG\Hazina.AI.RAG.csproj::TargetFramework=net8.0]
C:\Projects\Hazina\src\Core\AI\Hazina.AI.RAG\Configuration\GraphRAGConfig.cs(9,1): warning SA1516: Elements should be separated by blank line (https://github.com/DotNetAnalyzers/StyleCopAnalyzers/blob/master/documentation/SA1516.md) [C:\Projects\Hazina\src\Core\AI\Hazina.AI.RAG\Hazina.AI.RAG.csproj::TargetFramework=net8.0]
C:\Projects\Hazina\src\Core\AI\Hazina.AI.RAG\Configuration\GraphRAGConfig.cs(10,1): warning SA1516: Elements should be separated by blank line (https://github.com/DotNetAnalyzers/StyleCopAnalyzers/blob/master/documentation/SA1516.md) [C:\Projects\Hazina\src\Core\AI\Hazina.AI.RAG\Hazina.AI.RAG.csproj::TargetFramework=net8.0]
C:\Projects\Hazina\src\Core\AI\Hazina.AI.RAG\Configuration\GraphRAGConfig.cs(11,1): warning SA1516: Elements should be separated by blank line (https://github.com/DotNetAnalyzers/StyleCopAnalyzers/blob/master/documentation/SA1516.md) [C:\Projects\Hazina\src\Core\AI\Hazina.AI.RAG\Hazina.AI.RAG.csproj::TargetFramework=net8.0]
C:\Projects\Hazina\src\Core\AI\Hazina.AI.RAG\Configuration\GraphRAGConfig.cs(12,1): warning SA1516: Elements should be separated by blank line (https://github.com/DotNetAnalyzers/StyleCopAnalyzers/blob/master/documentation/SA1516.md) [C:\Projects\Hazina\src\Core\AI\Hazina.AI.RAG\Hazina.AI.RAG.csproj::TargetFramework=net8.0]
C:\Projects\Hazina\src\Core\AI\Hazina.AI.RAG\Configuration\GraphRAGConfig.cs(13,1): warning SA1516: Elements should be separated by blank line (https://github.com/DotNetAnalyzers/StyleCopAnalyzers/blob/master/documentation/SA1516.md) [C:\Projects\Hazina\src\Core\AI\Hazina.AI.RAG\Hazina.AI.RAG.csproj::TargetFramework=net8.0]
C:\Projects\Hazina\src\Core\AI\Hazina.AI.RAG\Configuration\GraphRAGConfig.cs(14,1): warning SA1516: Elements should be separated by blank line (https://github.com/DotNetAnalyzers/StyleCopAnalyzers/blob/master/documentation/SA1516.md) [C:\Projects\Hazina\src\Core\AI\Hazina.AI.RAG\Hazina.AI.RAG.csproj::TargetFramework=net8.0]
C:\Projects\Hazina\src\Core\AI\Hazina.AI.RAG\Configuration\GraphRAGConfig.cs(15,1): warning SA1516: Elements should be separated by blank line (https://github.com/DotNetAnalyzers/StyleCopAnalyzers/blob/master/documentation/SA1516.md) [C:\Projects\Hazina\src\Core\AI\Hazina.AI.RAG\Hazina.AI.RAG.csproj::TargetFramework=net8.0]
C:\Projects\Hazina\src\Core\AI\Hazina.AI.RAG\Configuration\GraphRAGConfig.cs(16,1): warning SA1516: Elements should be separated by blank line (https://github.com/DotNetAnalyzers/StyleCopAnalyzers/blob/master/documentation/SA1516.md) [C:\Projects\Hazina\src\Core\AI\Hazina.AI.RAG\Hazina.AI.RAG.csproj::TargetFramework=net8.0]
C:\Projects\Hazina\src\Core\AI\Hazina.AI.RAG\Configuration\GraphRAGConfig.cs(17,1): warning SA1516: Elements should be separated by blank line (https://github.com/DotNetAnalyzers/StyleCopAnalyzers/blob/master/documentation/SA1516.md) [C:\Projects\Hazina\src\Core\AI\Hazina.AI.RAG\Hazina.AI.RAG.csproj::TargetFramework=net8.0]
C:\Projects\Hazina\src\Core\AI\Hazina.AI.RAG\Configuration\GraphRAGConfig.cs(18,1): warning SA1516: Elements should be separated by blank line (https://github.com/DotNetAnalyzers/StyleCopAnalyzers/blob/master/documentation/SA1516.md) [C:\Projects\Hazina\src\Core\AI\Hazina.AI.RAG\Hazina.AI.RAG.csproj::TargetFramework=net8.0]
C:\Projects\Hazina\src\Core\AI\Hazina.AI.RAG\Configuration\GraphRAGConfig.cs(19,1): warning SA1516: Elements should be separated by blank line (https://github.com/DotNetAnalyzers/StyleCopAnalyzers/blob/master/documentation/SA1516.md) [C:\Projects\Hazina\src\Core\AI\Hazina.AI.RAG\Hazina.AI.RAG.csproj::TargetFramework=net8.0]
C:\Projects\Hazina\src\Core\AI\Hazina.AI.RAG\Configuration\GraphRAGConfig.cs(20,1): warning SA1516: Elements should be separated by blank line (https://github.com/DotNetAnalyzers/StyleCopAnalyzers/blob/master/documentation/SA1516.md) [C:\Projects\Hazina\src\Core\AI\Hazina.AI.RAG\Hazina.AI.RAG.csproj::TargetFramework=net8.0]
C:\Projects\Hazina\src\Core\AI\Hazina.AI.RAG\Configuration\GraphRAGConfig.cs(21,1): warning SA1516: Elements should be separated by blank line (https://github.com/DotNetAnalyzers/StyleCopAnalyzers/blob/master/documentation/SA1516.md) [C:\Projects\Hazina\src\Core\AI\Hazina.AI.RAG\Hazina.AI.RAG.csproj::TargetFramework=net8.0]
C:\Projects\Hazina\src\Core\AI\Hazina.AI.RAG\Configuration\GraphRAGConfig.cs(22,1): warning SA1516: Elements should be separated by blank line (https://github.com/DotNetAnalyzers/StyleCopAnalyzers/blob/master/documentation/SA1516.md) [C:\Projects\Hazina\src\Core\AI\Hazina.AI.RAG\Hazina.AI.RAG.csproj::TargetFramework=net8.0]
C:\Projects\Hazina\src\Core\AI\Hazina.AI.RAG\Configuration\GraphRAGConfig.cs(23,1): warning SA1516: Elements should be separated by blank line (https://github.com/DotNetAnalyzers/StyleCopAnalyzers/blob/master/documentation/SA1516.md) [C:\Projects\Hazina\src\Core\AI\Hazina.AI.RAG\Hazina.AI.RAG.csproj::TargetFramework=net8.0]
C:\Projects\Hazina\src\Core\AI\Hazina.AI.RAG\Configuration\GraphRAGConfig.cs(10,20): warning CA1056: Change the type of property 'GraphRAGConfig.Neo4jUri' from 'string' to 'System.Uri' (https://learn.microsoft.com/dotnet/fundamentals/code-analysis/quality-rules/ca1056) [C:\Projects\Hazina\src\Core\AI\Hazina.AI.RAG\Hazina.AI.RAG.csproj::TargetFramework=net8.0]
C:\Projects\Hazina\src\Core\AI\Hazina.AI.RAG\Configuration\GraphRAGConfig.cs(24,1): warning SA1516: Elements should be separated by blank line (https://github.com/DotNetAnalyzers/StyleCopAnalyzers/blob/master/documentation/SA1516.md) [C:\Projects\Hazina\src\Core\AI\Hazina.AI.RAG\Hazina.AI.RAG.csproj::TargetFramework=net8.0]
C:\Projects\Hazina\src\Core\AI\Hazina.AI.RAG\Configuration\GraphRAGConfig.cs(25,1): warning SA1516: Elements should be separated by blank line (https://github.com/DotNetAnalyzers/StyleCopAnalyzers/blob/master/documentation/SA1516.md) [C:\Projects\Hazina\src\Core\AI\Hazina.AI.RAG\Hazina.AI.RAG.csproj::TargetFramework=net8.0]
C:\Projects\Hazina\src\Core\AI\Hazina.AI.RAG\Configuration\GraphRAGConfig.cs(26,1): warning SA1516: Elements should be separated by blank line (https://github.com/DotNetAnalyzers/StyleCopAnalyzers/blob/master/documentation/SA1516.md) [C:\Projects\Hazina\src\Core\AI\Hazina.AI.RAG\Hazina.AI.RAG.csproj::TargetFramework=net8.0]
C:\Projects\Hazina\src\Core\AI\Hazina.AI.RAG\Configuration\GraphRAGConfig.cs(13,46): warning CA1805: Member 'AutoBuildGraph' is explicitly initialized to its default value (https://learn.microsoft.com/dotnet/fundamentals/code-analysis/quality-rules/ca1805) [C:\Projects\Hazina\src\Core\AI\Hazina.AI.RAG\Hazina.AI.RAG.csproj::TargetFramework=net8.0]
C:\Projects\Hazina\src\Core\AI\Hazina.AI.RAG\Core\RAGEngine.cs(1,1): warning SA1633: The file header is missing or not located at the top of the file. (https://github.com/DotNetAnalyzers/StyleCopAnalyzers/blob/master/documentation/SA1633.md) [C:\Projects\Hazina\src\Core\AI\Hazina.AI.RAG\Hazina.AI.RAG.csproj::TargetFramework=net8.0]
C:\Projects\Hazina\src\Core\AI\Hazina.AI.RAG\Configuration\GraphRAGConfig.cs(29,13): warning MA0048: File name must match type name (https://github.com/meziantou/Meziantou.Analyzer/blob/main/docs/Rules/MA0048.md) [C:\Projects\Hazina\src\Core\AI\Hazina.AI.RAG\Hazina.AI.RAG.csproj::TargetFramework=net8.0]
C:\Projects\Hazina\src\Core\AI\Hazina.AI.RAG\Configuration\GraphRAGConfig.cs(30,13): warning MA0048: File name must match type name (https://github.com/meziantou/Meziantou.Analyzer/blob/main/docs/Rules/MA0048.md) [C:\Projects\Hazina\src\Core\AI\Hazina.AI.RAG\Hazina.AI.RAG.csproj::TargetFramework=net8.0]
C:\Projects\Hazina\src\Core\AI\Hazina.AI.RAG\Configuration\GraphRAGConfig.cs(30,55): warning SA1136: Enum values should be on separate lines (https://github.com/DotNetAnalyzers/StyleCopAnalyzers/blob/master/documentation/SA1136.md) [C:\Projects\Hazina\src\Core\AI\Hazina.AI.RAG\Hazina.AI.RAG.csproj::TargetFramework=net8.0]
C:\Projects\Hazina\src\Core\AI\Hazina.AI.RAG\Configuration\GraphRAGConfig.cs(30,67): warning SA1136: Enum values should be on separate lines (https://github.com/DotNetAnalyzers/StyleCopAnalyzers/blob/master/documentation/SA1136.md) [C:\Projects\Hazina\src\Core\AI\Hazina.AI.RAG\Hazina.AI.RAG.csproj::TargetFramework=net8.0]
C:\Projects\Hazina\src\Core\AI\Hazina.AI.RAG\Configuration\GraphRAGConfig.cs(30,88): warning SA1136: Enum values should be on separate lines (https://github.com/DotNetAnalyzers/StyleCopAnalyzers/blob/master/documentation/SA1136.md) [C:\Projects\Hazina\src\Core\AI\Hazina.AI.RAG\Hazina.AI.RAG.csproj::TargetFramework=net8.0]
C:\Projects\Hazina\src\Core\AI\Hazina.AI.RAG\Configuration\GraphRAGConfig.cs(29,40): warning SA1136: Enum values should be on separate lines (https://github.com/DotNetAnalyzers/StyleCopAnalyzers/blob/master/documentation/SA1136.md) [C:\Projects\Hazina\src\Core\AI\Hazina.AI.RAG\Hazina.AI.RAG.csproj::TargetFramework=net8.0]
C:\Projects\Hazina\src\Core\AI\Hazina.AI.RAG\Configuration\GraphRAGConfig.cs(29,47): warning SA1136: Enum values should be on separate lines (https://github.com/DotNetAnalyzers/StyleCopAnalyzers/blob/master/documentation/SA1136.md) [C:\Projects\Hazina\src\Core\AI\Hazina.AI.RAG\Hazina.AI.RAG.csproj::TargetFramework=net8.0]
C:\Projects\Hazina\src\Core\AI\Hazina.AI.RAG\Extensions\DocumentStoreSemanticExtensions.cs(41,36): warning S4136: All 'StoreWithSemanticChunking' method overloads should be adjacent. (https://rules.sonarsource.com/csharp/RSPEC-4136) [C:\Projects\Hazina\src\Core\AI\Hazina.AI.RAG\Hazina.AI.RAG.csproj::TargetFramework=net8.0]
C:\Projects\Hazina\src\Core\AI\Hazina.AI.RAG\Core\RAGEngine.cs(521,14): warning SA1402: File may only contain a single type (https://github.com/DotNetAnalyzers/StyleCopAnalyzers/blob/master/documentation/SA1402.md) [C:\Projects\Hazina\src\Core\AI\Hazina.AI.RAG\Hazina.AI.RAG.csproj::TargetFramework=net8.0]
C:\Projects\Hazina\src\Core\AI\Hazina.AI.RAG\Core\RAGEngine.cs(531,14): warning SA1402: File may only contain a single type (https://github.com/DotNetAnalyzers/StyleCopAnalyzers/blob/master/documentation/SA1402.md) [C:\Projects\Hazina\src\Core\AI\Hazina.AI.RAG\Hazina.AI.RAG.csproj::TargetFramework=net8.0]
C:\Projects\Hazina\src\Core\AI\Hazina.AI.RAG\Core\RAGEngine.cs(591,14): warning SA1402: File may only contain a single type (https://github.com/DotNetAnalyzers/StyleCopAnalyzers/blob/master/documentation/SA1402.md) [C:\Projects\Hazina\src\Core\AI\Hazina.AI.RAG\Hazina.AI.RAG.csproj::TargetFramework=net8.0]
C:\Projects\Hazina\src\Core\AI\Hazina.AI.RAG\Core\RAGEngine.cs(605,14): warning SA1402: File may only contain a single type (https://github.com/DotNetAnalyzers/StyleCopAnalyzers/blob/master/documentation/SA1402.md) [C:\Projects\Hazina\src\Core\AI\Hazina.AI.RAG\Hazina.AI.RAG.csproj::TargetFramework=net8.0]
C:\Projects\Hazina\src\Core\AI\Hazina.AI.RAG\Core\RAGEngine.cs(615,14): warning SA1402: File may only contain a single type (https://github.com/DotNetAnalyzers/StyleCopAnalyzers/blob/master/documentation/SA1402.md) [C:\Projects\Hazina\src\Core\AI\Hazina.AI.RAG\Hazina.AI.RAG.csproj::TargetFramework=net8.0]
C:\Projects\Hazina\src\Core\AI\Hazina.AI.RAG\Core\RAGEngine.cs(626,14): warning SA1402: File may only contain a single type (https://github.com/DotNetAnalyzers/StyleCopAnalyzers/blob/master/documentation/SA1402.md) [C:\Projects\Hazina\src\Core\AI\Hazina.AI.RAG\Hazina.AI.RAG.csproj::TargetFramework=net8.0]
C:\Projects\Hazina\src\Core\AI\Hazina.AI.RAG\Core\RAGEngine.cs(650,14): warning SA1402: File may only contain a single type (https://github.com/DotNetAnalyzers/StyleCopAnalyzers/blob/master/documentation/SA1402.md) [C:\Projects\Hazina\src\Core\AI\Hazina.AI.RAG\Hazina.AI.RAG.csproj::TargetFramework=net8.0]
C:\Projects\Hazina\src\Core\AI\Hazina.AI.RAG\Extensions\RetrievalServiceExtensions.cs(84,14): warning MA0048: File name must match type name (https://github.com/meziantou/Meziantou.Analyzer/blob/main/docs/Rules/MA0048.md) [C:\Projects\Hazina\src\Core\AI\Hazina.AI.RAG\Hazina.AI.RAG.csproj::TargetFramework=net8.0]
C:\Projects\Hazina\src\Core\AI\Hazina.AI.RAG\Extensions\RetrievalServiceExtensions.cs(100,13): warning MA0048: File name must match type name (https://github.com/meziantou/Meziantou.Analyzer/blob/main/docs/Rules/MA0048.md) [C:\Projects\Hazina\src\Core\AI\Hazina.AI.RAG\Hazina.AI.RAG.csproj::TargetFramework=net8.0]
C:\Projects\Hazina\src\Core\AI\Hazina.AI.RAG\Configuration\SemanticChunkingConfiguration.cs(7,69): warning SA1629: Documentation text should end with a period (https://github.com/DotNetAnalyzers/StyleCopAnalyzers/blob/master/documentation/SA1629.md) [C:\Projects\Hazina\src\Core\AI\Hazina.AI.RAG\Hazina.AI.RAG.csproj::TargetFramework=net8.0]
C:\Projects\Hazina\src\Core\AI\Hazina.AI.RAG\Extensions\RetrievalServiceExtensions.cs(82,49): warning SA1629: Documentation text should end with a period (https://github.com/DotNetAnalyzers/StyleCopAnalyzers/blob/master/documentation/SA1629.md) [C:\Projects\Hazina\src\Core\AI\Hazina.AI.RAG\Hazina.AI.RAG.csproj::TargetFramework=net8.0]
C:\Projects\Hazina\src\Core\AI\Hazina.AI.RAG\Graph\Explainability\RetrievalTrace.cs(13,1): warning SA1516: Elements should be separated by blank line (https://github.com/DotNetAnalyzers/StyleCopAnalyzers/blob/master/documentation/SA1516.md) [C:\Projects\Hazina\src\Core\AI\Hazina.AI.RAG\Hazina.AI.RAG.csproj::TargetFramework=net8.0]
C:\Projects\Hazina\src\Core\AI\Hazina.AI.RAG\Graph\Explainability\RetrievalTrace.cs(14,1): warning SA1516: Elements should be separated by blank line (https://github.com/DotNetAnalyzers/StyleCopAnalyzers/blob/master/documentation/SA1516.md) [C:\Projects\Hazina\src\Core\AI\Hazina.AI.RAG\Hazina.AI.RAG.csproj::TargetFramework=net8.0]
C:\Projects\Hazina\src\Core\AI\Hazina.AI.RAG\Graph\Explainability\RetrievalTrace.cs(15,1): warning SA1516: Elements should be separated by blank line (https://github.com/DotNetAnalyzers/StyleCopAnalyzers/blob/master/documentation/SA1516.md) [C:\Projects\Hazina\src\Core\AI\Hazina.AI.RAG\Hazina.AI.RAG.csproj::TargetFramework=net8.0]
C:\Projects\Hazina\src\Core\AI\Hazina.AI.RAG\Graph\Explainability\RetrievalTrace.cs(16,1): warning SA1516: Elements should be separated by blank line (https://github.com/DotNetAnalyzers/StyleCopAnalyzers/blob/master/documentation/SA1516.md) [C:\Projects\Hazina\src\Core\AI\Hazina.AI.RAG\Hazina.AI.RAG.csproj::TargetFramework=net8.0]
C:\Projects\Hazina\src\Core\AI\Hazina.AI.RAG\Graph\Explainability\RetrievalTrace.cs(17,1): warning SA1516: Elements should be separated by blank line (https://github.com/DotNetAnalyzers/StyleCopAnalyzers/blob/master/documentation/SA1516.md) [C:\Projects\Hazina\src\Core\AI\Hazina.AI.RAG\Hazina.AI.RAG.csproj::TargetFramework=net8.0]
C:\Projects\Hazina\src\Core\AI\Hazina.AI.RAG\Extensions\RetrievalServiceExtensions.cs(98,35): warning SA1629: Documentation text should end with a period (https://github.com/DotNetAnalyzers/StyleCopAnalyzers/blob/master/documentation/SA1629.md) [C:\Projects\Hazina\src\Core\AI\Hazina.AI.RAG\Hazina.AI.RAG.csproj::TargetFramework=net8.0]
C:\Projects\Hazina\src\Core\AI\Hazina.AI.RAG\Graph\Explainability\RetrievalTrace.cs(15,32): warning CA2227: Change 'Steps' to be read-only by removing the property setter (https://learn.microsoft.com/dotnet/fundamentals/code-analysis/quality-rules/ca2227) [C:\Projects\Hazina\src\Core\AI\Hazina.AI.RAG\Hazina.AI.RAG.csproj::TargetFramework=net8.0]
C:\Projects\Hazina\src\Core\AI\Hazina.AI.RAG\Graph\Explainability\RetrievalTrace.cs(15,32): warning CA1002: Change 'List<RetrievalStep>' in 'RetrievalTrace.Steps' to use 'Collection<T>', 'ReadOnlyCollection<T>' or 'KeyedCollection<K,V>' (https://learn.microsoft.com/dotnet/fundamentals/code-analysis/quality-rules/ca1002) [C:\Projects\Hazina\src\Core\AI\Hazina.AI.RAG\Hazina.AI.RAG.csproj::TargetFramework=net8.0]
C:\Projects\Hazina\src\Core\AI\Hazina.AI.RAG\Graph\Explainability\RetrievalTrace.cs(15,12): warning MA0016: Prefer using collection abstraction instead of implementation (https://github.com/meziantou/Meziantou.Analyzer/blob/main/docs/Rules/MA0016.md) [C:\Projects\Hazina\src\Core\AI\Hazina.AI.RAG\Hazina.AI.RAG.csproj::TargetFramework=net8.0]
C:\Projects\Hazina\src\Core\AI\Hazina.AI.RAG\Extensions\RetrievalServiceExtensions.cs(89,30): warning SA1623: The property's documentation summary text should begin with: 'Gets or sets' (https://github.com/DotNetAnalyzers/StyleCopAnalyzers/blob/master/documentation/SA1623.md) [C:\Projects\Hazina\src\Core\AI\Hazina.AI.RAG\Hazina.AI.RAG.csproj::TargetFramework=net8.0]
C:\Projects\Hazina\src\Core\AI\Hazina.AI.RAG\Extensions\RetrievalServiceExtensions.cs(87,34): warning SA1629: Documentation text should end with a period (https://github.com/DotNetAnalyzers/StyleCopAnalyzers/blob/master/documentation/SA1629.md) [C:\Projects\Hazina\src\Core\AI\Hazina.AI.RAG\Hazina.AI.RAG.csproj::TargetFramework=net8.0]
C:\Projects\Hazina\src\Core\AI\Hazina.AI.RAG\Graph\Explainability\RetrievalTrace.cs(34,14): warning CA1052: Type 'ExplainabilityService' is a static holder type but is neither static nor NotInheritable (https://learn.microsoft.com/dotnet/fundamentals/code-analysis/quality-rules/ca1052) [C:\Projects\Hazina\src\Core\AI\Hazina.AI.RAG\Hazina.AI.RAG.csproj::TargetFramework=net8.0]
C:\Projects\Hazina\src\Core\AI\Hazina.AI.RAG\Graph\Explainability\RetrievalTrace.cs(34,14): warning MA0048: File name must match type name (https://github.com/meziantou/Meziantou.Analyzer/blob/main/docs/Rules/MA0048.md) [C:\Projects\Hazina\src\Core\AI\Hazina.AI.RAG\Hazina.AI.RAG.csproj::TargetFramework=net8.0]
C:\Projects\Hazina\src\Core\AI\Hazina.AI.RAG\Graph\Explainability\RetrievalTrace.cs(34,14): warning S1118: Add a 'protected' constructor or the 'static' keyword to the class declaration. (https://rules.sonarsource.com/csharp/RSPEC-1118) [C:\Projects\Hazina\src\Core\AI\Hazina.AI.RAG\Hazina.AI.RAG.csproj::TargetFramework=net8.0]
C:\Projects\Hazina\src\Core\AI\Hazina.AI.RAG\Graph\Explainability\RetrievalTrace.cs(28,39): warning CA2227: Change 'Metadata' to be read-only by removing the property setter (https://learn.microsoft.com/dotnet/fundamentals/code-analysis/quality-rules/ca2227) [C:\Projects\Hazina\src\Core\AI\Hazina.AI.RAG\Hazina.AI.RAG.csproj::TargetFramework=net8.0]
C:\Projects\Hazina\src\Core\AI\Hazina.AI.RAG\Graph\Explainability\RetrievalTrace.cs(28,12): warning MA0016: Prefer using collection abstraction instead of implementation (https://github.com/meziantou/Meziantou.Analyzer/blob/main/docs/Rules/MA0016.md) [C:\Projects\Hazina\src\Core\AI\Hazina.AI.RAG\Hazina.AI.RAG.csproj::TargetFramework=net8.0]
C:\Projects\Hazina\src\Core\AI\Hazina.AI.RAG\Extensions\RetrievalServiceExtensions.cs(94,37): warning SA1623: The property's documentation summary text should begin with: 'Gets or sets' (https://github.com/DotNetAnalyzers/StyleCopAnalyzers/blob/master/documentation/SA1623.md) [C:\Projects\Hazina\src\Core\AI\Hazina.AI.RAG\Hazina.AI.RAG.csproj::TargetFramework=net8.0]
C:\Projects\Hazina\src\Core\AI\Hazina.AI.RAG\Extensions\RetrievalServiceExtensions.cs(92,68): warning SA1629: Documentation text should end with a period (https://github.com/DotNetAnalyzers/StyleCopAnalyzers/blob/master/documentation/SA1629.md) [C:\Projects\Hazina\src\Core\AI\Hazina.AI.RAG\Hazina.AI.RAG.csproj::TargetFramework=net8.0]
C:\Projects\Hazina\src\Core\AI\Hazina.AI.RAG\Graph\Explainability\RetrievalTrace.cs(23,14): warning MA0048: File name must match type name (https://github.com/meziantou/Meziantou.Analyzer/blob/main/docs/Rules/MA0048.md) [C:\Projects\Hazina\src\Core\AI\Hazina.AI.RAG\Hazina.AI.RAG.csproj::TargetFramework=net8.0]
C:\Projects\Hazina\src\Core\AI\Hazina.AI.RAG\Graph\Explainability\RetrievalTrace.cs(28,64): warning MA0002: Use an overload that has a IEqualityComparer<string> or IComparer<string> parameter (https://github.com/meziantou/Meziantou.Analyzer/blob/main/docs/Rules/MA0002.md) [C:\Projects\Hazina\src\Core\AI\Hazina.AI.RAG\Hazina.AI.RAG.csproj::TargetFramework=net8.0]
C:\Projects\Hazina\src\Core\AI\Hazina.AI.RAG\Graph\Explainability\RetrievalTrace.cs(26,1): warning SA1516: Elements should be separated by blank line (https://github.com/DotNetAnalyzers/StyleCopAnalyzers/blob/master/documentation/SA1516.md) [C:\Projects\Hazina\src\Core\AI\Hazina.AI.RAG\Hazina.AI.RAG.csproj::TargetFramework=net8.0]
C:\Projects\Hazina\src\Core\AI\Hazina.AI.RAG\Graph\Explainability\RetrievalTrace.cs(27,1): warning SA1516: Elements should be separated by blank line (https://github.com/DotNetAnalyzers/StyleCopAnalyzers/blob/master/documentation/SA1516.md) [C:\Projects\Hazina\src\Core\AI\Hazina.AI.RAG\Hazina.AI.RAG.csproj::TargetFramework=net8.0]
C:\Projects\Hazina\src\Core\AI\Hazina.AI.RAG\Graph\Explainability\RetrievalTrace.cs(28,1): warning SA1516: Elements should be separated by blank line (https://github.com/DotNetAnalyzers/StyleCopAnalyzers/blob/master/documentation/SA1516.md) [C:\Projects\Hazina\src\Core\AI\Hazina.AI.RAG\Hazina.AI.RAG.csproj::TargetFramework=net8.0]
C:\Projects\Hazina\src\Core\AI\Hazina.AI.RAG\Interfaces\IRetrievalCandidate.cs(37,5): warning MA0016: Prefer using collection abstraction instead of implementation (https://github.com/meziantou/Meziantou.Analyzer/blob/main/docs/Rules/MA0016.md) [C:\Projects\Hazina\src\Core\AI\Hazina.AI.RAG\Hazina.AI.RAG.csproj::TargetFramework=net8.0]
C:\Projects\Hazina\src\Core\AI\Hazina.AI.RAG\Interfaces\IRetrievalCandidate.cs(17,12): warning SA1623: The property's documentation summary text should begin with: 'Gets' (https://github.com/DotNetAnalyzers/StyleCopAnalyzers/blob/master/documentation/SA1623.md) [C:\Projects\Hazina\src\Core\AI\Hazina.AI.RAG\Hazina.AI.RAG.csproj::TargetFramework=net8.0]
C:\Projects\Hazina\src\Core\AI\Hazina.AI.RAG\Interfaces\IRetrievalCandidate.cs(22,12): warning SA1623: The property's documentation summary text should begin with: 'Gets' (https://github.com/DotNetAnalyzers/StyleCopAnalyzers/blob/master/documentation/SA1623.md) [C:\Projects\Hazina\src\Core\AI\Hazina.AI.RAG\Hazina.AI.RAG.csproj::TargetFramework=net8.0]
C:\Projects\Hazina\src\Core\AI\Hazina.AI.RAG\Interfaces\IRetrievalCandidate.cs(12,12): warning SA1623: The property's documentation summary text should begin with: 'Gets' (https://github.com/DotNetAnalyzers/StyleCopAnalyzers/blob/master/documentation/SA1623.md) [C:\Projects\Hazina\src\Core\AI\Hazina.AI.RAG\Hazina.AI.RAG.csproj::TargetFramework=net8.0]
C:\Projects\Hazina\src\Core\AI\Hazina.AI.RAG\Interfaces\IRetrievalCandidate.cs(15,64): warning SA1629: Documentation text should end with a period (https://github.com/DotNetAnalyzers/StyleCopAnalyzers/blob/master/documentation/SA1629.md) [C:\Projects\Hazina\src\Core\AI\Hazina.AI.RAG\Hazina.AI.RAG.csproj::TargetFramework=net8.0]
C:\Projects\Hazina\src\Core\AI\Hazina.AI.RAG\Interfaces\IRetrievalCandidate.cs(20,66): warning SA1629: Documentation text should end with a period (https://github.com/DotNetAnalyzers/StyleCopAnalyzers/blob/master/documentation/SA1629.md) [C:\Projects\Hazina\src\Core\AI\Hazina.AI.RAG\Hazina.AI.RAG.csproj::TargetFramework=net8.0]
C:\Projects\Hazina\src\Core\AI\Hazina.AI.RAG\Interfaces\IRetrievalCandidate.cs(10,40): warning SA1629: Documentation text should end with a period (https://github.com/DotNetAnalyzers/StyleCopAnalyzers/blob/master/documentation/SA1629.md) [C:\Projects\Hazina\src\Core\AI\Hazina.AI.RAG\Hazina.AI.RAG.csproj::TargetFramework=net8.0]
C:\Projects\Hazina\src\Core\AI\Hazina.AI.RAG\Interfaces\IRetrievalCandidate.cs(27,13): warning SA1623: The property's documentation summary text should begin with: 'Gets' (https://github.com/DotNetAnalyzers/StyleCopAnalyzers/blob/master/documentation/SA1623.md) [C:\Projects\Hazina\src\Core\AI\Hazina.AI.RAG\Hazina.AI.RAG.csproj::TargetFramework=net8.0]
C:\Projects\Hazina\src\Core\AI\Hazina.AI.RAG\Interfaces\IRetrievalCandidate.cs(25,62): warning SA1629: Documentation text should end with a period (https://github.com/DotNetAnalyzers/StyleCopAnalyzers/blob/master/documentation/SA1629.md) [C:\Projects\Hazina\src\Core\AI\Hazina.AI.RAG\Hazina.AI.RAG.csproj::TargetFramework=net8.0]
C:\Projects\Hazina\src\Core\AI\Hazina.AI.RAG\Extensions\RetrievalServiceExtensions.cs(10,71): warning SA1629: Documentation text should end with a period (https://github.com/DotNetAnalyzers/StyleCopAnalyzers/blob/master/documentation/SA1629.md) [C:\Projects\Hazina\src\Core\AI\Hazina.AI.RAG\Hazina.AI.RAG.csproj::TargetFramework=net8.0]
C:\Projects\Hazina\src\Core\AI\Hazina.AI.RAG\Embeddings\BasicMetadataExtractor.cs(10,15): warning SA1629: Documentation text should end with a period (https://github.com/DotNetAnalyzers/StyleCopAnalyzers/blob/master/documentation/SA1629.md) [C:\Projects\Hazina\src\Core\AI\Hazina.AI.RAG\Hazina.AI.RAG.csproj::TargetFramework=net8.0]
C:\Projects\Hazina\src\Core\AI\Hazina.AI.RAG\Interfaces\IRetrievalCandidate.cs(32,12): warning SA1623: The property's documentation summary text should begin with: 'Gets' (https://github.com/DotNetAnalyzers/StyleCopAnalyzers/blob/master/documentation/SA1623.md) [C:\Projects\Hazina\src\Core\AI\Hazina.AI.RAG\Hazina.AI.RAG.csproj::TargetFramework=net8.0]
C:\Projects\Hazina\src\Core\AI\Hazina.AI.RAG\Interfaces\IRetrievalCandidate.cs(37,33): warning SA1623: The property's documentation summary text should begin with: 'Gets' (https://github.com/DotNetAnalyzers/StyleCopAnalyzers/blob/master/documentation/SA1623.md) [C:\Projects\Hazina\src\Core\AI\Hazina.AI.RAG\Hazina.AI.RAG.csproj::TargetFramework=net8.0]
C:\Projects\Hazina\src\Core\AI\Hazina.AI.RAG\Interfaces\IRetrievalCandidate.cs(30,34): warning SA1629: Documentation text should end with a period (https://github.com/DotNetAnalyzers/StyleCopAnalyzers/blob/master/documentation/SA1629.md) [C:\Projects\Hazina\src\Core\AI\Hazina.AI.RAG\Hazina.AI.RAG.csproj::TargetFramework=net8.0]
C:\Projects\Hazina\src\Core\AI\Hazina.AI.RAG\Interfaces\IRetrievalCandidate.cs(35,44): warning SA1629: Documentation text should end with a period (https://github.com/DotNetAnalyzers/StyleCopAnalyzers/blob/master/documentation/SA1629.md) [C:\Projects\Hazina\src\Core\AI\Hazina.AI.RAG\Hazina.AI.RAG.csproj::TargetFramework=net8.0]
C:\Projects\Hazina\src\Core\AI\Hazina.AI.RAG\Graph\Models\GraphPath.cs(8,30): warning CA2227: Change 'Entities' to be read-only by removing the property setter (https://learn.microsoft.com/dotnet/fundamentals/code-analysis/quality-rules/ca2227) [C:\Projects\Hazina\src\Core\AI\Hazina.AI.RAG\Hazina.AI.RAG.csproj::TargetFramework=net8.0]
C:\Projects\Hazina\src\Core\AI\Hazina.AI.RAG\Graph\Models\GraphPath.cs(8,30): warning CA1002: Change 'List<GraphEntity>' in 'GraphPath.Entities' to use 'Collection<T>', 'ReadOnlyCollection<T>' or 'KeyedCollection<K,V>' (https://learn.microsoft.com/dotnet/fundamentals/code-analysis/quality-rules/ca1002) [C:\Projects\Hazina\src\Core\AI\Hazina.AI.RAG\Hazina.AI.RAG.csproj::TargetFramework=net8.0]
C:\Projects\Hazina\src\Core\AI\Hazina.AI.RAG\Graph\Models\GraphPath.cs(8,12): warning MA0016: Prefer using collection abstraction instead of implementation (https://github.com/meziantou/Meziantou.Analyzer/blob/main/docs/Rules/MA0016.md) [C:\Projects\Hazina\src\Core\AI\Hazina.AI.RAG\Hazina.AI.RAG.csproj::TargetFramework=net8.0]
C:\Projects\Hazina\src\Core\AI\Hazina.AI.RAG\Graph\Models\GraphPath.cs(9,36): warning CA2227: Change 'Relationships' to be read-only by removing the property setter (https://learn.microsoft.com/dotnet/fundamentals/code-analysis/quality-rules/ca2227) [C:\Projects\Hazina\src\Core\AI\Hazina.AI.RAG\Hazina.AI.RAG.csproj::TargetFramework=net8.0]
C:\Projects\Hazina\src\Core\AI\Hazina.AI.RAG\Graph\Models\GraphPath.cs(9,36): warning CA1002: Change 'List<GraphRelationship>' in 'GraphPath.Relationships' to use 'Collection<T>', 'ReadOnlyCollection<T>' or 'KeyedCollection<K,V>' (https://learn.microsoft.com/dotnet/fundamentals/code-analysis/quality-rules/ca1002) [C:\Projects\Hazina\src\Core\AI\Hazina.AI.RAG\Hazina.AI.RAG.csproj::TargetFramework=net8.0]
C:\Projects\Hazina\src\Core\AI\Hazina.AI.RAG\Graph\Models\GraphPath.cs(9,12): warning MA0016: Prefer using collection abstraction instead of implementation (https://github.com/meziantou/Meziantou.Analyzer/blob/main/docs/Rules/MA0016.md) [C:\Projects\Hazina\src\Core\AI\Hazina.AI.RAG\Hazina.AI.RAG.csproj::TargetFramework=net8.0]
C:\Projects\Hazina\src\Core\AI\Hazina.AI.RAG\Graph\Models\GraphPath.cs(38,13): warning MA0048: File name must match type name (https://github.com/meziantou/Meziantou.Analyzer/blob/main/docs/Rules/MA0048.md) [C:\Projects\Hazina\src\Core\AI\Hazina.AI.RAG\Hazina.AI.RAG.csproj::TargetFramework=net8.0]
C:\Projects\Hazina\src\Core\AI\Hazina.AI.RAG\Graph\Models\GraphPath.cs(9,1): warning SA1516: Elements should be separated by blank line (https://github.com/DotNetAnalyzers/StyleCopAnalyzers/blob/master/documentation/SA1516.md) [C:\Projects\Hazina\src\Core\AI\Hazina.AI.RAG\Hazina.AI.RAG.csproj::TargetFramework=net8.0]
C:\Projects\Hazina\src\Core\AI\Hazina.AI.RAG\Graph\Models\GraphPath.cs(10,1): warning SA1516: Elements should be separated by blank line (https://github.com/DotNetAnalyzers/StyleCopAnalyzers/blob/master/documentation/SA1516.md) [C:\Projects\Hazina\src\Core\AI\Hazina.AI.RAG\Hazina.AI.RAG.csproj::TargetFramework=net8.0]
C:\Projects\Hazina\src\Core\AI\Hazina.AI.RAG\Graph\Models\GraphPath.cs(38,42): warning SA1136: Enum values should be on separate lines (https://github.com/DotNetAnalyzers/StyleCopAnalyzers/blob/master/documentation/SA1136.md) [C:\Projects\Hazina\src\Core\AI\Hazina.AI.RAG\Hazina.AI.RAG.csproj::TargetFramework=net8.0]
C:\Projects\Hazina\src\Core\AI\Hazina.AI.RAG\Graph\Models\GraphPath.cs(38,54): warning SA1136: Enum values should be on separate lines (https://github.com/DotNetAnalyzers/StyleCopAnalyzers/blob/master/documentation/SA1136.md) [C:\Projects\Hazina\src\Core\AI\Hazina.AI.RAG\Hazina.AI.RAG.csproj::TargetFramework=net8.0]
C:\Projects\Hazina\src\Core\AI\Hazina.AI.RAG\Graph\Models\GraphPath.cs(11,1): warning SA1516: Elements should be separated by blank line (https://github.com/DotNetAnalyzers/StyleCopAnalyzers/blob/master/documentation/SA1516.md) [C:\Projects\Hazina\src\Core\AI\Hazina.AI.RAG\Hazina.AI.RAG.csproj::TargetFramework=net8.0]
C:\Projects\Hazina\src\Core\AI\Hazina.AI.RAG\Graph\Models\GraphPath.cs(38,65): warning SA1136: Enum values should be on separate lines (https://github.com/DotNetAnalyzers/StyleCopAnalyzers/blob/master/documentation/SA1136.md) [C:\Projects\Hazina\src\Core\AI\Hazina.AI.RAG\Hazina.AI.RAG.csproj::TargetFramework=net8.0]
C:\Projects\Hazina\src\Core\AI\Hazina.AI.RAG\Graph\Models\GraphPath.cs(12,1): warning SA1516: Elements should be separated by blank line (https://github.com/DotNetAnalyzers/StyleCopAnalyzers/blob/master/documentation/SA1516.md) [C:\Projects\Hazina\src\Core\AI\Hazina.AI.RAG\Hazina.AI.RAG.csproj::TargetFramework=net8.0]
C:\Projects\Hazina\src\Core\AI\Hazina.AI.RAG\Graph\Models\GraphPath.cs(13,1): warning SA1516: Elements should be separated by blank line (https://github.com/DotNetAnalyzers/StyleCopAnalyzers/blob/master/documentation/SA1516.md) [C:\Projects\Hazina\src\Core\AI\Hazina.AI.RAG\Hazina.AI.RAG.csproj::TargetFramework=net8.0]
C:\Projects\Hazina\src\Core\AI\Hazina.AI.RAG\Graph\Models\GraphPath.cs(14,1): warning SA1516: Elements should be separated by blank line (https://github.com/DotNetAnalyzers/StyleCopAnalyzers/blob/master/documentation/SA1516.md) [C:\Projects\Hazina\src\Core\AI\Hazina.AI.RAG\Hazina.AI.RAG.csproj::TargetFramework=net8.0]
C:\Projects\Hazina\src\Core\AI\Hazina.AI.RAG\Core\RAGEngine.cs(138,13): warning SA1009: Closing parenthesis should not be preceded by a space (https://github.com/DotNetAnalyzers/StyleCopAnalyzers/blob/master/documentation/SA1009.md) [C:\Projects\Hazina\src\Core\AI\Hazina.AI.RAG\Hazina.AI.RAG.csproj::TargetFramework=net8.0]
C:\Projects\Hazina\src\Core\AI\Hazina.AI.RAG\Core\RAGEngine.cs(165,9): warning SA1009: Closing parenthesis should not be preceded by a space (https://github.com/DotNetAnalyzers/StyleCopAnalyzers/blob/master/documentation/SA1009.md) [C:\Projects\Hazina\src\Core\AI\Hazina.AI.RAG\Hazina.AI.RAG.csproj::TargetFramework=net8.0]
C:\Projects\Hazina\src\Core\AI\Hazina.AI.RAG\Core\RAGEngine.cs(189,9): warning SA1009: Closing parenthesis should not be preceded by a space (https://github.com/DotNetAnalyzers/StyleCopAnalyzers/blob/master/documentation/SA1009.md) [C:\Projects\Hazina\src\Core\AI\Hazina.AI.RAG\Hazina.AI.RAG.csproj::TargetFramework=net8.0]
C:\Projects\Hazina\src\Core\AI\Hazina.AI.RAG\Core\RAGEngine.cs(255,17): warning SA1009: Closing parenthesis should not be preceded by a space (https://github.com/DotNetAnalyzers/StyleCopAnalyzers/blob/master/documentation/SA1009.md) [C:\Projects\Hazina\src\Core\AI\Hazina.AI.RAG\Hazina.AI.RAG.csproj::TargetFramework=net8.0]
C:\Projects\Hazina\src\Core\AI\Hazina.AI.RAG\Embeddings\ContentTypeDetector.cs(6,73): warning SA1629: Documentation text should end with a period (https://github.com/DotNetAnalyzers/StyleCopAnalyzers/blob/master/documentation/SA1629.md) [C:\Projects\Hazina\src\Core\AI\Hazina.AI.RAG\Hazina.AI.RAG.csproj::TargetFramework=net8.0]
C:\Projects\Hazina\src\Core\AI\Hazina.AI.RAG\Core\RAGEngine.cs(408,9): warning SA1009: Closing parenthesis should not be preceded by a space (https://github.com/DotNetAnalyzers/StyleCopAnalyzers/blob/master/documentation/SA1009.md) [C:\Projects\Hazina\src\Core\AI\Hazina.AI.RAG\Hazina.AI.RAG.csproj::TargetFramework=net8.0]
C:\Projects\Hazina\src\Core\AI\Hazina.AI.RAG\Interfaces\IRetrievalCandidate.cs(43,14): warning MA0048: File name must match type name (https://github.com/meziantou/Meziantou.Analyzer/blob/main/docs/Rules/MA0048.md) [C:\Projects\Hazina\src\Core\AI\Hazina.AI.RAG\Hazina.AI.RAG.csproj::TargetFramework=net8.0]
C:\Projects\Hazina\src\Core\AI\Hazina.AI.RAG\Core\RAGEngine.cs(462,13): warning SA1009: Closing parenthesis should not be preceded by a space (https://github.com/DotNetAnalyzers/StyleCopAnalyzers/blob/master/documentation/SA1009.md) [C:\Projects\Hazina\src\Core\AI\Hazina.AI.RAG\Hazina.AI.RAG.csproj::TargetFramework=net8.0]
C:\Projects\Hazina\src\Core\AI\Hazina.AI.RAG\Core\RAGEngine.cs(487,13): warning SA1009: Closing parenthesis should not be preceded by a space (https://github.com/DotNetAnalyzers/StyleCopAnalyzers/blob/master/documentation/SA1009.md) [C:\Projects\Hazina\src\Core\AI\Hazina.AI.RAG\Hazina.AI.RAG.csproj::TargetFramework=net8.0]
C:\Projects\Hazina\src\Core\AI\Hazina.AI.RAG\Graph\Models\GraphPath.cs(11,39): warning CA1805: Member 'Score' is explicitly initialized to its default value (https://learn.microsoft.com/dotnet/fundamentals/code-analysis/quality-rules/ca1805) [C:\Projects\Hazina\src\Core\AI\Hazina.AI.RAG\Hazina.AI.RAG.csproj::TargetFramework=net8.0]
C:\Projects\Hazina\src\Core\AI\Hazina.AI.RAG\Interfaces\IRetrievalCandidate.cs(41,50): warning SA1629: Documentation text should end with a period (https://github.com/DotNetAnalyzers/StyleCopAnalyzers/blob/master/documentation/SA1629.md) [C:\Projects\Hazina\src\Core\AI\Hazina.AI.RAG\Hazina.AI.RAG.csproj::TargetFramework=net8.0]
C:\Projects\Hazina\src\Core\AI\Hazina.AI.RAG\Interfaces\IRetrievalCandidate.cs(46,1): warning SA1516: Elements should be separated by blank line (https://github.com/DotNetAnalyzers/StyleCopAnalyzers/blob/master/documentation/SA1516.md) [C:\Projects\Hazina\src\Core\AI\Hazina.AI.RAG\Hazina.AI.RAG.csproj::TargetFramework=net8.0]
C:\Projects\Hazina\src\Core\AI\Hazina.AI.RAG\Interfaces\IRetrievalCandidate.cs(47,1): warning SA1516: Elements should be separated by blank line (https://github.com/DotNetAnalyzers/StyleCopAnalyzers/blob/master/documentation/SA1516.md) [C:\Projects\Hazina\src\Core\AI\Hazina.AI.RAG\Hazina.AI.RAG.csproj::TargetFramework=net8.0]
C:\Projects\Hazina\src\Core\AI\Hazina.AI.RAG\Interfaces\IRetrievalCandidate.cs(48,1): warning SA1516: Elements should be separated by blank line (https://github.com/DotNetAnalyzers/StyleCopAnalyzers/blob/master/documentation/SA1516.md) [C:\Projects\Hazina\src\Core\AI\Hazina.AI.RAG\Hazina.AI.RAG.csproj::TargetFramework=net8.0]
C:\Projects\Hazina\src\Core\AI\Hazina.AI.RAG\Interfaces\IRetrievalCandidate.cs(49,1): warning SA1516: Elements should be separated by blank line (https://github.com/DotNetAnalyzers/StyleCopAnalyzers/blob/master/documentation/SA1516.md) [C:\Projects\Hazina\src\Core\AI\Hazina.AI.RAG\Hazina.AI.RAG.csproj::TargetFramework=net8.0]
C:\Projects\Hazina\src\Core\AI\Hazina.AI.RAG\Interfaces\IRetrievalCandidate.cs(50,1): warning SA1516: Elements should be separated by blank line (https://github.com/DotNetAnalyzers/StyleCopAnalyzers/blob/master/documentation/SA1516.md) [C:\Projects\Hazina\src\Core\AI\Hazina.AI.RAG\Hazina.AI.RAG.csproj::TargetFramework=net8.0]
C:\Projects\Hazina\src\Core\AI\Hazina.AI.RAG\Retrieval\LlmJudgeReranker.cs(135,19): warning SA1623: The property's documentation summary text should begin with: 'Gets or sets' (https://github.com/DotNetAnalyzers/StyleCopAnalyzers/blob/master/documentation/SA1623.md) [C:\Projects\Hazina\src\Core\AI\Hazina.AI.RAG\Hazina.AI.RAG.csproj::TargetFramework=net8.0]
C:\Projects\Hazina\src\Core\AI\Hazina.AI.RAG\Retrieval\LlmJudgeReranker.cs(123,14): warning MA0048: File name must match type name (https://github.com/meziantou/Meziantou.Analyzer/blob/main/docs/Rules/MA0048.md) [C:\Projects\Hazina\src\Core\AI\Hazina.AI.RAG\Hazina.AI.RAG.csproj::TargetFramework=net8.0]
C:\Projects\Hazina\src\Core\AI\Hazina.AI.RAG\Retrieval\LlmJudgeReranker.cs(128,19): warning SA1623: The property's documentation summary text should begin with: 'Gets or sets' (https://github.com/DotNetAnalyzers/StyleCopAnalyzers/blob/master/documentation/SA1623.md) [C:\Projects\Hazina\src\Core\AI\Hazina.AI.RAG\Hazina.AI.RAG.csproj::TargetFramework=net8.0]
C:\Projects\Hazina\src\Core\AI\Hazina.AI.RAG\Retrieval\LlmJudgeReranker.cs(126,57): warning SA1629: Documentation text should end with a period (https://github.com/DotNetAnalyzers/StyleCopAnalyzers/blob/master/documentation/SA1629.md) [C:\Projects\Hazina\src\Core\AI\Hazina.AI.RAG\Hazina.AI.RAG.csproj::TargetFramework=net8.0]
C:\Projects\Hazina\src\Core\AI\Hazina.AI.RAG\Retrieval\LlmJudgeReranker.cs(148,16): warning SA1623: The property's documentation summary text should begin with: 'Gets or sets' (https://github.com/DotNetAnalyzers/StyleCopAnalyzers/blob/master/documentation/SA1623.md) [C:\Projects\Hazina\src\Core\AI\Hazina.AI.RAG\Hazina.AI.RAG.csproj::TargetFramework=net8.0]
C:\Projects\Hazina\src\Core\AI\Hazina.AI.RAG\Retrieval\LlmJudgeReranker.cs(121,47): warning SA1629: Documentation text should end with a period (https://github.com/DotNetAnalyzers/StyleCopAnalyzers/blob/master/documentation/SA1629.md) [C:\Projects\Hazina\src\Core\AI\Hazina.AI.RAG\Hazina.AI.RAG.csproj::TargetFramework=net8.0]
C:\Projects\Hazina\src\Core\AI\Hazina.AI.RAG\Retrieval\LlmJudgeReranker.cs(146,81): warning SA1629: Documentation text should end with a period (https://github.com/DotNetAnalyzers/StyleCopAnalyzers/blob/master/documentation/SA1629.md) [C:\Projects\Hazina\src\Core\AI\Hazina.AI.RAG\Hazina.AI.RAG.csproj::TargetFramework=net8.0]
C:\Projects\Hazina\src\Core\AI\Hazina.AI.RAG\Graph\Models\GraphRelationship.cs(13,39): warning CA2227: Change 'Properties' to be read-only by removing the property setter (https://learn.microsoft.com/dotnet/fundamentals/code-analysis/quality-rules/ca2227) [C:\Projects\Hazina\src\Core\AI\Hazina.AI.RAG\Hazina.AI.RAG.csproj::TargetFramework=net8.0]
C:\Projects\Hazina\src\Core\AI\Hazina.AI.RAG\Graph\Models\GraphRelationship.cs(13,12): warning MA0016: Prefer using collection abstraction instead of implementation (https://github.com/meziantou/Meziantou.Analyzer/blob/main/docs/Rules/MA0016.md) [C:\Projects\Hazina\src\Core\AI\Hazina.AI.RAG\Hazina.AI.RAG.csproj::TargetFramework=net8.0]
C:\Projects\Hazina\src\Core\AI\Hazina.AI.RAG\Graph\Models\GraphRelationship.cs(9,1): warning SA1516: Elements should be separated by blank line (https://github.com/DotNetAnalyzers/StyleCopAnalyzers/blob/master/documentation/SA1516.md) [C:\Projects\Hazina\src\Core\AI\Hazina.AI.RAG\Hazina.AI.RAG.csproj::TargetFramework=net8.0]
C:\Projects\Hazina\src\Core\AI\Hazina.AI.RAG\Graph\Models\GraphRelationship.cs(10,1): warning SA1516: Elements should be separated by blank line (https://github.com/DotNetAnalyzers/StyleCopAnalyzers/blob/master/documentation/SA1516.md) [C:\Projects\Hazina\src\Core\AI\Hazina.AI.RAG\Hazina.AI.RAG.csproj::TargetFramework=net8.0]
C:\Projects\Hazina\src\Core\AI\Hazina.AI.RAG\Graph\Models\GraphRelationship.cs(11,1): warning SA1516: Elements should be separated by blank line (https://github.com/DotNetAnalyzers/StyleCopAnalyzers/blob/master/documentation/SA1516.md) [C:\Projects\Hazina\src\Core\AI\Hazina.AI.RAG\Hazina.AI.RAG.csproj::TargetFramework=net8.0]
C:\Projects\Hazina\src\Core\AI\Hazina.AI.RAG\Graph\Models\GraphRelationship.cs(12,1): warning SA1516: Elements should be separated by blank line (https://github.com/DotNetAnalyzers/StyleCopAnalyzers/blob/master/documentation/SA1516.md) [C:\Projects\Hazina\src\Core\AI\Hazina.AI.RAG\Hazina.AI.RAG.csproj::TargetFramework=net8.0]
C:\Projects\Hazina\src\Core\AI\Hazina.AI.RAG\Graph\Models\GraphRelationship.cs(13,1): warning SA1516: Elements should be separated by blank line (https://github.com/DotNetAnalyzers/StyleCopAnalyzers/blob/master/documentation/SA1516.md) [C:\Projects\Hazina\src\Core\AI\Hazina.AI.RAG\Hazina.AI.RAG.csproj::TargetFramework=net8.0]
C:\Projects\Hazina\src\Core\AI\Hazina.AI.RAG\Graph\Models\GraphRelationship.cs(14,1): warning SA1516: Elements should be separated by blank line (https://github.com/DotNetAnalyzers/StyleCopAnalyzers/blob/master/documentation/SA1516.md) [C:\Projects\Hazina\src\Core\AI\Hazina.AI.RAG\Hazina.AI.RAG.csproj::TargetFramework=net8.0]
C:\Projects\Hazina\src\Core\AI\Hazina.AI.RAG\Graph\Models\GraphRelationship.cs(15,1): warning SA1516: Elements should be separated by blank line (https://github.com/DotNetAnalyzers/StyleCopAnalyzers/blob/master/documentation/SA1516.md) [C:\Projects\Hazina\src\Core\AI\Hazina.AI.RAG\Hazina.AI.RAG.csproj::TargetFramework=net8.0]
C:\Projects\Hazina\src\Core\AI\Hazina.AI.RAG\Graph\Models\GraphRelationship.cs(16,1): warning SA1516: Elements should be separated by blank line (https://github.com/DotNetAnalyzers/StyleCopAnalyzers/blob/master/documentation/SA1516.md) [C:\Projects\Hazina\src\Core\AI\Hazina.AI.RAG\Hazina.AI.RAG.csproj::TargetFramework=net8.0]
C:\Projects\Hazina\src\Core\AI\Hazina.AI.RAG\Graph\Models\GraphRelationship.cs(17,1): warning SA1516: Elements should be separated by blank line (https://github.com/DotNetAnalyzers/StyleCopAnalyzers/blob/master/documentation/SA1516.md) [C:\Projects\Hazina\src\Core\AI\Hazina.AI.RAG\Hazina.AI.RAG.csproj::TargetFramework=net8.0]
C:\Projects\Hazina\src\Core\AI\Hazina.AI.RAG\Graph\Models\GraphRelationship.cs(18,1): warning SA1516: Elements should be separated by blank line (https://github.com/DotNetAnalyzers/StyleCopAnalyzers/blob/master/documentation/SA1516.md) [C:\Projects\Hazina\src\Core\AI\Hazina.AI.RAG\Hazina.AI.RAG.csproj::TargetFramework=net8.0]
C:\Projects\Hazina\src\Core\AI\Hazina.AI.RAG\Graph\Models\GraphRelationship.cs(19,1): warning SA1516: Elements should be separated by blank line (https://github.com/DotNetAnalyzers/StyleCopAnalyzers/blob/master/documentation/SA1516.md) [C:\Projects\Hazina\src\Core\AI\Hazina.AI.RAG\Hazina.AI.RAG.csproj::TargetFramework=net8.0]
C:\Projects\Hazina\src\Core\AI\Hazina.AI.RAG\Graph\Models\GraphRelationship.cs(20,1): warning SA1516: Elements should be separated by blank line (https://github.com/DotNetAnalyzers/StyleCopAnalyzers/blob/master/documentation/SA1516.md) [C:\Projects\Hazina\src\Core\AI\Hazina.AI.RAG\Hazina.AI.RAG.csproj::TargetFramework=net8.0]
C:\Projects\Hazina\src\Core\AI\Hazina.AI.RAG\Graph\Models\GraphRelationship.cs(21,1): warning SA1516: Elements should be separated by blank line (https://github.com/DotNetAnalyzers/StyleCopAnalyzers/blob/master/documentation/SA1516.md) [C:\Projects\Hazina\src\Core\AI\Hazina.AI.RAG\Hazina.AI.RAG.csproj::TargetFramework=net8.0]
C:\Projects\Hazina\src\Core\AI\Hazina.AI.RAG\Graph\Models\GraphRelationship.cs(13,66): warning MA0002: Use an overload that has a IEqualityComparer<string> or IComparer<string> parameter (https://github.com/meziantou/Meziantou.Analyzer/blob/main/docs/Rules/MA0002.md) [C:\Projects\Hazina\src\Core\AI\Hazina.AI.RAG\Hazina.AI.RAG.csproj::TargetFramework=net8.0]
C:\Projects\Hazina\src\Core\AI\Hazina.AI.RAG\Graph\Models\GraphRelationship.cs(20,47): warning CA1805: Member 'IsBidirectional' is explicitly initialized to its default value (https://learn.microsoft.com/dotnet/fundamentals/code-analysis/quality-rules/ca1805) [C:\Projects\Hazina\src\Core\AI\Hazina.AI.RAG\Hazina.AI.RAG.csproj::TargetFramework=net8.0]
C:\Projects\Hazina\src\Core\AI\Hazina.AI.RAG\Interfaces\IRetrievalPipeline.cs(4,73): warning SA1629: Documentation text should end with a period (https://github.com/DotNetAnalyzers/StyleCopAnalyzers/blob/master/documentation/SA1629.md) [C:\Projects\Hazina\src\Core\AI\Hazina.AI.RAG\Hazina.AI.RAG.csproj::TargetFramework=net8.0]
C:\Projects\Hazina\src\Core\AI\Hazina.AI.RAG\Retrieval\Reranker.cs(226,14): warning MA0048: File name must match type name (https://github.com/meziantou/Meziantou.Analyzer/blob/main/docs/Rules/MA0048.md) [C:\Projects\Hazina\src\Core\AI\Hazina.AI.RAG\Hazina.AI.RAG.csproj::TargetFramework=net8.0]
C:\Projects\Hazina\src\Core\AI\Hazina.AI.RAG\Retrieval\Reranker.cs(236,13): warning MA0048: File name must match type name (https://github.com/meziantou/Meziantou.Analyzer/blob/main/docs/Rules/MA0048.md) [C:\Projects\Hazina\src\Core\AI\Hazina.AI.RAG\Hazina.AI.RAG.csproj::TargetFramework=net8.0]
C:\Projects\Hazina\src\Core\AI\Hazina.AI.RAG\Retrieval\Reranker.cs(234,25): warning SA1629: Documentation text should end with a period (https://github.com/DotNetAnalyzers/StyleCopAnalyzers/blob/master/documentation/SA1629.md) [C:\Projects\Hazina\src\Core\AI\Hazina.AI.RAG\Hazina.AI.RAG.csproj::TargetFramework=net8.0]
C:\Projects\Hazina\src\Core\AI\Hazina.AI.RAG\Graph\Models\GraphRelationship.cs(24,14): warning MA0048: File name must match type name (https://github.com/meziantou/Meziantou.Analyzer/blob/main/docs/Rules/MA0048.md) [C:\Projects\Hazina\src\Core\AI\Hazina.AI.RAG\Hazina.AI.RAG.csproj::TargetFramework=net8.0]
C:\Projects\Hazina\src\Core\AI\Hazina.AI.RAG\Retrieval\Reranker.cs(224,22): warning SA1629: Documentation text should end with a period (https://github.com/DotNetAnalyzers/StyleCopAnalyzers/blob/master/documentation/SA1629.md) [C:\Projects\Hazina\src\Core\AI\Hazina.AI.RAG\Hazina.AI.RAG.csproj::TargetFramework=net8.0]
C:\Projects\Hazina\src\Core\AI\Hazina.AI.RAG\Retrieval\Reranker.cs(229,1): warning SA1516: Elements should be separated by blank line (https://github.com/DotNetAnalyzers/StyleCopAnalyzers/blob/master/documentation/SA1516.md) [C:\Projects\Hazina\src\Core\AI\Hazina.AI.RAG\Hazina.AI.RAG.csproj::TargetFramework=net8.0]
C:\Projects\Hazina\src\Core\AI\Hazina.AI.RAG\Retrieval\Reranker.cs(230,1): warning SA1516: Elements should be separated by blank line (https://github.com/DotNetAnalyzers/StyleCopAnalyzers/blob/master/documentation/SA1516.md) [C:\Projects\Hazina\src\Core\AI\Hazina.AI.RAG\Hazina.AI.RAG.csproj::TargetFramework=net8.0]
C:\Projects\Hazina\src\Core\AI\Hazina.AI.RAG\Graph\Models\GraphRelationship.cs(27,1): warning SA1516: Elements should be separated by blank line (https://github.com/DotNetAnalyzers/StyleCopAnalyzers/blob/master/documentation/SA1516.md) [C:\Projects\Hazina\src\Core\AI\Hazina.AI.RAG\Hazina.AI.RAG.csproj::TargetFramework=net8.0]
C:\Projects\Hazina\src\Core\AI\Hazina.AI.RAG\Graph\Models\GraphRelationship.cs(28,1): warning SA1516: Elements should be separated by blank line (https://github.com/DotNetAnalyzers/StyleCopAnalyzers/blob/master/documentation/SA1516.md) [C:\Projects\Hazina\src\Core\AI\Hazina.AI.RAG\Hazina.AI.RAG.csproj::TargetFramework=net8.0]
C:\Projects\Hazina\src\Core\AI\Hazina.AI.RAG\Graph\Models\GraphPath.cs(27,14): warning MA0048: File name must match type name (https://github.com/meziantou/Meziantou.Analyzer/blob/main/docs/Rules/MA0048.md) [C:\Projects\Hazina\src\Core\AI\Hazina.AI.RAG\Hazina.AI.RAG.csproj::TargetFramework=net8.0]
C:\Projects\Hazina\src\Core\AI\Hazina.AI.RAG\Graph\Models\GraphEntity.cs(12,39): warning CA2227: Change 'Properties' to be read-only by removing the property setter (https://learn.microsoft.com/dotnet/fundamentals/code-analysis/quality-rules/ca2227) [C:\Projects\Hazina\src\Core\AI\Hazina.AI.RAG\Hazina.AI.RAG.csproj::TargetFramework=net8.0]
C:\Projects\Hazina\src\Core\AI\Hazina.AI.RAG\Graph\Models\GraphEntity.cs(12,12): warning MA0016: Prefer using collection abstraction instead of implementation (https://github.com/meziantou/Meziantou.Analyzer/blob/main/docs/Rules/MA0016.md) [C:\Projects\Hazina\src\Core\AI\Hazina.AI.RAG\Hazina.AI.RAG.csproj::TargetFramework=net8.0]
C:\Projects\Hazina\src\Core\AI\Hazina.AI.RAG\Graph\Models\GraphEntity.cs(12,66): warning MA0002: Use an overload that has a IEqualityComparer<string> or IComparer<string> parameter (https://github.com/meziantou/Meziantou.Analyzer/blob/main/docs/Rules/MA0002.md) [C:\Projects\Hazina\src\Core\AI\Hazina.AI.RAG\Hazina.AI.RAG.csproj::TargetFramework=net8.0]
C:\Projects\Hazina\src\Core\AI\Hazina.AI.RAG\Graph\Models\GraphPath.cs(30,1): warning SA1516: Elements should be separated by blank line (https://github.com/DotNetAnalyzers/StyleCopAnalyzers/blob/master/documentation/SA1516.md) [C:\Projects\Hazina\src\Core\AI\Hazina.AI.RAG\Hazina.AI.RAG.csproj::TargetFramework=net8.0]
C:\Projects\Hazina\src\Core\AI\Hazina.AI.RAG\Graph\Models\GraphPath.cs(31,1): warning SA1516: Elements should be separated by blank line (https://github.com/DotNetAnalyzers/StyleCopAnalyzers/blob/master/documentation/SA1516.md) [C:\Projects\Hazina\src\Core\AI\Hazina.AI.RAG\Hazina.AI.RAG.csproj::TargetFramework=net8.0]
C:\Projects\Hazina\src\Core\AI\Hazina.AI.RAG\Graph\Models\GraphPath.cs(32,1): warning SA1516: Elements should be separated by blank line (https://github.com/DotNetAnalyzers/StyleCopAnalyzers/blob/master/documentation/SA1516.md) [C:\Projects\Hazina\src\Core\AI\Hazina.AI.RAG\Hazina.AI.RAG.csproj::TargetFramework=net8.0]
C:\Projects\Hazina\src\Core\AI\Hazina.AI.RAG\Graph\Models\GraphPath.cs(33,1): warning SA1516: Elements should be separated by blank line (https://github.com/DotNetAnalyzers/StyleCopAnalyzers/blob/master/documentation/SA1516.md) [C:\Projects\Hazina\src\Core\AI\Hazina.AI.RAG\Hazina.AI.RAG.csproj::TargetFramework=net8.0]
C:\Projects\Hazina\src\Core\AI\Hazina.AI.RAG\Graph\Models\GraphPath.cs(34,1): warning SA1516: Elements should be separated by blank line (https://github.com/DotNetAnalyzers/StyleCopAnalyzers/blob/master/documentation/SA1516.md) [C:\Projects\Hazina\src\Core\AI\Hazina.AI.RAG\Hazina.AI.RAG.csproj::TargetFramework=net8.0]
C:\Projects\Hazina\src\Core\AI\Hazina.AI.RAG\Graph\Models\GraphPath.cs(35,1): warning SA1516: Elements should be separated by blank line (https://github.com/DotNetAnalyzers/StyleCopAnalyzers/blob/master/documentation/SA1516.md) [C:\Projects\Hazina\src\Core\AI\Hazina.AI.RAG\Hazina.AI.RAG.csproj::TargetFramework=net8.0]
C:\Projects\Hazina\src\Core\AI\Hazina.AI.RAG\Graph\Models\GraphEntity.cs(9,1): warning SA1516: Elements should be separated by blank line (https://github.com/DotNetAnalyzers/StyleCopAnalyzers/blob/master/documentation/SA1516.md) [C:\Projects\Hazina\src\Core\AI\Hazina.AI.RAG\Hazina.AI.RAG.csproj::TargetFramework=net8.0]
C:\Projects\Hazina\src\Core\AI\Hazina.AI.RAG\Graph\Models\GraphEntity.cs(10,1): warning SA1516: Elements should be separated by blank line (https://github.com/DotNetAnalyzers/StyleCopAnalyzers/blob/master/documentation/SA1516.md) [C:\Projects\Hazina\src\Core\AI\Hazina.AI.RAG\Hazina.AI.RAG.csproj::TargetFramework=net8.0]
C:\Projects\Hazina\src\Core\AI\Hazina.AI.RAG\Graph\Models\GraphEntity.cs(11,1): warning SA1516: Elements should be separated by blank line (https://github.com/DotNetAnalyzers/StyleCopAnalyzers/blob/master/documentation/SA1516.md) [C:\Projects\Hazina\src\Core\AI\Hazina.AI.RAG\Hazina.AI.RAG.csproj::TargetFramework=net8.0]
C:\Projects\Hazina\src\Core\AI\Hazina.AI.RAG\Graph\Models\GraphEntity.cs(12,1): warning SA1516: Elements should be separated by blank line (https://github.com/DotNetAnalyzers/StyleCopAnalyzers/blob/master/documentation/SA1516.md) [C:\Projects\Hazina\src\Core\AI\Hazina.AI.RAG\Hazina.AI.RAG.csproj::TargetFramework=net8.0]
C:\Projects\Hazina\src\Core\AI\Hazina.AI.RAG\Graph\Models\GraphEntity.cs(13,1): warning SA1516: Elements should be separated by blank line (https://github.com/DotNetAnalyzers/StyleCopAnalyzers/blob/master/documentation/SA1516.md) [C:\Projects\Hazina\src\Core\AI\Hazina.AI.RAG\Hazina.AI.RAG.csproj::TargetFramework=net8.0]
C:\Projects\Hazina\src\Core\AI\Hazina.AI.RAG\Graph\Models\GraphEntity.cs(14,1): warning SA1516: Elements should be separated by blank line (https://github.com/DotNetAnalyzers/StyleCopAnalyzers/blob/master/documentation/SA1516.md) [C:\Projects\Hazina\src\Core\AI\Hazina.AI.RAG\Hazina.AI.RAG.csproj::TargetFramework=net8.0]
C:\Projects\Hazina\src\Core\AI\Hazina.AI.RAG\Graph\Models\GraphEntity.cs(15,1): warning SA1516: Elements should be separated by blank line (https://github.com/DotNetAnalyzers/StyleCopAnalyzers/blob/master/documentation/SA1516.md) [C:\Projects\Hazina\src\Core\AI\Hazina.AI.RAG\Hazina.AI.RAG.csproj::TargetFramework=net8.0]
C:\Projects\Hazina\src\Core\AI\Hazina.AI.RAG\Graph\Models\GraphEntity.cs(16,1): warning SA1516: Elements should be separated by blank line (https://github.com/DotNetAnalyzers/StyleCopAnalyzers/blob/master/documentation/SA1516.md) [C:\Projects\Hazina\src\Core\AI\Hazina.AI.RAG\Hazina.AI.RAG.csproj::TargetFramework=net8.0]
C:\Projects\Hazina\src\Core\AI\Hazina.AI.RAG\Graph\Models\GraphEntity.cs(17,1): warning SA1516: Elements should be separated by blank line (https://github.com/DotNetAnalyzers/StyleCopAnalyzers/blob/master/documentation/SA1516.md) [C:\Projects\Hazina\src\Core\AI\Hazina.AI.RAG\Hazina.AI.RAG.csproj::TargetFramework=net8.0]
C:\Projects\Hazina\src\Core\AI\Hazina.AI.RAG\Graph\Models\GraphEntity.cs(18,1): warning SA1516: Elements should be separated by blank line (https://github.com/DotNetAnalyzers/StyleCopAnalyzers/blob/master/documentation/SA1516.md) [C:\Projects\Hazina\src\Core\AI\Hazina.AI.RAG\Hazina.AI.RAG.csproj::TargetFramework=net8.0]
C:\Projects\Hazina\src\Core\AI\Hazina.AI.RAG\Graph\Models\GraphEntity.cs(19,1): warning SA1516: Elements should be separated by blank line (https://github.com/DotNetAnalyzers/StyleCopAnalyzers/blob/master/documentation/SA1516.md) [C:\Projects\Hazina\src\Core\AI\Hazina.AI.RAG\Hazina.AI.RAG.csproj::TargetFramework=net8.0]
C:\Projects\Hazina\src\Core\AI\Hazina.AI.RAG\Graph\Models\GraphEntity.cs(20,1): warning SA1516: Elements should be separated by blank line (https://github.com/DotNetAnalyzers/StyleCopAnalyzers/blob/master/documentation/SA1516.md) [C:\Projects\Hazina\src\Core\AI\Hazina.AI.RAG\Hazina.AI.RAG.csproj::TargetFramework=net8.0]
C:\Projects\Hazina\src\Core\AI\Hazina.AI.RAG\Graph\Models\GraphPath.cs(33,25): warning CA2227: Change 'AllowedRelationTypes' to be read-only by removing the property setter (https://learn.microsoft.com/dotnet/fundamentals/code-analysis/quality-rules/ca2227) [C:\Projects\Hazina\src\Core\AI\Hazina.AI.RAG\Hazina.AI.RAG.csproj::TargetFramework=net8.0]
C:\Projects\Hazina\src\Core\AI\Hazina.AI.RAG\Graph\Models\GraphEntity.cs(16,25): warning CA2227: Change 'SourceDocuments' to be read-only by removing the property setter (https://learn.microsoft.com/dotnet/fundamentals/code-analysis/quality-rules/ca2227) [C:\Projects\Hazina\src\Core\AI\Hazina.AI.RAG\Hazina.AI.RAG.csproj::TargetFramework=net8.0]
C:\Projects\Hazina\src\Core\AI\Hazina.AI.RAG\Graph\Models\GraphEntity.cs(16,25): warning CA1002: Change 'List<string>' in 'GraphEntity.SourceDocuments' to use 'Collection<T>', 'ReadOnlyCollection<T>' or 'KeyedCollection<K,V>' (https://learn.microsoft.com/dotnet/fundamentals/code-analysis/quality-rules/ca1002) [C:\Projects\Hazina\src\Core\AI\Hazina.AI.RAG\Hazina.AI.RAG.csproj::TargetFramework=net8.0]
C:\Projects\Hazina\src\Core\AI\Hazina.AI.RAG\Graph\Models\GraphEntity.cs(16,12): warning MA0016: Prefer using collection abstraction instead of implementation (https://github.com/meziantou/Meziantou.Analyzer/blob/main/docs/Rules/MA0016.md) [C:\Projects\Hazina\src\Core\AI\Hazina.AI.RAG\Hazina.AI.RAG.csproj::TargetFramework=net8.0]
C:\Projects\Hazina\src\Core\AI\Hazina.AI.RAG\Graph\Models\GraphEntity.cs(15,21): warning CA1819: Properties should not return arrays (https://learn.microsoft.com/dotnet/fundamentals/code-analysis/quality-rules/ca1819) [C:\Projects\Hazina\src\Core\AI\Hazina.AI.RAG\Hazina.AI.RAG.csproj::TargetFramework=net8.0]
C:\Projects\Hazina\src\Core\AI\Hazina.AI.RAG\Graph\Models\GraphEntity.cs(19,25): warning CA2227: Change 'Aliases' to be read-only by removing the property setter (https://learn.microsoft.com/dotnet/fundamentals/code-analysis/quality-rules/ca2227) [C:\Projects\Hazina\src\Core\AI\Hazina.AI.RAG\Hazina.AI.RAG.csproj::TargetFramework=net8.0]
C:\Projects\Hazina\src\Core\AI\Hazina.AI.RAG\Graph\Models\GraphEntity.cs(19,25): warning CA1002: Change 'List<string>' in 'GraphEntity.Aliases' to use 'Collection<T>', 'ReadOnlyCollection<T>' or 'KeyedCollection<K,V>' (https://learn.microsoft.com/dotnet/fundamentals/code-analysis/quality-rules/ca1002) [C:\Projects\Hazina\src\Core\AI\Hazina.AI.RAG\Hazina.AI.RAG.csproj::TargetFramework=net8.0]
C:\Projects\Hazina\src\Core\AI\Hazina.AI.RAG\Graph\Models\GraphPath.cs(32,43): warning CA1805: Member 'AllowCycles' is explicitly initialized to its default value (https://learn.microsoft.com/dotnet/fundamentals/code-analysis/quality-rules/ca1805) [C:\Projects\Hazina\src\Core\AI\Hazina.AI.RAG\Hazina.AI.RAG.csproj::TargetFramework=net8.0]
C:\Projects\Hazina\src\Core\AI\Hazina.AI.RAG\Graph\Models\GraphPath.cs(33,25): warning CA1002: Change 'List<string>' in 'PathFindingOptions.AllowedRelationTypes' to use 'Collection<T>', 'ReadOnlyCollection<T>' or 'KeyedCollection<K,V>' (https://learn.microsoft.com/dotnet/fundamentals/code-analysis/quality-rules/ca1002) [C:\Projects\Hazina\src\Core\AI\Hazina.AI.RAG\Hazina.AI.RAG.csproj::TargetFramework=net8.0]
C:\Projects\Hazina\src\Core\AI\Hazina.AI.RAG\Graph\Models\GraphEntity.cs(19,12): warning MA0016: Prefer using collection abstraction instead of implementation (https://github.com/meziantou/Meziantou.Analyzer/blob/main/docs/Rules/MA0016.md) [C:\Projects\Hazina\src\Core\AI\Hazina.AI.RAG\Hazina.AI.RAG.csproj::TargetFramework=net8.0]
C:\Projects\Hazina\src\Core\AI\Hazina.AI.RAG\Graph\Models\GraphPath.cs(33,12): warning MA0016: Prefer using collection abstraction instead of implementation (https://github.com/meziantou/Meziantou.Analyzer/blob/main/docs/Rules/MA0016.md) [C:\Projects\Hazina\src\Core\AI\Hazina.AI.RAG\Hazina.AI.RAG.csproj::TargetFramework=net8.0]
C:\Projects\Hazina\src\Core\AI\Hazina.AI.RAG\Graph\Models\GraphPath.cs(34,25): warning CA2227: Change 'AllowedEntityTypes' to be read-only by removing the property setter (https://learn.microsoft.com/dotnet/fundamentals/code-analysis/quality-rules/ca2227) [C:\Projects\Hazina\src\Core\AI\Hazina.AI.RAG\Hazina.AI.RAG.csproj::TargetFramework=net8.0]
C:\Projects\Hazina\src\Core\AI\Hazina.AI.RAG\Graph\Models\GraphPath.cs(34,25): warning CA1002: Change 'List<string>' in 'PathFindingOptions.AllowedEntityTypes' to use 'Collection<T>', 'ReadOnlyCollection<T>' or 'KeyedCollection<K,V>' (https://learn.microsoft.com/dotnet/fundamentals/code-analysis/quality-rules/ca1002) [C:\Projects\Hazina\src\Core\AI\Hazina.AI.RAG\Hazina.AI.RAG.csproj::TargetFramework=net8.0]
C:\Projects\Hazina\src\Core\AI\Hazina.AI.RAG\Graph\Models\GraphPath.cs(34,12): warning MA0016: Prefer using collection abstraction instead of implementation (https://github.com/meziantou/Meziantou.Analyzer/blob/main/docs/Rules/MA0016.md) [C:\Projects\Hazina\src\Core\AI\Hazina.AI.RAG\Hazina.AI.RAG.csproj::TargetFramework=net8.0]
C:\Projects\Hazina\src\Core\AI\Hazina.AI.RAG\Graph\Models\GraphEntity.cs(20,40): warning CA2227: Change 'ExternalIds' to be read-only by removing the property setter (https://learn.microsoft.com/dotnet/fundamentals/code-analysis/quality-rules/ca2227) [C:\Projects\Hazina\src\Core\AI\Hazina.AI.RAG\Hazina.AI.RAG.csproj::TargetFramework=net8.0]
C:\Projects\Hazina\src\Core\AI\Hazina.AI.RAG\Graph\Models\GraphEntity.cs(20,12): warning MA0016: Prefer using collection abstraction instead of implementation (https://github.com/meziantou/Meziantou.Analyzer/blob/main/docs/Rules/MA0016.md) [C:\Projects\Hazina\src\Core\AI\Hazina.AI.RAG\Hazina.AI.RAG.csproj::TargetFramework=net8.0]
C:\Projects\Hazina\src\Core\AI\Hazina.AI.RAG\Embeddings\BasicMetadataExtractor.cs(1,1): warning SA1633: The file header is missing or not located at the top of the file. (https://github.com/DotNetAnalyzers/StyleCopAnalyzers/blob/master/documentation/SA1633.md) [C:\Projects\Hazina\src\Core\AI\Hazina.AI.RAG\Hazina.AI.RAG.csproj::TargetFramework=net8.0]
C:\Projects\Hazina\src\Core\AI\Hazina.AI.RAG\Graph\Models\GraphSchema.cs(9,25): warning CA2227: Change 'RelationTypes' to be read-only by removing the property setter (https://learn.microsoft.com/dotnet/fundamentals/code-analysis/quality-rules/ca2227) [C:\Projects\Hazina\src\Core\AI\Hazina.AI.RAG\Hazina.AI.RAG.csproj::TargetFramework=net8.0]
C:\Projects\Hazina\src\Core\AI\Hazina.AI.RAG\Graph\Models\GraphSchema.cs(10,45): warning CA2227: Change 'AllowedRelations' to be read-only by removing the property setter (https://learn.microsoft.com/dotnet/fundamentals/code-analysis/quality-rules/ca2227) [C:\Projects\Hazina\src\Core\AI\Hazina.AI.RAG\Hazina.AI.RAG.csproj::TargetFramework=net8.0]
C:\Projects\Hazina\src\Core\AI\Hazina.AI.RAG\Graph\Models\GraphSchema.cs(9,25): warning CA1002: Change 'List<string>' in 'GraphSchema.RelationTypes' to use 'Collection<T>', 'ReadOnlyCollection<T>' or 'KeyedCollection<K,V>' (https://learn.microsoft.com/dotnet/fundamentals/code-analysis/quality-rules/ca1002) [C:\Projects\Hazina\src\Core\AI\Hazina.AI.RAG\Hazina.AI.RAG.csproj::TargetFramework=net8.0]
C:\Projects\Hazina\src\Core\AI\Hazina.AI.RAG\Graph\Models\GraphSchema.cs(9,12): warning MA0016: Prefer using collection abstraction instead of implementation (https://github.com/meziantou/Meziantou.Analyzer/blob/main/docs/Rules/MA0016.md) [C:\Projects\Hazina\src\Core\AI\Hazina.AI.RAG\Hazina.AI.RAG.csproj::TargetFramework=net8.0]
C:\Projects\Hazina\src\Core\AI\Hazina.AI.RAG\Graph\Models\GraphSchema.cs(10,12): warning MA0016: Prefer using collection abstraction instead of implementation (https://github.com/meziantou/Meziantou.Analyzer/blob/main/docs/Rules/MA0016.md) [C:\Projects\Hazina\src\Core\AI\Hazina.AI.RAG\Hazina.AI.RAG.csproj::TargetFramework=net8.0]
C:\Projects\Hazina\src\Core\AI\Hazina.AI.RAG\Graph\Models\GraphSchema.cs(8,25): warning CA2227: Change 'EntityTypes' to be read-only by removing the property setter (https://learn.microsoft.com/dotnet/fundamentals/code-analysis/quality-rules/ca2227) [C:\Projects\Hazina\src\Core\AI\Hazina.AI.RAG\Hazina.AI.RAG.csproj::TargetFramework=net8.0]
C:\Projects\Hazina\src\Core\AI\Hazina.AI.RAG\Graph\Models\GraphSchema.cs(8,25): warning CA1002: Change 'List<string>' in 'GraphSchema.EntityTypes' to use 'Collection<T>', 'ReadOnlyCollection<T>' or 'KeyedCollection<K,V>' (https://learn.microsoft.com/dotnet/fundamentals/code-analysis/quality-rules/ca1002) [C:\Projects\Hazina\src\Core\AI\Hazina.AI.RAG\Hazina.AI.RAG.csproj::TargetFramework=net8.0]
C:\Projects\Hazina\src\Core\AI\Hazina.AI.RAG\Graph\Models\GraphSchema.cs(8,12): warning MA0016: Prefer using collection abstraction instead of implementation (https://github.com/meziantou/Meziantou.Analyzer/blob/main/docs/Rules/MA0016.md) [C:\Projects\Hazina\src\Core\AI\Hazina.AI.RAG\Hazina.AI.RAG.csproj::TargetFramework=net8.0]
C:\Projects\Hazina\src\Core\AI\Hazina.AI.RAG\Graph\Models\GraphSchema.cs(11,39): warning CA2227: Change 'EntityHierarchy' to be read-only by removing the property setter (https://learn.microsoft.com/dotnet/fundamentals/code-analysis/quality-rules/ca2227) [C:\Projects\Hazina\src\Core\AI\Hazina.AI.RAG\Hazina.AI.RAG.csproj::TargetFramework=net8.0]
C:\Projects\Hazina\src\Core\AI\Hazina.AI.RAG\Graph\Models\GraphSchema.cs(11,12): warning MA0016: Prefer using collection abstraction instead of implementation (https://github.com/meziantou/Meziantou.Analyzer/blob/main/docs/Rules/MA0016.md) [C:\Projects\Hazina\src\Core\AI\Hazina.AI.RAG\Hazina.AI.RAG.csproj::TargetFramework=net8.0]
C:\Projects\Hazina\src\Core\AI\Hazina.AI.RAG\Graph\Models\GraphSchema.cs(10,78): warning MA0002: Use an overload that has a IEqualityComparer<string> or IComparer<string> parameter (https://github.com/meziantou/Meziantou.Analyzer/blob/main/docs/Rules/MA0002.md) [C:\Projects\Hazina\src\Core\AI\Hazina.AI.RAG\Hazina.AI.RAG.csproj::TargetFramework=net8.0]
C:\Projects\Hazina\src\Core\AI\Hazina.AI.RAG\Core\RAGEngine.cs(521,14): warning MA0048: File name must match type name (https://github.com/meziantou/Meziantou.Analyzer/blob/main/docs/Rules/MA0048.md) [C:\Projects\Hazina\src\Core\AI\Hazina.AI.RAG\Hazina.AI.RAG.csproj::TargetFramework=net8.0]
C:\Projects\Hazina\src\Core\AI\Hazina.AI.RAG\Core\RAGEngine.cs(521,14): warning S101: Rename class 'RAGConfig' to match pascal case naming rules, consider using 'RagConfig'. (https://rules.sonarsource.com/csharp/RSPEC-101) [C:\Projects\Hazina\src\Core\AI\Hazina.AI.RAG\Hazina.AI.RAG.csproj::TargetFramework=net8.0]
C:\Projects\Hazina\src\Core\AI\Hazina.AI.RAG\Graph\Models\GraphSchema.cs(11,71): warning MA0002: Use an overload that has a IEqualityComparer<string> or IComparer<string> parameter (https://github.com/meziantou/Meziantou.Analyzer/blob/main/docs/Rules/MA0002.md) [C:\Projects\Hazina\src\Core\AI\Hazina.AI.RAG\Hazina.AI.RAG.csproj::TargetFramework=net8.0]
C:\Projects\Hazina\src\Core\AI\Hazina.AI.RAG\Graph\Models\GraphSchema.cs(12,39): warning CA2227: Change 'RelationHierarchy' to be read-only by removing the property setter (https://learn.microsoft.com/dotnet/fundamentals/code-analysis/quality-rules/ca2227) [C:\Projects\Hazina\src\Core\AI\Hazina.AI.RAG\Hazina.AI.RAG.csproj::TargetFramework=net8.0]
C:\Projects\Hazina\src\Core\AI\Hazina.AI.RAG\Graph\Models\GraphSchema.cs(12,12): warning MA0016: Prefer using collection abstraction instead of implementation (https://github.com/meziantou/Meziantou.Analyzer/blob/main/docs/Rules/MA0016.md) [C:\Projects\Hazina\src\Core\AI\Hazina.AI.RAG\Hazina.AI.RAG.csproj::TargetFramework=net8.0]
C:\Projects\Hazina\src\Core\AI\Hazina.AI.RAG\Core\RAGEngine.cs(519,22): warning SA1629: Documentation text should end with a period (https://github.com/DotNetAnalyzers/StyleCopAnalyzers/blob/master/documentation/SA1629.md) [C:\Projects\Hazina\src\Core\AI\Hazina.AI.RAG\Hazina.AI.RAG.csproj::TargetFramework=net8.0]
C:\Projects\Hazina\src\Core\AI\Hazina.AI.RAG\Core\RAGEngine.cs(524,1): warning SA1516: Elements should be separated by blank line (https://github.com/DotNetAnalyzers/StyleCopAnalyzers/blob/master/documentation/SA1516.md) [C:\Projects\Hazina\src\Core\AI\Hazina.AI.RAG\Hazina.AI.RAG.csproj::TargetFramework=net8.0]
C:\Projects\Hazina\src\Core\AI\Hazina.AI.RAG\Core\RAGEngine.cs(525,1): warning SA1516: Elements should be separated by blank line (https://github.com/DotNetAnalyzers/StyleCopAnalyzers/blob/master/documentation/SA1516.md) [C:\Projects\Hazina\src\Core\AI\Hazina.AI.RAG\Hazina.AI.RAG.csproj::TargetFramework=net8.0]
C:\Projects\Hazina\src\Core\AI\Hazina.AI.RAG\Graph\Models\GraphSchema.cs(9,1): warning SA1516: Elements should be separated by blank line (https://github.com/DotNetAnalyzers/StyleCopAnalyzers/blob/master/documentation/SA1516.md) [C:\Projects\Hazina\src\Core\AI\Hazina.AI.RAG\Hazina.AI.RAG.csproj::TargetFramework=net8.0]
C:\Projects\Hazina\src\Core\AI\Hazina.AI.RAG\Graph\Models\GraphSchema.cs(10,1): warning SA1516: Elements should be separated by blank line (https://github.com/DotNetAnalyzers/StyleCopAnalyzers/blob/master/documentation/SA1516.md) [C:\Projects\Hazina\src\Core\AI\Hazina.AI.RAG\Hazina.AI.RAG.csproj::TargetFramework=net8.0]
C:\Projects\Hazina\src\Core\AI\Hazina.AI.RAG\Graph\Models\GraphSchema.cs(11,1): warning SA1516: Elements should be separated by blank line (https://github.com/DotNetAnalyzers/StyleCopAnalyzers/blob/master/documentation/SA1516.md) [C:\Projects\Hazina\src\Core\AI\Hazina.AI.RAG\Hazina.AI.RAG.csproj::TargetFramework=net8.0]
C:\Projects\Hazina\src\Core\AI\Hazina.AI.RAG\Graph\Models\GraphSchema.cs(12,1): warning SA1516: Elements should be separated by blank line (https://github.com/DotNetAnalyzers/StyleCopAnalyzers/blob/master/documentation/SA1516.md) [C:\Projects\Hazina\src\Core\AI\Hazina.AI.RAG\Hazina.AI.RAG.csproj::TargetFramework=net8.0]
C:\Projects\Hazina\src\Core\AI\Hazina.AI.RAG\Graph\Models\GraphSchema.cs(13,1): warning SA1516: Elements should be separated by blank line (https://github.com/DotNetAnalyzers/StyleCopAnalyzers/blob/master/documentation/SA1516.md) [C:\Projects\Hazina\src\Core\AI\Hazina.AI.RAG\Hazina.AI.RAG.csproj::TargetFramework=net8.0]
C:\Projects\Hazina\src\Core\AI\Hazina.AI.RAG\Graph\Models\GraphSchema.cs(16,1): warning SA1516: Elements should be separated by blank line (https://github.com/DotNetAnalyzers/StyleCopAnalyzers/blob/master/documentation/SA1516.md) [C:\Projects\Hazina\src\Core\AI\Hazina.AI.RAG\Hazina.AI.RAG.csproj::TargetFramework=net8.0]
C:\Projects\Hazina\src\Core\AI\Hazina.AI.RAG\Graph\Models\GraphSchema.cs(19,1): warning SA1516: Elements should be separated by blank line (https://github.com/DotNetAnalyzers/StyleCopAnalyzers/blob/master/documentation/SA1516.md) [C:\Projects\Hazina\src\Core\AI\Hazina.AI.RAG\Hazina.AI.RAG.csproj::TargetFramework=net8.0]
C:\Projects\Hazina\src\Core\AI\Hazina.AI.RAG\Graph\Models\GraphSchema.cs(13,48): warning CA1805: Member 'StrictValidation' is explicitly initialized to its default value (https://learn.microsoft.com/dotnet/fundamentals/code-analysis/quality-rules/ca1805) [C:\Projects\Hazina\src\Core\AI\Hazina.AI.RAG\Hazina.AI.RAG.csproj::TargetFramework=net8.0]
C:\Projects\Hazina\src\Core\AI\Hazina.AI.RAG\Graph\Models\GraphSchema.cs(12,73): warning MA0002: Use an overload that has a IEqualityComparer<string> or IComparer<string> parameter (https://github.com/meziantou/Meziantou.Analyzer/blob/main/docs/Rules/MA0002.md) [C:\Projects\Hazina\src\Core\AI\Hazina.AI.RAG\Hazina.AI.RAG.csproj::TargetFramework=net8.0]
C:\Projects\Hazina\src\Core\AI\Hazina.AI.RAG\Embeddings\EmbeddingCache.cs(150,14): warning MA0048: File name must match type name (https://github.com/meziantou/Meziantou.Analyzer/blob/main/docs/Rules/MA0048.md) [C:\Projects\Hazina\src\Core\AI\Hazina.AI.RAG\Hazina.AI.RAG.csproj::TargetFramework=net8.0]
C:\Projects\Hazina\src\Core\AI\Hazina.AI.RAG\Embeddings\EmbeddingCache.cs(148,21): warning SA1629: Documentation text should end with a period (https://github.com/DotNetAnalyzers/StyleCopAnalyzers/blob/master/documentation/SA1629.md) [C:\Projects\Hazina\src\Core\AI\Hazina.AI.RAG\Hazina.AI.RAG.csproj::TargetFramework=net8.0]
C:\Projects\Hazina\src\Core\AI\Hazina.AI.RAG\Embeddings\EmbeddingCache.cs(153,1): warning SA1516: Elements should be separated by blank line (https://github.com/DotNetAnalyzers/StyleCopAnalyzers/blob/master/documentation/SA1516.md) [C:\Projects\Hazina\src\Core\AI\Hazina.AI.RAG\Hazina.AI.RAG.csproj::TargetFramework=net8.0]
C:\Projects\Hazina\src\Core\AI\Hazina.AI.RAG\Embeddings\EmbeddingCache.cs(154,1): warning SA1516: Elements should be separated by blank line (https://github.com/DotNetAnalyzers/StyleCopAnalyzers/blob/master/documentation/SA1516.md) [C:\Projects\Hazina\src\Core\AI\Hazina.AI.RAG\Hazina.AI.RAG.csproj::TargetFramework=net8.0]
C:\Projects\Hazina\src\Core\AI\Hazina.AI.RAG\Embeddings\EmbeddingCache.cs(155,1): warning SA1516: Elements should be separated by blank line (https://github.com/DotNetAnalyzers/StyleCopAnalyzers/blob/master/documentation/SA1516.md) [C:\Projects\Hazina\src\Core\AI\Hazina.AI.RAG\Hazina.AI.RAG.csproj::TargetFramework=net8.0]
C:\Projects\Hazina\src\Core\AI\Hazina.AI.RAG\Graph\Pipeline\GraphConstructionPipeline.cs(230,14): warning MA0048: File name must match type name (https://github.com/meziantou/Meziantou.Analyzer/blob/main/docs/Rules/MA0048.md) [C:\Projects\Hazina\src\Core\AI\Hazina.AI.RAG\Hazina.AI.RAG.csproj::TargetFramework=net8.0]
C:\Projects\Hazina\src\Core\AI\Hazina.AI.RAG\Graph\Pipeline\GraphConstructionPipeline.cs(233,1): warning SA1516: Elements should be separated by blank line (https://github.com/DotNetAnalyzers/StyleCopAnalyzers/blob/master/documentation/SA1516.md) [C:\Projects\Hazina\src\Core\AI\Hazina.AI.RAG\Hazina.AI.RAG.csproj::TargetFramework=net8.0]
C:\Projects\Hazina\src\Core\AI\Hazina.AI.RAG\Graph\Pipeline\GraphConstructionPipeline.cs(234,1): warning SA1516: Elements should be separated by blank line (https://github.com/DotNetAnalyzers/StyleCopAnalyzers/blob/master/documentation/SA1516.md) [C:\Projects\Hazina\src\Core\AI\Hazina.AI.RAG\Hazina.AI.RAG.csproj::TargetFramework=net8.0]
C:\Projects\Hazina\src\Core\AI\Hazina.AI.RAG\Graph\Pipeline\GraphConstructionPipeline.cs(235,1): warning SA1516: Elements should be separated by blank line (https://github.com/DotNetAnalyzers/StyleCopAnalyzers/blob/master/documentation/SA1516.md) [C:\Projects\Hazina\src\Core\AI\Hazina.AI.RAG\Hazina.AI.RAG.csproj::TargetFramework=net8.0]
C:\Projects\Hazina\src\Core\AI\Hazina.AI.RAG\Graph\Pipeline\GraphConstructionPipeline.cs(236,1): warning SA1516: Elements should be separated by blank line (https://github.com/DotNetAnalyzers/StyleCopAnalyzers/blob/master/documentation/SA1516.md) [C:\Projects\Hazina\src\Core\AI\Hazina.AI.RAG\Hazina.AI.RAG.csproj::TargetFramework=net8.0]
C:\Projects\Hazina\src\Core\AI\Hazina.AI.RAG\Graph\Pipeline\GraphConstructionPipeline.cs(237,1): warning SA1516: Elements should be separated by blank line (https://github.com/DotNetAnalyzers/StyleCopAnalyzers/blob/master/documentation/SA1516.md) [C:\Projects\Hazina\src\Core\AI\Hazina.AI.RAG\Hazina.AI.RAG.csproj::TargetFramework=net8.0]
C:\Projects\Hazina\src\Core\AI\Hazina.AI.RAG\Graph\Pipeline\GraphConstructionPipeline.cs(238,1): warning SA1516: Elements should be separated by blank line (https://github.com/DotNetAnalyzers/StyleCopAnalyzers/blob/master/documentation/SA1516.md) [C:\Projects\Hazina\src\Core\AI\Hazina.AI.RAG\Hazina.AI.RAG.csproj::TargetFramework=net8.0]
C:\Projects\Hazina\src\Core\AI\Hazina.AI.RAG\Graph\Pipeline\GraphConstructionPipeline.cs(239,1): warning SA1516: Elements should be separated by blank line (https://github.com/DotNetAnalyzers/StyleCopAnalyzers/blob/master/documentation/SA1516.md) [C:\Projects\Hazina\src\Core\AI\Hazina.AI.RAG\Hazina.AI.RAG.csproj::TargetFramework=net8.0]
C:\Projects\Hazina\src\Core\AI\Hazina.AI.RAG\Graph\Pipeline\GraphConstructionPipeline.cs(240,1): warning SA1516: Elements should be separated by blank line (https://github.com/DotNetAnalyzers/StyleCopAnalyzers/blob/master/documentation/SA1516.md) [C:\Projects\Hazina\src\Core\AI\Hazina.AI.RAG\Hazina.AI.RAG.csproj::TargetFramework=net8.0]
C:\Projects\Hazina\src\Core\AI\Hazina.AI.RAG\Graph\Pipeline\GraphConstructionPipeline.cs(241,1): warning SA1516: Elements should be separated by blank line (https://github.com/DotNetAnalyzers/StyleCopAnalyzers/blob/master/documentation/SA1516.md) [C:\Projects\Hazina\src\Core\AI\Hazina.AI.RAG\Hazina.AI.RAG.csproj::TargetFramework=net8.0]
C:\Projects\Hazina\src\Core\AI\Hazina.AI.RAG\Graph\Pipeline\GraphConstructionPipeline.cs(242,1): warning SA1516: Elements should be separated by blank line (https://github.com/DotNetAnalyzers/StyleCopAnalyzers/blob/master/documentation/SA1516.md) [C:\Projects\Hazina\src\Core\AI\Hazina.AI.RAG\Hazina.AI.RAG.csproj::TargetFramework=net8.0]
C:\Projects\Hazina\src\Core\AI\Hazina.AI.RAG\Embeddings\HierarchicalChunker.cs(351,14): warning MA0048: File name must match type name (https://github.com/meziantou/Meziantou.Analyzer/blob/main/docs/Rules/MA0048.md) [C:\Projects\Hazina\src\Core\AI\Hazina.AI.RAG\Hazina.AI.RAG.csproj::TargetFramework=net8.0]
C:\Projects\Hazina\src\Core\AI\Hazina.AI.RAG\Embeddings\HierarchicalChunker.cs(349,39): warning SA1629: Documentation text should end with a period (https://github.com/DotNetAnalyzers/StyleCopAnalyzers/blob/master/documentation/SA1629.md) [C:\Projects\Hazina\src\Core\AI\Hazina.AI.RAG\Hazina.AI.RAG.csproj::TargetFramework=net8.0]
C:\Projects\Hazina\src\Core\AI\Hazina.AI.RAG\Embeddings\HierarchicalChunker.cs(354,1): warning SA1516: Elements should be separated by blank line (https://github.com/DotNetAnalyzers/StyleCopAnalyzers/blob/master/documentation/SA1516.md) [C:\Projects\Hazina\src\Core\AI\Hazina.AI.RAG\Hazina.AI.RAG.csproj::TargetFramework=net8.0]
C:\Projects\Hazina\src\Core\AI\Hazina.AI.RAG\Embeddings\HierarchicalChunker.cs(355,1): warning SA1516: Elements should be separated by blank line (https://github.com/DotNetAnalyzers/StyleCopAnalyzers/blob/master/documentation/SA1516.md) [C:\Projects\Hazina\src\Core\AI\Hazina.AI.RAG\Hazina.AI.RAG.csproj::TargetFramework=net8.0]
C:\Projects\Hazina\src\Core\AI\Hazina.AI.RAG\Embeddings\HierarchicalChunker.cs(356,1): warning SA1516: Elements should be separated by blank line (https://github.com/DotNetAnalyzers/StyleCopAnalyzers/blob/master/documentation/SA1516.md) [C:\Projects\Hazina\src\Core\AI\Hazina.AI.RAG\Hazina.AI.RAG.csproj::TargetFramework=net8.0]
C:\Projects\Hazina\src\Core\AI\Hazina.AI.RAG\Embeddings\ContentTypeDetector.cs(1,1): warning SA1633: The file header is missing or not located at the top of the file. (https://github.com/DotNetAnalyzers/StyleCopAnalyzers/blob/master/documentation/SA1633.md) [C:\Projects\Hazina\src\Core\AI\Hazina.AI.RAG\Hazina.AI.RAG.csproj::TargetFramework=net8.0]
C:\Projects\Hazina\src\Core\AI\Hazina.AI.RAG\Utilities\SentenceSplitter.cs(7,69): warning SA1629: Documentation text should end with a period (https://github.com/DotNetAnalyzers/StyleCopAnalyzers/blob/master/documentation/SA1629.md) [C:\Projects\Hazina\src\Core\AI\Hazina.AI.RAG\Hazina.AI.RAG.csproj::TargetFramework=net8.0]
C:\Projects\Hazina\src\Core\AI\Hazina.AI.RAG\Core\RAGEngine.cs(21,32): warning S4487: Remove this unread private field '_config' or refactor the code to use its value. (https://rules.sonarsource.com/csharp/RSPEC-4487) [C:\Projects\Hazina\src\Core\AI\Hazina.AI.RAG\Hazina.AI.RAG.csproj::TargetFramework=net8.0]
C:\Projects\Hazina\src\Core\AI\Hazina.AI.RAG\Embeddings\Models\LLMMetadataResponse.cs(22,25): warning CA2227: Change 'Keywords' to be read-only by removing the property setter (https://learn.microsoft.com/dotnet/fundamentals/code-analysis/quality-rules/ca2227) [C:\Projects\Hazina\src\Core\AI\Hazina.AI.RAG\Hazina.AI.RAG.csproj::TargetFramework=net8.0]
C:\Projects\Hazina\src\Core\AI\Hazina.AI.RAG\Embeddings\Models\LLMMetadataResponse.cs(22,25): warning CA1002: Change 'List<string>' in 'ChunkMetadata.Keywords' to use 'Collection<T>', 'ReadOnlyCollection<T>' or 'KeyedCollection<K,V>' (https://learn.microsoft.com/dotnet/fundamentals/code-analysis/quality-rules/ca1002) [C:\Projects\Hazina\src\Core\AI\Hazina.AI.RAG\Hazina.AI.RAG.csproj::TargetFramework=net8.0]
C:\Projects\Hazina\src\Core\AI\Hazina.AI.RAG\Embeddings\Models\LLMMetadataResponse.cs(22,12): warning MA0016: Prefer using collection abstraction instead of implementation (https://github.com/meziantou/Meziantou.Analyzer/blob/main/docs/Rules/MA0016.md) [C:\Projects\Hazina\src\Core\AI\Hazina.AI.RAG\Hazina.AI.RAG.csproj::TargetFramework=net8.0]
C:\Projects\Hazina\src\Core\AI\Hazina.AI.RAG\Graph\Pipeline\ILLMTextService.cs(6,18): warning S101: Rename interface 'ILLMTextService' to match pascal case naming rules, consider using 'ILlmTextService'. (https://rules.sonarsource.com/csharp/RSPEC-101) [C:\Projects\Hazina\src\Core\AI\Hazina.AI.RAG\Hazina.AI.RAG.csproj::TargetFramework=net8.0]
C:\Projects\Hazina\src\Core\AI\Hazina.AI.RAG\Core\RAGEngine.cs(15,14): warning S101: Rename class 'RAGEngine' to match pascal case naming rules, consider using 'RagEngine'. (https://rules.sonarsource.com/csharp/RSPEC-101) [C:\Projects\Hazina\src\Core\AI\Hazina.AI.RAG\Hazina.AI.RAG.csproj::TargetFramework=net8.0]
C:\Projects\Hazina\src\Core\AI\Hazina.AI.RAG\Embeddings\Models\LLMMetadataResponse.cs(33,16): warning SA1623: The property's documentation summary text should begin with: 'Gets or sets' (https://github.com/DotNetAnalyzers/StyleCopAnalyzers/blob/master/documentation/SA1623.md) [C:\Projects\Hazina\src\Core\AI\Hazina.AI.RAG\Hazina.AI.RAG.csproj::TargetFramework=net8.0]
C:\Projects\Hazina\src\Core\AI\Hazina.AI.RAG\Embeddings\Models\LLMMetadataResponse.cs(31,49): warning SA1629: Documentation text should end with a period (https://github.com/DotNetAnalyzers/StyleCopAnalyzers/blob/master/documentation/SA1629.md) [C:\Projects\Hazina\src\Core\AI\Hazina.AI.RAG\Hazina.AI.RAG.csproj::TargetFramework=net8.0]
C:\Projects\Hazina\src\Core\AI\Hazina.AI.RAG\Embeddings\Models\LLMMetadataResponse.cs(22,25): warning SA1623: The property's documentation summary text should begin with: 'Gets or sets' (https://github.com/DotNetAnalyzers/StyleCopAnalyzers/blob/master/documentation/SA1623.md) [C:\Projects\Hazina\src\Core\AI\Hazina.AI.RAG\Hazina.AI.RAG.csproj::TargetFramework=net8.0]
C:\Projects\Hazina\src\Core\AI\Hazina.AI.RAG\Embeddings\Models\LLMMetadataResponse.cs(27,19): warning SA1623: The property's documentation summary text should begin with: 'Gets or sets' (https://github.com/DotNetAnalyzers/StyleCopAnalyzers/blob/master/documentation/SA1623.md) [C:\Projects\Hazina\src\Core\AI\Hazina.AI.RAG\Hazina.AI.RAG.csproj::TargetFramework=net8.0]
C:\Projects\Hazina\src\Core\AI\Hazina.AI.RAG\Embeddings\Models\LLMMetadataResponse.cs(20,42): warning SA1629: Documentation text should end with a period (https://github.com/DotNetAnalyzers/StyleCopAnalyzers/blob/master/documentation/SA1629.md) [C:\Projects\Hazina\src\Core\AI\Hazina.AI.RAG\Hazina.AI.RAG.csproj::TargetFramework=net8.0]
C:\Projects\Hazina\src\Core\AI\Hazina.AI.RAG\Embeddings\Models\LLMMetadataResponse.cs(17,19): warning SA1623: The property's documentation summary text should begin with: 'Gets or sets' (https://github.com/DotNetAnalyzers/StyleCopAnalyzers/blob/master/documentation/SA1623.md) [C:\Projects\Hazina\src\Core\AI\Hazina.AI.RAG\Hazina.AI.RAG.csproj::TargetFramework=net8.0]
C:\Projects\Hazina\src\Core\AI\Hazina.AI.RAG\Embeddings\Models\LLMMetadataResponse.cs(25,99): warning SA1629: Documentation text should end with a period (https://github.com/DotNetAnalyzers/StyleCopAnalyzers/blob/master/documentation/SA1629.md) [C:\Projects\Hazina\src\Core\AI\Hazina.AI.RAG\Hazina.AI.RAG.csproj::TargetFramework=net8.0]
C:\Projects\Hazina\src\Core\AI\Hazina.AI.RAG\Embeddings\Models\LLMMetadataResponse.cs(15,53): warning SA1629: Documentation text should end with a period (https://github.com/DotNetAnalyzers/StyleCopAnalyzers/blob/master/documentation/SA1629.md) [C:\Projects\Hazina\src\Core\AI\Hazina.AI.RAG\Hazina.AI.RAG.csproj::TargetFramework=net8.0]
C:\Projects\Hazina\src\Core\AI\Hazina.AI.RAG\Embeddings\Models\LLMMetadataResponse.cs(39,25): warning CA2227: Change 'ReferencedTopics' to be read-only by removing the property setter (https://learn.microsoft.com/dotnet/fundamentals/code-analysis/quality-rules/ca2227) [C:\Projects\Hazina\src\Core\AI\Hazina.AI.RAG\Hazina.AI.RAG.csproj::TargetFramework=net8.0]
C:\Projects\Hazina\src\Core\AI\Hazina.AI.RAG\Embeddings\Models\LLMMetadataResponse.cs(39,25): warning CA1002: Change 'List<string>' in 'ChunkMetadata.ReferencedTopics' to use 'Collection<T>', 'ReadOnlyCollection<T>' or 'KeyedCollection<K,V>' (https://learn.microsoft.com/dotnet/fundamentals/code-analysis/quality-rules/ca1002) [C:\Projects\Hazina\src\Core\AI\Hazina.AI.RAG\Hazina.AI.RAG.csproj::TargetFramework=net8.0]
C:\Projects\Hazina\src\Core\AI\Hazina.AI.RAG\Embeddings\Models\LLMMetadataResponse.cs(39,12): warning MA0016: Prefer using collection abstraction instead of implementation (https://github.com/meziantou/Meziantou.Analyzer/blob/main/docs/Rules/MA0016.md) [C:\Projects\Hazina\src\Core\AI\Hazina.AI.RAG\Hazina.AI.RAG.csproj::TargetFramework=net8.0]
C:\Projects\Hazina\src\Core\AI\Hazina.AI.RAG\Embeddings\Models\LLMMetadataResponse.cs(7,14): warning MA0048: File name must match type name (https://github.com/meziantou/Meziantou.Analyzer/blob/main/docs/Rules/MA0048.md) [C:\Projects\Hazina\src\Core\AI\Hazina.AI.RAG\Hazina.AI.RAG.csproj::TargetFramework=net8.0]
C:\Projects\Hazina\src\Core\AI\Hazina.AI.RAG\Embeddings\Models\LLMMetadataResponse.cs(12,19): warning SA1623: The property's documentation summary text should begin with: 'Gets or sets' (https://github.com/DotNetAnalyzers/StyleCopAnalyzers/blob/master/documentation/SA1623.md) [C:\Projects\Hazina\src\Core\AI\Hazina.AI.RAG\Hazina.AI.RAG.csproj::TargetFramework=net8.0]
C:\Projects\Hazina\src\Core\AI\Hazina.AI.RAG\Embeddings\Models\LLMMetadataResponse.cs(10,54): warning SA1629: Documentation text should end with a period (https://github.com/DotNetAnalyzers/StyleCopAnalyzers/blob/master/documentation/SA1629.md) [C:\Projects\Hazina\src\Core\AI\Hazina.AI.RAG\Hazina.AI.RAG.csproj::TargetFramework=net8.0]
C:\Projects\Hazina\src\Core\AI\Hazina.AI.RAG\Embeddings\Models\LLMMetadataResponse.cs(39,25): warning SA1623: The property's documentation summary text should begin with: 'Gets or sets' (https://github.com/DotNetAnalyzers/StyleCopAnalyzers/blob/master/documentation/SA1623.md) [C:\Projects\Hazina\src\Core\AI\Hazina.AI.RAG\Hazina.AI.RAG.csproj::TargetFramework=net8.0]
C:\Projects\Hazina\src\Core\AI\Hazina.AI.RAG\Embeddings\Models\LLMMetadataResponse.cs(37,52): warning SA1629: Documentation text should end with a period (https://github.com/DotNetAnalyzers/StyleCopAnalyzers/blob/master/documentation/SA1629.md) [C:\Projects\Hazina\src\Core\AI\Hazina.AI.RAG\Hazina.AI.RAG.csproj::TargetFramework=net8.0]
C:\Projects\Hazina\src\Core\AI\Hazina.AI.RAG\Graph\Pipeline\LLMEntityExtractor.cs(18,26): warning SA1310: Field 'ENTITY_EXTRACTION_PROMPT' should not contain an underscore (https://github.com/DotNetAnalyzers/StyleCopAnalyzers/blob/master/documentation/SA1310.md) [C:\Projects\Hazina\src\Core\AI\Hazina.AI.RAG\Hazina.AI.RAG.csproj::TargetFramework=net8.0]
C:\Projects\Hazina\src\Core\AI\Hazina.AI.RAG\Embeddings\Models\LLMMetadataResponse.cs(5,53): warning SA1629: Documentation text should end with a period (https://github.com/DotNetAnalyzers/StyleCopAnalyzers/blob/master/documentation/SA1629.md) [C:\Projects\Hazina\src\Core\AI\Hazina.AI.RAG\Hazina.AI.RAG.csproj::TargetFramework=net8.0]
C:\Projects\Hazina\src\Core\AI\Hazina.AI.RAG\Graph\Pipeline\LLMEntityExtractor.cs(166,24): warning S3459: Remove unassigned auto-property 'Description', or set its value. (https://rules.sonarsource.com/csharp/RSPEC-3459) [C:\Projects\Hazina\src\Core\AI\Hazina.AI.RAG\Hazina.AI.RAG.csproj::TargetFramework=net8.0]
C:\Projects\Hazina\src\Core\AI\Hazina.AI.RAG\Graph\Pipeline\LLMEntityExtractor.cs(167,44): warning S3459: Remove unassigned auto-property 'Properties', or set its value. (https://rules.sonarsource.com/csharp/RSPEC-3459) [C:\Projects\Hazina\src\Core\AI\Hazina.AI.RAG\Hazina.AI.RAG.csproj::TargetFramework=net8.0]
C:\Projects\Hazina\src\Core\AI\Hazina.AI.RAG\Embeddings\HierarchicalChunker.cs(8,68): warning SA1629: Documentation text should end with a period (https://github.com/DotNetAnalyzers/StyleCopAnalyzers/blob/master/documentation/SA1629.md) [C:\Projects\Hazina\src\Core\AI\Hazina.AI.RAG\Hazina.AI.RAG.csproj::TargetFramework=net8.0]
C:\Projects\Hazina\src\Core\AI\Hazina.AI.RAG\Embeddings\SemanticChunkingOptions.cs(14,17): warning SA1623: The property's documentation summary text should begin with: 'Gets or sets a value indicating whether' (https://github.com/DotNetAnalyzers/StyleCopAnalyzers/blob/master/documentation/SA1623.md) [C:\Projects\Hazina\src\Core\AI\Hazina.AI.RAG\Hazina.AI.RAG.csproj::TargetFramework=net8.0]
C:\Projects\Hazina\src\Core\AI\Hazina.AI.RAG\Embeddings\SemanticChunkingOptions.cs(12,22): warning SA1629: Documentation text should end with a period (https://github.com/DotNetAnalyzers/StyleCopAnalyzers/blob/master/documentation/SA1629.md) [C:\Projects\Hazina\src\Core\AI\Hazina.AI.RAG\Hazina.AI.RAG.csproj::TargetFramework=net8.0]
C:\Projects\Hazina\src\Core\AI\Hazina.AI.RAG\Graph\Pipeline\LLMEntityExtractor.cs(166,43): warning S1144: Remove the unused private set accessor in property 'Description'. (https://rules.sonarsource.com/csharp/RSPEC-1144) [C:\Projects\Hazina\src\Core\AI\Hazina.AI.RAG\Hazina.AI.RAG.csproj::TargetFramework=net8.0]
C:\Projects\Hazina\src\Core\AI\Hazina.AI.RAG\Graph\Pipeline\LLMEntityExtractor.cs(167,62): warning S1144: Remove the unused private set accessor in property 'Properties'. (https://rules.sonarsource.com/csharp/RSPEC-1144) [C:\Projects\Hazina\src\Core\AI\Hazina.AI.RAG\Hazina.AI.RAG.csproj::TargetFramework=net8.0]
C:\Projects\Hazina\src\Core\AI\Hazina.AI.RAG\Embeddings\SemanticChunkingOptions.cs(20,33): warning SA1623: The property's documentation summary text should begin with: 'Gets or sets' (https://github.com/DotNetAnalyzers/StyleCopAnalyzers/blob/master/documentation/SA1623.md) [C:\Projects\Hazina\src\Core\AI\Hazina.AI.RAG\Hazina.AI.RAG.csproj::TargetFramework=net8.0]
C:\Projects\Hazina\src\Core\AI\Hazina.AI.RAG\Embeddings\SemanticChunkingOptions.cs(18,45): warning SA1629: Documentation text should end with a period (https://github.com/DotNetAnalyzers/StyleCopAnalyzers/blob/master/documentation/SA1629.md) [C:\Projects\Hazina\src\Core\AI\Hazina.AI.RAG\Hazina.AI.RAG.csproj::TargetFramework=net8.0]
C:\Projects\Hazina\src\Core\AI\Hazina.AI.RAG\Graph\Pipeline\LLMEntityExtractor.cs(12,14): warning S101: Rename class 'LLMEntityExtractor' to match pascal case naming rules, consider using 'LlmEntityExtractor'. (https://rules.sonarsource.com/csharp/RSPEC-101) [C:\Projects\Hazina\src\Core\AI\Hazina.AI.RAG\Hazina.AI.RAG.csproj::TargetFramework=net8.0]
C:\Projects\Hazina\src\Core\AI\Hazina.AI.RAG\Graph\Pipeline\LLMEntityExtractor.cs(165,1): warning SA1516: Elements should be separated by blank line (https://github.com/DotNetAnalyzers/StyleCopAnalyzers/blob/master/documentation/SA1516.md) [C:\Projects\Hazina\src\Core\AI\Hazina.AI.RAG\Hazina.AI.RAG.csproj::TargetFramework=net8.0]
C:\Projects\Hazina\src\Core\AI\Hazina.AI.RAG\Graph\Pipeline\LLMEntityExtractor.cs(166,1): warning SA1516: Elements should be separated by blank line (https://github.com/DotNetAnalyzers/StyleCopAnalyzers/blob/master/documentation/SA1516.md) [C:\Projects\Hazina\src\Core\AI\Hazina.AI.RAG\Hazina.AI.RAG.csproj::TargetFramework=net8.0]
C:\Projects\Hazina\src\Core\AI\Hazina.AI.RAG\Graph\Pipeline\LLMEntityExtractor.cs(167,1): warning SA1516: Elements should be separated by blank line (https://github.com/DotNetAnalyzers/StyleCopAnalyzers/blob/master/documentation/SA1516.md) [C:\Projects\Hazina\src\Core\AI\Hazina.AI.RAG\Hazina.AI.RAG.csproj::TargetFramework=net8.0]
C:\Projects\Hazina\src\Core\AI\Hazina.AI.RAG\Graph\Pipeline\LLMEntityExtractor.cs(168,1): warning SA1516: Elements should be separated by blank line (https://github.com/DotNetAnalyzers/StyleCopAnalyzers/blob/master/documentation/SA1516.md) [C:\Projects\Hazina\src\Core\AI\Hazina.AI.RAG\Hazina.AI.RAG.csproj::TargetFramework=net8.0]
C:\Projects\Hazina\src\Core\AI\Hazina.AI.RAG\Embeddings\SemanticChunkingOptions.cs(43,17): warning SA1623: The property's documentation summary text should begin with: 'Gets or sets' (https://github.com/DotNetAnalyzers/StyleCopAnalyzers/blob/master/documentation/SA1623.md) [C:\Projects\Hazina\src\Core\AI\Hazina.AI.RAG\Hazina.AI.RAG.csproj::TargetFramework=net8.0]
C:\Projects\Hazina\src\Core\AI\Hazina.AI.RAG\Embeddings\SemanticChunkingOptions.cs(41,22): warning SA1629: Documentation text should end with a period (https://github.com/DotNetAnalyzers/StyleCopAnalyzers/blob/master/documentation/SA1629.md) [C:\Projects\Hazina\src\Core\AI\Hazina.AI.RAG\Hazina.AI.RAG.csproj::TargetFramework=net8.0]
C:\Projects\Hazina\src\Core\AI\Hazina.AI.RAG\Embeddings\SemanticChunkingOptions.cs(4,65): warning SA1629: Documentation text should end with a period (https://github.com/DotNetAnalyzers/StyleCopAnalyzers/blob/master/documentation/SA1629.md) [C:\Projects\Hazina\src\Core\AI\Hazina.AI.RAG\Hazina.AI.RAG.csproj::TargetFramework=net8.0]
C:\Projects\Hazina\src\Core\AI\Hazina.AI.RAG\Embeddings\SemanticChunkingOptions.cs(36,16): warning SA1623: The property's documentation summary text should begin with: 'Gets or sets' (https://github.com/DotNetAnalyzers/StyleCopAnalyzers/blob/master/documentation/SA1623.md) [C:\Projects\Hazina\src\Core\AI\Hazina.AI.RAG\Hazina.AI.RAG.csproj::TargetFramework=net8.0]
C:\Projects\Hazina\src\Core\AI\Hazina.AI.RAG\Embeddings\SemanticChunkingOptions.cs(29,19): warning SA1623: The property's documentation summary text should begin with: 'Gets or sets' (https://github.com/DotNetAnalyzers/StyleCopAnalyzers/blob/master/documentation/SA1623.md) [C:\Projects\Hazina\src\Core\AI\Hazina.AI.RAG\Hazina.AI.RAG.csproj::TargetFramework=net8.0]
C:\Projects\Hazina\src\Core\AI\Hazina.AI.RAG\Embeddings\SemanticChunkingOptions.cs(34,20): warning SA1629: Documentation text should end with a period (https://github.com/DotNetAnalyzers/StyleCopAnalyzers/blob/master/documentation/SA1629.md) [C:\Projects\Hazina\src\Core\AI\Hazina.AI.RAG\Hazina.AI.RAG.csproj::TargetFramework=net8.0]
C:\Projects\Hazina\src\Core\AI\Hazina.AI.RAG\Embeddings\SemanticChunkingOptions.cs(43,49): warning CA1805: Member 'MaxSentenceLength' is explicitly initialized to its default value (https://learn.microsoft.com/dotnet/fundamentals/code-analysis/quality-rules/ca1805) [C:\Projects\Hazina\src\Core\AI\Hazina.AI.RAG\Hazina.AI.RAG.csproj::TargetFramework=net8.0]
C:\Projects\Hazina\src\Core\AI\Hazina.AI.RAG\Embeddings\SemanticChunkingOptions.cs(27,37): warning SA1629: Documentation text should end with a period (https://github.com/DotNetAnalyzers/StyleCopAnalyzers/blob/master/documentation/SA1629.md) [C:\Projects\Hazina\src\Core\AI\Hazina.AI.RAG\Hazina.AI.RAG.csproj::TargetFramework=net8.0]
C:\Projects\Hazina\src\Core\AI\Hazina.AI.RAG\Embeddings\SemanticChunkingOptions.cs(56,19): warning SA1623: The property's documentation summary text should begin with: 'Gets or sets' (https://github.com/DotNetAnalyzers/StyleCopAnalyzers/blob/master/documentation/SA1623.md) [C:\Projects\Hazina\src\Core\AI\Hazina.AI.RAG\Hazina.AI.RAG.csproj::TargetFramework=net8.0]
C:\Projects\Hazina\src\Core\AI\Hazina.AI.RAG\Embeddings\SemanticChunkingOptions.cs(54,22): warning SA1629: Documentation text should end with a period (https://github.com/DotNetAnalyzers/StyleCopAnalyzers/blob/master/documentation/SA1629.md) [C:\Projects\Hazina\src\Core\AI\Hazina.AI.RAG\Hazina.AI.RAG.csproj::TargetFramework=net8.0]
C:\Projects\Hazina\src\Core\AI\Hazina.AI.RAG\Embeddings\Models\LLMMetadataResponse.cs(59,14): warning MA0048: File name must match type name (https://github.com/meziantou/Meziantou.Analyzer/blob/main/docs/Rules/MA0048.md) [C:\Projects\Hazina\src\Core\AI\Hazina.AI.RAG\Hazina.AI.RAG.csproj::TargetFramework=net8.0]
C:\Projects\Hazina\src\Core\AI\Hazina.AI.RAG\Embeddings\Models\LLMMetadataResponse.cs(64,32): warning CA2227: Change 'Chunks' to be read-only by removing the property setter (https://learn.microsoft.com/dotnet/fundamentals/code-analysis/quality-rules/ca2227) [C:\Projects\Hazina\src\Core\AI\Hazina.AI.RAG\Hazina.AI.RAG.csproj::TargetFramework=net8.0]
C:\Projects\Hazina\src\Core\AI\Hazina.AI.RAG\Embeddings\Models\LLMMetadataResponse.cs(64,32): warning CA1002: Change 'List<ChunkMetadata>' in 'BatchChunkMetadata.Chunks' to use 'Collection<T>', 'ReadOnlyCollection<T>' or 'KeyedCollection<K,V>' (https://learn.microsoft.com/dotnet/fundamentals/code-analysis/quality-rules/ca1002) [C:\Projects\Hazina\src\Core\AI\Hazina.AI.RAG\Hazina.AI.RAG.csproj::TargetFramework=net8.0]
C:\Projects\Hazina\src\Core\AI\Hazina.AI.RAG\Embeddings\Models\LLMMetadataResponse.cs(64,12): warning MA0016: Prefer using collection abstraction instead of implementation (https://github.com/meziantou/Meziantou.Analyzer/blob/main/docs/Rules/MA0016.md) [C:\Projects\Hazina\src\Core\AI\Hazina.AI.RAG\Hazina.AI.RAG.csproj::TargetFramework=net8.0]
C:\Projects\Hazina\src\Core\AI\Hazina.AI.RAG\Graph\Retrieval\HybridRetrievalService.cs(17,37): warning S4487: Remove this unread private field '_config' or refactor the code to use its value. (https://rules.sonarsource.com/csharp/RSPEC-4487) [C:\Projects\Hazina\src\Core\AI\Hazina.AI.RAG\Hazina.AI.RAG.csproj::TargetFramework=net8.0]
C:\Projects\Hazina\src\Core\AI\Hazina.AI.RAG\Retrieval\Reranker.cs(7,57): warning SA1629: Documentation text should end with a period (https://github.com/DotNetAnalyzers/StyleCopAnalyzers/blob/master/documentation/SA1629.md) [C:\Projects\Hazina\src\Core\AI\Hazina.AI.RAG\Hazina.AI.RAG.csproj::TargetFramework=net8.0]
C:\Projects\Hazina\src\Core\AI\Hazina.AI.RAG\Embeddings\SemanticChunkingOptions.cs(90,16): warning SA1623: The property's documentation summary text should begin with: 'Gets or sets' (https://github.com/DotNetAnalyzers/StyleCopAnalyzers/blob/master/documentation/SA1623.md) [C:\Projects\Hazina\src\Core\AI\Hazina.AI.RAG\Hazina.AI.RAG.csproj::TargetFramework=net8.0]
C:\Projects\Hazina\src\Core\AI\Hazina.AI.RAG\Embeddings\SemanticChunkingOptions.cs(88,21): warning SA1629: Documentation text should end with a period (https://github.com/DotNetAnalyzers/StyleCopAnalyzers/blob/master/documentation/SA1629.md) [C:\Projects\Hazina\src\Core\AI\Hazina.AI.RAG\Hazina.AI.RAG.csproj::TargetFramework=net8.0]
C:\Projects\Hazina\src\Core\AI\Hazina.AI.RAG\Embeddings\SemanticChunkingOptions.cs(114,17): warning SA1623: The property's documentation summary text should begin with: 'Gets or sets a value indicating whether' (https://github.com/DotNetAnalyzers/StyleCopAnalyzers/blob/master/documentation/SA1623.md) [C:\Projects\Hazina\src\Core\AI\Hazina.AI.RAG\Hazina.AI.RAG.csproj::TargetFramework=net8.0]
C:\Projects\Hazina\src\Core\AI\Hazina.AI.RAG\Embeddings\SemanticChunkingOptions.cs(74,17): warning SA1623: The property's documentation summary text should begin with: 'Gets or sets a value indicating whether' (https://github.com/DotNetAnalyzers/StyleCopAnalyzers/blob/master/documentation/SA1623.md) [C:\Projects\Hazina\src\Core\AI\Hazina.AI.RAG\Hazina.AI.RAG.csproj::TargetFramework=net8.0]
C:\Projects\Hazina\src\Core\AI\Hazina.AI.RAG\Embeddings\SemanticChunkingOptions.cs(112,22): warning SA1629: Documentation text should end with a period (https://github.com/DotNetAnalyzers/StyleCopAnalyzers/blob/master/documentation/SA1629.md) [C:\Projects\Hazina\src\Core\AI\Hazina.AI.RAG\Hazina.AI.RAG.csproj::TargetFramework=net8.0]
C:\Projects\Hazina\src\Core\AI\Hazina.AI.RAG\Embeddings\SemanticChunkingOptions.cs(72,23): warning SA1629: Documentation text should end with a period (https://github.com/DotNetAnalyzers/StyleCopAnalyzers/blob/master/documentation/SA1629.md) [C:\Projects\Hazina\src\Core\AI\Hazina.AI.RAG\Hazina.AI.RAG.csproj::TargetFramework=net8.0]
C:\Projects\Hazina\src\Core\AI\Hazina.AI.RAG\Embeddings\SemanticChunkingOptions.cs(81,16): warning SA1623: The property's documentation summary text should begin with: 'Gets or sets' (https://github.com/DotNetAnalyzers/StyleCopAnalyzers/blob/master/documentation/SA1623.md) [C:\Projects\Hazina\src\Core\AI\Hazina.AI.RAG\Hazina.AI.RAG.csproj::TargetFramework=net8.0]
C:\Projects\Hazina\src\Core\AI\Hazina.AI.RAG\Embeddings\SemanticChunkingOptions.cs(66,19): warning SA1623: The property's documentation summary text should begin with: 'Gets or sets' (https://github.com/DotNetAnalyzers/StyleCopAnalyzers/blob/master/documentation/SA1623.md) [C:\Projects\Hazina\src\Core\AI\Hazina.AI.RAG\Hazina.AI.RAG.csproj::TargetFramework=net8.0]
C:\Projects\Hazina\src\Core\AI\Hazina.AI.RAG\Embeddings\Models\LLMMetadataResponse.cs(64,32): warning SA1623: The property's documentation summary text should begin with: 'Gets or sets' (https://github.com/DotNetAnalyzers/StyleCopAnalyzers/blob/master/documentation/SA1623.md) [C:\Projects\Hazina\src\Core\AI\Hazina.AI.RAG\Hazina.AI.RAG.csproj::TargetFramework=net8.0]
C:\Projects\Hazina\src\Core\AI\Hazina.AI.RAG\Embeddings\SemanticChunkingOptions.cs(79,19): warning SA1629: Documentation text should end with a period (https://github.com/DotNetAnalyzers/StyleCopAnalyzers/blob/master/documentation/SA1629.md) [C:\Projects\Hazina\src\Core\AI\Hazina.AI.RAG\Hazina.AI.RAG.csproj::TargetFramework=net8.0]
C:\Projects\Hazina\src\Core\AI\Hazina.AI.RAG\Embeddings\SemanticChunkingOptions.cs(74,49): warning CA1805: Member 'UseRollingAverage' is explicitly initialized to its default value (https://learn.microsoft.com/dotnet/fundamentals/code-analysis/quality-rules/ca1805) [C:\Projects\Hazina\src\Core\AI\Hazina.AI.RAG\Hazina.AI.RAG.csproj::TargetFramework=net8.0]
C:\Projects\Hazina\src\Core\AI\Hazina.AI.RAG\Embeddings\SemanticChunkingOptions.cs(64,22): warning SA1629: Documentation text should end with a period (https://github.com/DotNetAnalyzers/StyleCopAnalyzers/blob/master/documentation/SA1629.md) [C:\Projects\Hazina\src\Core\AI\Hazina.AI.RAG\Hazina.AI.RAG.csproj::TargetFramework=net8.0]
C:\Projects\Hazina\src\Core\AI\Hazina.AI.RAG\Embeddings\Models\LLMMetadataResponse.cs(62,72): warning SA1629: Documentation text should end with a period (https://github.com/DotNetAnalyzers/StyleCopAnalyzers/blob/master/documentation/SA1629.md) [C:\Projects\Hazina\src\Core\AI\Hazina.AI.RAG\Hazina.AI.RAG.csproj::TargetFramework=net8.0]
C:\Projects\Hazina\src\Core\AI\Hazina.AI.RAG\Embeddings\Models\LLMMetadataResponse.cs(57,80): warning SA1629: Documentation text should end with a period (https://github.com/DotNetAnalyzers/StyleCopAnalyzers/blob/master/documentation/SA1629.md) [C:\Projects\Hazina\src\Core\AI\Hazina.AI.RAG\Hazina.AI.RAG.csproj::TargetFramework=net8.0]
C:\Projects\Hazina\src\Core\AI\Hazina.AI.RAG\Embeddings\SemanticChunkingOptions.cs(147,17): warning SA1623: The property's documentation summary text should begin with: 'Gets or sets a value indicating whether' (https://github.com/DotNetAnalyzers/StyleCopAnalyzers/blob/master/documentation/SA1623.md) [C:\Projects\Hazina\src\Core\AI\Hazina.AI.RAG\Hazina.AI.RAG.csproj::TargetFramework=net8.0]
C:\Projects\Hazina\src\Core\AI\Hazina.AI.RAG\Embeddings\SemanticChunkingOptions.cs(145,22): warning SA1629: Documentation text should end with a period (https://github.com/DotNetAnalyzers/StyleCopAnalyzers/blob/master/documentation/SA1629.md) [C:\Projects\Hazina\src\Core\AI\Hazina.AI.RAG\Hazina.AI.RAG.csproj::TargetFramework=net8.0]
C:\Projects\Hazina\src\Core\AI\Hazina.AI.RAG\Embeddings\EmbeddingCache.cs(1,1): warning SA1633: The file header is missing or not located at the top of the file. (https://github.com/DotNetAnalyzers/StyleCopAnalyzers/blob/master/documentation/SA1633.md) [C:\Projects\Hazina\src\Core\AI\Hazina.AI.RAG\Hazina.AI.RAG.csproj::TargetFramework=net8.0]
C:\Projects\Hazina\src\Core\AI\Hazina.AI.RAG\Embeddings\SemanticChunkingOptions.cs(106,17): warning SA1623: The property's documentation summary text should begin with: 'Gets or sets' (https://github.com/DotNetAnalyzers/StyleCopAnalyzers/blob/master/documentation/SA1623.md) [C:\Projects\Hazina\src\Core\AI\Hazina.AI.RAG\Hazina.AI.RAG.csproj::TargetFramework=net8.0]
C:\Projects\Hazina\src\Core\AI\Hazina.AI.RAG\Embeddings\SemanticChunkingOptions.cs(123,35): warning SA1623: The property's documentation summary text should begin with: 'Gets or sets' (https://github.com/DotNetAnalyzers/StyleCopAnalyzers/blob/master/documentation/SA1623.md) [C:\Projects\Hazina\src\Core\AI\Hazina.AI.RAG\Hazina.AI.RAG.csproj::TargetFramework=net8.0]
C:\Projects\Hazina\src\Core\AI\Hazina.AI.RAG\Embeddings\SemanticChunkingOptions.cs(104,21): warning SA1629: Documentation text should end with a period (https://github.com/DotNetAnalyzers/StyleCopAnalyzers/blob/master/documentation/SA1629.md) [C:\Projects\Hazina\src\Core\AI\Hazina.AI.RAG\Hazina.AI.RAG.csproj::TargetFramework=net8.0]
C:\Projects\Hazina\src\Core\AI\Hazina.AI.RAG\Embeddings\SemanticChunkingOptions.cs(121,30): warning SA1629: Documentation text should end with a period (https://github.com/DotNetAnalyzers/StyleCopAnalyzers/blob/master/documentation/SA1629.md) [C:\Projects\Hazina\src\Core\AI\Hazina.AI.RAG\Hazina.AI.RAG.csproj::TargetFramework=net8.0]
C:\Projects\Hazina\src\Core\AI\Hazina.AI.RAG\Embeddings\SemanticChunkingOptions.cs(189,17): warning SA1623: The property's documentation summary text should begin with: 'Gets or sets a value indicating whether' (https://github.com/DotNetAnalyzers/StyleCopAnalyzers/blob/master/documentation/SA1623.md) [C:\Projects\Hazina\src\Core\AI\Hazina.AI.RAG\Hazina.AI.RAG.csproj::TargetFramework=net8.0]
C:\Projects\Hazina\src\Core\AI\Hazina.AI.RAG\Embeddings\SemanticChunkingOptions.cs(131,17): warning SA1623: The property's documentation summary text should begin with: 'Gets or sets a value indicating whether' (https://github.com/DotNetAnalyzers/StyleCopAnalyzers/blob/master/documentation/SA1623.md) [C:\Projects\Hazina\src\Core\AI\Hazina.AI.RAG\Hazina.AI.RAG.csproj::TargetFramework=net8.0]
C:\Projects\Hazina\src\Core\AI\Hazina.AI.RAG\Embeddings\SemanticChunkingOptions.cs(187,65): warning SA1629: Documentation text should end with a period (https://github.com/DotNetAnalyzers/StyleCopAnalyzers/blob/master/documentation/SA1629.md) [C:\Projects\Hazina\src\Core\AI\Hazina.AI.RAG\Hazina.AI.RAG.csproj::TargetFramework=net8.0]
C:\Projects\Hazina\src\Core\AI\Hazina.AI.RAG\Embeddings\SemanticChunkingOptions.cs(139,20): warning SA1623: The property's documentation summary text should begin with: 'Gets or sets' (https://github.com/DotNetAnalyzers/StyleCopAnalyzers/blob/master/documentation/SA1623.md) [C:\Projects\Hazina\src\Core\AI\Hazina.AI.RAG\Hazina.AI.RAG.csproj::TargetFramework=net8.0]
C:\Projects\Hazina\src\Core\AI\Hazina.AI.RAG\Embeddings\SemanticChunkingOptions.cs(129,23): warning SA1629: Documentation text should end with a period (https://github.com/DotNetAnalyzers/StyleCopAnalyzers/blob/master/documentation/SA1629.md) [C:\Projects\Hazina\src\Core\AI\Hazina.AI.RAG\Hazina.AI.RAG.csproj::TargetFramework=net8.0]
C:\Projects\Hazina\src\Core\AI\Hazina.AI.RAG\Embeddings\SemanticChunkingOptions.cs(137,22): warning SA1629: Documentation text should end with a period (https://github.com/DotNetAnalyzers/StyleCopAnalyzers/blob/master/documentation/SA1629.md) [C:\Projects\Hazina\src\Core\AI\Hazina.AI.RAG\Hazina.AI.RAG.csproj::TargetFramework=net8.0]
C:\Projects\Hazina\src\Core\AI\Hazina.AI.RAG\Embeddings\SemanticChunkingOptions.cs(131,46): warning CA1805: Member 'UseLLMMetadata' is explicitly initialized to its default value (https://learn.microsoft.com/dotnet/fundamentals/code-analysis/quality-rules/ca1805) [C:\Projects\Hazina\src\Core\AI\Hazina.AI.RAG\Hazina.AI.RAG.csproj::TargetFramework=net8.0]
C:\Projects\Hazina\src\Core\AI\Hazina.AI.RAG\Embeddings\SemanticChunkingOptions.cs(164,17): warning SA1623: The property's documentation summary text should begin with: 'Gets or sets a value indicating whether' (https://github.com/DotNetAnalyzers/StyleCopAnalyzers/blob/master/documentation/SA1623.md) [C:\Projects\Hazina\src\Core\AI\Hazina.AI.RAG\Hazina.AI.RAG.csproj::TargetFramework=net8.0]
C:\Projects\Hazina\src\Core\AI\Hazina.AI.RAG\Embeddings\SemanticChunkingOptions.cs(162,23): warning SA1629: Documentation text should end with a period (https://github.com/DotNetAnalyzers/StyleCopAnalyzers/blob/master/documentation/SA1629.md) [C:\Projects\Hazina\src\Core\AI\Hazina.AI.RAG\Hazina.AI.RAG.csproj::TargetFramework=net8.0]
C:\Projects\Hazina\src\Core\AI\Hazina.AI.RAG\Embeddings\SemanticChunkingOptions.cs(164,55): warning CA1805: Member 'UseHierarchicalChunking' is explicitly initialized to its default value (https://learn.microsoft.com/dotnet/fundamentals/code-analysis/quality-rules/ca1805) [C:\Projects\Hazina\src\Core\AI\Hazina.AI.RAG\Hazina.AI.RAG.csproj::TargetFramework=net8.0]
C:\Projects\Hazina\src\Core\AI\Hazina.AI.RAG\Embeddings\SemanticChunkingOptions.cs(139,51): warning CA1805: Member 'LLMMetadataModel' is explicitly initialized to its default value (https://learn.microsoft.com/dotnet/fundamentals/code-analysis/quality-rules/ca1805) [C:\Projects\Hazina\src\Core\AI\Hazina.AI.RAG\Hazina.AI.RAG.csproj::TargetFramework=net8.0]
C:\Projects\Hazina\src\Core\AI\Hazina.AI.RAG\Embeddings\SemanticChunkingOptions.cs(205,29): warning SA1623: The property's documentation summary text should begin with: 'Gets or sets' (https://github.com/DotNetAnalyzers/StyleCopAnalyzers/blob/master/documentation/SA1623.md) [C:\Projects\Hazina\src\Core\AI\Hazina.AI.RAG\Hazina.AI.RAG.csproj::TargetFramework=net8.0]
C:\Projects\Hazina\src\Core\AI\Hazina.AI.RAG\Embeddings\SemanticChunkingOptions.cs(178,16): warning SA1623: The property's documentation summary text should begin with: 'Gets or sets' (https://github.com/DotNetAnalyzers/StyleCopAnalyzers/blob/master/documentation/SA1623.md) [C:\Projects\Hazina\src\Core\AI\Hazina.AI.RAG\Hazina.AI.RAG.csproj::TargetFramework=net8.0]
C:\Projects\Hazina\src\Core\AI\Hazina.AI.RAG\Embeddings\EmbeddingCache.cs(150,14): warning SA1402: File may only contain a single type (https://github.com/DotNetAnalyzers/StyleCopAnalyzers/blob/master/documentation/SA1402.md) [C:\Projects\Hazina\src\Core\AI\Hazina.AI.RAG\Hazina.AI.RAG.csproj::TargetFramework=net8.0]
C:\Projects\Hazina\src\Core\AI\Hazina.AI.RAG\Embeddings\SemanticChunkingOptions.cs(203,27): warning SA1629: Documentation text should end with a period (https://github.com/DotNetAnalyzers/StyleCopAnalyzers/blob/master/documentation/SA1629.md) [C:\Projects\Hazina\src\Core\AI\Hazina.AI.RAG\Hazina.AI.RAG.csproj::TargetFramework=net8.0]
C:\Projects\Hazina\src\Core\AI\Hazina.AI.RAG\Embeddings\SemanticChunkingOptions.cs(97,16): warning SA1623: The property's documentation summary text should begin with: 'Gets or sets' (https://github.com/DotNetAnalyzers/StyleCopAnalyzers/blob/master/documentation/SA1623.md) [C:\Projects\Hazina\src\Core\AI\Hazina.AI.RAG\Hazina.AI.RAG.csproj::TargetFramework=net8.0]
C:\Projects\Hazina\src\Core\AI\Hazina.AI.RAG\Embeddings\SemanticChunkingOptions.cs(176,22): warning SA1629: Documentation text should end with a period (https://github.com/DotNetAnalyzers/StyleCopAnalyzers/blob/master/documentation/SA1629.md) [C:\Projects\Hazina\src\Core\AI\Hazina.AI.RAG\Hazina.AI.RAG.csproj::TargetFramework=net8.0]
C:\Projects\Hazina\src\Core\AI\Hazina.AI.RAG\Embeddings\SemanticChunkingOptions.cs(95,22): warning SA1629: Documentation text should end with a period (https://github.com/DotNetAnalyzers/StyleCopAnalyzers/blob/master/documentation/SA1629.md) [C:\Projects\Hazina\src\Core\AI\Hazina.AI.RAG\Hazina.AI.RAG.csproj::TargetFramework=net8.0]
C:\Projects\Hazina\src\Core\AI\Hazina.AI.RAG\Embeddings\SemanticChunkingOptions.cs(171,16): warning SA1623: The property's documentation summary text should begin with: 'Gets or sets' (https://github.com/DotNetAnalyzers/StyleCopAnalyzers/blob/master/documentation/SA1623.md) [C:\Projects\Hazina\src\Core\AI\Hazina.AI.RAG\Hazina.AI.RAG.csproj::TargetFramework=net8.0]
C:\Projects\Hazina\src\Core\AI\Hazina.AI.RAG\Embeddings\SemanticChunkingOptions.cs(154,16): warning SA1623: The property's documentation summary text should begin with: 'Gets or sets' (https://github.com/DotNetAnalyzers/StyleCopAnalyzers/blob/master/documentation/SA1623.md) [C:\Projects\Hazina\src\Core\AI\Hazina.AI.RAG\Hazina.AI.RAG.csproj::TargetFramework=net8.0]
C:\Projects\Hazina\src\Core\AI\Hazina.AI.RAG\Embeddings\SemanticChunkingOptions.cs(169,23): warning SA1629: Documentation text should end with a period (https://github.com/DotNetAnalyzers/StyleCopAnalyzers/blob/master/documentation/SA1629.md) [C:\Projects\Hazina\src\Core\AI\Hazina.AI.RAG\Hazina.AI.RAG.csproj::TargetFramework=net8.0]
C:\Projects\Hazina\src\Core\AI\Hazina.AI.RAG\Embeddings\SemanticChunkingOptions.cs(152,20): warning SA1629: Documentation text should end with a period (https://github.com/DotNetAnalyzers/StyleCopAnalyzers/blob/master/documentation/SA1629.md) [C:\Projects\Hazina\src\Core\AI\Hazina.AI.RAG\Hazina.AI.RAG.csproj::TargetFramework=net8.0]
C:\Projects\Hazina\src\Core\AI\Hazina.AI.RAG\Embeddings\SemanticChunkingOptions.cs(197,35): warning SA1623: The property's documentation summary text should begin with: 'Gets or sets' (https://github.com/DotNetAnalyzers/StyleCopAnalyzers/blob/master/documentation/SA1623.md) [C:\Projects\Hazina\src\Core\AI\Hazina.AI.RAG\Hazina.AI.RAG.csproj::TargetFramework=net8.0]
C:\Projects\Hazina\src\Core\AI\Hazina.AI.RAG\Embeddings\SemanticChunkingOptions.cs(226,16): warning SA1623: The property's documentation summary text should begin with: 'Gets or sets' (https://github.com/DotNetAnalyzers/StyleCopAnalyzers/blob/master/documentation/SA1623.md) [C:\Projects\Hazina\src\Core\AI\Hazina.AI.RAG\Hazina.AI.RAG.csproj::TargetFramework=net8.0]
C:\Projects\Hazina\src\Core\AI\Hazina.AI.RAG\Embeddings\SemanticChunkingOptions.cs(195,35): warning SA1629: Documentation text should end with a period (https://github.com/DotNetAnalyzers/StyleCopAnalyzers/blob/master/documentation/SA1629.md) [C:\Projects\Hazina\src\Core\AI\Hazina.AI.RAG\Hazina.AI.RAG.csproj::TargetFramework=net8.0]
C:\Projects\Hazina\src\Core\AI\Hazina.AI.RAG\Embeddings\SemanticChunkingOptions.cs(224,19): warning SA1629: Documentation text should end with a period (https://github.com/DotNetAnalyzers/StyleCopAnalyzers/blob/master/documentation/SA1629.md) [C:\Projects\Hazina\src\Core\AI\Hazina.AI.RAG\Hazina.AI.RAG.csproj::TargetFramework=net8.0]
C:\Projects\Hazina\src\Core\AI\Hazina.AI.RAG\Graph\Retrieval\HybridRetrievalService.cs(400,13): warning MA0048: File name must match type name (https://github.com/meziantou/Meziantou.Analyzer/blob/main/docs/Rules/MA0048.md) [C:\Projects\Hazina\src\Core\AI\Hazina.AI.RAG\Hazina.AI.RAG.csproj::TargetFramework=net8.0]
C:\Projects\Hazina\src\Core\AI\Hazina.AI.RAG\Embeddings\SemanticChunkingOptions.cs(212,17): warning SA1623: The property's documentation summary text should begin with: 'Gets or sets a value indicating whether' (https://github.com/DotNetAnalyzers/StyleCopAnalyzers/blob/master/documentation/SA1623.md) [C:\Projects\Hazina\src\Core\AI\Hazina.AI.RAG\Hazina.AI.RAG.csproj::TargetFramework=net8.0]
C:\Projects\Hazina\src\Core\AI\Hazina.AI.RAG\Embeddings\SemanticChunkingOptions.cs(220,33): warning SA1623: The property's documentation summary text should begin with: 'Gets or sets' (https://github.com/DotNetAnalyzers/StyleCopAnalyzers/blob/master/documentation/SA1623.md) [C:\Projects\Hazina\src\Core\AI\Hazina.AI.RAG\Hazina.AI.RAG.csproj::TargetFramework=net8.0]
C:\Projects\Hazina\src\Core\AI\Hazina.AI.RAG\Embeddings\SemanticChunkingOptions.cs(210,22): warning SA1629: Documentation text should end with a period (https://github.com/DotNetAnalyzers/StyleCopAnalyzers/blob/master/documentation/SA1629.md) [C:\Projects\Hazina\src\Core\AI\Hazina.AI.RAG\Hazina.AI.RAG.csproj::TargetFramework=net8.0]
C:\Projects\Hazina\src\Core\AI\Hazina.AI.RAG\Embeddings\SemanticChunkingOptions.cs(218,36): warning SA1629: Documentation text should end with a period (https://github.com/DotNetAnalyzers/StyleCopAnalyzers/blob/master/documentation/SA1629.md) [C:\Projects\Hazina\src\Core\AI\Hazina.AI.RAG\Hazina.AI.RAG.csproj::TargetFramework=net8.0]
C:\Projects\Hazina\src\Core\AI\Hazina.AI.RAG\Embeddings\SemanticChunkingOptions.cs(220,59): warning CA1805: Member 'ContentType' is explicitly initialized to its default value (https://learn.microsoft.com/dotnet/fundamentals/code-analysis/quality-rules/ca1805) [C:\Projects\Hazina\src\Core\AI\Hazina.AI.RAG\Hazina.AI.RAG.csproj::TargetFramework=net8.0]
C:\Projects\Hazina\src\Core\AI\Hazina.AI.RAG\Embeddings\SemanticChunkingOptions.cs(232,13): warning MA0048: File name must match type name (https://github.com/meziantou/Meziantou.Analyzer/blob/main/docs/Rules/MA0048.md) [C:\Projects\Hazina\src\Core\AI\Hazina.AI.RAG\Hazina.AI.RAG.csproj::TargetFramework=net8.0]
C:\Projects\Hazina\src\Core\AI\Hazina.AI.RAG\Embeddings\SemanticChunkingOptions.cs(237,63): warning SA1629: Documentation text should end with a period (https://github.com/DotNetAnalyzers/StyleCopAnalyzers/blob/master/documentation/SA1629.md) [C:\Projects\Hazina\src\Core\AI\Hazina.AI.RAG\Hazina.AI.RAG.csproj::TargetFramework=net8.0]
C:\Projects\Hazina\src\Core\AI\Hazina.AI.RAG\Embeddings\SemanticChunkingOptions.cs(244,45): warning SA1629: Documentation text should end with a period (https://github.com/DotNetAnalyzers/StyleCopAnalyzers/blob/master/documentation/SA1629.md) [C:\Projects\Hazina\src\Core\AI\Hazina.AI.RAG\Hazina.AI.RAG.csproj::TargetFramework=net8.0]
C:\Projects\Hazina\src\Core\AI\Hazina.AI.RAG\Embeddings\SemanticChunkingOptions.cs(259,13): warning MA0048: File name must match type name (https://github.com/meziantou/Meziantou.Analyzer/blob/main/docs/Rules/MA0048.md) [C:\Projects\Hazina\src\Core\AI\Hazina.AI.RAG\Hazina.AI.RAG.csproj::TargetFramework=net8.0]
C:\Projects\Hazina\src\Core\AI\Hazina.AI.RAG\Embeddings\SemanticChunkingOptions.cs(262,31): warning SA1629: Documentation text should end with a period (https://github.com/DotNetAnalyzers/StyleCopAnalyzers/blob/master/documentation/SA1629.md) [C:\Projects\Hazina\src\Core\AI\Hazina.AI.RAG\Hazina.AI.RAG.csproj::TargetFramework=net8.0]
C:\Projects\Hazina\src\Core\AI\Hazina.AI.RAG\Embeddings\SemanticChunkingOptions.cs(230,28): warning SA1629: Documentation text should end with a period (https://github.com/DotNetAnalyzers/StyleCopAnalyzers/blob/master/documentation/SA1629.md) [C:\Projects\Hazina\src\Core\AI\Hazina.AI.RAG\Hazina.AI.RAG.csproj::TargetFramework=net8.0]
C:\Projects\Hazina\src\Core\AI\Hazina.AI.RAG\Embeddings\SemanticChunkingOptions.cs(270,56): warning SA1629: Documentation text should end with a period (https://github.com/DotNetAnalyzers/StyleCopAnalyzers/blob/master/documentation/SA1629.md) [C:\Projects\Hazina\src\Core\AI\Hazina.AI.RAG\Hazina.AI.RAG.csproj::TargetFramework=net8.0]
C:\Projects\Hazina\src\Core\AI\Hazina.AI.RAG\Embeddings\Models\LLMMetadataResponse.cs(98,21): warning MA0048: File name must match type name (https://github.com/meziantou/Meziantou.Analyzer/blob/main/docs/Rules/MA0048.md) [C:\Projects\Hazina\src\Core\AI\Hazina.AI.RAG\Hazina.AI.RAG.csproj::TargetFramework=net8.0]
C:\Projects\Hazina\src\Core\AI\Hazina.AI.RAG\Embeddings\SemanticChunkingOptions.cs(257,30): warning SA1629: Documentation text should end with a period (https://github.com/DotNetAnalyzers/StyleCopAnalyzers/blob/master/documentation/SA1629.md) [C:\Projects\Hazina\src\Core\AI\Hazina.AI.RAG\Hazina.AI.RAG.csproj::TargetFramework=net8.0]
C:\Projects\Hazina\src\Core\AI\Hazina.AI.RAG\Embeddings\SemanticChunkingOptions.cs(280,33): warning SA1629: Documentation text should end with a period (https://github.com/DotNetAnalyzers/StyleCopAnalyzers/blob/master/documentation/SA1629.md) [C:\Projects\Hazina\src\Core\AI\Hazina.AI.RAG\Hazina.AI.RAG.csproj::TargetFramework=net8.0]
C:\Projects\Hazina\src\Core\AI\Hazina.AI.RAG\Embeddings\SemanticChunkingOptions.cs(251,36): warning SA1629: Documentation text should end with a period (https://github.com/DotNetAnalyzers/StyleCopAnalyzers/blob/master/documentation/SA1629.md) [C:\Projects\Hazina\src\Core\AI\Hazina.AI.RAG\Hazina.AI.RAG.csproj::TargetFramework=net8.0]
C:\Projects\Hazina\src\Core\AI\Hazina.AI.RAG\Embeddings\SemanticChunkingOptions.cs(291,57): warning SA1629: Documentation text should end with a period (https://github.com/DotNetAnalyzers/StyleCopAnalyzers/blob/master/documentation/SA1629.md) [C:\Projects\Hazina\src\Core\AI\Hazina.AI.RAG\Hazina.AI.RAG.csproj::TargetFramework=net8.0]
C:\Projects\Hazina\src\Core\AI\Hazina.AI.RAG\Embeddings\Models\LLMMetadataResponse.cs(96,55): warning SA1629: Documentation text should end with a period (https://github.com/DotNetAnalyzers/StyleCopAnalyzers/blob/master/documentation/SA1629.md) [C:\Projects\Hazina\src\Core\AI\Hazina.AI.RAG\Hazina.AI.RAG.csproj::TargetFramework=net8.0]
C:\Projects\Hazina\src\Core\AI\Hazina.AI.RAG\Embeddings\SemanticChunkingOptions.cs(311,38): warning SA1629: Documentation text should end with a period (https://github.com/DotNetAnalyzers/StyleCopAnalyzers/blob/master/documentation/SA1629.md) [C:\Projects\Hazina\src\Core\AI\Hazina.AI.RAG\Hazina.AI.RAG.csproj::TargetFramework=net8.0]
C:\Projects\Hazina\src\Core\AI\Hazina.AI.RAG\Embeddings\SemanticChunkingOptions.cs(316,28): warning SA1629: Documentation text should end with a period (https://github.com/DotNetAnalyzers/StyleCopAnalyzers/blob/master/documentation/SA1629.md) [C:\Projects\Hazina\src\Core\AI\Hazina.AI.RAG\Hazina.AI.RAG.csproj::TargetFramework=net8.0]
C:\Projects\Hazina\src\Core\AI\Hazina.AI.RAG\Embeddings\SemanticChunkingOptions.cs(288,13): warning MA0048: File name must match type name (https://github.com/meziantou/Meziantou.Analyzer/blob/main/docs/Rules/MA0048.md) [C:\Projects\Hazina\src\Core\AI\Hazina.AI.RAG\Hazina.AI.RAG.csproj::TargetFramework=net8.0]
C:\Projects\Hazina\src\Core\AI\Hazina.AI.RAG\Embeddings\SemanticChunkingOptions.cs(286,52): warning SA1629: Documentation text should end with a period (https://github.com/DotNetAnalyzers/StyleCopAnalyzers/blob/master/documentation/SA1629.md) [C:\Projects\Hazina\src\Core\AI\Hazina.AI.RAG\Hazina.AI.RAG.csproj::TargetFramework=net8.0]
C:\Projects\Hazina\src\Core\AI\Hazina.AI.RAG\Embeddings\SemanticChunkingOptions.cs(306,37): warning SA1629: Documentation text should end with a period (https://github.com/DotNetAnalyzers/StyleCopAnalyzers/blob/master/documentation/SA1629.md) [C:\Projects\Hazina\src\Core\AI\Hazina.AI.RAG\Hazina.AI.RAG.csproj::TargetFramework=net8.0]
C:\Projects\Hazina\src\Core\AI\Hazina.AI.RAG\Embeddings\SemanticChunkingOptions.cs(321,38): warning SA1629: Documentation text should end with a period (https://github.com/DotNetAnalyzers/StyleCopAnalyzers/blob/master/documentation/SA1629.md) [C:\Projects\Hazina\src\Core\AI\Hazina.AI.RAG\Hazina.AI.RAG.csproj::TargetFramework=net8.0]
C:\Projects\Hazina\src\Core\AI\Hazina.AI.RAG\Embeddings\SemanticChunkingOptions.cs(301,26): warning SA1629: Documentation text should end with a period (https://github.com/DotNetAnalyzers/StyleCopAnalyzers/blob/master/documentation/SA1629.md) [C:\Projects\Hazina\src\Core\AI\Hazina.AI.RAG\Hazina.AI.RAG.csproj::TargetFramework=net8.0]
C:\Projects\Hazina\src\Core\AI\Hazina.AI.RAG\Embeddings\SemanticChunkingOptions.cs(296,60): warning SA1629: Documentation text should end with a period (https://github.com/DotNetAnalyzers/StyleCopAnalyzers/blob/master/documentation/SA1629.md) [C:\Projects\Hazina\src\Core\AI\Hazina.AI.RAG\Hazina.AI.RAG.csproj::TargetFramework=net8.0]
C:\Projects\Hazina\src\Core\AI\Hazina.AI.RAG\Graph\Retrieval\HybridRetrievalService.cs(410,14): warning MA0048: File name must match type name (https://github.com/meziantou/Meziantou.Analyzer/blob/main/docs/Rules/MA0048.md) [C:\Projects\Hazina\src\Core\AI\Hazina.AI.RAG\Hazina.AI.RAG.csproj::TargetFramework=net8.0]
C:\Projects\Hazina\src\Core\AI\Hazina.AI.RAG\Embeddings\Models\LLMMetadataResponse.cs(115,32): warning CA1002: Change 'List<string>' in 'SectionTypes.All' to use 'Collection<T>', 'ReadOnlyCollection<T>' or 'KeyedCollection<K,V>' (https://learn.microsoft.com/dotnet/fundamentals/code-analysis/quality-rules/ca1002) [C:\Projects\Hazina\src\Core\AI\Hazina.AI.RAG\Hazina.AI.RAG.csproj::TargetFramework=net8.0]
C:\Projects\Hazina\src\Core\AI\Hazina.AI.RAG\Embeddings\Models\LLMMetadataResponse.cs(115,19): warning MA0016: Prefer using collection abstraction instead of implementation (https://github.com/meziantou/Meziantou.Analyzer/blob/main/docs/Rules/MA0016.md) [C:\Projects\Hazina\src\Core\AI\Hazina.AI.RAG\Hazina.AI.RAG.csproj::TargetFramework=net8.0]
C:\Projects\Hazina\src\Core\AI\Hazina.AI.RAG\Core\RAGEngine.cs(531,14): warning MA0048: File name must match type name (https://github.com/meziantou/Meziantou.Analyzer/blob/main/docs/Rules/MA0048.md) [C:\Projects\Hazina\src\Core\AI\Hazina.AI.RAG\Hazina.AI.RAG.csproj::TargetFramework=net8.0]
C:\Projects\Hazina\src\Core\AI\Hazina.AI.RAG\Core\RAGEngine.cs(531,14): warning S101: Rename class 'RAGQueryOptions' to match pascal case naming rules, consider using 'RagQueryOptions'. (https://rules.sonarsource.com/csharp/RSPEC-101) [C:\Projects\Hazina\src\Core\AI\Hazina.AI.RAG\Hazina.AI.RAG.csproj::TargetFramework=net8.0]
C:\Projects\Hazina\src\Core\AI\Hazina.AI.RAG\Graph\Retrieval\HybridRetrievalService.cs(413,1): warning SA1516: Elements should be separated by blank line (https://github.com/DotNetAnalyzers/StyleCopAnalyzers/blob/master/documentation/SA1516.md) [C:\Projects\Hazina\src\Core\AI\Hazina.AI.RAG\Hazina.AI.RAG.csproj::TargetFramework=net8.0]
C:\Projects\Hazina\src\Core\AI\Hazina.AI.RAG\Graph\Retrieval\HybridRetrievalService.cs(414,1): warning SA1516: Elements should be separated by blank line (https://github.com/DotNetAnalyzers/StyleCopAnalyzers/blob/master/documentation/SA1516.md) [C:\Projects\Hazina\src\Core\AI\Hazina.AI.RAG\Hazina.AI.RAG.csproj::TargetFramework=net8.0]
C:\Projects\Hazina\src\Core\AI\Hazina.AI.RAG\Graph\Retrieval\HybridRetrievalService.cs(415,1): warning SA1516: Elements should be separated by blank line (https://github.com/DotNetAnalyzers/StyleCopAnalyzers/blob/master/documentation/SA1516.md) [C:\Projects\Hazina\src\Core\AI\Hazina.AI.RAG\Hazina.AI.RAG.csproj::TargetFramework=net8.0]
C:\Projects\Hazina\src\Core\AI\Hazina.AI.RAG\Graph\Retrieval\HybridRetrievalService.cs(416,1): warning SA1516: Elements should be separated by blank line (https://github.com/DotNetAnalyzers/StyleCopAnalyzers/blob/master/documentation/SA1516.md) [C:\Projects\Hazina\src\Core\AI\Hazina.AI.RAG\Hazina.AI.RAG.csproj::TargetFramework=net8.0]
C:\Projects\Hazina\src\Core\AI\Hazina.AI.RAG\Graph\Retrieval\HybridRetrievalService.cs(417,1): warning SA1516: Elements should be separated by blank line (https://github.com/DotNetAnalyzers/StyleCopAnalyzers/blob/master/documentation/SA1516.md) [C:\Projects\Hazina\src\Core\AI\Hazina.AI.RAG\Hazina.AI.RAG.csproj::TargetFramework=net8.0]
C:\Projects\Hazina\src\Core\AI\Hazina.AI.RAG\Graph\Retrieval\HybridRetrievalService.cs(418,1): warning SA1516: Elements should be separated by blank line (https://github.com/DotNetAnalyzers/StyleCopAnalyzers/blob/master/documentation/SA1516.md) [C:\Projects\Hazina\src\Core\AI\Hazina.AI.RAG\Hazina.AI.RAG.csproj::TargetFramework=net8.0]
C:\Projects\Hazina\src\Core\AI\Hazina.AI.RAG\Core\RAGEngine.cs(529,22): warning SA1629: Documentation text should end with a period (https://github.com/DotNetAnalyzers/StyleCopAnalyzers/blob/master/documentation/SA1629.md) [C:\Projects\Hazina\src\Core\AI\Hazina.AI.RAG\Hazina.AI.RAG.csproj::TargetFramework=net8.0]
C:\Projects\Hazina\src\Core\AI\Hazina.AI.RAG\Core\RAGEngine.cs(534,1): warning SA1516: Elements should be separated by blank line (https://github.com/DotNetAnalyzers/StyleCopAnalyzers/blob/master/documentation/SA1516.md) [C:\Projects\Hazina\src\Core\AI\Hazina.AI.RAG\Hazina.AI.RAG.csproj::TargetFramework=net8.0]
C:\Projects\Hazina\src\Core\AI\Hazina.AI.RAG\Core\RAGEngine.cs(535,1): warning SA1516: Elements should be separated by blank line (https://github.com/DotNetAnalyzers/StyleCopAnalyzers/blob/master/documentation/SA1516.md) [C:\Projects\Hazina\src\Core\AI\Hazina.AI.RAG\Hazina.AI.RAG.csproj::TargetFramework=net8.0]
C:\Projects\Hazina\src\Core\AI\Hazina.AI.RAG\Core\RAGEngine.cs(536,1): warning SA1516: Elements should be separated by blank line (https://github.com/DotNetAnalyzers/StyleCopAnalyzers/blob/master/documentation/SA1516.md) [C:\Projects\Hazina\src\Core\AI\Hazina.AI.RAG\Hazina.AI.RAG.csproj::TargetFramework=net8.0]
C:\Projects\Hazina\src\Core\AI\Hazina.AI.RAG\Core\RAGEngine.cs(537,1): warning SA1516: Elements should be separated by blank line (https://github.com/DotNetAnalyzers/StyleCopAnalyzers/blob/master/documentation/SA1516.md) [C:\Projects\Hazina\src\Core\AI\Hazina.AI.RAG\Hazina.AI.RAG.csproj::TargetFramework=net8.0]
C:\Projects\Hazina\src\Core\AI\Hazina.AI.RAG\Core\RAGEngine.cs(538,1): warning SA1516: Elements should be separated by blank line (https://github.com/DotNetAnalyzers/StyleCopAnalyzers/blob/master/documentation/SA1516.md) [C:\Projects\Hazina\src\Core\AI\Hazina.AI.RAG\Hazina.AI.RAG.csproj::TargetFramework=net8.0]
C:\Projects\Hazina\src\Core\AI\Hazina.AI.RAG\Embeddings\HierarchicalChunker.cs(1,1): warning SA1633: The file header is missing or not located at the top of the file. (https://github.com/DotNetAnalyzers/StyleCopAnalyzers/blob/master/documentation/SA1633.md) [C:\Projects\Hazina\src\Core\AI\Hazina.AI.RAG\Hazina.AI.RAG.csproj::TargetFramework=net8.0]
C:\Projects\Hazina\src\Core\AI\Hazina.AI.RAG\Core\RAGEngine.cs(545,17): warning SA1623: The property's documentation summary text should begin with: 'Gets or sets a value indicating whether' (https://github.com/DotNetAnalyzers/StyleCopAnalyzers/blob/master/documentation/SA1623.md) [C:\Projects\Hazina\src\Core\AI\Hazina.AI.RAG\Hazina.AI.RAG.csproj::TargetFramework=net8.0]
C:\Projects\Hazina\src\Core\AI\Hazina.AI.RAG\Core\RAGEngine.cs(552,28): warning SA1623: The property's documentation summary text should begin with: 'Gets or sets' (https://github.com/DotNetAnalyzers/StyleCopAnalyzers/blob/master/documentation/SA1623.md) [C:\Projects\Hazina\src\Core\AI\Hazina.AI.RAG\Hazina.AI.RAG.csproj::TargetFramework=net8.0]
C:\Projects\Hazina\src\Core\AI\Hazina.AI.RAG\Core\RAGEngine.cs(538,47): warning CA1805: Member 'RequireCitation' is explicitly initialized to its default value (https://learn.microsoft.com/dotnet/fundamentals/code-analysis/quality-rules/ca1805) [C:\Projects\Hazina\src\Core\AI\Hazina.AI.RAG\Hazina.AI.RAG.csproj::TargetFramework=net8.0]
C:\Projects\Hazina\src\Core\AI\Hazina.AI.RAG\Core\RAGEngine.cs(579,20): warning SA1623: The property's documentation summary text should begin with: 'Gets or sets' (https://github.com/DotNetAnalyzers/StyleCopAnalyzers/blob/master/documentation/SA1623.md) [C:\Projects\Hazina\src\Core\AI\Hazina.AI.RAG\Hazina.AI.RAG.csproj::TargetFramework=net8.0]
C:\Projects\Hazina\src\Core\AI\Hazina.AI.RAG\Core\RAGEngine.cs(558,20): warning SA1623: The property's documentation summary text should begin with: 'Gets or sets' (https://github.com/DotNetAnalyzers/StyleCopAnalyzers/blob/master/documentation/SA1623.md) [C:\Projects\Hazina\src\Core\AI\Hazina.AI.RAG\Hazina.AI.RAG.csproj::TargetFramework=net8.0]
C:\Projects\Hazina\src\Core\AI\Hazina.AI.RAG\Core\RAGEngine.cs(536,45): warning CA1805: Member 'UseNeurochain' is explicitly initialized to its default value (https://learn.microsoft.com/dotnet/fundamentals/code-analysis/quality-rules/ca1805) [C:\Projects\Hazina\src\Core\AI\Hazina.AI.RAG\Hazina.AI.RAG.csproj::TargetFramework=net8.0]
C:\Projects\Hazina\src\Core\AI\Hazina.AI.RAG\Core\RAGEngine.cs(567,17): warning SA1623: The property's documentation summary text should begin with: 'Gets or sets a value indicating whether' (https://github.com/DotNetAnalyzers/StyleCopAnalyzers/blob/master/documentation/SA1623.md) [C:\Projects\Hazina\src\Core\AI\Hazina.AI.RAG\Hazina.AI.RAG.csproj::TargetFramework=net8.0]
C:\Projects\Hazina\src\Core\AI\Hazina.AI.RAG\Graph\Pipeline\LLMRelationshipExtractor.cs(19,26): warning SA1310: Field 'RELATIONSHIP_EXTRACTION_PROMPT' should not contain an underscore (https://github.com/DotNetAnalyzers/StyleCopAnalyzers/blob/master/documentation/SA1310.md) [C:\Projects\Hazina\src\Core\AI\Hazina.AI.RAG\Hazina.AI.RAG.csproj::TargetFramework=net8.0]
C:\Projects\Hazina\src\Core\AI\Hazina.AI.RAG\Embeddings\LLMMetadataExtractor.cs(12,14): warning S101: Rename class 'LLMMetadataExtractor' to match pascal case naming rules, consider using 'LlmMetadataExtractor'. (https://rules.sonarsource.com/csharp/RSPEC-101) [C:\Projects\Hazina\src\Core\AI\Hazina.AI.RAG\Hazina.AI.RAG.csproj::TargetFramework=net8.0]
C:\Projects\Hazina\src\Core\AI\Hazina.AI.RAG\Core\RAGEngine.cs(567,51): warning CA1805: Member 'UseCompositeScoring' is explicitly initialized to its default value (https://learn.microsoft.com/dotnet/fundamentals/code-analysis/quality-rules/ca1805) [C:\Projects\Hazina\src\Core\AI\Hazina.AI.RAG\Hazina.AI.RAG.csproj::TargetFramework=net8.0]
C:\Projects\Hazina\src\Core\AI\Hazina.AI.RAG\Core\RAGEngine.cs(585,22): warning SA1623: The property's documentation summary text should begin with: 'Gets or sets' (https://github.com/DotNetAnalyzers/StyleCopAnalyzers/blob/master/documentation/SA1623.md) [C:\Projects\Hazina\src\Core\AI\Hazina.AI.RAG\Hazina.AI.RAG.csproj::TargetFramework=net8.0]
C:\Projects\Hazina\src\Core\AI\Hazina.AI.RAG\Graph\Pipeline\LLMRelationshipExtractor.cs(202,24): warning S3459: Remove unassigned auto-property 'Description', or set its value. (https://rules.sonarsource.com/csharp/RSPEC-3459) [C:\Projects\Hazina\src\Core\AI\Hazina.AI.RAG\Hazina.AI.RAG.csproj::TargetFramework=net8.0]
C:\Projects\Hazina\src\Core\AI\Hazina.AI.RAG\Graph\Retrieval\HybridRetrievalService.cs(424,13): warning MA0048: File name must match type name (https://github.com/meziantou/Meziantou.Analyzer/blob/main/docs/Rules/MA0048.md) [C:\Projects\Hazina\src\Core\AI\Hazina.AI.RAG\Hazina.AI.RAG.csproj::TargetFramework=net8.0]
C:\Projects\Hazina\src\Core\AI\Hazina.AI.RAG\Embeddings\HierarchicalChunker.cs(351,14): warning SA1402: File may only contain a single type (https://github.com/DotNetAnalyzers/StyleCopAnalyzers/blob/master/documentation/SA1402.md) [C:\Projects\Hazina\src\Core\AI\Hazina.AI.RAG\Hazina.AI.RAG.csproj::TargetFramework=net8.0]
C:\Projects\Hazina\src\Core\AI\Hazina.AI.RAG\Core\RAGEngine.cs(573,28): warning SA1623: The property's documentation summary text should begin with: 'Gets or sets' (https://github.com/DotNetAnalyzers/StyleCopAnalyzers/blob/master/documentation/SA1623.md) [C:\Projects\Hazina\src\Core\AI\Hazina.AI.RAG\Hazina.AI.RAG.csproj::TargetFramework=net8.0]
C:\Projects\Hazina\src\Core\AI\Hazina.AI.RAG\Graph\Pipeline\LLMRelationshipExtractor.cs(204,51): warning CA1805: Member 'IsBidirectional' is explicitly initialized to its default value (https://learn.microsoft.com/dotnet/fundamentals/code-analysis/quality-rules/ca1805) [C:\Projects\Hazina\src\Core\AI\Hazina.AI.RAG\Hazina.AI.RAG.csproj::TargetFramework=net8.0]
C:\Projects\Hazina\src\Core\AI\Hazina.AI.RAG\Core\RAGEngine.cs(609,39): warning CA2227: Change 'Metadata' to be read-only by removing the property setter (https://learn.microsoft.com/dotnet/fundamentals/code-analysis/quality-rules/ca2227) [C:\Projects\Hazina\src\Core\AI\Hazina.AI.RAG\Hazina.AI.RAG.csproj::TargetFramework=net8.0]
C:\Projects\Hazina\src\Core\AI\Hazina.AI.RAG\Graph\Pipeline\LLMRelationshipExtractor.cs(200,1): warning SA1516: Elements should be separated by blank line (https://github.com/DotNetAnalyzers/StyleCopAnalyzers/blob/master/documentation/SA1516.md) [C:\Projects\Hazina\src\Core\AI\Hazina.AI.RAG\Hazina.AI.RAG.csproj::TargetFramework=net8.0]
C:\Projects\Hazina\src\Core\AI\Hazina.AI.RAG\Core\RAGEngine.cs(609,12): warning MA0016: Prefer using collection abstraction instead of implementation (https://github.com/meziantou/Meziantou.Analyzer/blob/main/docs/Rules/MA0016.md) [C:\Projects\Hazina\src\Core\AI\Hazina.AI.RAG\Hazina.AI.RAG.csproj::TargetFramework=net8.0]
C:\Projects\Hazina\src\Core\AI\Hazina.AI.RAG\Graph\Pipeline\LLMRelationshipExtractor.cs(201,1): warning SA1516: Elements should be separated by blank line (https://github.com/DotNetAnalyzers/StyleCopAnalyzers/blob/master/documentation/SA1516.md) [C:\Projects\Hazina\src\Core\AI\Hazina.AI.RAG\Hazina.AI.RAG.csproj::TargetFramework=net8.0]
C:\Projects\Hazina\src\Core\AI\Hazina.AI.RAG\Graph\Pipeline\LLMRelationshipExtractor.cs(202,1): warning SA1516: Elements should be separated by blank line (https://github.com/DotNetAnalyzers/StyleCopAnalyzers/blob/master/documentation/SA1516.md) [C:\Projects\Hazina\src\Core\AI\Hazina.AI.RAG\Hazina.AI.RAG.csproj::TargetFramework=net8.0]
C:\Projects\Hazina\src\Core\AI\Hazina.AI.RAG\Graph\Pipeline\LLMRelationshipExtractor.cs(203,1): warning SA1516: Elements should be separated by blank line (https://github.com/DotNetAnalyzers/StyleCopAnalyzers/blob/master/documentation/SA1516.md) [C:\Projects\Hazina\src\Core\AI\Hazina.AI.RAG\Hazina.AI.RAG.csproj::TargetFramework=net8.0]
C:\Projects\Hazina\src\Core\AI\Hazina.AI.RAG\Graph\Pipeline\LLMRelationshipExtractor.cs(204,1): warning SA1516: Elements should be separated by blank line (https://github.com/DotNetAnalyzers/StyleCopAnalyzers/blob/master/documentation/SA1516.md) [C:\Projects\Hazina\src\Core\AI\Hazina.AI.RAG\Hazina.AI.RAG.csproj::TargetFramework=net8.0]
C:\Projects\Hazina\src\Core\AI\Hazina.AI.RAG\Core\RAGEngine.cs(605,14): warning MA0048: File name must match type name (https://github.com/meziantou/Meziantou.Analyzer/blob/main/docs/Rules/MA0048.md) [C:\Projects\Hazina\src\Core\AI\Hazina.AI.RAG\Hazina.AI.RAG.csproj::TargetFramework=net8.0]
C:\Projects\Hazina\src\Core\AI\Hazina.AI.RAG\Embeddings\LLMMetadataExtractor.cs(10,81): warning SA1629: Documentation text should end with a period (https://github.com/DotNetAnalyzers/StyleCopAnalyzers/blob/master/documentation/SA1629.md) [C:\Projects\Hazina\src\Core\AI\Hazina.AI.RAG\Hazina.AI.RAG.csproj::TargetFramework=net8.0]
C:\Projects\Hazina\src\Core\AI\Hazina.AI.RAG\Graph\Pipeline\LLMRelationshipExtractor.cs(202,43): warning S1144: Remove the unused private set accessor in property 'Description'. (https://rules.sonarsource.com/csharp/RSPEC-1144) [C:\Projects\Hazina\src\Core\AI\Hazina.AI.RAG\Hazina.AI.RAG.csproj::TargetFramework=net8.0]
C:\Projects\Hazina\src\Core\AI\Hazina.AI.RAG\Graph\Storage\IGraphStore.cs(106,14): warning MA0048: File name must match type name (https://github.com/meziantou/Meziantou.Analyzer/blob/main/docs/Rules/MA0048.md) [C:\Projects\Hazina\src\Core\AI\Hazina.AI.RAG\Hazina.AI.RAG.csproj::TargetFramework=net8.0]
C:\Projects\Hazina\src\Core\AI\Hazina.AI.RAG\Core\RAGEngine.cs(603,26): warning SA1629: Documentation text should end with a period (https://github.com/DotNetAnalyzers/StyleCopAnalyzers/blob/master/documentation/SA1629.md) [C:\Projects\Hazina\src\Core\AI\Hazina.AI.RAG\Hazina.AI.RAG.csproj::TargetFramework=net8.0]
C:\Projects\Hazina\src\Core\AI\Hazina.AI.RAG\Core\RAGEngine.cs(608,1): warning SA1516: Elements should be separated by blank line (https://github.com/DotNetAnalyzers/StyleCopAnalyzers/blob/master/documentation/SA1516.md) [C:\Projects\Hazina\src\Core\AI\Hazina.AI.RAG\Hazina.AI.RAG.csproj::TargetFramework=net8.0]
C:\Projects\Hazina\src\Core\AI\Hazina.AI.RAG\Core\RAGEngine.cs(609,1): warning SA1516: Elements should be separated by blank line (https://github.com/DotNetAnalyzers/StyleCopAnalyzers/blob/master/documentation/SA1516.md) [C:\Projects\Hazina\src\Core\AI\Hazina.AI.RAG\Hazina.AI.RAG.csproj::TargetFramework=net8.0]
C:\Projects\Hazina\src\Core\AI\Hazina.AI.RAG\Graph\Pipeline\LLMRelationshipExtractor.cs(13,14): warning S101: Rename class 'LLMRelationshipExtractor' to match pascal case naming rules, consider using 'LlmRelationshipExtractor'. (https://rules.sonarsource.com/csharp/RSPEC-101) [C:\Projects\Hazina\src\Core\AI\Hazina.AI.RAG\Hazina.AI.RAG.csproj::TargetFramework=net8.0]
C:\Projects\Hazina\src\Core\AI\Hazina.AI.RAG\Graph\Storage\IGraphStore.cs(110,36): warning CA2227: Change 'EntityTypeDistribution' to be read-only by removing the property setter (https://learn.microsoft.com/dotnet/fundamentals/code-analysis/quality-rules/ca2227) [C:\Projects\Hazina\src\Core\AI\Hazina.AI.RAG\Hazina.AI.RAG.csproj::TargetFramework=net8.0]
C:\Projects\Hazina\src\Core\AI\Hazina.AI.RAG\Graph\Storage\IGraphStore.cs(111,36): warning CA2227: Change 'RelationshipTypeDistribution' to be read-only by removing the property setter (https://learn.microsoft.com/dotnet/fundamentals/code-analysis/quality-rules/ca2227) [C:\Projects\Hazina\src\Core\AI\Hazina.AI.RAG\Hazina.AI.RAG.csproj::TargetFramework=net8.0]
C:\Projects\Hazina\src\Core\AI\Hazina.AI.RAG\Graph\Storage\IGraphStore.cs(110,12): warning MA0016: Prefer using collection abstraction instead of implementation (https://github.com/meziantou/Meziantou.Analyzer/blob/main/docs/Rules/MA0016.md) [C:\Projects\Hazina\src\Core\AI\Hazina.AI.RAG\Hazina.AI.RAG.csproj::TargetFramework=net8.0]
C:\Projects\Hazina\src\Core\AI\Hazina.AI.RAG\Graph\Storage\IGraphStore.cs(111,12): warning MA0016: Prefer using collection abstraction instead of implementation (https://github.com/meziantou/Meziantou.Analyzer/blob/main/docs/Rules/MA0016.md) [C:\Projects\Hazina\src\Core\AI\Hazina.AI.RAG\Hazina.AI.RAG.csproj::TargetFramework=net8.0]
C:\Projects\Hazina\src\Core\AI\Hazina.AI.RAG\Embeddings\TextChunker.cs(374,13): warning MA0048: File name must match type name (https://github.com/meziantou/Meziantou.Analyzer/blob/main/docs/Rules/MA0048.md) [C:\Projects\Hazina\src\Core\AI\Hazina.AI.RAG\Hazina.AI.RAG.csproj::TargetFramework=net8.0]
C:\Projects\Hazina\src\Core\AI\Hazina.AI.RAG\Embeddings\TextChunker.cs(344,14): warning MA0048: File name must match type name (https://github.com/meziantou/Meziantou.Analyzer/blob/main/docs/Rules/MA0048.md) [C:\Projects\Hazina\src\Core\AI\Hazina.AI.RAG\Hazina.AI.RAG.csproj::TargetFramework=net8.0]
C:\Projects\Hazina\src\Core\AI\Hazina.AI.RAG\Graph\Storage\IGraphStore.cs(109,1): warning SA1516: Elements should be separated by blank line (https://github.com/DotNetAnalyzers/StyleCopAnalyzers/blob/master/documentation/SA1516.md) [C:\Projects\Hazina\src\Core\AI\Hazina.AI.RAG\Hazina.AI.RAG.csproj::TargetFramework=net8.0]
C:\Projects\Hazina\src\Core\AI\Hazina.AI.RAG\Graph\Storage\IGraphStore.cs(110,1): warning SA1516: Elements should be separated by blank line (https://github.com/DotNetAnalyzers/StyleCopAnalyzers/blob/master/documentation/SA1516.md) [C:\Projects\Hazina\src\Core\AI\Hazina.AI.RAG\Hazina.AI.RAG.csproj::TargetFramework=net8.0]
C:\Projects\Hazina\src\Core\AI\Hazina.AI.RAG\Graph\Storage\IGraphStore.cs(111,1): warning SA1516: Elements should be separated by blank line (https://github.com/DotNetAnalyzers/StyleCopAnalyzers/blob/master/documentation/SA1516.md) [C:\Projects\Hazina\src\Core\AI\Hazina.AI.RAG\Hazina.AI.RAG.csproj::TargetFramework=net8.0]
C:\Projects\Hazina\src\Core\AI\Hazina.AI.RAG\Graph\Storage\IGraphStore.cs(110,75): warning MA0002: Use an overload that has a IEqualityComparer<string> or IComparer<string> parameter (https://github.com/meziantou/Meziantou.Analyzer/blob/main/docs/Rules/MA0002.md) [C:\Projects\Hazina\src\Core\AI\Hazina.AI.RAG\Hazina.AI.RAG.csproj::TargetFramework=net8.0]
C:\Projects\Hazina\src\Core\AI\Hazina.AI.RAG\Core\RAGEngine.cs(609,64): warning MA0002: Use an overload that has a IEqualityComparer<string> or IComparer<string> parameter (https://github.com/meziantou/Meziantou.Analyzer/blob/main/docs/Rules/MA0002.md) [C:\Projects\Hazina\src\Core\AI\Hazina.AI.RAG\Hazina.AI.RAG.csproj::TargetFramework=net8.0]
C:\Projects\Hazina\src\Core\AI\Hazina.AI.RAG\Graph\Storage\IGraphStore.cs(111,81): warning MA0002: Use an overload that has a IEqualityComparer<string> or IComparer<string> parameter (https://github.com/meziantou/Meziantou.Analyzer/blob/main/docs/Rules/MA0002.md) [C:\Projects\Hazina\src\Core\AI\Hazina.AI.RAG\Hazina.AI.RAG.csproj::TargetFramework=net8.0]
C:\Projects\Hazina\src\Core\AI\Hazina.AI.RAG\Embeddings\TextChunker.cs(372,24): warning SA1629: Documentation text should end with a period (https://github.com/DotNetAnalyzers/StyleCopAnalyzers/blob/master/documentation/SA1629.md) [C:\Projects\Hazina\src\Core\AI\Hazina.AI.RAG\Hazina.AI.RAG.csproj::TargetFramework=net8.0]
C:\Projects\Hazina\src\Core\AI\Hazina.AI.RAG\Graph\Pipeline\LLMTextService.cs(9,14): warning S101: Rename class 'LLMTextService' to match pascal case naming rules, consider using 'LlmTextService'. (https://rules.sonarsource.com/csharp/RSPEC-101) [C:\Projects\Hazina\src\Core\AI\Hazina.AI.RAG\Hazina.AI.RAG.csproj::TargetFramework=net8.0]
C:\Projects\Hazina\src\Core\AI\Hazina.AI.RAG\Core\RAGEngine.cs(615,14): warning MA0048: File name must match type name (https://github.com/meziantou/Meziantou.Analyzer/blob/main/docs/Rules/MA0048.md) [C:\Projects\Hazina\src\Core\AI\Hazina.AI.RAG\Hazina.AI.RAG.csproj::TargetFramework=net8.0]
C:\Projects\Hazina\src\Core\AI\Hazina.AI.RAG\Embeddings\TextChunker.cs(342,26): warning SA1629: Documentation text should end with a period (https://github.com/DotNetAnalyzers/StyleCopAnalyzers/blob/master/documentation/SA1629.md) [C:\Projects\Hazina\src\Core\AI\Hazina.AI.RAG\Hazina.AI.RAG.csproj::TargetFramework=net8.0]
C:\Projects\Hazina\src\Core\AI\Hazina.AI.RAG\Core\RAGEngine.cs(620,39): warning CA2227: Change 'Metadata' to be read-only by removing the property setter (https://learn.microsoft.com/dotnet/fundamentals/code-analysis/quality-rules/ca2227) [C:\Projects\Hazina\src\Core\AI\Hazina.AI.RAG\Hazina.AI.RAG.csproj::TargetFramework=net8.0]
C:\Projects\Hazina\src\Core\AI\Hazina.AI.RAG\Core\RAGEngine.cs(620,12): warning MA0016: Prefer using collection abstraction instead of implementation (https://github.com/meziantou/Meziantou.Analyzer/blob/main/docs/Rules/MA0016.md) [C:\Projects\Hazina\src\Core\AI\Hazina.AI.RAG\Hazina.AI.RAG.csproj::TargetFramework=net8.0]
C:\Projects\Hazina\src\Core\AI\Hazina.AI.RAG\Core\RAGEngine.cs(613,45): warning SA1629: Documentation text should end with a period (https://github.com/DotNetAnalyzers/StyleCopAnalyzers/blob/master/documentation/SA1629.md) [C:\Projects\Hazina\src\Core\AI\Hazina.AI.RAG\Hazina.AI.RAG.csproj::TargetFramework=net8.0]
C:\Projects\Hazina\src\Core\AI\Hazina.AI.RAG\Embeddings\TextChunker.cs(350,29): warning SA1623: The property's documentation summary text should begin with: 'Gets or sets' (https://github.com/DotNetAnalyzers/StyleCopAnalyzers/blob/master/documentation/SA1623.md) [C:\Projects\Hazina\src\Core\AI\Hazina.AI.RAG\Hazina.AI.RAG.csproj::TargetFramework=net8.0]
C:\Projects\Hazina\src\Core\AI\Hazina.AI.RAG\Core\RAGEngine.cs(618,1): warning SA1516: Elements should be separated by blank line (https://github.com/DotNetAnalyzers/StyleCopAnalyzers/blob/master/documentation/SA1516.md) [C:\Projects\Hazina\src\Core\AI\Hazina.AI.RAG\Hazina.AI.RAG.csproj::TargetFramework=net8.0]
C:\Projects\Hazina\src\Core\AI\Hazina.AI.RAG\Core\RAGEngine.cs(619,1): warning SA1516: Elements should be separated by blank line (https://github.com/DotNetAnalyzers/StyleCopAnalyzers/blob/master/documentation/SA1516.md) [C:\Projects\Hazina\src\Core\AI\Hazina.AI.RAG\Hazina.AI.RAG.csproj::TargetFramework=net8.0]
C:\Projects\Hazina\src\Core\AI\Hazina.AI.RAG\Core\RAGEngine.cs(620,1): warning SA1516: Elements should be separated by blank line (https://github.com/DotNetAnalyzers/StyleCopAnalyzers/blob/master/documentation/SA1516.md) [C:\Projects\Hazina\src\Core\AI\Hazina.AI.RAG\Hazina.AI.RAG.csproj::TargetFramework=net8.0]
C:\Projects\Hazina\src\Core\AI\Hazina.AI.RAG\Embeddings\TextChunker.cs(348,50): warning SA1629: Documentation text should end with a period (https://github.com/DotNetAnalyzers/StyleCopAnalyzers/blob/master/documentation/SA1629.md) [C:\Projects\Hazina\src\Core\AI\Hazina.AI.RAG\Hazina.AI.RAG.csproj::TargetFramework=net8.0]
C:\Projects\Hazina\src\Core\AI\Hazina.AI.RAG\Embeddings\TextChunker.cs(368,37): warning SA1623: The property's documentation summary text should begin with: 'Gets or sets' (https://github.com/DotNetAnalyzers/StyleCopAnalyzers/blob/master/documentation/SA1623.md) [C:\Projects\Hazina\src\Core\AI\Hazina.AI.RAG\Hazina.AI.RAG.csproj::TargetFramework=net8.0]
C:\Projects\Hazina\src\Core\AI\Hazina.AI.RAG\Core\RAGEngine.cs(641,18): warning MA0048: File name must match type name (https://github.com/meziantou/Meziantou.Analyzer/blob/main/docs/Rules/MA0048.md) [C:\Projects\Hazina\src\Core\AI\Hazina.AI.RAG\Hazina.AI.RAG.csproj::TargetFramework=net8.0]
C:\Projects\Hazina\src\Core\AI\Hazina.AI.RAG\Embeddings\TextChunker.cs(332,14): warning MA0048: File name must match type name (https://github.com/meziantou/Meziantou.Analyzer/blob/main/docs/Rules/MA0048.md) [C:\Projects\Hazina\src\Core\AI\Hazina.AI.RAG\Hazina.AI.RAG.csproj::TargetFramework=net8.0]
C:\Projects\Hazina\src\Core\AI\Hazina.AI.RAG\Embeddings\TextChunker.cs(366,44): warning SA1629: Documentation text should end with a period (https://github.com/DotNetAnalyzers/StyleCopAnalyzers/blob/master/documentation/SA1629.md) [C:\Projects\Hazina\src\Core\AI\Hazina.AI.RAG\Hazina.AI.RAG.csproj::TargetFramework=net8.0]
C:\Projects\Hazina\src\Core\AI\Hazina.AI.RAG\Embeddings\TextChunker.cs(362,16): warning SA1623: The property's documentation summary text should begin with: 'Gets or sets' (https://github.com/DotNetAnalyzers/StyleCopAnalyzers/blob/master/documentation/SA1623.md) [C:\Projects\Hazina\src\Core\AI\Hazina.AI.RAG\Hazina.AI.RAG.csproj::TargetFramework=net8.0]
C:\Projects\Hazina\src\Core\AI\Hazina.AI.RAG\Embeddings\TextChunker.cs(360,21): warning SA1629: Documentation text should end with a period (https://github.com/DotNetAnalyzers/StyleCopAnalyzers/blob/master/documentation/SA1629.md) [C:\Projects\Hazina\src\Core\AI\Hazina.AI.RAG\Hazina.AI.RAG.csproj::TargetFramework=net8.0]
C:\Projects\Hazina\src\Core\AI\Hazina.AI.RAG\Embeddings\TextChunker.cs(368,67): warning CA1805: Member 'SemanticOptions' is explicitly initialized to its default value (https://learn.microsoft.com/dotnet/fundamentals/code-analysis/quality-rules/ca1805) [C:\Projects\Hazina\src\Core\AI\Hazina.AI.RAG\Hazina.AI.RAG.csproj::TargetFramework=net8.0]
C:\Projects\Hazina\src\Core\AI\Hazina.AI.RAG\Embeddings\TextChunker.cs(356,16): warning SA1623: The property's documentation summary text should begin with: 'Gets or sets' (https://github.com/DotNetAnalyzers/StyleCopAnalyzers/blob/master/documentation/SA1623.md) [C:\Projects\Hazina\src\Core\AI\Hazina.AI.RAG\Hazina.AI.RAG.csproj::TargetFramework=net8.0]
C:\Projects\Hazina\src\Core\AI\Hazina.AI.RAG\Embeddings\TextChunker.cs(354,22): warning SA1629: Documentation text should end with a period (https://github.com/DotNetAnalyzers/StyleCopAnalyzers/blob/master/documentation/SA1629.md) [C:\Projects\Hazina\src\Core\AI\Hazina.AI.RAG\Hazina.AI.RAG.csproj::TargetFramework=net8.0]
C:\Projects\Hazina\src\Core\AI\Hazina.AI.RAG\Core\RAGEngine.cs(639,40): warning SA1629: Documentation text should end with a period (https://github.com/DotNetAnalyzers/StyleCopAnalyzers/blob/master/documentation/SA1629.md) [C:\Projects\Hazina\src\Core\AI\Hazina.AI.RAG\Hazina.AI.RAG.csproj::TargetFramework=net8.0]
C:\Projects\Hazina\src\Core\AI\Hazina.AI.RAG\Core\RAGEngine.cs(644,1): warning SA1516: Elements should be separated by blank line (https://github.com/DotNetAnalyzers/StyleCopAnalyzers/blob/master/documentation/SA1516.md) [C:\Projects\Hazina\src\Core\AI\Hazina.AI.RAG\Hazina.AI.RAG.csproj::TargetFramework=net8.0]
C:\Projects\Hazina\src\Core\AI\Hazina.AI.RAG\Embeddings\TextChunker.cs(330,29): warning SA1629: Documentation text should end with a period (https://github.com/DotNetAnalyzers/StyleCopAnalyzers/blob/master/documentation/SA1629.md) [C:\Projects\Hazina\src\Core\AI\Hazina.AI.RAG\Hazina.AI.RAG.csproj::TargetFramework=net8.0]
C:\Projects\Hazina\src\Core\AI\Hazina.AI.RAG\Embeddings\TextChunker.cs(335,1): warning SA1516: Elements should be separated by blank line (https://github.com/DotNetAnalyzers/StyleCopAnalyzers/blob/master/documentation/SA1516.md) [C:\Projects\Hazina\src\Core\AI\Hazina.AI.RAG\Hazina.AI.RAG.csproj::TargetFramework=net8.0]
C:\Projects\Hazina\src\Core\AI\Hazina.AI.RAG\Embeddings\TextChunker.cs(336,1): warning SA1516: Elements should be separated by blank line (https://github.com/DotNetAnalyzers/StyleCopAnalyzers/blob/master/documentation/SA1516.md) [C:\Projects\Hazina\src\Core\AI\Hazina.AI.RAG\Hazina.AI.RAG.csproj::TargetFramework=net8.0]
C:\Projects\Hazina\src\Core\AI\Hazina.AI.RAG\Embeddings\TextChunker.cs(337,1): warning SA1516: Elements should be separated by blank line (https://github.com/DotNetAnalyzers/StyleCopAnalyzers/blob/master/documentation/SA1516.md) [C:\Projects\Hazina\src\Core\AI\Hazina.AI.RAG\Hazina.AI.RAG.csproj::TargetFramework=net8.0]
C:\Projects\Hazina\src\Core\AI\Hazina.AI.RAG\Embeddings\TextChunker.cs(338,1): warning SA1516: Elements should be separated by blank line (https://github.com/DotNetAnalyzers/StyleCopAnalyzers/blob/master/documentation/SA1516.md) [C:\Projects\Hazina\src\Core\AI\Hazina.AI.RAG\Hazina.AI.RAG.csproj::TargetFramework=net8.0]
C:\Projects\Hazina\src\Core\AI\Hazina.AI.RAG\Core\RAGEngine.cs(620,64): warning MA0002: Use an overload that has a IEqualityComparer<string> or IComparer<string> parameter (https://github.com/meziantou/Meziantou.Analyzer/blob/main/docs/Rules/MA0002.md) [C:\Projects\Hazina\src\Core\AI\Hazina.AI.RAG\Hazina.AI.RAG.csproj::TargetFramework=net8.0]
C:\Projects\Hazina\src\Core\AI\Hazina.AI.RAG\Core\RAGEngine.cs(626,14): warning MA0048: File name must match type name (https://github.com/meziantou/Meziantou.Analyzer/blob/main/docs/Rules/MA0048.md) [C:\Projects\Hazina\src\Core\AI\Hazina.AI.RAG\Hazina.AI.RAG.csproj::TargetFramework=net8.0]
C:\Projects\Hazina\src\Core\AI\Hazina.AI.RAG\Core\RAGEngine.cs(631,25): warning CA2227: Change 'Errors' to be read-only by removing the property setter (https://learn.microsoft.com/dotnet/fundamentals/code-analysis/quality-rules/ca2227) [C:\Projects\Hazina\src\Core\AI\Hazina.AI.RAG\Hazina.AI.RAG.csproj::TargetFramework=net8.0]
C:\Projects\Hazina\src\Core\AI\Hazina.AI.RAG\Core\RAGEngine.cs(631,25): warning CA1002: Change 'List<string>' in 'IndexingResult.Errors' to use 'Collection<T>', 'ReadOnlyCollection<T>' or 'KeyedCollection<K,V>' (https://learn.microsoft.com/dotnet/fundamentals/code-analysis/quality-rules/ca1002) [C:\Projects\Hazina\src\Core\AI\Hazina.AI.RAG\Hazina.AI.RAG.csproj::TargetFramework=net8.0]
C:\Projects\Hazina\src\Core\AI\Hazina.AI.RAG\Core\RAGEngine.cs(631,12): warning MA0016: Prefer using collection abstraction instead of implementation (https://github.com/meziantou/Meziantou.Analyzer/blob/main/docs/Rules/MA0016.md) [C:\Projects\Hazina\src\Core\AI\Hazina.AI.RAG\Hazina.AI.RAG.csproj::TargetFramework=net8.0]
C:\Projects\Hazina\src\Core\AI\Hazina.AI.RAG\Embeddings\TextChunker.cs(338,39): warning CA2227: Change 'Metadata' to be read-only by removing the property setter (https://learn.microsoft.com/dotnet/fundamentals/code-analysis/quality-rules/ca2227) [C:\Projects\Hazina\src\Core\AI\Hazina.AI.RAG\Hazina.AI.RAG.csproj::TargetFramework=net8.0]
C:\Projects\Hazina\src\Core\AI\Hazina.AI.RAG\Embeddings\TextChunker.cs(338,12): warning MA0016: Prefer using collection abstraction instead of implementation (https://github.com/meziantou/Meziantou.Analyzer/blob/main/docs/Rules/MA0016.md) [C:\Projects\Hazina\src\Core\AI\Hazina.AI.RAG\Hazina.AI.RAG.csproj::TargetFramework=net8.0]
C:\Projects\Hazina\src\Core\AI\Hazina.AI.RAG\Core\RAGEngine.cs(591,14): warning MA0048: File name must match type name (https://github.com/meziantou/Meziantou.Analyzer/blob/main/docs/Rules/MA0048.md) [C:\Projects\Hazina\src\Core\AI\Hazina.AI.RAG\Hazina.AI.RAG.csproj::TargetFramework=net8.0]
C:\Projects\Hazina\src\Core\AI\Hazina.AI.RAG\Core\RAGEngine.cs(591,14): warning S101: Rename class 'RAGResponse' to match pascal case naming rules, consider using 'RagResponse'. (https://rules.sonarsource.com/csharp/RSPEC-101) [C:\Projects\Hazina\src\Core\AI\Hazina.AI.RAG\Hazina.AI.RAG.csproj::TargetFramework=net8.0]
C:\Projects\Hazina\src\Core\AI\Hazina.AI.RAG\Core\RAGEngine.cs(624,20): warning SA1629: Documentation text should end with a period (https://github.com/DotNetAnalyzers/StyleCopAnalyzers/blob/master/documentation/SA1629.md) [C:\Projects\Hazina\src\Core\AI\Hazina.AI.RAG\Hazina.AI.RAG.csproj::TargetFramework=net8.0]
C:\Projects\Hazina\src\Core\AI\Hazina.AI.RAG\Core\RAGEngine.cs(589,17): warning SA1629: Documentation text should end with a period (https://github.com/DotNetAnalyzers/StyleCopAnalyzers/blob/master/documentation/SA1629.md) [C:\Projects\Hazina\src\Core\AI\Hazina.AI.RAG\Hazina.AI.RAG.csproj::TargetFramework=net8.0]
C:\Projects\Hazina\src\Core\AI\Hazina.AI.RAG\Core\RAGEngine.cs(629,1): warning SA1516: Elements should be separated by blank line (https://github.com/DotNetAnalyzers/StyleCopAnalyzers/blob/master/documentation/SA1516.md) [C:\Projects\Hazina\src\Core\AI\Hazina.AI.RAG\Hazina.AI.RAG.csproj::TargetFramework=net8.0]
C:\Projects\Hazina\src\Core\AI\Hazina.AI.RAG\Core\RAGEngine.cs(630,1): warning SA1516: Elements should be separated by blank line (https://github.com/DotNetAnalyzers/StyleCopAnalyzers/blob/master/documentation/SA1516.md) [C:\Projects\Hazina\src\Core\AI\Hazina.AI.RAG\Hazina.AI.RAG.csproj::TargetFramework=net8.0]
C:\Projects\Hazina\src\Core\AI\Hazina.AI.RAG\Core\RAGEngine.cs(631,1): warning SA1516: Elements should be separated by blank line (https://github.com/DotNetAnalyzers/StyleCopAnalyzers/blob/master/documentation/SA1516.md) [C:\Projects\Hazina\src\Core\AI\Hazina.AI.RAG\Hazina.AI.RAG.csproj::TargetFramework=net8.0]
C:\Projects\Hazina\src\Core\AI\Hazina.AI.RAG\Core\RAGEngine.cs(632,1): warning SA1516: Elements should be separated by blank line (https://github.com/DotNetAnalyzers/StyleCopAnalyzers/blob/master/documentation/SA1516.md) [C:\Projects\Hazina\src\Core\AI\Hazina.AI.RAG\Hazina.AI.RAG.csproj::TargetFramework=net8.0]
C:\Projects\Hazina\src\Core\AI\Hazina.AI.RAG\Core\RAGEngine.cs(633,1): warning SA1516: Elements should be separated by blank line (https://github.com/DotNetAnalyzers/StyleCopAnalyzers/blob/master/documentation/SA1516.md) [C:\Projects\Hazina\src\Core\AI\Hazina.AI.RAG\Hazina.AI.RAG.csproj::TargetFramework=net8.0]
C:\Projects\Hazina\src\Core\AI\Hazina.AI.RAG\Core\RAGEngine.cs(594,1): warning SA1516: Elements should be separated by blank line (https://github.com/DotNetAnalyzers/StyleCopAnalyzers/blob/master/documentation/SA1516.md) [C:\Projects\Hazina\src\Core\AI\Hazina.AI.RAG\Hazina.AI.RAG.csproj::TargetFramework=net8.0]
C:\Projects\Hazina\src\Core\AI\Hazina.AI.RAG\Core\RAGEngine.cs(634,1): warning SA1516: Elements should be separated by blank line (https://github.com/DotNetAnalyzers/StyleCopAnalyzers/blob/master/documentation/SA1516.md) [C:\Projects\Hazina\src\Core\AI\Hazina.AI.RAG\Hazina.AI.RAG.csproj::TargetFramework=net8.0]
C:\Projects\Hazina\src\Core\AI\Hazina.AI.RAG\Core\RAGEngine.cs(635,1): warning SA1516: Elements should be separated by blank line (https://github.com/DotNetAnalyzers/StyleCopAnalyzers/blob/master/documentation/SA1516.md) [C:\Projects\Hazina\src\Core\AI\Hazina.AI.RAG\Hazina.AI.RAG.csproj::TargetFramework=net8.0]
C:\Projects\Hazina\src\Core\AI\Hazina.AI.RAG\Core\RAGEngine.cs(595,1): warning SA1516: Elements should be separated by blank line (https://github.com/DotNetAnalyzers/StyleCopAnalyzers/blob/master/documentation/SA1516.md) [C:\Projects\Hazina\src\Core\AI\Hazina.AI.RAG\Hazina.AI.RAG.csproj::TargetFramework=net8.0]
C:\Projects\Hazina\src\Core\AI\Hazina.AI.RAG\Core\RAGEngine.cs(596,1): warning SA1516: Elements should be separated by blank line (https://github.com/DotNetAnalyzers/StyleCopAnalyzers/blob/master/documentation/SA1516.md) [C:\Projects\Hazina\src\Core\AI\Hazina.AI.RAG\Hazina.AI.RAG.csproj::TargetFramework=net8.0]
C:\Projects\Hazina\src\Core\AI\Hazina.AI.RAG\Core\RAGEngine.cs(597,1): warning SA1516: Elements should be separated by blank line (https://github.com/DotNetAnalyzers/StyleCopAnalyzers/blob/master/documentation/SA1516.md) [C:\Projects\Hazina\src\Core\AI\Hazina.AI.RAG\Hazina.AI.RAG.csproj::TargetFramework=net8.0]
C:\Projects\Hazina\src\Core\AI\Hazina.AI.RAG\Core\RAGEngine.cs(598,1): warning SA1516: Elements should be separated by blank line (https://github.com/DotNetAnalyzers/StyleCopAnalyzers/blob/master/documentation/SA1516.md) [C:\Projects\Hazina\src\Core\AI\Hazina.AI.RAG\Hazina.AI.RAG.csproj::TargetFramework=net8.0]
C:\Projects\Hazina\src\Core\AI\Hazina.AI.RAG\Core\RAGEngine.cs(599,1): warning SA1516: Elements should be separated by blank line (https://github.com/DotNetAnalyzers/StyleCopAnalyzers/blob/master/documentation/SA1516.md) [C:\Projects\Hazina\src\Core\AI\Hazina.AI.RAG\Hazina.AI.RAG.csproj::TargetFramework=net8.0]
C:\Projects\Hazina\src\Core\AI\Hazina.AI.RAG\Embeddings\TextChunker.cs(338,64): warning MA0002: Use an overload that has a IEqualityComparer<string> or IComparer<string> parameter (https://github.com/meziantou/Meziantou.Analyzer/blob/main/docs/Rules/MA0002.md) [C:\Projects\Hazina\src\Core\AI\Hazina.AI.RAG\Hazina.AI.RAG.csproj::TargetFramework=net8.0]
C:\Projects\Hazina\src\Core\AI\Hazina.AI.RAG\Core\RAGEngine.cs(596,36): warning CA2227: Change 'RetrievedDocuments' to be read-only by removing the property setter (https://learn.microsoft.com/dotnet/fundamentals/code-analysis/quality-rules/ca2227) [C:\Projects\Hazina\src\Core\AI\Hazina.AI.RAG\Hazina.AI.RAG.csproj::TargetFramework=net8.0]
C:\Projects\Hazina\src\Core\AI\Hazina.AI.RAG\Core\RAGEngine.cs(596,36): warning CA1002: Change 'List<RetrievedDocument>' in 'RAGResponse.RetrievedDocuments' to use 'Collection<T>', 'ReadOnlyCollection<T>' or 'KeyedCollection<K,V>' (https://learn.microsoft.com/dotnet/fundamentals/code-analysis/quality-rules/ca1002) [C:\Projects\Hazina\src\Core\AI\Hazina.AI.RAG\Hazina.AI.RAG.csproj::TargetFramework=net8.0]
C:\Projects\Hazina\src\Core\AI\Hazina.AI.RAG\Core\RAGEngine.cs(596,12): warning MA0016: Prefer using collection abstraction instead of implementation (https://github.com/meziantou/Meziantou.Analyzer/blob/main/docs/Rules/MA0016.md) [C:\Projects\Hazina\src\Core\AI\Hazina.AI.RAG\Hazina.AI.RAG.csproj::TargetFramework=net8.0]
C:\Projects\Hazina\src\Core\AI\Hazina.AI.RAG\Graph\Retrieval\HybridRetrievalService.cs(386,14): warning MA0048: File name must match type name (https://github.com/meziantou/Meziantou.Analyzer/blob/main/docs/Rules/MA0048.md) [C:\Projects\Hazina\src\Core\AI\Hazina.AI.RAG\Hazina.AI.RAG.csproj::TargetFramework=net8.0]
C:\Projects\Hazina\src\Core\AI\Hazina.AI.RAG\Graph\Retrieval\HybridRetrievalService.cs(389,1): warning SA1516: Elements should be separated by blank line (https://github.com/DotNetAnalyzers/StyleCopAnalyzers/blob/master/documentation/SA1516.md) [C:\Projects\Hazina\src\Core\AI\Hazina.AI.RAG\Hazina.AI.RAG.csproj::TargetFramework=net8.0]
C:\Projects\Hazina\src\Core\AI\Hazina.AI.RAG\Graph\Retrieval\HybridRetrievalService.cs(390,1): warning SA1516: Elements should be separated by blank line (https://github.com/DotNetAnalyzers/StyleCopAnalyzers/blob/master/documentation/SA1516.md) [C:\Projects\Hazina\src\Core\AI\Hazina.AI.RAG\Hazina.AI.RAG.csproj::TargetFramework=net8.0]
C:\Projects\Hazina\src\Core\AI\Hazina.AI.RAG\Graph\Retrieval\HybridRetrievalService.cs(391,1): warning SA1516: Elements should be separated by blank line (https://github.com/DotNetAnalyzers/StyleCopAnalyzers/blob/master/documentation/SA1516.md) [C:\Projects\Hazina\src\Core\AI\Hazina.AI.RAG\Hazina.AI.RAG.csproj::TargetFramework=net8.0]
C:\Projects\Hazina\src\Core\AI\Hazina.AI.RAG\Graph\Retrieval\HybridRetrievalService.cs(392,1): warning SA1516: Elements should be separated by blank line (https://github.com/DotNetAnalyzers/StyleCopAnalyzers/blob/master/documentation/SA1516.md) [C:\Projects\Hazina\src\Core\AI\Hazina.AI.RAG\Hazina.AI.RAG.csproj::TargetFramework=net8.0]
C:\Projects\Hazina\src\Core\AI\Hazina.AI.RAG\Graph\Retrieval\HybridRetrievalService.cs(393,1): warning SA1516: Elements should be separated by blank line (https://github.com/DotNetAnalyzers/StyleCopAnalyzers/blob/master/documentation/SA1516.md) [C:\Projects\Hazina\src\Core\AI\Hazina.AI.RAG\Hazina.AI.RAG.csproj::TargetFramework=net8.0]
C:\Projects\Hazina\src\Core\AI\Hazina.AI.RAG\Graph\Retrieval\HybridRetrievalService.cs(394,1): warning SA1516: Elements should be separated by blank line (https://github.com/DotNetAnalyzers/StyleCopAnalyzers/blob/master/documentation/SA1516.md) [C:\Projects\Hazina\src\Core\AI\Hazina.AI.RAG\Hazina.AI.RAG.csproj::TargetFramework=net8.0]
C:\Projects\Hazina\src\Core\AI\Hazina.AI.RAG\Embeddings\EmbeddingCache.cs(16,23): warning CA1805: Member '_hits' is explicitly initialized to its default value (https://learn.microsoft.com/dotnet/fundamentals/code-analysis/quality-rules/ca1805) [C:\Projects\Hazina\src\Core\AI\Hazina.AI.RAG\Hazina.AI.RAG.csproj::TargetFramework=net8.0]
C:\Projects\Hazina\src\Core\AI\Hazina.AI.RAG\Embeddings\EmbeddingCache.cs(17,25): warning CA1805: Member '_misses' is explicitly initialized to its default value (https://learn.microsoft.com/dotnet/fundamentals/code-analysis/quality-rules/ca1805) [C:\Projects\Hazina\src\Core\AI\Hazina.AI.RAG\Hazina.AI.RAG.csproj::TargetFramework=net8.0]
C:\Projects\Hazina\src\Core\AI\Hazina.AI.RAG\Embeddings\EmbeddingCache.cs(14,61): warning MA0002: Use an overload that has a IEqualityComparer<string> or IComparer<string> parameter (https://github.com/meziantou/Meziantou.Analyzer/blob/main/docs/Rules/MA0002.md) [C:\Projects\Hazina\src\Core\AI\Hazina.AI.RAG\Hazina.AI.RAG.csproj::TargetFramework=net8.0]
C:\Projects\Hazina\src\Core\AI\Hazina.AI.RAG\Core\RAGEngine.cs(654,39): warning CA2227: Change 'Metadata' to be read-only by removing the property setter (https://learn.microsoft.com/dotnet/fundamentals/code-analysis/quality-rules/ca2227) [C:\Projects\Hazina\src\Core\AI\Hazina.AI.RAG\Hazina.AI.RAG.csproj::TargetFramework=net8.0]
C:\Projects\Hazina\src\Core\AI\Hazina.AI.RAG\Core\RAGEngine.cs(654,12): warning MA0016: Prefer using collection abstraction instead of implementation (https://github.com/meziantou/Meziantou.Analyzer/blob/main/docs/Rules/MA0016.md) [C:\Projects\Hazina\src\Core\AI\Hazina.AI.RAG\Hazina.AI.RAG.csproj::TargetFramework=net8.0]
C:\Projects\Hazina\src\Core\AI\Hazina.AI.RAG\Embeddings\TextChunker.cs(10,78): warning SA1629: Documentation text should end with a period (https://github.com/DotNetAnalyzers/StyleCopAnalyzers/blob/master/documentation/SA1629.md) [C:\Projects\Hazina\src\Core\AI\Hazina.AI.RAG\Hazina.AI.RAG.csproj::TargetFramework=net8.0]
C:\Projects\Hazina\src\Core\AI\Hazina.AI.RAG\Core\RAGEngine.cs(650,14): warning MA0048: File name must match type name (https://github.com/meziantou/Meziantou.Analyzer/blob/main/docs/Rules/MA0048.md) [C:\Projects\Hazina\src\Core\AI\Hazina.AI.RAG\Hazina.AI.RAG.csproj::TargetFramework=net8.0]
C:\Projects\Hazina\src\Core\AI\Hazina.AI.RAG\Core\RAGEngine.cs(654,64): warning MA0002: Use an overload that has a IEqualityComparer<string> or IComparer<string> parameter (https://github.com/meziantou/Meziantou.Analyzer/blob/main/docs/Rules/MA0002.md) [C:\Projects\Hazina\src\Core\AI\Hazina.AI.RAG\Hazina.AI.RAG.csproj::TargetFramework=net8.0]
C:\Projects\Hazina\src\Core\AI\Hazina.AI.RAG\Core\RAGEngine.cs(648,25): warning SA1629: Documentation text should end with a period (https://github.com/DotNetAnalyzers/StyleCopAnalyzers/blob/master/documentation/SA1629.md) [C:\Projects\Hazina\src\Core\AI\Hazina.AI.RAG\Hazina.AI.RAG.csproj::TargetFramework=net8.0]
C:\Projects\Hazina\src\Core\AI\Hazina.AI.RAG\Core\RAGEngine.cs(653,1): warning SA1516: Elements should be separated by blank line (https://github.com/DotNetAnalyzers/StyleCopAnalyzers/blob/master/documentation/SA1516.md) [C:\Projects\Hazina\src\Core\AI\Hazina.AI.RAG\Hazina.AI.RAG.csproj::TargetFramework=net8.0]
C:\Projects\Hazina\src\Core\AI\Hazina.AI.RAG\Core\RAGEngine.cs(654,1): warning SA1516: Elements should be separated by blank line (https://github.com/DotNetAnalyzers/StyleCopAnalyzers/blob/master/documentation/SA1516.md) [C:\Projects\Hazina\src\Core\AI\Hazina.AI.RAG\Hazina.AI.RAG.csproj::TargetFramework=net8.0]
C:\Projects\Hazina\src\Core\AI\Hazina.AI.RAG\Embeddings\EmbeddingCache.cs(10,28): warning SA1629: Documentation text should end with a period (https://github.com/DotNetAnalyzers/StyleCopAnalyzers/blob/master/documentation/SA1629.md) [C:\Projects\Hazina\src\Core\AI\Hazina.AI.RAG\Hazina.AI.RAG.csproj::TargetFramework=net8.0]
C:\Projects\Hazina\src\Core\AI\Hazina.AI.RAG\Graph\Storage\SQLiteGraphStore.cs(14,14): warning CA1063: Provide an overridable implementation of Dispose(bool) on 'SQLiteGraphStore' or mark the type as sealed. A call to Dispose(false) should only clean up native resources. A call to Dispose(true) should clean up both managed and native resources. (https://learn.microsoft.com/dotnet/fundamentals/code-analysis/quality-rules/ca1063) [C:\Projects\Hazina\src\Core\AI\Hazina.AI.RAG\Hazina.AI.RAG.csproj::TargetFramework=net8.0]
C:\Projects\Hazina\src\Core\AI\Hazina.AI.RAG\Graph\Storage\InMemoryGraphStore.cs(14,88): warning MA0002: Use an overload that has a IEqualityComparer<string> or IComparer<string> parameter (https://github.com/meziantou/Meziantou.Analyzer/blob/main/docs/Rules/MA0002.md) [C:\Projects\Hazina\src\Core\AI\Hazina.AI.RAG\Hazina.AI.RAG.csproj::TargetFramework=net8.0]
C:\Projects\Hazina\src\Core\AI\Hazina.AI.RAG\Graph\Storage\InMemoryGraphStore.cs(13,87): warning MA0002: Use an overload that has a IEqualityComparer<string> or IComparer<string> parameter (https://github.com/meziantou/Meziantou.Analyzer/blob/main/docs/Rules/MA0002.md) [C:\Projects\Hazina\src\Core\AI\Hazina.AI.RAG\Hazina.AI.RAG.csproj::TargetFramework=net8.0]
C:\Projects\Hazina\src\Core\AI\Hazina.AI.RAG\Graph\Storage\InMemoryGraphStore.cs(12,76): warning MA0002: Use an overload that has a IEqualityComparer<string> or IComparer<string> parameter (https://github.com/meziantou/Meziantou.Analyzer/blob/main/docs/Rules/MA0002.md) [C:\Projects\Hazina\src\Core\AI\Hazina.AI.RAG\Hazina.AI.RAG.csproj::TargetFramework=net8.0]
C:\Projects\Hazina\src\Core\AI\Hazina.AI.RAG\Core\RAGEngine.cs(643,49): warning MA0016: Prefer using collection abstraction instead of implementation (https://github.com/meziantou/Meziantou.Analyzer/blob/main/docs/Rules/MA0016.md) [C:\Projects\Hazina\src\Core\AI\Hazina.AI.RAG\Hazina.AI.RAG.csproj::TargetFramework=net8.0]
C:\Projects\Hazina\src\Core\AI\Hazina.AI.RAG\Core\RAGEngine.cs(644,5): warning MA0016: Prefer using collection abstraction instead of implementation (https://github.com/meziantou/Meziantou.Analyzer/blob/main/docs/Rules/MA0016.md) [C:\Projects\Hazina\src\Core\AI\Hazina.AI.RAG\Hazina.AI.RAG.csproj::TargetFramework=net8.0]
C:\Projects\Hazina\src\Core\AI\Hazina.AI.RAG\Embeddings\HierarchicalChunkerExtensions.cs(118,20): warning MA0026: TODO Implement LLM-based section summarization (https://github.com/meziantou/Meziantou.Analyzer/blob/main/docs/Rules/MA0026.md) [C:\Projects\Hazina\src\Core\AI\Hazina.AI.RAG\Hazina.AI.RAG.csproj::TargetFramework=net8.0]
C:\Projects\Hazina\src\Core\AI\Hazina.AI.RAG\Embeddings\HierarchicalChunkerExtensions.cs(118,20): warning S1135: Complete the task associated to this 'TODO' comment. (https://rules.sonarsource.com/csharp/RSPEC-1135) [C:\Projects\Hazina\src\Core\AI\Hazina.AI.RAG\Hazina.AI.RAG.csproj::TargetFramework=net8.0]
C:\Projects\Hazina\src\Core\AI\Hazina.AI.RAG\Embeddings\HierarchicalChunkerExtensions.cs(1,1): warning SA1633: The file header is missing or not located at the top of the file. (https://github.com/DotNetAnalyzers/StyleCopAnalyzers/blob/master/documentation/SA1633.md) [C:\Projects\Hazina\src\Core\AI\Hazina.AI.RAG\Hazina.AI.RAG.csproj::TargetFramework=net8.0]
C:\Projects\Hazina\src\Core\AI\Hazina.AI.RAG\Embeddings\HierarchicalChunkerExtensions.cs(87,13): warning SA1009: Closing parenthesis should not be preceded by a space (https://github.com/DotNetAnalyzers/StyleCopAnalyzers/blob/master/documentation/SA1009.md) [C:\Projects\Hazina\src\Core\AI\Hazina.AI.RAG\Hazina.AI.RAG.csproj::TargetFramework=net8.0]
C:\Projects\Hazina\src\Core\AI\Hazina.AI.RAG\Embeddings\EmbeddingCache.cs(20,57): warning SA1629: Documentation text should end with a period (https://github.com/DotNetAnalyzers/StyleCopAnalyzers/blob/master/documentation/SA1629.md) [C:\Projects\Hazina\src\Core\AI\Hazina.AI.RAG\Hazina.AI.RAG.csproj::TargetFramework=net8.0]
C:\Projects\Hazina\src\Core\AI\Hazina.AI.RAG\Core\RAGEngine.cs(27,9): warning SA1642: Constructor summary documentation should begin with standard text (https://github.com/DotNetAnalyzers/StyleCopAnalyzers/blob/master/documentation/SA1642.md) [C:\Projects\Hazina\src\Core\AI\Hazina.AI.RAG\Hazina.AI.RAG.csproj::TargetFramework=net8.0]
C:\Projects\Hazina\src\Core\AI\Hazina.AI.RAG\Embeddings\SemanticSimilarityChunker.cs(11,59): warning SA1629: Documentation text should end with a period (https://github.com/DotNetAnalyzers/StyleCopAnalyzers/blob/master/documentation/SA1629.md) [C:\Projects\Hazina\src\Core\AI\Hazina.AI.RAG\Hazina.AI.RAG.csproj::TargetFramework=net8.0]
C:\Projects\Hazina\src\Core\AI\Hazina.AI.RAG\Graph\Storage\SQLiteGraphStore.cs(14,14): warning S3881: Fix this implementation of 'IDisposable' to conform to the dispose pattern. (https://rules.sonarsource.com/csharp/RSPEC-3881) [C:\Projects\Hazina\src\Core\AI\Hazina.AI.RAG\Hazina.AI.RAG.csproj::TargetFramework=net8.0]
C:\Projects\Hazina\src\Core\AI\Hazina.AI.RAG\Embeddings\LLMMetadataExtractor.cs(1,1): warning SA1633: The file header is missing or not located at the top of the file. (https://github.com/DotNetAnalyzers/StyleCopAnalyzers/blob/master/documentation/SA1633.md) [C:\Projects\Hazina\src\Core\AI\Hazina.AI.RAG\Hazina.AI.RAG.csproj::TargetFramework=net8.0]
C:\Projects\Hazina\src\Core\AI\Hazina.AI.RAG\Interfaces\IRetriever.cs(17,5): warning MA0016: Prefer using collection abstraction instead of implementation (https://github.com/meziantou/Meziantou.Analyzer/blob/main/docs/Rules/MA0016.md) [C:\Projects\Hazina\src\Core\AI\Hazina.AI.RAG\Hazina.AI.RAG.csproj::TargetFramework=net8.0]
C:\Projects\Hazina\src\Core\AI\Hazina.AI.RAG\Interfaces\IRetrievalPipeline.cs(17,5): warning MA0016: Prefer using collection abstraction instead of implementation (https://github.com/meziantou/Meziantou.Analyzer/blob/main/docs/Rules/MA0016.md) [C:\Projects\Hazina\src\Core\AI\Hazina.AI.RAG\Hazina.AI.RAG.csproj::TargetFramework=net8.0]
C:\Projects\Hazina\src\Core\AI\Hazina.AI.RAG\Interfaces\IReranker.cs(19,35): warning CA1002: Change 'List<IRetrievalCandidate>' in 'IReranker.RerankAsync(string, List<IRetrievalCandidate>, [int], [CancellationToken])' to use 'Collection<T>', 'ReadOnlyCollection<T>' or 'KeyedCollection<K,V>' (https://learn.microsoft.com/dotnet/fundamentals/code-analysis/quality-rules/ca1002) [C:\Projects\Hazina\src\Core\AI\Hazina.AI.RAG\Hazina.AI.RAG.csproj::TargetFramework=net8.0]
C:\Projects\Hazina\src\Core\AI\Hazina.AI.RAG\Interfaces\IReranker.cs(17,5): warning MA0016: Prefer using collection abstraction instead of implementation (https://github.com/meziantou/Meziantou.Analyzer/blob/main/docs/Rules/MA0016.md) [C:\Projects\Hazina\src\Core\AI\Hazina.AI.RAG\Hazina.AI.RAG.csproj::TargetFramework=net8.0]
C:\Projects\Hazina\src\Core\AI\Hazina.AI.RAG\Interfaces\IReranker.cs(19,9): warning MA0016: Prefer using collection abstraction instead of implementation (https://github.com/meziantou/Meziantou.Analyzer/blob/main/docs/Rules/MA0016.md) [C:\Projects\Hazina\src\Core\AI\Hazina.AI.RAG\Hazina.AI.RAG.csproj::TargetFramework=net8.0]
C:\Projects\Hazina\src\Core\AI\Hazina.AI.RAG\Interfaces\IRetriever.cs(10,52): warning SA1629: Documentation text should end with a period (https://github.com/DotNetAnalyzers/StyleCopAnalyzers/blob/master/documentation/SA1629.md) [C:\Projects\Hazina\src\Core\AI\Hazina.AI.RAG\Hazina.AI.RAG.csproj::TargetFramework=net8.0]
C:\Projects\Hazina\src\Core\AI\Hazina.AI.RAG\Interfaces\IRetriever.cs(12,44): warning SA1629: Documentation text should end with a period (https://github.com/DotNetAnalyzers/StyleCopAnalyzers/blob/master/documentation/SA1629.md) [C:\Projects\Hazina\src\Core\AI\Hazina.AI.RAG\Hazina.AI.RAG.csproj::TargetFramework=net8.0]
C:\Projects\Hazina\src\Core\AI\Hazina.AI.RAG\Interfaces\IRetriever.cs(13,60): warning SA1629: Documentation text should end with a period (https://github.com/DotNetAnalyzers/StyleCopAnalyzers/blob/master/documentation/SA1629.md) [C:\Projects\Hazina\src\Core\AI\Hazina.AI.RAG\Hazina.AI.RAG.csproj::TargetFramework=net8.0]
C:\Projects\Hazina\src\Core\AI\Hazina.AI.RAG\Interfaces\IRetriever.cs(14,76): warning SA1629: Documentation text should end with a period (https://github.com/DotNetAnalyzers/StyleCopAnalyzers/blob/master/documentation/SA1629.md) [C:\Projects\Hazina\src\Core\AI\Hazina.AI.RAG\Hazina.AI.RAG.csproj::TargetFramework=net8.0]
C:\Projects\Hazina\src\Core\AI\Hazina.AI.RAG\Interfaces\IRetriever.cs(15,59): warning SA1629: Documentation text should end with a period (https://github.com/DotNetAnalyzers/StyleCopAnalyzers/blob/master/documentation/SA1629.md) [C:\Projects\Hazina\src\Core\AI\Hazina.AI.RAG\Hazina.AI.RAG.csproj::TargetFramework=net8.0]
C:\Projects\Hazina\src\Core\AI\Hazina.AI.RAG\Interfaces\IRetriever.cs(16,68): warning SA1629: Documentation text should end with a period (https://github.com/DotNetAnalyzers/StyleCopAnalyzers/blob/master/documentation/SA1629.md) [C:\Projects\Hazina\src\Core\AI\Hazina.AI.RAG\Hazina.AI.RAG.csproj::TargetFramework=net8.0]
C:\Projects\Hazina\src\Core\AI\Hazina.AI.RAG\Interfaces\IRetriever.cs(22,5): warning SA1111: Closing parenthesis should be on line of last parameter (https://github.com/DotNetAnalyzers/StyleCopAnalyzers/blob/master/documentation/SA1111.md) [C:\Projects\Hazina\src\Core\AI\Hazina.AI.RAG\Hazina.AI.RAG.csproj::TargetFramework=net8.0]
C:\Projects\Hazina\src\Core\AI\Hazina.AI.RAG\Interfaces\IRetrievalPipeline.cs(9,44): warning SA1629: Documentation text should end with a period (https://github.com/DotNetAnalyzers/StyleCopAnalyzers/blob/master/documentation/SA1629.md) [C:\Projects\Hazina\src\Core\AI\Hazina.AI.RAG\Hazina.AI.RAG.csproj::TargetFramework=net8.0]
C:\Projects\Hazina\src\Core\AI\Hazina.AI.RAG\Interfaces\IRetrievalPipeline.cs(11,39): warning SA1629: Documentation text should end with a period (https://github.com/DotNetAnalyzers/StyleCopAnalyzers/blob/master/documentation/SA1629.md) [C:\Projects\Hazina\src\Core\AI\Hazina.AI.RAG\Hazina.AI.RAG.csproj::TargetFramework=net8.0]
C:\Projects\Hazina\src\Core\AI\Hazina.AI.RAG\Interfaces\IRetrievalPipeline.cs(12,79): warning SA1629: Documentation text should end with a period (https://github.com/DotNetAnalyzers/StyleCopAnalyzers/blob/master/documentation/SA1629.md) [C:\Projects\Hazina\src\Core\AI\Hazina.AI.RAG\Hazina.AI.RAG.csproj::TargetFramework=net8.0]
C:\Projects\Hazina\src\Core\AI\Hazina.AI.RAG\Interfaces\IRetrievalPipeline.cs(13,81): warning SA1629: Documentation text should end with a period (https://github.com/DotNetAnalyzers/StyleCopAnalyzers/blob/master/documentation/SA1629.md) [C:\Projects\Hazina\src\Core\AI\Hazina.AI.RAG\Hazina.AI.RAG.csproj::TargetFramework=net8.0]
C:\Projects\Hazina\src\Core\AI\Hazina.AI.RAG\Interfaces\IRetrievalPipeline.cs(14,79): warning SA1629: Documentation text should end with a period (https://github.com/DotNetAnalyzers/StyleCopAnalyzers/blob/master/documentation/SA1629.md) [C:\Projects\Hazina\src\Core\AI\Hazina.AI.RAG\Hazina.AI.RAG.csproj::TargetFramework=net8.0]
C:\Projects\Hazina\src\Core\AI\Hazina.AI.RAG\Interfaces\IRetrievalPipeline.cs(15,59): warning SA1629: Documentation text should end with a period (https://github.com/DotNetAnalyzers/StyleCopAnalyzers/blob/master/documentation/SA1629.md) [C:\Projects\Hazina\src\Core\AI\Hazina.AI.RAG\Hazina.AI.RAG.csproj::TargetFramework=net8.0]
C:\Projects\Hazina\src\Core\AI\Hazina.AI.RAG\Interfaces\IRetrievalPipeline.cs(16,43): warning SA1629: Documentation text should end with a period (https://github.com/DotNetAnalyzers/StyleCopAnalyzers/blob/master/documentation/SA1629.md) [C:\Projects\Hazina\src\Core\AI\Hazina.AI.RAG\Hazina.AI.RAG.csproj::TargetFramework=net8.0]
C:\Projects\Hazina\src\Core\AI\Hazina.AI.RAG\Interfaces\IRetrievalPipeline.cs(23,5): warning SA1111: Closing parenthesis should be on line of last parameter (https://github.com/DotNetAnalyzers/StyleCopAnalyzers/blob/master/documentation/SA1111.md) [C:\Projects\Hazina\src\Core\AI\Hazina.AI.RAG\Hazina.AI.RAG.csproj::TargetFramework=net8.0]
C:\Projects\Hazina\src\Core\AI\Hazina.AI.RAG\Interfaces\IReranker.cs(10,51): warning SA1629: Documentation text should end with a period (https://github.com/DotNetAnalyzers/StyleCopAnalyzers/blob/master/documentation/SA1629.md) [C:\Projects\Hazina\src\Core\AI\Hazina.AI.RAG\Hazina.AI.RAG.csproj::TargetFramework=net8.0]
C:\Projects\Hazina\src\Core\AI\Hazina.AI.RAG\Interfaces\IReranker.cs(12,44): warning SA1629: Documentation text should end with a period (https://github.com/DotNetAnalyzers/StyleCopAnalyzers/blob/master/documentation/SA1629.md) [C:\Projects\Hazina\src\Core\AI\Hazina.AI.RAG\Hazina.AI.RAG.csproj::TargetFramework=net8.0]
C:\Projects\Hazina\src\Core\AI\Hazina.AI.RAG\Interfaces\IReranker.cs(13,54): warning SA1629: Documentation text should end with a period (https://github.com/DotNetAnalyzers/StyleCopAnalyzers/blob/master/documentation/SA1629.md) [C:\Projects\Hazina\src\Core\AI\Hazina.AI.RAG\Hazina.AI.RAG.csproj::TargetFramework=net8.0]
C:\Projects\Hazina\src\Core\AI\Hazina.AI.RAG\Interfaces\IReranker.cs(14,75): warning SA1629: Documentation text should end with a period (https://github.com/DotNetAnalyzers/StyleCopAnalyzers/blob/master/documentation/SA1629.md) [C:\Projects\Hazina\src\Core\AI\Hazina.AI.RAG\Hazina.AI.RAG.csproj::TargetFramework=net8.0]
C:\Projects\Hazina\src\Core\AI\Hazina.AI.RAG\Interfaces\IReranker.cs(15,59): warning SA1629: Documentation text should end with a period (https://github.com/DotNetAnalyzers/StyleCopAnalyzers/blob/master/documentation/SA1629.md) [C:\Projects\Hazina\src\Core\AI\Hazina.AI.RAG\Hazina.AI.RAG.csproj::TargetFramework=net8.0]
C:\Projects\Hazina\src\Core\AI\Hazina.AI.RAG\Interfaces\IReranker.cs(16,64): warning SA1629: Documentation text should end with a period (https://github.com/DotNetAnalyzers/StyleCopAnalyzers/blob/master/documentation/SA1629.md) [C:\Projects\Hazina\src\Core\AI\Hazina.AI.RAG\Hazina.AI.RAG.csproj::TargetFramework=net8.0]
C:\Projects\Hazina\src\Core\AI\Hazina.AI.RAG\Interfaces\IReranker.cs(22,5): warning SA1111: Closing parenthesis should be on line of last parameter (https://github.com/DotNetAnalyzers/StyleCopAnalyzers/blob/master/documentation/SA1111.md) [C:\Projects\Hazina\src\Core\AI\Hazina.AI.RAG\Hazina.AI.RAG.csproj::TargetFramework=net8.0]
C:\Projects\Hazina\src\Core\AI\Hazina.AI.RAG\Embeddings\LLMMetadataExtractor.cs(59,13): warning SA1009: Closing parenthesis should not be preceded by a space (https://github.com/DotNetAnalyzers/StyleCopAnalyzers/blob/master/documentation/SA1009.md) [C:\Projects\Hazina\src\Core\AI\Hazina.AI.RAG\Hazina.AI.RAG.csproj::TargetFramework=net8.0]
C:\Projects\Hazina\src\Core\AI\Hazina.AI.RAG\Embeddings\LLMMetadataExtractor.cs(99,17): warning SA1009: Closing parenthesis should not be preceded by a space (https://github.com/DotNetAnalyzers/StyleCopAnalyzers/blob/master/documentation/SA1009.md) [C:\Projects\Hazina\src\Core\AI\Hazina.AI.RAG\Hazina.AI.RAG.csproj::TargetFramework=net8.0]
C:\Projects\Hazina\src\Core\AI\Hazina.AI.RAG\Embeddings\LLMMetadataExtractor.cs(133,13): warning SA1009: Closing parenthesis should not be preceded by a space (https://github.com/DotNetAnalyzers/StyleCopAnalyzers/blob/master/documentation/SA1009.md) [C:\Projects\Hazina\src\Core\AI\Hazina.AI.RAG\Hazina.AI.RAG.csproj::TargetFramework=net8.0]
C:\Projects\Hazina\src\Core\AI\Hazina.AI.RAG\Embeddings\LLMMetadataExtractor.cs(145,17): warning SA1009: Closing parenthesis should not be preceded by a space (https://github.com/DotNetAnalyzers/StyleCopAnalyzers/blob/master/documentation/SA1009.md) [C:\Projects\Hazina\src\Core\AI\Hazina.AI.RAG\Hazina.AI.RAG.csproj::TargetFramework=net8.0]
C:\Projects\Hazina\src\Core\AI\Hazina.AI.RAG\Embeddings\EmbeddingCache.cs(42,38): warning SA1629: Documentation text should end with a period (https://github.com/DotNetAnalyzers/StyleCopAnalyzers/blob/master/documentation/SA1629.md) [C:\Projects\Hazina\src\Core\AI\Hazina.AI.RAG\Hazina.AI.RAG.csproj::TargetFramework=net8.0]
C:\Projects\Hazina\src\Core\AI\Hazina.AI.RAG\Core\RAGEngine.cs(42,9): warning SA1642: Constructor summary documentation should begin with standard text (https://github.com/DotNetAnalyzers/StyleCopAnalyzers/blob/master/documentation/SA1642.md) [C:\Projects\Hazina\src\Core\AI\Hazina.AI.RAG\Hazina.AI.RAG.csproj::TargetFramework=net8.0]
C:\Projects\Hazina\src\Core\AI\Hazina.AI.RAG\Embeddings\Models\LLMMetadataResponse.cs(1,1): warning SA1633: The file header is missing or not located at the top of the file. (https://github.com/DotNetAnalyzers/StyleCopAnalyzers/blob/master/documentation/SA1633.md) [C:\Projects\Hazina\src\Core\AI\Hazina.AI.RAG\Hazina.AI.RAG.csproj::TargetFramework=net8.0]
C:\Projects\Hazina\src\Core\AI\Hazina.AI.RAG\Embeddings\Models\LLMMetadataResponse.cs(7,14): warning SA1649: File name should match first type name (https://github.com/DotNetAnalyzers/StyleCopAnalyzers/blob/master/documentation/SA1649.md) [C:\Projects\Hazina\src\Core\AI\Hazina.AI.RAG\Hazina.AI.RAG.csproj::TargetFramework=net8.0]
C:\Projects\Hazina\src\Core\AI\Hazina.AI.RAG\Embeddings\Models\LLMMetadataResponse.cs(59,14): warning SA1402: File may only contain a single type (https://github.com/DotNetAnalyzers/StyleCopAnalyzers/blob/master/documentation/SA1402.md) [C:\Projects\Hazina\src\Core\AI\Hazina.AI.RAG\Hazina.AI.RAG.csproj::TargetFramework=net8.0]
C:\Projects\Hazina\src\Core\AI\Hazina.AI.RAG\Embeddings\Models\LLMMetadataResponse.cs(98,21): warning SA1402: File may only contain a single type (https://github.com/DotNetAnalyzers/StyleCopAnalyzers/blob/master/documentation/SA1402.md) [C:\Projects\Hazina\src\Core\AI\Hazina.AI.RAG\Hazina.AI.RAG.csproj::TargetFramework=net8.0]
C:\Projects\Hazina\src\Core\AI\Hazina.AI.RAG\Embeddings\EmbeddingCache.cs(55,51): warning SA1629: Documentation text should end with a period (https://github.com/DotNetAnalyzers/StyleCopAnalyzers/blob/master/documentation/SA1629.md) [C:\Projects\Hazina\src\Core\AI\Hazina.AI.RAG\Hazina.AI.RAG.csproj::TargetFramework=net8.0]
C:\Projects\Hazina\src\Core\AI\Hazina.AI.RAG\Embeddings\SemanticChunkingOptions.cs(1,1): warning SA1633: The file header is missing or not located at the top of the file. (https://github.com/DotNetAnalyzers/StyleCopAnalyzers/blob/master/documentation/SA1633.md) [C:\Projects\Hazina\src\Core\AI\Hazina.AI.RAG\Hazina.AI.RAG.csproj::TargetFramework=net8.0]
C:\Projects\Hazina\src\Core\AI\Hazina.AI.RAG\Embeddings\HierarchicalChunkerExtensions.cs(29,22): warning MA0004: Use Task.ConfigureAwait(false) if the current SynchronizationContext is not needed (https://github.com/meziantou/Meziantou.Analyzer/blob/main/docs/Rules/MA0004.md) [C:\Projects\Hazina\src\Core\AI\Hazina.AI.RAG\Hazina.AI.RAG.csproj::TargetFramework=net8.0]
C:\Projects\Hazina\src\Core\AI\Hazina.AI.RAG\Embeddings\EmbeddingCache.cs(64,25): warning CA1062: In externally visible method 'Embedding EmbeddingCache.GetOrAdd(string text, Func<string, Embedding> generator)', validate parameter 'generator' is non-null before using it. If appropriate, throw an 'ArgumentNullException' when the argument is 'null'. (https://learn.microsoft.com/dotnet/fundamentals/code-analysis/quality-rules/ca1062) [C:\Projects\Hazina\src\Core\AI\Hazina.AI.RAG\Hazina.AI.RAG.csproj::TargetFramework=net8.0]
C:\Projects\Hazina\src\Core\AI\Hazina.AI.RAG\Embeddings\TextChunker.cs(50,28): warning CA1002: Change 'List<TextChunk>' in 'TextChunker.ChunkText(string, [Dictionary<string, object>])' to use 'Collection<T>', 'ReadOnlyCollection<T>' or 'KeyedCollection<K,V>' (https://learn.microsoft.com/dotnet/fundamentals/code-analysis/quality-rules/ca1002) [C:\Projects\Hazina\src\Core\AI\Hazina.AI.RAG\Hazina.AI.RAG.csproj::TargetFramework=net8.0]
C:\Projects\Hazina\src\Core\AI\Hazina.AI.RAG\Embeddings\TextChunker.cs(50,12): warning MA0016: Prefer using collection abstraction instead of implementation (https://github.com/meziantou/Meziantou.Analyzer/blob/main/docs/Rules/MA0016.md) [C:\Projects\Hazina\src\Core\AI\Hazina.AI.RAG\Hazina.AI.RAG.csproj::TargetFramework=net8.0]
C:\Projects\Hazina\src\Core\AI\Hazina.AI.RAG\Embeddings\TextChunker.cs(50,51): warning MA0016: Prefer using collection abstraction instead of implementation (https://github.com/meziantou/Meziantou.Analyzer/blob/main/docs/Rules/MA0016.md) [C:\Projects\Hazina\src\Core\AI\Hazina.AI.RAG\Hazina.AI.RAG.csproj::TargetFramework=net8.0]
C:\Projects\Hazina\src\Core\AI\Hazina.AI.RAG\Embeddings\BasicMetadataExtractor.cs(37,12): warning MA0016: Prefer using collection abstraction instead of implementation (https://github.com/meziantou/Meziantou.Analyzer/blob/main/docs/Rules/MA0016.md) [C:\Projects\Hazina\src\Core\AI\Hazina.AI.RAG\Hazina.AI.RAG.csproj::TargetFramework=net8.0]
C:\Projects\Hazina\src\Core\AI\Hazina.AI.RAG\Graph\Storage\SQLiteGraphStore.cs(33,18): warning MA0051: Method is too long (97 lines; maximum allowed: 60) (https://github.com/meziantou/Meziantou.Analyzer/blob/main/docs/Rules/MA0051.md) [C:\Projects\Hazina\src\Core\AI\Hazina.AI.RAG\Hazina.AI.RAG.csproj::TargetFramework=net8.0]
C:\Projects\Hazina\src\Core\AI\Hazina.AI.RAG\Embeddings\SemanticSimilarityChunker.cs(1,1): warning SA1633: The file header is missing or not located at the top of the file. (https://github.com/DotNetAnalyzers/StyleCopAnalyzers/blob/master/documentation/SA1633.md) [C:\Projects\Hazina\src\Core\AI\Hazina.AI.RAG\Hazina.AI.RAG.csproj::TargetFramework=net8.0]
C:\Projects\Hazina\src\Core\AI\Hazina.AI.RAG\Embeddings\SemanticSimilarityChunker.cs(284,13): warning SA1512: Single-line comments should not be followed by blank line (https://github.com/DotNetAnalyzers/StyleCopAnalyzers/blob/master/documentation/SA1512.md) [C:\Projects\Hazina\src\Core\AI\Hazina.AI.RAG\Hazina.AI.RAG.csproj::TargetFramework=net8.0]
C:\Projects\Hazina\src\Core\AI\Hazina.AI.RAG\Embeddings\SemanticSimilarityChunker.cs(220,14): warning SA1513: Closing brace should be followed by blank line (https://github.com/DotNetAnalyzers/StyleCopAnalyzers/blob/master/documentation/SA1513.md) [C:\Projects\Hazina\src\Core\AI\Hazina.AI.RAG\Hazina.AI.RAG.csproj::TargetFramework=net8.0]
C:\Projects\Hazina\src\Core\AI\Hazina.AI.RAG\Core\RAGEngine.cs(60,9): warning SA1642: Constructor summary documentation should begin with standard text (https://github.com/DotNetAnalyzers/StyleCopAnalyzers/blob/master/documentation/SA1642.md) [C:\Projects\Hazina\src\Core\AI\Hazina.AI.RAG\Hazina.AI.RAG.csproj::TargetFramework=net8.0]
C:\Projects\Hazina\src\Core\AI\Hazina.AI.RAG\Embeddings\SemanticSimilarityChunker.cs(217,21): warning SA1515: Single-line comment should be preceded by blank line (https://github.com/DotNetAnalyzers/StyleCopAnalyzers/blob/master/documentation/SA1515.md) [C:\Projects\Hazina\src\Core\AI\Hazina.AI.RAG\Hazina.AI.RAG.csproj::TargetFramework=net8.0]
C:\Projects\Hazina\src\Core\AI\Hazina.AI.RAG\Embeddings\TextChunker.cs(48,94): warning SA1629: Documentation text should end with a period (https://github.com/DotNetAnalyzers/StyleCopAnalyzers/blob/master/documentation/SA1629.md) [C:\Projects\Hazina\src\Core\AI\Hazina.AI.RAG\Hazina.AI.RAG.csproj::TargetFramework=net8.0]
C:\Projects\Hazina\src\Core\AI\Hazina.AI.RAG\Embeddings\TextChunker.cs(55,13): warning SA1503: Braces should not be omitted (https://github.com/DotNetAnalyzers/StyleCopAnalyzers/blob/master/documentation/SA1503.md) [C:\Projects\Hazina\src\Core\AI\Hazina.AI.RAG\Hazina.AI.RAG.csproj::TargetFramework=net8.0]
C:\Projects\Hazina\src\Core\AI\Hazina.AI.RAG\Embeddings\BasicMetadataExtractor.cs(35,49): warning SA1629: Documentation text should end with a period (https://github.com/DotNetAnalyzers/StyleCopAnalyzers/blob/master/documentation/SA1629.md) [C:\Projects\Hazina\src\Core\AI\Hazina.AI.RAG\Hazina.AI.RAG.csproj::TargetFramework=net8.0]
C:\Projects\Hazina\src\Core\AI\Hazina.AI.RAG\Embeddings\SemanticSimilarityChunker.cs(138,9): warning SA1009: Closing parenthesis should not be preceded by a space (https://github.com/DotNetAnalyzers/StyleCopAnalyzers/blob/master/documentation/SA1009.md) [C:\Projects\Hazina\src\Core\AI\Hazina.AI.RAG\Hazina.AI.RAG.csproj::TargetFramework=net8.0]
C:\Projects\Hazina\src\Core\AI\Hazina.AI.RAG\Embeddings\SemanticSimilarityChunker.cs(211,21): warning SA1009: Closing parenthesis should not be preceded by a space (https://github.com/DotNetAnalyzers/StyleCopAnalyzers/blob/master/documentation/SA1009.md) [C:\Projects\Hazina\src\Core\AI\Hazina.AI.RAG\Hazina.AI.RAG.csproj::TargetFramework=net8.0]
C:\Projects\Hazina\src\Core\AI\Hazina.AI.RAG\Embeddings\BasicMetadataExtractor.cs(39,24): warning MA0002: Use an overload that has a IEqualityComparer<string> or IComparer<string> parameter (https://github.com/meziantou/Meziantou.Analyzer/blob/main/docs/Rules/MA0002.md) [C:\Projects\Hazina\src\Core\AI\Hazina.AI.RAG\Hazina.AI.RAG.csproj::TargetFramework=net8.0]
C:\Projects\Hazina\src\Core\AI\Hazina.AI.RAG\Graph\Storage\SQLiteGraphStore.cs(130,9): warning CA1873: Evaluation of this argument may be expensive and unnecessary if logging is disabled (https://learn.microsoft.com/dotnet/fundamentals/code-analysis/quality-rules/ca1873) [C:\Projects\Hazina\src\Core\AI\Hazina.AI.RAG\Hazina.AI.RAG.csproj::TargetFramework=net8.0]
C:\Projects\Hazina\src\Core\AI\Hazina.AI.RAG\Graph\Storage\SQLiteGraphStore.cs(130,9): warning CA1848: For improved performance, use the LoggerMessage delegates instead of calling 'LoggerExtensions.LogInformation(ILogger, string?, params object?[])' (https://learn.microsoft.com/dotnet/fundamentals/code-analysis/quality-rules/ca1848) [C:\Projects\Hazina\src\Core\AI\Hazina.AI.RAG\Hazina.AI.RAG.csproj::TargetFramework=net8.0]
C:\Projects\Hazina\src\Core\AI\Hazina.AI.RAG\Embeddings\EmbeddingCache.cs(70,57): warning SA1629: Documentation text should end with a period (https://github.com/DotNetAnalyzers/StyleCopAnalyzers/blob/master/documentation/SA1629.md) [C:\Projects\Hazina\src\Core\AI\Hazina.AI.RAG\Hazina.AI.RAG.csproj::TargetFramework=net8.0]
C:\Projects\Hazina\src\Core\AI\Hazina.AI.RAG\Embeddings\EmbeddingCache.cs(81,25): warning MA0004: Use Task.ConfigureAwait(false) if the current SynchronizationContext is not needed (https://github.com/meziantou/Meziantou.Analyzer/blob/main/docs/Rules/MA0004.md) [C:\Projects\Hazina\src\Core\AI\Hazina.AI.RAG\Hazina.AI.RAG.csproj::TargetFramework=net8.0]
C:\Projects\Hazina\src\Core\AI\Hazina.AI.RAG\Graph\Models\GraphSchema.cs(15,104): warning MA0002: Use an overload that has a IEqualityComparer<string> or IComparer<string> parameter (https://github.com/meziantou/Meziantou.Analyzer/blob/main/docs/Rules/MA0002.md) [C:\Projects\Hazina\src\Core\AI\Hazina.AI.RAG\Hazina.AI.RAG.csproj::TargetFramework=net8.0]
C:\Projects\Hazina\src\Core\AI\Hazina.AI.RAG\Embeddings\TextChunker.cs(1,1): warning SA1633: The file header is missing or not located at the top of the file. (https://github.com/DotNetAnalyzers/StyleCopAnalyzers/blob/master/documentation/SA1633.md) [C:\Projects\Hazina\src\Core\AI\Hazina.AI.RAG\Hazina.AI.RAG.csproj::TargetFramework=net8.0]
C:\Projects\Hazina\src\Core\AI\Hazina.AI.RAG\Embeddings\TextChunker.cs(332,14): warning SA1402: File may only contain a single type (https://github.com/DotNetAnalyzers/StyleCopAnalyzers/blob/master/documentation/SA1402.md) [C:\Projects\Hazina\src\Core\AI\Hazina.AI.RAG\Hazina.AI.RAG.csproj::TargetFramework=net8.0]
C:\Projects\Hazina\src\Core\AI\Hazina.AI.RAG\Embeddings\TextChunker.cs(344,14): warning SA1402: File may only contain a single type (https://github.com/DotNetAnalyzers/StyleCopAnalyzers/blob/master/documentation/SA1402.md) [C:\Projects\Hazina\src\Core\AI\Hazina.AI.RAG\Hazina.AI.RAG.csproj::TargetFramework=net8.0]
C:\Projects\Hazina\src\Core\AI\Hazina.AI.RAG\Embeddings\HierarchicalChunkerExtensions.cs(32,14): warning CA1062: In externally visible method 'Task<(List<TextChunk> Chunks, List<ChunkSet> ChunkSets)> HierarchicalChunkerExtensions.ChunkWithSetsAsync(HierarchicalChunker chunker, string text, string documentId, SemanticChunkingOptions options, CancellationToken ct = default(CancellationToken))', validate parameter 'options' is non-null before using it. If appropriate, throw an 'ArgumentNullException' when the argument is 'null'. (https://learn.microsoft.com/dotnet/fundamentals/code-analysis/quality-rules/ca1062) [C:\Projects\Hazina\src\Core\AI\Hazina.AI.RAG\Hazina.AI.RAG.csproj::TargetFramework=net8.0]
C:\Projects\Hazina\src\Core\AI\Hazina.AI.RAG\Embeddings\HierarchicalChunkerExtensions.cs(29,28): warning CA1062: In externally visible method 'Task<(List<TextChunk> Chunks, List<ChunkSet> ChunkSets)> HierarchicalChunkerExtensions.ChunkWithSetsAsync(HierarchicalChunker chunker, string text, string documentId, SemanticChunkingOptions options, CancellationToken ct = default(CancellationToken))', validate parameter 'chunker' is non-null before using it. If appropriate, throw an 'ArgumentNullException' when the argument is 'null'. (https://learn.microsoft.com/dotnet/fundamentals/code-analysis/quality-rules/ca1062) [C:\Projects\Hazina\src\Core\AI\Hazina.AI.RAG\Hazina.AI.RAG.csproj::TargetFramework=net8.0]
C:\Projects\Hazina\src\Core\AI\Hazina.AI.RAG\Embeddings\EmbeddingCache.cs(81,31): warning CA1062: In externally visible method 'Task<Embedding> EmbeddingCache.GetOrAddAsync(string text, Func<string, Task<Embedding>> generatorAsync)', validate parameter 'generatorAsync' is non-null before using it. If appropriate, throw an 'ArgumentNullException' when the argument is 'null'. (https://learn.microsoft.com/dotnet/fundamentals/code-analysis/quality-rules/ca1062) [C:\Projects\Hazina\src\Core\AI\Hazina.AI.RAG\Hazina.AI.RAG.csproj::TargetFramework=net8.0]
C:\Projects\Hazina\src\Core\AI\Hazina.AI.RAG\Graph\Models\GraphSchema.cs(16,110): warning MA0002: Use an overload that has a IEqualityComparer<string> or IComparer<string> parameter (https://github.com/meziantou/Meziantou.Analyzer/blob/main/docs/Rules/MA0002.md) [C:\Projects\Hazina\src\Core\AI\Hazina.AI.RAG\Hazina.AI.RAG.csproj::TargetFramework=net8.0]
C:\Projects\Hazina\src\Core\AI\Hazina.AI.RAG\Embeddings\EmbeddingCache.cs(87,36): warning SA1629: Documentation text should end with a period (https://github.com/DotNetAnalyzers/StyleCopAnalyzers/blob/master/documentation/SA1629.md) [C:\Projects\Hazina\src\Core\AI\Hazina.AI.RAG\Hazina.AI.RAG.csproj::TargetFramework=net8.0]
C:\Projects\Hazina\src\Core\AI\Hazina.AI.RAG\Graph\Models\GraphSchema.cs(18,160): warning MA0002: Use an overload that has a IEqualityComparer<string> or IComparer<string> parameter (https://github.com/meziantou/Meziantou.Analyzer/blob/main/docs/Rules/MA0002.md) [C:\Projects\Hazina\src\Core\AI\Hazina.AI.RAG\Hazina.AI.RAG.csproj::TargetFramework=net8.0]
C:\Projects\Hazina\src\Core\AI\Hazina.AI.RAG\Embeddings\BasicMetadataExtractor.cs(41,41): warning CA1062: In externally visible method 'Dictionary<string, object> BasicMetadataExtractor.ExtractMetadata(string chunkText)', validate parameter 'chunkText' is non-null before using it. If appropriate, throw an 'ArgumentNullException' when the argument is 'null'. (https://learn.microsoft.com/dotnet/fundamentals/code-analysis/quality-rules/ca1062) [C:\Projects\Hazina\src\Core\AI\Hazina.AI.RAG\Hazina.AI.RAG.csproj::TargetFramework=net8.0]
C:\Projects\Hazina\src\Core\AI\Hazina.AI.RAG\Embeddings\ContentTypeDetector.cs(11,55): warning SA1629: Documentation text should end with a period (https://github.com/DotNetAnalyzers/StyleCopAnalyzers/blob/master/documentation/SA1629.md) [C:\Projects\Hazina\src\Core\AI\Hazina.AI.RAG\Hazina.AI.RAG.csproj::TargetFramework=net8.0]
C:\Projects\Hazina\src\Core\AI\Hazina.AI.RAG\Embeddings\ContentTypeDetector.cs(16,13): warning SA1503: Braces should not be omitted (https://github.com/DotNetAnalyzers/StyleCopAnalyzers/blob/master/documentation/SA1503.md) [C:\Projects\Hazina\src\Core\AI\Hazina.AI.RAG\Hazina.AI.RAG.csproj::TargetFramework=net8.0]
C:\Projects\Hazina\src\Core\AI\Hazina.AI.RAG\Embeddings\ContentTypeDetector.cs(22,13): warning SA1503: Braces should not be omitted (https://github.com/DotNetAnalyzers/StyleCopAnalyzers/blob/master/documentation/SA1503.md) [C:\Projects\Hazina\src\Core\AI\Hazina.AI.RAG\Hazina.AI.RAG.csproj::TargetFramework=net8.0]
C:\Projects\Hazina\src\Core\AI\Hazina.AI.RAG\Embeddings\ContentTypeDetector.cs(26,13): warning SA1503: Braces should not be omitted (https://github.com/DotNetAnalyzers/StyleCopAnalyzers/blob/master/documentation/SA1503.md) [C:\Projects\Hazina\src\Core\AI\Hazina.AI.RAG\Hazina.AI.RAG.csproj::TargetFramework=net8.0]
C:\Projects\Hazina\src\Core\AI\Hazina.AI.RAG\Embeddings\ContentTypeDetector.cs(30,13): warning SA1503: Braces should not be omitted (https://github.com/DotNetAnalyzers/StyleCopAnalyzers/blob/master/documentation/SA1503.md) [C:\Projects\Hazina\src\Core\AI\Hazina.AI.RAG\Hazina.AI.RAG.csproj::TargetFramework=net8.0]
C:\Projects\Hazina\src\Core\AI\Hazina.AI.RAG\Embeddings\ContentTypeDetector.cs(34,13): warning SA1503: Braces should not be omitted (https://github.com/DotNetAnalyzers/StyleCopAnalyzers/blob/master/documentation/SA1503.md) [C:\Projects\Hazina\src\Core\AI\Hazina.AI.RAG\Hazina.AI.RAG.csproj::TargetFramework=net8.0]
C:\Projects\Hazina\src\Core\AI\Hazina.AI.RAG\Embeddings\ContentTypeDetector.cs(38,13): warning SA1503: Braces should not be omitted (https://github.com/DotNetAnalyzers/StyleCopAnalyzers/blob/master/documentation/SA1503.md) [C:\Projects\Hazina\src\Core\AI\Hazina.AI.RAG\Hazina.AI.RAG.csproj::TargetFramework=net8.0]
C:\Projects\Hazina\src\Core\AI\Hazina.AI.RAG\Embeddings\ContentTypeDetector.cs(41,13): warning SA1503: Braces should not be omitted (https://github.com/DotNetAnalyzers/StyleCopAnalyzers/blob/master/documentation/SA1503.md) [C:\Projects\Hazina\src\Core\AI\Hazina.AI.RAG\Hazina.AI.RAG.csproj::TargetFramework=net8.0]
C:\Projects\Hazina\src\Core\AI\Hazina.AI.RAG\Utilities\SentenceSplitter.cs(28,32): warning CA1002: Change 'List<string>' in 'SentenceSplitter.Split(string, [string], [int], [int?])' to use 'Collection<T>', 'ReadOnlyCollection<T>' or 'KeyedCollection<K,V>' (https://learn.microsoft.com/dotnet/fundamentals/code-analysis/quality-rules/ca1002) [C:\Projects\Hazina\src\Core\AI\Hazina.AI.RAG\Hazina.AI.RAG.csproj::TargetFramework=net8.0]
C:\Projects\Hazina\src\Core\AI\Hazina.AI.RAG\Utilities\SentenceSplitter.cs(28,19): warning MA0016: Prefer using collection abstraction instead of implementation (https://github.com/meziantou/Meziantou.Analyzer/blob/main/docs/Rules/MA0016.md) [C:\Projects\Hazina\src\Core\AI\Hazina.AI.RAG\Hazina.AI.RAG.csproj::TargetFramework=net8.0]
C:\Projects\Hazina\src\Core\AI\Hazina.AI.RAG\Extensions\DocumentStoreSemanticExtensions.cs(151,12): warning MA0026: TODO When vector store supports metadata, include chunkMetadata in the embedding (https://github.com/meziantou/Meziantou.Analyzer/blob/main/docs/Rules/MA0026.md) [C:\Projects\Hazina\src\Core\AI\Hazina.AI.RAG\Hazina.AI.RAG.csproj::TargetFramework=net8.0]
C:\Projects\Hazina\src\Core\AI\Hazina.AI.RAG\Extensions\DocumentStoreSemanticExtensions.cs(151,12): warning S1135: Complete the task associated to this 'TODO' comment. (https://rules.sonarsource.com/csharp/RSPEC-1135) [C:\Projects\Hazina\src\Core\AI\Hazina.AI.RAG\Hazina.AI.RAG.csproj::TargetFramework=net8.0]
C:\Projects\Hazina\src\Core\AI\Hazina.AI.RAG\Extensions\DocumentStoreSemanticExtensions.cs(1,1): warning SA1633: The file header is missing or not located at the top of the file. (https://github.com/DotNetAnalyzers/StyleCopAnalyzers/blob/master/documentation/SA1633.md) [C:\Projects\Hazina\src\Core\AI\Hazina.AI.RAG\Hazina.AI.RAG.csproj::TargetFramework=net8.0]
C:\Projects\Hazina\src\Core\AI\Hazina.AI.RAG\Extensions\DocumentStoreSemanticExtensions.cs(73,9): warning SA1009: Closing parenthesis should not be preceded by a space (https://github.com/DotNetAnalyzers/StyleCopAnalyzers/blob/master/documentation/SA1009.md) [C:\Projects\Hazina\src\Core\AI\Hazina.AI.RAG\Hazina.AI.RAG.csproj::TargetFramework=net8.0]
C:\Projects\Hazina\src\Core\AI\Hazina.AI.RAG\Extensions\DocumentStoreSemanticExtensions.cs(109,13): warning SA1009: Closing parenthesis should not be preceded by a space (https://github.com/DotNetAnalyzers/StyleCopAnalyzers/blob/master/documentation/SA1009.md) [C:\Projects\Hazina\src\Core\AI\Hazina.AI.RAG\Hazina.AI.RAG.csproj::TargetFramework=net8.0]
C:\Projects\Hazina\src\Core\AI\Hazina.AI.RAG\Extensions\DocumentStoreSemanticExtensions.cs(125,17): warning SA1009: Closing parenthesis should not be preceded by a space (https://github.com/DotNetAnalyzers/StyleCopAnalyzers/blob/master/documentation/SA1009.md) [C:\Projects\Hazina\src\Core\AI\Hazina.AI.RAG\Hazina.AI.RAG.csproj::TargetFramework=net8.0]
C:\Projects\Hazina\src\Core\AI\Hazina.AI.RAG\Extensions\DocumentStoreSemanticExtensions.cs(195,9): warning SA1009: Closing parenthesis should not be preceded by a space (https://github.com/DotNetAnalyzers/StyleCopAnalyzers/blob/master/documentation/SA1009.md) [C:\Projects\Hazina\src\Core\AI\Hazina.AI.RAG\Hazina.AI.RAG.csproj::TargetFramework=net8.0]
C:\Projects\Hazina\src\Core\AI\Hazina.AI.RAG\Embeddings\LLMMetadataExtractor.cs(38,54): warning SA1629: Documentation text should end with a period (https://github.com/DotNetAnalyzers/StyleCopAnalyzers/blob/master/documentation/SA1629.md) [C:\Projects\Hazina\src\Core\AI\Hazina.AI.RAG\Hazina.AI.RAG.csproj::TargetFramework=net8.0]
C:\Projects\Hazina\src\Core\AI\Hazina.AI.RAG\Embeddings\LLMMetadataExtractor.cs(59,13): warning SA1111: Closing parenthesis should be on line of last parameter (https://github.com/DotNetAnalyzers/StyleCopAnalyzers/blob/master/documentation/SA1111.md) [C:\Projects\Hazina\src\Core\AI\Hazina.AI.RAG\Hazina.AI.RAG.csproj::TargetFramework=net8.0]
C:\Projects\Hazina\src\Core\AI\Hazina.AI.RAG\Graph\Storage\IGraphStore.cs(15,45): warning CA1002: Change 'List<GraphEntity>' in 'IGraphStore.AddEntitiesAsync(List<GraphEntity>, [CancellationToken])' to use 'Collection<T>', 'ReadOnlyCollection<T>' or 'KeyedCollection<K,V>' (https://learn.microsoft.com/dotnet/fundamentals/code-analysis/quality-rules/ca1002) [C:\Projects\Hazina\src\Core\AI\Hazina.AI.RAG\Hazina.AI.RAG.csproj::TargetFramework=net8.0]
C:\Projects\Hazina\src\Core\AI\Hazina.AI.RAG\Graph\Storage\IGraphStore.cs(15,27): warning MA0016: Prefer using collection abstraction instead of implementation (https://github.com/meziantou/Meziantou.Analyzer/blob/main/docs/Rules/MA0016.md) [C:\Projects\Hazina\src\Core\AI\Hazina.AI.RAG\Hazina.AI.RAG.csproj::TargetFramework=net8.0]
C:\Projects\Hazina\src\Core\AI\Hazina.AI.RAG\Graph\Storage\IGraphStore.cs(25,5): warning MA0016: Prefer using collection abstraction instead of implementation (https://github.com/meziantou/Meziantou.Analyzer/blob/main/docs/Rules/MA0016.md) [C:\Projects\Hazina\src\Core\AI\Hazina.AI.RAG\Hazina.AI.RAG.csproj::TargetFramework=net8.0]
C:\Projects\Hazina\src\Core\AI\Hazina.AI.RAG\Graph\Storage\IGraphStore.cs(42,5): warning MA0016: Prefer using collection abstraction instead of implementation (https://github.com/meziantou/Meziantou.Analyzer/blob/main/docs/Rules/MA0016.md) [C:\Projects\Hazina\src\Core\AI\Hazina.AI.RAG\Hazina.AI.RAG.csproj::TargetFramework=net8.0]
C:\Projects\Hazina\src\Core\AI\Hazina.AI.RAG\Graph\Storage\IGraphStore.cs(33,5): warning MA0016: Prefer using collection abstraction instead of implementation (https://github.com/meziantou/Meziantou.Analyzer/blob/main/docs/Rules/MA0016.md) [C:\Projects\Hazina\src\Core\AI\Hazina.AI.RAG\Hazina.AI.RAG.csproj::TargetFramework=net8.0]
C:\Projects\Hazina\src\Core\AI\Hazina.AI.RAG\Embeddings\LLMMetadataExtractor.cs(65,21): warning CA1848: For improved performance, use the LoggerMessage delegates instead of calling 'LoggerExtensions.LogError(ILogger, Exception?, string?, params object?[])' (https://learn.microsoft.com/dotnet/fundamentals/code-analysis/quality-rules/ca1848) [C:\Projects\Hazina\src\Core\AI\Hazina.AI.RAG\Hazina.AI.RAG.csproj::TargetFramework=net8.0]
C:\Projects\Hazina\src\Core\AI\Hazina.AI.RAG\Graph\Storage\IGraphStore.cs(50,56): warning CA1002: Change 'List<GraphRelationship>' in 'IGraphStore.AddRelationshipsAsync(List<GraphRelationship>, [CancellationToken])' to use 'Collection<T>', 'ReadOnlyCollection<T>' or 'KeyedCollection<K,V>' (https://learn.microsoft.com/dotnet/fundamentals/code-analysis/quality-rules/ca1002) [C:\Projects\Hazina\src\Core\AI\Hazina.AI.RAG\Hazina.AI.RAG.csproj::TargetFramework=net8.0]
C:\Projects\Hazina\src\Core\AI\Hazina.AI.RAG\Graph\Storage\IGraphStore.cs(50,32): warning MA0016: Prefer using collection abstraction instead of implementation (https://github.com/meziantou/Meziantou.Analyzer/blob/main/docs/Rules/MA0016.md) [C:\Projects\Hazina\src\Core\AI\Hazina.AI.RAG\Hazina.AI.RAG.csproj::TargetFramework=net8.0]
C:\Projects\Hazina\src\Core\AI\Hazina.AI.RAG\Extensions\RetrievalServiceExtensions.cs(1,1): warning SA1633: The file header is missing or not located at the top of the file. (https://github.com/DotNetAnalyzers/StyleCopAnalyzers/blob/master/documentation/SA1633.md) [C:\Projects\Hazina\src\Core\AI\Hazina.AI.RAG\Hazina.AI.RAG.csproj::TargetFramework=net8.0]
C:\Projects\Hazina\src\Core\AI\Hazina.AI.RAG\Extensions\RetrievalServiceExtensions.cs(84,14): warning SA1402: File may only contain a single type (https://github.com/DotNetAnalyzers/StyleCopAnalyzers/blob/master/documentation/SA1402.md) [C:\Projects\Hazina\src\Core\AI\Hazina.AI.RAG\Hazina.AI.RAG.csproj::TargetFramework=net8.0]
C:\Projects\Hazina\src\Core\AI\Hazina.AI.RAG\Graph\Storage\IGraphStore.cs(55,5): warning MA0016: Prefer using collection abstraction instead of implementation (https://github.com/meziantou/Meziantou.Analyzer/blob/main/docs/Rules/MA0016.md) [C:\Projects\Hazina\src\Core\AI\Hazina.AI.RAG\Hazina.AI.RAG.csproj::TargetFramework=net8.0]
C:\Projects\Hazina\src\Core\AI\Hazina.AI.RAG\Embeddings\LLMMetadataExtractor.cs(54,28): warning MA0004: Use Task.ConfigureAwait(false) if the current SynchronizationContext is not needed (https://github.com/meziantou/Meziantou.Analyzer/blob/main/docs/Rules/MA0004.md) [C:\Projects\Hazina\src\Core\AI\Hazina.AI.RAG\Hazina.AI.RAG.csproj::TargetFramework=net8.0]
C:\Projects\Hazina\src\Core\AI\Hazina.AI.RAG\Graph\Storage\IGraphStore.cs(63,5): warning MA0016: Prefer using collection abstraction instead of implementation (https://github.com/meziantou/Meziantou.Analyzer/blob/main/docs/Rules/MA0016.md) [C:\Projects\Hazina\src\Core\AI\Hazina.AI.RAG\Hazina.AI.RAG.csproj::TargetFramework=net8.0]
C:\Projects\Hazina\src\Core\AI\Hazina.AI.RAG\Graph\Storage\IGraphStore.cs(71,5): warning MA0016: Prefer using collection abstraction instead of implementation (https://github.com/meziantou/Meziantou.Analyzer/blob/main/docs/Rules/MA0016.md) [C:\Projects\Hazina\src\Core\AI\Hazina.AI.RAG\Hazina.AI.RAG.csproj::TargetFramework=net8.0]
C:\Projects\Hazina\src\Core\AI\Hazina.AI.RAG\Graph\Storage\IGraphStore.cs(12,5): warning SA1514: Element documentation header should be preceded by blank line (https://github.com/DotNetAnalyzers/StyleCopAnalyzers/blob/master/documentation/SA1514.md) [C:\Projects\Hazina\src\Core\AI\Hazina.AI.RAG\Hazina.AI.RAG.csproj::TargetFramework=net8.0]
C:\Projects\Hazina\src\Core\AI\Hazina.AI.RAG\Retrieval\VectorStoreRetriever.cs(48,9): warning SA1500: Braces for multi-line statements should not share line (https://github.com/DotNetAnalyzers/StyleCopAnalyzers/blob/master/documentation/SA1500.md) [C:\Projects\Hazina\src\Core\AI\Hazina.AI.RAG\Hazina.AI.RAG.csproj::TargetFramework=net8.0]
C:\Projects\Hazina\src\Core\AI\Hazina.AI.RAG\Retrieval\VectorStoreRetriever.cs(38,9): warning SA1111: Closing parenthesis should be on line of last parameter (https://github.com/DotNetAnalyzers/StyleCopAnalyzers/blob/master/documentation/SA1111.md) [C:\Projects\Hazina\src\Core\AI\Hazina.AI.RAG\Hazina.AI.RAG.csproj::TargetFramework=net8.0]
C:\Projects\Hazina\src\Core\AI\Hazina.AI.RAG\Graph\Explainability\RetrievalTrace.cs(1,1): warning SA1633: The file header is missing or not located at the top of the file. (https://github.com/DotNetAnalyzers/StyleCopAnalyzers/blob/master/documentation/SA1633.md) [C:\Projects\Hazina\src\Core\AI\Hazina.AI.RAG\Hazina.AI.RAG.csproj::TargetFramework=net8.0]
C:\Projects\Hazina\src\Core\AI\Hazina.AI.RAG\Graph\Explainability\RetrievalTrace.cs(23,14): warning SA1402: File may only contain a single type (https://github.com/DotNetAnalyzers/StyleCopAnalyzers/blob/master/documentation/SA1402.md) [C:\Projects\Hazina\src\Core\AI\Hazina.AI.RAG\Hazina.AI.RAG.csproj::TargetFramework=net8.0]
C:\Projects\Hazina\src\Core\AI\Hazina.AI.RAG\Graph\Explainability\RetrievalTrace.cs(34,14): warning SA1402: File may only contain a single type (https://github.com/DotNetAnalyzers/StyleCopAnalyzers/blob/master/documentation/SA1402.md) [C:\Projects\Hazina\src\Core\AI\Hazina.AI.RAG\Hazina.AI.RAG.csproj::TargetFramework=net8.0]
C:\Projects\Hazina\src\Core\AI\Hazina.AI.RAG\Utilities\SentenceSplitter.cs(21,54): warning SA1629: Documentation text should end with a period (https://github.com/DotNetAnalyzers/StyleCopAnalyzers/blob/master/documentation/SA1629.md) [C:\Projects\Hazina\src\Core\AI\Hazina.AI.RAG\Hazina.AI.RAG.csproj::TargetFramework=net8.0]
C:\Projects\Hazina\src\Core\AI\Hazina.AI.RAG\Utilities\SentenceSplitter.cs(23,41): warning SA1629: Documentation text should end with a period (https://github.com/DotNetAnalyzers/StyleCopAnalyzers/blob/master/documentation/SA1629.md) [C:\Projects\Hazina\src\Core\AI\Hazina.AI.RAG\Hazina.AI.RAG.csproj::TargetFramework=net8.0]
C:\Projects\Hazina\src\Core\AI\Hazina.AI.RAG\Utilities\SentenceSplitter.cs(24,105): warning SA1629: Documentation text should end with a period (https://github.com/DotNetAnalyzers/StyleCopAnalyzers/blob/master/documentation/SA1629.md) [C:\Projects\Hazina\src\Core\AI\Hazina.AI.RAG\Hazina.AI.RAG.csproj::TargetFramework=net8.0]
C:\Projects\Hazina\src\Core\AI\Hazina.AI.RAG\Utilities\SentenceSplitter.cs(25,67): warning SA1629: Documentation text should end with a period (https://github.com/DotNetAnalyzers/StyleCopAnalyzers/blob/master/documentation/SA1629.md) [C:\Projects\Hazina\src\Core\AI\Hazina.AI.RAG\Hazina.AI.RAG.csproj::TargetFramework=net8.0]
C:\Projects\Hazina\src\Core\AI\Hazina.AI.RAG\Utilities\SentenceSplitter.cs(26,76): warning SA1629: Documentation text should end with a period (https://github.com/DotNetAnalyzers/StyleCopAnalyzers/blob/master/documentation/SA1629.md) [C:\Projects\Hazina\src\Core\AI\Hazina.AI.RAG\Hazina.AI.RAG.csproj::TargetFramework=net8.0]
C:\Projects\Hazina\src\Core\AI\Hazina.AI.RAG\Utilities\SentenceSplitter.cs(27,35): warning SA1629: Documentation text should end with a period (https://github.com/DotNetAnalyzers/StyleCopAnalyzers/blob/master/documentation/SA1629.md) [C:\Projects\Hazina\src\Core\AI\Hazina.AI.RAG\Hazina.AI.RAG.csproj::TargetFramework=net8.0]
C:\Projects\Hazina\src\Core\AI\Hazina.AI.RAG\Utilities\SentenceSplitter.cs(35,13): warning SA1503: Braces should not be omitted (https://github.com/DotNetAnalyzers/StyleCopAnalyzers/blob/master/documentation/SA1503.md) [C:\Projects\Hazina\src\Core\AI\Hazina.AI.RAG\Hazina.AI.RAG.csproj::TargetFramework=net8.0]
C:\Projects\Hazina\src\Core\AI\Hazina.AI.RAG\Graph\Storage\IGraphStore.cs(60,5): warning SA1514: Element documentation header should be preceded by blank line (https://github.com/DotNetAnalyzers/StyleCopAnalyzers/blob/master/documentation/SA1514.md) [C:\Projects\Hazina\src\Core\AI\Hazina.AI.RAG\Hazina.AI.RAG.csproj::TargetFramework=net8.0]
C:\Projects\Hazina\src\Core\AI\Hazina.AI.RAG\Graph\Storage\IGraphStore.cs(47,5): warning SA1514: Element documentation header should be preceded by blank line (https://github.com/DotNetAnalyzers/StyleCopAnalyzers/blob/master/documentation/SA1514.md) [C:\Projects\Hazina\src\Core\AI\Hazina.AI.RAG\Hazina.AI.RAG.csproj::TargetFramework=net8.0]
C:\Projects\Hazina\src\Core\AI\Hazina.AI.RAG\Graph\Storage\IGraphStore.cs(80,5): warning MA0016: Prefer using collection abstraction instead of implementation (https://github.com/meziantou/Meziantou.Analyzer/blob/main/docs/Rules/MA0016.md) [C:\Projects\Hazina\src\Core\AI\Hazina.AI.RAG\Hazina.AI.RAG.csproj::TargetFramework=net8.0]
C:\Projects\Hazina\src\Core\AI\Hazina.AI.RAG\Graph\Storage\IGraphStore.cs(87,5): warning SA1514: Element documentation header should be preceded by blank line (https://github.com/DotNetAnalyzers/StyleCopAnalyzers/blob/master/documentation/SA1514.md) [C:\Projects\Hazina\src\Core\AI\Hazina.AI.RAG\Hazina.AI.RAG.csproj::TargetFramework=net8.0]
C:\Projects\Hazina\src\Core\AI\Hazina.AI.RAG\Graph\Models\GraphEntity.cs(1,1): warning SA1633: The file header is missing or not located at the top of the file. (https://github.com/DotNetAnalyzers/StyleCopAnalyzers/blob/master/documentation/SA1633.md) [C:\Projects\Hazina\src\Core\AI\Hazina.AI.RAG\Hazina.AI.RAG.csproj::TargetFramework=net8.0]
C:\Projects\Hazina\src\Core\AI\Hazina.AI.RAG\Embeddings\LLMMetadataExtractor.cs(63,9): warning CA1031: Modify 'ExtractMetadataAsync' to catch a more specific allowed exception type, or rethrow the exception (https://learn.microsoft.com/dotnet/fundamentals/code-analysis/quality-rules/ca1031) [C:\Projects\Hazina\src\Core\AI\Hazina.AI.RAG\Hazina.AI.RAG.csproj::TargetFramework=net8.0]
C:\Projects\Hazina\src\Core\AI\Hazina.AI.RAG\Utilities\SentenceSplitter.cs(42,28): warning MA0009: Regular expressions should not be vulnerable to Denial of Service attacks (https://github.com/meziantou/Meziantou.Analyzer/blob/main/docs/Rules/MA0009.md) [C:\Projects\Hazina\src\Core\AI\Hazina.AI.RAG\Hazina.AI.RAG.csproj::TargetFramework=net8.0]
C:\Projects\Hazina\src\Core\AI\Hazina.AI.RAG\Graph\Models\GraphPath.cs(1,1): warning SA1633: The file header is missing or not located at the top of the file. (https://github.com/DotNetAnalyzers/StyleCopAnalyzers/blob/master/documentation/SA1633.md) [C:\Projects\Hazina\src\Core\AI\Hazina.AI.RAG\Hazina.AI.RAG.csproj::TargetFramework=net8.0]
C:\Projects\Hazina\src\Core\AI\Hazina.AI.RAG\Retrieval\VectorStoreRetriever.cs(30,30): warning MA0004: Use Task.ConfigureAwait(false) if the current SynchronizationContext is not needed (https://github.com/meziantou/Meziantou.Analyzer/blob/main/docs/Rules/MA0004.md) [C:\Projects\Hazina\src\Core\AI\Hazina.AI.RAG\Hazina.AI.RAG.csproj::TargetFramework=net8.0]
C:\Projects\Hazina\src\Core\AI\Hazina.AI.RAG\Graph\Models\GraphPath.cs(27,14): warning SA1402: File may only contain a single type (https://github.com/DotNetAnalyzers/StyleCopAnalyzers/blob/master/documentation/SA1402.md) [C:\Projects\Hazina\src\Core\AI\Hazina.AI.RAG\Hazina.AI.RAG.csproj::TargetFramework=net8.0]
C:\Projects\Hazina\src\Core\AI\Hazina.AI.RAG\Retrieval\VectorStoreRetriever.cs(33,23): warning MA0004: Use Task.ConfigureAwait(false) if the current SynchronizationContext is not needed (https://github.com/meziantou/Meziantou.Analyzer/blob/main/docs/Rules/MA0004.md) [C:\Projects\Hazina\src\Core\AI\Hazina.AI.RAG\Hazina.AI.RAG.csproj::TargetFramework=net8.0]
C:\Projects\Hazina\src\Core\AI\Hazina.AI.RAG\Retrieval\Reranker.cs(25,33): warning CA1002: Change 'List<RetrievedDocument>' in 'Reranker.RerankAsync(string, List<RetrievedDocument>, [CancellationToken])' to use 'Collection<T>', 'ReadOnlyCollection<T>' or 'KeyedCollection<K,V>' (https://learn.microsoft.com/dotnet/fundamentals/code-analysis/quality-rules/ca1002) [C:\Projects\Hazina\src\Core\AI\Hazina.AI.RAG\Hazina.AI.RAG.csproj::TargetFramework=net8.0]
C:\Projects\Hazina\src\Core\AI\Hazina.AI.RAG\Retrieval\Reranker.cs(23,18): warning MA0016: Prefer using collection abstraction instead of implementation (https://github.com/meziantou/Meziantou.Analyzer/blob/main/docs/Rules/MA0016.md) [C:\Projects\Hazina\src\Core\AI\Hazina.AI.RAG\Hazina.AI.RAG.csproj::TargetFramework=net8.0]
C:\Projects\Hazina\src\Core\AI\Hazina.AI.RAG\Retrieval\Reranker.cs(25,9): warning MA0016: Prefer using collection abstraction instead of implementation (https://github.com/meziantou/Meziantou.Analyzer/blob/main/docs/Rules/MA0016.md) [C:\Projects\Hazina\src\Core\AI\Hazina.AI.RAG\Hazina.AI.RAG.csproj::TargetFramework=net8.0]
C:\Projects\Hazina\src\Core\AI\Hazina.AI.RAG\Graph\Models\GraphPath.cs(15,1): warning SA1028: Code should not contain trailing whitespace (https://github.com/DotNetAnalyzers/StyleCopAnalyzers/blob/master/documentation/SA1028.md) [C:\Projects\Hazina\src\Core\AI\Hazina.AI.RAG\Hazina.AI.RAG.csproj::TargetFramework=net8.0]
C:\Projects\Hazina\src\Core\AI\Hazina.AI.RAG\Graph\Models\GraphRelationship.cs(1,1): warning SA1633: The file header is missing or not located at the top of the file. (https://github.com/DotNetAnalyzers/StyleCopAnalyzers/blob/master/documentation/SA1633.md) [C:\Projects\Hazina\src\Core\AI\Hazina.AI.RAG\Hazina.AI.RAG.csproj::TargetFramework=net8.0]
C:\Projects\Hazina\src\Core\AI\Hazina.AI.RAG\Graph\Models\GraphRelationship.cs(24,14): warning SA1402: File may only contain a single type (https://github.com/DotNetAnalyzers/StyleCopAnalyzers/blob/master/documentation/SA1402.md) [C:\Projects\Hazina\src\Core\AI\Hazina.AI.RAG\Hazina.AI.RAG.csproj::TargetFramework=net8.0]
C:\Projects\Hazina\src\Core\AI\Hazina.AI.RAG\Graph\Pipeline\IEntityExtractor.cs(17,5): warning MA0016: Prefer using collection abstraction instead of implementation (https://github.com/meziantou/Meziantou.Analyzer/blob/main/docs/Rules/MA0016.md) [C:\Projects\Hazina\src\Core\AI\Hazina.AI.RAG\Hazina.AI.RAG.csproj::TargetFramework=net8.0]
C:\Projects\Hazina\src\Core\AI\Hazina.AI.RAG\Embeddings\ContentTypeDetector.cs(59,31): warning S6605: Collection-specific "Exists" method should be used instead of the "Any" extension. (https://rules.sonarsource.com/csharp/RSPEC-6605) [C:\Projects\Hazina\src\Core\AI\Hazina.AI.RAG\Hazina.AI.RAG.csproj::TargetFramework=net8.0]
C:\Projects\Hazina\src\Core\AI\Hazina.AI.RAG\Embeddings\LLMMetadataExtractor.cs(46,49): warning CA1062: In externally visible method 'Task<ChunkMetadata?> LLMMetadataExtractor.ExtractMetadataAsync(string chunkText, CancellationToken ct = default(CancellationToken))', validate parameter 'chunkText' is non-null before using it. If appropriate, throw an 'ArgumentNullException' when the argument is 'null'. (https://learn.microsoft.com/dotnet/fundamentals/code-analysis/quality-rules/ca1062) [C:\Projects\Hazina\src\Core\AI\Hazina.AI.RAG\Hazina.AI.RAG.csproj::TargetFramework=net8.0]
C:\Projects\Hazina\src\Core\AI\Hazina.AI.RAG\Graph\Models\GraphSchema.cs(1,1): warning SA1633: The file header is missing or not located at the top of the file. (https://github.com/DotNetAnalyzers/StyleCopAnalyzers/blob/master/documentation/SA1633.md) [C:\Projects\Hazina\src\Core\AI\Hazina.AI.RAG\Hazina.AI.RAG.csproj::TargetFramework=net8.0]
C:\Projects\Hazina\src\Core\AI\Hazina.AI.RAG\Graph\Pipeline\IRelationshipExtractor.cs(20,27): warning CA1002: Change 'List<GraphEntity>' in 'IRelationshipExtractor.ExtractRelationshipsAsync(string, List<GraphEntity>, [string], [CancellationToken])' to use 'Collection<T>', 'ReadOnlyCollection<T>' or 'KeyedCollection<K,V>' (https://learn.microsoft.com/dotnet/fundamentals/code-analysis/quality-rules/ca1002) [C:\Projects\Hazina\src\Core\AI\Hazina.AI.RAG\Hazina.AI.RAG.csproj::TargetFramework=net8.0]
C:\Projects\Hazina\src\Core\AI\Hazina.AI.RAG\Graph\Pipeline\IRelationshipExtractor.cs(18,5): warning MA0016: Prefer using collection abstraction instead of implementation (https://github.com/meziantou/Meziantou.Analyzer/blob/main/docs/Rules/MA0016.md) [C:\Projects\Hazina\src\Core\AI\Hazina.AI.RAG\Hazina.AI.RAG.csproj::TargetFramework=net8.0]
C:\Projects\Hazina\src\Core\AI\Hazina.AI.RAG\Graph\Pipeline\IRelationshipExtractor.cs(20,9): warning MA0016: Prefer using collection abstraction instead of implementation (https://github.com/meziantou/Meziantou.Analyzer/blob/main/docs/Rules/MA0016.md) [C:\Projects\Hazina\src\Core\AI\Hazina.AI.RAG\Hazina.AI.RAG.csproj::TargetFramework=net8.0]
C:\Projects\Hazina\src\Core\AI\Hazina.AI.RAG\Graph\Models\GraphSchema.cs(14,1): warning SA1028: Code should not contain trailing whitespace (https://github.com/DotNetAnalyzers/StyleCopAnalyzers/blob/master/documentation/SA1028.md) [C:\Projects\Hazina\src\Core\AI\Hazina.AI.RAG\Hazina.AI.RAG.csproj::TargetFramework=net8.0]
C:\Projects\Hazina\src\Core\AI\Hazina.AI.RAG\Graph\Models\GraphSchema.cs(17,1): warning SA1028: Code should not contain trailing whitespace (https://github.com/DotNetAnalyzers/StyleCopAnalyzers/blob/master/documentation/SA1028.md) [C:\Projects\Hazina\src\Core\AI\Hazina.AI.RAG\Hazina.AI.RAG.csproj::TargetFramework=net8.0]
C:\Projects\Hazina\src\Core\AI\Hazina.AI.RAG\Embeddings\EmbeddingCache.cs(100,29): warning SA1629: Documentation text should end with a period (https://github.com/DotNetAnalyzers/StyleCopAnalyzers/blob/master/documentation/SA1629.md) [C:\Projects\Hazina\src\Core\AI\Hazina.AI.RAG\Hazina.AI.RAG.csproj::TargetFramework=net8.0]
C:\Projects\Hazina\src\Core\AI\Hazina.AI.RAG\Embeddings\ContentTypeDetector.cs(48,45): warning SA1629: Documentation text should end with a period (https://github.com/DotNetAnalyzers/StyleCopAnalyzers/blob/master/documentation/SA1629.md) [C:\Projects\Hazina\src\Core\AI\Hazina.AI.RAG\Hazina.AI.RAG.csproj::TargetFramework=net8.0]
C:\Projects\Hazina\src\Core\AI\Hazina.AI.RAG\Graph\Pipeline\EntityNormalizationService.cs(1,1): warning SA1633: The file header is missing or not located at the top of the file. (https://github.com/DotNetAnalyzers/StyleCopAnalyzers/blob/master/documentation/SA1633.md) [C:\Projects\Hazina\src\Core\AI\Hazina.AI.RAG\Hazina.AI.RAG.csproj::TargetFramework=net8.0]
C:\Projects\Hazina\src\Core\AI\Hazina.AI.RAG\Graph\Pipeline\ILLMTextService.cs(11,45): warning SA1629: Documentation text should end with a period (https://github.com/DotNetAnalyzers/StyleCopAnalyzers/blob/master/documentation/SA1629.md) [C:\Projects\Hazina\src\Core\AI\Hazina.AI.RAG\Hazina.AI.RAG.csproj::TargetFramework=net8.0]
C:\Projects\Hazina\src\Core\AI\Hazina.AI.RAG\Graph\Pipeline\ILLMTextService.cs(12,60): warning SA1629: Documentation text should end with a period (https://github.com/DotNetAnalyzers/StyleCopAnalyzers/blob/master/documentation/SA1629.md) [C:\Projects\Hazina\src\Core\AI\Hazina.AI.RAG\Hazina.AI.RAG.csproj::TargetFramework=net8.0]
C:\Projects\Hazina\src\Core\AI\Hazina.AI.RAG\Graph\Pipeline\ILLMTextService.cs(13,69): warning SA1629: Documentation text should end with a period (https://github.com/DotNetAnalyzers/StyleCopAnalyzers/blob/master/documentation/SA1629.md) [C:\Projects\Hazina\src\Core\AI\Hazina.AI.RAG\Hazina.AI.RAG.csproj::TargetFramework=net8.0]
C:\Projects\Hazina\src\Core\AI\Hazina.AI.RAG\Graph\Pipeline\ILLMTextService.cs(14,59): warning SA1629: Documentation text should end with a period (https://github.com/DotNetAnalyzers/StyleCopAnalyzers/blob/master/documentation/SA1629.md) [C:\Projects\Hazina\src\Core\AI\Hazina.AI.RAG\Hazina.AI.RAG.csproj::TargetFramework=net8.0]
C:\Projects\Hazina\src\Core\AI\Hazina.AI.RAG\Graph\Pipeline\ILLMTextService.cs(15,40): warning SA1629: Documentation text should end with a period (https://github.com/DotNetAnalyzers/StyleCopAnalyzers/blob/master/documentation/SA1629.md) [C:\Projects\Hazina\src\Core\AI\Hazina.AI.RAG\Hazina.AI.RAG.csproj::TargetFramework=net8.0]
C:\Projects\Hazina\src\Core\AI\Hazina.AI.RAG\Graph\Pipeline\IRelationshipExtractor.cs(13,47): warning SA1629: Documentation text should end with a period (https://github.com/DotNetAnalyzers/StyleCopAnalyzers/blob/master/documentation/SA1629.md) [C:\Projects\Hazina\src\Core\AI\Hazina.AI.RAG\Hazina.AI.RAG.csproj::TargetFramework=net8.0]
C:\Projects\Hazina\src\Core\AI\Hazina.AI.RAG\Graph\Pipeline\IRelationshipExtractor.cs(14,72): warning SA1629: Documentation text should end with a period (https://github.com/DotNetAnalyzers/StyleCopAnalyzers/blob/master/documentation/SA1629.md) [C:\Projects\Hazina\src\Core\AI\Hazina.AI.RAG\Hazina.AI.RAG.csproj::TargetFramework=net8.0]
C:\Projects\Hazina\src\Core\AI\Hazina.AI.RAG\Graph\Pipeline\IRelationshipExtractor.cs(15,69): warning SA1629: Documentation text should end with a period (https://github.com/DotNetAnalyzers/StyleCopAnalyzers/blob/master/documentation/SA1629.md) [C:\Projects\Hazina\src\Core\AI\Hazina.AI.RAG\Hazina.AI.RAG.csproj::TargetFramework=net8.0]
C:\Projects\Hazina\src\Core\AI\Hazina.AI.RAG\Graph\Pipeline\IRelationshipExtractor.cs(16,59): warning SA1629: Documentation text should end with a period (https://github.com/DotNetAnalyzers/StyleCopAnalyzers/blob/master/documentation/SA1629.md) [C:\Projects\Hazina\src\Core\AI\Hazina.AI.RAG\Hazina.AI.RAG.csproj::TargetFramework=net8.0]
C:\Projects\Hazina\src\Core\AI\Hazina.AI.RAG\Graph\Pipeline\IRelationshipExtractor.cs(17,62): warning SA1629: Documentation text should end with a period (https://github.com/DotNetAnalyzers/StyleCopAnalyzers/blob/master/documentation/SA1629.md) [C:\Projects\Hazina\src\Core\AI\Hazina.AI.RAG\Hazina.AI.RAG.csproj::TargetFramework=net8.0]
C:\Projects\Hazina\src\Core\AI\Hazina.AI.RAG\Graph\Pipeline\IEntityExtractor.cs(13,47): warning SA1629: Documentation text should end with a period (https://github.com/DotNetAnalyzers/StyleCopAnalyzers/blob/master/documentation/SA1629.md) [C:\Projects\Hazina\src\Core\AI\Hazina.AI.RAG\Hazina.AI.RAG.csproj::TargetFramework=net8.0]
C:\Projects\Hazina\src\Core\AI\Hazina.AI.RAG\Graph\Pipeline\IEntityExtractor.cs(14,78): warning SA1629: Documentation text should end with a period (https://github.com/DotNetAnalyzers/StyleCopAnalyzers/blob/master/documentation/SA1629.md) [C:\Projects\Hazina\src\Core\AI\Hazina.AI.RAG\Hazina.AI.RAG.csproj::TargetFramework=net8.0]
C:\Projects\Hazina\src\Core\AI\Hazina.AI.RAG\Graph\Pipeline\IEntityExtractor.cs(15,59): warning SA1629: Documentation text should end with a period (https://github.com/DotNetAnalyzers/StyleCopAnalyzers/blob/master/documentation/SA1629.md) [C:\Projects\Hazina\src\Core\AI\Hazina.AI.RAG\Hazina.AI.RAG.csproj::TargetFramework=net8.0]
C:\Projects\Hazina\src\Core\AI\Hazina.AI.RAG\Graph\Pipeline\IEntityExtractor.cs(16,67): warning SA1629: Documentation text should end with a period (https://github.com/DotNetAnalyzers/StyleCopAnalyzers/blob/master/documentation/SA1629.md) [C:\Projects\Hazina\src\Core\AI\Hazina.AI.RAG\Hazina.AI.RAG.csproj::TargetFramework=net8.0]
C:\Projects\Hazina\src\Core\AI\Hazina.AI.RAG\Graph\Pipeline\IEntityNormalizer.cs(14,53): warning SA1629: Documentation text should end with a period (https://github.com/DotNetAnalyzers/StyleCopAnalyzers/blob/master/documentation/SA1629.md) [C:\Projects\Hazina\src\Core\AI\Hazina.AI.RAG\Hazina.AI.RAG.csproj::TargetFramework=net8.0]
C:\Projects\Hazina\src\Core\AI\Hazina.AI.RAG\Graph\Pipeline\IEntityNormalizer.cs(15,80): warning SA1629: Documentation text should end with a period (https://github.com/DotNetAnalyzers/StyleCopAnalyzers/blob/master/documentation/SA1629.md) [C:\Projects\Hazina\src\Core\AI\Hazina.AI.RAG\Hazina.AI.RAG.csproj::TargetFramework=net8.0]
C:\Projects\Hazina\src\Core\AI\Hazina.AI.RAG\Graph\Pipeline\IEntityNormalizer.cs(16,59): warning SA1629: Documentation text should end with a period (https://github.com/DotNetAnalyzers/StyleCopAnalyzers/blob/master/documentation/SA1629.md) [C:\Projects\Hazina\src\Core\AI\Hazina.AI.RAG\Hazina.AI.RAG.csproj::TargetFramework=net8.0]
C:\Projects\Hazina\src\Core\AI\Hazina.AI.RAG\Graph\Pipeline\IEntityNormalizer.cs(17,72): warning SA1629: Documentation text should end with a period (https://github.com/DotNetAnalyzers/StyleCopAnalyzers/blob/master/documentation/SA1629.md) [C:\Projects\Hazina\src\Core\AI\Hazina.AI.RAG\Hazina.AI.RAG.csproj::TargetFramework=net8.0]
C:\Projects\Hazina\src\Core\AI\Hazina.AI.RAG\Embeddings\EmbeddingCache.cs(102,23): warning CA1024: Use properties where appropriate (https://learn.microsoft.com/dotnet/fundamentals/code-analysis/quality-rules/ca1024) [C:\Projects\Hazina\src\Core\AI\Hazina.AI.RAG\Hazina.AI.RAG.csproj::TargetFramework=net8.0]
C:\Projects\Hazina\src\Core\AI\Hazina.AI.RAG\Retrieval\Reranker.cs(21,46): warning SA1629: Documentation text should end with a period (https://github.com/DotNetAnalyzers/StyleCopAnalyzers/blob/master/documentation/SA1629.md) [C:\Projects\Hazina\src\Core\AI\Hazina.AI.RAG\Hazina.AI.RAG.csproj::TargetFramework=net8.0]
C:\Projects\Hazina\src\Core\AI\Hazina.AI.RAG\Retrieval\Reranker.cs(29,13): warning SA1503: Braces should not be omitted (https://github.com/DotNetAnalyzers/StyleCopAnalyzers/blob/master/documentation/SA1503.md) [C:\Projects\Hazina\src\Core\AI\Hazina.AI.RAG\Hazina.AI.RAG.csproj::TargetFramework=net8.0]
C:\Projects\Hazina\src\Core\AI\Hazina.AI.RAG\Extensions\RetrievalServiceExtensions.cs(15,95): warning SA1629: Documentation text should end with a period (https://github.com/DotNetAnalyzers/StyleCopAnalyzers/blob/master/documentation/SA1629.md) [C:\Projects\Hazina\src\Core\AI\Hazina.AI.RAG\Hazina.AI.RAG.csproj::TargetFramework=net8.0]
C:\Projects\Hazina\src\Core\AI\Hazina.AI.RAG\Retrieval\Reranker.cs(37,24): warning MA0004: Use Task.ConfigureAwait(false) if the current SynchronizationContext is not needed (https://github.com/meziantou/Meziantou.Analyzer/blob/main/docs/Rules/MA0004.md) [C:\Projects\Hazina\src\Core\AI\Hazina.AI.RAG\Hazina.AI.RAG.csproj::TargetFramework=net8.0]
C:\Projects\Hazina\src\Core\AI\Hazina.AI.RAG\Retrieval\Reranker.cs(40,24): warning MA0004: Use Task.ConfigureAwait(false) if the current SynchronizationContext is not needed (https://github.com/meziantou/Meziantou.Analyzer/blob/main/docs/Rules/MA0004.md) [C:\Projects\Hazina\src\Core\AI\Hazina.AI.RAG\Hazina.AI.RAG.csproj::TargetFramework=net8.0]
C:\Projects\Hazina\src\Core\AI\Hazina.AI.RAG\Utilities\SentenceSplitter.cs(39,13): warning S1481: Remove the unused local variable 'sentences'. (https://rules.sonarsource.com/csharp/RSPEC-1481) [C:\Projects\Hazina\src\Core\AI\Hazina.AI.RAG\Hazina.AI.RAG.csproj::TargetFramework=net8.0]
C:\Projects\Hazina\src\Core\AI\Hazina.AI.RAG\Graph\Pipeline\GraphConstructionPipeline.cs(1,1): warning SA1633: The file header is missing or not located at the top of the file. (https://github.com/DotNetAnalyzers/StyleCopAnalyzers/blob/master/documentation/SA1633.md) [C:\Projects\Hazina\src\Core\AI\Hazina.AI.RAG\Hazina.AI.RAG.csproj::TargetFramework=net8.0]
C:\Projects\Hazina\src\Core\AI\Hazina.AI.RAG\Utilities\SentenceSplitter.cs(73,17): warning S1643: Use a StringBuilder instead. (https://rules.sonarsource.com/csharp/RSPEC-1643) [C:\Projects\Hazina\src\Core\AI\Hazina.AI.RAG\Hazina.AI.RAG.csproj::TargetFramework=net8.0]
C:\Projects\Hazina\src\Core\AI\Hazina.AI.RAG\Graph\Pipeline\GraphConstructionPipeline.cs(230,14): warning SA1402: File may only contain a single type (https://github.com/DotNetAnalyzers/StyleCopAnalyzers/blob/master/documentation/SA1402.md) [C:\Projects\Hazina\src\Core\AI\Hazina.AI.RAG\Hazina.AI.RAG.csproj::TargetFramework=net8.0]
C:\Projects\Hazina\src\Core\AI\Hazina.AI.RAG\Graph\Pipeline\LLMTextService.cs(33,24): warning MA0004: Use Task.ConfigureAwait(false) if the current SynchronizationContext is not needed (https://github.com/meziantou/Meziantou.Analyzer/blob/main/docs/Rules/MA0004.md) [C:\Projects\Hazina\src\Core\AI\Hazina.AI.RAG\Hazina.AI.RAG.csproj::TargetFramework=net8.0]
C:\Projects\Hazina\src\Core\AI\Hazina.AI.RAG\Utilities\SentenceSplitter.cs(60,81): warning SA1629: Documentation text should end with a period (https://github.com/DotNetAnalyzers/StyleCopAnalyzers/blob/master/documentation/SA1629.md) [C:\Projects\Hazina\src\Core\AI\Hazina.AI.RAG\Hazina.AI.RAG.csproj::TargetFramework=net8.0]
C:\Projects\Hazina\src\Core\AI\Hazina.AI.RAG\Utilities\SentenceSplitter.cs(65,23): warning SA1122: Use string.Empty for empty strings (https://github.com/DotNetAnalyzers/StyleCopAnalyzers/blob/master/documentation/SA1122.md) [C:\Projects\Hazina\src\Core\AI\Hazina.AI.RAG\Hazina.AI.RAG.csproj::TargetFramework=net8.0]
C:\Projects\Hazina\src\Core\AI\Hazina.AI.RAG\Extensions\DocumentStoreSemanticExtensions.cs(48,9): warning MA0016: Prefer using collection abstraction instead of implementation (https://github.com/meziantou/Meziantou.Analyzer/blob/main/docs/Rules/MA0016.md) [C:\Projects\Hazina\src\Core\AI\Hazina.AI.RAG\Hazina.AI.RAG.csproj::TargetFramework=net8.0]
C:\Projects\Hazina\src\Core\AI\Hazina.AI.RAG\Graph\Pipeline\IEntityExtractor.cs(1,1): warning SA1633: The file header is missing or not located at the top of the file. (https://github.com/DotNetAnalyzers/StyleCopAnalyzers/blob/master/documentation/SA1633.md) [C:\Projects\Hazina\src\Core\AI\Hazina.AI.RAG\Hazina.AI.RAG.csproj::TargetFramework=net8.0]
C:\Projects\Hazina\src\Core\AI\Hazina.AI.RAG\Retrieval\RetrievalPipeline.cs(35,13): warning SA1503: Braces should not be omitted (https://github.com/DotNetAnalyzers/StyleCopAnalyzers/blob/master/documentation/SA1503.md) [C:\Projects\Hazina\src\Core\AI\Hazina.AI.RAG\Hazina.AI.RAG.csproj::TargetFramework=net8.0]
C:\Projects\Hazina\src\Core\AI\Hazina.AI.RAG\Retrieval\RetrievalPipeline.cs(32,9): warning SA1111: Closing parenthesis should be on line of last parameter (https://github.com/DotNetAnalyzers/StyleCopAnalyzers/blob/master/documentation/SA1111.md) [C:\Projects\Hazina\src\Core\AI\Hazina.AI.RAG\Hazina.AI.RAG.csproj::TargetFramework=net8.0]
C:\Projects\Hazina\src\Core\AI\Hazina.AI.RAG\Retrieval\RetrievalPipeline.cs(42,9): warning SA1111: Closing parenthesis should be on line of last parameter (https://github.com/DotNetAnalyzers/StyleCopAnalyzers/blob/master/documentation/SA1111.md) [C:\Projects\Hazina\src\Core\AI\Hazina.AI.RAG\Hazina.AI.RAG.csproj::TargetFramework=net8.0]
C:\Projects\Hazina\src\Core\AI\Hazina.AI.RAG\Extensions\DocumentStoreSemanticExtensions.cs(41,36): warning MA0051: Method is too long (82 lines; maximum allowed: 60) (https://github.com/meziantou/Meziantou.Analyzer/blob/main/docs/Rules/MA0051.md) [C:\Projects\Hazina\src\Core\AI\Hazina.AI.RAG\Hazina.AI.RAG.csproj::TargetFramework=net8.0]
C:\Projects\Hazina\src\Core\AI\Hazina.AI.RAG\Graph\Pipeline\IEntityNormalizer.cs(1,1): warning SA1633: The file header is missing or not located at the top of the file. (https://github.com/DotNetAnalyzers/StyleCopAnalyzers/blob/master/documentation/SA1633.md) [C:\Projects\Hazina\src\Core\AI\Hazina.AI.RAG\Hazina.AI.RAG.csproj::TargetFramework=net8.0]
C:\Projects\Hazina\src\Core\AI\Hazina.AI.RAG\Graph\Storage\GraphStoreFactory.cs(14,52): warning SA1629: Documentation text should end with a period (https://github.com/DotNetAnalyzers/StyleCopAnalyzers/blob/master/documentation/SA1629.md) [C:\Projects\Hazina\src\Core\AI\Hazina.AI.RAG\Hazina.AI.RAG.csproj::TargetFramework=net8.0]
C:\Projects\Hazina\src\Core\AI\Hazina.AI.RAG\Graph\Storage\GraphStoreFactory.cs(15,45): warning SA1629: Documentation text should end with a period (https://github.com/DotNetAnalyzers/StyleCopAnalyzers/blob/master/documentation/SA1629.md) [C:\Projects\Hazina\src\Core\AI\Hazina.AI.RAG\Hazina.AI.RAG.csproj::TargetFramework=net8.0]
C:\Projects\Hazina\src\Core\AI\Hazina.AI.RAG\Graph\Storage\GraphStoreFactory.cs(16,55): warning SA1629: Documentation text should end with a period (https://github.com/DotNetAnalyzers/StyleCopAnalyzers/blob/master/documentation/SA1629.md) [C:\Projects\Hazina\src\Core\AI\Hazina.AI.RAG\Hazina.AI.RAG.csproj::TargetFramework=net8.0]
C:\Projects\Hazina\src\Core\AI\Hazina.AI.RAG\Graph\Storage\GraphStoreFactory.cs(24,24): warning MA0015: Use an overload of 'System.ArgumentException' with the parameter name (https://github.com/meziantou/Meziantou.Analyzer/blob/main/docs/Rules/MA0015.md) [C:\Projects\Hazina\src\Core\AI\Hazina.AI.RAG\Hazina.AI.RAG.csproj::TargetFramework=net8.0]
C:\Projects\Hazina\src\Core\AI\Hazina.AI.RAG\Graph\Storage\GraphStoreFactory.cs(23,39): warning MA0025: Implement the functionality (or raise NotSupportedException or PlatformNotSupportedException) (https://github.com/meziantou/Meziantou.Analyzer/blob/main/docs/Rules/MA0025.md) [C:\Projects\Hazina\src\Core\AI\Hazina.AI.RAG\Hazina.AI.RAG.csproj::TargetFramework=net8.0]
C:\Projects\Hazina\src\Core\AI\Hazina.AI.RAG\Graph\Pipeline\ILLMTextService.cs(1,1): warning SA1633: The file header is missing or not located at the top of the file. (https://github.com/DotNetAnalyzers/StyleCopAnalyzers/blob/master/documentation/SA1633.md) [C:\Projects\Hazina\src\Core\AI\Hazina.AI.RAG\Hazina.AI.RAG.csproj::TargetFramework=net8.0]
C:\Projects\Hazina\src\Core\AI\Hazina.AI.RAG\Retrieval\RetrievalPipeline.cs(27,26): warning MA0004: Use Task.ConfigureAwait(false) if the current SynchronizationContext is not needed (https://github.com/meziantou/Meziantou.Analyzer/blob/main/docs/Rules/MA0004.md) [C:\Projects\Hazina\src\Core\AI\Hazina.AI.RAG\Hazina.AI.RAG.csproj::TargetFramework=net8.0]
C:\Projects\Hazina\src\Core\AI\Hazina.AI.RAG\Retrieval\RetrievalPipeline.cs(37,24): warning MA0004: Use Task.ConfigureAwait(false) if the current SynchronizationContext is not needed (https://github.com/meziantou/Meziantou.Analyzer/blob/main/docs/Rules/MA0004.md) [C:\Projects\Hazina\src\Core\AI\Hazina.AI.RAG\Hazina.AI.RAG.csproj::TargetFramework=net8.0]
C:\Projects\Hazina\src\Core\AI\Hazina.AI.RAG\Graph\Pipeline\IRelationshipExtractor.cs(1,1): warning SA1633: The file header is missing or not located at the top of the file. (https://github.com/DotNetAnalyzers/StyleCopAnalyzers/blob/master/documentation/SA1633.md) [C:\Projects\Hazina\src\Core\AI\Hazina.AI.RAG\Hazina.AI.RAG.csproj::TargetFramework=net8.0]
C:\Projects\Hazina\src\Core\AI\Hazina.AI.RAG\Graph\Storage\GraphStoreFactory.cs(19,16): warning CA1062: In externally visible method 'IGraphStore GraphStoreFactory.Create(GraphRAGConfig config, ILogger logger)', validate parameter 'config' is non-null before using it. If appropriate, throw an 'ArgumentNullException' when the argument is 'null'. (https://learn.microsoft.com/dotnet/fundamentals/code-analysis/quality-rules/ca1062) [C:\Projects\Hazina\src\Core\AI\Hazina.AI.RAG\Hazina.AI.RAG.csproj::TargetFramework=net8.0]
C:\Projects\Hazina\src\Core\AI\Hazina.AI.RAG\Graph\Pipeline\LLMEntityExtractor.cs(162,19): warning S3260: Private classes which are not derived in the current assembly should be marked as 'sealed'. (https://rules.sonarsource.com/csharp/RSPEC-3260) [C:\Projects\Hazina\src\Core\AI\Hazina.AI.RAG\Hazina.AI.RAG.csproj::TargetFramework=net8.0]
C:\Projects\Hazina\src\Core\AI\Hazina.AI.RAG\Graph\Pipeline\LLMEntityExtractor.cs(1,1): warning SA1633: The file header is missing or not located at the top of the file. (https://github.com/DotNetAnalyzers/StyleCopAnalyzers/blob/master/documentation/SA1633.md) [C:\Projects\Hazina\src\Core\AI\Hazina.AI.RAG\Hazina.AI.RAG.csproj::TargetFramework=net8.0]
C:\Projects\Hazina\src\Core\AI\Hazina.AI.RAG\Retrieval\Reranker.cs(28,13): warning CA1062: In externally visible method 'Task<List<RetrievedDocument>> Reranker.RerankAsync(string query, List<RetrievedDocument> documents, CancellationToken cancellationToken = default(CancellationToken))', validate parameter 'documents' is non-null before using it. If appropriate, throw an 'ArgumentNullException' when the argument is 'null'. (https://learn.microsoft.com/dotnet/fundamentals/code-analysis/quality-rules/ca1062) [C:\Projects\Hazina\src\Core\AI\Hazina.AI.RAG\Hazina.AI.RAG.csproj::TargetFramework=net8.0]
C:\Projects\Hazina\src\Core\AI\Hazina.AI.RAG\Graph\Pipeline\LLMEntityExtractor.cs(96,14): warning SA1513: Closing brace should be followed by blank line (https://github.com/DotNetAnalyzers/StyleCopAnalyzers/blob/master/documentation/SA1513.md) [C:\Projects\Hazina\src\Core\AI\Hazina.AI.RAG\Hazina.AI.RAG.csproj::TargetFramework=net8.0]
C:\Projects\Hazina\src\Core\AI\Hazina.AI.RAG\Graph\Pipeline\LLMEntityExtractor.cs(100,14): warning SA1513: Closing brace should be followed by blank line (https://github.com/DotNetAnalyzers/StyleCopAnalyzers/blob/master/documentation/SA1513.md) [C:\Projects\Hazina\src\Core\AI\Hazina.AI.RAG\Hazina.AI.RAG.csproj::TargetFramework=net8.0]
C:\Projects\Hazina\src\Core\AI\Hazina.AI.RAG\Graph\Pipeline\LLMEntityExtractor.cs(104,14): warning SA1513: Closing brace should be followed by blank line (https://github.com/DotNetAnalyzers/StyleCopAnalyzers/blob/master/documentation/SA1513.md) [C:\Projects\Hazina\src\Core\AI\Hazina.AI.RAG\Hazina.AI.RAG.csproj::TargetFramework=net8.0]
C:\Projects\Hazina\src\Core\AI\Hazina.AI.RAG\Extensions\RetrievalServiceExtensions.cs(51,51): warning SA1629: Documentation text should end with a period (https://github.com/DotNetAnalyzers/StyleCopAnalyzers/blob/master/documentation/SA1629.md) [C:\Projects\Hazina\src\Core\AI\Hazina.AI.RAG\Hazina.AI.RAG.csproj::TargetFramework=net8.0]
C:\Projects\Hazina\src\Core\AI\Hazina.AI.RAG\Core\RAGEngine.cs(138,13): warning SA1111: Closing parenthesis should be on line of last parameter (https://github.com/DotNetAnalyzers/StyleCopAnalyzers/blob/master/documentation/SA1111.md) [C:\Projects\Hazina\src\Core\AI\Hazina.AI.RAG\Hazina.AI.RAG.csproj::TargetFramework=net8.0]
C:\Projects\Hazina\src\Core\AI\Hazina.AI.RAG\Embeddings\EmbeddingCache.cs(117,50): warning SA1629: Documentation text should end with a period (https://github.com/DotNetAnalyzers/StyleCopAnalyzers/blob/master/documentation/SA1629.md) [C:\Projects\Hazina\src\Core\AI\Hazina.AI.RAG\Hazina.AI.RAG.csproj::TargetFramework=net8.0]
C:\Projects\Hazina\src\Core\AI\Hazina.AI.RAG\Extensions\RetrievalServiceExtensions.cs(61,50): warning SA1629: Documentation text should end with a period (https://github.com/DotNetAnalyzers/StyleCopAnalyzers/blob/master/documentation/SA1629.md) [C:\Projects\Hazina\src\Core\AI\Hazina.AI.RAG\Hazina.AI.RAG.csproj::TargetFramework=net8.0]
C:\Projects\Hazina\src\Core\AI\Hazina.AI.RAG\Graph\Pipeline\LLMRelationshipExtractor.cs(197,19): warning S3260: Private classes which are not derived in the current assembly should be marked as 'sealed'. (https://rules.sonarsource.com/csharp/RSPEC-3260) [C:\Projects\Hazina\src\Core\AI\Hazina.AI.RAG\Hazina.AI.RAG.csproj::TargetFramework=net8.0]
C:\Projects\Hazina\src\Core\AI\Hazina.AI.RAG\Graph\Pipeline\LLMRelationshipExtractor.cs(1,1): warning SA1633: The file header is missing or not located at the top of the file. (https://github.com/DotNetAnalyzers/StyleCopAnalyzers/blob/master/documentation/SA1633.md) [C:\Projects\Hazina\src\Core\AI\Hazina.AI.RAG\Hazina.AI.RAG.csproj::TargetFramework=net8.0]
C:\Projects\Hazina\src\Core\AI\Hazina.AI.RAG\Core\RAGEngine.cs(105,47): warning MA0004: Use Task.ConfigureAwait(false) if the current SynchronizationContext is not needed (https://github.com/meziantou/Meziantou.Analyzer/blob/main/docs/Rules/MA0004.md) [C:\Projects\Hazina\src\Core\AI\Hazina.AI.RAG\Hazina.AI.RAG.csproj::TargetFramework=net8.0]
C:\Projects\Hazina\src\Core\AI\Hazina.AI.RAG\Embeddings\EmbeddingCache.cs(123,25): warning CA1850: Prefer static 'System.Security.Cryptography.SHA256.HashData' method over 'ComputeHash' (https://learn.microsoft.com/dotnet/fundamentals/code-analysis/quality-rules/ca1850) [C:\Projects\Hazina\src\Core\AI\Hazina.AI.RAG\Hazina.AI.RAG.csproj::TargetFramework=net8.0]
C:\Projects\Hazina\src\Core\AI\Hazina.AI.RAG\Core\RAGEngine.cs(111,47): warning MA0004: Use Task.ConfigureAwait(false) if the current SynchronizationContext is not needed (https://github.com/meziantou/Meziantou.Analyzer/blob/main/docs/Rules/MA0004.md) [C:\Projects\Hazina\src\Core\AI\Hazina.AI.RAG\Hazina.AI.RAG.csproj::TargetFramework=net8.0]
C:\Projects\Hazina\src\Core\AI\Hazina.AI.RAG\Graph\Pipeline\LLMRelationshipExtractor.cs(116,14): warning SA1513: Closing brace should be followed by blank line (https://github.com/DotNetAnalyzers/StyleCopAnalyzers/blob/master/documentation/SA1513.md) [C:\Projects\Hazina\src\Core\AI\Hazina.AI.RAG\Hazina.AI.RAG.csproj::TargetFramework=net8.0]
C:\Projects\Hazina\src\Core\AI\Hazina.AI.RAG\Graph\Pipeline\LLMRelationshipExtractor.cs(120,14): warning SA1513: Closing brace should be followed by blank line (https://github.com/DotNetAnalyzers/StyleCopAnalyzers/blob/master/documentation/SA1513.md) [C:\Projects\Hazina\src\Core\AI\Hazina.AI.RAG\Hazina.AI.RAG.csproj::TargetFramework=net8.0]
C:\Projects\Hazina\src\Core\AI\Hazina.AI.RAG\Graph\Pipeline\LLMRelationshipExtractor.cs(124,14): warning SA1513: Closing brace should be followed by blank line (https://github.com/DotNetAnalyzers/StyleCopAnalyzers/blob/master/documentation/SA1513.md) [C:\Projects\Hazina\src\Core\AI\Hazina.AI.RAG\Hazina.AI.RAG.csproj::TargetFramework=net8.0]
C:\Projects\Hazina\src\Core\AI\Hazina.AI.RAG\Core\RAGEngine.cs(124,47): warning MA0004: Use Task.ConfigureAwait(false) if the current SynchronizationContext is not needed (https://github.com/meziantou/Meziantou.Analyzer/blob/main/docs/Rules/MA0004.md) [C:\Projects\Hazina\src\Core\AI\Hazina.AI.RAG\Hazina.AI.RAG.csproj::TargetFramework=net8.0]
C:\Projects\Hazina\src\Core\AI\Hazina.AI.RAG\Core\RAGEngine.cs(133,31): warning MA0004: Use Task.ConfigureAwait(false) if the current SynchronizationContext is not needed (https://github.com/meziantou/Meziantou.Analyzer/blob/main/docs/Rules/MA0004.md) [C:\Projects\Hazina\src\Core\AI\Hazina.AI.RAG\Hazina.AI.RAG.csproj::TargetFramework=net8.0]
C:\Projects\Hazina\src\Core\AI\Hazina.AI.RAG\Embeddings\LLMMetadataExtractor.cs(75,25): warning CA1002: Change 'List<TextChunk>' in 'LLMMetadataExtractor.ExtractBatchMetadataAsync(List<TextChunk>, [CancellationToken])' to use 'Collection<T>', 'ReadOnlyCollection<T>' or 'KeyedCollection<K,V>' (https://learn.microsoft.com/dotnet/fundamentals/code-analysis/quality-rules/ca1002) [C:\Projects\Hazina\src\Core\AI\Hazina.AI.RAG\Hazina.AI.RAG.csproj::TargetFramework=net8.0]
C:\Projects\Hazina\src\Core\AI\Hazina.AI.RAG\Embeddings\LLMMetadataExtractor.cs(74,18): warning MA0016: Prefer using collection abstraction instead of implementation (https://github.com/meziantou/Meziantou.Analyzer/blob/main/docs/Rules/MA0016.md) [C:\Projects\Hazina\src\Core\AI\Hazina.AI.RAG\Hazina.AI.RAG.csproj::TargetFramework=net8.0]
C:\Projects\Hazina\src\Core\AI\Hazina.AI.RAG\Embeddings\LLMMetadataExtractor.cs(75,9): warning MA0016: Prefer using collection abstraction instead of implementation (https://github.com/meziantou/Meziantou.Analyzer/blob/main/docs/Rules/MA0016.md) [C:\Projects\Hazina\src\Core\AI\Hazina.AI.RAG\Hazina.AI.RAG.csproj::TargetFramework=net8.0]
C:\Projects\Hazina\src\Core\AI\Hazina.AI.RAG\Extensions\RetrievalServiceExtensions.cs(71,60): warning SA1629: Documentation text should end with a period (https://github.com/DotNetAnalyzers/StyleCopAnalyzers/blob/master/documentation/SA1629.md) [C:\Projects\Hazina\src\Core\AI\Hazina.AI.RAG\Hazina.AI.RAG.csproj::TargetFramework=net8.0]
C:\Projects\Hazina\src\Core\AI\Hazina.AI.RAG\Utilities\SentenceSplitter.cs(97,55): warning SA1629: Documentation text should end with a period (https://github.com/DotNetAnalyzers/StyleCopAnalyzers/blob/master/documentation/SA1629.md) [C:\Projects\Hazina\src\Core\AI\Hazina.AI.RAG\Hazina.AI.RAG.csproj::TargetFramework=net8.0]
C:\Projects\Hazina\src\Core\AI\Hazina.AI.RAG\Utilities\SentenceSplitter.cs(102,32): warning SA1503: Braces should not be omitted (https://github.com/DotNetAnalyzers/StyleCopAnalyzers/blob/master/documentation/SA1503.md) [C:\Projects\Hazina\src\Core\AI\Hazina.AI.RAG\Hazina.AI.RAG.csproj::TargetFramework=net8.0]
C:\Projects\Hazina\src\Core\AI\Hazina.AI.RAG\Utilities\SentenceSplitter.cs(104,47): warning CA1311: Specify a culture or use an invariant version to avoid implicit dependency on current culture (https://learn.microsoft.com/dotnet/fundamentals/code-analysis/quality-rules/ca1311) [C:\Projects\Hazina\src\Core\AI\Hazina.AI.RAG\Hazina.AI.RAG.csproj::TargetFramework=net8.0]
C:\Projects\Hazina\src\Core\AI\Hazina.AI.RAG\Core\RAGEngine.cs(142,9): warning CA1031: Modify 'QueryAsync' to catch a more specific allowed exception type, or rethrow the exception (https://learn.microsoft.com/dotnet/fundamentals/code-analysis/quality-rules/ca1031) [C:\Projects\Hazina\src\Core\AI\Hazina.AI.RAG\Hazina.AI.RAG.csproj::TargetFramework=net8.0]
C:\Projects\Hazina\src\Core\AI\Hazina.AI.RAG\Utilities\SentenceSplitter.cs(104,24): warning CA1304: The behavior of 'string.ToLower()' could vary based on the current user's locale settings. Replace this call in 'SentenceSplitter.EndsWithAbbreviation(string)' with a call to 'string.ToLower(CultureInfo)'. (https://learn.microsoft.com/dotnet/fundamentals/code-analysis/quality-rules/ca1304) [C:\Projects\Hazina\src\Core\AI\Hazina.AI.RAG\Hazina.AI.RAG.csproj::TargetFramework=net8.0]
C:\Projects\Hazina\src\Core\AI\Hazina.AI.RAG\Graph\Pipeline\LLMTextService.cs(1,1): warning SA1633: The file header is missing or not located at the top of the file. (https://github.com/DotNetAnalyzers/StyleCopAnalyzers/blob/master/documentation/SA1633.md) [C:\Projects\Hazina\src\Core\AI\Hazina.AI.RAG\Hazina.AI.RAG.csproj::TargetFramework=net8.0]
C:\Projects\Hazina\src\Core\AI\Hazina.AI.RAG\Utilities\SentenceSplitter.cs(104,24): warning MA0011: Use an overload of 'ToLower' that has a 'System.Globalization.CultureInfo' parameter (https://github.com/meziantou/Meziantou.Analyzer/blob/main/docs/Rules/MA0011.md) [C:\Projects\Hazina\src\Core\AI\Hazina.AI.RAG\Hazina.AI.RAG.csproj::TargetFramework=net8.0]
C:\Projects\Hazina\src\Core\AI\Hazina.AI.RAG\Extensions\DocumentStoreSemanticExtensions.cs(141,9): warning S1172: Remove this unused method parameter 'embeddingGenerator'. (https://rules.sonarsource.com/csharp/RSPEC-1172) [C:\Projects\Hazina\src\Core\AI\Hazina.AI.RAG\Hazina.AI.RAG.csproj::TargetFramework=net8.0]
C:\Projects\Hazina\src\Core\AI\Hazina.AI.RAG\Extensions\DocumentStoreSemanticExtensions.cs(144,9): warning S1172: Remove this unused method parameter 'chunkMetadata'. (https://rules.sonarsource.com/csharp/RSPEC-1172) [C:\Projects\Hazina\src\Core\AI\Hazina.AI.RAG\Hazina.AI.RAG.csproj::TargetFramework=net8.0]
C:\Projects\Hazina\src\Core\AI\Hazina.AI.RAG\Extensions\DocumentStoreSemanticExtensions.cs(145,9): warning S1172: Remove this unused method parameter 'ct'. (https://rules.sonarsource.com/csharp/RSPEC-1172) [C:\Projects\Hazina\src\Core\AI\Hazina.AI.RAG\Hazina.AI.RAG.csproj::TargetFramework=net8.0]
C:\Projects\Hazina\src\Core\AI\Hazina.AI.RAG\Graph\Retrieval\HybridRetrievalService.cs(1,1): warning SA1633: The file header is missing or not located at the top of the file. (https://github.com/DotNetAnalyzers/StyleCopAnalyzers/blob/master/documentation/SA1633.md) [C:\Projects\Hazina\src\Core\AI\Hazina.AI.RAG\Hazina.AI.RAG.csproj::TargetFramework=net8.0]
C:\Projects\Hazina\src\Core\AI\Hazina.AI.RAG\Graph\Retrieval\HybridRetrievalService.cs(80,9): warning SA1512: Single-line comments should not be followed by blank line (https://github.com/DotNetAnalyzers/StyleCopAnalyzers/blob/master/documentation/SA1512.md) [C:\Projects\Hazina\src\Core\AI\Hazina.AI.RAG\Hazina.AI.RAG.csproj::TargetFramework=net8.0]
C:\Projects\Hazina\src\Core\AI\Hazina.AI.RAG\Graph\Pipeline\EntityNormalizationService.cs(55,13): warning CA1848: For improved performance, use the LoggerMessage delegates instead of calling 'LoggerExtensions.LogError(ILogger, Exception?, string?, params object?[])' (https://learn.microsoft.com/dotnet/fundamentals/code-analysis/quality-rules/ca1848) [C:\Projects\Hazina\src\Core\AI\Hazina.AI.RAG\Hazina.AI.RAG.csproj::TargetFramework=net8.0]
C:\Projects\Hazina\src\Core\AI\Hazina.AI.RAG\Graph\Retrieval\HybridRetrievalService.cs(386,14): warning SA1402: File may only contain a single type (https://github.com/DotNetAnalyzers/StyleCopAnalyzers/blob/master/documentation/SA1402.md) [C:\Projects\Hazina\src\Core\AI\Hazina.AI.RAG\Hazina.AI.RAG.csproj::TargetFramework=net8.0]
C:\Projects\Hazina\src\Core\AI\Hazina.AI.RAG\Graph\Retrieval\HybridRetrievalService.cs(410,14): warning SA1402: File may only contain a single type (https://github.com/DotNetAnalyzers/StyleCopAnalyzers/blob/master/documentation/SA1402.md) [C:\Projects\Hazina\src\Core\AI\Hazina.AI.RAG\Hazina.AI.RAG.csproj::TargetFramework=net8.0]
C:\Projects\Hazina\src\Core\AI\Hazina.AI.RAG\Graph\Storage\InMemoryGraphStore.cs(18,32): warning CA1062: In externally visible method 'Task InMemoryGraphStore.AddEntitiesAsync(List<GraphEntity> entities, CancellationToken cancellationToken = default(CancellationToken))', validate parameter 'entities' is non-null before using it. If appropriate, throw an 'ArgumentNullException' when the argument is 'null'. (https://learn.microsoft.com/dotnet/fundamentals/code-analysis/quality-rules/ca1062) [C:\Projects\Hazina\src\Core\AI\Hazina.AI.RAG\Hazina.AI.RAG.csproj::TargetFramework=net8.0]
C:\Projects\Hazina\src\Core\AI\Hazina.AI.RAG\Graph\Pipeline\EntityNormalizationService.cs(29,9): warning CA1510: Use 'ArgumentNullException.ThrowIfNull' instead of explicitly throwing a new exception instance (https://learn.microsoft.com/dotnet/fundamentals/code-analysis/quality-rules/ca1510) [C:\Projects\Hazina\src\Core\AI\Hazina.AI.RAG\Hazina.AI.RAG.csproj::TargetFramework=net8.0]
C:\Projects\Hazina\src\Core\AI\Hazina.AI.RAG\Graph\Pipeline\EntityNormalizationService.cs(34,9): warning CA1510: Use 'ArgumentNullException.ThrowIfNull' instead of explicitly throwing a new exception instance (https://learn.microsoft.com/dotnet/fundamentals/code-analysis/quality-rules/ca1510) [C:\Projects\Hazina\src\Core\AI\Hazina.AI.RAG\Hazina.AI.RAG.csproj::TargetFramework=net8.0]
C:\Projects\Hazina\src\Core\AI\Hazina.AI.RAG\Embeddings\SemanticSimilarityChunker.cs(59,18): warning MA0016: Prefer using collection abstraction instead of implementation (https://github.com/meziantou/Meziantou.Analyzer/blob/main/docs/Rules/MA0016.md) [C:\Projects\Hazina\src\Core\AI\Hazina.AI.RAG\Hazina.AI.RAG.csproj::TargetFramework=net8.0]
C:\Projects\Hazina\src\Core\AI\Hazina.AI.RAG\Graph\Pipeline\LLMRelationshipExtractor.cs(92,13): warning CA1873: Evaluation of this argument may be expensive and unnecessary if logging is disabled (https://learn.microsoft.com/dotnet/fundamentals/code-analysis/quality-rules/ca1873) [C:\Projects\Hazina\src\Core\AI\Hazina.AI.RAG\Hazina.AI.RAG.csproj::TargetFramework=net8.0]
C:\Projects\Hazina\src\Core\AI\Hazina.AI.RAG\Graph\Pipeline\LLMRelationshipExtractor.cs(85,17): warning CA1848: For improved performance, use the LoggerMessage delegates instead of calling 'LoggerExtensions.LogWarning(ILogger, string?, params object?[])' (https://learn.microsoft.com/dotnet/fundamentals/code-analysis/quality-rules/ca1848) [C:\Projects\Hazina\src\Core\AI\Hazina.AI.RAG\Hazina.AI.RAG.csproj::TargetFramework=net8.0]
C:\Projects\Hazina\src\Core\AI\Hazina.AI.RAG\Graph\Pipeline\LLMRelationshipExtractor.cs(92,13): warning CA1848: For improved performance, use the LoggerMessage delegates instead of calling 'LoggerExtensions.LogInformation(ILogger, string?, params object?[])' (https://learn.microsoft.com/dotnet/fundamentals/code-analysis/quality-rules/ca1848) [C:\Projects\Hazina\src\Core\AI\Hazina.AI.RAG\Hazina.AI.RAG.csproj::TargetFramework=net8.0]
C:\Projects\Hazina\src\Core\AI\Hazina.AI.RAG\Graph\Pipeline\LLMRelationshipExtractor.cs(98,13): warning CA1848: For improved performance, use the LoggerMessage delegates instead of calling 'LoggerExtensions.LogError(ILogger, Exception?, string?, params object?[])' (https://learn.microsoft.com/dotnet/fundamentals/code-analysis/quality-rules/ca1848) [C:\Projects\Hazina\src\Core\AI\Hazina.AI.RAG\Hazina.AI.RAG.csproj::TargetFramework=net8.0]
C:\Projects\Hazina\src\Core\AI\Hazina.AI.RAG\Embeddings\SemanticSimilarityChunker.cs(59,40): warning MA0051: Method is too long (63 lines; maximum allowed: 60) (https://github.com/meziantou/Meziantou.Analyzer/blob/main/docs/Rules/MA0051.md) [C:\Projects\Hazina\src\Core\AI\Hazina.AI.RAG\Hazina.AI.RAG.csproj::TargetFramework=net8.0]
C:\Projects\Hazina\src\Core\AI\Hazina.AI.RAG\Graph\Pipeline\LLMRelationshipExtractor.cs(70,17): warning CA1305: The behavior of 'StringBuilder.AppendLine(ref StringBuilder.AppendInterpolatedStringHandler)' could vary based on the current user's locale settings. Replace this call in 'LLMRelationshipExtractor.ExtractRelationshipsAsync(string, List<GraphEntity>, [string], [CancellationToken])' with a call to 'StringBuilder.AppendLine(IFormatProvider, ref StringBuilder.AppendInterpolatedStringHandler)'. (https://learn.microsoft.com/dotnet/fundamentals/code-analysis/quality-rules/ca1305) [C:\Projects\Hazina\src\Core\AI\Hazina.AI.RAG\Hazina.AI.RAG.csproj::TargetFramework=net8.0]
C:\Projects\Hazina\src\Core\AI\Hazina.AI.RAG\Graph\Pipeline\EntityNormalizationService.cs(44,59): warning MA0004: Use Task.ConfigureAwait(false) if the current SynchronizationContext is not needed (https://github.com/meziantou/Meziantou.Analyzer/blob/main/docs/Rules/MA0004.md) [C:\Projects\Hazina\src\Core\AI\Hazina.AI.RAG\Hazina.AI.RAG.csproj::TargetFramework=net8.0]
C:\Projects\Hazina\src\Core\AI\Hazina.AI.RAG\Graph\Pipeline\LLMRelationshipExtractor.cs(73,26): warning CA1307: 'string.Replace(string, string?)' has a method overload that takes a 'StringComparison' parameter. Replace this call in 'Hazina.AI.RAG.Graph.Pipeline.LLMRelationshipExtractor.ExtractRelationshipsAsync(string, System.Collections.Generic.List<Hazina.AI.RAG.Graph.Models.GraphEntity>, string?, System.Threading.CancellationToken)' with a call to 'string.Replace(string, string?, System.StringComparison)' for clarity of intent. (https://learn.microsoft.com/dotnet/fundamentals/code-analysis/quality-rules/ca1307) [C:\Projects\Hazina\src\Core\AI\Hazina.AI.RAG\Hazina.AI.RAG.csproj::TargetFramework=net8.0]
C:\Projects\Hazina\src\Core\AI\Hazina.AI.RAG\Graph\Pipeline\LLMRelationshipExtractor.cs(73,26): warning CA1307: 'string.Replace(string, string?)' has a method overload that takes a 'StringComparison' parameter. Replace this call in 'Hazina.AI.RAG.Graph.Pipeline.LLMRelationshipExtractor.ExtractRelationshipsAsync(string, System.Collections.Generic.List<Hazina.AI.RAG.Graph.Models.GraphEntity>, string?, System.Threading.CancellationToken)' with a call to 'string.Replace(string, string?, System.StringComparison)' for clarity of intent. (https://learn.microsoft.com/dotnet/fundamentals/code-analysis/quality-rules/ca1307) [C:\Projects\Hazina\src\Core\AI\Hazina.AI.RAG\Hazina.AI.RAG.csproj::TargetFramework=net8.0]
C:\Projects\Hazina\src\Core\AI\Hazina.AI.RAG\Graph\Pipeline\EntityNormalizationService.cs(45,59): warning MA0004: Use Task.ConfigureAwait(false) if the current SynchronizationContext is not needed (https://github.com/meziantou/Meziantou.Analyzer/blob/main/docs/Rules/MA0004.md) [C:\Projects\Hazina\src\Core\AI\Hazina.AI.RAG\Hazina.AI.RAG.csproj::TargetFramework=net8.0]
C:\Projects\Hazina\src\Core\AI\Hazina.AI.RAG\Graph\Pipeline\EntityNormalizationService.cs(46,68): warning MA0004: Use Task.ConfigureAwait(false) if the current SynchronizationContext is not needed (https://github.com/meziantou/Meziantou.Analyzer/blob/main/docs/Rules/MA0004.md) [C:\Projects\Hazina\src\Core\AI\Hazina.AI.RAG\Hazina.AI.RAG.csproj::TargetFramework=net8.0]
C:\Projects\Hazina\src\Core\AI\Hazina.AI.RAG\Retrieval\LlmJudgeReranker.cs(30,13): warning SA1503: Braces should not be omitted (https://github.com/DotNetAnalyzers/StyleCopAnalyzers/blob/master/documentation/SA1503.md) [C:\Projects\Hazina\src\Core\AI\Hazina.AI.RAG\Hazina.AI.RAG.csproj::TargetFramework=net8.0]
C:\Projects\Hazina\src\Core\AI\Hazina.AI.RAG\Retrieval\LlmJudgeReranker.cs(32,62): warning SA1316: Tuple element names should use correct casing (https://github.com/DotNetAnalyzers/StyleCopAnalyzers/blob/master/documentation/SA1316.md) [C:\Projects\Hazina\src\Core\AI\Hazina.AI.RAG\Hazina.AI.RAG.csproj::TargetFramework=net8.0]
C:\Projects\Hazina\src\Core\AI\Hazina.AI.RAG\Retrieval\LlmJudgeReranker.cs(32,80): warning SA1316: Tuple element names should use correct casing (https://github.com/DotNetAnalyzers/StyleCopAnalyzers/blob/master/documentation/SA1316.md) [C:\Projects\Hazina\src\Core\AI\Hazina.AI.RAG\Hazina.AI.RAG.csproj::TargetFramework=net8.0]
C:\Projects\Hazina\src\Core\AI\Hazina.AI.RAG\Extensions\DocumentStoreSemanticExtensions.cs(30,49): warning SA1629: Documentation text should end with a period (https://github.com/DotNetAnalyzers/StyleCopAnalyzers/blob/master/documentation/SA1629.md) [C:\Projects\Hazina\src\Core\AI\Hazina.AI.RAG\Hazina.AI.RAG.csproj::TargetFramework=net8.0]
C:\Projects\Hazina\src\Core\AI\Hazina.AI.RAG\Core\RAGEngine.cs(165,9): warning SA1111: Closing parenthesis should be on line of last parameter (https://github.com/DotNetAnalyzers/StyleCopAnalyzers/blob/master/documentation/SA1111.md) [C:\Projects\Hazina\src\Core\AI\Hazina.AI.RAG\Hazina.AI.RAG.csproj::TargetFramework=net8.0]
C:\Projects\Hazina\src\Core\AI\Hazina.AI.RAG\Extensions\DocumentStoreSemanticExtensions.cs(32,55): warning SA1629: Documentation text should end with a period (https://github.com/DotNetAnalyzers/StyleCopAnalyzers/blob/master/documentation/SA1629.md) [C:\Projects\Hazina\src\Core\AI\Hazina.AI.RAG\Hazina.AI.RAG.csproj::TargetFramework=net8.0]
C:\Projects\Hazina\src\Core\AI\Hazina.AI.RAG\Extensions\DocumentStoreSemanticExtensions.cs(33,45): warning SA1629: Documentation text should end with a period (https://github.com/DotNetAnalyzers/StyleCopAnalyzers/blob/master/documentation/SA1629.md) [C:\Projects\Hazina\src\Core\AI\Hazina.AI.RAG\Hazina.AI.RAG.csproj::TargetFramework=net8.0]
C:\Projects\Hazina\src\Core\AI\Hazina.AI.RAG\Extensions\DocumentStoreSemanticExtensions.cs(34,47): warning SA1629: Documentation text should end with a period (https://github.com/DotNetAnalyzers/StyleCopAnalyzers/blob/master/documentation/SA1629.md) [C:\Projects\Hazina\src\Core\AI\Hazina.AI.RAG\Hazina.AI.RAG.csproj::TargetFramework=net8.0]
C:\Projects\Hazina\src\Core\AI\Hazina.AI.RAG\Extensions\DocumentStoreSemanticExtensions.cs(35,83): warning SA1629: Documentation text should end with a period (https://github.com/DotNetAnalyzers/StyleCopAnalyzers/blob/master/documentation/SA1629.md) [C:\Projects\Hazina\src\Core\AI\Hazina.AI.RAG\Hazina.AI.RAG.csproj::TargetFramework=net8.0]
C:\Projects\Hazina\src\Core\AI\Hazina.AI.RAG\Extensions\DocumentStoreSemanticExtensions.cs(36,97): warning SA1629: Documentation text should end with a period (https://github.com/DotNetAnalyzers/StyleCopAnalyzers/blob/master/documentation/SA1629.md) [C:\Projects\Hazina\src\Core\AI\Hazina.AI.RAG\Hazina.AI.RAG.csproj::TargetFramework=net8.0]
C:\Projects\Hazina\src\Core\AI\Hazina.AI.RAG\Extensions\DocumentStoreSemanticExtensions.cs(37,78): warning SA1629: Documentation text should end with a period (https://github.com/DotNetAnalyzers/StyleCopAnalyzers/blob/master/documentation/SA1629.md) [C:\Projects\Hazina\src\Core\AI\Hazina.AI.RAG\Hazina.AI.RAG.csproj::TargetFramework=net8.0]
C:\Projects\Hazina\src\Core\AI\Hazina.AI.RAG\Extensions\DocumentStoreSemanticExtensions.cs(38,49): warning SA1629: Documentation text should end with a period (https://github.com/DotNetAnalyzers/StyleCopAnalyzers/blob/master/documentation/SA1629.md) [C:\Projects\Hazina\src\Core\AI\Hazina.AI.RAG\Hazina.AI.RAG.csproj::TargetFramework=net8.0]
C:\Projects\Hazina\src\Core\AI\Hazina.AI.RAG\Extensions\DocumentStoreSemanticExtensions.cs(39,44): warning SA1629: Documentation text should end with a period (https://github.com/DotNetAnalyzers/StyleCopAnalyzers/blob/master/documentation/SA1629.md) [C:\Projects\Hazina\src\Core\AI\Hazina.AI.RAG\Hazina.AI.RAG.csproj::TargetFramework=net8.0]
C:\Projects\Hazina\src\Core\AI\Hazina.AI.RAG\Extensions\DocumentStoreSemanticExtensions.cs(40,36): warning SA1629: Documentation text should end with a period (https://github.com/DotNetAnalyzers/StyleCopAnalyzers/blob/master/documentation/SA1629.md) [C:\Projects\Hazina\src\Core\AI\Hazina.AI.RAG\Hazina.AI.RAG.csproj::TargetFramework=net8.0]
C:\Projects\Hazina\src\Core\AI\Hazina.AI.RAG\Extensions\DocumentStoreSemanticExtensions.cs(73,9): warning SA1111: Closing parenthesis should be on line of last parameter (https://github.com/DotNetAnalyzers/StyleCopAnalyzers/blob/master/documentation/SA1111.md) [C:\Projects\Hazina\src\Core\AI\Hazina.AI.RAG\Hazina.AI.RAG.csproj::TargetFramework=net8.0]
C:\Projects\Hazina\src\Core\AI\Hazina.AI.RAG\Extensions\DocumentStoreSemanticExtensions.cs(109,13): warning SA1111: Closing parenthesis should be on line of last parameter (https://github.com/DotNetAnalyzers/StyleCopAnalyzers/blob/master/documentation/SA1111.md) [C:\Projects\Hazina\src\Core\AI\Hazina.AI.RAG\Hazina.AI.RAG.csproj::TargetFramework=net8.0]
C:\Projects\Hazina\src\Core\AI\Hazina.AI.RAG\Extensions\DocumentStoreSemanticExtensions.cs(125,17): warning SA1111: Closing parenthesis should be on line of last parameter (https://github.com/DotNetAnalyzers/StyleCopAnalyzers/blob/master/documentation/SA1111.md) [C:\Projects\Hazina\src\Core\AI\Hazina.AI.RAG\Hazina.AI.RAG.csproj::TargetFramework=net8.0]
C:\Projects\Hazina\src\Core\AI\Hazina.AI.RAG\Extensions\DocumentStoreSemanticExtensions.cs(79,28): warning SA1122: Use string.Empty for empty strings (https://github.com/DotNetAnalyzers/StyleCopAnalyzers/blob/master/documentation/SA1122.md) [C:\Projects\Hazina\src\Core\AI\Hazina.AI.RAG\Hazina.AI.RAG.csproj::TargetFramework=net8.0]
C:\Projects\Hazina\src\Core\AI\Hazina.AI.RAG\Graph\Pipeline\LLMRelationshipExtractor.cs(77,28): warning MA0004: Use Task.ConfigureAwait(false) if the current SynchronizationContext is not needed (https://github.com/meziantou/Meziantou.Analyzer/blob/main/docs/Rules/MA0004.md) [C:\Projects\Hazina\src\Core\AI\Hazina.AI.RAG\Hazina.AI.RAG.csproj::TargetFramework=net8.0]
C:\Projects\Hazina\src\Core\AI\Hazina.AI.RAG\Retrieval\LlmJudgeReranker.cs(36,34): warning MA0004: Use Task.ConfigureAwait(false) if the current SynchronizationContext is not needed (https://github.com/meziantou/Meziantou.Analyzer/blob/main/docs/Rules/MA0004.md) [C:\Projects\Hazina\src\Core\AI\Hazina.AI.RAG\Hazina.AI.RAG.csproj::TargetFramework=net8.0]
C:\Projects\Hazina\src\Core\AI\Hazina.AI.RAG\Embeddings\EmbeddingCache.cs(128,67): warning SA1629: Documentation text should end with a period (https://github.com/DotNetAnalyzers/StyleCopAnalyzers/blob/master/documentation/SA1629.md) [C:\Projects\Hazina\src\Core\AI\Hazina.AI.RAG\Hazina.AI.RAG.csproj::TargetFramework=net8.0]
C:\Projects\Hazina\src\Core\AI\Hazina.AI.RAG\Embeddings\EmbeddingCache.cs(134,42): warning SA1503: Braces should not be omitted (https://github.com/DotNetAnalyzers/StyleCopAnalyzers/blob/master/documentation/SA1503.md) [C:\Projects\Hazina\src\Core\AI\Hazina.AI.RAG\Hazina.AI.RAG.csproj::TargetFramework=net8.0]
C:\Projects\Hazina\src\Core\AI\Hazina.AI.RAG\Core\RAGEngine.cs(159,30): warning MA0004: Use Task.ConfigureAwait(false) if the current SynchronizationContext is not needed (https://github.com/meziantou/Meziantou.Analyzer/blob/main/docs/Rules/MA0004.md) [C:\Projects\Hazina\src\Core\AI\Hazina.AI.RAG\Hazina.AI.RAG.csproj::TargetFramework=net8.0]
C:\Projects\Hazina\src\Core\AI\Hazina.AI.RAG\Core\RAGEngine.cs(160,16): warning MA0004: Use Task.ConfigureAwait(false) if the current SynchronizationContext is not needed (https://github.com/meziantou/Meziantou.Analyzer/blob/main/docs/Rules/MA0004.md) [C:\Projects\Hazina\src\Core\AI\Hazina.AI.RAG\Hazina.AI.RAG.csproj::TargetFramework=net8.0]
C:\Projects\Hazina\src\Core\AI\Hazina.AI.RAG\Utilities\SentenceSplitter.cs(127,17): warning S1643: Use a StringBuilder instead. (https://rules.sonarsource.com/csharp/RSPEC-1643) [C:\Projects\Hazina\src\Core\AI\Hazina.AI.RAG\Hazina.AI.RAG.csproj::TargetFramework=net8.0]
C:\Projects\Hazina\src\Core\AI\Hazina.AI.RAG\Extensions\DocumentStoreSemanticExtensions.cs(148,9): warning MA0004: Use Task.ConfigureAwait(false) if the current SynchronizationContext is not needed (https://github.com/meziantou/Meziantou.Analyzer/blob/main/docs/Rules/MA0004.md) [C:\Projects\Hazina\src\Core\AI\Hazina.AI.RAG\Hazina.AI.RAG.csproj::TargetFramework=net8.0]
C:\Projects\Hazina\src\Core\AI\Hazina.AI.RAG\Extensions\DocumentStoreSemanticExtensions.cs(152,9): warning MA0004: Use Task.ConfigureAwait(false) if the current SynchronizationContext is not needed (https://github.com/meziantou/Meziantou.Analyzer/blob/main/docs/Rules/MA0004.md) [C:\Projects\Hazina\src\Core\AI\Hazina.AI.RAG\Hazina.AI.RAG.csproj::TargetFramework=net8.0]
C:\Projects\Hazina\src\Core\AI\Hazina.AI.RAG\Graph\Storage\GraphStoreFactory.cs(1,1): warning SA1633: The file header is missing or not located at the top of the file. (https://github.com/DotNetAnalyzers/StyleCopAnalyzers/blob/master/documentation/SA1633.md) [C:\Projects\Hazina\src\Core\AI\Hazina.AI.RAG\Hazina.AI.RAG.csproj::TargetFramework=net8.0]
C:\Projects\Hazina\src\Core\AI\Hazina.AI.RAG\Graph\Pipeline\EntityNormalizationService.cs(53,9): warning CA1031: Modify 'NormalizeEntityAsync' to catch a more specific allowed exception type, or rethrow the exception (https://learn.microsoft.com/dotnet/fundamentals/code-analysis/quality-rules/ca1031) [C:\Projects\Hazina\src\Core\AI\Hazina.AI.RAG\Hazina.AI.RAG.csproj::TargetFramework=net8.0]
C:\Projects\Hazina\src\Core\AI\Hazina.AI.RAG\Graph\Storage\IGraphStore.cs(1,1): warning SA1633: The file header is missing or not located at the top of the file. (https://github.com/DotNetAnalyzers/StyleCopAnalyzers/blob/master/documentation/SA1633.md) [C:\Projects\Hazina\src\Core\AI\Hazina.AI.RAG\Hazina.AI.RAG.csproj::TargetFramework=net8.0]
C:\Projects\Hazina\src\Core\AI\Hazina.AI.RAG\Extensions\DocumentStoreSemanticExtensions.cs(64,22): warning MA0004: Use Task.ConfigureAwait(false) if the current SynchronizationContext is not needed (https://github.com/meziantou/Meziantou.Analyzer/blob/main/docs/Rules/MA0004.md) [C:\Projects\Hazina\src\Core\AI\Hazina.AI.RAG\Hazina.AI.RAG.csproj::TargetFramework=net8.0]
C:\Projects\Hazina\src\Core\AI\Hazina.AI.RAG\Extensions\DocumentStoreSemanticExtensions.cs(87,9): warning MA0004: Use Task.ConfigureAwait(false) if the current SynchronizationContext is not needed (https://github.com/meziantou/Meziantou.Analyzer/blob/main/docs/Rules/MA0004.md) [C:\Projects\Hazina\src\Core\AI\Hazina.AI.RAG\Hazina.AI.RAG.csproj::TargetFramework=net8.0]
C:\Projects\Hazina\src\Core\AI\Hazina.AI.RAG\Embeddings\HierarchicalChunker.cs(26,18): warning MA0016: Prefer using collection abstraction instead of implementation (https://github.com/meziantou/Meziantou.Analyzer/blob/main/docs/Rules/MA0016.md) [C:\Projects\Hazina\src\Core\AI\Hazina.AI.RAG\Hazina.AI.RAG.csproj::TargetFramework=net8.0]
C:\Projects\Hazina\src\Core\AI\Hazina.AI.RAG\Extensions\DocumentStoreSemanticExtensions.cs(94,9): warning MA0004: Use Task.ConfigureAwait(false) if the current SynchronizationContext is not needed (https://github.com/meziantou/Meziantou.Analyzer/blob/main/docs/Rules/MA0004.md) [C:\Projects\Hazina\src\Core\AI\Hazina.AI.RAG\Hazina.AI.RAG.csproj::TargetFramework=net8.0]
C:\Projects\Hazina\src\Core\AI\Hazina.AI.RAG\Extensions\DocumentStoreSemanticExtensions.cs(95,9): warning MA0004: Use Task.ConfigureAwait(false) if the current SynchronizationContext is not needed (https://github.com/meziantou/Meziantou.Analyzer/blob/main/docs/Rules/MA0004.md) [C:\Projects\Hazina\src\Core\AI\Hazina.AI.RAG\Hazina.AI.RAG.csproj::TargetFramework=net8.0]
C:\Projects\Hazina\src\Core\AI\Hazina.AI.RAG\Embeddings\LLMMetadataExtractor.cs(72,86): warning SA1629: Documentation text should end with a period (https://github.com/DotNetAnalyzers/StyleCopAnalyzers/blob/master/documentation/SA1629.md) [C:\Projects\Hazina\src\Core\AI\Hazina.AI.RAG\Hazina.AI.RAG.csproj::TargetFramework=net8.0]
C:\Projects\Hazina\src\Core\AI\Hazina.AI.RAG\Embeddings\LLMMetadataExtractor.cs(79,13): warning SA1503: Braces should not be omitted (https://github.com/DotNetAnalyzers/StyleCopAnalyzers/blob/master/documentation/SA1503.md) [C:\Projects\Hazina\src\Core\AI\Hazina.AI.RAG\Hazina.AI.RAG.csproj::TargetFramework=net8.0]
C:\Projects\Hazina\src\Core\AI\Hazina.AI.RAG\Embeddings\LLMMetadataExtractor.cs(99,17): warning SA1111: Closing parenthesis should be on line of last parameter (https://github.com/DotNetAnalyzers/StyleCopAnalyzers/blob/master/documentation/SA1111.md) [C:\Projects\Hazina\src\Core\AI\Hazina.AI.RAG\Hazina.AI.RAG.csproj::TargetFramework=net8.0]
C:\Projects\Hazina\src\Core\AI\Hazina.AI.RAG\Embeddings\HierarchicalChunker.cs(26,40): warning MA0051: Method is too long (61 lines; maximum allowed: 60) (https://github.com/meziantou/Meziantou.Analyzer/blob/main/docs/Rules/MA0051.md) [C:\Projects\Hazina\src\Core\AI\Hazina.AI.RAG\Hazina.AI.RAG.csproj::TargetFramework=net8.0]
C:\Projects\Hazina\src\Core\AI\Hazina.AI.RAG\Extensions\DocumentStoreSemanticExtensions.cs(102,13): warning MA0004: Use Task.ConfigureAwait(false) if the current SynchronizationContext is not needed (https://github.com/meziantou/Meziantou.Analyzer/blob/main/docs/Rules/MA0004.md) [C:\Projects\Hazina\src\Core\AI\Hazina.AI.RAG\Hazina.AI.RAG.csproj::TargetFramework=net8.0]
C:\Projects\Hazina\src\Core\AI\Hazina.AI.RAG\Extensions\DocumentStoreSemanticExtensions.cs(118,17): warning MA0004: Use Task.ConfigureAwait(false) if the current SynchronizationContext is not needed (https://github.com/meziantou/Meziantou.Analyzer/blob/main/docs/Rules/MA0004.md) [C:\Projects\Hazina\src\Core\AI\Hazina.AI.RAG\Hazina.AI.RAG.csproj::TargetFramework=net8.0]
C:\Projects\Hazina\src\Core\AI\Hazina.AI.RAG\Graph\Retrieval\HybridRetrievalService.cs(39,18): warning MA0016: Prefer using collection abstraction instead of implementation (https://github.com/meziantou/Meziantou.Analyzer/blob/main/docs/Rules/MA0016.md) [C:\Projects\Hazina\src\Core\AI\Hazina.AI.RAG\Hazina.AI.RAG.csproj::TargetFramework=net8.0]
C:\Projects\Hazina\src\Core\AI\Hazina.AI.RAG\Graph\Pipeline\EntityNormalizationService.cs(74,13): warning CA1873: Evaluation of this argument may be expensive and unnecessary if logging is disabled (https://learn.microsoft.com/dotnet/fundamentals/code-analysis/quality-rules/ca1873) [C:\Projects\Hazina\src\Core\AI\Hazina.AI.RAG\Hazina.AI.RAG.csproj::TargetFramework=net8.0]
C:\Projects\Hazina\src\Core\AI\Hazina.AI.RAG\Embeddings\LLMMetadataExtractor.cs(94,25): warning CA1873: Evaluation of this argument may be expensive and unnecessary if logging is disabled (https://learn.microsoft.com/dotnet/fundamentals/code-analysis/quality-rules/ca1873) [C:\Projects\Hazina\src\Core\AI\Hazina.AI.RAG\Hazina.AI.RAG.csproj::TargetFramework=net8.0]
C:\Projects\Hazina\src\Core\AI\Hazina.AI.RAG\Graph\Pipeline\EntityNormalizationService.cs(74,13): warning CA1848: For improved performance, use the LoggerMessage delegates instead of calling 'LoggerExtensions.LogDebug(ILogger, string?, params object?[])' (https://learn.microsoft.com/dotnet/fundamentals/code-analysis/quality-rules/ca1848) [C:\Projects\Hazina\src\Core\AI\Hazina.AI.RAG\Hazina.AI.RAG.csproj::TargetFramework=net8.0]
C:\Projects\Hazina\src\Core\AI\Hazina.AI.RAG\Extensions\DocumentStoreSemanticExtensions.cs(130,9): warning MA0004: Use Task.ConfigureAwait(false) if the current SynchronizationContext is not needed (https://github.com/meziantou/Meziantou.Analyzer/blob/main/docs/Rules/MA0004.md) [C:\Projects\Hazina\src\Core\AI\Hazina.AI.RAG\Hazina.AI.RAG.csproj::TargetFramework=net8.0]
C:\Projects\Hazina\src\Core\AI\Hazina.AI.RAG\Embeddings\LLMMetadataExtractor.cs(94,25): warning CA1848: For improved performance, use the LoggerMessage delegates instead of calling 'LoggerExtensions.LogDebug(ILogger, string?, params object?[])' (https://learn.microsoft.com/dotnet/fundamentals/code-analysis/quality-rules/ca1848) [C:\Projects\Hazina\src\Core\AI\Hazina.AI.RAG\Hazina.AI.RAG.csproj::TargetFramework=net8.0]
C:\Projects\Hazina\src\Core\AI\Hazina.AI.RAG\Embeddings\LLMMetadataExtractor.cs(106,21): warning CA1848: For improved performance, use the LoggerMessage delegates instead of calling 'LoggerExtensions.LogError(ILogger, Exception?, string?, params object?[])' (https://learn.microsoft.com/dotnet/fundamentals/code-analysis/quality-rules/ca1848) [C:\Projects\Hazina\src\Core\AI\Hazina.AI.RAG\Hazina.AI.RAG.csproj::TargetFramework=net8.0]
C:\Projects\Hazina\src\Core\AI\Hazina.AI.RAG\Graph\Storage\InMemoryGraphStore.cs(1,1): warning SA1633: The file header is missing or not located at the top of the file. (https://github.com/DotNetAnalyzers/StyleCopAnalyzers/blob/master/documentation/SA1633.md) [C:\Projects\Hazina\src\Core\AI\Hazina.AI.RAG\Hazina.AI.RAG.csproj::TargetFramework=net8.0]
C:\Projects\Hazina\src\Core\AI\Hazina.AI.RAG\Graph\Pipeline\LLMRelationshipExtractor.cs(96,9): warning CA1031: Modify 'ExtractRelationshipsAsync' to catch a more specific allowed exception type, or rethrow the exception (https://learn.microsoft.com/dotnet/fundamentals/code-analysis/quality-rules/ca1031) [C:\Projects\Hazina\src\Core\AI\Hazina.AI.RAG\Hazina.AI.RAG.csproj::TargetFramework=net8.0]
C:\Projects\Hazina\src\Core\AI\Hazina.AI.RAG\Extensions\DocumentStoreSemanticExtensions.cs(67,13): warning MA0002: Use an overload that has a IEqualityComparer<string> or IComparer<string> parameter (https://github.com/meziantou/Meziantou.Analyzer/blob/main/docs/Rules/MA0002.md) [C:\Projects\Hazina\src\Core\AI\Hazina.AI.RAG\Hazina.AI.RAG.csproj::TargetFramework=net8.0]
C:\Projects\Hazina\src\Core\AI\Hazina.AI.RAG\Extensions\DocumentStoreSemanticExtensions.cs(83,42): warning MA0002: Use an overload that has a IEqualityComparer<string> or IComparer<string> parameter (https://github.com/meziantou/Meziantou.Analyzer/blob/main/docs/Rules/MA0002.md) [C:\Projects\Hazina\src\Core\AI\Hazina.AI.RAG\Hazina.AI.RAG.csproj::TargetFramework=net8.0]
C:\Projects\Hazina\src\Core\AI\Hazina.AI.RAG\Graph\Storage\InMemoryGraphStore.cs(26,18): warning SA1513: Closing brace should be followed by blank line (https://github.com/DotNetAnalyzers/StyleCopAnalyzers/blob/master/documentation/SA1513.md) [C:\Projects\Hazina\src\Core\AI\Hazina.AI.RAG\Hazina.AI.RAG.csproj::TargetFramework=net8.0]
C:\Projects\Hazina\src\Core\AI\Hazina.AI.RAG\Embeddings\LLMMetadataExtractor.cs(91,36): warning MA0004: Use Task.ConfigureAwait(false) if the current SynchronizationContext is not needed (https://github.com/meziantou/Meziantou.Analyzer/blob/main/docs/Rules/MA0004.md) [C:\Projects\Hazina\src\Core\AI\Hazina.AI.RAG\Hazina.AI.RAG.csproj::TargetFramework=net8.0]
C:\Projects\Hazina\src\Core\AI\Hazina.AI.RAG\Graph\Pipeline\EntityNormalizationService.cs(66,32): warning MA0004: Use Task.ConfigureAwait(false) if the current SynchronizationContext is not needed (https://github.com/meziantou/Meziantou.Analyzer/blob/main/docs/Rules/MA0004.md) [C:\Projects\Hazina\src\Core\AI\Hazina.AI.RAG\Hazina.AI.RAG.csproj::TargetFramework=net8.0]
C:\Projects\Hazina\src\Core\AI\Hazina.AI.RAG\Graph\Storage\InMemoryGraphStore.cs(105,22): warning SA1513: Closing brace should be followed by blank line (https://github.com/DotNetAnalyzers/StyleCopAnalyzers/blob/master/documentation/SA1513.md) [C:\Projects\Hazina\src\Core\AI\Hazina.AI.RAG\Hazina.AI.RAG.csproj::TargetFramework=net8.0]
C:\Projects\Hazina\src\Core\AI\Hazina.AI.RAG\Graph\Storage\InMemoryGraphStore.cs(118,22): warning SA1513: Closing brace should be followed by blank line (https://github.com/DotNetAnalyzers/StyleCopAnalyzers/blob/master/documentation/SA1513.md) [C:\Projects\Hazina\src\Core\AI\Hazina.AI.RAG\Hazina.AI.RAG.csproj::TargetFramework=net8.0]
C:\Projects\Hazina\src\Core\AI\Hazina.AI.RAG\Embeddings\TextChunker.cs(84,18): warning MA0016: Prefer using collection abstraction instead of implementation (https://github.com/meziantou/Meziantou.Analyzer/blob/main/docs/Rules/MA0016.md) [C:\Projects\Hazina\src\Core\AI\Hazina.AI.RAG\Hazina.AI.RAG.csproj::TargetFramework=net8.0]
C:\Projects\Hazina\src\Core\AI\Hazina.AI.RAG\Embeddings\TextChunker.cs(87,9): warning MA0016: Prefer using collection abstraction instead of implementation (https://github.com/meziantou/Meziantou.Analyzer/blob/main/docs/Rules/MA0016.md) [C:\Projects\Hazina\src\Core\AI\Hazina.AI.RAG\Hazina.AI.RAG.csproj::TargetFramework=net8.0]
C:\Projects\Hazina\src\Core\AI\Hazina.AI.RAG\Embeddings\TextChunker.cs(84,40): warning MA0051: Method is too long (62 lines; maximum allowed: 60) (https://github.com/meziantou/Meziantou.Analyzer/blob/main/docs/Rules/MA0051.md) [C:\Projects\Hazina\src\Core\AI\Hazina.AI.RAG\Hazina.AI.RAG.csproj::TargetFramework=net8.0]
C:\Projects\Hazina\src\Core\AI\Hazina.AI.RAG\Utilities\SentenceSplitter.cs(109,76): warning SA1629: Documentation text should end with a period (https://github.com/DotNetAnalyzers/StyleCopAnalyzers/blob/master/documentation/SA1629.md) [C:\Projects\Hazina\src\Core\AI\Hazina.AI.RAG\Hazina.AI.RAG.csproj::TargetFramework=net8.0]
C:\Projects\Hazina\src\Core\AI\Hazina.AI.RAG\Graph\Pipeline\LLMEntityExtractor.cs(76,13): warning CA1873: Evaluation of this argument may be expensive and unnecessary if logging is disabled (https://learn.microsoft.com/dotnet/fundamentals/code-analysis/quality-rules/ca1873) [C:\Projects\Hazina\src\Core\AI\Hazina.AI.RAG\Hazina.AI.RAG.csproj::TargetFramework=net8.0]
C:\Projects\Hazina\src\Core\AI\Hazina.AI.RAG\Utilities\SentenceSplitter.cs(113,35): warning SA1503: Braces should not be omitted (https://github.com/DotNetAnalyzers/StyleCopAnalyzers/blob/master/documentation/SA1503.md) [C:\Projects\Hazina\src\Core\AI\Hazina.AI.RAG\Hazina.AI.RAG.csproj::TargetFramework=net8.0]
C:\Projects\Hazina\src\Core\AI\Hazina.AI.RAG\Utilities\SentenceSplitter.cs(116,22): warning SA1122: Use string.Empty for empty strings (https://github.com/DotNetAnalyzers/StyleCopAnalyzers/blob/master/documentation/SA1122.md) [C:\Projects\Hazina\src\Core\AI\Hazina.AI.RAG\Hazina.AI.RAG.csproj::TargetFramework=net8.0]
C:\Projects\Hazina\src\Core\AI\Hazina.AI.RAG\Retrieval\LlmJudgeReranker.cs(29,13): warning CA1062: In externally visible method 'Task<List<IRetrievalCandidate>> LlmJudgeReranker.RerankAsync(string query, List<IRetrievalCandidate> candidates, int topN = 5, CancellationToken cancellationToken = default(CancellationToken))', validate parameter 'candidates' is non-null before using it. If appropriate, throw an 'ArgumentNullException' when the argument is 'null'. (https://learn.microsoft.com/dotnet/fundamentals/code-analysis/quality-rules/ca1062) [C:\Projects\Hazina\src\Core\AI\Hazina.AI.RAG\Hazina.AI.RAG.csproj::TargetFramework=net8.0]
C:\Projects\Hazina\src\Core\AI\Hazina.AI.RAG\Embeddings\TextChunker.cs(106,17): warning S1854: Remove this useless assignment to local variable 'effectiveOptions'. (https://rules.sonarsource.com/csharp/RSPEC-1854) [C:\Projects\Hazina\src\Core\AI\Hazina.AI.RAG\Hazina.AI.RAG.csproj::TargetFramework=net8.0]
C:\Projects\Hazina\src\Core\AI\Hazina.AI.RAG\Graph\Pipeline\LLMEntityExtractor.cs(69,17): warning CA1848: For improved performance, use the LoggerMessage delegates instead of calling 'LoggerExtensions.LogWarning(ILogger, string?, params object?[])' (https://learn.microsoft.com/dotnet/fundamentals/code-analysis/quality-rules/ca1848) [C:\Projects\Hazina\src\Core\AI\Hazina.AI.RAG\Hazina.AI.RAG.csproj::TargetFramework=net8.0]
C:\Projects\Hazina\src\Core\AI\Hazina.AI.RAG\Graph\Pipeline\LLMEntityExtractor.cs(76,13): warning CA1848: For improved performance, use the LoggerMessage delegates instead of calling 'LoggerExtensions.LogInformation(ILogger, string?, params object?[])' (https://learn.microsoft.com/dotnet/fundamentals/code-analysis/quality-rules/ca1848) [C:\Projects\Hazina\src\Core\AI\Hazina.AI.RAG\Hazina.AI.RAG.csproj::TargetFramework=net8.0]
C:\Projects\Hazina\src\Core\AI\Hazina.AI.RAG\Graph\Pipeline\LLMEntityExtractor.cs(82,13): warning CA1848: For improved performance, use the LoggerMessage delegates instead of calling 'LoggerExtensions.LogError(ILogger, Exception?, string?, params object?[])' (https://learn.microsoft.com/dotnet/fundamentals/code-analysis/quality-rules/ca1848) [C:\Projects\Hazina\src\Core\AI\Hazina.AI.RAG\Hazina.AI.RAG.csproj::TargetFramework=net8.0]
C:\Projects\Hazina\src\Core\AI\Hazina.AI.RAG\Graph\Pipeline\LLMEntityExtractor.cs(59,26): warning CA1307: 'string.Replace(string, string?)' has a method overload that takes a 'StringComparison' parameter. Replace this call in 'Hazina.AI.RAG.Graph.Pipeline.LLMEntityExtractor.ExtractEntitiesAsync(string, string?, System.Threading.CancellationToken)' with a call to 'string.Replace(string, string?, System.StringComparison)' for clarity of intent. (https://learn.microsoft.com/dotnet/fundamentals/code-analysis/quality-rules/ca1307) [C:\Projects\Hazina\src\Core\AI\Hazina.AI.RAG\Hazina.AI.RAG.csproj::TargetFramework=net8.0]
C:\Projects\Hazina\src\Core\AI\Hazina.AI.RAG\Graph\Pipeline\LLMEntityExtractor.cs(61,28): warning MA0004: Use Task.ConfigureAwait(false) if the current SynchronizationContext is not needed (https://github.com/meziantou/Meziantou.Analyzer/blob/main/docs/Rules/MA0004.md) [C:\Projects\Hazina\src\Core\AI\Hazina.AI.RAG\Hazina.AI.RAG.csproj::TargetFramework=net8.0]
C:\Projects\Hazina\src\Core\AI\Hazina.AI.RAG\Extensions\DocumentStoreSemanticExtensions.cs(166,9): warning MA0016: Prefer using collection abstraction instead of implementation (https://github.com/meziantou/Meziantou.Analyzer/blob/main/docs/Rules/MA0016.md) [C:\Projects\Hazina\src\Core\AI\Hazina.AI.RAG\Hazina.AI.RAG.csproj::TargetFramework=net8.0]
C:\Projects\Hazina\src\Core\AI\Hazina.AI.RAG\Embeddings\LLMMetadataExtractor.cs(104,9): warning CA1031: Modify 'ExtractBatchMetadataAsync' to catch a more specific allowed exception type, or rethrow the exception (https://learn.microsoft.com/dotnet/fundamentals/code-analysis/quality-rules/ca1031) [C:\Projects\Hazina\src\Core\AI\Hazina.AI.RAG\Hazina.AI.RAG.csproj::TargetFramework=net8.0]
C:\Projects\Hazina\src\Core\AI\Hazina.AI.RAG\Embeddings\SemanticSimilarityChunker.cs(57,54): warning SA1629: Documentation text should end with a period (https://github.com/DotNetAnalyzers/StyleCopAnalyzers/blob/master/documentation/SA1629.md) [C:\Projects\Hazina\src\Core\AI\Hazina.AI.RAG\Hazina.AI.RAG.csproj::TargetFramework=net8.0]
C:\Projects\Hazina\src\Core\AI\Hazina.AI.RAG\Embeddings\SemanticSimilarityChunker.cs(65,13): warning SA1503: Braces should not be omitted (https://github.com/DotNetAnalyzers/StyleCopAnalyzers/blob/master/documentation/SA1503.md) [C:\Projects\Hazina\src\Core\AI\Hazina.AI.RAG\Hazina.AI.RAG.csproj::TargetFramework=net8.0]
C:\Projects\Hazina\src\Core\AI\Hazina.AI.RAG\Embeddings\SemanticSimilarityChunker.cs(86,17): warning SA1503: Braces should not be omitted (https://github.com/DotNetAnalyzers/StyleCopAnalyzers/blob/master/documentation/SA1503.md) [C:\Projects\Hazina\src\Core\AI\Hazina.AI.RAG\Hazina.AI.RAG.csproj::TargetFramework=net8.0]
C:\Projects\Hazina\src\Core\AI\Hazina.AI.RAG\Embeddings\SemanticSimilarityChunker.cs(131,26): warning S2325: Make 'SplitIntoSentences' a static method. (https://rules.sonarsource.com/csharp/RSPEC-2325) [C:\Projects\Hazina\src\Core\AI\Hazina.AI.RAG\Hazina.AI.RAG.csproj::TargetFramework=net8.0]
C:\Projects\Hazina\src\Core\AI\Hazina.AI.RAG\Embeddings\SemanticSimilarityChunker.cs(75,21): warning CA1873: Evaluation of this argument may be expensive and unnecessary if logging is disabled (https://learn.microsoft.com/dotnet/fundamentals/code-analysis/quality-rules/ca1873) [C:\Projects\Hazina\src\Core\AI\Hazina.AI.RAG\Hazina.AI.RAG.csproj::TargetFramework=net8.0]
C:\Projects\Hazina\src\Core\AI\Hazina.AI.RAG\Embeddings\SemanticSimilarityChunker.cs(79,21): warning CA1873: Evaluation of this argument may be expensive and unnecessary if logging is disabled (https://learn.microsoft.com/dotnet/fundamentals/code-analysis/quality-rules/ca1873) [C:\Projects\Hazina\src\Core\AI\Hazina.AI.RAG\Hazina.AI.RAG.csproj::TargetFramework=net8.0]
C:\Projects\Hazina\src\Core\AI\Hazina.AI.RAG\Embeddings\SemanticSimilarityChunker.cs(83,21): warning CA1873: Evaluation of this argument may be expensive and unnecessary if logging is disabled (https://learn.microsoft.com/dotnet/fundamentals/code-analysis/quality-rules/ca1873) [C:\Projects\Hazina\src\Core\AI\Hazina.AI.RAG\Hazina.AI.RAG.csproj::TargetFramework=net8.0]
C:\Projects\Hazina\src\Core\AI\Hazina.AI.RAG\Graph\Pipeline\LLMEntityExtractor.cs(80,9): warning CA1031: Modify 'ExtractEntitiesAsync' to catch a more specific allowed exception type, or rethrow the exception (https://learn.microsoft.com/dotnet/fundamentals/code-analysis/quality-rules/ca1031) [C:\Projects\Hazina\src\Core\AI\Hazina.AI.RAG\Hazina.AI.RAG.csproj::TargetFramework=net8.0]
C:\Projects\Hazina\src\Core\AI\Hazina.AI.RAG\Embeddings\SemanticSimilarityChunker.cs(99,21): warning CA1873: Evaluation of this argument may be expensive and unnecessary if logging is disabled (https://learn.microsoft.com/dotnet/fundamentals/code-analysis/quality-rules/ca1873) [C:\Projects\Hazina\src\Core\AI\Hazina.AI.RAG\Hazina.AI.RAG.csproj::TargetFramework=net8.0]
C:\Projects\Hazina\src\Core\AI\Hazina.AI.RAG\Embeddings\SemanticSimilarityChunker.cs(103,21): warning CA1873: Evaluation of this argument may be expensive and unnecessary if logging is disabled (https://learn.microsoft.com/dotnet/fundamentals/code-analysis/quality-rules/ca1873) [C:\Projects\Hazina\src\Core\AI\Hazina.AI.RAG\Hazina.AI.RAG.csproj::TargetFramework=net8.0]
C:\Projects\Hazina\src\Core\AI\Hazina.AI.RAG\Embeddings\SemanticSimilarityChunker.cs(107,21): warning CA1873: Evaluation of this argument may be expensive and unnecessary if logging is disabled (https://learn.microsoft.com/dotnet/fundamentals/code-analysis/quality-rules/ca1873) [C:\Projects\Hazina\src\Core\AI\Hazina.AI.RAG\Hazina.AI.RAG.csproj::TargetFramework=net8.0]
C:\Projects\Hazina\src\Core\AI\Hazina.AI.RAG\Embeddings\SemanticSimilarityChunker.cs(111,21): warning CA1873: Evaluation of this argument may be expensive and unnecessary if logging is disabled (https://learn.microsoft.com/dotnet/fundamentals/code-analysis/quality-rules/ca1873) [C:\Projects\Hazina\src\Core\AI\Hazina.AI.RAG\Hazina.AI.RAG.csproj::TargetFramework=net8.0]
C:\Projects\Hazina\src\Core\AI\Hazina.AI.RAG\Embeddings\SemanticSimilarityChunker.cs(69,21): warning CA1848: For improved performance, use the LoggerMessage delegates instead of calling 'LoggerExtensions.LogWarning(ILogger, string?, params object?[])' (https://learn.microsoft.com/dotnet/fundamentals/code-analysis/quality-rules/ca1848) [C:\Projects\Hazina\src\Core\AI\Hazina.AI.RAG\Hazina.AI.RAG.csproj::TargetFramework=net8.0]
C:\Projects\Hazina\src\Core\AI\Hazina.AI.RAG\Embeddings\SemanticSimilarityChunker.cs(75,21): warning CA1848: For improved performance, use the LoggerMessage delegates instead of calling 'LoggerExtensions.LogInformation(ILogger, string?, params object?[])' (https://learn.microsoft.com/dotnet/fundamentals/code-analysis/quality-rules/ca1848) [C:\Projects\Hazina\src\Core\AI\Hazina.AI.RAG\Hazina.AI.RAG.csproj::TargetFramework=net8.0]
C:\Projects\Hazina\src\Core\AI\Hazina.AI.RAG\Embeddings\SemanticSimilarityChunker.cs(79,21): warning CA1848: For improved performance, use the LoggerMessage delegates instead of calling 'LoggerExtensions.LogDebug(ILogger, string?, params object?[])' (https://learn.microsoft.com/dotnet/fundamentals/code-analysis/quality-rules/ca1848) [C:\Projects\Hazina\src\Core\AI\Hazina.AI.RAG\Hazina.AI.RAG.csproj::TargetFramework=net8.0]
C:\Projects\Hazina\src\Core\AI\Hazina.AI.RAG\Embeddings\SemanticSimilarityChunker.cs(83,21): warning CA1848: For improved performance, use the LoggerMessage delegates instead of calling 'LoggerExtensions.LogDebug(ILogger, string?, params object?[])' (https://learn.microsoft.com/dotnet/fundamentals/code-analysis/quality-rules/ca1848) [C:\Projects\Hazina\src\Core\AI\Hazina.AI.RAG\Hazina.AI.RAG.csproj::TargetFramework=net8.0]
C:\Projects\Hazina\src\Core\AI\Hazina.AI.RAG\Embeddings\SemanticSimilarityChunker.cs(99,21): warning CA1848: For improved performance, use the LoggerMessage delegates instead of calling 'LoggerExtensions.LogDebug(ILogger, string?, params object?[])' (https://learn.microsoft.com/dotnet/fundamentals/code-analysis/quality-rules/ca1848) [C:\Projects\Hazina\src\Core\AI\Hazina.AI.RAG\Hazina.AI.RAG.csproj::TargetFramework=net8.0]
C:\Projects\Hazina\src\Core\AI\Hazina.AI.RAG\Embeddings\SemanticSimilarityChunker.cs(103,21): warning CA1848: For improved performance, use the LoggerMessage delegates instead of calling 'LoggerExtensions.LogDebug(ILogger, string?, params object?[])' (https://learn.microsoft.com/dotnet/fundamentals/code-analysis/quality-rules/ca1848) [C:\Projects\Hazina\src\Core\AI\Hazina.AI.RAG\Hazina.AI.RAG.csproj::TargetFramework=net8.0]
C:\Projects\Hazina\src\Core\AI\Hazina.AI.RAG\Embeddings\SemanticSimilarityChunker.cs(107,21): warning CA1848: For improved performance, use the LoggerMessage delegates instead of calling 'LoggerExtensions.LogInformation(ILogger, string?, params object?[])' (https://learn.microsoft.com/dotnet/fundamentals/code-analysis/quality-rules/ca1848) [C:\Projects\Hazina\src\Core\AI\Hazina.AI.RAG\Hazina.AI.RAG.csproj::TargetFramework=net8.0]
C:\Projects\Hazina\src\Core\AI\Hazina.AI.RAG\Embeddings\SemanticSimilarityChunker.cs(111,21): warning CA1848: For improved performance, use the LoggerMessage delegates instead of calling 'LoggerExtensions.LogInformation(ILogger, string?, params object?[])' (https://learn.microsoft.com/dotnet/fundamentals/code-analysis/quality-rules/ca1848) [C:\Projects\Hazina\src\Core\AI\Hazina.AI.RAG\Hazina.AI.RAG.csproj::TargetFramework=net8.0]
C:\Projects\Hazina\src\Core\AI\Hazina.AI.RAG\Embeddings\SemanticSimilarityChunker.cs(123,21): warning CA1848: For improved performance, use the LoggerMessage delegates instead of calling 'LoggerExtensions.LogError(ILogger, Exception?, string?, params object?[])' (https://learn.microsoft.com/dotnet/fundamentals/code-analysis/quality-rules/ca1848) [C:\Projects\Hazina\src\Core\AI\Hazina.AI.RAG\Hazina.AI.RAG.csproj::TargetFramework=net8.0]
C:\Projects\Hazina\src\Core\AI\Hazina.AI.RAG\Graph\Storage\SQLiteGraphStore.cs(1,1): warning SA1633: The file header is missing or not located at the top of the file. (https://github.com/DotNetAnalyzers/StyleCopAnalyzers/blob/master/documentation/SA1633.md) [C:\Projects\Hazina\src\Core\AI\Hazina.AI.RAG\Hazina.AI.RAG.csproj::TargetFramework=net8.0]
C:\Projects\Hazina\src\Core\AI\Hazina.AI.RAG\Extensions\DocumentStoreSemanticExtensions.cs(87,15): warning CA1062: In externally visible method 'Task<bool> DocumentStoreSemanticExtensions.StoreWithSemanticChunking(DocumentStore documentStore, string name, string content, IEmbeddingGenerator embeddingGenerator, TextChunkingOptions? chunkingOptions = null, ILLMClient? llmClient = null, Dictionary<string, string>? metadata = null, CancellationToken ct = default(CancellationToken))', validate parameter 'documentStore' is non-null before using it. If appropriate, throw an 'ArgumentNullException' when the argument is 'null'. (https://learn.microsoft.com/dotnet/fundamentals/code-analysis/quality-rules/ca1062) [C:\Projects\Hazina\src\Core\AI\Hazina.AI.RAG\Hazina.AI.RAG.csproj::TargetFramework=net8.0]
C:\Projects\Hazina\src\Core\AI\Hazina.AI.RAG\Embeddings\SemanticSimilarityChunker.cs(98,30): warning MA0004: Use Task.ConfigureAwait(false) if the current SynchronizationContext is not needed (https://github.com/meziantou/Meziantou.Analyzer/blob/main/docs/Rules/MA0004.md) [C:\Projects\Hazina\src\Core\AI\Hazina.AI.RAG\Hazina.AI.RAG.csproj::TargetFramework=net8.0]
C:\Projects\Hazina\src\Core\AI\Hazina.AI.RAG\Embeddings\SemanticSimilarityChunker.cs(116,17): warning MA0004: Use Task.ConfigureAwait(false) if the current SynchronizationContext is not needed (https://github.com/meziantou/Meziantou.Analyzer/blob/main/docs/Rules/MA0004.md) [C:\Projects\Hazina\src\Core\AI\Hazina.AI.RAG\Hazina.AI.RAG.csproj::TargetFramework=net8.0]
C:\Projects\Hazina\src\Core\AI\Hazina.AI.RAG\Graph\Storage\SQLiteGraphStore.cs(133,23): warning MA0051: Method is too long (82 lines; maximum allowed: 60) (https://github.com/meziantou/Meziantou.Analyzer/blob/main/docs/Rules/MA0051.md) [C:\Projects\Hazina\src\Core\AI\Hazina.AI.RAG\Hazina.AI.RAG.csproj::TargetFramework=net8.0]
C:\Projects\Hazina\src\Core\AI\Hazina.AI.RAG\Embeddings\SemanticSimilarityChunker.cs(121,9): warning CA1031: Modify 'ChunkAsync' to catch a more specific allowed exception type, or rethrow the exception (https://learn.microsoft.com/dotnet/fundamentals/code-analysis/quality-rules/ca1031) [C:\Projects\Hazina\src\Core\AI\Hazina.AI.RAG\Hazina.AI.RAG.csproj::TargetFramework=net8.0]
C:\Projects\Hazina\src\Core\AI\Hazina.AI.RAG\Interfaces\IReranker.cs(1,1): warning SA1633: The file header is missing or not located at the top of the file. (https://github.com/DotNetAnalyzers/StyleCopAnalyzers/blob/master/documentation/SA1633.md) [C:\Projects\Hazina\src\Core\AI\Hazina.AI.RAG\Hazina.AI.RAG.csproj::TargetFramework=net8.0]
C:\Projects\Hazina\src\Core\AI\Hazina.AI.RAG\Interfaces\IReranker.cs(22,5): warning SA1009: Closing parenthesis should not be preceded by a space (https://github.com/DotNetAnalyzers/StyleCopAnalyzers/blob/master/documentation/SA1009.md) [C:\Projects\Hazina\src\Core\AI\Hazina.AI.RAG\Hazina.AI.RAG.csproj::TargetFramework=net8.0]
C:\Projects\Hazina\src\Core\AI\Hazina.AI.RAG\Interfaces\IRetrievalCandidate.cs(1,1): warning SA1633: The file header is missing or not located at the top of the file. (https://github.com/DotNetAnalyzers/StyleCopAnalyzers/blob/master/documentation/SA1633.md) [C:\Projects\Hazina\src\Core\AI\Hazina.AI.RAG\Hazina.AI.RAG.csproj::TargetFramework=net8.0]
C:\Projects\Hazina\src\Core\AI\Hazina.AI.RAG\Interfaces\IRetrievalPipeline.cs(1,1): warning SA1633: The file header is missing or not located at the top of the file. (https://github.com/DotNetAnalyzers/StyleCopAnalyzers/blob/master/documentation/SA1633.md) [C:\Projects\Hazina\src\Core\AI\Hazina.AI.RAG\Hazina.AI.RAG.csproj::TargetFramework=net8.0]
C:\Projects\Hazina\src\Core\AI\Hazina.AI.RAG\Interfaces\IRetrievalPipeline.cs(23,5): warning SA1009: Closing parenthesis should not be preceded by a space (https://github.com/DotNetAnalyzers/StyleCopAnalyzers/blob/master/documentation/SA1009.md) [C:\Projects\Hazina\src\Core\AI\Hazina.AI.RAG\Hazina.AI.RAG.csproj::TargetFramework=net8.0]
C:\Projects\Hazina\src\Core\AI\Hazina.AI.RAG\Interfaces\IRetriever.cs(1,1): warning SA1633: The file header is missing or not located at the top of the file. (https://github.com/DotNetAnalyzers/StyleCopAnalyzers/blob/master/documentation/SA1633.md) [C:\Projects\Hazina\src\Core\AI\Hazina.AI.RAG\Hazina.AI.RAG.csproj::TargetFramework=net8.0]
C:\Projects\Hazina\src\Core\AI\Hazina.AI.RAG\Interfaces\IRetriever.cs(22,5): warning SA1009: Closing parenthesis should not be preceded by a space (https://github.com/DotNetAnalyzers/StyleCopAnalyzers/blob/master/documentation/SA1009.md) [C:\Projects\Hazina\src\Core\AI\Hazina.AI.RAG\Hazina.AI.RAG.csproj::TargetFramework=net8.0]
C:\Projects\Hazina\src\Core\AI\Hazina.AI.RAG\Retrieval\LlmJudgeReranker.cs(1,1): warning SA1633: The file header is missing or not located at the top of the file. (https://github.com/DotNetAnalyzers/StyleCopAnalyzers/blob/master/documentation/SA1633.md) [C:\Projects\Hazina\src\Core\AI\Hazina.AI.RAG\Hazina.AI.RAG.csproj::TargetFramework=net8.0]
C:\Projects\Hazina\src\Core\AI\Hazina.AI.RAG\Retrieval\LlmJudgeReranker.cs(123,14): warning SA1402: File may only contain a single type (https://github.com/DotNetAnalyzers/StyleCopAnalyzers/blob/master/documentation/SA1402.md) [C:\Projects\Hazina\src\Core\AI\Hazina.AI.RAG\Hazina.AI.RAG.csproj::TargetFramework=net8.0]
C:\Projects\Hazina\src\Core\AI\Hazina.AI.RAG\Retrieval\LlmJudgeReranker.cs(82,13): warning SA1009: Closing parenthesis should not be preceded by a space (https://github.com/DotNetAnalyzers/StyleCopAnalyzers/blob/master/documentation/SA1009.md) [C:\Projects\Hazina\src\Core\AI\Hazina.AI.RAG\Hazina.AI.RAG.csproj::TargetFramework=net8.0]
C:\Projects\Hazina\src\Core\AI\Hazina.AI.RAG\Embeddings\BasicMetadataExtractor.cs(72,25): warning CA1002: Change 'List<string>' in 'BasicMetadataExtractor.ExtractKeywordsTFIDF(string, [int])' to use 'Collection<T>', 'ReadOnlyCollection<T>' or 'KeyedCollection<K,V>' (https://learn.microsoft.com/dotnet/fundamentals/code-analysis/quality-rules/ca1002) [C:\Projects\Hazina\src\Core\AI\Hazina.AI.RAG\Hazina.AI.RAG.csproj::TargetFramework=net8.0]
C:\Projects\Hazina\src\Core\AI\Hazina.AI.RAG\Embeddings\BasicMetadataExtractor.cs(72,12): warning MA0016: Prefer using collection abstraction instead of implementation (https://github.com/meziantou/Meziantou.Analyzer/blob/main/docs/Rules/MA0016.md) [C:\Projects\Hazina\src\Core\AI\Hazina.AI.RAG\Hazina.AI.RAG.csproj::TargetFramework=net8.0]
C:\Projects\Hazina\src\Core\AI\Hazina.AI.RAG\Retrieval\NoOpReranker.cs(1,1): warning SA1633: The file header is missing or not located at the top of the file. (https://github.com/DotNetAnalyzers/StyleCopAnalyzers/blob/master/documentation/SA1633.md) [C:\Projects\Hazina\src\Core\AI\Hazina.AI.RAG\Hazina.AI.RAG.csproj::TargetFramework=net8.0]
C:\Projects\Hazina\src\Core\AI\Hazina.AI.RAG\Retrieval\Reranker.cs(1,1): warning SA1633: The file header is missing or not located at the top of the file. (https://github.com/DotNetAnalyzers/StyleCopAnalyzers/blob/master/documentation/SA1633.md) [C:\Projects\Hazina\src\Core\AI\Hazina.AI.RAG\Hazina.AI.RAG.csproj::TargetFramework=net8.0]
C:\Projects\Hazina\src\Core\AI\Hazina.AI.RAG\Retrieval\Reranker.cs(226,14): warning SA1402: File may only contain a single type (https://github.com/DotNetAnalyzers/StyleCopAnalyzers/blob/master/documentation/SA1402.md) [C:\Projects\Hazina\src\Core\AI\Hazina.AI.RAG\Hazina.AI.RAG.csproj::TargetFramework=net8.0]
C:\Projects\Hazina\src\Core\AI\Hazina.AI.RAG\Retrieval\Reranker.cs(140,13): warning SA1009: Closing parenthesis should not be preceded by a space (https://github.com/DotNetAnalyzers/StyleCopAnalyzers/blob/master/documentation/SA1009.md) [C:\Projects\Hazina\src\Core\AI\Hazina.AI.RAG\Hazina.AI.RAG.csproj::TargetFramework=net8.0]
C:\Projects\Hazina\src\Core\AI\Hazina.AI.RAG\Retrieval\RetrievalPipeline.cs(1,1): warning SA1633: The file header is missing or not located at the top of the file. (https://github.com/DotNetAnalyzers/StyleCopAnalyzers/blob/master/documentation/SA1633.md) [C:\Projects\Hazina\src\Core\AI\Hazina.AI.RAG\Hazina.AI.RAG.csproj::TargetFramework=net8.0]
C:\Projects\Hazina\src\Core\AI\Hazina.AI.RAG\Retrieval\RetrievalPipeline.cs(32,9): warning SA1009: Closing parenthesis should not be preceded by a space (https://github.com/DotNetAnalyzers/StyleCopAnalyzers/blob/master/documentation/SA1009.md) [C:\Projects\Hazina\src\Core\AI\Hazina.AI.RAG\Hazina.AI.RAG.csproj::TargetFramework=net8.0]
C:\Projects\Hazina\src\Core\AI\Hazina.AI.RAG\Retrieval\RetrievalPipeline.cs(42,9): warning SA1009: Closing parenthesis should not be preceded by a space (https://github.com/DotNetAnalyzers/StyleCopAnalyzers/blob/master/documentation/SA1009.md) [C:\Projects\Hazina\src\Core\AI\Hazina.AI.RAG\Hazina.AI.RAG.csproj::TargetFramework=net8.0]
C:\Projects\Hazina\src\Core\AI\Hazina.AI.RAG\Retrieval\VectorStoreRetriever.cs(1,1): warning SA1633: The file header is missing or not located at the top of the file. (https://github.com/DotNetAnalyzers/StyleCopAnalyzers/blob/master/documentation/SA1633.md) [C:\Projects\Hazina\src\Core\AI\Hazina.AI.RAG\Hazina.AI.RAG.csproj::TargetFramework=net8.0]
C:\Projects\Hazina\src\Core\AI\Hazina.AI.RAG\Retrieval\VectorStoreRetriever.cs(48,10): warning SA1513: Closing brace should be followed by blank line (https://github.com/DotNetAnalyzers/StyleCopAnalyzers/blob/master/documentation/SA1513.md) [C:\Projects\Hazina\src\Core\AI\Hazina.AI.RAG\Hazina.AI.RAG.csproj::TargetFramework=net8.0]
C:\Projects\Hazina\src\Core\AI\Hazina.AI.RAG\Retrieval\VectorStoreRetriever.cs(38,9): warning SA1009: Closing parenthesis should not be preceded by a space (https://github.com/DotNetAnalyzers/StyleCopAnalyzers/blob/master/documentation/SA1009.md) [C:\Projects\Hazina\src\Core\AI\Hazina.AI.RAG\Hazina.AI.RAG.csproj::TargetFramework=net8.0]
C:\Projects\Hazina\src\Core\AI\Hazina.AI.RAG\Utilities\SentenceSplitter.cs(1,1): warning SA1633: The file header is missing or not located at the top of the file. (https://github.com/DotNetAnalyzers/StyleCopAnalyzers/blob/master/documentation/SA1633.md) [C:\Projects\Hazina\src\Core\AI\Hazina.AI.RAG\Hazina.AI.RAG.csproj::TargetFramework=net8.0]
C:\Projects\Hazina\src\Core\AI\Hazina.AI.RAG\Utilities\SentenceSplitter.cs(81,18): warning SA1513: Closing brace should be followed by blank line (https://github.com/DotNetAnalyzers/StyleCopAnalyzers/blob/master/documentation/SA1513.md) [C:\Projects\Hazina\src\Core\AI\Hazina.AI.RAG\Hazina.AI.RAG.csproj::TargetFramework=net8.0]
C:\Projects\Hazina\src\Core\AI\Hazina.AI.RAG\Embeddings\HierarchicalChunker.cs(24,45): warning SA1629: Documentation text should end with a period (https://github.com/DotNetAnalyzers/StyleCopAnalyzers/blob/master/documentation/SA1629.md) [C:\Projects\Hazina\src\Core\AI\Hazina.AI.RAG\Hazina.AI.RAG.csproj::TargetFramework=net8.0]
C:\Projects\Hazina\src\Core\AI\Hazina.AI.RAG\Embeddings\HierarchicalChunker.cs(32,13): warning SA1503: Braces should not be omitted (https://github.com/DotNetAnalyzers/StyleCopAnalyzers/blob/master/documentation/SA1503.md) [C:\Projects\Hazina\src\Core\AI\Hazina.AI.RAG\Hazina.AI.RAG.csproj::TargetFramework=net8.0]
C:\Projects\Hazina\src\Core\AI\Hazina.AI.RAG\Embeddings\HierarchicalChunker.cs(37,31): warning SA1116: The parameters should begin on the line after the declaration, whenever the parameter span across multiple lines (https://github.com/DotNetAnalyzers/StyleCopAnalyzers/blob/master/documentation/SA1116.md) [C:\Projects\Hazina\src\Core\AI\Hazina.AI.RAG\Hazina.AI.RAG.csproj::TargetFramework=net8.0]
C:\Projects\Hazina\src\Core\AI\Hazina.AI.RAG\Embeddings\HierarchicalChunker.cs(81,37): warning SA1116: The parameters should begin on the line after the declaration, whenever the parameter span across multiple lines (https://github.com/DotNetAnalyzers/StyleCopAnalyzers/blob/master/documentation/SA1116.md) [C:\Projects\Hazina\src\Core\AI\Hazina.AI.RAG\Hazina.AI.RAG.csproj::TargetFramework=net8.0]
C:\Projects\Hazina\src\Core\AI\Hazina.AI.RAG\Embeddings\HierarchicalChunker.cs(38,30): warning SA1117: The parameters should all be placed on the same line or each parameter should be placed on its own line (https://github.com/DotNetAnalyzers/StyleCopAnalyzers/blob/master/documentation/SA1117.md) [C:\Projects\Hazina\src\Core\AI\Hazina.AI.RAG\Hazina.AI.RAG.csproj::TargetFramework=net8.0]
C:\Projects\Hazina\src\Core\AI\Hazina.AI.RAG\Embeddings\HierarchicalChunker.cs(82,33): warning SA1117: The parameters should all be placed on the same line or each parameter should be placed on its own line (https://github.com/DotNetAnalyzers/StyleCopAnalyzers/blob/master/documentation/SA1117.md) [C:\Projects\Hazina\src\Core\AI\Hazina.AI.RAG\Hazina.AI.RAG.csproj::TargetFramework=net8.0]
C:\Projects\Hazina\src\Core\AI\Hazina.AI.RAG\Embeddings\HierarchicalChunker.cs(37,21): warning CA1873: Evaluation of this argument may be expensive and unnecessary if logging is disabled (https://learn.microsoft.com/dotnet/fundamentals/code-analysis/quality-rules/ca1873) [C:\Projects\Hazina\src\Core\AI\Hazina.AI.RAG\Hazina.AI.RAG.csproj::TargetFramework=net8.0]
C:\Projects\Hazina\src\Core\AI\Hazina.AI.RAG\Embeddings\HierarchicalChunker.cs(42,17): warning CA1873: Evaluation of this argument may be expensive and unnecessary if logging is disabled (https://learn.microsoft.com/dotnet/fundamentals/code-analysis/quality-rules/ca1873) [C:\Projects\Hazina\src\Core\AI\Hazina.AI.RAG\Hazina.AI.RAG.csproj::TargetFramework=net8.0]
C:\Projects\Hazina\src\Core\AI\Hazina.AI.RAG\Embeddings\HierarchicalChunker.cs(48,21): warning CA1873: Evaluation of this argument may be expensive and unnecessary if logging is disabled (https://learn.microsoft.com/dotnet/fundamentals/code-analysis/quality-rules/ca1873) [C:\Projects\Hazina\src\Core\AI\Hazina.AI.RAG\Hazina.AI.RAG.csproj::TargetFramework=net8.0]
C:\Projects\Hazina\src\Core\AI\Hazina.AI.RAG\Embeddings\HierarchicalChunker.cs(81,21): warning CA1873: Evaluation of this argument may be expensive and unnecessary if logging is disabled (https://learn.microsoft.com/dotnet/fundamentals/code-analysis/quality-rules/ca1873) [C:\Projects\Hazina\src\Core\AI\Hazina.AI.RAG\Hazina.AI.RAG.csproj::TargetFramework=net8.0]
C:\Projects\Hazina\src\Core\AI\Hazina.AI.RAG\Embeddings\HierarchicalChunker.cs(37,21): warning CA1848: For improved performance, use the LoggerMessage delegates instead of calling 'LoggerExtensions.LogDebug(ILogger, string?, params object?[])' (https://learn.microsoft.com/dotnet/fundamentals/code-analysis/quality-rules/ca1848) [C:\Projects\Hazina\src\Core\AI\Hazina.AI.RAG\Hazina.AI.RAG.csproj::TargetFramework=net8.0]
C:\Projects\Hazina\src\Core\AI\Hazina.AI.RAG\Embeddings\HierarchicalChunker.cs(42,17): warning CA1848: For improved performance, use the LoggerMessage delegates instead of calling 'LoggerExtensions.LogInformation(ILogger, string?, params object?[])' (https://learn.microsoft.com/dotnet/fundamentals/code-analysis/quality-rules/ca1848) [C:\Projects\Hazina\src\Core\AI\Hazina.AI.RAG\Hazina.AI.RAG.csproj::TargetFramework=net8.0]
C:\Projects\Hazina\src\Core\AI\Hazina.AI.RAG\Embeddings\HierarchicalChunker.cs(48,21): warning CA1848: For improved performance, use the LoggerMessage delegates instead of calling 'LoggerExtensions.LogDebug(ILogger, string?, params object?[])' (https://learn.microsoft.com/dotnet/fundamentals/code-analysis/quality-rules/ca1848) [C:\Projects\Hazina\src\Core\AI\Hazina.AI.RAG\Hazina.AI.RAG.csproj::TargetFramework=net8.0]
C:\Projects\Hazina\src\Core\AI\Hazina.AI.RAG\Embeddings\HierarchicalChunker.cs(77,29): warning CA1848: For improved performance, use the LoggerMessage delegates instead of calling 'LoggerExtensions.LogWarning(ILogger, Exception?, string?, params object?[])' (https://learn.microsoft.com/dotnet/fundamentals/code-analysis/quality-rules/ca1848) [C:\Projects\Hazina\src\Core\AI\Hazina.AI.RAG\Hazina.AI.RAG.csproj::TargetFramework=net8.0]
C:\Projects\Hazina\src\Core\AI\Hazina.AI.RAG\Embeddings\HierarchicalChunker.cs(81,21): warning CA1848: For improved performance, use the LoggerMessage delegates instead of calling 'LoggerExtensions.LogInformation(ILogger, string?, params object?[])' (https://learn.microsoft.com/dotnet/fundamentals/code-analysis/quality-rules/ca1848) [C:\Projects\Hazina\src\Core\AI\Hazina.AI.RAG\Hazina.AI.RAG.csproj::TargetFramework=net8.0]
C:\Projects\Hazina\src\Core\AI\Hazina.AI.RAG\Embeddings\HierarchicalChunker.cs(88,21): warning CA1848: For improved performance, use the LoggerMessage delegates instead of calling 'LoggerExtensions.LogError(ILogger, Exception?, string?, params object?[])' (https://learn.microsoft.com/dotnet/fundamentals/code-analysis/quality-rules/ca1848) [C:\Projects\Hazina\src\Core\AI\Hazina.AI.RAG\Hazina.AI.RAG.csproj::TargetFramework=net8.0]
C:\Projects\Hazina\src\Core\AI\Hazina.AI.RAG\Embeddings\HierarchicalChunker.cs(39,20): warning MA0004: Use Task.ConfigureAwait(false) if the current SynchronizationContext is not needed (https://github.com/meziantou/Meziantou.Analyzer/blob/main/docs/Rules/MA0004.md) [C:\Projects\Hazina\src\Core\AI\Hazina.AI.RAG\Hazina.AI.RAG.csproj::TargetFramework=net8.0]
C:\Projects\Hazina\src\Core\AI\Hazina.AI.RAG\Embeddings\TextChunker.cs(77,75): warning SA1629: Documentation text should end with a period (https://github.com/DotNetAnalyzers/StyleCopAnalyzers/blob/master/documentation/SA1629.md) [C:\Projects\Hazina\src\Core\AI\Hazina.AI.RAG\Hazina.AI.RAG.csproj::TargetFramework=net8.0]
C:\Projects\Hazina\src\Core\AI\Hazina.AI.RAG\Embeddings\TextChunker.cs(79,41): warning SA1629: Documentation text should end with a period (https://github.com/DotNetAnalyzers/StyleCopAnalyzers/blob/master/documentation/SA1629.md) [C:\Projects\Hazina\src\Core\AI\Hazina.AI.RAG\Hazina.AI.RAG.csproj::TargetFramework=net8.0]
C:\Projects\Hazina\src\Core\AI\Hazina.AI.RAG\Embeddings\TextChunker.cs(80,91): warning SA1629: Documentation text should end with a period (https://github.com/DotNetAnalyzers/StyleCopAnalyzers/blob/master/documentation/SA1629.md) [C:\Projects\Hazina\src\Core\AI\Hazina.AI.RAG\Hazina.AI.RAG.csproj::TargetFramework=net8.0]
C:\Projects\Hazina\src\Core\AI\Hazina.AI.RAG\Embeddings\TextChunker.cs(81,70): warning SA1629: Documentation text should end with a period (https://github.com/DotNetAnalyzers/StyleCopAnalyzers/blob/master/documentation/SA1629.md) [C:\Projects\Hazina\src\Core\AI\Hazina.AI.RAG\Hazina.AI.RAG.csproj::TargetFramework=net8.0]
C:\Projects\Hazina\src\Core\AI\Hazina.AI.RAG\Embeddings\TextChunker.cs(82,44): warning SA1629: Documentation text should end with a period (https://github.com/DotNetAnalyzers/StyleCopAnalyzers/blob/master/documentation/SA1629.md) [C:\Projects\Hazina\src\Core\AI\Hazina.AI.RAG\Hazina.AI.RAG.csproj::TargetFramework=net8.0]
C:\Projects\Hazina\src\Core\AI\Hazina.AI.RAG\Embeddings\TextChunker.cs(83,37): warning SA1629: Documentation text should end with a period (https://github.com/DotNetAnalyzers/StyleCopAnalyzers/blob/master/documentation/SA1629.md) [C:\Projects\Hazina\src\Core\AI\Hazina.AI.RAG\Hazina.AI.RAG.csproj::TargetFramework=net8.0]
C:\Projects\Hazina\src\Core\AI\Hazina.AI.RAG\Embeddings\HierarchicalChunker.cs(58,41): warning MA0004: Use Task.ConfigureAwait(false) if the current SynchronizationContext is not needed (https://github.com/meziantou/Meziantou.Analyzer/blob/main/docs/Rules/MA0004.md) [C:\Projects\Hazina\src\Core\AI\Hazina.AI.RAG\Hazina.AI.RAG.csproj::TargetFramework=net8.0]
C:\Projects\Hazina\src\Core\AI\Hazina.AI.RAG\Embeddings\TextChunker.cs(91,13): warning SA1503: Braces should not be omitted (https://github.com/DotNetAnalyzers/StyleCopAnalyzers/blob/master/documentation/SA1503.md) [C:\Projects\Hazina\src\Core\AI\Hazina.AI.RAG\Hazina.AI.RAG.csproj::TargetFramework=net8.0]
C:\Projects\Hazina\src\Core\AI\Hazina.AI.RAG\Embeddings\HierarchicalChunker.cs(89,20): warning MA0004: Use Task.ConfigureAwait(false) if the current SynchronizationContext is not needed (https://github.com/meziantou/Meziantou.Analyzer/blob/main/docs/Rules/MA0004.md) [C:\Projects\Hazina\src\Core\AI\Hazina.AI.RAG\Hazina.AI.RAG.csproj::TargetFramework=net8.0]
C:\Projects\Hazina\src\Core\AI\Hazina.AI.RAG\Utilities\SentenceSplitter.cs(147,68): warning SA1629: Documentation text should end with a period (https://github.com/DotNetAnalyzers/StyleCopAnalyzers/blob/master/documentation/SA1629.md) [C:\Projects\Hazina\src\Core\AI\Hazina.AI.RAG\Hazina.AI.RAG.csproj::TargetFramework=net8.0]
C:\Projects\Hazina\src\Core\AI\Hazina.AI.RAG\Embeddings\TextChunker.cs(125,25): warning CA1873: Evaluation of this argument may be expensive and unnecessary if logging is disabled (https://learn.microsoft.com/dotnet/fundamentals/code-analysis/quality-rules/ca1873) [C:\Projects\Hazina\src\Core\AI\Hazina.AI.RAG\Hazina.AI.RAG.csproj::TargetFramework=net8.0]
C:\Projects\Hazina\src\Core\AI\Hazina.AI.RAG\Embeddings\TextChunker.cs(100,25): warning CA1848: For improved performance, use the LoggerMessage delegates instead of calling 'LoggerExtensions.LogWarning(ILogger, string?, params object?[])' (https://learn.microsoft.com/dotnet/fundamentals/code-analysis/quality-rules/ca1848) [C:\Projects\Hazina\src\Core\AI\Hazina.AI.RAG\Hazina.AI.RAG.csproj::TargetFramework=net8.0]
C:\Projects\Hazina\src\Core\AI\Hazina.AI.RAG\Embeddings\TextChunker.cs(125,25): warning CA1848: For improved performance, use the LoggerMessage delegates instead of calling 'LoggerExtensions.LogDebug(ILogger, string?, params object?[])' (https://learn.microsoft.com/dotnet/fundamentals/code-analysis/quality-rules/ca1848) [C:\Projects\Hazina\src\Core\AI\Hazina.AI.RAG\Hazina.AI.RAG.csproj::TargetFramework=net8.0]
C:\Projects\Hazina\src\Core\AI\Hazina.AI.RAG\Embeddings\TextChunker.cs(127,26): warning MA0004: Use Task.ConfigureAwait(false) if the current SynchronizationContext is not needed (https://github.com/meziantou/Meziantou.Analyzer/blob/main/docs/Rules/MA0004.md) [C:\Projects\Hazina\src\Core\AI\Hazina.AI.RAG\Hazina.AI.RAG.csproj::TargetFramework=net8.0]
C:\Projects\Hazina\src\Core\AI\Hazina.AI.RAG\Embeddings\TextChunker.cs(131,26): warning MA0004: Use Task.ConfigureAwait(false) if the current SynchronizationContext is not needed (https://github.com/meziantou/Meziantou.Analyzer/blob/main/docs/Rules/MA0004.md) [C:\Projects\Hazina\src\Core\AI\Hazina.AI.RAG\Hazina.AI.RAG.csproj::TargetFramework=net8.0]
C:\Projects\Hazina\src\Core\AI\Hazina.AI.RAG\Extensions\DocumentStoreSemanticExtensions.cs(156,53): warning SA1629: Documentation text should end with a period (https://github.com/DotNetAnalyzers/StyleCopAnalyzers/blob/master/documentation/SA1629.md) [C:\Projects\Hazina\src\Core\AI\Hazina.AI.RAG\Hazina.AI.RAG.csproj::TargetFramework=net8.0]
C:\Projects\Hazina\src\Core\AI\Hazina.AI.RAG\Extensions\DocumentStoreSemanticExtensions.cs(195,9): warning SA1111: Closing parenthesis should be on line of last parameter (https://github.com/DotNetAnalyzers/StyleCopAnalyzers/blob/master/documentation/SA1111.md) [C:\Projects\Hazina\src\Core\AI\Hazina.AI.RAG\Hazina.AI.RAG.csproj::TargetFramework=net8.0]
C:\Projects\Hazina\src\Core\AI\Hazina.AI.RAG\Retrieval\Reranker.cs(48,45): warning SA1629: Documentation text should end with a period (https://github.com/DotNetAnalyzers/StyleCopAnalyzers/blob/master/documentation/SA1629.md) [C:\Projects\Hazina\src\Core\AI\Hazina.AI.RAG\Hazina.AI.RAG.csproj::TargetFramework=net8.0]
C:\Projects\Hazina\src\Core\AI\Hazina.AI.RAG\Retrieval\Reranker.cs(56,13): warning SA1503: Braces should not be omitted (https://github.com/DotNetAnalyzers/StyleCopAnalyzers/blob/master/documentation/SA1503.md) [C:\Projects\Hazina\src\Core\AI\Hazina.AI.RAG\Hazina.AI.RAG.csproj::TargetFramework=net8.0]
C:\Projects\Hazina\src\Core\AI\Hazina.AI.RAG\Retrieval\Reranker.cs(58,59): warning SA1316: Tuple element names should use correct casing (https://github.com/DotNetAnalyzers/StyleCopAnalyzers/blob/master/documentation/SA1316.md) [C:\Projects\Hazina\src\Core\AI\Hazina.AI.RAG\Hazina.AI.RAG.csproj::TargetFramework=net8.0]
C:\Projects\Hazina\src\Core\AI\Hazina.AI.RAG\Retrieval\Reranker.cs(58,71): warning SA1316: Tuple element names should use correct casing (https://github.com/DotNetAnalyzers/StyleCopAnalyzers/blob/master/documentation/SA1316.md) [C:\Projects\Hazina\src\Core\AI\Hazina.AI.RAG\Hazina.AI.RAG.csproj::TargetFramework=net8.0]
C:\Projects\Hazina\src\Core\AI\Hazina.AI.RAG\Extensions\DocumentStoreSemanticExtensions.cs(171,27): warning MA0004: Use Task.ConfigureAwait(false) if the current SynchronizationContext is not needed (https://github.com/meziantou/Meziantou.Analyzer/blob/main/docs/Rules/MA0004.md) [C:\Projects\Hazina\src\Core\AI\Hazina.AI.RAG\Hazina.AI.RAG.csproj::TargetFramework=net8.0]
C:\Projects\Hazina\src\Core\AI\Hazina.AI.RAG\Retrieval\Reranker.cs(62,34): warning MA0004: Use Task.ConfigureAwait(false) if the current SynchronizationContext is not needed (https://github.com/meziantou/Meziantou.Analyzer/blob/main/docs/Rules/MA0004.md) [C:\Projects\Hazina\src\Core\AI\Hazina.AI.RAG\Hazina.AI.RAG.csproj::TargetFramework=net8.0]
C:\Projects\Hazina\src\Core\AI\Hazina.AI.RAG\Extensions\DocumentStoreSemanticExtensions.cs(173,15): warning MA0004: Use Task.ConfigureAwait(false) if the current SynchronizationContext is not needed (https://github.com/meziantou/Meziantou.Analyzer/blob/main/docs/Rules/MA0004.md) [C:\Projects\Hazina\src\Core\AI\Hazina.AI.RAG\Hazina.AI.RAG.csproj::TargetFramework=net8.0]
C:\Projects\Hazina\src\Core\AI\Hazina.AI.RAG\Extensions\DocumentStoreSemanticExtensions.cs(186,16): warning MA0004: Use Task.ConfigureAwait(false) if the current SynchronizationContext is not needed (https://github.com/meziantou/Meziantou.Analyzer/blob/main/docs/Rules/MA0004.md) [C:\Projects\Hazina\src\Core\AI\Hazina.AI.RAG\Hazina.AI.RAG.csproj::TargetFramework=net8.0]
C:\Projects\Hazina\src\Core\AI\Hazina.AI.RAG\Graph\Pipeline\EntityNormalizationService.cs(97,34): warning SA1116: The parameters should begin on the line after the declaration, whenever the parameter span across multiple lines (https://github.com/DotNetAnalyzers/StyleCopAnalyzers/blob/master/documentation/SA1116.md) [C:\Projects\Hazina\src\Core\AI\Hazina.AI.RAG\Hazina.AI.RAG.csproj::TargetFramework=net8.0]
C:\Projects\Hazina\src\Core\AI\Hazina.AI.RAG\Graph\Pipeline\EntityNormalizationService.cs(115,38): warning SA1116: The parameters should begin on the line after the declaration, whenever the parameter span across multiple lines (https://github.com/DotNetAnalyzers/StyleCopAnalyzers/blob/master/documentation/SA1116.md) [C:\Projects\Hazina\src\Core\AI\Hazina.AI.RAG\Hazina.AI.RAG.csproj::TargetFramework=net8.0]
C:\Projects\Hazina\src\Core\AI\Hazina.AI.RAG\Graph\Pipeline\EntityNormalizationService.cs(98,34): warning SA1117: The parameters should all be placed on the same line or each parameter should be placed on its own line (https://github.com/DotNetAnalyzers/StyleCopAnalyzers/blob/master/documentation/SA1117.md) [C:\Projects\Hazina\src\Core\AI\Hazina.AI.RAG\Hazina.AI.RAG.csproj::TargetFramework=net8.0]
C:\Projects\Hazina\src\Core\AI\Hazina.AI.RAG\Graph\Pipeline\EntityNormalizationService.cs(116,32): warning SA1117: The parameters should all be placed on the same line or each parameter should be placed on its own line (https://github.com/DotNetAnalyzers/StyleCopAnalyzers/blob/master/documentation/SA1117.md) [C:\Projects\Hazina\src\Core\AI\Hazina.AI.RAG\Hazina.AI.RAG.csproj::TargetFramework=net8.0]
C:\Projects\Hazina\src\Core\AI\Hazina.AI.RAG\Graph\Pipeline\EntityNormalizationService.cs(97,17): warning CA1873: Evaluation of this argument may be expensive and unnecessary if logging is disabled (https://learn.microsoft.com/dotnet/fundamentals/code-analysis/quality-rules/ca1873) [C:\Projects\Hazina\src\Core\AI\Hazina.AI.RAG\Hazina.AI.RAG.csproj::TargetFramework=net8.0]
C:\Projects\Hazina\src\Core\AI\Hazina.AI.RAG\Graph\Pipeline\EntityNormalizationService.cs(115,21): warning CA1873: Evaluation of this argument may be expensive and unnecessary if logging is disabled (https://learn.microsoft.com/dotnet/fundamentals/code-analysis/quality-rules/ca1873) [C:\Projects\Hazina\src\Core\AI\Hazina.AI.RAG\Hazina.AI.RAG.csproj::TargetFramework=net8.0]
C:\Projects\Hazina\src\Core\AI\Hazina.AI.RAG\Graph\Pipeline\EntityNormalizationService.cs(97,17): warning CA1848: For improved performance, use the LoggerMessage delegates instead of calling 'LoggerExtensions.LogDebug(ILogger, string?, params object?[])' (https://learn.microsoft.com/dotnet/fundamentals/code-analysis/quality-rules/ca1848) [C:\Projects\Hazina\src\Core\AI\Hazina.AI.RAG\Hazina.AI.RAG.csproj::TargetFramework=net8.0]
C:\Projects\Hazina\src\Core\AI\Hazina.AI.RAG\Graph\Pipeline\EntityNormalizationService.cs(115,21): warning CA1848: For improved performance, use the LoggerMessage delegates instead of calling 'LoggerExtensions.LogDebug(ILogger, string?, params object?[])' (https://learn.microsoft.com/dotnet/fundamentals/code-analysis/quality-rules/ca1848) [C:\Projects\Hazina\src\Core\AI\Hazina.AI.RAG\Hazina.AI.RAG.csproj::TargetFramework=net8.0]
C:\Projects\Hazina\src\Core\AI\Hazina.AI.RAG\Extensions\DocumentStoreSemanticExtensions.cs(181,43): warning MA0002: Use an overload that has a IEqualityComparer<string> or IComparer<string> parameter (https://github.com/meziantou/Meziantou.Analyzer/blob/main/docs/Rules/MA0002.md) [C:\Projects\Hazina\src\Core\AI\Hazina.AI.RAG\Hazina.AI.RAG.csproj::TargetFramework=net8.0]
C:\Projects\Hazina\src\Core\AI\Hazina.AI.RAG\Graph\Pipeline\EntityNormalizationService.cs(87,26): warning MA0004: Use Task.ConfigureAwait(false) if the current SynchronizationContext is not needed (https://github.com/meziantou/Meziantou.Analyzer/blob/main/docs/Rules/MA0004.md) [C:\Projects\Hazina\src\Core\AI\Hazina.AI.RAG\Hazina.AI.RAG.csproj::TargetFramework=net8.0]
C:\Projects\Hazina\src\Core\AI\Hazina.AI.RAG\Graph\Pipeline\EntityNormalizationService.cs(108,36): warning MA0004: Use Task.ConfigureAwait(false) if the current SynchronizationContext is not needed (https://github.com/meziantou/Meziantou.Analyzer/blob/main/docs/Rules/MA0004.md) [C:\Projects\Hazina\src\Core\AI\Hazina.AI.RAG\Hazina.AI.RAG.csproj::TargetFramework=net8.0]
C:\Projects\Hazina\src\Core\AI\Hazina.AI.RAG\Embeddings\HierarchicalChunker.cs(75,17): warning CA1031: Modify 'ChunkAsync' to catch a more specific allowed exception type, or rethrow the exception (https://learn.microsoft.com/dotnet/fundamentals/code-analysis/quality-rules/ca1031) [C:\Projects\Hazina\src\Core\AI\Hazina.AI.RAG\Hazina.AI.RAG.csproj::TargetFramework=net8.0]
C:\Projects\Hazina\src\Core\AI\Hazina.AI.RAG\Embeddings\HierarchicalChunker.cs(86,9): warning CA1031: Modify 'ChunkAsync' to catch a more specific allowed exception type, or rethrow the exception (https://learn.microsoft.com/dotnet/fundamentals/code-analysis/quality-rules/ca1031) [C:\Projects\Hazina\src\Core\AI\Hazina.AI.RAG\Hazina.AI.RAG.csproj::TargetFramework=net8.0]
C:\Projects\Hazina\src\Core\AI\Hazina.AI.RAG\Extensions\DocumentStoreSemanticExtensions.cs(170,31): warning CA1062: In externally visible method 'Task<bool> DocumentStoreSemanticExtensions.StoreWithSemanticChunking(DocumentStore documentStore, string name, byte[] content, string mimeType, IEmbeddingGenerator embeddingGenerator, TextChunkingOptions? chunkingOptions = null, ILLMClient? llmClient = null, Dictionary<string, string>? metadata = null, CancellationToken ct = default(CancellationToken))', validate parameter 'documentStore' is non-null before using it. If appropriate, throw an 'ArgumentNullException' when the argument is 'null'. (https://learn.microsoft.com/dotnet/fundamentals/code-analysis/quality-rules/ca1062) [C:\Projects\Hazina\src\Core\AI\Hazina.AI.RAG\Hazina.AI.RAG.csproj::TargetFramework=net8.0]
C:\Projects\Hazina\src\Core\AI\Hazina.AI.RAG\Graph\Pipeline\LLMRelationshipExtractor.cs(103,37): warning MA0051: Method is too long (87 lines; maximum allowed: 60) (https://github.com/meziantou/Meziantou.Analyzer/blob/main/docs/Rules/MA0051.md) [C:\Projects\Hazina\src\Core\AI\Hazina.AI.RAG\Hazina.AI.RAG.csproj::TargetFramework=net8.0]
C:\Projects\Hazina\src\Core\AI\Hazina.AI.RAG\Embeddings\SemanticSimilarityChunker.cs(67,14): warning CA1062: In externally visible method 'Task<List<TextChunk>> SemanticSimilarityChunker.ChunkAsync(string text, SemanticChunkingOptions options, CancellationToken ct = default(CancellationToken))', validate parameter 'options' is non-null before using it. If appropriate, throw an 'ArgumentNullException' when the argument is 'null'. (https://learn.microsoft.com/dotnet/fundamentals/code-analysis/quality-rules/ca1062) [C:\Projects\Hazina\src\Core\AI\Hazina.AI.RAG\Hazina.AI.RAG.csproj::TargetFramework=net8.0]
C:\Projects\Hazina\src\Core\AI\Hazina.AI.RAG\Graph\Storage\SQLiteGraphStore.cs(204,17): warning CA1873: Evaluation of this argument may be expensive and unnecessary if logging is disabled (https://learn.microsoft.com/dotnet/fundamentals/code-analysis/quality-rules/ca1873) [C:\Projects\Hazina\src\Core\AI\Hazina.AI.RAG\Hazina.AI.RAG.csproj::TargetFramework=net8.0]
C:\Projects\Hazina\src\Core\AI\Hazina.AI.RAG\Graph\Storage\SQLiteGraphStore.cs(204,17): warning CA1848: For improved performance, use the LoggerMessage delegates instead of calling 'LoggerExtensions.LogDebug(ILogger, string?, params object?[])' (https://learn.microsoft.com/dotnet/fundamentals/code-analysis/quality-rules/ca1848) [C:\Projects\Hazina\src\Core\AI\Hazina.AI.RAG\Hazina.AI.RAG.csproj::TargetFramework=net8.0]
C:\Projects\Hazina\src\Core\AI\Hazina.AI.RAG\Graph\Storage\SQLiteGraphStore.cs(146,37): warning CA1849: 'SqliteConnection.BeginTransaction()' synchronously blocks. Await 'DbConnection.BeginTransactionAsync(CancellationToken)' instead. (https://learn.microsoft.com/dotnet/fundamentals/code-analysis/quality-rules/ca1849) [C:\Projects\Hazina\src\Core\AI\Hazina.AI.RAG\Hazina.AI.RAG.csproj::TargetFramework=net8.0]
C:\Projects\Hazina\src\Core\AI\Hazina.AI.RAG\Graph\Storage\SQLiteGraphStore.cs(140,9): warning MA0004: Use Task.ConfigureAwait(false) if the current SynchronizationContext is not needed (https://github.com/meziantou/Meziantou.Analyzer/blob/main/docs/Rules/MA0004.md) [C:\Projects\Hazina\src\Core\AI\Hazina.AI.RAG\Hazina.AI.RAG.csproj::TargetFramework=net8.0]
C:\Projects\Hazina\src\Core\AI\Hazina.AI.RAG\Graph\Storage\SQLiteGraphStore.cs(144,13): warning MA0004: Use Task.ConfigureAwait(false) if the current SynchronizationContext is not needed (https://github.com/meziantou/Meziantou.Analyzer/blob/main/docs/Rules/MA0004.md) [C:\Projects\Hazina\src\Core\AI\Hazina.AI.RAG\Hazina.AI.RAG.csproj::TargetFramework=net8.0]
C:\Projects\Hazina\src\Core\AI\Hazina.AI.RAG\Graph\Storage\SQLiteGraphStore.cs(170,21): warning MA0004: Use Task.ConfigureAwait(false) if the current SynchronizationContext is not needed (https://github.com/meziantou/Meziantou.Analyzer/blob/main/docs/Rules/MA0004.md) [C:\Projects\Hazina\src\Core\AI\Hazina.AI.RAG\Hazina.AI.RAG.csproj::TargetFramework=net8.0]
C:\Projects\Hazina\src\Core\AI\Hazina.AI.RAG\Graph\Storage\SQLiteGraphStore.cs(183,29): warning MA0004: Use Task.ConfigureAwait(false) if the current SynchronizationContext is not needed (https://github.com/meziantou/Meziantou.Analyzer/blob/main/docs/Rules/MA0004.md) [C:\Projects\Hazina\src\Core\AI\Hazina.AI.RAG\Hazina.AI.RAG.csproj::TargetFramework=net8.0]
C:\Projects\Hazina\src\Core\AI\Hazina.AI.RAG\Graph\Storage\SQLiteGraphStore.cs(198,29): warning MA0004: Use Task.ConfigureAwait(false) if the current SynchronizationContext is not needed (https://github.com/meziantou/Meziantou.Analyzer/blob/main/docs/Rules/MA0004.md) [C:\Projects\Hazina\src\Core\AI\Hazina.AI.RAG\Hazina.AI.RAG.csproj::TargetFramework=net8.0]
C:\Projects\Hazina\src\Core\AI\Hazina.AI.RAG\Embeddings\SemanticSimilarityChunker.cs(129,59): warning SA1629: Documentation text should end with a period (https://github.com/DotNetAnalyzers/StyleCopAnalyzers/blob/master/documentation/SA1629.md) [C:\Projects\Hazina\src\Core\AI\Hazina.AI.RAG\Hazina.AI.RAG.csproj::TargetFramework=net8.0]
C:\Projects\Hazina\src\Core\AI\Hazina.AI.RAG\Graph\Storage\SQLiteGraphStore.cs(203,17): warning MA0004: Use Task.ConfigureAwait(false) if the current SynchronizationContext is not needed (https://github.com/meziantou/Meziantou.Analyzer/blob/main/docs/Rules/MA0004.md) [C:\Projects\Hazina\src\Core\AI\Hazina.AI.RAG\Hazina.AI.RAG.csproj::TargetFramework=net8.0]
C:\Projects\Hazina\src\Core\AI\Hazina.AI.RAG\Embeddings\SemanticSimilarityChunker.cs(138,9): warning SA1111: Closing parenthesis should be on line of last parameter (https://github.com/DotNetAnalyzers/StyleCopAnalyzers/blob/master/documentation/SA1111.md) [C:\Projects\Hazina\src\Core\AI\Hazina.AI.RAG\Hazina.AI.RAG.csproj::TargetFramework=net8.0]
C:\Projects\Hazina\src\Core\AI\Hazina.AI.RAG\Graph\Storage\SQLiteGraphStore.cs(208,17): warning MA0004: Use Task.ConfigureAwait(false) if the current SynchronizationContext is not needed (https://github.com/meziantou/Meziantou.Analyzer/blob/main/docs/Rules/MA0004.md) [C:\Projects\Hazina\src\Core\AI\Hazina.AI.RAG\Hazina.AI.RAG.csproj::TargetFramework=net8.0]
C:\Projects\Hazina\src\Core\AI\Hazina.AI.RAG\Embeddings\ContentTypeDetector.cs(101,35): warning S6605: Collection-specific "Exists" method should be used instead of the "Any" extension. (https://rules.sonarsource.com/csharp/RSPEC-6605) [C:\Projects\Hazina\src\Core\AI\Hazina.AI.RAG\Hazina.AI.RAG.csproj::TargetFramework=net8.0]
C:\Projects\Hazina\src\Core\AI\Hazina.AI.RAG\Embeddings\ContentTypeDetector.cs(64,31): warning SA1629: Documentation text should end with a period (https://github.com/DotNetAnalyzers/StyleCopAnalyzers/blob/master/documentation/SA1629.md) [C:\Projects\Hazina\src\Core\AI\Hazina.AI.RAG\Hazina.AI.RAG.csproj::TargetFramework=net8.0]
C:\Projects\Hazina\src\Core\AI\Hazina.AI.RAG\Embeddings\ContentTypeDetector.cs(72,13): warning SA1503: Braces should not be omitted (https://github.com/DotNetAnalyzers/StyleCopAnalyzers/blob/master/documentation/SA1503.md) [C:\Projects\Hazina\src\Core\AI\Hazina.AI.RAG\Hazina.AI.RAG.csproj::TargetFramework=net8.0]
C:\Projects\Hazina\src\Core\AI\Hazina.AI.RAG\Embeddings\ContentTypeDetector.cs(76,13): warning SA1503: Braces should not be omitted (https://github.com/DotNetAnalyzers/StyleCopAnalyzers/blob/master/documentation/SA1503.md) [C:\Projects\Hazina\src\Core\AI\Hazina.AI.RAG\Hazina.AI.RAG.csproj::TargetFramework=net8.0]
C:\Projects\Hazina\src\Core\AI\Hazina.AI.RAG\Embeddings\ContentTypeDetector.cs(80,13): warning SA1503: Braces should not be omitted (https://github.com/DotNetAnalyzers/StyleCopAnalyzers/blob/master/documentation/SA1503.md) [C:\Projects\Hazina\src\Core\AI\Hazina.AI.RAG\Hazina.AI.RAG.csproj::TargetFramework=net8.0]
C:\Projects\Hazina\src\Core\AI\Hazina.AI.RAG\Embeddings\BasicMetadataExtractor.cs(104,19): warning S2325: Make 'ExtractSummary' a static method. (https://rules.sonarsource.com/csharp/RSPEC-2325) [C:\Projects\Hazina\src\Core\AI\Hazina.AI.RAG\Hazina.AI.RAG.csproj::TargetFramework=net8.0]
C:\Projects\Hazina\src\Core\AI\Hazina.AI.RAG\Embeddings\ContentTypeDetector.cs(83,30): warning CA1875: Use 'Regex.Count' instead of 'Regex.Matches(...).Count' (https://learn.microsoft.com/dotnet/fundamentals/code-analysis/quality-rules/ca1875) [C:\Projects\Hazina\src\Core\AI\Hazina.AI.RAG\Hazina.AI.RAG.csproj::TargetFramework=net8.0]
C:\Projects\Hazina\src\Core\AI\Hazina.AI.RAG\Embeddings\ContentTypeDetector.cs(71,13): warning MA0009: Regular expressions should not be vulnerable to Denial of Service attacks (https://github.com/meziantou/Meziantou.Analyzer/blob/main/docs/Rules/MA0009.md) [C:\Projects\Hazina\src\Core\AI\Hazina.AI.RAG\Hazina.AI.RAG.csproj::TargetFramework=net8.0]
C:\Projects\Hazina\src\Core\AI\Hazina.AI.RAG\Embeddings\ContentTypeDetector.cs(75,13): warning MA0009: Regular expressions should not be vulnerable to Denial of Service attacks (https://github.com/meziantou/Meziantou.Analyzer/blob/main/docs/Rules/MA0009.md) [C:\Projects\Hazina\src\Core\AI\Hazina.AI.RAG\Hazina.AI.RAG.csproj::TargetFramework=net8.0]
C:\Projects\Hazina\src\Core\AI\Hazina.AI.RAG\Embeddings\ContentTypeDetector.cs(79,13): warning MA0009: Regular expressions should not be vulnerable to Denial of Service attacks (https://github.com/meziantou/Meziantou.Analyzer/blob/main/docs/Rules/MA0009.md) [C:\Projects\Hazina\src\Core\AI\Hazina.AI.RAG\Hazina.AI.RAG.csproj::TargetFramework=net8.0]
C:\Projects\Hazina\src\Core\AI\Hazina.AI.RAG\Embeddings\ContentTypeDetector.cs(83,30): warning MA0009: Regular expressions should not be vulnerable to Denial of Service attacks (https://github.com/meziantou/Meziantou.Analyzer/blob/main/docs/Rules/MA0009.md) [C:\Projects\Hazina\src\Core\AI\Hazina.AI.RAG\Hazina.AI.RAG.csproj::TargetFramework=net8.0]
C:\Projects\Hazina\src\Core\AI\Hazina.AI.RAG\Core\RAGEngine.cs(178,13): warning SA1503: Braces should not be omitted (https://github.com/DotNetAnalyzers/StyleCopAnalyzers/blob/master/documentation/SA1503.md) [C:\Projects\Hazina\src\Core\AI\Hazina.AI.RAG\Hazina.AI.RAG.csproj::TargetFramework=net8.0]
C:\Projects\Hazina\src\Core\AI\Hazina.AI.RAG\Core\RAGEngine.cs(189,9): warning SA1111: Closing parenthesis should be on line of last parameter (https://github.com/DotNetAnalyzers/StyleCopAnalyzers/blob/master/documentation/SA1111.md) [C:\Projects\Hazina\src\Core\AI\Hazina.AI.RAG\Hazina.AI.RAG.csproj::TargetFramework=net8.0]
C:\Projects\Hazina\src\Core\AI\Hazina.AI.RAG\Core\RAGEngine.cs(195,62): warning SA1122: Use string.Empty for empty strings (https://github.com/DotNetAnalyzers/StyleCopAnalyzers/blob/master/documentation/SA1122.md) [C:\Projects\Hazina\src\Core\AI\Hazina.AI.RAG\Hazina.AI.RAG.csproj::TargetFramework=net8.0]
C:\Projects\Hazina\src\Core\AI\Hazina.AI.RAG\Embeddings\ContentTypeDetector.cs(90,49): warning SA1629: Documentation text should end with a period (https://github.com/DotNetAnalyzers/StyleCopAnalyzers/blob/master/documentation/SA1629.md) [C:\Projects\Hazina\src\Core\AI\Hazina.AI.RAG\Hazina.AI.RAG.csproj::TargetFramework=net8.0]
C:\Projects\Hazina\src\Core\AI\Hazina.AI.RAG\Graph\Retrieval\HybridRetrievalService.cs(34,60): warning SA1629: Documentation text should end with a period (https://github.com/DotNetAnalyzers/StyleCopAnalyzers/blob/master/documentation/SA1629.md) [C:\Projects\Hazina\src\Core\AI\Hazina.AI.RAG\Hazina.AI.RAG.csproj::TargetFramework=net8.0]
C:\Projects\Hazina\src\Core\AI\Hazina.AI.RAG\Graph\Retrieval\HybridRetrievalService.cs(35,59): warning SA1629: Documentation text should end with a period (https://github.com/DotNetAnalyzers/StyleCopAnalyzers/blob/master/documentation/SA1629.md) [C:\Projects\Hazina\src\Core\AI\Hazina.AI.RAG\Hazina.AI.RAG.csproj::TargetFramework=net8.0]
C:\Projects\Hazina\src\Core\AI\Hazina.AI.RAG\Graph\Retrieval\HybridRetrievalService.cs(36,55): warning SA1629: Documentation text should end with a period (https://github.com/DotNetAnalyzers/StyleCopAnalyzers/blob/master/documentation/SA1629.md) [C:\Projects\Hazina\src\Core\AI\Hazina.AI.RAG\Hazina.AI.RAG.csproj::TargetFramework=net8.0]
C:\Projects\Hazina\src\Core\AI\Hazina.AI.RAG\Graph\Retrieval\HybridRetrievalService.cs(37,59): warning SA1629: Documentation text should end with a period (https://github.com/DotNetAnalyzers/StyleCopAnalyzers/blob/master/documentation/SA1629.md) [C:\Projects\Hazina\src\Core\AI\Hazina.AI.RAG\Hazina.AI.RAG.csproj::TargetFramework=net8.0]
C:\Projects\Hazina\src\Core\AI\Hazina.AI.RAG\Graph\Retrieval\HybridRetrievalService.cs(38,57): warning SA1629: Documentation text should end with a period (https://github.com/DotNetAnalyzers/StyleCopAnalyzers/blob/master/documentation/SA1629.md) [C:\Projects\Hazina\src\Core\AI\Hazina.AI.RAG\Hazina.AI.RAG.csproj::TargetFramework=net8.0]
C:\Projects\Hazina\src\Core\AI\Hazina.AI.RAG\Core\RAGEngine.cs(184,23): warning MA0004: Use Task.ConfigureAwait(false) if the current SynchronizationContext is not needed (https://github.com/meziantou/Meziantou.Analyzer/blob/main/docs/Rules/MA0004.md) [C:\Projects\Hazina\src\Core\AI\Hazina.AI.RAG\Hazina.AI.RAG.csproj::TargetFramework=net8.0]
C:\Projects\Hazina\src\Core\AI\Hazina.AI.RAG\Graph\Retrieval\HybridRetrievalService.cs(53,26): warning SA1116: The parameters should begin on the line after the declaration, whenever the parameter span across multiple lines (https://github.com/DotNetAnalyzers/StyleCopAnalyzers/blob/master/documentation/SA1116.md) [C:\Projects\Hazina\src\Core\AI\Hazina.AI.RAG\Hazina.AI.RAG.csproj::TargetFramework=net8.0]
C:\Projects\Hazina\src\Core\AI\Hazina.AI.RAG\Graph\Retrieval\HybridRetrievalService.cs(65,32): warning SA1116: The parameters should begin on the line after the declaration, whenever the parameter span across multiple lines (https://github.com/DotNetAnalyzers/StyleCopAnalyzers/blob/master/documentation/SA1116.md) [C:\Projects\Hazina\src\Core\AI\Hazina.AI.RAG\Hazina.AI.RAG.csproj::TargetFramework=net8.0]
C:\Projects\Hazina\src\Core\AI\Hazina.AI.RAG\Embeddings\ContentTypeDetector.cs(101,52): warning CA1307: 'string.Contains(string)' has a method overload that takes a 'StringComparison' parameter. Replace this call in 'Hazina.AI.RAG.Embeddings.ContentTypeDetector.HasMarkdownPatterns(string)' with a call to 'string.Contains(string, System.StringComparison)' for clarity of intent. (https://learn.microsoft.com/dotnet/fundamentals/code-analysis/quality-rules/ca1307) [C:\Projects\Hazina\src\Core\AI\Hazina.AI.RAG\Hazina.AI.RAG.csproj::TargetFramework=net8.0]
C:\Projects\Hazina\src\Core\AI\Hazina.AI.RAG\Core\RAGEngine.cs(197,24): warning MA0002: Use an overload that has a IEqualityComparer<string> or IComparer<string> parameter (https://github.com/meziantou/Meziantou.Analyzer/blob/main/docs/Rules/MA0002.md) [C:\Projects\Hazina\src\Core\AI\Hazina.AI.RAG\Hazina.AI.RAG.csproj::TargetFramework=net8.0]
C:\Projects\Hazina\src\Core\AI\Hazina.AI.RAG\Graph\Retrieval\HybridRetrievalService.cs(49,9): warning CA1873: Evaluation of this argument may be expensive and unnecessary if logging is disabled (https://learn.microsoft.com/dotnet/fundamentals/code-analysis/quality-rules/ca1873) [C:\Projects\Hazina\src\Core\AI\Hazina.AI.RAG\Hazina.AI.RAG.csproj::TargetFramework=net8.0]
C:\Projects\Hazina\src\Core\AI\Hazina.AI.RAG\Graph\Retrieval\HybridRetrievalService.cs(53,9): warning CA1873: Evaluation of this argument may be expensive and unnecessary if logging is disabled (https://learn.microsoft.com/dotnet/fundamentals/code-analysis/quality-rules/ca1873) [C:\Projects\Hazina\src\Core\AI\Hazina.AI.RAG\Hazina.AI.RAG.csproj::TargetFramework=net8.0]
C:\Projects\Hazina\src\Core\AI\Hazina.AI.RAG\Graph\Retrieval\HybridRetrievalService.cs(65,9): warning CA1873: Evaluation of this argument may be expensive and unnecessary if logging is disabled (https://learn.microsoft.com/dotnet/fundamentals/code-analysis/quality-rules/ca1873) [C:\Projects\Hazina\src\Core\AI\Hazina.AI.RAG\Hazina.AI.RAG.csproj::TargetFramework=net8.0]
C:\Projects\Hazina\src\Core\AI\Hazina.AI.RAG\Graph\Retrieval\HybridRetrievalService.cs(49,9): warning CA1848: For improved performance, use the LoggerMessage delegates instead of calling 'LoggerExtensions.LogDebug(ILogger, string?, params object?[])' (https://learn.microsoft.com/dotnet/fundamentals/code-analysis/quality-rules/ca1848) [C:\Projects\Hazina\src\Core\AI\Hazina.AI.RAG\Hazina.AI.RAG.csproj::TargetFramework=net8.0]
C:\Projects\Hazina\src\Core\AI\Hazina.AI.RAG\Graph\Retrieval\HybridRetrievalService.cs(53,9): warning CA1848: For improved performance, use the LoggerMessage delegates instead of calling 'LoggerExtensions.LogDebug(ILogger, string?, params object?[])' (https://learn.microsoft.com/dotnet/fundamentals/code-analysis/quality-rules/ca1848) [C:\Projects\Hazina\src\Core\AI\Hazina.AI.RAG\Hazina.AI.RAG.csproj::TargetFramework=net8.0]
C:\Projects\Hazina\src\Core\AI\Hazina.AI.RAG\Graph\Retrieval\HybridRetrievalService.cs(65,9): warning CA1848: For improved performance, use the LoggerMessage delegates instead of calling 'LoggerExtensions.LogInformation(ILogger, string?, params object?[])' (https://learn.microsoft.com/dotnet/fundamentals/code-analysis/quality-rules/ca1848) [C:\Projects\Hazina\src\Core\AI\Hazina.AI.RAG\Hazina.AI.RAG.csproj::TargetFramework=net8.0]
C:\Projects\Hazina\src\Core\AI\Hazina.AI.RAG\Graph\Pipeline\LLMEntityExtractor.cs(87,31): warning MA0051: Method is too long (72 lines; maximum allowed: 60) (https://github.com/meziantou/Meziantou.Analyzer/blob/main/docs/Rules/MA0051.md) [C:\Projects\Hazina\src\Core\AI\Hazina.AI.RAG\Hazina.AI.RAG.csproj::TargetFramework=net8.0]
C:\Projects\Hazina\src\Core\AI\Hazina.AI.RAG\Graph\Retrieval\HybridRetrievalService.cs(48,29): warning MA0004: Use Task.ConfigureAwait(false) if the current SynchronizationContext is not needed (https://github.com/meziantou/Meziantou.Analyzer/blob/main/docs/Rules/MA0004.md) [C:\Projects\Hazina\src\Core\AI\Hazina.AI.RAG\Hazina.AI.RAG.csproj::TargetFramework=net8.0]
C:\Projects\Hazina\src\Core\AI\Hazina.AI.RAG\Graph\Retrieval\HybridRetrievalService.cs(52,28): warning MA0004: Use Task.ConfigureAwait(false) if the current SynchronizationContext is not needed (https://github.com/meziantou/Meziantou.Analyzer/blob/main/docs/Rules/MA0004.md) [C:\Projects\Hazina\src\Core\AI\Hazina.AI.RAG\Hazina.AI.RAG.csproj::TargetFramework=net8.0]
C:\Projects\Hazina\src\Core\AI\Hazina.AI.RAG\Embeddings\BasicMetadataExtractor.cs(132,17): warning S2325: Make 'CountWords' a static method. (https://rules.sonarsource.com/csharp/RSPEC-2325) [C:\Projects\Hazina\src\Core\AI\Hazina.AI.RAG\Hazina.AI.RAG.csproj::TargetFramework=net8.0]
C:\Projects\Hazina\src\Core\AI\Hazina.AI.RAG\Graph\Models\GraphPath.cs(18,62): warning SA1501: Statement should not be on a single line (https://github.com/DotNetAnalyzers/StyleCopAnalyzers/blob/master/documentation/SA1501.md) [C:\Projects\Hazina\src\Core\AI\Hazina.AI.RAG\Hazina.AI.RAG.csproj::TargetFramework=net8.0]
C:\Projects\Hazina\src\Core\AI\Hazina.AI.RAG\Graph\Models\GraphPath.cs(23,17): warning SA1119: Statement should not use unnecessary parenthesis (https://github.com/DotNetAnalyzers/StyleCopAnalyzers/blob/master/documentation/SA1119.md) [C:\Projects\Hazina\src\Core\AI\Hazina.AI.RAG\Hazina.AI.RAG.csproj::TargetFramework=net8.0]
C:\Projects\Hazina\src\Core\AI\Hazina.AI.RAG\Graph\Models\GraphPath.cs(22,45): warning SA1407: Arithmetic expressions should declare precedence (https://github.com/DotNetAnalyzers/StyleCopAnalyzers/blob/master/documentation/SA1407.md) [C:\Projects\Hazina\src\Core\AI\Hazina.AI.RAG\Hazina.AI.RAG.csproj::TargetFramework=net8.0]
C:\Projects\Hazina\src\Core\AI\Hazina.AI.RAG\Graph\Models\GraphPath.cs(23,86): warning SA1407: Arithmetic expressions should declare precedence (https://github.com/DotNetAnalyzers/StyleCopAnalyzers/blob/master/documentation/SA1407.md) [C:\Projects\Hazina\src\Core\AI\Hazina.AI.RAG\Hazina.AI.RAG.csproj::TargetFramework=net8.0]
C:\Projects\Hazina\src\Core\AI\Hazina.AI.RAG\Graph\Models\GraphPath.cs(23,58): warning SA1407: Arithmetic expressions should declare precedence (https://github.com/DotNetAnalyzers/StyleCopAnalyzers/blob/master/documentation/SA1407.md) [C:\Projects\Hazina\src\Core\AI\Hazina.AI.RAG\Hazina.AI.RAG.csproj::TargetFramework=net8.0]
C:\Projects\Hazina\src\Core\AI\Hazina.AI.RAG\Graph\Models\GraphPath.cs(23,18): warning SA1407: Arithmetic expressions should declare precedence (https://github.com/DotNetAnalyzers/StyleCopAnalyzers/blob/master/documentation/SA1407.md) [C:\Projects\Hazina\src\Core\AI\Hazina.AI.RAG\Hazina.AI.RAG.csproj::TargetFramework=net8.0]
C:\Projects\Hazina\src\Core\AI\Hazina.AI.RAG\Graph\Models\GraphPath.cs(23,36): warning SA1407: Arithmetic expressions should declare precedence (https://github.com/DotNetAnalyzers/StyleCopAnalyzers/blob/master/documentation/SA1407.md) [C:\Projects\Hazina\src\Core\AI\Hazina.AI.RAG\Hazina.AI.RAG.csproj::TargetFramework=net8.0]
C:\Projects\Hazina\src\Core\AI\Hazina.AI.RAG\Graph\Models\GraphPath.cs(18,77): warning SA1107: Code should not contain multiple statements on one line (https://github.com/DotNetAnalyzers/StyleCopAnalyzers/blob/master/documentation/SA1107.md) [C:\Projects\Hazina\src\Core\AI\Hazina.AI.RAG\Hazina.AI.RAG.csproj::TargetFramework=net8.0]
C:\Projects\Hazina\src\Core\AI\Hazina.AI.RAG\Embeddings\BasicMetadataExtractor.cs(102,85): warning SA1629: Documentation text should end with a period (https://github.com/DotNetAnalyzers/StyleCopAnalyzers/blob/master/documentation/SA1629.md) [C:\Projects\Hazina\src\Core\AI\Hazina.AI.RAG\Hazina.AI.RAG.csproj::TargetFramework=net8.0]
C:\Projects\Hazina\src\Core\AI\Hazina.AI.RAG\Embeddings\BasicMetadataExtractor.cs(109,13): warning SA1503: Braces should not be omitted (https://github.com/DotNetAnalyzers/StyleCopAnalyzers/blob/master/documentation/SA1503.md) [C:\Projects\Hazina\src\Core\AI\Hazina.AI.RAG\Hazina.AI.RAG.csproj::TargetFramework=net8.0]
C:\Projects\Hazina\src\Core\AI\Hazina.AI.RAG\Embeddings\BasicMetadataExtractor.cs(123,29): warning CA1845: Use span-based 'string.Concat' and 'AsSpan' instead of 'Substring' (https://learn.microsoft.com/dotnet/fundamentals/code-analysis/quality-rules/ca1845) [C:\Projects\Hazina\src\Core\AI\Hazina.AI.RAG\Hazina.AI.RAG.csproj::TargetFramework=net8.0]
C:\Projects\Hazina\src\Core\AI\Hazina.AI.RAG\Embeddings\BasicMetadataExtractor.cs(70,70): warning SA1629: Documentation text should end with a period (https://github.com/DotNetAnalyzers/StyleCopAnalyzers/blob/master/documentation/SA1629.md) [C:\Projects\Hazina\src\Core\AI\Hazina.AI.RAG\Hazina.AI.RAG.csproj::TargetFramework=net8.0]
C:\Projects\Hazina\src\Core\AI\Hazina.AI.RAG\Embeddings\BasicMetadataExtractor.cs(78,13): warning SA1503: Braces should not be omitted (https://github.com/DotNetAnalyzers/StyleCopAnalyzers/blob/master/documentation/SA1503.md) [C:\Projects\Hazina\src\Core\AI\Hazina.AI.RAG\Hazina.AI.RAG.csproj::TargetFramework=net8.0]
C:\Projects\Hazina\src\Core\AI\Hazina.AI.RAG\Embeddings\BasicMetadataExtractor.cs(130,28): warning SA1629: Documentation text should end with a period (https://github.com/DotNetAnalyzers/StyleCopAnalyzers/blob/master/documentation/SA1629.md) [C:\Projects\Hazina\src\Core\AI\Hazina.AI.RAG\Hazina.AI.RAG.csproj::TargetFramework=net8.0]
C:\Projects\Hazina\src\Core\AI\Hazina.AI.RAG\Embeddings\BasicMetadataExtractor.cs(134,27): warning CA1861: Prefer 'static readonly' fields over constant array arguments if the called method is called repeatedly and is not mutating the passed array (https://learn.microsoft.com/dotnet/fundamentals/code-analysis/quality-rules/ca1861) [C:\Projects\Hazina\src\Core\AI\Hazina.AI.RAG\Hazina.AI.RAG.csproj::TargetFramework=net8.0]
C:\Projects\Hazina\src\Core\AI\Hazina.AI.RAG\Embeddings\BasicMetadataExtractor.cs(83,38): warning CA1311: Specify a culture or use an invariant version to avoid implicit dependency on current culture (https://learn.microsoft.com/dotnet/fundamentals/code-analysis/quality-rules/ca1311) [C:\Projects\Hazina\src\Core\AI\Hazina.AI.RAG\Hazina.AI.RAG.csproj::TargetFramework=net8.0]
C:\Projects\Hazina\src\Core\AI\Hazina.AI.RAG\Embeddings\BasicMetadataExtractor.cs(83,32): warning CA1304: The behavior of 'string.ToLower()' could vary based on the current user's locale settings. Replace this call in 'BasicMetadataExtractor.ExtractKeywordsTFIDF(string, [int])' with a call to 'string.ToLower(CultureInfo)'. (https://learn.microsoft.com/dotnet/fundamentals/code-analysis/quality-rules/ca1304) [C:\Projects\Hazina\src\Core\AI\Hazina.AI.RAG\Hazina.AI.RAG.csproj::TargetFramework=net8.0]
C:\Projects\Hazina\src\Core\AI\Hazina.AI.RAG\Graph\Pipeline\LLMRelationshipExtractor.cs(142,40): warning SA1116: The parameters should begin on the line after the declaration, whenever the parameter span across multiple lines (https://github.com/DotNetAnalyzers/StyleCopAnalyzers/blob/master/documentation/SA1116.md) [C:\Projects\Hazina\src\Core\AI\Hazina.AI.RAG\Hazina.AI.RAG.csproj::TargetFramework=net8.0]
C:\Projects\Hazina\src\Core\AI\Hazina.AI.RAG\Graph\Pipeline\LLMRelationshipExtractor.cs(150,38): warning SA1116: The parameters should begin on the line after the declaration, whenever the parameter span across multiple lines (https://github.com/DotNetAnalyzers/StyleCopAnalyzers/blob/master/documentation/SA1116.md) [C:\Projects\Hazina\src\Core\AI\Hazina.AI.RAG\Hazina.AI.RAG.csproj::TargetFramework=net8.0]
C:\Projects\Hazina\src\Core\AI\Hazina.AI.RAG\Graph\Pipeline\LLMRelationshipExtractor.cs(158,40): warning SA1116: The parameters should begin on the line after the declaration, whenever the parameter span across multiple lines (https://github.com/DotNetAnalyzers/StyleCopAnalyzers/blob/master/documentation/SA1116.md) [C:\Projects\Hazina\src\Core\AI\Hazina.AI.RAG\Hazina.AI.RAG.csproj::TargetFramework=net8.0]
C:\Projects\Hazina\src\Core\AI\Hazina.AI.RAG\Graph\Pipeline\LLMRelationshipExtractor.cs(165,40): warning SA1116: The parameters should begin on the line after the declaration, whenever the parameter span across multiple lines (https://github.com/DotNetAnalyzers/StyleCopAnalyzers/blob/master/documentation/SA1116.md) [C:\Projects\Hazina\src\Core\AI\Hazina.AI.RAG\Hazina.AI.RAG.csproj::TargetFramework=net8.0]
C:\Projects\Hazina\src\Core\AI\Hazina.AI.RAG\Embeddings\HierarchicalChunkerExtensions.cs(84,48): warning S6608: Indexing at 0 should be used instead of the "Enumerable" extension method "First" (https://rules.sonarsource.com/csharp/RSPEC-6608) [C:\Projects\Hazina\src\Core\AI\Hazina.AI.RAG\Hazina.AI.RAG.csproj::TargetFramework=net8.0]
C:\Projects\Hazina\src\Core\AI\Hazina.AI.RAG\Embeddings\HierarchicalChunkerExtensions.cs(85,46): warning S6608: Indexing at Count-1 should be used instead of the "Enumerable" extension method "Last" (https://rules.sonarsource.com/csharp/RSPEC-6608) [C:\Projects\Hazina\src\Core\AI\Hazina.AI.RAG\Hazina.AI.RAG.csproj::TargetFramework=net8.0]
C:\Projects\Hazina\src\Core\AI\Hazina.AI.RAG\Embeddings\HierarchicalChunkerExtensions.cs(65,17): warning SA1503: Braces should not be omitted (https://github.com/DotNetAnalyzers/StyleCopAnalyzers/blob/master/documentation/SA1503.md) [C:\Projects\Hazina\src\Core\AI\Hazina.AI.RAG\Hazina.AI.RAG.csproj::TargetFramework=net8.0]
C:\Projects\Hazina\src\Core\AI\Hazina.AI.RAG\Embeddings\HierarchicalChunkerExtensions.cs(87,13): warning SA1111: Closing parenthesis should be on line of last parameter (https://github.com/DotNetAnalyzers/StyleCopAnalyzers/blob/master/documentation/SA1111.md) [C:\Projects\Hazina\src\Core\AI\Hazina.AI.RAG\Hazina.AI.RAG.csproj::TargetFramework=net8.0]
C:\Projects\Hazina\src\Core\AI\Hazina.AI.RAG\Graph\Pipeline\LLMRelationshipExtractor.cs(150,21): warning CA1873: Evaluation of this argument may be expensive and unnecessary if logging is disabled (https://learn.microsoft.com/dotnet/fundamentals/code-analysis/quality-rules/ca1873) [C:\Projects\Hazina\src\Core\AI\Hazina.AI.RAG\Hazina.AI.RAG.csproj::TargetFramework=net8.0]
C:\Projects\Hazina\src\Core\AI\Hazina.AI.RAG\Graph\Pipeline\LLMRelationshipExtractor.cs(130,17): warning CA1848: For improved performance, use the LoggerMessage delegates instead of calling 'LoggerExtensions.LogWarning(ILogger, string?, params object?[])' (https://learn.microsoft.com/dotnet/fundamentals/code-analysis/quality-rules/ca1848) [C:\Projects\Hazina\src\Core\AI\Hazina.AI.RAG\Hazina.AI.RAG.csproj::TargetFramework=net8.0]
C:\Projects\Hazina\src\Core\AI\Hazina.AI.RAG\Graph\Pipeline\LLMRelationshipExtractor.cs(142,21): warning CA1848: For improved performance, use the LoggerMessage delegates instead of calling 'LoggerExtensions.LogWarning(ILogger, string?, params object?[])' (https://learn.microsoft.com/dotnet/fundamentals/code-analysis/quality-rules/ca1848) [C:\Projects\Hazina\src\Core\AI\Hazina.AI.RAG\Hazina.AI.RAG.csproj::TargetFramework=net8.0]
C:\Projects\Hazina\src\Core\AI\Hazina.AI.RAG\Graph\Pipeline\LLMRelationshipExtractor.cs(150,21): warning CA1848: For improved performance, use the LoggerMessage delegates instead of calling 'LoggerExtensions.LogDebug(ILogger, string?, params object?[])' (https://learn.microsoft.com/dotnet/fundamentals/code-analysis/quality-rules/ca1848) [C:\Projects\Hazina\src\Core\AI\Hazina.AI.RAG\Hazina.AI.RAG.csproj::TargetFramework=net8.0]
C:\Projects\Hazina\src\Core\AI\Hazina.AI.RAG\Graph\Pipeline\LLMRelationshipExtractor.cs(158,21): warning CA1848: For improved performance, use the LoggerMessage delegates instead of calling 'LoggerExtensions.LogWarning(ILogger, string?, params object?[])' (https://learn.microsoft.com/dotnet/fundamentals/code-analysis/quality-rules/ca1848) [C:\Projects\Hazina\src\Core\AI\Hazina.AI.RAG\Hazina.AI.RAG.csproj::TargetFramework=net8.0]
C:\Projects\Hazina\src\Core\AI\Hazina.AI.RAG\Graph\Pipeline\LLMRelationshipExtractor.cs(165,21): warning CA1848: For improved performance, use the LoggerMessage delegates instead of calling 'LoggerExtensions.LogWarning(ILogger, string?, params object?[])' (https://learn.microsoft.com/dotnet/fundamentals/code-analysis/quality-rules/ca1848) [C:\Projects\Hazina\src\Core\AI\Hazina.AI.RAG\Hazina.AI.RAG.csproj::TargetFramework=net8.0]
C:\Projects\Hazina\src\Core\AI\Hazina.AI.RAG\Graph\Pipeline\LLMRelationshipExtractor.cs(192,13): warning CA1848: For improved performance, use the LoggerMessage delegates instead of calling 'LoggerExtensions.LogError(ILogger, Exception?, string?, params object?[])' (https://learn.microsoft.com/dotnet/fundamentals/code-analysis/quality-rules/ca1848) [C:\Projects\Hazina\src\Core\AI\Hazina.AI.RAG\Hazina.AI.RAG.csproj::TargetFramework=net8.0]
C:\Projects\Hazina\src\Core\AI\Hazina.AI.RAG\Embeddings\BasicMetadataExtractor.cs(83,32): warning MA0011: Use an overload of 'ToLower' that has a 'System.Globalization.CultureInfo' parameter (https://github.com/meziantou/Meziantou.Analyzer/blob/main/docs/Rules/MA0011.md) [C:\Projects\Hazina\src\Core\AI\Hazina.AI.RAG\Hazina.AI.RAG.csproj::TargetFramework=net8.0]
C:\Projects\Hazina\src\Core\AI\Hazina.AI.RAG\Graph\Pipeline\LLMRelationshipExtractor.cs(113,17): warning CA1310: The behavior of 'string.StartsWith(string)' could vary based on the current user's locale settings. Replace this call in 'Hazina.AI.RAG.Graph.Pipeline.LLMRelationshipExtractor.ParseRelationshipResponse(string, System.Collections.Generic.List<Hazina.AI.RAG.Graph.Models.GraphEntity>, string?, string)' with a call to 'string.StartsWith(string, System.StringComparison)'. (https://learn.microsoft.com/dotnet/fundamentals/code-analysis/quality-rules/ca1310) [C:\Projects\Hazina\src\Core\AI\Hazina.AI.RAG\Hazina.AI.RAG.csproj::TargetFramework=net8.0]
C:\Projects\Hazina\src\Core\AI\Hazina.AI.RAG\Graph\Pipeline\LLMRelationshipExtractor.cs(117,17): warning CA1310: The behavior of 'string.StartsWith(string)' could vary based on the current user's locale settings. Replace this call in 'Hazina.AI.RAG.Graph.Pipeline.LLMRelationshipExtractor.ParseRelationshipResponse(string, System.Collections.Generic.List<Hazina.AI.RAG.Graph.Models.GraphEntity>, string?, string)' with a call to 'string.StartsWith(string, System.StringComparison)'. (https://learn.microsoft.com/dotnet/fundamentals/code-analysis/quality-rules/ca1310) [C:\Projects\Hazina\src\Core\AI\Hazina.AI.RAG\Hazina.AI.RAG.csproj::TargetFramework=net8.0]
C:\Projects\Hazina\src\Core\AI\Hazina.AI.RAG\Graph\Pipeline\LLMRelationshipExtractor.cs(121,17): warning CA1310: The behavior of 'string.EndsWith(string)' could vary based on the current user's locale settings. Replace this call in 'Hazina.AI.RAG.Graph.Pipeline.LLMRelationshipExtractor.ParseRelationshipResponse(string, System.Collections.Generic.List<Hazina.AI.RAG.Graph.Models.GraphEntity>, string?, string)' with a call to 'string.EndsWith(string, System.StringComparison)'. (https://learn.microsoft.com/dotnet/fundamentals/code-analysis/quality-rules/ca1310) [C:\Projects\Hazina\src\Core\AI\Hazina.AI.RAG\Hazina.AI.RAG.csproj::TargetFramework=net8.0]
C:\Projects\Hazina\src\Core\AI\Hazina.AI.RAG\Graph\Pipeline\EntityNormalizationService.cs(150,38): warning SA1116: The parameters should begin on the line after the declaration, whenever the parameter span across multiple lines (https://github.com/DotNetAnalyzers/StyleCopAnalyzers/blob/master/documentation/SA1116.md) [C:\Projects\Hazina\src\Core\AI\Hazina.AI.RAG\Hazina.AI.RAG.csproj::TargetFramework=net8.0]
C:\Projects\Hazina\src\Core\AI\Hazina.AI.RAG\Graph\Pipeline\EntityNormalizationService.cs(151,38): warning SA1117: The parameters should all be placed on the same line or each parameter should be placed on its own line (https://github.com/DotNetAnalyzers/StyleCopAnalyzers/blob/master/documentation/SA1117.md) [C:\Projects\Hazina\src\Core\AI\Hazina.AI.RAG\Hazina.AI.RAG.csproj::TargetFramework=net8.0]
C:\Projects\Hazina\src\Core\AI\Hazina.AI.RAG\Embeddings\HierarchicalChunkerExtensions.cs(57,27): warning CA1854: Prefer a 'TryGetValue' call over a Dictionary indexer access guarded by a 'ContainsKey' check to avoid double lookup (https://learn.microsoft.com/dotnet/fundamentals/code-analysis/quality-rules/ca1854) [C:\Projects\Hazina\src\Core\AI\Hazina.AI.RAG\Hazina.AI.RAG.csproj::TargetFramework=net8.0]
C:\Projects\Hazina\src\Core\AI\Hazina.AI.RAG\Embeddings\HierarchicalChunkerExtensions.cs(68,32): warning CA1854: Prefer a 'TryGetValue' call over a Dictionary indexer access guarded by a 'ContainsKey' check to avoid double lookup (https://learn.microsoft.com/dotnet/fundamentals/code-analysis/quality-rules/ca1854) [C:\Projects\Hazina\src\Core\AI\Hazina.AI.RAG\Hazina.AI.RAG.csproj::TargetFramework=net8.0]
C:\Projects\Hazina\src\Core\AI\Hazina.AI.RAG\Graph\Pipeline\EntityNormalizationService.cs(150,21): warning CA1873: Evaluation of this argument may be expensive and unnecessary if logging is disabled (https://learn.microsoft.com/dotnet/fundamentals/code-analysis/quality-rules/ca1873) [C:\Projects\Hazina\src\Core\AI\Hazina.AI.RAG\Hazina.AI.RAG.csproj::TargetFramework=net8.0]
C:\Projects\Hazina\src\Core\AI\Hazina.AI.RAG\Graph\Pipeline\EntityNormalizationService.cs(150,21): warning CA1848: For improved performance, use the LoggerMessage delegates instead of calling 'LoggerExtensions.LogDebug(ILogger, string?, params object?[])' (https://learn.microsoft.com/dotnet/fundamentals/code-analysis/quality-rules/ca1848) [C:\Projects\Hazina\src\Core\AI\Hazina.AI.RAG\Hazina.AI.RAG.csproj::TargetFramework=net8.0]
C:\Projects\Hazina\src\Core\AI\Hazina.AI.RAG\Graph\Pipeline\EntityNormalizationService.cs(133,20): warning MA0004: Use Task.ConfigureAwait(false) if the current SynchronizationContext is not needed (https://github.com/meziantou/Meziantou.Analyzer/blob/main/docs/Rules/MA0004.md) [C:\Projects\Hazina\src\Core\AI\Hazina.AI.RAG\Hazina.AI.RAG.csproj::TargetFramework=net8.0]
C:\Projects\Hazina\src\Core\AI\Hazina.AI.RAG\Graph\Pipeline\EntityNormalizationService.cs(136,31): warning MA0004: Use Task.ConfigureAwait(false) if the current SynchronizationContext is not needed (https://github.com/meziantou/Meziantou.Analyzer/blob/main/docs/Rules/MA0004.md) [C:\Projects\Hazina\src\Core\AI\Hazina.AI.RAG\Hazina.AI.RAG.csproj::TargetFramework=net8.0]
C:\Projects\Hazina\src\Core\AI\Hazina.AI.RAG\Embeddings\BasicMetadataExtractor.cs(81,24): warning MA0002: Use an overload that has a IEqualityComparer<string> or IComparer<string> parameter (https://github.com/meziantou/Meziantou.Analyzer/blob/main/docs/Rules/MA0002.md) [C:\Projects\Hazina\src\Core\AI\Hazina.AI.RAG\Hazina.AI.RAG.csproj::TargetFramework=net8.0]
C:\Projects\Hazina\src\Core\AI\Hazina.AI.RAG\Graph\Pipeline\EntityNormalizationService.cs(143,17): warning MA0006: Use string.Equals instead of Equals operator (https://github.com/meziantou/Meziantou.Analyzer/blob/main/docs/Rules/MA0006.md) [C:\Projects\Hazina\src\Core\AI\Hazina.AI.RAG\Hazina.AI.RAG.csproj::TargetFramework=net8.0]
C:\Projects\Hazina\src\Core\AI\Hazina.AI.RAG\Graph\Pipeline\LLMRelationshipExtractor.cs(113,17): warning MA0074: Use an overload of 'StartsWith' that has a StringComparison parameter (https://github.com/meziantou/Meziantou.Analyzer/blob/main/docs/Rules/MA0074.md) [C:\Projects\Hazina\src\Core\AI\Hazina.AI.RAG\Hazina.AI.RAG.csproj::TargetFramework=net8.0]
C:\Projects\Hazina\src\Core\AI\Hazina.AI.RAG\Graph\Pipeline\LLMRelationshipExtractor.cs(117,17): warning MA0074: Use an overload of 'StartsWith' that has a StringComparison parameter (https://github.com/meziantou/Meziantou.Analyzer/blob/main/docs/Rules/MA0074.md) [C:\Projects\Hazina\src\Core\AI\Hazina.AI.RAG\Hazina.AI.RAG.csproj::TargetFramework=net8.0]
C:\Projects\Hazina\src\Core\AI\Hazina.AI.RAG\Graph\Pipeline\LLMRelationshipExtractor.cs(121,17): warning MA0074: Use an overload of 'EndsWith' that has a StringComparison parameter (https://github.com/meziantou/Meziantou.Analyzer/blob/main/docs/Rules/MA0074.md) [C:\Projects\Hazina\src\Core\AI\Hazina.AI.RAG\Hazina.AI.RAG.csproj::TargetFramework=net8.0]
C:\Projects\Hazina\src\Core\AI\Hazina.AI.RAG\Graph\Pipeline\LLMEntityExtractor.cs(120,40): warning SA1116: The parameters should begin on the line after the declaration, whenever the parameter span across multiple lines (https://github.com/DotNetAnalyzers/StyleCopAnalyzers/blob/master/documentation/SA1116.md) [C:\Projects\Hazina\src\Core\AI\Hazina.AI.RAG\Hazina.AI.RAG.csproj::TargetFramework=net8.0]
C:\Projects\Hazina\src\Core\AI\Hazina.AI.RAG\Graph\Pipeline\LLMEntityExtractor.cs(128,38): warning SA1116: The parameters should begin on the line after the declaration, whenever the parameter span across multiple lines (https://github.com/DotNetAnalyzers/StyleCopAnalyzers/blob/master/documentation/SA1116.md) [C:\Projects\Hazina\src\Core\AI\Hazina.AI.RAG\Hazina.AI.RAG.csproj::TargetFramework=net8.0]
C:\Projects\Hazina\src\Core\AI\Hazina.AI.RAG\Graph\Pipeline\LLMEntityExtractor.cs(121,41): warning SA1117: The parameters should all be placed on the same line or each parameter should be placed on its own line (https://github.com/DotNetAnalyzers/StyleCopAnalyzers/blob/master/documentation/SA1117.md) [C:\Projects\Hazina\src\Core\AI\Hazina.AI.RAG\Hazina.AI.RAG.csproj::TargetFramework=net8.0]
C:\Projects\Hazina\src\Core\AI\Hazina.AI.RAG\Graph\Pipeline\LLMEntityExtractor.cs(129,41): warning SA1117: The parameters should all be placed on the same line or each parameter should be placed on its own line (https://github.com/DotNetAnalyzers/StyleCopAnalyzers/blob/master/documentation/SA1117.md) [C:\Projects\Hazina\src\Core\AI\Hazina.AI.RAG\Hazina.AI.RAG.csproj::TargetFramework=net8.0]
C:\Projects\Hazina\src\Core\AI\Hazina.AI.RAG\Graph\Pipeline\LLMEntityExtractor.cs(128,21): warning CA1873: Evaluation of this argument may be expensive and unnecessary if logging is disabled (https://learn.microsoft.com/dotnet/fundamentals/code-analysis/quality-rules/ca1873) [C:\Projects\Hazina\src\Core\AI\Hazina.AI.RAG\Hazina.AI.RAG.csproj::TargetFramework=net8.0]
C:\Projects\Hazina\src\Core\AI\Hazina.AI.RAG\Graph\Pipeline\LLMEntityExtractor.cs(110,17): warning CA1848: For improved performance, use the LoggerMessage delegates instead of calling 'LoggerExtensions.LogWarning(ILogger, string?, params object?[])' (https://learn.microsoft.com/dotnet/fundamentals/code-analysis/quality-rules/ca1848) [C:\Projects\Hazina\src\Core\AI\Hazina.AI.RAG\Hazina.AI.RAG.csproj::TargetFramework=net8.0]
C:\Projects\Hazina\src\Core\AI\Hazina.AI.RAG\Graph\Pipeline\LLMEntityExtractor.cs(120,21): warning CA1848: For improved performance, use the LoggerMessage delegates instead of calling 'LoggerExtensions.LogWarning(ILogger, string?, params object?[])' (https://learn.microsoft.com/dotnet/fundamentals/code-analysis/quality-rules/ca1848) [C:\Projects\Hazina\src\Core\AI\Hazina.AI.RAG\Hazina.AI.RAG.csproj::TargetFramework=net8.0]
C:\Projects\Hazina\src\Core\AI\Hazina.AI.RAG\Graph\Pipeline\LLMEntityExtractor.cs(128,21): warning CA1848: For improved performance, use the LoggerMessage delegates instead of calling 'LoggerExtensions.LogDebug(ILogger, string?, params object?[])' (https://learn.microsoft.com/dotnet/fundamentals/code-analysis/quality-rules/ca1848) [C:\Projects\Hazina\src\Core\AI\Hazina.AI.RAG\Hazina.AI.RAG.csproj::TargetFramework=net8.0]
C:\Projects\Hazina\src\Core\AI\Hazina.AI.RAG\Graph\Pipeline\LLMEntityExtractor.cs(157,13): warning CA1848: For improved performance, use the LoggerMessage delegates instead of calling 'LoggerExtensions.LogError(ILogger, Exception?, string?, params object?[])' (https://learn.microsoft.com/dotnet/fundamentals/code-analysis/quality-rules/ca1848) [C:\Projects\Hazina\src\Core\AI\Hazina.AI.RAG\Hazina.AI.RAG.csproj::TargetFramework=net8.0]
C:\Projects\Hazina\src\Core\AI\Hazina.AI.RAG\Graph\Pipeline\LLMEntityExtractor.cs(93,17): warning CA1310: The behavior of 'string.StartsWith(string)' could vary based on the current user's locale settings. Replace this call in 'Hazina.AI.RAG.Graph.Pipeline.LLMEntityExtractor.ParseEntityResponse(string, string?)' with a call to 'string.StartsWith(string, System.StringComparison)'. (https://learn.microsoft.com/dotnet/fundamentals/code-analysis/quality-rules/ca1310) [C:\Projects\Hazina\src\Core\AI\Hazina.AI.RAG\Hazina.AI.RAG.csproj::TargetFramework=net8.0]
C:\Projects\Hazina\src\Core\AI\Hazina.AI.RAG\Graph\Pipeline\LLMEntityExtractor.cs(97,17): warning CA1310: The behavior of 'string.StartsWith(string)' could vary based on the current user's locale settings. Replace this call in 'Hazina.AI.RAG.Graph.Pipeline.LLMEntityExtractor.ParseEntityResponse(string, string?)' with a call to 'string.StartsWith(string, System.StringComparison)'. (https://learn.microsoft.com/dotnet/fundamentals/code-analysis/quality-rules/ca1310) [C:\Projects\Hazina\src\Core\AI\Hazina.AI.RAG\Hazina.AI.RAG.csproj::TargetFramework=net8.0]
C:\Projects\Hazina\src\Core\AI\Hazina.AI.RAG\Graph\Pipeline\LLMEntityExtractor.cs(101,17): warning CA1310: The behavior of 'string.EndsWith(string)' could vary based on the current user's locale settings. Replace this call in 'Hazina.AI.RAG.Graph.Pipeline.LLMEntityExtractor.ParseEntityResponse(string, string?)' with a call to 'string.EndsWith(string, System.StringComparison)'. (https://learn.microsoft.com/dotnet/fundamentals/code-analysis/quality-rules/ca1310) [C:\Projects\Hazina\src\Core\AI\Hazina.AI.RAG\Hazina.AI.RAG.csproj::TargetFramework=net8.0]
C:\Projects\Hazina\src\Core\AI\Hazina.AI.RAG\Embeddings\LLMMetadataExtractor.cs(112,41): warning SA1629: Documentation text should end with a period (https://github.com/DotNetAnalyzers/StyleCopAnalyzers/blob/master/documentation/SA1629.md) [C:\Projects\Hazina\src\Core\AI\Hazina.AI.RAG\Hazina.AI.RAG.csproj::TargetFramework=net8.0]
C:\Projects\Hazina\src\Core\AI\Hazina.AI.RAG\Embeddings\LLMMetadataExtractor.cs(133,13): warning SA1111: Closing parenthesis should be on line of last parameter (https://github.com/DotNetAnalyzers/StyleCopAnalyzers/blob/master/documentation/SA1111.md) [C:\Projects\Hazina\src\Core\AI\Hazina.AI.RAG\Hazina.AI.RAG.csproj::TargetFramework=net8.0]
C:\Projects\Hazina\src\Core\AI\Hazina.AI.RAG\Embeddings\LLMMetadataExtractor.cs(145,17): warning SA1111: Closing parenthesis should be on line of last parameter (https://github.com/DotNetAnalyzers/StyleCopAnalyzers/blob/master/documentation/SA1111.md) [C:\Projects\Hazina\src\Core\AI\Hazina.AI.RAG\Hazina.AI.RAG.csproj::TargetFramework=net8.0]
C:\Projects\Hazina\src\Core\AI\Hazina.AI.RAG\Utilities\SentenceSplitter.cs(233,32): warning CA1002: Change 'List<string>' in 'SentenceSplitter.SplitDefault(string)' to use 'Collection<T>', 'ReadOnlyCollection<T>' or 'KeyedCollection<K,V>' (https://learn.microsoft.com/dotnet/fundamentals/code-analysis/quality-rules/ca1002) [C:\Projects\Hazina\src\Core\AI\Hazina.AI.RAG\Hazina.AI.RAG.csproj::TargetFramework=net8.0]
C:\Projects\Hazina\src\Core\AI\Hazina.AI.RAG\Embeddings\LLMMetadataExtractor.cs(141,25): warning CA1848: For improved performance, use the LoggerMessage delegates instead of calling 'LoggerExtensions.LogWarning(ILogger, string?, params object?[])' (https://learn.microsoft.com/dotnet/fundamentals/code-analysis/quality-rules/ca1848) [C:\Projects\Hazina\src\Core\AI\Hazina.AI.RAG\Hazina.AI.RAG.csproj::TargetFramework=net8.0]
C:\Projects\Hazina\src\Core\AI\Hazina.AI.RAG\Embeddings\LLMMetadataExtractor.cs(153,21): warning CA1848: For improved performance, use the LoggerMessage delegates instead of calling 'LoggerExtensions.LogError(ILogger, Exception?, string?, params object?[])' (https://learn.microsoft.com/dotnet/fundamentals/code-analysis/quality-rules/ca1848) [C:\Projects\Hazina\src\Core\AI\Hazina.AI.RAG\Hazina.AI.RAG.csproj::TargetFramework=net8.0]
C:\Projects\Hazina\src\Core\AI\Hazina.AI.RAG\Utilities\SentenceSplitter.cs(233,19): warning MA0016: Prefer using collection abstraction instead of implementation (https://github.com/meziantou/Meziantou.Analyzer/blob/main/docs/Rules/MA0016.md) [C:\Projects\Hazina\src\Core\AI\Hazina.AI.RAG\Hazina.AI.RAG.csproj::TargetFramework=net8.0]
C:\Projects\Hazina\src\Core\AI\Hazina.AI.RAG\Embeddings\BasicMetadataExtractor.cs(140,17): warning S2325: Make 'CountSentences' a static method. (https://rules.sonarsource.com/csharp/RSPEC-2325) [C:\Projects\Hazina\src\Core\AI\Hazina.AI.RAG\Hazina.AI.RAG.csproj::TargetFramework=net8.0]
C:\Projects\Hazina\src\Core\AI\Hazina.AI.RAG\Embeddings\LLMMetadataExtractor.cs(128,28): warning MA0004: Use Task.ConfigureAwait(false) if the current SynchronizationContext is not needed (https://github.com/meziantou/Meziantou.Analyzer/blob/main/docs/Rules/MA0004.md) [C:\Projects\Hazina\src\Core\AI\Hazina.AI.RAG\Hazina.AI.RAG.csproj::TargetFramework=net8.0]
C:\Projects\Hazina\src\Core\AI\Hazina.AI.RAG\Embeddings\LLMMetadataExtractor.cs(148,24): warning MA0004: Use Task.ConfigureAwait(false) if the current SynchronizationContext is not needed (https://github.com/meziantou/Meziantou.Analyzer/blob/main/docs/Rules/MA0004.md) [C:\Projects\Hazina\src\Core\AI\Hazina.AI.RAG\Hazina.AI.RAG.csproj::TargetFramework=net8.0]
C:\Projects\Hazina\src\Core\AI\Hazina.AI.RAG\Embeddings\LLMMetadataExtractor.cs(154,20): warning MA0004: Use Task.ConfigureAwait(false) if the current SynchronizationContext is not needed (https://github.com/meziantou/Meziantou.Analyzer/blob/main/docs/Rules/MA0004.md) [C:\Projects\Hazina\src\Core\AI\Hazina.AI.RAG\Hazina.AI.RAG.csproj::TargetFramework=net8.0]
C:\Projects\Hazina\src\Core\AI\Hazina.AI.RAG\Embeddings\BasicMetadataExtractor.cs(138,32): warning SA1629: Documentation text should end with a period (https://github.com/DotNetAnalyzers/StyleCopAnalyzers/blob/master/documentation/SA1629.md) [C:\Projects\Hazina\src\Core\AI\Hazina.AI.RAG\Hazina.AI.RAG.csproj::TargetFramework=net8.0]
C:\Projects\Hazina\src\Core\AI\Hazina.AI.RAG\Embeddings\SemanticSimilarityChunker.cs(145,41): warning MA0051: Method is too long (75 lines; maximum allowed: 60) (https://github.com/meziantou/Meziantou.Analyzer/blob/main/docs/Rules/MA0051.md) [C:\Projects\Hazina\src\Core\AI\Hazina.AI.RAG\Hazina.AI.RAG.csproj::TargetFramework=net8.0]
C:\Projects\Hazina\src\Core\AI\Hazina.AI.RAG\Utilities\SentenceSplitter.cs(231,56): warning SA1629: Documentation text should end with a period (https://github.com/DotNetAnalyzers/StyleCopAnalyzers/blob/master/documentation/SA1629.md) [C:\Projects\Hazina\src\Core\AI\Hazina.AI.RAG\Hazina.AI.RAG.csproj::TargetFramework=net8.0]
C:\Projects\Hazina\src\Core\AI\Hazina.AI.RAG\Graph\Pipeline\LLMEntityExtractor.cs(139,58): warning MA0002: Use an overload that has a IEqualityComparer<string> or IComparer<string> parameter (https://github.com/meziantou/Meziantou.Analyzer/blob/main/docs/Rules/MA0002.md) [C:\Projects\Hazina\src\Core\AI\Hazina.AI.RAG\Hazina.AI.RAG.csproj::TargetFramework=net8.0]
C:\Projects\Hazina\src\Core\AI\Hazina.AI.RAG\Graph\Pipeline\LLMEntityExtractor.cs(93,17): warning MA0074: Use an overload of 'StartsWith' that has a StringComparison parameter (https://github.com/meziantou/Meziantou.Analyzer/blob/main/docs/Rules/MA0074.md) [C:\Projects\Hazina\src\Core\AI\Hazina.AI.RAG\Hazina.AI.RAG.csproj::TargetFramework=net8.0]
C:\Projects\Hazina\src\Core\AI\Hazina.AI.RAG\Graph\Pipeline\LLMEntityExtractor.cs(97,17): warning MA0074: Use an overload of 'StartsWith' that has a StringComparison parameter (https://github.com/meziantou/Meziantou.Analyzer/blob/main/docs/Rules/MA0074.md) [C:\Projects\Hazina\src\Core\AI\Hazina.AI.RAG\Hazina.AI.RAG.csproj::TargetFramework=net8.0]
C:\Projects\Hazina\src\Core\AI\Hazina.AI.RAG\Graph\Pipeline\LLMEntityExtractor.cs(101,17): warning MA0074: Use an overload of 'EndsWith' that has a StringComparison parameter (https://github.com/meziantou/Meziantou.Analyzer/blob/main/docs/Rules/MA0074.md) [C:\Projects\Hazina\src\Core\AI\Hazina.AI.RAG\Hazina.AI.RAG.csproj::TargetFramework=net8.0]
C:\Projects\Hazina\src\Core\AI\Hazina.AI.RAG\Embeddings\BasicMetadataExtractor.cs(75,38): warning CA1062: In externally visible method 'List<string> BasicMetadataExtractor.ExtractKeywordsTFIDF(string text, int topK = 5)', validate parameter 'text' is non-null before using it. If appropriate, throw an 'ArgumentNullException' when the argument is 'null'. (https://learn.microsoft.com/dotnet/fundamentals/code-analysis/quality-rules/ca1062) [C:\Projects\Hazina\src\Core\AI\Hazina.AI.RAG\Hazina.AI.RAG.csproj::TargetFramework=net8.0]
C:\Projects\Hazina\src\Core\AI\Hazina.AI.RAG\Embeddings\LLMMetadataExtractor.cs(151,9): warning CA1031: Modify 'ProcessBatchAsync' to catch a more specific allowed exception type, or rethrow the exception (https://learn.microsoft.com/dotnet/fundamentals/code-analysis/quality-rules/ca1031) [C:\Projects\Hazina\src\Core\AI\Hazina.AI.RAG\Hazina.AI.RAG.csproj::TargetFramework=net8.0]
C:\Projects\Hazina\src\Core\AI\Hazina.AI.RAG\Embeddings\HierarchicalChunkerExtensions.cs(109,13): warning S3458: Remove this empty 'case' clause. (https://rules.sonarsource.com/csharp/RSPEC-3458) [C:\Projects\Hazina\src\Core\AI\Hazina.AI.RAG\Hazina.AI.RAG.csproj::TargetFramework=net8.0]
C:\Projects\Hazina\src\Core\AI\Hazina.AI.RAG\Embeddings\HierarchicalChunker.cs(35,27): warning CA1062: In externally visible method 'Task<List<TextChunk>> HierarchicalChunker.ChunkAsync(string text, SemanticChunkingOptions options, CancellationToken ct = default(CancellationToken))', validate parameter 'options' is non-null before using it. If appropriate, throw an 'ArgumentNullException' when the argument is 'null'. (https://learn.microsoft.com/dotnet/fundamentals/code-analysis/quality-rules/ca1062) [C:\Projects\Hazina\src\Core\AI\Hazina.AI.RAG\Hazina.AI.RAG.csproj::TargetFramework=net8.0]
C:\Projects\Hazina\src\Core\AI\Hazina.AI.RAG\Embeddings\ContentTypeDetector.cs(117,28): warning S1905: Remove this unnecessary cast to 'int'. (https://rules.sonarsource.com/csharp/RSPEC-1905) [C:\Projects\Hazina\src\Core\AI\Hazina.AI.RAG\Hazina.AI.RAG.csproj::TargetFramework=net8.0]
C:\Projects\Hazina\src\Core\AI\Hazina.AI.RAG\Utilities\SentenceSplitter.cs(171,52): warning SA1629: Documentation text should end with a period (https://github.com/DotNetAnalyzers/StyleCopAnalyzers/blob/master/documentation/SA1629.md) [C:\Projects\Hazina\src\Core\AI\Hazina.AI.RAG\Hazina.AI.RAG.csproj::TargetFramework=net8.0]
C:\Projects\Hazina\src\Core\AI\Hazina.AI.RAG\Retrieval\LlmJudgeReranker.cs(82,13): warning SA1111: Closing parenthesis should be on line of last parameter (https://github.com/DotNetAnalyzers/StyleCopAnalyzers/blob/master/documentation/SA1111.md) [C:\Projects\Hazina\src\Core\AI\Hazina.AI.RAG\Hazina.AI.RAG.csproj::TargetFramework=net8.0]
C:\Projects\Hazina\src\Core\AI\Hazina.AI.RAG\Embeddings\ContentTypeDetector.cs(105,35): warning SA1629: Documentation text should end with a period (https://github.com/DotNetAnalyzers/StyleCopAnalyzers/blob/master/documentation/SA1629.md) [C:\Projects\Hazina\src\Core\AI\Hazina.AI.RAG\Hazina.AI.RAG.csproj::TargetFramework=net8.0]
C:\Projects\Hazina\src\Core\AI\Hazina.AI.RAG\Configuration\SemanticChunkingConfiguration.cs(15,43): warning MA0051: Method is too long (89 lines; maximum allowed: 60) (https://github.com/meziantou/Meziantou.Analyzer/blob/main/docs/Rules/MA0051.md) [C:\Projects\Hazina\src\Core\AI\Hazina.AI.RAG\Hazina.AI.RAG.csproj::TargetFramework=net8.0]
C:\Projects\Hazina\src\Core\AI\Hazina.AI.RAG\Embeddings\ContentTypeDetector.cs(112,27): warning CA1875: Use 'Regex.Count' instead of 'Regex.Matches(...).Count' (https://learn.microsoft.com/dotnet/fundamentals/code-analysis/quality-rules/ca1875) [C:\Projects\Hazina\src\Core\AI\Hazina.AI.RAG\Hazina.AI.RAG.csproj::TargetFramework=net8.0]
C:\Projects\Hazina\src\Core\AI\Hazina.AI.RAG\Embeddings\ContentTypeDetector.cs(116,30): warning CA1875: Use 'Regex.Count' instead of 'Regex.Matches(...).Count' (https://learn.microsoft.com/dotnet/fundamentals/code-analysis/quality-rules/ca1875) [C:\Projects\Hazina\src\Core\AI\Hazina.AI.RAG\Hazina.AI.RAG.csproj::TargetFramework=net8.0]
C:\Projects\Hazina\src\Core\AI\Hazina.AI.RAG\Embeddings\ContentTypeDetector.cs(120,25): warning CA1875: Use 'Regex.Count' instead of 'Regex.Matches(...).Count' (https://learn.microsoft.com/dotnet/fundamentals/code-analysis/quality-rules/ca1875) [C:\Projects\Hazina\src\Core\AI\Hazina.AI.RAG\Hazina.AI.RAG.csproj::TargetFramework=net8.0]
C:\Projects\Hazina\src\Core\AI\Hazina.AI.RAG\Embeddings\ContentTypeDetector.cs(124,25): warning CA1875: Use 'Regex.Count' instead of 'Regex.Matches(...).Count' (https://learn.microsoft.com/dotnet/fundamentals/code-analysis/quality-rules/ca1875) [C:\Projects\Hazina\src\Core\AI\Hazina.AI.RAG\Hazina.AI.RAG.csproj::TargetFramework=net8.0]
C:\Projects\Hazina\src\Core\AI\Hazina.AI.RAG\Embeddings\ContentTypeDetector.cs(112,27): warning MA0009: Regular expressions should not be vulnerable to Denial of Service attacks (https://github.com/meziantou/Meziantou.Analyzer/blob/main/docs/Rules/MA0009.md) [C:\Projects\Hazina\src\Core\AI\Hazina.AI.RAG\Hazina.AI.RAG.csproj::TargetFramework=net8.0]
C:\Projects\Hazina\src\Core\AI\Hazina.AI.RAG\Embeddings\ContentTypeDetector.cs(116,30): warning MA0009: Regular expressions should not be vulnerable to Denial of Service attacks (https://github.com/meziantou/Meziantou.Analyzer/blob/main/docs/Rules/MA0009.md) [C:\Projects\Hazina\src\Core\AI\Hazina.AI.RAG\Hazina.AI.RAG.csproj::TargetFramework=net8.0]
C:\Projects\Hazina\src\Core\AI\Hazina.AI.RAG\Embeddings\ContentTypeDetector.cs(120,25): warning MA0009: Regular expressions should not be vulnerable to Denial of Service attacks (https://github.com/meziantou/Meziantou.Analyzer/blob/main/docs/Rules/MA0009.md) [C:\Projects\Hazina\src\Core\AI\Hazina.AI.RAG\Hazina.AI.RAG.csproj::TargetFramework=net8.0]
C:\Projects\Hazina\src\Core\AI\Hazina.AI.RAG\Embeddings\ContentTypeDetector.cs(124,25): warning MA0009: Regular expressions should not be vulnerable to Denial of Service attacks (https://github.com/meziantou/Meziantou.Analyzer/blob/main/docs/Rules/MA0009.md) [C:\Projects\Hazina\src\Core\AI\Hazina.AI.RAG\Hazina.AI.RAG.csproj::TargetFramework=net8.0]
C:\Projects\Hazina\src\Core\AI\Hazina.AI.RAG\Retrieval\LlmJudgeReranker.cs(76,28): warning MA0004: Use Task.ConfigureAwait(false) if the current SynchronizationContext is not needed (https://github.com/meziantou/Meziantou.Analyzer/blob/main/docs/Rules/MA0004.md) [C:\Projects\Hazina\src\Core\AI\Hazina.AI.RAG\Hazina.AI.RAG.csproj::TargetFramework=net8.0]
C:\Projects\Hazina\src\Core\AI\Hazina.AI.RAG\Retrieval\LlmJudgeReranker.cs(86,17): warning MA0011: Use an overload of 'TryParse' that has a 'System.IFormatProvider' parameter (https://github.com/meziantou/Meziantou.Analyzer/blob/main/docs/Rules/MA0011.md) [C:\Projects\Hazina\src\Core\AI\Hazina.AI.RAG\Hazina.AI.RAG.csproj::TargetFramework=net8.0]
C:\Projects\Hazina\src\Core\AI\Hazina.AI.RAG\Retrieval\LlmJudgeReranker.cs(91,17): warning MA0011: Use an overload of 'TryParse' that has a 'System.IFormatProvider' parameter (https://github.com/meziantou/Meziantou.Analyzer/blob/main/docs/Rules/MA0011.md) [C:\Projects\Hazina\src\Core\AI\Hazina.AI.RAG\Hazina.AI.RAG.csproj::TargetFramework=net8.0]
C:\Projects\Hazina\src\Core\AI\Hazina.AI.RAG\Retrieval\LlmJudgeReranker.cs(96,9): warning CA1031: Modify 'ScoreRelevanceAsync' to catch a more specific allowed exception type, or rethrow the exception (https://learn.microsoft.com/dotnet/fundamentals/code-analysis/quality-rules/ca1031) [C:\Projects\Hazina\src\Core\AI\Hazina.AI.RAG\Hazina.AI.RAG.csproj::TargetFramework=net8.0]
C:\Projects\Hazina\src\Core\AI\Hazina.AI.RAG\Core\RAGEngine.cs(211,20): warning S2325: Make 'CalculateKeywordRelevance' a static method. (https://rules.sonarsource.com/csharp/RSPEC-2325) [C:\Projects\Hazina\src\Core\AI\Hazina.AI.RAG\Hazina.AI.RAG.csproj::TargetFramework=net8.0]
C:\Projects\Hazina\src\Core\AI\Hazina.AI.RAG\Embeddings\HierarchicalChunker.cs(98,13): warning S1854: Remove this useless assignment to local variable 'sections'. (https://rules.sonarsource.com/csharp/RSPEC-1854) [C:\Projects\Hazina\src\Core\AI\Hazina.AI.RAG\Hazina.AI.RAG.csproj::TargetFramework=net8.0]
C:\Projects\Hazina\src\Core\AI\Hazina.AI.RAG\Configuration\SemanticChunkingConfiguration.cs(13,59): warning SA1629: Documentation text should end with a period (https://github.com/DotNetAnalyzers/StyleCopAnalyzers/blob/master/documentation/SA1629.md) [C:\Projects\Hazina\src\Core\AI\Hazina.AI.RAG\Hazina.AI.RAG.csproj::TargetFramework=net8.0]
C:\Projects\Hazina\src\Core\AI\Hazina.AI.RAG\Embeddings\SemanticSimilarityChunker.cs(143,70): warning SA1629: Documentation text should end with a period (https://github.com/DotNetAnalyzers/StyleCopAnalyzers/blob/master/documentation/SA1629.md) [C:\Projects\Hazina\src\Core\AI\Hazina.AI.RAG\Hazina.AI.RAG.csproj::TargetFramework=net8.0]
C:\Projects\Hazina\src\Core\AI\Hazina.AI.RAG\Embeddings\SemanticSimilarityChunker.cs(211,21): warning SA1111: Closing parenthesis should be on line of last parameter (https://github.com/DotNetAnalyzers/StyleCopAnalyzers/blob/master/documentation/SA1111.md) [C:\Projects\Hazina\src\Core\AI\Hazina.AI.RAG\Hazina.AI.RAG.csproj::TargetFramework=net8.0]
C:\Projects\Hazina\src\Core\AI\Hazina.AI.RAG\Embeddings\TextChunker.cs(166,54): warning CA1861: Prefer 'static readonly' fields over constant array arguments if the called method is called repeatedly and is not mutating the passed array (https://learn.microsoft.com/dotnet/fundamentals/code-analysis/quality-rules/ca1861) [C:\Projects\Hazina\src\Core\AI\Hazina.AI.RAG\Hazina.AI.RAG.csproj::TargetFramework=net8.0]
C:\Projects\Hazina\src\Core\AI\Hazina.AI.RAG\Retrieval\LlmJudgeReranker.cs(106,16): warning CA1307: 'string.Replace(string, string?)' has a method overload that takes a 'StringComparison' parameter. Replace this call in 'Hazina.AI.RAG.Retrieval.LlmJudgeReranker.BuildScoringPrompt(string, string)' with a call to 'string.Replace(string, string?, System.StringComparison)' for clarity of intent. (https://learn.microsoft.com/dotnet/fundamentals/code-analysis/quality-rules/ca1307) [C:\Projects\Hazina\src\Core\AI\Hazina.AI.RAG\Hazina.AI.RAG.csproj::TargetFramework=net8.0]
C:\Projects\Hazina\src\Core\AI\Hazina.AI.RAG\Retrieval\LlmJudgeReranker.cs(106,16): warning CA1307: 'string.Replace(string, string?)' has a method overload that takes a 'StringComparison' parameter. Replace this call in 'Hazina.AI.RAG.Retrieval.LlmJudgeReranker.BuildScoringPrompt(string, string)' with a call to 'string.Replace(string, string?, System.StringComparison)' for clarity of intent. (https://learn.microsoft.com/dotnet/fundamentals/code-analysis/quality-rules/ca1307) [C:\Projects\Hazina\src\Core\AI\Hazina.AI.RAG\Hazina.AI.RAG.csproj::TargetFramework=net8.0]
C:\Projects\Hazina\src\Core\AI\Hazina.AI.RAG\Core\RAGEngine.cs(217,62): warning SA1122: Use string.Empty for empty strings (https://github.com/DotNetAnalyzers/StyleCopAnalyzers/blob/master/documentation/SA1122.md) [C:\Projects\Hazina\src\Core\AI\Hazina.AI.RAG\Hazina.AI.RAG.csproj::TargetFramework=net8.0]
C:\Projects\Hazina\src\Core\AI\Hazina.AI.RAG\Embeddings\SemanticSimilarityChunker.cs(173,25): warning CA1873: Evaluation of this argument may be expensive and unnecessary if logging is disabled (https://learn.microsoft.com/dotnet/fundamentals/code-analysis/quality-rules/ca1873) [C:\Projects\Hazina\src\Core\AI\Hazina.AI.RAG\Hazina.AI.RAG.csproj::TargetFramework=net8.0]
C:\Projects\Hazina\src\Core\AI\Hazina.AI.RAG\Embeddings\ContentTypeDetector.cs(149,22): warning S6610: "StartsWith" overloads that take a "char" should be used (https://rules.sonarsource.com/csharp/RSPEC-6610) [C:\Projects\Hazina\src\Core\AI\Hazina.AI.RAG\Hazina.AI.RAG.csproj::TargetFramework=net8.0]
C:\Projects\Hazina\src\Core\AI\Hazina.AI.RAG\Embeddings\SemanticSimilarityChunker.cs(189,25): warning CA1873: Evaluation of this argument may be expensive and unnecessary if logging is disabled (https://learn.microsoft.com/dotnet/fundamentals/code-analysis/quality-rules/ca1873) [C:\Projects\Hazina\src\Core\AI\Hazina.AI.RAG\Hazina.AI.RAG.csproj::TargetFramework=net8.0]
C:\Projects\Hazina\src\Core\AI\Hazina.AI.RAG\Embeddings\ContentTypeDetector.cs(149,49): warning S6610: "EndsWith" overloads that take a "char" should be used (https://rules.sonarsource.com/csharp/RSPEC-6610) [C:\Projects\Hazina\src\Core\AI\Hazina.AI.RAG\Hazina.AI.RAG.csproj::TargetFramework=net8.0]
C:\Projects\Hazina\src\Core\AI\Hazina.AI.RAG\Embeddings\ContentTypeDetector.cs(150,22): warning S6610: "StartsWith" overloads that take a "char" should be used (https://rules.sonarsource.com/csharp/RSPEC-6610) [C:\Projects\Hazina\src\Core\AI\Hazina.AI.RAG\Hazina.AI.RAG.csproj::TargetFramework=net8.0]
C:\Projects\Hazina\src\Core\AI\Hazina.AI.RAG\Embeddings\ContentTypeDetector.cs(150,49): warning S6610: "EndsWith" overloads that take a "char" should be used (https://rules.sonarsource.com/csharp/RSPEC-6610) [C:\Projects\Hazina\src\Core\AI\Hazina.AI.RAG\Hazina.AI.RAG.csproj::TargetFramework=net8.0]
C:\Projects\Hazina\src\Core\AI\Hazina.AI.RAG\Embeddings\SemanticSimilarityChunker.cs(194,21): warning CA1873: Evaluation of this argument may be expensive and unnecessary if logging is disabled (https://learn.microsoft.com/dotnet/fundamentals/code-analysis/quality-rules/ca1873) [C:\Projects\Hazina\src\Core\AI\Hazina.AI.RAG\Hazina.AI.RAG.csproj::TargetFramework=net8.0]
C:\Projects\Hazina\src\Core\AI\Hazina.AI.RAG\Embeddings\TextChunker.cs(181,47): warning MA0002: Use an overload that has a IEqualityComparer<string> or IComparer<string> parameter (https://github.com/meziantou/Meziantou.Analyzer/blob/main/docs/Rules/MA0002.md) [C:\Projects\Hazina\src\Core\AI\Hazina.AI.RAG\Hazina.AI.RAG.csproj::TargetFramework=net8.0]
C:\Projects\Hazina\src\Core\AI\Hazina.AI.RAG\Embeddings\TextChunker.cs(181,90): warning MA0002: Use an overload that has a IEqualityComparer<string> or IComparer<string> parameter (https://github.com/meziantou/Meziantou.Analyzer/blob/main/docs/Rules/MA0002.md) [C:\Projects\Hazina\src\Core\AI\Hazina.AI.RAG\Hazina.AI.RAG.csproj::TargetFramework=net8.0]
C:\Projects\Hazina\src\Core\AI\Hazina.AI.RAG\Embeddings\SemanticSimilarityChunker.cs(173,25): warning CA1848: For improved performance, use the LoggerMessage delegates instead of calling 'LoggerExtensions.LogDebug(ILogger, string?, params object?[])' (https://learn.microsoft.com/dotnet/fundamentals/code-analysis/quality-rules/ca1848) [C:\Projects\Hazina\src\Core\AI\Hazina.AI.RAG\Hazina.AI.RAG.csproj::TargetFramework=net8.0]
C:\Projects\Hazina\src\Core\AI\Hazina.AI.RAG\Embeddings\SemanticSimilarityChunker.cs(189,25): warning CA1848: For improved performance, use the LoggerMessage delegates instead of calling 'LoggerExtensions.LogDebug(ILogger, string?, params object?[])' (https://learn.microsoft.com/dotnet/fundamentals/code-analysis/quality-rules/ca1848) [C:\Projects\Hazina\src\Core\AI\Hazina.AI.RAG\Hazina.AI.RAG.csproj::TargetFramework=net8.0]
C:\Projects\Hazina\src\Core\AI\Hazina.AI.RAG\Embeddings\SemanticSimilarityChunker.cs(194,21): warning CA1848: For improved performance, use the LoggerMessage delegates instead of calling 'LoggerExtensions.LogDebug(ILogger, string?, params object?[])' (https://learn.microsoft.com/dotnet/fundamentals/code-analysis/quality-rules/ca1848) [C:\Projects\Hazina\src\Core\AI\Hazina.AI.RAG\Hazina.AI.RAG.csproj::TargetFramework=net8.0]
C:\Projects\Hazina\src\Core\AI\Hazina.AI.RAG\Embeddings\SemanticSimilarityChunker.cs(200,21): warning CA1848: For improved performance, use the LoggerMessage delegates instead of calling 'LoggerExtensions.LogError(ILogger, Exception?, string?, params object?[])' (https://learn.microsoft.com/dotnet/fundamentals/code-analysis/quality-rules/ca1848) [C:\Projects\Hazina\src\Core\AI\Hazina.AI.RAG\Hazina.AI.RAG.csproj::TargetFramework=net8.0]
C:\Projects\Hazina\src\Core\AI\Hazina.AI.RAG\Embeddings\SemanticSimilarityChunker.cs(216,29): warning CA1848: For improved performance, use the LoggerMessage delegates instead of calling 'LoggerExtensions.LogWarning(ILogger, Exception?, string?, params object?[])' (https://learn.microsoft.com/dotnet/fundamentals/code-analysis/quality-rules/ca1848) [C:\Projects\Hazina\src\Core\AI\Hazina.AI.RAG\Hazina.AI.RAG.csproj::TargetFramework=net8.0]
C:\Projects\Hazina\src\Core\AI\Hazina.AI.RAG\Embeddings\ContentTypeDetector.cs(141,31): warning SA1629: Documentation text should end with a period (https://github.com/DotNetAnalyzers/StyleCopAnalyzers/blob/master/documentation/SA1629.md) [C:\Projects\Hazina\src\Core\AI\Hazina.AI.RAG\Hazina.AI.RAG.csproj::TargetFramework=net8.0]
C:\Projects\Hazina\src\Core\AI\Hazina.AI.RAG\Embeddings\ContentTypeDetector.cs(149,32): warning CA1866: Use 'string.StartsWith(char)' instead of 'string.StartsWith(string)' when you have a string with a single char (https://learn.microsoft.com/dotnet/fundamentals/code-analysis/quality-rules/ca1866) [C:\Projects\Hazina\src\Core\AI\Hazina.AI.RAG\Hazina.AI.RAG.csproj::TargetFramework=net8.0]
C:\Projects\Hazina\src\Core\AI\Hazina.AI.RAG\Embeddings\ContentTypeDetector.cs(149,57): warning CA1866: Use 'string.EndsWith(char)' instead of 'string.EndsWith(string)' when you have a string with a single char (https://learn.microsoft.com/dotnet/fundamentals/code-analysis/quality-rules/ca1866) [C:\Projects\Hazina\src\Core\AI\Hazina.AI.RAG\Hazina.AI.RAG.csproj::TargetFramework=net8.0]
C:\Projects\Hazina\src\Core\AI\Hazina.AI.RAG\Embeddings\ContentTypeDetector.cs(150,32): warning CA1866: Use 'string.StartsWith(char)' instead of 'string.StartsWith(string)' when you have a string with a single char (https://learn.microsoft.com/dotnet/fundamentals/code-analysis/quality-rules/ca1866) [C:\Projects\Hazina\src\Core\AI\Hazina.AI.RAG\Hazina.AI.RAG.csproj::TargetFramework=net8.0]
C:\Projects\Hazina\src\Core\AI\Hazina.AI.RAG\Embeddings\ContentTypeDetector.cs(150,57): warning CA1866: Use 'string.EndsWith(char)' instead of 'string.EndsWith(string)' when you have a string with a single char (https://learn.microsoft.com/dotnet/fundamentals/code-analysis/quality-rules/ca1866) [C:\Projects\Hazina\src\Core\AI\Hazina.AI.RAG\Hazina.AI.RAG.csproj::TargetFramework=net8.0]
C:\Projects\Hazina\src\Core\AI\Hazina.AI.RAG\Graph\Storage\SQLiteGraphStore.cs(146,37): warning S6966: Await BeginTransactionAsync instead. (https://rules.sonarsource.com/csharp/RSPEC-6966) [C:\Projects\Hazina\src\Core\AI\Hazina.AI.RAG\Hazina.AI.RAG.csproj::TargetFramework=net8.0]
C:\Projects\Hazina\src\Core\AI\Hazina.AI.RAG\Core\RAGEngine.cs(218,26): warning CA1875: Use 'Regex.Count' instead of 'Regex.Matches(...).Count' (https://learn.microsoft.com/dotnet/fundamentals/code-analysis/quality-rules/ca1875) [C:\Projects\Hazina\src\Core\AI\Hazina.AI.RAG\Hazina.AI.RAG.csproj::TargetFramework=net8.0]
C:\Projects\Hazina\src\Core\AI\Hazina.AI.RAG\Core\RAGEngine.cs(218,26): warning MA0009: Regular expressions should not be vulnerable to Denial of Service attacks (https://github.com/meziantou/Meziantou.Analyzer/blob/main/docs/Rules/MA0009.md) [C:\Projects\Hazina\src\Core\AI\Hazina.AI.RAG\Hazina.AI.RAG.csproj::TargetFramework=net8.0]
C:\Projects\Hazina\src\Core\AI\Hazina.AI.RAG\Embeddings\ContentTypeDetector.cs(149,14): warning CA1310: The behavior of 'string.StartsWith(string)' could vary based on the current user's locale settings. Replace this call in 'Hazina.AI.RAG.Embeddings.ContentTypeDetector.GetJsonScore(string)' with a call to 'string.StartsWith(string, System.StringComparison)'. (https://learn.microsoft.com/dotnet/fundamentals/code-analysis/quality-rules/ca1310) [C:\Projects\Hazina\src\Core\AI\Hazina.AI.RAG\Hazina.AI.RAG.csproj::TargetFramework=net8.0]
C:\Projects\Hazina\src\Core\AI\Hazina.AI.RAG\Embeddings\ContentTypeDetector.cs(149,41): warning CA1310: The behavior of 'string.EndsWith(string)' could vary based on the current user's locale settings. Replace this call in 'Hazina.AI.RAG.Embeddings.ContentTypeDetector.GetJsonScore(string)' with a call to 'string.EndsWith(string, System.StringComparison)'. (https://learn.microsoft.com/dotnet/fundamentals/code-analysis/quality-rules/ca1310) [C:\Projects\Hazina\src\Core\AI\Hazina.AI.RAG\Hazina.AI.RAG.csproj::TargetFramework=net8.0]
C:\Projects\Hazina\src\Core\AI\Hazina.AI.RAG\Embeddings\ContentTypeDetector.cs(150,14): warning CA1310: The behavior of 'string.StartsWith(string)' could vary based on the current user's locale settings. Replace this call in 'Hazina.AI.RAG.Embeddings.ContentTypeDetector.GetJsonScore(string)' with a call to 'string.StartsWith(string, System.StringComparison)'. (https://learn.microsoft.com/dotnet/fundamentals/code-analysis/quality-rules/ca1310) [C:\Projects\Hazina\src\Core\AI\Hazina.AI.RAG\Hazina.AI.RAG.csproj::TargetFramework=net8.0]
C:\Projects\Hazina\src\Core\AI\Hazina.AI.RAG\Embeddings\ContentTypeDetector.cs(150,41): warning CA1310: The behavior of 'string.EndsWith(string)' could vary based on the current user's locale settings. Replace this call in 'Hazina.AI.RAG.Embeddings.ContentTypeDetector.GetJsonScore(string)' with a call to 'string.EndsWith(string, System.StringComparison)'. (https://learn.microsoft.com/dotnet/fundamentals/code-analysis/quality-rules/ca1310) [C:\Projects\Hazina\src\Core\AI\Hazina.AI.RAG\Hazina.AI.RAG.csproj::TargetFramework=net8.0]
C:\Projects\Hazina\src\Core\AI\Hazina.AI.RAG\Embeddings\ContentTypeDetector.cs(156,29): warning CA1875: Use 'Regex.Count' instead of 'Regex.Matches(...).Count' (https://learn.microsoft.com/dotnet/fundamentals/code-analysis/quality-rules/ca1875) [C:\Projects\Hazina\src\Core\AI\Hazina.AI.RAG\Hazina.AI.RAG.csproj::TargetFramework=net8.0]
C:\Projects\Hazina\src\Core\AI\Hazina.AI.RAG\Embeddings\ContentTypeDetector.cs(156,29): warning MA0009: Regular expressions should not be vulnerable to Denial of Service attacks (https://github.com/meziantou/Meziantou.Analyzer/blob/main/docs/Rules/MA0009.md) [C:\Projects\Hazina\src\Core\AI\Hazina.AI.RAG\Hazina.AI.RAG.csproj::TargetFramework=net8.0]
C:\Projects\Hazina\src\Core\AI\Hazina.AI.RAG\Embeddings\SemanticSimilarityChunker.cs(175,37): warning MA0004: Use Task.ConfigureAwait(false) if the current SynchronizationContext is not needed (https://github.com/meziantou/Meziantou.Analyzer/blob/main/docs/Rules/MA0004.md) [C:\Projects\Hazina\src\Core\AI\Hazina.AI.RAG\Hazina.AI.RAG.csproj::TargetFramework=net8.0]
C:\Projects\Hazina\src\Core\AI\Hazina.AI.RAG\Embeddings\LLMMetadataExtractor.cs(167,31): warning S3267: Loop should be simplified by calling Select(chunk => chunk.Text)) (https://rules.sonarsource.com/csharp/RSPEC-3267) [C:\Projects\Hazina\src\Core\AI\Hazina.AI.RAG\Hazina.AI.RAG.csproj::TargetFramework=net8.0]
C:\Projects\Hazina\src\Core\AI\Hazina.AI.RAG\Embeddings\SemanticSimilarityChunker.cs(208,37): warning MA0004: Use Task.ConfigureAwait(false) if the current SynchronizationContext is not needed (https://github.com/meziantou/Meziantou.Analyzer/blob/main/docs/Rules/MA0004.md) [C:\Projects\Hazina\src\Core\AI\Hazina.AI.RAG\Hazina.AI.RAG.csproj::TargetFramework=net8.0]
C:\Projects\Hazina\src\Core\AI\Hazina.AI.RAG\Embeddings\SemanticSimilarityChunker.cs(210,36): warning MA0004: Use Task.ConfigureAwait(false) if the current SynchronizationContext is not needed (https://github.com/meziantou/Meziantou.Analyzer/blob/main/docs/Rules/MA0004.md) [C:\Projects\Hazina\src\Core\AI\Hazina.AI.RAG\Hazina.AI.RAG.csproj::TargetFramework=net8.0]
C:\Projects\Hazina\src\Core\AI\Hazina.AI.RAG\Embeddings\ContentTypeDetector.cs(136,25): warning S6610: "StartsWith" overloads that take a "char" should be used (https://rules.sonarsource.com/csharp/RSPEC-6610) [C:\Projects\Hazina\src\Core\AI\Hazina.AI.RAG\Hazina.AI.RAG.csproj::TargetFramework=net8.0]
C:\Projects\Hazina\src\Core\AI\Hazina.AI.RAG\Embeddings\ContentTypeDetector.cs(136,52): warning S6610: "EndsWith" overloads that take a "char" should be used (https://rules.sonarsource.com/csharp/RSPEC-6610) [C:\Projects\Hazina\src\Core\AI\Hazina.AI.RAG\Hazina.AI.RAG.csproj::TargetFramework=net8.0]
C:\Projects\Hazina\src\Core\AI\Hazina.AI.RAG\Embeddings\ContentTypeDetector.cs(137,25): warning S6610: "StartsWith" overloads that take a "char" should be used (https://rules.sonarsource.com/csharp/RSPEC-6610) [C:\Projects\Hazina\src\Core\AI\Hazina.AI.RAG\Hazina.AI.RAG.csproj::TargetFramework=net8.0]
C:\Projects\Hazina\src\Core\AI\Hazina.AI.RAG\Embeddings\ContentTypeDetector.cs(137,52): warning S6610: "EndsWith" overloads that take a "char" should be used (https://rules.sonarsource.com/csharp/RSPEC-6610) [C:\Projects\Hazina\src\Core\AI\Hazina.AI.RAG\Hazina.AI.RAG.csproj::TargetFramework=net8.0]
C:\Projects\Hazina\src\Core\AI\Hazina.AI.RAG\Embeddings\ContentTypeDetector.cs(131,45): warning SA1629: Documentation text should end with a period (https://github.com/DotNetAnalyzers/StyleCopAnalyzers/blob/master/documentation/SA1629.md) [C:\Projects\Hazina\src\Core\AI\Hazina.AI.RAG\Hazina.AI.RAG.csproj::TargetFramework=net8.0]
C:\Projects\Hazina\src\Core\AI\Hazina.AI.RAG\Embeddings\ContentTypeDetector.cs(136,35): warning CA1866: Use 'string.StartsWith(char)' instead of 'string.StartsWith(string)' when you have a string with a single char (https://learn.microsoft.com/dotnet/fundamentals/code-analysis/quality-rules/ca1866) [C:\Projects\Hazina\src\Core\AI\Hazina.AI.RAG\Hazina.AI.RAG.csproj::TargetFramework=net8.0]
C:\Projects\Hazina\src\Core\AI\Hazina.AI.RAG\Embeddings\ContentTypeDetector.cs(136,60): warning CA1866: Use 'string.EndsWith(char)' instead of 'string.EndsWith(string)' when you have a string with a single char (https://learn.microsoft.com/dotnet/fundamentals/code-analysis/quality-rules/ca1866) [C:\Projects\Hazina\src\Core\AI\Hazina.AI.RAG\Hazina.AI.RAG.csproj::TargetFramework=net8.0]
C:\Projects\Hazina\src\Core\AI\Hazina.AI.RAG\Embeddings\ContentTypeDetector.cs(137,35): warning CA1866: Use 'string.StartsWith(char)' instead of 'string.StartsWith(string)' when you have a string with a single char (https://learn.microsoft.com/dotnet/fundamentals/code-analysis/quality-rules/ca1866) [C:\Projects\Hazina\src\Core\AI\Hazina.AI.RAG\Hazina.AI.RAG.csproj::TargetFramework=net8.0]
C:\Projects\Hazina\src\Core\AI\Hazina.AI.RAG\Embeddings\ContentTypeDetector.cs(137,60): warning CA1866: Use 'string.EndsWith(char)' instead of 'string.EndsWith(string)' when you have a string with a single char (https://learn.microsoft.com/dotnet/fundamentals/code-analysis/quality-rules/ca1866) [C:\Projects\Hazina\src\Core\AI\Hazina.AI.RAG\Hazina.AI.RAG.csproj::TargetFramework=net8.0]
C:\Projects\Hazina\src\Core\AI\Hazina.AI.RAG\Embeddings\ContentTypeDetector.cs(136,17): warning CA1310: The behavior of 'string.StartsWith(string)' could vary based on the current user's locale settings. Replace this call in 'Hazina.AI.RAG.Embeddings.ContentTypeDetector.HasJsonPatterns(string)' with a call to 'string.StartsWith(string, System.StringComparison)'. (https://learn.microsoft.com/dotnet/fundamentals/code-analysis/quality-rules/ca1310) [C:\Projects\Hazina\src\Core\AI\Hazina.AI.RAG\Hazina.AI.RAG.csproj::TargetFramework=net8.0]
C:\Projects\Hazina\src\Core\AI\Hazina.AI.RAG\Embeddings\ContentTypeDetector.cs(136,44): warning CA1310: The behavior of 'string.EndsWith(string)' could vary based on the current user's locale settings. Replace this call in 'Hazina.AI.RAG.Embeddings.ContentTypeDetector.HasJsonPatterns(string)' with a call to 'string.EndsWith(string, System.StringComparison)'. (https://learn.microsoft.com/dotnet/fundamentals/code-analysis/quality-rules/ca1310) [C:\Projects\Hazina\src\Core\AI\Hazina.AI.RAG\Hazina.AI.RAG.csproj::TargetFramework=net8.0]
C:\Projects\Hazina\src\Core\AI\Hazina.AI.RAG\Embeddings\ContentTypeDetector.cs(137,17): warning CA1310: The behavior of 'string.StartsWith(string)' could vary based on the current user's locale settings. Replace this call in 'Hazina.AI.RAG.Embeddings.ContentTypeDetector.HasJsonPatterns(string)' with a call to 'string.StartsWith(string, System.StringComparison)'. (https://learn.microsoft.com/dotnet/fundamentals/code-analysis/quality-rules/ca1310) [C:\Projects\Hazina\src\Core\AI\Hazina.AI.RAG\Hazina.AI.RAG.csproj::TargetFramework=net8.0]
C:\Projects\Hazina\src\Core\AI\Hazina.AI.RAG\Embeddings\ContentTypeDetector.cs(137,44): warning CA1310: The behavior of 'string.EndsWith(string)' could vary based on the current user's locale settings. Replace this call in 'Hazina.AI.RAG.Embeddings.ContentTypeDetector.HasJsonPatterns(string)' with a call to 'string.EndsWith(string, System.StringComparison)'. (https://learn.microsoft.com/dotnet/fundamentals/code-analysis/quality-rules/ca1310) [C:\Projects\Hazina\src\Core\AI\Hazina.AI.RAG\Hazina.AI.RAG.csproj::TargetFramework=net8.0]
C:\Projects\Hazina\src\Core\AI\Hazina.AI.RAG\Embeddings\ContentTypeDetector.cs(149,14): warning MA0074: Use an overload of 'StartsWith' that has a StringComparison parameter (https://github.com/meziantou/Meziantou.Analyzer/blob/main/docs/Rules/MA0074.md) [C:\Projects\Hazina\src\Core\AI\Hazina.AI.RAG\Hazina.AI.RAG.csproj::TargetFramework=net8.0]
C:\Projects\Hazina\src\Core\AI\Hazina.AI.RAG\Embeddings\ContentTypeDetector.cs(149,41): warning MA0074: Use an overload of 'EndsWith' that has a StringComparison parameter (https://github.com/meziantou/Meziantou.Analyzer/blob/main/docs/Rules/MA0074.md) [C:\Projects\Hazina\src\Core\AI\Hazina.AI.RAG\Hazina.AI.RAG.csproj::TargetFramework=net8.0]
C:\Projects\Hazina\src\Core\AI\Hazina.AI.RAG\Embeddings\ContentTypeDetector.cs(150,14): warning MA0074: Use an overload of 'StartsWith' that has a StringComparison parameter (https://github.com/meziantou/Meziantou.Analyzer/blob/main/docs/Rules/MA0074.md) [C:\Projects\Hazina\src\Core\AI\Hazina.AI.RAG\Hazina.AI.RAG.csproj::TargetFramework=net8.0]
C:\Projects\Hazina\src\Core\AI\Hazina.AI.RAG\Embeddings\ContentTypeDetector.cs(150,41): warning MA0074: Use an overload of 'EndsWith' that has a StringComparison parameter (https://github.com/meziantou/Meziantou.Analyzer/blob/main/docs/Rules/MA0074.md) [C:\Projects\Hazina\src\Core\AI\Hazina.AI.RAG\Hazina.AI.RAG.csproj::TargetFramework=net8.0]
C:\Projects\Hazina\src\Core\AI\Hazina.AI.RAG\Embeddings\ContentTypeDetector.cs(136,17): warning MA0074: Use an overload of 'StartsWith' that has a StringComparison parameter (https://github.com/meziantou/Meziantou.Analyzer/blob/main/docs/Rules/MA0074.md) [C:\Projects\Hazina\src\Core\AI\Hazina.AI.RAG\Hazina.AI.RAG.csproj::TargetFramework=net8.0]
C:\Projects\Hazina\src\Core\AI\Hazina.AI.RAG\Embeddings\ContentTypeDetector.cs(136,44): warning MA0074: Use an overload of 'EndsWith' that has a StringComparison parameter (https://github.com/meziantou/Meziantou.Analyzer/blob/main/docs/Rules/MA0074.md) [C:\Projects\Hazina\src\Core\AI\Hazina.AI.RAG\Hazina.AI.RAG.csproj::TargetFramework=net8.0]
C:\Projects\Hazina\src\Core\AI\Hazina.AI.RAG\Embeddings\ContentTypeDetector.cs(137,17): warning MA0074: Use an overload of 'StartsWith' that has a StringComparison parameter (https://github.com/meziantou/Meziantou.Analyzer/blob/main/docs/Rules/MA0074.md) [C:\Projects\Hazina\src\Core\AI\Hazina.AI.RAG\Hazina.AI.RAG.csproj::TargetFramework=net8.0]
C:\Projects\Hazina\src\Core\AI\Hazina.AI.RAG\Embeddings\ContentTypeDetector.cs(137,44): warning MA0074: Use an overload of 'EndsWith' that has a StringComparison parameter (https://github.com/meziantou/Meziantou.Analyzer/blob/main/docs/Rules/MA0074.md) [C:\Projects\Hazina\src\Core\AI\Hazina.AI.RAG\Hazina.AI.RAG.csproj::TargetFramework=net8.0]
C:\Projects\Hazina\src\Core\AI\Hazina.AI.RAG\Embeddings\HierarchicalChunker.cs(94,61): warning SA1629: Documentation text should end with a period (https://github.com/DotNetAnalyzers/StyleCopAnalyzers/blob/master/documentation/SA1629.md) [C:\Projects\Hazina\src\Core\AI\Hazina.AI.RAG\Hazina.AI.RAG.csproj::TargetFramework=net8.0]
C:\Projects\Hazina\src\Core\AI\Hazina.AI.RAG\Retrieval\Reranker.cs(73,54): warning SA1629: Documentation text should end with a period (https://github.com/DotNetAnalyzers/StyleCopAnalyzers/blob/master/documentation/SA1629.md) [C:\Projects\Hazina\src\Core\AI\Hazina.AI.RAG\Hazina.AI.RAG.csproj::TargetFramework=net8.0]
C:\Projects\Hazina\src\Core\AI\Hazina.AI.RAG\Retrieval\Reranker.cs(81,13): warning SA1503: Braces should not be omitted (https://github.com/DotNetAnalyzers/StyleCopAnalyzers/blob/master/documentation/SA1503.md) [C:\Projects\Hazina\src\Core\AI\Hazina.AI.RAG\Hazina.AI.RAG.csproj::TargetFramework=net8.0]
C:\Projects\Hazina\src\Core\AI\Hazina.AI.RAG\Retrieval\Reranker.cs(83,59): warning SA1316: Tuple element names should use correct casing (https://github.com/DotNetAnalyzers/StyleCopAnalyzers/blob/master/documentation/SA1316.md) [C:\Projects\Hazina\src\Core\AI\Hazina.AI.RAG\Hazina.AI.RAG.csproj::TargetFramework=net8.0]
C:\Projects\Hazina\src\Core\AI\Hazina.AI.RAG\Retrieval\Reranker.cs(83,71): warning SA1316: Tuple element names should use correct casing (https://github.com/DotNetAnalyzers/StyleCopAnalyzers/blob/master/documentation/SA1316.md) [C:\Projects\Hazina\src\Core\AI\Hazina.AI.RAG\Hazina.AI.RAG.csproj::TargetFramework=net8.0]
C:\Projects\Hazina\src\Core\AI\Hazina.AI.RAG\Retrieval\Reranker.cs(87,28): warning MA0004: Use Task.ConfigureAwait(false) if the current SynchronizationContext is not needed (https://github.com/meziantou/Meziantou.Analyzer/blob/main/docs/Rules/MA0004.md) [C:\Projects\Hazina\src\Core\AI\Hazina.AI.RAG\Hazina.AI.RAG.csproj::TargetFramework=net8.0]
C:\Projects\Hazina\src\Core\AI\Hazina.AI.RAG\Graph\Storage\InMemoryGraphStore.cs(82,25): warning MA0002: Use an overload that has a IEqualityComparer<string> or IComparer<string> parameter (https://github.com/meziantou/Meziantou.Analyzer/blob/main/docs/Rules/MA0002.md) [C:\Projects\Hazina\src\Core\AI\Hazina.AI.RAG\Hazina.AI.RAG.csproj::TargetFramework=net8.0]
C:\Projects\Hazina\src\Core\AI\Hazina.AI.RAG\Embeddings\SemanticSimilarityChunker.cs(214,17): warning CA1031: Modify 'GenerateSentenceEmbeddingsAsync' to catch a more specific allowed exception type, or rethrow the exception (https://learn.microsoft.com/dotnet/fundamentals/code-analysis/quality-rules/ca1031) [C:\Projects\Hazina\src\Core\AI\Hazina.AI.RAG\Hazina.AI.RAG.csproj::TargetFramework=net8.0]
C:\Projects\Hazina\src\Core\AI\Hazina.AI.RAG\Embeddings\SemanticSimilarityChunker.cs(198,9): warning CA1031: Modify 'GenerateSentenceEmbeddingsAsync' to catch a more specific allowed exception type, or rethrow the exception (https://learn.microsoft.com/dotnet/fundamentals/code-analysis/quality-rules/ca1031) [C:\Projects\Hazina\src\Core\AI\Hazina.AI.RAG\Hazina.AI.RAG.csproj::TargetFramework=net8.0]
C:\Projects\Hazina\src\Core\AI\Hazina.AI.RAG\Retrieval\LlmJudgeReranker.cs(114,13): warning SA1503: Braces should not be omitted (https://github.com/DotNetAnalyzers/StyleCopAnalyzers/blob/master/documentation/SA1503.md) [C:\Projects\Hazina\src\Core\AI\Hazina.AI.RAG\Hazina.AI.RAG.csproj::TargetFramework=net8.0]
C:\Projects\Hazina\src\Core\AI\Hazina.AI.RAG\Retrieval\LlmJudgeReranker.cs(116,16): warning CA1845: Use span-based 'string.Concat' and 'AsSpan' instead of 'Substring' (https://learn.microsoft.com/dotnet/fundamentals/code-analysis/quality-rules/ca1845) [C:\Projects\Hazina\src\Core\AI\Hazina.AI.RAG\Hazina.AI.RAG.csproj::TargetFramework=net8.0]
C:\Projects\Hazina\src\Core\AI\Hazina.AI.RAG\Configuration\SemanticChunkingConfiguration.cs(19,23): warning CA1062: In externally visible method 'SemanticChunkingOptions SemanticChunkingConfiguration.LoadFromConfiguration(IConfiguration configuration)', validate parameter 'configuration' is non-null before using it. If appropriate, throw an 'ArgumentNullException' when the argument is 'null'. (https://learn.microsoft.com/dotnet/fundamentals/code-analysis/quality-rules/ca1062) [C:\Projects\Hazina\src\Core\AI\Hazina.AI.RAG\Hazina.AI.RAG.csproj::TargetFramework=net8.0]
C:\Projects\Hazina\src\Core\AI\Hazina.AI.RAG\Graph\Storage\SQLiteGraphStore.cs(221,9): warning MA0004: Use Task.ConfigureAwait(false) if the current SynchronizationContext is not needed (https://github.com/meziantou/Meziantou.Analyzer/blob/main/docs/Rules/MA0004.md) [C:\Projects\Hazina\src\Core\AI\Hazina.AI.RAG\Hazina.AI.RAG.csproj::TargetFramework=net8.0]
C:\Projects\Hazina\src\Core\AI\Hazina.AI.RAG\Graph\Storage\SQLiteGraphStore.cs(228,28): warning MA0004: Use Task.ConfigureAwait(false) if the current SynchronizationContext is not needed (https://github.com/meziantou/Meziantou.Analyzer/blob/main/docs/Rules/MA0004.md) [C:\Projects\Hazina\src\Core\AI\Hazina.AI.RAG\Hazina.AI.RAG.csproj::TargetFramework=net8.0]
C:\Projects\Hazina\src\Core\AI\Hazina.AI.RAG\Graph\Explainability\RetrievalTrace.cs(85,29): warning CA1002: Change 'List<RetrievalStep>' in 'ExplainabilityService.CreateTrace(string, HybridRetrievalResult, List<RetrievalStep>)' to use 'Collection<T>', 'ReadOnlyCollection<T>' or 'KeyedCollection<K,V>' (https://learn.microsoft.com/dotnet/fundamentals/code-analysis/quality-rules/ca1002) [C:\Projects\Hazina\src\Core\AI\Hazina.AI.RAG\Hazina.AI.RAG.csproj::TargetFramework=net8.0]
C:\Projects\Hazina\src\Core\AI\Hazina.AI.RAG\Graph\Storage\SQLiteGraphStore.cs(229,13): warning MA0004: Use Task.ConfigureAwait(false) if the current SynchronizationContext is not needed (https://github.com/meziantou/Meziantou.Analyzer/blob/main/docs/Rules/MA0004.md) [C:\Projects\Hazina\src\Core\AI\Hazina.AI.RAG\Hazina.AI.RAG.csproj::TargetFramework=net8.0]
C:\Projects\Hazina\src\Core\AI\Hazina.AI.RAG\Embeddings\LLMMetadataExtractor.cs(159,63): warning SA1629: Documentation text should end with a period (https://github.com/DotNetAnalyzers/StyleCopAnalyzers/blob/master/documentation/SA1629.md) [C:\Projects\Hazina\src\Core\AI\Hazina.AI.RAG\Hazina.AI.RAG.csproj::TargetFramework=net8.0]
C:\Projects\Hazina\src\Core\AI\Hazina.AI.RAG\Graph\Storage\SQLiteGraphStore.cs(232,13): warning MA0004: Use Task.ConfigureAwait(false) if the current SynchronizationContext is not needed (https://github.com/meziantou/Meziantou.Analyzer/blob/main/docs/Rules/MA0004.md) [C:\Projects\Hazina\src\Core\AI\Hazina.AI.RAG\Hazina.AI.RAG.csproj::TargetFramework=net8.0]
C:\Projects\Hazina\src\Core\AI\Hazina.AI.RAG\Graph\Explainability\RetrievalTrace.cs(85,9): warning MA0016: Prefer using collection abstraction instead of implementation (https://github.com/meziantou/Meziantou.Analyzer/blob/main/docs/Rules/MA0016.md) [C:\Projects\Hazina\src\Core\AI\Hazina.AI.RAG\Hazina.AI.RAG.csproj::TargetFramework=net8.0]
C:\Projects\Hazina\src\Core\AI\Hazina.AI.RAG\Graph\Explainability\RetrievalTrace.cs(43,9): warning CA1305: The behavior of 'StringBuilder.AppendLine(ref StringBuilder.AppendInterpolatedStringHandler)' could vary based on the current user's locale settings. Replace this call in 'ExplainabilityService.GenerateExplanation(HybridRetrievalResult)' with a call to 'StringBuilder.AppendLine(IFormatProvider, ref StringBuilder.AppendInterpolatedStringHandler)'. (https://learn.microsoft.com/dotnet/fundamentals/code-analysis/quality-rules/ca1305) [C:\Projects\Hazina\src\Core\AI\Hazina.AI.RAG\Hazina.AI.RAG.csproj::TargetFramework=net8.0]
C:\Projects\Hazina\src\Core\AI\Hazina.AI.RAG\Graph\Explainability\RetrievalTrace.cs(44,9): warning CA1305: The behavior of 'StringBuilder.AppendLine(ref StringBuilder.AppendInterpolatedStringHandler)' could vary based on the current user's locale settings. Replace this call in 'ExplainabilityService.GenerateExplanation(HybridRetrievalResult)' with a call to 'StringBuilder.AppendLine(IFormatProvider, ref StringBuilder.AppendInterpolatedStringHandler)'. (https://learn.microsoft.com/dotnet/fundamentals/code-analysis/quality-rules/ca1305) [C:\Projects\Hazina\src\Core\AI\Hazina.AI.RAG\Hazina.AI.RAG.csproj::TargetFramework=net8.0]
C:\Projects\Hazina\src\Core\AI\Hazina.AI.RAG\Graph\Explainability\RetrievalTrace.cs(48,13): warning CA1305: The behavior of 'StringBuilder.AppendLine(ref StringBuilder.AppendInterpolatedStringHandler)' could vary based on the current user's locale settings. Replace this call in 'ExplainabilityService.GenerateExplanation(HybridRetrievalResult)' with a call to 'StringBuilder.AppendLine(IFormatProvider, ref StringBuilder.AppendInterpolatedStringHandler)'. (https://learn.microsoft.com/dotnet/fundamentals/code-analysis/quality-rules/ca1305) [C:\Projects\Hazina\src\Core\AI\Hazina.AI.RAG\Hazina.AI.RAG.csproj::TargetFramework=net8.0]
C:\Projects\Hazina\src\Core\AI\Hazina.AI.RAG\Graph\Explainability\RetrievalTrace.cs(54,13): warning CA1305: The behavior of 'StringBuilder.AppendLine(ref StringBuilder.AppendInterpolatedStringHandler)' could vary based on the current user's locale settings. Replace this call in 'ExplainabilityService.GenerateExplanation(HybridRetrievalResult)' with a call to 'StringBuilder.AppendLine(IFormatProvider, ref StringBuilder.AppendInterpolatedStringHandler)'. (https://learn.microsoft.com/dotnet/fundamentals/code-analysis/quality-rules/ca1305) [C:\Projects\Hazina\src\Core\AI\Hazina.AI.RAG\Hazina.AI.RAG.csproj::TargetFramework=net8.0]
C:\Projects\Hazina\src\Core\AI\Hazina.AI.RAG\Graph\Explainability\RetrievalTrace.cs(59,17): warning CA1305: The behavior of 'StringBuilder.Append(ref StringBuilder.AppendInterpolatedStringHandler)' could vary based on the current user's locale settings. Replace this call in 'ExplainabilityService.GenerateExplanation(HybridRetrievalResult)' with a call to 'StringBuilder.Append(IFormatProvider, ref StringBuilder.AppendInterpolatedStringHandler)'. (https://learn.microsoft.com/dotnet/fundamentals/code-analysis/quality-rules/ca1305) [C:\Projects\Hazina\src\Core\AI\Hazina.AI.RAG\Hazina.AI.RAG.csproj::TargetFramework=net8.0]
C:\Projects\Hazina\src\Core\AI\Hazina.AI.RAG\Graph\Explainability\RetrievalTrace.cs(64,21): warning CA1305: The behavior of 'StringBuilder.Append(ref StringBuilder.AppendInterpolatedStringHandler)' could vary based on the current user's locale settings. Replace this call in 'ExplainabilityService.GenerateExplanation(HybridRetrievalResult)' with a call to 'StringBuilder.Append(IFormatProvider, ref StringBuilder.AppendInterpolatedStringHandler)'. (https://learn.microsoft.com/dotnet/fundamentals/code-analysis/quality-rules/ca1305) [C:\Projects\Hazina\src\Core\AI\Hazina.AI.RAG\Hazina.AI.RAG.csproj::TargetFramework=net8.0]
C:\Projects\Hazina\src\Core\AI\Hazina.AI.RAG\Graph\Explainability\RetrievalTrace.cs(73,13): warning CA1305: The behavior of 'StringBuilder.AppendLine(ref StringBuilder.AppendInterpolatedStringHandler)' could vary based on the current user's locale settings. Replace this call in 'ExplainabilityService.GenerateExplanation(HybridRetrievalResult)' with a call to 'StringBuilder.AppendLine(IFormatProvider, ref StringBuilder.AppendInterpolatedStringHandler)'. (https://learn.microsoft.com/dotnet/fundamentals/code-analysis/quality-rules/ca1305) [C:\Projects\Hazina\src\Core\AI\Hazina.AI.RAG\Hazina.AI.RAG.csproj::TargetFramework=net8.0]
C:\Projects\Hazina\src\Core\AI\Hazina.AI.RAG\Core\RAGEngine.cs(228,24): warning CA1002: Change 'List<Document>' in 'RAGEngine.IndexDocumentsAsync(List<Document>, [CancellationToken])' to use 'Collection<T>', 'ReadOnlyCollection<T>' or 'KeyedCollection<K,V>' (https://learn.microsoft.com/dotnet/fundamentals/code-analysis/quality-rules/ca1002) [C:\Projects\Hazina\src\Core\AI\Hazina.AI.RAG\Hazina.AI.RAG.csproj::TargetFramework=net8.0]
C:\Projects\Hazina\src\Core\AI\Hazina.AI.RAG\Core\RAGEngine.cs(228,9): warning MA0016: Prefer using collection abstraction instead of implementation (https://github.com/meziantou/Meziantou.Analyzer/blob/main/docs/Rules/MA0016.md) [C:\Projects\Hazina\src\Core\AI\Hazina.AI.RAG\Hazina.AI.RAG.csproj::TargetFramework=net8.0]
C:\Projects\Hazina\src\Core\AI\Hazina.AI.RAG\Embeddings\LLMMetadataExtractor.cs(169,28): warning MA0004: Use Task.ConfigureAwait(false) if the current SynchronizationContext is not needed (https://github.com/meziantou/Meziantou.Analyzer/blob/main/docs/Rules/MA0004.md) [C:\Projects\Hazina\src\Core\AI\Hazina.AI.RAG\Hazina.AI.RAG.csproj::TargetFramework=net8.0]
C:\Projects\Hazina\src\Core\AI\Hazina.AI.RAG\Graph\Explainability\RetrievalTrace.cs(43,9): warning MA0011: Use an overload of 'AppendLine' that has a 'System.IFormatProvider' parameter (https://github.com/meziantou/Meziantou.Analyzer/blob/main/docs/Rules/MA0011.md) [C:\Projects\Hazina\src\Core\AI\Hazina.AI.RAG\Hazina.AI.RAG.csproj::TargetFramework=net8.0]
C:\Projects\Hazina\src\Core\AI\Hazina.AI.RAG\Graph\Explainability\RetrievalTrace.cs(48,13): warning MA0011: Use an overload of 'AppendLine' that has a 'System.IFormatProvider' parameter (https://github.com/meziantou/Meziantou.Analyzer/blob/main/docs/Rules/MA0011.md) [C:\Projects\Hazina\src\Core\AI\Hazina.AI.RAG\Hazina.AI.RAG.csproj::TargetFramework=net8.0]
C:\Projects\Hazina\src\Core\AI\Hazina.AI.RAG\Embeddings\SemanticSimilarityChunker.cs(226,63): warning SA1629: Documentation text should end with a period (https://github.com/DotNetAnalyzers/StyleCopAnalyzers/blob/master/documentation/SA1629.md) [C:\Projects\Hazina\src\Core\AI\Hazina.AI.RAG\Hazina.AI.RAG.csproj::TargetFramework=net8.0]
C:\Projects\Hazina\src\Core\AI\Hazina.AI.RAG\Graph\Explainability\RetrievalTrace.cs(54,13): warning MA0011: Use an overload of 'AppendLine' that has a 'System.IFormatProvider' parameter (https://github.com/meziantou/Meziantou.Analyzer/blob/main/docs/Rules/MA0011.md) [C:\Projects\Hazina\src\Core\AI\Hazina.AI.RAG\Hazina.AI.RAG.csproj::TargetFramework=net8.0]
C:\Projects\Hazina\src\Core\AI\Hazina.AI.RAG\Graph\Explainability\RetrievalTrace.cs(59,17): warning MA0011: Use an overload of 'Append' that has a 'System.IFormatProvider' parameter (https://github.com/meziantou/Meziantou.Analyzer/blob/main/docs/Rules/MA0011.md) [C:\Projects\Hazina\src\Core\AI\Hazina.AI.RAG\Hazina.AI.RAG.csproj::TargetFramework=net8.0]
C:\Projects\Hazina\src\Core\AI\Hazina.AI.RAG\Embeddings\SemanticSimilarityChunker.cs(241,25): warning CA1848: For improved performance, use the LoggerMessage delegates instead of calling 'LoggerExtensions.LogWarning(ILogger, Exception?, string?, params object?[])' (https://learn.microsoft.com/dotnet/fundamentals/code-analysis/quality-rules/ca1848) [C:\Projects\Hazina\src\Core\AI\Hazina.AI.RAG\Hazina.AI.RAG.csproj::TargetFramework=net8.0]
C:\Projects\Hazina\src\Core\AI\Hazina.AI.RAG\Graph\Pipeline\EntityNormalizationService.cs(160,25): warning S2325: Make 'MergeEntities' a static method. (https://rules.sonarsource.com/csharp/RSPEC-2325) [C:\Projects\Hazina\src\Core\AI\Hazina.AI.RAG\Hazina.AI.RAG.csproj::TargetFramework=net8.0]
C:\Projects\Hazina\src\Core\AI\Hazina.AI.RAG\Graph\Explainability\RetrievalTrace.cs(73,13): warning MA0011: Use an overload of 'AppendLine' that has a 'System.IFormatProvider' parameter (https://github.com/meziantou/Meziantou.Analyzer/blob/main/docs/Rules/MA0011.md) [C:\Projects\Hazina\src\Core\AI\Hazina.AI.RAG\Hazina.AI.RAG.csproj::TargetFramework=net8.0]
C:\Projects\Hazina\src\Core\AI\Hazina.AI.RAG\Configuration\SemanticChunkingConfiguration.cs(109,42): warning SA1629: Documentation text should end with a period (https://github.com/DotNetAnalyzers/StyleCopAnalyzers/blob/master/documentation/SA1629.md) [C:\Projects\Hazina\src\Core\AI\Hazina.AI.RAG\Hazina.AI.RAG.csproj::TargetFramework=net8.0]
C:\Projects\Hazina\src\Core\AI\Hazina.AI.RAG\Embeddings\ContentTypeDetector.cs(163,64): warning SA1629: Documentation text should end with a period (https://github.com/DotNetAnalyzers/StyleCopAnalyzers/blob/master/documentation/SA1629.md) [C:\Projects\Hazina\src\Core\AI\Hazina.AI.RAG\Hazina.AI.RAG.csproj::TargetFramework=net8.0]
C:\Projects\Hazina\src\Core\AI\Hazina.AI.RAG\Embeddings\SemanticSimilarityChunker.cs(239,13): warning CA1031: Modify 'CalculatePairwiseSimilarities' to catch a more specific allowed exception type, or rethrow the exception (https://learn.microsoft.com/dotnet/fundamentals/code-analysis/quality-rules/ca1031) [C:\Projects\Hazina\src\Core\AI\Hazina.AI.RAG\Hazina.AI.RAG.csproj::TargetFramework=net8.0]
C:\Projects\Hazina\src\Core\AI\Hazina.AI.RAG\Embeddings\SemanticSimilarityChunker.cs(298,17): warning S1854: Remove this useless assignment to local variable 'currentChunkStart'. (https://rules.sonarsource.com/csharp/RSPEC-1854) [C:\Projects\Hazina\src\Core\AI\Hazina.AI.RAG\Hazina.AI.RAG.csproj::TargetFramework=net8.0]
C:\Projects\Hazina\src\Core\AI\Hazina.AI.RAG\Core\RAGEngine.cs(225,38): warning SA1629: Documentation text should end with a period (https://github.com/DotNetAnalyzers/StyleCopAnalyzers/blob/master/documentation/SA1629.md) [C:\Projects\Hazina\src\Core\AI\Hazina.AI.RAG\Hazina.AI.RAG.csproj::TargetFramework=net8.0]
C:\Projects\Hazina\src\Core\AI\Hazina.AI.RAG\Core\RAGEngine.cs(255,17): warning SA1111: Closing parenthesis should be on line of last parameter (https://github.com/DotNetAnalyzers/StyleCopAnalyzers/blob/master/documentation/SA1111.md) [C:\Projects\Hazina\src\Core\AI\Hazina.AI.RAG\Hazina.AI.RAG.csproj::TargetFramework=net8.0]
C:\Projects\Hazina\src\Core\AI\Hazina.AI.RAG\Embeddings\BasicMetadataExtractor.cs(148,26): warning S2325: Make 'TokenizeAndClean' a static method. (https://rules.sonarsource.com/csharp/RSPEC-2325) [C:\Projects\Hazina\src\Core\AI\Hazina.AI.RAG\Hazina.AI.RAG.csproj::TargetFramework=net8.0]
C:\Projects\Hazina\src\Core\AI\Hazina.AI.RAG\Graph\Explainability\RetrievalTrace.cs(90,32): warning CA1062: In externally visible method 'RetrievalTrace ExplainabilityService.CreateTrace(string queryText, HybridRetrievalResult result, List<RetrievalStep> steps)', validate parameter 'result' is non-null before using it. If appropriate, throw an 'ArgumentNullException' when the argument is 'null'. (https://learn.microsoft.com/dotnet/fundamentals/code-analysis/quality-rules/ca1062) [C:\Projects\Hazina\src\Core\AI\Hazina.AI.RAG\Hazina.AI.RAG.csproj::TargetFramework=net8.0]
C:\Projects\Hazina\src\Core\AI\Hazina.AI.RAG\Embeddings\ContentTypeDetector.cs(213,64): warning SA1629: Documentation text should end with a period (https://github.com/DotNetAnalyzers/StyleCopAnalyzers/blob/master/documentation/SA1629.md) [C:\Projects\Hazina\src\Core\AI\Hazina.AI.RAG\Hazina.AI.RAG.csproj::TargetFramework=net8.0]
C:\Projects\Hazina\src\Core\AI\Hazina.AI.RAG\Configuration\SemanticChunkingConfiguration.cs(115,23): warning CA1062: In externally visible method 'TextChunkingOptions SemanticChunkingConfiguration.LoadTextChunkingOptions(IConfiguration configuration)', validate parameter 'configuration' is non-null before using it. If appropriate, throw an 'ArgumentNullException' when the argument is 'null'. (https://learn.microsoft.com/dotnet/fundamentals/code-analysis/quality-rules/ca1062) [C:\Projects\Hazina\src\Core\AI\Hazina.AI.RAG\Hazina.AI.RAG.csproj::TargetFramework=net8.0]
C:\Projects\Hazina\src\Core\AI\Hazina.AI.RAG\Core\RAGEngine.cs(242,33): warning MA0004: Use Task.ConfigureAwait(false) if the current SynchronizationContext is not needed (https://github.com/meziantou/Meziantou.Analyzer/blob/main/docs/Rules/MA0004.md) [C:\Projects\Hazina\src\Core\AI\Hazina.AI.RAG\Hazina.AI.RAG.csproj::TargetFramework=net8.0]
C:\Projects\Hazina\src\Core\AI\Hazina.AI.RAG\Core\RAGEngine.cs(245,17): warning MA0004: Use Task.ConfigureAwait(false) if the current SynchronizationContext is not needed (https://github.com/meziantou/Meziantou.Analyzer/blob/main/docs/Rules/MA0004.md) [C:\Projects\Hazina\src\Core\AI\Hazina.AI.RAG\Hazina.AI.RAG.csproj::TargetFramework=net8.0]
C:\Projects\Hazina\src\Core\AI\Hazina.AI.RAG\Core\RAGEngine.cs(248,21): warning MA0002: Use an overload that has a IEqualityComparer<string> or IComparer<string> parameter (https://github.com/meziantou/Meziantou.Analyzer/blob/main/docs/Rules/MA0002.md) [C:\Projects\Hazina\src\Core\AI\Hazina.AI.RAG\Hazina.AI.RAG.csproj::TargetFramework=net8.0]
C:\Projects\Hazina\src\Core\AI\Hazina.AI.RAG\Graph\Storage\InMemoryGraphStore.cs(102,26): warning MA0002: Use an overload that has a IEqualityComparer<string> or IComparer<string> parameter (https://github.com/meziantou/Meziantou.Analyzer/blob/main/docs/Rules/MA0002.md) [C:\Projects\Hazina\src\Core\AI\Hazina.AI.RAG\Hazina.AI.RAG.csproj::TargetFramework=net8.0]
C:\Projects\Hazina\src\Core\AI\Hazina.AI.RAG\Graph\Storage\InMemoryGraphStore.cs(115,26): warning MA0002: Use an overload that has a IEqualityComparer<string> or IComparer<string> parameter (https://github.com/meziantou/Meziantou.Analyzer/blob/main/docs/Rules/MA0002.md) [C:\Projects\Hazina\src\Core\AI\Hazina.AI.RAG\Hazina.AI.RAG.csproj::TargetFramework=net8.0]
C:\Projects\Hazina\src\Core\AI\Hazina.AI.RAG\Embeddings\LLMMetadataExtractor.cs(187,20): warning S2325: Make 'BuildSingleChunkPrompt' a static method. (https://rules.sonarsource.com/csharp/RSPEC-2325) [C:\Projects\Hazina\src\Core\AI\Hazina.AI.RAG\Hazina.AI.RAG.csproj::TargetFramework=net8.0]
C:\Projects\Hazina\src\Core\AI\Hazina.AI.RAG\Graph\Explainability\RetrievalTrace.cs(43,66): warning CA1062: In externally visible method 'string ExplainabilityService.GenerateExplanation(HybridRetrievalResult result)', validate parameter 'result' is non-null before using it. If appropriate, throw an 'ArgumentNullException' when the argument is 'null'. (https://learn.microsoft.com/dotnet/fundamentals/code-analysis/quality-rules/ca1062) [C:\Projects\Hazina\src\Core\AI\Hazina.AI.RAG\Hazina.AI.RAG.csproj::TargetFramework=net8.0]
C:\Projects\Hazina\src\Core\AI\Hazina.AI.RAG\Graph\Pipeline\EntityNormalizationService.cs(204,32): warning SA1407: Arithmetic expressions should declare precedence (https://github.com/DotNetAnalyzers/StyleCopAnalyzers/blob/master/documentation/SA1407.md) [C:\Projects\Hazina\src\Core\AI\Hazina.AI.RAG\Hazina.AI.RAG.csproj::TargetFramework=net8.0]
C:\Projects\Hazina\src\Core\AI\Hazina.AI.RAG\Graph\Storage\InMemoryGraphStore.cs(152,9): warning MA0004: Use Task.ConfigureAwait(false) if the current SynchronizationContext is not needed (https://github.com/meziantou/Meziantou.Analyzer/blob/main/docs/Rules/MA0004.md) [C:\Projects\Hazina\src\Core\AI\Hazina.AI.RAG\Hazina.AI.RAG.csproj::TargetFramework=net8.0]
C:\Projects\Hazina\src\Core\AI\Hazina.AI.RAG\Graph\Storage\InMemoryGraphStore.cs(149,23): warning MA0002: Use an overload that has a IEqualityComparer<string> or IComparer<string> parameter (https://github.com/meziantou/Meziantou.Analyzer/blob/main/docs/Rules/MA0002.md) [C:\Projects\Hazina\src\Core\AI\Hazina.AI.RAG\Hazina.AI.RAG.csproj::TargetFramework=net8.0]
C:\Projects\Hazina\src\Core\AI\Hazina.AI.RAG\Embeddings\ContentTypeDetector.cs(180,50): warning SA1629: Documentation text should end with a period (https://github.com/DotNetAnalyzers/StyleCopAnalyzers/blob/master/documentation/SA1629.md) [C:\Projects\Hazina\src\Core\AI\Hazina.AI.RAG\Hazina.AI.RAG.csproj::TargetFramework=net8.0]
C:\Projects\Hazina\src\Core\AI\Hazina.AI.RAG\Embeddings\ContentTypeDetector.cs(199,13): warning SA1503: Braces should not be omitted (https://github.com/DotNetAnalyzers/StyleCopAnalyzers/blob/master/documentation/SA1503.md) [C:\Projects\Hazina\src\Core\AI\Hazina.AI.RAG\Hazina.AI.RAG.csproj::TargetFramework=net8.0]
C:\Projects\Hazina\src\Core\AI\Hazina.AI.RAG\Embeddings\ContentTypeDetector.cs(203,13): warning SA1503: Braces should not be omitted (https://github.com/DotNetAnalyzers/StyleCopAnalyzers/blob/master/documentation/SA1503.md) [C:\Projects\Hazina\src\Core\AI\Hazina.AI.RAG\Hazina.AI.RAG.csproj::TargetFramework=net8.0]
C:\Projects\Hazina\src\Core\AI\Hazina.AI.RAG\Embeddings\ContentTypeDetector.cs(207,13): warning SA1503: Braces should not be omitted (https://github.com/DotNetAnalyzers/StyleCopAnalyzers/blob/master/documentation/SA1503.md) [C:\Projects\Hazina\src\Core\AI\Hazina.AI.RAG\Hazina.AI.RAG.csproj::TargetFramework=net8.0]
C:\Projects\Hazina\src\Core\AI\Hazina.AI.RAG\Retrieval\Reranker.cs(99,43): warning SA1629: Documentation text should end with a period (https://github.com/DotNetAnalyzers/StyleCopAnalyzers/blob/master/documentation/SA1629.md) [C:\Projects\Hazina\src\Core\AI\Hazina.AI.RAG\Hazina.AI.RAG.csproj::TargetFramework=net8.0]
C:\Projects\Hazina\src\Core\AI\Hazina.AI.RAG\Retrieval\Reranker.cs(107,13): warning SA1503: Braces should not be omitted (https://github.com/DotNetAnalyzers/StyleCopAnalyzers/blob/master/documentation/SA1503.md) [C:\Projects\Hazina\src\Core\AI\Hazina.AI.RAG\Hazina.AI.RAG.csproj::TargetFramework=net8.0]
C:\Projects\Hazina\src\Core\AI\Hazina.AI.RAG\Retrieval\Reranker.cs(140,13): warning SA1111: Closing parenthesis should be on line of last parameter (https://github.com/DotNetAnalyzers/StyleCopAnalyzers/blob/master/documentation/SA1111.md) [C:\Projects\Hazina\src\Core\AI\Hazina.AI.RAG\Hazina.AI.RAG.csproj::TargetFramework=net8.0]
C:\Projects\Hazina\src\Core\AI\Hazina.AI.RAG\Embeddings\ContentTypeDetector.cs(198,13): warning CA1307: 'string.Contains(string)' has a method overload that takes a 'StringComparison' parameter. Replace this call in 'Hazina.AI.RAG.Embeddings.ContentTypeDetector.GetTechnicalScore(string)' with a call to 'string.Contains(string, System.StringComparison)' for clarity of intent. (https://learn.microsoft.com/dotnet/fundamentals/code-analysis/quality-rules/ca1307) [C:\Projects\Hazina\src\Core\AI\Hazina.AI.RAG\Hazina.AI.RAG.csproj::TargetFramework=net8.0]
C:\Projects\Hazina\src\Core\AI\Hazina.AI.RAG\Embeddings\ContentTypeDetector.cs(198,37): warning CA1307: 'string.Contains(string)' has a method overload that takes a 'StringComparison' parameter. Replace this call in 'Hazina.AI.RAG.Embeddings.ContentTypeDetector.GetTechnicalScore(string)' with a call to 'string.Contains(string, System.StringComparison)' for clarity of intent. (https://learn.microsoft.com/dotnet/fundamentals/code-analysis/quality-rules/ca1307) [C:\Projects\Hazina\src\Core\AI\Hazina.AI.RAG\Hazina.AI.RAG.csproj::TargetFramework=net8.0]
C:\Projects\Hazina\src\Core\AI\Hazina.AI.RAG\Embeddings\ContentTypeDetector.cs(202,62): warning MA0023: Add RegexOptions.ExplicitCapture to prevent capturing unneeded groups (https://github.com/meziantou/Meziantou.Analyzer/blob/main/docs/Rules/MA0023.md) [C:\Projects\Hazina\src\Core\AI\Hazina.AI.RAG\Hazina.AI.RAG.csproj::TargetFramework=net8.0]
C:\Projects\Hazina\src\Core\AI\Hazina.AI.RAG\Embeddings\ContentTypeDetector.cs(202,13): warning MA0009: Regular expressions should not be vulnerable to Denial of Service attacks (https://github.com/meziantou/Meziantou.Analyzer/blob/main/docs/Rules/MA0009.md) [C:\Projects\Hazina\src\Core\AI\Hazina.AI.RAG\Hazina.AI.RAG.csproj::TargetFramework=net8.0]
C:\Projects\Hazina\src\Core\AI\Hazina.AI.RAG\Embeddings\ContentTypeDetector.cs(206,13): warning MA0009: Regular expressions should not be vulnerable to Denial of Service attacks (https://github.com/meziantou/Meziantou.Analyzer/blob/main/docs/Rules/MA0009.md) [C:\Projects\Hazina\src\Core\AI\Hazina.AI.RAG\Hazina.AI.RAG.csproj::TargetFramework=net8.0]
C:\Projects\Hazina\src\Core\AI\Hazina.AI.RAG\Core\RAGEngine.cs(259,13): warning CA1031: Modify 'IndexDocumentsAsync' to catch a more specific allowed exception type, or rethrow the exception (https://learn.microsoft.com/dotnet/fundamentals/code-analysis/quality-rules/ca1031) [C:\Projects\Hazina\src\Core\AI\Hazina.AI.RAG\Hazina.AI.RAG.csproj::TargetFramework=net8.0]
C:\Projects\Hazina\src\Core\AI\Hazina.AI.RAG\Retrieval\Reranker.cs(134,28): warning MA0004: Use Task.ConfigureAwait(false) if the current SynchronizationContext is not needed (https://github.com/meziantou/Meziantou.Analyzer/blob/main/docs/Rules/MA0004.md) [C:\Projects\Hazina\src\Core\AI\Hazina.AI.RAG\Hazina.AI.RAG.csproj::TargetFramework=net8.0]
C:\Projects\Hazina\src\Core\AI\Hazina.AI.RAG\Graph\Pipeline\EntityNormalizationService.cs(172,14): warning MA0002: Use an overload that has a IEqualityComparer<string> or IComparer<string> parameter (https://github.com/meziantou/Meziantou.Analyzer/blob/main/docs/Rules/MA0002.md) [C:\Projects\Hazina\src\Core\AI\Hazina.AI.RAG\Hazina.AI.RAG.csproj::TargetFramework=net8.0]
C:\Projects\Hazina\src\Core\AI\Hazina.AI.RAG\Retrieval\Reranker.cs(142,17): warning MA0011: Use an overload of 'TryParse' that has a 'System.IFormatProvider' parameter (https://github.com/meziantou/Meziantou.Analyzer/blob/main/docs/Rules/MA0011.md) [C:\Projects\Hazina\src\Core\AI\Hazina.AI.RAG\Hazina.AI.RAG.csproj::TargetFramework=net8.0]
C:\Projects\Hazina\src\Core\AI\Hazina.AI.RAG\Graph\Storage\InMemoryGraphStore.cs(92,38): warning CA1062: In externally visible method 'Task InMemoryGraphStore.AddRelationshipsAsync(List<GraphRelationship> relationships, CancellationToken cancellationToken = default(CancellationToken))', validate parameter 'relationships' is non-null before using it. If appropriate, throw an 'ArgumentNullException' when the argument is 'null'. (https://learn.microsoft.com/dotnet/fundamentals/code-analysis/quality-rules/ca1062) [C:\Projects\Hazina\src\Core\AI\Hazina.AI.RAG\Hazina.AI.RAG.csproj::TargetFramework=net8.0]
C:\Projects\Hazina\src\Core\AI\Hazina.AI.RAG\Retrieval\Reranker.cs(147,9): warning CA1031: Modify 'ScoreRelevanceAsync' to catch a more specific allowed exception type, or rethrow the exception (https://learn.microsoft.com/dotnet/fundamentals/code-analysis/quality-rules/ca1031) [C:\Projects\Hazina\src\Core\AI\Hazina.AI.RAG\Hazina.AI.RAG.csproj::TargetFramework=net8.0]
C:\Projects\Hazina\src\Core\AI\Hazina.AI.RAG\Core\RAGEngine.cs(233,30): warning CA1062: In externally visible method 'Task<IndexingResult> RAGEngine.IndexDocumentsAsync(List<Document> documents, CancellationToken cancellationToken = default(CancellationToken))', validate parameter 'documents' is non-null before using it. If appropriate, throw an 'ArgumentNullException' when the argument is 'null'. (https://learn.microsoft.com/dotnet/fundamentals/code-analysis/quality-rules/ca1062) [C:\Projects\Hazina\src\Core\AI\Hazina.AI.RAG\Hazina.AI.RAG.csproj::TargetFramework=net8.0]
C:\Projects\Hazina\src\Core\AI\Hazina.AI.RAG\Graph\Retrieval\HybridRetrievalService.cs(73,53): warning MA0051: Method is too long (65 lines; maximum allowed: 60) (https://github.com/meziantou/Meziantou.Analyzer/blob/main/docs/Rules/MA0051.md) [C:\Projects\Hazina\src\Core\AI\Hazina.AI.RAG\Hazina.AI.RAG.csproj::TargetFramework=net8.0]
C:\Projects\Hazina\src\Core\AI\Hazina.AI.RAG\Embeddings\BasicMetadataExtractor.cs(178,31): warning S6605: Collection-specific "Exists" method should be used instead of the "Any" extension. (https://rules.sonarsource.com/csharp/RSPEC-6605) [C:\Projects\Hazina\src\Core\AI\Hazina.AI.RAG\Hazina.AI.RAG.csproj::TargetFramework=net8.0]
C:\Projects\Hazina\src\Core\AI\Hazina.AI.RAG\Embeddings\BasicMetadataExtractor.cs(169,18): warning S2325: Make 'DetectCode' a static method. (https://rules.sonarsource.com/csharp/RSPEC-2325) [C:\Projects\Hazina\src\Core\AI\Hazina.AI.RAG\Hazina.AI.RAG.csproj::TargetFramework=net8.0]
C:\Projects\Hazina\src\Core\AI\Hazina.AI.RAG\Graph\Retrieval\HybridRetrievalService.cs(135,26): warning S2139: Either log this exception and handle it, or rethrow it with some contextual information. (https://rules.sonarsource.com/csharp/RSPEC-2139) [C:\Projects\Hazina\src\Core\AI\Hazina.AI.RAG\Hazina.AI.RAG.csproj::TargetFramework=net8.0]
C:\Projects\Hazina\src\Core\AI\Hazina.AI.RAG\Core\RAGEngine.cs(276,18): warning MA0016: Prefer using collection abstraction instead of implementation (https://github.com/meziantou/Meziantou.Analyzer/blob/main/docs/Rules/MA0016.md) [C:\Projects\Hazina\src\Core\AI\Hazina.AI.RAG\Hazina.AI.RAG.csproj::TargetFramework=net8.0]
C:\Projects\Hazina\src\Core\AI\Hazina.AI.RAG\Embeddings\BasicMetadataExtractor.cs(184,18): warning S2325: Make 'DetectUrls' a static method. (https://rules.sonarsource.com/csharp/RSPEC-2325) [C:\Projects\Hazina\src\Core\AI\Hazina.AI.RAG\Hazina.AI.RAG.csproj::TargetFramework=net8.0]
C:\Projects\Hazina\src\Core\AI\Hazina.AI.RAG\Graph\Retrieval\HybridRetrievalService.cs(76,9): warning S1172: Remove this unused method parameter 'cancellationToken'. (https://rules.sonarsource.com/csharp/RSPEC-1172) [C:\Projects\Hazina\src\Core\AI\Hazina.AI.RAG\Hazina.AI.RAG.csproj::TargetFramework=net8.0]
C:\Projects\Hazina\src\Core\AI\Hazina.AI.RAG\Embeddings\SemanticSimilarityChunker.cs(250,61): warning SA1629: Documentation text should end with a period (https://github.com/DotNetAnalyzers/StyleCopAnalyzers/blob/master/documentation/SA1629.md) [C:\Projects\Hazina\src\Core\AI\Hazina.AI.RAG\Hazina.AI.RAG.csproj::TargetFramework=net8.0]
C:\Projects\Hazina\src\Core\AI\Hazina.AI.RAG\Embeddings\SemanticSimilarityChunker.cs(295,35): warning SA1116: The parameters should begin on the line after the declaration, whenever the parameter span across multiple lines (https://github.com/DotNetAnalyzers/StyleCopAnalyzers/blob/master/documentation/SA1116.md) [C:\Projects\Hazina\src\Core\AI\Hazina.AI.RAG\Hazina.AI.RAG.csproj::TargetFramework=net8.0]
C:\Projects\Hazina\src\Core\AI\Hazina.AI.RAG\Embeddings\SemanticSimilarityChunker.cs(296,28): warning SA1117: The parameters should all be placed on the same line or each parameter should be placed on its own line (https://github.com/DotNetAnalyzers/StyleCopAnalyzers/blob/master/documentation/SA1117.md) [C:\Projects\Hazina\src\Core\AI\Hazina.AI.RAG\Hazina.AI.RAG.csproj::TargetFramework=net8.0]
C:\Projects\Hazina\src\Core\AI\Hazina.AI.RAG\Embeddings\SemanticSimilarityChunker.cs(295,25): warning CA1873: Evaluation of this argument may be expensive and unnecessary if logging is disabled (https://learn.microsoft.com/dotnet/fundamentals/code-analysis/quality-rules/ca1873) [C:\Projects\Hazina\src\Core\AI\Hazina.AI.RAG\Hazina.AI.RAG.csproj::TargetFramework=net8.0]
C:\Projects\Hazina\src\Core\AI\Hazina.AI.RAG\Embeddings\SemanticSimilarityChunker.cs(295,25): warning CA1848: For improved performance, use the LoggerMessage delegates instead of calling 'LoggerExtensions.LogDebug(ILogger, string?, params object?[])' (https://learn.microsoft.com/dotnet/fundamentals/code-analysis/quality-rules/ca1848) [C:\Projects\Hazina\src\Core\AI\Hazina.AI.RAG\Hazina.AI.RAG.csproj::TargetFramework=net8.0]
C:\Projects\Hazina\src\Core\AI\Hazina.AI.RAG\Graph\Pipeline\EntityNormalizationService.cs(220,16): warning CA1308: In method 'CalculateStringSimilarity', replace the call to 'ToLowerInvariant' with 'ToUpperInvariant' (https://learn.microsoft.com/dotnet/fundamentals/code-analysis/quality-rules/ca1308) [C:\Projects\Hazina\src\Core\AI\Hazina.AI.RAG\Hazina.AI.RAG.csproj::TargetFramework=net8.0]
C:\Projects\Hazina\src\Core\AI\Hazina.AI.RAG\Graph\Pipeline\EntityNormalizationService.cs(221,16): warning CA1308: In method 'CalculateStringSimilarity', replace the call to 'ToLowerInvariant' with 'ToUpperInvariant' (https://learn.microsoft.com/dotnet/fundamentals/code-analysis/quality-rules/ca1308) [C:\Projects\Hazina\src\Core\AI\Hazina.AI.RAG\Hazina.AI.RAG.csproj::TargetFramework=net8.0]
C:\Projects\Hazina\src\Core\AI\Hazina.AI.RAG\Graph\Pipeline\EntityNormalizationService.cs(224,13): warning MA0006: Use string.Equals instead of Equals operator (https://github.com/meziantou/Meziantou.Analyzer/blob/main/docs/Rules/MA0006.md) [C:\Projects\Hazina\src\Core\AI\Hazina.AI.RAG\Hazina.AI.RAG.csproj::TargetFramework=net8.0]
C:\Projects\Hazina\src\Core\AI\Hazina.AI.RAG\Embeddings\ContentTypeDetector.cs(247,60): warning SA1629: Documentation text should end with a period (https://github.com/DotNetAnalyzers/StyleCopAnalyzers/blob/master/documentation/SA1629.md) [C:\Projects\Hazina\src\Core\AI\Hazina.AI.RAG\Hazina.AI.RAG.csproj::TargetFramework=net8.0]
C:\Projects\Hazina\src\Core\AI\Hazina.AI.RAG\Core\RAGEngine.cs(274,39): warning SA1629: Documentation text should end with a period (https://github.com/DotNetAnalyzers/StyleCopAnalyzers/blob/master/documentation/SA1629.md) [C:\Projects\Hazina\src\Core\AI\Hazina.AI.RAG\Hazina.AI.RAG.csproj::TargetFramework=net8.0]
C:\Projects\Hazina\src\Core\AI\Hazina.AI.RAG\Embeddings\BasicMetadataExtractor.cs(182,37): warning SA1629: Documentation text should end with a period (https://github.com/DotNetAnalyzers/StyleCopAnalyzers/blob/master/documentation/SA1629.md) [C:\Projects\Hazina\src\Core\AI\Hazina.AI.RAG\Hazina.AI.RAG.csproj::TargetFramework=net8.0]
C:\Projects\Hazina\src\Core\AI\Hazina.AI.RAG\Core\RAGEngine.cs(282,25): warning MA0004: Use Task.ConfigureAwait(false) if the current SynchronizationContext is not needed (https://github.com/meziantou/Meziantou.Analyzer/blob/main/docs/Rules/MA0004.md) [C:\Projects\Hazina\src\Core\AI\Hazina.AI.RAG\Hazina.AI.RAG.csproj::TargetFramework=net8.0]
C:\Projects\Hazina\src\Core\AI\Hazina.AI.RAG\Core\RAGEngine.cs(283,16): warning MA0004: Use Task.ConfigureAwait(false) if the current SynchronizationContext is not needed (https://github.com/meziantou/Meziantou.Analyzer/blob/main/docs/Rules/MA0004.md) [C:\Projects\Hazina\src\Core\AI\Hazina.AI.RAG\Hazina.AI.RAG.csproj::TargetFramework=net8.0]
C:\Projects\Hazina\src\Core\AI\Hazina.AI.RAG\Retrieval\Reranker.cs(158,36): warning CA1002: Change 'List<RetrievedDocument>' in 'Reranker.FilterByRelevance(List<RetrievedDocument>, double)' to use 'Collection<T>', 'ReadOnlyCollection<T>' or 'KeyedCollection<K,V>' (https://learn.microsoft.com/dotnet/fundamentals/code-analysis/quality-rules/ca1002) [C:\Projects\Hazina\src\Core\AI\Hazina.AI.RAG\Hazina.AI.RAG.csproj::TargetFramework=net8.0]
C:\Projects\Hazina\src\Core\AI\Hazina.AI.RAG\Retrieval\Reranker.cs(159,33): warning CA1002: Change 'List<RetrievedDocument>' in 'Reranker.FilterByRelevance(List<RetrievedDocument>, double)' to use 'Collection<T>', 'ReadOnlyCollection<T>' or 'KeyedCollection<K,V>' (https://learn.microsoft.com/dotnet/fundamentals/code-analysis/quality-rules/ca1002) [C:\Projects\Hazina\src\Core\AI\Hazina.AI.RAG\Hazina.AI.RAG.csproj::TargetFramework=net8.0]
C:\Projects\Hazina\src\Core\AI\Hazina.AI.RAG\Retrieval\Reranker.cs(158,12): warning MA0016: Prefer using collection abstraction instead of implementation (https://github.com/meziantou/Meziantou.Analyzer/blob/main/docs/Rules/MA0016.md) [C:\Projects\Hazina\src\Core\AI\Hazina.AI.RAG\Hazina.AI.RAG.csproj::TargetFramework=net8.0]
C:\Projects\Hazina\src\Core\AI\Hazina.AI.RAG\Retrieval\Reranker.cs(159,9): warning MA0016: Prefer using collection abstraction instead of implementation (https://github.com/meziantou/Meziantou.Analyzer/blob/main/docs/Rules/MA0016.md) [C:\Projects\Hazina\src\Core\AI\Hazina.AI.RAG\Hazina.AI.RAG.csproj::TargetFramework=net8.0]
C:\Projects\Hazina\src\Core\AI\Hazina.AI.RAG\Retrieval\Reranker.cs(158,36): warning S2325: Make 'FilterByRelevance' a static method. (https://rules.sonarsource.com/csharp/RSPEC-2325) [C:\Projects\Hazina\src\Core\AI\Hazina.AI.RAG\Hazina.AI.RAG.csproj::TargetFramework=net8.0]
C:\Projects\Hazina\src\Core\AI\Hazina.AI.RAG\Graph\Storage\SQLiteGraphStore.cs(245,9): warning MA0004: Use Task.ConfigureAwait(false) if the current SynchronizationContext is not needed (https://github.com/meziantou/Meziantou.Analyzer/blob/main/docs/Rules/MA0004.md) [C:\Projects\Hazina\src\Core\AI\Hazina.AI.RAG\Hazina.AI.RAG.csproj::TargetFramework=net8.0]
C:\Projects\Hazina\src\Core\AI\Hazina.AI.RAG\Graph\Storage\SQLiteGraphStore.cs(267,28): warning MA0004: Use Task.ConfigureAwait(false) if the current SynchronizationContext is not needed (https://github.com/meziantou/Meziantou.Analyzer/blob/main/docs/Rules/MA0004.md) [C:\Projects\Hazina\src\Core\AI\Hazina.AI.RAG\Hazina.AI.RAG.csproj::TargetFramework=net8.0]
C:\Projects\Hazina\src\Core\AI\Hazina.AI.RAG\Graph\Storage\SQLiteGraphStore.cs(268,16): warning MA0004: Use Task.ConfigureAwait(false) if the current SynchronizationContext is not needed (https://github.com/meziantou/Meziantou.Analyzer/blob/main/docs/Rules/MA0004.md) [C:\Projects\Hazina\src\Core\AI\Hazina.AI.RAG\Hazina.AI.RAG.csproj::TargetFramework=net8.0]
C:\Projects\Hazina\src\Core\AI\Hazina.AI.RAG\Embeddings\HierarchicalChunker.cs(170,34): warning S6610: "StartsWith" overloads that take a "char" should be used (https://rules.sonarsource.com/csharp/RSPEC-6610) [C:\Projects\Hazina\src\Core\AI\Hazina.AI.RAG\Hazina.AI.RAG.csproj::TargetFramework=net8.0]
C:\Projects\Hazina\src\Core\AI\Hazina.AI.RAG\Graph\Storage\SQLiteGraphStore.cs(271,13): warning MA0004: Use Task.ConfigureAwait(false) if the current SynchronizationContext is not needed (https://github.com/meziantou/Meziantou.Analyzer/blob/main/docs/Rules/MA0004.md) [C:\Projects\Hazina\src\Core\AI\Hazina.AI.RAG\Hazina.AI.RAG.csproj::TargetFramework=net8.0]
C:\Projects\Hazina\src\Core\AI\Hazina.AI.RAG\Embeddings\HierarchicalChunker.cs(153,57): warning SA1629: Documentation text should end with a period (https://github.com/DotNetAnalyzers/StyleCopAnalyzers/blob/master/documentation/SA1629.md) [C:\Projects\Hazina\src\Core\AI\Hazina.AI.RAG\Hazina.AI.RAG.csproj::TargetFramework=net8.0]
C:\Projects\Hazina\src\Core\AI\Hazina.AI.RAG\Embeddings\HierarchicalChunker.cs(170,44): warning CA1866: Use 'string.StartsWith(char)' instead of 'string.StartsWith(string)' when you have a string with a single char (https://learn.microsoft.com/dotnet/fundamentals/code-analysis/quality-rules/ca1866) [C:\Projects\Hazina\src\Core\AI\Hazina.AI.RAG\Hazina.AI.RAG.csproj::TargetFramework=net8.0]
C:\Projects\Hazina\src\Core\AI\Hazina.AI.RAG\Embeddings\HierarchicalChunker.cs(170,17): warning CA1310: The behavior of 'string.StartsWith(string)' could vary based on the current user's locale settings. Replace this call in 'Hazina.AI.RAG.Embeddings.HierarchicalChunker.SplitMarkdownSections(string)' with a call to 'string.StartsWith(string, System.StringComparison)'. (https://learn.microsoft.com/dotnet/fundamentals/code-analysis/quality-rules/ca1310) [C:\Projects\Hazina\src\Core\AI\Hazina.AI.RAG\Hazina.AI.RAG.csproj::TargetFramework=net8.0]
C:\Projects\Hazina\src\Core\AI\Hazina.AI.RAG\Embeddings\SemanticSimilarityChunker.cs(320,26): warning S2325: Make 'ApplyRollingAverage' a static method. (https://rules.sonarsource.com/csharp/RSPEC-2325) [C:\Projects\Hazina\src\Core\AI\Hazina.AI.RAG\Hazina.AI.RAG.csproj::TargetFramework=net8.0]
C:\Projects\Hazina\src\Core\AI\Hazina.AI.RAG\Embeddings\HierarchicalChunker.cs(170,17): warning MA0074: Use an overload of 'StartsWith' that has a StringComparison parameter (https://github.com/meziantou/Meziantou.Analyzer/blob/main/docs/Rules/MA0074.md) [C:\Projects\Hazina\src\Core\AI\Hazina.AI.RAG\Hazina.AI.RAG.csproj::TargetFramework=net8.0]
C:\Projects\Hazina\src\Core\AI\Hazina.AI.RAG\Graph\Pipeline\EntityNormalizationService.cs(235,17): warning S2325: Make 'LevenshteinDistance' a static method. (https://rules.sonarsource.com/csharp/RSPEC-2325) [C:\Projects\Hazina\src\Core\AI\Hazina.AI.RAG\Hazina.AI.RAG.csproj::TargetFramework=net8.0]
C:\Projects\Hazina\src\Core\AI\Hazina.AI.RAG\Graph\Storage\SQLiteGraphStore.cs(259,9): warning CA2100: Review if the query string passed to 'string SqliteCommand.CommandText' in 'SearchEntitiesByNameAsync', accepts any user input (https://learn.microsoft.com/dotnet/fundamentals/code-analysis/quality-rules/ca2100) [C:\Projects\Hazina\src\Core\AI\Hazina.AI.RAG\Hazina.AI.RAG.csproj::TargetFramework=net8.0]
C:\Projects\Hazina\src\Core\AI\Hazina.AI.RAG\Graph\Pipeline\GraphConstructionPipeline.cs(43,48): warning MA0051: Method is too long (145 lines; maximum allowed: 60) (https://github.com/meziantou/Meziantou.Analyzer/blob/main/docs/Rules/MA0051.md) [C:\Projects\Hazina\src\Core\AI\Hazina.AI.RAG\Hazina.AI.RAG.csproj::TargetFramework=net8.0]
C:\Projects\Hazina\src\Core\AI\Hazina.AI.RAG\Embeddings\ContentTypeDetector.cs(230,60): warning SA1629: Documentation text should end with a period (https://github.com/DotNetAnalyzers/StyleCopAnalyzers/blob/master/documentation/SA1629.md) [C:\Projects\Hazina\src\Core\AI\Hazina.AI.RAG\Hazina.AI.RAG.csproj::TargetFramework=net8.0]
C:\Projects\Hazina\src\Core\AI\Hazina.AI.RAG\Embeddings\LLMMetadataExtractor.cs(185,58): warning SA1629: Documentation text should end with a period (https://github.com/DotNetAnalyzers/StyleCopAnalyzers/blob/master/documentation/SA1629.md) [C:\Projects\Hazina\src\Core\AI\Hazina.AI.RAG\Hazina.AI.RAG.csproj::TargetFramework=net8.0]
C:\Projects\Hazina\src\Core\AI\Hazina.AI.RAG\Embeddings\LLMMetadataExtractor.cs(191,15): warning CA1845: Use span-based 'string.Concat' and 'AsSpan' instead of 'Substring' (https://learn.microsoft.com/dotnet/fundamentals/code-analysis/quality-rules/ca1845) [C:\Projects\Hazina\src\Core\AI\Hazina.AI.RAG\Hazina.AI.RAG.csproj::TargetFramework=net8.0]
C:\Projects\Hazina\src\Core\AI\Hazina.AI.RAG\Embeddings\BasicMetadataExtractor.cs(151,32): warning SA1116: The parameters should begin on the line after the declaration, whenever the parameter span across multiple lines (https://github.com/DotNetAnalyzers/StyleCopAnalyzers/blob/master/documentation/SA1116.md) [C:\Projects\Hazina\src\Core\AI\Hazina.AI.RAG\Hazina.AI.RAG.csproj::TargetFramework=net8.0]
C:\Projects\Hazina\src\Core\AI\Hazina.AI.RAG\Embeddings\BasicMetadataExtractor.cs(156,28): warning CA1311: Specify a culture or use an invariant version to avoid implicit dependency on current culture (https://learn.microsoft.com/dotnet/fundamentals/code-analysis/quality-rules/ca1311) [C:\Projects\Hazina\src\Core\AI\Hazina.AI.RAG\Hazina.AI.RAG.csproj::TargetFramework=net8.0]
C:\Projects\Hazina\src\Core\AI\Hazina.AI.RAG\Embeddings\BasicMetadataExtractor.cs(151,32): warning CA1861: Prefer 'static readonly' fields over constant array arguments if the called method is called repeatedly and is not mutating the passed array (https://learn.microsoft.com/dotnet/fundamentals/code-analysis/quality-rules/ca1861) [C:\Projects\Hazina\src\Core\AI\Hazina.AI.RAG\Hazina.AI.RAG.csproj::TargetFramework=net8.0]
C:\Projects\Hazina\src\Core\AI\Hazina.AI.RAG\Embeddings\BasicMetadataExtractor.cs(194,18): warning S2325: Make 'DetectNumbers' a static method. (https://rules.sonarsource.com/csharp/RSPEC-2325) [C:\Projects\Hazina\src\Core\AI\Hazina.AI.RAG\Hazina.AI.RAG.csproj::TargetFramework=net8.0]
C:\Projects\Hazina\src\Core\AI\Hazina.AI.RAG\Embeddings\BasicMetadataExtractor.cs(156,26): warning CA1304: The behavior of 'string.ToLower()' could vary based on the current user's locale settings. Replace this call in 'BasicMetadataExtractor.TokenizeAndClean(string)' with a call to 'string.ToLower(CultureInfo)'. (https://learn.microsoft.com/dotnet/fundamentals/code-analysis/quality-rules/ca1304) [C:\Projects\Hazina\src\Core\AI\Hazina.AI.RAG\Hazina.AI.RAG.csproj::TargetFramework=net8.0]
C:\Projects\Hazina\src\Core\AI\Hazina.AI.RAG\Embeddings\BasicMetadataExtractor.cs(156,26): warning MA0011: Use an overload of 'ToLower' that has a 'System.Globalization.CultureInfo' parameter (https://github.com/meziantou/Meziantou.Analyzer/blob/main/docs/Rules/MA0011.md) [C:\Projects\Hazina\src\Core\AI\Hazina.AI.RAG\Hazina.AI.RAG.csproj::TargetFramework=net8.0]
C:\Projects\Hazina\src\Core\AI\Hazina.AI.RAG\Embeddings\BasicMetadataExtractor.cs(159,26): warning MA0011: Use an overload of 'TryParse' that has a 'System.IFormatProvider' parameter (https://github.com/meziantou/Meziantou.Analyzer/blob/main/docs/Rules/MA0011.md) [C:\Projects\Hazina\src\Core\AI\Hazina.AI.RAG\Hazina.AI.RAG.csproj::TargetFramework=net8.0]
C:\Projects\Hazina\src\Core\AI\Hazina.AI.RAG\Embeddings\SemanticSimilarityChunker.cs(347,9): warning S1172: Remove this unused method parameter 'originalText'. (https://rules.sonarsource.com/csharp/RSPEC-1172) [C:\Projects\Hazina\src\Core\AI\Hazina.AI.RAG\Hazina.AI.RAG.csproj::TargetFramework=net8.0]
C:\Projects\Hazina\src\Core\AI\Hazina.AI.RAG\Embeddings\TextChunker.cs(212,51): warning MA0002: Use an overload that has a IEqualityComparer<string> or IComparer<string> parameter (https://github.com/meziantou/Meziantou.Analyzer/blob/main/docs/Rules/MA0002.md) [C:\Projects\Hazina\src\Core\AI\Hazina.AI.RAG\Hazina.AI.RAG.csproj::TargetFramework=net8.0]
C:\Projects\Hazina\src\Core\AI\Hazina.AI.RAG\Embeddings\TextChunker.cs(212,94): warning MA0002: Use an overload that has a IEqualityComparer<string> or IComparer<string> parameter (https://github.com/meziantou/Meziantou.Analyzer/blob/main/docs/Rules/MA0002.md) [C:\Projects\Hazina\src\Core\AI\Hazina.AI.RAG\Hazina.AI.RAG.csproj::TargetFramework=net8.0]
C:\Projects\Hazina\src\Core\AI\Hazina.AI.RAG\Graph\Storage\InMemoryGraphStore.cs(171,29): warning MA0004: Use Task.ConfigureAwait(false) if the current SynchronizationContext is not needed (https://github.com/meziantou/Meziantou.Analyzer/blob/main/docs/Rules/MA0004.md) [C:\Projects\Hazina\src\Core\AI\Hazina.AI.RAG\Hazina.AI.RAG.csproj::TargetFramework=net8.0]
C:\Projects\Hazina\src\Core\AI\Hazina.AI.RAG\Embeddings\TextChunker.cs(232,47): warning MA0002: Use an overload that has a IEqualityComparer<string> or IComparer<string> parameter (https://github.com/meziantou/Meziantou.Analyzer/blob/main/docs/Rules/MA0002.md) [C:\Projects\Hazina\src\Core\AI\Hazina.AI.RAG\Hazina.AI.RAG.csproj::TargetFramework=net8.0]
C:\Projects\Hazina\src\Core\AI\Hazina.AI.RAG\Graph\Storage\InMemoryGraphStore.cs(179,32): warning MA0004: Use Task.ConfigureAwait(false) if the current SynchronizationContext is not needed (https://github.com/meziantou/Meziantou.Analyzer/blob/main/docs/Rules/MA0004.md) [C:\Projects\Hazina\src\Core\AI\Hazina.AI.RAG\Hazina.AI.RAG.csproj::TargetFramework=net8.0]
C:\Projects\Hazina\src\Core\AI\Hazina.AI.RAG\Embeddings\TextChunker.cs(232,90): warning MA0002: Use an overload that has a IEqualityComparer<string> or IComparer<string> parameter (https://github.com/meziantou/Meziantou.Analyzer/blob/main/docs/Rules/MA0002.md) [C:\Projects\Hazina\src\Core\AI\Hazina.AI.RAG\Hazina.AI.RAG.csproj::TargetFramework=net8.0]
C:\Projects\Hazina\src\Core\AI\Hazina.AI.RAG\Graph\Storage\InMemoryGraphStore.cs(186,25): warning MA0004: Use Task.ConfigureAwait(false) if the current SynchronizationContext is not needed (https://github.com/meziantou/Meziantou.Analyzer/blob/main/docs/Rules/MA0004.md) [C:\Projects\Hazina\src\Core\AI\Hazina.AI.RAG\Hazina.AI.RAG.csproj::TargetFramework=net8.0]
C:\Projects\Hazina\src\Core\AI\Hazina.AI.RAG\Embeddings\SemanticSimilarityChunker.cs(318,71): warning SA1629: Documentation text should end with a period (https://github.com/DotNetAnalyzers/StyleCopAnalyzers/blob/master/documentation/SA1629.md) [C:\Projects\Hazina\src\Core\AI\Hazina.AI.RAG\Hazina.AI.RAG.csproj::TargetFramework=net8.0]
C:\Projects\Hazina\src\Core\AI\Hazina.AI.RAG\Embeddings\SemanticSimilarityChunker.cs(323,13): warning SA1503: Braces should not be omitted (https://github.com/DotNetAnalyzers/StyleCopAnalyzers/blob/master/documentation/SA1503.md) [C:\Projects\Hazina\src\Core\AI\Hazina.AI.RAG\Hazina.AI.RAG.csproj::TargetFramework=net8.0]
C:\Projects\Hazina\src\Core\AI\Hazina.AI.RAG\Graph\Storage\InMemoryGraphStore.cs(175,30): warning MA0006: Use string.Equals instead of Equals operator (https://github.com/meziantou/Meziantou.Analyzer/blob/main/docs/Rules/MA0006.md) [C:\Projects\Hazina\src\Core\AI\Hazina.AI.RAG\Hazina.AI.RAG.csproj::TargetFramework=net8.0]
C:\Projects\Hazina\src\Core\AI\Hazina.AI.RAG\Embeddings\LLMMetadataExtractor.cs(213,20): warning S2325: Make 'BuildBatchPrompt' a static method. (https://rules.sonarsource.com/csharp/RSPEC-2325) [C:\Projects\Hazina\src\Core\AI\Hazina.AI.RAG\Hazina.AI.RAG.csproj::TargetFramework=net8.0]
C:\Projects\Hazina\src\Core\AI\Hazina.AI.RAG\Retrieval\Reranker.cs(168,36): warning CA1002: Change 'List<RetrievedDocument>' in 'Reranker.DiversifyResults(List<RetrievedDocument>, int, [double])' to use 'Collection<T>', 'ReadOnlyCollection<T>' or 'KeyedCollection<K,V>' (https://learn.microsoft.com/dotnet/fundamentals/code-analysis/quality-rules/ca1002) [C:\Projects\Hazina\src\Core\AI\Hazina.AI.RAG\Hazina.AI.RAG.csproj::TargetFramework=net8.0]
C:\Projects\Hazina\src\Core\AI\Hazina.AI.RAG\Retrieval\Reranker.cs(169,33): warning CA1002: Change 'List<RetrievedDocument>' in 'Reranker.DiversifyResults(List<RetrievedDocument>, int, [double])' to use 'Collection<T>', 'ReadOnlyCollection<T>' or 'KeyedCollection<K,V>' (https://learn.microsoft.com/dotnet/fundamentals/code-analysis/quality-rules/ca1002) [C:\Projects\Hazina\src\Core\AI\Hazina.AI.RAG\Hazina.AI.RAG.csproj::TargetFramework=net8.0]
C:\Projects\Hazina\src\Core\AI\Hazina.AI.RAG\Retrieval\Reranker.cs(168,12): warning MA0016: Prefer using collection abstraction instead of implementation (https://github.com/meziantou/Meziantou.Analyzer/blob/main/docs/Rules/MA0016.md) [C:\Projects\Hazina\src\Core\AI\Hazina.AI.RAG\Hazina.AI.RAG.csproj::TargetFramework=net8.0]
C:\Projects\Hazina\src\Core\AI\Hazina.AI.RAG\Retrieval\Reranker.cs(169,9): warning MA0016: Prefer using collection abstraction instead of implementation (https://github.com/meziantou/Meziantou.Analyzer/blob/main/docs/Rules/MA0016.md) [C:\Projects\Hazina\src\Core\AI\Hazina.AI.RAG\Hazina.AI.RAG.csproj::TargetFramework=net8.0]
C:\Projects\Hazina\src\Core\AI\Hazina.AI.RAG\Graph\Pipeline\EntityNormalizationService.cs(283,24): warning S1244: Do not check floating point equality with exact values, use a range instead. (https://rules.sonarsource.com/csharp/RSPEC-1244) [C:\Projects\Hazina\src\Core\AI\Hazina.AI.RAG\Hazina.AI.RAG.csproj::TargetFramework=net8.0]
C:\Projects\Hazina\src\Core\AI\Hazina.AI.RAG\Graph\Pipeline\EntityNormalizationService.cs(283,45): warning S1244: Do not check floating point equality with exact values, use a range instead. (https://rules.sonarsource.com/csharp/RSPEC-1244) [C:\Projects\Hazina\src\Core\AI\Hazina.AI.RAG\Hazina.AI.RAG.csproj::TargetFramework=net8.0]
C:\Projects\Hazina\src\Core\AI\Hazina.AI.RAG\Graph\Pipeline\EntityNormalizationService.cs(265,20): warning S2325: Make 'CalculateCosineSimilarity' a static method. (https://rules.sonarsource.com/csharp/RSPEC-2325) [C:\Projects\Hazina\src\Core\AI\Hazina.AI.RAG\Hazina.AI.RAG.csproj::TargetFramework=net8.0]
C:\Projects\Hazina\src\Core\AI\Hazina.AI.RAG\Graph\Retrieval\HybridRetrievalService.cs(97,59): warning SA1503: Braces should not be omitted (https://github.com/DotNetAnalyzers/StyleCopAnalyzers/blob/master/documentation/SA1503.md) [C:\Projects\Hazina\src\Core\AI\Hazina.AI.RAG\Hazina.AI.RAG.csproj::TargetFramework=net8.0]
C:\Projects\Hazina\src\Core\AI\Hazina.AI.RAG\Graph\Retrieval\HybridRetrievalService.cs(103,93): warning SA1503: Braces should not be omitted (https://github.com/DotNetAnalyzers/StyleCopAnalyzers/blob/master/documentation/SA1503.md) [C:\Projects\Hazina\src\Core\AI\Hazina.AI.RAG\Hazina.AI.RAG.csproj::TargetFramework=net8.0]
C:\Projects\Hazina\src\Core\AI\Hazina.AI.RAG\Graph\Retrieval\HybridRetrievalService.cs(90,49): warning SA1316: Tuple element names should use correct casing (https://github.com/DotNetAnalyzers/StyleCopAnalyzers/blob/master/documentation/SA1316.md) [C:\Projects\Hazina\src\Core\AI\Hazina.AI.RAG\Hazina.AI.RAG.csproj::TargetFramework=net8.0]
C:\Projects\Hazina\src\Core\AI\Hazina.AI.RAG\Graph\Retrieval\HybridRetrievalService.cs(90,63): warning SA1316: Tuple element names should use correct casing (https://github.com/DotNetAnalyzers/StyleCopAnalyzers/blob/master/documentation/SA1316.md) [C:\Projects\Hazina\src\Core\AI\Hazina.AI.RAG\Hazina.AI.RAG.csproj::TargetFramework=net8.0]
C:\Projects\Hazina\src\Core\AI\Hazina.AI.RAG\Graph\Retrieval\HybridRetrievalService.cs(90,80): warning SA1316: Tuple element names should use correct casing (https://github.com/DotNetAnalyzers/StyleCopAnalyzers/blob/master/documentation/SA1316.md) [C:\Projects\Hazina\src\Core\AI\Hazina.AI.RAG\Hazina.AI.RAG.csproj::TargetFramework=net8.0]
C:\Projects\Hazina\src\Core\AI\Hazina.AI.RAG\Graph\Retrieval\HybridRetrievalService.cs(90,99): warning SA1316: Tuple element names should use correct casing (https://github.com/DotNetAnalyzers/StyleCopAnalyzers/blob/master/documentation/SA1316.md) [C:\Projects\Hazina\src\Core\AI\Hazina.AI.RAG\Hazina.AI.RAG.csproj::TargetFramework=net8.0]
C:\Projects\Hazina\src\Core\AI\Hazina.AI.RAG\Graph\Retrieval\HybridRetrievalService.cs(92,60): warning SA1108: Block statements should not contain embedded comments (https://github.com/DotNetAnalyzers/StyleCopAnalyzers/blob/master/documentation/SA1108.md) [C:\Projects\Hazina\src\Core\AI\Hazina.AI.RAG\Hazina.AI.RAG.csproj::TargetFramework=net8.0]
C:\Projects\Hazina\src\Core\AI\Hazina.AI.RAG\Graph\Pipeline\EntityNormalizationService.cs(239,18): warning CA1814: LevenshteinDistance uses a multidimensional array of int[*,*]. Replace it with a jagged array if possible. (https://learn.microsoft.com/dotnet/fundamentals/code-analysis/quality-rules/ca1814) [C:\Projects\Hazina\src\Core\AI\Hazina.AI.RAG\Hazina.AI.RAG.csproj::TargetFramework=net8.0]
C:\Projects\Hazina\src\Core\AI\Hazina.AI.RAG\Embeddings\ContentTypeDetector.cs(264,68): warning SA1629: Documentation text should end with a period (https://github.com/DotNetAnalyzers/StyleCopAnalyzers/blob/master/documentation/SA1629.md) [C:\Projects\Hazina\src\Core\AI\Hazina.AI.RAG\Hazina.AI.RAG.csproj::TargetFramework=net8.0]
C:\Projects\Hazina\src\Core\AI\Hazina.AI.RAG\Graph\Retrieval\HybridRetrievalService.cs(87,58): warning SA1122: Use string.Empty for empty strings (https://github.com/DotNetAnalyzers/StyleCopAnalyzers/blob/master/documentation/SA1122.md) [C:\Projects\Hazina\src\Core\AI\Hazina.AI.RAG\Hazina.AI.RAG.csproj::TargetFramework=net8.0]
C:\Projects\Hazina\src\Core\AI\Hazina.AI.RAG\Graph\Retrieval\HybridRetrievalService.cs(106,84): warning SA1122: Use string.Empty for empty strings (https://github.com/DotNetAnalyzers/StyleCopAnalyzers/blob/master/documentation/SA1122.md) [C:\Projects\Hazina\src\Core\AI\Hazina.AI.RAG\Hazina.AI.RAG.csproj::TargetFramework=net8.0]
C:\Projects\Hazina\src\Core\AI\Hazina.AI.RAG\Embeddings\BasicMetadataExtractor.cs(167,49): warning SA1629: Documentation text should end with a period (https://github.com/DotNetAnalyzers/StyleCopAnalyzers/blob/master/documentation/SA1629.md) [C:\Projects\Hazina\src\Core\AI\Hazina.AI.RAG\Hazina.AI.RAG.csproj::TargetFramework=net8.0]
C:\Projects\Hazina\src\Core\AI\Hazina.AI.RAG\Graph\Retrieval\HybridRetrievalService.cs(113,21): warning CA1848: For improved performance, use the LoggerMessage delegates instead of calling 'LoggerExtensions.LogWarning(ILogger, Exception?, string?, params object?[])' (https://learn.microsoft.com/dotnet/fundamentals/code-analysis/quality-rules/ca1848) [C:\Projects\Hazina\src\Core\AI\Hazina.AI.RAG\Hazina.AI.RAG.csproj::TargetFramework=net8.0]
C:\Projects\Hazina\src\Core\AI\Hazina.AI.RAG\Graph\Retrieval\HybridRetrievalService.cs(137,13): warning CA1848: For improved performance, use the LoggerMessage delegates instead of calling 'LoggerExtensions.LogError(ILogger, Exception?, string?, params object?[])' (https://learn.microsoft.com/dotnet/fundamentals/code-analysis/quality-rules/ca1848) [C:\Projects\Hazina\src\Core\AI\Hazina.AI.RAG\Hazina.AI.RAG.csproj::TargetFramework=net8.0]
C:\Projects\Hazina\src\Core\AI\Hazina.AI.RAG\Embeddings\ContentTypeDetector.cs(274,13): warning MA0006: Use string.Equals instead of Equals operator (https://github.com/meziantou/Meziantou.Analyzer/blob/main/docs/Rules/MA0006.md) [C:\Projects\Hazina\src\Core\AI\Hazina.AI.RAG\Hazina.AI.RAG.csproj::TargetFramework=net8.0]
C:\Projects\Hazina\src\Core\AI\Hazina.AI.RAG\Graph\Retrieval\HybridRetrievalService.cs(87,32): warning MA0004: Use Task.ConfigureAwait(false) if the current SynchronizationContext is not needed (https://github.com/meziantou/Meziantou.Analyzer/blob/main/docs/Rules/MA0004.md) [C:\Projects\Hazina\src\Core\AI\Hazina.AI.RAG\Hazina.AI.RAG.csproj::TargetFramework=net8.0]
C:\Projects\Hazina\src\Core\AI\Hazina.AI.RAG\Graph\Retrieval\HybridRetrievalService.cs(96,41): warning MA0004: Use Task.ConfigureAwait(false) if the current SynchronizationContext is not needed (https://github.com/meziantou/Meziantou.Analyzer/blob/main/docs/Rules/MA0004.md) [C:\Projects\Hazina\src\Core\AI\Hazina.AI.RAG\Hazina.AI.RAG.csproj::TargetFramework=net8.0]
C:\Projects\Hazina\src\Core\AI\Hazina.AI.RAG\Retrieval\Reranker.cs(166,47): warning SA1629: Documentation text should end with a period (https://github.com/DotNetAnalyzers/StyleCopAnalyzers/blob/master/documentation/SA1629.md) [C:\Projects\Hazina\src\Core\AI\Hazina.AI.RAG\Hazina.AI.RAG.csproj::TargetFramework=net8.0]
C:\Projects\Hazina\src\Core\AI\Hazina.AI.RAG\Retrieval\Reranker.cs(174,13): warning SA1503: Braces should not be omitted (https://github.com/DotNetAnalyzers/StyleCopAnalyzers/blob/master/documentation/SA1503.md) [C:\Projects\Hazina\src\Core\AI\Hazina.AI.RAG\Hazina.AI.RAG.csproj::TargetFramework=net8.0]
C:\Projects\Hazina\src\Core\AI\Hazina.AI.RAG\Retrieval\Reranker.cs(182,17): warning SA1503: Braces should not be omitted (https://github.com/DotNetAnalyzers/StyleCopAnalyzers/blob/master/documentation/SA1503.md) [C:\Projects\Hazina\src\Core\AI\Hazina.AI.RAG\Hazina.AI.RAG.csproj::TargetFramework=net8.0]
C:\Projects\Hazina\src\Core\AI\Hazina.AI.RAG\Graph\Retrieval\HybridRetrievalService.cs(102,46): warning MA0004: Use Task.ConfigureAwait(false) if the current SynchronizationContext is not needed (https://github.com/meziantou/Meziantou.Analyzer/blob/main/docs/Rules/MA0004.md) [C:\Projects\Hazina\src\Core\AI\Hazina.AI.RAG\Hazina.AI.RAG.csproj::TargetFramework=net8.0]
C:\Projects\Hazina\src\Core\AI\Hazina.AI.RAG\Graph\Retrieval\HybridRetrievalService.cs(106,41): warning MA0004: Use Task.ConfigureAwait(false) if the current SynchronizationContext is not needed (https://github.com/meziantou/Meziantou.Analyzer/blob/main/docs/Rules/MA0004.md) [C:\Projects\Hazina\src\Core\AI\Hazina.AI.RAG\Hazina.AI.RAG.csproj::TargetFramework=net8.0]
C:\Projects\Hazina\src\Core\AI\Hazina.AI.RAG\Embeddings\ContentTypeDetector.cs(270,27): warning CA1062: In externally visible method 'void ContentTypeDetector.ApplyContentTypeOptimizations(SemanticChunkingOptions options, string text)', validate parameter 'options' is non-null before using it. If appropriate, throw an 'ArgumentNullException' when the argument is 'null'. (https://learn.microsoft.com/dotnet/fundamentals/code-analysis/quality-rules/ca1062) [C:\Projects\Hazina\src\Core\AI\Hazina.AI.RAG\Hazina.AI.RAG.csproj::TargetFramework=net8.0]
C:\Projects\Hazina\src\Core\AI\Hazina.AI.RAG\Graph\Retrieval\HybridRetrievalService.cs(165,24): warning S1244: Do not check floating point equality with exact values, use a range instead. (https://rules.sonarsource.com/csharp/RSPEC-1244) [C:\Projects\Hazina\src\Core\AI\Hazina.AI.RAG\Hazina.AI.RAG.csproj::TargetFramework=net8.0]
C:\Projects\Hazina\src\Core\AI\Hazina.AI.RAG\Graph\Retrieval\HybridRetrievalService.cs(165,43): warning S1244: Do not check floating point equality with exact values, use a range instead. (https://rules.sonarsource.com/csharp/RSPEC-1244) [C:\Projects\Hazina\src\Core\AI\Hazina.AI.RAG\Hazina.AI.RAG.csproj::TargetFramework=net8.0]
C:\Projects\Hazina\src\Core\AI\Hazina.AI.RAG\Retrieval\Reranker.cs(173,13): warning CA1062: In externally visible method 'List<RetrievedDocument> Reranker.DiversifyResults(List<RetrievedDocument> documents, int maxResults, double diversityThreshold = 0.8)', validate parameter 'documents' is non-null before using it. If appropriate, throw an 'ArgumentNullException' when the argument is 'null'. (https://learn.microsoft.com/dotnet/fundamentals/code-analysis/quality-rules/ca1062) [C:\Projects\Hazina\src\Core\AI\Hazina.AI.RAG\Hazina.AI.RAG.csproj::TargetFramework=net8.0]
C:\Projects\Hazina\src\Core\AI\Hazina.AI.RAG\Embeddings\SemanticSimilarityChunker.cs(342,52): warning SA1629: Documentation text should end with a period (https://github.com/DotNetAnalyzers/StyleCopAnalyzers/blob/master/documentation/SA1629.md) [C:\Projects\Hazina\src\Core\AI\Hazina.AI.RAG\Hazina.AI.RAG.csproj::TargetFramework=net8.0]
C:\Projects\Hazina\src\Core\AI\Hazina.AI.RAG\Embeddings\SemanticSimilarityChunker.cs(368,28): warning MA0002: Use an overload that has a IEqualityComparer<string> or IComparer<string> parameter (https://github.com/meziantou/Meziantou.Analyzer/blob/main/docs/Rules/MA0002.md) [C:\Projects\Hazina\src\Core\AI\Hazina.AI.RAG\Hazina.AI.RAG.csproj::TargetFramework=net8.0]
C:\Projects\Hazina\src\Core\AI\Hazina.AI.RAG\Graph\Retrieval\HybridRetrievalService.cs(111,17): warning CA1031: Modify 'PerformVectorSearchAsync' to catch a more specific allowed exception type, or rethrow the exception (https://learn.microsoft.com/dotnet/fundamentals/code-analysis/quality-rules/ca1031) [C:\Projects\Hazina\src\Core\AI\Hazina.AI.RAG\Hazina.AI.RAG.csproj::TargetFramework=net8.0]
C:\Projects\Hazina\src\Core\AI\Hazina.AI.RAG\Embeddings\LLMMetadataExtractor.cs(211,51): warning SA1629: Documentation text should end with a period (https://github.com/DotNetAnalyzers/StyleCopAnalyzers/blob/master/documentation/SA1629.md) [C:\Projects\Hazina\src\Core\AI\Hazina.AI.RAG\Hazina.AI.RAG.csproj::TargetFramework=net8.0]
C:\Projects\Hazina\src\Core\AI\Hazina.AI.RAG\Embeddings\LLMMetadataExtractor.cs(227,19): warning CA1845: Use span-based 'string.Concat' and 'AsSpan' instead of 'Substring' (https://learn.microsoft.com/dotnet/fundamentals/code-analysis/quality-rules/ca1845) [C:\Projects\Hazina\src\Core\AI\Hazina.AI.RAG\Hazina.AI.RAG.csproj::TargetFramework=net8.0]
C:\Projects\Hazina\src\Core\AI\Hazina.AI.RAG\Embeddings\LLMMetadataExtractor.cs(219,9): warning CA1305: The behavior of 'StringBuilder.AppendLine(ref StringBuilder.AppendInterpolatedStringHandler)' could vary based on the current user's locale settings. Replace this call in 'LLMMetadataExtractor.BuildBatchPrompt(List<TextChunk>)' with a call to 'StringBuilder.AppendLine(IFormatProvider, ref StringBuilder.AppendInterpolatedStringHandler)'. (https://learn.microsoft.com/dotnet/fundamentals/code-analysis/quality-rules/ca1305) [C:\Projects\Hazina\src\Core\AI\Hazina.AI.RAG\Hazina.AI.RAG.csproj::TargetFramework=net8.0]
C:\Projects\Hazina\src\Core\AI\Hazina.AI.RAG\Embeddings\LLMMetadataExtractor.cs(230,13): warning CA1305: The behavior of 'StringBuilder.AppendLine(ref StringBuilder.AppendInterpolatedStringHandler)' could vary based on the current user's locale settings. Replace this call in 'LLMMetadataExtractor.BuildBatchPrompt(List<TextChunk>)' with a call to 'StringBuilder.AppendLine(IFormatProvider, ref StringBuilder.AppendInterpolatedStringHandler)'. (https://learn.microsoft.com/dotnet/fundamentals/code-analysis/quality-rules/ca1305) [C:\Projects\Hazina\src\Core\AI\Hazina.AI.RAG\Hazina.AI.RAG.csproj::TargetFramework=net8.0]
C:\Projects\Hazina\src\Core\AI\Hazina.AI.RAG\Embeddings\LLMMetadataExtractor.cs(239,9): warning CA1305: The behavior of 'StringBuilder.AppendLine(ref StringBuilder.AppendInterpolatedStringHandler)' could vary based on the current user's locale settings. Replace this call in 'LLMMetadataExtractor.BuildBatchPrompt(List<TextChunk>)' with a call to 'StringBuilder.AppendLine(IFormatProvider, ref StringBuilder.AppendInterpolatedStringHandler)'. (https://learn.microsoft.com/dotnet/fundamentals/code-analysis/quality-rules/ca1305) [C:\Projects\Hazina\src\Core\AI\Hazina.AI.RAG\Hazina.AI.RAG.csproj::TargetFramework=net8.0]
C:\Projects\Hazina\src\Core\AI\Hazina.AI.RAG\Embeddings\LLMMetadataExtractor.cs(243,9): warning CA1305: The behavior of 'StringBuilder.AppendLine(ref StringBuilder.AppendInterpolatedStringHandler)' could vary based on the current user's locale settings. Replace this call in 'LLMMetadataExtractor.BuildBatchPrompt(List<TextChunk>)' with a call to 'StringBuilder.AppendLine(IFormatProvider, ref StringBuilder.AppendInterpolatedStringHandler)'. (https://learn.microsoft.com/dotnet/fundamentals/code-analysis/quality-rules/ca1305) [C:\Projects\Hazina\src\Core\AI\Hazina.AI.RAG\Hazina.AI.RAG.csproj::TargetFramework=net8.0]
C:\Projects\Hazina\src\Core\AI\Hazina.AI.RAG\Retrieval\Reranker.cs(156,56): warning SA1629: Documentation text should end with a period (https://github.com/DotNetAnalyzers/StyleCopAnalyzers/blob/master/documentation/SA1629.md) [C:\Projects\Hazina\src\Core\AI\Hazina.AI.RAG\Hazina.AI.RAG.csproj::TargetFramework=net8.0]
C:\Projects\Hazina\src\Core\AI\Hazina.AI.RAG\Embeddings\LLMMetadataExtractor.cs(219,9): warning MA0011: Use an overload of 'AppendLine' that has a 'System.IFormatProvider' parameter (https://github.com/meziantou/Meziantou.Analyzer/blob/main/docs/Rules/MA0011.md) [C:\Projects\Hazina\src\Core\AI\Hazina.AI.RAG\Hazina.AI.RAG.csproj::TargetFramework=net8.0]
C:\Projects\Hazina\src\Core\AI\Hazina.AI.RAG\Embeddings\LLMMetadataExtractor.cs(230,13): warning MA0011: Use an overload of 'AppendLine' that has a 'System.IFormatProvider' parameter (https://github.com/meziantou/Meziantou.Analyzer/blob/main/docs/Rules/MA0011.md) [C:\Projects\Hazina\src\Core\AI\Hazina.AI.RAG\Hazina.AI.RAG.csproj::TargetFramework=net8.0]
C:\Projects\Hazina\src\Core\AI\Hazina.AI.RAG\Embeddings\LLMMetadataExtractor.cs(243,9): warning MA0011: Use an overload of 'AppendLine' that has a 'System.IFormatProvider' parameter (https://github.com/meziantou/Meziantou.Analyzer/blob/main/docs/Rules/MA0011.md) [C:\Projects\Hazina\src\Core\AI\Hazina.AI.RAG\Hazina.AI.RAG.csproj::TargetFramework=net8.0]
C:\Projects\Hazina\src\Core\AI\Hazina.AI.RAG\Graph\Pipeline\GraphConstructionPipeline.cs(200,18): warning MA0016: Prefer using collection abstraction instead of implementation (https://github.com/meziantou/Meziantou.Analyzer/blob/main/docs/Rules/MA0016.md) [C:\Projects\Hazina\src\Core\AI\Hazina.AI.RAG\Hazina.AI.RAG.csproj::TargetFramework=net8.0]
C:\Projects\Hazina\src\Core\AI\Hazina.AI.RAG\Graph\Pipeline\GraphConstructionPipeline.cs(201,9): warning MA0016: Prefer using collection abstraction instead of implementation (https://github.com/meziantou/Meziantou.Analyzer/blob/main/docs/Rules/MA0016.md) [C:\Projects\Hazina\src\Core\AI\Hazina.AI.RAG\Hazina.AI.RAG.csproj::TargetFramework=net8.0]
C:\Projects\Hazina\src\Core\AI\Hazina.AI.RAG\Graph\Storage\InMemoryGraphStore.cs(254,13): warning S1066: Merge this if statement with the enclosing one. (https://rules.sonarsource.com/csharp/RSPEC-1066) [C:\Projects\Hazina\src\Core\AI\Hazina.AI.RAG\Hazina.AI.RAG.csproj::TargetFramework=net8.0]
C:\Projects\Hazina\src\Core\AI\Hazina.AI.RAG\Embeddings\TextChunker.cs(283,17): warning CA1848: For improved performance, use the LoggerMessage delegates instead of calling 'LoggerExtensions.LogInformation(ILogger, string?, params object?[])' (https://learn.microsoft.com/dotnet/fundamentals/code-analysis/quality-rules/ca1848) [C:\Projects\Hazina\src\Core\AI\Hazina.AI.RAG\Hazina.AI.RAG.csproj::TargetFramework=net8.0]
C:\Projects\Hazina\src\Core\AI\Hazina.AI.RAG\Embeddings\TextChunker.cs(242,37): warning CA1861: Prefer 'static readonly' fields over constant array arguments if the called method is called repeatedly and is not mutating the passed array (https://learn.microsoft.com/dotnet/fundamentals/code-analysis/quality-rules/ca1861) [C:\Projects\Hazina\src\Core\AI\Hazina.AI.RAG\Hazina.AI.RAG.csproj::TargetFramework=net8.0]
C:\Projects\Hazina\src\Core\AI\Hazina.AI.RAG\Graph\Retrieval\HybridRetrievalService.cs(148,19): warning MA0015: Use an overload of 'System.ArgumentException' with the parameter name (https://github.com/meziantou/Meziantou.Analyzer/blob/main/docs/Rules/MA0015.md) [C:\Projects\Hazina\src\Core\AI\Hazina.AI.RAG\Hazina.AI.RAG.csproj::TargetFramework=net8.0]
C:\Projects\Hazina\src\Core\AI\Hazina.AI.RAG\Embeddings\TextChunker.cs(269,51): warning MA0002: Use an overload that has a IEqualityComparer<string> or IComparer<string> parameter (https://github.com/meziantou/Meziantou.Analyzer/blob/main/docs/Rules/MA0002.md) [C:\Projects\Hazina\src\Core\AI\Hazina.AI.RAG\Hazina.AI.RAG.csproj::TargetFramework=net8.0]
C:\Projects\Hazina\src\Core\AI\Hazina.AI.RAG\Embeddings\TextChunker.cs(269,94): warning MA0002: Use an overload that has a IEqualityComparer<string> or IComparer<string> parameter (https://github.com/meziantou/Meziantou.Analyzer/blob/main/docs/Rules/MA0002.md) [C:\Projects\Hazina\src\Core\AI\Hazina.AI.RAG\Hazina.AI.RAG.csproj::TargetFramework=net8.0]
C:\Projects\Hazina\src\Core\AI\Hazina.AI.RAG\Embeddings\BasicMetadataExtractor.cs(192,63): warning SA1629: Documentation text should end with a period (https://github.com/DotNetAnalyzers/StyleCopAnalyzers/blob/master/documentation/SA1629.md) [C:\Projects\Hazina\src\Core\AI\Hazina.AI.RAG\Hazina.AI.RAG.csproj::TargetFramework=net8.0]
C:\Projects\Hazina\src\Core\AI\Hazina.AI.RAG\Graph\Storage\SQLiteGraphStore.cs(302,48): warning SA1316: Tuple element names should use correct casing (https://github.com/DotNetAnalyzers/StyleCopAnalyzers/blob/master/documentation/SA1316.md) [C:\Projects\Hazina\src\Core\AI\Hazina.AI.RAG\Hazina.AI.RAG.csproj::TargetFramework=net8.0]
C:\Projects\Hazina\src\Core\AI\Hazina.AI.RAG\Graph\Storage\SQLiteGraphStore.cs(302,63): warning SA1316: Tuple element names should use correct casing (https://github.com/DotNetAnalyzers/StyleCopAnalyzers/blob/master/documentation/SA1316.md) [C:\Projects\Hazina\src\Core\AI\Hazina.AI.RAG\Hazina.AI.RAG.csproj::TargetFramework=net8.0]
C:\Projects\Hazina\src\Core\AI\Hazina.AI.RAG\Embeddings\LLMMetadataExtractor.cs(249,58): warning SA1629: Documentation text should end with a period (https://github.com/DotNetAnalyzers/StyleCopAnalyzers/blob/master/documentation/SA1629.md) [C:\Projects\Hazina\src\Core\AI\Hazina.AI.RAG\Hazina.AI.RAG.csproj::TargetFramework=net8.0]
C:\Projects\Hazina\src\Core\AI\Hazina.AI.RAG\Embeddings\BasicMetadataExtractor.cs(196,32): warning CA1861: Prefer 'static readonly' fields over constant array arguments if the called method is called repeatedly and is not mutating the passed array (https://learn.microsoft.com/dotnet/fundamentals/code-analysis/quality-rules/ca1861) [C:\Projects\Hazina\src\Core\AI\Hazina.AI.RAG\Hazina.AI.RAG.csproj::TargetFramework=net8.0]
C:\Projects\Hazina\src\Core\AI\Hazina.AI.RAG\Embeddings\LLMMetadataExtractor.cs(254,15): warning CA1845: Use span-based 'string.Concat' and 'AsSpan' instead of 'Substring' (https://learn.microsoft.com/dotnet/fundamentals/code-analysis/quality-rules/ca1845) [C:\Projects\Hazina\src\Core\AI\Hazina.AI.RAG\Hazina.AI.RAG.csproj::TargetFramework=net8.0]
C:\Projects\Hazina\src\Core\AI\Hazina.AI.RAG\Embeddings\BasicMetadataExtractor.cs(197,44): warning MA0011: Use an overload of 'TryParse' that has a 'System.IFormatProvider' parameter (https://github.com/meziantou/Meziantou.Analyzer/blob/main/docs/Rules/MA0011.md) [C:\Projects\Hazina\src\Core\AI\Hazina.AI.RAG\Hazina.AI.RAG.csproj::TargetFramework=net8.0]
C:\Projects\Hazina\src\Core\AI\Hazina.AI.RAG\Graph\Storage\SQLiteGraphStore.cs(285,9): warning MA0004: Use Task.ConfigureAwait(false) if the current SynchronizationContext is not needed (https://github.com/meziantou/Meziantou.Analyzer/blob/main/docs/Rules/MA0004.md) [C:\Projects\Hazina\src\Core\AI\Hazina.AI.RAG\Hazina.AI.RAG.csproj::TargetFramework=net8.0]
C:\Projects\Hazina\src\Core\AI\Hazina.AI.RAG\Graph\Storage\SQLiteGraphStore.cs(303,28): warning MA0004: Use Task.ConfigureAwait(false) if the current SynchronizationContext is not needed (https://github.com/meziantou/Meziantou.Analyzer/blob/main/docs/Rules/MA0004.md) [C:\Projects\Hazina\src\Core\AI\Hazina.AI.RAG\Hazina.AI.RAG.csproj::TargetFramework=net8.0]
C:\Projects\Hazina\src\Core\AI\Hazina.AI.RAG\Graph\Storage\SQLiteGraphStore.cs(356,9): warning CA1873: Evaluation of this argument may be expensive and unnecessary if logging is disabled (https://learn.microsoft.com/dotnet/fundamentals/code-analysis/quality-rules/ca1873) [C:\Projects\Hazina\src\Core\AI\Hazina.AI.RAG\Hazina.AI.RAG.csproj::TargetFramework=net8.0]
C:\Projects\Hazina\src\Core\AI\Hazina.AI.RAG\Graph\Storage\SQLiteGraphStore.cs(304,16): warning MA0004: Use Task.ConfigureAwait(false) if the current SynchronizationContext is not needed (https://github.com/meziantou/Meziantou.Analyzer/blob/main/docs/Rules/MA0004.md) [C:\Projects\Hazina\src\Core\AI\Hazina.AI.RAG\Hazina.AI.RAG.csproj::TargetFramework=net8.0]
C:\Projects\Hazina\src\Core\AI\Hazina.AI.RAG\Embeddings\TextChunker.cs(290,26): warning S2325: Make 'SplitIntoSentences' a static method. (https://rules.sonarsource.com/csharp/RSPEC-2325) [C:\Projects\Hazina\src\Core\AI\Hazina.AI.RAG\Hazina.AI.RAG.csproj::TargetFramework=net8.0]
C:\Projects\Hazina\src\Core\AI\Hazina.AI.RAG\Graph\Storage\SQLiteGraphStore.cs(356,9): warning CA1848: For improved performance, use the LoggerMessage delegates instead of calling 'LoggerExtensions.LogDebug(ILogger, string?, params object?[])' (https://learn.microsoft.com/dotnet/fundamentals/code-analysis/quality-rules/ca1848) [C:\Projects\Hazina\src\Core\AI\Hazina.AI.RAG\Hazina.AI.RAG.csproj::TargetFramework=net8.0]
C:\Projects\Hazina\src\Core\AI\Hazina.AI.RAG\Graph\Storage\SQLiteGraphStore.cs(322,13): warning MA0004: Use Task.ConfigureAwait(false) if the current SynchronizationContext is not needed (https://github.com/meziantou/Meziantou.Analyzer/blob/main/docs/Rules/MA0004.md) [C:\Projects\Hazina\src\Core\AI\Hazina.AI.RAG\Hazina.AI.RAG.csproj::TargetFramework=net8.0]
C:\Projects\Hazina\src\Core\AI\Hazina.AI.RAG\Graph\Storage\SQLiteGraphStore.cs(333,9): warning MA0004: Use Task.ConfigureAwait(false) if the current SynchronizationContext is not needed (https://github.com/meziantou/Meziantou.Analyzer/blob/main/docs/Rules/MA0004.md) [C:\Projects\Hazina\src\Core\AI\Hazina.AI.RAG\Hazina.AI.RAG.csproj::TargetFramework=net8.0]
C:\Projects\Hazina\src\Core\AI\Hazina.AI.RAG\Graph\Storage\SQLiteGraphStore.cs(348,28): warning MA0004: Use Task.ConfigureAwait(false) if the current SynchronizationContext is not needed (https://github.com/meziantou/Meziantou.Analyzer/blob/main/docs/Rules/MA0004.md) [C:\Projects\Hazina\src\Core\AI\Hazina.AI.RAG\Hazina.AI.RAG.csproj::TargetFramework=net8.0]
C:\Projects\Hazina\src\Core\AI\Hazina.AI.RAG\Retrieval\Reranker.cs(208,20): warning S2325: Make 'CalculateTextSimilarity' a static method. (https://rules.sonarsource.com/csharp/RSPEC-2325) [C:\Projects\Hazina\src\Core\AI\Hazina.AI.RAG\Hazina.AI.RAG.csproj::TargetFramework=net8.0]
C:\Projects\Hazina\src\Core\AI\Hazina.AI.RAG\Graph\Storage\SQLiteGraphStore.cs(349,16): warning MA0004: Use Task.ConfigureAwait(false) if the current SynchronizationContext is not needed (https://github.com/meziantou/Meziantou.Analyzer/blob/main/docs/Rules/MA0004.md) [C:\Projects\Hazina\src\Core\AI\Hazina.AI.RAG\Hazina.AI.RAG.csproj::TargetFramework=net8.0]
C:\Projects\Hazina\src\Core\AI\Hazina.AI.RAG\Graph\Storage\SQLiteGraphStore.cs(352,13): warning MA0004: Use Task.ConfigureAwait(false) if the current SynchronizationContext is not needed (https://github.com/meziantou/Meziantou.Analyzer/blob/main/docs/Rules/MA0004.md) [C:\Projects\Hazina\src\Core\AI\Hazina.AI.RAG\Hazina.AI.RAG.csproj::TargetFramework=net8.0]
C:\Projects\Hazina\src\Core\AI\Hazina.AI.RAG\Embeddings\LLMMetadataExtractor.cs(272,25): warning CA1002: Change 'List<TextChunk>' in 'LLMMetadataExtractor.EnrichChunksAsync(List<TextChunk>, [CancellationToken])' to use 'Collection<T>', 'ReadOnlyCollection<T>' or 'KeyedCollection<K,V>' (https://learn.microsoft.com/dotnet/fundamentals/code-analysis/quality-rules/ca1002) [C:\Projects\Hazina\src\Core\AI\Hazina.AI.RAG\Hazina.AI.RAG.csproj::TargetFramework=net8.0]
C:\Projects\Hazina\src\Core\AI\Hazina.AI.RAG\Embeddings\LLMMetadataExtractor.cs(272,9): warning MA0016: Prefer using collection abstraction instead of implementation (https://github.com/meziantou/Meziantou.Analyzer/blob/main/docs/Rules/MA0016.md) [C:\Projects\Hazina\src\Core\AI\Hazina.AI.RAG\Hazina.AI.RAG.csproj::TargetFramework=net8.0]
C:\Projects\Hazina\src\Core\AI\Hazina.AI.RAG\Embeddings\LLMMetadataExtractor.cs(291,35): warning S3267: Loop should be simplified by calling Select(chunk => chunk.Text)) (https://rules.sonarsource.com/csharp/RSPEC-3267) [C:\Projects\Hazina\src\Core\AI\Hazina.AI.RAG\Hazina.AI.RAG.csproj::TargetFramework=net8.0]
C:\Projects\Hazina\src\Core\AI\Hazina.AI.RAG\Embeddings\SemanticSimilarityChunker.cs(492,31): warning S3267: Loop should be simplified by calling Select(chunk => chunk.Metadata)) (https://rules.sonarsource.com/csharp/RSPEC-3267) [C:\Projects\Hazina\src\Core\AI\Hazina.AI.RAG\Hazina.AI.RAG.csproj::TargetFramework=net8.0]
C:\Projects\Hazina\src\Core\AI\Hazina.AI.RAG\Embeddings\SemanticSimilarityChunker.cs(385,65): warning SA1629: Documentation text should end with a period (https://github.com/DotNetAnalyzers/StyleCopAnalyzers/blob/master/documentation/SA1629.md) [C:\Projects\Hazina\src\Core\AI\Hazina.AI.RAG\Hazina.AI.RAG.csproj::TargetFramework=net8.0]
C:\Projects\Hazina\src\Core\AI\Hazina.AI.RAG\Embeddings\HierarchicalChunker.cs(281,52): warning SA1629: Documentation text should end with a period (https://github.com/DotNetAnalyzers/StyleCopAnalyzers/blob/master/documentation/SA1629.md) [C:\Projects\Hazina\src\Core\AI\Hazina.AI.RAG\Hazina.AI.RAG.csproj::TargetFramework=net8.0]
C:\Projects\Hazina\src\Core\AI\Hazina.AI.RAG\Embeddings\HierarchicalChunker.cs(288,13): warning SA1503: Braces should not be omitted (https://github.com/DotNetAnalyzers/StyleCopAnalyzers/blob/master/documentation/SA1503.md) [C:\Projects\Hazina\src\Core\AI\Hazina.AI.RAG\Hazina.AI.RAG.csproj::TargetFramework=net8.0]
C:\Projects\Hazina\src\Core\AI\Hazina.AI.RAG\Embeddings\SemanticSimilarityChunker.cs(422,29): warning CA1873: Evaluation of this argument may be expensive and unnecessary if logging is disabled (https://learn.microsoft.com/dotnet/fundamentals/code-analysis/quality-rules/ca1873) [C:\Projects\Hazina\src\Core\AI\Hazina.AI.RAG\Hazina.AI.RAG.csproj::TargetFramework=net8.0]
C:\Projects\Hazina\src\Core\AI\Hazina.AI.RAG\Embeddings\SemanticSimilarityChunker.cs(410,29): warning CA1848: For improved performance, use the LoggerMessage delegates instead of calling 'LoggerExtensions.LogWarning(ILogger, Exception?, string?, params object?[])' (https://learn.microsoft.com/dotnet/fundamentals/code-analysis/quality-rules/ca1848) [C:\Projects\Hazina\src\Core\AI\Hazina.AI.RAG\Hazina.AI.RAG.csproj::TargetFramework=net8.0]
C:\Projects\Hazina\src\Core\AI\Hazina.AI.RAG\Embeddings\SemanticSimilarityChunker.cs(422,29): warning CA1848: For improved performance, use the LoggerMessage delegates instead of calling 'LoggerExtensions.LogInformation(ILogger, string?, params object?[])' (https://learn.microsoft.com/dotnet/fundamentals/code-analysis/quality-rules/ca1848) [C:\Projects\Hazina\src\Core\AI\Hazina.AI.RAG\Hazina.AI.RAG.csproj::TargetFramework=net8.0]
C:\Projects\Hazina\src\Core\AI\Hazina.AI.RAG\Embeddings\SemanticSimilarityChunker.cs(427,29): warning CA1848: For improved performance, use the LoggerMessage delegates instead of calling 'LoggerExtensions.LogInformation(ILogger, string?, params object?[])' (https://learn.microsoft.com/dotnet/fundamentals/code-analysis/quality-rules/ca1848) [C:\Projects\Hazina\src\Core\AI\Hazina.AI.RAG\Hazina.AI.RAG.csproj::TargetFramework=net8.0]
C:\Projects\Hazina\src\Core\AI\Hazina.AI.RAG\Embeddings\SemanticSimilarityChunker.cs(431,29): warning CA1848: For improved performance, use the LoggerMessage delegates instead of calling 'LoggerExtensions.LogError(ILogger, Exception?, string?, params object?[])' (https://learn.microsoft.com/dotnet/fundamentals/code-analysis/quality-rules/ca1848) [C:\Projects\Hazina\src\Core\AI\Hazina.AI.RAG\Hazina.AI.RAG.csproj::TargetFramework=net8.0]
C:\Projects\Hazina\src\Core\AI\Hazina.AI.RAG\Embeddings\SemanticSimilarityChunker.cs(436,25): warning CA1848: For improved performance, use the LoggerMessage delegates instead of calling 'LoggerExtensions.LogWarning(ILogger, string?, params object?[])' (https://learn.microsoft.com/dotnet/fundamentals/code-analysis/quality-rules/ca1848) [C:\Projects\Hazina\src\Core\AI\Hazina.AI.RAG\Hazina.AI.RAG.csproj::TargetFramework=net8.0]
C:\Projects\Hazina\src\Core\AI\Hazina.AI.RAG\Graph\Storage\InMemoryGraphStore.cs(288,9): warning MA0004: Use Task.ConfigureAwait(false) if the current SynchronizationContext is not needed (https://github.com/meziantou/Meziantou.Analyzer/blob/main/docs/Rules/MA0004.md) [C:\Projects\Hazina\src\Core\AI\Hazina.AI.RAG\Hazina.AI.RAG.csproj::TargetFramework=net8.0]
C:\Projects\Hazina\src\Core\AI\Hazina.AI.RAG\Graph\Storage\InMemoryGraphStore.cs(285,23): warning MA0002: Use an overload that has a IEqualityComparer<string> or IComparer<string> parameter (https://github.com/meziantou/Meziantou.Analyzer/blob/main/docs/Rules/MA0002.md) [C:\Projects\Hazina\src\Core\AI\Hazina.AI.RAG\Hazina.AI.RAG.csproj::TargetFramework=net8.0]
C:\Projects\Hazina\src\Core\AI\Hazina.AI.RAG\Embeddings\SemanticSimilarityChunker.cs(425,21): warning MA0004: Use Task.ConfigureAwait(false) if the current SynchronizationContext is not needed (https://github.com/meziantou/Meziantou.Analyzer/blob/main/docs/Rules/MA0004.md) [C:\Projects\Hazina\src\Core\AI\Hazina.AI.RAG\Hazina.AI.RAG.csproj::TargetFramework=net8.0]
C:\Projects\Hazina\src\Core\AI\Hazina.AI.RAG\Graph\Retrieval\HybridRetrievalService.cs(173,53): warning MA0051: Method is too long (62 lines; maximum allowed: 60) (https://github.com/meziantou/Meziantou.Analyzer/blob/main/docs/Rules/MA0051.md) [C:\Projects\Hazina\src\Core\AI\Hazina.AI.RAG\Hazina.AI.RAG.csproj::TargetFramework=net8.0]
C:\Projects\Hazina\src\Core\AI\Hazina.AI.RAG\Graph\Storage\InMemoryGraphStore.cs(201,23): warning MA0002: Use an overload that has a IEqualityComparer<string> or IComparer<string> parameter (https://github.com/meziantou/Meziantou.Analyzer/blob/main/docs/Rules/MA0002.md) [C:\Projects\Hazina\src\Core\AI\Hazina.AI.RAG\Hazina.AI.RAG.csproj::TargetFramework=net8.0]
C:\Projects\Hazina\src\Core\AI\Hazina.AI.RAG\Graph\Retrieval\HybridRetrievalService.cs(202,43): warning S3267: Loops should be simplified using the "Where" LINQ method (https://rules.sonarsource.com/csharp/RSPEC-3267) [C:\Projects\Hazina\src\Core\AI\Hazina.AI.RAG\Hazina.AI.RAG.csproj::TargetFramework=net8.0]
C:\Projects\Hazina\src\Core\AI\Hazina.AI.RAG\Graph\Storage\InMemoryGraphStore.cs(242,13): warning MA0006: Use string.Equals instead of Equals operator (https://github.com/meziantou/Meziantou.Analyzer/blob/main/docs/Rules/MA0006.md) [C:\Projects\Hazina\src\Core\AI\Hazina.AI.RAG\Hazina.AI.RAG.csproj::TargetFramework=net8.0]
C:\Projects\Hazina\src\Core\AI\Hazina.AI.RAG\Graph\Storage\InMemoryGraphStore.cs(260,38): warning MA0006: Use string.Equals instead of Equals operator (https://github.com/meziantou/Meziantou.Analyzer/blob/main/docs/Rules/MA0006.md) [C:\Projects\Hazina\src\Core\AI\Hazina.AI.RAG\Hazina.AI.RAG.csproj::TargetFramework=net8.0]
C:\Projects\Hazina\src\Core\AI\Hazina.AI.RAG\Embeddings\HierarchicalChunker.cs(216,72): warning SA1629: Documentation text should end with a period (https://github.com/DotNetAnalyzers/StyleCopAnalyzers/blob/master/documentation/SA1629.md) [C:\Projects\Hazina\src\Core\AI\Hazina.AI.RAG\Hazina.AI.RAG.csproj::TargetFramework=net8.0]
C:\Projects\Hazina\src\Core\AI\Hazina.AI.RAG\Embeddings\HierarchicalChunker.cs(240,57): warning SA1108: Block statements should not contain embedded comments (https://github.com/DotNetAnalyzers/StyleCopAnalyzers/blob/master/documentation/SA1108.md) [C:\Projects\Hazina\src\Core\AI\Hazina.AI.RAG\Hazina.AI.RAG.csproj::TargetFramework=net8.0]
C:\Projects\Hazina\src\Core\AI\Hazina.AI.RAG\Graph\Pipeline\GraphConstructionPipeline.cs(197,74): warning SA1629: Documentation text should end with a period (https://github.com/DotNetAnalyzers/StyleCopAnalyzers/blob/master/documentation/SA1629.md) [C:\Projects\Hazina\src\Core\AI\Hazina.AI.RAG\Hazina.AI.RAG.csproj::TargetFramework=net8.0]
C:\Projects\Hazina\src\Core\AI\Hazina.AI.RAG\Graph\Pipeline\GraphConstructionPipeline.cs(198,59): warning SA1629: Documentation text should end with a period (https://github.com/DotNetAnalyzers/StyleCopAnalyzers/blob/master/documentation/SA1629.md) [C:\Projects\Hazina\src\Core\AI\Hazina.AI.RAG\Hazina.AI.RAG.csproj::TargetFramework=net8.0]
C:\Projects\Hazina\src\Core\AI\Hazina.AI.RAG\Graph\Pipeline\GraphConstructionPipeline.cs(199,43): warning SA1629: Documentation text should end with a period (https://github.com/DotNetAnalyzers/StyleCopAnalyzers/blob/master/documentation/SA1629.md) [C:\Projects\Hazina\src\Core\AI\Hazina.AI.RAG\Hazina.AI.RAG.csproj::TargetFramework=net8.0]
C:\Projects\Hazina\src\Core\AI\Hazina.AI.RAG\Graph\Pipeline\GraphConstructionPipeline.cs(218,32): warning SA1116: The parameters should begin on the line after the declaration, whenever the parameter span across multiple lines (https://github.com/DotNetAnalyzers/StyleCopAnalyzers/blob/master/documentation/SA1116.md) [C:\Projects\Hazina\src\Core\AI\Hazina.AI.RAG\Hazina.AI.RAG.csproj::TargetFramework=net8.0]
C:\Projects\Hazina\src\Core\AI\Hazina.AI.RAG\Embeddings\HierarchicalChunker.cs(254,54): warning CA1845: Use span-based 'string.Concat' and 'AsSpan' instead of 'Substring' (https://learn.microsoft.com/dotnet/fundamentals/code-analysis/quality-rules/ca1845) [C:\Projects\Hazina\src\Core\AI\Hazina.AI.RAG\Hazina.AI.RAG.csproj::TargetFramework=net8.0]
C:\Projects\Hazina\src\Core\AI\Hazina.AI.RAG\Graph\Pipeline\GraphConstructionPipeline.cs(218,9): warning CA1873: Evaluation of this argument may be expensive and unnecessary if logging is disabled (https://learn.microsoft.com/dotnet/fundamentals/code-analysis/quality-rules/ca1873) [C:\Projects\Hazina\src\Core\AI\Hazina.AI.RAG\Hazina.AI.RAG.csproj::TargetFramework=net8.0]
C:\Projects\Hazina\src\Core\AI\Hazina.AI.RAG\Graph\Pipeline\GraphConstructionPipeline.cs(210,17): warning CA1848: For improved performance, use the LoggerMessage delegates instead of calling 'LoggerExtensions.LogWarning(ILogger, string?, params object?[])' (https://learn.microsoft.com/dotnet/fundamentals/code-analysis/quality-rules/ca1848) [C:\Projects\Hazina\src\Core\AI\Hazina.AI.RAG\Hazina.AI.RAG.csproj::TargetFramework=net8.0]
C:\Projects\Hazina\src\Core\AI\Hazina.AI.RAG\Graph\Pipeline\GraphConstructionPipeline.cs(218,9): warning CA1848: For improved performance, use the LoggerMessage delegates instead of calling 'LoggerExtensions.LogInformation(ILogger, string?, params object?[])' (https://learn.microsoft.com/dotnet/fundamentals/code-analysis/quality-rules/ca1848) [C:\Projects\Hazina\src\Core\AI\Hazina.AI.RAG\Hazina.AI.RAG.csproj::TargetFramework=net8.0]
C:\Projects\Hazina\src\Core\AI\Hazina.AI.RAG\Embeddings\HierarchicalChunker.cs(234,33): warning CA1310: The behavior of 'string.StartsWith(string)' could vary based on the current user's locale settings. Replace this call in 'Hazina.AI.RAG.Embeddings.HierarchicalChunker.SplitCodeSections(string)' with a call to 'string.StartsWith(string, System.StringComparison)'. (https://learn.microsoft.com/dotnet/fundamentals/code-analysis/quality-rules/ca1310) [C:\Projects\Hazina\src\Core\AI\Hazina.AI.RAG\Hazina.AI.RAG.csproj::TargetFramework=net8.0]
C:\Projects\Hazina\src\Core\AI\Hazina.AI.RAG\Embeddings\HierarchicalChunker.cs(235,31): warning CA1310: The behavior of 'string.StartsWith(string)' could vary based on the current user's locale settings. Replace this call in 'Hazina.AI.RAG.Embeddings.HierarchicalChunker.SplitCodeSections(string)' with a call to 'string.StartsWith(string, System.StringComparison)'. (https://learn.microsoft.com/dotnet/fundamentals/code-analysis/quality-rules/ca1310) [C:\Projects\Hazina\src\Core\AI\Hazina.AI.RAG\Hazina.AI.RAG.csproj::TargetFramework=net8.0]
C:\Projects\Hazina\src\Core\AI\Hazina.AI.RAG\Embeddings\HierarchicalChunker.cs(236,31): warning CA1310: The behavior of 'string.StartsWith(string)' could vary based on the current user's locale settings. Replace this call in 'Hazina.AI.RAG.Embeddings.HierarchicalChunker.SplitCodeSections(string)' with a call to 'string.StartsWith(string, System.StringComparison)'. (https://learn.microsoft.com/dotnet/fundamentals/code-analysis/quality-rules/ca1310) [C:\Projects\Hazina\src\Core\AI\Hazina.AI.RAG\Hazina.AI.RAG.csproj::TargetFramework=net8.0]
C:\Projects\Hazina\src\Core\AI\Hazina.AI.RAG\Embeddings\HierarchicalChunker.cs(237,31): warning CA1307: 'string.Contains(string)' has a method overload that takes a 'StringComparison' parameter. Replace this call in 'Hazina.AI.RAG.Embeddings.HierarchicalChunker.SplitCodeSections(string)' with a call to 'string.Contains(string, System.StringComparison)' for clarity of intent. (https://learn.microsoft.com/dotnet/fundamentals/code-analysis/quality-rules/ca1307) [C:\Projects\Hazina\src\Core\AI\Hazina.AI.RAG\Hazina.AI.RAG.csproj::TargetFramework=net8.0]
C:\Projects\Hazina\src\Core\AI\Hazina.AI.RAG\Retrieval\Reranker.cs(206,43): warning SA1629: Documentation text should end with a period (https://github.com/DotNetAnalyzers/StyleCopAnalyzers/blob/master/documentation/SA1629.md) [C:\Projects\Hazina\src\Core\AI\Hazina.AI.RAG\Hazina.AI.RAG.csproj::TargetFramework=net8.0]
C:\Projects\Hazina\src\Core\AI\Hazina.AI.RAG\Embeddings\SemanticSimilarityChunker.cs(444,47): warning SA1629: Documentation text should end with a period (https://github.com/DotNetAnalyzers/StyleCopAnalyzers/blob/master/documentation/SA1629.md) [C:\Projects\Hazina\src\Core\AI\Hazina.AI.RAG\Hazina.AI.RAG.csproj::TargetFramework=net8.0]
C:\Projects\Hazina\src\Core\AI\Hazina.AI.RAG\Retrieval\Reranker.cs(210,28): warning CA1311: Specify a culture or use an invariant version to avoid implicit dependency on current culture (https://learn.microsoft.com/dotnet/fundamentals/code-analysis/quality-rules/ca1311) [C:\Projects\Hazina\src\Core\AI\Hazina.AI.RAG\Hazina.AI.RAG.csproj::TargetFramework=net8.0]
C:\Projects\Hazina\src\Core\AI\Hazina.AI.RAG\Retrieval\Reranker.cs(211,28): warning CA1311: Specify a culture or use an invariant version to avoid implicit dependency on current culture (https://learn.microsoft.com/dotnet/fundamentals/code-analysis/quality-rules/ca1311) [C:\Projects\Hazina\src\Core\AI\Hazina.AI.RAG\Hazina.AI.RAG.csproj::TargetFramework=net8.0]
C:\Projects\Hazina\src\Core\AI\Hazina.AI.RAG\Graph\Pipeline\GraphConstructionPipeline.cs(214,26): warning MA0004: Use Task.ConfigureAwait(false) if the current SynchronizationContext is not needed (https://github.com/meziantou/Meziantou.Analyzer/blob/main/docs/Rules/MA0004.md) [C:\Projects\Hazina\src\Core\AI\Hazina.AI.RAG\Hazina.AI.RAG.csproj::TargetFramework=net8.0]
C:\Projects\Hazina\src\Core\AI\Hazina.AI.RAG\Embeddings\HierarchicalChunker.cs(238,31): warning MA0009: Regular expressions should not be vulnerable to Denial of Service attacks (https://github.com/meziantou/Meziantou.Analyzer/blob/main/docs/Rules/MA0009.md) [C:\Projects\Hazina\src\Core\AI\Hazina.AI.RAG\Hazina.AI.RAG.csproj::TargetFramework=net8.0]
C:\Projects\Hazina\src\Core\AI\Hazina.AI.RAG\Retrieval\Reranker.cs(210,44): warning CA1861: Prefer 'static readonly' fields over constant array arguments if the called method is called repeatedly and is not mutating the passed array (https://learn.microsoft.com/dotnet/fundamentals/code-analysis/quality-rules/ca1861) [C:\Projects\Hazina\src\Core\AI\Hazina.AI.RAG\Hazina.AI.RAG.csproj::TargetFramework=net8.0]
C:\Projects\Hazina\src\Core\AI\Hazina.AI.RAG\Retrieval\Reranker.cs(211,44): warning CA1861: Prefer 'static readonly' fields over constant array arguments if the called method is called repeatedly and is not mutating the passed array (https://learn.microsoft.com/dotnet/fundamentals/code-analysis/quality-rules/ca1861) [C:\Projects\Hazina\src\Core\AI\Hazina.AI.RAG\Hazina.AI.RAG.csproj::TargetFramework=net8.0]
C:\Projects\Hazina\src\Core\AI\Hazina.AI.RAG\Retrieval\Reranker.cs(210,22): warning CA1304: The behavior of 'string.ToLower()' could vary based on the current user's locale settings. Replace this call in 'Reranker.CalculateTextSimilarity(string, string)' with a call to 'string.ToLower(CultureInfo)'. (https://learn.microsoft.com/dotnet/fundamentals/code-analysis/quality-rules/ca1304) [C:\Projects\Hazina\src\Core\AI\Hazina.AI.RAG\Hazina.AI.RAG.csproj::TargetFramework=net8.0]
C:\Projects\Hazina\src\Core\AI\Hazina.AI.RAG\Retrieval\Reranker.cs(211,22): warning CA1304: The behavior of 'string.ToLower()' could vary based on the current user's locale settings. Replace this call in 'Reranker.CalculateTextSimilarity(string, string)' with a call to 'string.ToLower(CultureInfo)'. (https://learn.microsoft.com/dotnet/fundamentals/code-analysis/quality-rules/ca1304) [C:\Projects\Hazina\src\Core\AI\Hazina.AI.RAG\Hazina.AI.RAG.csproj::TargetFramework=net8.0]
C:\Projects\Hazina\src\Core\AI\Hazina.AI.RAG\Graph\Storage\SQLiteGraphStore.cs(309,60): warning CA1062: In externally visible method 'Task<List<GraphEntity>> SQLiteGraphStore.SearchEntitiesByEmbeddingAsync(float[] embedding, int topK = 10, string? typeFilter = null, CancellationToken cancellationToken = default(CancellationToken))', validate parameter 'embedding' is non-null before using it. If appropriate, throw an 'ArgumentNullException' when the argument is 'null'. (https://learn.microsoft.com/dotnet/fundamentals/code-analysis/quality-rules/ca1062) [C:\Projects\Hazina\src\Core\AI\Hazina.AI.RAG\Hazina.AI.RAG.csproj::TargetFramework=net8.0]
C:\Projects\Hazina\src\Core\AI\Hazina.AI.RAG\Embeddings\SemanticSimilarityChunker.cs(454,24): warning MA0002: Use an overload that has a IEqualityComparer<string> or IComparer<string> parameter (https://github.com/meziantou/Meziantou.Analyzer/blob/main/docs/Rules/MA0002.md) [C:\Projects\Hazina\src\Core\AI\Hazina.AI.RAG\Hazina.AI.RAG.csproj::TargetFramework=net8.0]
C:\Projects\Hazina\src\Core\AI\Hazina.AI.RAG\Embeddings\SemanticSimilarityChunker.cs(408,17): warning CA1031: Modify 'EnrichWithMetadataAsync' to catch a more specific allowed exception type, or rethrow the exception (https://learn.microsoft.com/dotnet/fundamentals/code-analysis/quality-rules/ca1031) [C:\Projects\Hazina\src\Core\AI\Hazina.AI.RAG\Hazina.AI.RAG.csproj::TargetFramework=net8.0]
C:\Projects\Hazina\src\Core\AI\Hazina.AI.RAG\Embeddings\SemanticSimilarityChunker.cs(429,17): warning CA1031: Modify 'EnrichWithMetadataAsync' to catch a more specific allowed exception type, or rethrow the exception (https://learn.microsoft.com/dotnet/fundamentals/code-analysis/quality-rules/ca1031) [C:\Projects\Hazina\src\Core\AI\Hazina.AI.RAG\Hazina.AI.RAG.csproj::TargetFramework=net8.0]
C:\Projects\Hazina\src\Core\AI\Hazina.AI.RAG\Retrieval\Reranker.cs(210,22): warning MA0011: Use an overload of 'ToLower' that has a 'System.Globalization.CultureInfo' parameter (https://github.com/meziantou/Meziantou.Analyzer/blob/main/docs/Rules/MA0011.md) [C:\Projects\Hazina\src\Core\AI\Hazina.AI.RAG\Hazina.AI.RAG.csproj::TargetFramework=net8.0]
C:\Projects\Hazina\src\Core\AI\Hazina.AI.RAG\Retrieval\Reranker.cs(211,22): warning MA0011: Use an overload of 'ToLower' that has a 'System.Globalization.CultureInfo' parameter (https://github.com/meziantou/Meziantou.Analyzer/blob/main/docs/Rules/MA0011.md) [C:\Projects\Hazina\src\Core\AI\Hazina.AI.RAG\Hazina.AI.RAG.csproj::TargetFramework=net8.0]
C:\Projects\Hazina\src\Core\AI\Hazina.AI.RAG\Retrieval\Reranker.cs(213,20): warning MA0002: Use an overload that has a IEqualityComparer<string> or IComparer<string> parameter (https://github.com/meziantou/Meziantou.Analyzer/blob/main/docs/Rules/MA0002.md) [C:\Projects\Hazina\src\Core\AI\Hazina.AI.RAG\Hazina.AI.RAG.csproj::TargetFramework=net8.0]
C:\Projects\Hazina\src\Core\AI\Hazina.AI.RAG\Retrieval\Reranker.cs(214,20): warning MA0002: Use an overload that has a IEqualityComparer<string> or IComparer<string> parameter (https://github.com/meziantou/Meziantou.Analyzer/blob/main/docs/Rules/MA0002.md) [C:\Projects\Hazina\src\Core\AI\Hazina.AI.RAG\Hazina.AI.RAG.csproj::TargetFramework=net8.0]
C:\Projects\Hazina\src\Core\AI\Hazina.AI.RAG\Embeddings\HierarchicalChunker.cs(234,33): warning MA0074: Use an overload of 'StartsWith' that has a StringComparison parameter (https://github.com/meziantou/Meziantou.Analyzer/blob/main/docs/Rules/MA0074.md) [C:\Projects\Hazina\src\Core\AI\Hazina.AI.RAG\Hazina.AI.RAG.csproj::TargetFramework=net8.0]
C:\Projects\Hazina\src\Core\AI\Hazina.AI.RAG\Embeddings\HierarchicalChunker.cs(235,31): warning MA0074: Use an overload of 'StartsWith' that has a StringComparison parameter (https://github.com/meziantou/Meziantou.Analyzer/blob/main/docs/Rules/MA0074.md) [C:\Projects\Hazina\src\Core\AI\Hazina.AI.RAG\Hazina.AI.RAG.csproj::TargetFramework=net8.0]
C:\Projects\Hazina\src\Core\AI\Hazina.AI.RAG\Embeddings\HierarchicalChunker.cs(236,31): warning MA0074: Use an overload of 'StartsWith' that has a StringComparison parameter (https://github.com/meziantou/Meziantou.Analyzer/blob/main/docs/Rules/MA0074.md) [C:\Projects\Hazina\src\Core\AI\Hazina.AI.RAG\Hazina.AI.RAG.csproj::TargetFramework=net8.0]
C:\Projects\Hazina\src\Core\AI\Hazina.AI.RAG\Retrieval\Reranker.cs(216,28): warning MA0002: Use an overload that has a IEqualityComparer<string> or IComparer<string> parameter (https://github.com/meziantou/Meziantou.Analyzer/blob/main/docs/Rules/MA0002.md) [C:\Projects\Hazina\src\Core\AI\Hazina.AI.RAG\Hazina.AI.RAG.csproj::TargetFramework=net8.0]
C:\Projects\Hazina\src\Core\AI\Hazina.AI.RAG\Retrieval\Reranker.cs(217,21): warning MA0002: Use an overload that has a IEqualityComparer<string> or IComparer<string> parameter (https://github.com/meziantou/Meziantou.Analyzer/blob/main/docs/Rules/MA0002.md) [C:\Projects\Hazina\src\Core\AI\Hazina.AI.RAG\Hazina.AI.RAG.csproj::TargetFramework=net8.0]
C:\Projects\Hazina\src\Core\AI\Hazina.AI.RAG\Embeddings\LLMMetadataExtractor.cs(269,66): warning SA1629: Documentation text should end with a period (https://github.com/DotNetAnalyzers/StyleCopAnalyzers/blob/master/documentation/SA1629.md) [C:\Projects\Hazina\src\Core\AI\Hazina.AI.RAG\Hazina.AI.RAG.csproj::TargetFramework=net8.0]
C:\Projects\Hazina\src\Core\AI\Hazina.AI.RAG\Embeddings\LLMMetadataExtractor.cs(276,13): warning SA1503: Braces should not be omitted (https://github.com/DotNetAnalyzers/StyleCopAnalyzers/blob/master/documentation/SA1503.md) [C:\Projects\Hazina\src\Core\AI\Hazina.AI.RAG\Hazina.AI.RAG.csproj::TargetFramework=net8.0]
C:\Projects\Hazina\src\Core\AI\Hazina.AI.RAG\Embeddings\LLMMetadataExtractor.cs(278,17): warning CA1873: Evaluation of this argument may be expensive and unnecessary if logging is disabled (https://learn.microsoft.com/dotnet/fundamentals/code-analysis/quality-rules/ca1873) [C:\Projects\Hazina\src\Core\AI\Hazina.AI.RAG\Hazina.AI.RAG.csproj::TargetFramework=net8.0]
C:\Projects\Hazina\src\Core\AI\Hazina.AI.RAG\Embeddings\SemanticSimilarityChunker.cs(476,73): warning SA1629: Documentation text should end with a period (https://github.com/DotNetAnalyzers/StyleCopAnalyzers/blob/master/documentation/SA1629.md) [C:\Projects\Hazina\src\Core\AI\Hazina.AI.RAG\Hazina.AI.RAG.csproj::TargetFramework=net8.0]
C:\Projects\Hazina\src\Core\AI\Hazina.AI.RAG\Embeddings\LLMMetadataExtractor.cs(312,17): warning CA1873: Evaluation of this argument may be expensive and unnecessary if logging is disabled (https://learn.microsoft.com/dotnet/fundamentals/code-analysis/quality-rules/ca1873) [C:\Projects\Hazina\src\Core\AI\Hazina.AI.RAG\Hazina.AI.RAG.csproj::TargetFramework=net8.0]
C:\Projects\Hazina\src\Core\AI\Hazina.AI.RAG\Embeddings\LLMMetadataExtractor.cs(278,17): warning CA1848: For improved performance, use the LoggerMessage delegates instead of calling 'LoggerExtensions.LogInformation(ILogger, string?, params object?[])' (https://learn.microsoft.com/dotnet/fundamentals/code-analysis/quality-rules/ca1848) [C:\Projects\Hazina\src\Core\AI\Hazina.AI.RAG\Hazina.AI.RAG.csproj::TargetFramework=net8.0]
C:\Projects\Hazina\src\Core\AI\Hazina.AI.RAG\Embeddings\LLMMetadataExtractor.cs(312,17): warning CA1848: For improved performance, use the LoggerMessage delegates instead of calling 'LoggerExtensions.LogInformation(ILogger, string?, params object?[])' (https://learn.microsoft.com/dotnet/fundamentals/code-analysis/quality-rules/ca1848) [C:\Projects\Hazina\src\Core\AI\Hazina.AI.RAG\Hazina.AI.RAG.csproj::TargetFramework=net8.0]
C:\Projects\Hazina\src\Core\AI\Hazina.AI.RAG\Embeddings\SemanticSimilarityChunker.cs(480,17): warning CA1873: Evaluation of this argument may be expensive and unnecessary if logging is disabled (https://learn.microsoft.com/dotnet/fundamentals/code-analysis/quality-rules/ca1873) [C:\Projects\Hazina\src\Core\AI\Hazina.AI.RAG\Hazina.AI.RAG.csproj::TargetFramework=net8.0]
C:\Projects\Hazina\src\Core\AI\Hazina.AI.RAG\Embeddings\SemanticSimilarityChunker.cs(480,17): warning CA1848: For improved performance, use the LoggerMessage delegates instead of calling 'LoggerExtensions.LogInformation(ILogger, string?, params object?[])' (https://learn.microsoft.com/dotnet/fundamentals/code-analysis/quality-rules/ca1848) [C:\Projects\Hazina\src\Core\AI\Hazina.AI.RAG\Hazina.AI.RAG.csproj::TargetFramework=net8.0]
C:\Projects\Hazina\src\Core\AI\Hazina.AI.RAG\Embeddings\LLMMetadataExtractor.cs(285,28): warning MA0004: Use Task.ConfigureAwait(false) if the current SynchronizationContext is not needed (https://github.com/meziantou/Meziantou.Analyzer/blob/main/docs/Rules/MA0004.md) [C:\Projects\Hazina\src\Core\AI\Hazina.AI.RAG\Hazina.AI.RAG.csproj::TargetFramework=net8.0]
C:\Projects\Hazina\src\Core\AI\Hazina.AI.RAG\Embeddings\LLMMetadataExtractor.cs(293,32): warning MA0004: Use Task.ConfigureAwait(false) if the current SynchronizationContext is not needed (https://github.com/meziantou/Meziantou.Analyzer/blob/main/docs/Rules/MA0004.md) [C:\Projects\Hazina\src\Core\AI\Hazina.AI.RAG\Hazina.AI.RAG.csproj::TargetFramework=net8.0]
C:\Projects\Hazina\src\Core\AI\Hazina.AI.RAG\Graph\Pipeline\GraphConstructionPipeline.cs(206,44): warning CA1062: In externally visible method 'Task<List<GraphConstructionResult>> GraphConstructionPipeline.ProcessDocumentsBatchAsync(Dictionary<string, string> documents, CancellationToken cancellationToken = default(CancellationToken))', validate parameter 'documents' is non-null before using it. If appropriate, throw an 'ArgumentNullException' when the argument is 'null'. (https://learn.microsoft.com/dotnet/fundamentals/code-analysis/quality-rules/ca1062) [C:\Projects\Hazina\src\Core\AI\Hazina.AI.RAG\Hazina.AI.RAG.csproj::TargetFramework=net8.0]
C:\Projects\Hazina\src\Core\AI\Hazina.AI.RAG\Embeddings\TextChunker.cs(305,21): warning SA1503: Braces should not be omitted (https://github.com/DotNetAnalyzers/StyleCopAnalyzers/blob/master/documentation/SA1503.md) [C:\Projects\Hazina\src\Core\AI\Hazina.AI.RAG\Hazina.AI.RAG.csproj::TargetFramework=net8.0]
C:\Projects\Hazina\src\Core\AI\Hazina.AI.RAG\Embeddings\TextChunker.cs(309,21): warning SA1503: Braces should not be omitted (https://github.com/DotNetAnalyzers/StyleCopAnalyzers/blob/master/documentation/SA1503.md) [C:\Projects\Hazina\src\Core\AI\Hazina.AI.RAG\Hazina.AI.RAG.csproj::TargetFramework=net8.0]
C:\Projects\Hazina\src\Core\AI\Hazina.AI.RAG\Embeddings\HierarchicalChunker.cs(295,49): warning SA1629: Documentation text should end with a period (https://github.com/DotNetAnalyzers/StyleCopAnalyzers/blob/master/documentation/SA1629.md) [C:\Projects\Hazina\src\Core\AI\Hazina.AI.RAG\Hazina.AI.RAG.csproj::TargetFramework=net8.0]
C:\Projects\Hazina\src\Core\AI\Hazina.AI.RAG\Embeddings\HierarchicalChunker.cs(300,37): warning CA1861: Prefer 'static readonly' fields over constant array arguments if the called method is called repeatedly and is not mutating the passed array (https://learn.microsoft.com/dotnet/fundamentals/code-analysis/quality-rules/ca1861) [C:\Projects\Hazina\src\Core\AI\Hazina.AI.RAG\Hazina.AI.RAG.csproj::TargetFramework=net8.0]
C:\Projects\Hazina\src\Core\AI\Hazina.AI.RAG\Embeddings\SemanticSimilarityChunker.cs(511,34): warning SA1629: Documentation text should end with a period (https://github.com/DotNetAnalyzers/StyleCopAnalyzers/blob/master/documentation/SA1629.md) [C:\Projects\Hazina\src\Core\AI\Hazina.AI.RAG\Hazina.AI.RAG.csproj::TargetFramework=net8.0]
C:\Projects\Hazina\src\Core\AI\Hazina.AI.RAG\Embeddings\SemanticSimilarityChunker.cs(520,35): warning SA1629: Documentation text should end with a period (https://github.com/DotNetAnalyzers/StyleCopAnalyzers/blob/master/documentation/SA1629.md) [C:\Projects\Hazina\src\Core\AI\Hazina.AI.RAG\Hazina.AI.RAG.csproj::TargetFramework=net8.0]
C:\Projects\Hazina\src\Core\AI\Hazina.AI.RAG\Embeddings\SemanticSimilarityChunker.cs(525,17): warning CA1873: Evaluation of this argument may be expensive and unnecessary if logging is disabled (https://learn.microsoft.com/dotnet/fundamentals/code-analysis/quality-rules/ca1873) [C:\Projects\Hazina\src\Core\AI\Hazina.AI.RAG\Hazina.AI.RAG.csproj::TargetFramework=net8.0]
C:\Projects\Hazina\src\Core\AI\Hazina.AI.RAG\Embeddings\SemanticSimilarityChunker.cs(525,17): warning CA1848: For improved performance, use the LoggerMessage delegates instead of calling 'LoggerExtensions.LogInformation(ILogger, string?, params object?[])' (https://learn.microsoft.com/dotnet/fundamentals/code-analysis/quality-rules/ca1848) [C:\Projects\Hazina\src\Core\AI\Hazina.AI.RAG\Hazina.AI.RAG.csproj::TargetFramework=net8.0]
C:\Projects\Hazina\src\Core\AI\Hazina.AI.RAG\Embeddings\SemanticSimilarityChunker.cs(516,17): warning CA1848: For improved performance, use the LoggerMessage delegates instead of calling 'LoggerExtensions.LogInformation(ILogger, string?, params object?[])' (https://learn.microsoft.com/dotnet/fundamentals/code-analysis/quality-rules/ca1848) [C:\Projects\Hazina\src\Core\AI\Hazina.AI.RAG\Hazina.AI.RAG.csproj::TargetFramework=net8.0]
C:\Projects\Hazina\src\Core\AI\Hazina.AI.RAG\Graph\Retrieval\HybridRetrievalService.cs(247,16): warning MA0004: Use Task.ConfigureAwait(false) if the current SynchronizationContext is not needed (https://github.com/meziantou/Meziantou.Analyzer/blob/main/docs/Rules/MA0004.md) [C:\Projects\Hazina\src\Core\AI\Hazina.AI.RAG\Hazina.AI.RAG.csproj::TargetFramework=net8.0]
C:\Projects\Hazina\src\Core\AI\Hazina.AI.RAG\Graph\Storage\InMemoryGraphStore.cs(335,35): warning CA1062: In externally visible method 'Task InMemoryGraphStore.UpdateEntityAsync(GraphEntity entity, CancellationToken cancellationToken = default(CancellationToken))', validate parameter 'entity' is non-null before using it. If appropriate, throw an 'ArgumentNullException' when the argument is 'null'. (https://learn.microsoft.com/dotnet/fundamentals/code-analysis/quality-rules/ca1062) [C:\Projects\Hazina\src\Core\AI\Hazina.AI.RAG\Hazina.AI.RAG.csproj::TargetFramework=net8.0]
C:\Projects\Hazina\src\Core\AI\Hazina.AI.RAG\Graph\Retrieval\HybridRetrievalService.cs(273,41): warning S2325: Make 'FuseByWeightedSum' a static method. (https://rules.sonarsource.com/csharp/RSPEC-2325) [C:\Projects\Hazina\src\Core\AI\Hazina.AI.RAG\Hazina.AI.RAG.csproj::TargetFramework=net8.0]
C:\Projects\Hazina\src\Core\AI\Hazina.AI.RAG\Graph\Retrieval\HybridRetrievalService.cs(309,41): warning S2325: Make 'FuseByReciprocalRank' a static method. (https://rules.sonarsource.com/csharp/RSPEC-2325) [C:\Projects\Hazina\src\Core\AI\Hazina.AI.RAG\Hazina.AI.RAG.csproj::TargetFramework=net8.0]
C:\Projects\Hazina\src\Core\AI\Hazina.AI.RAG\Embeddings\SemanticSimilarityChunker.cs(503,29): warning SA1629: Documentation text should end with a period (https://github.com/DotNetAnalyzers/StyleCopAnalyzers/blob/master/documentation/SA1629.md) [C:\Projects\Hazina\src\Core\AI\Hazina.AI.RAG\Hazina.AI.RAG.csproj::TargetFramework=net8.0]
C:\Projects\Hazina\src\Core\AI\Hazina.AI.RAG\Graph\Pipeline\GraphConstructionPipeline.cs(39,68): warning SA1629: Documentation text should end with a period (https://github.com/DotNetAnalyzers/StyleCopAnalyzers/blob/master/documentation/SA1629.md) [C:\Projects\Hazina\src\Core\AI\Hazina.AI.RAG\Hazina.AI.RAG.csproj::TargetFramework=net8.0]
C:\Projects\Hazina\src\Core\AI\Hazina.AI.RAG\Graph\Pipeline\GraphConstructionPipeline.cs(40,64): warning SA1629: Documentation text should end with a period (https://github.com/DotNetAnalyzers/StyleCopAnalyzers/blob/master/documentation/SA1629.md) [C:\Projects\Hazina\src\Core\AI\Hazina.AI.RAG\Hazina.AI.RAG.csproj::TargetFramework=net8.0]
C:\Projects\Hazina\src\Core\AI\Hazina.AI.RAG\Graph\Pipeline\GraphConstructionPipeline.cs(41,59): warning SA1629: Documentation text should end with a period (https://github.com/DotNetAnalyzers/StyleCopAnalyzers/blob/master/documentation/SA1629.md) [C:\Projects\Hazina\src\Core\AI\Hazina.AI.RAG\Hazina.AI.RAG.csproj::TargetFramework=net8.0]
C:\Projects\Hazina\src\Core\AI\Hazina.AI.RAG\Graph\Pipeline\GraphConstructionPipeline.cs(42,75): warning SA1629: Documentation text should end with a period (https://github.com/DotNetAnalyzers/StyleCopAnalyzers/blob/master/documentation/SA1629.md) [C:\Projects\Hazina\src\Core\AI\Hazina.AI.RAG\Hazina.AI.RAG.csproj::TargetFramework=net8.0]
C:\Projects\Hazina\src\Core\AI\Hazina.AI.RAG\Graph\Pipeline\GraphConstructionPipeline.cs(76,36): warning SA1116: The parameters should begin on the line after the declaration, whenever the parameter span across multiple lines (https://github.com/DotNetAnalyzers/StyleCopAnalyzers/blob/master/documentation/SA1116.md) [C:\Projects\Hazina\src\Core\AI\Hazina.AI.RAG\Hazina.AI.RAG.csproj::TargetFramework=net8.0]
C:\Projects\Hazina\src\Core\AI\Hazina.AI.RAG\Graph\Pipeline\GraphConstructionPipeline.cs(90,36): warning SA1116: The parameters should begin on the line after the declaration, whenever the parameter span across multiple lines (https://github.com/DotNetAnalyzers/StyleCopAnalyzers/blob/master/documentation/SA1116.md) [C:\Projects\Hazina\src\Core\AI\Hazina.AI.RAG\Hazina.AI.RAG.csproj::TargetFramework=net8.0]
C:\Projects\Hazina\src\Core\AI\Hazina.AI.RAG\Graph\Pipeline\GraphConstructionPipeline.cs(104,36): warning SA1116: The parameters should begin on the line after the declaration, whenever the parameter span across multiple lines (https://github.com/DotNetAnalyzers/StyleCopAnalyzers/blob/master/documentation/SA1116.md) [C:\Projects\Hazina\src\Core\AI\Hazina.AI.RAG\Hazina.AI.RAG.csproj::TargetFramework=net8.0]
C:\Projects\Hazina\src\Core\AI\Hazina.AI.RAG\Graph\Pipeline\GraphConstructionPipeline.cs(110,36): warning SA1116: The parameters should begin on the line after the declaration, whenever the parameter span across multiple lines (https://github.com/DotNetAnalyzers/StyleCopAnalyzers/blob/master/documentation/SA1116.md) [C:\Projects\Hazina\src\Core\AI\Hazina.AI.RAG\Hazina.AI.RAG.csproj::TargetFramework=net8.0]
C:\Projects\Hazina\src\Core\AI\Hazina.AI.RAG\Graph\Pipeline\GraphConstructionPipeline.cs(133,36): warning SA1116: The parameters should begin on the line after the declaration, whenever the parameter span across multiple lines (https://github.com/DotNetAnalyzers/StyleCopAnalyzers/blob/master/documentation/SA1116.md) [C:\Projects\Hazina\src\Core\AI\Hazina.AI.RAG\Hazina.AI.RAG.csproj::TargetFramework=net8.0]
C:\Projects\Hazina\src\Core\AI\Hazina.AI.RAG\Graph\Pipeline\GraphConstructionPipeline.cs(77,42): warning SA1117: The parameters should all be placed on the same line or each parameter should be placed on its own line (https://github.com/DotNetAnalyzers/StyleCopAnalyzers/blob/master/documentation/SA1117.md) [C:\Projects\Hazina\src\Core\AI\Hazina.AI.RAG\Hazina.AI.RAG.csproj::TargetFramework=net8.0]
C:\Projects\Hazina\src\Core\AI\Hazina.AI.RAG\Graph\Pipeline\GraphConstructionPipeline.cs(91,33): warning SA1117: The parameters should all be placed on the same line or each parameter should be placed on its own line (https://github.com/DotNetAnalyzers/StyleCopAnalyzers/blob/master/documentation/SA1117.md) [C:\Projects\Hazina\src\Core\AI\Hazina.AI.RAG\Hazina.AI.RAG.csproj::TargetFramework=net8.0]
C:\Projects\Hazina\src\Core\AI\Hazina.AI.RAG\Graph\Pipeline\GraphConstructionPipeline.cs(105,47): warning SA1117: The parameters should all be placed on the same line or each parameter should be placed on its own line (https://github.com/DotNetAnalyzers/StyleCopAnalyzers/blob/master/documentation/SA1117.md) [C:\Projects\Hazina\src\Core\AI\Hazina.AI.RAG\Hazina.AI.RAG.csproj::TargetFramework=net8.0]
C:\Projects\Hazina\src\Core\AI\Hazina.AI.RAG\Graph\Pipeline\GraphConstructionPipeline.cs(111,33): warning SA1117: The parameters should all be placed on the same line or each parameter should be placed on its own line (https://github.com/DotNetAnalyzers/StyleCopAnalyzers/blob/master/documentation/SA1117.md) [C:\Projects\Hazina\src\Core\AI\Hazina.AI.RAG\Hazina.AI.RAG.csproj::TargetFramework=net8.0]
C:\Projects\Hazina\src\Core\AI\Hazina.AI.RAG\Graph\Pipeline\GraphConstructionPipeline.cs(134,42): warning SA1117: The parameters should all be placed on the same line or each parameter should be placed on its own line (https://github.com/DotNetAnalyzers/StyleCopAnalyzers/blob/master/documentation/SA1117.md) [C:\Projects\Hazina\src\Core\AI\Hazina.AI.RAG\Hazina.AI.RAG.csproj::TargetFramework=net8.0]
C:\Projects\Hazina\src\Core\AI\Hazina.AI.RAG\Graph\Storage\SQLiteGraphStore.cs(409,17): warning CA1873: Evaluation of this argument may be expensive and unnecessary if logging is disabled (https://learn.microsoft.com/dotnet/fundamentals/code-analysis/quality-rules/ca1873) [C:\Projects\Hazina\src\Core\AI\Hazina.AI.RAG\Hazina.AI.RAG.csproj::TargetFramework=net8.0]
C:\Projects\Hazina\src\Core\AI\Hazina.AI.RAG\Graph\Retrieval\HybridRetrievalService.cs(269,23): warning MA0015: Use an overload of 'System.ArgumentException' with the parameter name (https://github.com/meziantou/Meziantou.Analyzer/blob/main/docs/Rules/MA0015.md) [C:\Projects\Hazina\src\Core\AI\Hazina.AI.RAG\Hazina.AI.RAG.csproj::TargetFramework=net8.0]
C:\Projects\Hazina\src\Core\AI\Hazina.AI.RAG\Graph\Retrieval\HybridRetrievalService.cs(216,33): warning CA1848: For improved performance, use the LoggerMessage delegates instead of calling 'LoggerExtensions.LogWarning(ILogger, Exception?, string?, params object?[])' (https://learn.microsoft.com/dotnet/fundamentals/code-analysis/quality-rules/ca1848) [C:\Projects\Hazina\src\Core\AI\Hazina.AI.RAG\Hazina.AI.RAG.csproj::TargetFramework=net8.0]
C:\Projects\Hazina\src\Core\AI\Hazina.AI.RAG\Graph\Storage\SQLiteGraphStore.cs(409,17): warning CA1848: For improved performance, use the LoggerMessage delegates instead of calling 'LoggerExtensions.LogDebug(ILogger, string?, params object?[])' (https://learn.microsoft.com/dotnet/fundamentals/code-analysis/quality-rules/ca1848) [C:\Projects\Hazina\src\Core\AI\Hazina.AI.RAG\Hazina.AI.RAG.csproj::TargetFramework=net8.0]
C:\Projects\Hazina\src\Core\AI\Hazina.AI.RAG\Graph\Storage\SQLiteGraphStore.cs(373,37): warning CA1849: 'SqliteConnection.BeginTransaction()' synchronously blocks. Await 'DbConnection.BeginTransactionAsync(CancellationToken)' instead. (https://learn.microsoft.com/dotnet/fundamentals/code-analysis/quality-rules/ca1849) [C:\Projects\Hazina\src\Core\AI\Hazina.AI.RAG\Hazina.AI.RAG.csproj::TargetFramework=net8.0]
C:\Projects\Hazina\src\Core\AI\Hazina.AI.RAG\Graph\Storage\InMemoryGraphStore.cs(308,29): warning MA0004: Use Task.ConfigureAwait(false) if the current SynchronizationContext is not needed (https://github.com/meziantou/Meziantou.Analyzer/blob/main/docs/Rules/MA0004.md) [C:\Projects\Hazina\src\Core\AI\Hazina.AI.RAG\Hazina.AI.RAG.csproj::TargetFramework=net8.0]
C:\Projects\Hazina\src\Core\AI\Hazina.AI.RAG\Graph\Retrieval\HybridRetrievalService.cs(189,28): warning MA0004: Use Task.ConfigureAwait(false) if the current SynchronizationContext is not needed (https://github.com/meziantou/Meziantou.Analyzer/blob/main/docs/Rules/MA0004.md) [C:\Projects\Hazina\src\Core\AI\Hazina.AI.RAG\Hazina.AI.RAG.csproj::TargetFramework=net8.0]
C:\Projects\Hazina\src\Core\AI\Hazina.AI.RAG\Graph\Storage\InMemoryGraphStore.cs(319,32): warning MA0004: Use Task.ConfigureAwait(false) if the current SynchronizationContext is not needed (https://github.com/meziantou/Meziantou.Analyzer/blob/main/docs/Rules/MA0004.md) [C:\Projects\Hazina\src\Core\AI\Hazina.AI.RAG\Hazina.AI.RAG.csproj::TargetFramework=net8.0]
C:\Projects\Hazina\src\Core\AI\Hazina.AI.RAG\Graph\Storage\SQLiteGraphStore.cs(449,9): warning MA0004: Use Task.ConfigureAwait(false) if the current SynchronizationContext is not needed (https://github.com/meziantou/Meziantou.Analyzer/blob/main/docs/Rules/MA0004.md) [C:\Projects\Hazina\src\Core\AI\Hazina.AI.RAG\Hazina.AI.RAG.csproj::TargetFramework=net8.0]
C:\Projects\Hazina\src\Core\AI\Hazina.AI.RAG\Graph\Storage\InMemoryGraphStore.cs(326,25): warning MA0004: Use Task.ConfigureAwait(false) if the current SynchronizationContext is not needed (https://github.com/meziantou/Meziantou.Analyzer/blob/main/docs/Rules/MA0004.md) [C:\Projects\Hazina\src\Core\AI\Hazina.AI.RAG\Hazina.AI.RAG.csproj::TargetFramework=net8.0]
C:\Projects\Hazina\src\Core\AI\Hazina.AI.RAG\Graph\Pipeline\GraphConstructionPipeline.cs(66,13): warning CA1873: Evaluation of this argument may be expensive and unnecessary if logging is disabled (https://learn.microsoft.com/dotnet/fundamentals/code-analysis/quality-rules/ca1873) [C:\Projects\Hazina\src\Core\AI\Hazina.AI.RAG\Hazina.AI.RAG.csproj::TargetFramework=net8.0]
C:\Projects\Hazina\src\Core\AI\Hazina.AI.RAG\Graph\Pipeline\GraphConstructionPipeline.cs(69,13): warning CA1873: Evaluation of this argument may be expensive and unnecessary if logging is disabled (https://learn.microsoft.com/dotnet/fundamentals/code-analysis/quality-rules/ca1873) [C:\Projects\Hazina\src\Core\AI\Hazina.AI.RAG\Hazina.AI.RAG.csproj::TargetFramework=net8.0]
C:\Projects\Hazina\src\Core\AI\Hazina.AI.RAG\Graph\Storage\SQLiteGraphStore.cs(454,9): warning MA0004: Use Task.ConfigureAwait(false) if the current SynchronizationContext is not needed (https://github.com/meziantou/Meziantou.Analyzer/blob/main/docs/Rules/MA0004.md) [C:\Projects\Hazina\src\Core\AI\Hazina.AI.RAG\Hazina.AI.RAG.csproj::TargetFramework=net8.0]
C:\Projects\Hazina\src\Core\AI\Hazina.AI.RAG\Graph\Retrieval\HybridRetrievalService.cs(194,39): warning MA0004: Use Task.ConfigureAwait(false) if the current SynchronizationContext is not needed (https://github.com/meziantou/Meziantou.Analyzer/blob/main/docs/Rules/MA0004.md) [C:\Projects\Hazina\src\Core\AI\Hazina.AI.RAG\Hazina.AI.RAG.csproj::TargetFramework=net8.0]
C:\Projects\Hazina\src\Core\AI\Hazina.AI.RAG\Graph\Pipeline\GraphConstructionPipeline.cs(76,13): warning CA1873: Evaluation of this argument may be expensive and unnecessary if logging is disabled (https://learn.microsoft.com/dotnet/fundamentals/code-analysis/quality-rules/ca1873) [C:\Projects\Hazina\src\Core\AI\Hazina.AI.RAG\Hazina.AI.RAG.csproj::TargetFramework=net8.0]
C:\Projects\Hazina\src\Core\AI\Hazina.AI.RAG\Graph\Pipeline\GraphConstructionPipeline.cs(96,13): warning CA1873: Evaluation of this argument may be expensive and unnecessary if logging is disabled (https://learn.microsoft.com/dotnet/fundamentals/code-analysis/quality-rules/ca1873) [C:\Projects\Hazina\src\Core\AI\Hazina.AI.RAG\Hazina.AI.RAG.csproj::TargetFramework=net8.0]
C:\Projects\Hazina\src\Core\AI\Hazina.AI.RAG\Graph\Retrieval\HybridRetrievalService.cs(211,48): warning MA0004: Use Task.ConfigureAwait(false) if the current SynchronizationContext is not needed (https://github.com/meziantou/Meziantou.Analyzer/blob/main/docs/Rules/MA0004.md) [C:\Projects\Hazina\src\Core\AI\Hazina.AI.RAG\Hazina.AI.RAG.csproj::TargetFramework=net8.0]
C:\Projects\Hazina\src\Core\AI\Hazina.AI.RAG\Graph\Pipeline\GraphConstructionPipeline.cs(104,13): warning CA1873: Evaluation of this argument may be expensive and unnecessary if logging is disabled (https://learn.microsoft.com/dotnet/fundamentals/code-analysis/quality-rules/ca1873) [C:\Projects\Hazina\src\Core\AI\Hazina.AI.RAG\Hazina.AI.RAG.csproj::TargetFramework=net8.0]
C:\Projects\Hazina\src\Core\AI\Hazina.AI.RAG\Graph\Storage\SQLiteGraphStore.cs(451,23): warning MA0002: Use an overload that has a IEqualityComparer<string> or IComparer<string> parameter (https://github.com/meziantou/Meziantou.Analyzer/blob/main/docs/Rules/MA0002.md) [C:\Projects\Hazina\src\Core\AI\Hazina.AI.RAG\Hazina.AI.RAG.csproj::TargetFramework=net8.0]
C:\Projects\Hazina\src\Core\AI\Hazina.AI.RAG\Graph\Pipeline\GraphConstructionPipeline.cs(119,13): warning CA1873: Evaluation of this argument may be expensive and unnecessary if logging is disabled (https://learn.microsoft.com/dotnet/fundamentals/code-analysis/quality-rules/ca1873) [C:\Projects\Hazina\src\Core\AI\Hazina.AI.RAG\Hazina.AI.RAG.csproj::TargetFramework=net8.0]
C:\Projects\Hazina\src\Core\AI\Hazina.AI.RAG\Graph\Retrieval\HybridRetrievalService.cs(212,40): warning MA0004: Use Task.ConfigureAwait(false) if the current SynchronizationContext is not needed (https://github.com/meziantou/Meziantou.Analyzer/blob/main/docs/Rules/MA0004.md) [C:\Projects\Hazina\src\Core\AI\Hazina.AI.RAG\Hazina.AI.RAG.csproj::TargetFramework=net8.0]
C:\Projects\Hazina\src\Core\AI\Hazina.AI.RAG\Graph\Pipeline\GraphConstructionPipeline.cs(133,13): warning CA1873: Evaluation of this argument may be expensive and unnecessary if logging is disabled (https://learn.microsoft.com/dotnet/fundamentals/code-analysis/quality-rules/ca1873) [C:\Projects\Hazina\src\Core\AI\Hazina.AI.RAG\Hazina.AI.RAG.csproj::TargetFramework=net8.0]
C:\Projects\Hazina\src\Core\AI\Hazina.AI.RAG\Graph\Pipeline\GraphConstructionPipeline.cs(137,13): warning CA1873: Evaluation of this argument may be expensive and unnecessary if logging is disabled (https://learn.microsoft.com/dotnet/fundamentals/code-analysis/quality-rules/ca1873) [C:\Projects\Hazina\src\Core\AI\Hazina.AI.RAG\Hazina.AI.RAG.csproj::TargetFramework=net8.0]
C:\Projects\Hazina\src\Core\AI\Hazina.AI.RAG\Graph\Pipeline\GraphConstructionPipeline.cs(164,13): warning CA1873: Evaluation of this argument may be expensive and unnecessary if logging is disabled (https://learn.microsoft.com/dotnet/fundamentals/code-analysis/quality-rules/ca1873) [C:\Projects\Hazina\src\Core\AI\Hazina.AI.RAG\Hazina.AI.RAG.csproj::TargetFramework=net8.0]
C:\Projects\Hazina\src\Core\AI\Hazina.AI.RAG\Graph\Pipeline\GraphConstructionPipeline.cs(171,13): warning CA1873: Evaluation of this argument may be expensive and unnecessary if logging is disabled (https://learn.microsoft.com/dotnet/fundamentals/code-analysis/quality-rules/ca1873) [C:\Projects\Hazina\src\Core\AI\Hazina.AI.RAG\Hazina.AI.RAG.csproj::TargetFramework=net8.0]
C:\Projects\Hazina\src\Core\AI\Hazina.AI.RAG\Graph\Storage\SQLiteGraphStore.cs(367,9): warning MA0004: Use Task.ConfigureAwait(false) if the current SynchronizationContext is not needed (https://github.com/meziantou/Meziantou.Analyzer/blob/main/docs/Rules/MA0004.md) [C:\Projects\Hazina\src\Core\AI\Hazina.AI.RAG\Hazina.AI.RAG.csproj::TargetFramework=net8.0]
C:\Projects\Hazina\src\Core\AI\Hazina.AI.RAG\Graph\Storage\SQLiteGraphStore.cs(371,13): warning MA0004: Use Task.ConfigureAwait(false) if the current SynchronizationContext is not needed (https://github.com/meziantou/Meziantou.Analyzer/blob/main/docs/Rules/MA0004.md) [C:\Projects\Hazina\src\Core\AI\Hazina.AI.RAG\Hazina.AI.RAG.csproj::TargetFramework=net8.0]
C:\Projects\Hazina\src\Core\AI\Hazina.AI.RAG\Graph\Storage\SQLiteGraphStore.cs(405,21): warning MA0004: Use Task.ConfigureAwait(false) if the current SynchronizationContext is not needed (https://github.com/meziantou/Meziantou.Analyzer/blob/main/docs/Rules/MA0004.md) [C:\Projects\Hazina\src\Core\AI\Hazina.AI.RAG\Hazina.AI.RAG.csproj::TargetFramework=net8.0]
C:\Projects\Hazina\src\Core\AI\Hazina.AI.RAG\Graph\Storage\SQLiteGraphStore.cs(408,17): warning MA0004: Use Task.ConfigureAwait(false) if the current SynchronizationContext is not needed (https://github.com/meziantou/Meziantou.Analyzer/blob/main/docs/Rules/MA0004.md) [C:\Projects\Hazina\src\Core\AI\Hazina.AI.RAG\Hazina.AI.RAG.csproj::TargetFramework=net8.0]
C:\Projects\Hazina\src\Core\AI\Hazina.AI.RAG\Graph\Pipeline\GraphConstructionPipeline.cs(66,13): warning CA1848: For improved performance, use the LoggerMessage delegates instead of calling 'LoggerExtensions.LogInformation(ILogger, string?, params object?[])' (https://learn.microsoft.com/dotnet/fundamentals/code-analysis/quality-rules/ca1848) [C:\Projects\Hazina\src\Core\AI\Hazina.AI.RAG\Hazina.AI.RAG.csproj::TargetFramework=net8.0]
C:\Projects\Hazina\src\Core\AI\Hazina.AI.RAG\Graph\Storage\SQLiteGraphStore.cs(413,17): warning MA0004: Use Task.ConfigureAwait(false) if the current SynchronizationContext is not needed (https://github.com/meziantou/Meziantou.Analyzer/blob/main/docs/Rules/MA0004.md) [C:\Projects\Hazina\src\Core\AI\Hazina.AI.RAG\Hazina.AI.RAG.csproj::TargetFramework=net8.0]
C:\Projects\Hazina\src\Core\AI\Hazina.AI.RAG\Graph\Pipeline\GraphConstructionPipeline.cs(69,13): warning CA1848: For improved performance, use the LoggerMessage delegates instead of calling 'LoggerExtensions.LogDebug(ILogger, string?, params object?[])' (https://learn.microsoft.com/dotnet/fundamentals/code-analysis/quality-rules/ca1848) [C:\Projects\Hazina\src\Core\AI\Hazina.AI.RAG\Hazina.AI.RAG.csproj::TargetFramework=net8.0]
C:\Projects\Hazina\src\Core\AI\Hazina.AI.RAG\Graph\Pipeline\GraphConstructionPipeline.cs(76,13): warning CA1848: For improved performance, use the LoggerMessage delegates instead of calling 'LoggerExtensions.LogInformation(ILogger, string?, params object?[])' (https://learn.microsoft.com/dotnet/fundamentals/code-analysis/quality-rules/ca1848) [C:\Projects\Hazina\src\Core\AI\Hazina.AI.RAG\Hazina.AI.RAG.csproj::TargetFramework=net8.0]
C:\Projects\Hazina\src\Core\AI\Hazina.AI.RAG\Graph\Pipeline\GraphConstructionPipeline.cs(81,17): warning CA1848: For improved performance, use the LoggerMessage delegates instead of calling 'LoggerExtensions.LogWarning(ILogger, string?, params object?[])' (https://learn.microsoft.com/dotnet/fundamentals/code-analysis/quality-rules/ca1848) [C:\Projects\Hazina\src\Core\AI\Hazina.AI.RAG\Hazina.AI.RAG.csproj::TargetFramework=net8.0]
C:\Projects\Hazina\src\Core\AI\Hazina.AI.RAG\Graph\Retrieval\HybridRetrievalService.cs(184,29): warning MA0002: Use an overload that has a IEqualityComparer<string> or IComparer<string> parameter (https://github.com/meziantou/Meziantou.Analyzer/blob/main/docs/Rules/MA0002.md) [C:\Projects\Hazina\src\Core\AI\Hazina.AI.RAG\Hazina.AI.RAG.csproj::TargetFramework=net8.0]
C:\Projects\Hazina\src\Core\AI\Hazina.AI.RAG\Graph\Pipeline\GraphConstructionPipeline.cs(90,17): warning CA1848: For improved performance, use the LoggerMessage delegates instead of calling 'LoggerExtensions.LogWarning(ILogger, string?, params object?[])' (https://learn.microsoft.com/dotnet/fundamentals/code-analysis/quality-rules/ca1848) [C:\Projects\Hazina\src\Core\AI\Hazina.AI.RAG\Hazina.AI.RAG.csproj::TargetFramework=net8.0]
C:\Projects\Hazina\src\Core\AI\Hazina.AI.RAG\Graph\Pipeline\GraphConstructionPipeline.cs(96,13): warning CA1848: For improved performance, use the LoggerMessage delegates instead of calling 'LoggerExtensions.LogDebug(ILogger, string?, params object?[])' (https://learn.microsoft.com/dotnet/fundamentals/code-analysis/quality-rules/ca1848) [C:\Projects\Hazina\src\Core\AI\Hazina.AI.RAG\Hazina.AI.RAG.csproj::TargetFramework=net8.0]
C:\Projects\Hazina\src\Core\AI\Hazina.AI.RAG\Graph\Pipeline\GraphConstructionPipeline.cs(104,13): warning CA1848: For improved performance, use the LoggerMessage delegates instead of calling 'LoggerExtensions.LogInformation(ILogger, string?, params object?[])' (https://learn.microsoft.com/dotnet/fundamentals/code-analysis/quality-rules/ca1848) [C:\Projects\Hazina\src\Core\AI\Hazina.AI.RAG\Hazina.AI.RAG.csproj::TargetFramework=net8.0]
C:\Projects\Hazina\src\Core\AI\Hazina.AI.RAG\Graph\Pipeline\GraphConstructionPipeline.cs(110,17): warning CA1848: For improved performance, use the LoggerMessage delegates instead of calling 'LoggerExtensions.LogWarning(ILogger, string?, params object?[])' (https://learn.microsoft.com/dotnet/fundamentals/code-analysis/quality-rules/ca1848) [C:\Projects\Hazina\src\Core\AI\Hazina.AI.RAG\Hazina.AI.RAG.csproj::TargetFramework=net8.0]
C:\Projects\Hazina\src\Core\AI\Hazina.AI.RAG\Graph\Pipeline\GraphConstructionPipeline.cs(119,13): warning CA1848: For improved performance, use the LoggerMessage delegates instead of calling 'LoggerExtensions.LogDebug(ILogger, string?, params object?[])' (https://learn.microsoft.com/dotnet/fundamentals/code-analysis/quality-rules/ca1848) [C:\Projects\Hazina\src\Core\AI\Hazina.AI.RAG\Hazina.AI.RAG.csproj::TargetFramework=net8.0]
C:\Projects\Hazina\src\Core\AI\Hazina.AI.RAG\Graph\Pipeline\GraphConstructionPipeline.cs(133,13): warning CA1848: For improved performance, use the LoggerMessage delegates instead of calling 'LoggerExtensions.LogInformation(ILogger, string?, params object?[])' (https://learn.microsoft.com/dotnet/fundamentals/code-analysis/quality-rules/ca1848) [C:\Projects\Hazina\src\Core\AI\Hazina.AI.RAG\Hazina.AI.RAG.csproj::TargetFramework=net8.0]
C:\Projects\Hazina\src\Core\AI\Hazina.AI.RAG\Graph\Pipeline\GraphConstructionPipeline.cs(137,13): warning CA1848: For improved performance, use the LoggerMessage delegates instead of calling 'LoggerExtensions.LogDebug(ILogger, string?, params object?[])' (https://learn.microsoft.com/dotnet/fundamentals/code-analysis/quality-rules/ca1848) [C:\Projects\Hazina\src\Core\AI\Hazina.AI.RAG\Hazina.AI.RAG.csproj::TargetFramework=net8.0]
C:\Projects\Hazina\src\Core\AI\Hazina.AI.RAG\Graph\Pipeline\GraphConstructionPipeline.cs(164,13): warning CA1848: For improved performance, use the LoggerMessage delegates instead of calling 'LoggerExtensions.LogDebug(ILogger, string?, params object?[])' (https://learn.microsoft.com/dotnet/fundamentals/code-analysis/quality-rules/ca1848) [C:\Projects\Hazina\src\Core\AI\Hazina.AI.RAG\Hazina.AI.RAG.csproj::TargetFramework=net8.0]
C:\Projects\Hazina\src\Core\AI\Hazina.AI.RAG\Graph\Pipeline\GraphConstructionPipeline.cs(171,13): warning CA1848: For improved performance, use the LoggerMessage delegates instead of calling 'LoggerExtensions.LogInformation(ILogger, string?, params object?[])' (https://learn.microsoft.com/dotnet/fundamentals/code-analysis/quality-rules/ca1848) [C:\Projects\Hazina\src\Core\AI\Hazina.AI.RAG\Hazina.AI.RAG.csproj::TargetFramework=net8.0]
C:\Projects\Hazina\src\Core\AI\Hazina.AI.RAG\Graph\Pipeline\GraphConstructionPipeline.cs(188,13): warning CA1848: For improved performance, use the LoggerMessage delegates instead of calling 'LoggerExtensions.LogError(ILogger, Exception?, string?, params object?[])' (https://learn.microsoft.com/dotnet/fundamentals/code-analysis/quality-rules/ca1848) [C:\Projects\Hazina\src\Core\AI\Hazina.AI.RAG\Hazina.AI.RAG.csproj::TargetFramework=net8.0]
C:\Projects\Hazina\src\Core\AI\Hazina.AI.RAG\Graph\Storage\InMemoryGraphStore.cs(315,30): warning MA0006: Use string.Equals instead of Equals operator (https://github.com/meziantou/Meziantou.Analyzer/blob/main/docs/Rules/MA0006.md) [C:\Projects\Hazina\src\Core\AI\Hazina.AI.RAG\Hazina.AI.RAG.csproj::TargetFramework=net8.0]
C:\Projects\Hazina\src\Core\AI\Hazina.AI.RAG\Graph\Storage\InMemoryGraphStore.cs(397,24): warning S1244: Do not check floating point equality with exact values, use a range instead. (https://rules.sonarsource.com/csharp/RSPEC-1244) [C:\Projects\Hazina\src\Core\AI\Hazina.AI.RAG\Hazina.AI.RAG.csproj::TargetFramework=net8.0]
C:\Projects\Hazina\src\Core\AI\Hazina.AI.RAG\Graph\Storage\InMemoryGraphStore.cs(397,45): warning S1244: Do not check floating point equality with exact values, use a range instead. (https://rules.sonarsource.com/csharp/RSPEC-1244) [C:\Projects\Hazina\src\Core\AI\Hazina.AI.RAG\Hazina.AI.RAG.csproj::TargetFramework=net8.0]
C:\Projects\Hazina\src\Core\AI\Hazina.AI.RAG\Graph\Storage\InMemoryGraphStore.cs(379,20): warning S2325: Make 'CalculateCosineSimilarity' a static method. (https://rules.sonarsource.com/csharp/RSPEC-2325) [C:\Projects\Hazina\src\Core\AI\Hazina.AI.RAG\Hazina.AI.RAG.csproj::TargetFramework=net8.0]
C:\Projects\Hazina\src\Core\AI\Hazina.AI.RAG\Graph\Retrieval\HybridRetrievalService.cs(278,23): warning MA0002: Use an overload that has a IEqualityComparer<string> or IComparer<string> parameter (https://github.com/meziantou/Meziantou.Analyzer/blob/main/docs/Rules/MA0002.md) [C:\Projects\Hazina\src\Core\AI\Hazina.AI.RAG\Hazina.AI.RAG.csproj::TargetFramework=net8.0]
C:\Projects\Hazina\src\Core\AI\Hazina.AI.RAG\Graph\Pipeline\GraphConstructionPipeline.cs(70,37): warning MA0004: Use Task.ConfigureAwait(false) if the current SynchronizationContext is not needed (https://github.com/meziantou/Meziantou.Analyzer/blob/main/docs/Rules/MA0004.md) [C:\Projects\Hazina\src\Core\AI\Hazina.AI.RAG\Hazina.AI.RAG.csproj::TargetFramework=net8.0]
C:\Projects\Hazina\src\Core\AI\Hazina.AI.RAG\Graph\Pipeline\GraphConstructionPipeline.cs(97,42): warning MA0004: Use Task.ConfigureAwait(false) if the current SynchronizationContext is not needed (https://github.com/meziantou/Meziantou.Analyzer/blob/main/docs/Rules/MA0004.md) [C:\Projects\Hazina\src\Core\AI\Hazina.AI.RAG\Hazina.AI.RAG.csproj::TargetFramework=net8.0]
C:\Projects\Hazina\src\Core\AI\Hazina.AI.RAG\Graph\Pipeline\GraphConstructionPipeline.cs(124,34): warning MA0004: Use Task.ConfigureAwait(false) if the current SynchronizationContext is not needed (https://github.com/meziantou/Meziantou.Analyzer/blob/main/docs/Rules/MA0004.md) [C:\Projects\Hazina\src\Core\AI\Hazina.AI.RAG\Hazina.AI.RAG.csproj::TargetFramework=net8.0]
C:\Projects\Hazina\src\Core\AI\Hazina.AI.RAG\Graph\Pipeline\GraphConstructionPipeline.cs(140,13): warning MA0004: Use Task.ConfigureAwait(false) if the current SynchronizationContext is not needed (https://github.com/meziantou/Meziantou.Analyzer/blob/main/docs/Rules/MA0004.md) [C:\Projects\Hazina\src\Core\AI\Hazina.AI.RAG\Hazina.AI.RAG.csproj::TargetFramework=net8.0]
C:\Projects\Hazina\src\Core\AI\Hazina.AI.RAG\Graph\Pipeline\GraphConstructionPipeline.cs(165,13): warning MA0004: Use Task.ConfigureAwait(false) if the current SynchronizationContext is not needed (https://github.com/meziantou/Meziantou.Analyzer/blob/main/docs/Rules/MA0004.md) [C:\Projects\Hazina\src\Core\AI\Hazina.AI.RAG\Hazina.AI.RAG.csproj::TargetFramework=net8.0]
C:\Projects\Hazina\src\Core\AI\Hazina.AI.RAG\Graph\Storage\SQLiteGraphStore.cs(486,28): warning MA0004: Use Task.ConfigureAwait(false) if the current SynchronizationContext is not needed (https://github.com/meziantou/Meziantou.Analyzer/blob/main/docs/Rules/MA0004.md) [C:\Projects\Hazina\src\Core\AI\Hazina.AI.RAG\Hazina.AI.RAG.csproj::TargetFramework=net8.0]
C:\Projects\Hazina\src\Core\AI\Hazina.AI.RAG\Graph\Storage\SQLiteGraphStore.cs(487,16): warning MA0004: Use Task.ConfigureAwait(false) if the current SynchronizationContext is not needed (https://github.com/meziantou/Meziantou.Analyzer/blob/main/docs/Rules/MA0004.md) [C:\Projects\Hazina\src\Core\AI\Hazina.AI.RAG\Hazina.AI.RAG.csproj::TargetFramework=net8.0]
C:\Projects\Hazina\src\Core\AI\Hazina.AI.RAG\Graph\Storage\SQLiteGraphStore.cs(499,28): warning MA0004: Use Task.ConfigureAwait(false) if the current SynchronizationContext is not needed (https://github.com/meziantou/Meziantou.Analyzer/blob/main/docs/Rules/MA0004.md) [C:\Projects\Hazina\src\Core\AI\Hazina.AI.RAG\Hazina.AI.RAG.csproj::TargetFramework=net8.0]
C:\Projects\Hazina\src\Core\AI\Hazina.AI.RAG\Graph\Storage\SQLiteGraphStore.cs(506,21): warning MA0004: Use Task.ConfigureAwait(false) if the current SynchronizationContext is not needed (https://github.com/meziantou/Meziantou.Analyzer/blob/main/docs/Rules/MA0004.md) [C:\Projects\Hazina\src\Core\AI\Hazina.AI.RAG\Hazina.AI.RAG.csproj::TargetFramework=net8.0]
C:\Projects\Hazina\src\Core\AI\Hazina.AI.RAG\Graph\Retrieval\HybridRetrievalService.cs(214,29): warning CA1031: Modify 'ExpandWithGraphAsync' to catch a more specific allowed exception type, or rethrow the exception (https://learn.microsoft.com/dotnet/fundamentals/code-analysis/quality-rules/ca1031) [C:\Projects\Hazina\src\Core\AI\Hazina.AI.RAG\Hazina.AI.RAG.csproj::TargetFramework=net8.0]
C:\Projects\Hazina\src\Core\AI\Hazina.AI.RAG\Graph\Pipeline\GraphConstructionPipeline.cs(144,35): warning MA0002: Use an overload that has a IEqualityComparer<string> or IComparer<string> parameter (https://github.com/meziantou/Meziantou.Analyzer/blob/main/docs/Rules/MA0002.md) [C:\Projects\Hazina\src\Core\AI\Hazina.AI.RAG\Hazina.AI.RAG.csproj::TargetFramework=net8.0]
C:\Projects\Hazina\src\Core\AI\Hazina.AI.RAG\Graph\Retrieval\HybridRetrievalService.cs(349,41): warning S2325: Make 'FuseByMaxScore' a static method. (https://rules.sonarsource.com/csharp/RSPEC-2325) [C:\Projects\Hazina\src\Core\AI\Hazina.AI.RAG\Hazina.AI.RAG.csproj::TargetFramework=net8.0]
C:\Projects\Hazina\src\Core\AI\Hazina.AI.RAG\Graph\Retrieval\HybridRetrievalService.cs(314,23): warning MA0002: Use an overload that has a IEqualityComparer<string> or IComparer<string> parameter (https://github.com/meziantou/Meziantou.Analyzer/blob/main/docs/Rules/MA0002.md) [C:\Projects\Hazina\src\Core\AI\Hazina.AI.RAG\Hazina.AI.RAG.csproj::TargetFramework=net8.0]
C:\Projects\Hazina\src\Core\AI\Hazina.AI.RAG\Graph\Pipeline\GraphConstructionPipeline.cs(145,65): warning MA0006: Use string.Equals instead of Equals operator (https://github.com/meziantou/Meziantou.Analyzer/blob/main/docs/Rules/MA0006.md) [C:\Projects\Hazina\src\Core\AI\Hazina.AI.RAG\Hazina.AI.RAG.csproj::TargetFramework=net8.0]
C:\Projects\Hazina\src\Core\AI\Hazina.AI.RAG\Core\RAGEngine.cs(381,59): warning SA1122: Use string.Empty for empty strings (https://github.com/DotNetAnalyzers/StyleCopAnalyzers/blob/master/documentation/SA1122.md) [C:\Projects\Hazina\src\Core\AI\Hazina.AI.RAG\Hazina.AI.RAG.csproj::TargetFramework=net8.0]
C:\Projects\Hazina\src\Core\AI\Hazina.AI.RAG\Core\RAGEngine.cs(386,57): warning SA1122: Use string.Empty for empty strings (https://github.com/DotNetAnalyzers/StyleCopAnalyzers/blob/master/documentation/SA1122.md) [C:\Projects\Hazina\src\Core\AI\Hazina.AI.RAG\Hazina.AI.RAG.csproj::TargetFramework=net8.0]
C:\Projects\Hazina\src\Core\AI\Hazina.AI.RAG\Graph\Storage\SQLiteGraphStore.cs(529,16): warning MA0004: Use Task.ConfigureAwait(false) if the current SynchronizationContext is not needed (https://github.com/meziantou/Meziantou.Analyzer/blob/main/docs/Rules/MA0004.md) [C:\Projects\Hazina\src\Core\AI\Hazina.AI.RAG\Hazina.AI.RAG.csproj::TargetFramework=net8.0]
C:\Projects\Hazina\src\Core\AI\Hazina.AI.RAG\Graph\Storage\SQLiteGraphStore.cs(426,9): warning MA0004: Use Task.ConfigureAwait(false) if the current SynchronizationContext is not needed (https://github.com/meziantou/Meziantou.Analyzer/blob/main/docs/Rules/MA0004.md) [C:\Projects\Hazina\src\Core\AI\Hazina.AI.RAG\Hazina.AI.RAG.csproj::TargetFramework=net8.0]
C:\Projects\Hazina\src\Core\AI\Hazina.AI.RAG\Graph\Storage\SQLiteGraphStore.cs(434,28): warning MA0004: Use Task.ConfigureAwait(false) if the current SynchronizationContext is not needed (https://github.com/meziantou/Meziantou.Analyzer/blob/main/docs/Rules/MA0004.md) [C:\Projects\Hazina\src\Core\AI\Hazina.AI.RAG\Hazina.AI.RAG.csproj::TargetFramework=net8.0]
C:\Projects\Hazina\src\Core\AI\Hazina.AI.RAG\Graph\Storage\SQLiteGraphStore.cs(435,16): warning MA0004: Use Task.ConfigureAwait(false) if the current SynchronizationContext is not needed (https://github.com/meziantou/Meziantou.Analyzer/blob/main/docs/Rules/MA0004.md) [C:\Projects\Hazina\src\Core\AI\Hazina.AI.RAG\Hazina.AI.RAG.csproj::TargetFramework=net8.0]
C:\Projects\Hazina\src\Core\AI\Hazina.AI.RAG\Graph\Storage\SQLiteGraphStore.cs(534,9): warning MA0004: Use Task.ConfigureAwait(false) if the current SynchronizationContext is not needed (https://github.com/meziantou/Meziantou.Analyzer/blob/main/docs/Rules/MA0004.md) [C:\Projects\Hazina\src\Core\AI\Hazina.AI.RAG\Hazina.AI.RAG.csproj::TargetFramework=net8.0]
C:\Projects\Hazina\src\Core\AI\Hazina.AI.RAG\Core\RAGEngine.cs(392,69): warning S1172: Remove this unused method parameter 'cancellationToken'. (https://rules.sonarsource.com/csharp/RSPEC-1172) [C:\Projects\Hazina\src\Core\AI\Hazina.AI.RAG\Hazina.AI.RAG.csproj::TargetFramework=net8.0]
C:\Projects\Hazina\src\Core\AI\Hazina.AI.RAG\Graph\Storage\InMemoryGraphStore.cs(368,38): warning MA0002: Use an overload that has a IEqualityComparer<string> or IComparer<string> parameter (https://github.com/meziantou/Meziantou.Analyzer/blob/main/docs/Rules/MA0002.md) [C:\Projects\Hazina\src\Core\AI\Hazina.AI.RAG\Hazina.AI.RAG.csproj::TargetFramework=net8.0]
C:\Projects\Hazina\src\Core\AI\Hazina.AI.RAG\Graph\Storage\InMemoryGraphStore.cs(368,38): warning MA0002: Use an overload that has a IEqualityComparer<string> or IComparer<string> parameter (https://github.com/meziantou/Meziantou.Analyzer/blob/main/docs/Rules/MA0002.md) [C:\Projects\Hazina\src\Core\AI\Hazina.AI.RAG\Hazina.AI.RAG.csproj::TargetFramework=net8.0]
C:\Projects\Hazina\src\Core\AI\Hazina.AI.RAG\Graph\Storage\InMemoryGraphStore.cs(371,44): warning MA0002: Use an overload that has a IEqualityComparer<string> or IComparer<string> parameter (https://github.com/meziantou/Meziantou.Analyzer/blob/main/docs/Rules/MA0002.md) [C:\Projects\Hazina\src\Core\AI\Hazina.AI.RAG\Hazina.AI.RAG.csproj::TargetFramework=net8.0]
C:\Projects\Hazina\src\Core\AI\Hazina.AI.RAG\Graph\Storage\InMemoryGraphStore.cs(371,44): warning MA0002: Use an overload that has a IEqualityComparer<string> or IComparer<string> parameter (https://github.com/meziantou/Meziantou.Analyzer/blob/main/docs/Rules/MA0002.md) [C:\Projects\Hazina\src\Core\AI\Hazina.AI.RAG\Hazina.AI.RAG.csproj::TargetFramework=net8.0]
C:\Projects\Hazina\src\Core\AI\Hazina.AI.RAG\Core\RAGEngine.cs(424,20): warning S2325: Make 'BuildContext' a static method. (https://rules.sonarsource.com/csharp/RSPEC-2325) [C:\Projects\Hazina\src\Core\AI\Hazina.AI.RAG\Hazina.AI.RAG.csproj::TargetFramework=net8.0]
C:\Projects\Hazina\src\Core\AI\Hazina.AI.RAG\Graph\Pipeline\GraphConstructionPipeline.cs(182,9): warning CA1031: Modify 'ProcessDocumentAsync' to catch a more specific allowed exception type, or rethrow the exception (https://learn.microsoft.com/dotnet/fundamentals/code-analysis/quality-rules/ca1031) [C:\Projects\Hazina\src\Core\AI\Hazina.AI.RAG\Hazina.AI.RAG.csproj::TargetFramework=net8.0]
C:\Projects\Hazina\src\Core\AI\Hazina.AI.RAG\Graph\Retrieval\HybridRetrievalService.cs(353,23): warning MA0002: Use an overload that has a IEqualityComparer<string> or IComparer<string> parameter (https://github.com/meziantou/Meziantou.Analyzer/blob/main/docs/Rules/MA0002.md) [C:\Projects\Hazina\src\Core\AI\Hazina.AI.RAG\Hazina.AI.RAG.csproj::TargetFramework=net8.0]
C:\Projects\Hazina\src\Core\AI\Hazina.AI.RAG\Graph\Storage\SQLiteGraphStore.cs(545,37): warning CA1849: 'SqliteConnection.BeginTransaction()' synchronously blocks. Await 'DbConnection.BeginTransactionAsync(CancellationToken)' instead. (https://learn.microsoft.com/dotnet/fundamentals/code-analysis/quality-rules/ca1849) [C:\Projects\Hazina\src\Core\AI\Hazina.AI.RAG\Hazina.AI.RAG.csproj::TargetFramework=net8.0]
C:\Projects\Hazina\src\Core\AI\Hazina.AI.RAG\Graph\Storage\SQLiteGraphStore.cs(539,9): warning MA0004: Use Task.ConfigureAwait(false) if the current SynchronizationContext is not needed (https://github.com/meziantou/Meziantou.Analyzer/blob/main/docs/Rules/MA0004.md) [C:\Projects\Hazina\src\Core\AI\Hazina.AI.RAG\Hazina.AI.RAG.csproj::TargetFramework=net8.0]
C:\Projects\Hazina\src\Core\AI\Hazina.AI.RAG\Graph\Storage\SQLiteGraphStore.cs(543,13): warning MA0004: Use Task.ConfigureAwait(false) if the current SynchronizationContext is not needed (https://github.com/meziantou/Meziantou.Analyzer/blob/main/docs/Rules/MA0004.md) [C:\Projects\Hazina\src\Core\AI\Hazina.AI.RAG\Hazina.AI.RAG.csproj::TargetFramework=net8.0]
C:\Projects\Hazina\src\Core\AI\Hazina.AI.RAG\Graph\Storage\SQLiteGraphStore.cs(554,17): warning MA0004: Use Task.ConfigureAwait(false) if the current SynchronizationContext is not needed (https://github.com/meziantou/Meziantou.Analyzer/blob/main/docs/Rules/MA0004.md) [C:\Projects\Hazina\src\Core\AI\Hazina.AI.RAG\Hazina.AI.RAG.csproj::TargetFramework=net8.0]
C:\Projects\Hazina\src\Core\AI\Hazina.AI.RAG\Graph\Storage\SQLiteGraphStore.cs(556,17): warning MA0004: Use Task.ConfigureAwait(false) if the current SynchronizationContext is not needed (https://github.com/meziantou/Meziantou.Analyzer/blob/main/docs/Rules/MA0004.md) [C:\Projects\Hazina\src\Core\AI\Hazina.AI.RAG\Hazina.AI.RAG.csproj::TargetFramework=net8.0]
C:\Projects\Hazina\src\Core\AI\Hazina.AI.RAG\Graph\Storage\SQLiteGraphStore.cs(560,17): warning MA0004: Use Task.ConfigureAwait(false) if the current SynchronizationContext is not needed (https://github.com/meziantou/Meziantou.Analyzer/blob/main/docs/Rules/MA0004.md) [C:\Projects\Hazina\src\Core\AI\Hazina.AI.RAG\Hazina.AI.RAG.csproj::TargetFramework=net8.0]
C:\Projects\Hazina\src\Core\AI\Hazina.AI.RAG\Graph\Storage\SQLiteGraphStore.cs(581,33): warning CA1305: The behavior of 'Convert.ToInt32(object)' could vary based on the current user's locale settings. Replace this call in 'SQLiteGraphStore.GetStatisticsAsync([CancellationToken])' with a call to 'Convert.ToInt32(object, IFormatProvider)'. (https://learn.microsoft.com/dotnet/fundamentals/code-analysis/quality-rules/ca1305) [C:\Projects\Hazina\src\Core\AI\Hazina.AI.RAG\Hazina.AI.RAG.csproj::TargetFramework=net8.0]
C:\Projects\Hazina\src\Core\AI\Hazina.AI.RAG\Graph\Storage\SQLiteGraphStore.cs(588,39): warning CA1305: The behavior of 'Convert.ToInt32(object)' could vary based on the current user's locale settings. Replace this call in 'SQLiteGraphStore.GetStatisticsAsync([CancellationToken])' with a call to 'Convert.ToInt32(object, IFormatProvider)'. (https://learn.microsoft.com/dotnet/fundamentals/code-analysis/quality-rules/ca1305) [C:\Projects\Hazina\src\Core\AI\Hazina.AI.RAG\Hazina.AI.RAG.csproj::TargetFramework=net8.0]
C:\Projects\Hazina\src\Core\AI\Hazina.AI.RAG\Graph\Storage\SQLiteGraphStore.cs(573,9): warning MA0004: Use Task.ConfigureAwait(false) if the current SynchronizationContext is not needed (https://github.com/meziantou/Meziantou.Analyzer/blob/main/docs/Rules/MA0004.md) [C:\Projects\Hazina\src\Core\AI\Hazina.AI.RAG\Hazina.AI.RAG.csproj::TargetFramework=net8.0]
C:\Projects\Hazina\src\Core\AI\Hazina.AI.RAG\Graph\Storage\SQLiteGraphStore.cs(581,49): warning MA0004: Use Task.ConfigureAwait(false) if the current SynchronizationContext is not needed (https://github.com/meziantou/Meziantou.Analyzer/blob/main/docs/Rules/MA0004.md) [C:\Projects\Hazina\src\Core\AI\Hazina.AI.RAG\Hazina.AI.RAG.csproj::TargetFramework=net8.0]
C:\Projects\Hazina\src\Core\AI\Hazina.AI.RAG\Graph\Storage\SQLiteGraphStore.cs(588,55): warning MA0004: Use Task.ConfigureAwait(false) if the current SynchronizationContext is not needed (https://github.com/meziantou/Meziantou.Analyzer/blob/main/docs/Rules/MA0004.md) [C:\Projects\Hazina\src\Core\AI\Hazina.AI.RAG\Hazina.AI.RAG.csproj::TargetFramework=net8.0]
C:\Projects\Hazina\src\Core\AI\Hazina.AI.RAG\Graph\Storage\SQLiteGraphStore.cs(595,32): warning MA0004: Use Task.ConfigureAwait(false) if the current SynchronizationContext is not needed (https://github.com/meziantou/Meziantou.Analyzer/blob/main/docs/Rules/MA0004.md) [C:\Projects\Hazina\src\Core\AI\Hazina.AI.RAG\Hazina.AI.RAG.csproj::TargetFramework=net8.0]
C:\Projects\Hazina\src\Core\AI\Hazina.AI.RAG\Graph\Storage\SQLiteGraphStore.cs(596,20): warning MA0004: Use Task.ConfigureAwait(false) if the current SynchronizationContext is not needed (https://github.com/meziantou/Meziantou.Analyzer/blob/main/docs/Rules/MA0004.md) [C:\Projects\Hazina\src\Core\AI\Hazina.AI.RAG\Hazina.AI.RAG.csproj::TargetFramework=net8.0]
C:\Projects\Hazina\src\Core\AI\Hazina.AI.RAG\Graph\Storage\SQLiteGraphStore.cs(606,32): warning MA0004: Use Task.ConfigureAwait(false) if the current SynchronizationContext is not needed (https://github.com/meziantou/Meziantou.Analyzer/blob/main/docs/Rules/MA0004.md) [C:\Projects\Hazina\src\Core\AI\Hazina.AI.RAG\Hazina.AI.RAG.csproj::TargetFramework=net8.0]
C:\Projects\Hazina\src\Core\AI\Hazina.AI.RAG\Graph\Storage\SQLiteGraphStore.cs(607,20): warning MA0004: Use Task.ConfigureAwait(false) if the current SynchronizationContext is not needed (https://github.com/meziantou/Meziantou.Analyzer/blob/main/docs/Rules/MA0004.md) [C:\Projects\Hazina\src\Core\AI\Hazina.AI.RAG\Hazina.AI.RAG.csproj::TargetFramework=net8.0]
C:\Projects\Hazina\src\Core\AI\Hazina.AI.RAG\Graph\Storage\SQLiteGraphStore.cs(581,33): warning MA0011: Use an overload of 'ToInt32' that has a 'System.IFormatProvider' parameter (https://github.com/meziantou/Meziantou.Analyzer/blob/main/docs/Rules/MA0011.md) [C:\Projects\Hazina\src\Core\AI\Hazina.AI.RAG\Hazina.AI.RAG.csproj::TargetFramework=net8.0]
C:\Projects\Hazina\src\Core\AI\Hazina.AI.RAG\Graph\Storage\SQLiteGraphStore.cs(588,39): warning MA0011: Use an overload of 'ToInt32' that has a 'System.IFormatProvider' parameter (https://github.com/meziantou/Meziantou.Analyzer/blob/main/docs/Rules/MA0011.md) [C:\Projects\Hazina\src\Core\AI\Hazina.AI.RAG\Hazina.AI.RAG.csproj::TargetFramework=net8.0]
C:\Projects\Hazina\src\Core\AI\Hazina.AI.RAG\Graph\Storage\SQLiteGraphStore.cs(639,24): warning S2325: Make 'LoadEntityRelations' a static method. (https://rules.sonarsource.com/csharp/RSPEC-2325) [C:\Projects\Hazina\src\Core\AI\Hazina.AI.RAG\Hazina.AI.RAG.csproj::TargetFramework=net8.0]
C:\Projects\Hazina\src\Core\AI\Hazina.AI.RAG\Core\RAGEngine.cs(493,20): warning S2325: Make 'BuildRAGPrompt' a static method. (https://rules.sonarsource.com/csharp/RSPEC-2325) [C:\Projects\Hazina\src\Core\AI\Hazina.AI.RAG\Hazina.AI.RAG.csproj::TargetFramework=net8.0]
C:\Projects\Hazina\src\Core\AI\Hazina.AI.RAG\Core\RAGEngine.cs(462,13): warning SA1111: Closing parenthesis should be on line of last parameter (https://github.com/DotNetAnalyzers/StyleCopAnalyzers/blob/master/documentation/SA1111.md) [C:\Projects\Hazina\src\Core\AI\Hazina.AI.RAG\Hazina.AI.RAG.csproj::TargetFramework=net8.0]
C:\Projects\Hazina\src\Core\AI\Hazina.AI.RAG\Core\RAGEngine.cs(487,13): warning SA1111: Closing parenthesis should be on line of last parameter (https://github.com/DotNetAnalyzers/StyleCopAnalyzers/blob/master/documentation/SA1111.md) [C:\Projects\Hazina\src\Core\AI\Hazina.AI.RAG\Hazina.AI.RAG.csproj::TargetFramework=net8.0]
C:\Projects\Hazina\src\Core\AI\Hazina.AI.RAG\Core\RAGEngine.cs(408,9): warning SA1111: Closing parenthesis should be on line of last parameter (https://github.com/DotNetAnalyzers/StyleCopAnalyzers/blob/master/documentation/SA1111.md) [C:\Projects\Hazina\src\Core\AI\Hazina.AI.RAG\Hazina.AI.RAG.csproj::TargetFramework=net8.0]
C:\Projects\Hazina\src\Core\AI\Hazina.AI.RAG\Core\RAGEngine.cs(415,102): warning SA1122: Use string.Empty for empty strings (https://github.com/DotNetAnalyzers/StyleCopAnalyzers/blob/master/documentation/SA1122.md) [C:\Projects\Hazina\src\Core\AI\Hazina.AI.RAG\Hazina.AI.RAG.csproj::TargetFramework=net8.0]
C:\Projects\Hazina\src\Core\AI\Hazina.AI.RAG\Core\RAGEngine.cs(415,107): warning SA1122: Use string.Empty for empty strings (https://github.com/DotNetAnalyzers/StyleCopAnalyzers/blob/master/documentation/SA1122.md) [C:\Projects\Hazina\src\Core\AI\Hazina.AI.RAG\Hazina.AI.RAG.csproj::TargetFramework=net8.0]
C:\Projects\Hazina\src\Core\AI\Hazina.AI.RAG\Core\RAGEngine.cs(454,26): warning MA0004: Use Task.ConfigureAwait(false) if the current SynchronizationContext is not needed (https://github.com/meziantou/Meziantou.Analyzer/blob/main/docs/Rules/MA0004.md) [C:\Projects\Hazina\src\Core\AI\Hazina.AI.RAG\Hazina.AI.RAG.csproj::TargetFramework=net8.0]
C:\Projects\Hazina\src\Core\AI\Hazina.AI.RAG\Core\RAGEngine.cs(481,28): warning MA0004: Use Task.ConfigureAwait(false) if the current SynchronizationContext is not needed (https://github.com/meziantou/Meziantou.Analyzer/blob/main/docs/Rules/MA0004.md) [C:\Projects\Hazina\src\Core\AI\Hazina.AI.RAG\Hazina.AI.RAG.csproj::TargetFramework=net8.0]
C:\Projects\Hazina\src\Core\AI\Hazina.AI.RAG\Core\RAGEngine.cs(394,25): warning MA0004: Use Task.ConfigureAwait(false) if the current SynchronizationContext is not needed (https://github.com/meziantou/Meziantou.Analyzer/blob/main/docs/Rules/MA0004.md) [C:\Projects\Hazina\src\Core\AI\Hazina.AI.RAG\Hazina.AI.RAG.csproj::TargetFramework=net8.0]
C:\Projects\Hazina\src\Core\AI\Hazina.AI.RAG\Graph\Storage\SQLiteGraphStore.cs(625,23): warning S6580: Use a format provider when parsing date and time. (https://rules.sonarsource.com/csharp/RSPEC-6580) [C:\Projects\Hazina\src\Core\AI\Hazina.AI.RAG\Hazina.AI.RAG.csproj::TargetFramework=net8.0]
C:\Projects\Hazina\src\Core\AI\Hazina.AI.RAG\Graph\Storage\SQLiteGraphStore.cs(626,27): warning S6580: Use a format provider when parsing date and time. (https://rules.sonarsource.com/csharp/RSPEC-6580) [C:\Projects\Hazina\src\Core\AI\Hazina.AI.RAG\Hazina.AI.RAG.csproj::TargetFramework=net8.0]
C:\Projects\Hazina\src\Core\AI\Hazina.AI.RAG\Core\RAGEngine.cs(404,23): warning MA0004: Use Task.ConfigureAwait(false) if the current SynchronizationContext is not needed (https://github.com/meziantou/Meziantou.Analyzer/blob/main/docs/Rules/MA0004.md) [C:\Projects\Hazina\src\Core\AI\Hazina.AI.RAG\Hazina.AI.RAG.csproj::TargetFramework=net8.0]
C:\Projects\Hazina\src\Core\AI\Hazina.AI.RAG\Graph\Storage\SQLiteGraphStore.cs(625,23): warning CA1305: The behavior of 'DateTime.Parse(string)' could vary based on the current user's locale settings. Replace this call in 'SQLiteGraphStore.ReadEntity(SqliteDataReader)' with a call to 'DateTime.Parse(string, IFormatProvider)'. (https://learn.microsoft.com/dotnet/fundamentals/code-analysis/quality-rules/ca1305) [C:\Projects\Hazina\src\Core\AI\Hazina.AI.RAG\Hazina.AI.RAG.csproj::TargetFramework=net8.0]
C:\Projects\Hazina\src\Core\AI\Hazina.AI.RAG\Graph\Storage\SQLiteGraphStore.cs(626,27): warning CA1305: The behavior of 'DateTime.Parse(string)' could vary based on the current user's locale settings. Replace this call in 'SQLiteGraphStore.ReadEntity(SqliteDataReader)' with a call to 'DateTime.Parse(string, IFormatProvider)'. (https://learn.microsoft.com/dotnet/fundamentals/code-analysis/quality-rules/ca1305) [C:\Projects\Hazina\src\Core\AI\Hazina.AI.RAG\Hazina.AI.RAG.csproj::TargetFramework=net8.0]
C:\Projects\Hazina\src\Core\AI\Hazina.AI.RAG\Graph\Storage\SQLiteGraphStore.cs(698,20): warning S2325: Make 'SerializeEmbedding' a static method. (https://rules.sonarsource.com/csharp/RSPEC-2325) [C:\Projects\Hazina\src\Core\AI\Hazina.AI.RAG\Hazina.AI.RAG.csproj::TargetFramework=net8.0]
C:\Projects\Hazina\src\Core\AI\Hazina.AI.RAG\Core\RAGEngine.cs(419,23): warning MA0002: Use an overload that has a IEqualityComparer<string> or IComparer<string> parameter (https://github.com/meziantou/Meziantou.Analyzer/blob/main/docs/Rules/MA0002.md) [C:\Projects\Hazina\src\Core\AI\Hazina.AI.RAG\Hazina.AI.RAG.csproj::TargetFramework=net8.0]
C:\Projects\Hazina\src\Core\AI\Hazina.AI.RAG\Graph\Storage\SQLiteGraphStore.cs(625,23): warning MA0011: Use an overload of 'Parse' that has a 'System.IFormatProvider' parameter (https://github.com/meziantou/Meziantou.Analyzer/blob/main/docs/Rules/MA0011.md) [C:\Projects\Hazina\src\Core\AI\Hazina.AI.RAG\Hazina.AI.RAG.csproj::TargetFramework=net8.0]
C:\Projects\Hazina\src\Core\AI\Hazina.AI.RAG\Graph\Storage\SQLiteGraphStore.cs(626,27): warning MA0011: Use an overload of 'Parse' that has a 'System.IFormatProvider' parameter (https://github.com/meziantou/Meziantou.Analyzer/blob/main/docs/Rules/MA0011.md) [C:\Projects\Hazina\src\Core\AI\Hazina.AI.RAG\Hazina.AI.RAG.csproj::TargetFramework=net8.0]
C:\Projects\Hazina\src\Core\AI\Hazina.AI.RAG\Graph\Storage\SQLiteGraphStore.cs(373,37): warning S6966: Await BeginTransactionAsync instead. (https://rules.sonarsource.com/csharp/RSPEC-6966) [C:\Projects\Hazina\src\Core\AI\Hazina.AI.RAG\Hazina.AI.RAG.csproj::TargetFramework=net8.0]
C:\Projects\Hazina\src\Core\AI\Hazina.AI.RAG\Core\RAGEngine.cs(286,5): warning SA1124: Do not use regions (https://github.com/DotNetAnalyzers/StyleCopAnalyzers/blob/master/documentation/SA1124.md) [C:\Projects\Hazina\src\Core\AI\Hazina.AI.RAG\Hazina.AI.RAG.csproj::TargetFramework=net8.0]
C:\Projects\Hazina\src\Core\AI\Hazina.AI.RAG\Graph\Storage\SQLiteGraphStore.cs(545,37): warning S6966: Await BeginTransactionAsync instead. (https://rules.sonarsource.com/csharp/RSPEC-6966) [C:\Projects\Hazina\src\Core\AI\Hazina.AI.RAG\Hazina.AI.RAG.csproj::TargetFramework=net8.0]
C:\Projects\Hazina\src\Core\AI\Hazina.AI.RAG\Graph\Storage\SQLiteGraphStore.cs(705,21): warning S2325: Make 'DeserializeEmbedding' a static method. (https://rules.sonarsource.com/csharp/RSPEC-2325) [C:\Projects\Hazina\src\Core\AI\Hazina.AI.RAG\Hazina.AI.RAG.csproj::TargetFramework=net8.0]
C:\Projects\Hazina\src\Core\AI\Hazina.AI.RAG\Core\RAGEngine.cs(432,17): warning SA1503: Braces should not be omitted (https://github.com/DotNetAnalyzers/StyleCopAnalyzers/blob/master/documentation/SA1503.md) [C:\Projects\Hazina\src\Core\AI\Hazina.AI.RAG\Hazina.AI.RAG.csproj::TargetFramework=net8.0]
C:\Projects\Hazina\src\Core\AI\Hazina.AI.RAG\Graph\Storage\SQLiteGraphStore.cs(624,135): warning MA0002: Use an overload that has a IEqualityComparer<string> or IComparer<string> parameter (https://github.com/meziantou/Meziantou.Analyzer/blob/main/docs/Rules/MA0002.md) [C:\Projects\Hazina\src\Core\AI\Hazina.AI.RAG\Hazina.AI.RAG.csproj::TargetFramework=net8.0]
C:\Projects\Hazina\src\Core\AI\Hazina.AI.RAG\Graph\Storage\SQLiteGraphStore.cs(730,24): warning S1244: Do not check floating point equality with exact values, use a range instead. (https://rules.sonarsource.com/csharp/RSPEC-1244) [C:\Projects\Hazina\src\Core\AI\Hazina.AI.RAG\Hazina.AI.RAG.csproj::TargetFramework=net8.0]
C:\Projects\Hazina\src\Core\AI\Hazina.AI.RAG\Graph\Storage\SQLiteGraphStore.cs(730,45): warning S1244: Do not check floating point equality with exact values, use a range instead. (https://rules.sonarsource.com/csharp/RSPEC-1244) [C:\Projects\Hazina\src\Core\AI\Hazina.AI.RAG\Hazina.AI.RAG.csproj::TargetFramework=net8.0]
C:\Projects\Hazina\src\Core\AI\Hazina.AI.RAG\Core\RAGEngine.cs(312,43): warning CA1860: Prefer comparing 'Count' to 0 rather than using 'Any()', both for clarity and for performance (https://learn.microsoft.com/dotnet/fundamentals/code-analysis/quality-rules/ca1860) [C:\Projects\Hazina\src\Core\AI\Hazina.AI.RAG\Hazina.AI.RAG.csproj::TargetFramework=net8.0]
C:\Projects\Hazina\src\Core\AI\Hazina.AI.RAG\Core\RAGEngine.cs(434,13): warning CA1305: The behavior of 'StringBuilder.AppendLine(ref StringBuilder.AppendInterpolatedStringHandler)' could vary based on the current user's locale settings. Replace this call in 'RAGEngine.BuildContext(List<RetrievedDocument>, int)' with a call to 'StringBuilder.AppendLine(IFormatProvider, ref StringBuilder.AppendInterpolatedStringHandler)'. (https://learn.microsoft.com/dotnet/fundamentals/code-analysis/quality-rules/ca1305) [C:\Projects\Hazina\src\Core\AI\Hazina.AI.RAG\Hazina.AI.RAG.csproj::TargetFramework=net8.0]
C:\Projects\Hazina\src\Core\AI\Hazina.AI.RAG\Core\RAGEngine.cs(504,9): warning CA1305: The behavior of 'StringBuilder.AppendLine(ref StringBuilder.AppendInterpolatedStringHandler)' could vary based on the current user's locale settings. Replace this call in 'RAGEngine.BuildRAGPrompt(string, string, RAGQueryOptions)' with a call to 'StringBuilder.AppendLine(IFormatProvider, ref StringBuilder.AppendInterpolatedStringHandler)'. (https://learn.microsoft.com/dotnet/fundamentals/code-analysis/quality-rules/ca1305) [C:\Projects\Hazina\src\Core\AI\Hazina.AI.RAG\Hazina.AI.RAG.csproj::TargetFramework=net8.0]
C:\Projects\Hazina\src\Core\AI\Hazina.AI.RAG\Core\RAGEngine.cs(434,13): warning MA0011: Use an overload of 'AppendLine' that has a 'System.IFormatProvider' parameter (https://github.com/meziantou/Meziantou.Analyzer/blob/main/docs/Rules/MA0011.md) [C:\Projects\Hazina\src\Core\AI\Hazina.AI.RAG\Hazina.AI.RAG.csproj::TargetFramework=net8.0]
C:\Projects\Hazina\src\Core\AI\Hazina.AI.RAG\Graph\Storage\SQLiteGraphStore.cs(712,20): warning S2325: Make 'CalculateCosineSimilarity' a static method. (https://rules.sonarsource.com/csharp/RSPEC-2325) [C:\Projects\Hazina\src\Core\AI\Hazina.AI.RAG\Hazina.AI.RAG.csproj::TargetFramework=net8.0]
C:\Projects\Hazina\src\Core\AI\Hazina.AI.RAG\Graph\Storage\SQLiteGraphStore.cs(646,32): warning MA0004: Use Task.ConfigureAwait(false) if the current SynchronizationContext is not needed (https://github.com/meziantou/Meziantou.Analyzer/blob/main/docs/Rules/MA0004.md) [C:\Projects\Hazina\src\Core\AI\Hazina.AI.RAG\Hazina.AI.RAG.csproj::TargetFramework=net8.0]
C:\Projects\Hazina\src\Core\AI\Hazina.AI.RAG\Graph\Storage\SQLiteGraphStore.cs(647,20): warning MA0004: Use Task.ConfigureAwait(false) if the current SynchronizationContext is not needed (https://github.com/meziantou/Meziantou.Analyzer/blob/main/docs/Rules/MA0004.md) [C:\Projects\Hazina\src\Core\AI\Hazina.AI.RAG\Hazina.AI.RAG.csproj::TargetFramework=net8.0]
C:\Projects\Hazina\src\Core\AI\Hazina.AI.RAG\Graph\Storage\SQLiteGraphStore.cs(658,32): warning MA0004: Use Task.ConfigureAwait(false) if the current SynchronizationContext is not needed (https://github.com/meziantou/Meziantou.Analyzer/blob/main/docs/Rules/MA0004.md) [C:\Projects\Hazina\src\Core\AI\Hazina.AI.RAG\Hazina.AI.RAG.csproj::TargetFramework=net8.0]
C:\Projects\Hazina\src\Core\AI\Hazina.AI.RAG\Graph\Storage\SQLiteGraphStore.cs(659,20): warning MA0004: Use Task.ConfigureAwait(false) if the current SynchronizationContext is not needed (https://github.com/meziantou/Meziantou.Analyzer/blob/main/docs/Rules/MA0004.md) [C:\Projects\Hazina\src\Core\AI\Hazina.AI.RAG\Hazina.AI.RAG.csproj::TargetFramework=net8.0]
C:\Projects\Hazina\src\Core\AI\Hazina.AI.RAG\Core\RAGEngine.cs(315,24): warning MA0004: Use Task.ConfigureAwait(false) if the current SynchronizationContext is not needed (https://github.com/meziantou/Meziantou.Analyzer/blob/main/docs/Rules/MA0004.md) [C:\Projects\Hazina\src\Core\AI\Hazina.AI.RAG\Hazina.AI.RAG.csproj::TargetFramework=net8.0]
C:\Projects\Hazina\src\Core\AI\Hazina.AI.RAG\Core\RAGEngine.cs(334,26): warning MA0004: Use Task.ConfigureAwait(false) if the current SynchronizationContext is not needed (https://github.com/meziantou/Meziantou.Analyzer/blob/main/docs/Rules/MA0004.md) [C:\Projects\Hazina\src\Core\AI\Hazina.AI.RAG\Hazina.AI.RAG.csproj::TargetFramework=net8.0]
C:\Projects\Hazina\src\Core\AI\Hazina.AI.RAG\Graph\Storage\SQLiteGraphStore.cs(738,17): warning CA1063: Modify 'SQLiteGraphStore.Dispose' so that it calls Dispose(true), then calls GC.SuppressFinalize on the current object instance ('this' or 'Me' in Visual Basic), and then returns (https://learn.microsoft.com/dotnet/fundamentals/code-analysis/quality-rules/ca1063) [C:\Projects\Hazina\src\Core\AI\Hazina.AI.RAG\Hazina.AI.RAG.csproj::TargetFramework=net8.0]
C:\Projects\Hazina\src\Core\AI\Hazina.AI.RAG\Graph\Storage\SQLiteGraphStore.cs(738,17): warning CA1816: Change SQLiteGraphStore.Dispose() to call GC.SuppressFinalize(object). This will prevent derived types that introduce a finalizer from needing to re-implement 'IDisposable' to call it. (https://learn.microsoft.com/dotnet/fundamentals/code-analysis/quality-rules/ca1816) [C:\Projects\Hazina\src\Core\AI\Hazina.AI.RAG\Hazina.AI.RAG.csproj::TargetFramework=net8.0]
C:\Projects\Hazina\src\Core\AI\Hazina.AI.RAG\Core\RAGEngine.cs(304,23): warning MA0002: Use an overload that has a IEqualityComparer<string> or IComparer<string> parameter (https://github.com/meziantou/Meziantou.Analyzer/blob/main/docs/Rules/MA0002.md) [C:\Projects\Hazina\src\Core\AI\Hazina.AI.RAG\Hazina.AI.RAG.csproj::TargetFramework=net8.0]
C:\Projects\Hazina\src\Core\AI\Hazina.AI.RAG\Graph\Storage\SQLiteGraphStore.cs(680,23): warning S6580: Use a format provider when parsing date and time. (https://rules.sonarsource.com/csharp/RSPEC-6580) [C:\Projects\Hazina\src\Core\AI\Hazina.AI.RAG\Hazina.AI.RAG.csproj::TargetFramework=net8.0]
C:\Projects\Hazina\src\Core\AI\Hazina.AI.RAG\Graph\Storage\SQLiteGraphStore.cs(681,27): warning S6580: Use a format provider when parsing date and time. (https://rules.sonarsource.com/csharp/RSPEC-6580) [C:\Projects\Hazina\src\Core\AI\Hazina.AI.RAG\Hazina.AI.RAG.csproj::TargetFramework=net8.0]
C:\Projects\Hazina\src\Core\AI\Hazina.AI.RAG\Graph\Storage\SQLiteGraphStore.cs(690,91): warning S6580: Use a format provider when parsing date and time. (https://rules.sonarsource.com/csharp/RSPEC-6580) [C:\Projects\Hazina\src\Core\AI\Hazina.AI.RAG\Hazina.AI.RAG.csproj::TargetFramework=net8.0]
C:\Projects\Hazina\src\Core\AI\Hazina.AI.RAG\Graph\Storage\SQLiteGraphStore.cs(691,87): warning S6580: Use a format provider when parsing date and time. (https://rules.sonarsource.com/csharp/RSPEC-6580) [C:\Projects\Hazina\src\Core\AI\Hazina.AI.RAG\Hazina.AI.RAG.csproj::TargetFramework=net8.0]
C:\Projects\Hazina\src\Core\AI\Hazina.AI.RAG\Core\RAGEngine.cs(343,24): warning MA0002: Use an overload that has a IEqualityComparer<string> or IComparer<string> parameter (https://github.com/meziantou/Meziantou.Analyzer/blob/main/docs/Rules/MA0002.md) [C:\Projects\Hazina\src\Core\AI\Hazina.AI.RAG\Hazina.AI.RAG.csproj::TargetFramework=net8.0]
C:\Projects\Hazina\src\Core\AI\Hazina.AI.RAG\Core\RAGEngine.cs(343,24): warning MA0002: Use an overload that has a IEqualityComparer<string> or IComparer<string> parameter (https://github.com/meziantou/Meziantou.Analyzer/blob/main/docs/Rules/MA0002.md) [C:\Projects\Hazina\src\Core\AI\Hazina.AI.RAG\Hazina.AI.RAG.csproj::TargetFramework=net8.0]
C:\Projects\Hazina\src\Core\AI\Hazina.AI.RAG\Core\RAGEngine.cs(343,56): warning MA0002: Use an overload that has a IEqualityComparer<string> or IComparer<string> parameter (https://github.com/meziantou/Meziantou.Analyzer/blob/main/docs/Rules/MA0002.md) [C:\Projects\Hazina\src\Core\AI\Hazina.AI.RAG\Hazina.AI.RAG.csproj::TargetFramework=net8.0]
C:\Projects\Hazina\src\Core\AI\Hazina.AI.RAG\Core\RAGEngine.cs(345,25): warning MA0002: Use an overload that has a IEqualityComparer<string> or IComparer<string> parameter (https://github.com/meziantou/Meziantou.Analyzer/blob/main/docs/Rules/MA0002.md) [C:\Projects\Hazina\src\Core\AI\Hazina.AI.RAG\Hazina.AI.RAG.csproj::TargetFramework=net8.0]
C:\Projects\Hazina\src\Core\AI\Hazina.AI.RAG\Graph\Storage\SQLiteGraphStore.cs(680,23): warning CA1305: The behavior of 'DateTime.Parse(string)' could vary based on the current user's locale settings. Replace this call in 'SQLiteGraphStore.ReadRelationship(SqliteDataReader)' with a call to 'DateTime.Parse(string, IFormatProvider)'. (https://learn.microsoft.com/dotnet/fundamentals/code-analysis/quality-rules/ca1305) [C:\Projects\Hazina\src\Core\AI\Hazina.AI.RAG\Hazina.AI.RAG.csproj::TargetFramework=net8.0]
C:\Projects\Hazina\src\Core\AI\Hazina.AI.RAG\Graph\Storage\SQLiteGraphStore.cs(681,27): warning CA1305: The behavior of 'DateTime.Parse(string)' could vary based on the current user's locale settings. Replace this call in 'SQLiteGraphStore.ReadRelationship(SqliteDataReader)' with a call to 'DateTime.Parse(string, IFormatProvider)'. (https://learn.microsoft.com/dotnet/fundamentals/code-analysis/quality-rules/ca1305) [C:\Projects\Hazina\src\Core\AI\Hazina.AI.RAG\Hazina.AI.RAG.csproj::TargetFramework=net8.0]
C:\Projects\Hazina\src\Core\AI\Hazina.AI.RAG\Graph\Storage\SQLiteGraphStore.cs(690,91): warning CA1305: The behavior of 'DateTime.Parse(string)' could vary based on the current user's locale settings. Replace this call in 'SQLiteGraphStore.ReadRelationship(SqliteDataReader)' with a call to 'DateTime.Parse(string, IFormatProvider)'. (https://learn.microsoft.com/dotnet/fundamentals/code-analysis/quality-rules/ca1305) [C:\Projects\Hazina\src\Core\AI\Hazina.AI.RAG\Hazina.AI.RAG.csproj::TargetFramework=net8.0]
C:\Projects\Hazina\src\Core\AI\Hazina.AI.RAG\Graph\Storage\SQLiteGraphStore.cs(691,87): warning CA1305: The behavior of 'DateTime.Parse(string)' could vary based on the current user's locale settings. Replace this call in 'SQLiteGraphStore.ReadRelationship(SqliteDataReader)' with a call to 'DateTime.Parse(string, IFormatProvider)'. (https://learn.microsoft.com/dotnet/fundamentals/code-analysis/quality-rules/ca1305) [C:\Projects\Hazina\src\Core\AI\Hazina.AI.RAG\Hazina.AI.RAG.csproj::TargetFramework=net8.0]
C:\Projects\Hazina\src\Core\AI\Hazina.AI.RAG\Graph\Storage\SQLiteGraphStore.cs(680,23): warning MA0011: Use an overload of 'Parse' that has a 'System.IFormatProvider' parameter (https://github.com/meziantou/Meziantou.Analyzer/blob/main/docs/Rules/MA0011.md) [C:\Projects\Hazina\src\Core\AI\Hazina.AI.RAG\Hazina.AI.RAG.csproj::TargetFramework=net8.0]
C:\Projects\Hazina\src\Core\AI\Hazina.AI.RAG\Graph\Storage\SQLiteGraphStore.cs(681,27): warning MA0011: Use an overload of 'Parse' that has a 'System.IFormatProvider' parameter (https://github.com/meziantou/Meziantou.Analyzer/blob/main/docs/Rules/MA0011.md) [C:\Projects\Hazina\src\Core\AI\Hazina.AI.RAG\Hazina.AI.RAG.csproj::TargetFramework=net8.0]
C:\Projects\Hazina\src\Core\AI\Hazina.AI.RAG\Graph\Storage\SQLiteGraphStore.cs(690,91): warning MA0011: Use an overload of 'Parse' that has a 'System.IFormatProvider' parameter (https://github.com/meziantou/Meziantou.Analyzer/blob/main/docs/Rules/MA0011.md) [C:\Projects\Hazina\src\Core\AI\Hazina.AI.RAG\Hazina.AI.RAG.csproj::TargetFramework=net8.0]
C:\Projects\Hazina\src\Core\AI\Hazina.AI.RAG\Graph\Storage\SQLiteGraphStore.cs(691,87): warning MA0011: Use an overload of 'Parse' that has a 'System.IFormatProvider' parameter (https://github.com/meziantou/Meziantou.Analyzer/blob/main/docs/Rules/MA0011.md) [C:\Projects\Hazina\src\Core\AI\Hazina.AI.RAG\Hazina.AI.RAG.csproj::TargetFramework=net8.0]
C:\Projects\Hazina\src\Core\AI\Hazina.AI.RAG\Graph\Storage\SQLiteGraphStore.cs(676,135): warning MA0002: Use an overload that has a IEqualityComparer<string> or IComparer<string> parameter (https://github.com/meziantou/Meziantou.Analyzer/blob/main/docs/Rules/MA0002.md) [C:\Projects\Hazina\src\Core\AI\Hazina.AI.RAG\Hazina.AI.RAG.csproj::TargetFramework=net8.0]
C:\Projects\Hazina\src\Core\AI\Hazina.AI.RAG\Graph\Pipeline\LLMRelationshipExtractor.cs(197,19): warning CA1812: 'LLMRelationshipExtractor.ExtractedRelationship' is an internal class that is apparently never instantiated. If so, remove the code from the assembly. If this class is intended to contain only static members, make it 'static' (Module in Visual Basic). (https://learn.microsoft.com/dotnet/fundamentals/code-analysis/quality-rules/ca1812) [C:\Projects\Hazina\src\Core\AI\Hazina.AI.RAG\Hazina.AI.RAG.csproj::TargetFramework=net8.0]
C:\Projects\Hazina\src\Core\AI\Hazina.AI.RAG\Graph\Pipeline\LLMEntityExtractor.cs(162,19): warning CA1812: 'LLMEntityExtractor.ExtractedEntity' is an internal class that is apparently never instantiated. If so, remove the code from the assembly. If this class is intended to contain only static members, make it 'static' (Module in Visual Basic). (https://learn.microsoft.com/dotnet/fundamentals/code-analysis/quality-rules/ca1812) [C:\Projects\Hazina\src\Core\AI\Hazina.AI.RAG\Hazina.AI.RAG.csproj::TargetFramework=net8.0]
C:\Projects\Hazina\src\Core\AI\Hazina.AI.RAG\Graph\Pipeline\LLMRelationshipExtractor.cs(197,19): warning CA1852: Type 'ExtractedRelationship' can be sealed because it has no subtypes in its containing assembly and is not externally visible (https://learn.microsoft.com/dotnet/fundamentals/code-analysis/quality-rules/ca1852) [C:\Projects\Hazina\src\Core\AI\Hazina.AI.RAG\Hazina.AI.RAG.csproj::TargetFramework=net8.0]
C:\Projects\Hazina\src\Core\AI\Hazina.AI.RAG\Graph\Pipeline\LLMEntityExtractor.cs(162,19): warning CA1852: Type 'ExtractedEntity' can be sealed because it has no subtypes in its containing assembly and is not externally visible (https://learn.microsoft.com/dotnet/fundamentals/code-analysis/quality-rules/ca1852) [C:\Projects\Hazina\src\Core\AI\Hazina.AI.RAG\Hazina.AI.RAG.csproj::TargetFramework=net8.0]
C:\Projects\Hazina\src\Core\Agents\Hazina.AgentFactory\Models\AgentCardModel.cs(38,46): warning CS8612: Nullability of reference types in type of 'event PropertyChangedEventHandler AgentCardModel.PropertyChanged' doesn't match implicitly implemented member 'event PropertyChangedEventHandler? INotifyPropertyChanged.PropertyChanged'. [C:\Projects\Hazina\src\Core\Agents\Hazina.AgentFactory\Hazina.AgentFactory.csproj::TargetFramework=net8.0]
C:\Projects\Hazina\src\Core\Agents\Hazina.AgentFactory\Models\FlowCardModels.cs(94,46): warning CS8612: Nullability of reference types in type of 'event PropertyChangedEventHandler FlowCardsBindingModel.PropertyChanged' doesn't match implicitly implemented member 'event PropertyChangedEventHandler? INotifyPropertyChanged.PropertyChanged'. [C:\Projects\Hazina\src\Core\Agents\Hazina.AgentFactory\Hazina.AgentFactory.csproj::TargetFramework=net8.0]
C:\Projects\Hazina\src\Core\Agents\Hazina.AgentFactory\Models\StoreEntry.cs(19,50): warning CS8612: Nullability of reference types in type of 'event PropertyChangedEventHandler StoreEntry.PropertyChanged' doesn't match implicitly implemented member 'event PropertyChangedEventHandler? INotifyPropertyChanged.PropertyChanged'. [C:\Projects\Hazina\src\Core\Agents\Hazina.AgentFactory\Hazina.AgentFactory.csproj::TargetFramework=net8.0]
C:\Projects\Hazina\src\Core\Agents\Hazina.AgentFactory\Models\FlowCardModels.cs(56,46): warning CS8612: Nullability of reference types in type of 'event PropertyChangedEventHandler FlowCardModel.PropertyChanged' doesn't match implicitly implemented member 'event PropertyChangedEventHandler? INotifyPropertyChanged.PropertyChanged'. [C:\Projects\Hazina\src\Core\Agents\Hazina.AgentFactory\Hazina.AgentFactory.csproj::TargetFramework=net8.0]
C:\Projects\Hazina\src\Core\Agents\Hazina.AgentFactory\Core\QuickAgentCreator.cs(23,41): warning CS8625: Cannot convert null literal to non-nullable reference type. [C:\Projects\Hazina\src\Core\Agents\Hazina.AgentFactory\Hazina.AgentFactory.csproj::TargetFramework=net8.0]
C:\Projects\Hazina\src\Core\Agents\Hazina.AgentFactory\Core\QuickAgentCreator.cs(24,38): warning CS8625: Cannot convert null literal to non-nullable reference type. [C:\Projects\Hazina\src\Core\Agents\Hazina.AgentFactory\Hazina.AgentFactory.csproj::TargetFramework=net8.0]
C:\Projects\Hazina\src\Core\Agents\Hazina.AgentFactory\Core\QuickAgentCreator.cs(25,37): warning CS8625: Cannot convert null literal to non-nullable reference type. [C:\Projects\Hazina\src\Core\Agents\Hazina.AgentFactory\Hazina.AgentFactory.csproj::TargetFramework=net8.0]
C:\Projects\Hazina\src\Core\Agents\Hazina.AgentFactory\Core\StoresAndAgentsAndFlowLoader.cs(92,141): warning CS8625: Cannot convert null literal to non-nullable reference type. [C:\Projects\Hazina\src\Core\Agents\Hazina.AgentFactory\Hazina.AgentFactory.csproj::TargetFramework=net8.0]
C:\Projects\Hazina\src\Core\Agents\Hazina.AgentFactory\Core\AgentManager.cs(119,62): warning CS8625: Cannot convert null literal to non-nullable reference type. [C:\Projects\Hazina\src\Core\Agents\Hazina.AgentFactory\Hazina.AgentFactory.csproj::TargetFramework=net8.0]
C:\Projects\Hazina\src\Core\Agents\Hazina.AgentFactory\Core\AgentManager.cs(149,102): warning CS8625: Cannot convert null literal to non-nullable reference type. [C:\Projects\Hazina\src\Core\Agents\Hazina.AgentFactory\Hazina.AgentFactory.csproj::TargetFramework=net8.0]
C:\Projects\Hazina\src\Core\Agents\Hazina.AgentFactory\Core\AgentManager.cs(172,106): warning CS8625: Cannot convert null literal to non-nullable reference type. [C:\Projects\Hazina\src\Core\Agents\Hazina.AgentFactory\Hazina.AgentFactory.csproj::TargetFramework=net8.0]
C:\Projects\Hazina\src\Core\Agents\Hazina.AgentFactory\Configuration\Formatters\AgentConfigFormatHelper.cs(17,24): error CS8603: Possible null reference return. [C:\Projects\Hazina\src\Core\Agents\Hazina.AgentFactory\Hazina.AgentFactory.csproj::TargetFramework=net8.0]
C:\Projects\Hazina\src\Core\Agents\Hazina.AgentFactory\Configuration\Formatters\StoreConfigFormatHelper.cs(17,24): error CS8603: Possible null reference return. [C:\Projects\Hazina\src\Core\Agents\Hazina.AgentFactory\Hazina.AgentFactory.csproj::TargetFramework=net8.0]
C:\Projects\Hazina\src\Core\Agents\Hazina.AgentFactory\Configuration\Formatters\FlowConfigFormatHelper.cs(15,24): error CS8603: Possible null reference return. [C:\Projects\Hazina\src\Core\Agents\Hazina.AgentFactory\Hazina.AgentFactory.csproj::TargetFramework=net8.0]
C:\Projects\Hazina\src\Core\Agents\Hazina.AgentFactory\Models\IsReadyResult.cs(6,19): warning CS8618: Non-nullable property 'Message' must contain a non-null value when exiting constructor. Consider adding the 'required' modifier or declaring the property as nullable. [C:\Projects\Hazina\src\Core\Agents\Hazina.AgentFactory\Hazina.AgentFactory.csproj::TargetFramework=net8.0]
C:\Projects\Hazina\src\Core\Agents\Hazina.AgentFactory\Models\StoreRef.cs(3,19): warning CS8618: Non-nullable property 'Name' must contain a non-null value when exiting constructor. Consider adding the 'required' modifier or declaring the property as nullable. [C:\Projects\Hazina\src\Core\Agents\Hazina.AgentFactory\Hazina.AgentFactory.csproj::TargetFramework=net8.0]
C:\Projects\Hazina\src\Core\Agents\Hazina.AgentFactory\Models\FlowCardModels.cs(99,36): warning CS8622: Nullability of reference types in type of parameter 'sender' of 'void FlowCardsBindingModel.Cards_CollectionChanged(object sender, NotifyCollectionChangedEventArgs e)' doesn't match the target delegate 'NotifyCollectionChangedEventHandler' (possibly because of nullability attributes). [C:\Projects\Hazina\src\Core\Agents\Hazina.AgentFactory\Hazina.AgentFactory.csproj::TargetFramework=net8.0]
C:\Projects\Hazina\src\Core\Agents\Hazina.AgentFactory\Models\FlowCardModels.cs(97,12): warning CS8618: Non-nullable event 'PropertyChanged' must contain a non-null value when exiting constructor. Consider adding the 'required' modifier or declaring the event as nullable. [C:\Projects\Hazina\src\Core\Agents\Hazina.AgentFactory\Hazina.AgentFactory.csproj::TargetFramework=net8.0]
C:\Projects\Hazina\src\Core\Agents\Hazina.AgentFactory\Models\StoreEntry.cs(7,24): warning CS8618: Non-nullable field '_storeName' must contain a non-null value when exiting constructor. Consider adding the 'required' modifier or declaring the field as nullable. [C:\Projects\Hazina\src\Core\Agents\Hazina.AgentFactory\Hazina.AgentFactory.csproj::TargetFramework=net8.0]
C:\Projects\Hazina\src\Core\Agents\Hazina.AgentFactory\Models\StoreEntry.cs(19,50): warning CS8618: Non-nullable event 'PropertyChanged' must contain a non-null value when exiting constructor. Consider adding the 'required' modifier or declaring the event as nullable. [C:\Projects\Hazina\src\Core\Agents\Hazina.AgentFactory\Hazina.AgentFactory.csproj::TargetFramework=net8.0]
C:\Projects\Hazina\src\Core\Agents\Hazina.AgentFactory\Models\FlowCardModels.cs(44,12): warning CS8618: Non-nullable field '_name' must contain a non-null value when exiting constructor. Consider adding the 'required' modifier or declaring the field as nullable. [C:\Projects\Hazina\src\Core\Agents\Hazina.AgentFactory\Hazina.AgentFactory.csproj::TargetFramework=net8.0]
C:\Projects\Hazina\src\Core\Agents\Hazina.AgentFactory\Models\FlowCardModels.cs(44,12): warning CS8618: Non-nullable field '_description' must contain a non-null value when exiting constructor. Consider adding the 'required' modifier or declaring the field as nullable. [C:\Projects\Hazina\src\Core\Agents\Hazina.AgentFactory\Hazina.AgentFactory.csproj::TargetFramework=net8.0]
C:\Projects\Hazina\src\Core\Agents\Hazina.AgentFactory\Models\FlowCardModels.cs(44,12): warning CS8618: Non-nullable field '_newAgentToAdd' must contain a non-null value when exiting constructor. Consider adding the 'required' modifier or declaring the field as nullable. [C:\Projects\Hazina\src\Core\Agents\Hazina.AgentFactory\Hazina.AgentFactory.csproj::TargetFramework=net8.0]
C:\Projects\Hazina\src\Core\Agents\Hazina.AgentFactory\Models\FlowCardModels.cs(44,12): warning CS8618: Non-nullable event 'PropertyChanged' must contain a non-null value when exiting constructor. Consider adding the 'required' modifier or declaring the event as nullable. [C:\Projects\Hazina\src\Core\Agents\Hazina.AgentFactory\Hazina.AgentFactory.csproj::TargetFramework=net8.0]
C:\Projects\Hazina\src\Core\Agents\Hazina.AgentFactory\Models\FlowCardModels.cs(111,46): warning CS8622: Nullability of reference types in type of parameter 'sender' of 'void FlowCardsBindingModel.OnCardPropertyChanged(object sender, PropertyChangedEventArgs e)' doesn't match the target delegate 'PropertyChangedEventHandler' (possibly because of nullability attributes). [C:\Projects\Hazina\src\Core\Agents\Hazina.AgentFactory\Hazina.AgentFactory.csproj::TargetFramework=net8.0]
C:\Projects\Hazina\src\Core\Agents\Hazina.AgentFactory\Models\FlowCardModels.cs(120,46): warning CS8622: Nullability of reference types in type of parameter 'sender' of 'void FlowCardsBindingModel.OnCardPropertyChanged(object sender, PropertyChangedEventArgs e)' doesn't match the target delegate 'PropertyChangedEventHandler' (possibly because of nullability attributes). [C:\Projects\Hazina\src\Core\Agents\Hazina.AgentFactory\Hazina.AgentFactory.csproj::TargetFramework=net8.0]
C:\Projects\Hazina\src\Core\Agents\Hazina.AgentFactory\Models\FlowCardModels.cs(134,37): warning CS8622: Nullability of reference types in type of parameter 'sender' of 'void FlowCardsBindingModel.OnCardPropertyChanged(object sender, PropertyChangedEventArgs e)' doesn't match the target delegate 'PropertyChangedEventHandler' (possibly because of nullability attributes). [C:\Projects\Hazina\src\Core\Agents\Hazina.AgentFactory\Hazina.AgentFactory.csproj::TargetFramework=net8.0]
C:\Projects\Hazina\src\Core\Agents\Hazina.AgentFactory\Models\FlowCardModels.cs(49,12): warning CS8618: Non-nullable field '_newAgentToAdd' must contain a non-null value when exiting constructor. Consider adding the 'required' modifier or declaring the field as nullable. [C:\Projects\Hazina\src\Core\Agents\Hazina.AgentFactory\Hazina.AgentFactory.csproj::TargetFramework=net8.0]
C:\Projects\Hazina\src\Core\Agents\Hazina.AgentFactory\Models\FlowCardModels.cs(49,12): warning CS8618: Non-nullable event 'PropertyChanged' must contain a non-null value when exiting constructor. Consider adding the 'required' modifier or declaring the event as nullable. [C:\Projects\Hazina\src\Core\Agents\Hazina.AgentFactory\Hazina.AgentFactory.csproj::TargetFramework=net8.0]
C:\Projects\Hazina\src\Core\Agents\Hazina.AgentFactory\Core\AgentManager.cs(48,12): warning CS8618: Non-nullable field '_stores' must contain a non-null value when exiting constructor. Consider adding the 'required' modifier or declaring the field as nullable. [C:\Projects\Hazina\src\Core\Agents\Hazina.AgentFactory\Hazina.AgentFactory.csproj::TargetFramework=net8.0]
C:\Projects\Hazina\src\Core\Agents\Hazina.AgentFactory\Core\AgentManager.cs(48,12): warning CS8618: Non-nullable field '_agents' must contain a non-null value when exiting constructor. Consider adding the 'required' modifier or declaring the field as nullable. [C:\Projects\Hazina\src\Core\Agents\Hazina.AgentFactory\Hazina.AgentFactory.csproj::TargetFramework=net8.0]
C:\Projects\Hazina\src\Core\Agents\Hazina.AgentFactory\Core\AgentManager.cs(48,12): warning CS8618: Non-nullable field '_flows' must contain a non-null value when exiting constructor. Consider adding the 'required' modifier or declaring the field as nullable. [C:\Projects\Hazina\src\Core\Agents\Hazina.AgentFactory\Hazina.AgentFactory.csproj::TargetFramework=net8.0]
C:\Projects\Hazina\src\Core\Agents\Hazina.AgentFactory\Core\AgentManager.cs(48,12): warning CS8618: Non-nullable field '_storesJson' must contain a non-null value when exiting constructor. Consider adding the 'required' modifier or declaring the field as nullable. [C:\Projects\Hazina\src\Core\Agents\Hazina.AgentFactory\Hazina.AgentFactory.csproj::TargetFramework=net8.0]
C:\Projects\Hazina\src\Core\Agents\Hazina.AgentFactory\Core\AgentManager.cs(48,12): warning CS8618: Non-nullable field '_agentsJson' must contain a non-null value when exiting constructor. Consider adding the 'required' modifier or declaring the field as nullable. [C:\Projects\Hazina\src\Core\Agents\Hazina.AgentFactory\Hazina.AgentFactory.csproj::TargetFramework=net8.0]
C:\Projects\Hazina\src\Core\Agents\Hazina.AgentFactory\Core\AgentManager.cs(48,12): warning CS8618: Non-nullable field '_flowsJson' must contain a non-null value when exiting constructor. Consider adding the 'required' modifier or declaring the field as nullable. [C:\Projects\Hazina\src\Core\Agents\Hazina.AgentFactory\Hazina.AgentFactory.csproj::TargetFramework=net8.0]
C:\Projects\Hazina\src\Core\Agents\Hazina.AgentFactory\Configuration\Parsers\HazinaAgentConfigParser.cs(177,30): error CS8600: Converting null literal or possible null value to non-nullable type. [C:\Projects\Hazina\src\Core\Agents\Hazina.AgentFactory\Hazina.AgentFactory.csproj::TargetFramework=net8.0]
C:\Projects\Hazina\src\Core\Agents\Hazina.AgentFactory\Configuration\Parsers\HazinaAgentConfigParser.cs(186,31): error CS8600: Converting null literal or possible null value to non-nullable type. [C:\Projects\Hazina\src\Core\Agents\Hazina.AgentFactory\Hazina.AgentFactory.csproj::TargetFramework=net8.0]
C:\Projects\Hazina\src\Core\Agents\Hazina.AgentFactory\Core\QuickAgentCreator.cs(46,30): warning CS0618: 'EmbeddingStoreFactory.CreateFromSpec(string, ILLMClient)' is obsolete: 'Use CreateNew() with IEmbeddingGenerator for better separation of concerns' [C:\Projects\Hazina\src\Core\Agents\Hazina.AgentFactory\Hazina.AgentFactory.csproj::TargetFramework=net8.0]
C:\Projects\Hazina\src\Core\Agents\Hazina.AgentFactory\Core\AgentManager.cs(62,12): warning CS8618: Non-nullable field '_stores' must contain a non-null value when exiting constructor. Consider adding the 'required' modifier or declaring the field as nullable. [C:\Projects\Hazina\src\Core\Agents\Hazina.AgentFactory\Hazina.AgentFactory.csproj::TargetFramework=net8.0]
C:\Projects\Hazina\src\Core\Agents\Hazina.AgentFactory\Core\AgentManager.cs(62,12): warning CS8618: Non-nullable field '_agents' must contain a non-null value when exiting constructor. Consider adding the 'required' modifier or declaring the field as nullable. [C:\Projects\Hazina\src\Core\Agents\Hazina.AgentFactory\Hazina.AgentFactory.csproj::TargetFramework=net8.0]
C:\Projects\Hazina\src\Core\Agents\Hazina.AgentFactory\Core\AgentManager.cs(62,12): warning CS8618: Non-nullable field '_flows' must contain a non-null value when exiting constructor. Consider adding the 'required' modifier or declaring the field as nullable. [C:\Projects\Hazina\src\Core\Agents\Hazina.AgentFactory\Hazina.AgentFactory.csproj::TargetFramework=net8.0]
C:\Projects\Hazina\src\Core\Agents\Hazina.AgentFactory\Core\AgentManager.cs(62,12): warning CS8618: Non-nullable field '_storesJson' must contain a non-null value when exiting constructor. Consider adding the 'required' modifier or declaring the field as nullable. [C:\Projects\Hazina\src\Core\Agents\Hazina.AgentFactory\Hazina.AgentFactory.csproj::TargetFramework=net8.0]
C:\Projects\Hazina\src\Core\Agents\Hazina.AgentFactory\Core\AgentManager.cs(62,12): warning CS8618: Non-nullable field '_agentsJson' must contain a non-null value when exiting constructor. Consider adding the 'required' modifier or declaring the field as nullable. [C:\Projects\Hazina\src\Core\Agents\Hazina.AgentFactory\Hazina.AgentFactory.csproj::TargetFramework=net8.0]
C:\Projects\Hazina\src\Core\Agents\Hazina.AgentFactory\Core\AgentManager.cs(62,12): warning CS8618: Non-nullable field '_flowsJson' must contain a non-null value when exiting constructor. Consider adding the 'required' modifier or declaring the field as nullable. [C:\Projects\Hazina\src\Core\Agents\Hazina.AgentFactory\Hazina.AgentFactory.csproj::TargetFramework=net8.0]
C:\Projects\Hazina\src\Core\Agents\Hazina.AgentFactory\Core\AgentManager.cs(73,12): warning CS8618: Non-nullable field '_stores' must contain a non-null value when exiting constructor. Consider adding the 'required' modifier or declaring the field as nullable. [C:\Projects\Hazina\src\Core\Agents\Hazina.AgentFactory\Hazina.AgentFactory.csproj::TargetFramework=net8.0]
C:\Projects\Hazina\src\Core\Agents\Hazina.AgentFactory\Core\AgentManager.cs(73,12): warning CS8618: Non-nullable field '_agents' must contain a non-null value when exiting constructor. Consider adding the 'required' modifier or declaring the field as nullable. [C:\Projects\Hazina\src\Core\Agents\Hazina.AgentFactory\Hazina.AgentFactory.csproj::TargetFramework=net8.0]
C:\Projects\Hazina\src\Core\Agents\Hazina.AgentFactory\Core\AgentManager.cs(73,12): warning CS8618: Non-nullable field '_flows' must contain a non-null value when exiting constructor. Consider adding the 'required' modifier or declaring the field as nullable. [C:\Projects\Hazina\src\Core\Agents\Hazina.AgentFactory\Hazina.AgentFactory.csproj::TargetFramework=net8.0]
C:\Projects\Hazina\src\Core\Agents\Hazina.AgentFactory\Core\AgentManager.cs(73,12): warning CS8618: Non-nullable field '_storesJsonPath' must contain a non-null value when exiting constructor. Consider adding the 'required' modifier or declaring the field as nullable. [C:\Projects\Hazina\src\Core\Agents\Hazina.AgentFactory\Hazina.AgentFactory.csproj::TargetFramework=net8.0]
C:\Projects\Hazina\src\Core\Agents\Hazina.AgentFactory\Core\AgentManager.cs(73,12): warning CS8618: Non-nullable field '_agentsJsonPath' must contain a non-null value when exiting constructor. Consider adding the 'required' modifier or declaring the field as nullable. [C:\Projects\Hazina\src\Core\Agents\Hazina.AgentFactory\Hazina.AgentFactory.csproj::TargetFramework=net8.0]
C:\Projects\Hazina\src\Core\Agents\Hazina.AgentFactory\Core\AgentManager.cs(73,12): warning CS8618: Non-nullable field '_flowsJsonPath' must contain a non-null value when exiting constructor. Consider adding the 'required' modifier or declaring the field as nullable. [C:\Projects\Hazina\src\Core\Agents\Hazina.AgentFactory\Hazina.AgentFactory.csproj::TargetFramework=net8.0]
C:\Projects\Hazina\src\Core\Agents\Hazina.AgentFactory\Services\Execution\AgentExecutionService.cs(39,9): error CS8602: Dereference of a possibly null reference. [C:\Projects\Hazina\src\Core\Agents\Hazina.AgentFactory\Hazina.AgentFactory.csproj::TargetFramework=net8.0]
C:\Projects\Hazina\src\Core\Agents\Hazina.AgentFactory\Models\AgentCardModel.cs(8,20): warning CS8618: Non-nullable field 'name' must contain a non-null value when exiting constructor. Consider adding the 'required' modifier or declaring the field as nullable. [C:\Projects\Hazina\src\Core\Agents\Hazina.AgentFactory\Hazina.AgentFactory.csproj::TargetFramework=net8.0]
C:\Projects\Hazina\src\Core\Agents\Hazina.AgentFactory\Models\AgentCardModel.cs(9,20): warning CS8618: Non-nullable field 'description' must contain a non-null value when exiting constructor. Consider adding the 'required' modifier or declaring the field as nullable. [C:\Projects\Hazina\src\Core\Agents\Hazina.AgentFactory\Hazina.AgentFactory.csproj::TargetFramework=net8.0]
C:\Projects\Hazina\src\Core\Agents\Hazina.AgentFactory\Models\AgentCardModel.cs(10,20): warning CS8618: Non-nullable field 'prompt' must contain a non-null value when exiting constructor. Consider adding the 'required' modifier or declaring the field as nullable. [C:\Projects\Hazina\src\Core\Agents\Hazina.AgentFactory\Hazina.AgentFactory.csproj::TargetFramework=net8.0]
C:\Projects\Hazina\src\Core\Agents\Hazina.AgentFactory\Models\AgentCardModel.cs(16,20): warning CS8618: Non-nullable field 'newStoreToAdd' must contain a non-null value when exiting constructor. Consider adding the 'required' modifier or declaring the field as nullable. [C:\Projects\Hazina\src\Core\Agents\Hazina.AgentFactory\Hazina.AgentFactory.csproj::TargetFramework=net8.0]
C:\Projects\Hazina\src\Core\Agents\Hazina.AgentFactory\Models\AgentCardModel.cs(18,20): warning CS8618: Non-nullable field 'newFunctionToAdd' must contain a non-null value when exiting constructor. Consider adding the 'required' modifier or declaring the field as nullable. [C:\Projects\Hazina\src\Core\Agents\Hazina.AgentFactory\Hazina.AgentFactory.csproj::TargetFramework=net8.0]
C:\Projects\Hazina\src\Core\Agents\Hazina.AgentFactory\Models\AgentCardModel.cs(19,20): warning CS8618: Non-nullable field 'newAgentToAdd' must contain a non-null value when exiting constructor. Consider adding the 'required' modifier or declaring the field as nullable. [C:\Projects\Hazina\src\Core\Agents\Hazina.AgentFactory\Hazina.AgentFactory.csproj::TargetFramework=net8.0]
C:\Projects\Hazina\src\Core\Agents\Hazina.AgentFactory\Models\AgentCardModel.cs(20,20): warning CS8618: Non-nullable field 'newFlowToAdd' must contain a non-null value when exiting constructor. Consider adding the 'required' modifier or declaring the field as nullable. [C:\Projects\Hazina\src\Core\Agents\Hazina.AgentFactory\Hazina.AgentFactory.csproj::TargetFramework=net8.0]
C:\Projects\Hazina\src\Core\Agents\Hazina.AgentFactory\Models\AgentCardModel.cs(38,46): warning CS8618: Non-nullable event 'PropertyChanged' must contain a non-null value when exiting constructor. Consider adding the 'required' modifier or declaring the event as nullable. [C:\Projects\Hazina\src\Core\Agents\Hazina.AgentFactory\Hazina.AgentFactory.csproj::TargetFramework=net8.0]
C:\Projects\Hazina\src\Core\Agents\Hazina.AgentFactory\Configuration\Parsers\HazinaAgentConfigParser.cs(220,54): error CS8603: Possible null reference return. [C:\Projects\Hazina\src\Core\Agents\Hazina.AgentFactory\Hazina.AgentFactory.csproj::TargetFramework=net8.0]
C:\Projects\Hazina\src\Core\Agents\Hazina.AgentFactory\Core\AgentManager.cs(108,16): error CS8603: Possible null reference return. [C:\Projects\Hazina\src\Core\Agents\Hazina.AgentFactory\Hazina.AgentFactory.csproj::TargetFramework=net8.0]
C:\Projects\Hazina\src\Core\Agents\Hazina.AgentFactory\Configuration\Parsers\HazinaStoreConfigParser.cs(30,31): error CS8600: Converting null literal or possible null value to non-nullable type. [C:\Projects\Hazina\src\Core\Agents\Hazina.AgentFactory\Hazina.AgentFactory.csproj::TargetFramework=net8.0]
C:\Projects\Hazina\src\Core\Agents\Hazina.AgentFactory\Configuration\Parsers\HazinaStoreConfigParser.cs(40,31): error CS8600: Converting null literal or possible null value to non-nullable type. [C:\Projects\Hazina\src\Core\Agents\Hazina.AgentFactory\Hazina.AgentFactory.csproj::TargetFramework=net8.0]
C:\Projects\Hazina\src\Core\Agents\Hazina.AgentFactory\Configuration\Parsers\HazinaAgentConfigParser.cs(260,24): error CS8604: Possible null reference argument for parameter 'flows' in 'void HazinaFlowConfigParser.SaveToFile(IEnumerable<FlowConfig> flows, string path)'. [C:\Projects\Hazina\src\Core\Agents\Hazina.AgentFactory\Hazina.AgentFactory.csproj::TargetFramework=net8.0]
C:\Projects\Hazina\src\Core\Agents\Hazina.AgentFactory\Core\AgentManager.cs(112,16): error CS8603: Possible null reference return. [C:\Projects\Hazina\src\Core\Agents\Hazina.AgentFactory\Hazina.AgentFactory.csproj::TargetFramework=net8.0]
C:\Projects\Hazina\src\Core\Agents\Hazina.AgentFactory\Core\AgentManager.cs(124,21): error CS8600: Converting null literal or possible null value to non-nullable type. [C:\Projects\Hazina\src\Core\Agents\Hazina.AgentFactory\Hazina.AgentFactory.csproj::TargetFramework=net8.0]
C:\Projects\Hazina\src\Core\Agents\Hazina.AgentFactory\Core\AgentManager.cs(139,77): error CS8604: Possible null reference argument for parameter 'message' in 'Task<LLMResponse<IsReadyResult?>> DocumentGenerator.GetResponse<IsReadyResult>(string message, CancellationToken cancel, IEnumerable<HazinaChatMessage>? history = null, bool addRelevantDocuments = true, bool addFilesList = true, IToolsContext? toolsContext = null, List<ImageData>? images = null)'. [C:\Projects\Hazina\src\Core\Agents\Hazina.AgentFactory\Hazina.AgentFactory.csproj::TargetFramework=net8.0]
C:\Projects\Hazina\src\Core\Agents\Hazina.AgentFactory\Core\AgentManager.cs(140,21): error CS8602: Dereference of a possibly null reference. [C:\Projects\Hazina\src\Core\Agents\Hazina.AgentFactory\Hazina.AgentFactory.csproj::TargetFramework=net8.0]
C:\Projects\Hazina\src\Core\Agents\Hazina.AgentFactory\Core\AgentManager.cs(143,35): error CS8602: Dereference of a possibly null reference. [C:\Projects\Hazina\src\Core\Agents\Hazina.AgentFactory\Hazina.AgentFactory.csproj::TargetFramework=net8.0]
C:\Projects\Hazina\src\Core\Agents\Hazina.AgentFactory\Services\Execution\AgentExecutionService.cs(101,9): error CS8602: Dereference of a possibly null reference. [C:\Projects\Hazina\src\Core\Agents\Hazina.AgentFactory\Hazina.AgentFactory.csproj::TargetFramework=net8.0]
C:\Projects\Hazina\src\Core\Agents\Hazina.AgentFactory\Core\AgentManager.cs(154,21): error CS8600: Converting null literal or possible null value to non-nullable type. [C:\Projects\Hazina\src\Core\Agents\Hazina.AgentFactory\Hazina.AgentFactory.csproj::TargetFramework=net8.0]
C:\Projects\Hazina\src\Core\Agents\Hazina.AgentFactory\Core\AgentManager.cs(167,26): error CS8602: Dereference of a possibly null reference. [C:\Projects\Hazina\src\Core\Agents\Hazina.AgentFactory\Hazina.AgentFactory.csproj::TargetFramework=net8.0]
C:\Projects\Hazina\src\Core\Agents\Hazina.AgentFactory\Services\Execution\AgentExecutionService.cs(142,9): error CS8602: Dereference of a possibly null reference. [C:\Projects\Hazina\src\Core\Agents\Hazina.AgentFactory\Hazina.AgentFactory.csproj::TargetFramework=net8.0]
C:\Projects\Hazina\src\Core\Agents\Hazina.AgentFactory\Configuration\Parsers\HazinaAgentConfigParser.cs(40,31): error CS8600: Converting null literal or possible null value to non-nullable type. [C:\Projects\Hazina\src\Core\Agents\Hazina.AgentFactory\Hazina.AgentFactory.csproj::TargetFramework=net8.0]
C:\Projects\Hazina\src\Core\Agents\Hazina.AgentFactory\Configuration\Parsers\HazinaAgentConfigParser.cs(49,31): error CS8600: Converting null literal or possible null value to non-nullable type. [C:\Projects\Hazina\src\Core\Agents\Hazina.AgentFactory\Hazina.AgentFactory.csproj::TargetFramework=net8.0]
C:\Projects\Hazina\src\Core\Agents\Hazina.AgentFactory\Configuration\Parsers\HazinaAgentConfigParser.cs(100,54): error CS8603: Possible null reference return. [C:\Projects\Hazina\src\Core\Agents\Hazina.AgentFactory\Hazina.AgentFactory.csproj::TargetFramework=net8.0]
C:\Projects\Hazina\src\Core\Agents\Hazina.AgentFactory\Configuration\Parsers\HazinaAgentConfigParser.cs(140,24): error CS8604: Possible null reference argument for parameter 'agents' in 'void HazinaAgentConfigParser.SaveToFile(IEnumerable<AgentConfig> agents, string path)'. [C:\Projects\Hazina\src\Core\Agents\Hazina.AgentFactory\Hazina.AgentFactory.csproj::TargetFramework=net8.0]
C:\Projects\Hazina\src\Core\Agents\Hazina.AgentFactory\Core\AgentFactory.cs(274,9): error CS8602: Dereference of a possibly null reference. [C:\Projects\Hazina\src\Core\Agents\Hazina.AgentFactory\Hazina.AgentFactory.csproj::TargetFramework=net8.0]
C:\Projects\Hazina\src\Core\Agents\Hazina.AgentFactory\Core\AgentFactory.cs(329,9): error CS8602: Dereference of a possibly null reference. [C:\Projects\Hazina\src\Core\Agents\Hazina.AgentFactory\Hazina.AgentFactory.csproj::TargetFramework=net8.0]
C:\Projects\Hazina\src\Core\Agents\Hazina.AgentFactory\Core\AgentFactory.cs(365,9): error CS8602: Dereference of a possibly null reference. [C:\Projects\Hazina\src\Core\Agents\Hazina.AgentFactory\Hazina.AgentFactory.csproj::TargetFramework=net8.0]
C:\Projects\Hazina\src\Core\Agents\Hazina.AgentFactory\Services\Tools\ToolRegistrationService.cs(621,25): error CS8602: Dereference of a possibly null reference. [C:\Projects\Hazina\src\Core\Agents\Hazina.AgentFactory\Hazina.AgentFactory.csproj::TargetFramework=net8.0]
C:\Projects\Hazina\src\Core\Agents\Hazina.AgentFactory\Abstractions\IClock.cs(1,1): warning SA1633: The file header is missing or not located at the top of the file. (https://github.com/DotNetAnalyzers/StyleCopAnalyzers/blob/master/documentation/SA1633.md) [C:\Projects\Hazina\src\Core\Agents\Hazina.AgentFactory\Hazina.AgentFactory.csproj::TargetFramework=net8.0]
C:\Projects\Hazina\src\Core\Agents\Hazina.AgentFactory\Abstractions\IClock.cs(38,14): warning SA1402: File may only contain a single type (https://github.com/DotNetAnalyzers/StyleCopAnalyzers/blob/master/documentation/SA1402.md) [C:\Projects\Hazina\src\Core\Agents\Hazina.AgentFactory\Hazina.AgentFactory.csproj::TargetFramework=net8.0]
C:\Projects\Hazina\src\Core\Agents\Hazina.AgentFactory\Abstractions\IFileSystem.cs(1,1): warning SA1633: The file header is missing or not located at the top of the file. (https://github.com/DotNetAnalyzers/StyleCopAnalyzers/blob/master/documentation/SA1633.md) [C:\Projects\Hazina\src\Core\Agents\Hazina.AgentFactory\Hazina.AgentFactory.csproj::TargetFramework=net8.0]
C:\Projects\Hazina\src\Core\Agents\Hazina.AgentFactory\Abstractions\IFileSystem.cs(144,14): warning SA1402: File may only contain a single type (https://github.com/DotNetAnalyzers/StyleCopAnalyzers/blob/master/documentation/SA1402.md) [C:\Projects\Hazina\src\Core\Agents\Hazina.AgentFactory\Hazina.AgentFactory.csproj::TargetFramework=net8.0]
C:\Projects\Hazina\src\Core\Agents\Hazina.AgentFactory\Abstractions\IFileSystem.cs(165,14): warning SA1402: File may only contain a single type (https://github.com/DotNetAnalyzers/StyleCopAnalyzers/blob/master/documentation/SA1402.md) [C:\Projects\Hazina\src\Core\Agents\Hazina.AgentFactory\Hazina.AgentFactory.csproj::TargetFramework=net8.0]
C:\Projects\Hazina\src\Core\Agents\Hazina.AgentFactory\Configuration\AgentConfig.cs(2,14): warning CA1050: Declare types in namespaces (https://learn.microsoft.com/dotnet/fundamentals/code-analysis/quality-rules/ca1050) [C:\Projects\Hazina\src\Core\Agents\Hazina.AgentFactory\Hazina.AgentFactory.csproj::TargetFramework=net8.0]
C:\Projects\Hazina\src\Core\Agents\Hazina.AgentFactory\Abstractions\IClock.cs(28,14): warning MA0048: File name must match type name (https://github.com/meziantou/Meziantou.Analyzer/blob/main/docs/Rules/MA0048.md) [C:\Projects\Hazina\src\Core\Agents\Hazina.AgentFactory\Hazina.AgentFactory.csproj::TargetFramework=net8.0]
C:\Projects\Hazina\src\Core\Agents\Hazina.AgentFactory\Configuration\AgentConfig.cs(2,14): warning MA0047: Declare type 'AgentConfig' in a namespace (https://github.com/meziantou/Meziantou.Analyzer/blob/main/docs/Rules/MA0047.md) [C:\Projects\Hazina\src\Core\Agents\Hazina.AgentFactory\Hazina.AgentFactory.csproj::TargetFramework=net8.0]
C:\Projects\Hazina\src\Core\Agents\Hazina.AgentFactory\Abstractions\IClock.cs(38,14): warning MA0048: File name must match type name (https://github.com/meziantou/Meziantou.Analyzer/blob/main/docs/Rules/MA0048.md) [C:\Projects\Hazina\src\Core\Agents\Hazina.AgentFactory\Hazina.AgentFactory.csproj::TargetFramework=net8.0]
C:\Projects\Hazina\src\Core\Agents\Hazina.AgentFactory\Configuration\AgentConfig.cs(2,14): warning S3903: Move 'AgentConfig' into a named namespace. (https://rules.sonarsource.com/csharp/RSPEC-3903) [C:\Projects\Hazina\src\Core\Agents\Hazina.AgentFactory\Hazina.AgentFactory.csproj::TargetFramework=net8.0]
C:\Projects\Hazina\src\Core\Agents\Hazina.AgentFactory\Configuration\AgentConfig.cs(5,1): warning SA1516: Elements should be separated by blank line (https://github.com/DotNetAnalyzers/StyleCopAnalyzers/blob/master/documentation/SA1516.md) [C:\Projects\Hazina\src\Core\Agents\Hazina.AgentFactory\Hazina.AgentFactory.csproj::TargetFramework=net8.0]
C:\Projects\Hazina\src\Core\Agents\Hazina.AgentFactory\Configuration\AgentConfig.cs(6,1): warning SA1516: Elements should be separated by blank line (https://github.com/DotNetAnalyzers/StyleCopAnalyzers/blob/master/documentation/SA1516.md) [C:\Projects\Hazina\src\Core\Agents\Hazina.AgentFactory\Hazina.AgentFactory.csproj::TargetFramework=net8.0]
C:\Projects\Hazina\src\Core\Agents\Hazina.AgentFactory\Configuration\AgentConfig.cs(7,1): warning SA1516: Elements should be separated by blank line (https://github.com/DotNetAnalyzers/StyleCopAnalyzers/blob/master/documentation/SA1516.md) [C:\Projects\Hazina\src\Core\Agents\Hazina.AgentFactory\Hazina.AgentFactory.csproj::TargetFramework=net8.0]
C:\Projects\Hazina\src\Core\Agents\Hazina.AgentFactory\Configuration\AgentConfig.cs(8,1): warning SA1516: Elements should be separated by blank line (https://github.com/DotNetAnalyzers/StyleCopAnalyzers/blob/master/documentation/SA1516.md) [C:\Projects\Hazina\src\Core\Agents\Hazina.AgentFactory\Hazina.AgentFactory.csproj::TargetFramework=net8.0]
C:\Projects\Hazina\src\Core\Agents\Hazina.AgentFactory\Configuration\AgentConfig.cs(9,1): warning SA1516: Elements should be separated by blank line (https://github.com/DotNetAnalyzers/StyleCopAnalyzers/blob/master/documentation/SA1516.md) [C:\Projects\Hazina\src\Core\Agents\Hazina.AgentFactory\Hazina.AgentFactory.csproj::TargetFramework=net8.0]
C:\Projects\Hazina\src\Core\Agents\Hazina.AgentFactory\Configuration\AgentConfig.cs(10,1): warning SA1516: Elements should be separated by blank line (https://github.com/DotNetAnalyzers/StyleCopAnalyzers/blob/master/documentation/SA1516.md) [C:\Projects\Hazina\src\Core\Agents\Hazina.AgentFactory\Hazina.AgentFactory.csproj::TargetFramework=net8.0]
C:\Projects\Hazina\src\Core\Agents\Hazina.AgentFactory\Configuration\AgentConfig.cs(11,1): warning SA1516: Elements should be separated by blank line (https://github.com/DotNetAnalyzers/StyleCopAnalyzers/blob/master/documentation/SA1516.md) [C:\Projects\Hazina\src\Core\Agents\Hazina.AgentFactory\Hazina.AgentFactory.csproj::TargetFramework=net8.0]
C:\Projects\Hazina\src\Core\Agents\Hazina.AgentFactory\Abstractions\IClock.cs(31,1): warning SA1516: Elements should be separated by blank line (https://github.com/DotNetAnalyzers/StyleCopAnalyzers/blob/master/documentation/SA1516.md) [C:\Projects\Hazina\src\Core\Agents\Hazina.AgentFactory\Hazina.AgentFactory.csproj::TargetFramework=net8.0]
C:\Projects\Hazina\src\Core\Agents\Hazina.AgentFactory\Abstractions\IClock.cs(32,1): warning SA1516: Elements should be separated by blank line (https://github.com/DotNetAnalyzers/StyleCopAnalyzers/blob/master/documentation/SA1516.md) [C:\Projects\Hazina\src\Core\Agents\Hazina.AgentFactory\Hazina.AgentFactory.csproj::TargetFramework=net8.0]
C:\Projects\Hazina\src\Core\Agents\Hazina.AgentFactory\Abstractions\IClock.cs(48,1): warning SA1516: Elements should be separated by blank line (https://github.com/DotNetAnalyzers/StyleCopAnalyzers/blob/master/documentation/SA1516.md) [C:\Projects\Hazina\src\Core\Agents\Hazina.AgentFactory\Hazina.AgentFactory.csproj::TargetFramework=net8.0]
C:\Projects\Hazina\src\Core\Agents\Hazina.AgentFactory\Abstractions\IClock.cs(49,1): warning SA1516: Elements should be separated by blank line (https://github.com/DotNetAnalyzers/StyleCopAnalyzers/blob/master/documentation/SA1516.md) [C:\Projects\Hazina\src\Core\Agents\Hazina.AgentFactory\Hazina.AgentFactory.csproj::TargetFramework=net8.0]
C:\Projects\Hazina\src\Core\Agents\Hazina.AgentFactory\Configuration\AgentConfig.cs(7,27): warning CA2227: Change 'Stores' to be read-only by removing the property setter (https://learn.microsoft.com/dotnet/fundamentals/code-analysis/quality-rules/ca2227) [C:\Projects\Hazina\src\Core\Agents\Hazina.AgentFactory\Hazina.AgentFactory.csproj::TargetFramework=net8.0]
C:\Projects\Hazina\src\Core\Agents\Hazina.AgentFactory\Configuration\AgentConfig.cs(8,25): warning CA2227: Change 'Functions' to be read-only by removing the property setter (https://learn.microsoft.com/dotnet/fundamentals/code-analysis/quality-rules/ca2227) [C:\Projects\Hazina\src\Core\Agents\Hazina.AgentFactory\Hazina.AgentFactory.csproj::TargetFramework=net8.0]
C:\Projects\Hazina\src\Core\Agents\Hazina.AgentFactory\Configuration\AgentConfig.cs(7,27): warning CA1002: Change 'List<StoreRef>' in 'AgentConfig.Stores' to use 'Collection<T>', 'ReadOnlyCollection<T>' or 'KeyedCollection<K,V>' (https://learn.microsoft.com/dotnet/fundamentals/code-analysis/quality-rules/ca1002) [C:\Projects\Hazina\src\Core\Agents\Hazina.AgentFactory\Hazina.AgentFactory.csproj::TargetFramework=net8.0]
C:\Projects\Hazina\src\Core\Agents\Hazina.AgentFactory\Configuration\AgentConfig.cs(8,25): warning CA1002: Change 'List<string>' in 'AgentConfig.Functions' to use 'Collection<T>', 'ReadOnlyCollection<T>' or 'KeyedCollection<K,V>' (https://learn.microsoft.com/dotnet/fundamentals/code-analysis/quality-rules/ca1002) [C:\Projects\Hazina\src\Core\Agents\Hazina.AgentFactory\Hazina.AgentFactory.csproj::TargetFramework=net8.0]
C:\Projects\Hazina\src\Core\Agents\Hazina.AgentFactory\Configuration\AgentConfig.cs(7,12): warning MA0016: Prefer using collection abstraction instead of implementation (https://github.com/meziantou/Meziantou.Analyzer/blob/main/docs/Rules/MA0016.md) [C:\Projects\Hazina\src\Core\Agents\Hazina.AgentFactory\Hazina.AgentFactory.csproj::TargetFramework=net8.0]
C:\Projects\Hazina\src\Core\Agents\Hazina.AgentFactory\Configuration\AgentConfig.cs(8,12): warning MA0016: Prefer using collection abstraction instead of implementation (https://github.com/meziantou/Meziantou.Analyzer/blob/main/docs/Rules/MA0016.md) [C:\Projects\Hazina\src\Core\Agents\Hazina.AgentFactory\Hazina.AgentFactory.csproj::TargetFramework=net8.0]
C:\Projects\Hazina\src\Core\Agents\Hazina.AgentFactory\Configuration\AgentConfig.cs(9,25): warning CA2227: Change 'CallsAgents' to be read-only by removing the property setter (https://learn.microsoft.com/dotnet/fundamentals/code-analysis/quality-rules/ca2227) [C:\Projects\Hazina\src\Core\Agents\Hazina.AgentFactory\Hazina.AgentFactory.csproj::TargetFramework=net8.0]
C:\Projects\Hazina\src\Core\Agents\Hazina.AgentFactory\Configuration\AgentConfig.cs(9,25): warning CA1002: Change 'List<string>' in 'AgentConfig.CallsAgents' to use 'Collection<T>', 'ReadOnlyCollection<T>' or 'KeyedCollection<K,V>' (https://learn.microsoft.com/dotnet/fundamentals/code-analysis/quality-rules/ca1002) [C:\Projects\Hazina\src\Core\Agents\Hazina.AgentFactory\Hazina.AgentFactory.csproj::TargetFramework=net8.0]
C:\Projects\Hazina\src\Core\Agents\Hazina.AgentFactory\Configuration\AgentConfig.cs(10,25): warning CA2227: Change 'CallsFlows' to be read-only by removing the property setter (https://learn.microsoft.com/dotnet/fundamentals/code-analysis/quality-rules/ca2227) [C:\Projects\Hazina\src\Core\Agents\Hazina.AgentFactory\Hazina.AgentFactory.csproj::TargetFramework=net8.0]
C:\Projects\Hazina\src\Core\Agents\Hazina.AgentFactory\Configuration\AgentConfig.cs(10,25): warning CA1002: Change 'List<string>' in 'AgentConfig.CallsFlows' to use 'Collection<T>', 'ReadOnlyCollection<T>' or 'KeyedCollection<K,V>' (https://learn.microsoft.com/dotnet/fundamentals/code-analysis/quality-rules/ca1002) [C:\Projects\Hazina\src\Core\Agents\Hazina.AgentFactory\Hazina.AgentFactory.csproj::TargetFramework=net8.0]
C:\Projects\Hazina\src\Core\Agents\Hazina.AgentFactory\Configuration\AgentConfig.cs(9,12): warning MA0016: Prefer using collection abstraction instead of implementation (https://github.com/meziantou/Meziantou.Analyzer/blob/main/docs/Rules/MA0016.md) [C:\Projects\Hazina\src\Core\Agents\Hazina.AgentFactory\Hazina.AgentFactory.csproj::TargetFramework=net8.0]
C:\Projects\Hazina\src\Core\Agents\Hazina.AgentFactory\Configuration\AgentConfig.cs(10,12): warning MA0016: Prefer using collection abstraction instead of implementation (https://github.com/meziantou/Meziantou.Analyzer/blob/main/docs/Rules/MA0016.md) [C:\Projects\Hazina\src\Core\Agents\Hazina.AgentFactory\Hazina.AgentFactory.csproj::TargetFramework=net8.0]
C:\Projects\Hazina\src\Core\Agents\Hazina.AgentFactory\Configuration\AgentConfig.cs(1,1): warning SA1633: The file header is missing or not located at the top of the file. (https://github.com/DotNetAnalyzers/StyleCopAnalyzers/blob/master/documentation/SA1633.md) [C:\Projects\Hazina\src\Core\Agents\Hazina.AgentFactory\Hazina.AgentFactory.csproj::TargetFramework=net8.0]
C:\Projects\Hazina\src\Core\Agents\Hazina.AgentFactory\Configuration\AgentConfig.cs(11,46): warning CA1805: Member 'ExplicitModify' is explicitly initialized to its default value (https://learn.microsoft.com/dotnet/fundamentals/code-analysis/quality-rules/ca1805) [C:\Projects\Hazina\src\Core\Agents\Hazina.AgentFactory\Hazina.AgentFactory.csproj::TargetFramework=net8.0]
C:\Projects\Hazina\src\Core\Agents\Hazina.AgentFactory\Configuration\FlowConfig.cs(1,14): warning CA1050: Declare types in namespaces (https://learn.microsoft.com/dotnet/fundamentals/code-analysis/quality-rules/ca1050) [C:\Projects\Hazina\src\Core\Agents\Hazina.AgentFactory\Hazina.AgentFactory.csproj::TargetFramework=net8.0]
C:\Projects\Hazina\src\Core\Agents\Hazina.AgentFactory\Configuration\AgentConfig.cs(1,1): warning SA1517: Code should not contain blank lines at start of file (https://github.com/DotNetAnalyzers/StyleCopAnalyzers/blob/master/documentation/SA1517.md) [C:\Projects\Hazina\src\Core\Agents\Hazina.AgentFactory\Hazina.AgentFactory.csproj::TargetFramework=net8.0]
C:\Projects\Hazina\src\Core\Agents\Hazina.AgentFactory\Configuration\FlowConfig.cs(1,14): warning MA0047: Declare type 'FlowConfig' in a namespace (https://github.com/meziantou/Meziantou.Analyzer/blob/main/docs/Rules/MA0047.md) [C:\Projects\Hazina\src\Core\Agents\Hazina.AgentFactory\Hazina.AgentFactory.csproj::TargetFramework=net8.0]
C:\Projects\Hazina\src\Core\Agents\Hazina.AgentFactory\Configuration\FlowConfig.cs(1,14): warning S3903: Move 'FlowConfig' into a named namespace. (https://rules.sonarsource.com/csharp/RSPEC-3903) [C:\Projects\Hazina\src\Core\Agents\Hazina.AgentFactory\Hazina.AgentFactory.csproj::TargetFramework=net8.0]
C:\Projects\Hazina\src\Core\Agents\Hazina.AgentFactory\Configuration\FlowConfig.cs(1,1): warning SA1633: The file header is missing or not located at the top of the file. (https://github.com/DotNetAnalyzers/StyleCopAnalyzers/blob/master/documentation/SA1633.md) [C:\Projects\Hazina\src\Core\Agents\Hazina.AgentFactory\Hazina.AgentFactory.csproj::TargetFramework=net8.0]
C:\Projects\Hazina\src\Core\Agents\Hazina.AgentFactory\Configuration\FlowConfig.cs(4,1): warning SA1516: Elements should be separated by blank line (https://github.com/DotNetAnalyzers/StyleCopAnalyzers/blob/master/documentation/SA1516.md) [C:\Projects\Hazina\src\Core\Agents\Hazina.AgentFactory\Hazina.AgentFactory.csproj::TargetFramework=net8.0]
C:\Projects\Hazina\src\Core\Agents\Hazina.AgentFactory\Configuration\FlowConfig.cs(5,1): warning SA1516: Elements should be separated by blank line (https://github.com/DotNetAnalyzers/StyleCopAnalyzers/blob/master/documentation/SA1516.md) [C:\Projects\Hazina\src\Core\Agents\Hazina.AgentFactory\Hazina.AgentFactory.csproj::TargetFramework=net8.0]
C:\Projects\Hazina\src\Core\Agents\Hazina.AgentFactory\Configuration\FlowConfig.cs(5,25): warning CA2227: Change 'CallsAgents' to be read-only by removing the property setter (https://learn.microsoft.com/dotnet/fundamentals/code-analysis/quality-rules/ca2227) [C:\Projects\Hazina\src\Core\Agents\Hazina.AgentFactory\Hazina.AgentFactory.csproj::TargetFramework=net8.0]
C:\Projects\Hazina\src\Core\Agents\Hazina.AgentFactory\Configuration\FlowConfig.cs(5,25): warning CA1002: Change 'List<string>' in 'FlowConfig.CallsAgents' to use 'Collection<T>', 'ReadOnlyCollection<T>' or 'KeyedCollection<K,V>' (https://learn.microsoft.com/dotnet/fundamentals/code-analysis/quality-rules/ca1002) [C:\Projects\Hazina\src\Core\Agents\Hazina.AgentFactory\Hazina.AgentFactory.csproj::TargetFramework=net8.0]
C:\Projects\Hazina\src\Core\Agents\Hazina.AgentFactory\Configuration\FlowConfig.cs(5,12): warning MA0016: Prefer using collection abstraction instead of implementation (https://github.com/meziantou/Meziantou.Analyzer/blob/main/docs/Rules/MA0016.md) [C:\Projects\Hazina\src\Core\Agents\Hazina.AgentFactory\Hazina.AgentFactory.csproj::TargetFramework=net8.0]
C:\Projects\Hazina\src\Core\Agents\Hazina.AgentFactory\Configuration\Formatters\AgentConfigFormatHelper.cs(1,1): warning SA1633: The file header is missing or not located at the top of the file. (https://github.com/DotNetAnalyzers/StyleCopAnalyzers/blob/master/documentation/SA1633.md) [C:\Projects\Hazina\src\Core\Agents\Hazina.AgentFactory\Hazina.AgentFactory.csproj::TargetFramework=net8.0]
C:\Projects\Hazina\src\Core\Agents\Hazina.AgentFactory\Configuration\Formatters\AgentConfigFormatHelper.cs(5,21): warning CA1050: Declare types in namespaces (https://learn.microsoft.com/dotnet/fundamentals/code-analysis/quality-rules/ca1050) [C:\Projects\Hazina\src\Core\Agents\Hazina.AgentFactory\Hazina.AgentFactory.csproj::TargetFramework=net8.0]
C:\Projects\Hazina\src\Core\Agents\Hazina.AgentFactory\Configuration\Formatters\AgentConfigFormatHelper.cs(23,10): warning SA1513: Closing brace should be followed by blank line (https://github.com/DotNetAnalyzers/StyleCopAnalyzers/blob/master/documentation/SA1513.md) [C:\Projects\Hazina\src\Core\Agents\Hazina.AgentFactory\Hazina.AgentFactory.csproj::TargetFramework=net8.0]
C:\Projects\Hazina\src\Core\Agents\Hazina.AgentFactory\Configuration\Formatters\AgentConfigFormatHelper.cs(24,9): warning SA1515: Single-line comment should be preceded by blank line (https://github.com/DotNetAnalyzers/StyleCopAnalyzers/blob/master/documentation/SA1515.md) [C:\Projects\Hazina\src\Core\Agents\Hazina.AgentFactory\Hazina.AgentFactory.csproj::TargetFramework=net8.0]
C:\Projects\Hazina\src\Core\Agents\Hazina.AgentFactory\Configuration\Formatters\AgentConfigFormatHelper.cs(5,21): warning MA0047: Declare type 'AgentConfigFormatHelper' in a namespace (https://github.com/meziantou/Meziantou.Analyzer/blob/main/docs/Rules/MA0047.md) [C:\Projects\Hazina\src\Core\Agents\Hazina.AgentFactory\Hazina.AgentFactory.csproj::TargetFramework=net8.0]
C:\Projects\Hazina\src\Core\Agents\Hazina.AgentFactory\Configuration\Formatters\AgentConfigFormatHelper.cs(45,9): warning SA1515: Single-line comment should be preceded by blank line (https://github.com/DotNetAnalyzers/StyleCopAnalyzers/blob/master/documentation/SA1515.md) [C:\Projects\Hazina\src\Core\Agents\Hazina.AgentFactory\Hazina.AgentFactory.csproj::TargetFramework=net8.0]
C:\Projects\Hazina\src\Core\Agents\Hazina.AgentFactory\Configuration\Formatters\AgentConfigFormatHelper.cs(48,9): warning SA1515: Single-line comment should be preceded by blank line (https://github.com/DotNetAnalyzers/StyleCopAnalyzers/blob/master/documentation/SA1515.md) [C:\Projects\Hazina\src\Core\Agents\Hazina.AgentFactory\Hazina.AgentFactory.csproj::TargetFramework=net8.0]
C:\Projects\Hazina\src\Core\Agents\Hazina.AgentFactory\Configuration\Formatters\AgentConfigFormatHelper.cs(13,9): warning SA1000: The keyword 'if' should be followed by a space (https://github.com/DotNetAnalyzers/StyleCopAnalyzers/blob/master/documentation/SA1000.md) [C:\Projects\Hazina\src\Core\Agents\Hazina.AgentFactory\Hazina.AgentFactory.csproj::TargetFramework=net8.0]
C:\Projects\Hazina\src\Core\Agents\Hazina.AgentFactory\Configuration\Formatters\AgentConfigFormatHelper.cs(29,9): warning SA1000: The keyword 'catch' should be followed by a space (https://github.com/DotNetAnalyzers/StyleCopAnalyzers/blob/master/documentation/SA1000.md) [C:\Projects\Hazina\src\Core\Agents\Hazina.AgentFactory\Hazina.AgentFactory.csproj::TargetFramework=net8.0]
C:\Projects\Hazina\src\Core\Agents\Hazina.AgentFactory\Abstractions\IFileSystem.cs(97,18): warning MA0048: File name must match type name (https://github.com/meziantou/Meziantou.Analyzer/blob/main/docs/Rules/MA0048.md) [C:\Projects\Hazina\src\Core\Agents\Hazina.AgentFactory\Hazina.AgentFactory.csproj::TargetFramework=net8.0]
C:\Projects\Hazina\src\Core\Agents\Hazina.AgentFactory\Configuration\Formatters\AgentConfigFormatHelper.cs(5,21): warning S3903: Move 'AgentConfigFormatHelper' into a named namespace. (https://rules.sonarsource.com/csharp/RSPEC-3903) [C:\Projects\Hazina\src\Core\Agents\Hazina.AgentFactory\Hazina.AgentFactory.csproj::TargetFramework=net8.0]
C:\Projects\Hazina\src\Core\Agents\Hazina.AgentFactory\Abstractions\IFileSystem.cs(100,1): warning SA1516: Elements should be separated by blank line (https://github.com/DotNetAnalyzers/StyleCopAnalyzers/blob/master/documentation/SA1516.md) [C:\Projects\Hazina\src\Core\Agents\Hazina.AgentFactory\Hazina.AgentFactory.csproj::TargetFramework=net8.0]
C:\Projects\Hazina\src\Core\Agents\Hazina.AgentFactory\Abstractions\IFileSystem.cs(101,1): warning SA1516: Elements should be separated by blank line (https://github.com/DotNetAnalyzers/StyleCopAnalyzers/blob/master/documentation/SA1516.md) [C:\Projects\Hazina\src\Core\Agents\Hazina.AgentFactory\Hazina.AgentFactory.csproj::TargetFramework=net8.0]
C:\Projects\Hazina\src\Core\Agents\Hazina.AgentFactory\Abstractions\IFileSystem.cs(102,1): warning SA1516: Elements should be separated by blank line (https://github.com/DotNetAnalyzers/StyleCopAnalyzers/blob/master/documentation/SA1516.md) [C:\Projects\Hazina\src\Core\Agents\Hazina.AgentFactory\Hazina.AgentFactory.csproj::TargetFramework=net8.0]
C:\Projects\Hazina\src\Core\Agents\Hazina.AgentFactory\Abstractions\IFileSystem.cs(103,1): warning SA1516: Elements should be separated by blank line (https://github.com/DotNetAnalyzers/StyleCopAnalyzers/blob/master/documentation/SA1516.md) [C:\Projects\Hazina\src\Core\Agents\Hazina.AgentFactory\Hazina.AgentFactory.csproj::TargetFramework=net8.0]
C:\Projects\Hazina\src\Core\Agents\Hazina.AgentFactory\Abstractions\IFileSystem.cs(83,18): warning MA0048: File name must match type name (https://github.com/meziantou/Meziantou.Analyzer/blob/main/docs/Rules/MA0048.md) [C:\Projects\Hazina\src\Core\Agents\Hazina.AgentFactory\Hazina.AgentFactory.csproj::TargetFramework=net8.0]
C:\Projects\Hazina\src\Core\Agents\Hazina.AgentFactory\Abstractions\IFileSystem.cs(86,1): warning SA1516: Elements should be separated by blank line (https://github.com/DotNetAnalyzers/StyleCopAnalyzers/blob/master/documentation/SA1516.md) [C:\Projects\Hazina\src\Core\Agents\Hazina.AgentFactory\Hazina.AgentFactory.csproj::TargetFramework=net8.0]
C:\Projects\Hazina\src\Core\Agents\Hazina.AgentFactory\Abstractions\IFileSystem.cs(87,1): warning SA1516: Elements should be separated by blank line (https://github.com/DotNetAnalyzers/StyleCopAnalyzers/blob/master/documentation/SA1516.md) [C:\Projects\Hazina\src\Core\Agents\Hazina.AgentFactory\Hazina.AgentFactory.csproj::TargetFramework=net8.0]
C:\Projects\Hazina\src\Core\Agents\Hazina.AgentFactory\Abstractions\IFileSystem.cs(88,1): warning SA1516: Elements should be separated by blank line (https://github.com/DotNetAnalyzers/StyleCopAnalyzers/blob/master/documentation/SA1516.md) [C:\Projects\Hazina\src\Core\Agents\Hazina.AgentFactory\Hazina.AgentFactory.csproj::TargetFramework=net8.0]
C:\Projects\Hazina\src\Core\Agents\Hazina.AgentFactory\Abstractions\IFileSystem.cs(89,1): warning SA1516: Elements should be separated by blank line (https://github.com/DotNetAnalyzers/StyleCopAnalyzers/blob/master/documentation/SA1516.md) [C:\Projects\Hazina\src\Core\Agents\Hazina.AgentFactory\Hazina.AgentFactory.csproj::TargetFramework=net8.0]
C:\Projects\Hazina\src\Core\Agents\Hazina.AgentFactory\Abstractions\IFileSystem.cs(90,1): warning SA1516: Elements should be separated by blank line (https://github.com/DotNetAnalyzers/StyleCopAnalyzers/blob/master/documentation/SA1516.md) [C:\Projects\Hazina\src\Core\Agents\Hazina.AgentFactory\Hazina.AgentFactory.csproj::TargetFramework=net8.0]
C:\Projects\Hazina\src\Core\Agents\Hazina.AgentFactory\Abstractions\IFileSystem.cs(91,1): warning SA1516: Elements should be separated by blank line (https://github.com/DotNetAnalyzers/StyleCopAnalyzers/blob/master/documentation/SA1516.md) [C:\Projects\Hazina\src\Core\Agents\Hazina.AgentFactory\Hazina.AgentFactory.csproj::TargetFramework=net8.0]
C:\Projects\Hazina\src\Core\Agents\Hazina.AgentFactory\Configuration\Formatters\FlowConfigFormatHelper.cs(3,21): warning CA1050: Declare types in namespaces (https://learn.microsoft.com/dotnet/fundamentals/code-analysis/quality-rules/ca1050) [C:\Projects\Hazina\src\Core\Agents\Hazina.AgentFactory\Hazina.AgentFactory.csproj::TargetFramework=net8.0]
C:\Projects\Hazina\src\Core\Agents\Hazina.AgentFactory\Configuration\Formatters\FlowConfigFormatHelper.cs(1,1): warning SA1633: The file header is missing or not located at the top of the file. (https://github.com/DotNetAnalyzers/StyleCopAnalyzers/blob/master/documentation/SA1633.md) [C:\Projects\Hazina\src\Core\Agents\Hazina.AgentFactory\Hazina.AgentFactory.csproj::TargetFramework=net8.0]
C:\Projects\Hazina\src\Core\Agents\Hazina.AgentFactory\Configuration\Formatters\FlowConfigFormatHelper.cs(21,10): warning SA1513: Closing brace should be followed by blank line (https://github.com/DotNetAnalyzers/StyleCopAnalyzers/blob/master/documentation/SA1513.md) [C:\Projects\Hazina\src\Core\Agents\Hazina.AgentFactory\Hazina.AgentFactory.csproj::TargetFramework=net8.0]
C:\Projects\Hazina\src\Core\Agents\Hazina.AgentFactory\Configuration\Formatters\FlowConfigFormatHelper.cs(22,9): warning SA1515: Single-line comment should be preceded by blank line (https://github.com/DotNetAnalyzers/StyleCopAnalyzers/blob/master/documentation/SA1515.md) [C:\Projects\Hazina\src\Core\Agents\Hazina.AgentFactory\Hazina.AgentFactory.csproj::TargetFramework=net8.0]
C:\Projects\Hazina\src\Core\Agents\Hazina.AgentFactory\Configuration\Formatters\FlowConfigFormatHelper.cs(43,9): warning SA1515: Single-line comment should be preceded by blank line (https://github.com/DotNetAnalyzers/StyleCopAnalyzers/blob/master/documentation/SA1515.md) [C:\Projects\Hazina\src\Core\Agents\Hazina.AgentFactory\Hazina.AgentFactory.csproj::TargetFramework=net8.0]
C:\Projects\Hazina\src\Core\Agents\Hazina.AgentFactory\Configuration\Formatters\FlowConfigFormatHelper.cs(46,9): warning SA1515: Single-line comment should be preceded by blank line (https://github.com/DotNetAnalyzers/StyleCopAnalyzers/blob/master/documentation/SA1515.md) [C:\Projects\Hazina\src\Core\Agents\Hazina.AgentFactory\Hazina.AgentFactory.csproj::TargetFramework=net8.0]
C:\Projects\Hazina\src\Core\Agents\Hazina.AgentFactory\Configuration\Formatters\FlowConfigFormatHelper.cs(3,21): warning MA0047: Declare type 'FlowConfigFormatHelper' in a namespace (https://github.com/meziantou/Meziantou.Analyzer/blob/main/docs/Rules/MA0047.md) [C:\Projects\Hazina\src\Core\Agents\Hazina.AgentFactory\Hazina.AgentFactory.csproj::TargetFramework=net8.0]
C:\Projects\Hazina\src\Core\Agents\Hazina.AgentFactory\Configuration\Formatters\StoreConfigFormatHelper.cs(5,21): warning CA1050: Declare types in namespaces (https://learn.microsoft.com/dotnet/fundamentals/code-analysis/quality-rules/ca1050) [C:\Projects\Hazina\src\Core\Agents\Hazina.AgentFactory\Hazina.AgentFactory.csproj::TargetFramework=net8.0]
C:\Projects\Hazina\src\Core\Agents\Hazina.AgentFactory\Configuration\Formatters\StoreConfigFormatHelper.cs(5,21): warning MA0047: Declare type 'StoreConfigFormatHelper' in a namespace (https://github.com/meziantou/Meziantou.Analyzer/blob/main/docs/Rules/MA0047.md) [C:\Projects\Hazina\src\Core\Agents\Hazina.AgentFactory\Hazina.AgentFactory.csproj::TargetFramework=net8.0]
C:\Projects\Hazina\src\Core\Agents\Hazina.AgentFactory\Configuration\Formatters\FlowConfigFormatHelper.cs(3,21): warning S3903: Move 'FlowConfigFormatHelper' into a named namespace. (https://rules.sonarsource.com/csharp/RSPEC-3903) [C:\Projects\Hazina\src\Core\Agents\Hazina.AgentFactory\Hazina.AgentFactory.csproj::TargetFramework=net8.0]
C:\Projects\Hazina\src\Core\Agents\Hazina.AgentFactory\Configuration\GoogleConfig.cs(8,14): warning CA1050: Declare types in namespaces (https://learn.microsoft.com/dotnet/fundamentals/code-analysis/quality-rules/ca1050) [C:\Projects\Hazina\src\Core\Agents\Hazina.AgentFactory\Hazina.AgentFactory.csproj::TargetFramework=net8.0]
C:\Projects\Hazina\src\Core\Agents\Hazina.AgentFactory\Configuration\Formatters\StoreConfigFormatHelper.cs(5,21): warning S3903: Move 'StoreConfigFormatHelper' into a named namespace. (https://rules.sonarsource.com/csharp/RSPEC-3903) [C:\Projects\Hazina\src\Core\Agents\Hazina.AgentFactory\Hazina.AgentFactory.csproj::TargetFramework=net8.0]
C:\Projects\Hazina\src\Core\Agents\Hazina.AgentFactory\Abstractions\IFileSystem.cs(144,14): warning MA0048: File name must match type name (https://github.com/meziantou/Meziantou.Analyzer/blob/main/docs/Rules/MA0048.md) [C:\Projects\Hazina\src\Core\Agents\Hazina.AgentFactory\Hazina.AgentFactory.csproj::TargetFramework=net8.0]
C:\Projects\Hazina\src\Core\Agents\Hazina.AgentFactory\Abstractions\IFileSystem.cs(109,14): warning MA0048: File name must match type name (https://github.com/meziantou/Meziantou.Analyzer/blob/main/docs/Rules/MA0048.md) [C:\Projects\Hazina\src\Core\Agents\Hazina.AgentFactory\Hazina.AgentFactory.csproj::TargetFramework=net8.0]
C:\Projects\Hazina\src\Core\Agents\Hazina.AgentFactory\Configuration\Formatters\StoreConfigFormatHelper.cs(1,1): warning SA1633: The file header is missing or not located at the top of the file. (https://github.com/DotNetAnalyzers/StyleCopAnalyzers/blob/master/documentation/SA1633.md) [C:\Projects\Hazina\src\Core\Agents\Hazina.AgentFactory\Hazina.AgentFactory.csproj::TargetFramework=net8.0]
C:\Projects\Hazina\src\Core\Agents\Hazina.AgentFactory\Configuration\GoogleConfig.cs(8,14): warning MA0047: Declare type 'GoogleConfig' in a namespace (https://github.com/meziantou/Meziantou.Analyzer/blob/main/docs/Rules/MA0047.md) [C:\Projects\Hazina\src\Core\Agents\Hazina.AgentFactory\Hazina.AgentFactory.csproj::TargetFramework=net8.0]
C:\Projects\Hazina\src\Core\Agents\Hazina.AgentFactory\Configuration\Formatters\StoreConfigFormatHelper.cs(23,10): warning SA1513: Closing brace should be followed by blank line (https://github.com/DotNetAnalyzers/StyleCopAnalyzers/blob/master/documentation/SA1513.md) [C:\Projects\Hazina\src\Core\Agents\Hazina.AgentFactory\Hazina.AgentFactory.csproj::TargetFramework=net8.0]
C:\Projects\Hazina\src\Core\Agents\Hazina.AgentFactory\Configuration\Formatters\StoreConfigFormatHelper.cs(24,9): warning SA1515: Single-line comment should be preceded by blank line (https://github.com/DotNetAnalyzers/StyleCopAnalyzers/blob/master/documentation/SA1515.md) [C:\Projects\Hazina\src\Core\Agents\Hazina.AgentFactory\Hazina.AgentFactory.csproj::TargetFramework=net8.0]
C:\Projects\Hazina\src\Core\Agents\Hazina.AgentFactory\Configuration\Formatters\StoreConfigFormatHelper.cs(45,9): warning SA1515: Single-line comment should be preceded by blank line (https://github.com/DotNetAnalyzers/StyleCopAnalyzers/blob/master/documentation/SA1515.md) [C:\Projects\Hazina\src\Core\Agents\Hazina.AgentFactory\Hazina.AgentFactory.csproj::TargetFramework=net8.0]
C:\Projects\Hazina\src\Core\Agents\Hazina.AgentFactory\Configuration\Formatters\StoreConfigFormatHelper.cs(48,9): warning SA1515: Single-line comment should be preceded by blank line (https://github.com/DotNetAnalyzers/StyleCopAnalyzers/blob/master/documentation/SA1515.md) [C:\Projects\Hazina\src\Core\Agents\Hazina.AgentFactory\Hazina.AgentFactory.csproj::TargetFramework=net8.0]
C:\Projects\Hazina\src\Core\Agents\Hazina.AgentFactory\Abstractions\IFileSystem.cs(154,1): warning SA1516: Elements should be separated by blank line (https://github.com/DotNetAnalyzers/StyleCopAnalyzers/blob/master/documentation/SA1516.md) [C:\Projects\Hazina\src\Core\Agents\Hazina.AgentFactory\Hazina.AgentFactory.csproj::TargetFramework=net8.0]
C:\Projects\Hazina\src\Core\Agents\Hazina.AgentFactory\Abstractions\IFileSystem.cs(155,1): warning SA1516: Elements should be separated by blank line (https://github.com/DotNetAnalyzers/StyleCopAnalyzers/blob/master/documentation/SA1516.md) [C:\Projects\Hazina\src\Core\Agents\Hazina.AgentFactory\Hazina.AgentFactory.csproj::TargetFramework=net8.0]
C:\Projects\Hazina\src\Core\Agents\Hazina.AgentFactory\Abstractions\IFileSystem.cs(156,1): warning SA1516: Elements should be separated by blank line (https://github.com/DotNetAnalyzers/StyleCopAnalyzers/blob/master/documentation/SA1516.md) [C:\Projects\Hazina\src\Core\Agents\Hazina.AgentFactory\Hazina.AgentFactory.csproj::TargetFramework=net8.0]
C:\Projects\Hazina\src\Core\Agents\Hazina.AgentFactory\Configuration\Formatters\StoreConfigFormatHelper.cs(13,9): warning SA1000: The keyword 'if' should be followed by a space (https://github.com/DotNetAnalyzers/StyleCopAnalyzers/blob/master/documentation/SA1000.md) [C:\Projects\Hazina\src\Core\Agents\Hazina.AgentFactory\Hazina.AgentFactory.csproj::TargetFramework=net8.0]
C:\Projects\Hazina\src\Core\Agents\Hazina.AgentFactory\Abstractions\IFileSystem.cs(157,1): warning SA1516: Elements should be separated by blank line (https://github.com/DotNetAnalyzers/StyleCopAnalyzers/blob/master/documentation/SA1516.md) [C:\Projects\Hazina\src\Core\Agents\Hazina.AgentFactory\Hazina.AgentFactory.csproj::TargetFramework=net8.0]
C:\Projects\Hazina\src\Core\Agents\Hazina.AgentFactory\Abstractions\IFileSystem.cs(158,1): warning SA1516: Elements should be separated by blank line (https://github.com/DotNetAnalyzers/StyleCopAnalyzers/blob/master/documentation/SA1516.md) [C:\Projects\Hazina\src\Core\Agents\Hazina.AgentFactory\Hazina.AgentFactory.csproj::TargetFramework=net8.0]
C:\Projects\Hazina\src\Core\Agents\Hazina.AgentFactory\Configuration\Formatters\StoreConfigFormatHelper.cs(29,9): warning SA1000: The keyword 'catch' should be followed by a space (https://github.com/DotNetAnalyzers/StyleCopAnalyzers/blob/master/documentation/SA1000.md) [C:\Projects\Hazina\src\Core\Agents\Hazina.AgentFactory\Hazina.AgentFactory.csproj::TargetFramework=net8.0]
C:\Projects\Hazina\src\Core\Agents\Hazina.AgentFactory\Abstractions\IFileSystem.cs(159,1): warning SA1516: Elements should be separated by blank line (https://github.com/DotNetAnalyzers/StyleCopAnalyzers/blob/master/documentation/SA1516.md) [C:\Projects\Hazina\src\Core\Agents\Hazina.AgentFactory\Hazina.AgentFactory.csproj::TargetFramework=net8.0]
C:\Projects\Hazina\src\Core\Agents\Hazina.AgentFactory\Configuration\GoogleConfig.cs(8,14): warning S3903: Move 'GoogleConfig' into a named namespace. (https://rules.sonarsource.com/csharp/RSPEC-3903) [C:\Projects\Hazina\src\Core\Agents\Hazina.AgentFactory\Hazina.AgentFactory.csproj::TargetFramework=net8.0]
C:\Projects\Hazina\src\Core\Agents\Hazina.AgentFactory\Abstractions\IFileSystem.cs(165,14): warning MA0048: File name must match type name (https://github.com/meziantou/Meziantou.Analyzer/blob/main/docs/Rules/MA0048.md) [C:\Projects\Hazina\src\Core\Agents\Hazina.AgentFactory\Hazina.AgentFactory.csproj::TargetFramework=net8.0]
C:\Projects\Hazina\src\Core\Agents\Hazina.AgentFactory\Configuration\GoogleConfig.cs(1,1): warning SA1633: The file header is missing or not located at the top of the file. (https://github.com/DotNetAnalyzers/StyleCopAnalyzers/blob/master/documentation/SA1633.md) [C:\Projects\Hazina\src\Core\Agents\Hazina.AgentFactory\Hazina.AgentFactory.csproj::TargetFramework=net8.0]
C:\Projects\Hazina\src\Core\Agents\Hazina.AgentFactory\Configuration\Parsers\HazinaAgentConfigParser.cs(11,21): warning CA1050: Declare types in namespaces (https://learn.microsoft.com/dotnet/fundamentals/code-analysis/quality-rules/ca1050) [C:\Projects\Hazina\src\Core\Agents\Hazina.AgentFactory\Hazina.AgentFactory.csproj::TargetFramework=net8.0]
C:\Projects\Hazina\src\Core\Agents\Hazina.AgentFactory\Configuration\Parsers\HazinaAgentConfigParser.cs(153,21): warning CA1050: Declare types in namespaces (https://learn.microsoft.com/dotnet/fundamentals/code-analysis/quality-rules/ca1050) [C:\Projects\Hazina\src\Core\Agents\Hazina.AgentFactory\Hazina.AgentFactory.csproj::TargetFramework=net8.0]
C:\Projects\Hazina\src\Core\Agents\Hazina.AgentFactory\Configuration\Parsers\HazinaAgentConfigParser.cs(153,21): warning MA0047: Declare type 'HazinaFlowConfigParser' in a namespace (https://github.com/meziantou/Meziantou.Analyzer/blob/main/docs/Rules/MA0047.md) [C:\Projects\Hazina\src\Core\Agents\Hazina.AgentFactory\Hazina.AgentFactory.csproj::TargetFramework=net8.0]
C:\Projects\Hazina\src\Core\Agents\Hazina.AgentFactory\Configuration\Parsers\HazinaAgentConfigParser.cs(11,21): warning MA0047: Declare type 'HazinaAgentConfigParser' in a namespace (https://github.com/meziantou/Meziantou.Analyzer/blob/main/docs/Rules/MA0047.md) [C:\Projects\Hazina\src\Core\Agents\Hazina.AgentFactory\Hazina.AgentFactory.csproj::TargetFramework=net8.0]
C:\Projects\Hazina\src\Core\Agents\Hazina.AgentFactory\Configuration\Parsers\HazinaAgentConfigParser.cs(153,21): warning MA0048: File name must match type name (https://github.com/meziantou/Meziantou.Analyzer/blob/main/docs/Rules/MA0048.md) [C:\Projects\Hazina\src\Core\Agents\Hazina.AgentFactory\Hazina.AgentFactory.csproj::TargetFramework=net8.0]
C:\Projects\Hazina\src\Core\Agents\Hazina.AgentFactory\Abstractions\IFileSystem.cs(175,1): warning SA1516: Elements should be separated by blank line (https://github.com/DotNetAnalyzers/StyleCopAnalyzers/blob/master/documentation/SA1516.md) [C:\Projects\Hazina\src\Core\Agents\Hazina.AgentFactory\Hazina.AgentFactory.csproj::TargetFramework=net8.0]
C:\Projects\Hazina\src\Core\Agents\Hazina.AgentFactory\Abstractions\IFileSystem.cs(176,1): warning SA1516: Elements should be separated by blank line (https://github.com/DotNetAnalyzers/StyleCopAnalyzers/blob/master/documentation/SA1516.md) [C:\Projects\Hazina\src\Core\Agents\Hazina.AgentFactory\Hazina.AgentFactory.csproj::TargetFramework=net8.0]
C:\Projects\Hazina\src\Core\Agents\Hazina.AgentFactory\Abstractions\IFileSystem.cs(177,1): warning SA1516: Elements should be separated by blank line (https://github.com/DotNetAnalyzers/StyleCopAnalyzers/blob/master/documentation/SA1516.md) [C:\Projects\Hazina\src\Core\Agents\Hazina.AgentFactory\Hazina.AgentFactory.csproj::TargetFramework=net8.0]
C:\Projects\Hazina\src\Core\Agents\Hazina.AgentFactory\Abstractions\IFileSystem.cs(178,1): warning SA1516: Elements should be separated by blank line (https://github.com/DotNetAnalyzers/StyleCopAnalyzers/blob/master/documentation/SA1516.md) [C:\Projects\Hazina\src\Core\Agents\Hazina.AgentFactory\Hazina.AgentFactory.csproj::TargetFramework=net8.0]
C:\Projects\Hazina\src\Core\Agents\Hazina.AgentFactory\Configuration\Parsers\HazinaStoreConfigParser.cs(7,21): warning CA1050: Declare types in namespaces (https://learn.microsoft.com/dotnet/fundamentals/code-analysis/quality-rules/ca1050) [C:\Projects\Hazina\src\Core\Agents\Hazina.AgentFactory\Hazina.AgentFactory.csproj::TargetFramework=net8.0]
C:\Projects\Hazina\src\Core\Agents\Hazina.AgentFactory\Configuration\Parsers\HazinaStoreConfigParser.cs(7,21): warning MA0047: Declare type 'HazinaStoreConfigParser' in a namespace (https://github.com/meziantou/Meziantou.Analyzer/blob/main/docs/Rules/MA0047.md) [C:\Projects\Hazina\src\Core\Agents\Hazina.AgentFactory\Hazina.AgentFactory.csproj::TargetFramework=net8.0]
C:\Projects\Hazina\src\Core\Agents\Hazina.AgentFactory\Configuration\Parsers\HazinaAgentConfigParser.cs(209,27): warning S1144: Remove the unused private method 'EscapeMultiline'. (https://rules.sonarsource.com/csharp/RSPEC-1144) [C:\Projects\Hazina\src\Core\Agents\Hazina.AgentFactory\Hazina.AgentFactory.csproj::TargetFramework=net8.0]
C:\Projects\Hazina\src\Core\Agents\Hazina.AgentFactory\Configuration\Parsers\HazinaAgentConfigParser.cs(213,27): warning S1144: Remove the unused private method 'UnescapeMultiline'. (https://rules.sonarsource.com/csharp/RSPEC-1144) [C:\Projects\Hazina\src\Core\Agents\Hazina.AgentFactory\Hazina.AgentFactory.csproj::TargetFramework=net8.0]
C:\Projects\Hazina\src\Core\Agents\Hazina.AgentFactory\Configuration\Parsers\HazinaAgentConfigParser.cs(216,27): warning S1144: Remove the unused private method 'ToStoreRefString'. (https://rules.sonarsource.com/csharp/RSPEC-1144) [C:\Projects\Hazina\src\Core\Agents\Hazina.AgentFactory\Hazina.AgentFactory.csproj::TargetFramework=net8.0]
C:\Projects\Hazina\src\Core\Agents\Hazina.AgentFactory\Configuration\Parsers\HazinaAgentConfigParser.cs(218,29): warning S1144: Remove the unused private method 'ParseStoreRef'. (https://rules.sonarsource.com/csharp/RSPEC-1144) [C:\Projects\Hazina\src\Core\Agents\Hazina.AgentFactory\Hazina.AgentFactory.csproj::TargetFramework=net8.0]
C:\Projects\Hazina\src\Core\Agents\Hazina.AgentFactory\Models\BuildOutput.cs(4,21): warning CA1050: Declare types in namespaces (https://learn.microsoft.com/dotnet/fundamentals/code-analysis/quality-rules/ca1050) [C:\Projects\Hazina\src\Core\Agents\Hazina.AgentFactory\Hazina.AgentFactory.csproj::TargetFramework=net8.0]
C:\Projects\Hazina\src\Core\Agents\Hazina.AgentFactory\Models\BuildOutput.cs(7,26): warning CA2211: Non-constant fields should not be visible (https://learn.microsoft.com/dotnet/fundamentals/code-analysis/quality-rules/ca2211) [C:\Projects\Hazina\src\Core\Agents\Hazina.AgentFactory\Hazina.AgentFactory.csproj::TargetFramework=net8.0]
C:\Projects\Hazina\src\Core\Agents\Hazina.AgentFactory\Models\BuildOutput.cs(6,26): warning CA2211: Non-constant fields should not be visible (https://learn.microsoft.com/dotnet/fundamentals/code-analysis/quality-rules/ca2211) [C:\Projects\Hazina\src\Core\Agents\Hazina.AgentFactory\Hazina.AgentFactory.csproj::TargetFramework=net8.0]
C:\Projects\Hazina\src\Core\Agents\Hazina.AgentFactory\Models\BuildOutput.cs(7,26): warning MA0069: Non-constant static fields should not be visible (https://github.com/meziantou/Meziantou.Analyzer/blob/main/docs/Rules/MA0069.md) [C:\Projects\Hazina\src\Core\Agents\Hazina.AgentFactory\Hazina.AgentFactory.csproj::TargetFramework=net8.0]
C:\Projects\Hazina\src\Core\Agents\Hazina.AgentFactory\Models\BuildOutput.cs(6,26): warning MA0069: Non-constant static fields should not be visible (https://github.com/meziantou/Meziantou.Analyzer/blob/main/docs/Rules/MA0069.md) [C:\Projects\Hazina\src\Core\Agents\Hazina.AgentFactory\Hazina.AgentFactory.csproj::TargetFramework=net8.0]
C:\Projects\Hazina\src\Core\Agents\Hazina.AgentFactory\Models\BuildOutput.cs(7,26): warning SA1401: Field should be private (https://github.com/DotNetAnalyzers/StyleCopAnalyzers/blob/master/documentation/SA1401.md) [C:\Projects\Hazina\src\Core\Agents\Hazina.AgentFactory\Hazina.AgentFactory.csproj::TargetFramework=net8.0]
C:\Projects\Hazina\src\Core\Agents\Hazina.AgentFactory\Models\BuildOutput.cs(6,26): warning SA1401: Field should be private (https://github.com/DotNetAnalyzers/StyleCopAnalyzers/blob/master/documentation/SA1401.md) [C:\Projects\Hazina\src\Core\Agents\Hazina.AgentFactory\Hazina.AgentFactory.csproj::TargetFramework=net8.0]
C:\Projects\Hazina\src\Core\Agents\Hazina.AgentFactory\Configuration\Parsers\HazinaStoreConfigParser.cs(7,21): warning S3903: Move 'HazinaStoreConfigParser' into a named namespace. (https://rules.sonarsource.com/csharp/RSPEC-3903) [C:\Projects\Hazina\src\Core\Agents\Hazina.AgentFactory\Hazina.AgentFactory.csproj::TargetFramework=net8.0]
C:\Projects\Hazina\src\Core\Agents\Hazina.AgentFactory\Models\BuildOutput.cs(4,21): warning MA0047: Declare type 'BuildOutput' in a namespace (https://github.com/meziantou/Meziantou.Analyzer/blob/main/docs/Rules/MA0047.md) [C:\Projects\Hazina\src\Core\Agents\Hazina.AgentFactory\Hazina.AgentFactory.csproj::TargetFramework=net8.0]
C:\Projects\Hazina\src\Core\Agents\Hazina.AgentFactory\Models\BuildOutput.cs(6,26): warning S1104: Make this field 'private' and encapsulate it in a 'public' property. (https://rules.sonarsource.com/csharp/RSPEC-1104) [C:\Projects\Hazina\src\Core\Agents\Hazina.AgentFactory\Hazina.AgentFactory.csproj::TargetFramework=net8.0]
C:\Projects\Hazina\src\Core\Agents\Hazina.AgentFactory\Models\BuildOutput.cs(7,26): warning S1104: Make this field 'private' and encapsulate it in a 'public' property. (https://rules.sonarsource.com/csharp/RSPEC-1104) [C:\Projects\Hazina\src\Core\Agents\Hazina.AgentFactory\Hazina.AgentFactory.csproj::TargetFramework=net8.0]
C:\Projects\Hazina\src\Core\Agents\Hazina.AgentFactory\Models\BuildOutput.cs(6,26): warning S2223: Change the visibility of 'buildFile' or make it 'const' or 'readonly'. (https://rules.sonarsource.com/csharp/RSPEC-2223) [C:\Projects\Hazina\src\Core\Agents\Hazina.AgentFactory\Hazina.AgentFactory.csproj::TargetFramework=net8.0]
C:\Projects\Hazina\src\Core\Agents\Hazina.AgentFactory\Models\BuildOutput.cs(7,26): warning S2223: Change the visibility of 'buildOutputFile' or make it 'const' or 'readonly'. (https://rules.sonarsource.com/csharp/RSPEC-2223) [C:\Projects\Hazina\src\Core\Agents\Hazina.AgentFactory\Hazina.AgentFactory.csproj::TargetFramework=net8.0]
C:\Projects\Hazina\src\Core\Agents\Hazina.AgentFactory\Models\BuildOutput.cs(7,26): warning SA1307: Field 'buildOutputFile' should begin with upper-case letter (https://github.com/DotNetAnalyzers/StyleCopAnalyzers/blob/master/documentation/SA1307.md) [C:\Projects\Hazina\src\Core\Agents\Hazina.AgentFactory\Hazina.AgentFactory.csproj::TargetFramework=net8.0]
C:\Projects\Hazina\src\Core\Agents\Hazina.AgentFactory\Models\BuildOutput.cs(6,26): warning SA1307: Field 'buildFile' should begin with upper-case letter (https://github.com/DotNetAnalyzers/StyleCopAnalyzers/blob/master/documentation/SA1307.md) [C:\Projects\Hazina\src\Core\Agents\Hazina.AgentFactory\Hazina.AgentFactory.csproj::TargetFramework=net8.0]
C:\Projects\Hazina\src\Core\Agents\Hazina.AgentFactory\Configuration\Parsers\HazinaAgentConfigParser.cs(11,21): warning S3903: Move 'HazinaAgentConfigParser' into a named namespace. (https://rules.sonarsource.com/csharp/RSPEC-3903) [C:\Projects\Hazina\src\Core\Agents\Hazina.AgentFactory\Hazina.AgentFactory.csproj::TargetFramework=net8.0]
C:\Projects\Hazina\src\Core\Agents\Hazina.AgentFactory\Models\BuildOutput.cs(4,21): warning S3903: Move 'BuildOutput' into a named namespace. (https://rules.sonarsource.com/csharp/RSPEC-3903) [C:\Projects\Hazina\src\Core\Agents\Hazina.AgentFactory\Hazina.AgentFactory.csproj::TargetFramework=net8.0]
C:\Projects\Hazina\src\Core\Agents\Hazina.AgentFactory\Models\BuildOutput.cs(8,26): warning CA2211: Non-constant fields should not be visible (https://learn.microsoft.com/dotnet/fundamentals/code-analysis/quality-rules/ca2211) [C:\Projects\Hazina\src\Core\Agents\Hazina.AgentFactory\Hazina.AgentFactory.csproj::TargetFramework=net8.0]
C:\Projects\Hazina\src\Core\Agents\Hazina.AgentFactory\Models\BuildOutput.cs(8,26): warning MA0069: Non-constant static fields should not be visible (https://github.com/meziantou/Meziantou.Analyzer/blob/main/docs/Rules/MA0069.md) [C:\Projects\Hazina\src\Core\Agents\Hazina.AgentFactory\Hazina.AgentFactory.csproj::TargetFramework=net8.0]
C:\Projects\Hazina\src\Core\Agents\Hazina.AgentFactory\Models\BuildOutput.cs(8,26): warning SA1401: Field should be private (https://github.com/DotNetAnalyzers/StyleCopAnalyzers/blob/master/documentation/SA1401.md) [C:\Projects\Hazina\src\Core\Agents\Hazina.AgentFactory\Hazina.AgentFactory.csproj::TargetFramework=net8.0]
C:\Projects\Hazina\src\Core\Agents\Hazina.AgentFactory\Models\BuildOutput.cs(8,26): warning S1104: Make this field 'private' and encapsulate it in a 'public' property. (https://rules.sonarsource.com/csharp/RSPEC-1104) [C:\Projects\Hazina\src\Core\Agents\Hazina.AgentFactory\Hazina.AgentFactory.csproj::TargetFramework=net8.0]
C:\Projects\Hazina\src\Core\Agents\Hazina.AgentFactory\Models\BuildOutput.cs(8,26): warning S2223: Change the visibility of 'buildErrorsFile' or make it 'const' or 'readonly'. (https://rules.sonarsource.com/csharp/RSPEC-2223) [C:\Projects\Hazina\src\Core\Agents\Hazina.AgentFactory\Hazina.AgentFactory.csproj::TargetFramework=net8.0]
C:\Projects\Hazina\src\Core\Agents\Hazina.AgentFactory\Configuration\Parsers\HazinaAgentConfigParser.cs(153,21): warning S3903: Move 'HazinaFlowConfigParser' into a named namespace. (https://rules.sonarsource.com/csharp/RSPEC-3903) [C:\Projects\Hazina\src\Core\Agents\Hazina.AgentFactory\Hazina.AgentFactory.csproj::TargetFramework=net8.0]
C:\Projects\Hazina\src\Core\Agents\Hazina.AgentFactory\Models\BuildOutput.cs(8,26): warning SA1307: Field 'buildErrorsFile' should begin with upper-case letter (https://github.com/DotNetAnalyzers/StyleCopAnalyzers/blob/master/documentation/SA1307.md) [C:\Projects\Hazina\src\Core\Agents\Hazina.AgentFactory\Hazina.AgentFactory.csproj::TargetFramework=net8.0]
C:\Projects\Hazina\src\Core\Agents\Hazina.AgentFactory\Configuration\Parsers\HazinaAgentConfigParser.cs(93,1): warning SA1516: Elements should be separated by blank line (https://github.com/DotNetAnalyzers/StyleCopAnalyzers/blob/master/documentation/SA1516.md) [C:\Projects\Hazina\src\Core\Agents\Hazina.AgentFactory\Hazina.AgentFactory.csproj::TargetFramework=net8.0]
C:\Projects\Hazina\src\Core\Agents\Hazina.AgentFactory\Configuration\Parsers\HazinaAgentConfigParser.cs(97,1): warning SA1516: Elements should be separated by blank line (https://github.com/DotNetAnalyzers/StyleCopAnalyzers/blob/master/documentation/SA1516.md) [C:\Projects\Hazina\src\Core\Agents\Hazina.AgentFactory\Hazina.AgentFactory.csproj::TargetFramework=net8.0]
C:\Projects\Hazina\src\Core\Agents\Hazina.AgentFactory\Configuration\Parsers\HazinaAgentConfigParser.cs(121,1): warning SA1516: Elements should be separated by blank line (https://github.com/DotNetAnalyzers/StyleCopAnalyzers/blob/master/documentation/SA1516.md) [C:\Projects\Hazina\src\Core\Agents\Hazina.AgentFactory\Hazina.AgentFactory.csproj::TargetFramework=net8.0]
C:\Projects\Hazina\src\Core\Agents\Hazina.AgentFactory\Configuration\Parsers\HazinaAgentConfigParser.cs(134,1): warning SA1516: Elements should be separated by blank line (https://github.com/DotNetAnalyzers/StyleCopAnalyzers/blob/master/documentation/SA1516.md) [C:\Projects\Hazina\src\Core\Agents\Hazina.AgentFactory\Hazina.AgentFactory.csproj::TargetFramework=net8.0]
C:\Projects\Hazina\src\Core\Agents\Hazina.AgentFactory\Configuration\StoreConfig.cs(37,21): warning CA1819: Properties should not return arrays (https://learn.microsoft.com/dotnet/fundamentals/code-analysis/quality-rules/ca1819) [C:\Projects\Hazina\src\Core\Agents\Hazina.AgentFactory\Hazina.AgentFactory.csproj::TargetFramework=net8.0]
C:\Projects\Hazina\src\Core\Agents\Hazina.AgentFactory\Configuration\StoreConfig.cs(27,21): warning CA1819: Properties should not return arrays (https://learn.microsoft.com/dotnet/fundamentals/code-analysis/quality-rules/ca1819) [C:\Projects\Hazina\src\Core\Agents\Hazina.AgentFactory\Hazina.AgentFactory.csproj::TargetFramework=net8.0]
C:\Projects\Hazina\src\Core\Agents\Hazina.AgentFactory\Configuration\StoreConfig.cs(5,14): warning CA1050: Declare types in namespaces (https://learn.microsoft.com/dotnet/fundamentals/code-analysis/quality-rules/ca1050) [C:\Projects\Hazina\src\Core\Agents\Hazina.AgentFactory\Hazina.AgentFactory.csproj::TargetFramework=net8.0]
C:\Projects\Hazina\src\Core\Agents\Hazina.AgentFactory\Configuration\Parsers\HazinaAgentConfigParser.cs(1,1): warning SA1633: The file header is missing or not located at the top of the file. (https://github.com/DotNetAnalyzers/StyleCopAnalyzers/blob/master/documentation/SA1633.md) [C:\Projects\Hazina\src\Core\Agents\Hazina.AgentFactory\Hazina.AgentFactory.csproj::TargetFramework=net8.0]
C:\Projects\Hazina\src\Core\Agents\Hazina.AgentFactory\Configuration\StoreConfig.cs(5,14): warning MA0047: Declare type 'StoreConfig' in a namespace (https://github.com/meziantou/Meziantou.Analyzer/blob/main/docs/Rules/MA0047.md) [C:\Projects\Hazina\src\Core\Agents\Hazina.AgentFactory\Hazina.AgentFactory.csproj::TargetFramework=net8.0]
C:\Projects\Hazina\src\Core\Agents\Hazina.AgentFactory\Configuration\StoreConfig.cs(10,19): warning SA1623: The property's documentation summary text should begin with: 'Gets or sets' (https://github.com/DotNetAnalyzers/StyleCopAnalyzers/blob/master/documentation/SA1623.md) [C:\Projects\Hazina\src\Core\Agents\Hazina.AgentFactory\Hazina.AgentFactory.csproj::TargetFramework=net8.0]
C:\Projects\Hazina\src\Core\Agents\Hazina.AgentFactory\Configuration\Parsers\HazinaAgentConfigParser.cs(148,1): warning SA1507: Code should not contain multiple blank lines in a row (https://github.com/DotNetAnalyzers/StyleCopAnalyzers/blob/master/documentation/SA1507.md) [C:\Projects\Hazina\src\Core\Agents\Hazina.AgentFactory\Hazina.AgentFactory.csproj::TargetFramework=net8.0]
C:\Projects\Hazina\src\Core\Agents\Hazina.AgentFactory\Configuration\StoreConfig.cs(27,21): warning SA1623: The property's documentation summary text should begin with: 'Gets or sets' (https://github.com/DotNetAnalyzers/StyleCopAnalyzers/blob/master/documentation/SA1623.md) [C:\Projects\Hazina\src\Core\Agents\Hazina.AgentFactory\Hazina.AgentFactory.csproj::TargetFramework=net8.0]
C:\Projects\Hazina\src\Core\Agents\Hazina.AgentFactory\Configuration\StoreConfig.cs(15,19): warning SA1623: The property's documentation summary text should begin with: 'Gets or sets' (https://github.com/DotNetAnalyzers/StyleCopAnalyzers/blob/master/documentation/SA1623.md) [C:\Projects\Hazina\src\Core\Agents\Hazina.AgentFactory\Hazina.AgentFactory.csproj::TargetFramework=net8.0]
C:\Projects\Hazina\src\Core\Agents\Hazina.AgentFactory\Configuration\StoreConfig.cs(43,17): warning SA1623: The property's documentation summary text should begin with: 'Gets or sets a value indicating whether' (https://github.com/DotNetAnalyzers/StyleCopAnalyzers/blob/master/documentation/SA1623.md) [C:\Projects\Hazina\src\Core\Agents\Hazina.AgentFactory\Hazina.AgentFactory.csproj::TargetFramework=net8.0]
C:\Projects\Hazina\src\Core\Agents\Hazina.AgentFactory\Configuration\StoreConfig.cs(32,19): warning SA1623: The property's documentation summary text should begin with: 'Gets or sets' (https://github.com/DotNetAnalyzers/StyleCopAnalyzers/blob/master/documentation/SA1623.md) [C:\Projects\Hazina\src\Core\Agents\Hazina.AgentFactory\Hazina.AgentFactory.csproj::TargetFramework=net8.0]
C:\Projects\Hazina\src\Core\Agents\Hazina.AgentFactory\Configuration\StoreConfig.cs(21,19): warning SA1623: The property's documentation summary text should begin with: 'Gets or sets' (https://github.com/DotNetAnalyzers/StyleCopAnalyzers/blob/master/documentation/SA1623.md) [C:\Projects\Hazina\src\Core\Agents\Hazina.AgentFactory\Hazina.AgentFactory.csproj::TargetFramework=net8.0]
C:\Projects\Hazina\src\Core\Agents\Hazina.AgentFactory\Configuration\StoreConfig.cs(5,14): warning S3903: Move 'StoreConfig' into a named namespace. (https://rules.sonarsource.com/csharp/RSPEC-3903) [C:\Projects\Hazina\src\Core\Agents\Hazina.AgentFactory\Hazina.AgentFactory.csproj::TargetFramework=net8.0]
C:\Projects\Hazina\src\Core\Agents\Hazina.AgentFactory\Configuration\StoreConfig.cs(32,48): warning SA1122: Use string.Empty for empty strings (https://github.com/DotNetAnalyzers/StyleCopAnalyzers/blob/master/documentation/SA1122.md) [C:\Projects\Hazina\src\Core\Agents\Hazina.AgentFactory\Hazina.AgentFactory.csproj::TargetFramework=net8.0]
C:\Projects\Hazina\src\Core\Agents\Hazina.AgentFactory\Configuration\Parsers\HazinaAgentConfigParser.cs(213,1): warning SA1516: Elements should be separated by blank line (https://github.com/DotNetAnalyzers/StyleCopAnalyzers/blob/master/documentation/SA1516.md) [C:\Projects\Hazina\src\Core\Agents\Hazina.AgentFactory\Hazina.AgentFactory.csproj::TargetFramework=net8.0]
C:\Projects\Hazina\src\Core\Agents\Hazina.AgentFactory\Configuration\Parsers\HazinaAgentConfigParser.cs(217,1): warning SA1516: Elements should be separated by blank line (https://github.com/DotNetAnalyzers/StyleCopAnalyzers/blob/master/documentation/SA1516.md) [C:\Projects\Hazina\src\Core\Agents\Hazina.AgentFactory\Hazina.AgentFactory.csproj::TargetFramework=net8.0]
C:\Projects\Hazina\src\Core\Agents\Hazina.AgentFactory\Configuration\Parsers\HazinaAgentConfigParser.cs(241,1): warning SA1516: Elements should be separated by blank line (https://github.com/DotNetAnalyzers/StyleCopAnalyzers/blob/master/documentation/SA1516.md) [C:\Projects\Hazina\src\Core\Agents\Hazina.AgentFactory\Hazina.AgentFactory.csproj::TargetFramework=net8.0]
C:\Projects\Hazina\src\Core\Agents\Hazina.AgentFactory\Configuration\Parsers\HazinaAgentConfigParser.cs(254,1): warning SA1516: Elements should be separated by blank line (https://github.com/DotNetAnalyzers/StyleCopAnalyzers/blob/master/documentation/SA1516.md) [C:\Projects\Hazina\src\Core\Agents\Hazina.AgentFactory\Hazina.AgentFactory.csproj::TargetFramework=net8.0]
C:\Projects\Hazina\src\Core\Agents\Hazina.AgentFactory\Configuration\StoreConfig.cs(63,22): warning CA1819: Properties should not return arrays (https://learn.microsoft.com/dotnet/fundamentals/code-analysis/quality-rules/ca1819) [C:\Projects\Hazina\src\Core\Agents\Hazina.AgentFactory\Hazina.AgentFactory.csproj::TargetFramework=net8.0]
C:\Projects\Hazina\src\Core\Agents\Hazina.AgentFactory\Configuration\StoreConfig.cs(50,17): warning SA1623: The property's documentation summary text should begin with: 'Gets or sets a value indicating whether' (https://github.com/DotNetAnalyzers/StyleCopAnalyzers/blob/master/documentation/SA1623.md) [C:\Projects\Hazina\src\Core\Agents\Hazina.AgentFactory\Hazina.AgentFactory.csproj::TargetFramework=net8.0]
C:\Projects\Hazina\src\Core\Agents\Hazina.AgentFactory\Configuration\StoreConfig.cs(63,22): warning SA1623: The property's documentation summary text should begin with: 'Gets or sets' (https://github.com/DotNetAnalyzers/StyleCopAnalyzers/blob/master/documentation/SA1623.md) [C:\Projects\Hazina\src\Core\Agents\Hazina.AgentFactory\Hazina.AgentFactory.csproj::TargetFramework=net8.0]
C:\Projects\Hazina\src\Core\Agents\Hazina.AgentFactory\Configuration\StoreConfig.cs(50,52): warning CA1805: Member 'ExplicitWriteEnabled' is explicitly initialized to its default value (https://learn.microsoft.com/dotnet/fundamentals/code-analysis/quality-rules/ca1805) [C:\Projects\Hazina\src\Core\Agents\Hazina.AgentFactory\Hazina.AgentFactory.csproj::TargetFramework=net8.0]
C:\Projects\Hazina\src\Core\Agents\Hazina.AgentFactory\Configuration\StoreConfig.cs(37,21): warning SA1623: The property's documentation summary text should begin with: 'Gets or sets' (https://github.com/DotNetAnalyzers/StyleCopAnalyzers/blob/master/documentation/SA1623.md) [C:\Projects\Hazina\src\Core\Agents\Hazina.AgentFactory\Hazina.AgentFactory.csproj::TargetFramework=net8.0]
C:\Projects\Hazina\src\Core\Agents\Hazina.AgentFactory\Configuration\StoreConfig.cs(57,18): warning SA1623: The property's documentation summary text should begin with: 'Gets or sets' (https://github.com/DotNetAnalyzers/StyleCopAnalyzers/blob/master/documentation/SA1623.md) [C:\Projects\Hazina\src\Core\Agents\Hazina.AgentFactory\Hazina.AgentFactory.csproj::TargetFramework=net8.0]
C:\Projects\Hazina\src\Core\Agents\Hazina.AgentFactory\Configuration\StoreConfig.cs(69,17): warning SA1623: The property's documentation summary text should begin with: 'Gets or sets a value indicating whether' (https://github.com/DotNetAnalyzers/StyleCopAnalyzers/blob/master/documentation/SA1623.md) [C:\Projects\Hazina\src\Core\Agents\Hazina.AgentFactory\Hazina.AgentFactory.csproj::TargetFramework=net8.0]
C:\Projects\Hazina\src\Core\Agents\Hazina.AgentFactory\Configuration\StoreConfig.cs(55,22): warning SA1629: Documentation text should end with a period (https://github.com/DotNetAnalyzers/StyleCopAnalyzers/blob/master/documentation/SA1629.md) [C:\Projects\Hazina\src\Core\Agents\Hazina.AgentFactory\Hazina.AgentFactory.csproj::TargetFramework=net8.0]
C:\Projects\Hazina\src\Core\Agents\Hazina.AgentFactory\Configuration\StoreConfig.cs(1,1): warning SA1514: Element documentation header should be preceded by blank line (https://github.com/DotNetAnalyzers/StyleCopAnalyzers/blob/master/documentation/SA1514.md) [C:\Projects\Hazina\src\Core\Agents\Hazina.AgentFactory\Hazina.AgentFactory.csproj::TargetFramework=net8.0]
C:\Projects\Hazina\src\Core\Agents\Hazina.AgentFactory\Configuration\StoreConfig.cs(69,46): warning CA1805: Member 'FollowSymlinks' is explicitly initialized to its default value (https://learn.microsoft.com/dotnet/fundamentals/code-analysis/quality-rules/ca1805) [C:\Projects\Hazina\src\Core\Agents\Hazina.AgentFactory\Hazina.AgentFactory.csproj::TargetFramework=net8.0]
C:\Projects\Hazina\src\Core\Agents\Hazina.AgentFactory\Core\AgentManager.cs(3,1): warning SA1210: Using directives should be ordered alphabetically by the namespaces (https://github.com/DotNetAnalyzers/StyleCopAnalyzers/blob/master/documentation/SA1210.md) [C:\Projects\Hazina\src\Core\Agents\Hazina.AgentFactory\Hazina.AgentFactory.csproj::TargetFramework=net8.0]
C:\Projects\Hazina\src\Core\Agents\Hazina.AgentFactory\Configuration\Validation\ConfigurationResult.cs(22,39): warning CA2227: Change 'Errors' to be read-only by removing the property setter (https://learn.microsoft.com/dotnet/fundamentals/code-analysis/quality-rules/ca2227) [C:\Projects\Hazina\src\Core\Agents\Hazina.AgentFactory\Hazina.AgentFactory.csproj::TargetFramework=net8.0]
C:\Projects\Hazina\src\Core\Agents\Hazina.AgentFactory\Configuration\Validation\ConfigurationResult.cs(27,39): warning CA2227: Change 'Warnings' to be read-only by removing the property setter (https://learn.microsoft.com/dotnet/fundamentals/code-analysis/quality-rules/ca2227) [C:\Projects\Hazina\src\Core\Agents\Hazina.AgentFactory\Hazina.AgentFactory.csproj::TargetFramework=net8.0]
C:\Projects\Hazina\src\Core\Agents\Hazina.AgentFactory\Configuration\Validation\ConfigurationResult.cs(32,39): warning CA2227: Change 'Infos' to be read-only by removing the property setter (https://learn.microsoft.com/dotnet/fundamentals/code-analysis/quality-rules/ca2227) [C:\Projects\Hazina\src\Core\Agents\Hazina.AgentFactory\Hazina.AgentFactory.csproj::TargetFramework=net8.0]
C:\Projects\Hazina\src\Core\Agents\Hazina.AgentFactory\Configuration\Validation\ConfigurationResult.cs(32,39): warning CA1002: Change 'List<ValidationDiagnostic>' in 'ConfigurationResult<T>.Infos' to use 'Collection<T>', 'ReadOnlyCollection<T>' or 'KeyedCollection<K,V>' (https://learn.microsoft.com/dotnet/fundamentals/code-analysis/quality-rules/ca1002) [C:\Projects\Hazina\src\Core\Agents\Hazina.AgentFactory\Hazina.AgentFactory.csproj::TargetFramework=net8.0]
C:\Projects\Hazina\src\Core\Agents\Hazina.AgentFactory\Configuration\Validation\ConfigurationResult.cs(27,39): warning CA1002: Change 'List<ValidationDiagnostic>' in 'ConfigurationResult<T>.Warnings' to use 'Collection<T>', 'ReadOnlyCollection<T>' or 'KeyedCollection<K,V>' (https://learn.microsoft.com/dotnet/fundamentals/code-analysis/quality-rules/ca1002) [C:\Projects\Hazina\src\Core\Agents\Hazina.AgentFactory\Hazina.AgentFactory.csproj::TargetFramework=net8.0]
C:\Projects\Hazina\src\Core\Agents\Hazina.AgentFactory\Configuration\Validation\ConfigurationResult.cs(27,12): warning MA0016: Prefer using collection abstraction instead of implementation (https://github.com/meziantou/Meziantou.Analyzer/blob/main/docs/Rules/MA0016.md) [C:\Projects\Hazina\src\Core\Agents\Hazina.AgentFactory\Hazina.AgentFactory.csproj::TargetFramework=net8.0]
C:\Projects\Hazina\src\Core\Agents\Hazina.AgentFactory\Configuration\StoreConfig.cs(76,16): warning SA1623: The property's documentation summary text should begin with: 'Gets or sets' (https://github.com/DotNetAnalyzers/StyleCopAnalyzers/blob/master/documentation/SA1623.md) [C:\Projects\Hazina\src\Core\Agents\Hazina.AgentFactory\Hazina.AgentFactory.csproj::TargetFramework=net8.0]
C:\Projects\Hazina\src\Core\Agents\Hazina.AgentFactory\Configuration\Parsers\HazinaAgentConfigParser.cs(30,10): warning SA1513: Closing brace should be followed by blank line (https://github.com/DotNetAnalyzers/StyleCopAnalyzers/blob/master/documentation/SA1513.md) [C:\Projects\Hazina\src\Core\Agents\Hazina.AgentFactory\Hazina.AgentFactory.csproj::TargetFramework=net8.0]
C:\Projects\Hazina\src\Core\Agents\Hazina.AgentFactory\Configuration\Parsers\HazinaAgentConfigParser.cs(50,18): warning SA1513: Closing brace should be followed by blank line (https://github.com/DotNetAnalyzers/StyleCopAnalyzers/blob/master/documentation/SA1513.md) [C:\Projects\Hazina\src\Core\Agents\Hazina.AgentFactory\Hazina.AgentFactory.csproj::TargetFramework=net8.0]
C:\Projects\Hazina\src\Core\Agents\Hazina.AgentFactory\Configuration\Parsers\HazinaAgentConfigParser.cs(52,14): warning SA1513: Closing brace should be followed by blank line (https://github.com/DotNetAnalyzers/StyleCopAnalyzers/blob/master/documentation/SA1513.md) [C:\Projects\Hazina\src\Core\Agents\Hazina.AgentFactory\Hazina.AgentFactory.csproj::TargetFramework=net8.0]
C:\Projects\Hazina\src\Core\Agents\Hazina.AgentFactory\Configuration\StoreConfig.cs(74,20): warning SA1629: Documentation text should end with a period (https://github.com/DotNetAnalyzers/StyleCopAnalyzers/blob/master/documentation/SA1629.md) [C:\Projects\Hazina\src\Core\Agents\Hazina.AgentFactory\Hazina.AgentFactory.csproj::TargetFramework=net8.0]
C:\Projects\Hazina\src\Core\Agents\Hazina.AgentFactory\Configuration\Parsers\HazinaAgentConfigParser.cs(83,10): warning SA1513: Closing brace should be followed by blank line (https://github.com/DotNetAnalyzers/StyleCopAnalyzers/blob/master/documentation/SA1513.md) [C:\Projects\Hazina\src\Core\Agents\Hazina.AgentFactory\Hazina.AgentFactory.csproj::TargetFramework=net8.0]
C:\Projects\Hazina\src\Core\Agents\Hazina.AgentFactory\Configuration\Parsers\HazinaAgentConfigParser.cs(92,6): warning SA1513: Closing brace should be followed by blank line (https://github.com/DotNetAnalyzers/StyleCopAnalyzers/blob/master/documentation/SA1513.md) [C:\Projects\Hazina\src\Core\Agents\Hazina.AgentFactory\Hazina.AgentFactory.csproj::TargetFramework=net8.0]
C:\Projects\Hazina\src\Core\Agents\Hazina.AgentFactory\Configuration\Validation\ConfigurationResult.cs(17,15): warning SA1623: The property's documentation summary text should begin with: 'Gets or sets' (https://github.com/DotNetAnalyzers/StyleCopAnalyzers/blob/master/documentation/SA1623.md) [C:\Projects\Hazina\src\Core\Agents\Hazina.AgentFactory\Hazina.AgentFactory.csproj::TargetFramework=net8.0]
C:\Projects\Hazina\src\Core\Agents\Hazina.AgentFactory\Configuration\Parsers\HazinaAgentConfigParser.cs(120,6): warning SA1513: Closing brace should be followed by blank line (https://github.com/DotNetAnalyzers/StyleCopAnalyzers/blob/master/documentation/SA1513.md) [C:\Projects\Hazina\src\Core\Agents\Hazina.AgentFactory\Hazina.AgentFactory.csproj::TargetFramework=net8.0]
C:\Projects\Hazina\src\Core\Agents\Hazina.AgentFactory\Configuration\Parsers\HazinaAgentConfigParser.cs(133,6): warning SA1513: Closing brace should be followed by blank line (https://github.com/DotNetAnalyzers/StyleCopAnalyzers/blob/master/documentation/SA1513.md) [C:\Projects\Hazina\src\Core\Agents\Hazina.AgentFactory\Hazina.AgentFactory.csproj::TargetFramework=net8.0]
C:\Projects\Hazina\src\Core\Agents\Hazina.AgentFactory\Configuration\Parsers\HazinaAgentConfigParser.cs(167,10): warning SA1513: Closing brace should be followed by blank line (https://github.com/DotNetAnalyzers/StyleCopAnalyzers/blob/master/documentation/SA1513.md) [C:\Projects\Hazina\src\Core\Agents\Hazina.AgentFactory\Hazina.AgentFactory.csproj::TargetFramework=net8.0]
C:\Projects\Hazina\src\Core\Agents\Hazina.AgentFactory\Configuration\Parsers\HazinaAgentConfigParser.cs(187,18): warning SA1513: Closing brace should be followed by blank line (https://github.com/DotNetAnalyzers/StyleCopAnalyzers/blob/master/documentation/SA1513.md) [C:\Projects\Hazina\src\Core\Agents\Hazina.AgentFactory\Hazina.AgentFactory.csproj::TargetFramework=net8.0]
C:\Projects\Hazina\src\Core\Agents\Hazina.AgentFactory\Configuration\Parsers\HazinaAgentConfigParser.cs(189,14): warning SA1513: Closing brace should be followed by blank line (https://github.com/DotNetAnalyzers/StyleCopAnalyzers/blob/master/documentation/SA1513.md) [C:\Projects\Hazina\src\Core\Agents\Hazina.AgentFactory\Hazina.AgentFactory.csproj::TargetFramework=net8.0]
C:\Projects\Hazina\src\Core\Agents\Hazina.AgentFactory\Configuration\Parsers\HazinaAgentConfigParser.cs(203,10): warning SA1513: Closing brace should be followed by blank line (https://github.com/DotNetAnalyzers/StyleCopAnalyzers/blob/master/documentation/SA1513.md) [C:\Projects\Hazina\src\Core\Agents\Hazina.AgentFactory\Hazina.AgentFactory.csproj::TargetFramework=net8.0]
C:\Projects\Hazina\src\Core\Agents\Hazina.AgentFactory\Configuration\Parsers\HazinaAgentConfigParser.cs(212,6): warning SA1513: Closing brace should be followed by blank line (https://github.com/DotNetAnalyzers/StyleCopAnalyzers/blob/master/documentation/SA1513.md) [C:\Projects\Hazina\src\Core\Agents\Hazina.AgentFactory\Hazina.AgentFactory.csproj::TargetFramework=net8.0]
C:\Projects\Hazina\src\Core\Agents\Hazina.AgentFactory\Configuration\Parsers\HazinaAgentConfigParser.cs(240,6): warning SA1513: Closing brace should be followed by blank line (https://github.com/DotNetAnalyzers/StyleCopAnalyzers/blob/master/documentation/SA1513.md) [C:\Projects\Hazina\src\Core\Agents\Hazina.AgentFactory\Hazina.AgentFactory.csproj::TargetFramework=net8.0]
C:\Projects\Hazina\src\Core\Agents\Hazina.AgentFactory\Configuration\Parsers\HazinaAgentConfigParser.cs(253,6): warning SA1513: Closing brace should be followed by blank line (https://github.com/DotNetAnalyzers/StyleCopAnalyzers/blob/master/documentation/SA1513.md) [C:\Projects\Hazina\src\Core\Agents\Hazina.AgentFactory\Hazina.AgentFactory.csproj::TargetFramework=net8.0]
C:\Projects\Hazina\src\Core\Agents\Hazina.AgentFactory\Configuration\Parsers\HazinaAgentConfigParser.cs(97,5): warning SA1515: Single-line comment should be preceded by blank line (https://github.com/DotNetAnalyzers/StyleCopAnalyzers/blob/master/documentation/SA1515.md) [C:\Projects\Hazina\src\Core\Agents\Hazina.AgentFactory\Hazina.AgentFactory.csproj::TargetFramework=net8.0]
C:\Projects\Hazina\src\Core\Agents\Hazina.AgentFactory\Configuration\Parsers\HazinaAgentConfigParser.cs(121,5): warning SA1515: Single-line comment should be preceded by blank line (https://github.com/DotNetAnalyzers/StyleCopAnalyzers/blob/master/documentation/SA1515.md) [C:\Projects\Hazina\src\Core\Agents\Hazina.AgentFactory\Hazina.AgentFactory.csproj::TargetFramework=net8.0]
C:\Projects\Hazina\src\Core\Agents\Hazina.AgentFactory\Configuration\Parsers\HazinaAgentConfigParser.cs(134,5): warning SA1515: Single-line comment should be preceded by blank line (https://github.com/DotNetAnalyzers/StyleCopAnalyzers/blob/master/documentation/SA1515.md) [C:\Projects\Hazina\src\Core\Agents\Hazina.AgentFactory\Hazina.AgentFactory.csproj::TargetFramework=net8.0]
C:\Projects\Hazina\src\Core\Agents\Hazina.AgentFactory\Configuration\Validation\ConfigurationResult.cs(32,12): warning MA0016: Prefer using collection abstraction instead of implementation (https://github.com/meziantou/Meziantou.Analyzer/blob/main/docs/Rules/MA0016.md) [C:\Projects\Hazina\src\Core\Agents\Hazina.AgentFactory\Hazina.AgentFactory.csproj::TargetFramework=net8.0]
C:\Projects\Hazina\src\Core\Agents\Hazina.AgentFactory\Configuration\Validation\ConfigurationResult.cs(22,39): warning CA1002: Change 'List<ValidationDiagnostic>' in 'ConfigurationResult<T>.Errors' to use 'Collection<T>', 'ReadOnlyCollection<T>' or 'KeyedCollection<K,V>' (https://learn.microsoft.com/dotnet/fundamentals/code-analysis/quality-rules/ca1002) [C:\Projects\Hazina\src\Core\Agents\Hazina.AgentFactory\Hazina.AgentFactory.csproj::TargetFramework=net8.0]
C:\Projects\Hazina\src\Core\Agents\Hazina.AgentFactory\Configuration\Validation\ConfigurationResult.cs(22,12): warning MA0016: Prefer using collection abstraction instead of implementation (https://github.com/meziantou/Meziantou.Analyzer/blob/main/docs/Rules/MA0016.md) [C:\Projects\Hazina\src\Core\Agents\Hazina.AgentFactory\Hazina.AgentFactory.csproj::TargetFramework=net8.0]
C:\Projects\Hazina\src\Core\Agents\Hazina.AgentFactory\Configuration\Validation\ConfigurationResult.cs(12,17): warning SA1623: The property's documentation summary text should begin with: 'Gets a value indicating whether' (https://github.com/DotNetAnalyzers/StyleCopAnalyzers/blob/master/documentation/SA1623.md) [C:\Projects\Hazina\src\Core\Agents\Hazina.AgentFactory\Hazina.AgentFactory.csproj::TargetFramework=net8.0]
C:\Projects\Hazina\src\Core\Agents\Hazina.AgentFactory\Configuration\Validation\ConfigurationResult.cs(27,39): warning SA1623: The property's documentation summary text should begin with: 'Gets or sets' (https://github.com/DotNetAnalyzers/StyleCopAnalyzers/blob/master/documentation/SA1623.md) [C:\Projects\Hazina\src\Core\Agents\Hazina.AgentFactory\Hazina.AgentFactory.csproj::TargetFramework=net8.0]
C:\Projects\Hazina\src\Core\Agents\Hazina.AgentFactory\Configuration\Parsers\HazinaAgentConfigParser.cs(217,5): warning SA1515: Single-line comment should be preceded by blank line (https://github.com/DotNetAnalyzers/StyleCopAnalyzers/blob/master/documentation/SA1515.md) [C:\Projects\Hazina\src\Core\Agents\Hazina.AgentFactory\Hazina.AgentFactory.csproj::TargetFramework=net8.0]
C:\Projects\Hazina\src\Core\Agents\Hazina.AgentFactory\Configuration\Validation\ConfigurationResult.cs(32,39): warning SA1623: The property's documentation summary text should begin with: 'Gets or sets' (https://github.com/DotNetAnalyzers/StyleCopAnalyzers/blob/master/documentation/SA1623.md) [C:\Projects\Hazina\src\Core\Agents\Hazina.AgentFactory\Hazina.AgentFactory.csproj::TargetFramework=net8.0]
C:\Projects\Hazina\src\Core\Agents\Hazina.AgentFactory\Configuration\Parsers\HazinaAgentConfigParser.cs(241,5): warning SA1515: Single-line comment should be preceded by blank line (https://github.com/DotNetAnalyzers/StyleCopAnalyzers/blob/master/documentation/SA1515.md) [C:\Projects\Hazina\src\Core\Agents\Hazina.AgentFactory\Hazina.AgentFactory.csproj::TargetFramework=net8.0]
C:\Projects\Hazina\src\Core\Agents\Hazina.AgentFactory\Configuration\Parsers\HazinaAgentConfigParser.cs(254,5): warning SA1515: Single-line comment should be preceded by blank line (https://github.com/DotNetAnalyzers/StyleCopAnalyzers/blob/master/documentation/SA1515.md) [C:\Projects\Hazina\src\Core\Agents\Hazina.AgentFactory\Hazina.AgentFactory.csproj::TargetFramework=net8.0]
C:\Projects\Hazina\src\Core\Agents\Hazina.AgentFactory\Configuration\Validation\ConfigurationResult.cs(22,39): warning SA1623: The property's documentation summary text should begin with: 'Gets or sets' (https://github.com/DotNetAnalyzers/StyleCopAnalyzers/blob/master/documentation/SA1623.md) [C:\Projects\Hazina\src\Core\Agents\Hazina.AgentFactory\Hazina.AgentFactory.csproj::TargetFramework=net8.0]
C:\Projects\Hazina\src\Core\Agents\Hazina.AgentFactory\Configuration\Parsers\HazinaAgentConfigParser.cs(153,21): warning SA1402: File may only contain a single type (https://github.com/DotNetAnalyzers/StyleCopAnalyzers/blob/master/documentation/SA1402.md) [C:\Projects\Hazina\src\Core\Agents\Hazina.AgentFactory\Hazina.AgentFactory.csproj::TargetFramework=net8.0]
C:\Projects\Hazina\src\Core\Agents\Hazina.AgentFactory\Configuration\Validation\ValidationDiagnostic.cs(21,19): warning SA1623: The property's documentation summary text should begin with: 'Gets or sets' (https://github.com/DotNetAnalyzers/StyleCopAnalyzers/blob/master/documentation/SA1623.md) [C:\Projects\Hazina\src\Core\Agents\Hazina.AgentFactory\Hazina.AgentFactory.csproj::TargetFramework=net8.0]
C:\Projects\Hazina\src\Core\Agents\Hazina.AgentFactory\Configuration\Validation\ValidationDiagnostic.cs(16,19): warning SA1623: The property's documentation summary text should begin with: 'Gets or sets' (https://github.com/DotNetAnalyzers/StyleCopAnalyzers/blob/master/documentation/SA1623.md) [C:\Projects\Hazina\src\Core\Agents\Hazina.AgentFactory\Hazina.AgentFactory.csproj::TargetFramework=net8.0]
C:\Projects\Hazina\src\Core\Agents\Hazina.AgentFactory\Configuration\Validation\ValidationDiagnostic.cs(26,20): warning SA1623: The property's documentation summary text should begin with: 'Gets or sets' (https://github.com/DotNetAnalyzers/StyleCopAnalyzers/blob/master/documentation/SA1623.md) [C:\Projects\Hazina\src\Core\Agents\Hazina.AgentFactory\Hazina.AgentFactory.csproj::TargetFramework=net8.0]
C:\Projects\Hazina\src\Core\Agents\Hazina.AgentFactory\Configuration\Validation\ValidationDiagnostic.cs(11,31): warning SA1623: The property's documentation summary text should begin with: 'Gets or sets' (https://github.com/DotNetAnalyzers/StyleCopAnalyzers/blob/master/documentation/SA1623.md) [C:\Projects\Hazina\src\Core\Agents\Hazina.AgentFactory\Hazina.AgentFactory.csproj::TargetFramework=net8.0]
C:\Projects\Hazina\src\Core\Agents\Hazina.AgentFactory\Configuration\Validation\ValidationDiagnostic.cs(48,13): warning MA0048: File name must match type name (https://github.com/meziantou/Meziantou.Analyzer/blob/main/docs/Rules/MA0048.md) [C:\Projects\Hazina\src\Core\Agents\Hazina.AgentFactory\Hazina.AgentFactory.csproj::TargetFramework=net8.0]
C:\Projects\Hazina\src\Core\Agents\Hazina.AgentFactory\Configuration\Validation\ValidationDiagnostic.cs(36,17): warning SA1623: The property's documentation summary text should begin with: 'Gets or sets' (https://github.com/DotNetAnalyzers/StyleCopAnalyzers/blob/master/documentation/SA1623.md) [C:\Projects\Hazina\src\Core\Agents\Hazina.AgentFactory\Hazina.AgentFactory.csproj::TargetFramework=net8.0]
C:\Projects\Hazina\src\Core\Agents\Hazina.AgentFactory\Configuration\Validation\ValidationDiagnostic.cs(31,17): warning SA1623: The property's documentation summary text should begin with: 'Gets or sets' (https://github.com/DotNetAnalyzers/StyleCopAnalyzers/blob/master/documentation/SA1623.md) [C:\Projects\Hazina\src\Core\Agents\Hazina.AgentFactory\Hazina.AgentFactory.csproj::TargetFramework=net8.0]
C:\Projects\Hazina\src\Core\Agents\Hazina.AgentFactory\Models\FlowCardModels.cs(2,1): warning SA1210: Using directives should be ordered alphabetically by the namespaces (https://github.com/DotNetAnalyzers/StyleCopAnalyzers/blob/master/documentation/SA1210.md) [C:\Projects\Hazina\src\Core\Agents\Hazina.AgentFactory\Hazina.AgentFactory.csproj::TargetFramework=net8.0]
C:\Projects\Hazina\src\Core\Agents\Hazina.AgentFactory\Models\FlowCardModels.cs(5,1): warning SA1210: Using directives should be ordered alphabetically by the namespaces (https://github.com/DotNetAnalyzers/StyleCopAnalyzers/blob/master/documentation/SA1210.md) [C:\Projects\Hazina\src\Core\Agents\Hazina.AgentFactory\Hazina.AgentFactory.csproj::TargetFramework=net8.0]
C:\Projects\Hazina\src\Core\Agents\Hazina.AgentFactory\Models\FlowCardModels.cs(79,25): warning CA2227: Change 'AllAgents' to be read-only by removing the property setter (https://learn.microsoft.com/dotnet/fundamentals/code-analysis/quality-rules/ca2227) [C:\Projects\Hazina\src\Core\Agents\Hazina.AgentFactory\Hazina.AgentFactory.csproj::TargetFramework=net8.0]
C:\Projects\Hazina\src\Core\Agents\Hazina.AgentFactory\Models\FlowCardModels.cs(79,25): warning CA1002: Change 'List<string>' in 'FlowCardsBindingModel.AllAgents' to use 'Collection<T>', 'ReadOnlyCollection<T>' or 'KeyedCollection<K,V>' (https://learn.microsoft.com/dotnet/fundamentals/code-analysis/quality-rules/ca1002) [C:\Projects\Hazina\src\Core\Agents\Hazina.AgentFactory\Hazina.AgentFactory.csproj::TargetFramework=net8.0]
C:\Projects\Hazina\src\Core\Agents\Hazina.AgentFactory\Models\FlowCardModels.cs(79,12): warning MA0016: Prefer using collection abstraction instead of implementation (https://github.com/meziantou/Meziantou.Analyzer/blob/main/docs/Rules/MA0016.md) [C:\Projects\Hazina\src\Core\Agents\Hazina.AgentFactory\Hazina.AgentFactory.csproj::TargetFramework=net8.0]
C:\Projects\Hazina\src\Core\Agents\Hazina.AgentFactory\Models\FlowCardModels.cs(76,14): warning CA1050: Declare types in namespaces (https://learn.microsoft.com/dotnet/fundamentals/code-analysis/quality-rules/ca1050) [C:\Projects\Hazina\src\Core\Agents\Hazina.AgentFactory\Hazina.AgentFactory.csproj::TargetFramework=net8.0]
C:\Projects\Hazina\src\Core\Agents\Hazina.AgentFactory\Models\FlowCardModels.cs(76,14): warning MA0047: Declare type 'FlowCardsBindingModel' in a namespace (https://github.com/meziantou/Meziantou.Analyzer/blob/main/docs/Rules/MA0047.md) [C:\Projects\Hazina\src\Core\Agents\Hazina.AgentFactory\Hazina.AgentFactory.csproj::TargetFramework=net8.0]
C:\Projects\Hazina\src\Core\Agents\Hazina.AgentFactory\Models\FlowCardModels.cs(76,14): warning MA0048: File name must match type name (https://github.com/meziantou/Meziantou.Analyzer/blob/main/docs/Rules/MA0048.md) [C:\Projects\Hazina\src\Core\Agents\Hazina.AgentFactory\Hazina.AgentFactory.csproj::TargetFramework=net8.0]
C:\Projects\Hazina\src\Core\Agents\Hazina.AgentFactory\Models\FlowCardModels.cs(78,48): warning CA2227: Change 'Cards' to be read-only by removing the property setter (https://learn.microsoft.com/dotnet/fundamentals/code-analysis/quality-rules/ca2227) [C:\Projects\Hazina\src\Core\Agents\Hazina.AgentFactory\Hazina.AgentFactory.csproj::TargetFramework=net8.0]
C:\Projects\Hazina\src\Core\Agents\Hazina.AgentFactory\Models\AgentCardModel.cs(6,14): warning CA1050: Declare types in namespaces (https://learn.microsoft.com/dotnet/fundamentals/code-analysis/quality-rules/ca1050) [C:\Projects\Hazina\src\Core\Agents\Hazina.AgentFactory\Hazina.AgentFactory.csproj::TargetFramework=net8.0]
C:\Projects\Hazina\src\Core\Agents\Hazina.AgentFactory\Models\GitOutput.cs(58,21): warning CA1050: Declare types in namespaces (https://learn.microsoft.com/dotnet/fundamentals/code-analysis/quality-rules/ca1050) [C:\Projects\Hazina\src\Core\Agents\Hazina.AgentFactory\Hazina.AgentFactory.csproj::TargetFramework=net8.0]
C:\Projects\Hazina\src\Core\Agents\Hazina.AgentFactory\Models\GitOutput.cs(6,21): warning CA1050: Declare types in namespaces (https://learn.microsoft.com/dotnet/fundamentals/code-analysis/quality-rules/ca1050) [C:\Projects\Hazina\src\Core\Agents\Hazina.AgentFactory\Hazina.AgentFactory.csproj::TargetFramework=net8.0]
C:\Projects\Hazina\src\Core\Agents\Hazina.AgentFactory\Models\GitOutput.cs(58,21): warning MA0047: Declare type 'NpmOutput' in a namespace (https://github.com/meziantou/Meziantou.Analyzer/blob/main/docs/Rules/MA0047.md) [C:\Projects\Hazina\src\Core\Agents\Hazina.AgentFactory\Hazina.AgentFactory.csproj::TargetFramework=net8.0]
C:\Projects\Hazina\src\Core\Agents\Hazina.AgentFactory\Models\GitOutput.cs(6,21): warning MA0047: Declare type 'GitOutput' in a namespace (https://github.com/meziantou/Meziantou.Analyzer/blob/main/docs/Rules/MA0047.md) [C:\Projects\Hazina\src\Core\Agents\Hazina.AgentFactory\Hazina.AgentFactory.csproj::TargetFramework=net8.0]
C:\Projects\Hazina\src\Core\Agents\Hazina.AgentFactory\Models\GitOutput.cs(58,21): warning MA0048: File name must match type name (https://github.com/meziantou/Meziantou.Analyzer/blob/main/docs/Rules/MA0048.md) [C:\Projects\Hazina\src\Core\Agents\Hazina.AgentFactory\Hazina.AgentFactory.csproj::TargetFramework=net8.0]
C:\Projects\Hazina\src\Core\Agents\Hazina.AgentFactory\Models\AgentCardModel.cs(6,14): warning MA0047: Declare type 'AgentCardModel' in a namespace (https://github.com/meziantou/Meziantou.Analyzer/blob/main/docs/Rules/MA0047.md) [C:\Projects\Hazina\src\Core\Agents\Hazina.AgentFactory\Hazina.AgentFactory.csproj::TargetFramework=net8.0]
C:\Projects\Hazina\src\Core\Agents\Hazina.AgentFactory\Models\GitOutput.cs(111,21): warning CA1050: Declare types in namespaces (https://learn.microsoft.com/dotnet/fundamentals/code-analysis/quality-rules/ca1050) [C:\Projects\Hazina\src\Core\Agents\Hazina.AgentFactory\Hazina.AgentFactory.csproj::TargetFramework=net8.0]
C:\Projects\Hazina\src\Core\Agents\Hazina.AgentFactory\Services\BigQuery\IBigQueryService.cs(11,1): warning SA1516: Elements should be separated by blank line (https://github.com/DotNetAnalyzers/StyleCopAnalyzers/blob/master/documentation/SA1516.md) [C:\Projects\Hazina\src\Core\Agents\Hazina.AgentFactory\Hazina.AgentFactory.csproj::TargetFramework=net8.0]
C:\Projects\Hazina\src\Core\Agents\Hazina.AgentFactory\Services\BigQuery\IBigQueryService.cs(12,1): warning SA1516: Elements should be separated by blank line (https://github.com/DotNetAnalyzers/StyleCopAnalyzers/blob/master/documentation/SA1516.md) [C:\Projects\Hazina\src\Core\Agents\Hazina.AgentFactory\Hazina.AgentFactory.csproj::TargetFramework=net8.0]
C:\Projects\Hazina\src\Core\Agents\Hazina.AgentFactory\Services\BigQuery\IBigQueryService.cs(13,1): warning SA1516: Elements should be separated by blank line (https://github.com/DotNetAnalyzers/StyleCopAnalyzers/blob/master/documentation/SA1516.md) [C:\Projects\Hazina\src\Core\Agents\Hazina.AgentFactory\Hazina.AgentFactory.csproj::TargetFramework=net8.0]
C:\Projects\Hazina\src\Core\Agents\Hazina.AgentFactory\Services\BigQuery\IBigQueryService.cs(14,1): warning SA1516: Elements should be separated by blank line (https://github.com/DotNetAnalyzers/StyleCopAnalyzers/blob/master/documentation/SA1516.md) [C:\Projects\Hazina\src\Core\Agents\Hazina.AgentFactory\Hazina.AgentFactory.csproj::TargetFramework=net8.0]
C:\Projects\Hazina\src\Core\Agents\Hazina.AgentFactory\Models\GitOutput.cs(111,21): warning MA0047: Declare type 'DotNetOutput' in a namespace (https://github.com/meziantou/Meziantou.Analyzer/blob/main/docs/Rules/MA0047.md) [C:\Projects\Hazina\src\Core\Agents\Hazina.AgentFactory\Hazina.AgentFactory.csproj::TargetFramework=net8.0]
C:\Projects\Hazina\src\Core\Agents\Hazina.AgentFactory\Models\GitOutput.cs(111,21): warning MA0048: File name must match type name (https://github.com/meziantou/Meziantou.Analyzer/blob/main/docs/Rules/MA0048.md) [C:\Projects\Hazina\src\Core\Agents\Hazina.AgentFactory\Hazina.AgentFactory.csproj::TargetFramework=net8.0]
C:\Projects\Hazina\src\Core\Agents\Hazina.AgentFactory\Models\FlowCardModels.cs(76,14): warning S3903: Move 'FlowCardsBindingModel' into a named namespace. (https://rules.sonarsource.com/csharp/RSPEC-3903) [C:\Projects\Hazina\src\Core\Agents\Hazina.AgentFactory\Hazina.AgentFactory.csproj::TargetFramework=net8.0]
C:\Projects\Hazina\src\Core\Agents\Hazina.AgentFactory\Models\GitOutput.cs(111,21): warning S3903: Move 'DotNetOutput' into a named namespace. (https://rules.sonarsource.com/csharp/RSPEC-3903) [C:\Projects\Hazina\src\Core\Agents\Hazina.AgentFactory\Hazina.AgentFactory.csproj::TargetFramework=net8.0]
C:\Projects\Hazina\src\Core\Agents\Hazina.AgentFactory\Models\GitOutput.cs(6,21): warning S3903: Move 'GitOutput' into a named namespace. (https://rules.sonarsource.com/csharp/RSPEC-3903) [C:\Projects\Hazina\src\Core\Agents\Hazina.AgentFactory\Hazina.AgentFactory.csproj::TargetFramework=net8.0]
C:\Projects\Hazina\src\Core\Agents\Hazina.AgentFactory\Models\GitOutput.cs(58,21): warning S3903: Move 'NpmOutput' into a named namespace. (https://rules.sonarsource.com/csharp/RSPEC-3903) [C:\Projects\Hazina\src\Core\Agents\Hazina.AgentFactory\Hazina.AgentFactory.csproj::TargetFramework=net8.0]
C:\Projects\Hazina\src\Core\Agents\Hazina.AgentFactory\Models\StoreEntry.cs(5,14): warning CA1050: Declare types in namespaces (https://learn.microsoft.com/dotnet/fundamentals/code-analysis/quality-rules/ca1050) [C:\Projects\Hazina\src\Core\Agents\Hazina.AgentFactory\Hazina.AgentFactory.csproj::TargetFramework=net8.0]
C:\Projects\Hazina\src\Core\Agents\Hazina.AgentFactory\Models\StoreEntry.cs(5,14): warning MA0047: Declare type 'StoreEntry' in a namespace (https://github.com/meziantou/Meziantou.Analyzer/blob/main/docs/Rules/MA0047.md) [C:\Projects\Hazina\src\Core\Agents\Hazina.AgentFactory\Hazina.AgentFactory.csproj::TargetFramework=net8.0]
C:\Projects\Hazina\src\Core\Agents\Hazina.AgentFactory\Models\FlowCardModels.cs(74,70): warning SA1629: Documentation text should end with a period (https://github.com/DotNetAnalyzers/StyleCopAnalyzers/blob/master/documentation/SA1629.md) [C:\Projects\Hazina\src\Core\Agents\Hazina.AgentFactory\Hazina.AgentFactory.csproj::TargetFramework=net8.0]
C:\Projects\Hazina\src\Core\Agents\Hazina.AgentFactory\Models\FlowCardModels.cs(79,1): warning SA1516: Elements should be separated by blank line (https://github.com/DotNetAnalyzers/StyleCopAnalyzers/blob/master/documentation/SA1516.md) [C:\Projects\Hazina\src\Core\Agents\Hazina.AgentFactory\Hazina.AgentFactory.csproj::TargetFramework=net8.0]
C:\Projects\Hazina\src\Core\Agents\Hazina.AgentFactory\Models\FlowCardModels.cs(82,1): warning SA1516: Elements should be separated by blank line (https://github.com/DotNetAnalyzers/StyleCopAnalyzers/blob/master/documentation/SA1516.md) [C:\Projects\Hazina\src\Core\Agents\Hazina.AgentFactory\Hazina.AgentFactory.csproj::TargetFramework=net8.0]
C:\Projects\Hazina\src\Core\Agents\Hazina.AgentFactory\Models\FlowCardModels.cs(94,1): warning SA1516: Elements should be separated by blank line (https://github.com/DotNetAnalyzers/StyleCopAnalyzers/blob/master/documentation/SA1516.md) [C:\Projects\Hazina\src\Core\Agents\Hazina.AgentFactory\Hazina.AgentFactory.csproj::TargetFramework=net8.0]
C:\Projects\Hazina\src\Core\Agents\Hazina.AgentFactory\Models\FlowCardModels.cs(95,1): warning SA1516: Elements should be separated by blank line (https://github.com/DotNetAnalyzers/StyleCopAnalyzers/blob/master/documentation/SA1516.md) [C:\Projects\Hazina\src\Core\Agents\Hazina.AgentFactory\Hazina.AgentFactory.csproj::TargetFramework=net8.0]
C:\Projects\Hazina\src\Core\Agents\Hazina.AgentFactory\Models\FlowCardModels.cs(136,1): warning SA1516: Elements should be separated by blank line (https://github.com/DotNetAnalyzers/StyleCopAnalyzers/blob/master/documentation/SA1516.md) [C:\Projects\Hazina\src\Core\Agents\Hazina.AgentFactory\Hazina.AgentFactory.csproj::TargetFramework=net8.0]
C:\Projects\Hazina\src\Core\Agents\Hazina.AgentFactory\Models\AgentCardModel.cs(17,35): warning CA1805: Member 'newStoreWritable' is explicitly initialized to its default value (https://learn.microsoft.com/dotnet/fundamentals/code-analysis/quality-rules/ca1805) [C:\Projects\Hazina\src\Core\Agents\Hazina.AgentFactory\Hazina.AgentFactory.csproj::TargetFramework=net8.0]
C:\Projects\Hazina\src\Core\Agents\Hazina.AgentFactory\Models\AgentCardModel.cs(6,14): warning S3903: Move 'AgentCardModel' into a named namespace. (https://rules.sonarsource.com/csharp/RSPEC-3903) [C:\Projects\Hazina\src\Core\Agents\Hazina.AgentFactory\Hazina.AgentFactory.csproj::TargetFramework=net8.0]
C:\Projects\Hazina\src\Core\Agents\Hazina.AgentFactory\Models\StoreEntry.cs(5,14): warning S3903: Move 'StoreEntry' into a named namespace. (https://rules.sonarsource.com/csharp/RSPEC-3903) [C:\Projects\Hazina\src\Core\Agents\Hazina.AgentFactory\Hazina.AgentFactory.csproj::TargetFramework=net8.0]
C:\Projects\Hazina\src\Core\Agents\Hazina.AgentFactory\Models\AgentCardModel.cs(26,43): warning CA2227: Change 'Stores' to be read-only by removing the property setter (https://learn.microsoft.com/dotnet/fundamentals/code-analysis/quality-rules/ca2227) [C:\Projects\Hazina\src\Core\Agents\Hazina.AgentFactory\Hazina.AgentFactory.csproj::TargetFramework=net8.0]
C:\Projects\Hazina\src\Core\Agents\Hazina.AgentFactory\Models\AgentCardModel.cs(21,29): warning CA1805: Member 'isExpanded' is explicitly initialized to its default value (https://learn.microsoft.com/dotnet/fundamentals/code-analysis/quality-rules/ca1805) [C:\Projects\Hazina\src\Core\Agents\Hazina.AgentFactory\Hazina.AgentFactory.csproj::TargetFramework=net8.0]
C:\Projects\Hazina\src\Core\Agents\Hazina.AgentFactory\Models\AgentCardModel.cs(3,1): warning SA1514: Element documentation header should be preceded by blank line (https://github.com/DotNetAnalyzers/StyleCopAnalyzers/blob/master/documentation/SA1514.md) [C:\Projects\Hazina\src\Core\Agents\Hazina.AgentFactory\Hazina.AgentFactory.csproj::TargetFramework=net8.0]
C:\Projects\Hazina\src\Core\Agents\Hazina.AgentFactory\Models\AgentCardModel.cs(24,1): warning SA1516: Elements should be separated by blank line (https://github.com/DotNetAnalyzers/StyleCopAnalyzers/blob/master/documentation/SA1516.md) [C:\Projects\Hazina\src\Core\Agents\Hazina.AgentFactory\Hazina.AgentFactory.csproj::TargetFramework=net8.0]
C:\Projects\Hazina\src\Core\Agents\Hazina.AgentFactory\Models\AgentCardModel.cs(25,1): warning SA1516: Elements should be separated by blank line (https://github.com/DotNetAnalyzers/StyleCopAnalyzers/blob/master/documentation/SA1516.md) [C:\Projects\Hazina\src\Core\Agents\Hazina.AgentFactory\Hazina.AgentFactory.csproj::TargetFramework=net8.0]
C:\Projects\Hazina\src\Core\Agents\Hazina.AgentFactory\Models\AgentCardModel.cs(26,1): warning SA1516: Elements should be separated by blank line (https://github.com/DotNetAnalyzers/StyleCopAnalyzers/blob/master/documentation/SA1516.md) [C:\Projects\Hazina\src\Core\Agents\Hazina.AgentFactory\Hazina.AgentFactory.csproj::TargetFramework=net8.0]
C:\Projects\Hazina\src\Core\Agents\Hazina.AgentFactory\Models\AgentCardModel.cs(27,1): warning SA1516: Elements should be separated by blank line (https://github.com/DotNetAnalyzers/StyleCopAnalyzers/blob/master/documentation/SA1516.md) [C:\Projects\Hazina\src\Core\Agents\Hazina.AgentFactory\Hazina.AgentFactory.csproj::TargetFramework=net8.0]
C:\Projects\Hazina\src\Core\Agents\Hazina.AgentFactory\Models\AgentCardModel.cs(28,1): warning SA1516: Elements should be separated by blank line (https://github.com/DotNetAnalyzers/StyleCopAnalyzers/blob/master/documentation/SA1516.md) [C:\Projects\Hazina\src\Core\Agents\Hazina.AgentFactory\Hazina.AgentFactory.csproj::TargetFramework=net8.0]
C:\Projects\Hazina\src\Core\Agents\Hazina.AgentFactory\Models\AgentCardModel.cs(29,1): warning SA1516: Elements should be separated by blank line (https://github.com/DotNetAnalyzers/StyleCopAnalyzers/blob/master/documentation/SA1516.md) [C:\Projects\Hazina\src\Core\Agents\Hazina.AgentFactory\Hazina.AgentFactory.csproj::TargetFramework=net8.0]
C:\Projects\Hazina\src\Core\Agents\Hazina.AgentFactory\Models\AgentCardModel.cs(30,1): warning SA1516: Elements should be separated by blank line (https://github.com/DotNetAnalyzers/StyleCopAnalyzers/blob/master/documentation/SA1516.md) [C:\Projects\Hazina\src\Core\Agents\Hazina.AgentFactory\Hazina.AgentFactory.csproj::TargetFramework=net8.0]
C:\Projects\Hazina\src\Core\Agents\Hazina.AgentFactory\Models\AgentCardModel.cs(31,1): warning SA1516: Elements should be separated by blank line (https://github.com/DotNetAnalyzers/StyleCopAnalyzers/blob/master/documentation/SA1516.md) [C:\Projects\Hazina\src\Core\Agents\Hazina.AgentFactory\Hazina.AgentFactory.csproj::TargetFramework=net8.0]
C:\Projects\Hazina\src\Core\Agents\Hazina.AgentFactory\Models\AgentCardModel.cs(32,1): warning SA1516: Elements should be separated by blank line (https://github.com/DotNetAnalyzers/StyleCopAnalyzers/blob/master/documentation/SA1516.md) [C:\Projects\Hazina\src\Core\Agents\Hazina.AgentFactory\Hazina.AgentFactory.csproj::TargetFramework=net8.0]
C:\Projects\Hazina\src\Core\Agents\Hazina.AgentFactory\Models\AgentCardModel.cs(33,1): warning SA1516: Elements should be separated by blank line (https://github.com/DotNetAnalyzers/StyleCopAnalyzers/blob/master/documentation/SA1516.md) [C:\Projects\Hazina\src\Core\Agents\Hazina.AgentFactory\Hazina.AgentFactory.csproj::TargetFramework=net8.0]
C:\Projects\Hazina\src\Core\Agents\Hazina.AgentFactory\Models\AgentCardModel.cs(34,1): warning SA1516: Elements should be separated by blank line (https://github.com/DotNetAnalyzers/StyleCopAnalyzers/blob/master/documentation/SA1516.md) [C:\Projects\Hazina\src\Core\Agents\Hazina.AgentFactory\Hazina.AgentFactory.csproj::TargetFramework=net8.0]
C:\Projects\Hazina\src\Core\Agents\Hazina.AgentFactory\Models\AgentCardModel.cs(35,1): warning SA1516: Elements should be separated by blank line (https://github.com/DotNetAnalyzers/StyleCopAnalyzers/blob/master/documentation/SA1516.md) [C:\Projects\Hazina\src\Core\Agents\Hazina.AgentFactory\Hazina.AgentFactory.csproj::TargetFramework=net8.0]
C:\Projects\Hazina\src\Core\Agents\Hazina.AgentFactory\Models\AgentCardModel.cs(36,1): warning SA1516: Elements should be separated by blank line (https://github.com/DotNetAnalyzers/StyleCopAnalyzers/blob/master/documentation/SA1516.md) [C:\Projects\Hazina\src\Core\Agents\Hazina.AgentFactory\Hazina.AgentFactory.csproj::TargetFramework=net8.0]
C:\Projects\Hazina\src\Core\Agents\Hazina.AgentFactory\Models\AgentCardModel.cs(39,1): warning SA1516: Elements should be separated by blank line (https://github.com/DotNetAnalyzers/StyleCopAnalyzers/blob/master/documentation/SA1516.md) [C:\Projects\Hazina\src\Core\Agents\Hazina.AgentFactory\Hazina.AgentFactory.csproj::TargetFramework=net8.0]
C:\Projects\Hazina\src\Core\Agents\Hazina.AgentFactory\Models\AgentCardModel.cs(28,41): warning CA2227: Change 'CallsAgents' to be read-only by removing the property setter (https://learn.microsoft.com/dotnet/fundamentals/code-analysis/quality-rules/ca2227) [C:\Projects\Hazina\src\Core\Agents\Hazina.AgentFactory\Hazina.AgentFactory.csproj::TargetFramework=net8.0]
C:\Projects\Hazina\src\Core\Agents\Hazina.AgentFactory\Models\AgentCardModel.cs(29,41): warning CA2227: Change 'CallsFlows' to be read-only by removing the property setter (https://learn.microsoft.com/dotnet/fundamentals/code-analysis/quality-rules/ca2227) [C:\Projects\Hazina\src\Core\Agents\Hazina.AgentFactory\Hazina.AgentFactory.csproj::TargetFramework=net8.0]
C:\Projects\Hazina\src\Core\Agents\Hazina.AgentFactory\Models\StoreEntry.cs(2,1): warning SA1514: Element documentation header should be preceded by blank line (https://github.com/DotNetAnalyzers/StyleCopAnalyzers/blob/master/documentation/SA1514.md) [C:\Projects\Hazina\src\Core\Agents\Hazina.AgentFactory\Hazina.AgentFactory.csproj::TargetFramework=net8.0]
C:\Projects\Hazina\src\Core\Agents\Hazina.AgentFactory\Models\StoreEntry.cs(9,1): warning SA1516: Elements should be separated by blank line (https://github.com/DotNetAnalyzers/StyleCopAnalyzers/blob/master/documentation/SA1516.md) [C:\Projects\Hazina\src\Core\Agents\Hazina.AgentFactory\Hazina.AgentFactory.csproj::TargetFramework=net8.0]
C:\Projects\Hazina\src\Core\Agents\Hazina.AgentFactory\Models\StoreEntry.cs(14,1): warning SA1516: Elements should be separated by blank line (https://github.com/DotNetAnalyzers/StyleCopAnalyzers/blob/master/documentation/SA1516.md) [C:\Projects\Hazina\src\Core\Agents\Hazina.AgentFactory\Hazina.AgentFactory.csproj::TargetFramework=net8.0]
C:\Projects\Hazina\src\Core\Agents\Hazina.AgentFactory\Models\StoreEntry.cs(19,1): warning SA1516: Elements should be separated by blank line (https://github.com/DotNetAnalyzers/StyleCopAnalyzers/blob/master/documentation/SA1516.md) [C:\Projects\Hazina\src\Core\Agents\Hazina.AgentFactory\Hazina.AgentFactory.csproj::TargetFramework=net8.0]
C:\Projects\Hazina\src\Core\Agents\Hazina.AgentFactory\Models\StoreEntry.cs(20,1): warning SA1516: Elements should be separated by blank line (https://github.com/DotNetAnalyzers/StyleCopAnalyzers/blob/master/documentation/SA1516.md) [C:\Projects\Hazina\src\Core\Agents\Hazina.AgentFactory\Hazina.AgentFactory.csproj::TargetFramework=net8.0]
C:\Projects\Hazina\src\Core\Agents\Hazina.AgentFactory\Models\AgentCardModel.cs(27,41): warning CA2227: Change 'Functions' to be read-only by removing the property setter (https://learn.microsoft.com/dotnet/fundamentals/code-analysis/quality-rules/ca2227) [C:\Projects\Hazina\src\Core\Agents\Hazina.AgentFactory\Hazina.AgentFactory.csproj::TargetFramework=net8.0]
C:\Projects\Hazina\src\Core\Agents\Hazina.AgentFactory\Models\StorePaths.cs(2,14): warning CA1050: Declare types in namespaces (https://learn.microsoft.com/dotnet/fundamentals/code-analysis/quality-rules/ca1050) [C:\Projects\Hazina\src\Core\Agents\Hazina.AgentFactory\Hazina.AgentFactory.csproj::TargetFramework=net8.0]
C:\Projects\Hazina\src\Core\Agents\Hazina.AgentFactory\Services\Email\EmailDetail.cs(9,1): warning SA1516: Elements should be separated by blank line (https://github.com/DotNetAnalyzers/StyleCopAnalyzers/blob/master/documentation/SA1516.md) [C:\Projects\Hazina\src\Core\Agents\Hazina.AgentFactory\Hazina.AgentFactory.csproj::TargetFramework=net8.0]
C:\Projects\Hazina\src\Core\Agents\Hazina.AgentFactory\Services\Email\EmailDetail.cs(10,1): warning SA1516: Elements should be separated by blank line (https://github.com/DotNetAnalyzers/StyleCopAnalyzers/blob/master/documentation/SA1516.md) [C:\Projects\Hazina\src\Core\Agents\Hazina.AgentFactory\Hazina.AgentFactory.csproj::TargetFramework=net8.0]
C:\Projects\Hazina\src\Core\Agents\Hazina.AgentFactory\Models\StorePaths.cs(2,14): warning MA0047: Declare type 'StorePaths' in a namespace (https://github.com/meziantou/Meziantou.Analyzer/blob/main/docs/Rules/MA0047.md) [C:\Projects\Hazina\src\Core\Agents\Hazina.AgentFactory\Hazina.AgentFactory.csproj::TargetFramework=net8.0]
C:\Projects\Hazina\src\Core\Agents\Hazina.AgentFactory\Models\StorePaths.cs(2,14): warning S3903: Move 'StorePaths' into a named namespace. (https://rules.sonarsource.com/csharp/RSPEC-3903) [C:\Projects\Hazina\src\Core\Agents\Hazina.AgentFactory\Hazina.AgentFactory.csproj::TargetFramework=net8.0]
C:\Projects\Hazina\src\Core\Agents\Hazina.AgentFactory\Models\StorePaths.cs(13,19): warning CA1051: Do not declare visible instance fields (https://learn.microsoft.com/dotnet/fundamentals/code-analysis/quality-rules/ca1051) [C:\Projects\Hazina\src\Core\Agents\Hazina.AgentFactory\Hazina.AgentFactory.csproj::TargetFramework=net8.0]
C:\Projects\Hazina\src\Core\Agents\Hazina.AgentFactory\Models\StorePaths.cs(13,19): warning SA1401: Field should be private (https://github.com/DotNetAnalyzers/StyleCopAnalyzers/blob/master/documentation/SA1401.md) [C:\Projects\Hazina\src\Core\Agents\Hazina.AgentFactory\Hazina.AgentFactory.csproj::TargetFramework=net8.0]
C:\Projects\Hazina\src\Core\Agents\Hazina.AgentFactory\Models\StorePaths.cs(14,19): warning CA1051: Do not declare visible instance fields (https://learn.microsoft.com/dotnet/fundamentals/code-analysis/quality-rules/ca1051) [C:\Projects\Hazina\src\Core\Agents\Hazina.AgentFactory\Hazina.AgentFactory.csproj::TargetFramework=net8.0]
C:\Projects\Hazina\src\Core\Agents\Hazina.AgentFactory\Models\StorePaths.cs(13,1): warning SA1516: Elements should be separated by blank line (https://github.com/DotNetAnalyzers/StyleCopAnalyzers/blob/master/documentation/SA1516.md) [C:\Projects\Hazina\src\Core\Agents\Hazina.AgentFactory\Hazina.AgentFactory.csproj::TargetFramework=net8.0]
C:\Projects\Hazina\src\Core\Agents\Hazina.AgentFactory\Models\StorePaths.cs(14,19): warning SA1401: Field should be private (https://github.com/DotNetAnalyzers/StyleCopAnalyzers/blob/master/documentation/SA1401.md) [C:\Projects\Hazina\src\Core\Agents\Hazina.AgentFactory\Hazina.AgentFactory.csproj::TargetFramework=net8.0]
C:\Projects\Hazina\src\Core\Agents\Hazina.AgentFactory\Models\StorePaths.cs(13,19): warning S1104: Make this field 'private' and encapsulate it in a 'public' property. (https://rules.sonarsource.com/csharp/RSPEC-1104) [C:\Projects\Hazina\src\Core\Agents\Hazina.AgentFactory\Hazina.AgentFactory.csproj::TargetFramework=net8.0]
C:\Projects\Hazina\src\Core\Agents\Hazina.AgentFactory\Models\StorePaths.cs(14,19): warning S1104: Make this field 'private' and encapsulate it in a 'public' property. (https://rules.sonarsource.com/csharp/RSPEC-1104) [C:\Projects\Hazina\src\Core\Agents\Hazina.AgentFactory\Hazina.AgentFactory.csproj::TargetFramework=net8.0]
C:\Projects\Hazina\src\Core\Agents\Hazina.AgentFactory\Models\StorePaths.cs(15,19): warning CA1051: Do not declare visible instance fields (https://learn.microsoft.com/dotnet/fundamentals/code-analysis/quality-rules/ca1051) [C:\Projects\Hazina\src\Core\Agents\Hazina.AgentFactory\Hazina.AgentFactory.csproj::TargetFramework=net8.0]
C:\Projects\Hazina\src\Core\Agents\Hazina.AgentFactory\Models\StorePaths.cs(15,19): warning SA1401: Field should be private (https://github.com/DotNetAnalyzers/StyleCopAnalyzers/blob/master/documentation/SA1401.md) [C:\Projects\Hazina\src\Core\Agents\Hazina.AgentFactory\Hazina.AgentFactory.csproj::TargetFramework=net8.0]
C:\Projects\Hazina\src\Core\Agents\Hazina.AgentFactory\Models\StorePaths.cs(15,19): warning S1104: Make this field 'private' and encapsulate it in a 'public' property. (https://rules.sonarsource.com/csharp/RSPEC-1104) [C:\Projects\Hazina\src\Core\Agents\Hazina.AgentFactory\Hazina.AgentFactory.csproj::TargetFramework=net8.0]
C:\Projects\Hazina\src\Core\Agents\Hazina.AgentFactory\Models\FlowCardModels.cs(11,14): warning CA1050: Declare types in namespaces (https://learn.microsoft.com/dotnet/fundamentals/code-analysis/quality-rules/ca1050) [C:\Projects\Hazina\src\Core\Agents\Hazina.AgentFactory\Hazina.AgentFactory.csproj::TargetFramework=net8.0]
C:\Projects\Hazina\src\Core\Agents\Hazina.AgentFactory\Models\FlowCardModels.cs(11,14): warning MA0047: Declare type 'FlowCardModel' in a namespace (https://github.com/meziantou/Meziantou.Analyzer/blob/main/docs/Rules/MA0047.md) [C:\Projects\Hazina\src\Core\Agents\Hazina.AgentFactory\Hazina.AgentFactory.csproj::TargetFramework=net8.0]
C:\Projects\Hazina\src\Core\Agents\Hazina.AgentFactory\Models\FlowCardModels.cs(11,14): warning MA0048: File name must match type name (https://github.com/meziantou/Meziantou.Analyzer/blob/main/docs/Rules/MA0048.md) [C:\Projects\Hazina\src\Core\Agents\Hazina.AgentFactory\Hazina.AgentFactory.csproj::TargetFramework=net8.0]
C:\Projects\Hazina\src\Core\Agents\Hazina.AgentFactory\Models\FlowCardModels.cs(30,41): warning CA2227: Change 'CallsAgents' to be read-only by removing the property setter (https://learn.microsoft.com/dotnet/fundamentals/code-analysis/quality-rules/ca2227) [C:\Projects\Hazina\src\Core\Agents\Hazina.AgentFactory\Hazina.AgentFactory.csproj::TargetFramework=net8.0]
C:\Projects\Hazina\src\Core\Agents\Hazina.AgentFactory\Core\HazinaFlow.cs(6,25): warning CA2227: Change 'CallsAgents' to be read-only by removing the property setter (https://learn.microsoft.com/dotnet/fundamentals/code-analysis/quality-rules/ca2227) [C:\Projects\Hazina\src\Core\Agents\Hazina.AgentFactory\Hazina.AgentFactory.csproj::TargetFramework=net8.0]
C:\Projects\Hazina\src\Core\Agents\Hazina.AgentFactory\Core\HazinaFlow.cs(6,25): warning CA1002: Change 'List<string>' in 'HazinaFlow.CallsAgents' to use 'Collection<T>', 'ReadOnlyCollection<T>' or 'KeyedCollection<K,V>' (https://learn.microsoft.com/dotnet/fundamentals/code-analysis/quality-rules/ca1002) [C:\Projects\Hazina\src\Core\Agents\Hazina.AgentFactory\Hazina.AgentFactory.csproj::TargetFramework=net8.0]
C:\Projects\Hazina\src\Core\Agents\Hazina.AgentFactory\Core\HazinaFlow.cs(6,12): warning MA0016: Prefer using collection abstraction instead of implementation (https://github.com/meziantou/Meziantou.Analyzer/blob/main/docs/Rules/MA0016.md) [C:\Projects\Hazina\src\Core\Agents\Hazina.AgentFactory\Hazina.AgentFactory.csproj::TargetFramework=net8.0]
C:\Projects\Hazina\src\Core\Agents\Hazina.AgentFactory\Core\HazinaAgent.cs(10,39): warning CA1805: Member 'IsCoder' is explicitly initialized to its default value (https://learn.microsoft.com/dotnet/fundamentals/code-analysis/quality-rules/ca1805) [C:\Projects\Hazina\src\Core\Agents\Hazina.AgentFactory\Hazina.AgentFactory.csproj::TargetFramework=net8.0]
C:\Projects\Hazina\src\Core\Agents\Hazina.AgentFactory\Core\HazinaFlow.cs(6,1): warning SA1516: Elements should be separated by blank line (https://github.com/DotNetAnalyzers/StyleCopAnalyzers/blob/master/documentation/SA1516.md) [C:\Projects\Hazina\src\Core\Agents\Hazina.AgentFactory\Hazina.AgentFactory.csproj::TargetFramework=net8.0]
C:\Projects\Hazina\src\Core\Agents\Hazina.AgentFactory\Core\HazinaFlow.cs(7,1): warning SA1516: Elements should be separated by blank line (https://github.com/DotNetAnalyzers/StyleCopAnalyzers/blob/master/documentation/SA1516.md) [C:\Projects\Hazina\src\Core\Agents\Hazina.AgentFactory\Hazina.AgentFactory.csproj::TargetFramework=net8.0]
C:\Projects\Hazina\src\Core\Agents\Hazina.AgentFactory\Models\FlowCardModels.cs(11,14): warning S3903: Move 'FlowCardModel' into a named namespace. (https://rules.sonarsource.com/csharp/RSPEC-3903) [C:\Projects\Hazina\src\Core\Agents\Hazina.AgentFactory\Hazina.AgentFactory.csproj::TargetFramework=net8.0]
C:\Projects\Hazina\src\Core\Agents\Hazina.AgentFactory\Services\Email\EmailSettings.cs(9,1): warning SA1516: Elements should be separated by blank line (https://github.com/DotNetAnalyzers/StyleCopAnalyzers/blob/master/documentation/SA1516.md) [C:\Projects\Hazina\src\Core\Agents\Hazina.AgentFactory\Hazina.AgentFactory.csproj::TargetFramework=net8.0]
C:\Projects\Hazina\src\Core\Agents\Hazina.AgentFactory\Services\Email\EmailSettings.cs(10,1): warning SA1516: Elements should be separated by blank line (https://github.com/DotNetAnalyzers/StyleCopAnalyzers/blob/master/documentation/SA1516.md) [C:\Projects\Hazina\src\Core\Agents\Hazina.AgentFactory\Hazina.AgentFactory.csproj::TargetFramework=net8.0]
C:\Projects\Hazina\src\Core\Agents\Hazina.AgentFactory\Services\Email\EmailSettings.cs(11,1): warning SA1516: Elements should be separated by blank line (https://github.com/DotNetAnalyzers/StyleCopAnalyzers/blob/master/documentation/SA1516.md) [C:\Projects\Hazina\src\Core\Agents\Hazina.AgentFactory\Hazina.AgentFactory.csproj::TargetFramework=net8.0]
C:\Projects\Hazina\src\Core\Agents\Hazina.AgentFactory\Services\Email\EmailSettings.cs(12,1): warning SA1516: Elements should be separated by blank line (https://github.com/DotNetAnalyzers/StyleCopAnalyzers/blob/master/documentation/SA1516.md) [C:\Projects\Hazina\src\Core\Agents\Hazina.AgentFactory\Hazina.AgentFactory.csproj::TargetFramework=net8.0]
C:\Projects\Hazina\src\Core\Agents\Hazina.AgentFactory\Services\Email\EmailSettings.cs(13,1): warning SA1516: Elements should be separated by blank line (https://github.com/DotNetAnalyzers/StyleCopAnalyzers/blob/master/documentation/SA1516.md) [C:\Projects\Hazina\src\Core\Agents\Hazina.AgentFactory\Hazina.AgentFactory.csproj::TargetFramework=net8.0]
C:\Projects\Hazina\src\Core\Agents\Hazina.AgentFactory\Services\Email\EmailSettings.cs(14,1): warning SA1516: Elements should be separated by blank line (https://github.com/DotNetAnalyzers/StyleCopAnalyzers/blob/master/documentation/SA1516.md) [C:\Projects\Hazina\src\Core\Agents\Hazina.AgentFactory\Hazina.AgentFactory.csproj::TargetFramework=net8.0]
C:\Projects\Hazina\src\Core\Agents\Hazina.AgentFactory\Services\Email\EmailSettings.cs(15,1): warning SA1516: Elements should be separated by blank line (https://github.com/DotNetAnalyzers/StyleCopAnalyzers/blob/master/documentation/SA1516.md) [C:\Projects\Hazina\src\Core\Agents\Hazina.AgentFactory\Hazina.AgentFactory.csproj::TargetFramework=net8.0]
C:\Projects\Hazina\src\Core\Agents\Hazina.AgentFactory\Services\Email\EmailSettings.cs(16,1): warning SA1516: Elements should be separated by blank line (https://github.com/DotNetAnalyzers/StyleCopAnalyzers/blob/master/documentation/SA1516.md) [C:\Projects\Hazina\src\Core\Agents\Hazina.AgentFactory\Hazina.AgentFactory.csproj::TargetFramework=net8.0]
C:\Projects\Hazina\src\Core\Agents\Hazina.AgentFactory\Core\HazinaAgent.cs(8,1): warning SA1516: Elements should be separated by blank line (https://github.com/DotNetAnalyzers/StyleCopAnalyzers/blob/master/documentation/SA1516.md) [C:\Projects\Hazina\src\Core\Agents\Hazina.AgentFactory\Hazina.AgentFactory.csproj::TargetFramework=net8.0]
C:\Projects\Hazina\src\Core\Agents\Hazina.AgentFactory\Core\HazinaAgent.cs(9,1): warning SA1516: Elements should be separated by blank line (https://github.com/DotNetAnalyzers/StyleCopAnalyzers/blob/master/documentation/SA1516.md) [C:\Projects\Hazina\src\Core\Agents\Hazina.AgentFactory\Hazina.AgentFactory.csproj::TargetFramework=net8.0]
C:\Projects\Hazina\src\Core\Agents\Hazina.AgentFactory\Core\HazinaAgent.cs(10,1): warning SA1516: Elements should be separated by blank line (https://github.com/DotNetAnalyzers/StyleCopAnalyzers/blob/master/documentation/SA1516.md) [C:\Projects\Hazina\src\Core\Agents\Hazina.AgentFactory\Hazina.AgentFactory.csproj::TargetFramework=net8.0]
C:\Projects\Hazina\src\Core\Agents\Hazina.AgentFactory\Models\IsReadyResult.cs(3,14): warning CA1050: Declare types in namespaces (https://learn.microsoft.com/dotnet/fundamentals/code-analysis/quality-rules/ca1050) [C:\Projects\Hazina\src\Core\Agents\Hazina.AgentFactory\Hazina.AgentFactory.csproj::TargetFramework=net8.0]
C:\Projects\Hazina\src\Core\Agents\Hazina.AgentFactory\Models\IsReadyResult.cs(3,14): warning MA0047: Declare type 'IsReadyResult' in a namespace (https://github.com/meziantou/Meziantou.Analyzer/blob/main/docs/Rules/MA0047.md) [C:\Projects\Hazina\src\Core\Agents\Hazina.AgentFactory\Hazina.AgentFactory.csproj::TargetFramework=net8.0]
C:\Projects\Hazina\src\Core\Agents\Hazina.AgentFactory\Models\IsReadyResult.cs(3,14): warning S3903: Move 'IsReadyResult' into a named namespace. (https://rules.sonarsource.com/csharp/RSPEC-3903) [C:\Projects\Hazina\src\Core\Agents\Hazina.AgentFactory\Hazina.AgentFactory.csproj::TargetFramework=net8.0]
C:\Projects\Hazina\src\Core\Agents\Hazina.AgentFactory\Models\IsReadyResult.cs(6,1): warning SA1516: Elements should be separated by blank line (https://github.com/DotNetAnalyzers/StyleCopAnalyzers/blob/master/documentation/SA1516.md) [C:\Projects\Hazina\src\Core\Agents\Hazina.AgentFactory\Hazina.AgentFactory.csproj::TargetFramework=net8.0]
C:\Projects\Hazina\src\Core\Agents\Hazina.AgentFactory\Models\IsReadyResult.cs(7,1): warning SA1516: Elements should be separated by blank line (https://github.com/DotNetAnalyzers/StyleCopAnalyzers/blob/master/documentation/SA1516.md) [C:\Projects\Hazina\src\Core\Agents\Hazina.AgentFactory\Hazina.AgentFactory.csproj::TargetFramework=net8.0]
C:\Projects\Hazina\src\Core\Agents\Hazina.AgentFactory\Models\IsReadyResult.cs(9,1): warning SA1516: Elements should be separated by blank line (https://github.com/DotNetAnalyzers/StyleCopAnalyzers/blob/master/documentation/SA1516.md) [C:\Projects\Hazina\src\Core\Agents\Hazina.AgentFactory\Hazina.AgentFactory.csproj::TargetFramework=net8.0]
C:\Projects\Hazina\src\Core\Agents\Hazina.AgentFactory\Configuration\Parsers\HazinaStoreConfigParser.cs(1,1): warning SA1633: The file header is missing or not located at the top of the file. (https://github.com/DotNetAnalyzers/StyleCopAnalyzers/blob/master/documentation/SA1633.md) [C:\Projects\Hazina\src\Core\Agents\Hazina.AgentFactory\Hazina.AgentFactory.csproj::TargetFramework=net8.0]
C:\Projects\Hazina\src\Core\Agents\Hazina.AgentFactory\Models\FlowCardModels.cs(57,1): warning SA1516: Elements should be separated by blank line (https://github.com/DotNetAnalyzers/StyleCopAnalyzers/blob/master/documentation/SA1516.md) [C:\Projects\Hazina\src\Core\Agents\Hazina.AgentFactory\Hazina.AgentFactory.csproj::TargetFramework=net8.0]
C:\Projects\Hazina\src\Core\Agents\Hazina.AgentFactory\Services\Email\EmailSummary.cs(9,1): warning SA1516: Elements should be separated by blank line (https://github.com/DotNetAnalyzers/StyleCopAnalyzers/blob/master/documentation/SA1516.md) [C:\Projects\Hazina\src\Core\Agents\Hazina.AgentFactory\Hazina.AgentFactory.csproj::TargetFramework=net8.0]
C:\Projects\Hazina\src\Core\Agents\Hazina.AgentFactory\Services\Email\EmailSummary.cs(10,1): warning SA1516: Elements should be separated by blank line (https://github.com/DotNetAnalyzers/StyleCopAnalyzers/blob/master/documentation/SA1516.md) [C:\Projects\Hazina\src\Core\Agents\Hazina.AgentFactory\Hazina.AgentFactory.csproj::TargetFramework=net8.0]
C:\Projects\Hazina\src\Core\Agents\Hazina.AgentFactory\Services\Email\EmailSummary.cs(11,1): warning SA1516: Elements should be separated by blank line (https://github.com/DotNetAnalyzers/StyleCopAnalyzers/blob/master/documentation/SA1516.md) [C:\Projects\Hazina\src\Core\Agents\Hazina.AgentFactory\Hazina.AgentFactory.csproj::TargetFramework=net8.0]
C:\Projects\Hazina\src\Core\Agents\Hazina.AgentFactory\Models\StoreRef.cs(1,14): warning CA1050: Declare types in namespaces (https://learn.microsoft.com/dotnet/fundamentals/code-analysis/quality-rules/ca1050) [C:\Projects\Hazina\src\Core\Agents\Hazina.AgentFactory\Hazina.AgentFactory.csproj::TargetFramework=net8.0]
C:\Projects\Hazina\src\Core\Agents\Hazina.AgentFactory\Models\StoreRef.cs(1,14): warning MA0047: Declare type 'StoreRef' in a namespace (https://github.com/meziantou/Meziantou.Analyzer/blob/main/docs/Rules/MA0047.md) [C:\Projects\Hazina\src\Core\Agents\Hazina.AgentFactory\Hazina.AgentFactory.csproj::TargetFramework=net8.0]
C:\Projects\Hazina\src\Core\Agents\Hazina.AgentFactory\Configuration\Parsers\HazinaStoreConfigParser.cs(22,10): warning SA1513: Closing brace should be followed by blank line (https://github.com/DotNetAnalyzers/StyleCopAnalyzers/blob/master/documentation/SA1513.md) [C:\Projects\Hazina\src\Core\Agents\Hazina.AgentFactory\Hazina.AgentFactory.csproj::TargetFramework=net8.0]
C:\Projects\Hazina\src\Core\Agents\Hazina.AgentFactory\Configuration\Parsers\HazinaStoreConfigParser.cs(41,18): warning SA1513: Closing brace should be followed by blank line (https://github.com/DotNetAnalyzers/StyleCopAnalyzers/blob/master/documentation/SA1513.md) [C:\Projects\Hazina\src\Core\Agents\Hazina.AgentFactory\Hazina.AgentFactory.csproj::TargetFramework=net8.0]
C:\Projects\Hazina\src\Core\Agents\Hazina.AgentFactory\Configuration\Parsers\HazinaStoreConfigParser.cs(43,14): warning SA1513: Closing brace should be followed by blank line (https://github.com/DotNetAnalyzers/StyleCopAnalyzers/blob/master/documentation/SA1513.md) [C:\Projects\Hazina\src\Core\Agents\Hazina.AgentFactory\Hazina.AgentFactory.csproj::TargetFramework=net8.0]
C:\Projects\Hazina\src\Core\Agents\Hazina.AgentFactory\Configuration\Parsers\HazinaStoreConfigParser.cs(64,10): warning SA1513: Closing brace should be followed by blank line (https://github.com/DotNetAnalyzers/StyleCopAnalyzers/blob/master/documentation/SA1513.md) [C:\Projects\Hazina\src\Core\Agents\Hazina.AgentFactory\Hazina.AgentFactory.csproj::TargetFramework=net8.0]
C:\Projects\Hazina\src\Core\Agents\Hazina.AgentFactory\Configuration\Parsers\HazinaStoreConfigParser.cs(68,2): warning SA1518: File is required to end with a single newline character (https://github.com/DotNetAnalyzers/StyleCopAnalyzers/blob/master/documentation/SA1518.md) [C:\Projects\Hazina\src\Core\Agents\Hazina.AgentFactory\Hazina.AgentFactory.csproj::TargetFramework=net8.0]
C:\Projects\Hazina\src\Core\Agents\Hazina.AgentFactory\Models\StoreRef.cs(1,14): warning S3903: Move 'StoreRef' into a named namespace. (https://rules.sonarsource.com/csharp/RSPEC-3903) [C:\Projects\Hazina\src\Core\Agents\Hazina.AgentFactory\Hazina.AgentFactory.csproj::TargetFramework=net8.0]
C:\Projects\Hazina\src\Core\Agents\Hazina.AgentFactory\Models\StoreRef.cs(4,37): warning CA1805: Member 'Write' is explicitly initialized to its default value (https://learn.microsoft.com/dotnet/fundamentals/code-analysis/quality-rules/ca1805) [C:\Projects\Hazina\src\Core\Agents\Hazina.AgentFactory\Hazina.AgentFactory.csproj::TargetFramework=net8.0]
C:\Projects\Hazina\src\Core\Agents\Hazina.AgentFactory\Core\StoresAndAgentsAndFlowLoader.cs(5,33): warning CA1051: Do not declare visible instance fields (https://learn.microsoft.com/dotnet/fundamentals/code-analysis/quality-rules/ca1051) [C:\Projects\Hazina\src\Core\Agents\Hazina.AgentFactory\Hazina.AgentFactory.csproj::TargetFramework=net8.0]
C:\Projects\Hazina\src\Core\Agents\Hazina.AgentFactory\Core\StoresAndAgentsAndFlowLoader.cs(5,33): warning CA1002: Change 'List<IDocumentStore>' in 'StoresAndAgentsAndFlowLoader._stores' to use 'Collection<T>', 'ReadOnlyCollection<T>' or 'KeyedCollection<K,V>' (https://learn.microsoft.com/dotnet/fundamentals/code-analysis/quality-rules/ca1002) [C:\Projects\Hazina\src\Core\Agents\Hazina.AgentFactory\Hazina.AgentFactory.csproj::TargetFramework=net8.0]
C:\Projects\Hazina\src\Core\Agents\Hazina.AgentFactory\Core\StoresAndAgentsAndFlowLoader.cs(6,30): warning CA1051: Do not declare visible instance fields (https://learn.microsoft.com/dotnet/fundamentals/code-analysis/quality-rules/ca1051) [C:\Projects\Hazina\src\Core\Agents\Hazina.AgentFactory\Hazina.AgentFactory.csproj::TargetFramework=net8.0]
C:\Projects\Hazina\src\Core\Agents\Hazina.AgentFactory\Core\StoresAndAgentsAndFlowLoader.cs(6,30): warning CA1002: Change 'List<HazinaAgent>' in 'StoresAndAgentsAndFlowLoader._agents' to use 'Collection<T>', 'ReadOnlyCollection<T>' or 'KeyedCollection<K,V>' (https://learn.microsoft.com/dotnet/fundamentals/code-analysis/quality-rules/ca1002) [C:\Projects\Hazina\src\Core\Agents\Hazina.AgentFactory\Hazina.AgentFactory.csproj::TargetFramework=net8.0]
C:\Projects\Hazina\src\Core\Agents\Hazina.AgentFactory\Core\StoresAndAgentsAndFlowLoader.cs(5,12): warning MA0016: Prefer using collection abstraction instead of implementation (https://github.com/meziantou/Meziantou.Analyzer/blob/main/docs/Rules/MA0016.md) [C:\Projects\Hazina\src\Core\Agents\Hazina.AgentFactory\Hazina.AgentFactory.csproj::TargetFramework=net8.0]
C:\Projects\Hazina\src\Core\Agents\Hazina.AgentFactory\Core\StoresAndAgentsAndFlowLoader.cs(5,33): warning SA1401: Field should be private (https://github.com/DotNetAnalyzers/StyleCopAnalyzers/blob/master/documentation/SA1401.md) [C:\Projects\Hazina\src\Core\Agents\Hazina.AgentFactory\Hazina.AgentFactory.csproj::TargetFramework=net8.0]
C:\Projects\Hazina\src\Core\Agents\Hazina.AgentFactory\Core\StoresAndAgentsAndFlowLoader.cs(6,12): warning MA0016: Prefer using collection abstraction instead of implementation (https://github.com/meziantou/Meziantou.Analyzer/blob/main/docs/Rules/MA0016.md) [C:\Projects\Hazina\src\Core\Agents\Hazina.AgentFactory\Hazina.AgentFactory.csproj::TargetFramework=net8.0]
C:\Projects\Hazina\src\Core\Agents\Hazina.AgentFactory\Models\StoreRef.cs(4,1): warning SA1516: Elements should be separated by blank line (https://github.com/DotNetAnalyzers/StyleCopAnalyzers/blob/master/documentation/SA1516.md) [C:\Projects\Hazina\src\Core\Agents\Hazina.AgentFactory\Hazina.AgentFactory.csproj::TargetFramework=net8.0]
C:\Projects\Hazina\src\Core\Agents\Hazina.AgentFactory\Core\StoresAndAgentsAndFlowLoader.cs(6,30): warning SA1401: Field should be private (https://github.com/DotNetAnalyzers/StyleCopAnalyzers/blob/master/documentation/SA1401.md) [C:\Projects\Hazina\src\Core\Agents\Hazina.AgentFactory\Hazina.AgentFactory.csproj::TargetFramework=net8.0]
C:\Projects\Hazina\src\Core\Agents\Hazina.AgentFactory\Core\StoresAndAgentsAndFlowLoader.cs(7,29): warning CA1051: Do not declare visible instance fields (https://learn.microsoft.com/dotnet/fundamentals/code-analysis/quality-rules/ca1051) [C:\Projects\Hazina\src\Core\Agents\Hazina.AgentFactory\Hazina.AgentFactory.csproj::TargetFramework=net8.0]
C:\Projects\Hazina\src\Core\Agents\Hazina.AgentFactory\Core\StoresAndAgentsAndFlowLoader.cs(7,29): warning CA1002: Change 'List<HazinaFlow>' in 'StoresAndAgentsAndFlowLoader._flows' to use 'Collection<T>', 'ReadOnlyCollection<T>' or 'KeyedCollection<K,V>' (https://learn.microsoft.com/dotnet/fundamentals/code-analysis/quality-rules/ca1002) [C:\Projects\Hazina\src\Core\Agents\Hazina.AgentFactory\Hazina.AgentFactory.csproj::TargetFramework=net8.0]
C:\Projects\Hazina\src\Core\Agents\Hazina.AgentFactory\Core\StoresAndAgentsAndFlowLoader.cs(7,12): warning MA0016: Prefer using collection abstraction instead of implementation (https://github.com/meziantou/Meziantou.Analyzer/blob/main/docs/Rules/MA0016.md) [C:\Projects\Hazina\src\Core\Agents\Hazina.AgentFactory\Hazina.AgentFactory.csproj::TargetFramework=net8.0]
C:\Projects\Hazina\src\Core\Agents\Hazina.AgentFactory\Core\StoresAndAgentsAndFlowLoader.cs(7,29): warning SA1401: Field should be private (https://github.com/DotNetAnalyzers/StyleCopAnalyzers/blob/master/documentation/SA1401.md) [C:\Projects\Hazina\src\Core\Agents\Hazina.AgentFactory\Hazina.AgentFactory.csproj::TargetFramework=net8.0]
C:\Projects\Hazina\src\Core\Agents\Hazina.AgentFactory\Core\StoresAndAgentsAndFlowLoader.cs(5,33): warning S1104: Make this field 'private' and encapsulate it in a 'public' property. (https://rules.sonarsource.com/csharp/RSPEC-1104) [C:\Projects\Hazina\src\Core\Agents\Hazina.AgentFactory\Hazina.AgentFactory.csproj::TargetFramework=net8.0]
C:\Projects\Hazina\src\Core\Agents\Hazina.AgentFactory\Core\StoresAndAgentsAndFlowLoader.cs(9,39): warning CA1051: Do not declare visible instance fields (https://learn.microsoft.com/dotnet/fundamentals/code-analysis/quality-rules/ca1051) [C:\Projects\Hazina\src\Core\Agents\Hazina.AgentFactory\Hazina.AgentFactory.csproj::TargetFramework=net8.0]
C:\Projects\Hazina\src\Core\Agents\Hazina.AgentFactory\Core\StoresAndAgentsAndFlowLoader.cs(6,30): warning S1104: Make this field 'private' and encapsulate it in a 'public' property. (https://rules.sonarsource.com/csharp/RSPEC-1104) [C:\Projects\Hazina\src\Core\Agents\Hazina.AgentFactory\Hazina.AgentFactory.csproj::TargetFramework=net8.0]
C:\Projects\Hazina\src\Core\Agents\Hazina.AgentFactory\Core\StoresAndAgentsAndFlowLoader.cs(9,39): warning SA1401: Field should be private (https://github.com/DotNetAnalyzers/StyleCopAnalyzers/blob/master/documentation/SA1401.md) [C:\Projects\Hazina\src\Core\Agents\Hazina.AgentFactory\Hazina.AgentFactory.csproj::TargetFramework=net8.0]
C:\Projects\Hazina\src\Core\Agents\Hazina.AgentFactory\Core\StoresAndAgentsAndFlowLoader.cs(7,29): warning S1104: Make this field 'private' and encapsulate it in a 'public' property. (https://rules.sonarsource.com/csharp/RSPEC-1104) [C:\Projects\Hazina\src\Core\Agents\Hazina.AgentFactory\Hazina.AgentFactory.csproj::TargetFramework=net8.0]
C:\Projects\Hazina\src\Core\Agents\Hazina.AgentFactory\Core\AgentFactoryExtensions.cs(6,66): warning SA1629: Documentation text should end with a period (https://github.com/DotNetAnalyzers/StyleCopAnalyzers/blob/master/documentation/SA1629.md) [C:\Projects\Hazina\src\Core\Agents\Hazina.AgentFactory\Hazina.AgentFactory.csproj::TargetFramework=net8.0]
C:\Projects\Hazina\src\Core\Agents\Hazina.AgentFactory\Core\QuickAgentCreator.cs(14,1): warning SA1516: Elements should be separated by blank line (https://github.com/DotNetAnalyzers/StyleCopAnalyzers/blob/master/documentation/SA1516.md) [C:\Projects\Hazina\src\Core\Agents\Hazina.AgentFactory\Hazina.AgentFactory.csproj::TargetFramework=net8.0]
C:\Projects\Hazina\src\Core\Agents\Hazina.AgentFactory\Services\Execution\IAgentExecutionService.cs(9,1): warning SA1516: Elements should be separated by blank line (https://github.com/DotNetAnalyzers/StyleCopAnalyzers/blob/master/documentation/SA1516.md) [C:\Projects\Hazina\src\Core\Agents\Hazina.AgentFactory\Hazina.AgentFactory.csproj::TargetFramework=net8.0]
C:\Projects\Hazina\src\Core\Agents\Hazina.AgentFactory\Services\Execution\IAgentExecutionService.cs(10,1): warning SA1516: Elements should be separated by blank line (https://github.com/DotNetAnalyzers/StyleCopAnalyzers/blob/master/documentation/SA1516.md) [C:\Projects\Hazina\src\Core\Agents\Hazina.AgentFactory\Hazina.AgentFactory.csproj::TargetFramework=net8.0]
C:\Projects\Hazina\src\Core\Agents\Hazina.AgentFactory\Services\Execution\IAgentExecutionService.cs(11,1): warning SA1516: Elements should be separated by blank line (https://github.com/DotNetAnalyzers/StyleCopAnalyzers/blob/master/documentation/SA1516.md) [C:\Projects\Hazina\src\Core\Agents\Hazina.AgentFactory\Hazina.AgentFactory.csproj::TargetFramework=net8.0]
C:\Projects\Hazina\src\Core\Agents\Hazina.AgentFactory\Core\StoresAndAgentsAndFlowLoader.cs(9,39): warning SA1214: Readonly fields should appear before non-readonly fields (https://github.com/DotNetAnalyzers/StyleCopAnalyzers/blob/master/documentation/SA1214.md) [C:\Projects\Hazina\src\Core\Agents\Hazina.AgentFactory\Hazina.AgentFactory.csproj::TargetFramework=net8.0]
C:\Projects\Hazina\src\Core\Agents\Hazina.AgentFactory\Core\AgentFactory.cs(32,30): warning CA1051: Do not declare visible instance fields (https://learn.microsoft.com/dotnet/fundamentals/code-analysis/quality-rules/ca1051) [C:\Projects\Hazina\src\Core\Agents\Hazina.AgentFactory\Hazina.AgentFactory.csproj::TargetFramework=net8.0]
C:\Projects\Hazina\src\Core\Agents\Hazina.AgentFactory\Core\AgentFactory.cs(32,30): warning CA1002: Change 'List<StoreConfig>' in 'AgentFactory.storesConfig' to use 'Collection<T>', 'ReadOnlyCollection<T>' or 'KeyedCollection<K,V>' (https://learn.microsoft.com/dotnet/fundamentals/code-analysis/quality-rules/ca1002) [C:\Projects\Hazina\src\Core\Agents\Hazina.AgentFactory\Hazina.AgentFactory.csproj::TargetFramework=net8.0]
C:\Projects\Hazina\src\Core\Agents\Hazina.AgentFactory\Core\AgentFactory.cs(36,19): warning CA1051: Do not declare visible instance fields (https://learn.microsoft.com/dotnet/fundamentals/code-analysis/quality-rules/ca1051) [C:\Projects\Hazina\src\Core\Agents\Hazina.AgentFactory\Hazina.AgentFactory.csproj::TargetFramework=net8.0]
C:\Projects\Hazina\src\Core\Agents\Hazina.AgentFactory\Core\AgentFactory.cs(32,12): warning MA0016: Prefer using collection abstraction instead of implementation (https://github.com/meziantou/Meziantou.Analyzer/blob/main/docs/Rules/MA0016.md) [C:\Projects\Hazina\src\Core\Agents\Hazina.AgentFactory\Hazina.AgentFactory.csproj::TargetFramework=net8.0]
C:\Projects\Hazina\src\Core\Agents\Hazina.AgentFactory\Core\AgentFactory.cs(36,19): warning SA1401: Field should be private (https://github.com/DotNetAnalyzers/StyleCopAnalyzers/blob/master/documentation/SA1401.md) [C:\Projects\Hazina\src\Core\Agents\Hazina.AgentFactory\Hazina.AgentFactory.csproj::TargetFramework=net8.0]
C:\Projects\Hazina\src\Core\Agents\Hazina.AgentFactory\Core\AgentFactory.cs(32,30): warning SA1401: Field should be private (https://github.com/DotNetAnalyzers/StyleCopAnalyzers/blob/master/documentation/SA1401.md) [C:\Projects\Hazina\src\Core\Agents\Hazina.AgentFactory\Hazina.AgentFactory.csproj::TargetFramework=net8.0]
C:\Projects\Hazina\src\Core\Agents\Hazina.AgentFactory\Core\AgentFactory.cs(36,19): warning S1104: Make this field 'private' and encapsulate it in a 'public' property. (https://rules.sonarsource.com/csharp/RSPEC-1104) [C:\Projects\Hazina\src\Core\Agents\Hazina.AgentFactory\Hazina.AgentFactory.csproj::TargetFramework=net8.0]
C:\Projects\Hazina\src\Core\Agents\Hazina.AgentFactory\Core\AgentFactory.cs(34,29): warning CA1051: Do not declare visible instance fields (https://learn.microsoft.com/dotnet/fundamentals/code-analysis/quality-rules/ca1051) [C:\Projects\Hazina\src\Core\Agents\Hazina.AgentFactory\Hazina.AgentFactory.csproj::TargetFramework=net8.0]
C:\Projects\Hazina\src\Core\Agents\Hazina.AgentFactory\Core\AgentFactory.cs(34,29): warning CA1002: Change 'List<FlowConfig>' in 'AgentFactory.flowsConfig' to use 'Collection<T>', 'ReadOnlyCollection<T>' or 'KeyedCollection<K,V>' (https://learn.microsoft.com/dotnet/fundamentals/code-analysis/quality-rules/ca1002) [C:\Projects\Hazina\src\Core\Agents\Hazina.AgentFactory\Hazina.AgentFactory.csproj::TargetFramework=net8.0]
C:\Projects\Hazina\src\Core\Agents\Hazina.AgentFactory\Core\AgentFactory.cs(34,12): warning MA0016: Prefer using collection abstraction instead of implementation (https://github.com/meziantou/Meziantou.Analyzer/blob/main/docs/Rules/MA0016.md) [C:\Projects\Hazina\src\Core\Agents\Hazina.AgentFactory\Hazina.AgentFactory.csproj::TargetFramework=net8.0]
C:\Projects\Hazina\src\Core\Agents\Hazina.AgentFactory\Core\AgentFactory.cs(34,29): warning SA1401: Field should be private (https://github.com/DotNetAnalyzers/StyleCopAnalyzers/blob/master/documentation/SA1401.md) [C:\Projects\Hazina\src\Core\Agents\Hazina.AgentFactory\Hazina.AgentFactory.csproj::TargetFramework=net8.0]
C:\Projects\Hazina\src\Core\Agents\Hazina.AgentFactory\Core\AgentFactory.cs(33,30): warning CA1051: Do not declare visible instance fields (https://learn.microsoft.com/dotnet/fundamentals/code-analysis/quality-rules/ca1051) [C:\Projects\Hazina\src\Core\Agents\Hazina.AgentFactory\Hazina.AgentFactory.csproj::TargetFramework=net8.0]
C:\Projects\Hazina\src\Core\Agents\Hazina.AgentFactory\Core\AgentFactory.cs(37,19): warning CA1051: Do not declare visible instance fields (https://learn.microsoft.com/dotnet/fundamentals/code-analysis/quality-rules/ca1051) [C:\Projects\Hazina\src\Core\Agents\Hazina.AgentFactory\Hazina.AgentFactory.csproj::TargetFramework=net8.0]
C:\Projects\Hazina\src\Core\Agents\Hazina.AgentFactory\Core\AgentFactory.cs(33,30): warning CA1002: Change 'List<AgentConfig>' in 'AgentFactory.agentsConfig' to use 'Collection<T>', 'ReadOnlyCollection<T>' or 'KeyedCollection<K,V>' (https://learn.microsoft.com/dotnet/fundamentals/code-analysis/quality-rules/ca1002) [C:\Projects\Hazina\src\Core\Agents\Hazina.AgentFactory\Hazina.AgentFactory.csproj::TargetFramework=net8.0]
C:\Projects\Hazina\src\Core\Agents\Hazina.AgentFactory\Core\AgentFactory.cs(33,12): warning MA0016: Prefer using collection abstraction instead of implementation (https://github.com/meziantou/Meziantou.Analyzer/blob/main/docs/Rules/MA0016.md) [C:\Projects\Hazina\src\Core\Agents\Hazina.AgentFactory\Hazina.AgentFactory.csproj::TargetFramework=net8.0]
C:\Projects\Hazina\src\Core\Agents\Hazina.AgentFactory\Core\AgentFactory.cs(37,19): warning SA1401: Field should be private (https://github.com/DotNetAnalyzers/StyleCopAnalyzers/blob/master/documentation/SA1401.md) [C:\Projects\Hazina\src\Core\Agents\Hazina.AgentFactory\Hazina.AgentFactory.csproj::TargetFramework=net8.0]
C:\Projects\Hazina\src\Core\Agents\Hazina.AgentFactory\Core\AgentFactory.cs(33,30): warning SA1401: Field should be private (https://github.com/DotNetAnalyzers/StyleCopAnalyzers/blob/master/documentation/SA1401.md) [C:\Projects\Hazina\src\Core\Agents\Hazina.AgentFactory\Hazina.AgentFactory.csproj::TargetFramework=net8.0]
C:\Projects\Hazina\src\Core\Agents\Hazina.AgentFactory\Core\AgentFactory.cs(32,30): warning S1104: Make this field 'private' and encapsulate it in a 'public' property. (https://rules.sonarsource.com/csharp/RSPEC-1104) [C:\Projects\Hazina\src\Core\Agents\Hazina.AgentFactory\Hazina.AgentFactory.csproj::TargetFramework=net8.0]
C:\Projects\Hazina\src\Core\Agents\Hazina.AgentFactory\Core\AgentFactory.cs(37,19): warning S1104: Make this field 'private' and encapsulate it in a 'public' property. (https://rules.sonarsource.com/csharp/RSPEC-1104) [C:\Projects\Hazina\src\Core\Agents\Hazina.AgentFactory\Hazina.AgentFactory.csproj::TargetFramework=net8.0]
C:\Projects\Hazina\src\Core\Agents\Hazina.AgentFactory\Core\AgentFactory.cs(38,19): warning CA1051: Do not declare visible instance fields (https://learn.microsoft.com/dotnet/fundamentals/code-analysis/quality-rules/ca1051) [C:\Projects\Hazina\src\Core\Agents\Hazina.AgentFactory\Hazina.AgentFactory.csproj::TargetFramework=net8.0]
C:\Projects\Hazina\src\Core\Agents\Hazina.AgentFactory\Core\AgentFactory.cs(32,30): warning SA1307: Field 'storesConfig' should begin with upper-case letter (https://github.com/DotNetAnalyzers/StyleCopAnalyzers/blob/master/documentation/SA1307.md) [C:\Projects\Hazina\src\Core\Agents\Hazina.AgentFactory\Hazina.AgentFactory.csproj::TargetFramework=net8.0]
C:\Projects\Hazina\src\Core\Agents\Hazina.AgentFactory\Core\AgentFactory.cs(38,19): warning SA1401: Field should be private (https://github.com/DotNetAnalyzers/StyleCopAnalyzers/blob/master/documentation/SA1401.md) [C:\Projects\Hazina\src\Core\Agents\Hazina.AgentFactory\Hazina.AgentFactory.csproj::TargetFramework=net8.0]
C:\Projects\Hazina\src\Core\Agents\Hazina.AgentFactory\Core\AgentFactory.cs(33,30): warning S1104: Make this field 'private' and encapsulate it in a 'public' property. (https://rules.sonarsource.com/csharp/RSPEC-1104) [C:\Projects\Hazina\src\Core\Agents\Hazina.AgentFactory\Hazina.AgentFactory.csproj::TargetFramework=net8.0]
C:\Projects\Hazina\src\Core\Agents\Hazina.AgentFactory\Core\AgentFactory.cs(29,5): warning SA1124: Do not use regions (https://github.com/DotNetAnalyzers/StyleCopAnalyzers/blob/master/documentation/SA1124.md) [C:\Projects\Hazina\src\Core\Agents\Hazina.AgentFactory\Hazina.AgentFactory.csproj::TargetFramework=net8.0]
C:\Projects\Hazina\src\Core\Agents\Hazina.AgentFactory\Core\AgentFactory.cs(38,19): warning S1104: Make this field 'private' and encapsulate it in a 'public' property. (https://rules.sonarsource.com/csharp/RSPEC-1104) [C:\Projects\Hazina\src\Core\Agents\Hazina.AgentFactory\Hazina.AgentFactory.csproj::TargetFramework=net8.0]
C:\Projects\Hazina\src\Core\Agents\Hazina.AgentFactory\Core\AgentFactory.cs(40,17): warning CA1051: Do not declare visible instance fields (https://learn.microsoft.com/dotnet/fundamentals/code-analysis/quality-rules/ca1051) [C:\Projects\Hazina\src\Core\Agents\Hazina.AgentFactory\Hazina.AgentFactory.csproj::TargetFramework=net8.0]
C:\Projects\Hazina\src\Core\Agents\Hazina.AgentFactory\Core\AgentFactory.cs(40,17): warning SA1401: Field should be private (https://github.com/DotNetAnalyzers/StyleCopAnalyzers/blob/master/documentation/SA1401.md) [C:\Projects\Hazina\src\Core\Agents\Hazina.AgentFactory\Hazina.AgentFactory.csproj::TargetFramework=net8.0]
C:\Projects\Hazina\src\Core\Agents\Hazina.AgentFactory\Core\AgentFactory.cs(33,30): warning SA1307: Field 'agentsConfig' should begin with upper-case letter (https://github.com/DotNetAnalyzers/StyleCopAnalyzers/blob/master/documentation/SA1307.md) [C:\Projects\Hazina\src\Core\Agents\Hazina.AgentFactory\Hazina.AgentFactory.csproj::TargetFramework=net8.0]
C:\Projects\Hazina\src\Core\Agents\Hazina.AgentFactory\Core\AgentManager.cs(22,20): warning S2933: Make '_storesJson' 'readonly'. (https://rules.sonarsource.com/csharp/RSPEC-2933) [C:\Projects\Hazina\src\Core\Agents\Hazina.AgentFactory\Hazina.AgentFactory.csproj::TargetFramework=net8.0]
C:\Projects\Hazina\src\Core\Agents\Hazina.AgentFactory\Core\AgentManager.cs(23,20): warning S2933: Make '_agentsJson' 'readonly'. (https://rules.sonarsource.com/csharp/RSPEC-2933) [C:\Projects\Hazina\src\Core\Agents\Hazina.AgentFactory\Hazina.AgentFactory.csproj::TargetFramework=net8.0]
C:\Projects\Hazina\src\Core\Agents\Hazina.AgentFactory\Core\AgentFactory.cs(40,17): warning S1104: Make this field 'private' and encapsulate it in a 'public' property. (https://rules.sonarsource.com/csharp/RSPEC-1104) [C:\Projects\Hazina\src\Core\Agents\Hazina.AgentFactory\Hazina.AgentFactory.csproj::TargetFramework=net8.0]
C:\Projects\Hazina\src\Core\Agents\Hazina.AgentFactory\Core\AgentManager.cs(24,20): warning S2933: Make '_flowsJson' 'readonly'. (https://rules.sonarsource.com/csharp/RSPEC-2933) [C:\Projects\Hazina\src\Core\Agents\Hazina.AgentFactory\Hazina.AgentFactory.csproj::TargetFramework=net8.0]
C:\Projects\Hazina\src\Core\Agents\Hazina.AgentFactory\Core\AgentManager.cs(25,18): warning S2933: Make '_isContent' 'readonly'. (https://rules.sonarsource.com/csharp/RSPEC-2933) [C:\Projects\Hazina\src\Core\Agents\Hazina.AgentFactory\Hazina.AgentFactory.csproj::TargetFramework=net8.0]
C:\Projects\Hazina\src\Core\Agents\Hazina.AgentFactory\Core\AgentFactory.cs(40,27): warning CA1805: Member 'WriteMode' is explicitly initialized to its default value (https://learn.microsoft.com/dotnet/fundamentals/code-analysis/quality-rules/ca1805) [C:\Projects\Hazina\src\Core\Agents\Hazina.AgentFactory\Hazina.AgentFactory.csproj::TargetFramework=net8.0]
C:\Projects\Hazina\src\Core\Agents\Hazina.AgentFactory\Core\AgentFactory.cs(34,29): warning S1104: Make this field 'private' and encapsulate it in a 'public' property. (https://rules.sonarsource.com/csharp/RSPEC-1104) [C:\Projects\Hazina\src\Core\Agents\Hazina.AgentFactory\Hazina.AgentFactory.csproj::TargetFramework=net8.0]
C:\Projects\Hazina\src\Core\Agents\Hazina.AgentFactory\Configuration\Parsers\HazinaStoreConfigParserV2.cs(1,1): warning SA1633: The file header is missing or not located at the top of the file. (https://github.com/DotNetAnalyzers/StyleCopAnalyzers/blob/master/documentation/SA1633.md) [C:\Projects\Hazina\src\Core\Agents\Hazina.AgentFactory\Hazina.AgentFactory.csproj::TargetFramework=net8.0]
C:\Projects\Hazina\src\Core\Agents\Hazina.AgentFactory\Core\AgentFactory.cs(34,29): warning SA1307: Field 'flowsConfig' should begin with upper-case letter (https://github.com/DotNetAnalyzers/StyleCopAnalyzers/blob/master/documentation/SA1307.md) [C:\Projects\Hazina\src\Core\Agents\Hazina.AgentFactory\Hazina.AgentFactory.csproj::TargetFramework=net8.0]
C:\Projects\Hazina\src\Core\Agents\Hazina.AgentFactory\Core\AgentFactory.cs(44,43): warning CA1051: Do not declare visible instance fields (https://learn.microsoft.com/dotnet/fundamentals/code-analysis/quality-rules/ca1051) [C:\Projects\Hazina\src\Core\Agents\Hazina.AgentFactory\Hazina.AgentFactory.csproj::TargetFramework=net8.0]
C:\Projects\Hazina\src\Core\Agents\Hazina.AgentFactory\Core\AgentFactory.cs(43,44): warning CA1051: Do not declare visible instance fields (https://learn.microsoft.com/dotnet/fundamentals/code-analysis/quality-rules/ca1051) [C:\Projects\Hazina\src\Core\Agents\Hazina.AgentFactory\Hazina.AgentFactory.csproj::TargetFramework=net8.0]
C:\Projects\Hazina\src\Core\Agents\Hazina.AgentFactory\Core\AgentFactory.cs(44,12): warning MA0016: Prefer using collection abstraction instead of implementation (https://github.com/meziantou/Meziantou.Analyzer/blob/main/docs/Rules/MA0016.md) [C:\Projects\Hazina\src\Core\Agents\Hazina.AgentFactory\Hazina.AgentFactory.csproj::TargetFramework=net8.0]
C:\Projects\Hazina\src\Core\Agents\Hazina.AgentFactory\Core\AgentFactory.cs(44,43): warning SA1401: Field should be private (https://github.com/DotNetAnalyzers/StyleCopAnalyzers/blob/master/documentation/SA1401.md) [C:\Projects\Hazina\src\Core\Agents\Hazina.AgentFactory\Hazina.AgentFactory.csproj::TargetFramework=net8.0]
C:\Projects\Hazina\src\Core\Agents\Hazina.AgentFactory\Core\AgentFactory.cs(43,12): warning MA0016: Prefer using collection abstraction instead of implementation (https://github.com/meziantou/Meziantou.Analyzer/blob/main/docs/Rules/MA0016.md) [C:\Projects\Hazina\src\Core\Agents\Hazina.AgentFactory\Hazina.AgentFactory.csproj::TargetFramework=net8.0]
C:\Projects\Hazina\src\Core\Agents\Hazina.AgentFactory\Core\AgentFactory.cs(43,44): warning SA1401: Field should be private (https://github.com/DotNetAnalyzers/StyleCopAnalyzers/blob/master/documentation/SA1401.md) [C:\Projects\Hazina\src\Core\Agents\Hazina.AgentFactory\Hazina.AgentFactory.csproj::TargetFramework=net8.0]
C:\Projects\Hazina\src\Core\Agents\Hazina.AgentFactory\Core\AgentManager.cs(32,36): warning CA1002: Change 'List<HazinaChatMessage>' in 'AgentManager.History' to use 'Collection<T>', 'ReadOnlyCollection<T>' or 'KeyedCollection<K,V>' (https://learn.microsoft.com/dotnet/fundamentals/code-analysis/quality-rules/ca1002) [C:\Projects\Hazina\src\Core\Agents\Hazina.AgentFactory\Hazina.AgentFactory.csproj::TargetFramework=net8.0]
C:\Projects\Hazina\src\Core\Agents\Hazina.AgentFactory\Core\AgentFactory.cs(41,36): warning CA1051: Do not declare visible instance fields (https://learn.microsoft.com/dotnet/fundamentals/code-analysis/quality-rules/ca1051) [C:\Projects\Hazina\src\Core\Agents\Hazina.AgentFactory\Hazina.AgentFactory.csproj::TargetFramework=net8.0]
C:\Projects\Hazina\src\Core\Agents\Hazina.AgentFactory\Core\AgentFactory.cs(41,36): warning CA1002: Change 'List<HazinaChatMessage>' in 'AgentFactory.Messages' to use 'Collection<T>', 'ReadOnlyCollection<T>' or 'KeyedCollection<K,V>' (https://learn.microsoft.com/dotnet/fundamentals/code-analysis/quality-rules/ca1002) [C:\Projects\Hazina\src\Core\Agents\Hazina.AgentFactory\Hazina.AgentFactory.csproj::TargetFramework=net8.0]
C:\Projects\Hazina\src\Core\Agents\Hazina.AgentFactory\Core\AgentFactory.cs(43,44): warning S1104: Make this field 'private' and encapsulate it in a 'public' property. (https://rules.sonarsource.com/csharp/RSPEC-1104) [C:\Projects\Hazina\src\Core\Agents\Hazina.AgentFactory\Hazina.AgentFactory.csproj::TargetFramework=net8.0]
C:\Projects\Hazina\src\Core\Agents\Hazina.AgentFactory\Core\AgentManager.cs(32,12): warning MA0016: Prefer using collection abstraction instead of implementation (https://github.com/meziantou/Meziantou.Analyzer/blob/main/docs/Rules/MA0016.md) [C:\Projects\Hazina\src\Core\Agents\Hazina.AgentFactory\Hazina.AgentFactory.csproj::TargetFramework=net8.0]
C:\Projects\Hazina\src\Core\Agents\Hazina.AgentFactory\Core\AgentFactory.cs(41,12): warning MA0016: Prefer using collection abstraction instead of implementation (https://github.com/meziantou/Meziantou.Analyzer/blob/main/docs/Rules/MA0016.md) [C:\Projects\Hazina\src\Core\Agents\Hazina.AgentFactory\Hazina.AgentFactory.csproj::TargetFramework=net8.0]
C:\Projects\Hazina\src\Core\Agents\Hazina.AgentFactory\Core\AgentFactory.cs(41,36): warning SA1401: Field should be private (https://github.com/DotNetAnalyzers/StyleCopAnalyzers/blob/master/documentation/SA1401.md) [C:\Projects\Hazina\src\Core\Agents\Hazina.AgentFactory\Hazina.AgentFactory.csproj::TargetFramework=net8.0]
C:\Projects\Hazina\src\Core\Agents\Hazina.AgentFactory\Core\AgentFactory.cs(44,43): warning S1104: Make this field 'private' and encapsulate it in a 'public' property. (https://rules.sonarsource.com/csharp/RSPEC-1104) [C:\Projects\Hazina\src\Core\Agents\Hazina.AgentFactory\Hazina.AgentFactory.csproj::TargetFramework=net8.0]
C:\Projects\Hazina\src\Core\Agents\Hazina.AgentFactory\Core\AgentFactory.cs(41,36): warning S1104: Make this field 'private' and encapsulate it in a 'public' property. (https://rules.sonarsource.com/csharp/RSPEC-1104) [C:\Projects\Hazina\src\Core\Agents\Hazina.AgentFactory\Hazina.AgentFactory.csproj::TargetFramework=net8.0]
C:\Projects\Hazina\src\Core\Agents\Hazina.AgentFactory\Core\AgentFactory.cs(48,5): warning SA1124: Do not use regions (https://github.com/DotNetAnalyzers/StyleCopAnalyzers/blob/master/documentation/SA1124.md) [C:\Projects\Hazina\src\Core\Agents\Hazina.AgentFactory\Hazina.AgentFactory.csproj::TargetFramework=net8.0]
C:\Projects\Hazina\src\Core\Agents\Hazina.AgentFactory\Core\AgentManager.cs(29,39): warning CA1051: Do not declare visible instance fields (https://learn.microsoft.com/dotnet/fundamentals/code-analysis/quality-rules/ca1051) [C:\Projects\Hazina\src\Core\Agents\Hazina.AgentFactory\Hazina.AgentFactory.csproj::TargetFramework=net8.0]
C:\Projects\Hazina\src\Core\Agents\Hazina.AgentFactory\Core\AgentManager.cs(29,39): warning SA1401: Field should be private (https://github.com/DotNetAnalyzers/StyleCopAnalyzers/blob/master/documentation/SA1401.md) [C:\Projects\Hazina\src\Core\Agents\Hazina.AgentFactory\Hazina.AgentFactory.csproj::TargetFramework=net8.0]
C:\Projects\Hazina\src\Core\Agents\Hazina.AgentFactory\Core\AgentFactory.cs(43,53): warning MA0002: Use an overload that has a IEqualityComparer<string> or IComparer<string> parameter (https://github.com/meziantou/Meziantou.Analyzer/blob/main/docs/Rules/MA0002.md) [C:\Projects\Hazina\src\Core\Agents\Hazina.AgentFactory\Hazina.AgentFactory.csproj::TargetFramework=net8.0]
C:\Projects\Hazina\src\Core\Agents\Hazina.AgentFactory\Core\AgentFactory.cs(44,51): warning MA0002: Use an overload that has a IEqualityComparer<string> or IComparer<string> parameter (https://github.com/meziantou/Meziantou.Analyzer/blob/main/docs/Rules/MA0002.md) [C:\Projects\Hazina\src\Core\Agents\Hazina.AgentFactory\Hazina.AgentFactory.csproj::TargetFramework=net8.0]
C:\Projects\Hazina\src\Core\Agents\Hazina.AgentFactory\Configuration\Parsers\HazinaStoreConfigParserV2.cs(45,22): warning SA1513: Closing brace should be followed by blank line (https://github.com/DotNetAnalyzers/StyleCopAnalyzers/blob/master/documentation/SA1513.md) [C:\Projects\Hazina\src\Core\Agents\Hazina.AgentFactory\Hazina.AgentFactory.csproj::TargetFramework=net8.0]
C:\Projects\Hazina\src\Core\Agents\Hazina.AgentFactory\Core\AgentFactory.cs(57,5): warning SA1124: Do not use regions (https://github.com/DotNetAnalyzers/StyleCopAnalyzers/blob/master/documentation/SA1124.md) [C:\Projects\Hazina\src\Core\Agents\Hazina.AgentFactory\Hazina.AgentFactory.csproj::TargetFramework=net8.0]
C:\Projects\Hazina\src\Core\Agents\Hazina.AgentFactory\Core\AgentManager.cs(41,39): warning SA1623: The property's documentation summary text should begin with: 'Gets' (https://github.com/DotNetAnalyzers/StyleCopAnalyzers/blob/master/documentation/SA1623.md) [C:\Projects\Hazina\src\Core\Agents\Hazina.AgentFactory\Hazina.AgentFactory.csproj::TargetFramework=net8.0]
C:\Projects\Hazina\src\Core\Agents\Hazina.AgentFactory\Core\AgentManager.cs(37,42): warning SA1623: The property's documentation summary text should begin with: 'Gets' (https://github.com/DotNetAnalyzers/StyleCopAnalyzers/blob/master/documentation/SA1623.md) [C:\Projects\Hazina\src\Core\Agents\Hazina.AgentFactory\Hazina.AgentFactory.csproj::TargetFramework=net8.0]
C:\Projects\Hazina\src\Core\Agents\Hazina.AgentFactory\Core\AgentManager.cs(39,73): warning SA1629: Documentation text should end with a period (https://github.com/DotNetAnalyzers/StyleCopAnalyzers/blob/master/documentation/SA1629.md) [C:\Projects\Hazina\src\Core\Agents\Hazina.AgentFactory\Hazina.AgentFactory.csproj::TargetFramework=net8.0]
C:\Projects\Hazina\src\Core\Agents\Hazina.AgentFactory\Core\AgentManager.cs(38,5): warning SA1514: Element documentation header should be preceded by blank line (https://github.com/DotNetAnalyzers/StyleCopAnalyzers/blob/master/documentation/SA1514.md) [C:\Projects\Hazina\src\Core\Agents\Hazina.AgentFactory\Hazina.AgentFactory.csproj::TargetFramework=net8.0]
C:\Projects\Hazina\src\Core\Agents\Hazina.AgentFactory\Core\AgentManager.cs(35,73): warning SA1629: Documentation text should end with a period (https://github.com/DotNetAnalyzers/StyleCopAnalyzers/blob/master/documentation/SA1629.md) [C:\Projects\Hazina\src\Core\Agents\Hazina.AgentFactory\Hazina.AgentFactory.csproj::TargetFramework=net8.0]
C:\Projects\Hazina\src\Core\Agents\Hazina.AgentFactory\Core\AgentManager.cs(110,1): warning SA1516: Elements should be separated by blank line (https://github.com/DotNetAnalyzers/StyleCopAnalyzers/blob/master/documentation/SA1516.md) [C:\Projects\Hazina\src\Core\Agents\Hazina.AgentFactory\Hazina.AgentFactory.csproj::TargetFramework=net8.0]
C:\Projects\Hazina\src\Core\Agents\Hazina.AgentFactory\Core\AgentFactory.cs(265,5): warning SA1124: Do not use regions (https://github.com/DotNetAnalyzers/StyleCopAnalyzers/blob/master/documentation/SA1124.md) [C:\Projects\Hazina\src\Core\Agents\Hazina.AgentFactory\Hazina.AgentFactory.csproj::TargetFramework=net8.0]
C:\Projects\Hazina\src\Core\Agents\Hazina.AgentFactory\Core\AgentManager.cs(26,29): warning SA1214: Readonly fields should appear before non-readonly fields (https://github.com/DotNetAnalyzers/StyleCopAnalyzers/blob/master/documentation/SA1214.md) [C:\Projects\Hazina\src\Core\Agents\Hazina.AgentFactory\Hazina.AgentFactory.csproj::TargetFramework=net8.0]
C:\Projects\Hazina\src\Core\Agents\Hazina.AgentFactory\Services\Email\IEmailService.cs(9,1): warning SA1516: Elements should be separated by blank line (https://github.com/DotNetAnalyzers/StyleCopAnalyzers/blob/master/documentation/SA1516.md) [C:\Projects\Hazina\src\Core\Agents\Hazina.AgentFactory\Hazina.AgentFactory.csproj::TargetFramework=net8.0]
C:\Projects\Hazina\src\Core\Agents\Hazina.AgentFactory\Services\Email\IEmailService.cs(10,1): warning SA1516: Elements should be separated by blank line (https://github.com/DotNetAnalyzers/StyleCopAnalyzers/blob/master/documentation/SA1516.md) [C:\Projects\Hazina\src\Core\Agents\Hazina.AgentFactory\Hazina.AgentFactory.csproj::TargetFramework=net8.0]
C:\Projects\Hazina\src\Core\Agents\Hazina.AgentFactory\Services\Email\IEmailService.cs(11,1): warning SA1516: Elements should be separated by blank line (https://github.com/DotNetAnalyzers/StyleCopAnalyzers/blob/master/documentation/SA1516.md) [C:\Projects\Hazina\src\Core\Agents\Hazina.AgentFactory\Hazina.AgentFactory.csproj::TargetFramework=net8.0]
C:\Projects\Hazina\src\Core\Agents\Hazina.AgentFactory\Services\Email\IEmailService.cs(12,1): warning SA1516: Elements should be separated by blank line (https://github.com/DotNetAnalyzers/StyleCopAnalyzers/blob/master/documentation/SA1516.md) [C:\Projects\Hazina\src\Core\Agents\Hazina.AgentFactory\Hazina.AgentFactory.csproj::TargetFramework=net8.0]
C:\Projects\Hazina\src\Core\Agents\Hazina.AgentFactory\Services\Email\IEmailService.cs(13,1): warning SA1516: Elements should be separated by blank line (https://github.com/DotNetAnalyzers/StyleCopAnalyzers/blob/master/documentation/SA1516.md) [C:\Projects\Hazina\src\Core\Agents\Hazina.AgentFactory\Hazina.AgentFactory.csproj::TargetFramework=net8.0]
C:\Projects\Hazina\src\Core\Agents\Hazina.AgentFactory\Services\Tools\ToolRegistrationService.cs(30,27): warning CA1002: Change 'List<StoreConfig>' in 'ToolRegistrationService.ToolRegistrationService(List<StoreConfig>, List<AgentConfig>, List<FlowConfig>, IEmailService, IBigQueryService, Func<string, string, string, CancellationToken, Task<string>>, Func<string, string, string, CancellationToken, Task<string>>, Func<string, string, string, CancellationToken, Task<string>>, Func<string, string, string, bool, CancellationToken, Task<string>>, Func<bool>)' to use 'Collection<T>', 'ReadOnlyCollection<T>' or 'KeyedCollection<K,V>' (https://learn.microsoft.com/dotnet/fundamentals/code-analysis/quality-rules/ca1002) [C:\Projects\Hazina\src\Core\Agents\Hazina.AgentFactory\Hazina.AgentFactory.csproj::TargetFramework=net8.0]
C:\Projects\Hazina\src\Core\Agents\Hazina.AgentFactory\Services\Tools\ToolRegistrationService.cs(31,27): warning CA1002: Change 'List<AgentConfig>' in 'ToolRegistrationService.ToolRegistrationService(List<StoreConfig>, List<AgentConfig>, List<FlowConfig>, IEmailService, IBigQueryService, Func<string, string, string, CancellationToken, Task<string>>, Func<string, string, string, CancellationToken, Task<string>>, Func<string, string, string, CancellationToken, Task<string>>, Func<string, string, string, bool, CancellationToken, Task<string>>, Func<bool>)' to use 'Collection<T>', 'ReadOnlyCollection<T>' or 'KeyedCollection<K,V>' (https://learn.microsoft.com/dotnet/fundamentals/code-analysis/quality-rules/ca1002) [C:\Projects\Hazina\src\Core\Agents\Hazina.AgentFactory\Hazina.AgentFactory.csproj::TargetFramework=net8.0]
C:\Projects\Hazina\src\Core\Agents\Hazina.AgentFactory\Services\Tools\ToolRegistrationService.cs(32,26): warning CA1002: Change 'List<FlowConfig>' in 'ToolRegistrationService.ToolRegistrationService(List<StoreConfig>, List<AgentConfig>, List<FlowConfig>, IEmailService, IBigQueryService, Func<string, string, string, CancellationToken, Task<string>>, Func<string, string, string, CancellationToken, Task<string>>, Func<string, string, string, CancellationToken, Task<string>>, Func<string, string, string, bool, CancellationToken, Task<string>>, Func<bool>)' to use 'Collection<T>', 'ReadOnlyCollection<T>' or 'KeyedCollection<K,V>' (https://learn.microsoft.com/dotnet/fundamentals/code-analysis/quality-rules/ca1002) [C:\Projects\Hazina\src\Core\Agents\Hazina.AgentFactory\Hazina.AgentFactory.csproj::TargetFramework=net8.0]
C:\Projects\Hazina\src\Core\Agents\Hazina.AgentFactory\Services\Tools\ToolRegistrationService.cs(30,9): warning MA0016: Prefer using collection abstraction instead of implementation (https://github.com/meziantou/Meziantou.Analyzer/blob/main/docs/Rules/MA0016.md) [C:\Projects\Hazina\src\Core\Agents\Hazina.AgentFactory\Hazina.AgentFactory.csproj::TargetFramework=net8.0]
C:\Projects\Hazina\src\Core\Agents\Hazina.AgentFactory\Services\Tools\ToolRegistrationService.cs(31,9): warning MA0016: Prefer using collection abstraction instead of implementation (https://github.com/meziantou/Meziantou.Analyzer/blob/main/docs/Rules/MA0016.md) [C:\Projects\Hazina\src\Core\Agents\Hazina.AgentFactory\Hazina.AgentFactory.csproj::TargetFramework=net8.0]
C:\Projects\Hazina\src\Core\Agents\Hazina.AgentFactory\Services\Tools\ToolRegistrationService.cs(32,9): warning MA0016: Prefer using collection abstraction instead of implementation (https://github.com/meziantou/Meziantou.Analyzer/blob/main/docs/Rules/MA0016.md) [C:\Projects\Hazina\src\Core\Agents\Hazina.AgentFactory\Hazina.AgentFactory.csproj::TargetFramework=net8.0]
C:\Projects\Hazina\src\Core\Agents\Hazina.AgentFactory\Core\AgentFactory.cs(25,51): warning SA1629: Documentation text should end with a period (https://github.com/DotNetAnalyzers/StyleCopAnalyzers/blob/master/documentation/SA1629.md) [C:\Projects\Hazina\src\Core\Agents\Hazina.AgentFactory\Hazina.AgentFactory.csproj::TargetFramework=net8.0]
C:\Projects\Hazina\src\Core\Agents\Hazina.AgentFactory\Core\AgentFactory.cs(51,1): warning SA1516: Elements should be separated by blank line (https://github.com/DotNetAnalyzers/StyleCopAnalyzers/blob/master/documentation/SA1516.md) [C:\Projects\Hazina\src\Core\Agents\Hazina.AgentFactory\Hazina.AgentFactory.csproj::TargetFramework=net8.0]
C:\Projects\Hazina\src\Core\Agents\Hazina.AgentFactory\Core\AgentFactory.cs(52,1): warning SA1516: Elements should be separated by blank line (https://github.com/DotNetAnalyzers/StyleCopAnalyzers/blob/master/documentation/SA1516.md) [C:\Projects\Hazina\src\Core\Agents\Hazina.AgentFactory\Hazina.AgentFactory.csproj::TargetFramework=net8.0]
C:\Projects\Hazina\src\Core\Agents\Hazina.AgentFactory\Core\AgentFactory.cs(53,1): warning SA1516: Elements should be separated by blank line (https://github.com/DotNetAnalyzers/StyleCopAnalyzers/blob/master/documentation/SA1516.md) [C:\Projects\Hazina\src\Core\Agents\Hazina.AgentFactory\Hazina.AgentFactory.csproj::TargetFramework=net8.0]
C:\Projects\Hazina\src\Core\Agents\Hazina.AgentFactory\Configuration\Formatters\AgentConfigFormatHelper.cs(11,37): warning CA1002: Change 'List<AgentConfig>' in 'AgentConfigFormatHelper.AutoDetectAndParse(string)' to use 'Collection<T>', 'ReadOnlyCollection<T>' or 'KeyedCollection<K,V>' (https://learn.microsoft.com/dotnet/fundamentals/code-analysis/quality-rules/ca1002) [C:\Projects\Hazina\src\Core\Agents\Hazina.AgentFactory\Hazina.AgentFactory.csproj::TargetFramework=net8.0]
C:\Projects\Hazina\src\Core\Agents\Hazina.AgentFactory\Configuration\Formatters\AgentConfigFormatHelper.cs(11,19): warning MA0016: Prefer using collection abstraction instead of implementation (https://github.com/meziantou/Meziantou.Analyzer/blob/main/docs/Rules/MA0016.md) [C:\Projects\Hazina\src\Core\Agents\Hazina.AgentFactory\Hazina.AgentFactory.csproj::TargetFramework=net8.0]
C:\Projects\Hazina\src\Core\Agents\Hazina.AgentFactory\Configuration\Formatters\FlowConfigFormatHelper.cs(9,36): warning CA1002: Change 'List<FlowConfig>' in 'FlowConfigFormatHelper.AutoDetectAndParse(string)' to use 'Collection<T>', 'ReadOnlyCollection<T>' or 'KeyedCollection<K,V>' (https://learn.microsoft.com/dotnet/fundamentals/code-analysis/quality-rules/ca1002) [C:\Projects\Hazina\src\Core\Agents\Hazina.AgentFactory\Hazina.AgentFactory.csproj::TargetFramework=net8.0]
C:\Projects\Hazina\src\Core\Agents\Hazina.AgentFactory\Configuration\Formatters\FlowConfigFormatHelper.cs(9,19): warning MA0016: Prefer using collection abstraction instead of implementation (https://github.com/meziantou/Meziantou.Analyzer/blob/main/docs/Rules/MA0016.md) [C:\Projects\Hazina\src\Core\Agents\Hazina.AgentFactory\Hazina.AgentFactory.csproj::TargetFramework=net8.0]
C:\Projects\Hazina\src\Core\Agents\Hazina.AgentFactory\Configuration\Formatters\StoreConfigFormatHelper.cs(11,37): warning CA1002: Change 'List<StoreConfig>' in 'StoreConfigFormatHelper.AutoDetectAndParse(string)' to use 'Collection<T>', 'ReadOnlyCollection<T>' or 'KeyedCollection<K,V>' (https://learn.microsoft.com/dotnet/fundamentals/code-analysis/quality-rules/ca1002) [C:\Projects\Hazina\src\Core\Agents\Hazina.AgentFactory\Hazina.AgentFactory.csproj::TargetFramework=net8.0]
C:\Projects\Hazina\src\Core\Agents\Hazina.AgentFactory\Configuration\Formatters\StoreConfigFormatHelper.cs(11,19): warning MA0016: Prefer using collection abstraction instead of implementation (https://github.com/meziantou/Meziantou.Analyzer/blob/main/docs/Rules/MA0016.md) [C:\Projects\Hazina\src\Core\Agents\Hazina.AgentFactory\Hazina.AgentFactory.csproj::TargetFramework=net8.0]
C:\Projects\Hazina\src\Core\Agents\Hazina.AgentFactory\Configuration\Formatters\AgentConfigFormatHelper.cs(31,19): warning S112: 'System.Exception' should not be thrown by user code. (https://rules.sonarsource.com/csharp/RSPEC-112) [C:\Projects\Hazina\src\Core\Agents\Hazina.AgentFactory\Hazina.AgentFactory.csproj::TargetFramework=net8.0]
C:\Projects\Hazina\src\Core\Agents\Hazina.AgentFactory\Models\FlowCardModels.cs(21,35): warning SA1501: Statement should not be on a single line (https://github.com/DotNetAnalyzers/StyleCopAnalyzers/blob/master/documentation/SA1501.md) [C:\Projects\Hazina\src\Core\Agents\Hazina.AgentFactory\Hazina.AgentFactory.csproj::TargetFramework=net8.0]
C:\Projects\Hazina\src\Core\Agents\Hazina.AgentFactory\Models\FlowCardModels.cs(21,52): warning SA1107: Code should not contain multiple statements on one line (https://github.com/DotNetAnalyzers/StyleCopAnalyzers/blob/master/documentation/SA1107.md) [C:\Projects\Hazina\src\Core\Agents\Hazina.AgentFactory\Hazina.AgentFactory.csproj::TargetFramework=net8.0]
C:\Projects\Hazina\src\Core\Agents\Hazina.AgentFactory\Models\AgentCardModel.cs(23,59): warning SA1107: Code should not contain multiple statements on one line (https://github.com/DotNetAnalyzers/StyleCopAnalyzers/blob/master/documentation/SA1107.md) [C:\Projects\Hazina\src\Core\Agents\Hazina.AgentFactory\Hazina.AgentFactory.csproj::TargetFramework=net8.0]
C:\Projects\Hazina\src\Core\Agents\Hazina.AgentFactory\Configuration\Formatters\AgentConfigFormatHelper.cs(31,19): warning CA2201: Exception type System.Exception is not sufficiently specific (https://learn.microsoft.com/dotnet/fundamentals/code-analysis/quality-rules/ca2201) [C:\Projects\Hazina\src\Core\Agents\Hazina.AgentFactory\Hazina.AgentFactory.csproj::TargetFramework=net8.0]
C:\Projects\Hazina\src\Core\Agents\Hazina.AgentFactory\Configuration\Formatters\AgentConfigFormatHelper.cs(31,19): warning MA0054: Embed the caught exception as innerException (https://github.com/meziantou/Meziantou.Analyzer/blob/main/docs/Rules/MA0054.md) [C:\Projects\Hazina\src\Core\Agents\Hazina.AgentFactory\Hazina.AgentFactory.csproj::TargetFramework=net8.0]
C:\Projects\Hazina\src\Core\Agents\Hazina.AgentFactory\Configuration\Formatters\FlowConfigFormatHelper.cs(29,19): warning S112: 'System.Exception' should not be thrown by user code. (https://rules.sonarsource.com/csharp/RSPEC-112) [C:\Projects\Hazina\src\Core\Agents\Hazina.AgentFactory\Hazina.AgentFactory.csproj::TargetFramework=net8.0]
C:\Projects\Hazina\src\Core\Agents\Hazina.AgentFactory\Models\FlowCardModels.cs(21,19): warning MA0006: Use string.Equals instead of NotEquals operator (https://github.com/meziantou/Meziantou.Analyzer/blob/main/docs/Rules/MA0006.md) [C:\Projects\Hazina\src\Core\Agents\Hazina.AgentFactory\Hazina.AgentFactory.csproj::TargetFramework=net8.0]
C:\Projects\Hazina\src\Core\Agents\Hazina.AgentFactory\Configuration\Formatters\StoreConfigFormatHelper.cs(31,19): warning S112: 'System.Exception' should not be thrown by user code. (https://rules.sonarsource.com/csharp/RSPEC-112) [C:\Projects\Hazina\src\Core\Agents\Hazina.AgentFactory\Hazina.AgentFactory.csproj::TargetFramework=net8.0]
C:\Projects\Hazina\src\Core\Agents\Hazina.AgentFactory\Models\AgentCardModel.cs(24,80): warning SA1107: Code should not contain multiple statements on one line (https://github.com/DotNetAnalyzers/StyleCopAnalyzers/blob/master/documentation/SA1107.md) [C:\Projects\Hazina\src\Core\Agents\Hazina.AgentFactory\Hazina.AgentFactory.csproj::TargetFramework=net8.0]
C:\Projects\Hazina\src\Core\Agents\Hazina.AgentFactory\Configuration\Formatters\AgentConfigFormatHelper.cs(43,21): warning S6610: "StartsWith" overloads that take a "char" should be used (https://rules.sonarsource.com/csharp/RSPEC-6610) [C:\Projects\Hazina\src\Core\Agents\Hazina.AgentFactory\Hazina.AgentFactory.csproj::TargetFramework=net8.0]
C:\Projects\Hazina\src\Core\Agents\Hazina.AgentFactory\Configuration\Schema\ConfigSchemaGenerator.cs(1,1): warning SA1633: The file header is missing or not located at the top of the file. (https://github.com/DotNetAnalyzers/StyleCopAnalyzers/blob/master/documentation/SA1633.md) [C:\Projects\Hazina\src\Core\Agents\Hazina.AgentFactory\Hazina.AgentFactory.csproj::TargetFramework=net8.0]
C:\Projects\Hazina\src\Core\Agents\Hazina.AgentFactory\Configuration\Formatters\StoreConfigFormatHelper.cs(31,19): warning CA2201: Exception type System.Exception is not sufficiently specific (https://learn.microsoft.com/dotnet/fundamentals/code-analysis/quality-rules/ca2201) [C:\Projects\Hazina\src\Core\Agents\Hazina.AgentFactory\Hazina.AgentFactory.csproj::TargetFramework=net8.0]
C:\Projects\Hazina\src\Core\Agents\Hazina.AgentFactory\Configuration\Formatters\AgentConfigFormatHelper.cs(43,48): warning S6610: "StartsWith" overloads that take a "char" should be used (https://rules.sonarsource.com/csharp/RSPEC-6610) [C:\Projects\Hazina\src\Core\Agents\Hazina.AgentFactory\Hazina.AgentFactory.csproj::TargetFramework=net8.0]
C:\Projects\Hazina\src\Core\Agents\Hazina.AgentFactory\Configuration\Formatters\AgentConfigFormatHelper.cs(46,21): warning S6610: "StartsWith" overloads that take a "char" should be used (https://rules.sonarsource.com/csharp/RSPEC-6610) [C:\Projects\Hazina\src\Core\Agents\Hazina.AgentFactory\Hazina.AgentFactory.csproj::TargetFramework=net8.0]
C:\Projects\Hazina\src\Core\Agents\Hazina.AgentFactory\Configuration\Formatters\FlowConfigFormatHelper.cs(29,19): warning CA2201: Exception type System.Exception is not sufficiently specific (https://learn.microsoft.com/dotnet/fundamentals/code-analysis/quality-rules/ca2201) [C:\Projects\Hazina\src\Core\Agents\Hazina.AgentFactory\Hazina.AgentFactory.csproj::TargetFramework=net8.0]
C:\Projects\Hazina\src\Core\Agents\Hazina.AgentFactory\Configuration\Formatters\FlowConfigFormatHelper.cs(41,21): warning S6610: "StartsWith" overloads that take a "char" should be used (https://rules.sonarsource.com/csharp/RSPEC-6610) [C:\Projects\Hazina\src\Core\Agents\Hazina.AgentFactory\Hazina.AgentFactory.csproj::TargetFramework=net8.0]
C:\Projects\Hazina\src\Core\Agents\Hazina.AgentFactory\Configuration\Formatters\FlowConfigFormatHelper.cs(41,48): warning S6610: "StartsWith" overloads that take a "char" should be used (https://rules.sonarsource.com/csharp/RSPEC-6610) [C:\Projects\Hazina\src\Core\Agents\Hazina.AgentFactory\Hazina.AgentFactory.csproj::TargetFramework=net8.0]
C:\Projects\Hazina\src\Core\Agents\Hazina.AgentFactory\Configuration\Formatters\FlowConfigFormatHelper.cs(44,21): warning S6610: "StartsWith" overloads that take a "char" should be used (https://rules.sonarsource.com/csharp/RSPEC-6610) [C:\Projects\Hazina\src\Core\Agents\Hazina.AgentFactory\Hazina.AgentFactory.csproj::TargetFramework=net8.0]
C:\Projects\Hazina\src\Core\Agents\Hazina.AgentFactory\Configuration\Formatters\FlowConfigFormatHelper.cs(39,46): warning SA1503: Braces should not be omitted (https://github.com/DotNetAnalyzers/StyleCopAnalyzers/blob/master/documentation/SA1503.md) [C:\Projects\Hazina\src\Core\Agents\Hazina.AgentFactory\Hazina.AgentFactory.csproj::TargetFramework=net8.0]
C:\Projects\Hazina\src\Core\Agents\Hazina.AgentFactory\Configuration\Formatters\FlowConfigFormatHelper.cs(42,13): warning SA1503: Braces should not be omitted (https://github.com/DotNetAnalyzers/StyleCopAnalyzers/blob/master/documentation/SA1503.md) [C:\Projects\Hazina\src\Core\Agents\Hazina.AgentFactory\Hazina.AgentFactory.csproj::TargetFramework=net8.0]
C:\Projects\Hazina\src\Core\Agents\Hazina.AgentFactory\Configuration\Formatters\FlowConfigFormatHelper.cs(45,13): warning SA1503: Braces should not be omitted (https://github.com/DotNetAnalyzers/StyleCopAnalyzers/blob/master/documentation/SA1503.md) [C:\Projects\Hazina\src\Core\Agents\Hazina.AgentFactory\Hazina.AgentFactory.csproj::TargetFramework=net8.0]
C:\Projects\Hazina\src\Core\Agents\Hazina.AgentFactory\Configuration\Formatters\FlowConfigFormatHelper.cs(48,13): warning SA1503: Braces should not be omitted (https://github.com/DotNetAnalyzers/StyleCopAnalyzers/blob/master/documentation/SA1503.md) [C:\Projects\Hazina\src\Core\Agents\Hazina.AgentFactory\Hazina.AgentFactory.csproj::TargetFramework=net8.0]
C:\Projects\Hazina\src\Core\Agents\Hazina.AgentFactory\Configuration\Formatters\FlowConfigFormatHelper.cs(29,19): warning MA0054: Embed the caught exception as innerException (https://github.com/meziantou/Meziantou.Analyzer/blob/main/docs/Rules/MA0054.md) [C:\Projects\Hazina\src\Core\Agents\Hazina.AgentFactory\Hazina.AgentFactory.csproj::TargetFramework=net8.0]
C:\Projects\Hazina\src\Core\Agents\Hazina.AgentFactory\Configuration\Formatters\StoreConfigFormatHelper.cs(31,19): warning MA0054: Embed the caught exception as innerException (https://github.com/meziantou/Meziantou.Analyzer/blob/main/docs/Rules/MA0054.md) [C:\Projects\Hazina\src\Core\Agents\Hazina.AgentFactory\Hazina.AgentFactory.csproj::TargetFramework=net8.0]
C:\Projects\Hazina\src\Core\Agents\Hazina.AgentFactory\Configuration\Formatters\AgentConfigFormatHelper.cs(41,46): warning SA1503: Braces should not be omitted (https://github.com/DotNetAnalyzers/StyleCopAnalyzers/blob/master/documentation/SA1503.md) [C:\Projects\Hazina\src\Core\Agents\Hazina.AgentFactory\Hazina.AgentFactory.csproj::TargetFramework=net8.0]
C:\Projects\Hazina\src\Core\Agents\Hazina.AgentFactory\Configuration\Formatters\AgentConfigFormatHelper.cs(44,13): warning SA1503: Braces should not be omitted (https://github.com/DotNetAnalyzers/StyleCopAnalyzers/blob/master/documentation/SA1503.md) [C:\Projects\Hazina\src\Core\Agents\Hazina.AgentFactory\Hazina.AgentFactory.csproj::TargetFramework=net8.0]
C:\Projects\Hazina\src\Core\Agents\Hazina.AgentFactory\Configuration\Formatters\AgentConfigFormatHelper.cs(47,13): warning SA1503: Braces should not be omitted (https://github.com/DotNetAnalyzers/StyleCopAnalyzers/blob/master/documentation/SA1503.md) [C:\Projects\Hazina\src\Core\Agents\Hazina.AgentFactory\Hazina.AgentFactory.csproj::TargetFramework=net8.0]
C:\Projects\Hazina\src\Core\Agents\Hazina.AgentFactory\Configuration\Formatters\AgentConfigFormatHelper.cs(50,13): warning SA1503: Braces should not be omitted (https://github.com/DotNetAnalyzers/StyleCopAnalyzers/blob/master/documentation/SA1503.md) [C:\Projects\Hazina\src\Core\Agents\Hazina.AgentFactory\Hazina.AgentFactory.csproj::TargetFramework=net8.0]
C:\Projects\Hazina\src\Core\Agents\Hazina.AgentFactory\Configuration\Formatters\FlowConfigFormatHelper.cs(41,31): warning CA1866: Use 'string.StartsWith(char)' instead of 'string.StartsWith(string)' when you have a string with a single char (https://learn.microsoft.com/dotnet/fundamentals/code-analysis/quality-rules/ca1866) [C:\Projects\Hazina\src\Core\Agents\Hazina.AgentFactory\Hazina.AgentFactory.csproj::TargetFramework=net8.0]
C:\Projects\Hazina\src\Core\Agents\Hazina.AgentFactory\Configuration\Formatters\FlowConfigFormatHelper.cs(41,58): warning CA1866: Use 'string.StartsWith(char)' instead of 'string.StartsWith(string)' when you have a string with a single char (https://learn.microsoft.com/dotnet/fundamentals/code-analysis/quality-rules/ca1866) [C:\Projects\Hazina\src\Core\Agents\Hazina.AgentFactory\Hazina.AgentFactory.csproj::TargetFramework=net8.0]
C:\Projects\Hazina\src\Core\Agents\Hazina.AgentFactory\Configuration\Formatters\FlowConfigFormatHelper.cs(44,31): warning CA1866: Use 'string.StartsWith(char)' instead of 'string.StartsWith(string)' when you have a string with a single char (https://learn.microsoft.com/dotnet/fundamentals/code-analysis/quality-rules/ca1866) [C:\Projects\Hazina\src\Core\Agents\Hazina.AgentFactory\Hazina.AgentFactory.csproj::TargetFramework=net8.0]
C:\Projects\Hazina\src\Core\Agents\Hazina.AgentFactory\Configuration\Formatters\AgentConfigFormatHelper.cs(19,13): warning CA1031: Modify 'AutoDetectAndParse' to catch a more specific allowed exception type, or rethrow the exception (https://learn.microsoft.com/dotnet/fundamentals/code-analysis/quality-rules/ca1031) [C:\Projects\Hazina\src\Core\Agents\Hazina.AgentFactory\Hazina.AgentFactory.csproj::TargetFramework=net8.0]
C:\Projects\Hazina\src\Core\Agents\Hazina.AgentFactory\Configuration\Formatters\FlowConfigFormatHelper.cs(44,58): warning CA1847: Use 'string.Contains(char)' instead of 'string.Contains(string)' when searching for a single character (https://learn.microsoft.com/dotnet/fundamentals/code-analysis/quality-rules/ca1847) [C:\Projects\Hazina\src\Core\Agents\Hazina.AgentFactory\Hazina.AgentFactory.csproj::TargetFramework=net8.0]
C:\Projects\Hazina\src\Core\Agents\Hazina.AgentFactory\Configuration\Formatters\FlowConfigFormatHelper.cs(44,83): warning CA1847: Use 'string.Contains(char)' instead of 'string.Contains(string)' when searching for a single character (https://learn.microsoft.com/dotnet/fundamentals/code-analysis/quality-rules/ca1847) [C:\Projects\Hazina\src\Core\Agents\Hazina.AgentFactory\Hazina.AgentFactory.csproj::TargetFramework=net8.0]
C:\Projects\Hazina\src\Core\Agents\Hazina.AgentFactory\Configuration\Formatters\AgentConfigFormatHelper.cs(43,31): warning CA1866: Use 'string.StartsWith(char)' instead of 'string.StartsWith(string)' when you have a string with a single char (https://learn.microsoft.com/dotnet/fundamentals/code-analysis/quality-rules/ca1866) [C:\Projects\Hazina\src\Core\Agents\Hazina.AgentFactory\Hazina.AgentFactory.csproj::TargetFramework=net8.0]
C:\Projects\Hazina\src\Core\Agents\Hazina.AgentFactory\Configuration\Formatters\AgentConfigFormatHelper.cs(43,58): warning CA1866: Use 'string.StartsWith(char)' instead of 'string.StartsWith(string)' when you have a string with a single char (https://learn.microsoft.com/dotnet/fundamentals/code-analysis/quality-rules/ca1866) [C:\Projects\Hazina\src\Core\Agents\Hazina.AgentFactory\Hazina.AgentFactory.csproj::TargetFramework=net8.0]
C:\Projects\Hazina\src\Core\Agents\Hazina.AgentFactory\Configuration\Formatters\AgentConfigFormatHelper.cs(46,31): warning CA1866: Use 'string.StartsWith(char)' instead of 'string.StartsWith(string)' when you have a string with a single char (https://learn.microsoft.com/dotnet/fundamentals/code-analysis/quality-rules/ca1866) [C:\Projects\Hazina\src\Core\Agents\Hazina.AgentFactory\Hazina.AgentFactory.csproj::TargetFramework=net8.0]
C:\Projects\Hazina\src\Core\Agents\Hazina.AgentFactory\Configuration\Formatters\FlowConfigFormatHelper.cs(41,13): warning CA1310: The behavior of 'string.StartsWith(string)' could vary based on the current user's locale settings. Replace this call in 'FlowConfigFormatHelper.IsLikelyJson(string)' with a call to 'string.StartsWith(string, System.StringComparison)'. (https://learn.microsoft.com/dotnet/fundamentals/code-analysis/quality-rules/ca1310) [C:\Projects\Hazina\src\Core\Agents\Hazina.AgentFactory\Hazina.AgentFactory.csproj::TargetFramework=net8.0]
C:\Projects\Hazina\src\Core\Agents\Hazina.AgentFactory\Configuration\Formatters\FlowConfigFormatHelper.cs(41,40): warning CA1310: The behavior of 'string.StartsWith(string)' could vary based on the current user's locale settings. Replace this call in 'FlowConfigFormatHelper.IsLikelyJson(string)' with a call to 'string.StartsWith(string, System.StringComparison)'. (https://learn.microsoft.com/dotnet/fundamentals/code-analysis/quality-rules/ca1310) [C:\Projects\Hazina\src\Core\Agents\Hazina.AgentFactory\Hazina.AgentFactory.csproj::TargetFramework=net8.0]
C:\Projects\Hazina\src\Core\Agents\Hazina.AgentFactory\Configuration\Formatters\FlowConfigFormatHelper.cs(44,13): warning CA1310: The behavior of 'string.StartsWith(string)' could vary based on the current user's locale settings. Replace this call in 'FlowConfigFormatHelper.IsLikelyJson(string)' with a call to 'string.StartsWith(string, System.StringComparison)'. (https://learn.microsoft.com/dotnet/fundamentals/code-analysis/quality-rules/ca1310) [C:\Projects\Hazina\src\Core\Agents\Hazina.AgentFactory\Hazina.AgentFactory.csproj::TargetFramework=net8.0]
C:\Projects\Hazina\src\Core\Agents\Hazina.AgentFactory\Configuration\Formatters\FlowConfigFormatHelper.cs(44,41): warning CA1307: 'string.Contains(string)' has a method overload that takes a 'StringComparison' parameter. Replace this call in 'FlowConfigFormatHelper.IsLikelyJson(string)' with a call to 'string.Contains(string, System.StringComparison)' for clarity of intent. (https://learn.microsoft.com/dotnet/fundamentals/code-analysis/quality-rules/ca1307) [C:\Projects\Hazina\src\Core\Agents\Hazina.AgentFactory\Hazina.AgentFactory.csproj::TargetFramework=net8.0]
C:\Projects\Hazina\src\Core\Agents\Hazina.AgentFactory\Configuration\Formatters\FlowConfigFormatHelper.cs(44,66): warning CA1307: 'string.Contains(string)' has a method overload that takes a 'StringComparison' parameter. Replace this call in 'FlowConfigFormatHelper.IsLikelyJson(string)' with a call to 'string.Contains(string, System.StringComparison)' for clarity of intent. (https://learn.microsoft.com/dotnet/fundamentals/code-analysis/quality-rules/ca1307) [C:\Projects\Hazina\src\Core\Agents\Hazina.AgentFactory\Hazina.AgentFactory.csproj::TargetFramework=net8.0]
C:\Projects\Hazina\src\Core\Agents\Hazina.AgentFactory\Configuration\Formatters\FlowConfigFormatHelper.cs(47,13): warning CA1310: The behavior of 'string.StartsWith(string)' could vary based on the current user's locale settings. Replace this call in 'FlowConfigFormatHelper.IsLikelyJson(string)' with a call to 'string.StartsWith(string, System.StringComparison)'. (https://learn.microsoft.com/dotnet/fundamentals/code-analysis/quality-rules/ca1310) [C:\Projects\Hazina\src\Core\Agents\Hazina.AgentFactory\Hazina.AgentFactory.csproj::TargetFramework=net8.0]
C:\Projects\Hazina\src\Core\Agents\Hazina.AgentFactory\Models\StoreEntry.cs(12,44): warning SA1501: Statement should not be on a single line (https://github.com/DotNetAnalyzers/StyleCopAnalyzers/blob/master/documentation/SA1501.md) [C:\Projects\Hazina\src\Core\Agents\Hazina.AgentFactory\Hazina.AgentFactory.csproj::TargetFramework=net8.0]
C:\Projects\Hazina\src\Core\Agents\Hazina.AgentFactory\Models\StoreEntry.cs(12,66): warning SA1107: Code should not contain multiple statements on one line (https://github.com/DotNetAnalyzers/StyleCopAnalyzers/blob/master/documentation/SA1107.md) [C:\Projects\Hazina\src\Core\Agents\Hazina.AgentFactory\Hazina.AgentFactory.csproj::TargetFramework=net8.0]
C:\Projects\Hazina\src\Core\Agents\Hazina.AgentFactory\Configuration\Formatters\AgentConfigFormatHelper.cs(46,58): warning CA1847: Use 'string.Contains(char)' instead of 'string.Contains(string)' when searching for a single character (https://learn.microsoft.com/dotnet/fundamentals/code-analysis/quality-rules/ca1847) [C:\Projects\Hazina\src\Core\Agents\Hazina.AgentFactory\Hazina.AgentFactory.csproj::TargetFramework=net8.0]
C:\Projects\Hazina\src\Core\Agents\Hazina.AgentFactory\Configuration\Formatters\AgentConfigFormatHelper.cs(46,83): warning CA1847: Use 'string.Contains(char)' instead of 'string.Contains(string)' when searching for a single character (https://learn.microsoft.com/dotnet/fundamentals/code-analysis/quality-rules/ca1847) [C:\Projects\Hazina\src\Core\Agents\Hazina.AgentFactory\Hazina.AgentFactory.csproj::TargetFramework=net8.0]
C:\Projects\Hazina\src\Core\Agents\Hazina.AgentFactory\Configuration\Formatters\FlowConfigFormatHelper.cs(47,9): warning MA0140: Both if and else branch have identical code (https://github.com/meziantou/Meziantou.Analyzer/blob/main/docs/Rules/MA0140.md) [C:\Projects\Hazina\src\Core\Agents\Hazina.AgentFactory\Hazina.AgentFactory.csproj::TargetFramework=net8.0]
C:\Projects\Hazina\src\Core\Agents\Hazina.AgentFactory\Configuration\Formatters\AgentConfigFormatHelper.cs(43,13): warning CA1310: The behavior of 'string.StartsWith(string)' could vary based on the current user's locale settings. Replace this call in 'AgentConfigFormatHelper.IsLikelyJson(string)' with a call to 'string.StartsWith(string, System.StringComparison)'. (https://learn.microsoft.com/dotnet/fundamentals/code-analysis/quality-rules/ca1310) [C:\Projects\Hazina\src\Core\Agents\Hazina.AgentFactory\Hazina.AgentFactory.csproj::TargetFramework=net8.0]
C:\Projects\Hazina\src\Core\Agents\Hazina.AgentFactory\Configuration\Formatters\AgentConfigFormatHelper.cs(43,40): warning CA1310: The behavior of 'string.StartsWith(string)' could vary based on the current user's locale settings. Replace this call in 'AgentConfigFormatHelper.IsLikelyJson(string)' with a call to 'string.StartsWith(string, System.StringComparison)'. (https://learn.microsoft.com/dotnet/fundamentals/code-analysis/quality-rules/ca1310) [C:\Projects\Hazina\src\Core\Agents\Hazina.AgentFactory\Hazina.AgentFactory.csproj::TargetFramework=net8.0]
C:\Projects\Hazina\src\Core\Agents\Hazina.AgentFactory\Configuration\Formatters\AgentConfigFormatHelper.cs(46,13): warning CA1310: The behavior of 'string.StartsWith(string)' could vary based on the current user's locale settings. Replace this call in 'AgentConfigFormatHelper.IsLikelyJson(string)' with a call to 'string.StartsWith(string, System.StringComparison)'. (https://learn.microsoft.com/dotnet/fundamentals/code-analysis/quality-rules/ca1310) [C:\Projects\Hazina\src\Core\Agents\Hazina.AgentFactory\Hazina.AgentFactory.csproj::TargetFramework=net8.0]
C:\Projects\Hazina\src\Core\Agents\Hazina.AgentFactory\Configuration\Formatters\AgentConfigFormatHelper.cs(46,41): warning CA1307: 'string.Contains(string)' has a method overload that takes a 'StringComparison' parameter. Replace this call in 'AgentConfigFormatHelper.IsLikelyJson(string)' with a call to 'string.Contains(string, System.StringComparison)' for clarity of intent. (https://learn.microsoft.com/dotnet/fundamentals/code-analysis/quality-rules/ca1307) [C:\Projects\Hazina\src\Core\Agents\Hazina.AgentFactory\Hazina.AgentFactory.csproj::TargetFramework=net8.0]
C:\Projects\Hazina\src\Core\Agents\Hazina.AgentFactory\Configuration\Formatters\AgentConfigFormatHelper.cs(46,66): warning CA1307: 'string.Contains(string)' has a method overload that takes a 'StringComparison' parameter. Replace this call in 'AgentConfigFormatHelper.IsLikelyJson(string)' with a call to 'string.Contains(string, System.StringComparison)' for clarity of intent. (https://learn.microsoft.com/dotnet/fundamentals/code-analysis/quality-rules/ca1307) [C:\Projects\Hazina\src\Core\Agents\Hazina.AgentFactory\Hazina.AgentFactory.csproj::TargetFramework=net8.0]
C:\Projects\Hazina\src\Core\Agents\Hazina.AgentFactory\Configuration\Formatters\AgentConfigFormatHelper.cs(49,13): warning CA1310: The behavior of 'string.StartsWith(string)' could vary based on the current user's locale settings. Replace this call in 'AgentConfigFormatHelper.IsLikelyJson(string)' with a call to 'string.StartsWith(string, System.StringComparison)'. (https://learn.microsoft.com/dotnet/fundamentals/code-analysis/quality-rules/ca1310) [C:\Projects\Hazina\src\Core\Agents\Hazina.AgentFactory\Hazina.AgentFactory.csproj::TargetFramework=net8.0]
C:\Projects\Hazina\src\Core\Agents\Hazina.AgentFactory\Models\StoreEntry.cs(12,23): warning MA0006: Use string.Equals instead of NotEquals operator (https://github.com/meziantou/Meziantou.Analyzer/blob/main/docs/Rules/MA0006.md) [C:\Projects\Hazina\src\Core\Agents\Hazina.AgentFactory\Hazina.AgentFactory.csproj::TargetFramework=net8.0]
C:\Projects\Hazina\src\Core\Agents\Hazina.AgentFactory\Configuration\Formatters\AgentConfigFormatHelper.cs(49,9): warning MA0140: Both if and else branch have identical code (https://github.com/meziantou/Meziantou.Analyzer/blob/main/docs/Rules/MA0140.md) [C:\Projects\Hazina\src\Core\Agents\Hazina.AgentFactory\Hazina.AgentFactory.csproj::TargetFramework=net8.0]
C:\Projects\Hazina\src\Core\Agents\Hazina.AgentFactory\Configuration\Formatters\FlowConfigFormatHelper.cs(17,13): warning CA1031: Modify 'AutoDetectAndParse' to catch a more specific allowed exception type, or rethrow the exception (https://learn.microsoft.com/dotnet/fundamentals/code-analysis/quality-rules/ca1031) [C:\Projects\Hazina\src\Core\Agents\Hazina.AgentFactory\Hazina.AgentFactory.csproj::TargetFramework=net8.0]
C:\Projects\Hazina\src\Core\Agents\Hazina.AgentFactory\Configuration\Formatters\StoreConfigFormatHelper.cs(19,13): warning CA1031: Modify 'AutoDetectAndParse' to catch a more specific allowed exception type, or rethrow the exception (https://learn.microsoft.com/dotnet/fundamentals/code-analysis/quality-rules/ca1031) [C:\Projects\Hazina\src\Core\Agents\Hazina.AgentFactory\Hazina.AgentFactory.csproj::TargetFramework=net8.0]
C:\Projects\Hazina\src\Core\Agents\Hazina.AgentFactory\Models\AgentCardModel.cs(25,65): warning SA1107: Code should not contain multiple statements on one line (https://github.com/DotNetAnalyzers/StyleCopAnalyzers/blob/master/documentation/SA1107.md) [C:\Projects\Hazina\src\Core\Agents\Hazina.AgentFactory\Hazina.AgentFactory.csproj::TargetFramework=net8.0]
C:\Projects\Hazina\src\Core\Agents\Hazina.AgentFactory\Configuration\Formatters\StoreConfigFormatHelper.cs(43,21): warning S6610: "StartsWith" overloads that take a "char" should be used (https://rules.sonarsource.com/csharp/RSPEC-6610) [C:\Projects\Hazina\src\Core\Agents\Hazina.AgentFactory\Hazina.AgentFactory.csproj::TargetFramework=net8.0]
C:\Projects\Hazina\src\Core\Agents\Hazina.AgentFactory\Configuration\Formatters\StoreConfigFormatHelper.cs(43,48): warning S6610: "StartsWith" overloads that take a "char" should be used (https://rules.sonarsource.com/csharp/RSPEC-6610) [C:\Projects\Hazina\src\Core\Agents\Hazina.AgentFactory\Hazina.AgentFactory.csproj::TargetFramework=net8.0]
C:\Projects\Hazina\src\Core\Agents\Hazina.AgentFactory\Configuration\Formatters\StoreConfigFormatHelper.cs(46,21): warning S6610: "StartsWith" overloads that take a "char" should be used (https://rules.sonarsource.com/csharp/RSPEC-6610) [C:\Projects\Hazina\src\Core\Agents\Hazina.AgentFactory\Hazina.AgentFactory.csproj::TargetFramework=net8.0]
C:\Projects\Hazina\src\Core\Agents\Hazina.AgentFactory\Configuration\Formatters\StoreConfigFormatHelper.cs(41,46): warning SA1503: Braces should not be omitted (https://github.com/DotNetAnalyzers/StyleCopAnalyzers/blob/master/documentation/SA1503.md) [C:\Projects\Hazina\src\Core\Agents\Hazina.AgentFactory\Hazina.AgentFactory.csproj::TargetFramework=net8.0]
C:\Projects\Hazina\src\Core\Agents\Hazina.AgentFactory\Configuration\Formatters\StoreConfigFormatHelper.cs(44,13): warning SA1503: Braces should not be omitted (https://github.com/DotNetAnalyzers/StyleCopAnalyzers/blob/master/documentation/SA1503.md) [C:\Projects\Hazina\src\Core\Agents\Hazina.AgentFactory\Hazina.AgentFactory.csproj::TargetFramework=net8.0]
C:\Projects\Hazina\src\Core\Agents\Hazina.AgentFactory\Configuration\Formatters\StoreConfigFormatHelper.cs(47,13): warning SA1503: Braces should not be omitted (https://github.com/DotNetAnalyzers/StyleCopAnalyzers/blob/master/documentation/SA1503.md) [C:\Projects\Hazina\src\Core\Agents\Hazina.AgentFactory\Hazina.AgentFactory.csproj::TargetFramework=net8.0]
C:\Projects\Hazina\src\Core\Agents\Hazina.AgentFactory\Configuration\Formatters\StoreConfigFormatHelper.cs(50,13): warning SA1503: Braces should not be omitted (https://github.com/DotNetAnalyzers/StyleCopAnalyzers/blob/master/documentation/SA1503.md) [C:\Projects\Hazina\src\Core\Agents\Hazina.AgentFactory\Hazina.AgentFactory.csproj::TargetFramework=net8.0]
C:\Projects\Hazina\src\Core\Agents\Hazina.AgentFactory\Configuration\Parsers\HazinaAgentConfigParser.cs(163,13): warning CA1305: The behavior of 'StringBuilder.AppendLine(ref StringBuilder.AppendInterpolatedStringHandler)' could vary based on the current user's locale settings. Replace this call in 'HazinaFlowConfigParser.Serialize(IEnumerable<FlowConfig>)' with a call to 'StringBuilder.AppendLine(IFormatProvider, ref StringBuilder.AppendInterpolatedStringHandler)'. (https://learn.microsoft.com/dotnet/fundamentals/code-analysis/quality-rules/ca1305) [C:\Projects\Hazina\src\Core\Agents\Hazina.AgentFactory\Hazina.AgentFactory.csproj::TargetFramework=net8.0]
C:\Projects\Hazina\src\Core\Agents\Hazina.AgentFactory\Configuration\Formatters\StoreConfigFormatHelper.cs(43,31): warning CA1866: Use 'string.StartsWith(char)' instead of 'string.StartsWith(string)' when you have a string with a single char (https://learn.microsoft.com/dotnet/fundamentals/code-analysis/quality-rules/ca1866) [C:\Projects\Hazina\src\Core\Agents\Hazina.AgentFactory\Hazina.AgentFactory.csproj::TargetFramework=net8.0]
C:\Projects\Hazina\src\Core\Agents\Hazina.AgentFactory\Configuration\Formatters\StoreConfigFormatHelper.cs(43,58): warning CA1866: Use 'string.StartsWith(char)' instead of 'string.StartsWith(string)' when you have a string with a single char (https://learn.microsoft.com/dotnet/fundamentals/code-analysis/quality-rules/ca1866) [C:\Projects\Hazina\src\Core\Agents\Hazina.AgentFactory\Hazina.AgentFactory.csproj::TargetFramework=net8.0]
C:\Projects\Hazina\src\Core\Agents\Hazina.AgentFactory\Configuration\Formatters\StoreConfigFormatHelper.cs(46,31): warning CA1866: Use 'string.StartsWith(char)' instead of 'string.StartsWith(string)' when you have a string with a single char (https://learn.microsoft.com/dotnet/fundamentals/code-analysis/quality-rules/ca1866) [C:\Projects\Hazina\src\Core\Agents\Hazina.AgentFactory\Hazina.AgentFactory.csproj::TargetFramework=net8.0]
C:\Projects\Hazina\src\Core\Agents\Hazina.AgentFactory\Configuration\Parsers\HazinaAgentConfigParser.cs(164,13): warning CA1305: The behavior of 'StringBuilder.AppendLine(ref StringBuilder.AppendInterpolatedStringHandler)' could vary based on the current user's locale settings. Replace this call in 'HazinaFlowConfigParser.Serialize(IEnumerable<FlowConfig>)' with a call to 'StringBuilder.AppendLine(IFormatProvider, ref StringBuilder.AppendInterpolatedStringHandler)'. (https://learn.microsoft.com/dotnet/fundamentals/code-analysis/quality-rules/ca1305) [C:\Projects\Hazina\src\Core\Agents\Hazina.AgentFactory\Hazina.AgentFactory.csproj::TargetFramework=net8.0]
C:\Projects\Hazina\src\Core\Agents\Hazina.AgentFactory\Configuration\Parsers\HazinaAgentConfigParser.cs(165,13): warning CA1305: The behavior of 'StringBuilder.AppendLine(ref StringBuilder.AppendInterpolatedStringHandler)' could vary based on the current user's locale settings. Replace this call in 'HazinaFlowConfigParser.Serialize(IEnumerable<FlowConfig>)' with a call to 'StringBuilder.AppendLine(IFormatProvider, ref StringBuilder.AppendInterpolatedStringHandler)'. (https://learn.microsoft.com/dotnet/fundamentals/code-analysis/quality-rules/ca1305) [C:\Projects\Hazina\src\Core\Agents\Hazina.AgentFactory\Hazina.AgentFactory.csproj::TargetFramework=net8.0]
C:\Projects\Hazina\src\Core\Agents\Hazina.AgentFactory\Configuration\Formatters\StoreConfigFormatHelper.cs(46,58): warning CA1847: Use 'string.Contains(char)' instead of 'string.Contains(string)' when searching for a single character (https://learn.microsoft.com/dotnet/fundamentals/code-analysis/quality-rules/ca1847) [C:\Projects\Hazina\src\Core\Agents\Hazina.AgentFactory\Hazina.AgentFactory.csproj::TargetFramework=net8.0]
C:\Projects\Hazina\src\Core\Agents\Hazina.AgentFactory\Configuration\Formatters\StoreConfigFormatHelper.cs(46,83): warning CA1847: Use 'string.Contains(char)' instead of 'string.Contains(string)' when searching for a single character (https://learn.microsoft.com/dotnet/fundamentals/code-analysis/quality-rules/ca1847) [C:\Projects\Hazina\src\Core\Agents\Hazina.AgentFactory\Hazina.AgentFactory.csproj::TargetFramework=net8.0]
C:\Projects\Hazina\src\Core\Agents\Hazina.AgentFactory\Models\FlowCardModels.cs(27,42): warning SA1501: Statement should not be on a single line (https://github.com/DotNetAnalyzers/StyleCopAnalyzers/blob/master/documentation/SA1501.md) [C:\Projects\Hazina\src\Core\Agents\Hazina.AgentFactory\Hazina.AgentFactory.csproj::TargetFramework=net8.0]
C:\Projects\Hazina\src\Core\Agents\Hazina.AgentFactory\Models\FlowCardModels.cs(27,66): warning SA1107: Code should not contain multiple statements on one line (https://github.com/DotNetAnalyzers/StyleCopAnalyzers/blob/master/documentation/SA1107.md) [C:\Projects\Hazina\src\Core\Agents\Hazina.AgentFactory\Hazina.AgentFactory.csproj::TargetFramework=net8.0]
C:\Projects\Hazina\src\Core\Agents\Hazina.AgentFactory\Configuration\Formatters\StoreConfigFormatHelper.cs(43,13): warning CA1310: The behavior of 'string.StartsWith(string)' could vary based on the current user's locale settings. Replace this call in 'StoreConfigFormatHelper.IsLikelyJson(string)' with a call to 'string.StartsWith(string, System.StringComparison)'. (https://learn.microsoft.com/dotnet/fundamentals/code-analysis/quality-rules/ca1310) [C:\Projects\Hazina\src\Core\Agents\Hazina.AgentFactory\Hazina.AgentFactory.csproj::TargetFramework=net8.0]
C:\Projects\Hazina\src\Core\Agents\Hazina.AgentFactory\Configuration\Formatters\StoreConfigFormatHelper.cs(43,40): warning CA1310: The behavior of 'string.StartsWith(string)' could vary based on the current user's locale settings. Replace this call in 'StoreConfigFormatHelper.IsLikelyJson(string)' with a call to 'string.StartsWith(string, System.StringComparison)'. (https://learn.microsoft.com/dotnet/fundamentals/code-analysis/quality-rules/ca1310) [C:\Projects\Hazina\src\Core\Agents\Hazina.AgentFactory\Hazina.AgentFactory.csproj::TargetFramework=net8.0]
C:\Projects\Hazina\src\Core\Agents\Hazina.AgentFactory\Configuration\Formatters\StoreConfigFormatHelper.cs(46,13): warning CA1310: The behavior of 'string.StartsWith(string)' could vary based on the current user's locale settings. Replace this call in 'StoreConfigFormatHelper.IsLikelyJson(string)' with a call to 'string.StartsWith(string, System.StringComparison)'. (https://learn.microsoft.com/dotnet/fundamentals/code-analysis/quality-rules/ca1310) [C:\Projects\Hazina\src\Core\Agents\Hazina.AgentFactory\Hazina.AgentFactory.csproj::TargetFramework=net8.0]
C:\Projects\Hazina\src\Core\Agents\Hazina.AgentFactory\Configuration\Formatters\StoreConfigFormatHelper.cs(46,41): warning CA1307: 'string.Contains(string)' has a method overload that takes a 'StringComparison' parameter. Replace this call in 'StoreConfigFormatHelper.IsLikelyJson(string)' with a call to 'string.Contains(string, System.StringComparison)' for clarity of intent. (https://learn.microsoft.com/dotnet/fundamentals/code-analysis/quality-rules/ca1307) [C:\Projects\Hazina\src\Core\Agents\Hazina.AgentFactory\Hazina.AgentFactory.csproj::TargetFramework=net8.0]
C:\Projects\Hazina\src\Core\Agents\Hazina.AgentFactory\Configuration\Formatters\FlowConfigFormatHelper.cs(41,13): warning MA0074: Use an overload of 'StartsWith' that has a StringComparison parameter (https://github.com/meziantou/Meziantou.Analyzer/blob/main/docs/Rules/MA0074.md) [C:\Projects\Hazina\src\Core\Agents\Hazina.AgentFactory\Hazina.AgentFactory.csproj::TargetFramework=net8.0]
C:\Projects\Hazina\src\Core\Agents\Hazina.AgentFactory\Configuration\Formatters\StoreConfigFormatHelper.cs(46,66): warning CA1307: 'string.Contains(string)' has a method overload that takes a 'StringComparison' parameter. Replace this call in 'StoreConfigFormatHelper.IsLikelyJson(string)' with a call to 'string.Contains(string, System.StringComparison)' for clarity of intent. (https://learn.microsoft.com/dotnet/fundamentals/code-analysis/quality-rules/ca1307) [C:\Projects\Hazina\src\Core\Agents\Hazina.AgentFactory\Hazina.AgentFactory.csproj::TargetFramework=net8.0]
C:\Projects\Hazina\src\Core\Agents\Hazina.AgentFactory\Configuration\Formatters\StoreConfigFormatHelper.cs(49,13): warning CA1310: The behavior of 'string.StartsWith(string)' could vary based on the current user's locale settings. Replace this call in 'StoreConfigFormatHelper.IsLikelyJson(string)' with a call to 'string.StartsWith(string, System.StringComparison)'. (https://learn.microsoft.com/dotnet/fundamentals/code-analysis/quality-rules/ca1310) [C:\Projects\Hazina\src\Core\Agents\Hazina.AgentFactory\Hazina.AgentFactory.csproj::TargetFramework=net8.0]
C:\Projects\Hazina\src\Core\Agents\Hazina.AgentFactory\Configuration\Formatters\FlowConfigFormatHelper.cs(41,40): warning MA0074: Use an overload of 'StartsWith' that has a StringComparison parameter (https://github.com/meziantou/Meziantou.Analyzer/blob/main/docs/Rules/MA0074.md) [C:\Projects\Hazina\src\Core\Agents\Hazina.AgentFactory\Hazina.AgentFactory.csproj::TargetFramework=net8.0]
C:\Projects\Hazina\src\Core\Agents\Hazina.AgentFactory\Configuration\Formatters\FlowConfigFormatHelper.cs(44,13): warning MA0074: Use an overload of 'StartsWith' that has a StringComparison parameter (https://github.com/meziantou/Meziantou.Analyzer/blob/main/docs/Rules/MA0074.md) [C:\Projects\Hazina\src\Core\Agents\Hazina.AgentFactory\Hazina.AgentFactory.csproj::TargetFramework=net8.0]
C:\Projects\Hazina\src\Core\Agents\Hazina.AgentFactory\Configuration\Formatters\AgentConfigFormatHelper.cs(43,13): warning MA0074: Use an overload of 'StartsWith' that has a StringComparison parameter (https://github.com/meziantou/Meziantou.Analyzer/blob/main/docs/Rules/MA0074.md) [C:\Projects\Hazina\src\Core\Agents\Hazina.AgentFactory\Hazina.AgentFactory.csproj::TargetFramework=net8.0]
C:\Projects\Hazina\src\Core\Agents\Hazina.AgentFactory\Configuration\Formatters\AgentConfigFormatHelper.cs(43,40): warning MA0074: Use an overload of 'StartsWith' that has a StringComparison parameter (https://github.com/meziantou/Meziantou.Analyzer/blob/main/docs/Rules/MA0074.md) [C:\Projects\Hazina\src\Core\Agents\Hazina.AgentFactory\Hazina.AgentFactory.csproj::TargetFramework=net8.0]
C:\Projects\Hazina\src\Core\Agents\Hazina.AgentFactory\Configuration\StoreConfig.cs(1,1): warning SA1633: The file header is missing or not located at the top of the file. (https://github.com/DotNetAnalyzers/StyleCopAnalyzers/blob/master/documentation/SA1633.md) [C:\Projects\Hazina\src\Core\Agents\Hazina.AgentFactory\Hazina.AgentFactory.csproj::TargetFramework=net8.0]
C:\Projects\Hazina\src\Core\Agents\Hazina.AgentFactory\Configuration\Formatters\FlowConfigFormatHelper.cs(47,13): warning MA0074: Use an overload of 'StartsWith' that has a StringComparison parameter (https://github.com/meziantou/Meziantou.Analyzer/blob/main/docs/Rules/MA0074.md) [C:\Projects\Hazina\src\Core\Agents\Hazina.AgentFactory\Hazina.AgentFactory.csproj::TargetFramework=net8.0]
C:\Projects\Hazina\src\Core\Agents\Hazina.AgentFactory\Configuration\StoreConfig.cs(77,2): warning SA1518: File is required to end with a single newline character (https://github.com/DotNetAnalyzers/StyleCopAnalyzers/blob/master/documentation/SA1518.md) [C:\Projects\Hazina\src\Core\Agents\Hazina.AgentFactory\Hazina.AgentFactory.csproj::TargetFramework=net8.0]
C:\Projects\Hazina\src\Core\Agents\Hazina.AgentFactory\Configuration\Formatters\StoreConfigFormatHelper.cs(49,9): warning MA0140: Both if and else branch have identical code (https://github.com/meziantou/Meziantou.Analyzer/blob/main/docs/Rules/MA0140.md) [C:\Projects\Hazina\src\Core\Agents\Hazina.AgentFactory\Hazina.AgentFactory.csproj::TargetFramework=net8.0]
C:\Projects\Hazina\src\Core\Agents\Hazina.AgentFactory\Configuration\Formatters\AgentConfigFormatHelper.cs(46,13): warning MA0074: Use an overload of 'StartsWith' that has a StringComparison parameter (https://github.com/meziantou/Meziantou.Analyzer/blob/main/docs/Rules/MA0074.md) [C:\Projects\Hazina\src\Core\Agents\Hazina.AgentFactory\Hazina.AgentFactory.csproj::TargetFramework=net8.0]
C:\Projects\Hazina\src\Core\Agents\Hazina.AgentFactory\Configuration\Formatters\AgentConfigFormatHelper.cs(49,13): warning MA0074: Use an overload of 'StartsWith' that has a StringComparison parameter (https://github.com/meziantou/Meziantou.Analyzer/blob/main/docs/Rules/MA0074.md) [C:\Projects\Hazina\src\Core\Agents\Hazina.AgentFactory\Hazina.AgentFactory.csproj::TargetFramework=net8.0]
C:\Projects\Hazina\src\Core\Agents\Hazina.AgentFactory\Models\FlowCardModels.cs(27,19): warning MA0006: Use string.Equals instead of NotEquals operator (https://github.com/meziantou/Meziantou.Analyzer/blob/main/docs/Rules/MA0006.md) [C:\Projects\Hazina\src\Core\Agents\Hazina.AgentFactory\Hazina.AgentFactory.csproj::TargetFramework=net8.0]
C:\Projects\Hazina\src\Core\Agents\Hazina.AgentFactory\Configuration\Formatters\StoreConfigFormatHelper.cs(43,13): warning MA0074: Use an overload of 'StartsWith' that has a StringComparison parameter (https://github.com/meziantou/Meziantou.Analyzer/blob/main/docs/Rules/MA0074.md) [C:\Projects\Hazina\src\Core\Agents\Hazina.AgentFactory\Hazina.AgentFactory.csproj::TargetFramework=net8.0]
C:\Projects\Hazina\src\Core\Agents\Hazina.AgentFactory\Configuration\Formatters\StoreConfigFormatHelper.cs(43,40): warning MA0074: Use an overload of 'StartsWith' that has a StringComparison parameter (https://github.com/meziantou/Meziantou.Analyzer/blob/main/docs/Rules/MA0074.md) [C:\Projects\Hazina\src\Core\Agents\Hazina.AgentFactory\Hazina.AgentFactory.csproj::TargetFramework=net8.0]
C:\Projects\Hazina\src\Core\Agents\Hazina.AgentFactory\Configuration\Formatters\StoreConfigFormatHelper.cs(46,13): warning MA0074: Use an overload of 'StartsWith' that has a StringComparison parameter (https://github.com/meziantou/Meziantou.Analyzer/blob/main/docs/Rules/MA0074.md) [C:\Projects\Hazina\src\Core\Agents\Hazina.AgentFactory\Hazina.AgentFactory.csproj::TargetFramework=net8.0]
C:\Projects\Hazina\src\Core\Agents\Hazina.AgentFactory\Configuration\Validation\AgentConfigValidator.cs(1,1): warning SA1633: The file header is missing or not located at the top of the file. (https://github.com/DotNetAnalyzers/StyleCopAnalyzers/blob/master/documentation/SA1633.md) [C:\Projects\Hazina\src\Core\Agents\Hazina.AgentFactory\Hazina.AgentFactory.csproj::TargetFramework=net8.0]
C:\Projects\Hazina\src\Core\Agents\Hazina.AgentFactory\Configuration\Formatters\StoreConfigFormatHelper.cs(49,13): warning MA0074: Use an overload of 'StartsWith' that has a StringComparison parameter (https://github.com/meziantou/Meziantou.Analyzer/blob/main/docs/Rules/MA0074.md) [C:\Projects\Hazina\src\Core\Agents\Hazina.AgentFactory\Hazina.AgentFactory.csproj::TargetFramework=net8.0]
C:\Projects\Hazina\src\Core\Agents\Hazina.AgentFactory\Models\BuildOutput.cs(34,62): warning S1075: Remove this hardcoded path-delimiter. (https://rules.sonarsource.com/csharp/RSPEC-1075) [C:\Projects\Hazina\src\Core\Agents\Hazina.AgentFactory\Hazina.AgentFactory.csproj::TargetFramework=net8.0]
C:\Projects\Hazina\src\Core\Agents\Hazina.AgentFactory\Models\AgentCardModel.cs(26,89): warning SA1107: Code should not contain multiple statements on one line (https://github.com/DotNetAnalyzers/StyleCopAnalyzers/blob/master/documentation/SA1107.md) [C:\Projects\Hazina\src\Core\Agents\Hazina.AgentFactory\Hazina.AgentFactory.csproj::TargetFramework=net8.0]
C:\Projects\Hazina\src\Core\Agents\Hazina.AgentFactory\Services\Email\IEmailService.cs(8,38): warning CA1716: In virtual/interface member IEmailService.SendEmailAsync(string, string, string, CancellationToken), rename parameter to so that it no longer conflicts with the reserved language keyword 'To'. Using a reserved keyword as the name of a parameter on a virtual/interface member makes it harder for consumers in other languages to override/implement the member. (https://learn.microsoft.com/dotnet/fundamentals/code-analysis/quality-rules/ca1716) [C:\Projects\Hazina\src\Core\Agents\Hazina.AgentFactory\Hazina.AgentFactory.csproj::TargetFramework=net8.0]
C:\Projects\Hazina\src\Core\Agents\Hazina.AgentFactory\Services\Email\IEmailService.cs(9,5): warning MA0016: Prefer using collection abstraction instead of implementation (https://github.com/meziantou/Meziantou.Analyzer/blob/main/docs/Rules/MA0016.md) [C:\Projects\Hazina\src\Core\Agents\Hazina.AgentFactory\Hazina.AgentFactory.csproj::TargetFramework=net8.0]
C:\Projects\Hazina\src\Core\Agents\Hazina.AgentFactory\Models\StoreEntry.cs(17,43): warning SA1501: Statement should not be on a single line (https://github.com/DotNetAnalyzers/StyleCopAnalyzers/blob/master/documentation/SA1501.md) [C:\Projects\Hazina\src\Core\Agents\Hazina.AgentFactory\Hazina.AgentFactory.csproj::TargetFramework=net8.0]
C:\Projects\Hazina\src\Core\Agents\Hazina.AgentFactory\Models\StoreEntry.cs(17,64): warning SA1107: Code should not contain multiple statements on one line (https://github.com/DotNetAnalyzers/StyleCopAnalyzers/blob/master/documentation/SA1107.md) [C:\Projects\Hazina\src\Core\Agents\Hazina.AgentFactory\Hazina.AgentFactory.csproj::TargetFramework=net8.0]
C:\Projects\Hazina\src\Core\Agents\Hazina.AgentFactory\Services\Email\IEmailService.cs(13,5): warning MA0016: Prefer using collection abstraction instead of implementation (https://github.com/meziantou/Meziantou.Analyzer/blob/main/docs/Rules/MA0016.md) [C:\Projects\Hazina\src\Core\Agents\Hazina.AgentFactory\Hazina.AgentFactory.csproj::TargetFramework=net8.0]
C:\Projects\Hazina\src\Core\Agents\Hazina.AgentFactory\Models\StorePaths.cs(7,56): warning SA1503: Braces should not be omitted (https://github.com/DotNetAnalyzers/StyleCopAnalyzers/blob/master/documentation/SA1503.md) [C:\Projects\Hazina\src\Core\Agents\Hazina.AgentFactory\Hazina.AgentFactory.csproj::TargetFramework=net8.0]
C:\Projects\Hazina\src\Core\Agents\Hazina.AgentFactory\Models\StorePaths.cs(8,51): warning SA1503: Braces should not be omitted (https://github.com/DotNetAnalyzers/StyleCopAnalyzers/blob/master/documentation/SA1503.md) [C:\Projects\Hazina\src\Core\Agents\Hazina.AgentFactory\Hazina.AgentFactory.csproj::TargetFramework=net8.0]
C:\Projects\Hazina\src\Core\Agents\Hazina.AgentFactory\Core\StoresAndAgentsAndFlowLoader.cs(16,40): warning CA1707: In member Hazina.AgentFactory.Core.StoresAndAgentsAndFlowLoader.LoadFiles(string, string, string), remove the underscores from parameter name _storesJsonPath (https://learn.microsoft.com/dotnet/fundamentals/code-analysis/quality-rules/ca1707) [C:\Projects\Hazina\src\Core\Agents\Hazina.AgentFactory\Hazina.AgentFactory.csproj::TargetFramework=net8.0]
C:\Projects\Hazina\src\Core\Agents\Hazina.AgentFactory\Configuration\Validation\AgentConfigValidator.cs(15,23): warning CA1002: Change 'List<string>' in 'AgentConfigValidator.AgentConfigValidator(AgentConfig, [List<string>], [List<string>])' to use 'Collection<T>', 'ReadOnlyCollection<T>' or 'KeyedCollection<K,V>' (https://learn.microsoft.com/dotnet/fundamentals/code-analysis/quality-rules/ca1002) [C:\Projects\Hazina\src\Core\Agents\Hazina.AgentFactory\Hazina.AgentFactory.csproj::TargetFramework=net8.0]
C:\Projects\Hazina\src\Core\Agents\Hazina.AgentFactory\Core\StoresAndAgentsAndFlowLoader.cs(16,64): warning CA1707: In member Hazina.AgentFactory.Core.StoresAndAgentsAndFlowLoader.LoadFiles(string, string, string), remove the underscores from parameter name _agentsJsonPath (https://learn.microsoft.com/dotnet/fundamentals/code-analysis/quality-rules/ca1707) [C:\Projects\Hazina\src\Core\Agents\Hazina.AgentFactory\Hazina.AgentFactory.csproj::TargetFramework=net8.0]
C:\Projects\Hazina\src\Core\Agents\Hazina.AgentFactory\Configuration\Validation\AgentConfigValidator.cs(16,23): warning CA1002: Change 'List<string>' in 'AgentConfigValidator.AgentConfigValidator(AgentConfig, [List<string>], [List<string>])' to use 'Collection<T>', 'ReadOnlyCollection<T>' or 'KeyedCollection<K,V>' (https://learn.microsoft.com/dotnet/fundamentals/code-analysis/quality-rules/ca1002) [C:\Projects\Hazina\src\Core\Agents\Hazina.AgentFactory\Hazina.AgentFactory.csproj::TargetFramework=net8.0]
C:\Projects\Hazina\src\Core\Agents\Hazina.AgentFactory\Core\StoresAndAgentsAndFlowLoader.cs(16,88): warning CA1707: In member Hazina.AgentFactory.Core.StoresAndAgentsAndFlowLoader.LoadFiles(string, string, string), remove the underscores from parameter name _flowsJsonPath (https://learn.microsoft.com/dotnet/fundamentals/code-analysis/quality-rules/ca1707) [C:\Projects\Hazina\src\Core\Agents\Hazina.AgentFactory\Hazina.AgentFactory.csproj::TargetFramework=net8.0]
C:\Projects\Hazina\src\Core\Agents\Hazina.AgentFactory\Models\FlowCardModels.cs(33,42): warning SA1501: Statement should not be on a single line (https://github.com/DotNetAnalyzers/StyleCopAnalyzers/blob/master/documentation/SA1501.md) [C:\Projects\Hazina\src\Core\Agents\Hazina.AgentFactory\Hazina.AgentFactory.csproj::TargetFramework=net8.0]
C:\Projects\Hazina\src\Core\Agents\Hazina.AgentFactory\Configuration\Validation\AgentConfigValidator.cs(15,9): warning MA0016: Prefer using collection abstraction instead of implementation (https://github.com/meziantou/Meziantou.Analyzer/blob/main/docs/Rules/MA0016.md) [C:\Projects\Hazina\src\Core\Agents\Hazina.AgentFactory\Hazina.AgentFactory.csproj::TargetFramework=net8.0]
C:\Projects\Hazina\src\Core\Agents\Hazina.AgentFactory\Configuration\Validation\AgentConfigValidator.cs(16,9): warning MA0016: Prefer using collection abstraction instead of implementation (https://github.com/meziantou/Meziantou.Analyzer/blob/main/docs/Rules/MA0016.md) [C:\Projects\Hazina\src\Core\Agents\Hazina.AgentFactory\Hazina.AgentFactory.csproj::TargetFramework=net8.0]
C:\Projects\Hazina\src\Core\Agents\Hazina.AgentFactory\Models\FlowCardModels.cs(33,66): warning SA1107: Code should not contain multiple statements on one line (https://github.com/DotNetAnalyzers/StyleCopAnalyzers/blob/master/documentation/SA1107.md) [C:\Projects\Hazina\src\Core\Agents\Hazina.AgentFactory\Hazina.AgentFactory.csproj::TargetFramework=net8.0]
C:\Projects\Hazina\src\Core\Agents\Hazina.AgentFactory\Services\Execution\AgentExecutionService.cs(24,33): warning CA1002: Change 'List<HazinaChatMessage>' in 'AgentExecutionService.AgentExecutionService(Dictionary<string, HazinaAgent>, Dictionary<string, HazinaFlow>, List<HazinaChatMessage>, Func<bool>, Action<bool>)' to use 'Collection<T>', 'ReadOnlyCollection<T>' or 'KeyedCollection<K,V>' (https://learn.microsoft.com/dotnet/fundamentals/code-analysis/quality-rules/ca1002) [C:\Projects\Hazina\src\Core\Agents\Hazina.AgentFactory\Hazina.AgentFactory.csproj::TargetFramework=net8.0]
C:\Projects\Hazina\src\Core\Agents\Hazina.AgentFactory\Services\Execution\AgentExecutionService.cs(22,9): warning MA0016: Prefer using collection abstraction instead of implementation (https://github.com/meziantou/Meziantou.Analyzer/blob/main/docs/Rules/MA0016.md) [C:\Projects\Hazina\src\Core\Agents\Hazina.AgentFactory\Hazina.AgentFactory.csproj::TargetFramework=net8.0]
C:\Projects\Hazina\src\Core\Agents\Hazina.AgentFactory\Services\Execution\AgentExecutionService.cs(23,9): warning MA0016: Prefer using collection abstraction instead of implementation (https://github.com/meziantou/Meziantou.Analyzer/blob/main/docs/Rules/MA0016.md) [C:\Projects\Hazina\src\Core\Agents\Hazina.AgentFactory\Hazina.AgentFactory.csproj::TargetFramework=net8.0]
C:\Projects\Hazina\src\Core\Agents\Hazina.AgentFactory\Services\Execution\AgentExecutionService.cs(24,9): warning MA0016: Prefer using collection abstraction instead of implementation (https://github.com/meziantou/Meziantou.Analyzer/blob/main/docs/Rules/MA0016.md) [C:\Projects\Hazina\src\Core\Agents\Hazina.AgentFactory\Hazina.AgentFactory.csproj::TargetFramework=net8.0]
C:\Projects\Hazina\src\Core\Agents\Hazina.AgentFactory\Configuration\Validation\ConfigurationResult.cs(1,1): warning SA1633: The file header is missing or not located at the top of the file. (https://github.com/DotNetAnalyzers/StyleCopAnalyzers/blob/master/documentation/SA1633.md) [C:\Projects\Hazina\src\Core\Agents\Hazina.AgentFactory\Hazina.AgentFactory.csproj::TargetFramework=net8.0]
C:\Projects\Hazina\src\Core\Agents\Hazina.AgentFactory\Models\AgentCardModel.cs(27,96): warning SA1107: Code should not contain multiple statements on one line (https://github.com/DotNetAnalyzers/StyleCopAnalyzers/blob/master/documentation/SA1107.md) [C:\Projects\Hazina\src\Core\Agents\Hazina.AgentFactory\Hazina.AgentFactory.csproj::TargetFramework=net8.0]
C:\Projects\Hazina\src\Core\Agents\Hazina.AgentFactory\Configuration\Parsers\HazinaAgentConfigParser.cs(161,31): warning CA1062: In externally visible method 'string HazinaFlowConfigParser.Serialize(IEnumerable<FlowConfig> agents)', validate parameter 'agents' is non-null before using it. If appropriate, throw an 'ArgumentNullException' when the argument is 'null'. (https://learn.microsoft.com/dotnet/fundamentals/code-analysis/quality-rules/ca1062) [C:\Projects\Hazina\src\Core\Agents\Hazina.AgentFactory\Hazina.AgentFactory.csproj::TargetFramework=net8.0]
C:\Projects\Hazina\src\Core\Agents\Hazina.AgentFactory\Core\StoresAndAgentsAndFlowLoader.cs(22,13): warning SA1503: Braces should not be omitted (https://github.com/DotNetAnalyzers/StyleCopAnalyzers/blob/master/documentation/SA1503.md) [C:\Projects\Hazina\src\Core\Agents\Hazina.AgentFactory\Hazina.AgentFactory.csproj::TargetFramework=net8.0]
C:\Projects\Hazina\src\Core\Agents\Hazina.AgentFactory\Core\StoresAndAgentsAndFlowLoader.cs(24,13): warning SA1503: Braces should not be omitted (https://github.com/DotNetAnalyzers/StyleCopAnalyzers/blob/master/documentation/SA1503.md) [C:\Projects\Hazina\src\Core\Agents\Hazina.AgentFactory\Hazina.AgentFactory.csproj::TargetFramework=net8.0]
C:\Projects\Hazina\src\Core\Agents\Hazina.AgentFactory\Core\StoresAndAgentsAndFlowLoader.cs(26,13): warning SA1503: Braces should not be omitted (https://github.com/DotNetAnalyzers/StyleCopAnalyzers/blob/master/documentation/SA1503.md) [C:\Projects\Hazina\src\Core\Agents\Hazina.AgentFactory\Hazina.AgentFactory.csproj::TargetFramework=net8.0]
C:\Projects\Hazina\src\Core\Agents\Hazina.AgentFactory\Core\StoresAndAgentsAndFlowLoader.cs(16,40): warning SA1313: Parameter '_storesJsonPath' should begin with lower-case letter (https://github.com/DotNetAnalyzers/StyleCopAnalyzers/blob/master/documentation/SA1313.md) [C:\Projects\Hazina\src\Core\Agents\Hazina.AgentFactory\Hazina.AgentFactory.csproj::TargetFramework=net8.0]
C:\Projects\Hazina\src\Core\Agents\Hazina.AgentFactory\Core\StoresAndAgentsAndFlowLoader.cs(16,64): warning SA1313: Parameter '_agentsJsonPath' should begin with lower-case letter (https://github.com/DotNetAnalyzers/StyleCopAnalyzers/blob/master/documentation/SA1313.md) [C:\Projects\Hazina\src\Core\Agents\Hazina.AgentFactory\Hazina.AgentFactory.csproj::TargetFramework=net8.0]
C:\Projects\Hazina\src\Core\Agents\Hazina.AgentFactory\Core\StoresAndAgentsAndFlowLoader.cs(16,88): warning SA1313: Parameter '_flowsJsonPath' should begin with lower-case letter (https://github.com/DotNetAnalyzers/StyleCopAnalyzers/blob/master/documentation/SA1313.md) [C:\Projects\Hazina\src\Core\Agents\Hazina.AgentFactory\Hazina.AgentFactory.csproj::TargetFramework=net8.0]
C:\Projects\Hazina\src\Core\Agents\Hazina.AgentFactory\Models\AgentCardModel.cs(28,102): warning SA1107: Code should not contain multiple statements on one line (https://github.com/DotNetAnalyzers/StyleCopAnalyzers/blob/master/documentation/SA1107.md) [C:\Projects\Hazina\src\Core\Agents\Hazina.AgentFactory\Hazina.AgentFactory.csproj::TargetFramework=net8.0]
C:\Projects\Hazina\src\Core\Agents\Hazina.AgentFactory\Core\StoresAndAgentsAndFlowLoader.cs(27,22): warning CA1849: 'File.ReadAllText(string)' synchronously blocks. Await 'File.ReadAllTextAsync(string, CancellationToken)' instead. (https://learn.microsoft.com/dotnet/fundamentals/code-analysis/quality-rules/ca1849) [C:\Projects\Hazina\src\Core\Agents\Hazina.AgentFactory\Hazina.AgentFactory.csproj::TargetFramework=net8.0]
C:\Projects\Hazina\src\Core\Agents\Hazina.AgentFactory\Core\StoresAndAgentsAndFlowLoader.cs(28,22): warning CA1849: 'File.ReadAllText(string)' synchronously blocks. Await 'File.ReadAllTextAsync(string, CancellationToken)' instead. (https://learn.microsoft.com/dotnet/fundamentals/code-analysis/quality-rules/ca1849) [C:\Projects\Hazina\src\Core\Agents\Hazina.AgentFactory\Hazina.AgentFactory.csproj::TargetFramework=net8.0]
C:\Projects\Hazina\src\Core\Agents\Hazina.AgentFactory\Models\FlowCardModels.cs(39,44): warning SA1501: Statement should not be on a single line (https://github.com/DotNetAnalyzers/StyleCopAnalyzers/blob/master/documentation/SA1501.md) [C:\Projects\Hazina\src\Core\Agents\Hazina.AgentFactory\Hazina.AgentFactory.csproj::TargetFramework=net8.0]
C:\Projects\Hazina\src\Core\Agents\Hazina.AgentFactory\Models\FlowCardModels.cs(39,70): warning SA1107: Code should not contain multiple statements on one line (https://github.com/DotNetAnalyzers/StyleCopAnalyzers/blob/master/documentation/SA1107.md) [C:\Projects\Hazina\src\Core\Agents\Hazina.AgentFactory\Hazina.AgentFactory.csproj::TargetFramework=net8.0]
C:\Projects\Hazina\src\Core\Agents\Hazina.AgentFactory\Core\StoresAndAgentsAndFlowLoader.cs(29,21): warning CA1849: 'File.ReadAllText(string)' synchronously blocks. Await 'File.ReadAllTextAsync(string, CancellationToken)' instead. (https://learn.microsoft.com/dotnet/fundamentals/code-analysis/quality-rules/ca1849) [C:\Projects\Hazina\src\Core\Agents\Hazina.AgentFactory\Hazina.AgentFactory.csproj::TargetFramework=net8.0]
C:\Projects\Hazina\src\Core\Agents\Hazina.AgentFactory\Models\FlowCardModels.cs(39,19): warning MA0006: Use string.Equals instead of NotEquals operator (https://github.com/meziantou/Meziantou.Analyzer/blob/main/docs/Rules/MA0006.md) [C:\Projects\Hazina\src\Core\Agents\Hazina.AgentFactory\Hazina.AgentFactory.csproj::TargetFramework=net8.0]
C:\Projects\Hazina\src\Core\Agents\Hazina.AgentFactory\Core\StoresAndAgentsAndFlowLoader.cs(31,9): warning MA0004: Use Task.ConfigureAwait(false) if the current SynchronizationContext is not needed (https://github.com/meziantou/Meziantou.Analyzer/blob/main/docs/Rules/MA0004.md) [C:\Projects\Hazina\src\Core\Agents\Hazina.AgentFactory\Hazina.AgentFactory.csproj::TargetFramework=net8.0]
C:\Projects\Hazina\src\Core\Agents\Hazina.AgentFactory\Configuration\Validation\StoreConfigValidator.cs(1,1): warning SA1633: The file header is missing or not located at the top of the file. (https://github.com/DotNetAnalyzers/StyleCopAnalyzers/blob/master/documentation/SA1633.md) [C:\Projects\Hazina\src\Core\Agents\Hazina.AgentFactory\Hazina.AgentFactory.csproj::TargetFramework=net8.0]
C:\Projects\Hazina\src\Core\Agents\Hazina.AgentFactory\Configuration\Validation\ValidationDiagnostic.cs(40,92): warning SA1122: Use string.Empty for empty strings (https://github.com/DotNetAnalyzers/StyleCopAnalyzers/blob/master/documentation/SA1122.md) [C:\Projects\Hazina\src\Core\Agents\Hazina.AgentFactory\Hazina.AgentFactory.csproj::TargetFramework=net8.0]
C:\Projects\Hazina\src\Core\Agents\Hazina.AgentFactory\Configuration\Validation\ValidationDiagnostic.cs(41,94): warning SA1122: Use string.Empty for empty strings (https://github.com/DotNetAnalyzers/StyleCopAnalyzers/blob/master/documentation/SA1122.md) [C:\Projects\Hazina\src\Core\Agents\Hazina.AgentFactory\Hazina.AgentFactory.csproj::TargetFramework=net8.0]
C:\Projects\Hazina\src\Core\Agents\Hazina.AgentFactory\Configuration\Schema\ConfigSchemaGenerator.cs(15,26): warning MA0051: Method is too long (97 lines; maximum allowed: 60) (https://github.com/meziantou/Meziantou.Analyzer/blob/main/docs/Rules/MA0051.md) [C:\Projects\Hazina\src\Core\Agents\Hazina.AgentFactory\Hazina.AgentFactory.csproj::TargetFramework=net8.0]
C:\Projects\Hazina\src\Core\Agents\Hazina.AgentFactory\Models\FlowCardModels.cs(120,21): warning SA1503: Braces should not be omitted (https://github.com/DotNetAnalyzers/StyleCopAnalyzers/blob/master/documentation/SA1503.md) [C:\Projects\Hazina\src\Core\Agents\Hazina.AgentFactory\Hazina.AgentFactory.csproj::TargetFramework=net8.0]
C:\Projects\Hazina\src\Core\Agents\Hazina.AgentFactory\Configuration\Validation\ValidationDiagnostic.cs(1,1): warning SA1633: The file header is missing or not located at the top of the file. (https://github.com/DotNetAnalyzers/StyleCopAnalyzers/blob/master/documentation/SA1633.md) [C:\Projects\Hazina\src\Core\Agents\Hazina.AgentFactory\Hazina.AgentFactory.csproj::TargetFramework=net8.0]
C:\Projects\Hazina\src\Core\Agents\Hazina.AgentFactory\Core\AgentFactory.cs(1,1): warning SA1633: The file header is missing or not located at the top of the file. (https://github.com/DotNetAnalyzers/StyleCopAnalyzers/blob/master/documentation/SA1633.md) [C:\Projects\Hazina\src\Core\Agents\Hazina.AgentFactory\Hazina.AgentFactory.csproj::TargetFramework=net8.0]
C:\Projects\Hazina\src\Core\Agents\Hazina.AgentFactory\Configuration\Parsers\HazinaStoreConfigParser.cs(15,13): warning CA1305: The behavior of 'StringBuilder.AppendLine(ref StringBuilder.AppendInterpolatedStringHandler)' could vary based on the current user's locale settings. Replace this call in 'HazinaStoreConfigParser.Serialize(IEnumerable<StoreConfig>)' with a call to 'StringBuilder.AppendLine(IFormatProvider, ref StringBuilder.AppendInterpolatedStringHandler)'. (https://learn.microsoft.com/dotnet/fundamentals/code-analysis/quality-rules/ca1305) [C:\Projects\Hazina\src\Core\Agents\Hazina.AgentFactory\Hazina.AgentFactory.csproj::TargetFramework=net8.0]
C:\Projects\Hazina\src\Core\Agents\Hazina.AgentFactory\Configuration\Parsers\HazinaStoreConfigParser.cs(16,13): warning CA1305: The behavior of 'StringBuilder.AppendLine(ref StringBuilder.AppendInterpolatedStringHandler)' could vary based on the current user's locale settings. Replace this call in 'HazinaStoreConfigParser.Serialize(IEnumerable<StoreConfig>)' with a call to 'StringBuilder.AppendLine(IFormatProvider, ref StringBuilder.AppendInterpolatedStringHandler)'. (https://learn.microsoft.com/dotnet/fundamentals/code-analysis/quality-rules/ca1305) [C:\Projects\Hazina\src\Core\Agents\Hazina.AgentFactory\Hazina.AgentFactory.csproj::TargetFramework=net8.0]
C:\Projects\Hazina\src\Core\Agents\Hazina.AgentFactory\Configuration\Parsers\HazinaStoreConfigParser.cs(17,13): warning CA1305: The behavior of 'StringBuilder.AppendLine(ref StringBuilder.AppendInterpolatedStringHandler)' could vary based on the current user's locale settings. Replace this call in 'HazinaStoreConfigParser.Serialize(IEnumerable<StoreConfig>)' with a call to 'StringBuilder.AppendLine(IFormatProvider, ref StringBuilder.AppendInterpolatedStringHandler)'. (https://learn.microsoft.com/dotnet/fundamentals/code-analysis/quality-rules/ca1305) [C:\Projects\Hazina\src\Core\Agents\Hazina.AgentFactory\Hazina.AgentFactory.csproj::TargetFramework=net8.0]
C:\Projects\Hazina\src\Core\Agents\Hazina.AgentFactory\Configuration\Parsers\HazinaStoreConfigParser.cs(18,13): warning CA1305: The behavior of 'StringBuilder.AppendLine(ref StringBuilder.AppendInterpolatedStringHandler)' could vary based on the current user's locale settings. Replace this call in 'HazinaStoreConfigParser.Serialize(IEnumerable<StoreConfig>)' with a call to 'StringBuilder.AppendLine(IFormatProvider, ref StringBuilder.AppendInterpolatedStringHandler)'. (https://learn.microsoft.com/dotnet/fundamentals/code-analysis/quality-rules/ca1305) [C:\Projects\Hazina\src\Core\Agents\Hazina.AgentFactory\Hazina.AgentFactory.csproj::TargetFramework=net8.0]
C:\Projects\Hazina\src\Core\Agents\Hazina.AgentFactory\Configuration\Parsers\HazinaStoreConfigParser.cs(19,13): warning CA1305: The behavior of 'StringBuilder.AppendLine(ref StringBuilder.AppendInterpolatedStringHandler)' could vary based on the current user's locale settings. Replace this call in 'HazinaStoreConfigParser.Serialize(IEnumerable<StoreConfig>)' with a call to 'StringBuilder.AppendLine(IFormatProvider, ref StringBuilder.AppendInterpolatedStringHandler)'. (https://learn.microsoft.com/dotnet/fundamentals/code-analysis/quality-rules/ca1305) [C:\Projects\Hazina\src\Core\Agents\Hazina.AgentFactory\Hazina.AgentFactory.csproj::TargetFramework=net8.0]
C:\Projects\Hazina\src\Core\Agents\Hazina.AgentFactory\Configuration\Parsers\HazinaStoreConfigParser.cs(20,13): warning CA1305: The behavior of 'StringBuilder.AppendLine(ref StringBuilder.AppendInterpolatedStringHandler)' could vary based on the current user's locale settings. Replace this call in 'HazinaStoreConfigParser.Serialize(IEnumerable<StoreConfig>)' with a call to 'StringBuilder.AppendLine(IFormatProvider, ref StringBuilder.AppendInterpolatedStringHandler)'. (https://learn.microsoft.com/dotnet/fundamentals/code-analysis/quality-rules/ca1305) [C:\Projects\Hazina\src\Core\Agents\Hazina.AgentFactory\Hazina.AgentFactory.csproj::TargetFramework=net8.0]
C:\Projects\Hazina\src\Core\Agents\Hazina.AgentFactory\Core\AgentFactory.cs(259,10): warning SA1513: Closing brace should be followed by blank line (https://github.com/DotNetAnalyzers/StyleCopAnalyzers/blob/master/documentation/SA1513.md) [C:\Projects\Hazina\src\Core\Agents\Hazina.AgentFactory\Hazina.AgentFactory.csproj::TargetFramework=net8.0]
C:\Projects\Hazina\src\Core\Agents\Hazina.AgentFactory\Core\AgentFactory.cs(321,10): warning SA1513: Closing brace should be followed by blank line (https://github.com/DotNetAnalyzers/StyleCopAnalyzers/blob/master/documentation/SA1513.md) [C:\Projects\Hazina\src\Core\Agents\Hazina.AgentFactory\Hazina.AgentFactory.csproj::TargetFramework=net8.0]
C:\Projects\Hazina\src\Core\Agents\Hazina.AgentFactory\Configuration\Schema\ConfigSchemaGenerator.cs(54,36): warning SA1122: Use string.Empty for empty strings (https://github.com/DotNetAnalyzers/StyleCopAnalyzers/blob/master/documentation/SA1122.md) [C:\Projects\Hazina\src\Core\Agents\Hazina.AgentFactory\Hazina.AgentFactory.csproj::TargetFramework=net8.0]
C:\Projects\Hazina\src\Core\Agents\Hazina.AgentFactory\Models\FlowCardModels.cs(134,13): warning SA1503: Braces should not be omitted (https://github.com/DotNetAnalyzers/StyleCopAnalyzers/blob/master/documentation/SA1503.md) [C:\Projects\Hazina\src\Core\Agents\Hazina.AgentFactory\Hazina.AgentFactory.csproj::TargetFramework=net8.0]
C:\Projects\Hazina\src\Core\Agents\Hazina.AgentFactory\Core\AgentFactoryExtensions.cs(11,53): warning SA1629: Documentation text should end with a period (https://github.com/DotNetAnalyzers/StyleCopAnalyzers/blob/master/documentation/SA1629.md) [C:\Projects\Hazina\src\Core\Agents\Hazina.AgentFactory\Hazina.AgentFactory.csproj::TargetFramework=net8.0]
C:\Projects\Hazina\src\Core\Agents\Hazina.AgentFactory\Configuration\Schema\ConfigSchemaGenerator.cs(108,49): warning CA1869: Avoid creating a new 'JsonSerializerOptions' instance for every serialization operation. Cache and reuse instances instead. (https://learn.microsoft.com/dotnet/fundamentals/code-analysis/quality-rules/ca1869) [C:\Projects\Hazina\src\Core\Agents\Hazina.AgentFactory\Hazina.AgentFactory.csproj::TargetFramework=net8.0]
C:\Projects\Hazina\src\Core\Agents\Hazina.AgentFactory\Core\AgentFactoryExtensions.cs(25,16): warning MA0004: Use Task.ConfigureAwait(false) if the current SynchronizationContext is not needed (https://github.com/meziantou/Meziantou.Analyzer/blob/main/docs/Rules/MA0004.md) [C:\Projects\Hazina\src\Core\Agents\Hazina.AgentFactory\Hazina.AgentFactory.csproj::TargetFramework=net8.0]
C:\Projects\Hazina\src\Core\Agents\Hazina.AgentFactory\Models\AgentCardModel.cs(29,99): warning SA1107: Code should not contain multiple statements on one line (https://github.com/DotNetAnalyzers/StyleCopAnalyzers/blob/master/documentation/SA1107.md) [C:\Projects\Hazina\src\Core\Agents\Hazina.AgentFactory\Hazina.AgentFactory.csproj::TargetFramework=net8.0]
C:\Projects\Hazina\src\Core\Agents\Hazina.AgentFactory\Configuration\Validation\ConfigurationResult.cs(12,29): warning CA1860: Prefer comparing 'Count' to 0 rather than using 'Any()', both for clarity and for performance (https://learn.microsoft.com/dotnet/fundamentals/code-analysis/quality-rules/ca1860) [C:\Projects\Hazina\src\Core\Agents\Hazina.AgentFactory\Hazina.AgentFactory.csproj::TargetFramework=net8.0]
C:\Projects\Hazina\src\Core\Agents\Hazina.AgentFactory\Core\HazinaFlow.cs(7,49): warning CA1002: Change 'List<string>' in 'HazinaFlow.HazinaFlow(string, List<string>)' to use 'Collection<T>', 'ReadOnlyCollection<T>' or 'KeyedCollection<K,V>' (https://learn.microsoft.com/dotnet/fundamentals/code-analysis/quality-rules/ca1002) [C:\Projects\Hazina\src\Core\Agents\Hazina.AgentFactory\Hazina.AgentFactory.csproj::TargetFramework=net8.0]
C:\Projects\Hazina\src\Core\Agents\Hazina.AgentFactory\Core\HazinaFlow.cs(7,36): warning MA0016: Prefer using collection abstraction instead of implementation (https://github.com/meziantou/Meziantou.Analyzer/blob/main/docs/Rules/MA0016.md) [C:\Projects\Hazina\src\Core\Agents\Hazina.AgentFactory\Hazina.AgentFactory.csproj::TargetFramework=net8.0]
C:\Projects\Hazina\src\Core\Agents\Hazina.AgentFactory\Models\FlowCardModels.cs(51,17): warning CA1062: In externally visible method 'FlowCardModel.FlowCardModel(FlowConfig flow)', validate parameter 'flow' is non-null before using it. If appropriate, throw an 'ArgumentNullException' when the argument is 'null'. (https://learn.microsoft.com/dotnet/fundamentals/code-analysis/quality-rules/ca1062) [C:\Projects\Hazina\src\Core\Agents\Hazina.AgentFactory\Hazina.AgentFactory.csproj::TargetFramework=net8.0]
C:\Projects\Hazina\src\Core\Agents\Hazina.AgentFactory\Core\AgentFactoryExtensions.cs(1,1): warning SA1633: The file header is missing or not located at the top of the file. (https://github.com/DotNetAnalyzers/StyleCopAnalyzers/blob/master/documentation/SA1633.md) [C:\Projects\Hazina\src\Core\Agents\Hazina.AgentFactory\Hazina.AgentFactory.csproj::TargetFramework=net8.0]
C:\Projects\Hazina\src\Core\Agents\Hazina.AgentFactory\Configuration\Schema\ConfigSchemaGenerator.cs(118,26): warning MA0051: Method is too long (76 lines; maximum allowed: 60) (https://github.com/meziantou/Meziantou.Analyzer/blob/main/docs/Rules/MA0051.md) [C:\Projects\Hazina\src\Core\Agents\Hazina.AgentFactory\Hazina.AgentFactory.csproj::TargetFramework=net8.0]
C:\Projects\Hazina\src\Core\Agents\Hazina.AgentFactory\Models\AgentCardModel.cs(30,87): warning SA1107: Code should not contain multiple statements on one line (https://github.com/DotNetAnalyzers/StyleCopAnalyzers/blob/master/documentation/SA1107.md) [C:\Projects\Hazina\src\Core\Agents\Hazina.AgentFactory\Hazina.AgentFactory.csproj::TargetFramework=net8.0]
C:\Projects\Hazina\src\Core\Agents\Hazina.AgentFactory\Core\AgentFactoryExtensions.cs(37,66): warning SA1629: Documentation text should end with a period (https://github.com/DotNetAnalyzers/StyleCopAnalyzers/blob/master/documentation/SA1629.md) [C:\Projects\Hazina\src\Core\Agents\Hazina.AgentFactory\Hazina.AgentFactory.csproj::TargetFramework=net8.0]
C:\Projects\Hazina\src\Core\Agents\Hazina.AgentFactory\Configuration\Validation\ConfigurationResult.cs(37,42): warning CA1000: Do not declare static members on generic types (https://learn.microsoft.com/dotnet/fundamentals/code-analysis/quality-rules/ca1000) [C:\Projects\Hazina\src\Core\Agents\Hazina.AgentFactory\Hazina.AgentFactory.csproj::TargetFramework=net8.0]
C:\Projects\Hazina\src\Core\Agents\Hazina.AgentFactory\Models\AgentCardModel.cs(31,86): warning SA1107: Code should not contain multiple statements on one line (https://github.com/DotNetAnalyzers/StyleCopAnalyzers/blob/master/documentation/SA1107.md) [C:\Projects\Hazina\src\Core\Agents\Hazina.AgentFactory\Hazina.AgentFactory.csproj::TargetFramework=net8.0]
C:\Projects\Hazina\src\Core\Agents\Hazina.AgentFactory\Core\AgentFactoryExtensions.cs(51,16): warning MA0004: Use Task.ConfigureAwait(false) if the current SynchronizationContext is not needed (https://github.com/meziantou/Meziantou.Analyzer/blob/main/docs/Rules/MA0004.md) [C:\Projects\Hazina\src\Core\Agents\Hazina.AgentFactory\Hazina.AgentFactory.csproj::TargetFramework=net8.0]
C:\Projects\Hazina\src\Core\Agents\Hazina.AgentFactory\Configuration\Validation\ConfigurationResult.cs(45,42): warning CA1000: Do not declare static members on generic types (https://learn.microsoft.com/dotnet/fundamentals/code-analysis/quality-rules/ca1000) [C:\Projects\Hazina\src\Core\Agents\Hazina.AgentFactory\Hazina.AgentFactory.csproj::TargetFramework=net8.0]
C:\Projects\Hazina\src\Core\Agents\Hazina.AgentFactory\Core\AgentManager.cs(1,1): warning SA1633: The file header is missing or not located at the top of the file. (https://github.com/DotNetAnalyzers/StyleCopAnalyzers/blob/master/documentation/SA1633.md) [C:\Projects\Hazina\src\Core\Agents\Hazina.AgentFactory\Hazina.AgentFactory.csproj::TargetFramework=net8.0]
C:\Projects\Hazina\src\Core\Agents\Hazina.AgentFactory\Core\AgentManager.cs(100,10): warning SA1513: Closing brace should be followed by blank line (https://github.com/DotNetAnalyzers/StyleCopAnalyzers/blob/master/documentation/SA1513.md) [C:\Projects\Hazina\src\Core\Agents\Hazina.AgentFactory\Hazina.AgentFactory.csproj::TargetFramework=net8.0]
C:\Projects\Hazina\src\Core\Agents\Hazina.AgentFactory\Core\AgentManager.cs(109,6): warning SA1513: Closing brace should be followed by blank line (https://github.com/DotNetAnalyzers/StyleCopAnalyzers/blob/master/documentation/SA1513.md) [C:\Projects\Hazina\src\Core\Agents\Hazina.AgentFactory\Hazina.AgentFactory.csproj::TargetFramework=net8.0]
C:\Projects\Hazina\src\Core\Agents\Hazina.AgentFactory\Core\AgentManager.cs(131,10): warning SA1513: Closing brace should be followed by blank line (https://github.com/DotNetAnalyzers/StyleCopAnalyzers/blob/master/documentation/SA1513.md) [C:\Projects\Hazina\src\Core\Agents\Hazina.AgentFactory\Hazina.AgentFactory.csproj::TargetFramework=net8.0]
C:\Projects\Hazina\src\Core\Agents\Hazina.AgentFactory\Core\AgentManager.cs(144,14): warning SA1513: Closing brace should be followed by blank line (https://github.com/DotNetAnalyzers/StyleCopAnalyzers/blob/master/documentation/SA1513.md) [C:\Projects\Hazina\src\Core\Agents\Hazina.AgentFactory\Hazina.AgentFactory.csproj::TargetFramework=net8.0]
C:\Projects\Hazina\src\Core\Agents\Hazina.AgentFactory\Core\AgentManager.cs(187,10): warning SA1513: Closing brace should be followed by blank line (https://github.com/DotNetAnalyzers/StyleCopAnalyzers/blob/master/documentation/SA1513.md) [C:\Projects\Hazina\src\Core\Agents\Hazina.AgentFactory\Hazina.AgentFactory.csproj::TargetFramework=net8.0]
C:\Projects\Hazina\src\Core\Agents\Hazina.AgentFactory\Core\AgentFactoryExtensions.cs(63,64): warning SA1629: Documentation text should end with a period (https://github.com/DotNetAnalyzers/StyleCopAnalyzers/blob/master/documentation/SA1629.md) [C:\Projects\Hazina\src\Core\Agents\Hazina.AgentFactory\Hazina.AgentFactory.csproj::TargetFramework=net8.0]
C:\Projects\Hazina\src\Core\Agents\Hazina.AgentFactory\Configuration\Schema\ConfigSchemaGenerator.cs(190,49): warning CA1869: Avoid creating a new 'JsonSerializerOptions' instance for every serialization operation. Cache and reuse instances instead. (https://learn.microsoft.com/dotnet/fundamentals/code-analysis/quality-rules/ca1869) [C:\Projects\Hazina\src\Core\Agents\Hazina.AgentFactory\Hazina.AgentFactory.csproj::TargetFramework=net8.0]
C:\Projects\Hazina\src\Core\Agents\Hazina.AgentFactory\Core\AgentFactoryExtensions.cs(76,21): warning MA0004: Use Task.ConfigureAwait(false) if the current SynchronizationContext is not needed (https://github.com/meziantou/Meziantou.Analyzer/blob/main/docs/Rules/MA0004.md) [C:\Projects\Hazina\src\Core\Agents\Hazina.AgentFactory\Hazina.AgentFactory.csproj::TargetFramework=net8.0]
C:\Projects\Hazina\src\Core\Agents\Hazina.AgentFactory\Core\QuickAgentCreator.cs(34,60): warning CA1002: Change 'List<string>' in 'QuickAgentCreator.CreateFlow(string, List<string>)' to use 'Collection<T>', 'ReadOnlyCollection<T>' or 'KeyedCollection<K,V>' (https://learn.microsoft.com/dotnet/fundamentals/code-analysis/quality-rules/ca1002) [C:\Projects\Hazina\src\Core\Agents\Hazina.AgentFactory\Hazina.AgentFactory.csproj::TargetFramework=net8.0]
C:\Projects\Hazina\src\Core\Agents\Hazina.AgentFactory\Core\QuickAgentCreator.cs(34,47): warning MA0016: Prefer using collection abstraction instead of implementation (https://github.com/meziantou/Meziantou.Analyzer/blob/main/docs/Rules/MA0016.md) [C:\Projects\Hazina\src\Core\Agents\Hazina.AgentFactory\Hazina.AgentFactory.csproj::TargetFramework=net8.0]
C:\Projects\Hazina\src\Core\Agents\Hazina.AgentFactory\Core\HazinaAgent.cs(1,1): warning SA1633: The file header is missing or not located at the top of the file. (https://github.com/DotNetAnalyzers/StyleCopAnalyzers/blob/master/documentation/SA1633.md) [C:\Projects\Hazina\src\Core\Agents\Hazina.AgentFactory\Hazina.AgentFactory.csproj::TargetFramework=net8.0]
C:\Projects\Hazina\src\Core\Agents\Hazina.AgentFactory\Configuration\Parsers\HazinaStoreConfigParser.cs(13,31): warning CA1062: In externally visible method 'string HazinaStoreConfigParser.Serialize(IEnumerable<StoreConfig> stores)', validate parameter 'stores' is non-null before using it. If appropriate, throw an 'ArgumentNullException' when the argument is 'null'. (https://learn.microsoft.com/dotnet/fundamentals/code-analysis/quality-rules/ca1062) [C:\Projects\Hazina\src\Core\Agents\Hazina.AgentFactory\Hazina.AgentFactory.csproj::TargetFramework=net8.0]
C:\Projects\Hazina\src\Core\Agents\Hazina.AgentFactory\Core\HazinaFlow.cs(1,1): warning SA1633: The file header is missing or not located at the top of the file. (https://github.com/DotNetAnalyzers/StyleCopAnalyzers/blob/master/documentation/SA1633.md) [C:\Projects\Hazina\src\Core\Agents\Hazina.AgentFactory\Hazina.AgentFactory.csproj::TargetFramework=net8.0]
C:\Projects\Hazina\src\Core\Agents\Hazina.AgentFactory\Core\HazinaFlow.cs(12,2): warning SA1518: File is required to end with a single newline character (https://github.com/DotNetAnalyzers/StyleCopAnalyzers/blob/master/documentation/SA1518.md) [C:\Projects\Hazina\src\Core\Agents\Hazina.AgentFactory\Hazina.AgentFactory.csproj::TargetFramework=net8.0]
C:\Projects\Hazina\src\Core\Agents\Hazina.AgentFactory\Core\QuickAgentCreator.cs(1,1): warning SA1633: The file header is missing or not located at the top of the file. (https://github.com/DotNetAnalyzers/StyleCopAnalyzers/blob/master/documentation/SA1633.md) [C:\Projects\Hazina\src\Core\Agents\Hazina.AgentFactory\Hazina.AgentFactory.csproj::TargetFramework=net8.0]
C:\Projects\Hazina\src\Core\Agents\Hazina.AgentFactory\Core\AgentFactoryExtensions.cs(86,9): warning CA1062: In externally visible method 'Task<HazinaAgent> AgentFactoryExtensions.CreateAgentWithCustomClient(AgentFactory factory, string name, string systemPrompt, IEnumerable<(IDocumentStore Store, bool Write)> stores, IEnumerable<string> functions, IEnumerable<string> agents, IEnumerable<string> flows, ILLMClient llmClient, bool isCoder = false)', validate parameter 'factory' is non-null before using it. If appropriate, throw an 'ArgumentNullException' when the argument is 'null'. (https://learn.microsoft.com/dotnet/fundamentals/code-analysis/quality-rules/ca1062) [C:\Projects\Hazina\src\Core\Agents\Hazina.AgentFactory\Hazina.AgentFactory.csproj::TargetFramework=net8.0]
C:\Projects\Hazina\src\Core\Agents\Hazina.AgentFactory\Core\StoresAndAgentsAndFlowLoader.cs(1,1): warning SA1633: The file header is missing or not located at the top of the file. (https://github.com/DotNetAnalyzers/StyleCopAnalyzers/blob/master/documentation/SA1633.md) [C:\Projects\Hazina\src\Core\Agents\Hazina.AgentFactory\Hazina.AgentFactory.csproj::TargetFramework=net8.0]
C:\Projects\Hazina\src\Core\Agents\Hazina.AgentFactory\Configuration\Parsers\HazinaAgentConfigParser.cs(174,36): warning CA1002: Change 'List<FlowConfig>' in 'HazinaFlowConfigParser.Parse(string)' to use 'Collection<T>', 'ReadOnlyCollection<T>' or 'KeyedCollection<K,V>' (https://learn.microsoft.com/dotnet/fundamentals/code-analysis/quality-rules/ca1002) [C:\Projects\Hazina\src\Core\Agents\Hazina.AgentFactory\Hazina.AgentFactory.csproj::TargetFramework=net8.0]
C:\Projects\Hazina\src\Core\Agents\Hazina.AgentFactory\Configuration\Parsers\HazinaAgentConfigParser.cs(174,19): warning MA0016: Prefer using collection abstraction instead of implementation (https://github.com/meziantou/Meziantou.Analyzer/blob/main/docs/Rules/MA0016.md) [C:\Projects\Hazina\src\Core\Agents\Hazina.AgentFactory\Hazina.AgentFactory.csproj::TargetFramework=net8.0]
C:\Projects\Hazina\src\Core\Agents\Hazina.AgentFactory\Core\StoresAndAgentsAndFlowLoader.cs(68,18): warning SA1513: Closing brace should be followed by blank line (https://github.com/DotNetAnalyzers/StyleCopAnalyzers/blob/master/documentation/SA1513.md) [C:\Projects\Hazina\src\Core\Agents\Hazina.AgentFactory\Hazina.AgentFactory.csproj::TargetFramework=net8.0]
C:\Projects\Hazina\src\Core\Agents\Hazina.AgentFactory\Core\StoresAndAgentsAndFlowLoader.cs(100,10): warning SA1513: Closing brace should be followed by blank line (https://github.com/DotNetAnalyzers/StyleCopAnalyzers/blob/master/documentation/SA1513.md) [C:\Projects\Hazina\src\Core\Agents\Hazina.AgentFactory\Hazina.AgentFactory.csproj::TargetFramework=net8.0]
C:\Projects\Hazina\src\Core\Agents\Hazina.AgentFactory\Core\StoresAndAgentsAndFlowLoader.cs(43,9): warning SA1515: Single-line comment should be preceded by blank line (https://github.com/DotNetAnalyzers/StyleCopAnalyzers/blob/master/documentation/SA1515.md) [C:\Projects\Hazina\src\Core\Agents\Hazina.AgentFactory\Hazina.AgentFactory.csproj::TargetFramework=net8.0]
C:\Projects\Hazina\src\Core\Agents\Hazina.AgentFactory\Core\StoresAndAgentsAndFlowLoader.cs(85,9): warning SA1000: The keyword 'foreach' should be followed by a space (https://github.com/DotNetAnalyzers/StyleCopAnalyzers/blob/master/documentation/SA1000.md) [C:\Projects\Hazina\src\Core\Agents\Hazina.AgentFactory\Hazina.AgentFactory.csproj::TargetFramework=net8.0]
C:\Projects\Hazina\src\Core\Agents\Hazina.AgentFactory\Core\StoresAndAgentsAndFlowLoader.cs(81,13): warning SA1009: Closing parenthesis should not be preceded by a space (https://github.com/DotNetAnalyzers/StyleCopAnalyzers/blob/master/documentation/SA1009.md) [C:\Projects\Hazina\src\Core\Agents\Hazina.AgentFactory\Hazina.AgentFactory.csproj::TargetFramework=net8.0]
C:\Projects\Hazina\src\Core\Agents\Hazina.AgentFactory\Services\Tools\ToolRegistrationService.cs(80,13): warning MA0002: Use an overload that has a IEqualityComparer<string> or IComparer<string> parameter (https://github.com/meziantou/Meziantou.Analyzer/blob/main/docs/Rules/MA0002.md) [C:\Projects\Hazina\src\Core\Agents\Hazina.AgentFactory\Hazina.AgentFactory.csproj::TargetFramework=net8.0]
C:\Projects\Hazina\src\Core\Agents\Hazina.AgentFactory\Models\AgentCardModel.cs(42,12): warning MA0026: TODO Implement add/remove logic and helper methods, following FlowCardModel patterns (https://github.com/meziantou/Meziantou.Analyzer/blob/main/docs/Rules/MA0026.md) [C:\Projects\Hazina\src\Core\Agents\Hazina.AgentFactory\Hazina.AgentFactory.csproj::TargetFramework=net8.0]
C:\Projects\Hazina\src\Core\Agents\Hazina.AgentFactory\Core\StoresAndAgentsAndFlowLoader.cs(27,22): warning S6966: Await ReadAllTextAsync instead. (https://rules.sonarsource.com/csharp/RSPEC-6966) [C:\Projects\Hazina\src\Core\Agents\Hazina.AgentFactory\Hazina.AgentFactory.csproj::TargetFramework=net8.0]
C:\Projects\Hazina\src\Core\Agents\Hazina.AgentFactory\Core\AgentFactory.cs(82,13): warning CA1031: Modify '.ctor' to catch a more specific allowed exception type, or rethrow the exception (https://learn.microsoft.com/dotnet/fundamentals/code-analysis/quality-rules/ca1031) [C:\Projects\Hazina\src\Core\Agents\Hazina.AgentFactory\Hazina.AgentFactory.csproj::TargetFramework=net8.0]
C:\Projects\Hazina\src\Core\Agents\Hazina.AgentFactory\Models\AgentCardModel.cs(42,12): warning S1135: Complete the task associated to this 'TODO' comment. (https://rules.sonarsource.com/csharp/RSPEC-1135) [C:\Projects\Hazina\src\Core\Agents\Hazina.AgentFactory\Hazina.AgentFactory.csproj::TargetFramework=net8.0]
C:\Projects\Hazina\src\Core\Agents\Hazina.AgentFactory\Services\Tools\ToolRegistrationService.cs(84,13): warning MA0002: Use an overload that has a IEqualityComparer<string> or IComparer<string> parameter (https://github.com/meziantou/Meziantou.Analyzer/blob/main/docs/Rules/MA0002.md) [C:\Projects\Hazina\src\Core\Agents\Hazina.AgentFactory\Hazina.AgentFactory.csproj::TargetFramework=net8.0]
C:\Projects\Hazina\src\Core\Agents\Hazina.AgentFactory\Models\AgentCardModel.cs(1,1): warning SA1633: The file header is missing or not located at the top of the file. (https://github.com/DotNetAnalyzers/StyleCopAnalyzers/blob/master/documentation/SA1633.md) [C:\Projects\Hazina\src\Core\Agents\Hazina.AgentFactory\Hazina.AgentFactory.csproj::TargetFramework=net8.0]
C:\Projects\Hazina\src\Core\Agents\Hazina.AgentFactory\Core\StoresAndAgentsAndFlowLoader.cs(28,22): warning S6966: Await ReadAllTextAsync instead. (https://rules.sonarsource.com/csharp/RSPEC-6966) [C:\Projects\Hazina\src\Core\Agents\Hazina.AgentFactory\Hazina.AgentFactory.csproj::TargetFramework=net8.0]
C:\Projects\Hazina\src\Core\Agents\Hazina.AgentFactory\Core\StoresAndAgentsAndFlowLoader.cs(29,21): warning S6966: Await ReadAllTextAsync instead. (https://rules.sonarsource.com/csharp/RSPEC-6966) [C:\Projects\Hazina\src\Core\Agents\Hazina.AgentFactory\Hazina.AgentFactory.csproj::TargetFramework=net8.0]
C:\Projects\Hazina\src\Core\Agents\Hazina.AgentFactory\Services\Tools\ToolRegistrationService.cs(88,13): warning MA0002: Use an overload that has a IEqualityComparer<string> or IComparer<string> parameter (https://github.com/meziantou/Meziantou.Analyzer/blob/main/docs/Rules/MA0002.md) [C:\Projects\Hazina\src\Core\Agents\Hazina.AgentFactory\Hazina.AgentFactory.csproj::TargetFramework=net8.0]
C:\Projects\Hazina\src\Core\Agents\Hazina.AgentFactory\Models\AgentsCardsBindingModel.cs(1,1): warning S125: Remove this commented out code. (https://rules.sonarsource.com/csharp/RSPEC-125) [C:\Projects\Hazina\src\Core\Agents\Hazina.AgentFactory\Hazina.AgentFactory.csproj::TargetFramework=net8.0]
C:\Projects\Hazina\src\Core\Agents\Hazina.AgentFactory\Models\AgentsCardsBindingModel.cs(1,1): warning SA1633: The file header XML is invalid. (https://github.com/DotNetAnalyzers/StyleCopAnalyzers/blob/master/documentation/SA1633.md) [C:\Projects\Hazina\src\Core\Agents\Hazina.AgentFactory\Hazina.AgentFactory.csproj::TargetFramework=net8.0]
C:\Projects\Hazina\src\Core\Agents\Hazina.AgentFactory\Models\AgentsCardsBindingModel.cs(1,1): warning SA1005: Single line comment should begin with a space (https://github.com/DotNetAnalyzers/StyleCopAnalyzers/blob/master/documentation/SA1005.md) [C:\Projects\Hazina\src\Core\Agents\Hazina.AgentFactory\Hazina.AgentFactory.csproj::TargetFramework=net8.0]
C:\Projects\Hazina\src\Core\Agents\Hazina.AgentFactory\Models\AgentsCardsBindingModel.cs(2,1): warning SA1005: Single line comment should begin with a space (https://github.com/DotNetAnalyzers/StyleCopAnalyzers/blob/master/documentation/SA1005.md) [C:\Projects\Hazina\src\Core\Agents\Hazina.AgentFactory\Hazina.AgentFactory.csproj::TargetFramework=net8.0]
C:\Projects\Hazina\src\Core\Agents\Hazina.AgentFactory\Models\AgentsCardsBindingModel.cs(3,1): warning SA1005: Single line comment should begin with a space (https://github.com/DotNetAnalyzers/StyleCopAnalyzers/blob/master/documentation/SA1005.md) [C:\Projects\Hazina\src\Core\Agents\Hazina.AgentFactory\Hazina.AgentFactory.csproj::TargetFramework=net8.0]
C:\Projects\Hazina\src\Core\Agents\Hazina.AgentFactory\Models\AgentsCardsBindingModel.cs(4,1): warning SA1005: Single line comment should begin with a space (https://github.com/DotNetAnalyzers/StyleCopAnalyzers/blob/master/documentation/SA1005.md) [C:\Projects\Hazina\src\Core\Agents\Hazina.AgentFactory\Hazina.AgentFactory.csproj::TargetFramework=net8.0]
C:\Projects\Hazina\src\Core\Agents\Hazina.AgentFactory\Models\AgentsCardsBindingModel.cs(5,1): warning SA1005: Single line comment should begin with a space (https://github.com/DotNetAnalyzers/StyleCopAnalyzers/blob/master/documentation/SA1005.md) [C:\Projects\Hazina\src\Core\Agents\Hazina.AgentFactory\Hazina.AgentFactory.csproj::TargetFramework=net8.0]
C:\Projects\Hazina\src\Core\Agents\Hazina.AgentFactory\Models\AgentsCardsBindingModel.cs(6,1): warning SA1005: Single line comment should begin with a space (https://github.com/DotNetAnalyzers/StyleCopAnalyzers/blob/master/documentation/SA1005.md) [C:\Projects\Hazina\src\Core\Agents\Hazina.AgentFactory\Hazina.AgentFactory.csproj::TargetFramework=net8.0]
C:\Projects\Hazina\src\Core\Agents\Hazina.AgentFactory\Models\AgentsCardsBindingModel.cs(8,1): warning SA1005: Single line comment should begin with a space (https://github.com/DotNetAnalyzers/StyleCopAnalyzers/blob/master/documentation/SA1005.md) [C:\Projects\Hazina\src\Core\Agents\Hazina.AgentFactory\Hazina.AgentFactory.csproj::TargetFramework=net8.0]
C:\Projects\Hazina\src\Core\Agents\Hazina.AgentFactory\Models\AgentsCardsBindingModel.cs(20,1): warning SA1005: Single line comment should begin with a space (https://github.com/DotNetAnalyzers/StyleCopAnalyzers/blob/master/documentation/SA1005.md) [C:\Projects\Hazina\src\Core\Agents\Hazina.AgentFactory\Hazina.AgentFactory.csproj::TargetFramework=net8.0]
C:\Projects\Hazina\src\Core\Agents\Hazina.AgentFactory\Models\AgentsCardsBindingModel.cs(53,1): warning SA1005: Single line comment should begin with a space (https://github.com/DotNetAnalyzers/StyleCopAnalyzers/blob/master/documentation/SA1005.md) [C:\Projects\Hazina\src\Core\Agents\Hazina.AgentFactory\Hazina.AgentFactory.csproj::TargetFramework=net8.0]
C:\Projects\Hazina\src\Core\Agents\Hazina.AgentFactory\Models\AgentsCardsBindingModel.cs(58,1): warning SA1005: Single line comment should begin with a space (https://github.com/DotNetAnalyzers/StyleCopAnalyzers/blob/master/documentation/SA1005.md) [C:\Projects\Hazina\src\Core\Agents\Hazina.AgentFactory\Hazina.AgentFactory.csproj::TargetFramework=net8.0]
C:\Projects\Hazina\src\Core\Agents\Hazina.AgentFactory\Models\BuildOutput.cs(27,13): warning S125: Remove this commented out code. (https://rules.sonarsource.com/csharp/RSPEC-125) [C:\Projects\Hazina\src\Core\Agents\Hazina.AgentFactory\Hazina.AgentFactory.csproj::TargetFramework=net8.0]
C:\Projects\Hazina\src\Core\Agents\Hazina.AgentFactory\Models\BuildOutput.cs(1,1): warning SA1633: The file header XML is invalid. (https://github.com/DotNetAnalyzers/StyleCopAnalyzers/blob/master/documentation/SA1633.md) [C:\Projects\Hazina\src\Core\Agents\Hazina.AgentFactory\Hazina.AgentFactory.csproj::TargetFramework=net8.0]
C:\Projects\Hazina\src\Core\Agents\Hazina.AgentFactory\Models\BuildOutput.cs(30,13): warning SA1512: Single-line comments should not be followed by blank line (https://github.com/DotNetAnalyzers/StyleCopAnalyzers/blob/master/documentation/SA1512.md) [C:\Projects\Hazina\src\Core\Agents\Hazina.AgentFactory\Hazina.AgentFactory.csproj::TargetFramework=net8.0]
C:\Projects\Hazina\src\Core\Agents\Hazina.AgentFactory\Models\BuildOutput.cs(16,13): warning SA1515: Single-line comment should be preceded by blank line (https://github.com/DotNetAnalyzers/StyleCopAnalyzers/blob/master/documentation/SA1515.md) [C:\Projects\Hazina\src\Core\Agents\Hazina.AgentFactory\Hazina.AgentFactory.csproj::TargetFramework=net8.0]
C:\Projects\Hazina\src\Core\Agents\Hazina.AgentFactory\Models\BuildOutput.cs(16,13): warning SA1005: Single line comment should begin with a space (https://github.com/DotNetAnalyzers/StyleCopAnalyzers/blob/master/documentation/SA1005.md) [C:\Projects\Hazina\src\Core\Agents\Hazina.AgentFactory\Hazina.AgentFactory.csproj::TargetFramework=net8.0]
C:\Projects\Hazina\src\Core\Agents\Hazina.AgentFactory\Models\BuildOutput.cs(17,13): warning SA1005: Single line comment should begin with a space (https://github.com/DotNetAnalyzers/StyleCopAnalyzers/blob/master/documentation/SA1005.md) [C:\Projects\Hazina\src\Core\Agents\Hazina.AgentFactory\Hazina.AgentFactory.csproj::TargetFramework=net8.0]
C:\Projects\Hazina\src\Core\Agents\Hazina.AgentFactory\Models\BuildOutput.cs(18,13): warning SA1005: Single line comment should begin with a space (https://github.com/DotNetAnalyzers/StyleCopAnalyzers/blob/master/documentation/SA1005.md) [C:\Projects\Hazina\src\Core\Agents\Hazina.AgentFactory\Hazina.AgentFactory.csproj::TargetFramework=net8.0]
C:\Projects\Hazina\src\Core\Agents\Hazina.AgentFactory\Models\BuildOutput.cs(27,13): warning SA1005: Single line comment should begin with a space (https://github.com/DotNetAnalyzers/StyleCopAnalyzers/blob/master/documentation/SA1005.md) [C:\Projects\Hazina\src\Core\Agents\Hazina.AgentFactory\Hazina.AgentFactory.csproj::TargetFramework=net8.0]
C:\Projects\Hazina\src\Core\Agents\Hazina.AgentFactory\Models\BuildOutput.cs(28,13): warning SA1005: Single line comment should begin with a space (https://github.com/DotNetAnalyzers/StyleCopAnalyzers/blob/master/documentation/SA1005.md) [C:\Projects\Hazina\src\Core\Agents\Hazina.AgentFactory\Hazina.AgentFactory.csproj::TargetFramework=net8.0]
C:\Projects\Hazina\src\Core\Agents\Hazina.AgentFactory\Models\BuildOutput.cs(29,13): warning SA1005: Single line comment should begin with a space (https://github.com/DotNetAnalyzers/StyleCopAnalyzers/blob/master/documentation/SA1005.md) [C:\Projects\Hazina\src\Core\Agents\Hazina.AgentFactory\Hazina.AgentFactory.csproj::TargetFramework=net8.0]
C:\Projects\Hazina\src\Core\Agents\Hazina.AgentFactory\Models\BuildOutput.cs(30,13): warning SA1005: Single line comment should begin with a space (https://github.com/DotNetAnalyzers/StyleCopAnalyzers/blob/master/documentation/SA1005.md) [C:\Projects\Hazina\src\Core\Agents\Hazina.AgentFactory\Hazina.AgentFactory.csproj::TargetFramework=net8.0]
C:\Projects\Hazina\src\Core\Agents\Hazina.AgentFactory\Services\Tools\ToolRegistrationService.cs(84,13): warning CA1851: Possible multiple enumerations of 'IEnumerable' collection. Consider using an implementation that avoids multiple enumerations. (https://learn.microsoft.com/dotnet/fundamentals/code-analysis/quality-rules/ca1851) [C:\Projects\Hazina\src\Core\Agents\Hazina.AgentFactory\Hazina.AgentFactory.csproj::TargetFramework=net8.0]
C:\Projects\Hazina\src\Core\Agents\Hazina.AgentFactory\Services\Tools\ToolRegistrationService.cs(80,13): warning CA1851: Possible multiple enumerations of 'IEnumerable' collection. Consider using an implementation that avoids multiple enumerations. (https://learn.microsoft.com/dotnet/fundamentals/code-analysis/quality-rules/ca1851) [C:\Projects\Hazina\src\Core\Agents\Hazina.AgentFactory\Hazina.AgentFactory.csproj::TargetFramework=net8.0]
C:\Projects\Hazina\src\Core\Agents\Hazina.AgentFactory\Services\Tools\ToolRegistrationService.cs(88,13): warning CA1851: Possible multiple enumerations of 'IEnumerable' collection. Consider using an implementation that avoids multiple enumerations. (https://learn.microsoft.com/dotnet/fundamentals/code-analysis/quality-rules/ca1851) [C:\Projects\Hazina\src\Core\Agents\Hazina.AgentFactory\Hazina.AgentFactory.csproj::TargetFramework=net8.0]
C:\Projects\Hazina\src\Core\Agents\Hazina.AgentFactory\Models\FlowCardModels.cs(1,1): warning SA1633: The file header is missing or not located at the top of the file. (https://github.com/DotNetAnalyzers/StyleCopAnalyzers/blob/master/documentation/SA1633.md) [C:\Projects\Hazina\src\Core\Agents\Hazina.AgentFactory\Hazina.AgentFactory.csproj::TargetFramework=net8.0]
C:\Projects\Hazina\src\Core\Agents\Hazina.AgentFactory\Models\FlowCardModels.cs(11,14): warning SA1649: File name should match first type name (https://github.com/DotNetAnalyzers/StyleCopAnalyzers/blob/master/documentation/SA1649.md) [C:\Projects\Hazina\src\Core\Agents\Hazina.AgentFactory\Hazina.AgentFactory.csproj::TargetFramework=net8.0]
C:\Projects\Hazina\src\Core\Agents\Hazina.AgentFactory\Models\FlowCardModels.cs(93,6): warning SA1513: Closing brace should be followed by blank line (https://github.com/DotNetAnalyzers/StyleCopAnalyzers/blob/master/documentation/SA1513.md) [C:\Projects\Hazina\src\Core\Agents\Hazina.AgentFactory\Hazina.AgentFactory.csproj::TargetFramework=net8.0]
C:\Projects\Hazina\src\Core\Agents\Hazina.AgentFactory\Models\FlowCardModels.cs(114,10): warning SA1513: Closing brace should be followed by blank line (https://github.com/DotNetAnalyzers/StyleCopAnalyzers/blob/master/documentation/SA1513.md) [C:\Projects\Hazina\src\Core\Agents\Hazina.AgentFactory\Hazina.AgentFactory.csproj::TargetFramework=net8.0]
C:\Projects\Hazina\src\Core\Agents\Hazina.AgentFactory\Models\FlowCardModels.cs(122,10): warning SA1513: Closing brace should be followed by blank line (https://github.com/DotNetAnalyzers/StyleCopAnalyzers/blob/master/documentation/SA1513.md) [C:\Projects\Hazina\src\Core\Agents\Hazina.AgentFactory\Hazina.AgentFactory.csproj::TargetFramework=net8.0]
C:\Projects\Hazina\src\Core\Agents\Hazina.AgentFactory\Models\FlowCardModels.cs(135,6): warning SA1513: Closing brace should be followed by blank line (https://github.com/DotNetAnalyzers/StyleCopAnalyzers/blob/master/documentation/SA1513.md) [C:\Projects\Hazina\src\Core\Agents\Hazina.AgentFactory\Hazina.AgentFactory.csproj::TargetFramework=net8.0]
C:\Projects\Hazina\src\Core\Agents\Hazina.AgentFactory\Models\FlowCardModels.cs(76,14): warning SA1402: File may only contain a single type (https://github.com/DotNetAnalyzers/StyleCopAnalyzers/blob/master/documentation/SA1402.md) [C:\Projects\Hazina\src\Core\Agents\Hazina.AgentFactory\Hazina.AgentFactory.csproj::TargetFramework=net8.0]
C:\Projects\Hazina\src\Core\Agents\Hazina.AgentFactory\Models\GitOutput.cs(1,1): warning SA1633: The file header XML is invalid. (https://github.com/DotNetAnalyzers/StyleCopAnalyzers/blob/master/documentation/SA1633.md) [C:\Projects\Hazina\src\Core\Agents\Hazina.AgentFactory\Hazina.AgentFactory.csproj::TargetFramework=net8.0]
C:\Projects\Hazina\src\Core\Agents\Hazina.AgentFactory\Models\GitOutput.cs(109,1): warning SA1507: Code should not contain multiple blank lines in a row (https://github.com/DotNetAnalyzers/StyleCopAnalyzers/blob/master/documentation/SA1507.md) [C:\Projects\Hazina\src\Core\Agents\Hazina.AgentFactory\Hazina.AgentFactory.csproj::TargetFramework=net8.0]
C:\Projects\Hazina\src\Core\Agents\Hazina.AgentFactory\Models\GitOutput.cs(58,21): warning SA1402: File may only contain a single type (https://github.com/DotNetAnalyzers/StyleCopAnalyzers/blob/master/documentation/SA1402.md) [C:\Projects\Hazina\src\Core\Agents\Hazina.AgentFactory\Hazina.AgentFactory.csproj::TargetFramework=net8.0]
C:\Projects\Hazina\src\Core\Agents\Hazina.AgentFactory\Models\GitOutput.cs(111,21): warning SA1402: File may only contain a single type (https://github.com/DotNetAnalyzers/StyleCopAnalyzers/blob/master/documentation/SA1402.md) [C:\Projects\Hazina\src\Core\Agents\Hazina.AgentFactory\Hazina.AgentFactory.csproj::TargetFramework=net8.0]
C:\Projects\Hazina\src\Core\Agents\Hazina.AgentFactory\Configuration\Parsers\HazinaStoreConfigParserV2.cs(50,21): warning SA1503: Braces should not be omitted (https://github.com/DotNetAnalyzers/StyleCopAnalyzers/blob/master/documentation/SA1503.md) [C:\Projects\Hazina\src\Core\Agents\Hazina.AgentFactory\Hazina.AgentFactory.csproj::TargetFramework=net8.0]
C:\Projects\Hazina\src\Core\Agents\Hazina.AgentFactory\Configuration\Parsers\HazinaStoreConfigParserV2.cs(67,17): warning SA1503: Braces should not be omitted (https://github.com/DotNetAnalyzers/StyleCopAnalyzers/blob/master/documentation/SA1503.md) [C:\Projects\Hazina\src\Core\Agents\Hazina.AgentFactory\Hazina.AgentFactory.csproj::TargetFramework=net8.0]
C:\Projects\Hazina\src\Core\Agents\Hazina.AgentFactory\Core\AgentFactory.cs(84,35): warning CA1303: Method 'AgentFactory.AgentFactory(string openAIApiKey, string logFilePath, string googleProjectId = "")' passes a literal string as parameter 'value' of a call to 'void Console.WriteLine(string? value)'. Retrieve the following string(s) from a resource table instead: "Could not load google account file". (https://learn.microsoft.com/dotnet/fundamentals/code-analysis/quality-rules/ca1303) [C:\Projects\Hazina\src\Core\Agents\Hazina.AgentFactory\Hazina.AgentFactory.csproj::TargetFramework=net8.0]
C:\Projects\Hazina\src\Core\Agents\Hazina.AgentFactory\Core\QuickAgentCreator.cs(28,29): warning SA1503: Braces should not be omitted (https://github.com/DotNetAnalyzers/StyleCopAnalyzers/blob/master/documentation/SA1503.md) [C:\Projects\Hazina\src\Core\Agents\Hazina.AgentFactory\Hazina.AgentFactory.csproj::TargetFramework=net8.0]
C:\Projects\Hazina\src\Core\Agents\Hazina.AgentFactory\Core\QuickAgentCreator.cs(29,28): warning SA1503: Braces should not be omitted (https://github.com/DotNetAnalyzers/StyleCopAnalyzers/blob/master/documentation/SA1503.md) [C:\Projects\Hazina\src\Core\Agents\Hazina.AgentFactory\Hazina.AgentFactory.csproj::TargetFramework=net8.0]
C:\Projects\Hazina\src\Core\Agents\Hazina.AgentFactory\Core\QuickAgentCreator.cs(30,32): warning SA1503: Braces should not be omitted (https://github.com/DotNetAnalyzers/StyleCopAnalyzers/blob/master/documentation/SA1503.md) [C:\Projects\Hazina\src\Core\Agents\Hazina.AgentFactory\Hazina.AgentFactory.csproj::TargetFramework=net8.0]
C:\Projects\Hazina\src\Core\Agents\Hazina.AgentFactory\Models\IsReadyResult.cs(1,1): warning SA1633: The file header is missing or not located at the top of the file. (https://github.com/DotNetAnalyzers/StyleCopAnalyzers/blob/master/documentation/SA1633.md) [C:\Projects\Hazina\src\Core\Agents\Hazina.AgentFactory\Hazina.AgentFactory.csproj::TargetFramework=net8.0]
C:\Projects\Hazina\src\Core\Agents\Hazina.AgentFactory\Models\IsReadyResult.cs(11,2): warning SA1518: File is required to end with a single newline character (https://github.com/DotNetAnalyzers/StyleCopAnalyzers/blob/master/documentation/SA1518.md) [C:\Projects\Hazina\src\Core\Agents\Hazina.AgentFactory\Hazina.AgentFactory.csproj::TargetFramework=net8.0]
C:\Projects\Hazina\src\Core\Agents\Hazina.AgentFactory\Configuration\Parsers\HazinaStoreConfigParserV2.cs(52,30): warning CA1307: 'string.IndexOf(char)' has a method overload that takes a 'StringComparison' parameter. Replace this call in 'Hazina.AgentFactory.Configuration.Parsers.HazinaStoreConfigParserV2.Parse(string)' with a call to 'string.IndexOf(char, System.StringComparison)' for clarity of intent. (https://learn.microsoft.com/dotnet/fundamentals/code-analysis/quality-rules/ca1307) [C:\Projects\Hazina\src\Core\Agents\Hazina.AgentFactory\Hazina.AgentFactory.csproj::TargetFramework=net8.0]
C:\Projects\Hazina\src\Core\Agents\Hazina.AgentFactory\Models\StoreEntry.cs(1,1): warning SA1633: The file header is missing or not located at the top of the file. (https://github.com/DotNetAnalyzers/StyleCopAnalyzers/blob/master/documentation/SA1633.md) [C:\Projects\Hazina\src\Core\Agents\Hazina.AgentFactory\Hazina.AgentFactory.csproj::TargetFramework=net8.0]
C:\Projects\Hazina\src\Core\Agents\Hazina.AgentFactory\Models\StoreEntry.cs(13,10): warning SA1513: Closing brace should be followed by blank line (https://github.com/DotNetAnalyzers/StyleCopAnalyzers/blob/master/documentation/SA1513.md) [C:\Projects\Hazina\src\Core\Agents\Hazina.AgentFactory\Hazina.AgentFactory.csproj::TargetFramework=net8.0]
C:\Projects\Hazina\src\Core\Agents\Hazina.AgentFactory\Models\StoreEntry.cs(18,10): warning SA1513: Closing brace should be followed by blank line (https://github.com/DotNetAnalyzers/StyleCopAnalyzers/blob/master/documentation/SA1513.md) [C:\Projects\Hazina\src\Core\Agents\Hazina.AgentFactory\Hazina.AgentFactory.csproj::TargetFramework=net8.0]
C:\Projects\Hazina\src\Core\Agents\Hazina.AgentFactory\Core\QuickAgentCreator.cs(31,16): warning MA0004: Use Task.ConfigureAwait(false) if the current SynchronizationContext is not needed (https://github.com/meziantou/Meziantou.Analyzer/blob/main/docs/Rules/MA0004.md) [C:\Projects\Hazina\src\Core\Agents\Hazina.AgentFactory\Hazina.AgentFactory.csproj::TargetFramework=net8.0]
C:\Projects\Hazina\src\Core\Agents\Hazina.AgentFactory\Core\AgentManager.cs(45,9): warning SA1642: Constructor summary documentation should begin with standard text (https://github.com/DotNetAnalyzers/StyleCopAnalyzers/blob/master/documentation/SA1642.md) [C:\Projects\Hazina\src\Core\Agents\Hazina.AgentFactory\Hazina.AgentFactory.csproj::TargetFramework=net8.0]
C:\Projects\Hazina\src\Core\Agents\Hazina.AgentFactory\Models\StorePaths.cs(1,1): warning SA1633: The file header XML is invalid. (https://github.com/DotNetAnalyzers/StyleCopAnalyzers/blob/master/documentation/SA1633.md) [C:\Projects\Hazina\src\Core\Agents\Hazina.AgentFactory\Hazina.AgentFactory.csproj::TargetFramework=net8.0]
C:\Projects\Hazina\src\Core\Agents\Hazina.AgentFactory\Models\StorePaths.cs(12,6): warning SA1513: Closing brace should be followed by blank line (https://github.com/DotNetAnalyzers/StyleCopAnalyzers/blob/master/documentation/SA1513.md) [C:\Projects\Hazina\src\Core\Agents\Hazina.AgentFactory\Hazina.AgentFactory.csproj::TargetFramework=net8.0]
C:\Projects\Hazina\src\Core\Agents\Hazina.AgentFactory\Models\StorePaths.cs(8,9): warning SA1000: The keyword 'if' should be followed by a space (https://github.com/DotNetAnalyzers/StyleCopAnalyzers/blob/master/documentation/SA1000.md) [C:\Projects\Hazina\src\Core\Agents\Hazina.AgentFactory\Hazina.AgentFactory.csproj::TargetFramework=net8.0]
C:\Projects\Hazina\src\Core\Agents\Hazina.AgentFactory\Models\StoreRef.cs(1,1): warning SA1633: The file header is missing or not located at the top of the file. (https://github.com/DotNetAnalyzers/StyleCopAnalyzers/blob/master/documentation/SA1633.md) [C:\Projects\Hazina\src\Core\Agents\Hazina.AgentFactory\Hazina.AgentFactory.csproj::TargetFramework=net8.0]
C:\Projects\Hazina\src\Core\Agents\Hazina.AgentFactory\Services\BigQuery\BigQueryService.cs(1,1): warning SA1633: The file header is missing or not located at the top of the file. (https://github.com/DotNetAnalyzers/StyleCopAnalyzers/blob/master/documentation/SA1633.md) [C:\Projects\Hazina\src\Core\Agents\Hazina.AgentFactory\Hazina.AgentFactory.csproj::TargetFramework=net8.0]
C:\Projects\Hazina\src\Core\Agents\Hazina.AgentFactory\Models\AgentCardModel.cs(32,93): warning SA1107: Code should not contain multiple statements on one line (https://github.com/DotNetAnalyzers/StyleCopAnalyzers/blob/master/documentation/SA1107.md) [C:\Projects\Hazina\src\Core\Agents\Hazina.AgentFactory\Hazina.AgentFactory.csproj::TargetFramework=net8.0]
C:\Projects\Hazina\src\Core\Agents\Hazina.AgentFactory\Models\AgentCardModel.cs(33,95): warning SA1107: Code should not contain multiple statements on one line (https://github.com/DotNetAnalyzers/StyleCopAnalyzers/blob/master/documentation/SA1107.md) [C:\Projects\Hazina\src\Core\Agents\Hazina.AgentFactory\Hazina.AgentFactory.csproj::TargetFramework=net8.0]
C:\Projects\Hazina\src\Core\Agents\Hazina.AgentFactory\Configuration\Schema\ConfigSchemaGenerator.cs(234,49): warning CA1869: Avoid creating a new 'JsonSerializerOptions' instance for every serialization operation. Cache and reuse instances instead. (https://learn.microsoft.com/dotnet/fundamentals/code-analysis/quality-rules/ca1869) [C:\Projects\Hazina\src\Core\Agents\Hazina.AgentFactory\Hazina.AgentFactory.csproj::TargetFramework=net8.0]
C:\Projects\Hazina\src\Core\Agents\Hazina.AgentFactory\Configuration\Validation\ConfigurationResult.cs(56,42): warning CA1000: Do not declare static members on generic types (https://learn.microsoft.com/dotnet/fundamentals/code-analysis/quality-rules/ca1000) [C:\Projects\Hazina\src\Core\Agents\Hazina.AgentFactory\Hazina.AgentFactory.csproj::TargetFramework=net8.0]
C:\Projects\Hazina\src\Core\Agents\Hazina.AgentFactory\Services\BigQuery\IBigQueryService.cs(1,1): warning SA1633: The file header is missing or not located at the top of the file. (https://github.com/DotNetAnalyzers/StyleCopAnalyzers/blob/master/documentation/SA1633.md) [C:\Projects\Hazina\src\Core\Agents\Hazina.AgentFactory\Hazina.AgentFactory.csproj::TargetFramework=net8.0]
C:\Projects\Hazina\src\Core\Agents\Hazina.AgentFactory\Services\Email\EmailDetail.cs(1,1): warning SA1633: The file header is missing or not located at the top of the file. (https://github.com/DotNetAnalyzers/StyleCopAnalyzers/blob/master/documentation/SA1633.md) [C:\Projects\Hazina\src\Core\Agents\Hazina.AgentFactory\Hazina.AgentFactory.csproj::TargetFramework=net8.0]
C:\Projects\Hazina\src\Core\Agents\Hazina.AgentFactory\Services\Email\EmailService.cs(1,1): warning SA1633: The file header is missing or not located at the top of the file. (https://github.com/DotNetAnalyzers/StyleCopAnalyzers/blob/master/documentation/SA1633.md) [C:\Projects\Hazina\src\Core\Agents\Hazina.AgentFactory\Hazina.AgentFactory.csproj::TargetFramework=net8.0]
C:\Projects\Hazina\src\Core\Agents\Hazina.AgentFactory\Configuration\Validation\StoreConfigValidator.cs(47,13): warning SA1503: Braces should not be omitted (https://github.com/DotNetAnalyzers/StyleCopAnalyzers/blob/master/documentation/SA1503.md) [C:\Projects\Hazina\src\Core\Agents\Hazina.AgentFactory\Hazina.AgentFactory.csproj::TargetFramework=net8.0]
C:\Projects\Hazina\src\Core\Agents\Hazina.AgentFactory\Configuration\Validation\StoreConfigValidator.cs(50,35): warning CA1847: Use 'string.Contains(char)' instead of 'string.Contains(string)' when searching for a single character (https://learn.microsoft.com/dotnet/fundamentals/code-analysis/quality-rules/ca1847) [C:\Projects\Hazina\src\Core\Agents\Hazina.AgentFactory\Hazina.AgentFactory.csproj::TargetFramework=net8.0]
C:\Projects\Hazina\src\Core\Agents\Hazina.AgentFactory\Configuration\Validation\StoreConfigValidator.cs(50,66): warning CA1847: Use 'string.Contains(char)' instead of 'string.Contains(string)' when searching for a single character (https://learn.microsoft.com/dotnet/fundamentals/code-analysis/quality-rules/ca1847) [C:\Projects\Hazina\src\Core\Agents\Hazina.AgentFactory\Hazina.AgentFactory.csproj::TargetFramework=net8.0]
C:\Projects\Hazina\src\Core\Agents\Hazina.AgentFactory\Configuration\Validation\StoreConfigValidator.cs(50,13): warning CA1307: 'string.Contains(string)' has a method overload that takes a 'StringComparison' parameter. Replace this call in 'Hazina.AgentFactory.Configuration.Validation.StoreConfigValidator.ValidatePath()' with a call to 'string.Contains(string, System.StringComparison)' for clarity of intent. (https://learn.microsoft.com/dotnet/fundamentals/code-analysis/quality-rules/ca1307) [C:\Projects\Hazina\src\Core\Agents\Hazina.AgentFactory\Hazina.AgentFactory.csproj::TargetFramework=net8.0]
C:\Projects\Hazina\src\Core\Agents\Hazina.AgentFactory\Configuration\Validation\StoreConfigValidator.cs(50,44): warning CA1307: 'string.Contains(string)' has a method overload that takes a 'StringComparison' parameter. Replace this call in 'Hazina.AgentFactory.Configuration.Validation.StoreConfigValidator.ValidatePath()' with a call to 'string.Contains(string, System.StringComparison)' for clarity of intent. (https://learn.microsoft.com/dotnet/fundamentals/code-analysis/quality-rules/ca1307) [C:\Projects\Hazina\src\Core\Agents\Hazina.AgentFactory\Hazina.AgentFactory.csproj::TargetFramework=net8.0]
C:\Projects\Hazina\src\Core\Agents\Hazina.AgentFactory\Configuration\Validation\StoreConfigValidator.cs(62,13): warning CA1307: 'string.Contains(string)' has a method overload that takes a 'StringComparison' parameter. Replace this call in 'Hazina.AgentFactory.Configuration.Validation.StoreConfigValidator.ValidatePath()' with a call to 'string.Contains(string, System.StringComparison)' for clarity of intent. (https://learn.microsoft.com/dotnet/fundamentals/code-analysis/quality-rules/ca1307) [C:\Projects\Hazina\src\Core\Agents\Hazina.AgentFactory\Hazina.AgentFactory.csproj::TargetFramework=net8.0]
C:\Projects\Hazina\src\Core\Agents\Hazina.AgentFactory\Services\Email\EmailSettings.cs(1,1): warning SA1633: The file header is missing or not located at the top of the file. (https://github.com/DotNetAnalyzers/StyleCopAnalyzers/blob/master/documentation/SA1633.md) [C:\Projects\Hazina\src\Core\Agents\Hazina.AgentFactory\Hazina.AgentFactory.csproj::TargetFramework=net8.0]
C:\Projects\Hazina\src\Core\Agents\Hazina.AgentFactory\Configuration\Parsers\HazinaStoreConfigParserV2.cs(79,9): warning CA1031: Modify 'Parse' to catch a more specific allowed exception type, or rethrow the exception (https://learn.microsoft.com/dotnet/fundamentals/code-analysis/quality-rules/ca1031) [C:\Projects\Hazina\src\Core\Agents\Hazina.AgentFactory\Hazina.AgentFactory.csproj::TargetFramework=net8.0]
C:\Projects\Hazina\src\Core\Agents\Hazina.AgentFactory\Models\GitOutput.cs(78,75): warning SA1503: Braces should not be omitted (https://github.com/DotNetAnalyzers/StyleCopAnalyzers/blob/master/documentation/SA1503.md) [C:\Projects\Hazina\src\Core\Agents\Hazina.AgentFactory\Hazina.AgentFactory.csproj::TargetFramework=net8.0]
C:\Projects\Hazina\src\Core\Agents\Hazina.AgentFactory\Models\GitOutput.cs(79,74): warning SA1503: Braces should not be omitted (https://github.com/DotNetAnalyzers/StyleCopAnalyzers/blob/master/documentation/SA1503.md) [C:\Projects\Hazina\src\Core\Agents\Hazina.AgentFactory\Hazina.AgentFactory.csproj::TargetFramework=net8.0]
C:\Projects\Hazina\src\Core\Agents\Hazina.AgentFactory\Services\Email\EmailSummary.cs(1,1): warning SA1633: The file header is missing or not located at the top of the file. (https://github.com/DotNetAnalyzers/StyleCopAnalyzers/blob/master/documentation/SA1633.md) [C:\Projects\Hazina\src\Core\Agents\Hazina.AgentFactory\Hazina.AgentFactory.csproj::TargetFramework=net8.0]
C:\Projects\Hazina\src\Core\Agents\Hazina.AgentFactory\Services\Email\IEmailService.cs(1,1): warning SA1633: The file header is missing or not located at the top of the file. (https://github.com/DotNetAnalyzers/StyleCopAnalyzers/blob/master/documentation/SA1633.md) [C:\Projects\Hazina\src\Core\Agents\Hazina.AgentFactory\Hazina.AgentFactory.csproj::TargetFramework=net8.0]
C:\Projects\Hazina\src\Core\Agents\Hazina.AgentFactory\Models\AgentCardModel.cs(34,86): warning SA1107: Code should not contain multiple statements on one line (https://github.com/DotNetAnalyzers/StyleCopAnalyzers/blob/master/documentation/SA1107.md) [C:\Projects\Hazina\src\Core\Agents\Hazina.AgentFactory\Hazina.AgentFactory.csproj::TargetFramework=net8.0]
C:\Projects\Hazina\src\Core\Agents\Hazina.AgentFactory\Configuration\Parsers\HazinaAgentConfigParser.cs(190,34): warning SA1503: Braces should not be omitted (https://github.com/DotNetAnalyzers/StyleCopAnalyzers/blob/master/documentation/SA1503.md) [C:\Projects\Hazina\src\Core\Agents\Hazina.AgentFactory\Hazina.AgentFactory.csproj::TargetFramework=net8.0]
C:\Projects\Hazina\src\Core\Agents\Hazina.AgentFactory\Configuration\Parsers\HazinaAgentConfigParser.cs(192,29): warning SA1503: Braces should not be omitted (https://github.com/DotNetAnalyzers/StyleCopAnalyzers/blob/master/documentation/SA1503.md) [C:\Projects\Hazina\src\Core\Agents\Hazina.AgentFactory\Hazina.AgentFactory.csproj::TargetFramework=net8.0]
C:\Projects\Hazina\src\Core\Agents\Hazina.AgentFactory\Configuration\Parsers\HazinaAgentConfigParser.cs(204,59): warning SA1503: Braces should not be omitted (https://github.com/DotNetAnalyzers/StyleCopAnalyzers/blob/master/documentation/SA1503.md) [C:\Projects\Hazina\src\Core\Agents\Hazina.AgentFactory\Hazina.AgentFactory.csproj::TargetFramework=net8.0]
C:\Projects\Hazina\src\Core\Agents\Hazina.AgentFactory\Services\Execution\AgentExecutionService.cs(1,1): warning SA1633: The file header is missing or not located at the top of the file. (https://github.com/DotNetAnalyzers/StyleCopAnalyzers/blob/master/documentation/SA1633.md) [C:\Projects\Hazina\src\Core\Agents\Hazina.AgentFactory\Hazina.AgentFactory.csproj::TargetFramework=net8.0]
C:\Projects\Hazina\src\Core\Agents\Hazina.AgentFactory\Configuration\Parsers\HazinaAgentConfigParser.cs(200,154): warning SA1122: Use string.Empty for empty strings (https://github.com/DotNetAnalyzers/StyleCopAnalyzers/blob/master/documentation/SA1122.md) [C:\Projects\Hazina\src\Core\Agents\Hazina.AgentFactory\Hazina.AgentFactory.csproj::TargetFramework=net8.0]
C:\Projects\Hazina\src\Core\Agents\Hazina.AgentFactory\Services\Execution\AgentExecutionService.cs(93,10): warning SA1513: Closing brace should be followed by blank line (https://github.com/DotNetAnalyzers/StyleCopAnalyzers/blob/master/documentation/SA1513.md) [C:\Projects\Hazina\src\Core\Agents\Hazina.AgentFactory\Hazina.AgentFactory.csproj::TargetFramework=net8.0]
C:\Projects\Hazina\src\Core\Agents\Hazina.AgentFactory\Models\FlowCardModels.cs(60,56): warning SA1629: Documentation text should end with a period (https://github.com/DotNetAnalyzers/StyleCopAnalyzers/blob/master/documentation/SA1629.md) [C:\Projects\Hazina\src\Core\Agents\Hazina.AgentFactory\Hazina.AgentFactory.csproj::TargetFramework=net8.0]
C:\Projects\Hazina\src\Core\Agents\Hazina.AgentFactory\Models\GitOutput.cs(89,33): warning MA0004: Use Task.ConfigureAwait(false) if the current SynchronizationContext is not needed (https://github.com/meziantou/Meziantou.Analyzer/blob/main/docs/Rules/MA0004.md) [C:\Projects\Hazina\src\Core\Agents\Hazina.AgentFactory\Hazina.AgentFactory.csproj::TargetFramework=net8.0]
C:\Projects\Hazina\src\Core\Agents\Hazina.AgentFactory\Configuration\Parsers\HazinaAgentConfigParser.cs(191,26): warning CA1307: 'string.IndexOf(char)' has a method overload that takes a 'StringComparison' parameter. Replace this call in 'HazinaFlowConfigParser.Parse(string)' with a call to 'string.IndexOf(char, System.StringComparison)' for clarity of intent. (https://learn.microsoft.com/dotnet/fundamentals/code-analysis/quality-rules/ca1307) [C:\Projects\Hazina\src\Core\Agents\Hazina.AgentFactory\Hazina.AgentFactory.csproj::TargetFramework=net8.0]
C:\Projects\Hazina\src\Core\Agents\Hazina.AgentFactory\Configuration\Parsers\HazinaAgentConfigParser.cs(200,149): warning CA1820: Test for empty strings using 'string.Length' property or 'string.IsNullOrEmpty' method instead of an Equality check (https://learn.microsoft.com/dotnet/fundamentals/code-analysis/quality-rules/ca1820) [C:\Projects\Hazina\src\Core\Agents\Hazina.AgentFactory\Hazina.AgentFactory.csproj::TargetFramework=net8.0]
C:\Projects\Hazina\src\Core\Agents\Hazina.AgentFactory\Configuration\Validation\StoreConfigValidator.cs(76,9): warning CA1031: Modify 'ValidatePath' to catch a more specific allowed exception type, or rethrow the exception (https://learn.microsoft.com/dotnet/fundamentals/code-analysis/quality-rules/ca1031) [C:\Projects\Hazina\src\Core\Agents\Hazina.AgentFactory\Hazina.AgentFactory.csproj::TargetFramework=net8.0]
C:\Projects\Hazina\src\Core\Agents\Hazina.AgentFactory\Models\GitOutput.cs(131,75): warning SA1503: Braces should not be omitted (https://github.com/DotNetAnalyzers/StyleCopAnalyzers/blob/master/documentation/SA1503.md) [C:\Projects\Hazina\src\Core\Agents\Hazina.AgentFactory\Hazina.AgentFactory.csproj::TargetFramework=net8.0]
C:\Projects\Hazina\src\Core\Agents\Hazina.AgentFactory\Models\GitOutput.cs(132,74): warning SA1503: Braces should not be omitted (https://github.com/DotNetAnalyzers/StyleCopAnalyzers/blob/master/documentation/SA1503.md) [C:\Projects\Hazina\src\Core\Agents\Hazina.AgentFactory\Hazina.AgentFactory.csproj::TargetFramework=net8.0]
C:\Projects\Hazina\src\Core\Agents\Hazina.AgentFactory\Models\GitOutput.cs(113,18): warning SA1206: The 'static' modifier should appear before 'async' (https://github.com/DotNetAnalyzers/StyleCopAnalyzers/blob/master/documentation/SA1206.md) [C:\Projects\Hazina\src\Core\Agents\Hazina.AgentFactory\Hazina.AgentFactory.csproj::TargetFramework=net8.0]
C:\Projects\Hazina\src\Core\Agents\Hazina.AgentFactory\Services\Execution\IAgentExecutionService.cs(1,1): warning SA1633: The file header is missing or not located at the top of the file. (https://github.com/DotNetAnalyzers/StyleCopAnalyzers/blob/master/documentation/SA1633.md) [C:\Projects\Hazina\src\Core\Agents\Hazina.AgentFactory\Hazina.AgentFactory.csproj::TargetFramework=net8.0]
C:\Projects\Hazina\src\Core\Agents\Hazina.AgentFactory\Services\BigQuery\BigQueryService.cs(36,30): warning CA2016: Forward the 'cancel' parameter to the 'ExecuteQueryAsync' method or pass in 'CancellationToken.None' explicitly to indicate intentionally not propagating the token (https://learn.microsoft.com/dotnet/fundamentals/code-analysis/quality-rules/ca2016) [C:\Projects\Hazina\src\Core\Agents\Hazina.AgentFactory\Hazina.AgentFactory.csproj::TargetFramework=net8.0]
C:\Projects\Hazina\src\Core\Agents\Hazina.AgentFactory\Services\BigQuery\BigQueryService.cs(39,30): warning CA2016: Forward the 'cancel' parameter to the 'ExecuteQueryAsync' method or pass in 'CancellationToken.None' explicitly to indicate intentionally not propagating the token (https://learn.microsoft.com/dotnet/fundamentals/code-analysis/quality-rules/ca2016) [C:\Projects\Hazina\src\Core\Agents\Hazina.AgentFactory\Hazina.AgentFactory.csproj::TargetFramework=net8.0]
C:\Projects\Hazina\src\Core\Agents\Hazina.AgentFactory\Models\AgentCardModel.cs(35,83): warning SA1107: Code should not contain multiple statements on one line (https://github.com/DotNetAnalyzers/StyleCopAnalyzers/blob/master/documentation/SA1107.md) [C:\Projects\Hazina\src\Core\Agents\Hazina.AgentFactory\Hazina.AgentFactory.csproj::TargetFramework=net8.0]
C:\Projects\Hazina\src\Core\Agents\Hazina.AgentFactory\Services\Tools\IToolRegistrationService.cs(1,1): warning SA1633: The file header is missing or not located at the top of the file. (https://github.com/DotNetAnalyzers/StyleCopAnalyzers/blob/master/documentation/SA1633.md) [C:\Projects\Hazina\src\Core\Agents\Hazina.AgentFactory\Hazina.AgentFactory.csproj::TargetFramework=net8.0]
C:\Projects\Hazina\src\Core\Agents\Hazina.AgentFactory\Configuration\Parsers\HazinaAgentConfigParser.cs(211,58): warning SA1122: Use string.Empty for empty strings (https://github.com/DotNetAnalyzers/StyleCopAnalyzers/blob/master/documentation/SA1122.md) [C:\Projects\Hazina\src\Core\Agents\Hazina.AgentFactory\Hazina.AgentFactory.csproj::TargetFramework=net8.0]
C:\Projects\Hazina\src\Core\Agents\Hazina.AgentFactory\Configuration\Parsers\HazinaAgentConfigParser.cs(211,22): warning CA1307: 'string.Replace(string, string?)' has a method overload that takes a 'StringComparison' parameter. Replace this call in 'HazinaFlowConfigParser.EscapeMultiline(string)' with a call to 'string.Replace(string, string?, System.StringComparison)' for clarity of intent. (https://learn.microsoft.com/dotnet/fundamentals/code-analysis/quality-rules/ca1307) [C:\Projects\Hazina\src\Core\Agents\Hazina.AgentFactory\Hazina.AgentFactory.csproj::TargetFramework=net8.0]
C:\Projects\Hazina\src\Core\Agents\Hazina.AgentFactory\Configuration\Parsers\HazinaAgentConfigParser.cs(211,22): warning CA1307: 'string.Replace(string, string?)' has a method overload that takes a 'StringComparison' parameter. Replace this call in 'HazinaFlowConfigParser.EscapeMultiline(string)' with a call to 'string.Replace(string, string?, System.StringComparison)' for clarity of intent. (https://learn.microsoft.com/dotnet/fundamentals/code-analysis/quality-rules/ca1307) [C:\Projects\Hazina\src\Core\Agents\Hazina.AgentFactory\Hazina.AgentFactory.csproj::TargetFramework=net8.0]
C:\Projects\Hazina\src\Core\Agents\Hazina.AgentFactory\Services\Tools\Parameters\CommonToolParameters.cs(1,1): warning SA1633: The file header is missing or not located at the top of the file. (https://github.com/DotNetAnalyzers/StyleCopAnalyzers/blob/master/documentation/SA1633.md) [C:\Projects\Hazina\src\Core\Agents\Hazina.AgentFactory\Hazina.AgentFactory.csproj::TargetFramework=net8.0]
C:\Projects\Hazina\src\Core\Agents\Hazina.AgentFactory\Core\QuickAgentCreator.cs(44,37): warning CA1062: In externally visible method 'DocumentStore QuickAgentCreator.CreateStore(StorePaths paths, string name)', validate parameter 'paths' is non-null before using it. If appropriate, throw an 'ArgumentNullException' when the argument is 'null'. (https://learn.microsoft.com/dotnet/fundamentals/code-analysis/quality-rules/ca1062) [C:\Projects\Hazina\src\Core\Agents\Hazina.AgentFactory\Hazina.AgentFactory.csproj::TargetFramework=net8.0]
C:\Projects\Hazina\src\Core\Agents\Hazina.AgentFactory\Services\BigQuery\BigQueryService.cs(36,24): warning MA0004: Use Task.ConfigureAwait(false) if the current SynchronizationContext is not needed (https://github.com/meziantou/Meziantou.Analyzer/blob/main/docs/Rules/MA0004.md) [C:\Projects\Hazina\src\Core\Agents\Hazina.AgentFactory\Hazina.AgentFactory.csproj::TargetFramework=net8.0]
C:\Projects\Hazina\src\Core\Agents\Hazina.AgentFactory\Services\BigQuery\BigQueryService.cs(39,24): warning MA0004: Use Task.ConfigureAwait(false) if the current SynchronizationContext is not needed (https://github.com/meziantou/Meziantou.Analyzer/blob/main/docs/Rules/MA0004.md) [C:\Projects\Hazina\src\Core\Agents\Hazina.AgentFactory\Hazina.AgentFactory.csproj::TargetFramework=net8.0]
C:\Projects\Hazina\src\Core\Agents\Hazina.AgentFactory\Services\Tools\ToolRegistrationService.cs(354,20): warning MA0026: TODO Make these configurable (https://github.com/meziantou/Meziantou.Analyzer/blob/main/docs/Rules/MA0026.md) [C:\Projects\Hazina\src\Core\Agents\Hazina.AgentFactory\Hazina.AgentFactory.csproj::TargetFramework=net8.0]
C:\Projects\Hazina\src\Core\Agents\Hazina.AgentFactory\Models\GitOutput.cs(26,75): warning SA1503: Braces should not be omitted (https://github.com/DotNetAnalyzers/StyleCopAnalyzers/blob/master/documentation/SA1503.md) [C:\Projects\Hazina\src\Core\Agents\Hazina.AgentFactory\Hazina.AgentFactory.csproj::TargetFramework=net8.0]
C:\Projects\Hazina\src\Core\Agents\Hazina.AgentFactory\Models\GitOutput.cs(27,74): warning SA1503: Braces should not be omitted (https://github.com/DotNetAnalyzers/StyleCopAnalyzers/blob/master/documentation/SA1503.md) [C:\Projects\Hazina\src\Core\Agents\Hazina.AgentFactory\Hazina.AgentFactory.csproj::TargetFramework=net8.0]
C:\Projects\Hazina\src\Core\Agents\Hazina.AgentFactory\Models\GitOutput.cs(142,33): warning MA0004: Use Task.ConfigureAwait(false) if the current SynchronizationContext is not needed (https://github.com/meziantou/Meziantou.Analyzer/blob/main/docs/Rules/MA0004.md) [C:\Projects\Hazina\src\Core\Agents\Hazina.AgentFactory\Hazina.AgentFactory.csproj::TargetFramework=net8.0]
C:\Projects\Hazina\src\Core\Agents\Hazina.AgentFactory\Configuration\Parsers\HazinaAgentConfigParser.cs(213,68): warning CA1307: 'string.Replace(string, string?)' has a method overload that takes a 'StringComparison' parameter. Replace this call in 'HazinaFlowConfigParser.UnescapeMultiline(string)' with a call to 'string.Replace(string, string?, System.StringComparison)' for clarity of intent. (https://learn.microsoft.com/dotnet/fundamentals/code-analysis/quality-rules/ca1307) [C:\Projects\Hazina\src\Core\Agents\Hazina.AgentFactory\Hazina.AgentFactory.csproj::TargetFramework=net8.0]
C:\Projects\Hazina\src\Core\Agents\Hazina.AgentFactory\Models\GitOutput.cs(97,17): warning CA1031: Modify 'GetNpmOutputAsync' to catch a more specific allowed exception type, or rethrow the exception (https://learn.microsoft.com/dotnet/fundamentals/code-analysis/quality-rules/ca1031) [C:\Projects\Hazina\src\Core\Agents\Hazina.AgentFactory\Hazina.AgentFactory.csproj::TargetFramework=net8.0]
C:\Projects\Hazina\src\Core\Agents\Hazina.AgentFactory\Core\QuickAgentCreator.cs(62,9): warning MA0004: Use Task.ConfigureAwait(false) if the current SynchronizationContext is not needed (https://github.com/meziantou/Meziantou.Analyzer/blob/main/docs/Rules/MA0004.md) [C:\Projects\Hazina\src\Core\Agents\Hazina.AgentFactory\Hazina.AgentFactory.csproj::TargetFramework=net8.0]
C:\Projects\Hazina\src\Core\Agents\Hazina.AgentFactory\Services\Tools\ToolRegistrationService.cs(354,20): warning S1135: Complete the task associated to this 'TODO' comment. (https://rules.sonarsource.com/csharp/RSPEC-1135) [C:\Projects\Hazina\src\Core\Agents\Hazina.AgentFactory\Hazina.AgentFactory.csproj::TargetFramework=net8.0]
C:\Projects\Hazina\src\Core\Agents\Hazina.AgentFactory\Services\Execution\AgentExecutionService.cs(58,35): warning S6602: "Find" method should be used instead of the "FirstOrDefault" extension method. (https://rules.sonarsource.com/csharp/RSPEC-6602) [C:\Projects\Hazina\src\Core\Agents\Hazina.AgentFactory\Hazina.AgentFactory.csproj::TargetFramework=net8.0]
C:\Projects\Hazina\src\Core\Agents\Hazina.AgentFactory\Services\Tools\ToolRegistrationService.cs(1,1): warning SA1633: The file header is missing or not located at the top of the file. (https://github.com/DotNetAnalyzers/StyleCopAnalyzers/blob/master/documentation/SA1633.md) [C:\Projects\Hazina\src\Core\Agents\Hazina.AgentFactory\Hazina.AgentFactory.csproj::TargetFramework=net8.0]
C:\Projects\Hazina\src\Core\Agents\Hazina.AgentFactory\Models\AgentCardModel.cs(36,75): warning SA1107: Code should not contain multiple statements on one line (https://github.com/DotNetAnalyzers/StyleCopAnalyzers/blob/master/documentation/SA1107.md) [C:\Projects\Hazina\src\Core\Agents\Hazina.AgentFactory\Hazina.AgentFactory.csproj::TargetFramework=net8.0]
C:\Projects\Hazina\src\Core\Agents\Hazina.AgentFactory\Models\GitOutput.cs(37,33): warning MA0004: Use Task.ConfigureAwait(false) if the current SynchronizationContext is not needed (https://github.com/meziantou/Meziantou.Analyzer/blob/main/docs/Rules/MA0004.md) [C:\Projects\Hazina\src\Core\Agents\Hazina.AgentFactory\Hazina.AgentFactory.csproj::TargetFramework=net8.0]
C:\Projects\Hazina\src\Core\Agents\Hazina.AgentFactory\Services\Tools\ToolRegistrationService.cs(72,14): warning SA1513: Closing brace should be followed by blank line (https://github.com/DotNetAnalyzers/StyleCopAnalyzers/blob/master/documentation/SA1513.md) [C:\Projects\Hazina\src\Core\Agents\Hazina.AgentFactory\Hazina.AgentFactory.csproj::TargetFramework=net8.0]
C:\Projects\Hazina\src\Core\Agents\Hazina.AgentFactory\Services\Tools\ToolRegistrationService.cs(76,14): warning SA1513: Closing brace should be followed by blank line (https://github.com/DotNetAnalyzers/StyleCopAnalyzers/blob/master/documentation/SA1513.md) [C:\Projects\Hazina\src\Core\Agents\Hazina.AgentFactory\Hazina.AgentFactory.csproj::TargetFramework=net8.0]
C:\Projects\Hazina\src\Core\Agents\Hazina.AgentFactory\Services\Tools\ToolRegistrationService.cs(83,10): warning SA1513: Closing brace should be followed by blank line (https://github.com/DotNetAnalyzers/StyleCopAnalyzers/blob/master/documentation/SA1513.md) [C:\Projects\Hazina\src\Core\Agents\Hazina.AgentFactory\Hazina.AgentFactory.csproj::TargetFramework=net8.0]
C:\Projects\Hazina\src\Core\Agents\Hazina.AgentFactory\Services\Tools\ToolRegistrationService.cs(87,10): warning SA1513: Closing brace should be followed by blank line (https://github.com/DotNetAnalyzers/StyleCopAnalyzers/blob/master/documentation/SA1513.md) [C:\Projects\Hazina\src\Core\Agents\Hazina.AgentFactory\Hazina.AgentFactory.csproj::TargetFramework=net8.0]
C:\Projects\Hazina\src\Core\Agents\Hazina.AgentFactory\Services\Tools\ToolRegistrationService.cs(195,22): warning SA1513: Closing brace should be followed by blank line (https://github.com/DotNetAnalyzers/StyleCopAnalyzers/blob/master/documentation/SA1513.md) [C:\Projects\Hazina\src\Core\Agents\Hazina.AgentFactory\Hazina.AgentFactory.csproj::TargetFramework=net8.0]
C:\Projects\Hazina\src\Core\Agents\Hazina.AgentFactory\Services\Tools\ToolRegistrationService.cs(255,22): warning SA1513: Closing brace should be followed by blank line (https://github.com/DotNetAnalyzers/StyleCopAnalyzers/blob/master/documentation/SA1513.md) [C:\Projects\Hazina\src\Core\Agents\Hazina.AgentFactory\Hazina.AgentFactory.csproj::TargetFramework=net8.0]
C:\Projects\Hazina\src\Core\Agents\Hazina.AgentFactory\Services\Tools\ToolRegistrationService.cs(275,22): warning SA1513: Closing brace should be followed by blank line (https://github.com/DotNetAnalyzers/StyleCopAnalyzers/blob/master/documentation/SA1513.md) [C:\Projects\Hazina\src\Core\Agents\Hazina.AgentFactory\Hazina.AgentFactory.csproj::TargetFramework=net8.0]
C:\Projects\Hazina\src\Core\Agents\Hazina.AgentFactory\Services\Tools\ToolRegistrationService.cs(580,26): warning SA1513: Closing brace should be followed by blank line (https://github.com/DotNetAnalyzers/StyleCopAnalyzers/blob/master/documentation/SA1513.md) [C:\Projects\Hazina\src\Core\Agents\Hazina.AgentFactory\Hazina.AgentFactory.csproj::TargetFramework=net8.0]
C:\Projects\Hazina\src\Core\Agents\Hazina.AgentFactory\Services\Tools\ToolRegistrationService.cs(625,22): warning SA1513: Closing brace should be followed by blank line (https://github.com/DotNetAnalyzers/StyleCopAnalyzers/blob/master/documentation/SA1513.md) [C:\Projects\Hazina\src\Core\Agents\Hazina.AgentFactory\Hazina.AgentFactory.csproj::TargetFramework=net8.0]
C:\Projects\Hazina\src\Core\Agents\Hazina.AgentFactory\Configuration\Validation\StoreConfigValidator.cs(84,45): warning CA1860: Prefer comparing 'Length' to 0 rather than using 'Any()', both for clarity and for performance (https://learn.microsoft.com/dotnet/fundamentals/code-analysis/quality-rules/ca1860) [C:\Projects\Hazina\src\Core\Agents\Hazina.AgentFactory\Hazina.AgentFactory.csproj::TargetFramework=net8.0]
C:\Projects\Hazina\src\Core\Agents\Hazina.AgentFactory\Configuration\Validation\StoreConfigValidator.cs(99,34): warning CA1847: Use 'string.Contains(char)' instead of 'string.Contains(string)' when searching for a single character (https://learn.microsoft.com/dotnet/fundamentals/code-analysis/quality-rules/ca1847) [C:\Projects\Hazina\src\Core\Agents\Hazina.AgentFactory\Hazina.AgentFactory.csproj::TargetFramework=net8.0]
C:\Projects\Hazina\src\Core\Agents\Hazina.AgentFactory\Configuration\Validation\StoreConfigValidator.cs(99,59): warning CA1847: Use 'string.Contains(char)' instead of 'string.Contains(string)' when searching for a single character (https://learn.microsoft.com/dotnet/fundamentals/code-analysis/quality-rules/ca1847) [C:\Projects\Hazina\src\Core\Agents\Hazina.AgentFactory\Hazina.AgentFactory.csproj::TargetFramework=net8.0]
C:\Projects\Hazina\src\Core\Agents\Hazina.AgentFactory\Configuration\Validation\StoreConfigValidator.cs(99,18): warning CA1307: 'string.Contains(string)' has a method overload that takes a 'StringComparison' parameter. Replace this call in 'Hazina.AgentFactory.Configuration.Validation.StoreConfigValidator.ValidateFileFilters()' with a call to 'string.Contains(string, System.StringComparison)' for clarity of intent. (https://learn.microsoft.com/dotnet/fundamentals/code-analysis/quality-rules/ca1307) [C:\Projects\Hazina\src\Core\Agents\Hazina.AgentFactory\Hazina.AgentFactory.csproj::TargetFramework=net8.0]
C:\Projects\Hazina\src\Core\Agents\Hazina.AgentFactory\Configuration\Validation\StoreConfigValidator.cs(99,43): warning CA1307: 'string.Contains(string)' has a method overload that takes a 'StringComparison' parameter. Replace this call in 'Hazina.AgentFactory.Configuration.Validation.StoreConfigValidator.ValidateFileFilters()' with a call to 'string.Contains(string, System.StringComparison)' for clarity of intent. (https://learn.microsoft.com/dotnet/fundamentals/code-analysis/quality-rules/ca1307) [C:\Projects\Hazina\src\Core\Agents\Hazina.AgentFactory\Hazina.AgentFactory.csproj::TargetFramework=net8.0]
C:\Projects\Hazina\src\Core\Agents\Hazina.AgentFactory\Configuration\Validation\StoreConfigValidator.cs(105,17): warning MA0006: Use string.Equals instead of Equals operator (https://github.com/meziantou/Meziantou.Analyzer/blob/main/docs/Rules/MA0006.md) [C:\Projects\Hazina\src\Core\Agents\Hazina.AgentFactory\Hazina.AgentFactory.csproj::TargetFramework=net8.0]
C:\Projects\Hazina\src\Core\Agents\Hazina.AgentFactory\Configuration\Validation\StoreConfigValidator.cs(105,34): warning MA0006: Use string.Equals instead of Equals operator (https://github.com/meziantou/Meziantou.Analyzer/blob/main/docs/Rules/MA0006.md) [C:\Projects\Hazina\src\Core\Agents\Hazina.AgentFactory\Hazina.AgentFactory.csproj::TargetFramework=net8.0]
C:\Projects\Hazina\src\Core\Agents\Hazina.AgentFactory\Services\Execution\AgentExecutionService.cs(59,32): warning SA1503: Braces should not be omitted (https://github.com/DotNetAnalyzers/StyleCopAnalyzers/blob/master/documentation/SA1503.md) [C:\Projects\Hazina\src\Core\Agents\Hazina.AgentFactory\Hazina.AgentFactory.csproj::TargetFramework=net8.0]
C:\Projects\Hazina\src\Core\Agents\Hazina.AgentFactory\Services\Execution\AgentExecutionService.cs(54,104): warning SA1122: Use string.Empty for empty strings (https://github.com/DotNetAnalyzers/StyleCopAnalyzers/blob/master/documentation/SA1122.md) [C:\Projects\Hazina\src\Core\Agents\Hazina.AgentFactory\Hazina.AgentFactory.csproj::TargetFramework=net8.0]
C:\Projects\Hazina\src\Core\Agents\Hazina.AgentFactory\Configuration\Parsers\HazinaStoreConfigParserV2.cs(32,25): warning CA1062: In externally visible method 'ConfigurationResult<List<StoreConfig>> HazinaStoreConfigParserV2.Parse(string input)', validate parameter 'input' is non-null before using it. If appropriate, throw an 'ArgumentNullException' when the argument is 'null'. (https://learn.microsoft.com/dotnet/fundamentals/code-analysis/quality-rules/ca1062) [C:\Projects\Hazina\src\Core\Agents\Hazina.AgentFactory\Hazina.AgentFactory.csproj::TargetFramework=net8.0]
C:\Projects\Hazina\src\Core\Agents\Hazina.AgentFactory\Models\GitOutput.cs(45,17): warning CA1031: Modify 'GetGitOutput' to catch a more specific allowed exception type, or rethrow the exception (https://learn.microsoft.com/dotnet/fundamentals/code-analysis/quality-rules/ca1031) [C:\Projects\Hazina\src\Core\Agents\Hazina.AgentFactory\Hazina.AgentFactory.csproj::TargetFramework=net8.0]
C:\Projects\Hazina\src\Core\Agents\Hazina.AgentFactory\Models\GitOutput.cs(150,17): warning CA1031: Modify 'GetDotNetOutput' to catch a more specific allowed exception type, or rethrow the exception (https://learn.microsoft.com/dotnet/fundamentals/code-analysis/quality-rules/ca1031) [C:\Projects\Hazina\src\Core\Agents\Hazina.AgentFactory\Hazina.AgentFactory.csproj::TargetFramework=net8.0]
C:\Projects\Hazina\src\Core\Agents\Hazina.AgentFactory\Configuration\Parsers\HazinaStoreConfigParser.cs(27,37): warning CA1002: Change 'List<StoreConfig>' in 'HazinaStoreConfigParser.Parse(string)' to use 'Collection<T>', 'ReadOnlyCollection<T>' or 'KeyedCollection<K,V>' (https://learn.microsoft.com/dotnet/fundamentals/code-analysis/quality-rules/ca1002) [C:\Projects\Hazina\src\Core\Agents\Hazina.AgentFactory\Hazina.AgentFactory.csproj::TargetFramework=net8.0]
C:\Projects\Hazina\src\Core\Agents\Hazina.AgentFactory\Configuration\Parsers\HazinaStoreConfigParser.cs(27,19): warning MA0016: Prefer using collection abstraction instead of implementation (https://github.com/meziantou/Meziantou.Analyzer/blob/main/docs/Rules/MA0016.md) [C:\Projects\Hazina\src\Core\Agents\Hazina.AgentFactory\Hazina.AgentFactory.csproj::TargetFramework=net8.0]
C:\Projects\Hazina\src\Core\Agents\Hazina.AgentFactory\Core\AgentFactoryExtensions.cs(113,13): warning S3011: Make sure that this accessibility bypass is safe here. (https://rules.sonarsource.com/csharp/RSPEC-3011) [C:\Projects\Hazina\src\Core\Agents\Hazina.AgentFactory\Hazina.AgentFactory.csproj::TargetFramework=net8.0]
C:\Projects\Hazina\src\Core\Agents\Hazina.AgentFactory\Configuration\Parsers\HazinaAgentConfigParser.cs(228,36): warning CA1002: Change 'List<FlowConfig>' in 'HazinaFlowConfigParser.LoadFromFile(string)' to use 'Collection<T>', 'ReadOnlyCollection<T>' or 'KeyedCollection<K,V>' (https://learn.microsoft.com/dotnet/fundamentals/code-analysis/quality-rules/ca1002) [C:\Projects\Hazina\src\Core\Agents\Hazina.AgentFactory\Hazina.AgentFactory.csproj::TargetFramework=net8.0]
C:\Projects\Hazina\src\Core\Agents\Hazina.AgentFactory\Configuration\Parsers\HazinaAgentConfigParser.cs(228,19): warning MA0016: Prefer using collection abstraction instead of implementation (https://github.com/meziantou/Meziantou.Analyzer/blob/main/docs/Rules/MA0016.md) [C:\Projects\Hazina\src\Core\Agents\Hazina.AgentFactory\Hazina.AgentFactory.csproj::TargetFramework=net8.0]
C:\Projects\Hazina\src\Core\Agents\Hazina.AgentFactory\Core\AgentManager.cs(95,13): warning MA0004: Use Task.ConfigureAwait(false) if the current SynchronizationContext is not needed (https://github.com/meziantou/Meziantou.Analyzer/blob/main/docs/Rules/MA0004.md) [C:\Projects\Hazina\src\Core\Agents\Hazina.AgentFactory\Hazina.AgentFactory.csproj::TargetFramework=net8.0]
C:\Projects\Hazina\src\Core\Agents\Hazina.AgentFactory\Services\Execution\AgentExecutionService.cs(54,27): warning MA0004: Use Task.ConfigureAwait(false) if the current SynchronizationContext is not needed (https://github.com/meziantou/Meziantou.Analyzer/blob/main/docs/Rules/MA0004.md) [C:\Projects\Hazina\src\Core\Agents\Hazina.AgentFactory\Hazina.AgentFactory.csproj::TargetFramework=net8.0]
C:\Projects\Hazina\src\Core\Agents\Hazina.AgentFactory\Core\AgentManager.cs(99,13): warning MA0004: Use Task.ConfigureAwait(false) if the current SynchronizationContext is not needed (https://github.com/meziantou/Meziantou.Analyzer/blob/main/docs/Rules/MA0004.md) [C:\Projects\Hazina\src\Core\Agents\Hazina.AgentFactory\Hazina.AgentFactory.csproj::TargetFramework=net8.0]
C:\Projects\Hazina\src\Core\Agents\Hazina.AgentFactory\Core\AgentFactoryExtensions.cs(120,61): warning S1905: Remove this unnecessary cast to 'IDocumentStore'. (https://rules.sonarsource.com/csharp/RSPEC-1905) [C:\Projects\Hazina\src\Core\Agents\Hazina.AgentFactory\Hazina.AgentFactory.csproj::TargetFramework=net8.0]
C:\Projects\Hazina\src\Core\Agents\Hazina.AgentFactory\Configuration\Parsers\HazinaAgentConfigParser.cs(220,47): warning SA1503: Braces should not be omitted (https://github.com/DotNetAnalyzers/StyleCopAnalyzers/blob/master/documentation/SA1503.md) [C:\Projects\Hazina\src\Core\Agents\Hazina.AgentFactory\Hazina.AgentFactory.csproj::TargetFramework=net8.0]
C:\Projects\Hazina\src\Core\Agents\Hazina.AgentFactory\Configuration\Parsers\HazinaAgentConfigParser.cs(223,13): warning SA1503: Braces should not be omitted (https://github.com/DotNetAnalyzers/StyleCopAnalyzers/blob/master/documentation/SA1503.md) [C:\Projects\Hazina\src\Core\Agents\Hazina.AgentFactory\Hazina.AgentFactory.csproj::TargetFramework=net8.0]
C:\Projects\Hazina\src\Core\Agents\Hazina.AgentFactory\Services\BigQuery\BigQueryService.cs(50,13): warning SA1503: Braces should not be omitted (https://github.com/DotNetAnalyzers/StyleCopAnalyzers/blob/master/documentation/SA1503.md) [C:\Projects\Hazina\src\Core\Agents\Hazina.AgentFactory\Hazina.AgentFactory.csproj::TargetFramework=net8.0]
C:\Projects\Hazina\src\Core\Agents\Hazina.AgentFactory\Configuration\Parsers\HazinaAgentConfigParser.cs(178,30): warning CA1062: In externally visible method 'List<FlowConfig> HazinaFlowConfigParser.Parse(string input)', validate parameter 'input' is non-null before using it. If appropriate, throw an 'ArgumentNullException' when the argument is 'null'. (https://learn.microsoft.com/dotnet/fundamentals/code-analysis/quality-rules/ca1062) [C:\Projects\Hazina\src\Core\Agents\Hazina.AgentFactory\Hazina.AgentFactory.csproj::TargetFramework=net8.0]
C:\Projects\Hazina\src\Core\Agents\Hazina.AgentFactory\Services\BigQuery\BigQueryService.cs(54,28): warning CA2016: Forward the 'cancel' parameter to the 'ExecuteQueryAsync' method or pass in 'CancellationToken.None' explicitly to indicate intentionally not propagating the token (https://learn.microsoft.com/dotnet/fundamentals/code-analysis/quality-rules/ca2016) [C:\Projects\Hazina\src\Core\Agents\Hazina.AgentFactory\Hazina.AgentFactory.csproj::TargetFramework=net8.0]
C:\Projects\Hazina\src\Core\Agents\Hazina.AgentFactory\Tests\HazinaAgentConfigParserTests.cs(1,1): warning S125: Remove this commented out code. (https://rules.sonarsource.com/csharp/RSPEC-125) [C:\Projects\Hazina\src\Core\Agents\Hazina.AgentFactory\Hazina.AgentFactory.csproj::TargetFramework=net8.0]
C:\Projects\Hazina\src\Core\Agents\Hazina.AgentFactory\Tests\HazinaAgentConfigParserTests.cs(1,1): warning SA1633: The file header XML is invalid. (https://github.com/DotNetAnalyzers/StyleCopAnalyzers/blob/master/documentation/SA1633.md) [C:\Projects\Hazina\src\Core\Agents\Hazina.AgentFactory\Hazina.AgentFactory.csproj::TargetFramework=net8.0]
C:\Projects\Hazina\src\Core\Agents\Hazina.AgentFactory\Tests\HazinaAgentConfigParserTests.cs(1,1): warning SA1005: Single line comment should begin with a space (https://github.com/DotNetAnalyzers/StyleCopAnalyzers/blob/master/documentation/SA1005.md) [C:\Projects\Hazina\src\Core\Agents\Hazina.AgentFactory\Hazina.AgentFactory.csproj::TargetFramework=net8.0]
C:\Projects\Hazina\src\Core\Agents\Hazina.AgentFactory\Tests\HazinaAgentConfigParserTests.cs(2,1): warning SA1005: Single line comment should begin with a space (https://github.com/DotNetAnalyzers/StyleCopAnalyzers/blob/master/documentation/SA1005.md) [C:\Projects\Hazina\src\Core\Agents\Hazina.AgentFactory\Hazina.AgentFactory.csproj::TargetFramework=net8.0]
C:\Projects\Hazina\src\Core\Agents\Hazina.AgentFactory\Tests\HazinaAgentConfigParserTests.cs(3,1): warning SA1005: Single line comment should begin with a space (https://github.com/DotNetAnalyzers/StyleCopAnalyzers/blob/master/documentation/SA1005.md) [C:\Projects\Hazina\src\Core\Agents\Hazina.AgentFactory\Hazina.AgentFactory.csproj::TargetFramework=net8.0]
C:\Projects\Hazina\src\Core\Agents\Hazina.AgentFactory\Tests\HazinaAgentConfigParserTests.cs(4,1): warning SA1005: Single line comment should begin with a space (https://github.com/DotNetAnalyzers/StyleCopAnalyzers/blob/master/documentation/SA1005.md) [C:\Projects\Hazina\src\Core\Agents\Hazina.AgentFactory\Hazina.AgentFactory.csproj::TargetFramework=net8.0]
C:\Projects\Hazina\src\Core\Agents\Hazina.AgentFactory\Tests\HazinaAgentConfigParserTests.cs(6,1): warning SA1005: Single line comment should begin with a space (https://github.com/DotNetAnalyzers/StyleCopAnalyzers/blob/master/documentation/SA1005.md) [C:\Projects\Hazina\src\Core\Agents\Hazina.AgentFactory\Hazina.AgentFactory.csproj::TargetFramework=net8.0]
C:\Projects\Hazina\src\Core\Agents\Hazina.AgentFactory\Tests\HazinaAgentConfigParserTests.cs(7,1): warning SA1005: Single line comment should begin with a space (https://github.com/DotNetAnalyzers/StyleCopAnalyzers/blob/master/documentation/SA1005.md) [C:\Projects\Hazina\src\Core\Agents\Hazina.AgentFactory\Hazina.AgentFactory.csproj::TargetFramework=net8.0]
C:\Projects\Hazina\src\Core\Agents\Hazina.AgentFactory\Tests\HazinaAgentConfigParserTests.cs(41,1): warning SA1005: Single line comment should begin with a space (https://github.com/DotNetAnalyzers/StyleCopAnalyzers/blob/master/documentation/SA1005.md) [C:\Projects\Hazina\src\Core\Agents\Hazina.AgentFactory\Hazina.AgentFactory.csproj::TargetFramework=net8.0]
C:\Projects\Hazina\src\Core\Agents\Hazina.AgentFactory\Tests\HazinaAgentConfigParserTests.cs(58,1): warning SA1005: Single line comment should begin with a space (https://github.com/DotNetAnalyzers/StyleCopAnalyzers/blob/master/documentation/SA1005.md) [C:\Projects\Hazina\src\Core\Agents\Hazina.AgentFactory\Hazina.AgentFactory.csproj::TargetFramework=net8.0]
C:\Projects\Hazina\src\Core\Agents\Hazina.AgentFactory\Tests\HazinaAgentConfigParserTests.cs(136,1): warning SA1005: Single line comment should begin with a space (https://github.com/DotNetAnalyzers/StyleCopAnalyzers/blob/master/documentation/SA1005.md) [C:\Projects\Hazina\src\Core\Agents\Hazina.AgentFactory\Hazina.AgentFactory.csproj::TargetFramework=net8.0]
C:\Projects\Hazina\src\Core\Agents\Hazina.AgentFactory\Core\StoresAndAgentsAndFlowLoader.cs(64,37): warning S6602: "Find" method should be used instead of the "FirstOrDefault" extension method. (https://rules.sonarsource.com/csharp/RSPEC-6602) [C:\Projects\Hazina\src\Core\Agents\Hazina.AgentFactory\Hazina.AgentFactory.csproj::TargetFramework=net8.0]
C:\Projects\Hazina\src\Core\Agents\Hazina.AgentFactory\Tests\HazinaStoreConfigParserTests.cs(1,1): warning S125: Remove this commented out code. (https://rules.sonarsource.com/csharp/RSPEC-125) [C:\Projects\Hazina\src\Core\Agents\Hazina.AgentFactory\Hazina.AgentFactory.csproj::TargetFramework=net8.0]
C:\Projects\Hazina\src\Core\Agents\Hazina.AgentFactory\Tests\HazinaStoreConfigParserTests.cs(1,1): warning SA1633: The file header XML is invalid. (https://github.com/DotNetAnalyzers/StyleCopAnalyzers/blob/master/documentation/SA1633.md) [C:\Projects\Hazina\src\Core\Agents\Hazina.AgentFactory\Hazina.AgentFactory.csproj::TargetFramework=net8.0]
C:\Projects\Hazina\src\Core\Agents\Hazina.AgentFactory\Tests\HazinaStoreConfigParserTests.cs(1,1): warning SA1005: Single line comment should begin with a space (https://github.com/DotNetAnalyzers/StyleCopAnalyzers/blob/master/documentation/SA1005.md) [C:\Projects\Hazina\src\Core\Agents\Hazina.AgentFactory\Hazina.AgentFactory.csproj::TargetFramework=net8.0]
C:\Projects\Hazina\src\Core\Agents\Hazina.AgentFactory\Tests\HazinaStoreConfigParserTests.cs(2,1): warning SA1005: Single line comment should begin with a space (https://github.com/DotNetAnalyzers/StyleCopAnalyzers/blob/master/documentation/SA1005.md) [C:\Projects\Hazina\src\Core\Agents\Hazina.AgentFactory\Hazina.AgentFactory.csproj::TargetFramework=net8.0]
C:\Projects\Hazina\src\Core\Agents\Hazina.AgentFactory\Tests\HazinaStoreConfigParserTests.cs(3,1): warning SA1005: Single line comment should begin with a space (https://github.com/DotNetAnalyzers/StyleCopAnalyzers/blob/master/documentation/SA1005.md) [C:\Projects\Hazina\src\Core\Agents\Hazina.AgentFactory\Hazina.AgentFactory.csproj::TargetFramework=net8.0]
C:\Projects\Hazina\src\Core\Agents\Hazina.AgentFactory\Tests\HazinaStoreConfigParserTests.cs(5,1): warning SA1005: Single line comment should begin with a space (https://github.com/DotNetAnalyzers/StyleCopAnalyzers/blob/master/documentation/SA1005.md) [C:\Projects\Hazina\src\Core\Agents\Hazina.AgentFactory\Hazina.AgentFactory.csproj::TargetFramework=net8.0]
C:\Projects\Hazina\src\Core\Agents\Hazina.AgentFactory\Tests\HazinaStoreConfigParserTests.cs(6,1): warning SA1005: Single line comment should begin with a space (https://github.com/DotNetAnalyzers/StyleCopAnalyzers/blob/master/documentation/SA1005.md) [C:\Projects\Hazina\src\Core\Agents\Hazina.AgentFactory\Hazina.AgentFactory.csproj::TargetFramework=net8.0]
C:\Projects\Hazina\src\Core\Agents\Hazina.AgentFactory\Tests\HazinaStoreConfigParserTests.cs(8,1): warning SA1005: Single line comment should begin with a space (https://github.com/DotNetAnalyzers/StyleCopAnalyzers/blob/master/documentation/SA1005.md) [C:\Projects\Hazina\src\Core\Agents\Hazina.AgentFactory\Hazina.AgentFactory.csproj::TargetFramework=net8.0]
C:\Projects\Hazina\src\Core\Agents\Hazina.AgentFactory\Tests\HazinaStoreConfigParserTests.cs(9,1): warning SA1005: Single line comment should begin with a space (https://github.com/DotNetAnalyzers/StyleCopAnalyzers/blob/master/documentation/SA1005.md) [C:\Projects\Hazina\src\Core\Agents\Hazina.AgentFactory\Hazina.AgentFactory.csproj::TargetFramework=net8.0]
C:\Projects\Hazina\src\Core\Agents\Hazina.AgentFactory\Tests\HazinaStoreConfigParserTests.cs(10,1): warning SA1005: Single line comment should begin with a space (https://github.com/DotNetAnalyzers/StyleCopAnalyzers/blob/master/documentation/SA1005.md) [C:\Projects\Hazina\src\Core\Agents\Hazina.AgentFactory\Hazina.AgentFactory.csproj::TargetFramework=net8.0]
C:\Projects\Hazina\src\Core\Agents\Hazina.AgentFactory\Tests\HazinaStoreConfigParserTests.cs(11,1): warning SA1005: Single line comment should begin with a space (https://github.com/DotNetAnalyzers/StyleCopAnalyzers/blob/master/documentation/SA1005.md) [C:\Projects\Hazina\src\Core\Agents\Hazina.AgentFactory\Hazina.AgentFactory.csproj::TargetFramework=net8.0]
C:\Projects\Hazina\src\Core\Agents\Hazina.AgentFactory\Tests\HazinaStoreConfigParserTests.cs(12,1): warning SA1005: Single line comment should begin with a space (https://github.com/DotNetAnalyzers/StyleCopAnalyzers/blob/master/documentation/SA1005.md) [C:\Projects\Hazina\src\Core\Agents\Hazina.AgentFactory\Hazina.AgentFactory.csproj::TargetFramework=net8.0]
C:\Projects\Hazina\src\Core\Agents\Hazina.AgentFactory\Tests\HazinaStoreConfigParserTests.cs(14,1): warning SA1005: Single line comment should begin with a space (https://github.com/DotNetAnalyzers/StyleCopAnalyzers/blob/master/documentation/SA1005.md) [C:\Projects\Hazina\src\Core\Agents\Hazina.AgentFactory\Hazina.AgentFactory.csproj::TargetFramework=net8.0]
C:\Projects\Hazina\src\Core\Agents\Hazina.AgentFactory\Tests\HazinaStoreConfigParserTests.cs(15,1): warning SA1005: Single line comment should begin with a space (https://github.com/DotNetAnalyzers/StyleCopAnalyzers/blob/master/documentation/SA1005.md) [C:\Projects\Hazina\src\Core\Agents\Hazina.AgentFactory\Hazina.AgentFactory.csproj::TargetFramework=net8.0]
C:\Projects\Hazina\src\Core\Agents\Hazina.AgentFactory\Tests\HazinaStoreConfigParserTests.cs(16,1): warning SA1005: Single line comment should begin with a space (https://github.com/DotNetAnalyzers/StyleCopAnalyzers/blob/master/documentation/SA1005.md) [C:\Projects\Hazina\src\Core\Agents\Hazina.AgentFactory\Hazina.AgentFactory.csproj::TargetFramework=net8.0]
C:\Projects\Hazina\src\Core\Agents\Hazina.AgentFactory\Tests\HazinaStoreConfigParserTests.cs(17,1): warning SA1005: Single line comment should begin with a space (https://github.com/DotNetAnalyzers/StyleCopAnalyzers/blob/master/documentation/SA1005.md) [C:\Projects\Hazina\src\Core\Agents\Hazina.AgentFactory\Hazina.AgentFactory.csproj::TargetFramework=net8.0]
C:\Projects\Hazina\src\Core\Agents\Hazina.AgentFactory\Tests\HazinaStoreConfigParserTests.cs(18,1): warning SA1005: Single line comment should begin with a space (https://github.com/DotNetAnalyzers/StyleCopAnalyzers/blob/master/documentation/SA1005.md) [C:\Projects\Hazina\src\Core\Agents\Hazina.AgentFactory\Hazina.AgentFactory.csproj::TargetFramework=net8.0]
C:\Projects\Hazina\src\Core\Agents\Hazina.AgentFactory\Tests\HazinaStoreConfigParserTests.cs(19,1): warning SA1005: Single line comment should begin with a space (https://github.com/DotNetAnalyzers/StyleCopAnalyzers/blob/master/documentation/SA1005.md) [C:\Projects\Hazina\src\Core\Agents\Hazina.AgentFactory\Hazina.AgentFactory.csproj::TargetFramework=net8.0]
C:\Projects\Hazina\src\Core\Agents\Hazina.AgentFactory\Tests\HazinaStoreConfigParserTests.cs(20,1): warning SA1005: Single line comment should begin with a space (https://github.com/DotNetAnalyzers/StyleCopAnalyzers/blob/master/documentation/SA1005.md) [C:\Projects\Hazina\src\Core\Agents\Hazina.AgentFactory\Hazina.AgentFactory.csproj::TargetFramework=net8.0]
C:\Projects\Hazina\src\Core\Agents\Hazina.AgentFactory\Tests\HazinaStoreConfigParserTests.cs(22,1): warning SA1005: Single line comment should begin with a space (https://github.com/DotNetAnalyzers/StyleCopAnalyzers/blob/master/documentation/SA1005.md) [C:\Projects\Hazina\src\Core\Agents\Hazina.AgentFactory\Hazina.AgentFactory.csproj::TargetFramework=net8.0]
C:\Projects\Hazina\src\Core\Agents\Hazina.AgentFactory\Tests\HazinaStoreConfigParserTests.cs(31,1): warning SA1005: Single line comment should begin with a space (https://github.com/DotNetAnalyzers/StyleCopAnalyzers/blob/master/documentation/SA1005.md) [C:\Projects\Hazina\src\Core\Agents\Hazina.AgentFactory\Hazina.AgentFactory.csproj::TargetFramework=net8.0]
C:\Projects\Hazina\src\Core\Agents\Hazina.AgentFactory\Tests\HazinaStoreConfigParserTests.cs(52,1): warning SA1005: Single line comment should begin with a space (https://github.com/DotNetAnalyzers/StyleCopAnalyzers/blob/master/documentation/SA1005.md) [C:\Projects\Hazina\src\Core\Agents\Hazina.AgentFactory\Hazina.AgentFactory.csproj::TargetFramework=net8.0]
C:\Projects\Hazina\src\Core\Agents\Hazina.AgentFactory\Tests\HazinaStoreConfigParserTests.cs(60,1): warning SA1005: Single line comment should begin with a space (https://github.com/DotNetAnalyzers/StyleCopAnalyzers/blob/master/documentation/SA1005.md) [C:\Projects\Hazina\src\Core\Agents\Hazina.AgentFactory\Hazina.AgentFactory.csproj::TargetFramework=net8.0]
C:\Projects\Hazina\src\Core\Agents\Hazina.AgentFactory\Tests\HazinaStoreConfigParserTests.cs(18,16): warning SA1028: Code should not contain trailing whitespace (https://github.com/DotNetAnalyzers/StyleCopAnalyzers/blob/master/documentation/SA1028.md) [C:\Projects\Hazina\src\Core\Agents\Hazina.AgentFactory\Hazina.AgentFactory.csproj::TargetFramework=net8.0]
C:\Projects\Hazina\src\Core\Agents\Hazina.AgentFactory\Tests\HazinaStoreConfigParserTests.cs(19,18): warning SA1028: Code should not contain trailing whitespace (https://github.com/DotNetAnalyzers/StyleCopAnalyzers/blob/master/documentation/SA1028.md) [C:\Projects\Hazina\src\Core\Agents\Hazina.AgentFactory\Hazina.AgentFactory.csproj::TargetFramework=net8.0]
C:\Projects\Hazina\src\Core\Agents\Hazina.AgentFactory\Tests\StoreConfigFormatHelperTests.cs(1,1): warning S125: Remove this commented out code. (https://rules.sonarsource.com/csharp/RSPEC-125) [C:\Projects\Hazina\src\Core\Agents\Hazina.AgentFactory\Hazina.AgentFactory.csproj::TargetFramework=net8.0]
C:\Projects\Hazina\src\Core\Agents\Hazina.AgentFactory\Tests\StoreConfigFormatHelperTests.cs(1,1): warning SA1633: The file header XML is invalid. (https://github.com/DotNetAnalyzers/StyleCopAnalyzers/blob/master/documentation/SA1633.md) [C:\Projects\Hazina\src\Core\Agents\Hazina.AgentFactory\Hazina.AgentFactory.csproj::TargetFramework=net8.0]
C:\Projects\Hazina\src\Core\Agents\Hazina.AgentFactory\Configuration\Validation\StoreConfigValidator.cs(153,58): warning S6605: Collection-specific "Exists" method should be used instead of the "Any" extension. (https://rules.sonarsource.com/csharp/RSPEC-6605) [C:\Projects\Hazina\src\Core\Agents\Hazina.AgentFactory\Hazina.AgentFactory.csproj::TargetFramework=net8.0]
C:\Projects\Hazina\src\Core\Agents\Hazina.AgentFactory\Services\BigQuery\BigQueryService.cs(54,22): warning MA0004: Use Task.ConfigureAwait(false) if the current SynchronizationContext is not needed (https://github.com/meziantou/Meziantou.Analyzer/blob/main/docs/Rules/MA0004.md) [C:\Projects\Hazina\src\Core\Agents\Hazina.AgentFactory\Hazina.AgentFactory.csproj::TargetFramework=net8.0]
C:\Projects\Hazina\src\Core\Agents\Hazina.AgentFactory\Tests\StoreConfigFormatHelperTests.cs(1,1): warning SA1005: Single line comment should begin with a space (https://github.com/DotNetAnalyzers/StyleCopAnalyzers/blob/master/documentation/SA1005.md) [C:\Projects\Hazina\src\Core\Agents\Hazina.AgentFactory\Hazina.AgentFactory.csproj::TargetFramework=net8.0]
C:\Projects\Hazina\src\Core\Agents\Hazina.AgentFactory\Tests\StoreConfigFormatHelperTests.cs(2,1): warning SA1005: Single line comment should begin with a space (https://github.com/DotNetAnalyzers/StyleCopAnalyzers/blob/master/documentation/SA1005.md) [C:\Projects\Hazina\src\Core\Agents\Hazina.AgentFactory\Hazina.AgentFactory.csproj::TargetFramework=net8.0]
C:\Projects\Hazina\src\Core\Agents\Hazina.AgentFactory\Tests\StoreConfigFormatHelperTests.cs(3,1): warning SA1005: Single line comment should begin with a space (https://github.com/DotNetAnalyzers/StyleCopAnalyzers/blob/master/documentation/SA1005.md) [C:\Projects\Hazina\src\Core\Agents\Hazina.AgentFactory\Hazina.AgentFactory.csproj::TargetFramework=net8.0]
C:\Projects\Hazina\src\Core\Agents\Hazina.AgentFactory\Tests\StoreConfigFormatHelperTests.cs(5,1): warning SA1005: Single line comment should begin with a space (https://github.com/DotNetAnalyzers/StyleCopAnalyzers/blob/master/documentation/SA1005.md) [C:\Projects\Hazina\src\Core\Agents\Hazina.AgentFactory\Hazina.AgentFactory.csproj::TargetFramework=net8.0]
C:\Projects\Hazina\src\Core\Agents\Hazina.AgentFactory\Tests\StoreConfigFormatHelperTests.cs(6,1): warning SA1005: Single line comment should begin with a space (https://github.com/DotNetAnalyzers/StyleCopAnalyzers/blob/master/documentation/SA1005.md) [C:\Projects\Hazina\src\Core\Agents\Hazina.AgentFactory\Hazina.AgentFactory.csproj::TargetFramework=net8.0]
C:\Projects\Hazina\src\Core\Agents\Hazina.AgentFactory\Tests\StoreConfigFormatHelperTests.cs(11,1): warning SA1005: Single line comment should begin with a space (https://github.com/DotNetAnalyzers/StyleCopAnalyzers/blob/master/documentation/SA1005.md) [C:\Projects\Hazina\src\Core\Agents\Hazina.AgentFactory\Hazina.AgentFactory.csproj::TargetFramework=net8.0]
C:\Projects\Hazina\src\Core\Agents\Hazina.AgentFactory\Tests\StoreConfigFormatHelperTests.cs(13,1): warning SA1005: Single line comment should begin with a space (https://github.com/DotNetAnalyzers/StyleCopAnalyzers/blob/master/documentation/SA1005.md) [C:\Projects\Hazina\src\Core\Agents\Hazina.AgentFactory\Hazina.AgentFactory.csproj::TargetFramework=net8.0]
C:\Projects\Hazina\src\Core\Agents\Hazina.AgentFactory\Tests\StoreConfigFormatHelperTests.cs(15,1): warning SA1005: Single line comment should begin with a space (https://github.com/DotNetAnalyzers/StyleCopAnalyzers/blob/master/documentation/SA1005.md) [C:\Projects\Hazina\src\Core\Agents\Hazina.AgentFactory\Hazina.AgentFactory.csproj::TargetFramework=net8.0]
C:\Projects\Hazina\src\Core\Agents\Hazina.AgentFactory\Tests\StoreConfigFormatHelperTests.cs(18,1): warning SA1005: Single line comment should begin with a space (https://github.com/DotNetAnalyzers/StyleCopAnalyzers/blob/master/documentation/SA1005.md) [C:\Projects\Hazina\src\Core\Agents\Hazina.AgentFactory\Hazina.AgentFactory.csproj::TargetFramework=net8.0]
C:\Projects\Hazina\src\Core\Agents\Hazina.AgentFactory\Tests\StoreConfigFormatHelperTests.cs(25,1): warning SA1005: Single line comment should begin with a space (https://github.com/DotNetAnalyzers/StyleCopAnalyzers/blob/master/documentation/SA1005.md) [C:\Projects\Hazina\src\Core\Agents\Hazina.AgentFactory\Hazina.AgentFactory.csproj::TargetFramework=net8.0]
C:\Projects\Hazina\src\Core\Agents\Hazina.AgentFactory\Tests\StoreConfigFormatHelperTests.cs(31,1): warning SA1005: Single line comment should begin with a space (https://github.com/DotNetAnalyzers/StyleCopAnalyzers/blob/master/documentation/SA1005.md) [C:\Projects\Hazina\src\Core\Agents\Hazina.AgentFactory\Hazina.AgentFactory.csproj::TargetFramework=net8.0]
C:\Projects\Hazina\src\Core\Agents\Hazina.AgentFactory\Tests\StoreConfigFormatHelperTests.cs(40,1): warning SA1005: Single line comment should begin with a space (https://github.com/DotNetAnalyzers/StyleCopAnalyzers/blob/master/documentation/SA1005.md) [C:\Projects\Hazina\src\Core\Agents\Hazina.AgentFactory\Hazina.AgentFactory.csproj::TargetFramework=net8.0]
C:\Projects\Hazina\src\Core\Agents\Hazina.AgentFactory\Tests\StoreConfigFormatHelperTests.cs(54,1): warning SA1005: Single line comment should begin with a space (https://github.com/DotNetAnalyzers/StyleCopAnalyzers/blob/master/documentation/SA1005.md) [C:\Projects\Hazina\src\Core\Agents\Hazina.AgentFactory\Hazina.AgentFactory.csproj::TargetFramework=net8.0]
C:\Projects\Hazina\src\Core\Agents\Hazina.AgentFactory\Tests\StoreConfigFormatHelperTests.cs(68,1): warning SA1005: Single line comment should begin with a space (https://github.com/DotNetAnalyzers/StyleCopAnalyzers/blob/master/documentation/SA1005.md) [C:\Projects\Hazina\src\Core\Agents\Hazina.AgentFactory\Hazina.AgentFactory.csproj::TargetFramework=net8.0]
C:\Projects\Hazina\src\Core\Agents\Hazina.AgentFactory\Tests\StoreConfigFormatHelperTests.cs(75,1): warning SA1005: Single line comment should begin with a space (https://github.com/DotNetAnalyzers/StyleCopAnalyzers/blob/master/documentation/SA1005.md) [C:\Projects\Hazina\src\Core\Agents\Hazina.AgentFactory\Hazina.AgentFactory.csproj::TargetFramework=net8.0]
C:\Projects\Hazina\src\Core\Agents\Hazina.AgentFactory\Tests\StoreConfigFormatHelperTests.cs(84,1): warning SA1005: Single line comment should begin with a space (https://github.com/DotNetAnalyzers/StyleCopAnalyzers/blob/master/documentation/SA1005.md) [C:\Projects\Hazina\src\Core\Agents\Hazina.AgentFactory\Hazina.AgentFactory.csproj::TargetFramework=net8.0]
C:\Projects\Hazina\src\Core\Agents\Hazina.AgentFactory\Tests\StoreConfigFormatHelperTests.cs(92,1): warning SA1005: Single line comment should begin with a space (https://github.com/DotNetAnalyzers/StyleCopAnalyzers/blob/master/documentation/SA1005.md) [C:\Projects\Hazina\src\Core\Agents\Hazina.AgentFactory\Hazina.AgentFactory.csproj::TargetFramework=net8.0]
C:\Projects\Hazina\src\Core\Agents\Hazina.AgentFactory\Configuration\Validation\AgentConfigValidator.cs(54,40): warning CA1860: Prefer comparing 'Count' to 0 rather than using 'Any()', both for clarity and for performance (https://learn.microsoft.com/dotnet/fundamentals/code-analysis/quality-rules/ca1860) [C:\Projects\Hazina\src\Core\Agents\Hazina.AgentFactory\Hazina.AgentFactory.csproj::TargetFramework=net8.0]
C:\Projects\Hazina\src\Core\Agents\Hazina.AgentFactory\Core\AgentManager.cs(108,24): warning S6602: "Find" method should be used instead of the "FirstOrDefault" extension method. (https://rules.sonarsource.com/csharp/RSPEC-6602) [C:\Projects\Hazina\src\Core\Agents\Hazina.AgentFactory\Hazina.AgentFactory.csproj::TargetFramework=net8.0]
C:\Projects\Hazina\src\Core\Agents\Hazina.AgentFactory\Configuration\Parsers\HazinaAgentConfigParser.cs(238,19): warning S112: 'System.Exception' should not be thrown by user code. (https://rules.sonarsource.com/csharp/RSPEC-112) [C:\Projects\Hazina\src\Core\Agents\Hazina.AgentFactory\Hazina.AgentFactory.csproj::TargetFramework=net8.0]
C:\Projects\Hazina\src\Core\Agents\Hazina.AgentFactory\Configuration\Parsers\HazinaAgentConfigParser.cs(230,33): warning SA1503: Braces should not be omitted (https://github.com/DotNetAnalyzers/StyleCopAnalyzers/blob/master/documentation/SA1503.md) [C:\Projects\Hazina\src\Core\Agents\Hazina.AgentFactory\Hazina.AgentFactory.csproj::TargetFramework=net8.0]
C:\Projects\Hazina\src\Core\Agents\Hazina.AgentFactory\Configuration\Validation\AgentConfigValidator.cs(61,26): warning MA0002: Use an overload that has a IEqualityComparer<string> or IComparer<string> parameter (https://github.com/meziantou/Meziantou.Analyzer/blob/main/docs/Rules/MA0002.md) [C:\Projects\Hazina\src\Core\Agents\Hazina.AgentFactory\Hazina.AgentFactory.csproj::TargetFramework=net8.0]
C:\Projects\Hazina\src\Core\Agents\Hazina.AgentFactory\Configuration\Parsers\HazinaAgentConfigParser.cs(238,19): warning CA2201: Exception type System.Exception is not sufficiently specific (https://learn.microsoft.com/dotnet/fundamentals/code-analysis/quality-rules/ca2201) [C:\Projects\Hazina\src\Core\Agents\Hazina.AgentFactory\Hazina.AgentFactory.csproj::TargetFramework=net8.0]
C:\Projects\Hazina\src\Core\Agents\Hazina.AgentFactory\Configuration\Parsers\HazinaAgentConfigParser.cs(21,13): warning CA1305: The behavior of 'StringBuilder.AppendLine(ref StringBuilder.AppendInterpolatedStringHandler)' could vary based on the current user's locale settings. Replace this call in 'HazinaAgentConfigParser.Serialize(IEnumerable<AgentConfig>)' with a call to 'StringBuilder.AppendLine(IFormatProvider, ref StringBuilder.AppendInterpolatedStringHandler)'. (https://learn.microsoft.com/dotnet/fundamentals/code-analysis/quality-rules/ca1305) [C:\Projects\Hazina\src\Core\Agents\Hazina.AgentFactory\Hazina.AgentFactory.csproj::TargetFramework=net8.0]
C:\Projects\Hazina\src\Core\Agents\Hazina.AgentFactory\Configuration\Parsers\HazinaAgentConfigParser.cs(22,13): warning CA1305: The behavior of 'StringBuilder.AppendLine(ref StringBuilder.AppendInterpolatedStringHandler)' could vary based on the current user's locale settings. Replace this call in 'HazinaAgentConfigParser.Serialize(IEnumerable<AgentConfig>)' with a call to 'StringBuilder.AppendLine(IFormatProvider, ref StringBuilder.AppendInterpolatedStringHandler)'. (https://learn.microsoft.com/dotnet/fundamentals/code-analysis/quality-rules/ca1305) [C:\Projects\Hazina\src\Core\Agents\Hazina.AgentFactory\Hazina.AgentFactory.csproj::TargetFramework=net8.0]
C:\Projects\Hazina\src\Core\Agents\Hazina.AgentFactory\Configuration\Parsers\HazinaAgentConfigParser.cs(23,13): warning CA1305: The behavior of 'StringBuilder.AppendLine(ref StringBuilder.AppendInterpolatedStringHandler)' could vary based on the current user's locale settings. Replace this call in 'HazinaAgentConfigParser.Serialize(IEnumerable<AgentConfig>)' with a call to 'StringBuilder.AppendLine(IFormatProvider, ref StringBuilder.AppendInterpolatedStringHandler)'. (https://learn.microsoft.com/dotnet/fundamentals/code-analysis/quality-rules/ca1305) [C:\Projects\Hazina\src\Core\Agents\Hazina.AgentFactory\Hazina.AgentFactory.csproj::TargetFramework=net8.0]
C:\Projects\Hazina\src\Core\Agents\Hazina.AgentFactory\Configuration\Parsers\HazinaAgentConfigParser.cs(24,13): warning CA1305: The behavior of 'StringBuilder.AppendLine(ref StringBuilder.AppendInterpolatedStringHandler)' could vary based on the current user's locale settings. Replace this call in 'HazinaAgentConfigParser.Serialize(IEnumerable<AgentConfig>)' with a call to 'StringBuilder.AppendLine(IFormatProvider, ref StringBuilder.AppendInterpolatedStringHandler)'. (https://learn.microsoft.com/dotnet/fundamentals/code-analysis/quality-rules/ca1305) [C:\Projects\Hazina\src\Core\Agents\Hazina.AgentFactory\Hazina.AgentFactory.csproj::TargetFramework=net8.0]
C:\Projects\Hazina\src\Core\Agents\Hazina.AgentFactory\Configuration\Parsers\HazinaAgentConfigParser.cs(25,13): warning CA1305: The behavior of 'StringBuilder.AppendLine(ref StringBuilder.AppendInterpolatedStringHandler)' could vary based on the current user's locale settings. Replace this call in 'HazinaAgentConfigParser.Serialize(IEnumerable<AgentConfig>)' with a call to 'StringBuilder.AppendLine(IFormatProvider, ref StringBuilder.AppendInterpolatedStringHandler)'. (https://learn.microsoft.com/dotnet/fundamentals/code-analysis/quality-rules/ca1305) [C:\Projects\Hazina\src\Core\Agents\Hazina.AgentFactory\Hazina.AgentFactory.csproj::TargetFramework=net8.0]
C:\Projects\Hazina\src\Core\Agents\Hazina.AgentFactory\Configuration\Parsers\HazinaAgentConfigParser.cs(26,13): warning CA1305: The behavior of 'StringBuilder.AppendLine(ref StringBuilder.AppendInterpolatedStringHandler)' could vary based on the current user's locale settings. Replace this call in 'HazinaAgentConfigParser.Serialize(IEnumerable<AgentConfig>)' with a call to 'StringBuilder.AppendLine(IFormatProvider, ref StringBuilder.AppendInterpolatedStringHandler)'. (https://learn.microsoft.com/dotnet/fundamentals/code-analysis/quality-rules/ca1305) [C:\Projects\Hazina\src\Core\Agents\Hazina.AgentFactory\Hazina.AgentFactory.csproj::TargetFramework=net8.0]
C:\Projects\Hazina\src\Core\Agents\Hazina.AgentFactory\Configuration\Parsers\HazinaAgentConfigParser.cs(27,13): warning CA1305: The behavior of 'StringBuilder.AppendLine(ref StringBuilder.AppendInterpolatedStringHandler)' could vary based on the current user's locale settings. Replace this call in 'HazinaAgentConfigParser.Serialize(IEnumerable<AgentConfig>)' with a call to 'StringBuilder.AppendLine(IFormatProvider, ref StringBuilder.AppendInterpolatedStringHandler)'. (https://learn.microsoft.com/dotnet/fundamentals/code-analysis/quality-rules/ca1305) [C:\Projects\Hazina\src\Core\Agents\Hazina.AgentFactory\Hazina.AgentFactory.csproj::TargetFramework=net8.0]
C:\Projects\Hazina\src\Core\Agents\Hazina.AgentFactory\Configuration\Parsers\HazinaAgentConfigParser.cs(28,13): warning CA1305: The behavior of 'StringBuilder.AppendLine(ref StringBuilder.AppendInterpolatedStringHandler)' could vary based on the current user's locale settings. Replace this call in 'HazinaAgentConfigParser.Serialize(IEnumerable<AgentConfig>)' with a call to 'StringBuilder.AppendLine(IFormatProvider, ref StringBuilder.AppendInterpolatedStringHandler)'. (https://learn.microsoft.com/dotnet/fundamentals/code-analysis/quality-rules/ca1305) [C:\Projects\Hazina\src\Core\Agents\Hazina.AgentFactory\Hazina.AgentFactory.csproj::TargetFramework=net8.0]
C:\Projects\Hazina\src\Core\Agents\Hazina.AgentFactory\Configuration\Validation\AgentConfigValidator.cs(76,22): warning MA0002: Use an overload that has a IEqualityComparer<string> or IComparer<string> parameter (https://github.com/meziantou/Meziantou.Analyzer/blob/main/docs/Rules/MA0002.md) [C:\Projects\Hazina\src\Core\Agents\Hazina.AgentFactory\Hazina.AgentFactory.csproj::TargetFramework=net8.0]
C:\Projects\Hazina\src\Core\Agents\Hazina.AgentFactory\Core\AgentManager.cs(112,23): warning S6602: "Find" method should be used instead of the "FirstOrDefault" extension method. (https://rules.sonarsource.com/csharp/RSPEC-6602) [C:\Projects\Hazina\src\Core\Agents\Hazina.AgentFactory\Hazina.AgentFactory.csproj::TargetFramework=net8.0]
C:\Projects\Hazina\src\Core\Agents\Hazina.AgentFactory\Configuration\Validation\StoreConfigValidator.cs(142,26): warning S6610: "StartsWith" overloads that take a "char" should be used (https://rules.sonarsource.com/csharp/RSPEC-6610) [C:\Projects\Hazina\src\Core\Agents\Hazina.AgentFactory\Hazina.AgentFactory.csproj::TargetFramework=net8.0]
C:\Projects\Hazina\src\Core\Agents\Hazina.AgentFactory\Configuration\Validation\StoreConfigValidator.cs(131,74): warning SA1108: Block statements should not contain embedded comments (https://github.com/DotNetAnalyzers/StyleCopAnalyzers/blob/master/documentation/SA1108.md) [C:\Projects\Hazina\src\Core\Agents\Hazina.AgentFactory\Hazina.AgentFactory.csproj::TargetFramework=net8.0]
C:\Projects\Hazina\src\Core\Agents\Hazina.AgentFactory\Core\AgentFactory.cs(130,13): warning SA1503: Braces should not be omitted (https://github.com/DotNetAnalyzers/StyleCopAnalyzers/blob/master/documentation/SA1503.md) [C:\Projects\Hazina\src\Core\Agents\Hazina.AgentFactory\Hazina.AgentFactory.csproj::TargetFramework=net8.0]
C:\Projects\Hazina\src\Core\Agents\Hazina.AgentFactory\Core\AgentFactory.cs(125,5): warning SA1124: Do not use regions (https://github.com/DotNetAnalyzers/StyleCopAnalyzers/blob/master/documentation/SA1124.md) [C:\Projects\Hazina\src\Core\Agents\Hazina.AgentFactory\Hazina.AgentFactory.csproj::TargetFramework=net8.0]
C:\Projects\Hazina\src\Core\Agents\Hazina.AgentFactory\Configuration\Validation\StoreConfigValidator.cs(142,36): warning CA1866: Use 'string.StartsWith(char)' instead of 'string.StartsWith(string)' when you have a string with a single char (https://learn.microsoft.com/dotnet/fundamentals/code-analysis/quality-rules/ca1866) [C:\Projects\Hazina\src\Core\Agents\Hazina.AgentFactory\Hazina.AgentFactory.csproj::TargetFramework=net8.0]
C:\Projects\Hazina\src\Core\Agents\Hazina.AgentFactory\Configuration\Validation\StoreConfigValidator.cs(138,50): warning CA1860: Prefer comparing 'Length' to 0 rather than using 'Any()', both for clarity and for performance (https://learn.microsoft.com/dotnet/fundamentals/code-analysis/quality-rules/ca1860) [C:\Projects\Hazina\src\Core\Agents\Hazina.AgentFactory\Hazina.AgentFactory.csproj::TargetFramework=net8.0]
C:\Projects\Hazina\src\Core\Agents\Hazina.AgentFactory\Configuration\Validation\StoreConfigValidator.cs(154,46): warning CA1308: In method 'ValidateSafetySettings', replace the call to 'ToLowerInvariant' with 'ToUpperInvariant' (https://learn.microsoft.com/dotnet/fundamentals/code-analysis/quality-rules/ca1308) [C:\Projects\Hazina\src\Core\Agents\Hazina.AgentFactory\Hazina.AgentFactory.csproj::TargetFramework=net8.0]
C:\Projects\Hazina\src\Core\Agents\Hazina.AgentFactory\Configuration\Validation\StoreConfigValidator.cs(142,22): warning CA1310: The behavior of 'string.StartsWith(string)' could vary based on the current user's locale settings. Replace this call in 'Hazina.AgentFactory.Configuration.Validation.StoreConfigValidator.ValidateSafetySettings()' with a call to 'string.StartsWith(string, System.StringComparison)'. (https://learn.microsoft.com/dotnet/fundamentals/code-analysis/quality-rules/ca1310) [C:\Projects\Hazina\src\Core\Agents\Hazina.AgentFactory\Hazina.AgentFactory.csproj::TargetFramework=net8.0]
C:\Projects\Hazina\src\Core\Agents\Hazina.AgentFactory\Core\AgentFactory.cs(130,20): warning MA0004: Use Task.ConfigureAwait(false) if the current SynchronizationContext is not needed (https://github.com/meziantou/Meziantou.Analyzer/blob/main/docs/Rules/MA0004.md) [C:\Projects\Hazina\src\Core\Agents\Hazina.AgentFactory\Hazina.AgentFactory.csproj::TargetFramework=net8.0]
C:\Projects\Hazina\src\Core\Agents\Hazina.AgentFactory\Core\AgentFactory.cs(133,16): warning MA0004: Use Task.ConfigureAwait(false) if the current SynchronizationContext is not needed (https://github.com/meziantou/Meziantou.Analyzer/blob/main/docs/Rules/MA0004.md) [C:\Projects\Hazina\src\Core\Agents\Hazina.AgentFactory\Hazina.AgentFactory.csproj::TargetFramework=net8.0]
C:\Projects\Hazina\src\Core\Agents\Hazina.AgentFactory\Configuration\Parsers\HazinaAgentConfigParser.cs(251,19): warning S112: 'System.Exception' should not be thrown by user code. (https://rules.sonarsource.com/csharp/RSPEC-112) [C:\Projects\Hazina\src\Core\Agents\Hazina.AgentFactory\Hazina.AgentFactory.csproj::TargetFramework=net8.0]
C:\Projects\Hazina\src\Core\Agents\Hazina.AgentFactory\Core\AgentFactory.cs(139,13): warning SA1503: Braces should not be omitted (https://github.com/DotNetAnalyzers/StyleCopAnalyzers/blob/master/documentation/SA1503.md) [C:\Projects\Hazina\src\Core\Agents\Hazina.AgentFactory\Hazina.AgentFactory.csproj::TargetFramework=net8.0]
C:\Projects\Hazina\src\Core\Agents\Hazina.AgentFactory\Configuration\Parsers\HazinaAgentConfigParser.cs(251,19): warning CA2201: Exception type System.Exception is not sufficiently specific (https://learn.microsoft.com/dotnet/fundamentals/code-analysis/quality-rules/ca2201) [C:\Projects\Hazina\src\Core\Agents\Hazina.AgentFactory\Hazina.AgentFactory.csproj::TargetFramework=net8.0]
C:\Projects\Hazina\src\Core\Agents\Hazina.AgentFactory\Core\AgentFactory.cs(139,20): warning MA0004: Use Task.ConfigureAwait(false) if the current SynchronizationContext is not needed (https://github.com/meziantou/Meziantou.Analyzer/blob/main/docs/Rules/MA0004.md) [C:\Projects\Hazina\src\Core\Agents\Hazina.AgentFactory\Hazina.AgentFactory.csproj::TargetFramework=net8.0]
C:\Projects\Hazina\src\Core\Agents\Hazina.AgentFactory\Services\Execution\AgentExecutionService.cs(86,25): warning MA0004: Use Task.ConfigureAwait(false) if the current SynchronizationContext is not needed (https://github.com/meziantou/Meziantou.Analyzer/blob/main/docs/Rules/MA0004.md) [C:\Projects\Hazina\src\Core\Agents\Hazina.AgentFactory\Hazina.AgentFactory.csproj::TargetFramework=net8.0]
C:\Projects\Hazina\src\Core\Agents\Hazina.AgentFactory\Services\Execution\AgentExecutionService.cs(91,25): warning MA0004: Use Task.ConfigureAwait(false) if the current SynchronizationContext is not needed (https://github.com/meziantou/Meziantou.Analyzer/blob/main/docs/Rules/MA0004.md) [C:\Projects\Hazina\src\Core\Agents\Hazina.AgentFactory\Hazina.AgentFactory.csproj::TargetFramework=net8.0]
C:\Projects\Hazina\src\Core\Agents\Hazina.AgentFactory\Core\AgentFactory.cs(141,16): warning MA0004: Use Task.ConfigureAwait(false) if the current SynchronizationContext is not needed (https://github.com/meziantou/Meziantou.Analyzer/blob/main/docs/Rules/MA0004.md) [C:\Projects\Hazina\src\Core\Agents\Hazina.AgentFactory\Hazina.AgentFactory.csproj::TargetFramework=net8.0]
C:\Projects\Hazina\src\Core\Agents\Hazina.AgentFactory\Core\AgentManager.cs(108,44): warning MA0006: Use string.Equals instead of Equals operator (https://github.com/meziantou/Meziantou.Analyzer/blob/main/docs/Rules/MA0006.md) [C:\Projects\Hazina\src\Core\Agents\Hazina.AgentFactory\Hazina.AgentFactory.csproj::TargetFramework=net8.0]
C:\Projects\Hazina\src\Core\Agents\Hazina.AgentFactory\Services\Tools\ToolRegistrationService.cs(96,36): warning S6602: "Find" method should be used instead of the "FirstOrDefault" extension method. (https://rules.sonarsource.com/csharp/RSPEC-6602) [C:\Projects\Hazina\src\Core\Agents\Hazina.AgentFactory\Hazina.AgentFactory.csproj::TargetFramework=net8.0]
C:\Projects\Hazina\src\Core\Agents\Hazina.AgentFactory\Core\AgentManager.cs(112,43): warning MA0006: Use string.Equals instead of Equals operator (https://github.com/meziantou/Meziantou.Analyzer/blob/main/docs/Rules/MA0006.md) [C:\Projects\Hazina\src\Core\Agents\Hazina.AgentFactory\Hazina.AgentFactory.csproj::TargetFramework=net8.0]
C:\Projects\Hazina\src\Core\Agents\Hazina.AgentFactory\Configuration\Validation\StoreConfigValidator.cs(142,22): warning MA0074: Use an overload of 'StartsWith' that has a StringComparison parameter (https://github.com/meziantou/Meziantou.Analyzer/blob/main/docs/Rules/MA0074.md) [C:\Projects\Hazina\src\Core\Agents\Hazina.AgentFactory\Hazina.AgentFactory.csproj::TargetFramework=net8.0]
C:\Projects\Hazina\src\Core\Agents\Hazina.AgentFactory\Configuration\Parsers\HazinaStoreConfigParserV2.cs(86,18): warning MA0051: Method is too long (76 lines; maximum allowed: 60) (https://github.com/meziantou/Meziantou.Analyzer/blob/main/docs/Rules/MA0051.md) [C:\Projects\Hazina\src\Core\Agents\Hazina.AgentFactory\Hazina.AgentFactory.csproj::TargetFramework=net8.0]
C:\Projects\Hazina\src\Core\Agents\Hazina.AgentFactory\Configuration\Validation\StoreConfigValidator.cs(178,52): warning S6605: Collection-specific "Exists" method should be used instead of the "Any" extension. (https://rules.sonarsource.com/csharp/RSPEC-6605) [C:\Projects\Hazina\src\Core\Agents\Hazina.AgentFactory\Hazina.AgentFactory.csproj::TargetFramework=net8.0]
C:\Projects\Hazina\src\Core\Agents\Hazina.AgentFactory\Configuration\Validation\StoreConfigValidator.cs(179,36): warning S6605: Collection-specific "Exists" method should be used instead of the "Any" extension. (https://rules.sonarsource.com/csharp/RSPEC-6605) [C:\Projects\Hazina\src\Core\Agents\Hazina.AgentFactory\Hazina.AgentFactory.csproj::TargetFramework=net8.0]
C:\Projects\Hazina\src\Core\Agents\Hazina.AgentFactory\Configuration\Validation\StoreConfigValidator.cs(168,33): warning S3267: Loops should be simplified using the "Where" LINQ method (https://rules.sonarsource.com/csharp/RSPEC-3267) [C:\Projects\Hazina\src\Core\Agents\Hazina.AgentFactory\Hazina.AgentFactory.csproj::TargetFramework=net8.0]
C:\Projects\Hazina\src\Core\Agents\Hazina.AgentFactory\Core\StoresAndAgentsAndFlowLoader.cs(81,13): warning SA1111: Closing parenthesis should be on line of last parameter (https://github.com/DotNetAnalyzers/StyleCopAnalyzers/blob/master/documentation/SA1111.md) [C:\Projects\Hazina\src\Core\Agents\Hazina.AgentFactory\Hazina.AgentFactory.csproj::TargetFramework=net8.0]
C:\Projects\Hazina\src\Core\Agents\Hazina.AgentFactory\Core\AgentFactory.cs(147,13): warning SA1503: Braces should not be omitted (https://github.com/DotNetAnalyzers/StyleCopAnalyzers/blob/master/documentation/SA1503.md) [C:\Projects\Hazina\src\Core\Agents\Hazina.AgentFactory\Hazina.AgentFactory.csproj::TargetFramework=net8.0]
C:\Projects\Hazina\src\Core\Agents\Hazina.AgentFactory\Configuration\Validation\ConfigurationResult.cs(112,16): warning MA0002: Use an overload that has a IEqualityComparer<string> or IComparer<string> parameter (https://github.com/meziantou/Meziantou.Analyzer/blob/main/docs/Rules/MA0002.md) [C:\Projects\Hazina\src\Core\Agents\Hazina.AgentFactory\Hazina.AgentFactory.csproj::TargetFramework=net8.0]
C:\Projects\Hazina\src\Core\Agents\Hazina.AgentFactory\Core\AgentFactory.cs(147,20): warning MA0004: Use Task.ConfigureAwait(false) if the current SynchronizationContext is not needed (https://github.com/meziantou/Meziantou.Analyzer/blob/main/docs/Rules/MA0004.md) [C:\Projects\Hazina\src\Core\Agents\Hazina.AgentFactory\Hazina.AgentFactory.csproj::TargetFramework=net8.0]
C:\Projects\Hazina\src\Core\Agents\Hazina.AgentFactory\Core\AgentFactory.cs(149,16): warning MA0004: Use Task.ConfigureAwait(false) if the current SynchronizationContext is not needed (https://github.com/meziantou/Meziantou.Analyzer/blob/main/docs/Rules/MA0004.md) [C:\Projects\Hazina\src\Core\Agents\Hazina.AgentFactory\Hazina.AgentFactory.csproj::TargetFramework=net8.0]
C:\Projects\Hazina\src\Core\Agents\Hazina.AgentFactory\Core\StoresAndAgentsAndFlowLoader.cs(53,25): warning CA1849: 'QuickAgentCreator.CreateStore(StorePaths, string)' synchronously blocks. Await 'QuickAgentCreator.CreateStoreAsync(StorePaths, string)' instead. (https://learn.microsoft.com/dotnet/fundamentals/code-analysis/quality-rules/ca1849) [C:\Projects\Hazina\src\Core\Agents\Hazina.AgentFactory\Hazina.AgentFactory.csproj::TargetFramework=net8.0]
C:\Projects\Hazina\src\Core\Agents\Hazina.AgentFactory\Configuration\Parsers\HazinaAgentConfigParser.cs(264,19): warning S112: 'System.Exception' should not be thrown by user code. (https://rules.sonarsource.com/csharp/RSPEC-112) [C:\Projects\Hazina\src\Core\Agents\Hazina.AgentFactory\Hazina.AgentFactory.csproj::TargetFramework=net8.0]
C:\Projects\Hazina\src\Core\Agents\Hazina.AgentFactory\Configuration\Parsers\HazinaStoreConfigParserV2.cs(86,18): warning S2325: Make 'ParseField' a static method. (https://rules.sonarsource.com/csharp/RSPEC-2325) [C:\Projects\Hazina\src\Core\Agents\Hazina.AgentFactory\Hazina.AgentFactory.csproj::TargetFramework=net8.0]
C:\Projects\Hazina\src\Core\Agents\Hazina.AgentFactory\Configuration\Parsers\HazinaAgentConfigParser.cs(264,19): warning CA2201: Exception type System.Exception is not sufficiently specific (https://learn.microsoft.com/dotnet/fundamentals/code-analysis/quality-rules/ca2201) [C:\Projects\Hazina\src\Core\Agents\Hazina.AgentFactory\Hazina.AgentFactory.csproj::TargetFramework=net8.0]
C:\Projects\Hazina\src\Core\Agents\Hazina.AgentFactory\Services\BigQuery\BigQueryService.cs(64,13): warning SA1503: Braces should not be omitted (https://github.com/DotNetAnalyzers/StyleCopAnalyzers/blob/master/documentation/SA1503.md) [C:\Projects\Hazina\src\Core\Agents\Hazina.AgentFactory\Hazina.AgentFactory.csproj::TargetFramework=net8.0]
C:\Projects\Hazina\src\Core\Agents\Hazina.AgentFactory\Services\BigQuery\BigQueryService.cs(66,13): warning SA1503: Braces should not be omitted (https://github.com/DotNetAnalyzers/StyleCopAnalyzers/blob/master/documentation/SA1503.md) [C:\Projects\Hazina\src\Core\Agents\Hazina.AgentFactory\Hazina.AgentFactory.csproj::TargetFramework=net8.0]
C:\Projects\Hazina\src\Core\Agents\Hazina.AgentFactory\Core\StoresAndAgentsAndFlowLoader.cs(54,13): warning MA0004: Use Task.ConfigureAwait(false) if the current SynchronizationContext is not needed (https://github.com/meziantou/Meziantou.Analyzer/blob/main/docs/Rules/MA0004.md) [C:\Projects\Hazina\src\Core\Agents\Hazina.AgentFactory\Hazina.AgentFactory.csproj::TargetFramework=net8.0]
C:\Projects\Hazina\src\Core\Agents\Hazina.AgentFactory\Core\AgentFactoryExtensions.cs(91,77): warning SA1629: Documentation text should end with a period (https://github.com/DotNetAnalyzers/StyleCopAnalyzers/blob/master/documentation/SA1629.md) [C:\Projects\Hazina\src\Core\Agents\Hazina.AgentFactory\Hazina.AgentFactory.csproj::TargetFramework=net8.0]
C:\Projects\Hazina\src\Core\Agents\Hazina.AgentFactory\Services\BigQuery\BigQueryService.cs(70,28): warning CA2016: Forward the 'cancel' parameter to the 'ExecuteQueryAsync' method or pass in 'CancellationToken.None' explicitly to indicate intentionally not propagating the token (https://learn.microsoft.com/dotnet/fundamentals/code-analysis/quality-rules/ca2016) [C:\Projects\Hazina\src\Core\Agents\Hazina.AgentFactory\Hazina.AgentFactory.csproj::TargetFramework=net8.0]
C:\Projects\Hazina\src\Core\Agents\Hazina.AgentFactory\Core\StoresAndAgentsAndFlowLoader.cs(73,25): warning MA0004: Use Task.ConfigureAwait(false) if the current SynchronizationContext is not needed (https://github.com/meziantou/Meziantou.Analyzer/blob/main/docs/Rules/MA0004.md) [C:\Projects\Hazina\src\Core\Agents\Hazina.AgentFactory\Hazina.AgentFactory.csproj::TargetFramework=net8.0]
C:\Projects\Hazina\src\Core\Agents\Hazina.AgentFactory\Services\Tools\ToolRegistrationService.cs(104,38): warning SA1503: Braces should not be omitted (https://github.com/DotNetAnalyzers/StyleCopAnalyzers/blob/master/documentation/SA1503.md) [C:\Projects\Hazina\src\Core\Agents\Hazina.AgentFactory\Hazina.AgentFactory.csproj::TargetFramework=net8.0]
C:\Projects\Hazina\src\Core\Agents\Hazina.AgentFactory\Services\Tools\ToolRegistrationService.cs(107,25): warning SA1503: Braces should not be omitted (https://github.com/DotNetAnalyzers/StyleCopAnalyzers/blob/master/documentation/SA1503.md) [C:\Projects\Hazina\src\Core\Agents\Hazina.AgentFactory\Hazina.AgentFactory.csproj::TargetFramework=net8.0]
C:\Projects\Hazina\src\Core\Agents\Hazina.AgentFactory\Services\Tools\ToolRegistrationService.cs(109,25): warning SA1503: Braces should not be omitted (https://github.com/DotNetAnalyzers/StyleCopAnalyzers/blob/master/documentation/SA1503.md) [C:\Projects\Hazina\src\Core\Agents\Hazina.AgentFactory\Hazina.AgentFactory.csproj::TargetFramework=net8.0]
C:\Projects\Hazina\src\Core\Agents\Hazina.AgentFactory\Services\Tools\ToolRegistrationService.cs(121,21): warning SA1503: Braces should not be omitted (https://github.com/DotNetAnalyzers/StyleCopAnalyzers/blob/master/documentation/SA1503.md) [C:\Projects\Hazina\src\Core\Agents\Hazina.AgentFactory\Hazina.AgentFactory.csproj::TargetFramework=net8.0]
C:\Projects\Hazina\src\Core\Agents\Hazina.AgentFactory\Services\Tools\ToolRegistrationService.cs(106,21): warning SA1519: Braces should not be omitted from multi-line child statement (https://github.com/DotNetAnalyzers/StyleCopAnalyzers/blob/master/documentation/SA1519.md) [C:\Projects\Hazina\src\Core\Agents\Hazina.AgentFactory\Hazina.AgentFactory.csproj::TargetFramework=net8.0]
C:\Projects\Hazina\src\Core\Agents\Hazina.AgentFactory\Services\Tools\ToolRegistrationService.cs(96,132): warning SA1122: Use string.Empty for empty strings (https://github.com/DotNetAnalyzers/StyleCopAnalyzers/blob/master/documentation/SA1122.md) [C:\Projects\Hazina\src\Core\Agents\Hazina.AgentFactory\Hazina.AgentFactory.csproj::TargetFramework=net8.0]
C:\Projects\Hazina\src\Core\Agents\Hazina.AgentFactory\Services\BigQuery\BigQueryService.cs(70,22): warning MA0004: Use Task.ConfigureAwait(false) if the current SynchronizationContext is not needed (https://github.com/meziantou/Meziantou.Analyzer/blob/main/docs/Rules/MA0004.md) [C:\Projects\Hazina\src\Core\Agents\Hazina.AgentFactory\Hazina.AgentFactory.csproj::TargetFramework=net8.0]
C:\Projects\Hazina\src\Core\Agents\Hazina.AgentFactory\Configuration\Parsers\HazinaStoreConfigParser.cs(44,34): warning SA1503: Braces should not be omitted (https://github.com/DotNetAnalyzers/StyleCopAnalyzers/blob/master/documentation/SA1503.md) [C:\Projects\Hazina\src\Core\Agents\Hazina.AgentFactory\Hazina.AgentFactory.csproj::TargetFramework=net8.0]
C:\Projects\Hazina\src\Core\Agents\Hazina.AgentFactory\Configuration\Parsers\HazinaStoreConfigParser.cs(47,29): warning SA1503: Braces should not be omitted (https://github.com/DotNetAnalyzers/StyleCopAnalyzers/blob/master/documentation/SA1503.md) [C:\Projects\Hazina\src\Core\Agents\Hazina.AgentFactory\Hazina.AgentFactory.csproj::TargetFramework=net8.0]
C:\Projects\Hazina\src\Core\Agents\Hazina.AgentFactory\Configuration\Parsers\HazinaStoreConfigParser.cs(65,59): warning SA1503: Braces should not be omitted (https://github.com/DotNetAnalyzers/StyleCopAnalyzers/blob/master/documentation/SA1503.md) [C:\Projects\Hazina\src\Core\Agents\Hazina.AgentFactory\Hazina.AgentFactory.csproj::TargetFramework=net8.0]
C:\Projects\Hazina\src\Core\Agents\Hazina.AgentFactory\Services\Tools\ToolRegistrationService.cs(107,32): warning MA0004: Use Task.ConfigureAwait(false) if the current SynchronizationContext is not needed (https://github.com/meziantou/Meziantou.Analyzer/blob/main/docs/Rules/MA0004.md) [C:\Projects\Hazina\src\Core\Agents\Hazina.AgentFactory\Hazina.AgentFactory.csproj::TargetFramework=net8.0]
C:\Projects\Hazina\src\Core\Agents\Hazina.AgentFactory\Core\StoresAndAgentsAndFlowLoader.cs(64,57): warning MA0006: Use string.Equals instead of Equals operator (https://github.com/meziantou/Meziantou.Analyzer/blob/main/docs/Rules/MA0006.md) [C:\Projects\Hazina\src\Core\Agents\Hazina.AgentFactory\Hazina.AgentFactory.csproj::TargetFramework=net8.0]
C:\Projects\Hazina\src\Core\Agents\Hazina.AgentFactory\Services\Tools\ToolRegistrationService.cs(121,28): warning MA0004: Use Task.ConfigureAwait(false) if the current SynchronizationContext is not needed (https://github.com/meziantou/Meziantou.Analyzer/blob/main/docs/Rules/MA0004.md) [C:\Projects\Hazina\src\Core\Agents\Hazina.AgentFactory\Hazina.AgentFactory.csproj::TargetFramework=net8.0]
C:\Projects\Hazina\src\Core\Agents\Hazina.AgentFactory\Configuration\Parsers\HazinaStoreConfigParser.cs(46,26): warning CA1307: 'string.IndexOf(char)' has a method overload that takes a 'StringComparison' parameter. Replace this call in 'HazinaStoreConfigParser.Parse(string)' with a call to 'string.IndexOf(char, System.StringComparison)' for clarity of intent. (https://learn.microsoft.com/dotnet/fundamentals/code-analysis/quality-rules/ca1307) [C:\Projects\Hazina\src\Core\Agents\Hazina.AgentFactory\Hazina.AgentFactory.csproj::TargetFramework=net8.0]
C:\Projects\Hazina\src\Core\Agents\Hazina.AgentFactory\Configuration\Parsers\HazinaAgentConfigParser.cs(19,31): warning CA1062: In externally visible method 'string HazinaAgentConfigParser.Serialize(IEnumerable<AgentConfig> agents)', validate parameter 'agents' is non-null before using it. If appropriate, throw an 'ArgumentNullException' when the argument is 'null'. (https://learn.microsoft.com/dotnet/fundamentals/code-analysis/quality-rules/ca1062) [C:\Projects\Hazina\src\Core\Agents\Hazina.AgentFactory\Hazina.AgentFactory.csproj::TargetFramework=net8.0]
C:\Projects\Hazina\src\Core\Agents\Hazina.AgentFactory\Services\Email\EmailService.cs(41,58): warning CA2016: Forward the 'cancel' parameter to the 'GetFolder' method or pass in 'CancellationToken.None' explicitly to indicate intentionally not propagating the token (https://learn.microsoft.com/dotnet/fundamentals/code-analysis/quality-rules/ca2016) [C:\Projects\Hazina\src\Core\Agents\Hazina.AgentFactory\Hazina.AgentFactory.csproj::TargetFramework=net8.0]
C:\Projects\Hazina\src\Core\Agents\Hazina.AgentFactory\Services\Email\EmailService.cs(42,15): warning CA2016: Forward the 'cancel' parameter to the 'OpenAsync' method or pass in 'CancellationToken.None' explicitly to indicate intentionally not propagating the token (https://learn.microsoft.com/dotnet/fundamentals/code-analysis/quality-rules/ca2016) [C:\Projects\Hazina\src\Core\Agents\Hazina.AgentFactory\Hazina.AgentFactory.csproj::TargetFramework=net8.0]
C:\Projects\Hazina\src\Core\Agents\Hazina.AgentFactory\Services\BigQuery\BigQueryService.cs(80,13): warning SA1503: Braces should not be omitted (https://github.com/DotNetAnalyzers/StyleCopAnalyzers/blob/master/documentation/SA1503.md) [C:\Projects\Hazina\src\Core\Agents\Hazina.AgentFactory\Hazina.AgentFactory.csproj::TargetFramework=net8.0]
C:\Projects\Hazina\src\Core\Agents\Hazina.AgentFactory\Services\BigQuery\BigQueryService.cs(85,32): warning CA2016: Forward the 'cancel' parameter to the 'ExecuteQueryAsync' method or pass in 'CancellationToken.None' explicitly to indicate intentionally not propagating the token (https://learn.microsoft.com/dotnet/fundamentals/code-analysis/quality-rules/ca2016) [C:\Projects\Hazina\src\Core\Agents\Hazina.AgentFactory\Hazina.AgentFactory.csproj::TargetFramework=net8.0]
C:\Projects\Hazina\src\Core\Agents\Hazina.AgentFactory\Configuration\Validation\StoreConfigValidator.cs(166,13): warning SA1503: Braces should not be omitted (https://github.com/DotNetAnalyzers/StyleCopAnalyzers/blob/master/documentation/SA1503.md) [C:\Projects\Hazina\src\Core\Agents\Hazina.AgentFactory\Hazina.AgentFactory.csproj::TargetFramework=net8.0]
C:\Projects\Hazina\src\Core\Agents\Hazina.AgentFactory\Services\Execution\AgentExecutionService.cs(119,35): warning S6602: "Find" method should be used instead of the "FirstOrDefault" extension method. (https://rules.sonarsource.com/csharp/RSPEC-6602) [C:\Projects\Hazina\src\Core\Agents\Hazina.AgentFactory\Hazina.AgentFactory.csproj::TargetFramework=net8.0]
C:\Projects\Hazina\src\Core\Agents\Hazina.AgentFactory\Configuration\Validation\StoreConfigValidator.cs(165,48): warning CA1860: Prefer comparing 'Length' to 0 rather than using 'Any()', both for clarity and for performance (https://learn.microsoft.com/dotnet/fundamentals/code-analysis/quality-rules/ca1860) [C:\Projects\Hazina\src\Core\Agents\Hazina.AgentFactory\Hazina.AgentFactory.csproj::TargetFramework=net8.0]
C:\Projects\Hazina\src\Core\Agents\Hazina.AgentFactory\Core\AgentFactoryExtensions.cs(120,26): warning CA1851: Possible multiple enumerations of 'IEnumerable' collection. Consider using an implementation that avoids multiple enumerations. (https://learn.microsoft.com/dotnet/fundamentals/code-analysis/quality-rules/ca1851) [C:\Projects\Hazina\src\Core\Agents\Hazina.AgentFactory\Hazina.AgentFactory.csproj::TargetFramework=net8.0]
C:\Projects\Hazina\src\Core\Agents\Hazina.AgentFactory\Core\AgentFactoryExtensions.cs(122,13): warning CA1851: Possible multiple enumerations of 'IEnumerable' collection. Consider using an implementation that avoids multiple enumerations. (https://learn.microsoft.com/dotnet/fundamentals/code-analysis/quality-rules/ca1851) [C:\Projects\Hazina\src\Core\Agents\Hazina.AgentFactory\Hazina.AgentFactory.csproj::TargetFramework=net8.0]
C:\Projects\Hazina\src\Core\Agents\Hazina.AgentFactory\Configuration\Validation\StoreConfigValidator.cs(179,51): warning CA1307: 'string.Contains(string)' has a method overload that takes a 'StringComparison' parameter. Replace this call in 'Hazina.AgentFactory.Configuration.Validation.StoreConfigValidator.ValidateExcludePatterns()' with a call to 'string.Contains(string, System.StringComparison)' for clarity of intent. (https://learn.microsoft.com/dotnet/fundamentals/code-analysis/quality-rules/ca1307) [C:\Projects\Hazina\src\Core\Agents\Hazina.AgentFactory\Hazina.AgentFactory.csproj::TargetFramework=net8.0]
C:\Projects\Hazina\src\Core\Agents\Hazina.AgentFactory\Services\Email\EmailService.cs(41,58): warning CA1849: 'ImapClient.GetFolder(string, CancellationToken)' synchronously blocks. Await 'ImapClient.GetFolderAsync(string, CancellationToken)' instead. (https://learn.microsoft.com/dotnet/fundamentals/code-analysis/quality-rules/ca1849) [C:\Projects\Hazina\src\Core\Agents\Hazina.AgentFactory\Hazina.AgentFactory.csproj::TargetFramework=net8.0]
C:\Projects\Hazina\src\Core\Agents\Hazina.AgentFactory\Services\Tools\ToolRegistrationService.cs(96,56): warning MA0006: Use string.Equals instead of Equals operator (https://github.com/meziantou/Meziantou.Analyzer/blob/main/docs/Rules/MA0006.md) [C:\Projects\Hazina\src\Core\Agents\Hazina.AgentFactory\Hazina.AgentFactory.csproj::TargetFramework=net8.0]
C:\Projects\Hazina\src\Core\Agents\Hazina.AgentFactory\Services\Email\EmailService.cs(31,9): warning MA0004: Use Task.ConfigureAwait(false) if the current SynchronizationContext is not needed (https://github.com/meziantou/Meziantou.Analyzer/blob/main/docs/Rules/MA0004.md) [C:\Projects\Hazina\src\Core\Agents\Hazina.AgentFactory\Hazina.AgentFactory.csproj::TargetFramework=net8.0]
C:\Projects\Hazina\src\Core\Agents\Hazina.AgentFactory\Services\BigQuery\BigQueryService.cs(85,26): warning MA0004: Use Task.ConfigureAwait(false) if the current SynchronizationContext is not needed (https://github.com/meziantou/Meziantou.Analyzer/blob/main/docs/Rules/MA0004.md) [C:\Projects\Hazina\src\Core\Agents\Hazina.AgentFactory\Hazina.AgentFactory.csproj::TargetFramework=net8.0]
C:\Projects\Hazina\src\Core\Agents\Hazina.AgentFactory\Services\Email\EmailService.cs(32,9): warning MA0004: Use Task.ConfigureAwait(false) if the current SynchronizationContext is not needed (https://github.com/meziantou/Meziantou.Analyzer/blob/main/docs/Rules/MA0004.md) [C:\Projects\Hazina\src\Core\Agents\Hazina.AgentFactory\Hazina.AgentFactory.csproj::TargetFramework=net8.0]
C:\Projects\Hazina\src\Core\Agents\Hazina.AgentFactory\Services\Email\EmailService.cs(33,9): warning MA0004: Use Task.ConfigureAwait(false) if the current SynchronizationContext is not needed (https://github.com/meziantou/Meziantou.Analyzer/blob/main/docs/Rules/MA0004.md) [C:\Projects\Hazina\src\Core\Agents\Hazina.AgentFactory\Hazina.AgentFactory.csproj::TargetFramework=net8.0]
C:\Projects\Hazina\src\Core\Agents\Hazina.AgentFactory\Services\Email\EmailService.cs(34,9): warning MA0004: Use Task.ConfigureAwait(false) if the current SynchronizationContext is not needed (https://github.com/meziantou/Meziantou.Analyzer/blob/main/docs/Rules/MA0004.md) [C:\Projects\Hazina\src\Core\Agents\Hazina.AgentFactory\Hazina.AgentFactory.csproj::TargetFramework=net8.0]
C:\Projects\Hazina\src\Core\Agents\Hazina.AgentFactory\Services\Email\EmailService.cs(38,9): warning MA0004: Use Task.ConfigureAwait(false) if the current SynchronizationContext is not needed (https://github.com/meziantou/Meziantou.Analyzer/blob/main/docs/Rules/MA0004.md) [C:\Projects\Hazina\src\Core\Agents\Hazina.AgentFactory\Hazina.AgentFactory.csproj::TargetFramework=net8.0]
C:\Projects\Hazina\src\Core\Agents\Hazina.AgentFactory\Services\Email\EmailService.cs(39,9): warning MA0004: Use Task.ConfigureAwait(false) if the current SynchronizationContext is not needed (https://github.com/meziantou/Meziantou.Analyzer/blob/main/docs/Rules/MA0004.md) [C:\Projects\Hazina\src\Core\Agents\Hazina.AgentFactory\Hazina.AgentFactory.csproj::TargetFramework=net8.0]
C:\Projects\Hazina\src\Core\Agents\Hazina.AgentFactory\Services\Email\EmailService.cs(42,9): warning MA0004: Use Task.ConfigureAwait(false) if the current SynchronizationContext is not needed (https://github.com/meziantou/Meziantou.Analyzer/blob/main/docs/Rules/MA0004.md) [C:\Projects\Hazina\src\Core\Agents\Hazina.AgentFactory\Hazina.AgentFactory.csproj::TargetFramework=net8.0]
C:\Projects\Hazina\src\Core\Agents\Hazina.AgentFactory\Services\Email\EmailService.cs(43,9): warning MA0004: Use Task.ConfigureAwait(false) if the current SynchronizationContext is not needed (https://github.com/meziantou/Meziantou.Analyzer/blob/main/docs/Rules/MA0004.md) [C:\Projects\Hazina\src\Core\Agents\Hazina.AgentFactory\Hazina.AgentFactory.csproj::TargetFramework=net8.0]
C:\Projects\Hazina\src\Core\Agents\Hazina.AgentFactory\Services\Email\EmailService.cs(44,9): warning MA0004: Use Task.ConfigureAwait(false) if the current SynchronizationContext is not needed (https://github.com/meziantou/Meziantou.Analyzer/blob/main/docs/Rules/MA0004.md) [C:\Projects\Hazina\src\Core\Agents\Hazina.AgentFactory\Hazina.AgentFactory.csproj::TargetFramework=net8.0]
C:\Projects\Hazina\src\Core\Agents\Hazina.AgentFactory\Services\BigQuery\BigQueryService.cs(101,35): warning S3267: Loop should be simplified by calling Select(field => field.Name)) (https://rules.sonarsource.com/csharp/RSPEC-3267) [C:\Projects\Hazina\src\Core\Agents\Hazina.AgentFactory\Hazina.AgentFactory.csproj::TargetFramework=net8.0]
C:\Projects\Hazina\src\Core\Agents\Hazina.AgentFactory\Services\BigQuery\BigQueryService.cs(88,9): warning CA1031: Modify 'ExecuteQueryAsync' to catch a more specific allowed exception type, or rethrow the exception (https://learn.microsoft.com/dotnet/fundamentals/code-analysis/quality-rules/ca1031) [C:\Projects\Hazina\src\Core\Agents\Hazina.AgentFactory\Hazina.AgentFactory.csproj::TargetFramework=net8.0]
C:\Projects\Hazina\src\Core\Agents\Hazina.AgentFactory\Core\AgentFactory.cs(155,13): warning SA1503: Braces should not be omitted (https://github.com/DotNetAnalyzers/StyleCopAnalyzers/blob/master/documentation/SA1503.md) [C:\Projects\Hazina\src\Core\Agents\Hazina.AgentFactory\Hazina.AgentFactory.csproj::TargetFramework=net8.0]
C:\Projects\Hazina\src\Core\Agents\Hazina.AgentFactory\Core\AgentFactory.cs(155,20): warning MA0004: Use Task.ConfigureAwait(false) if the current SynchronizationContext is not needed (https://github.com/meziantou/Meziantou.Analyzer/blob/main/docs/Rules/MA0004.md) [C:\Projects\Hazina\src\Core\Agents\Hazina.AgentFactory\Hazina.AgentFactory.csproj::TargetFramework=net8.0]
C:\Projects\Hazina\src\Core\Agents\Hazina.AgentFactory\Core\AgentFactory.cs(157,16): warning MA0004: Use Task.ConfigureAwait(false) if the current SynchronizationContext is not needed (https://github.com/meziantou/Meziantou.Analyzer/blob/main/docs/Rules/MA0004.md) [C:\Projects\Hazina\src\Core\Agents\Hazina.AgentFactory\Hazina.AgentFactory.csproj::TargetFramework=net8.0]
C:\Projects\Hazina\src\Core\Agents\Hazina.AgentFactory\Services\Email\EmailService.cs(24,23): warning CA2000: Call System.IDisposable.Dispose on object created by 'new MimeMessage()' before all references to it are out of scope (https://learn.microsoft.com/dotnet/fundamentals/code-analysis/quality-rules/ca2000) [C:\Projects\Hazina\src\Core\Agents\Hazina.AgentFactory\Hazina.AgentFactory.csproj::TargetFramework=net8.0]
C:\Projects\Hazina\src\Core\Agents\Hazina.AgentFactory\Configuration\Validation\StoreConfigValidator.cs(190,88): warning CA1002: Change 'List<StoreConfig>' in 'StoreConfigValidator.ValidateAll(List<StoreConfig>)' to use 'Collection<T>', 'ReadOnlyCollection<T>' or 'KeyedCollection<K,V>' (https://learn.microsoft.com/dotnet/fundamentals/code-analysis/quality-rules/ca1002) [C:\Projects\Hazina\src\Core\Agents\Hazina.AgentFactory\Hazina.AgentFactory.csproj::TargetFramework=net8.0]
C:\Projects\Hazina\src\Core\Agents\Hazina.AgentFactory\Configuration\Validation\StoreConfigValidator.cs(190,70): warning MA0016: Prefer using collection abstraction instead of implementation (https://github.com/meziantou/Meziantou.Analyzer/blob/main/docs/Rules/MA0016.md) [C:\Projects\Hazina\src\Core\Agents\Hazina.AgentFactory\Hazina.AgentFactory.csproj::TargetFramework=net8.0]
C:\Projects\Hazina\src\Core\Agents\Hazina.AgentFactory\Services\Email\EmailService.cs(41,58): warning S6966: Await GetFolderAsync instead. (https://rules.sonarsource.com/csharp/RSPEC-6966) [C:\Projects\Hazina\src\Core\Agents\Hazina.AgentFactory\Hazina.AgentFactory.csproj::TargetFramework=net8.0]
C:\Projects\Hazina\src\Core\Agents\Hazina.AgentFactory\Core\AgentManager.cs(172,31): warning CA1707: Remove the underscores from member name Hazina.AgentFactory.Core.AgentManager.SendMessage_Flow(string, System.Threading.CancellationToken, string) (https://learn.microsoft.com/dotnet/fundamentals/code-analysis/quality-rules/ca1707) [C:\Projects\Hazina\src\Core\Agents\Hazina.AgentFactory\Hazina.AgentFactory.csproj::TargetFramework=net8.0]
C:\Projects\Hazina\src\Core\Agents\Hazina.AgentFactory\Services\Tools\ToolRegistrationService.cs(62,29): warning CA1062: In externally visible method 'void ToolRegistrationService.AddStoreTools(IEnumerable<(IDocumentStore Store, bool Write)> stores, IToolsContext tools, IEnumerable<string> functions, IEnumerable<string> agents, IEnumerable<string> flows, string caller)', validate parameter 'flows' is non-null before using it. If appropriate, throw an 'ArgumentNullException' when the argument is 'null'. (https://learn.microsoft.com/dotnet/fundamentals/code-analysis/quality-rules/ca1062) [C:\Projects\Hazina\src\Core\Agents\Hazina.AgentFactory\Hazina.AgentFactory.csproj::TargetFramework=net8.0]
C:\Projects\Hazina\src\Core\Agents\Hazina.AgentFactory\Services\Tools\ToolRegistrationService.cs(61,23): warning CA1062: In externally visible method 'void ToolRegistrationService.AddStoreTools(IEnumerable<(IDocumentStore Store, bool Write)> stores, IToolsContext tools, IEnumerable<string> functions, IEnumerable<string> agents, IEnumerable<string> flows, string caller)', validate parameter 'tools' is non-null before using it. If appropriate, throw an 'ArgumentNullException' when the argument is 'null'. (https://learn.microsoft.com/dotnet/fundamentals/code-analysis/quality-rules/ca1062) [C:\Projects\Hazina\src\Core\Agents\Hazina.AgentFactory\Hazina.AgentFactory.csproj::TargetFramework=net8.0]
C:\Projects\Hazina\src\Core\Agents\Hazina.AgentFactory\Services\Tools\ToolRegistrationService.cs(61,30): warning CA1062: In externally visible method 'void ToolRegistrationService.AddStoreTools(IEnumerable<(IDocumentStore Store, bool Write)> stores, IToolsContext tools, IEnumerable<string> functions, IEnumerable<string> agents, IEnumerable<string> flows, string caller)', validate parameter 'agents' is non-null before using it. If appropriate, throw an 'ArgumentNullException' when the argument is 'null'. (https://learn.microsoft.com/dotnet/fundamentals/code-analysis/quality-rules/ca1062) [C:\Projects\Hazina\src\Core\Agents\Hazina.AgentFactory\Hazina.AgentFactory.csproj::TargetFramework=net8.0]
C:\Projects\Hazina\src\Core\Agents\Hazina.AgentFactory\Services\Tools\ToolRegistrationService.cs(65,35): warning CA1062: In externally visible method 'void ToolRegistrationService.AddStoreTools(IEnumerable<(IDocumentStore Store, bool Write)> stores, IToolsContext tools, IEnumerable<string> functions, IEnumerable<string> agents, IEnumerable<string> flows, string caller)', validate parameter 'stores' is non-null before using it. If appropriate, throw an 'ArgumentNullException' when the argument is 'null'. (https://learn.microsoft.com/dotnet/fundamentals/code-analysis/quality-rules/ca1062) [C:\Projects\Hazina\src\Core\Agents\Hazina.AgentFactory\Hazina.AgentFactory.csproj::TargetFramework=net8.0]
C:\Projects\Hazina\src\Core\Agents\Hazina.AgentFactory\Services\Execution\AgentExecutionService.cs(120,32): warning SA1503: Braces should not be omitted (https://github.com/DotNetAnalyzers/StyleCopAnalyzers/blob/master/documentation/SA1503.md) [C:\Projects\Hazina\src\Core\Agents\Hazina.AgentFactory\Hazina.AgentFactory.csproj::TargetFramework=net8.0]
C:\Projects\Hazina\src\Core\Agents\Hazina.AgentFactory\Configuration\Validation\ConfigurationResult.cs(122,13): warning CA1860: Prefer comparing 'Count' to 0 rather than using 'Any()', both for clarity and for performance (https://learn.microsoft.com/dotnet/fundamentals/code-analysis/quality-rules/ca1860) [C:\Projects\Hazina\src\Core\Agents\Hazina.AgentFactory\Hazina.AgentFactory.csproj::TargetFramework=net8.0]
C:\Projects\Hazina\src\Core\Agents\Hazina.AgentFactory\Configuration\Validation\ConfigurationResult.cs(131,13): warning CA1860: Prefer comparing 'Count' to 0 rather than using 'Any()', both for clarity and for performance (https://learn.microsoft.com/dotnet/fundamentals/code-analysis/quality-rules/ca1860) [C:\Projects\Hazina\src\Core\Agents\Hazina.AgentFactory\Hazina.AgentFactory.csproj::TargetFramework=net8.0]
C:\Projects\Hazina\src\Core\Agents\Hazina.AgentFactory\Configuration\Validation\ConfigurationResult.cs(140,13): warning CA1860: Prefer comparing 'Count' to 0 rather than using 'Any()', both for clarity and for performance (https://learn.microsoft.com/dotnet/fundamentals/code-analysis/quality-rules/ca1860) [C:\Projects\Hazina\src\Core\Agents\Hazina.AgentFactory\Hazina.AgentFactory.csproj::TargetFramework=net8.0]
C:\Projects\Hazina\src\Core\Agents\Hazina.AgentFactory\Core\AgentManager.cs(155,32): warning SA1503: Braces should not be omitted (https://github.com/DotNetAnalyzers/StyleCopAnalyzers/blob/master/documentation/SA1503.md) [C:\Projects\Hazina\src\Core\Agents\Hazina.AgentFactory\Hazina.AgentFactory.csproj::TargetFramework=net8.0]
C:\Projects\Hazina\src\Core\Agents\Hazina.AgentFactory\Core\AgentManager.cs(160,32): warning SA1503: Braces should not be omitted (https://github.com/DotNetAnalyzers/StyleCopAnalyzers/blob/master/documentation/SA1503.md) [C:\Projects\Hazina\src\Core\Agents\Hazina.AgentFactory\Hazina.AgentFactory.csproj::TargetFramework=net8.0]
C:\Projects\Hazina\src\Core\Agents\Hazina.AgentFactory\Services\BigQuery\BigQueryService.cs(97,29): warning CA1062: In externally visible method 'string BigQueryService.ExtractAsString(IEnumerable<BigQueryRow> result)', validate parameter 'result' is non-null before using it. If appropriate, throw an 'ArgumentNullException' when the argument is 'null'. (https://learn.microsoft.com/dotnet/fundamentals/code-analysis/quality-rules/ca1062) [C:\Projects\Hazina\src\Core\Agents\Hazina.AgentFactory\Hazina.AgentFactory.csproj::TargetFramework=net8.0]
C:\Projects\Hazina\src\Core\Agents\Hazina.AgentFactory\Configuration\Validation\AgentConfigValidator.cs(92,43): warning CA1860: Prefer comparing 'Count' to 0 rather than using 'Any()', both for clarity and for performance (https://learn.microsoft.com/dotnet/fundamentals/code-analysis/quality-rules/ca1860) [C:\Projects\Hazina\src\Core\Agents\Hazina.AgentFactory\Hazina.AgentFactory.csproj::TargetFramework=net8.0]
C:\Projects\Hazina\src\Core\Agents\Hazina.AgentFactory\Core\AgentManager.cs(163,9): warning MA0004: Use Task.ConfigureAwait(false) if the current SynchronizationContext is not needed (https://github.com/meziantou/Meziantou.Analyzer/blob/main/docs/Rules/MA0004.md) [C:\Projects\Hazina\src\Core\Agents\Hazina.AgentFactory\Hazina.AgentFactory.csproj::TargetFramework=net8.0]
C:\Projects\Hazina\src\Core\Agents\Hazina.AgentFactory\Core\AgentManager.cs(165,24): warning MA0004: Use Task.ConfigureAwait(false) if the current SynchronizationContext is not needed (https://github.com/meziantou/Meziantou.Analyzer/blob/main/docs/Rules/MA0004.md) [C:\Projects\Hazina\src\Core\Agents\Hazina.AgentFactory\Hazina.AgentFactory.csproj::TargetFramework=net8.0]
C:\Projects\Hazina\src\Core\Agents\Hazina.AgentFactory\Core\AgentManager.cs(167,9): warning MA0004: Use Task.ConfigureAwait(false) if the current SynchronizationContext is not needed (https://github.com/meziantou/Meziantou.Analyzer/blob/main/docs/Rules/MA0004.md) [C:\Projects\Hazina\src\Core\Agents\Hazina.AgentFactory\Hazina.AgentFactory.csproj::TargetFramework=net8.0]
C:\Projects\Hazina\src\Core\Agents\Hazina.AgentFactory\Services\Execution\AgentExecutionService.cs(116,27): warning MA0004: Use Task.ConfigureAwait(false) if the current SynchronizationContext is not needed (https://github.com/meziantou/Meziantou.Analyzer/blob/main/docs/Rules/MA0004.md) [C:\Projects\Hazina\src\Core\Agents\Hazina.AgentFactory\Hazina.AgentFactory.csproj::TargetFramework=net8.0]
C:\Projects\Hazina\src\Core\Agents\Hazina.AgentFactory\Core\AgentFactory.cs(210,60): warning CA1002: Change 'List<string>' in 'AgentFactory.CreateFlow(string, List<string>)' to use 'Collection<T>', 'ReadOnlyCollection<T>' or 'KeyedCollection<K,V>' (https://learn.microsoft.com/dotnet/fundamentals/code-analysis/quality-rules/ca1002) [C:\Projects\Hazina\src\Core\Agents\Hazina.AgentFactory\Hazina.AgentFactory.csproj::TargetFramework=net8.0]
C:\Projects\Hazina\src\Core\Agents\Hazina.AgentFactory\Core\AgentFactory.cs(210,47): warning MA0016: Prefer using collection abstraction instead of implementation (https://github.com/meziantou/Meziantou.Analyzer/blob/main/docs/Rules/MA0016.md) [C:\Projects\Hazina\src\Core\Agents\Hazina.AgentFactory\Hazina.AgentFactory.csproj::TargetFramework=net8.0]
C:\Projects\Hazina\src\Core\Agents\Hazina.AgentFactory\Core\AgentManager.cs(174,9): warning MA0004: Use Task.ConfigureAwait(false) if the current SynchronizationContext is not needed (https://github.com/meziantou/Meziantou.Analyzer/blob/main/docs/Rules/MA0004.md) [C:\Projects\Hazina\src\Core\Agents\Hazina.AgentFactory\Hazina.AgentFactory.csproj::TargetFramework=net8.0]
C:\Projects\Hazina\src\Core\Agents\Hazina.AgentFactory\Core\AgentManager.cs(176,24): warning MA0004: Use Task.ConfigureAwait(false) if the current SynchronizationContext is not needed (https://github.com/meziantou/Meziantou.Analyzer/blob/main/docs/Rules/MA0004.md) [C:\Projects\Hazina\src\Core\Agents\Hazina.AgentFactory\Hazina.AgentFactory.csproj::TargetFramework=net8.0]
C:\Projects\Hazina\src\Core\Agents\Hazina.AgentFactory\Services\Execution\AgentExecutionService.cs(160,35): warning S6602: "Find" method should be used instead of the "FirstOrDefault" extension method. (https://rules.sonarsource.com/csharp/RSPEC-6602) [C:\Projects\Hazina\src\Core\Agents\Hazina.AgentFactory\Hazina.AgentFactory.csproj::TargetFramework=net8.0]
C:\Projects\Hazina\src\Core\Agents\Hazina.AgentFactory\Configuration\Validation\AgentConfigValidator.cs(99,26): warning MA0002: Use an overload that has a IEqualityComparer<string> or IComparer<string> parameter (https://github.com/meziantou/Meziantou.Analyzer/blob/main/docs/Rules/MA0002.md) [C:\Projects\Hazina\src\Core\Agents\Hazina.AgentFactory\Hazina.AgentFactory.csproj::TargetFramework=net8.0]
C:\Projects\Hazina\src\Core\Agents\Hazina.AgentFactory\Configuration\Parsers\HazinaStoreConfigParser.cs(32,30): warning CA1062: In externally visible method 'List<StoreConfig> HazinaStoreConfigParser.Parse(string input)', validate parameter 'input' is non-null before using it. If appropriate, throw an 'ArgumentNullException' when the argument is 'null'. (https://learn.microsoft.com/dotnet/fundamentals/code-analysis/quality-rules/ca1062) [C:\Projects\Hazina\src\Core\Agents\Hazina.AgentFactory\Hazina.AgentFactory.csproj::TargetFramework=net8.0]
C:\Projects\Hazina\src\Core\Agents\Hazina.AgentFactory\Configuration\Validation\AgentConfigValidator.cs(125,13): warning SA1503: Braces should not be omitted (https://github.com/DotNetAnalyzers/StyleCopAnalyzers/blob/master/documentation/SA1503.md) [C:\Projects\Hazina\src\Core\Agents\Hazina.AgentFactory\Hazina.AgentFactory.csproj::TargetFramework=net8.0]
C:\Projects\Hazina\src\Core\Agents\Hazina.AgentFactory\Configuration\Validation\AgentConfigValidator.cs(114,22): warning MA0002: Use an overload that has a IEqualityComparer<string> or IComparer<string> parameter (https://github.com/meziantou/Meziantou.Analyzer/blob/main/docs/Rules/MA0002.md) [C:\Projects\Hazina\src\Core\Agents\Hazina.AgentFactory\Hazina.AgentFactory.csproj::TargetFramework=net8.0]
C:\Projects\Hazina\src\Core\Agents\Hazina.AgentFactory\Configuration\Validation\AgentConfigValidator.cs(124,45): warning CA1860: Prefer comparing 'Count' to 0 rather than using 'Any()', both for clarity and for performance (https://learn.microsoft.com/dotnet/fundamentals/code-analysis/quality-rules/ca1860) [C:\Projects\Hazina\src\Core\Agents\Hazina.AgentFactory\Hazina.AgentFactory.csproj::TargetFramework=net8.0]
C:\Projects\Hazina\src\Core\Agents\Hazina.AgentFactory\Core\AgentFactory.cs(176,13): warning SA1503: Braces should not be omitted (https://github.com/DotNetAnalyzers/StyleCopAnalyzers/blob/master/documentation/SA1503.md) [C:\Projects\Hazina\src\Core\Agents\Hazina.AgentFactory\Hazina.AgentFactory.csproj::TargetFramework=net8.0]
C:\Projects\Hazina\src\Core\Agents\Hazina.AgentFactory\Core\AgentFactory.cs(162,5): warning SA1124: Do not use regions (https://github.com/DotNetAnalyzers/StyleCopAnalyzers/blob/master/documentation/SA1124.md) [C:\Projects\Hazina\src\Core\Agents\Hazina.AgentFactory\Hazina.AgentFactory.csproj::TargetFramework=net8.0]
C:\Projects\Hazina\src\Core\Agents\Hazina.AgentFactory\Core\AgentFactory.cs(205,21): warning MA0004: Use Task.ConfigureAwait(false) if the current SynchronizationContext is not needed (https://github.com/meziantou/Meziantou.Analyzer/blob/main/docs/Rules/MA0004.md) [C:\Projects\Hazina\src\Core\Agents\Hazina.AgentFactory\Hazina.AgentFactory.csproj::TargetFramework=net8.0]
C:\Projects\Hazina\src\Core\Agents\Hazina.AgentFactory\Configuration\Validation\AgentConfigValidator.cs(128,13): warning MA0002: Use an overload that has a IEqualityComparer<string> or IComparer<string> parameter (https://github.com/meziantou/Meziantou.Analyzer/blob/main/docs/Rules/MA0002.md) [C:\Projects\Hazina\src\Core\Agents\Hazina.AgentFactory\Hazina.AgentFactory.csproj::TargetFramework=net8.0]
C:\Projects\Hazina\src\Core\Agents\Hazina.AgentFactory\Configuration\Validation\AgentConfigValidator.cs(134,26): warning MA0002: Use an overload that has a IEqualityComparer<string> or IComparer<string> parameter (https://github.com/meziantou/Meziantou.Analyzer/blob/main/docs/Rules/MA0002.md) [C:\Projects\Hazina\src\Core\Agents\Hazina.AgentFactory\Hazina.AgentFactory.csproj::TargetFramework=net8.0]
C:\Projects\Hazina\src\Core\Agents\Hazina.AgentFactory\Core\AgentManager.cs(125,32): warning SA1503: Braces should not be omitted (https://github.com/DotNetAnalyzers/StyleCopAnalyzers/blob/master/documentation/SA1503.md) [C:\Projects\Hazina\src\Core\Agents\Hazina.AgentFactory\Hazina.AgentFactory.csproj::TargetFramework=net8.0]
C:\Projects\Hazina\src\Core\Agents\Hazina.AgentFactory\Core\AgentManager.cs(130,32): warning SA1503: Braces should not be omitted (https://github.com/DotNetAnalyzers/StyleCopAnalyzers/blob/master/documentation/SA1503.md) [C:\Projects\Hazina\src\Core\Agents\Hazina.AgentFactory\Hazina.AgentFactory.csproj::TargetFramework=net8.0]
C:\Projects\Hazina\src\Core\Agents\Hazina.AgentFactory\Core\AgentManager.cs(137,17): warning SA1503: Braces should not be omitted (https://github.com/DotNetAnalyzers/StyleCopAnalyzers/blob/master/documentation/SA1503.md) [C:\Projects\Hazina\src\Core\Agents\Hazina.AgentFactory\Hazina.AgentFactory.csproj::TargetFramework=net8.0]
C:\Projects\Hazina\src\Core\Agents\Hazina.AgentFactory\Configuration\Parsers\HazinaStoreConfigParserV2.cs(120,21): warning SA1503: Braces should not be omitted (https://github.com/DotNetAnalyzers/StyleCopAnalyzers/blob/master/documentation/SA1503.md) [C:\Projects\Hazina\src\Core\Agents\Hazina.AgentFactory\Hazina.AgentFactory.csproj::TargetFramework=net8.0]
C:\Projects\Hazina\src\Core\Agents\Hazina.AgentFactory\Configuration\Parsers\HazinaStoreConfigParserV2.cs(122,21): warning SA1503: Braces should not be omitted (https://github.com/DotNetAnalyzers/StyleCopAnalyzers/blob/master/documentation/SA1503.md) [C:\Projects\Hazina\src\Core\Agents\Hazina.AgentFactory\Hazina.AgentFactory.csproj::TargetFramework=net8.0]
C:\Projects\Hazina\src\Core\Agents\Hazina.AgentFactory\Configuration\Parsers\HazinaStoreConfigParserV2.cs(127,21): warning SA1503: Braces should not be omitted (https://github.com/DotNetAnalyzers/StyleCopAnalyzers/blob/master/documentation/SA1503.md) [C:\Projects\Hazina\src\Core\Agents\Hazina.AgentFactory\Hazina.AgentFactory.csproj::TargetFramework=net8.0]
C:\Projects\Hazina\src\Core\Agents\Hazina.AgentFactory\Configuration\Parsers\HazinaStoreConfigParserV2.cs(129,21): warning SA1503: Braces should not be omitted (https://github.com/DotNetAnalyzers/StyleCopAnalyzers/blob/master/documentation/SA1503.md) [C:\Projects\Hazina\src\Core\Agents\Hazina.AgentFactory\Hazina.AgentFactory.csproj::TargetFramework=net8.0]
C:\Projects\Hazina\src\Core\Agents\Hazina.AgentFactory\Configuration\Parsers\HazinaStoreConfigParserV2.cs(134,21): warning SA1503: Braces should not be omitted (https://github.com/DotNetAnalyzers/StyleCopAnalyzers/blob/master/documentation/SA1503.md) [C:\Projects\Hazina\src\Core\Agents\Hazina.AgentFactory\Hazina.AgentFactory.csproj::TargetFramework=net8.0]
C:\Projects\Hazina\src\Core\Agents\Hazina.AgentFactory\Configuration\Parsers\HazinaStoreConfigParserV2.cs(136,21): warning SA1503: Braces should not be omitted (https://github.com/DotNetAnalyzers/StyleCopAnalyzers/blob/master/documentation/SA1503.md) [C:\Projects\Hazina\src\Core\Agents\Hazina.AgentFactory\Hazina.AgentFactory.csproj::TargetFramework=net8.0]
C:\Projects\Hazina\src\Core\Agents\Hazina.AgentFactory\Configuration\Parsers\HazinaStoreConfigParserV2.cs(147,21): warning SA1503: Braces should not be omitted (https://github.com/DotNetAnalyzers/StyleCopAnalyzers/blob/master/documentation/SA1503.md) [C:\Projects\Hazina\src\Core\Agents\Hazina.AgentFactory\Hazina.AgentFactory.csproj::TargetFramework=net8.0]
C:\Projects\Hazina\src\Core\Agents\Hazina.AgentFactory\Configuration\Parsers\HazinaStoreConfigParserV2.cs(149,21): warning SA1503: Braces should not be omitted (https://github.com/DotNetAnalyzers/StyleCopAnalyzers/blob/master/documentation/SA1503.md) [C:\Projects\Hazina\src\Core\Agents\Hazina.AgentFactory\Hazina.AgentFactory.csproj::TargetFramework=net8.0]
C:\Projects\Hazina\src\Core\Agents\Hazina.AgentFactory\Configuration\Parsers\HazinaStoreConfigParserV2.cs(154,21): warning SA1503: Braces should not be omitted (https://github.com/DotNetAnalyzers/StyleCopAnalyzers/blob/master/documentation/SA1503.md) [C:\Projects\Hazina\src\Core\Agents\Hazina.AgentFactory\Hazina.AgentFactory.csproj::TargetFramework=net8.0]
C:\Projects\Hazina\src\Core\Agents\Hazina.AgentFactory\Configuration\Parsers\HazinaStoreConfigParserV2.cs(156,21): warning SA1503: Braces should not be omitted (https://github.com/DotNetAnalyzers/StyleCopAnalyzers/blob/master/documentation/SA1503.md) [C:\Projects\Hazina\src\Core\Agents\Hazina.AgentFactory\Hazina.AgentFactory.csproj::TargetFramework=net8.0]
C:\Projects\Hazina\src\Core\Agents\Hazina.AgentFactory\Configuration\Parsers\HazinaAgentConfigParser.cs(37,37): warning CA1002: Change 'List<AgentConfig>' in 'HazinaAgentConfigParser.Parse(string)' to use 'Collection<T>', 'ReadOnlyCollection<T>' or 'KeyedCollection<K,V>' (https://learn.microsoft.com/dotnet/fundamentals/code-analysis/quality-rules/ca1002) [C:\Projects\Hazina\src\Core\Agents\Hazina.AgentFactory\Hazina.AgentFactory.csproj::TargetFramework=net8.0]
C:\Projects\Hazina\src\Core\Agents\Hazina.AgentFactory\Configuration\Parsers\HazinaAgentConfigParser.cs(37,19): warning MA0016: Prefer using collection abstraction instead of implementation (https://github.com/meziantou/Meziantou.Analyzer/blob/main/docs/Rules/MA0016.md) [C:\Projects\Hazina\src\Core\Agents\Hazina.AgentFactory\Hazina.AgentFactory.csproj::TargetFramework=net8.0]
C:\Projects\Hazina\src\Core\Agents\Hazina.AgentFactory\Core\AgentFactory.cs(186,13): warning CA1851: Possible multiple enumerations of 'IEnumerable' collection. Consider using an implementation that avoids multiple enumerations. (https://learn.microsoft.com/dotnet/fundamentals/code-analysis/quality-rules/ca1851) [C:\Projects\Hazina\src\Core\Agents\Hazina.AgentFactory\Hazina.AgentFactory.csproj::TargetFramework=net8.0]
C:\Projects\Hazina\src\Core\Agents\Hazina.AgentFactory\Core\AgentFactory.cs(184,26): warning CA1851: Possible multiple enumerations of 'IEnumerable' collection. Consider using an implementation that avoids multiple enumerations. (https://learn.microsoft.com/dotnet/fundamentals/code-analysis/quality-rules/ca1851) [C:\Projects\Hazina\src\Core\Agents\Hazina.AgentFactory\Hazina.AgentFactory.csproj::TargetFramework=net8.0]
C:\Projects\Hazina\src\Core\Agents\Hazina.AgentFactory\Core\AgentManager.cs(139,28): warning MA0004: Use Task.ConfigureAwait(false) if the current SynchronizationContext is not needed (https://github.com/meziantou/Meziantou.Analyzer/blob/main/docs/Rules/MA0004.md) [C:\Projects\Hazina\src\Core\Agents\Hazina.AgentFactory\Hazina.AgentFactory.csproj::TargetFramework=net8.0]
C:\Projects\Hazina\src\Core\Agents\Hazina.AgentFactory\Core\AgentManager.cs(142,28): warning MA0004: Use Task.ConfigureAwait(false) if the current SynchronizationContext is not needed (https://github.com/meziantou/Meziantou.Analyzer/blob/main/docs/Rules/MA0004.md) [C:\Projects\Hazina\src\Core\Agents\Hazina.AgentFactory\Hazina.AgentFactory.csproj::TargetFramework=net8.0]
C:\Projects\Hazina\src\Core\Agents\Hazina.AgentFactory\Configuration\Parsers\HazinaStoreConfigParserV2.cs(133,21): warning MA0011: Use an overload of 'TryParse' that has a 'System.IFormatProvider' parameter (https://github.com/meziantou/Meziantou.Analyzer/blob/main/docs/Rules/MA0011.md) [C:\Projects\Hazina\src\Core\Agents\Hazina.AgentFactory\Hazina.AgentFactory.csproj::TargetFramework=net8.0]
C:\Projects\Hazina\src\Core\Agents\Hazina.AgentFactory\Configuration\Parsers\HazinaStoreConfigParserV2.cs(153,21): warning MA0011: Use an overload of 'TryParse' that has a 'System.IFormatProvider' parameter (https://github.com/meziantou/Meziantou.Analyzer/blob/main/docs/Rules/MA0011.md) [C:\Projects\Hazina\src\Core\Agents\Hazina.AgentFactory\Hazina.AgentFactory.csproj::TargetFramework=net8.0]
C:\Projects\Hazina\src\Core\Agents\Hazina.AgentFactory\Services\Execution\AgentExecutionService.cs(161,32): warning SA1503: Braces should not be omitted (https://github.com/DotNetAnalyzers/StyleCopAnalyzers/blob/master/documentation/SA1503.md) [C:\Projects\Hazina\src\Core\Agents\Hazina.AgentFactory\Hazina.AgentFactory.csproj::TargetFramework=net8.0]
C:\Projects\Hazina\src\Core\Agents\Hazina.AgentFactory\Services\Execution\AgentExecutionService.cs(157,104): warning SA1122: Use string.Empty for empty strings (https://github.com/DotNetAnalyzers/StyleCopAnalyzers/blob/master/documentation/SA1122.md) [C:\Projects\Hazina\src\Core\Agents\Hazina.AgentFactory\Hazina.AgentFactory.csproj::TargetFramework=net8.0]
C:\Projects\Hazina\src\Core\Agents\Hazina.AgentFactory\Core\AgentFactory.cs(223,40): warning S6602: "Find" method should be used instead of the "FirstOrDefault" extension method. (https://rules.sonarsource.com/csharp/RSPEC-6602) [C:\Projects\Hazina\src\Core\Agents\Hazina.AgentFactory\Hazina.AgentFactory.csproj::TargetFramework=net8.0]
C:\Projects\Hazina\src\Core\Agents\Hazina.AgentFactory\Configuration\Parsers\HazinaAgentConfigParser.cs(91,58): warning SA1122: Use string.Empty for empty strings (https://github.com/DotNetAnalyzers/StyleCopAnalyzers/blob/master/documentation/SA1122.md) [C:\Projects\Hazina\src\Core\Agents\Hazina.AgentFactory\Hazina.AgentFactory.csproj::TargetFramework=net8.0]
C:\Projects\Hazina\src\Core\Agents\Hazina.AgentFactory\Core\AgentManager.cs(138,26): warning SA1129: Do not use default value type constructor (https://github.com/DotNetAnalyzers/StyleCopAnalyzers/blob/master/documentation/SA1129.md) [C:\Projects\Hazina\src\Core\Agents\Hazina.AgentFactory\Hazina.AgentFactory.csproj::TargetFramework=net8.0]
C:\Projects\Hazina\src\Core\Agents\Hazina.AgentFactory\Core\AgentManager.cs(182,62): warning CA1311: Specify a culture or use an invariant version to avoid implicit dependency on current culture (https://learn.microsoft.com/dotnet/fundamentals/code-analysis/quality-rules/ca1311) [C:\Projects\Hazina\src\Core\Agents\Hazina.AgentFactory\Hazina.AgentFactory.csproj::TargetFramework=net8.0]
C:\Projects\Hazina\src\Core\Agents\Hazina.AgentFactory\Configuration\Parsers\HazinaAgentConfigParser.cs(91,22): warning CA1307: 'string.Replace(string, string?)' has a method overload that takes a 'StringComparison' parameter. Replace this call in 'HazinaAgentConfigParser.EscapeMultiline(string)' with a call to 'string.Replace(string, string?, System.StringComparison)' for clarity of intent. (https://learn.microsoft.com/dotnet/fundamentals/code-analysis/quality-rules/ca1307) [C:\Projects\Hazina\src\Core\Agents\Hazina.AgentFactory\Hazina.AgentFactory.csproj::TargetFramework=net8.0]
C:\Projects\Hazina\src\Core\Agents\Hazina.AgentFactory\Configuration\Parsers\HazinaAgentConfigParser.cs(91,22): warning CA1307: 'string.Replace(string, string?)' has a method overload that takes a 'StringComparison' parameter. Replace this call in 'HazinaAgentConfigParser.EscapeMultiline(string)' with a call to 'string.Replace(string, string?, System.StringComparison)' for clarity of intent. (https://learn.microsoft.com/dotnet/fundamentals/code-analysis/quality-rules/ca1307) [C:\Projects\Hazina\src\Core\Agents\Hazina.AgentFactory\Hazina.AgentFactory.csproj::TargetFramework=net8.0]
C:\Projects\Hazina\src\Core\Agents\Hazina.AgentFactory\Core\AgentManager.cs(182,55): warning CA1862: Prefer using 'string.Equals(string, StringComparison)' to perform a case-insensitive comparison, but keep in mind that this might cause subtle changes in behavior, so make sure to conduct thorough testing after applying the suggestion, or if culturally sensitive comparison is not required, consider using 'StringComparison.OrdinalIgnoreCase' (https://learn.microsoft.com/dotnet/fundamentals/code-analysis/quality-rules/ca1862) [C:\Projects\Hazina\src\Core\Agents\Hazina.AgentFactory\Hazina.AgentFactory.csproj::TargetFramework=net8.0]
C:\Projects\Hazina\src\Core\Agents\Hazina.AgentFactory\Configuration\Parsers\HazinaAgentConfigParser.cs(93,68): warning CA1307: 'string.Replace(string, string?)' has a method overload that takes a 'StringComparison' parameter. Replace this call in 'HazinaAgentConfigParser.UnescapeMultiline(string)' with a call to 'string.Replace(string, string?, System.StringComparison)' for clarity of intent. (https://learn.microsoft.com/dotnet/fundamentals/code-analysis/quality-rules/ca1307) [C:\Projects\Hazina\src\Core\Agents\Hazina.AgentFactory\Hazina.AgentFactory.csproj::TargetFramework=net8.0]
C:\Projects\Hazina\src\Core\Agents\Hazina.AgentFactory\Core\AgentManager.cs(182,55): warning CA1304: The behavior of 'string.ToLower()' could vary based on the current user's locale settings. Replace this call in 'AgentManager.AddHistory(string)' with a call to 'string.ToLower(CultureInfo)'. (https://learn.microsoft.com/dotnet/fundamentals/code-analysis/quality-rules/ca1304) [C:\Projects\Hazina\src\Core\Agents\Hazina.AgentFactory\Hazina.AgentFactory.csproj::TargetFramework=net8.0]
C:\Projects\Hazina\src\Core\Agents\Hazina.AgentFactory\Core\AgentManager.cs(185,26): warning CA1305: The behavior of 'DateTime.ToString(string)' could vary based on the current user's locale settings. Replace this call in 'AgentManager.AddHistory(string)' with a call to 'DateTime.ToString(string, IFormatProvider)'. (https://learn.microsoft.com/dotnet/fundamentals/code-analysis/quality-rules/ca1305) [C:\Projects\Hazina\src\Core\Agents\Hazina.AgentFactory\Hazina.AgentFactory.csproj::TargetFramework=net8.0]
C:\Projects\Hazina\src\Core\Agents\Hazina.AgentFactory\Core\AgentManager.cs(186,13): warning MA0004: Use Task.ConfigureAwait(false) if the current SynchronizationContext is not needed (https://github.com/meziantou/Meziantou.Analyzer/blob/main/docs/Rules/MA0004.md) [C:\Projects\Hazina\src\Core\Agents\Hazina.AgentFactory\Hazina.AgentFactory.csproj::TargetFramework=net8.0]
C:\Projects\Hazina\src\Core\Agents\Hazina.AgentFactory\Core\AgentManager.cs(182,55): warning MA0011: Use an overload of 'ToLower' that has a 'System.Globalization.CultureInfo' parameter (https://github.com/meziantou/Meziantou.Analyzer/blob/main/docs/Rules/MA0011.md) [C:\Projects\Hazina\src\Core\Agents\Hazina.AgentFactory\Hazina.AgentFactory.csproj::TargetFramework=net8.0]
C:\Projects\Hazina\src\Core\Agents\Hazina.AgentFactory\Core\AgentManager.cs(185,26): warning MA0011: Use an overload of 'ToString' that has a 'System.IFormatProvider' parameter (https://github.com/meziantou/Meziantou.Analyzer/blob/main/docs/Rules/MA0011.md) [C:\Projects\Hazina\src\Core\Agents\Hazina.AgentFactory\Hazina.AgentFactory.csproj::TargetFramework=net8.0]
C:\Projects\Hazina\src\Core\Agents\Hazina.AgentFactory\Services\Execution\AgentExecutionService.cs(157,27): warning MA0004: Use Task.ConfigureAwait(false) if the current SynchronizationContext is not needed (https://github.com/meziantou/Meziantou.Analyzer/blob/main/docs/Rules/MA0004.md) [C:\Projects\Hazina\src\Core\Agents\Hazina.AgentFactory\Hazina.AgentFactory.csproj::TargetFramework=net8.0]
C:\Projects\Hazina\src\Core\Agents\Hazina.AgentFactory\Configuration\Validation\AgentConfigValidator.cs(179,37): warning S3267: Loops should be simplified using the "Where" LINQ method (https://rules.sonarsource.com/csharp/RSPEC-3267) [C:\Projects\Hazina\src\Core\Agents\Hazina.AgentFactory\Hazina.AgentFactory.csproj::TargetFramework=net8.0]
C:\Projects\Hazina\src\Core\Agents\Hazina.AgentFactory\Configuration\Parsers\HazinaAgentConfigParser.cs(108,37): warning CA1002: Change 'List<AgentConfig>' in 'HazinaAgentConfigParser.LoadFromFile(string)' to use 'Collection<T>', 'ReadOnlyCollection<T>' or 'KeyedCollection<K,V>' (https://learn.microsoft.com/dotnet/fundamentals/code-analysis/quality-rules/ca1002) [C:\Projects\Hazina\src\Core\Agents\Hazina.AgentFactory\Hazina.AgentFactory.csproj::TargetFramework=net8.0]
C:\Projects\Hazina\src\Core\Agents\Hazina.AgentFactory\Configuration\Parsers\HazinaAgentConfigParser.cs(108,19): warning MA0016: Prefer using collection abstraction instead of implementation (https://github.com/meziantou/Meziantou.Analyzer/blob/main/docs/Rules/MA0016.md) [C:\Projects\Hazina\src\Core\Agents\Hazina.AgentFactory\Hazina.AgentFactory.csproj::TargetFramework=net8.0]
C:\Projects\Hazina\src\Core\Agents\Hazina.AgentFactory\Configuration\Validation\AgentConfigValidator.cs(148,13): warning SA1503: Braces should not be omitted (https://github.com/DotNetAnalyzers/StyleCopAnalyzers/blob/master/documentation/SA1503.md) [C:\Projects\Hazina\src\Core\Agents\Hazina.AgentFactory\Hazina.AgentFactory.csproj::TargetFramework=net8.0]
C:\Projects\Hazina\src\Core\Agents\Hazina.AgentFactory\Core\StoresAndAgentsAndFlowLoader.cs(106,62): warning S6605: Collection-specific "Exists" method should be used instead of the "Any" extension. (https://rules.sonarsource.com/csharp/RSPEC-6605) [C:\Projects\Hazina\src\Core\Agents\Hazina.AgentFactory\Hazina.AgentFactory.csproj::TargetFramework=net8.0]
C:\Projects\Hazina\src\Core\Agents\Hazina.AgentFactory\Core\StoresAndAgentsAndFlowLoader.cs(112,59): warning S6605: Collection-specific "Exists" method should be used instead of the "Any" extension. (https://rules.sonarsource.com/csharp/RSPEC-6605) [C:\Projects\Hazina\src\Core\Agents\Hazina.AgentFactory\Hazina.AgentFactory.csproj::TargetFramework=net8.0]
C:\Projects\Hazina\src\Core\Agents\Hazina.AgentFactory\Configuration\Validation\AgentConfigValidator.cs(147,44): warning CA1860: Prefer comparing 'Count' to 0 rather than using 'Any()', both for clarity and for performance (https://learn.microsoft.com/dotnet/fundamentals/code-analysis/quality-rules/ca1860) [C:\Projects\Hazina\src\Core\Agents\Hazina.AgentFactory\Hazina.AgentFactory.csproj::TargetFramework=net8.0]
C:\Projects\Hazina\src\Core\Agents\Hazina.AgentFactory\Core\AgentManager.cs(182,55): warning MA0006: Use string.Equals instead of Equals operator (https://github.com/meziantou/Meziantou.Analyzer/blob/main/docs/Rules/MA0006.md) [C:\Projects\Hazina\src\Core\Agents\Hazina.AgentFactory\Hazina.AgentFactory.csproj::TargetFramework=net8.0]
C:\Projects\Hazina\src\Core\Agents\Hazina.AgentFactory\Configuration\Validation\StoreConfigValidator.cs(194,32): warning CA1860: Prefer comparing 'Count' to 0 rather than using 'Any()', both for clarity and for performance (https://learn.microsoft.com/dotnet/fundamentals/code-analysis/quality-rules/ca1860) [C:\Projects\Hazina\src\Core\Agents\Hazina.AgentFactory\Hazina.AgentFactory.csproj::TargetFramework=net8.0]
C:\Projects\Hazina\src\Core\Agents\Hazina.AgentFactory\Configuration\Validation\AgentConfigValidator.cs(151,26): warning MA0002: Use an overload that has a IEqualityComparer<string> or IComparer<string> parameter (https://github.com/meziantou/Meziantou.Analyzer/blob/main/docs/Rules/MA0002.md) [C:\Projects\Hazina\src\Core\Agents\Hazina.AgentFactory\Hazina.AgentFactory.csproj::TargetFramework=net8.0]
C:\Projects\Hazina\src\Core\Agents\Hazina.AgentFactory\Core\AgentFactory.cs(224,34): warning SA1503: Braces should not be omitted (https://github.com/DotNetAnalyzers/StyleCopAnalyzers/blob/master/documentation/SA1503.md) [C:\Projects\Hazina\src\Core\Agents\Hazina.AgentFactory\Hazina.AgentFactory.csproj::TargetFramework=net8.0]
C:\Projects\Hazina\src\Core\Agents\Hazina.AgentFactory\Configuration\Parsers\HazinaAgentConfigParser.cs(118,19): warning S112: 'System.Exception' should not be thrown by user code. (https://rules.sonarsource.com/csharp/RSPEC-112) [C:\Projects\Hazina\src\Core\Agents\Hazina.AgentFactory\Hazina.AgentFactory.csproj::TargetFramework=net8.0]
C:\Projects\Hazina\src\Core\Agents\Hazina.AgentFactory\Configuration\Parsers\HazinaAgentConfigParser.cs(110,33): warning SA1503: Braces should not be omitted (https://github.com/DotNetAnalyzers/StyleCopAnalyzers/blob/master/documentation/SA1503.md) [C:\Projects\Hazina\src\Core\Agents\Hazina.AgentFactory\Hazina.AgentFactory.csproj::TargetFramework=net8.0]
C:\Projects\Hazina\src\Core\Agents\Hazina.AgentFactory\Core\AgentFactory.cs(219,5): warning SA1124: Do not use regions (https://github.com/DotNetAnalyzers/StyleCopAnalyzers/blob/master/documentation/SA1124.md) [C:\Projects\Hazina\src\Core\Agents\Hazina.AgentFactory\Hazina.AgentFactory.csproj::TargetFramework=net8.0]
C:\Projects\Hazina\src\Core\Agents\Hazina.AgentFactory\Core\AgentManager.cs(134,31): warning CA1303: Method 'Task AgentManager.InteractiveUserLoop(string agentName = null)' passes a literal string as parameter 'value' of a call to 'void Console.WriteLine(string? value)'. Retrieve the following string(s) from a resource table instead: "Geef een instructie (of 'exit' om te stoppen):". (https://learn.microsoft.com/dotnet/fundamentals/code-analysis/quality-rules/ca1303) [C:\Projects\Hazina\src\Core\Agents\Hazina.AgentFactory\Hazina.AgentFactory.csproj::TargetFramework=net8.0]
C:\Projects\Hazina\src\Core\Agents\Hazina.AgentFactory\Configuration\Validation\StoreConfigValidator.cs(201,30): warning MA0002: Use an overload that has a IEqualityComparer<string> or IComparer<string> parameter (https://github.com/meziantou/Meziantou.Analyzer/blob/main/docs/Rules/MA0002.md) [C:\Projects\Hazina\src\Core\Agents\Hazina.AgentFactory\Hazina.AgentFactory.csproj::TargetFramework=net8.0]
C:\Projects\Hazina\src\Core\Agents\Hazina.AgentFactory\Configuration\Parsers\HazinaAgentConfigParser.cs(118,19): warning CA2201: Exception type System.Exception is not sufficiently specific (https://learn.microsoft.com/dotnet/fundamentals/code-analysis/quality-rules/ca2201) [C:\Projects\Hazina\src\Core\Agents\Hazina.AgentFactory\Hazina.AgentFactory.csproj::TargetFramework=net8.0]
C:\Projects\Hazina\src\Core\Agents\Hazina.AgentFactory\Configuration\Validation\AgentConfigValidator.cs(165,13): warning SA1503: Braces should not be omitted (https://github.com/DotNetAnalyzers/StyleCopAnalyzers/blob/master/documentation/SA1503.md) [C:\Projects\Hazina\src\Core\Agents\Hazina.AgentFactory\Hazina.AgentFactory.csproj::TargetFramework=net8.0]
C:\Projects\Hazina\src\Core\Agents\Hazina.AgentFactory\Core\AgentFactory.cs(231,22): warning CA1849: 'QuickAgentCreator.CreateStore(StorePaths, string)' synchronously blocks. Await 'QuickAgentCreator.CreateStoreAsync(StorePaths, string)' instead. (https://learn.microsoft.com/dotnet/fundamentals/code-analysis/quality-rules/ca1849) [C:\Projects\Hazina\src\Core\Agents\Hazina.AgentFactory\Hazina.AgentFactory.csproj::TargetFramework=net8.0]
C:\Projects\Hazina\src\Core\Agents\Hazina.AgentFactory\Core\AgentFactory.cs(232,9): warning MA0004: Use Task.ConfigureAwait(false) if the current SynchronizationContext is not needed (https://github.com/meziantou/Meziantou.Analyzer/blob/main/docs/Rules/MA0004.md) [C:\Projects\Hazina\src\Core\Agents\Hazina.AgentFactory\Hazina.AgentFactory.csproj::TargetFramework=net8.0]
C:\Projects\Hazina\src\Core\Agents\Hazina.AgentFactory\Core\AgentFactory.cs(234,21): warning MA0004: Use Task.ConfigureAwait(false) if the current SynchronizationContext is not needed (https://github.com/meziantou/Meziantou.Analyzer/blob/main/docs/Rules/MA0004.md) [C:\Projects\Hazina\src\Core\Agents\Hazina.AgentFactory\Hazina.AgentFactory.csproj::TargetFramework=net8.0]
C:\Projects\Hazina\src\Core\Agents\Hazina.AgentFactory\Core\AgentFactory.cs(247,35): warning MA0004: Use Task.ConfigureAwait(false) if the current SynchronizationContext is not needed (https://github.com/meziantou/Meziantou.Analyzer/blob/main/docs/Rules/MA0004.md) [C:\Projects\Hazina\src\Core\Agents\Hazina.AgentFactory\Hazina.AgentFactory.csproj::TargetFramework=net8.0]
C:\Projects\Hazina\src\Core\Agents\Hazina.AgentFactory\Core\AgentFactory.cs(257,31): warning MA0004: Use Task.ConfigureAwait(false) if the current SynchronizationContext is not needed (https://github.com/meziantou/Meziantou.Analyzer/blob/main/docs/Rules/MA0004.md) [C:\Projects\Hazina\src\Core\Agents\Hazina.AgentFactory\Hazina.AgentFactory.csproj::TargetFramework=net8.0]
C:\Projects\Hazina\src\Core\Agents\Hazina.AgentFactory\Configuration\Parsers\HazinaStoreConfigParserV2.cs(168,19): warning S2325: Make 'Serialize' a static method. (https://rules.sonarsource.com/csharp/RSPEC-2325) [C:\Projects\Hazina\src\Core\Agents\Hazina.AgentFactory\Hazina.AgentFactory.csproj::TargetFramework=net8.0]
C:\Projects\Hazina\src\Core\Agents\Hazina.AgentFactory\Core\StoresAndAgentsAndFlowLoader.cs(119,17): warning S2325: Make 'MatchPattern' a static method. (https://rules.sonarsource.com/csharp/RSPEC-2325) [C:\Projects\Hazina\src\Core\Agents\Hazina.AgentFactory\Hazina.AgentFactory.csproj::TargetFramework=net8.0]
C:\Projects\Hazina\src\Core\Agents\Hazina.AgentFactory\Core\AgentFactory.cs(289,34): warning S6602: "Find" method should be used instead of the "FirstOrDefault" extension method. (https://rules.sonarsource.com/csharp/RSPEC-6602) [C:\Projects\Hazina\src\Core\Agents\Hazina.AgentFactory\Hazina.AgentFactory.csproj::TargetFramework=net8.0]
C:\Projects\Hazina\src\Core\Agents\Hazina.AgentFactory\Core\StoresAndAgentsAndFlowLoader.cs(53,25): warning S6966: Await CreateStoreAsync instead. (https://rules.sonarsource.com/csharp/RSPEC-6966) [C:\Projects\Hazina\src\Core\Agents\Hazina.AgentFactory\Hazina.AgentFactory.csproj::TargetFramework=net8.0]
C:\Projects\Hazina\src\Core\Agents\Hazina.AgentFactory\Services\Tools\ToolRegistrationService.cs(129,36): warning S6602: "Find" method should be used instead of the "FirstOrDefault" extension method. (https://rules.sonarsource.com/csharp/RSPEC-6602) [C:\Projects\Hazina\src\Core\Agents\Hazina.AgentFactory\Hazina.AgentFactory.csproj::TargetFramework=net8.0]
C:\Projects\Hazina\src\Core\Agents\Hazina.AgentFactory\Configuration\Parsers\HazinaAgentConfigParser.cs(100,47): warning SA1503: Braces should not be omitted (https://github.com/DotNetAnalyzers/StyleCopAnalyzers/blob/master/documentation/SA1503.md) [C:\Projects\Hazina\src\Core\Agents\Hazina.AgentFactory\Hazina.AgentFactory.csproj::TargetFramework=net8.0]
C:\Projects\Hazina\src\Core\Agents\Hazina.AgentFactory\Configuration\Parsers\HazinaAgentConfigParser.cs(103,13): warning SA1503: Braces should not be omitted (https://github.com/DotNetAnalyzers/StyleCopAnalyzers/blob/master/documentation/SA1503.md) [C:\Projects\Hazina\src\Core\Agents\Hazina.AgentFactory\Hazina.AgentFactory.csproj::TargetFramework=net8.0]
C:\Projects\Hazina\src\Core\Agents\Hazina.AgentFactory\Configuration\Parsers\HazinaAgentConfigParser.cs(131,19): warning S112: 'System.Exception' should not be thrown by user code. (https://rules.sonarsource.com/csharp/RSPEC-112) [C:\Projects\Hazina\src\Core\Agents\Hazina.AgentFactory\Hazina.AgentFactory.csproj::TargetFramework=net8.0]
C:\Projects\Hazina\src\Core\Agents\Hazina.AgentFactory\Configuration\Parsers\HazinaAgentConfigParser.cs(131,19): warning CA2201: Exception type System.Exception is not sufficiently specific (https://learn.microsoft.com/dotnet/fundamentals/code-analysis/quality-rules/ca2201) [C:\Projects\Hazina\src\Core\Agents\Hazina.AgentFactory\Hazina.AgentFactory.csproj::TargetFramework=net8.0]
C:\Projects\Hazina\src\Core\Agents\Hazina.AgentFactory\Core\AgentFactory.cs(231,22): warning S6966: Await CreateStoreAsync instead. (https://rules.sonarsource.com/csharp/RSPEC-6966) [C:\Projects\Hazina\src\Core\Agents\Hazina.AgentFactory\Hazina.AgentFactory.csproj::TargetFramework=net8.0]
C:\Projects\Hazina\src\Core\Agents\Hazina.AgentFactory\Configuration\Validation\AgentConfigValidator.cs(192,27): warning CA1002: Change 'List<AgentConfig>' in 'AgentConfigValidator.ValidateAll(List<AgentConfig>, [List<string>], [List<string>])' to use 'Collection<T>', 'ReadOnlyCollection<T>' or 'KeyedCollection<K,V>' (https://learn.microsoft.com/dotnet/fundamentals/code-analysis/quality-rules/ca1002) [C:\Projects\Hazina\src\Core\Agents\Hazina.AgentFactory\Hazina.AgentFactory.csproj::TargetFramework=net8.0]
C:\Projects\Hazina\src\Core\Agents\Hazina.AgentFactory\Configuration\Validation\AgentConfigValidator.cs(193,23): warning CA1002: Change 'List<string>' in 'AgentConfigValidator.ValidateAll(List<AgentConfig>, [List<string>], [List<string>])' to use 'Collection<T>', 'ReadOnlyCollection<T>' or 'KeyedCollection<K,V>' (https://learn.microsoft.com/dotnet/fundamentals/code-analysis/quality-rules/ca1002) [C:\Projects\Hazina\src\Core\Agents\Hazina.AgentFactory\Hazina.AgentFactory.csproj::TargetFramework=net8.0]
C:\Projects\Hazina\src\Core\Agents\Hazina.AgentFactory\Configuration\Validation\AgentConfigValidator.cs(194,23): warning CA1002: Change 'List<string>' in 'AgentConfigValidator.ValidateAll(List<AgentConfig>, [List<string>], [List<string>])' to use 'Collection<T>', 'ReadOnlyCollection<T>' or 'KeyedCollection<K,V>' (https://learn.microsoft.com/dotnet/fundamentals/code-analysis/quality-rules/ca1002) [C:\Projects\Hazina\src\Core\Agents\Hazina.AgentFactory\Hazina.AgentFactory.csproj::TargetFramework=net8.0]
C:\Projects\Hazina\src\Core\Agents\Hazina.AgentFactory\Configuration\Validation\AgentConfigValidator.cs(192,9): warning MA0016: Prefer using collection abstraction instead of implementation (https://github.com/meziantou/Meziantou.Analyzer/blob/main/docs/Rules/MA0016.md) [C:\Projects\Hazina\src\Core\Agents\Hazina.AgentFactory\Hazina.AgentFactory.csproj::TargetFramework=net8.0]
C:\Projects\Hazina\src\Core\Agents\Hazina.AgentFactory\Configuration\Validation\AgentConfigValidator.cs(193,9): warning MA0016: Prefer using collection abstraction instead of implementation (https://github.com/meziantou/Meziantou.Analyzer/blob/main/docs/Rules/MA0016.md) [C:\Projects\Hazina\src\Core\Agents\Hazina.AgentFactory\Hazina.AgentFactory.csproj::TargetFramework=net8.0]
C:\Projects\Hazina\src\Core\Agents\Hazina.AgentFactory\Configuration\Validation\AgentConfigValidator.cs(194,9): warning MA0016: Prefer using collection abstraction instead of implementation (https://github.com/meziantou/Meziantou.Analyzer/blob/main/docs/Rules/MA0016.md) [C:\Projects\Hazina\src\Core\Agents\Hazina.AgentFactory\Hazina.AgentFactory.csproj::TargetFramework=net8.0]
C:\Projects\Hazina\src\Core\Agents\Hazina.AgentFactory\Configuration\Parsers\HazinaStoreConfigParserV2.cs(184,17): warning SA1503: Braces should not be omitted (https://github.com/DotNetAnalyzers/StyleCopAnalyzers/blob/master/documentation/SA1503.md) [C:\Projects\Hazina\src\Core\Agents\Hazina.AgentFactory\Hazina.AgentFactory.csproj::TargetFramework=net8.0]
C:\Projects\Hazina\src\Core\Agents\Hazina.AgentFactory\Configuration\Parsers\HazinaStoreConfigParserV2.cs(187,17): warning SA1503: Braces should not be omitted (https://github.com/DotNetAnalyzers/StyleCopAnalyzers/blob/master/documentation/SA1503.md) [C:\Projects\Hazina\src\Core\Agents\Hazina.AgentFactory\Hazina.AgentFactory.csproj::TargetFramework=net8.0]
C:\Projects\Hazina\src\Core\Agents\Hazina.AgentFactory\Configuration\Parsers\HazinaAgentConfigParser.cs(144,19): warning S112: 'System.Exception' should not be thrown by user code. (https://rules.sonarsource.com/csharp/RSPEC-112) [C:\Projects\Hazina\src\Core\Agents\Hazina.AgentFactory\Hazina.AgentFactory.csproj::TargetFramework=net8.0]
C:\Projects\Hazina\src\Core\Agents\Hazina.AgentFactory\Configuration\Parsers\HazinaAgentConfigParser.cs(144,19): warning CA2201: Exception type System.Exception is not sufficiently specific (https://learn.microsoft.com/dotnet/fundamentals/code-analysis/quality-rules/ca2201) [C:\Projects\Hazina\src\Core\Agents\Hazina.AgentFactory\Hazina.AgentFactory.csproj::TargetFramework=net8.0]
C:\Projects\Hazina\src\Core\Agents\Hazina.AgentFactory\Core\StoresAndAgentsAndFlowLoader.cs(94,35): warning SA1122: Use string.Empty for empty strings (https://github.com/DotNetAnalyzers/StyleCopAnalyzers/blob/master/documentation/SA1122.md) [C:\Projects\Hazina\src\Core\Agents\Hazina.AgentFactory\Hazina.AgentFactory.csproj::TargetFramework=net8.0]
C:\Projects\Hazina\src\Core\Agents\Hazina.AgentFactory\Configuration\Parsers\HazinaStoreConfigParserV2.cs(186,52): warning CA1860: Prefer comparing 'Length' to 0 rather than using 'Any()', both for clarity and for performance (https://learn.microsoft.com/dotnet/fundamentals/code-analysis/quality-rules/ca1860) [C:\Projects\Hazina\src\Core\Agents\Hazina.AgentFactory\Hazina.AgentFactory.csproj::TargetFramework=net8.0]
C:\Projects\Hazina\src\Core\Agents\Hazina.AgentFactory\Configuration\Parsers\HazinaStoreConfigParserV2.cs(174,13): warning CA1305: The behavior of 'StringBuilder.AppendLine(ref StringBuilder.AppendInterpolatedStringHandler)' could vary based on the current user's locale settings. Replace this call in 'HazinaStoreConfigParserV2.Serialize(IEnumerable<StoreConfig>)' with a call to 'StringBuilder.AppendLine(IFormatProvider, ref StringBuilder.AppendInterpolatedStringHandler)'. (https://learn.microsoft.com/dotnet/fundamentals/code-analysis/quality-rules/ca1305) [C:\Projects\Hazina\src\Core\Agents\Hazina.AgentFactory\Hazina.AgentFactory.csproj::TargetFramework=net8.0]
C:\Projects\Hazina\src\Core\Agents\Hazina.AgentFactory\Configuration\Parsers\HazinaStoreConfigParserV2.cs(175,13): warning CA1305: The behavior of 'StringBuilder.AppendLine(ref StringBuilder.AppendInterpolatedStringHandler)' could vary based on the current user's locale settings. Replace this call in 'HazinaStoreConfigParserV2.Serialize(IEnumerable<StoreConfig>)' with a call to 'StringBuilder.AppendLine(IFormatProvider, ref StringBuilder.AppendInterpolatedStringHandler)'. (https://learn.microsoft.com/dotnet/fundamentals/code-analysis/quality-rules/ca1305) [C:\Projects\Hazina\src\Core\Agents\Hazina.AgentFactory\Hazina.AgentFactory.csproj::TargetFramework=net8.0]
C:\Projects\Hazina\src\Core\Agents\Hazina.AgentFactory\Configuration\Parsers\HazinaStoreConfigParserV2.cs(176,13): warning CA1305: The behavior of 'StringBuilder.AppendLine(ref StringBuilder.AppendInterpolatedStringHandler)' could vary based on the current user's locale settings. Replace this call in 'HazinaStoreConfigParserV2.Serialize(IEnumerable<StoreConfig>)' with a call to 'StringBuilder.AppendLine(IFormatProvider, ref StringBuilder.AppendInterpolatedStringHandler)'. (https://learn.microsoft.com/dotnet/fundamentals/code-analysis/quality-rules/ca1305) [C:\Projects\Hazina\src\Core\Agents\Hazina.AgentFactory\Hazina.AgentFactory.csproj::TargetFramework=net8.0]
C:\Projects\Hazina\src\Core\Agents\Hazina.AgentFactory\Configuration\Parsers\HazinaStoreConfigParserV2.cs(177,13): warning CA1305: The behavior of 'StringBuilder.AppendLine(ref StringBuilder.AppendInterpolatedStringHandler)' could vary based on the current user's locale settings. Replace this call in 'HazinaStoreConfigParserV2.Serialize(IEnumerable<StoreConfig>)' with a call to 'StringBuilder.AppendLine(IFormatProvider, ref StringBuilder.AppendInterpolatedStringHandler)'. (https://learn.microsoft.com/dotnet/fundamentals/code-analysis/quality-rules/ca1305) [C:\Projects\Hazina\src\Core\Agents\Hazina.AgentFactory\Hazina.AgentFactory.csproj::TargetFramework=net8.0]
C:\Projects\Hazina\src\Core\Agents\Hazina.AgentFactory\Configuration\Parsers\HazinaStoreConfigParserV2.cs(178,13): warning CA1305: The behavior of 'StringBuilder.AppendLine(ref StringBuilder.AppendInterpolatedStringHandler)' could vary based on the current user's locale settings. Replace this call in 'HazinaStoreConfigParserV2.Serialize(IEnumerable<StoreConfig>)' with a call to 'StringBuilder.AppendLine(IFormatProvider, ref StringBuilder.AppendInterpolatedStringHandler)'. (https://learn.microsoft.com/dotnet/fundamentals/code-analysis/quality-rules/ca1305) [C:\Projects\Hazina\src\Core\Agents\Hazina.AgentFactory\Hazina.AgentFactory.csproj::TargetFramework=net8.0]
C:\Projects\Hazina\src\Core\Agents\Hazina.AgentFactory\Configuration\Parsers\HazinaStoreConfigParserV2.cs(179,13): warning CA1305: The behavior of 'StringBuilder.AppendLine(ref StringBuilder.AppendInterpolatedStringHandler)' could vary based on the current user's locale settings. Replace this call in 'HazinaStoreConfigParserV2.Serialize(IEnumerable<StoreConfig>)' with a call to 'StringBuilder.AppendLine(IFormatProvider, ref StringBuilder.AppendInterpolatedStringHandler)'. (https://learn.microsoft.com/dotnet/fundamentals/code-analysis/quality-rules/ca1305) [C:\Projects\Hazina\src\Core\Agents\Hazina.AgentFactory\Hazina.AgentFactory.csproj::TargetFramework=net8.0]
C:\Projects\Hazina\src\Core\Agents\Hazina.AgentFactory\Configuration\Parsers\HazinaStoreConfigParserV2.cs(180,13): warning CA1305: The behavior of 'StringBuilder.AppendLine(ref StringBuilder.AppendInterpolatedStringHandler)' could vary based on the current user's locale settings. Replace this call in 'HazinaStoreConfigParserV2.Serialize(IEnumerable<StoreConfig>)' with a call to 'StringBuilder.AppendLine(IFormatProvider, ref StringBuilder.AppendInterpolatedStringHandler)'. (https://learn.microsoft.com/dotnet/fundamentals/code-analysis/quality-rules/ca1305) [C:\Projects\Hazina\src\Core\Agents\Hazina.AgentFactory\Hazina.AgentFactory.csproj::TargetFramework=net8.0]
C:\Projects\Hazina\src\Core\Agents\Hazina.AgentFactory\Configuration\Parsers\HazinaStoreConfigParserV2.cs(181,13): warning CA1305: The behavior of 'StringBuilder.AppendLine(ref StringBuilder.AppendInterpolatedStringHandler)' could vary based on the current user's locale settings. Replace this call in 'HazinaStoreConfigParserV2.Serialize(IEnumerable<StoreConfig>)' with a call to 'StringBuilder.AppendLine(IFormatProvider, ref StringBuilder.AppendInterpolatedStringHandler)'. (https://learn.microsoft.com/dotnet/fundamentals/code-analysis/quality-rules/ca1305) [C:\Projects\Hazina\src\Core\Agents\Hazina.AgentFactory\Hazina.AgentFactory.csproj::TargetFramework=net8.0]
C:\Projects\Hazina\src\Core\Agents\Hazina.AgentFactory\Configuration\Parsers\HazinaStoreConfigParserV2.cs(184,17): warning CA1305: The behavior of 'StringBuilder.AppendLine(ref StringBuilder.AppendInterpolatedStringHandler)' could vary based on the current user's locale settings. Replace this call in 'HazinaStoreConfigParserV2.Serialize(IEnumerable<StoreConfig>)' with a call to 'StringBuilder.AppendLine(IFormatProvider, ref StringBuilder.AppendInterpolatedStringHandler)'. (https://learn.microsoft.com/dotnet/fundamentals/code-analysis/quality-rules/ca1305) [C:\Projects\Hazina\src\Core\Agents\Hazina.AgentFactory\Hazina.AgentFactory.csproj::TargetFramework=net8.0]
C:\Projects\Hazina\src\Core\Agents\Hazina.AgentFactory\Configuration\Parsers\HazinaStoreConfigParserV2.cs(187,17): warning CA1305: The behavior of 'StringBuilder.AppendLine(ref StringBuilder.AppendInterpolatedStringHandler)' could vary based on the current user's locale settings. Replace this call in 'HazinaStoreConfigParserV2.Serialize(IEnumerable<StoreConfig>)' with a call to 'StringBuilder.AppendLine(IFormatProvider, ref StringBuilder.AppendInterpolatedStringHandler)'. (https://learn.microsoft.com/dotnet/fundamentals/code-analysis/quality-rules/ca1305) [C:\Projects\Hazina\src\Core\Agents\Hazina.AgentFactory\Hazina.AgentFactory.csproj::TargetFramework=net8.0]
C:\Projects\Hazina\src\Core\Agents\Hazina.AgentFactory\Configuration\Parsers\HazinaStoreConfigParserV2.cs(189,13): warning CA1305: The behavior of 'StringBuilder.AppendLine(ref StringBuilder.AppendInterpolatedStringHandler)' could vary based on the current user's locale settings. Replace this call in 'HazinaStoreConfigParserV2.Serialize(IEnumerable<StoreConfig>)' with a call to 'StringBuilder.AppendLine(IFormatProvider, ref StringBuilder.AppendInterpolatedStringHandler)'. (https://learn.microsoft.com/dotnet/fundamentals/code-analysis/quality-rules/ca1305) [C:\Projects\Hazina\src\Core\Agents\Hazina.AgentFactory\Hazina.AgentFactory.csproj::TargetFramework=net8.0]
C:\Projects\Hazina\src\Core\Agents\Hazina.AgentFactory\Configuration\Parsers\HazinaStoreConfigParserV2.cs(190,13): warning CA1305: The behavior of 'StringBuilder.AppendLine(ref StringBuilder.AppendInterpolatedStringHandler)' could vary based on the current user's locale settings. Replace this call in 'HazinaStoreConfigParserV2.Serialize(IEnumerable<StoreConfig>)' with a call to 'StringBuilder.AppendLine(IFormatProvider, ref StringBuilder.AppendInterpolatedStringHandler)'. (https://learn.microsoft.com/dotnet/fundamentals/code-analysis/quality-rules/ca1305) [C:\Projects\Hazina\src\Core\Agents\Hazina.AgentFactory\Hazina.AgentFactory.csproj::TargetFramework=net8.0]
C:\Projects\Hazina\src\Core\Agents\Hazina.AgentFactory\Core\StoresAndAgentsAndFlowLoader.cs(94,19): warning CA1820: Test for empty strings using 'string.Length' property or 'string.IsNullOrEmpty' method instead of an Equality check (https://learn.microsoft.com/dotnet/fundamentals/code-analysis/quality-rules/ca1820) [C:\Projects\Hazina\src\Core\Agents\Hazina.AgentFactory\Hazina.AgentFactory.csproj::TargetFramework=net8.0]
C:\Projects\Hazina\src\Core\Agents\Hazina.AgentFactory\Core\StoresAndAgentsAndFlowLoader.cs(114,17): warning MA0004: Use Task.ConfigureAwait(false) if the current SynchronizationContext is not needed (https://github.com/meziantou/Meziantou.Analyzer/blob/main/docs/Rules/MA0004.md) [C:\Projects\Hazina\src\Core\Agents\Hazina.AgentFactory\Hazina.AgentFactory.csproj::TargetFramework=net8.0]
C:\Projects\Hazina\src\Core\Agents\Hazina.AgentFactory\Services\Email\EmailService.cs(89,13): warning SA1503: Braces should not be omitted (https://github.com/DotNetAnalyzers/StyleCopAnalyzers/blob/master/documentation/SA1503.md) [C:\Projects\Hazina\src\Core\Agents\Hazina.AgentFactory\Hazina.AgentFactory.csproj::TargetFramework=net8.0]
C:\Projects\Hazina\src\Core\Agents\Hazina.AgentFactory\Configuration\Parsers\HazinaStoreConfigParserV2.cs(184,17): warning MA0011: Use an overload of 'AppendLine' that has a 'System.IFormatProvider' parameter (https://github.com/meziantou/Meziantou.Analyzer/blob/main/docs/Rules/MA0011.md) [C:\Projects\Hazina\src\Core\Agents\Hazina.AgentFactory\Hazina.AgentFactory.csproj::TargetFramework=net8.0]
C:\Projects\Hazina\src\Core\Agents\Hazina.AgentFactory\Configuration\Parsers\HazinaStoreConfigParserV2.cs(190,13): warning MA0011: Use an overload of 'AppendLine' that has a 'System.IFormatProvider' parameter (https://github.com/meziantou/Meziantou.Analyzer/blob/main/docs/Rules/MA0011.md) [C:\Projects\Hazina\src\Core\Agents\Hazina.AgentFactory\Hazina.AgentFactory.csproj::TargetFramework=net8.0]
C:\Projects\Hazina\src\Core\Agents\Hazina.AgentFactory\Core\AgentFactory.cs(344,34): warning S6602: "Find" method should be used instead of the "FirstOrDefault" extension method. (https://rules.sonarsource.com/csharp/RSPEC-6602) [C:\Projects\Hazina\src\Core\Agents\Hazina.AgentFactory\Hazina.AgentFactory.csproj::TargetFramework=net8.0]
C:\Projects\Hazina\src\Core\Agents\Hazina.AgentFactory\Services\Email\EmailService.cs(115,17): warning SA1503: Braces should not be omitted (https://github.com/DotNetAnalyzers/StyleCopAnalyzers/blob/master/documentation/SA1503.md) [C:\Projects\Hazina\src\Core\Agents\Hazina.AgentFactory\Hazina.AgentFactory.csproj::TargetFramework=net8.0]
C:\Projects\Hazina\src\Core\Agents\Hazina.AgentFactory\Services\Email\EmailService.cs(82,9): warning MA0004: Use Task.ConfigureAwait(false) if the current SynchronizationContext is not needed (https://github.com/meziantou/Meziantou.Analyzer/blob/main/docs/Rules/MA0004.md) [C:\Projects\Hazina\src\Core\Agents\Hazina.AgentFactory\Hazina.AgentFactory.csproj::TargetFramework=net8.0]
C:\Projects\Hazina\src\Core\Agents\Hazina.AgentFactory\Core\AgentFactory.cs(290,32): warning SA1503: Braces should not be omitted (https://github.com/DotNetAnalyzers/StyleCopAnalyzers/blob/master/documentation/SA1503.md) [C:\Projects\Hazina\src\Core\Agents\Hazina.AgentFactory\Hazina.AgentFactory.csproj::TargetFramework=net8.0]
C:\Projects\Hazina\src\Core\Agents\Hazina.AgentFactory\Services\Email\EmailService.cs(83,9): warning MA0004: Use Task.ConfigureAwait(false) if the current SynchronizationContext is not needed (https://github.com/meziantou/Meziantou.Analyzer/blob/main/docs/Rules/MA0004.md) [C:\Projects\Hazina\src\Core\Agents\Hazina.AgentFactory\Hazina.AgentFactory.csproj::TargetFramework=net8.0]
C:\Projects\Hazina\src\Core\Agents\Hazina.AgentFactory\Services\Email\EmailService.cs(86,9): warning MA0004: Use Task.ConfigureAwait(false) if the current SynchronizationContext is not needed (https://github.com/meziantou/Meziantou.Analyzer/blob/main/docs/Rules/MA0004.md) [C:\Projects\Hazina\src\Core\Agents\Hazina.AgentFactory\Hazina.AgentFactory.csproj::TargetFramework=net8.0]
C:\Projects\Hazina\src\Core\Agents\Hazina.AgentFactory\Services\Email\EmailService.cs(91,23): warning MA0004: Use Task.ConfigureAwait(false) if the current SynchronizationContext is not needed (https://github.com/meziantou/Meziantou.Analyzer/blob/main/docs/Rules/MA0004.md) [C:\Projects\Hazina\src\Core\Agents\Hazina.AgentFactory\Hazina.AgentFactory.csproj::TargetFramework=net8.0]
C:\Projects\Hazina\src\Core\Agents\Hazina.AgentFactory\Core\AgentFactory.cs(287,98): warning SA1122: Use string.Empty for empty strings (https://github.com/DotNetAnalyzers/StyleCopAnalyzers/blob/master/documentation/SA1122.md) [C:\Projects\Hazina\src\Core\Agents\Hazina.AgentFactory\Hazina.AgentFactory.csproj::TargetFramework=net8.0]
C:\Projects\Hazina\src\Core\Agents\Hazina.AgentFactory\Services\Email\EmailService.cs(94,9): warning MA0004: Use Task.ConfigureAwait(false) if the current SynchronizationContext is not needed (https://github.com/meziantou/Meziantou.Analyzer/blob/main/docs/Rules/MA0004.md) [C:\Projects\Hazina\src\Core\Agents\Hazina.AgentFactory\Hazina.AgentFactory.csproj::TargetFramework=net8.0]
C:\Projects\Hazina\src\Core\Agents\Hazina.AgentFactory\Services\Email\EmailService.cs(107,9): warning MA0004: Use Task.ConfigureAwait(false) if the current SynchronizationContext is not needed (https://github.com/meziantou/Meziantou.Analyzer/blob/main/docs/Rules/MA0004.md) [C:\Projects\Hazina\src\Core\Agents\Hazina.AgentFactory\Hazina.AgentFactory.csproj::TargetFramework=net8.0]
C:\Projects\Hazina\src\Core\Agents\Hazina.AgentFactory\Services\Email\EmailService.cs(108,9): warning MA0004: Use Task.ConfigureAwait(false) if the current SynchronizationContext is not needed (https://github.com/meziantou/Meziantou.Analyzer/blob/main/docs/Rules/MA0004.md) [C:\Projects\Hazina\src\Core\Agents\Hazina.AgentFactory\Hazina.AgentFactory.csproj::TargetFramework=net8.0]
C:\Projects\Hazina\src\Core\Agents\Hazina.AgentFactory\Configuration\Parsers\HazinaStoreConfigParserV2.cs(215,9): warning CA1031: Modify 'LoadFromFile' to catch a more specific allowed exception type, or rethrow the exception (https://learn.microsoft.com/dotnet/fundamentals/code-analysis/quality-rules/ca1031) [C:\Projects\Hazina\src\Core\Agents\Hazina.AgentFactory\Hazina.AgentFactory.csproj::TargetFramework=net8.0]
C:\Projects\Hazina\src\Core\Agents\Hazina.AgentFactory\Services\Email\EmailService.cs(114,17): warning MA0004: Use Task.ConfigureAwait(false) if the current SynchronizationContext is not needed (https://github.com/meziantou/Meziantou.Analyzer/blob/main/docs/Rules/MA0004.md) [C:\Projects\Hazina\src\Core\Agents\Hazina.AgentFactory\Hazina.AgentFactory.csproj::TargetFramework=net8.0]
C:\Projects\Hazina\src\Core\Agents\Hazina.AgentFactory\Services\Email\EmailService.cs(122,9): warning MA0004: Use Task.ConfigureAwait(false) if the current SynchronizationContext is not needed (https://github.com/meziantou/Meziantou.Analyzer/blob/main/docs/Rules/MA0004.md) [C:\Projects\Hazina\src\Core\Agents\Hazina.AgentFactory\Hazina.AgentFactory.csproj::TargetFramework=net8.0]
C:\Projects\Hazina\src\Core\Agents\Hazina.AgentFactory\Services\Email\EmailService.cs(124,9): warning MA0004: Use Task.ConfigureAwait(false) if the current SynchronizationContext is not needed (https://github.com/meziantou/Meziantou.Analyzer/blob/main/docs/Rules/MA0004.md) [C:\Projects\Hazina\src\Core\Agents\Hazina.AgentFactory\Hazina.AgentFactory.csproj::TargetFramework=net8.0]
C:\Projects\Hazina\src\Core\Agents\Hazina.AgentFactory\Core\StoresAndAgentsAndFlowLoader.cs(121,21): warning S6610: "StartsWith" overloads that take a "char" should be used (https://rules.sonarsource.com/csharp/RSPEC-6610) [C:\Projects\Hazina\src\Core\Agents\Hazina.AgentFactory\Hazina.AgentFactory.csproj::TargetFramework=net8.0]
C:\Projects\Hazina\src\Core\Agents\Hazina.AgentFactory\Core\StoresAndAgentsAndFlowLoader.cs(122,13): warning SA1503: Braces should not be omitted (https://github.com/DotNetAnalyzers/StyleCopAnalyzers/blob/master/documentation/SA1503.md) [C:\Projects\Hazina\src\Core\Agents\Hazina.AgentFactory\Hazina.AgentFactory.csproj::TargetFramework=net8.0]
C:\Projects\Hazina\src\Core\Agents\Hazina.AgentFactory\Core\AgentFactory.cs(314,25): warning MA0004: Use Task.ConfigureAwait(false) if the current SynchronizationContext is not needed (https://github.com/meziantou/Meziantou.Analyzer/blob/main/docs/Rules/MA0004.md) [C:\Projects\Hazina\src\Core\Agents\Hazina.AgentFactory\Hazina.AgentFactory.csproj::TargetFramework=net8.0]
C:\Projects\Hazina\src\Core\Agents\Hazina.AgentFactory\Core\StoresAndAgentsAndFlowLoader.cs(121,31): warning CA1866: Use 'string.StartsWith(char)' instead of 'string.StartsWith(string)' when you have a string with a single char (https://learn.microsoft.com/dotnet/fundamentals/code-analysis/quality-rules/ca1866) [C:\Projects\Hazina\src\Core\Agents\Hazina.AgentFactory\Hazina.AgentFactory.csproj::TargetFramework=net8.0]
C:\Projects\Hazina\src\Core\Agents\Hazina.AgentFactory\Core\AgentFactory.cs(319,25): warning MA0004: Use Task.ConfigureAwait(false) if the current SynchronizationContext is not needed (https://github.com/meziantou/Meziantou.Analyzer/blob/main/docs/Rules/MA0004.md) [C:\Projects\Hazina\src\Core\Agents\Hazina.AgentFactory\Hazina.AgentFactory.csproj::TargetFramework=net8.0]
C:\Projects\Hazina\src\Core\Agents\Hazina.AgentFactory\Core\StoresAndAgentsAndFlowLoader.cs(121,13): warning CA1310: The behavior of 'string.StartsWith(string)' could vary based on the current user's locale settings. Replace this call in 'Hazina.AgentFactory.Core.StoresAndAgentsAndFlowLoader.MatchPattern(string, string)' with a call to 'string.StartsWith(string, System.StringComparison)'. (https://learn.microsoft.com/dotnet/fundamentals/code-analysis/quality-rules/ca1310) [C:\Projects\Hazina\src\Core\Agents\Hazina.AgentFactory\Hazina.AgentFactory.csproj::TargetFramework=net8.0]
C:\Projects\Hazina\src\Core\Agents\Hazina.AgentFactory\Core\AgentFactory.cs(287,27): warning MA0004: Use Task.ConfigureAwait(false) if the current SynchronizationContext is not needed (https://github.com/meziantou/Meziantou.Analyzer/blob/main/docs/Rules/MA0004.md) [C:\Projects\Hazina\src\Core\Agents\Hazina.AgentFactory\Hazina.AgentFactory.csproj::TargetFramework=net8.0]
C:\Projects\Hazina\src\Core\Agents\Hazina.AgentFactory\Core\StoresAndAgentsAndFlowLoader.cs(121,13): warning MA0074: Use an overload of 'StartsWith' that has a StringComparison parameter (https://github.com/meziantou/Meziantou.Analyzer/blob/main/docs/Rules/MA0074.md) [C:\Projects\Hazina\src\Core\Agents\Hazina.AgentFactory\Hazina.AgentFactory.csproj::TargetFramework=net8.0]
C:\Projects\Hazina\src\Core\Agents\Hazina.AgentFactory\Services\Email\EmailService.cs(52,9): warning MA0004: Use Task.ConfigureAwait(false) if the current SynchronizationContext is not needed (https://github.com/meziantou/Meziantou.Analyzer/blob/main/docs/Rules/MA0004.md) [C:\Projects\Hazina\src\Core\Agents\Hazina.AgentFactory\Hazina.AgentFactory.csproj::TargetFramework=net8.0]
C:\Projects\Hazina\src\Core\Agents\Hazina.AgentFactory\Services\Email\EmailService.cs(53,9): warning MA0004: Use Task.ConfigureAwait(false) if the current SynchronizationContext is not needed (https://github.com/meziantou/Meziantou.Analyzer/blob/main/docs/Rules/MA0004.md) [C:\Projects\Hazina\src\Core\Agents\Hazina.AgentFactory\Hazina.AgentFactory.csproj::TargetFramework=net8.0]
C:\Projects\Hazina\src\Core\Agents\Hazina.AgentFactory\Services\Email\EmailService.cs(56,9): warning MA0004: Use Task.ConfigureAwait(false) if the current SynchronizationContext is not needed (https://github.com/meziantou/Meziantou.Analyzer/blob/main/docs/Rules/MA0004.md) [C:\Projects\Hazina\src\Core\Agents\Hazina.AgentFactory\Hazina.AgentFactory.csproj::TargetFramework=net8.0]
C:\Projects\Hazina\src\Core\Agents\Hazina.AgentFactory\Core\StoresAndAgentsAndFlowLoader.cs(121,13): warning CA1062: In externally visible method 'bool StoresAndAgentsAndFlowLoader.MatchPattern(string text, string pattern)', validate parameter 'pattern' is non-null before using it. If appropriate, throw an 'ArgumentNullException' when the argument is 'null'. (https://learn.microsoft.com/dotnet/fundamentals/code-analysis/quality-rules/ca1062) [C:\Projects\Hazina\src\Core\Agents\Hazina.AgentFactory\Hazina.AgentFactory.csproj::TargetFramework=net8.0]
C:\Projects\Hazina\src\Core\Agents\Hazina.AgentFactory\Core\StoresAndAgentsAndFlowLoader.cs(122,20): warning CA1062: In externally visible method 'bool StoresAndAgentsAndFlowLoader.MatchPattern(string text, string pattern)', validate parameter 'text' is non-null before using it. If appropriate, throw an 'ArgumentNullException' when the argument is 'null'. (https://learn.microsoft.com/dotnet/fundamentals/code-analysis/quality-rules/ca1062) [C:\Projects\Hazina\src\Core\Agents\Hazina.AgentFactory\Hazina.AgentFactory.csproj::TargetFramework=net8.0]
C:\Projects\Hazina\src\Core\Agents\Hazina.AgentFactory\Services\Email\EmailService.cs(58,20): warning MA0004: Use Task.ConfigureAwait(false) if the current SynchronizationContext is not needed (https://github.com/meziantou/Meziantou.Analyzer/blob/main/docs/Rules/MA0004.md) [C:\Projects\Hazina\src\Core\Agents\Hazina.AgentFactory\Hazina.AgentFactory.csproj::TargetFramework=net8.0]
C:\Projects\Hazina\src\Core\Agents\Hazina.AgentFactory\Services\Email\EmailService.cs(62,25): warning MA0004: Use Task.ConfigureAwait(false) if the current SynchronizationContext is not needed (https://github.com/meziantou/Meziantou.Analyzer/blob/main/docs/Rules/MA0004.md) [C:\Projects\Hazina\src\Core\Agents\Hazina.AgentFactory\Hazina.AgentFactory.csproj::TargetFramework=net8.0]
C:\Projects\Hazina\src\Core\Agents\Hazina.AgentFactory\Services\Email\EmailService.cs(75,9): warning MA0004: Use Task.ConfigureAwait(false) if the current SynchronizationContext is not needed (https://github.com/meziantou/Meziantou.Analyzer/blob/main/docs/Rules/MA0004.md) [C:\Projects\Hazina\src\Core\Agents\Hazina.AgentFactory\Hazina.AgentFactory.csproj::TargetFramework=net8.0]
C:\Projects\Hazina\src\Core\Agents\Hazina.AgentFactory\Core\StoresAndAgentsAndFlowLoader.cs(114,23): warning CA1062: In externally visible method 'Task StoresAndAgentsAndFlowLoader.AddFiles(IDocumentStore store, string path, string[] fileFilters, string subDirectory = "", string[] excludePattern = null)', validate parameter 'store' is non-null before using it. If appropriate, throw an 'ArgumentNullException' when the argument is 'null'. (https://learn.microsoft.com/dotnet/fundamentals/code-analysis/quality-rules/ca1062) [C:\Projects\Hazina\src\Core\Agents\Hazina.AgentFactory\Hazina.AgentFactory.csproj::TargetFramework=net8.0]
C:\Projects\Hazina\src\Core\Agents\Hazina.AgentFactory\Core\StoresAndAgentsAndFlowLoader.cs(97,30): warning CA1062: In externally visible method 'Task StoresAndAgentsAndFlowLoader.AddFiles(IDocumentStore store, string path, string[] fileFilters, string subDirectory = "", string[] excludePattern = null)', validate parameter 'fileFilters' is non-null before using it. If appropriate, throw an 'ArgumentNullException' when the argument is 'null'. (https://learn.microsoft.com/dotnet/fundamentals/code-analysis/quality-rules/ca1062) [C:\Projects\Hazina\src\Core\Agents\Hazina.AgentFactory\Hazina.AgentFactory.csproj::TargetFramework=net8.0]
C:\Projects\Hazina\src\Core\Agents\Hazina.AgentFactory\Core\AgentFactory.cs(380,34): warning S6602: "Find" method should be used instead of the "FirstOrDefault" extension method. (https://rules.sonarsource.com/csharp/RSPEC-6602) [C:\Projects\Hazina\src\Core\Agents\Hazina.AgentFactory\Hazina.AgentFactory.csproj::TargetFramework=net8.0]
C:\Projects\Hazina\src\Core\Agents\Hazina.AgentFactory\Configuration\Parsers\HazinaAgentConfigParser.cs(53,34): warning SA1503: Braces should not be omitted (https://github.com/DotNetAnalyzers/StyleCopAnalyzers/blob/master/documentation/SA1503.md) [C:\Projects\Hazina\src\Core\Agents\Hazina.AgentFactory\Hazina.AgentFactory.csproj::TargetFramework=net8.0]
C:\Projects\Hazina\src\Core\Agents\Hazina.AgentFactory\Configuration\Parsers\HazinaAgentConfigParser.cs(55,29): warning SA1503: Braces should not be omitted (https://github.com/DotNetAnalyzers/StyleCopAnalyzers/blob/master/documentation/SA1503.md) [C:\Projects\Hazina\src\Core\Agents\Hazina.AgentFactory\Hazina.AgentFactory.csproj::TargetFramework=net8.0]
C:\Projects\Hazina\src\Core\Agents\Hazina.AgentFactory\Configuration\Parsers\HazinaAgentConfigParser.cs(84,59): warning SA1503: Braces should not be omitted (https://github.com/DotNetAnalyzers/StyleCopAnalyzers/blob/master/documentation/SA1503.md) [C:\Projects\Hazina\src\Core\Agents\Hazina.AgentFactory\Hazina.AgentFactory.csproj::TargetFramework=net8.0]
C:\Projects\Hazina\src\Core\Agents\Hazina.AgentFactory\Configuration\Parsers\HazinaAgentConfigParser.cs(70,151): warning SA1122: Use string.Empty for empty strings (https://github.com/DotNetAnalyzers/StyleCopAnalyzers/blob/master/documentation/SA1122.md) [C:\Projects\Hazina\src\Core\Agents\Hazina.AgentFactory\Hazina.AgentFactory.csproj::TargetFramework=net8.0]
C:\Projects\Hazina\src\Core\Agents\Hazina.AgentFactory\Configuration\Parsers\HazinaAgentConfigParser.cs(73,153): warning SA1122: Use string.Empty for empty strings (https://github.com/DotNetAnalyzers/StyleCopAnalyzers/blob/master/documentation/SA1122.md) [C:\Projects\Hazina\src\Core\Agents\Hazina.AgentFactory\Hazina.AgentFactory.csproj::TargetFramework=net8.0]
C:\Projects\Hazina\src\Core\Agents\Hazina.AgentFactory\Configuration\Parsers\HazinaAgentConfigParser.cs(76,153): warning SA1122: Use string.Empty for empty strings (https://github.com/DotNetAnalyzers/StyleCopAnalyzers/blob/master/documentation/SA1122.md) [C:\Projects\Hazina\src\Core\Agents\Hazina.AgentFactory\Hazina.AgentFactory.csproj::TargetFramework=net8.0]
C:\Projects\Hazina\src\Core\Agents\Hazina.AgentFactory\Configuration\Parsers\HazinaAgentConfigParser.cs(70,122): warning SA1003: Operator '=>' should be preceded by whitespace. (https://github.com/DotNetAnalyzers/StyleCopAnalyzers/blob/master/documentation/SA1003.md) [C:\Projects\Hazina\src\Core\Agents\Hazina.AgentFactory\Hazina.AgentFactory.csproj::TargetFramework=net8.0]
C:\Projects\Hazina\src\Core\Agents\Hazina.AgentFactory\Configuration\Parsers\HazinaAgentConfigParser.cs(73,124): warning SA1003: Operator '=>' should be preceded by whitespace. (https://github.com/DotNetAnalyzers/StyleCopAnalyzers/blob/master/documentation/SA1003.md) [C:\Projects\Hazina\src\Core\Agents\Hazina.AgentFactory\Hazina.AgentFactory.csproj::TargetFramework=net8.0]
C:\Projects\Hazina\src\Core\Agents\Hazina.AgentFactory\Configuration\Validation\AgentConfigValidator.cs(283,21): warning S1066: Merge this if statement with the enclosing one. (https://rules.sonarsource.com/csharp/RSPEC-1066) [C:\Projects\Hazina\src\Core\Agents\Hazina.AgentFactory\Hazina.AgentFactory.csproj::TargetFramework=net8.0]
C:\Projects\Hazina\src\Core\Agents\Hazina.AgentFactory\Configuration\Validation\AgentConfigValidator.cs(279,41): warning S3267: Loops should be simplified using the "Where" LINQ method (https://rules.sonarsource.com/csharp/RSPEC-3267) [C:\Projects\Hazina\src\Core\Agents\Hazina.AgentFactory\Hazina.AgentFactory.csproj::TargetFramework=net8.0]
C:\Projects\Hazina\src\Core\Agents\Hazina.AgentFactory\Configuration\Parsers\HazinaAgentConfigParser.cs(54,26): warning CA1307: 'string.IndexOf(char)' has a method overload that takes a 'StringComparison' parameter. Replace this call in 'HazinaAgentConfigParser.Parse(string)' with a call to 'string.IndexOf(char, System.StringComparison)' for clarity of intent. (https://learn.microsoft.com/dotnet/fundamentals/code-analysis/quality-rules/ca1307) [C:\Projects\Hazina\src\Core\Agents\Hazina.AgentFactory\Hazina.AgentFactory.csproj::TargetFramework=net8.0]
C:\Projects\Hazina\src\Core\Agents\Hazina.AgentFactory\Configuration\Parsers\HazinaAgentConfigParser.cs(70,146): warning CA1820: Test for empty strings using 'string.Length' property or 'string.IsNullOrEmpty' method instead of an Equality check (https://learn.microsoft.com/dotnet/fundamentals/code-analysis/quality-rules/ca1820) [C:\Projects\Hazina\src\Core\Agents\Hazina.AgentFactory\Hazina.AgentFactory.csproj::TargetFramework=net8.0]
C:\Projects\Hazina\src\Core\Agents\Hazina.AgentFactory\Configuration\Parsers\HazinaAgentConfigParser.cs(73,148): warning CA1820: Test for empty strings using 'string.Length' property or 'string.IsNullOrEmpty' method instead of an Equality check (https://learn.microsoft.com/dotnet/fundamentals/code-analysis/quality-rules/ca1820) [C:\Projects\Hazina\src\Core\Agents\Hazina.AgentFactory\Hazina.AgentFactory.csproj::TargetFramework=net8.0]
C:\Projects\Hazina\src\Core\Agents\Hazina.AgentFactory\Configuration\Parsers\HazinaAgentConfigParser.cs(76,148): warning CA1820: Test for empty strings using 'string.Length' property or 'string.IsNullOrEmpty' method instead of an Equality check (https://learn.microsoft.com/dotnet/fundamentals/code-analysis/quality-rules/ca1820) [C:\Projects\Hazina\src\Core\Agents\Hazina.AgentFactory\Hazina.AgentFactory.csproj::TargetFramework=net8.0]
C:\Projects\Hazina\src\Core\Agents\Hazina.AgentFactory\Core\AgentFactory.cs(345,32): warning SA1503: Braces should not be omitted (https://github.com/DotNetAnalyzers/StyleCopAnalyzers/blob/master/documentation/SA1503.md) [C:\Projects\Hazina\src\Core\Agents\Hazina.AgentFactory\Hazina.AgentFactory.csproj::TargetFramework=net8.0]
C:\Projects\Hazina\src\Core\Agents\Hazina.AgentFactory\Configuration\Validation\AgentConfigValidator.cs(198,32): warning CA1860: Prefer comparing 'Count' to 0 rather than using 'Any()', both for clarity and for performance (https://learn.microsoft.com/dotnet/fundamentals/code-analysis/quality-rules/ca1860) [C:\Projects\Hazina\src\Core\Agents\Hazina.AgentFactory\Hazina.AgentFactory.csproj::TargetFramework=net8.0]
C:\Projects\Hazina\src\Core\Agents\Hazina.AgentFactory\Core\AgentFactory.cs(342,27): warning MA0004: Use Task.ConfigureAwait(false) if the current SynchronizationContext is not needed (https://github.com/meziantou/Meziantou.Analyzer/blob/main/docs/Rules/MA0004.md) [C:\Projects\Hazina\src\Core\Agents\Hazina.AgentFactory\Hazina.AgentFactory.csproj::TargetFramework=net8.0]
C:\Projects\Hazina\src\Core\Agents\Hazina.AgentFactory\Services\Email\EmailService.cs(169,116): warning S1172: Remove this unused method parameter 'isRoot'. (https://rules.sonarsource.com/csharp/RSPEC-1172) [C:\Projects\Hazina\src\Core\Agents\Hazina.AgentFactory\Hazina.AgentFactory.csproj::TargetFramework=net8.0]
C:\Projects\Hazina\src\Core\Agents\Hazina.AgentFactory\Configuration\Validation\AgentConfigValidator.cs(205,30): warning MA0002: Use an overload that has a IEqualityComparer<string> or IComparer<string> parameter (https://github.com/meziantou/Meziantou.Analyzer/blob/main/docs/Rules/MA0002.md) [C:\Projects\Hazina\src\Core\Agents\Hazina.AgentFactory\Hazina.AgentFactory.csproj::TargetFramework=net8.0]
C:\Projects\Hazina\src\Core\Agents\Hazina.AgentFactory\Configuration\Parsers\HazinaStoreConfigParserV2.cs(257,9): warning CA1031: Modify 'SaveToFile' to catch a more specific allowed exception type, or rethrow the exception (https://learn.microsoft.com/dotnet/fundamentals/code-analysis/quality-rules/ca1031) [C:\Projects\Hazina\src\Core\Agents\Hazina.AgentFactory\Hazina.AgentFactory.csproj::TargetFramework=net8.0]
C:\Projects\Hazina\src\Core\Agents\Hazina.AgentFactory\Core\AgentFactory.cs(381,32): warning SA1503: Braces should not be omitted (https://github.com/DotNetAnalyzers/StyleCopAnalyzers/blob/master/documentation/SA1503.md) [C:\Projects\Hazina\src\Core\Agents\Hazina.AgentFactory\Hazina.AgentFactory.csproj::TargetFramework=net8.0]
C:\Projects\Hazina\src\Core\Agents\Hazina.AgentFactory\Core\AgentFactory.cs(378,98): warning SA1122: Use string.Empty for empty strings (https://github.com/DotNetAnalyzers/StyleCopAnalyzers/blob/master/documentation/SA1122.md) [C:\Projects\Hazina\src\Core\Agents\Hazina.AgentFactory\Hazina.AgentFactory.csproj::TargetFramework=net8.0]
C:\Projects\Hazina\src\Core\Agents\Hazina.AgentFactory\Configuration\Validation\AgentConfigValidator.cs(269,13): warning SA1503: Braces should not be omitted (https://github.com/DotNetAnalyzers/StyleCopAnalyzers/blob/master/documentation/SA1503.md) [C:\Projects\Hazina\src\Core\Agents\Hazina.AgentFactory\Hazina.AgentFactory.csproj::TargetFramework=net8.0]
C:\Projects\Hazina\src\Core\Agents\Hazina.AgentFactory\Configuration\Validation\AgentConfigValidator.cs(272,13): warning SA1503: Braces should not be omitted (https://github.com/DotNetAnalyzers/StyleCopAnalyzers/blob/master/documentation/SA1503.md) [C:\Projects\Hazina\src\Core\Agents\Hazina.AgentFactory\Hazina.AgentFactory.csproj::TargetFramework=net8.0]
C:\Projects\Hazina\src\Core\Agents\Hazina.AgentFactory\Configuration\Validation\AgentConfigValidator.cs(284,25): warning SA1503: Braces should not be omitted (https://github.com/DotNetAnalyzers/StyleCopAnalyzers/blob/master/documentation/SA1503.md) [C:\Projects\Hazina\src\Core\Agents\Hazina.AgentFactory\Hazina.AgentFactory.csproj::TargetFramework=net8.0]
C:\Projects\Hazina\src\Core\Agents\Hazina.AgentFactory\Services\Email\EmailService.cs(138,13): warning SA1503: Braces should not be omitted (https://github.com/DotNetAnalyzers/StyleCopAnalyzers/blob/master/documentation/SA1503.md) [C:\Projects\Hazina\src\Core\Agents\Hazina.AgentFactory\Hazina.AgentFactory.csproj::TargetFramework=net8.0]
C:\Projects\Hazina\src\Core\Agents\Hazina.AgentFactory\Services\Email\EmailService.cs(145,13): warning SA1503: Braces should not be omitted (https://github.com/DotNetAnalyzers/StyleCopAnalyzers/blob/master/documentation/SA1503.md) [C:\Projects\Hazina\src\Core\Agents\Hazina.AgentFactory\Hazina.AgentFactory.csproj::TargetFramework=net8.0]
C:\Projects\Hazina\src\Core\Agents\Hazina.AgentFactory\Services\Tools\ToolRegistrationService.cs(142,25): warning SA1503: Braces should not be omitted (https://github.com/DotNetAnalyzers/StyleCopAnalyzers/blob/master/documentation/SA1503.md) [C:\Projects\Hazina\src\Core\Agents\Hazina.AgentFactory\Hazina.AgentFactory.csproj::TargetFramework=net8.0]
C:\Projects\Hazina\src\Core\Agents\Hazina.AgentFactory\Services\Tools\ToolRegistrationService.cs(160,21): warning SA1503: Braces should not be omitted (https://github.com/DotNetAnalyzers/StyleCopAnalyzers/blob/master/documentation/SA1503.md) [C:\Projects\Hazina\src\Core\Agents\Hazina.AgentFactory\Hazina.AgentFactory.csproj::TargetFramework=net8.0]
C:\Projects\Hazina\src\Core\Agents\Hazina.AgentFactory\Services\Tools\ToolRegistrationService.cs(173,21): warning SA1503: Braces should not be omitted (https://github.com/DotNetAnalyzers/StyleCopAnalyzers/blob/master/documentation/SA1503.md) [C:\Projects\Hazina\src\Core\Agents\Hazina.AgentFactory\Hazina.AgentFactory.csproj::TargetFramework=net8.0]
C:\Projects\Hazina\src\Core\Agents\Hazina.AgentFactory\Services\Tools\ToolRegistrationService.cs(129,132): warning SA1122: Use string.Empty for empty strings (https://github.com/DotNetAnalyzers/StyleCopAnalyzers/blob/master/documentation/SA1122.md) [C:\Projects\Hazina\src\Core\Agents\Hazina.AgentFactory\Hazina.AgentFactory.csproj::TargetFramework=net8.0]
C:\Projects\Hazina\src\Core\Agents\Hazina.AgentFactory\Services\Tools\ToolRegistrationService.cs(143,63): warning SA1122: Use string.Empty for empty strings (https://github.com/DotNetAnalyzers/StyleCopAnalyzers/blob/master/documentation/SA1122.md) [C:\Projects\Hazina\src\Core\Agents\Hazina.AgentFactory\Hazina.AgentFactory.csproj::TargetFramework=net8.0]
C:\Projects\Hazina\src\Core\Agents\Hazina.AgentFactory\Configuration\Validation\AgentConfigValidator.cs(268,13): warning MA0002: Use an overload that has a IEqualityComparer<string> or IComparer<string> parameter (https://github.com/meziantou/Meziantou.Analyzer/blob/main/docs/Rules/MA0002.md) [C:\Projects\Hazina\src\Core\Agents\Hazina.AgentFactory\Hazina.AgentFactory.csproj::TargetFramework=net8.0]
C:\Projects\Hazina\src\Core\Agents\Hazina.AgentFactory\Core\AgentFactory.cs(378,27): warning MA0004: Use Task.ConfigureAwait(false) if the current SynchronizationContext is not needed (https://github.com/meziantou/Meziantou.Analyzer/blob/main/docs/Rules/MA0004.md) [C:\Projects\Hazina\src\Core\Agents\Hazina.AgentFactory\Hazina.AgentFactory.csproj::TargetFramework=net8.0]
C:\Projects\Hazina\src\Core\Agents\Hazina.AgentFactory\Services\Email\EmailService.cs(131,9): warning MA0004: Use Task.ConfigureAwait(false) if the current SynchronizationContext is not needed (https://github.com/meziantou/Meziantou.Analyzer/blob/main/docs/Rules/MA0004.md) [C:\Projects\Hazina\src\Core\Agents\Hazina.AgentFactory\Hazina.AgentFactory.csproj::TargetFramework=net8.0]
C:\Projects\Hazina\src\Core\Agents\Hazina.AgentFactory\Services\Email\EmailService.cs(132,9): warning MA0004: Use Task.ConfigureAwait(false) if the current SynchronizationContext is not needed (https://github.com/meziantou/Meziantou.Analyzer/blob/main/docs/Rules/MA0004.md) [C:\Projects\Hazina\src\Core\Agents\Hazina.AgentFactory\Hazina.AgentFactory.csproj::TargetFramework=net8.0]
C:\Projects\Hazina\src\Core\Agents\Hazina.AgentFactory\Services\Email\EmailService.cs(135,9): warning MA0004: Use Task.ConfigureAwait(false) if the current SynchronizationContext is not needed (https://github.com/meziantou/Meziantou.Analyzer/blob/main/docs/Rules/MA0004.md) [C:\Projects\Hazina\src\Core\Agents\Hazina.AgentFactory\Hazina.AgentFactory.csproj::TargetFramework=net8.0]
C:\Projects\Hazina\src\Core\Agents\Hazina.AgentFactory\Services\Email\EmailService.cs(141,23): warning MA0004: Use Task.ConfigureAwait(false) if the current SynchronizationContext is not needed (https://github.com/meziantou/Meziantou.Analyzer/blob/main/docs/Rules/MA0004.md) [C:\Projects\Hazina\src\Core\Agents\Hazina.AgentFactory\Hazina.AgentFactory.csproj::TargetFramework=net8.0]
C:\Projects\Hazina\src\Core\Agents\Hazina.AgentFactory\Services\Email\EmailService.cs(147,9): warning MA0004: Use Task.ConfigureAwait(false) if the current SynchronizationContext is not needed (https://github.com/meziantou/Meziantou.Analyzer/blob/main/docs/Rules/MA0004.md) [C:\Projects\Hazina\src\Core\Agents\Hazina.AgentFactory\Hazina.AgentFactory.csproj::TargetFramework=net8.0]
C:\Projects\Hazina\src\Core\Agents\Hazina.AgentFactory\Services\Email\EmailService.cs(149,9): warning MA0004: Use Task.ConfigureAwait(false) if the current SynchronizationContext is not needed (https://github.com/meziantou/Meziantou.Analyzer/blob/main/docs/Rules/MA0004.md) [C:\Projects\Hazina\src\Core\Agents\Hazina.AgentFactory\Hazina.AgentFactory.csproj::TargetFramework=net8.0]
C:\Projects\Hazina\src\Core\Agents\Hazina.AgentFactory\Services\Email\EmailService.cs(177,17): warning MA0004: Use Task.ConfigureAwait(false) if the current SynchronizationContext is not needed (https://github.com/meziantou/Meziantou.Analyzer/blob/main/docs/Rules/MA0004.md) [C:\Projects\Hazina\src\Core\Agents\Hazina.AgentFactory\Hazina.AgentFactory.csproj::TargetFramework=net8.0]
C:\Projects\Hazina\src\Core\Agents\Hazina.AgentFactory\Services\Tools\ToolRegistrationService.cs(142,50): warning MA0004: Use Task.ConfigureAwait(false) if the current SynchronizationContext is not needed (https://github.com/meziantou/Meziantou.Analyzer/blob/main/docs/Rules/MA0004.md) [C:\Projects\Hazina\src\Core\Agents\Hazina.AgentFactory\Hazina.AgentFactory.csproj::TargetFramework=net8.0]
C:\Projects\Hazina\src\Core\Agents\Hazina.AgentFactory\Services\Email\EmailService.cs(185,29): warning MA0004: Use Task.ConfigureAwait(false) if the current SynchronizationContext is not needed (https://github.com/meziantou/Meziantou.Analyzer/blob/main/docs/Rules/MA0004.md) [C:\Projects\Hazina\src\Core\Agents\Hazina.AgentFactory\Hazina.AgentFactory.csproj::TargetFramework=net8.0]
C:\Projects\Hazina\src\Core\Agents\Hazina.AgentFactory\Services\Tools\ToolRegistrationService.cs(143,46): warning MA0004: Use Task.ConfigureAwait(false) if the current SynchronizationContext is not needed (https://github.com/meziantou/Meziantou.Analyzer/blob/main/docs/Rules/MA0004.md) [C:\Projects\Hazina\src\Core\Agents\Hazina.AgentFactory\Hazina.AgentFactory.csproj::TargetFramework=net8.0]
C:\Projects\Hazina\src\Core\Agents\Hazina.AgentFactory\Services\Email\EmailService.cs(187,13): warning MA0004: Use Task.ConfigureAwait(false) if the current SynchronizationContext is not needed (https://github.com/meziantou/Meziantou.Analyzer/blob/main/docs/Rules/MA0004.md) [C:\Projects\Hazina\src\Core\Agents\Hazina.AgentFactory\Hazina.AgentFactory.csproj::TargetFramework=net8.0]
C:\Projects\Hazina\src\Core\Agents\Hazina.AgentFactory\Services\Tools\ToolRegistrationService.cs(160,46): warning MA0004: Use Task.ConfigureAwait(false) if the current SynchronizationContext is not needed (https://github.com/meziantou/Meziantou.Analyzer/blob/main/docs/Rules/MA0004.md) [C:\Projects\Hazina\src\Core\Agents\Hazina.AgentFactory\Hazina.AgentFactory.csproj::TargetFramework=net8.0]
C:\Projects\Hazina\src\Core\Agents\Hazina.AgentFactory\Services\Tools\ToolRegistrationService.cs(173,28): warning MA0004: Use Task.ConfigureAwait(false) if the current SynchronizationContext is not needed (https://github.com/meziantou/Meziantou.Analyzer/blob/main/docs/Rules/MA0004.md) [C:\Projects\Hazina\src\Core\Agents\Hazina.AgentFactory\Hazina.AgentFactory.csproj::TargetFramework=net8.0]
C:\Projects\Hazina\src\Core\Agents\Hazina.AgentFactory\Configuration\Validation\AgentConfigValidator.cs(248,26): warning MA0002: Use an overload that has a IEqualityComparer<string> or IComparer<string> parameter (https://github.com/meziantou/Meziantou.Analyzer/blob/main/docs/Rules/MA0002.md) [C:\Projects\Hazina\src\Core\Agents\Hazina.AgentFactory\Hazina.AgentFactory.csproj::TargetFramework=net8.0]
C:\Projects\Hazina\src\Core\Agents\Hazina.AgentFactory\Configuration\Validation\AgentConfigValidator.cs(252,27): warning MA0002: Use an overload that has a IEqualityComparer<string> or IComparer<string> parameter (https://github.com/meziantou/Meziantou.Analyzer/blob/main/docs/Rules/MA0002.md) [C:\Projects\Hazina\src\Core\Agents\Hazina.AgentFactory\Hazina.AgentFactory.csproj::TargetFramework=net8.0]
C:\Projects\Hazina\src\Core\Agents\Hazina.AgentFactory\Services\Email\EmailService.cs(156,9): warning MA0004: Use Task.ConfigureAwait(false) if the current SynchronizationContext is not needed (https://github.com/meziantou/Meziantou.Analyzer/blob/main/docs/Rules/MA0004.md) [C:\Projects\Hazina\src\Core\Agents\Hazina.AgentFactory\Hazina.AgentFactory.csproj::TargetFramework=net8.0]
C:\Projects\Hazina\src\Core\Agents\Hazina.AgentFactory\Services\Email\EmailService.cs(157,9): warning MA0004: Use Task.ConfigureAwait(false) if the current SynchronizationContext is not needed (https://github.com/meziantou/Meziantou.Analyzer/blob/main/docs/Rules/MA0004.md) [C:\Projects\Hazina\src\Core\Agents\Hazina.AgentFactory\Hazina.AgentFactory.csproj::TargetFramework=net8.0]
C:\Projects\Hazina\src\Core\Agents\Hazina.AgentFactory\Services\Email\EmailService.cs(159,20): warning MA0004: Use Task.ConfigureAwait(false) if the current SynchronizationContext is not needed (https://github.com/meziantou/Meziantou.Analyzer/blob/main/docs/Rules/MA0004.md) [C:\Projects\Hazina\src\Core\Agents\Hazina.AgentFactory\Hazina.AgentFactory.csproj::TargetFramework=net8.0]
C:\Projects\Hazina\src\Core\Agents\Hazina.AgentFactory\Services\Email\EmailService.cs(162,9): warning MA0004: Use Task.ConfigureAwait(false) if the current SynchronizationContext is not needed (https://github.com/meziantou/Meziantou.Analyzer/blob/main/docs/Rules/MA0004.md) [C:\Projects\Hazina\src\Core\Agents\Hazina.AgentFactory\Hazina.AgentFactory.csproj::TargetFramework=net8.0]
C:\Projects\Hazina\src\Core\Agents\Hazina.AgentFactory\Services\Email\EmailService.cs(164,9): warning MA0004: Use Task.ConfigureAwait(false) if the current SynchronizationContext is not needed (https://github.com/meziantou/Meziantou.Analyzer/blob/main/docs/Rules/MA0004.md) [C:\Projects\Hazina\src\Core\Agents\Hazina.AgentFactory\Hazina.AgentFactory.csproj::TargetFramework=net8.0]
C:\Projects\Hazina\src\Core\Agents\Hazina.AgentFactory\Services\Email\EmailService.cs(179,13): warning CA1031: Modify 'EnumerateFoldersAsync' to catch a more specific allowed exception type, or rethrow the exception (https://learn.microsoft.com/dotnet/fundamentals/code-analysis/quality-rules/ca1031) [C:\Projects\Hazina\src\Core\Agents\Hazina.AgentFactory\Hazina.AgentFactory.csproj::TargetFramework=net8.0]
C:\Projects\Hazina\src\Core\Agents\Hazina.AgentFactory\Services\Tools\ToolRegistrationService.cs(129,56): warning MA0006: Use string.Equals instead of Equals operator (https://github.com/meziantou/Meziantou.Analyzer/blob/main/docs/Rules/MA0006.md) [C:\Projects\Hazina\src\Core\Agents\Hazina.AgentFactory\Hazina.AgentFactory.csproj::TargetFramework=net8.0]
C:\Projects\Hazina\src\Core\Agents\Hazina.AgentFactory\Configuration\Parsers\HazinaStoreConfigParserV2.cs(172,31): warning CA1062: In externally visible method 'string HazinaStoreConfigParserV2.Serialize(IEnumerable<StoreConfig> stores)', validate parameter 'stores' is non-null before using it. If appropriate, throw an 'ArgumentNullException' when the argument is 'null'. (https://learn.microsoft.com/dotnet/fundamentals/code-analysis/quality-rules/ca1062) [C:\Projects\Hazina\src\Core\Agents\Hazina.AgentFactory\Hazina.AgentFactory.csproj::TargetFramework=net8.0]
C:\Projects\Hazina\src\Core\Agents\Hazina.AgentFactory\Services\Tools\ToolRegistrationService.cs(145,17): warning CA1031: Modify 'AddReadTools' to catch a more specific allowed exception type, or rethrow the exception (https://learn.microsoft.com/dotnet/fundamentals/code-analysis/quality-rules/ca1031) [C:\Projects\Hazina\src\Core\Agents\Hazina.AgentFactory\Hazina.AgentFactory.csproj::TargetFramework=net8.0]
C:\Projects\Hazina\src\Core\Agents\Hazina.AgentFactory\Services\Tools\ToolRegistrationService.cs(361,21): warning S4830: Enable server certificate validation on this SSL/TLS connection (https://rules.sonarsource.com/csharp/RSPEC-4830) [C:\Projects\Hazina\src\Core\Agents\Hazina.AgentFactory\Hazina.AgentFactory.csproj::TargetFramework=net8.0]
C:\Projects\Hazina\src\Core\Agents\Hazina.AgentFactory\Services\Tools\ToolRegistrationService.cs(607,39): warning S6602: "Find" method should be used instead of the "FirstOrDefault" extension method. (https://rules.sonarsource.com/csharp/RSPEC-6602) [C:\Projects\Hazina\src\Core\Agents\Hazina.AgentFactory\Hazina.AgentFactory.csproj::TargetFramework=net8.0]
C:\Projects\Hazina\src\Core\Agents\Hazina.AgentFactory\Services\Tools\ToolRegistrationService.cs(351,21): warning SA1503: Braces should not be omitted (https://github.com/DotNetAnalyzers/StyleCopAnalyzers/blob/master/documentation/SA1503.md) [C:\Projects\Hazina\src\Core\Agents\Hazina.AgentFactory\Hazina.AgentFactory.csproj::TargetFramework=net8.0]
C:\Projects\Hazina\src\Core\Agents\Hazina.AgentFactory\Services\Tools\ToolRegistrationService.cs(563,40): warning S6602: "Find" method should be used instead of the "FirstOrDefault" extension method. (https://rules.sonarsource.com/csharp/RSPEC-6602) [C:\Projects\Hazina\src\Core\Agents\Hazina.AgentFactory\Hazina.AgentFactory.csproj::TargetFramework=net8.0]
C:\Projects\Hazina\src\Core\Agents\Hazina.AgentFactory\Services\Tools\ToolRegistrationService.cs(377,48): warning CA2016: Forward the 'cancel' parameter to the 'SendAsync' method or pass in 'CancellationToken.None' explicitly to indicate intentionally not propagating the token (https://learn.microsoft.com/dotnet/fundamentals/code-analysis/quality-rules/ca2016) [C:\Projects\Hazina\src\Core\Agents\Hazina.AgentFactory\Hazina.AgentFactory.csproj::TargetFramework=net8.0]
C:\Projects\Hazina\src\Core\Agents\Hazina.AgentFactory\Services\Tools\ToolRegistrationService.cs(379,34): warning CA2016: Forward the 'cancel' parameter to the 'ReadAsStringAsync' method or pass in 'CancellationToken.None' explicitly to indicate intentionally not propagating the token (https://learn.microsoft.com/dotnet/fundamentals/code-analysis/quality-rules/ca2016) [C:\Projects\Hazina\src\Core\Agents\Hazina.AgentFactory\Hazina.AgentFactory.csproj::TargetFramework=net8.0]
C:\Projects\Hazina\src\Core\Agents\Hazina.AgentFactory\Services\Tools\ToolRegistrationService.cs(361,21): error MA0039: Do not write your own certificate validation method (https://github.com/meziantou/Meziantou.Analyzer/blob/main/docs/Rules/MA0039.md) [C:\Projects\Hazina\src\Core\Agents\Hazina.AgentFactory\Hazina.AgentFactory.csproj::TargetFramework=net8.0]
C:\Projects\Hazina\src\Core\Agents\Hazina.AgentFactory\Services\Tools\ToolRegistrationService.cs(377,42): warning MA0004: Use Task.ConfigureAwait(false) if the current SynchronizationContext is not needed (https://github.com/meziantou/Meziantou.Analyzer/blob/main/docs/Rules/MA0004.md) [C:\Projects\Hazina\src\Core\Agents\Hazina.AgentFactory\Hazina.AgentFactory.csproj::TargetFramework=net8.0]
C:\Projects\Hazina\src\Core\Agents\Hazina.AgentFactory\Configuration\Parsers\HazinaAgentConfigParser.cs(41,30): warning CA1062: In externally visible method 'List<AgentConfig> HazinaAgentConfigParser.Parse(string input)', validate parameter 'input' is non-null before using it. If appropriate, throw an 'ArgumentNullException' when the argument is 'null'. (https://learn.microsoft.com/dotnet/fundamentals/code-analysis/quality-rules/ca1062) [C:\Projects\Hazina\src\Core\Agents\Hazina.AgentFactory\Hazina.AgentFactory.csproj::TargetFramework=net8.0]
C:\Projects\Hazina\src\Core\Agents\Hazina.AgentFactory\Services\Tools\ToolRegistrationService.cs(609,23): warning S112: 'System.Exception' should not be thrown by user code. (https://rules.sonarsource.com/csharp/RSPEC-112) [C:\Projects\Hazina\src\Core\Agents\Hazina.AgentFactory\Hazina.AgentFactory.csproj::TargetFramework=net8.0]
C:\Projects\Hazina\src\Core\Agents\Hazina.AgentFactory\Services\Tools\ToolRegistrationService.cs(379,28): warning MA0004: Use Task.ConfigureAwait(false) if the current SynchronizationContext is not needed (https://github.com/meziantou/Meziantou.Analyzer/blob/main/docs/Rules/MA0004.md) [C:\Projects\Hazina\src\Core\Agents\Hazina.AgentFactory\Hazina.AgentFactory.csproj::TargetFramework=net8.0]
C:\Projects\Hazina\src\Core\Agents\Hazina.AgentFactory\Services\Tools\ToolRegistrationService.cs(609,17): warning SA1503: Braces should not be omitted (https://github.com/DotNetAnalyzers/StyleCopAnalyzers/blob/master/documentation/SA1503.md) [C:\Projects\Hazina\src\Core\Agents\Hazina.AgentFactory\Hazina.AgentFactory.csproj::TargetFramework=net8.0]
C:\Projects\Hazina\src\Core\Agents\Hazina.AgentFactory\Services\Tools\ToolRegistrationService.cs(609,23): warning CA2201: Exception type System.Exception is not sufficiently specific (https://learn.microsoft.com/dotnet/fundamentals/code-analysis/quality-rules/ca2201) [C:\Projects\Hazina\src\Core\Agents\Hazina.AgentFactory\Hazina.AgentFactory.csproj::TargetFramework=net8.0]
C:\Projects\Hazina\src\Core\Agents\Hazina.AgentFactory\Services\Tools\ToolRegistrationService.cs(565,23): warning S112: 'System.Exception' should not be thrown by user code. (https://rules.sonarsource.com/csharp/RSPEC-112) [C:\Projects\Hazina\src\Core\Agents\Hazina.AgentFactory\Hazina.AgentFactory.csproj::TargetFramework=net8.0]
C:\Projects\Hazina\src\Core\Agents\Hazina.AgentFactory\Services\Tools\ToolRegistrationService.cs(565,17): warning SA1503: Braces should not be omitted (https://github.com/DotNetAnalyzers/StyleCopAnalyzers/blob/master/documentation/SA1503.md) [C:\Projects\Hazina\src\Core\Agents\Hazina.AgentFactory\Hazina.AgentFactory.csproj::TargetFramework=net8.0]
C:\Projects\Hazina\src\Core\Agents\Hazina.AgentFactory\Services\Tools\ToolRegistrationService.cs(576,46): warning SA1503: Braces should not be omitted (https://github.com/DotNetAnalyzers/StyleCopAnalyzers/blob/master/documentation/SA1503.md) [C:\Projects\Hazina\src\Core\Agents\Hazina.AgentFactory\Hazina.AgentFactory.csproj::TargetFramework=net8.0]
C:\Projects\Hazina\src\Core\Agents\Hazina.AgentFactory\Services\Tools\ToolRegistrationService.cs(595,29): warning SA1503: Braces should not be omitted (https://github.com/DotNetAnalyzers/StyleCopAnalyzers/blob/master/documentation/SA1503.md) [C:\Projects\Hazina\src\Core\Agents\Hazina.AgentFactory\Hazina.AgentFactory.csproj::TargetFramework=net8.0]
C:\Projects\Hazina\src\Core\Agents\Hazina.AgentFactory\Services\Tools\ToolRegistrationService.cs(565,23): warning CA2201: Exception type System.Exception is not sufficiently specific (https://learn.microsoft.com/dotnet/fundamentals/code-analysis/quality-rules/ca2201) [C:\Projects\Hazina\src\Core\Agents\Hazina.AgentFactory\Hazina.AgentFactory.csproj::TargetFramework=net8.0]
C:\Projects\Hazina\src\Core\Agents\Hazina.AgentFactory\Services\Tools\ToolRegistrationService.cs(622,40): warning MA0004: Use Task.ConfigureAwait(false) if the current SynchronizationContext is not needed (https://github.com/meziantou/Meziantou.Analyzer/blob/main/docs/Rules/MA0004.md) [C:\Projects\Hazina\src\Core\Agents\Hazina.AgentFactory\Hazina.AgentFactory.csproj::TargetFramework=net8.0]
C:\Projects\Hazina\src\Core\Agents\Hazina.AgentFactory\Services\Tools\ToolRegistrationService.cs(289,39): warning SA1503: Braces should not be omitted (https://github.com/DotNetAnalyzers/StyleCopAnalyzers/blob/master/documentation/SA1503.md) [C:\Projects\Hazina\src\Core\Agents\Hazina.AgentFactory\Hazina.AgentFactory.csproj::TargetFramework=net8.0]
C:\Projects\Hazina\src\Core\Agents\Hazina.AgentFactory\Services\Tools\ToolRegistrationService.cs(307,25): warning SA1503: Braces should not be omitted (https://github.com/DotNetAnalyzers/StyleCopAnalyzers/blob/master/documentation/SA1503.md) [C:\Projects\Hazina\src\Core\Agents\Hazina.AgentFactory\Hazina.AgentFactory.csproj::TargetFramework=net8.0]
C:\Projects\Hazina\src\Core\Agents\Hazina.AgentFactory\Services\Tools\ToolRegistrationService.cs(320,25): warning SA1503: Braces should not be omitted (https://github.com/DotNetAnalyzers/StyleCopAnalyzers/blob/master/documentation/SA1503.md) [C:\Projects\Hazina\src\Core\Agents\Hazina.AgentFactory\Hazina.AgentFactory.csproj::TargetFramework=net8.0]
C:\Projects\Hazina\src\Core\Agents\Hazina.AgentFactory\Services\Tools\ToolRegistrationService.cs(322,25): warning SA1503: Braces should not be omitted (https://github.com/DotNetAnalyzers/StyleCopAnalyzers/blob/master/documentation/SA1503.md) [C:\Projects\Hazina\src\Core\Agents\Hazina.AgentFactory\Hazina.AgentFactory.csproj::TargetFramework=net8.0]
C:\Projects\Hazina\src\Core\Agents\Hazina.AgentFactory\Services\Tools\ToolRegistrationService.cs(335,21): warning SA1503: Braces should not be omitted (https://github.com/DotNetAnalyzers/StyleCopAnalyzers/blob/master/documentation/SA1503.md) [C:\Projects\Hazina\src\Core\Agents\Hazina.AgentFactory\Hazina.AgentFactory.csproj::TargetFramework=net8.0]
C:\Projects\Hazina\src\Core\Agents\Hazina.AgentFactory\Services\Tools\ToolRegistrationService.cs(304,47): warning SA1116: The parameters should begin on the line after the declaration, whenever the parameter span across multiple lines (https://github.com/DotNetAnalyzers/StyleCopAnalyzers/blob/master/documentation/SA1116.md) [C:\Projects\Hazina\src\Core\Agents\Hazina.AgentFactory\Hazina.AgentFactory.csproj::TargetFramework=net8.0]
C:\Projects\Hazina\src\Core\Agents\Hazina.AgentFactory\Services\Tools\ToolRegistrationService.cs(317,47): warning SA1116: The parameters should begin on the line after the declaration, whenever the parameter span across multiple lines (https://github.com/DotNetAnalyzers/StyleCopAnalyzers/blob/master/documentation/SA1116.md) [C:\Projects\Hazina\src\Core\Agents\Hazina.AgentFactory\Hazina.AgentFactory.csproj::TargetFramework=net8.0]
C:\Projects\Hazina\src\Core\Agents\Hazina.AgentFactory\Services\Tools\ToolRegistrationService.cs(309,20): warning SA1117: The parameters should all be placed on the same line or each parameter should be placed on its own line (https://github.com/DotNetAnalyzers/StyleCopAnalyzers/blob/master/documentation/SA1117.md) [C:\Projects\Hazina\src\Core\Agents\Hazina.AgentFactory\Hazina.AgentFactory.csproj::TargetFramework=net8.0]
C:\Projects\Hazina\src\Core\Agents\Hazina.AgentFactory\Services\Tools\ToolRegistrationService.cs(324,20): warning SA1117: The parameters should all be placed on the same line or each parameter should be placed on its own line (https://github.com/DotNetAnalyzers/StyleCopAnalyzers/blob/master/documentation/SA1117.md) [C:\Projects\Hazina\src\Core\Agents\Hazina.AgentFactory\Hazina.AgentFactory.csproj::TargetFramework=net8.0]
C:\Projects\Hazina\src\Core\Agents\Hazina.AgentFactory\Services\Tools\ToolRegistrationService.cs(579,36): warning MA0004: Use Task.ConfigureAwait(false) if the current SynchronizationContext is not needed (https://github.com/meziantou/Meziantou.Analyzer/blob/main/docs/Rules/MA0004.md) [C:\Projects\Hazina\src\Core\Agents\Hazina.AgentFactory\Hazina.AgentFactory.csproj::TargetFramework=net8.0]
C:\Projects\Hazina\src\Core\Agents\Hazina.AgentFactory\Services\Tools\ToolRegistrationService.cs(595,36): warning MA0004: Use Task.ConfigureAwait(false) if the current SynchronizationContext is not needed (https://github.com/meziantou/Meziantou.Analyzer/blob/main/docs/Rules/MA0004.md) [C:\Projects\Hazina\src\Core\Agents\Hazina.AgentFactory\Hazina.AgentFactory.csproj::TargetFramework=net8.0]
C:\Projects\Hazina\src\Core\Agents\Hazina.AgentFactory\Services\Tools\ToolRegistrationService.cs(607,59): warning MA0006: Use string.Equals instead of Equals operator (https://github.com/meziantou/Meziantou.Analyzer/blob/main/docs/Rules/MA0006.md) [C:\Projects\Hazina\src\Core\Agents\Hazina.AgentFactory\Hazina.AgentFactory.csproj::TargetFramework=net8.0]
C:\Projects\Hazina\src\Core\Agents\Hazina.AgentFactory\Services\Tools\ToolRegistrationService.cs(381,17): warning CA1031: Modify 'AddWordpressTools' to catch a more specific allowed exception type, or rethrow the exception (https://learn.microsoft.com/dotnet/fundamentals/code-analysis/quality-rules/ca1031) [C:\Projects\Hazina\src\Core\Agents\Hazina.AgentFactory\Hazina.AgentFactory.csproj::TargetFramework=net8.0]
C:\Projects\Hazina\src\Core\Agents\Hazina.AgentFactory\Services\Tools\ToolRegistrationService.cs(296,17): warning MA0004: Use Task.ConfigureAwait(false) if the current SynchronizationContext is not needed (https://github.com/meziantou/Meziantou.Analyzer/blob/main/docs/Rules/MA0004.md) [C:\Projects\Hazina\src\Core\Agents\Hazina.AgentFactory\Hazina.AgentFactory.csproj::TargetFramework=net8.0]
C:\Projects\Hazina\src\Core\Agents\Hazina.AgentFactory\Services\Tools\ToolRegistrationService.cs(296,59): warning MA0004: Use Task.ConfigureAwait(false) if the current SynchronizationContext is not needed (https://github.com/meziantou/Meziantou.Analyzer/blob/main/docs/Rules/MA0004.md) [C:\Projects\Hazina\src\Core\Agents\Hazina.AgentFactory\Hazina.AgentFactory.csproj::TargetFramework=net8.0]
C:\Projects\Hazina\src\Core\Agents\Hazina.AgentFactory\Services\Tools\ToolRegistrationService.cs(304,17): warning MA0004: Use Task.ConfigureAwait(false) if the current SynchronizationContext is not needed (https://github.com/meziantou/Meziantou.Analyzer/blob/main/docs/Rules/MA0004.md) [C:\Projects\Hazina\src\Core\Agents\Hazina.AgentFactory\Hazina.AgentFactory.csproj::TargetFramework=net8.0]
C:\Projects\Hazina\src\Core\Agents\Hazina.AgentFactory\Services\Tools\ToolRegistrationService.cs(308,28): warning MA0004: Use Task.ConfigureAwait(false) if the current SynchronizationContext is not needed (https://github.com/meziantou/Meziantou.Analyzer/blob/main/docs/Rules/MA0004.md) [C:\Projects\Hazina\src\Core\Agents\Hazina.AgentFactory\Hazina.AgentFactory.csproj::TargetFramework=net8.0]
C:\Projects\Hazina\src\Core\Agents\Hazina.AgentFactory\Services\Tools\ToolRegistrationService.cs(317,17): warning MA0004: Use Task.ConfigureAwait(false) if the current SynchronizationContext is not needed (https://github.com/meziantou/Meziantou.Analyzer/blob/main/docs/Rules/MA0004.md) [C:\Projects\Hazina\src\Core\Agents\Hazina.AgentFactory\Hazina.AgentFactory.csproj::TargetFramework=net8.0]
C:\Projects\Hazina\src\Core\Agents\Hazina.AgentFactory\Services\Tools\ToolRegistrationService.cs(323,28): warning MA0004: Use Task.ConfigureAwait(false) if the current SynchronizationContext is not needed (https://github.com/meziantou/Meziantou.Analyzer/blob/main/docs/Rules/MA0004.md) [C:\Projects\Hazina\src\Core\Agents\Hazina.AgentFactory\Hazina.AgentFactory.csproj::TargetFramework=net8.0]
C:\Projects\Hazina\src\Core\Agents\Hazina.AgentFactory\Services\Tools\ToolRegistrationService.cs(336,24): warning MA0004: Use Task.ConfigureAwait(false) if the current SynchronizationContext is not needed (https://github.com/meziantou/Meziantou.Analyzer/blob/main/docs/Rules/MA0004.md) [C:\Projects\Hazina\src\Core\Agents\Hazina.AgentFactory\Hazina.AgentFactory.csproj::TargetFramework=net8.0]
C:\Projects\Hazina\src\Core\Agents\Hazina.AgentFactory\Services\Tools\ToolRegistrationService.cs(563,60): warning MA0006: Use string.Equals instead of Equals operator (https://github.com/meziantou/Meziantou.Analyzer/blob/main/docs/Rules/MA0006.md) [C:\Projects\Hazina\src\Core\Agents\Hazina.AgentFactory\Hazina.AgentFactory.csproj::TargetFramework=net8.0]
C:\Projects\Hazina\src\Core\Agents\Hazina.AgentFactory\Services\Tools\ToolRegistrationService.cs(179,18): warning MA0051: Method is too long (105 lines; maximum allowed: 60) (https://github.com/meziantou/Meziantou.Analyzer/blob/main/docs/Rules/MA0051.md) [C:\Projects\Hazina\src\Core\Agents\Hazina.AgentFactory\Hazina.AgentFactory.csproj::TargetFramework=net8.0]
C:\Projects\Hazina\src\Core\Agents\Hazina.AgentFactory\Services\Tools\ToolRegistrationService.cs(193,122): warning CA1305: The behavior of 'int.Parse(string)' could vary based on the current user's locale settings. Replace this call in 'ToolRegistrationService.AddBuildTools(IToolsContext, IEnumerable<string>, IDocumentStore)' with a call to 'int.Parse(string, IFormatProvider)'. (https://learn.microsoft.com/dotnet/fundamentals/code-analysis/quality-rules/ca1305) [C:\Projects\Hazina\src\Core\Agents\Hazina.AgentFactory\Hazina.AgentFactory.csproj::TargetFramework=net8.0]
C:\Projects\Hazina\src\Core\Agents\Hazina.AgentFactory\Services\Tools\ToolRegistrationService.cs(253,142): warning CA1305: The behavior of 'int.Parse(string)' could vary based on the current user's locale settings. Replace this call in 'ToolRegistrationService.AddBuildTools(IToolsContext, IEnumerable<string>, IDocumentStore)' with a call to 'int.Parse(string, IFormatProvider)'. (https://learn.microsoft.com/dotnet/fundamentals/code-analysis/quality-rules/ca1305) [C:\Projects\Hazina\src\Core\Agents\Hazina.AgentFactory\Hazina.AgentFactory.csproj::TargetFramework=net8.0]
C:\Projects\Hazina\src\Core\Agents\Hazina.AgentFactory\Services\Tools\ToolRegistrationService.cs(273,128): warning CA1305: The behavior of 'int.Parse(string)' could vary based on the current user's locale settings. Replace this call in 'ToolRegistrationService.AddBuildTools(IToolsContext, IEnumerable<string>, IDocumentStore)' with a call to 'int.Parse(string, IFormatProvider)'. (https://learn.microsoft.com/dotnet/fundamentals/code-analysis/quality-rules/ca1305) [C:\Projects\Hazina\src\Core\Agents\Hazina.AgentFactory\Hazina.AgentFactory.csproj::TargetFramework=net8.0]
C:\Projects\Hazina\src\Core\Agents\Hazina.AgentFactory\Services\Tools\ToolRegistrationService.cs(193,38): warning MA0004: Use Task.ConfigureAwait(false) if the current SynchronizationContext is not needed (https://github.com/meziantou/Meziantou.Analyzer/blob/main/docs/Rules/MA0004.md) [C:\Projects\Hazina\src\Core\Agents\Hazina.AgentFactory\Hazina.AgentFactory.csproj::TargetFramework=net8.0]
C:\Projects\Hazina\src\Core\Agents\Hazina.AgentFactory\Services\Tools\ToolRegistrationService.cs(253,38): warning MA0004: Use Task.ConfigureAwait(false) if the current SynchronizationContext is not needed (https://github.com/meziantou/Meziantou.Analyzer/blob/main/docs/Rules/MA0004.md) [C:\Projects\Hazina\src\Core\Agents\Hazina.AgentFactory\Hazina.AgentFactory.csproj::TargetFramework=net8.0]
C:\Projects\Hazina\src\Core\Agents\Hazina.AgentFactory\Services\Tools\ToolRegistrationService.cs(273,38): warning MA0004: Use Task.ConfigureAwait(false) if the current SynchronizationContext is not needed (https://github.com/meziantou/Meziantou.Analyzer/blob/main/docs/Rules/MA0004.md) [C:\Projects\Hazina\src\Core\Agents\Hazina.AgentFactory\Hazina.AgentFactory.csproj::TargetFramework=net8.0]
C:\Projects\Hazina\src\Core\Agents\Hazina.AgentFactory\Services\Tools\ToolRegistrationService.cs(509,61): warning S1172: Remove this unused method parameter 'agents'. (https://rules.sonarsource.com/csharp/RSPEC-1172) [C:\Projects\Hazina\src\Core\Agents\Hazina.AgentFactory\Hazina.AgentFactory.csproj::TargetFramework=net8.0]
C:\Projects\Hazina\src\Core\Agents\Hazina.AgentFactory\Services\Tools\ToolRegistrationService.cs(509,89): warning S1172: Remove this unused method parameter 'caller'. (https://rules.sonarsource.com/csharp/RSPEC-1172) [C:\Projects\Hazina\src\Core\Agents\Hazina.AgentFactory\Hazina.AgentFactory.csproj::TargetFramework=net8.0]
C:\Projects\Hazina\src\Core\Agents\Hazina.AgentFactory\Services\Tools\ToolRegistrationService.cs(530,21): warning SA1503: Braces should not be omitted (https://github.com/DotNetAnalyzers/StyleCopAnalyzers/blob/master/documentation/SA1503.md) [C:\Projects\Hazina\src\Core\Agents\Hazina.AgentFactory\Hazina.AgentFactory.csproj::TargetFramework=net8.0]
C:\Projects\Hazina\src\Core\Agents\Hazina.AgentFactory\Services\Tools\ToolRegistrationService.cs(532,21): warning SA1503: Braces should not be omitted (https://github.com/DotNetAnalyzers/StyleCopAnalyzers/blob/master/documentation/SA1503.md) [C:\Projects\Hazina\src\Core\Agents\Hazina.AgentFactory\Hazina.AgentFactory.csproj::TargetFramework=net8.0]
C:\Projects\Hazina\src\Core\Agents\Hazina.AgentFactory\Services\Tools\ToolRegistrationService.cs(534,21): warning SA1503: Braces should not be omitted (https://github.com/DotNetAnalyzers/StyleCopAnalyzers/blob/master/documentation/SA1503.md) [C:\Projects\Hazina\src\Core\Agents\Hazina.AgentFactory\Hazina.AgentFactory.csproj::TargetFramework=net8.0]
C:\Projects\Hazina\src\Core\Agents\Hazina.AgentFactory\Services\Tools\ToolRegistrationService.cs(547,21): warning SA1503: Braces should not be omitted (https://github.com/DotNetAnalyzers/StyleCopAnalyzers/blob/master/documentation/SA1503.md) [C:\Projects\Hazina\src\Core\Agents\Hazina.AgentFactory\Hazina.AgentFactory.csproj::TargetFramework=net8.0]
C:\Projects\Hazina\src\Core\Agents\Hazina.AgentFactory\Services\Tools\ToolRegistrationService.cs(549,21): warning SA1503: Braces should not be omitted (https://github.com/DotNetAnalyzers/StyleCopAnalyzers/blob/master/documentation/SA1503.md) [C:\Projects\Hazina\src\Core\Agents\Hazina.AgentFactory\Hazina.AgentFactory.csproj::TargetFramework=net8.0]
C:\Projects\Hazina\src\Core\Agents\Hazina.AgentFactory\Services\Tools\ToolRegistrationService.cs(551,21): warning SA1503: Braces should not be omitted (https://github.com/DotNetAnalyzers/StyleCopAnalyzers/blob/master/documentation/SA1503.md) [C:\Projects\Hazina\src\Core\Agents\Hazina.AgentFactory\Hazina.AgentFactory.csproj::TargetFramework=net8.0]
C:\Projects\Hazina\src\Core\Agents\Hazina.AgentFactory\Services\Tools\ToolRegistrationService.cs(553,21): warning SA1503: Braces should not be omitted (https://github.com/DotNetAnalyzers/StyleCopAnalyzers/blob/master/documentation/SA1503.md) [C:\Projects\Hazina\src\Core\Agents\Hazina.AgentFactory\Hazina.AgentFactory.csproj::TargetFramework=net8.0]
C:\Projects\Hazina\src\Core\Agents\Hazina.AgentFactory\Services\Tools\ToolRegistrationService.cs(193,122): warning MA0011: Use an overload of 'Parse' that has a 'System.IFormatProvider' parameter (https://github.com/meziantou/Meziantou.Analyzer/blob/main/docs/Rules/MA0011.md) [C:\Projects\Hazina\src\Core\Agents\Hazina.AgentFactory\Hazina.AgentFactory.csproj::TargetFramework=net8.0]
C:\Projects\Hazina\src\Core\Agents\Hazina.AgentFactory\Services\Tools\ToolRegistrationService.cs(253,142): warning MA0011: Use an overload of 'Parse' that has a 'System.IFormatProvider' parameter (https://github.com/meziantou/Meziantou.Analyzer/blob/main/docs/Rules/MA0011.md) [C:\Projects\Hazina\src\Core\Agents\Hazina.AgentFactory\Hazina.AgentFactory.csproj::TargetFramework=net8.0]
C:\Projects\Hazina\src\Core\Agents\Hazina.AgentFactory\Services\Tools\ToolRegistrationService.cs(535,24): warning MA0004: Use Task.ConfigureAwait(false) if the current SynchronizationContext is not needed (https://github.com/meziantou/Meziantou.Analyzer/blob/main/docs/Rules/MA0004.md) [C:\Projects\Hazina\src\Core\Agents\Hazina.AgentFactory\Hazina.AgentFactory.csproj::TargetFramework=net8.0]
C:\Projects\Hazina\src\Core\Agents\Hazina.AgentFactory\Services\Tools\ToolRegistrationService.cs(554,24): warning MA0004: Use Task.ConfigureAwait(false) if the current SynchronizationContext is not needed (https://github.com/meziantou/Meziantou.Analyzer/blob/main/docs/Rules/MA0004.md) [C:\Projects\Hazina\src\Core\Agents\Hazina.AgentFactory\Hazina.AgentFactory.csproj::TargetFramework=net8.0]
C:\Projects\Hazina\src\Core\Agents\Hazina.AgentFactory\Services\Tools\ToolRegistrationService.cs(273,128): warning MA0011: Use an overload of 'Parse' that has a 'System.IFormatProvider' parameter (https://github.com/meziantou/Meziantou.Analyzer/blob/main/docs/Rules/MA0011.md) [C:\Projects\Hazina\src\Core\Agents\Hazina.AgentFactory\Hazina.AgentFactory.csproj::TargetFramework=net8.0]
C:\Projects\Hazina\src\Core\Agents\Hazina.AgentFactory\Services\Tools\ToolRegistrationService.cs(181,13): warning MA0002: Use an overload that has a IEqualityComparer<string> or IComparer<string> parameter (https://github.com/meziantou/Meziantou.Analyzer/blob/main/docs/Rules/MA0002.md) [C:\Projects\Hazina\src\Core\Agents\Hazina.AgentFactory\Hazina.AgentFactory.csproj::TargetFramework=net8.0]
C:\Projects\Hazina\src\Core\Agents\Hazina.AgentFactory\Services\Tools\ToolRegistrationService.cs(201,13): warning MA0002: Use an overload that has a IEqualityComparer<string> or IComparer<string> parameter (https://github.com/meziantou/Meziantou.Analyzer/blob/main/docs/Rules/MA0002.md) [C:\Projects\Hazina\src\Core\Agents\Hazina.AgentFactory\Hazina.AgentFactory.csproj::TargetFramework=net8.0]
C:\Projects\Hazina\src\Core\Agents\Hazina.AgentFactory\Services\Tools\ToolRegistrationService.cs(211,13): warning MA0002: Use an overload that has a IEqualityComparer<string> or IComparer<string> parameter (https://github.com/meziantou/Meziantou.Analyzer/blob/main/docs/Rules/MA0002.md) [C:\Projects\Hazina\src\Core\Agents\Hazina.AgentFactory\Hazina.AgentFactory.csproj::TargetFramework=net8.0]
C:\Projects\Hazina\src\Core\Agents\Hazina.AgentFactory\Services\Tools\ToolRegistrationService.cs(221,13): warning MA0002: Use an overload that has a IEqualityComparer<string> or IComparer<string> parameter (https://github.com/meziantou/Meziantou.Analyzer/blob/main/docs/Rules/MA0002.md) [C:\Projects\Hazina\src\Core\Agents\Hazina.AgentFactory\Hazina.AgentFactory.csproj::TargetFramework=net8.0]
C:\Projects\Hazina\src\Core\Agents\Hazina.AgentFactory\Services\Tools\ToolRegistrationService.cs(231,13): warning MA0002: Use an overload that has a IEqualityComparer<string> or IComparer<string> parameter (https://github.com/meziantou/Meziantou.Analyzer/blob/main/docs/Rules/MA0002.md) [C:\Projects\Hazina\src\Core\Agents\Hazina.AgentFactory\Hazina.AgentFactory.csproj::TargetFramework=net8.0]
C:\Projects\Hazina\src\Core\Agents\Hazina.AgentFactory\Services\Tools\ToolRegistrationService.cs(241,13): warning MA0002: Use an overload that has a IEqualityComparer<string> or IComparer<string> parameter (https://github.com/meziantou/Meziantou.Analyzer/blob/main/docs/Rules/MA0002.md) [C:\Projects\Hazina\src\Core\Agents\Hazina.AgentFactory\Hazina.AgentFactory.csproj::TargetFramework=net8.0]
C:\Projects\Hazina\src\Core\Agents\Hazina.AgentFactory\Services\Tools\ToolRegistrationService.cs(261,13): warning MA0002: Use an overload that has a IEqualityComparer<string> or IComparer<string> parameter (https://github.com/meziantou/Meziantou.Analyzer/blob/main/docs/Rules/MA0002.md) [C:\Projects\Hazina\src\Core\Agents\Hazina.AgentFactory\Hazina.AgentFactory.csproj::TargetFramework=net8.0]
C:\Projects\Hazina\src\Core\Agents\Hazina.AgentFactory\Services\Tools\ToolRegistrationService.cs(281,13): warning MA0002: Use an overload that has a IEqualityComparer<string> or IComparer<string> parameter (https://github.com/meziantou/Meziantou.Analyzer/blob/main/docs/Rules/MA0002.md) [C:\Projects\Hazina\src\Core\Agents\Hazina.AgentFactory\Hazina.AgentFactory.csproj::TargetFramework=net8.0]
C:\Projects\Hazina\src\Core\Agents\Hazina.AgentFactory\Services\Tools\ToolRegistrationService.cs(181,13): warning CA1851: Possible multiple enumerations of 'IEnumerable' collection. Consider using an implementation that avoids multiple enumerations. (https://learn.microsoft.com/dotnet/fundamentals/code-analysis/quality-rules/ca1851) [C:\Projects\Hazina\src\Core\Agents\Hazina.AgentFactory\Hazina.AgentFactory.csproj::TargetFramework=net8.0]
C:\Projects\Hazina\src\Core\Agents\Hazina.AgentFactory\Services\Tools\ToolRegistrationService.cs(201,13): warning CA1851: Possible multiple enumerations of 'IEnumerable' collection. Consider using an implementation that avoids multiple enumerations. (https://learn.microsoft.com/dotnet/fundamentals/code-analysis/quality-rules/ca1851) [C:\Projects\Hazina\src\Core\Agents\Hazina.AgentFactory\Hazina.AgentFactory.csproj::TargetFramework=net8.0]
C:\Projects\Hazina\src\Core\Agents\Hazina.AgentFactory\Services\Tools\ToolRegistrationService.cs(211,13): warning CA1851: Possible multiple enumerations of 'IEnumerable' collection. Consider using an implementation that avoids multiple enumerations. (https://learn.microsoft.com/dotnet/fundamentals/code-analysis/quality-rules/ca1851) [C:\Projects\Hazina\src\Core\Agents\Hazina.AgentFactory\Hazina.AgentFactory.csproj::TargetFramework=net8.0]
C:\Projects\Hazina\src\Core\Agents\Hazina.AgentFactory\Services\Tools\ToolRegistrationService.cs(221,13): warning CA1851: Possible multiple enumerations of 'IEnumerable' collection. Consider using an implementation that avoids multiple enumerations. (https://learn.microsoft.com/dotnet/fundamentals/code-analysis/quality-rules/ca1851) [C:\Projects\Hazina\src\Core\Agents\Hazina.AgentFactory\Hazina.AgentFactory.csproj::TargetFramework=net8.0]
C:\Projects\Hazina\src\Core\Agents\Hazina.AgentFactory\Services\Tools\ToolRegistrationService.cs(231,13): warning CA1851: Possible multiple enumerations of 'IEnumerable' collection. Consider using an implementation that avoids multiple enumerations. (https://learn.microsoft.com/dotnet/fundamentals/code-analysis/quality-rules/ca1851) [C:\Projects\Hazina\src\Core\Agents\Hazina.AgentFactory\Hazina.AgentFactory.csproj::TargetFramework=net8.0]
C:\Projects\Hazina\src\Core\Agents\Hazina.AgentFactory\Services\Tools\ToolRegistrationService.cs(241,13): warning CA1851: Possible multiple enumerations of 'IEnumerable' collection. Consider using an implementation that avoids multiple enumerations. (https://learn.microsoft.com/dotnet/fundamentals/code-analysis/quality-rules/ca1851) [C:\Projects\Hazina\src\Core\Agents\Hazina.AgentFactory\Hazina.AgentFactory.csproj::TargetFramework=net8.0]
C:\Projects\Hazina\src\Core\Agents\Hazina.AgentFactory\Services\Tools\ToolRegistrationService.cs(261,13): warning CA1851: Possible multiple enumerations of 'IEnumerable' collection. Consider using an implementation that avoids multiple enumerations. (https://learn.microsoft.com/dotnet/fundamentals/code-analysis/quality-rules/ca1851) [C:\Projects\Hazina\src\Core\Agents\Hazina.AgentFactory\Hazina.AgentFactory.csproj::TargetFramework=net8.0]
C:\Projects\Hazina\src\Core\Agents\Hazina.AgentFactory\Services\Tools\ToolRegistrationService.cs(281,13): warning CA1851: Possible multiple enumerations of 'IEnumerable' collection. Consider using an implementation that avoids multiple enumerations. (https://learn.microsoft.com/dotnet/fundamentals/code-analysis/quality-rules/ca1851) [C:\Projects\Hazina\src\Core\Agents\Hazina.AgentFactory\Hazina.AgentFactory.csproj::TargetFramework=net8.0]
C:\Projects\Hazina\src\Core\Agents\Hazina.AgentFactory\Services\Tools\ToolRegistrationService.cs(389,18): warning MA0051: Method is too long (117 lines; maximum allowed: 60) (https://github.com/meziantou/Meziantou.Analyzer/blob/main/docs/Rules/MA0051.md) [C:\Projects\Hazina\src\Core\Agents\Hazina.AgentFactory\Hazina.AgentFactory.csproj::TargetFramework=net8.0]
C:\Projects\Hazina\src\Core\Agents\Hazina.AgentFactory\Services\Tools\ToolRegistrationService.cs(410,38): warning SA1501: Statement should not be on a single line (https://github.com/DotNetAnalyzers/StyleCopAnalyzers/blob/master/documentation/SA1501.md) [C:\Projects\Hazina\src\Core\Agents\Hazina.AgentFactory\Hazina.AgentFactory.csproj::TargetFramework=net8.0]
C:\Projects\Hazina\src\Core\Agents\Hazina.AgentFactory\Services\Tools\ToolRegistrationService.cs(431,38): warning SA1501: Statement should not be on a single line (https://github.com/DotNetAnalyzers/StyleCopAnalyzers/blob/master/documentation/SA1501.md) [C:\Projects\Hazina\src\Core\Agents\Hazina.AgentFactory\Hazina.AgentFactory.csproj::TargetFramework=net8.0]
C:\Projects\Hazina\src\Core\Agents\Hazina.AgentFactory\Services\Tools\ToolRegistrationService.cs(450,38): warning SA1501: Statement should not be on a single line (https://github.com/DotNetAnalyzers/StyleCopAnalyzers/blob/master/documentation/SA1501.md) [C:\Projects\Hazina\src\Core\Agents\Hazina.AgentFactory\Hazina.AgentFactory.csproj::TargetFramework=net8.0]
C:\Projects\Hazina\src\Core\Agents\Hazina.AgentFactory\Services\Tools\ToolRegistrationService.cs(468,38): warning SA1501: Statement should not be on a single line (https://github.com/DotNetAnalyzers/StyleCopAnalyzers/blob/master/documentation/SA1501.md) [C:\Projects\Hazina\src\Core\Agents\Hazina.AgentFactory\Hazina.AgentFactory.csproj::TargetFramework=net8.0]
C:\Projects\Hazina\src\Core\Agents\Hazina.AgentFactory\Services\Tools\ToolRegistrationService.cs(488,38): warning SA1501: Statement should not be on a single line (https://github.com/DotNetAnalyzers/StyleCopAnalyzers/blob/master/documentation/SA1501.md) [C:\Projects\Hazina\src\Core\Agents\Hazina.AgentFactory\Hazina.AgentFactory.csproj::TargetFramework=net8.0]
C:\Projects\Hazina\src\Core\Agents\Hazina.AgentFactory\Services\Tools\ToolRegistrationService.cs(504,38): warning SA1501: Statement should not be on a single line (https://github.com/DotNetAnalyzers/StyleCopAnalyzers/blob/master/documentation/SA1501.md) [C:\Projects\Hazina\src\Core\Agents\Hazina.AgentFactory\Hazina.AgentFactory.csproj::TargetFramework=net8.0]
C:\Projects\Hazina\src\Core\Agents\Hazina.AgentFactory\Services\Tools\ToolRegistrationService.cs(399,21): warning SA1503: Braces should not be omitted (https://github.com/DotNetAnalyzers/StyleCopAnalyzers/blob/master/documentation/SA1503.md) [C:\Projects\Hazina\src\Core\Agents\Hazina.AgentFactory\Hazina.AgentFactory.csproj::TargetFramework=net8.0]
C:\Projects\Hazina\src\Core\Agents\Hazina.AgentFactory\Services\Tools\ToolRegistrationService.cs(401,21): warning SA1503: Braces should not be omitted (https://github.com/DotNetAnalyzers/StyleCopAnalyzers/blob/master/documentation/SA1503.md) [C:\Projects\Hazina\src\Core\Agents\Hazina.AgentFactory\Hazina.AgentFactory.csproj::TargetFramework=net8.0]
C:\Projects\Hazina\src\Core\Agents\Hazina.AgentFactory\Services\Tools\ToolRegistrationService.cs(403,21): warning SA1503: Braces should not be omitted (https://github.com/DotNetAnalyzers/StyleCopAnalyzers/blob/master/documentation/SA1503.md) [C:\Projects\Hazina\src\Core\Agents\Hazina.AgentFactory\Hazina.AgentFactory.csproj::TargetFramework=net8.0]
C:\Projects\Hazina\src\Core\Agents\Hazina.AgentFactory\Services\Tools\ToolRegistrationService.cs(424,25): warning SA1503: Braces should not be omitted (https://github.com/DotNetAnalyzers/StyleCopAnalyzers/blob/master/documentation/SA1503.md) [C:\Projects\Hazina\src\Core\Agents\Hazina.AgentFactory\Hazina.AgentFactory.csproj::TargetFramework=net8.0]
C:\Projects\Hazina\src\Core\Agents\Hazina.AgentFactory\Services\Tools\ToolRegistrationService.cs(426,25): warning SA1503: Braces should not be omitted (https://github.com/DotNetAnalyzers/StyleCopAnalyzers/blob/master/documentation/SA1503.md) [C:\Projects\Hazina\src\Core\Agents\Hazina.AgentFactory\Hazina.AgentFactory.csproj::TargetFramework=net8.0]
C:\Projects\Hazina\src\Core\Agents\Hazina.AgentFactory\Services\Tools\ToolRegistrationService.cs(443,21): warning SA1503: Braces should not be omitted (https://github.com/DotNetAnalyzers/StyleCopAnalyzers/blob/master/documentation/SA1503.md) [C:\Projects\Hazina\src\Core\Agents\Hazina.AgentFactory\Hazina.AgentFactory.csproj::TargetFramework=net8.0]
C:\Projects\Hazina\src\Core\Agents\Hazina.AgentFactory\Services\Tools\ToolRegistrationService.cs(462,21): warning SA1503: Braces should not be omitted (https://github.com/DotNetAnalyzers/StyleCopAnalyzers/blob/master/documentation/SA1503.md) [C:\Projects\Hazina\src\Core\Agents\Hazina.AgentFactory\Hazina.AgentFactory.csproj::TargetFramework=net8.0]
C:\Projects\Hazina\src\Core\Agents\Hazina.AgentFactory\Services\Tools\ToolRegistrationService.cs(480,21): warning SA1503: Braces should not be omitted (https://github.com/DotNetAnalyzers/StyleCopAnalyzers/blob/master/documentation/SA1503.md) [C:\Projects\Hazina\src\Core\Agents\Hazina.AgentFactory\Hazina.AgentFactory.csproj::TargetFramework=net8.0]
C:\Projects\Hazina\src\Core\Agents\Hazina.AgentFactory\Services\Tools\ToolRegistrationService.cs(482,21): warning SA1503: Braces should not be omitted (https://github.com/DotNetAnalyzers/StyleCopAnalyzers/blob/master/documentation/SA1503.md) [C:\Projects\Hazina\src\Core\Agents\Hazina.AgentFactory\Hazina.AgentFactory.csproj::TargetFramework=net8.0]
C:\Projects\Hazina\src\Core\Agents\Hazina.AgentFactory\Services\Tools\ToolRegistrationService.cs(428,75): warning CA1305: The behavior of 'int.Parse(string)' could vary based on the current user's locale settings. Replace this call in 'ToolRegistrationService.AddEmailTools(IToolsContext)' with a call to 'int.Parse(string, IFormatProvider)'. (https://learn.microsoft.com/dotnet/fundamentals/code-analysis/quality-rules/ca1305) [C:\Projects\Hazina\src\Core\Agents\Hazina.AgentFactory\Hazina.AgentFactory.csproj::TargetFramework=net8.0]
C:\Projects\Hazina\src\Core\Agents\Hazina.AgentFactory\Services\Tools\ToolRegistrationService.cs(407,34): warning MA0004: Use Task.ConfigureAwait(false) if the current SynchronizationContext is not needed (https://github.com/meziantou/Meziantou.Analyzer/blob/main/docs/Rules/MA0004.md) [C:\Projects\Hazina\src\Core\Agents\Hazina.AgentFactory\Hazina.AgentFactory.csproj::TargetFramework=net8.0]
C:\Projects\Hazina\src\Core\Agents\Hazina.AgentFactory\Services\Tools\ToolRegistrationService.cs(428,34): warning MA0004: Use Task.ConfigureAwait(false) if the current SynchronizationContext is not needed (https://github.com/meziantou/Meziantou.Analyzer/blob/main/docs/Rules/MA0004.md) [C:\Projects\Hazina\src\Core\Agents\Hazina.AgentFactory\Hazina.AgentFactory.csproj::TargetFramework=net8.0]
C:\Projects\Hazina\src\Core\Agents\Hazina.AgentFactory\Services\Tools\ToolRegistrationService.cs(447,33): warning MA0004: Use Task.ConfigureAwait(false) if the current SynchronizationContext is not needed (https://github.com/meziantou/Meziantou.Analyzer/blob/main/docs/Rules/MA0004.md) [C:\Projects\Hazina\src\Core\Agents\Hazina.AgentFactory\Hazina.AgentFactory.csproj::TargetFramework=net8.0]
C:\Projects\Hazina\src\Core\Agents\Hazina.AgentFactory\Services\Tools\ToolRegistrationService.cs(466,28): warning MA0004: Use Task.ConfigureAwait(false) if the current SynchronizationContext is not needed (https://github.com/meziantou/Meziantou.Analyzer/blob/main/docs/Rules/MA0004.md) [C:\Projects\Hazina\src\Core\Agents\Hazina.AgentFactory\Hazina.AgentFactory.csproj::TargetFramework=net8.0]
C:\Projects\Hazina\src\Core\Agents\Hazina.AgentFactory\Services\Tools\ToolRegistrationService.cs(486,28): warning MA0004: Use Task.ConfigureAwait(false) if the current SynchronizationContext is not needed (https://github.com/meziantou/Meziantou.Analyzer/blob/main/docs/Rules/MA0004.md) [C:\Projects\Hazina\src\Core\Agents\Hazina.AgentFactory\Hazina.AgentFactory.csproj::TargetFramework=net8.0]
C:\Projects\Hazina\src\Core\Agents\Hazina.AgentFactory\Services\Tools\ToolRegistrationService.cs(501,35): warning MA0004: Use Task.ConfigureAwait(false) if the current SynchronizationContext is not needed (https://github.com/meziantou/Meziantou.Analyzer/blob/main/docs/Rules/MA0004.md) [C:\Projects\Hazina\src\Core\Agents\Hazina.AgentFactory\Hazina.AgentFactory.csproj::TargetFramework=net8.0]
C:\Projects\Hazina\src\Core\Agents\Hazina.AgentFactory\Services\Tools\ToolRegistrationService.cs(428,75): warning MA0011: Use an overload of 'Parse' that has a 'System.IFormatProvider' parameter (https://github.com/meziantou/Meziantou.Analyzer/blob/main/docs/Rules/MA0011.md) [C:\Projects\Hazina\src\Core\Agents\Hazina.AgentFactory\Hazina.AgentFactory.csproj::TargetFramework=net8.0]
C:\Projects\Hazina\src\Core\Agents\Hazina.AgentFactory\Services\Tools\ToolRegistrationService.cs(410,17): warning CA1031: Modify 'AddEmailTools' to catch a more specific allowed exception type, or rethrow the exception (https://learn.microsoft.com/dotnet/fundamentals/code-analysis/quality-rules/ca1031) [C:\Projects\Hazina\src\Core\Agents\Hazina.AgentFactory\Hazina.AgentFactory.csproj::TargetFramework=net8.0]
C:\Projects\Hazina\src\Core\Agents\Hazina.AgentFactory\Services\Tools\ToolRegistrationService.cs(431,17): warning CA1031: Modify 'AddEmailTools' to catch a more specific allowed exception type, or rethrow the exception (https://learn.microsoft.com/dotnet/fundamentals/code-analysis/quality-rules/ca1031) [C:\Projects\Hazina\src\Core\Agents\Hazina.AgentFactory\Hazina.AgentFactory.csproj::TargetFramework=net8.0]
C:\Projects\Hazina\src\Core\Agents\Hazina.AgentFactory\Services\Tools\ToolRegistrationService.cs(450,17): warning CA1031: Modify 'AddEmailTools' to catch a more specific allowed exception type, or rethrow the exception (https://learn.microsoft.com/dotnet/fundamentals/code-analysis/quality-rules/ca1031) [C:\Projects\Hazina\src\Core\Agents\Hazina.AgentFactory\Hazina.AgentFactory.csproj::TargetFramework=net8.0]
C:\Projects\Hazina\src\Core\Agents\Hazina.AgentFactory\Services\Tools\ToolRegistrationService.cs(468,17): warning CA1031: Modify 'AddEmailTools' to catch a more specific allowed exception type, or rethrow the exception (https://learn.microsoft.com/dotnet/fundamentals/code-analysis/quality-rules/ca1031) [C:\Projects\Hazina\src\Core\Agents\Hazina.AgentFactory\Hazina.AgentFactory.csproj::TargetFramework=net8.0]
C:\Projects\Hazina\src\Core\Agents\Hazina.AgentFactory\Services\Tools\ToolRegistrationService.cs(488,17): warning CA1031: Modify 'AddEmailTools' to catch a more specific allowed exception type, or rethrow the exception (https://learn.microsoft.com/dotnet/fundamentals/code-analysis/quality-rules/ca1031) [C:\Projects\Hazina\src\Core\Agents\Hazina.AgentFactory\Hazina.AgentFactory.csproj::TargetFramework=net8.0]
C:\Projects\Hazina\src\Core\Agents\Hazina.AgentFactory\Services\Tools\ToolRegistrationService.cs(504,17): warning CA1031: Modify 'AddEmailTools' to catch a more specific allowed exception type, or rethrow the exception (https://learn.microsoft.com/dotnet/fundamentals/code-analysis/quality-rules/ca1031) [C:\Projects\Hazina\src\Core\Agents\Hazina.AgentFactory\Hazina.AgentFactory.csproj::TargetFramework=net8.0]
C:\Projects\Hazina\src\Core\Agents\Hazina.AgentFactory\Core\AgentFactory.cs(27,14): warning CA1724: The type name AgentFactory conflicts in whole or in part with the namespace name 'Hazina.AgentFactory'. Change either name to eliminate the conflict. (https://learn.microsoft.com/dotnet/fundamentals/code-analysis/quality-rules/ca1724) [C:\Projects\Hazina\src\Core\Agents\Hazina.AgentFactory\Hazina.AgentFactory.csproj::TargetFramework=net8.0]
C:\Projects\Hazina\src\Core\Agents\Hazina.AgentFactory\Services\Tools\ToolRegistrationService.cs(363,34): warning CA5400: HttpClient may be created without enabling CheckCertificateRevocationList (https://learn.microsoft.com/dotnet/fundamentals/code-analysis/quality-rules/ca5400) [C:\Projects\Hazina\src\Core\Agents\Hazina.AgentFactory\Hazina.AgentFactory.csproj::TargetFramework=net8.0]

Build FAILED.

C:\Projects\Hazina\src\Tools\Services\Hazina.Tools.Services.FileOps\Hazina.Tools.Services.FileOps.csproj : warning NU1902: Package 'MimeKit' 4.13.0 has a known moderate severity vulnerability, https://github.com/advisories/GHSA-g7hc-96xr-gvvx [C:\Projects\Hazina\Hazina.sln]
C:\Projects\Hazina\src\Tools\Services\Hazina.Tools.Services.BigQuery\Hazina.Tools.Services.BigQuery.csproj : warning NU1902: Package 'MimeKit' 4.13.0 has a known moderate severity vulnerability, https://github.com/advisories/GHSA-g7hc-96xr-gvvx [C:\Projects\Hazina\Hazina.sln]
C:\Projects\Hazina\src\Tools\Services\Hazina.Tools.Services.Chat\Hazina.Tools.Services.Chat.csproj : warning NU1902: Package 'MimeKit' 4.13.0 has a known moderate severity vulnerability, https://github.com/advisories/GHSA-g7hc-96xr-gvvx [C:\Projects\Hazina\Hazina.sln]
C:\Projects\Hazina\src\Tools\Services\Hazina.Tools.Services.ToolAgent\Hazina.Tools.Services.ToolAgent.csproj : warning NU1902: Package 'MimeKit' 4.13.0 has a known moderate severity vulnerability, https://github.com/advisories/GHSA-g7hc-96xr-gvvx [C:\Projects\Hazina\Hazina.sln]
C:\Projects\Hazina\src\Tools\Services\Hazina.Tools.Services.Prompts\Hazina.Tools.Services.Prompts.csproj : warning NU1902: Package 'MimeKit' 4.13.0 has a known moderate severity vulnerability, https://github.com/advisories/GHSA-g7hc-96xr-gvvx [C:\Projects\Hazina\Hazina.sln]
C:\Projects\Hazina\src\Tools\Services\Hazina.Tools.Services.Store\Hazina.Tools.Services.Store.csproj : warning NU1902: Package 'MimeKit' 4.13.0 has a known moderate severity vulnerability, https://github.com/advisories/GHSA-g7hc-96xr-gvvx [C:\Projects\Hazina\Hazina.sln]
C:\Projects\Hazina\src\Tools\Services\Hazina.Tools.Services.Web\Hazina.Tools.Services.Web.csproj : warning NU1902: Package 'MimeKit' 4.13.0 has a known moderate severity vulnerability, https://github.com/advisories/GHSA-g7hc-96xr-gvvx [C:\Projects\Hazina\Hazina.sln]
C:\Projects\Hazina\src\Tools\Services\Hazina.Tools.Services.Intake\Hazina.Tools.Services.Intake.csproj : warning NU1902: Package 'MimeKit' 4.13.0 has a known moderate severity vulnerability, https://github.com/advisories/GHSA-g7hc-96xr-gvvx [C:\Projects\Hazina\Hazina.sln]
C:\Projects\Hazina\src\Tools\Services\Hazina.Tools.Services.WordPress\Hazina.Tools.Services.WordPress.csproj : warning NU1902: Package 'MimeKit' 4.13.0 has a known moderate severity vulnerability, https://github.com/advisories/GHSA-g7hc-96xr-gvvx [C:\Projects\Hazina\Hazina.sln]
C:\Projects\Hazina\src\Tools\Services\Hazina.Tools.Services.Social\Hazina.Tools.Services.Social.csproj : warning NU1902: Package 'MimeKit' 4.13.0 has a known moderate severity vulnerability, https://github.com/advisories/GHSA-g7hc-96xr-gvvx [C:\Projects\Hazina\Hazina.sln]
C:\Projects\Hazina\src\Tools\Foundation\Hazina.Tools.TextExtraction\Hazina.Tools.TextExtraction.csproj : warning NU1902: Package 'MimeKit' 4.13.0 has a known moderate severity vulnerability, https://github.com/advisories/GHSA-g7hc-96xr-gvvx [C:\Projects\Hazina\Hazina.sln]
C:\Projects\Hazina\src\Tools\Services\Hazina.Tools.Services\Hazina.Tools.Services.csproj : warning NU1902: Package 'MimeKit' 4.13.0 has a known moderate severity vulnerability, https://github.com/advisories/GHSA-g7hc-96xr-gvvx [C:\Projects\Hazina\Hazina.sln]
C:\Projects\Hazina\src\Core\AI\Hazina.AI.FluentAPI\Hazina.AI.FluentAPI.csproj : warning NU1902: Package 'MimeKit' 4.13.0 has a known moderate severity vulnerability, https://github.com/advisories/GHSA-g7hc-96xr-gvvx [C:\Projects\Hazina\Hazina.sln]
C:\Projects\Hazina\src\Tools\Foundation\Hazina.Tools.Extensions\Hazina.Tools.Extensions.csproj : warning NU1902: Package 'MimeKit' 4.13.0 has a known moderate severity vulnerability, https://github.com/advisories/GHSA-g7hc-96xr-gvvx [C:\Projects\Hazina\Hazina.sln]
C:\Projects\Hazina\src\Tools\Foundation\Hazina.Tools.Data\Hazina.Tools.Data.csproj : warning NU1902: Package 'MimeKit' 4.13.0 has a known moderate severity vulnerability, https://github.com/advisories/GHSA-g7hc-96xr-gvvx [C:\Projects\Hazina\Hazina.sln]
C:\Projects\Hazina\src\Tools\Services\Hazina.Tools.Services.Images\Hazina.Tools.Services.Images.csproj : warning NU1902: Package 'MimeKit' 4.13.0 has a known moderate severity vulnerability, https://github.com/advisories/GHSA-g7hc-96xr-gvvx [C:\Projects\Hazina\Hazina.sln]
C:\Projects\Hazina\src\Tools\Foundation\Hazina.Tools.Models\Hazina.Tools.Models.csproj : warning NU1902: Package 'MimeKit' 4.13.0 has a known moderate severity vulnerability, https://github.com/advisories/GHSA-g7hc-96xr-gvvx [C:\Projects\Hazina\Hazina.sln]
C:\Projects\Hazina\src\Tools\Migration\Hazina.Tools.Migration\Hazina.Tools.Migration.csproj : warning NU1902: Package 'MimeKit' 4.13.0 has a known moderate severity vulnerability, https://github.com/advisories/GHSA-g7hc-96xr-gvvx [C:\Projects\Hazina\Hazina.sln]
C:\Projects\Hazina\src\Tools\Common\Hazina.Tools.Common.Infrastructure.AspNetCore\Hazina.Tools.Common.Infrastructure.AspNetCore.csproj : warning NU1902: Package 'MimeKit' 4.13.0 has a known moderate severity vulnerability, https://github.com/advisories/GHSA-g7hc-96xr-gvvx [C:\Projects\Hazina\Hazina.sln]
C:\Projects\Hazina\src\Core\Observability\Hazina.Observability.Core\Hazina.Observability.Core.csproj : warning NU1902: Package 'OpenTelemetry.Api' 1.10.0 has a known moderate severity vulnerability, https://github.com/advisories/GHSA-8785-wc3w-h8q6 [C:\Projects\Hazina\Hazina.sln]
C:\Projects\Hazina\src\Tools\Services\Hazina.Tools.Services.GoogleDrive\Hazina.Tools.Services.GoogleDrive.csproj : warning NU1902: Package 'MimeKit' 4.13.0 has a known moderate severity vulnerability, https://github.com/advisories/GHSA-g7hc-96xr-gvvx [C:\Projects\Hazina\Hazina.sln]
C:\Projects\Hazina\src\Tools\Common\Hazina.Tools.Common.Models\Hazina.Tools.Common.Models.csproj : warning NU1902: Package 'MimeKit' 4.13.0 has a known moderate severity vulnerability, https://github.com/advisories/GHSA-g7hc-96xr-gvvx [C:\Projects\Hazina\Hazina.sln]
C:\Projects\Hazina\src\Core\Observability\Hazina.Observability.AspNetCore\Hazina.Observability.AspNetCore.csproj : warning NU1902: Package 'OpenTelemetry.Api' 1.11.0 has a known moderate severity vulnerability, https://github.com/advisories/GHSA-8785-wc3w-h8q6 [C:\Projects\Hazina\Hazina.sln]
C:\Projects\Hazina\src\Hazina.AgenticOrchestration\Hazina.AgenticOrchestration.csproj : warning NU1902: Package 'MimeKit' 4.13.0 has a known moderate severity vulnerability, https://github.com/advisories/GHSA-g7hc-96xr-gvvx [C:\Projects\Hazina\Hazina.sln]
C:\Projects\Hazina\src\Tools\Services\Hazina.Tools.Services.ContentRetrieval\Hazina.Tools.Services.ContentRetrieval.csproj : warning NU1902: Package 'MimeKit' 4.13.0 has a known moderate severity vulnerability, https://github.com/advisories/GHSA-g7hc-96xr-gvvx [C:\Projects\Hazina\Hazina.sln]
C:\Projects\Hazina\src\Tools\Foundation\Hazina.Tools.Core\Hazina.Tools.Core.csproj : warning NU1902: Package 'MimeKit' 4.13.0 has a known moderate severity vulnerability, https://github.com/advisories/GHSA-g7hc-96xr-gvvx [C:\Projects\Hazina\Hazina.sln]
C:\Projects\Hazina\src\Tools\Services\Hazina.Tools.Services.Embeddings\Hazina.Tools.Services.Embeddings.csproj : warning NU1902: Package 'MimeKit' 4.13.0 has a known moderate severity vulnerability, https://github.com/advisories/GHSA-g7hc-96xr-gvvx [C:\Projects\Hazina\Hazina.sln]
C:\Projects\Hazina\src\Tools\Foundation\Hazina.Tools.ContextCompression\Hazina.Tools.ContextCompression.csproj : warning NU1902: Package 'MimeKit' 4.13.0 has a known moderate severity vulnerability, https://github.com/advisories/GHSA-g7hc-96xr-gvvx [C:\Projects\Hazina\Hazina.sln]
C:\Projects\Hazina\src\Core\Agents\Hazina.AgentFactory\Hazina.AgentFactory.csproj : warning NU1902: Package 'MimeKit' 4.13.0 has a known moderate severity vulnerability, https://github.com/advisories/GHSA-g7hc-96xr-gvvx [C:\Projects\Hazina\Hazina.sln]
C:\Projects\Hazina\src\Tools\Services\Hazina.Tools.Services.DataGathering\Hazina.Tools.Services.DataGathering.csproj : warning NU1902: Package 'MimeKit' 4.13.0 has a known moderate severity vulnerability, https://github.com/advisories/GHSA-g7hc-96xr-gvvx [C:\Projects\Hazina\Hazina.sln]
C:\Projects\Hazina\Tests\Core\Observability\Hazina.Observability.Core.LoadTests\Hazina.Observability.Core.LoadTests.csproj : warning NU1601: Dependency specified was NBomber (>= 5.10.3) but ended up with NBomber 6.0.0. [C:\Projects\Hazina\Hazina.sln]
C:\Projects\Hazina\src\Tools\Foundation\Hazina.Tools.AI.Agents\Hazina.Tools.AI.Agents.csproj : warning NU1902: Package 'MimeKit' 4.13.0 has a known moderate severity vulnerability, https://github.com/advisories/GHSA-g7hc-96xr-gvvx [C:\Projects\Hazina\Hazina.sln]
C:\Projects\Hazina\src\Tools\Services\Hazina.Tools.Services.Database\Hazina.Tools.Services.Database.csproj : warning NU1902: Package 'MimeKit' 4.13.0 has a known moderate severity vulnerability, https://github.com/advisories/GHSA-g7hc-96xr-gvvx [C:\Projects\Hazina\Hazina.sln]
C:\Projects\Hazina\src\Core\API\Hazina.API.Generic\Hazina.API.Generic.csproj : warning NU1902: Package 'MimeKit' 4.13.0 has a known moderate severity vulnerability, https://github.com/advisories/GHSA-g7hc-96xr-gvvx [C:\Projects\Hazina\Hazina.sln]
C:\Projects\Hazina\src\Core\Agents\Hazina.AgentFactory\Hazina.AgentFactory.csproj : warning NU1902: Package 'MimeKit' 4.13.0 has a known moderate severity vulnerability, https://github.com/advisories/GHSA-g7hc-96xr-gvvx [TargetFramework=net8.0]
C:\Projects\Hazina\src\Core\Agents\Hazina.AgentFactory\Hazina.AgentFactory.csproj : warning NU1902: Package 'MimeKit' 4.13.0 has a known moderate severity vulnerability, https://github.com/advisories/GHSA-g7hc-96xr-gvvx [TargetFramework=net10.0]
C:\Projects\Hazina\src\Core\Agents\Hazina.AgentFactory\Hazina.AgentFactory.csproj : warning NU1902: Package 'MimeKit' 4.13.0 has a known moderate severity vulnerability, https://github.com/advisories/GHSA-g7hc-96xr-gvvx [TargetFramework=net9.0]
C:\Projects\Hazina\src\Tools\Common\Hazina.Tools.Common.Infrastructure.AspNetCore\Hazina.Tools.Common.Infrastructure.AspNetCore.csproj : warning NU1902: Package 'MimeKit' 4.13.0 has a known moderate severity vulnerability, https://github.com/advisories/GHSA-g7hc-96xr-gvvx [TargetFramework=net8.0]
C:\Projects\Hazina\src\Tools\Common\Hazina.Tools.Common.Infrastructure.AspNetCore\Hazina.Tools.Common.Infrastructure.AspNetCore.csproj : warning NU1902: Package 'MimeKit' 4.13.0 has a known moderate severity vulnerability, https://github.com/advisories/GHSA-g7hc-96xr-gvvx [TargetFramework=net10.0]
C:\Projects\Hazina\src\Tools\Common\Hazina.Tools.Common.Infrastructure.AspNetCore\Hazina.Tools.Common.Infrastructure.AspNetCore.csproj : warning NU1902: Package 'MimeKit' 4.13.0 has a known moderate severity vulnerability, https://github.com/advisories/GHSA-g7hc-96xr-gvvx [TargetFramework=net9.0]
C:\Projects\Hazina\src\Tools\Common\Hazina.Tools.Common.Models\Hazina.Tools.Common.Models.csproj : warning NU1902: Package 'MimeKit' 4.13.0 has a known moderate severity vulnerability, https://github.com/advisories/GHSA-g7hc-96xr-gvvx [TargetFramework=net9.0]
C:\Projects\Hazina\src\Tools\Common\Hazina.Tools.Common.Models\Hazina.Tools.Common.Models.csproj : warning NU1902: Package 'MimeKit' 4.13.0 has a known moderate severity vulnerability, https://github.com/advisories/GHSA-g7hc-96xr-gvvx [TargetFramework=net10.0]
C:\Projects\Hazina\src\Tools\Common\Hazina.Tools.Common.Models\Hazina.Tools.Common.Models.csproj : warning NU1902: Package 'MimeKit' 4.13.0 has a known moderate severity vulnerability, https://github.com/advisories/GHSA-g7hc-96xr-gvvx [TargetFramework=net8.0]
C:\Projects\Hazina\src\Tools\Foundation\Hazina.Tools.AI.Agents\Hazina.Tools.AI.Agents.csproj : warning NU1902: Package 'MimeKit' 4.13.0 has a known moderate severity vulnerability, https://github.com/advisories/GHSA-g7hc-96xr-gvvx [TargetFramework=net8.0]
C:\Projects\Hazina\src\Tools\Foundation\Hazina.Tools.Core\Hazina.Tools.Core.csproj : warning NU1902: Package 'MimeKit' 4.13.0 has a known moderate severity vulnerability, https://github.com/advisories/GHSA-g7hc-96xr-gvvx [TargetFramework=net8.0]
C:\Projects\Hazina\src\Tools\Foundation\Hazina.Tools.AI.Agents\Hazina.Tools.AI.Agents.csproj : warning NU1902: Package 'MimeKit' 4.13.0 has a known moderate severity vulnerability, https://github.com/advisories/GHSA-g7hc-96xr-gvvx [TargetFramework=net9.0]
C:\Projects\Hazina\src\Tools\Foundation\Hazina.Tools.Data\Hazina.Tools.Data.csproj : warning NU1902: Package 'MimeKit' 4.13.0 has a known moderate severity vulnerability, https://github.com/advisories/GHSA-g7hc-96xr-gvvx [TargetFramework=net8.0]
C:\Projects\Hazina\src\Tools\Foundation\Hazina.Tools.Data\Hazina.Tools.Data.csproj : warning NU1902: Package 'MimeKit' 4.13.0 has a known moderate severity vulnerability, https://github.com/advisories/GHSA-g7hc-96xr-gvvx [TargetFramework=net9.0]
C:\Projects\Hazina\src\Tools\Foundation\Hazina.Tools.Core\Hazina.Tools.Core.csproj : warning NU1902: Package 'MimeKit' 4.13.0 has a known moderate severity vulnerability, https://github.com/advisories/GHSA-g7hc-96xr-gvvx [TargetFramework=net9.0]
C:\Projects\Hazina\src\Tools\Foundation\Hazina.Tools.Extensions\Hazina.Tools.Extensions.csproj : warning NU1902: Package 'MimeKit' 4.13.0 has a known moderate severity vulnerability, https://github.com/advisories/GHSA-g7hc-96xr-gvvx [TargetFramework=net8.0]
C:\Projects\Hazina\src\Tools\Foundation\Hazina.Tools.Core\Hazina.Tools.Core.csproj : warning NU1902: Package 'MimeKit' 4.13.0 has a known moderate severity vulnerability, https://github.com/advisories/GHSA-g7hc-96xr-gvvx [TargetFramework=net10.0]
C:\Projects\Hazina\src\Tools\Foundation\Hazina.Tools.Data\Hazina.Tools.Data.csproj : warning NU1902: Package 'MimeKit' 4.13.0 has a known moderate severity vulnerability, https://github.com/advisories/GHSA-g7hc-96xr-gvvx [TargetFramework=net10.0]
C:\Projects\Hazina\src\Tools\Foundation\Hazina.Tools.AI.Agents\Hazina.Tools.AI.Agents.csproj : warning NU1902: Package 'MimeKit' 4.13.0 has a known moderate severity vulnerability, https://github.com/advisories/GHSA-g7hc-96xr-gvvx [TargetFramework=net10.0]
C:\Projects\Hazina\src\Tools\Foundation\Hazina.Tools.Extensions\Hazina.Tools.Extensions.csproj : warning NU1902: Package 'MimeKit' 4.13.0 has a known moderate severity vulnerability, https://github.com/advisories/GHSA-g7hc-96xr-gvvx [TargetFramework=net10.0]
C:\Projects\Hazina\src\Tools\Foundation\Hazina.Tools.Extensions\Hazina.Tools.Extensions.csproj : warning NU1902: Package 'MimeKit' 4.13.0 has a known moderate severity vulnerability, https://github.com/advisories/GHSA-g7hc-96xr-gvvx [TargetFramework=net9.0]
C:\Projects\Hazina\src\Tools\Foundation\Hazina.Tools.Models\Hazina.Tools.Models.csproj : warning NU1902: Package 'MimeKit' 4.13.0 has a known moderate severity vulnerability, https://github.com/advisories/GHSA-g7hc-96xr-gvvx [TargetFramework=net8.0]
C:\Projects\Hazina\src\Tools\Foundation\Hazina.Tools.Models\Hazina.Tools.Models.csproj : warning NU1902: Package 'MimeKit' 4.13.0 has a known moderate severity vulnerability, https://github.com/advisories/GHSA-g7hc-96xr-gvvx [TargetFramework=net9.0]
C:\Projects\Hazina\src\Tools\Foundation\Hazina.Tools.Models\Hazina.Tools.Models.csproj : warning NU1902: Package 'MimeKit' 4.13.0 has a known moderate severity vulnerability, https://github.com/advisories/GHSA-g7hc-96xr-gvvx [TargetFramework=net10.0]
C:\Projects\Hazina\src\Tools\Services\Hazina.Tools.Services.Chat\Hazina.Tools.Services.Chat.csproj : warning NU1902: Package 'MimeKit' 4.13.0 has a known moderate severity vulnerability, https://github.com/advisories/GHSA-g7hc-96xr-gvvx [TargetFramework=net10.0]
C:\Projects\Hazina\src\Tools\Services\Hazina.Tools.Services.Chat\Hazina.Tools.Services.Chat.csproj : warning NU1902: Package 'MimeKit' 4.13.0 has a known moderate severity vulnerability, https://github.com/advisories/GHSA-g7hc-96xr-gvvx [TargetFramework=net9.0]
C:\Projects\Hazina\src\Tools\Services\Hazina.Tools.Services\Hazina.Tools.Services.csproj : warning NU1902: Package 'MimeKit' 4.13.0 has a known moderate severity vulnerability, https://github.com/advisories/GHSA-g7hc-96xr-gvvx [TargetFramework=net10.0]
C:\Projects\Hazina\src\Tools\Services\Hazina.Tools.Services.Chat\Hazina.Tools.Services.Chat.csproj : warning NU1902: Package 'MimeKit' 4.13.0 has a known moderate severity vulnerability, https://github.com/advisories/GHSA-g7hc-96xr-gvvx [TargetFramework=net8.0]
C:\Projects\Hazina\src\Tools\Services\Hazina.Tools.Services.Intake\Hazina.Tools.Services.Intake.csproj : warning NU1902: Package 'MimeKit' 4.13.0 has a known moderate severity vulnerability, https://github.com/advisories/GHSA-g7hc-96xr-gvvx [TargetFramework=net8.0]
C:\Projects\Hazina\src\Tools\Services\Hazina.Tools.Services.Prompts\Hazina.Tools.Services.Prompts.csproj : warning NU1902: Package 'MimeKit' 4.13.0 has a known moderate severity vulnerability, https://github.com/advisories/GHSA-g7hc-96xr-gvvx [TargetFramework=net8.0]
C:\Projects\Hazina\src\Tools\Services\Hazina.Tools.Services.Prompts\Hazina.Tools.Services.Prompts.csproj : warning NU1902: Package 'MimeKit' 4.13.0 has a known moderate severity vulnerability, https://github.com/advisories/GHSA-g7hc-96xr-gvvx [TargetFramework=net9.0]
C:\Projects\Hazina\src\Tools\Services\Hazina.Tools.Services.Prompts\Hazina.Tools.Services.Prompts.csproj : warning NU1902: Package 'MimeKit' 4.13.0 has a known moderate severity vulnerability, https://github.com/advisories/GHSA-g7hc-96xr-gvvx [TargetFramework=net10.0]
C:\Projects\Hazina\src\Tools\Services\Hazina.Tools.Services.DataGathering\Hazina.Tools.Services.DataGathering.csproj : warning NU1902: Package 'MimeKit' 4.13.0 has a known moderate severity vulnerability, https://github.com/advisories/GHSA-g7hc-96xr-gvvx [TargetFramework=net9.0]
C:\Projects\Hazina\src\Tools\Foundation\Hazina.Tools.TextExtraction\Hazina.Tools.TextExtraction.csproj : warning NU1902: Package 'MimeKit' 4.13.0 has a known moderate severity vulnerability, https://github.com/advisories/GHSA-g7hc-96xr-gvvx [TargetFramework=net10.0]
C:\Projects\Hazina\src\Tools\Services\Hazina.Tools.Services\Hazina.Tools.Services.csproj : warning NU1902: Package 'MimeKit' 4.13.0 has a known moderate severity vulnerability, https://github.com/advisories/GHSA-g7hc-96xr-gvvx [TargetFramework=net8.0]
C:\Projects\Hazina\src\Tools\Services\Hazina.Tools.Services\Hazina.Tools.Services.csproj : warning NU1902: Package 'MimeKit' 4.13.0 has a known moderate severity vulnerability, https://github.com/advisories/GHSA-g7hc-96xr-gvvx [TargetFramework=net9.0]
C:\Projects\Hazina\src\Tools\Services\Hazina.Tools.Services.DataGathering\Hazina.Tools.Services.DataGathering.csproj : warning NU1902: Package 'MimeKit' 4.13.0 has a known moderate severity vulnerability, https://github.com/advisories/GHSA-g7hc-96xr-gvvx [TargetFramework=net10.0]
C:\Projects\Hazina\src\Tools\Services\Hazina.Tools.Services.DataGathering\Hazina.Tools.Services.DataGathering.csproj : warning NU1902: Package 'MimeKit' 4.13.0 has a known moderate severity vulnerability, https://github.com/advisories/GHSA-g7hc-96xr-gvvx [TargetFramework=net8.0]
C:\Projects\Hazina\src\Tools\Services\Hazina.Tools.Services.Social\Hazina.Tools.Services.Social.csproj : warning NU1902: Package 'MimeKit' 4.13.0 has a known moderate severity vulnerability, https://github.com/advisories/GHSA-g7hc-96xr-gvvx [TargetFramework=net8.0]
C:\Projects\Hazina\src\Tools\Services\Hazina.Tools.Services.Social\Hazina.Tools.Services.Social.csproj : warning NU1902: Package 'MimeKit' 4.13.0 has a known moderate severity vulnerability, https://github.com/advisories/GHSA-g7hc-96xr-gvvx [TargetFramework=net9.0]
C:\Projects\Hazina\src\Tools\Foundation\Hazina.Tools.TextExtraction\Hazina.Tools.TextExtraction.csproj : warning NU1902: Package 'MimeKit' 4.13.0 has a known moderate severity vulnerability, https://github.com/advisories/GHSA-g7hc-96xr-gvvx [TargetFramework=net9.0]
C:\Projects\Hazina\src\Tools\Services\Hazina.Tools.Services.Intake\Hazina.Tools.Services.Intake.csproj : warning NU1902: Package 'MimeKit' 4.13.0 has a known moderate severity vulnerability, https://github.com/advisories/GHSA-g7hc-96xr-gvvx [TargetFramework=net10.0]
C:\Projects\Hazina\src\Tools\Services\Hazina.Tools.Services.Social\Hazina.Tools.Services.Social.csproj : warning NU1902: Package 'MimeKit' 4.13.0 has a known moderate severity vulnerability, https://github.com/advisories/GHSA-g7hc-96xr-gvvx [TargetFramework=net10.0]
C:\Projects\Hazina\src\Tools\Services\Hazina.Tools.Services.Intake\Hazina.Tools.Services.Intake.csproj : warning NU1902: Package 'MimeKit' 4.13.0 has a known moderate severity vulnerability, https://github.com/advisories/GHSA-g7hc-96xr-gvvx [TargetFramework=net9.0]
C:\Projects\Hazina\src\Tools\Services\Hazina.Tools.Services.WordPress\Hazina.Tools.Services.WordPress.csproj : warning NU1902: Package 'MimeKit' 4.13.0 has a known moderate severity vulnerability, https://github.com/advisories/GHSA-g7hc-96xr-gvvx [TargetFramework=net8.0]
C:\Projects\Hazina\src\Tools\Services\Hazina.Tools.Services.ContentRetrieval\Hazina.Tools.Services.ContentRetrieval.csproj : warning NU1902: Package 'MimeKit' 4.13.0 has a known moderate severity vulnerability, https://github.com/advisories/GHSA-g7hc-96xr-gvvx [TargetFramework=net10.0]
C:\Projects\Hazina\src\Tools\Services\Hazina.Tools.Services.Store\Hazina.Tools.Services.Store.csproj : warning NU1902: Package 'MimeKit' 4.13.0 has a known moderate severity vulnerability, https://github.com/advisories/GHSA-g7hc-96xr-gvvx [TargetFramework=net8.0]
C:\Projects\Hazina\src\Tools\Services\Hazina.Tools.Services.Store\Hazina.Tools.Services.Store.csproj : warning NU1902: Package 'MimeKit' 4.13.0 has a known moderate severity vulnerability, https://github.com/advisories/GHSA-g7hc-96xr-gvvx [TargetFramework=net10.0]
C:\Projects\Hazina\src\Tools\Services\Hazina.Tools.Services.WordPress\Hazina.Tools.Services.WordPress.csproj : warning NU1902: Package 'MimeKit' 4.13.0 has a known moderate severity vulnerability, https://github.com/advisories/GHSA-g7hc-96xr-gvvx [TargetFramework=net9.0]
C:\Projects\Hazina\src\Tools\Services\Hazina.Tools.Services.ContentRetrieval\Hazina.Tools.Services.ContentRetrieval.csproj : warning NU1902: Package 'MimeKit' 4.13.0 has a known moderate severity vulnerability, https://github.com/advisories/GHSA-g7hc-96xr-gvvx [TargetFramework=net8.0]
C:\Projects\Hazina\src\Tools\Services\Hazina.Tools.Services.WordPress\Hazina.Tools.Services.WordPress.csproj : warning NU1902: Package 'MimeKit' 4.13.0 has a known moderate severity vulnerability, https://github.com/advisories/GHSA-g7hc-96xr-gvvx [TargetFramework=net10.0]
C:\Projects\Hazina\src\Tools\Foundation\Hazina.Tools.TextExtraction\Hazina.Tools.TextExtraction.csproj : warning NU1902: Package 'MimeKit' 4.13.0 has a known moderate severity vulnerability, https://github.com/advisories/GHSA-g7hc-96xr-gvvx [TargetFramework=net8.0]
C:\Projects\Hazina\src\Tools\Services\Hazina.Tools.Services.ContentRetrieval\Hazina.Tools.Services.ContentRetrieval.csproj : warning NU1902: Package 'MimeKit' 4.13.0 has a known moderate severity vulnerability, https://github.com/advisories/GHSA-g7hc-96xr-gvvx [TargetFramework=net9.0]
C:\Projects\Hazina\src\Tools\Services\Hazina.Tools.Services.Embeddings\Hazina.Tools.Services.Embeddings.csproj : warning NU1902: Package 'MimeKit' 4.13.0 has a known moderate severity vulnerability, https://github.com/advisories/GHSA-g7hc-96xr-gvvx [TargetFramework=net8.0]
C:\Projects\Hazina\src\Tools\Services\Hazina.Tools.Services.Store\Hazina.Tools.Services.Store.csproj : warning NU1902: Package 'MimeKit' 4.13.0 has a known moderate severity vulnerability, https://github.com/advisories/GHSA-g7hc-96xr-gvvx [TargetFramework=net9.0]
C:\Projects\Hazina\src\Tools\Services\Hazina.Tools.Services.FileOps\Hazina.Tools.Services.FileOps.csproj : warning NU1902: Package 'MimeKit' 4.13.0 has a known moderate severity vulnerability, https://github.com/advisories/GHSA-g7hc-96xr-gvvx [TargetFramework=net8.0]
C:\Projects\Hazina\src\Core\AI\Hazina.AI.FluentAPI\Hazina.AI.FluentAPI.csproj : warning NU1902: Package 'MimeKit' 4.13.0 has a known moderate severity vulnerability, https://github.com/advisories/GHSA-g7hc-96xr-gvvx [TargetFramework=net8.0]
C:\Projects\Hazina\src\Tools\Services\Hazina.Tools.Services.FileOps\Hazina.Tools.Services.FileOps.csproj : warning NU1902: Package 'MimeKit' 4.13.0 has a known moderate severity vulnerability, https://github.com/advisories/GHSA-g7hc-96xr-gvvx [TargetFramework=net9.0]
C:\Projects\Hazina\src\Core\AI\Hazina.AI.FluentAPI\Hazina.AI.FluentAPI.csproj : warning NU1902: Package 'MimeKit' 4.13.0 has a known moderate severity vulnerability, https://github.com/advisories/GHSA-g7hc-96xr-gvvx [TargetFramework=net9.0]
C:\Projects\Hazina\src\Core\AI\Hazina.AI.FluentAPI\Hazina.AI.FluentAPI.csproj : warning NU1902: Package 'MimeKit' 4.13.0 has a known moderate severity vulnerability, https://github.com/advisories/GHSA-g7hc-96xr-gvvx [TargetFramework=net10.0]
C:\Projects\Hazina\src\Tools\Services\Hazina.Tools.Services.Embeddings\Hazina.Tools.Services.Embeddings.csproj : warning NU1902: Package 'MimeKit' 4.13.0 has a known moderate severity vulnerability, https://github.com/advisories/GHSA-g7hc-96xr-gvvx [TargetFramework=net9.0]
C:\Projects\Hazina\src\Tools\Services\Hazina.Tools.Services.BigQuery\Hazina.Tools.Services.BigQuery.csproj : warning NU1902: Package 'MimeKit' 4.13.0 has a known moderate severity vulnerability, https://github.com/advisories/GHSA-g7hc-96xr-gvvx [TargetFramework=net10.0]
C:\Projects\Hazina\src\Tools\Services\Hazina.Tools.Services.Web\Hazina.Tools.Services.Web.csproj : warning NU1902: Package 'MimeKit' 4.13.0 has a known moderate severity vulnerability, https://github.com/advisories/GHSA-g7hc-96xr-gvvx [TargetFramework=net9.0]
C:\Projects\Hazina\src\Tools\Services\Hazina.Tools.Services.Web\Hazina.Tools.Services.Web.csproj : warning NU1902: Package 'MimeKit' 4.13.0 has a known moderate severity vulnerability, https://github.com/advisories/GHSA-g7hc-96xr-gvvx [TargetFramework=net8.0]
C:\Projects\Hazina\src\Tools\Services\Hazina.Tools.Services.Web\Hazina.Tools.Services.Web.csproj : warning NU1902: Package 'MimeKit' 4.13.0 has a known moderate severity vulnerability, https://github.com/advisories/GHSA-g7hc-96xr-gvvx [TargetFramework=net10.0]
C:\Projects\Hazina\src\Tools\Services\Hazina.Tools.Services.Embeddings\Hazina.Tools.Services.Embeddings.csproj : warning NU1902: Package 'MimeKit' 4.13.0 has a known moderate severity vulnerability, https://github.com/advisories/GHSA-g7hc-96xr-gvvx [TargetFramework=net10.0]
C:\Projects\Hazina\src\Tools\Services\Hazina.Tools.Services.BigQuery\Hazina.Tools.Services.BigQuery.csproj : warning NU1902: Package 'MimeKit' 4.13.0 has a known moderate severity vulnerability, https://github.com/advisories/GHSA-g7hc-96xr-gvvx [TargetFramework=net9.0]
C:\Projects\Hazina\src\Tools\Services\Hazina.Tools.Services.Images\Hazina.Tools.Services.Images.csproj : warning NU1902: Package 'MimeKit' 4.13.0 has a known moderate severity vulnerability, https://github.com/advisories/GHSA-g7hc-96xr-gvvx [TargetFramework=net8.0]
C:\Projects\Hazina\src\Tools\Services\Hazina.Tools.Services.Images\Hazina.Tools.Services.Images.csproj : warning NU1902: Package 'MimeKit' 4.13.0 has a known moderate severity vulnerability, https://github.com/advisories/GHSA-g7hc-96xr-gvvx [TargetFramework=net10.0]
C:\Projects\Hazina\src\Tools\Services\Hazina.Tools.Services.Images\Hazina.Tools.Services.Images.csproj : warning NU1902: Package 'MimeKit' 4.13.0 has a known moderate severity vulnerability, https://github.com/advisories/GHSA-g7hc-96xr-gvvx [TargetFramework=net9.0]
C:\Projects\Hazina\src\Tools\Services\Hazina.Tools.Services.Database\Hazina.Tools.Services.Database.csproj : warning NU1902: Package 'MimeKit' 4.13.0 has a known moderate severity vulnerability, https://github.com/advisories/GHSA-g7hc-96xr-gvvx [TargetFramework=net9.0]
C:\Projects\Hazina\src\Tools\Services\Hazina.Tools.Services.Database\Hazina.Tools.Services.Database.csproj : warning NU1902: Package 'MimeKit' 4.13.0 has a known moderate severity vulnerability, https://github.com/advisories/GHSA-g7hc-96xr-gvvx [TargetFramework=net8.0]
C:\Projects\Hazina\src\Tools\Services\Hazina.Tools.Services.Database\Hazina.Tools.Services.Database.csproj : warning NU1902: Package 'MimeKit' 4.13.0 has a known moderate severity vulnerability, https://github.com/advisories/GHSA-g7hc-96xr-gvvx [TargetFramework=net10.0]
C:\Projects\Hazina\src\Tools\Services\Hazina.Tools.Services.FileOps\Hazina.Tools.Services.FileOps.csproj : warning NU1902: Package 'MimeKit' 4.13.0 has a known moderate severity vulnerability, https://github.com/advisories/GHSA-g7hc-96xr-gvvx [TargetFramework=net10.0]
C:\Projects\Hazina\src\Core\Observability\Hazina.Observability.Core\Hazina.Observability.Core.csproj : warning NU1902: Package 'OpenTelemetry.Api' 1.10.0 has a known moderate severity vulnerability, https://github.com/advisories/GHSA-8785-wc3w-h8q6 [TargetFramework=net8.0]
C:\Projects\Hazina\src\Core\Observability\Hazina.Observability.Core\Hazina.Observability.Core.csproj : warning NU1902: Package 'OpenTelemetry.Api' 1.10.0 has a known moderate severity vulnerability, https://github.com/advisories/GHSA-8785-wc3w-h8q6 [TargetFramework=net9.0]
C:\Projects\Hazina\src\Core\Observability\Hazina.Observability.Core\Hazina.Observability.Core.csproj : warning NU1902: Package 'OpenTelemetry.Api' 1.10.0 has a known moderate severity vulnerability, https://github.com/advisories/GHSA-8785-wc3w-h8q6 [TargetFramework=net10.0]
C:\Projects\Hazina\src\Core\Observability\Hazina.Observability.AspNetCore\Hazina.Observability.AspNetCore.csproj : warning NU1902: Package 'OpenTelemetry.Api' 1.11.0 has a known moderate severity vulnerability, https://github.com/advisories/GHSA-8785-wc3w-h8q6 [TargetFramework=net9.0]
C:\Projects\Hazina\src\Core\Observability\Hazina.Observability.AspNetCore\Hazina.Observability.AspNetCore.csproj : warning NU1902: Package 'OpenTelemetry.Api' 1.11.0 has a known moderate severity vulnerability, https://github.com/advisories/GHSA-8785-wc3w-h8q6 [TargetFramework=net8.0]
C:\Projects\Hazina\src\Core\Observability\Hazina.Observability.AspNetCore\Hazina.Observability.AspNetCore.csproj : warning NU1902: Package 'OpenTelemetry.Api' 1.11.0 has a known moderate severity vulnerability, https://github.com/advisories/GHSA-8785-wc3w-h8q6 [TargetFramework=net10.0]
C:\Projects\Hazina\src\Tools\Migration\Hazina.Tools.Migration\Hazina.Tools.Migration.csproj : warning NU1902: Package 'MimeKit' 4.13.0 has a known moderate severity vulnerability, https://github.com/advisories/GHSA-g7hc-96xr-gvvx [TargetFramework=net8.0]
C:\Projects\Hazina\src\Tools\Services\Hazina.Tools.Services.ToolAgent\Hazina.Tools.Services.ToolAgent.csproj : warning NU1902: Package 'MimeKit' 4.13.0 has a known moderate severity vulnerability, https://github.com/advisories/GHSA-g7hc-96xr-gvvx [TargetFramework=net8.0]
C:\Projects\Hazina\src\Tools\Migration\Hazina.Tools.Migration\Hazina.Tools.Migration.csproj : warning NU1902: Package 'MimeKit' 4.13.0 has a known moderate severity vulnerability, https://github.com/advisories/GHSA-g7hc-96xr-gvvx [TargetFramework=net10.0]
C:\Projects\Hazina\src\Tools\Services\Hazina.Tools.Services.ToolAgent\Hazina.Tools.Services.ToolAgent.csproj : warning NU1902: Package 'MimeKit' 4.13.0 has a known moderate severity vulnerability, https://github.com/advisories/GHSA-g7hc-96xr-gvvx [TargetFramework=net9.0]
C:\Projects\Hazina\src\Tools\Migration\Hazina.Tools.Migration\Hazina.Tools.Migration.csproj : warning NU1902: Package 'MimeKit' 4.13.0 has a known moderate severity vulnerability, https://github.com/advisories/GHSA-g7hc-96xr-gvvx [TargetFramework=net9.0]
C:\Projects\Hazina\src\Tools\Services\Hazina.Tools.Services.ToolAgent\Hazina.Tools.Services.ToolAgent.csproj : warning NU1902: Package 'MimeKit' 4.13.0 has a known moderate severity vulnerability, https://github.com/advisories/GHSA-g7hc-96xr-gvvx [TargetFramework=net10.0]
C:\Projects\Hazina\src\Tools\Services\Hazina.Tools.Services.BigQuery\Hazina.Tools.Services.BigQuery.csproj : warning NU1902: Package 'MimeKit' 4.13.0 has a known moderate severity vulnerability, https://github.com/advisories/GHSA-g7hc-96xr-gvvx [TargetFramework=net8.0]
C:\Projects\Hazina\Tests\Core\Observability\Hazina.Observability.Core.LoadTests\Hazina.Observability.Core.LoadTests.csproj : warning NU1601: Dependency specified was NBomber (>= 5.10.3) but ended up with NBomber 6.0.0.
C:\Program Files\dotnet\sdk\10.0.103\Sdks\Microsoft.NET.Sdk\targets\Microsoft.NET.Sdk.DefaultItems.targets(158,5): warning NETSDK1137: It is no longer necessary to use the Microsoft.NET.Sdk.WindowsDesktop SDK. Consider changing the Sdk attribute of the root Project element to 'Microsoft.NET.Sdk'. [C:\Projects\Hazina\apps\Desktop\Hazina.App.Windows\Hazina.App.Windows.csproj]
C:\Program Files\dotnet\sdk\10.0.103\Sdks\Microsoft.NET.Sdk\targets\Microsoft.NET.Sdk.DefaultItems.targets(158,5): warning NETSDK1137: It is no longer necessary to use the Microsoft.NET.Sdk.WindowsDesktop SDK. Consider changing the Sdk attribute of the root Project element to 'Microsoft.NET.Sdk'. [C:\Projects\Hazina\apps\Desktop\Hazina.App.ExplorerIntegration\Hazina.App.ExplorerIntegration.csproj]
C:\Projects\Hazina\src\Tools\Foundation\Hazina.Tools.ContextCompression\Hazina.Tools.ContextCompression.csproj : warning NU1902: Package 'MimeKit' 4.13.0 has a known moderate severity vulnerability, https://github.com/advisories/GHSA-g7hc-96xr-gvvx [TargetFramework=net8.0]
C:\Projects\Hazina\src\Tools\Services\Hazina.Tools.Services.GoogleDrive\Hazina.Tools.Services.GoogleDrive.csproj : warning NU1902: Package 'MimeKit' 4.13.0 has a known moderate severity vulnerability, https://github.com/advisories/GHSA-g7hc-96xr-gvvx [TargetFramework=net8.0]
C:\Projects\Hazina\src\Tools\Services\Hazina.Tools.Services.GoogleDrive\Hazina.Tools.Services.GoogleDrive.csproj : warning NU1902: Package 'MimeKit' 4.13.0 has a known moderate severity vulnerability, https://github.com/advisories/GHSA-g7hc-96xr-gvvx [TargetFramework=net9.0]
C:\Projects\Hazina\src\Tools\Services\Hazina.Tools.Services.GoogleDrive\Hazina.Tools.Services.GoogleDrive.csproj : warning NU1902: Package 'MimeKit' 4.13.0 has a known moderate severity vulnerability, https://github.com/advisories/GHSA-g7hc-96xr-gvvx [TargetFramework=net10.0]
C:\Projects\Hazina\src\Tools\Foundation\Hazina.Tools.ContextCompression\Hazina.Tools.ContextCompression.csproj : warning NU1902: Package 'MimeKit' 4.13.0 has a known moderate severity vulnerability, https://github.com/advisories/GHSA-g7hc-96xr-gvvx [TargetFramework=net10.0]
C:\Projects\Hazina\src\Tools\Foundation\Hazina.Tools.ContextCompression\Hazina.Tools.ContextCompression.csproj : warning NU1902: Package 'MimeKit' 4.13.0 has a known moderate severity vulnerability, https://github.com/advisories/GHSA-g7hc-96xr-gvvx [TargetFramework=net9.0]
C:\Program Files\dotnet\sdk\10.0.103\Microsoft.Common.CurrentVersion.targets(2437,5): warning MSB3277: Found conflicts between different versions of "System.Text.Json" that could not be resolved. [C:\Projects\Hazina\apps\Desktop\Hazina.App.EmbeddingsViewer\Hazina.App.EmbeddingsViewer.csproj]
C:\Program Files\dotnet\sdk\10.0.103\Microsoft.Common.CurrentVersion.targets(2437,5): warning MSB3277: There was a conflict between "System.Text.Json, Version=9.0.0.0, Culture=neutral, PublicKeyToken=cc7b13ffcd2ddd51" and "System.Text.Json, Version=10.0.0.0, Culture=neutral, PublicKeyToken=cc7b13ffcd2ddd51". [C:\Projects\Hazina\apps\Desktop\Hazina.App.EmbeddingsViewer\Hazina.App.EmbeddingsViewer.csproj]
C:\Program Files\dotnet\sdk\10.0.103\Microsoft.Common.CurrentVersion.targets(2437,5): warning MSB3277:     "System.Text.Json, Version=9.0.0.0, Culture=neutral, PublicKeyToken=cc7b13ffcd2ddd51" was chosen because it was primary and "System.Text.Json, Version=10.0.0.0, Culture=neutral, PublicKeyToken=cc7b13ffcd2ddd51" was not. [C:\Projects\Hazina\apps\Desktop\Hazina.App.EmbeddingsViewer\Hazina.App.EmbeddingsViewer.csproj]
C:\Program Files\dotnet\sdk\10.0.103\Microsoft.Common.CurrentVersion.targets(2437,5): warning MSB3277:     References which depend on "System.Text.Json, Version=9.0.0.0, Culture=neutral, PublicKeyToken=cc7b13ffcd2ddd51" [E:\nuget-cache\.nuget\microsoft.netcore.app.ref\9.0.13\ref\net9.0\System.Text.Json.dll]. [C:\Projects\Hazina\apps\Desktop\Hazina.App.EmbeddingsViewer\Hazina.App.EmbeddingsViewer.csproj]
C:\Program Files\dotnet\sdk\10.0.103\Microsoft.Common.CurrentVersion.targets(2437,5): warning MSB3277:         E:\nuget-cache\.nuget\microsoft.netcore.app.ref\9.0.13\ref\net9.0\System.Text.Json.dll [C:\Projects\Hazina\apps\Desktop\Hazina.App.EmbeddingsViewer\Hazina.App.EmbeddingsViewer.csproj]
C:\Program Files\dotnet\sdk\10.0.103\Microsoft.Common.CurrentVersion.targets(2437,5): warning MSB3277:           Project file item includes which caused reference "E:\nuget-cache\.nuget\microsoft.netcore.app.ref\9.0.13\ref\net9.0\System.Text.Json.dll". [C:\Projects\Hazina\apps\Desktop\Hazina.App.EmbeddingsViewer\Hazina.App.EmbeddingsViewer.csproj]
C:\Program Files\dotnet\sdk\10.0.103\Microsoft.Common.CurrentVersion.targets(2437,5): warning MSB3277:             E:\nuget-cache\.nuget\microsoft.netcore.app.ref\9.0.13\ref/net9.0/System.Text.Json.dll [C:\Projects\Hazina\apps\Desktop\Hazina.App.EmbeddingsViewer\Hazina.App.EmbeddingsViewer.csproj]
C:\Program Files\dotnet\sdk\10.0.103\Microsoft.Common.CurrentVersion.targets(2437,5): warning MSB3277:     References which depend on or have been unified to "System.Text.Json, Version=10.0.0.0, Culture=neutral, PublicKeyToken=cc7b13ffcd2ddd51" []. [C:\Projects\Hazina\apps\Desktop\Hazina.App.EmbeddingsViewer\Hazina.App.EmbeddingsViewer.csproj]
C:\Program Files\dotnet\sdk\10.0.103\Microsoft.Common.CurrentVersion.targets(2437,5): warning MSB3277:         C:\Projects\Hazina\src\Core\Storage\Hazina.Store.EmbeddingStore\bin\Debug\net9.0\Hazina.Store.EmbeddingStore.dll [C:\Projects\Hazina\apps\Desktop\Hazina.App.EmbeddingsViewer\Hazina.App.EmbeddingsViewer.csproj]
C:\Program Files\dotnet\sdk\10.0.103\Microsoft.Common.CurrentVersion.targets(2437,5): warning MSB3277:           Project file item includes which caused reference "C:\Projects\Hazina\src\Core\Storage\Hazina.Store.EmbeddingStore\bin\Debug\net9.0\Hazina.Store.EmbeddingStore.dll". [C:\Projects\Hazina\apps\Desktop\Hazina.App.EmbeddingsViewer\Hazina.App.EmbeddingsViewer.csproj]
C:\Program Files\dotnet\sdk\10.0.103\Microsoft.Common.CurrentVersion.targets(2437,5): warning MSB3277:             C:\Projects\Hazina\src\Core\Storage\Hazina.Store.EmbeddingStore\bin\Debug\net9.0\Hazina.Store.EmbeddingStore.dll [C:\Projects\Hazina\apps\Desktop\Hazina.App.EmbeddingsViewer\Hazina.App.EmbeddingsViewer.csproj]
C:\Program Files\dotnet\sdk\10.0.103\Microsoft.Common.CurrentVersion.targets(2437,5): warning MSB3277:         C:\Projects\Hazina\src\Core\LLMs\Hazina.LLMs.Classes\bin\Debug\net9.0\Hazina.LLMs.Classes.dll [C:\Projects\Hazina\apps\Desktop\Hazina.App.EmbeddingsViewer\Hazina.App.EmbeddingsViewer.csproj]
C:\Program Files\dotnet\sdk\10.0.103\Microsoft.Common.CurrentVersion.targets(2437,5): warning MSB3277:           Project file item includes which caused reference "C:\Projects\Hazina\src\Core\LLMs\Hazina.LLMs.Classes\bin\Debug\net9.0\Hazina.LLMs.Classes.dll". [C:\Projects\Hazina\apps\Desktop\Hazina.App.EmbeddingsViewer\Hazina.App.EmbeddingsViewer.csproj]
C:\Program Files\dotnet\sdk\10.0.103\Microsoft.Common.CurrentVersion.targets(2437,5): warning MSB3277:             C:\Projects\Hazina\src\Core\LLMs\Hazina.LLMs.Classes\bin\Debug\net9.0\Hazina.LLMs.Classes.dll [C:\Projects\Hazina\apps\Desktop\Hazina.App.EmbeddingsViewer\Hazina.App.EmbeddingsViewer.csproj]
C:\Program Files\dotnet\sdk\10.0.103\Microsoft.Common.CurrentVersion.targets(2437,5): warning MSB3277:             C:\Projects\Hazina\src\Core\LLMs\Hazina.LLMs.Client\bin\Debug\net9.0\Hazina.LLMs.Client.dll [C:\Projects\Hazina\apps\Desktop\Hazina.App.EmbeddingsViewer\Hazina.App.EmbeddingsViewer.csproj]
C:\Program Files\dotnet\sdk\10.0.103\Microsoft.Common.CurrentVersion.targets(2437,5): warning MSB3277:             C:\Projects\Hazina\src\Core\Storage\Hazina.Store.EmbeddingStore\bin\Debug\net9.0\Hazina.Store.EmbeddingStore.dll [C:\Projects\Hazina\apps\Desktop\Hazina.App.EmbeddingsViewer\Hazina.App.EmbeddingsViewer.csproj]
C:\Program Files\dotnet\sdk\10.0.103\Microsoft.Common.CurrentVersion.targets(2437,5): warning MSB3277:         C:\Projects\Hazina\src\Core\LLMs\Hazina.LLMs.Client\bin\Debug\net9.0\Hazina.LLMs.Client.dll [C:\Projects\Hazina\apps\Desktop\Hazina.App.EmbeddingsViewer\Hazina.App.EmbeddingsViewer.csproj]
C:\Program Files\dotnet\sdk\10.0.103\Microsoft.Common.CurrentVersion.targets(2437,5): warning MSB3277:           Project file item includes which caused reference "C:\Projects\Hazina\src\Core\LLMs\Hazina.LLMs.Client\bin\Debug\net9.0\Hazina.LLMs.Client.dll". [C:\Projects\Hazina\apps\Desktop\Hazina.App.EmbeddingsViewer\Hazina.App.EmbeddingsViewer.csproj]
C:\Program Files\dotnet\sdk\10.0.103\Microsoft.Common.CurrentVersion.targets(2437,5): warning MSB3277:             C:\Projects\Hazina\src\Core\LLMs\Hazina.LLMs.Client\bin\Debug\net9.0\Hazina.LLMs.Client.dll [C:\Projects\Hazina\apps\Desktop\Hazina.App.EmbeddingsViewer\Hazina.App.EmbeddingsViewer.csproj]
C:\Program Files\dotnet\sdk\10.0.103\Microsoft.Common.CurrentVersion.targets(2437,5): warning MSB3277:             C:\Projects\Hazina\src\Core\Storage\Hazina.Store.EmbeddingStore\bin\Debug\net9.0\Hazina.Store.EmbeddingStore.dll [C:\Projects\Hazina\apps\Desktop\Hazina.App.EmbeddingsViewer\Hazina.App.EmbeddingsViewer.csproj]
C:\Program Files\dotnet\sdk\10.0.103\Microsoft.Common.CurrentVersion.targets(2437,5): warning MSB3277:         C:\Projects\Hazina\src\Core\LLMs\Hazina.LLMs.Helpers\bin\Debug\net9.0\Hazina.LLMs.Helpers.dll [C:\Projects\Hazina\apps\Desktop\Hazina.App.EmbeddingsViewer\Hazina.App.EmbeddingsViewer.csproj]
C:\Program Files\dotnet\sdk\10.0.103\Microsoft.Common.CurrentVersion.targets(2437,5): warning MSB3277:           Project file item includes which caused reference "C:\Projects\Hazina\src\Core\LLMs\Hazina.LLMs.Helpers\bin\Debug\net9.0\Hazina.LLMs.Helpers.dll". [C:\Projects\Hazina\apps\Desktop\Hazina.App.EmbeddingsViewer\Hazina.App.EmbeddingsViewer.csproj]
C:\Program Files\dotnet\sdk\10.0.103\Microsoft.Common.CurrentVersion.targets(2437,5): warning MSB3277:             C:\Projects\Hazina\src\Core\LLMs\Hazina.LLMs.Helpers\bin\Debug\net9.0\Hazina.LLMs.Helpers.dll [C:\Projects\Hazina\apps\Desktop\Hazina.App.EmbeddingsViewer\Hazina.App.EmbeddingsViewer.csproj]
C:\Program Files\dotnet\sdk\10.0.103\Microsoft.Common.CurrentVersion.targets(2437,5): warning MSB3277:             C:\Projects\Hazina\src\Core\Storage\Hazina.Store.EmbeddingStore\bin\Debug\net9.0\Hazina.Store.EmbeddingStore.dll [C:\Projects\Hazina\apps\Desktop\Hazina.App.EmbeddingsViewer\Hazina.App.EmbeddingsViewer.csproj]
C:\Program Files\dotnet\sdk\10.0.103\Microsoft.Common.CurrentVersion.targets(2437,5): warning MSB3277:             C:\Projects\Hazina\src\Core\LLMs\Hazina.LLMs.Client\bin\Debug\net9.0\Hazina.LLMs.Client.dll [C:\Projects\Hazina\apps\Desktop\Hazina.App.EmbeddingsViewer\Hazina.App.EmbeddingsViewer.csproj]
C:\Projects\Hazina\src\Core\API\Hazina.API.Generic\Hazina.API.Generic.csproj : warning NU1902: Package 'MimeKit' 4.13.0 has a known moderate severity vulnerability, https://github.com/advisories/GHSA-g7hc-96xr-gvvx [TargetFramework=net9.0]
C:\Projects\Hazina\src\Core\API\Hazina.API.Generic\Hazina.API.Generic.csproj : warning NU1902: Package 'MimeKit' 4.13.0 has a known moderate severity vulnerability, https://github.com/advisories/GHSA-g7hc-96xr-gvvx [TargetFramework=net10.0]
C:\Projects\Hazina\src\Core\API\Hazina.API.Generic\Hazina.API.Generic.csproj : warning NU1902: Package 'MimeKit' 4.13.0 has a known moderate severity vulnerability, https://github.com/advisories/GHSA-g7hc-96xr-gvvx [TargetFramework=net8.0]
C:\Projects\Hazina\src\Hazina.AgenticOrchestration\Hazina.AgenticOrchestration.csproj : warning NU1902: Package 'MimeKit' 4.13.0 has a known moderate severity vulnerability, https://github.com/advisories/GHSA-g7hc-96xr-gvvx [TargetFramework=net8.0]
C:\Projects\Hazina\src\Hazina.AgenticOrchestration\Hazina.AgenticOrchestration.csproj : warning NU1902: Package 'MimeKit' 4.13.0 has a known moderate severity vulnerability, https://github.com/advisories/GHSA-g7hc-96xr-gvvx [TargetFramework=net10.0]
C:\Projects\Hazina\src\Hazina.AgenticOrchestration\Hazina.AgenticOrchestration.csproj : warning NU1902: Package 'MimeKit' 4.13.0 has a known moderate severity vulnerability, https://github.com/advisories/GHSA-g7hc-96xr-gvvx [TargetFramework=net9.0]
C:\Projects\Hazina\apps\Demos\Hazina.Demo.Postgres\Program.cs(75,34): warning CS0618: 'PgVectorTextEmbeddingStore' is obsolete: 'Use PgVectorStore with EmbeddingService instead. See Store/EmbeddingStore/PgVectorStore.cs' [C:\Projects\Hazina\apps\Demos\Hazina.Demo.Postgres\Hazina.Demo.Postgres.csproj]
CSC : warning CA1016: Mark assemblies with assembly version (https://learn.microsoft.com/dotnet/fundamentals/code-analysis/quality-rules/ca1016) [C:\Projects\Hazina\apps\Demos\Hazina.Demo.Postgres\Hazina.Demo.Postgres.csproj]
C:\Projects\Hazina\apps\Demos\Hazina.Demo.Postgres\Program.cs(5,7): warning MA0047: Declare type 'DummyLLMClient' in a namespace (https://github.com/meziantou/Meziantou.Analyzer/blob/main/docs/Rules/MA0047.md) [C:\Projects\Hazina\apps\Demos\Hazina.Demo.Postgres\Hazina.Demo.Postgres.csproj]
C:\Projects\Hazina\apps\Demos\Hazina.Demo.Postgres\Program.cs(5,7): warning MA0048: File name must match type name (https://github.com/meziantou/Meziantou.Analyzer/blob/main/docs/Rules/MA0048.md) [C:\Projects\Hazina\apps\Demos\Hazina.Demo.Postgres\Hazina.Demo.Postgres.csproj]
C:\Projects\Hazina\apps\Demos\Hazina.Demo.Postgres\Program.cs(62,7): warning MA0047: Declare type 'Program' in a namespace (https://github.com/meziantou/Meziantou.Analyzer/blob/main/docs/Rules/MA0047.md) [C:\Projects\Hazina\apps\Demos\Hazina.Demo.Postgres\Hazina.Demo.Postgres.csproj]
C:\Projects\Hazina\apps\Demos\Hazina.Demo.Postgres\Program.cs(62,7): warning S1118: Add a 'protected' constructor or the 'static' keyword to the class declaration. (https://rules.sonarsource.com/csharp/RSPEC-1118) [C:\Projects\Hazina\apps\Demos\Hazina.Demo.Postgres\Hazina.Demo.Postgres.csproj]
C:\Projects\Hazina\apps\Demos\Hazina.Demo.Postgres\Program.cs(1,1): warning SA1633: The file header is missing or not located at the top of the file. (https://github.com/DotNetAnalyzers/StyleCopAnalyzers/blob/master/documentation/SA1633.md) [C:\Projects\Hazina\apps\Demos\Hazina.Demo.Postgres\Hazina.Demo.Postgres.csproj]
C:\Projects\Hazina\apps\Demos\Hazina.Demo.Postgres\Program.cs(5,7): warning SA1649: File name should match first type name (https://github.com/DotNetAnalyzers/StyleCopAnalyzers/blob/master/documentation/SA1649.md) [C:\Projects\Hazina\apps\Demos\Hazina.Demo.Postgres\Hazina.Demo.Postgres.csproj]
C:\Projects\Hazina\apps\Demos\Hazina.Demo.Postgres\Program.cs(39,10): warning SA1513: Closing brace should be followed by blank line (https://github.com/DotNetAnalyzers/StyleCopAnalyzers/blob/master/documentation/SA1513.md) [C:\Projects\Hazina\apps\Demos\Hazina.Demo.Postgres\Hazina.Demo.Postgres.csproj]
C:\Projects\Hazina\apps\Demos\Hazina.Demo.Postgres\Program.cs(28,9): warning SA1515: Single-line comment should be preceded by blank line (https://github.com/DotNetAnalyzers/StyleCopAnalyzers/blob/master/documentation/SA1515.md) [C:\Projects\Hazina\apps\Demos\Hazina.Demo.Postgres\Hazina.Demo.Postgres.csproj]
C:\Projects\Hazina\apps\Demos\Hazina.Demo.Postgres\Program.cs(62,7): warning S3903: Move 'Program' into a named namespace. (https://rules.sonarsource.com/csharp/RSPEC-3903) [C:\Projects\Hazina\apps\Demos\Hazina.Demo.Postgres\Hazina.Demo.Postgres.csproj]
C:\Projects\Hazina\apps\Demos\Hazina.Demo.Postgres\Program.cs(62,7): warning SA1400: Element 'Program' should declare an access modifier (https://github.com/DotNetAnalyzers/StyleCopAnalyzers/blob/master/documentation/SA1400.md) [C:\Projects\Hazina\apps\Demos\Hazina.Demo.Postgres\Hazina.Demo.Postgres.csproj]
C:\Projects\Hazina\apps\Demos\Hazina.Demo.Postgres\Program.cs(98,2): warning SA1518: File is required to end with a single newline character (https://github.com/DotNetAnalyzers/StyleCopAnalyzers/blob/master/documentation/SA1518.md) [C:\Projects\Hazina\apps\Demos\Hazina.Demo.Postgres\Hazina.Demo.Postgres.csproj]
C:\Projects\Hazina\apps\Demos\Hazina.Demo.Postgres\Program.cs(5,7): warning SA1402: File may only contain a single type (https://github.com/DotNetAnalyzers/StyleCopAnalyzers/blob/master/documentation/SA1402.md) [C:\Projects\Hazina\apps\Demos\Hazina.Demo.Postgres\Hazina.Demo.Postgres.csproj]
C:\Projects\Hazina\apps\Demos\Hazina.Demo.Postgres\Program.cs(5,7): warning S101: Rename class 'DummyLLMClient' to match pascal case naming rules, consider using 'DummyLlmClient'. (https://rules.sonarsource.com/csharp/RSPEC-101) [C:\Projects\Hazina\apps\Demos\Hazina.Demo.Postgres\Hazina.Demo.Postgres.csproj]
C:\Projects\Hazina\apps\Demos\Hazina.Demo.Postgres\Program.cs(5,7): warning S3903: Move 'DummyLLMClient' into a named namespace. (https://rules.sonarsource.com/csharp/RSPEC-3903) [C:\Projects\Hazina\apps\Demos\Hazina.Demo.Postgres\Hazina.Demo.Postgres.csproj]
C:\Projects\Hazina\apps\Demos\Hazina.Demo.Postgres\Program.cs(8,1): warning SA1516: Elements should be separated by blank line (https://github.com/DotNetAnalyzers/StyleCopAnalyzers/blob/master/documentation/SA1516.md) [C:\Projects\Hazina\apps\Demos\Hazina.Demo.Postgres\Hazina.Demo.Postgres.csproj]
C:\Projects\Hazina\apps\Demos\Hazina.Demo.Postgres\Program.cs(5,7): warning SA1400: Element 'DummyLLMClient' should declare an access modifier (https://github.com/DotNetAnalyzers/StyleCopAnalyzers/blob/master/documentation/SA1400.md) [C:\Projects\Hazina\apps\Demos\Hazina.Demo.Postgres\Hazina.Demo.Postgres.csproj]
C:\Projects\Hazina\apps\Demos\Hazina.Demo.Postgres\Program.cs(44,12): warning MA0025: Implement the functionality (or raise NotSupportedException or PlatformNotSupportedException) (https://github.com/meziantou/Meziantou.Analyzer/blob/main/docs/Rules/MA0025.md) [C:\Projects\Hazina\apps\Demos\Hazina.Demo.Postgres\Hazina.Demo.Postgres.csproj]
C:\Projects\Hazina\apps\Demos\Hazina.Demo.Postgres\Program.cs(21,13): warning SA1503: Braces should not be omitted (https://github.com/DotNetAnalyzers/StyleCopAnalyzers/blob/master/documentation/SA1503.md) [C:\Projects\Hazina\apps\Demos\Hazina.Demo.Postgres\Hazina.Demo.Postgres.csproj]
C:\Projects\Hazina\apps\Demos\Hazina.Demo.Postgres\Program.cs(47,12): warning MA0025: Implement the functionality (or raise NotSupportedException or PlatformNotSupportedException) (https://github.com/meziantou/Meziantou.Analyzer/blob/main/docs/Rules/MA0025.md) [C:\Projects\Hazina\apps\Demos\Hazina.Demo.Postgres\Hazina.Demo.Postgres.csproj]
C:\Projects\Hazina\apps\Demos\Hazina.Demo.Postgres\Program.cs(53,12): warning MA0025: Implement the functionality (or raise NotSupportedException or PlatformNotSupportedException) (https://github.com/meziantou/Meziantou.Analyzer/blob/main/docs/Rules/MA0025.md) [C:\Projects\Hazina\apps\Demos\Hazina.Demo.Postgres\Hazina.Demo.Postgres.csproj]
C:\Projects\Hazina\apps\Demos\Hazina.Demo.Postgres\Program.cs(55,63): warning SA1314: Type parameter names should begin with T (https://github.com/DotNetAnalyzers/StyleCopAnalyzers/blob/master/documentation/SA1314.md) [C:\Projects\Hazina\apps\Demos\Hazina.Demo.Postgres\Hazina.Demo.Postgres.csproj]
C:\Projects\Hazina\apps\Demos\Hazina.Demo.Postgres\Program.cs(55,223): warning SA1127: Generic type constraints should be on their own line (https://github.com/DotNetAnalyzers/StyleCopAnalyzers/blob/master/documentation/SA1127.md) [C:\Projects\Hazina\apps\Demos\Hazina.Demo.Postgres\Hazina.Demo.Postgres.csproj]
C:\Projects\Hazina\apps\Demos\Hazina.Demo.Postgres\Program.cs(56,12): warning MA0025: Implement the functionality (or raise NotSupportedException or PlatformNotSupportedException) (https://github.com/meziantou/Meziantou.Analyzer/blob/main/docs/Rules/MA0025.md) [C:\Projects\Hazina\apps\Demos\Hazina.Demo.Postgres\Hazina.Demo.Postgres.csproj]
C:\Projects\Hazina\apps\Demos\Hazina.Demo.Postgres\Program.cs(49,57): warning SA1314: Type parameter names should begin with T (https://github.com/DotNetAnalyzers/StyleCopAnalyzers/blob/master/documentation/SA1314.md) [C:\Projects\Hazina\apps\Demos\Hazina.Demo.Postgres\Hazina.Demo.Postgres.csproj]
C:\Projects\Hazina\apps\Demos\Hazina.Demo.Postgres\Program.cs(49,185): warning SA1127: Generic type constraints should be on their own line (https://github.com/DotNetAnalyzers/StyleCopAnalyzers/blob/master/documentation/SA1127.md) [C:\Projects\Hazina\apps\Demos\Hazina.Demo.Postgres\Hazina.Demo.Postgres.csproj]
C:\Projects\Hazina\apps\Demos\Hazina.Demo.Postgres\Program.cs(50,12): warning MA0025: Implement the functionality (or raise NotSupportedException or PlatformNotSupportedException) (https://github.com/meziantou/Meziantou.Analyzer/blob/main/docs/Rules/MA0025.md) [C:\Projects\Hazina\apps\Demos\Hazina.Demo.Postgres\Hazina.Demo.Postgres.csproj]
C:\Projects\Hazina\apps\Demos\Hazina.Demo.Postgres\Program.cs(64,28): warning SA1400: Element 'Main' should declare an access modifier (https://github.com/DotNetAnalyzers/StyleCopAnalyzers/blob/master/documentation/SA1400.md) [C:\Projects\Hazina\apps\Demos\Hazina.Demo.Postgres\Hazina.Demo.Postgres.csproj]
C:\Projects\Hazina\apps\Demos\Hazina.Demo.Postgres\Program.cs(86,9): warning MA0004: Use Task.ConfigureAwait(false) if the current SynchronizationContext is not needed (https://github.com/meziantou/Meziantou.Analyzer/blob/main/docs/Rules/MA0004.md) [C:\Projects\Hazina\apps\Demos\Hazina.Demo.Postgres\Hazina.Demo.Postgres.csproj]
C:\Projects\Hazina\apps\Demos\Hazina.Demo.Postgres\Program.cs(89,23): warning MA0004: Use Task.ConfigureAwait(false) if the current SynchronizationContext is not needed (https://github.com/meziantou/Meziantou.Analyzer/blob/main/docs/Rules/MA0004.md) [C:\Projects\Hazina\apps\Demos\Hazina.Demo.Postgres\Hazina.Demo.Postgres.csproj]
C:\Projects\Hazina\apps\Demos\Hazina.Demo.Postgres\Program.cs(38,25): warning SA1119: Statement should not use unnecessary parenthesis (https://github.com/DotNetAnalyzers/StyleCopAnalyzers/blob/master/documentation/SA1119.md) [C:\Projects\Hazina\apps\Demos\Hazina.Demo.Postgres\Hazina.Demo.Postgres.csproj]
C:\Projects\Hazina\apps\Demos\Hazina.Demo.Postgres\Program.cs(34,29): warning SA1407: Arithmetic expressions should declare precedence (https://github.com/DotNetAnalyzers/StyleCopAnalyzers/blob/master/documentation/SA1407.md) [C:\Projects\Hazina\apps\Demos\Hazina.Demo.Postgres\Hazina.Demo.Postgres.csproj]
C:\Projects\Hazina\apps\Demos\Hazina.Demo.Postgres\Program.cs(35,29): warning SA1407: Arithmetic expressions should declare precedence (https://github.com/DotNetAnalyzers/StyleCopAnalyzers/blob/master/documentation/SA1407.md) [C:\Projects\Hazina\apps\Demos\Hazina.Demo.Postgres\Hazina.Demo.Postgres.csproj]
C:\Projects\Hazina\apps\Demos\Hazina.Demo.Postgres\Program.cs(36,29): warning SA1407: Arithmetic expressions should declare precedence (https://github.com/DotNetAnalyzers/StyleCopAnalyzers/blob/master/documentation/SA1407.md) [C:\Projects\Hazina\apps\Demos\Hazina.Demo.Postgres\Hazina.Demo.Postgres.csproj]
C:\Projects\Hazina\apps\Demos\Hazina.Demo.Postgres\Program.cs(85,27): warning CA1303: Method 'Task<int> Program.Main(string[] args)' passes a literal string as parameter 'value' of a call to 'void Console.WriteLine(string? value)'. Retrieve the following string(s) from a resource table instead: "Storing 'examples/demo.txt' to Postgres...". (https://learn.microsoft.com/dotnet/fundamentals/code-analysis/quality-rules/ca1303) [C:\Projects\Hazina\apps\Demos\Hazina.Demo.Postgres\Hazina.Demo.Postgres.csproj]
C:\Projects\Hazina\apps\Demos\Hazina.Demo.Postgres\Program.cs(90,27): warning CA1303: Method 'Task<int> Program.Main(string[] args)' passes a literal string as parameter 'value' of a call to 'void Console.WriteLine(string? value)'. Retrieve the following string(s) from a resource table instead: "Fetched content:". (https://learn.microsoft.com/dotnet/fundamentals/code-analysis/quality-rules/ca1303) [C:\Projects\Hazina\apps\Demos\Hazina.Demo.Postgres\Hazina.Demo.Postgres.csproj]
C:\Projects\Hazina\apps\Demos\Hazina.Demo.Postgres\Program.cs(95,27): warning CA1303: Method 'Task<int> Program.Main(string[] args)' passes a literal string as parameter 'value' of a call to 'void Console.WriteLine(string? value)'. Retrieve the following string(s) from a resource table instead: "Done.". (https://learn.microsoft.com/dotnet/fundamentals/code-analysis/quality-rules/ca1303) [C:\Projects\Hazina\apps\Demos\Hazina.Demo.Postgres\Hazina.Demo.Postgres.csproj]
C:\Projects\Hazina\apps\Demos\Hazina.Demo.Postgres\Program.cs(27,21): warning CA1850: Prefer static 'System.Security.Cryptography.SHA256.HashData' method over 'ComputeHash' (https://learn.microsoft.com/dotnet/fundamentals/code-analysis/quality-rules/ca1850) [C:\Projects\Hazina\apps\Demos\Hazina.Demo.Postgres\Hazina.Demo.Postgres.csproj]
C:\Projects\Hazina\apps\Demos\Hazina.Demo.Postgres\Program.cs(62,7): warning CA1852: Type 'Program' can be sealed because it has no subtypes in its containing assembly and is not externally visible (https://learn.microsoft.com/dotnet/fundamentals/code-analysis/quality-rules/ca1852) [C:\Projects\Hazina\apps\Demos\Hazina.Demo.Postgres\Hazina.Demo.Postgres.csproj]
C:\Projects\Hazina\apps\Demos\Hazina.Demo.Postgres\Program.cs(5,7): warning CA1852: Type 'DummyLLMClient' can be sealed because it has no subtypes in its containing assembly and is not externally visible (https://learn.microsoft.com/dotnet/fundamentals/code-analysis/quality-rules/ca1852) [C:\Projects\Hazina\apps\Demos\Hazina.Demo.Postgres\Hazina.Demo.Postgres.csproj]
CSC : warning S3904: Provide an 'AssemblyVersion' attribute for assembly 'Hazina.Demo.Postgres'. (https://rules.sonarsource.com/csharp/RSPEC-3904) [C:\Projects\Hazina\apps\Demos\Hazina.Demo.Postgres\Hazina.Demo.Postgres.csproj]
C:\Projects\Hazina\src\Core\Agents\Hazina.Generator\Core\DocumentGenerator.cs(18,5): warning S125: Remove this commented out code. (https://rules.sonarsource.com/csharp/RSPEC-125) [C:\Projects\Hazina\src\Core\Agents\Hazina.Generator\Hazina.Generator.csproj::TargetFramework=net9.0]
C:\Projects\Hazina\src\Core\Agents\Hazina.Generator\Core\DocumentGenerator.cs(44,9): warning S125: Remove this commented out code. (https://rules.sonarsource.com/csharp/RSPEC-125) [C:\Projects\Hazina\src\Core\Agents\Hazina.Generator\Hazina.Generator.csproj::TargetFramework=net9.0]
C:\Projects\Hazina\src\Core\Agents\Hazina.Generator\Core\DocumentGenerator.cs(56,9): warning S125: Remove this commented out code. (https://rules.sonarsource.com/csharp/RSPEC-125) [C:\Projects\Hazina\src\Core\Agents\Hazina.Generator\Hazina.Generator.csproj::TargetFramework=net9.0]
C:\Projects\Hazina\src\Core\Agents\Hazina.Generator\Core\DocumentGenerator.cs(3,1): warning SA1208: Using directive for 'System.Collections.Generic' should appear before directive for 'OpenAI.Chat' (https://github.com/DotNetAnalyzers/StyleCopAnalyzers/blob/master/documentation/SA1208.md) [C:\Projects\Hazina\src\Core\Agents\Hazina.Generator\Hazina.Generator.csproj::TargetFramework=net9.0]
C:\Projects\Hazina\src\Core\Agents\Hazina.Generator\Core\DocumentGenerator.cs(4,1): warning SA1208: Using directive for 'System.IO' should appear before directive for 'OpenAI.Chat' (https://github.com/DotNetAnalyzers/StyleCopAnalyzers/blob/master/documentation/SA1208.md) [C:\Projects\Hazina\src\Core\Agents\Hazina.Generator\Hazina.Generator.csproj::TargetFramework=net9.0]
C:\Projects\Hazina\src\Core\Agents\Hazina.Generator\Core\DocumentGenerator.cs(5,1): warning SA1208: Using directive for 'System.Security.Cryptography' should appear before directive for 'OpenAI.Chat' (https://github.com/DotNetAnalyzers/StyleCopAnalyzers/blob/master/documentation/SA1208.md) [C:\Projects\Hazina\src\Core\Agents\Hazina.Generator\Hazina.Generator.csproj::TargetFramework=net9.0]
C:\Projects\Hazina\src\Core\Agents\Hazina.Generator\Core\DocumentGenerator.cs(6,1): warning SA1208: Using directive for 'System.Text.Json' should appear before directive for 'OpenAI.Chat' (https://github.com/DotNetAnalyzers/StyleCopAnalyzers/blob/master/documentation/SA1208.md) [C:\Projects\Hazina\src\Core\Agents\Hazina.Generator\Hazina.Generator.csproj::TargetFramework=net9.0]
C:\Projects\Hazina\src\Core\Agents\Hazina.Generator\Core\DocumentGenerator.cs(7,1): warning SA1208: Using directive for 'System.Threading.Channels' should appear before directive for 'OpenAI.Chat' (https://github.com/DotNetAnalyzers/StyleCopAnalyzers/blob/master/documentation/SA1208.md) [C:\Projects\Hazina\src\Core\Agents\Hazina.Generator\Hazina.Generator.csproj::TargetFramework=net9.0]
C:\Projects\Hazina\src\Core\Agents\Hazina.Generator\Core\DocumentGenerator.cs(2,1): warning SA1210: Using directives should be ordered alphabetically by the namespaces (https://github.com/DotNetAnalyzers/StyleCopAnalyzers/blob/master/documentation/SA1210.md) [C:\Projects\Hazina\src\Core\Agents\Hazina.Generator\Hazina.Generator.csproj::TargetFramework=net9.0]
C:\Projects\Hazina\src\Core\Agents\Hazina.Generator\Core\DocumentGenerator.cs(113,9): warning S125: Remove this commented out code. (https://rules.sonarsource.com/csharp/RSPEC-125) [C:\Projects\Hazina\src\Core\Agents\Hazina.Generator\Hazina.Generator.csproj::TargetFramework=net9.0]
C:\Projects\Hazina\src\Core\Agents\Hazina.Generator\Models\DeleteDocumentRequest.cs(1,14): warning CA1050: Declare types in namespaces (https://learn.microsoft.com/dotnet/fundamentals/code-analysis/quality-rules/ca1050) [C:\Projects\Hazina\src\Core\Agents\Hazina.Generator\Hazina.Generator.csproj::TargetFramework=net9.0]
C:\Projects\Hazina\src\Core\Agents\Hazina.Generator\Models\DeleteDocumentRequest.cs(6,14): warning CA1050: Declare types in namespaces (https://learn.microsoft.com/dotnet/fundamentals/code-analysis/quality-rules/ca1050) [C:\Projects\Hazina\src\Core\Agents\Hazina.Generator\Hazina.Generator.csproj::TargetFramework=net9.0]
C:\Projects\Hazina\src\Core\Agents\Hazina.Generator\Models\DeleteDocumentRequest.cs(6,14): warning MA0047: Declare type 'MoveDocumentRequest' in a namespace (https://github.com/meziantou/Meziantou.Analyzer/blob/main/docs/Rules/MA0047.md) [C:\Projects\Hazina\src\Core\Agents\Hazina.Generator\Hazina.Generator.csproj::TargetFramework=net9.0]
C:\Projects\Hazina\src\Core\Agents\Hazina.Generator\Models\DeleteDocumentRequest.cs(1,14): warning MA0047: Declare type 'DeleteDocumentRequest' in a namespace (https://github.com/meziantou/Meziantou.Analyzer/blob/main/docs/Rules/MA0047.md) [C:\Projects\Hazina\src\Core\Agents\Hazina.Generator\Hazina.Generator.csproj::TargetFramework=net9.0]
C:\Projects\Hazina\src\Core\Agents\Hazina.Generator\Models\DeleteDocumentRequest.cs(6,14): warning MA0048: File name must match type name (https://github.com/meziantou/Meziantou.Analyzer/blob/main/docs/Rules/MA0048.md) [C:\Projects\Hazina\src\Core\Agents\Hazina.Generator\Hazina.Generator.csproj::TargetFramework=net9.0]
C:\Projects\Hazina\src\Core\Agents\Hazina.Generator\Models\DeleteDocumentRequest.cs(6,14): warning S3903: Move 'MoveDocumentRequest' into a named namespace. (https://rules.sonarsource.com/csharp/RSPEC-3903) [C:\Projects\Hazina\src\Core\Agents\Hazina.Generator\Hazina.Generator.csproj::TargetFramework=net9.0]
C:\Projects\Hazina\src\Core\Agents\Hazina.Generator\Models\DeleteDocumentRequest.cs(1,14): warning S3903: Move 'DeleteDocumentRequest' into a named namespace. (https://rules.sonarsource.com/csharp/RSPEC-3903) [C:\Projects\Hazina\src\Core\Agents\Hazina.Generator\Hazina.Generator.csproj::TargetFramework=net9.0]
C:\Projects\Hazina\src\Core\Agents\Hazina.Generator\Models\DeleteDocumentRequest.cs(9,1): warning SA1516: Elements should be separated by blank line (https://github.com/DotNetAnalyzers/StyleCopAnalyzers/blob/master/documentation/SA1516.md) [C:\Projects\Hazina\src\Core\Agents\Hazina.Generator\Hazina.Generator.csproj::TargetFramework=net9.0]
C:\Projects\Hazina\src\Core\Agents\Hazina.Generator\Core\DocumentGenerator.cs(1,1): warning SA1633: The file header is missing or not located at the top of the file. (https://github.com/DotNetAnalyzers/StyleCopAnalyzers/blob/master/documentation/SA1633.md) [C:\Projects\Hazina\src\Core\Agents\Hazina.Generator\Hazina.Generator.csproj::TargetFramework=net9.0]
C:\Projects\Hazina\src\Core\Agents\Hazina.Generator\Core\DocumentGenerator.cs(179,1): warning SA1507: Code should not contain multiple blank lines in a row (https://github.com/DotNetAnalyzers/StyleCopAnalyzers/blob/master/documentation/SA1507.md) [C:\Projects\Hazina\src\Core\Agents\Hazina.Generator\Hazina.Generator.csproj::TargetFramework=net9.0]
C:\Projects\Hazina\src\Core\Agents\Hazina.Generator\Core\DocumentGenerator.cs(134,9): warning SA1512: Single-line comments should not be followed by blank line (https://github.com/DotNetAnalyzers/StyleCopAnalyzers/blob/master/documentation/SA1512.md) [C:\Projects\Hazina\src\Core\Agents\Hazina.Generator\Hazina.Generator.csproj::TargetFramework=net9.0]
C:\Projects\Hazina\src\Core\Agents\Hazina.Generator\Core\DocumentGenerator.cs(166,14): warning SA1513: Closing brace should be followed by blank line (https://github.com/DotNetAnalyzers/StyleCopAnalyzers/blob/master/documentation/SA1513.md) [C:\Projects\Hazina\src\Core\Agents\Hazina.Generator\Hazina.Generator.csproj::TargetFramework=net9.0]
C:\Projects\Hazina\src\Core\Agents\Hazina.Generator\Core\DocumentGenerator.cs(171,14): warning SA1513: Closing brace should be followed by blank line (https://github.com/DotNetAnalyzers/StyleCopAnalyzers/blob/master/documentation/SA1513.md) [C:\Projects\Hazina\src\Core\Agents\Hazina.Generator\Hazina.Generator.csproj::TargetFramework=net9.0]
C:\Projects\Hazina\src\Core\Agents\Hazina.Generator\Core\DocumentGenerator.cs(203,14): warning SA1513: Closing brace should be followed by blank line (https://github.com/DotNetAnalyzers/StyleCopAnalyzers/blob/master/documentation/SA1513.md) [C:\Projects\Hazina\src\Core\Agents\Hazina.Generator\Hazina.Generator.csproj::TargetFramework=net9.0]
C:\Projects\Hazina\src\Core\Agents\Hazina.Generator\Core\DocumentGenerator.cs(210,10): warning SA1513: Closing brace should be followed by blank line (https://github.com/DotNetAnalyzers/StyleCopAnalyzers/blob/master/documentation/SA1513.md) [C:\Projects\Hazina\src\Core\Agents\Hazina.Generator\Hazina.Generator.csproj::TargetFramework=net9.0]
C:\Projects\Hazina\src\Core\Agents\Hazina.Generator\Core\DocumentGenerator.cs(216,10): warning SA1513: Closing brace should be followed by blank line (https://github.com/DotNetAnalyzers/StyleCopAnalyzers/blob/master/documentation/SA1513.md) [C:\Projects\Hazina\src\Core\Agents\Hazina.Generator\Hazina.Generator.csproj::TargetFramework=net9.0]
C:\Projects\Hazina\src\Core\Agents\Hazina.Generator\Core\DocumentGenerator.cs(223,10): warning SA1513: Closing brace should be followed by blank line (https://github.com/DotNetAnalyzers/StyleCopAnalyzers/blob/master/documentation/SA1513.md) [C:\Projects\Hazina\src\Core\Agents\Hazina.Generator\Hazina.Generator.csproj::TargetFramework=net9.0]
C:\Projects\Hazina\src\Core\Agents\Hazina.Generator\Core\DocumentGenerator.cs(18,5): warning SA1515: Single-line comment should be preceded by blank line (https://github.com/DotNetAnalyzers/StyleCopAnalyzers/blob/master/documentation/SA1515.md) [C:\Projects\Hazina\src\Core\Agents\Hazina.Generator\Hazina.Generator.csproj::TargetFramework=net9.0]
C:\Projects\Hazina\src\Core\Agents\Hazina.Generator\Core\DocumentGenerator.cs(44,9): warning SA1515: Single-line comment should be preceded by blank line (https://github.com/DotNetAnalyzers/StyleCopAnalyzers/blob/master/documentation/SA1515.md) [C:\Projects\Hazina\src\Core\Agents\Hazina.Generator\Hazina.Generator.csproj::TargetFramework=net9.0]
C:\Projects\Hazina\src\Core\Agents\Hazina.Generator\Core\DocumentGenerator.cs(56,9): warning SA1515: Single-line comment should be preceded by blank line (https://github.com/DotNetAnalyzers/StyleCopAnalyzers/blob/master/documentation/SA1515.md) [C:\Projects\Hazina\src\Core\Agents\Hazina.Generator\Hazina.Generator.csproj::TargetFramework=net9.0]
C:\Projects\Hazina\src\Core\Agents\Hazina.Generator\Models\DeleteDocumentRequest.cs(9,43): warning SA1122: Use string.Empty for empty strings (https://github.com/DotNetAnalyzers/StyleCopAnalyzers/blob/master/documentation/SA1122.md) [C:\Projects\Hazina\src\Core\Agents\Hazina.Generator\Hazina.Generator.csproj::TargetFramework=net9.0]
C:\Projects\Hazina\src\Core\Agents\Hazina.Generator\Models\ModifyDocumentRequest.cs(1,14): warning CA1050: Declare types in namespaces (https://learn.microsoft.com/dotnet/fundamentals/code-analysis/quality-rules/ca1050) [C:\Projects\Hazina\src\Core\Agents\Hazina.Generator\Hazina.Generator.csproj::TargetFramework=net9.0]
C:\Projects\Hazina\src\Core\Agents\Hazina.Generator\Core\DocumentGenerator.cs(189,9): warning SA1000: The keyword 'if' should be followed by a space (https://github.com/DotNetAnalyzers/StyleCopAnalyzers/blob/master/documentation/SA1000.md) [C:\Projects\Hazina\src\Core\Agents\Hazina.Generator\Hazina.Generator.csproj::TargetFramework=net9.0]
C:\Projects\Hazina\src\Core\Agents\Hazina.Generator\Core\DocumentGenerator.cs(200,13): warning SA1000: The keyword 'foreach' should be followed by a space (https://github.com/DotNetAnalyzers/StyleCopAnalyzers/blob/master/documentation/SA1000.md) [C:\Projects\Hazina\src\Core\Agents\Hazina.Generator\Hazina.Generator.csproj::TargetFramework=net9.0]
C:\Projects\Hazina\src\Core\Agents\Hazina.Generator\Core\DocumentGenerator.cs(218,9): warning SA1000: The keyword 'if' should be followed by a space (https://github.com/DotNetAnalyzers/StyleCopAnalyzers/blob/master/documentation/SA1000.md) [C:\Projects\Hazina\src\Core\Agents\Hazina.Generator\Hazina.Generator.csproj::TargetFramework=net9.0]
C:\Projects\Hazina\src\Core\Agents\Hazina.Generator\Models\ModifyDocumentRequest.cs(1,14): warning MA0047: Declare type 'ModifyDocumentRequest' in a namespace (https://github.com/meziantou/Meziantou.Analyzer/blob/main/docs/Rules/MA0047.md) [C:\Projects\Hazina\src\Core\Agents\Hazina.Generator\Hazina.Generator.csproj::TargetFramework=net9.0]
C:\Projects\Hazina\src\Core\Agents\Hazina.Generator\Models\ModifyDocumentRequest.cs(1,14): warning S3903: Move 'ModifyDocumentRequest' into a named namespace. (https://rules.sonarsource.com/csharp/RSPEC-3903) [C:\Projects\Hazina\src\Core\Agents\Hazina.Generator\Hazina.Generator.csproj::TargetFramework=net9.0]
C:\Projects\Hazina\src\Core\Agents\Hazina.Generator\Core\DocumentGenerator.cs(18,5): warning SA1005: Single line comment should begin with a space (https://github.com/DotNetAnalyzers/StyleCopAnalyzers/blob/master/documentation/SA1005.md) [C:\Projects\Hazina\src\Core\Agents\Hazina.Generator\Hazina.Generator.csproj::TargetFramework=net9.0]
C:\Projects\Hazina\src\Core\Agents\Hazina.Generator\Core\DocumentGenerator.cs(19,5): warning SA1005: Single line comment should begin with a space (https://github.com/DotNetAnalyzers/StyleCopAnalyzers/blob/master/documentation/SA1005.md) [C:\Projects\Hazina\src\Core\Agents\Hazina.Generator\Hazina.Generator.csproj::TargetFramework=net9.0]
C:\Projects\Hazina\src\Core\Agents\Hazina.Generator\Core\DocumentGenerator.cs(44,9): warning SA1005: Single line comment should begin with a space (https://github.com/DotNetAnalyzers/StyleCopAnalyzers/blob/master/documentation/SA1005.md) [C:\Projects\Hazina\src\Core\Agents\Hazina.Generator\Hazina.Generator.csproj::TargetFramework=net9.0]
C:\Projects\Hazina\src\Core\Agents\Hazina.Generator\Core\DocumentGenerator.cs(45,9): warning SA1005: Single line comment should begin with a space (https://github.com/DotNetAnalyzers/StyleCopAnalyzers/blob/master/documentation/SA1005.md) [C:\Projects\Hazina\src\Core\Agents\Hazina.Generator\Hazina.Generator.csproj::TargetFramework=net9.0]
C:\Projects\Hazina\src\Core\Agents\Hazina.Generator\Core\DocumentGenerator.cs(56,9): warning SA1005: Single line comment should begin with a space (https://github.com/DotNetAnalyzers/StyleCopAnalyzers/blob/master/documentation/SA1005.md) [C:\Projects\Hazina\src\Core\Agents\Hazina.Generator\Hazina.Generator.csproj::TargetFramework=net9.0]
C:\Projects\Hazina\src\Core\Agents\Hazina.Generator\Core\DocumentGenerator.cs(57,9): warning SA1005: Single line comment should begin with a space (https://github.com/DotNetAnalyzers/StyleCopAnalyzers/blob/master/documentation/SA1005.md) [C:\Projects\Hazina\src\Core\Agents\Hazina.Generator\Hazina.Generator.csproj::TargetFramework=net9.0]
C:\Projects\Hazina\src\Core\Agents\Hazina.Generator\Core\DocumentGenerator.cs(58,9): warning SA1005: Single line comment should begin with a space (https://github.com/DotNetAnalyzers/StyleCopAnalyzers/blob/master/documentation/SA1005.md) [C:\Projects\Hazina\src\Core\Agents\Hazina.Generator\Hazina.Generator.csproj::TargetFramework=net9.0]
C:\Projects\Hazina\src\Core\Agents\Hazina.Generator\Models\ModifyDocumentRequest.cs(4,1): warning SA1516: Elements should be separated by blank line (https://github.com/DotNetAnalyzers/StyleCopAnalyzers/blob/master/documentation/SA1516.md) [C:\Projects\Hazina\src\Core\Agents\Hazina.Generator\Hazina.Generator.csproj::TargetFramework=net9.0]
C:\Projects\Hazina\src\Core\Agents\Hazina.Generator\Models\ModifyDocumentRequest.cs(5,1): warning SA1516: Elements should be separated by blank line (https://github.com/DotNetAnalyzers/StyleCopAnalyzers/blob/master/documentation/SA1516.md) [C:\Projects\Hazina\src\Core\Agents\Hazina.Generator\Hazina.Generator.csproj::TargetFramework=net9.0]
C:\Projects\Hazina\src\Core\Agents\Hazina.Generator\Models\ModifyDocumentRequest.cs(4,40): warning SA1122: Use string.Empty for empty strings (https://github.com/DotNetAnalyzers/StyleCopAnalyzers/blob/master/documentation/SA1122.md) [C:\Projects\Hazina\src\Core\Agents\Hazina.Generator\Hazina.Generator.csproj::TargetFramework=net9.0]
C:\Projects\Hazina\src\Core\Agents\Hazina.Generator\Core\DocumentGenerator.cs(113,9): warning SA1005: Single line comment should begin with a space (https://github.com/DotNetAnalyzers/StyleCopAnalyzers/blob/master/documentation/SA1005.md) [C:\Projects\Hazina\src\Core\Agents\Hazina.Generator\Hazina.Generator.csproj::TargetFramework=net9.0]
C:\Projects\Hazina\src\Core\Agents\Hazina.Generator\Core\DocumentGenerator.cs(133,9): warning SA1005: Single line comment should begin with a space (https://github.com/DotNetAnalyzers/StyleCopAnalyzers/blob/master/documentation/SA1005.md) [C:\Projects\Hazina\src\Core\Agents\Hazina.Generator\Hazina.Generator.csproj::TargetFramework=net9.0]
C:\Projects\Hazina\src\Core\Agents\Hazina.Generator\Core\DocumentGenerator.cs(134,9): warning SA1005: Single line comment should begin with a space (https://github.com/DotNetAnalyzers/StyleCopAnalyzers/blob/master/documentation/SA1005.md) [C:\Projects\Hazina\src\Core\Agents\Hazina.Generator\Hazina.Generator.csproj::TargetFramework=net9.0]
C:\Projects\Hazina\src\Core\Agents\Hazina.Generator\Models\DeleteDocumentRequest.cs(8,40): warning SA1122: Use string.Empty for empty strings (https://github.com/DotNetAnalyzers/StyleCopAnalyzers/blob/master/documentation/SA1122.md) [C:\Projects\Hazina\src\Core\Agents\Hazina.Generator\Hazina.Generator.csproj::TargetFramework=net9.0]
C:\Projects\Hazina\src\Core\Agents\Hazina.Generator\Models\ModifyDocumentRequest.cs(5,44): warning SA1122: Use string.Empty for empty strings (https://github.com/DotNetAnalyzers/StyleCopAnalyzers/blob/master/documentation/SA1122.md) [C:\Projects\Hazina\src\Core\Agents\Hazina.Generator\Hazina.Generator.csproj::TargetFramework=net9.0]
C:\Projects\Hazina\src\Core\Agents\Hazina.Generator\Models\DeleteDocumentRequest.cs(3,40): warning SA1122: Use string.Empty for empty strings (https://github.com/DotNetAnalyzers/StyleCopAnalyzers/blob/master/documentation/SA1122.md) [C:\Projects\Hazina\src\Core\Agents\Hazina.Generator\Hazina.Generator.csproj::TargetFramework=net9.0]
C:\Projects\Hazina\src\Core\Agents\Hazina.Generator\Models\StoreSafetyPolicy.cs(6,14): warning CA1050: Declare types in namespaces (https://learn.microsoft.com/dotnet/fundamentals/code-analysis/quality-rules/ca1050) [C:\Projects\Hazina\src\Core\Agents\Hazina.Generator\Hazina.Generator.csproj::TargetFramework=net9.0]
C:\Projects\Hazina\src\Core\Agents\Hazina.Generator\Models\StoreSafetyPolicy.cs(6,14): warning MA0047: Declare type 'StoreSafetyPolicy' in a namespace (https://github.com/meziantou/Meziantou.Analyzer/blob/main/docs/Rules/MA0047.md) [C:\Projects\Hazina\src\Core\Agents\Hazina.Generator\Hazina.Generator.csproj::TargetFramework=net9.0]
C:\Projects\Hazina\src\Core\Agents\Hazina.Generator\Models\StoreSafetyPolicy.cs(19,28): warning CA2227: Change 'AllowedExtensions' to be read-only by removing the property setter (https://learn.microsoft.com/dotnet/fundamentals/code-analysis/quality-rules/ca2227) [C:\Projects\Hazina\src\Core\Agents\Hazina.Generator\Hazina.Generator.csproj::TargetFramework=net9.0]
C:\Projects\Hazina\src\Core\Agents\Hazina.Generator\Models\StoreSafetyPolicy.cs(19,12): warning MA0016: Prefer using collection abstraction instead of implementation (https://github.com/meziantou/Meziantou.Analyzer/blob/main/docs/Rules/MA0016.md) [C:\Projects\Hazina\src\Core\Agents\Hazina.Generator\Hazina.Generator.csproj::TargetFramework=net9.0]
C:\Projects\Hazina\src\Core\Agents\Hazina.Generator\Models\StoreSafetyPolicy.cs(12,17): warning SA1623: The property's documentation summary text should begin with: 'Gets or sets' (https://github.com/DotNetAnalyzers/StyleCopAnalyzers/blob/master/documentation/SA1623.md) [C:\Projects\Hazina\src\Core\Agents\Hazina.Generator\Hazina.Generator.csproj::TargetFramework=net9.0]
C:\Projects\Hazina\src\Core\Agents\Hazina.Generator\Models\StoreSafetyPolicyViolationException.cs(4,14): warning CA1032: Add the following constructor to StoreSafetyPolicyViolationException: public StoreSafetyPolicyViolationException() (https://learn.microsoft.com/dotnet/fundamentals/code-analysis/quality-rules/ca1032) [C:\Projects\Hazina\src\Core\Agents\Hazina.Generator\Hazina.Generator.csproj::TargetFramework=net9.0]
C:\Projects\Hazina\src\Core\Agents\Hazina.Generator\Models\StoreSafetyPolicyViolationException.cs(4,14): warning CA1050: Declare types in namespaces (https://learn.microsoft.com/dotnet/fundamentals/code-analysis/quality-rules/ca1050) [C:\Projects\Hazina\src\Core\Agents\Hazina.Generator\Hazina.Generator.csproj::TargetFramework=net9.0]
C:\Projects\Hazina\src\Core\Agents\Hazina.Generator\Models\StoreSafetyPolicyViolationException.cs(4,14): warning MA0047: Declare type 'StoreSafetyPolicyViolationException' in a namespace (https://github.com/meziantou/Meziantou.Analyzer/blob/main/docs/Rules/MA0047.md) [C:\Projects\Hazina\src\Core\Agents\Hazina.Generator\Hazina.Generator.csproj::TargetFramework=net9.0]
C:\Projects\Hazina\src\Core\Agents\Hazina.Generator\Models\ModifyDocumentRequest.cs(3,40): warning SA1122: Use string.Empty for empty strings (https://github.com/DotNetAnalyzers/StyleCopAnalyzers/blob/master/documentation/SA1122.md) [C:\Projects\Hazina\src\Core\Agents\Hazina.Generator\Hazina.Generator.csproj::TargetFramework=net9.0]
C:\Projects\Hazina\src\Core\Agents\Hazina.Generator\Models\StoreSafetyPolicy.cs(19,28): warning SA1623: The property's documentation summary text should begin with: 'Gets or sets' (https://github.com/DotNetAnalyzers/StyleCopAnalyzers/blob/master/documentation/SA1623.md) [C:\Projects\Hazina\src\Core\Agents\Hazina.Generator\Hazina.Generator.csproj::TargetFramework=net9.0]
C:\Projects\Hazina\src\Core\Agents\Hazina.Generator\Models\StoreSafetyPolicyViolationException.cs(4,14): warning S3903: Move 'StoreSafetyPolicyViolationException' into a named namespace. (https://rules.sonarsource.com/csharp/RSPEC-3903) [C:\Projects\Hazina\src\Core\Agents\Hazina.Generator\Hazina.Generator.csproj::TargetFramework=net9.0]
C:\Projects\Hazina\src\Core\Agents\Hazina.Generator\Models\StoreSafetyPolicy.cs(31,17): warning SA1623: The property's documentation summary text should begin with: 'Gets or sets a value indicating whether' (https://github.com/DotNetAnalyzers/StyleCopAnalyzers/blob/master/documentation/SA1623.md) [C:\Projects\Hazina\src\Core\Agents\Hazina.Generator\Hazina.Generator.csproj::TargetFramework=net9.0]
C:\Projects\Hazina\src\Core\Agents\Hazina.Generator\Models\StoreSafetyPolicy.cs(6,14): warning S3903: Move 'StoreSafetyPolicy' into a named namespace. (https://rules.sonarsource.com/csharp/RSPEC-3903) [C:\Projects\Hazina\src\Core\Agents\Hazina.Generator\Hazina.Generator.csproj::TargetFramework=net9.0]
C:\Projects\Hazina\src\Core\Agents\Hazina.Generator\Interfaces\IDocumentGenerator.cs(3,18): warning CA1050: Declare types in namespaces (https://learn.microsoft.com/dotnet/fundamentals/code-analysis/quality-rules/ca1050) [C:\Projects\Hazina\src\Core\Agents\Hazina.Generator\Hazina.Generator.csproj::TargetFramework=net9.0]
C:\Projects\Hazina\src\Core\Agents\Hazina.Generator\Interfaces\IDocumentGenerator.cs(3,18): warning MA0047: Declare type 'IDocumentGenerator' in a namespace (https://github.com/meziantou/Meziantou.Analyzer/blob/main/docs/Rules/MA0047.md) [C:\Projects\Hazina\src\Core\Agents\Hazina.Generator\Hazina.Generator.csproj::TargetFramework=net9.0]
C:\Projects\Hazina\src\Core\Agents\Hazina.Generator\Models\UpdateStoreResponse.cs(5,39): warning CA2227: Change 'Moves' to be read-only by removing the property setter (https://learn.microsoft.com/dotnet/fundamentals/code-analysis/quality-rules/ca2227) [C:\Projects\Hazina\src\Core\Agents\Hazina.Generator\Hazina.Generator.csproj::TargetFramework=net9.0]
C:\Projects\Hazina\src\Core\Agents\Hazina.Generator\Models\UpdateStoreResponse.cs(3,14): warning CA1050: Declare types in namespaces (https://learn.microsoft.com/dotnet/fundamentals/code-analysis/quality-rules/ca1050) [C:\Projects\Hazina\src\Core\Agents\Hazina.Generator\Hazina.Generator.csproj::TargetFramework=net9.0]
C:\Projects\Hazina\src\Core\Agents\Hazina.Generator\Models\UpdateStoreResponse.cs(5,39): warning CA1002: Change 'List<MoveDocumentRequest>' in 'UpdateStoreResponse.Moves' to use 'Collection<T>', 'ReadOnlyCollection<T>' or 'KeyedCollection<K,V>' (https://learn.microsoft.com/dotnet/fundamentals/code-analysis/quality-rules/ca1002) [C:\Projects\Hazina\src\Core\Agents\Hazina.Generator\Hazina.Generator.csproj::TargetFramework=net9.0]
C:\Projects\Hazina\src\Core\Agents\Hazina.Generator\Models\UpdateStoreResponse.cs(5,12): warning MA0016: Prefer using collection abstraction instead of implementation (https://github.com/meziantou/Meziantou.Analyzer/blob/main/docs/Rules/MA0016.md) [C:\Projects\Hazina\src\Core\Agents\Hazina.Generator\Hazina.Generator.csproj::TargetFramework=net9.0]
C:\Projects\Hazina\src\Core\Agents\Hazina.Generator\Interfaces\IDocumentGenerator.cs(3,18): warning S3903: Move 'IDocumentGenerator' into a named namespace. (https://rules.sonarsource.com/csharp/RSPEC-3903) [C:\Projects\Hazina\src\Core\Agents\Hazina.Generator\Hazina.Generator.csproj::TargetFramework=net9.0]
C:\Projects\Hazina\src\Core\Agents\Hazina.Generator\Models\UpdateStoreResponse.cs(6,41): warning CA2227: Change 'Deletions' to be read-only by removing the property setter (https://learn.microsoft.com/dotnet/fundamentals/code-analysis/quality-rules/ca2227) [C:\Projects\Hazina\src\Core\Agents\Hazina.Generator\Hazina.Generator.csproj::TargetFramework=net9.0]
C:\Projects\Hazina\src\Core\Agents\Hazina.Generator\Models\UpdateStoreResponse.cs(6,41): warning CA1002: Change 'List<DeleteDocumentRequest>' in 'UpdateStoreResponse.Deletions' to use 'Collection<T>', 'ReadOnlyCollection<T>' or 'KeyedCollection<K,V>' (https://learn.microsoft.com/dotnet/fundamentals/code-analysis/quality-rules/ca1002) [C:\Projects\Hazina\src\Core\Agents\Hazina.Generator\Hazina.Generator.csproj::TargetFramework=net9.0]
C:\Projects\Hazina\src\Core\Agents\Hazina.Generator\Models\UpdateStoreResponse.cs(3,14): warning MA0047: Declare type 'UpdateStoreResponse' in a namespace (https://github.com/meziantou/Meziantou.Analyzer/blob/main/docs/Rules/MA0047.md) [C:\Projects\Hazina\src\Core\Agents\Hazina.Generator\Hazina.Generator.csproj::TargetFramework=net9.0]
C:\Projects\Hazina\src\Core\Agents\Hazina.Generator\Interfaces\IDocumentGenerator.cs(5,31): warning S4136: All 'GetResponse' method overloads should be adjacent. (https://rules.sonarsource.com/csharp/RSPEC-4136) [C:\Projects\Hazina\src\Core\Agents\Hazina.Generator\Hazina.Generator.csproj::TargetFramework=net9.0]
C:\Projects\Hazina\src\Core\Agents\Hazina.Generator\Interfaces\IDocumentGenerator.cs(6,31): warning S4136: All 'StreamResponse' method overloads should be adjacent. (https://rules.sonarsource.com/csharp/RSPEC-4136) [C:\Projects\Hazina\src\Core\Agents\Hazina.Generator\Hazina.Generator.csproj::TargetFramework=net9.0]
C:\Projects\Hazina\src\Core\Agents\Hazina.Generator\Models\StoreSafetyPolicyViolationException.cs(1,1): warning SA1514: Element documentation header should be preceded by blank line (https://github.com/DotNetAnalyzers/StyleCopAnalyzers/blob/master/documentation/SA1514.md) [C:\Projects\Hazina\src\Core\Agents\Hazina.Generator\Hazina.Generator.csproj::TargetFramework=net9.0]
C:\Projects\Hazina\src\Core\Agents\Hazina.Generator\Models\UpdateStoreResponse.cs(7,41): warning CA2227: Change 'Modifications' to be read-only by removing the property setter (https://learn.microsoft.com/dotnet/fundamentals/code-analysis/quality-rules/ca2227) [C:\Projects\Hazina\src\Core\Agents\Hazina.Generator\Hazina.Generator.csproj::TargetFramework=net9.0]
C:\Projects\Hazina\src\Core\Agents\Hazina.Generator\Models\UpdateStoreResponse.cs(7,41): warning CA1002: Change 'List<ModifyDocumentRequest>' in 'UpdateStoreResponse.Modifications' to use 'Collection<T>', 'ReadOnlyCollection<T>' or 'KeyedCollection<K,V>' (https://learn.microsoft.com/dotnet/fundamentals/code-analysis/quality-rules/ca1002) [C:\Projects\Hazina\src\Core\Agents\Hazina.Generator\Hazina.Generator.csproj::TargetFramework=net9.0]
C:\Projects\Hazina\src\Core\Agents\Hazina.Generator\Models\UpdateStoreResponse.cs(7,12): warning MA0016: Prefer using collection abstraction instead of implementation (https://github.com/meziantou/Meziantou.Analyzer/blob/main/docs/Rules/MA0016.md) [C:\Projects\Hazina\src\Core\Agents\Hazina.Generator\Hazina.Generator.csproj::TargetFramework=net9.0]
C:\Projects\Hazina\src\Core\Agents\Hazina.Generator\Models\UpdateStoreResponse.cs(6,12): warning MA0016: Prefer using collection abstraction instead of implementation (https://github.com/meziantou/Meziantou.Analyzer/blob/main/docs/Rules/MA0016.md) [C:\Projects\Hazina\src\Core\Agents\Hazina.Generator\Hazina.Generator.csproj::TargetFramework=net9.0]
C:\Projects\Hazina\src\Core\Agents\Hazina.Generator\Models\StoreSafetyPolicy.cs(1,1): warning SA1514: Element documentation header should be preceded by blank line (https://github.com/DotNetAnalyzers/StyleCopAnalyzers/blob/master/documentation/SA1514.md) [C:\Projects\Hazina\src\Core\Agents\Hazina.Generator\Hazina.Generator.csproj::TargetFramework=net9.0]
C:\Projects\Hazina\src\Core\Agents\Hazina.Generator\Interfaces\IDocumentGenerator.cs(6,1): warning SA1516: Elements should be separated by blank line (https://github.com/DotNetAnalyzers/StyleCopAnalyzers/blob/master/documentation/SA1516.md) [C:\Projects\Hazina\src\Core\Agents\Hazina.Generator\Hazina.Generator.csproj::TargetFramework=net9.0]
C:\Projects\Hazina\src\Core\Agents\Hazina.Generator\Interfaces\IDocumentGenerator.cs(7,1): warning SA1516: Elements should be separated by blank line (https://github.com/DotNetAnalyzers/StyleCopAnalyzers/blob/master/documentation/SA1516.md) [C:\Projects\Hazina\src\Core\Agents\Hazina.Generator\Hazina.Generator.csproj::TargetFramework=net9.0]
C:\Projects\Hazina\src\Core\Agents\Hazina.Generator\Interfaces\IDocumentGenerator.cs(8,1): warning SA1516: Elements should be separated by blank line (https://github.com/DotNetAnalyzers/StyleCopAnalyzers/blob/master/documentation/SA1516.md) [C:\Projects\Hazina\src\Core\Agents\Hazina.Generator\Hazina.Generator.csproj::TargetFramework=net9.0]
C:\Projects\Hazina\src\Core\Agents\Hazina.Generator\Interfaces\IDocumentGenerator.cs(9,1): warning SA1516: Elements should be separated by blank line (https://github.com/DotNetAnalyzers/StyleCopAnalyzers/blob/master/documentation/SA1516.md) [C:\Projects\Hazina\src\Core\Agents\Hazina.Generator\Hazina.Generator.csproj::TargetFramework=net9.0]
C:\Projects\Hazina\src\Core\Agents\Hazina.Generator\Interfaces\IDocumentGenerator.cs(10,1): warning SA1516: Elements should be separated by blank line (https://github.com/DotNetAnalyzers/StyleCopAnalyzers/blob/master/documentation/SA1516.md) [C:\Projects\Hazina\src\Core\Agents\Hazina.Generator\Hazina.Generator.csproj::TargetFramework=net9.0]
C:\Projects\Hazina\src\Core\Agents\Hazina.Generator\Models\UpdateStoreResponse.cs(3,14): warning S3903: Move 'UpdateStoreResponse' into a named namespace. (https://rules.sonarsource.com/csharp/RSPEC-3903) [C:\Projects\Hazina\src\Core\Agents\Hazina.Generator\Hazina.Generator.csproj::TargetFramework=net9.0]
C:\Projects\Hazina\src\Core\Agents\Hazina.Generator\Core\DocumentGenerator.cs(17,36): warning CA2227: Change 'ReadonlyStores' to be read-only by removing the property setter (https://learn.microsoft.com/dotnet/fundamentals/code-analysis/quality-rules/ca2227) [C:\Projects\Hazina\src\Core\Agents\Hazina.Generator\Hazina.Generator.csproj::TargetFramework=net9.0]
C:\Projects\Hazina\src\Core\Agents\Hazina.Generator\Core\DocumentGenerator.cs(17,36): warning CA1002: Change 'List<IDocumentStore>' in 'DocumentGenerator.ReadonlyStores' to use 'Collection<T>', 'ReadOnlyCollection<T>' or 'KeyedCollection<K,V>' (https://learn.microsoft.com/dotnet/fundamentals/code-analysis/quality-rules/ca1002) [C:\Projects\Hazina\src\Core\Agents\Hazina.Generator\Hazina.Generator.csproj::TargetFramework=net9.0]
C:\Projects\Hazina\src\Core\Agents\Hazina.Generator\Core\DocumentGenerator.cs(17,15): warning MA0016: Prefer using collection abstraction instead of implementation (https://github.com/meziantou/Meziantou.Analyzer/blob/main/docs/Rules/MA0016.md) [C:\Projects\Hazina\src\Core\Agents\Hazina.Generator\Hazina.Generator.csproj::TargetFramework=net9.0]
C:\Projects\Hazina\src\Core\Agents\Hazina.Generator\Models\UpdateStoreResponse.cs(6,1): warning SA1516: Elements should be separated by blank line (https://github.com/DotNetAnalyzers/StyleCopAnalyzers/blob/master/documentation/SA1516.md) [C:\Projects\Hazina\src\Core\Agents\Hazina.Generator\Hazina.Generator.csproj::TargetFramework=net9.0]
C:\Projects\Hazina\src\Core\Agents\Hazina.Generator\Models\UpdateStoreResponse.cs(7,1): warning SA1516: Elements should be separated by blank line (https://github.com/DotNetAnalyzers/StyleCopAnalyzers/blob/master/documentation/SA1516.md) [C:\Projects\Hazina\src\Core\Agents\Hazina.Generator\Hazina.Generator.csproj::TargetFramework=net9.0]
C:\Projects\Hazina\src\Core\Agents\Hazina.Generator\Models\UpdateStoreResponse.cs(8,1): warning SA1516: Elements should be separated by blank line (https://github.com/DotNetAnalyzers/StyleCopAnalyzers/blob/master/documentation/SA1516.md) [C:\Projects\Hazina\src\Core\Agents\Hazina.Generator\Hazina.Generator.csproj::TargetFramework=net9.0]
C:\Projects\Hazina\src\Core\Agents\Hazina.Generator\Models\UpdateStoreResponse.cs(8,51): warning SA1122: Use string.Empty for empty strings (https://github.com/DotNetAnalyzers/StyleCopAnalyzers/blob/master/documentation/SA1122.md) [C:\Projects\Hazina\src\Core\Agents\Hazina.Generator\Hazina.Generator.csproj::TargetFramework=net9.0]
C:\Projects\Hazina\src\Core\Agents\Hazina.Generator\Core\DocumentGenerator.cs(14,14): warning CA1050: Declare types in namespaces (https://learn.microsoft.com/dotnet/fundamentals/code-analysis/quality-rules/ca1050) [C:\Projects\Hazina\src\Core\Agents\Hazina.Generator\Hazina.Generator.csproj::TargetFramework=net9.0]
C:\Projects\Hazina\src\Core\Agents\Hazina.Generator\Core\DocumentGenerator.cs(14,14): warning MA0047: Declare type 'DocumentGenerator' in a namespace (https://github.com/meziantou/Meziantou.Analyzer/blob/main/docs/Rules/MA0047.md) [C:\Projects\Hazina\src\Core\Agents\Hazina.Generator\Hazina.Generator.csproj::TargetFramework=net9.0]
C:\Projects\Hazina\src\Core\Agents\Hazina.Generator\Interfaces\IDocumentGenerator.cs(7,38): warning CA1068: Method 'IDocumentGenerator.GetResponse<ResponseType>(string, System.Threading.CancellationToken, System.Collections.Generic.IEnumerable<HazinaChatMessage>?, bool, bool, Hazina.LLMs.IToolsContext, System.Collections.Generic.List<ImageData>)' should take CancellationToken as the last parameter (https://learn.microsoft.com/dotnet/fundamentals/code-analysis/quality-rules/ca1068) [C:\Projects\Hazina\src\Core\Agents\Hazina.Generator\Hazina.Generator.csproj::TargetFramework=net9.0]
C:\Projects\Hazina\src\Core\Agents\Hazina.Generator\Interfaces\IDocumentGenerator.cs(8,38): warning CA1068: Method 'IDocumentGenerator.StreamResponse<ResponseType>(string, System.Threading.CancellationToken, System.Action<string>, System.Collections.Generic.IEnumerable<HazinaChatMessage>?, bool, bool, Hazina.LLMs.IToolsContext, System.Collections.Generic.List<ImageData>)' should take CancellationToken as the last parameter (https://learn.microsoft.com/dotnet/fundamentals/code-analysis/quality-rules/ca1068) [C:\Projects\Hazina\src\Core\Agents\Hazina.Generator\Hazina.Generator.csproj::TargetFramework=net9.0]
C:\Projects\Hazina\src\Core\Agents\Hazina.Generator\Interfaces\IDocumentGenerator.cs(9,31): warning CA1068: Method 'IDocumentGenerator.UpdateStore(string, System.Threading.CancellationToken, System.Collections.Generic.IEnumerable<HazinaChatMessage>?, bool, bool, Hazina.LLMs.IToolsContext, System.Collections.Generic.List<ImageData>)' should take CancellationToken as the last parameter (https://learn.microsoft.com/dotnet/fundamentals/code-analysis/quality-rules/ca1068) [C:\Projects\Hazina\src\Core\Agents\Hazina.Generator\Hazina.Generator.csproj::TargetFramework=net9.0]
C:\Projects\Hazina\src\Core\Agents\Hazina.Generator\Interfaces\IDocumentGenerator.cs(10,31): warning CA1068: Method 'IDocumentGenerator.StreamUpdateStore(string, System.Threading.CancellationToken, System.Action<string>, System.Collections.Generic.IEnumerable<HazinaChatMessage>?, bool, bool, Hazina.LLMs.IToolsContext, System.Collections.Generic.List<ImageData>)' should take CancellationToken as the last parameter (https://learn.microsoft.com/dotnet/fundamentals/code-analysis/quality-rules/ca1068) [C:\Projects\Hazina\src\Core\Agents\Hazina.Generator\Hazina.Generator.csproj::TargetFramework=net9.0]
C:\Projects\Hazina\src\Core\Agents\Hazina.Generator\Interfaces\IDocumentGenerator.cs(8,271): warning CA1002: Change 'List<ImageData>' in 'IDocumentGenerator.StreamResponse<ResponseType>(string, CancellationToken, Action<string>, IEnumerable<HazinaChatMessage>, bool, bool, IToolsContext, List<ImageData>)' to use 'Collection<T>', 'ReadOnlyCollection<T>' or 'KeyedCollection<K,V>' (https://learn.microsoft.com/dotnet/fundamentals/code-analysis/quality-rules/ca1002) [C:\Projects\Hazina\src\Core\Agents\Hazina.Generator\Hazina.Generator.csproj::TargetFramework=net9.0]
C:\Projects\Hazina\src\Core\Agents\Hazina.Generator\Interfaces\IDocumentGenerator.cs(9,215): warning CA1002: Change 'List<ImageData>' in 'IDocumentGenerator.UpdateStore(string, CancellationToken, IEnumerable<HazinaChatMessage>, bool, bool, IToolsContext, List<ImageData>)' to use 'Collection<T>', 'ReadOnlyCollection<T>' or 'KeyedCollection<K,V>' (https://learn.microsoft.com/dotnet/fundamentals/code-analysis/quality-rules/ca1002) [C:\Projects\Hazina\src\Core\Agents\Hazina.Generator\Hazina.Generator.csproj::TargetFramework=net9.0]
C:\Projects\Hazina\src\Core\Agents\Hazina.Generator\Interfaces\IDocumentGenerator.cs(10,253): warning CA1002: Change 'List<ImageData>' in 'IDocumentGenerator.StreamUpdateStore(string, CancellationToken, Action<string>, IEnumerable<HazinaChatMessage>, bool, bool, IToolsContext, List<ImageData>)' to use 'Collection<T>', 'ReadOnlyCollection<T>' or 'KeyedCollection<K,V>' (https://learn.microsoft.com/dotnet/fundamentals/code-analysis/quality-rules/ca1002) [C:\Projects\Hazina\src\Core\Agents\Hazina.Generator\Hazina.Generator.csproj::TargetFramework=net9.0]
C:\Projects\Hazina\src\Core\Agents\Hazina.Generator\Interfaces\IDocumentGenerator.cs(8,53): warning CA1715: Prefix generic type parameter name ResponseType with 'T' (https://learn.microsoft.com/dotnet/fundamentals/code-analysis/quality-rules/ca1715) [C:\Projects\Hazina\src\Core\Agents\Hazina.Generator\Hazina.Generator.csproj::TargetFramework=net9.0]
C:\Projects\Hazina\src\Core\Agents\Hazina.Generator\Interfaces\IDocumentGenerator.cs(7,236): warning CA1002: Change 'List<ImageData>' in 'IDocumentGenerator.GetResponse<ResponseType>(string, CancellationToken, IEnumerable<HazinaChatMessage>, bool, bool, IToolsContext, List<ImageData>)' to use 'Collection<T>', 'ReadOnlyCollection<T>' or 'KeyedCollection<K,V>' (https://learn.microsoft.com/dotnet/fundamentals/code-analysis/quality-rules/ca1002) [C:\Projects\Hazina\src\Core\Agents\Hazina.Generator\Hazina.Generator.csproj::TargetFramework=net9.0]
C:\Projects\Hazina\src\Core\Agents\Hazina.Generator\Interfaces\IDocumentGenerator.cs(5,31): warning CA1068: Method 'IDocumentGenerator.GetResponse(string, System.Threading.CancellationToken, System.Collections.Generic.IEnumerable<HazinaChatMessage>?, bool, bool, Hazina.LLMs.IToolsContext, System.Collections.Generic.List<ImageData>)' should take CancellationToken as the last parameter (https://learn.microsoft.com/dotnet/fundamentals/code-analysis/quality-rules/ca1068) [C:\Projects\Hazina\src\Core\Agents\Hazina.Generator\Hazina.Generator.csproj::TargetFramework=net9.0]
C:\Projects\Hazina\src\Core\Agents\Hazina.Generator\Interfaces\IDocumentGenerator.cs(5,215): warning CA1002: Change 'List<ImageData>' in 'IDocumentGenerator.GetResponse(string, CancellationToken, IEnumerable<HazinaChatMessage>, bool, bool, IToolsContext, List<ImageData>)' to use 'Collection<T>', 'ReadOnlyCollection<T>' or 'KeyedCollection<K,V>' (https://learn.microsoft.com/dotnet/fundamentals/code-analysis/quality-rules/ca1002) [C:\Projects\Hazina\src\Core\Agents\Hazina.Generator\Hazina.Generator.csproj::TargetFramework=net9.0]
C:\Projects\Hazina\src\Core\Agents\Hazina.Generator\Interfaces\IDocumentGenerator.cs(7,50): warning CA1715: Prefix generic type parameter name ResponseType with 'T' (https://learn.microsoft.com/dotnet/fundamentals/code-analysis/quality-rules/ca1715) [C:\Projects\Hazina\src\Core\Agents\Hazina.Generator\Hazina.Generator.csproj::TargetFramework=net9.0]
C:\Projects\Hazina\src\Core\Agents\Hazina.Generator\Interfaces\IDocumentGenerator.cs(5,199): warning MA0016: Prefer using collection abstraction instead of implementation (https://github.com/meziantou/Meziantou.Analyzer/blob/main/docs/Rules/MA0016.md) [C:\Projects\Hazina\src\Core\Agents\Hazina.Generator\Hazina.Generator.csproj::TargetFramework=net9.0]
C:\Projects\Hazina\src\Core\Agents\Hazina.Generator\Interfaces\IDocumentGenerator.cs(10,237): warning MA0016: Prefer using collection abstraction instead of implementation (https://github.com/meziantou/Meziantou.Analyzer/blob/main/docs/Rules/MA0016.md) [C:\Projects\Hazina\src\Core\Agents\Hazina.Generator\Hazina.Generator.csproj::TargetFramework=net9.0]
C:\Projects\Hazina\src\Core\Agents\Hazina.Generator\Interfaces\IDocumentGenerator.cs(9,199): warning MA0016: Prefer using collection abstraction instead of implementation (https://github.com/meziantou/Meziantou.Analyzer/blob/main/docs/Rules/MA0016.md) [C:\Projects\Hazina\src\Core\Agents\Hazina.Generator\Hazina.Generator.csproj::TargetFramework=net9.0]
C:\Projects\Hazina\src\Core\Agents\Hazina.Generator\Interfaces\IDocumentGenerator.cs(6,31): warning CA1068: Method 'IDocumentGenerator.StreamResponse(string, System.Threading.CancellationToken, System.Action<string>, System.Collections.Generic.IEnumerable<HazinaChatMessage>?, bool, bool, Hazina.LLMs.IToolsContext, System.Collections.Generic.List<ImageData>)' should take CancellationToken as the last parameter (https://learn.microsoft.com/dotnet/fundamentals/code-analysis/quality-rules/ca1068) [C:\Projects\Hazina\src\Core\Agents\Hazina.Generator\Hazina.Generator.csproj::TargetFramework=net9.0]
C:\Projects\Hazina\src\Core\Agents\Hazina.Generator\Interfaces\IDocumentGenerator.cs(6,250): warning CA1002: Change 'List<ImageData>' in 'IDocumentGenerator.StreamResponse(string, CancellationToken, Action<string>, IEnumerable<HazinaChatMessage>, bool, bool, IToolsContext, List<ImageData>)' to use 'Collection<T>', 'ReadOnlyCollection<T>' or 'KeyedCollection<K,V>' (https://learn.microsoft.com/dotnet/fundamentals/code-analysis/quality-rules/ca1002) [C:\Projects\Hazina\src\Core\Agents\Hazina.Generator\Hazina.Generator.csproj::TargetFramework=net9.0]
C:\Projects\Hazina\src\Core\Agents\Hazina.Generator\Interfaces\IDocumentGenerator.cs(6,234): warning MA0016: Prefer using collection abstraction instead of implementation (https://github.com/meziantou/Meziantou.Analyzer/blob/main/docs/Rules/MA0016.md) [C:\Projects\Hazina\src\Core\Agents\Hazina.Generator\Hazina.Generator.csproj::TargetFramework=net9.0]
C:\Projects\Hazina\src\Core\Agents\Hazina.Generator\Interfaces\IDocumentGenerator.cs(8,255): warning MA0016: Prefer using collection abstraction instead of implementation (https://github.com/meziantou/Meziantou.Analyzer/blob/main/docs/Rules/MA0016.md) [C:\Projects\Hazina\src\Core\Agents\Hazina.Generator\Hazina.Generator.csproj::TargetFramework=net9.0]
C:\Projects\Hazina\src\Core\Agents\Hazina.Generator\Core\DocumentGenerator.cs(28,30): warning SA1623: The property's documentation summary text should begin with: 'Gets or sets' (https://github.com/DotNetAnalyzers/StyleCopAnalyzers/blob/master/documentation/SA1623.md) [C:\Projects\Hazina\src\Core\Agents\Hazina.Generator\Hazina.Generator.csproj::TargetFramework=net9.0]
C:\Projects\Hazina\src\Core\Agents\Hazina.Generator\Core\DocumentGenerator.cs(20,36): warning CA2227: Change 'BaseMessages' to be read-only by removing the property setter (https://learn.microsoft.com/dotnet/fundamentals/code-analysis/quality-rules/ca2227) [C:\Projects\Hazina\src\Core\Agents\Hazina.Generator\Hazina.Generator.csproj::TargetFramework=net9.0]
C:\Projects\Hazina\src\Core\Agents\Hazina.Generator\Core\DocumentGenerator.cs(189,22): warning SA1025: Code should not contain multiple whitespace characters in a row (https://github.com/DotNetAnalyzers/StyleCopAnalyzers/blob/master/documentation/SA1025.md) [C:\Projects\Hazina\src\Core\Agents\Hazina.Generator\Hazina.Generator.csproj::TargetFramework=net9.0]
C:\Projects\Hazina\src\Core\Agents\Hazina.Generator\Interfaces\IDocumentGenerator.cs(7,220): warning MA0016: Prefer using collection abstraction instead of implementation (https://github.com/meziantou/Meziantou.Analyzer/blob/main/docs/Rules/MA0016.md) [C:\Projects\Hazina\src\Core\Agents\Hazina.Generator\Hazina.Generator.csproj::TargetFramework=net9.0]
C:\Projects\Hazina\src\Core\Agents\Hazina.Generator\Core\DocumentGenerator.cs(20,36): warning CA1002: Change 'List<HazinaChatMessage>' in 'DocumentGenerator.BaseMessages' to use 'Collection<T>', 'ReadOnlyCollection<T>' or 'KeyedCollection<K,V>' (https://learn.microsoft.com/dotnet/fundamentals/code-analysis/quality-rules/ca1002) [C:\Projects\Hazina\src\Core\Agents\Hazina.Generator\Hazina.Generator.csproj::TargetFramework=net9.0]
C:\Projects\Hazina\src\Core\Agents\Hazina.Generator\Interfaces\IDocumentGenerator.cs(8,53): warning SA1314: Type parameter names should begin with T (https://github.com/DotNetAnalyzers/StyleCopAnalyzers/blob/master/documentation/SA1314.md) [C:\Projects\Hazina\src\Core\Agents\Hazina.Generator\Hazina.Generator.csproj::TargetFramework=net9.0]
C:\Projects\Hazina\src\Core\Agents\Hazina.Generator\Interfaces\IDocumentGenerator.cs(8,279): warning SA1127: Generic type constraints should be on their own line (https://github.com/DotNetAnalyzers/StyleCopAnalyzers/blob/master/documentation/SA1127.md) [C:\Projects\Hazina\src\Core\Agents\Hazina.Generator\Hazina.Generator.csproj::TargetFramework=net9.0]
C:\Projects\Hazina\src\Core\Agents\Hazina.Generator\Core\DocumentGenerator.cs(20,12): warning MA0016: Prefer using collection abstraction instead of implementation (https://github.com/meziantou/Meziantou.Analyzer/blob/main/docs/Rules/MA0016.md) [C:\Projects\Hazina\src\Core\Agents\Hazina.Generator\Hazina.Generator.csproj::TargetFramework=net9.0]
C:\Projects\Hazina\src\Core\Agents\Hazina.Generator\Interfaces\IDocumentGenerator.cs(7,50): warning SA1314: Type parameter names should begin with T (https://github.com/DotNetAnalyzers/StyleCopAnalyzers/blob/master/documentation/SA1314.md) [C:\Projects\Hazina\src\Core\Agents\Hazina.Generator\Hazina.Generator.csproj::TargetFramework=net9.0]
C:\Projects\Hazina\src\Core\Agents\Hazina.Generator\Interfaces\IDocumentGenerator.cs(7,244): warning SA1127: Generic type constraints should be on their own line (https://github.com/DotNetAnalyzers/StyleCopAnalyzers/blob/master/documentation/SA1127.md) [C:\Projects\Hazina\src\Core\Agents\Hazina.Generator\Hazina.Generator.csproj::TargetFramework=net9.0]
C:\Projects\Hazina\src\Core\Agents\Hazina.Generator\Core\DocumentGenerator.cs(30,29): warning CA1051: Do not declare visible instance fields (https://learn.microsoft.com/dotnet/fundamentals/code-analysis/quality-rules/ca1051) [C:\Projects\Hazina\src\Core\Agents\Hazina.Generator\Hazina.Generator.csproj::TargetFramework=net9.0]
C:\Projects\Hazina\src\Core\Agents\Hazina.Generator\Core\DocumentGenerator.cs(30,29): warning SA1401: Field should be private (https://github.com/DotNetAnalyzers/StyleCopAnalyzers/blob/master/documentation/SA1401.md) [C:\Projects\Hazina\src\Core\Agents\Hazina.Generator\Hazina.Generator.csproj::TargetFramework=net9.0]
C:\Projects\Hazina\src\Core\Agents\Hazina.Generator\Core\DocumentGenerator.cs(218,28): warning SA1028: Code should not contain trailing whitespace (https://github.com/DotNetAnalyzers/StyleCopAnalyzers/blob/master/documentation/SA1028.md) [C:\Projects\Hazina\src\Core\Agents\Hazina.Generator\Hazina.Generator.csproj::TargetFramework=net9.0]
C:\Projects\Hazina\src\Core\Agents\Hazina.Generator\Core\Serializer.cs(1,1): warning S125: Remove this commented out code. (https://rules.sonarsource.com/csharp/RSPEC-125) [C:\Projects\Hazina\src\Core\Agents\Hazina.Generator\Hazina.Generator.csproj::TargetFramework=net9.0]
C:\Projects\Hazina\src\Core\Agents\Hazina.Generator\Core\Serializer.cs(1,1): warning SA1633: The file header XML is invalid. (https://github.com/DotNetAnalyzers/StyleCopAnalyzers/blob/master/documentation/SA1633.md) [C:\Projects\Hazina\src\Core\Agents\Hazina.Generator\Hazina.Generator.csproj::TargetFramework=net9.0]
C:\Projects\Hazina\src\Core\Agents\Hazina.Generator\Core\Serializer.cs(1,1): warning SA1005: Single line comment should begin with a space (https://github.com/DotNetAnalyzers/StyleCopAnalyzers/blob/master/documentation/SA1005.md) [C:\Projects\Hazina\src\Core\Agents\Hazina.Generator\Hazina.Generator.csproj::TargetFramework=net9.0]
C:\Projects\Hazina\src\Core\Agents\Hazina.Generator\Core\Serializer.cs(2,1): warning SA1005: Single line comment should begin with a space (https://github.com/DotNetAnalyzers/StyleCopAnalyzers/blob/master/documentation/SA1005.md) [C:\Projects\Hazina\src\Core\Agents\Hazina.Generator\Hazina.Generator.csproj::TargetFramework=net9.0]
C:\Projects\Hazina\src\Core\Agents\Hazina.Generator\Core\Serializer.cs(4,1): warning SA1005: Single line comment should begin with a space (https://github.com/DotNetAnalyzers/StyleCopAnalyzers/blob/master/documentation/SA1005.md) [C:\Projects\Hazina\src\Core\Agents\Hazina.Generator\Hazina.Generator.csproj::TargetFramework=net9.0]
C:\Projects\Hazina\src\Core\Agents\Hazina.Generator\Core\Serializer.cs(5,1): warning SA1005: Single line comment should begin with a space (https://github.com/DotNetAnalyzers/StyleCopAnalyzers/blob/master/documentation/SA1005.md) [C:\Projects\Hazina\src\Core\Agents\Hazina.Generator\Hazina.Generator.csproj::TargetFramework=net9.0]
C:\Projects\Hazina\src\Core\Agents\Hazina.Generator\Core\Serializer.cs(22,1): warning SA1005: Single line comment should begin with a space (https://github.com/DotNetAnalyzers/StyleCopAnalyzers/blob/master/documentation/SA1005.md) [C:\Projects\Hazina\src\Core\Agents\Hazina.Generator\Hazina.Generator.csproj::TargetFramework=net9.0]
C:\Projects\Hazina\src\Core\Agents\Hazina.Generator\Core\Serializer.cs(32,1): warning SA1005: Single line comment should begin with a space (https://github.com/DotNetAnalyzers/StyleCopAnalyzers/blob/master/documentation/SA1005.md) [C:\Projects\Hazina\src\Core\Agents\Hazina.Generator\Hazina.Generator.csproj::TargetFramework=net9.0]
C:\Projects\Hazina\src\Core\Agents\Hazina.Generator\Core\Serializer.cs(40,1): warning SA1005: Single line comment should begin with a space (https://github.com/DotNetAnalyzers/StyleCopAnalyzers/blob/master/documentation/SA1005.md) [C:\Projects\Hazina\src\Core\Agents\Hazina.Generator\Hazina.Generator.csproj::TargetFramework=net9.0]
C:\Projects\Hazina\src\Core\Agents\Hazina.Generator\Core\Serializer.cs(57,1): warning SA1005: Single line comment should begin with a space (https://github.com/DotNetAnalyzers/StyleCopAnalyzers/blob/master/documentation/SA1005.md) [C:\Projects\Hazina\src\Core\Agents\Hazina.Generator\Hazina.Generator.csproj::TargetFramework=net9.0]
C:\Projects\Hazina\src\Core\Agents\Hazina.Generator\Core\Serializer.cs(78,1): warning SA1005: Single line comment should begin with a space (https://github.com/DotNetAnalyzers/StyleCopAnalyzers/blob/master/documentation/SA1005.md) [C:\Projects\Hazina\src\Core\Agents\Hazina.Generator\Hazina.Generator.csproj::TargetFramework=net9.0]
C:\Projects\Hazina\src\Core\Agents\Hazina.Generator\Core\Serializer.cs(44,29): warning SA1028: Code should not contain trailing whitespace (https://github.com/DotNetAnalyzers/StyleCopAnalyzers/blob/master/documentation/SA1028.md) [C:\Projects\Hazina\src\Core\Agents\Hazina.Generator\Hazina.Generator.csproj::TargetFramework=net9.0]
C:\Projects\Hazina\src\Core\Agents\Hazina.Generator\Core\Serializer.cs(45,49): warning SA1028: Code should not contain trailing whitespace (https://github.com/DotNetAnalyzers/StyleCopAnalyzers/blob/master/documentation/SA1028.md) [C:\Projects\Hazina\src\Core\Agents\Hazina.Generator\Hazina.Generator.csproj::TargetFramework=net9.0]
C:\Projects\Hazina\src\Core\Agents\Hazina.Generator\Core\Serializer.cs(63,56): warning SA1028: Code should not contain trailing whitespace (https://github.com/DotNetAnalyzers/StyleCopAnalyzers/blob/master/documentation/SA1028.md) [C:\Projects\Hazina\src\Core\Agents\Hazina.Generator\Hazina.Generator.csproj::TargetFramework=net9.0]
C:\Projects\Hazina\src\Core\Agents\Hazina.Generator\Core\Serializer.cs(64,28): warning SA1028: Code should not contain trailing whitespace (https://github.com/DotNetAnalyzers/StyleCopAnalyzers/blob/master/documentation/SA1028.md) [C:\Projects\Hazina\src\Core\Agents\Hazina.Generator\Hazina.Generator.csproj::TargetFramework=net9.0]
C:\Projects\Hazina\src\Core\Agents\Hazina.Generator\Core\DocumentGenerator.cs(30,29): warning S1104: Make this field 'private' and encapsulate it in a 'public' property. (https://rules.sonarsource.com/csharp/RSPEC-1104) [C:\Projects\Hazina\src\Core\Agents\Hazina.Generator\Hazina.Generator.csproj::TargetFramework=net9.0]
C:\Projects\Hazina\src\Core\Agents\Hazina.Generator\Interfaces\IDocumentGenerator.cs(1,1): warning SA1633: The file header is missing or not located at the top of the file. (https://github.com/DotNetAnalyzers/StyleCopAnalyzers/blob/master/documentation/SA1633.md) [C:\Projects\Hazina\src\Core\Agents\Hazina.Generator\Hazina.Generator.csproj::TargetFramework=net9.0]
C:\Projects\Hazina\src\Core\Agents\Hazina.Generator\Interfaces\ISerializer.cs(2,1): warning S125: Remove this commented out code. (https://rules.sonarsource.com/csharp/RSPEC-125) [C:\Projects\Hazina\src\Core\Agents\Hazina.Generator\Hazina.Generator.csproj::TargetFramework=net9.0]
C:\Projects\Hazina\src\Core\Agents\Hazina.Generator\Interfaces\ISerializer.cs(1,1): warning SA1633: The file header XML is invalid. (https://github.com/DotNetAnalyzers/StyleCopAnalyzers/blob/master/documentation/SA1633.md) [C:\Projects\Hazina\src\Core\Agents\Hazina.Generator\Hazina.Generator.csproj::TargetFramework=net9.0]
C:\Projects\Hazina\src\Core\Agents\Hazina.Generator\Interfaces\ISerializer.cs(8,4): warning SA1518: File is required to end with a single newline character (https://github.com/DotNetAnalyzers/StyleCopAnalyzers/blob/master/documentation/SA1518.md) [C:\Projects\Hazina\src\Core\Agents\Hazina.Generator\Hazina.Generator.csproj::TargetFramework=net9.0]
C:\Projects\Hazina\src\Core\Agents\Hazina.Generator\Interfaces\ISerializer.cs(1,1): warning SA1005: Single line comment should begin with a space (https://github.com/DotNetAnalyzers/StyleCopAnalyzers/blob/master/documentation/SA1005.md) [C:\Projects\Hazina\src\Core\Agents\Hazina.Generator\Hazina.Generator.csproj::TargetFramework=net9.0]
C:\Projects\Hazina\src\Core\Agents\Hazina.Generator\Interfaces\ISerializer.cs(2,1): warning SA1005: Single line comment should begin with a space (https://github.com/DotNetAnalyzers/StyleCopAnalyzers/blob/master/documentation/SA1005.md) [C:\Projects\Hazina\src\Core\Agents\Hazina.Generator\Hazina.Generator.csproj::TargetFramework=net9.0]
C:\Projects\Hazina\src\Core\Agents\Hazina.Generator\Interfaces\ISerializer.cs(8,1): warning SA1005: Single line comment should begin with a space (https://github.com/DotNetAnalyzers/StyleCopAnalyzers/blob/master/documentation/SA1005.md) [C:\Projects\Hazina\src\Core\Agents\Hazina.Generator\Hazina.Generator.csproj::TargetFramework=net9.0]
C:\Projects\Hazina\src\Core\Agents\Hazina.Generator\Models\DeleteDocumentRequest.cs(1,1): warning SA1633: The file header is missing or not located at the top of the file. (https://github.com/DotNetAnalyzers/StyleCopAnalyzers/blob/master/documentation/SA1633.md) [C:\Projects\Hazina\src\Core\Agents\Hazina.Generator\Hazina.Generator.csproj::TargetFramework=net9.0]
C:\Projects\Hazina\src\Core\Agents\Hazina.Generator\Models\DeleteDocumentRequest.cs(6,14): warning SA1402: File may only contain a single type (https://github.com/DotNetAnalyzers/StyleCopAnalyzers/blob/master/documentation/SA1402.md) [C:\Projects\Hazina\src\Core\Agents\Hazina.Generator\Hazina.Generator.csproj::TargetFramework=net9.0]
C:\Projects\Hazina\src\Core\Agents\Hazina.Generator\Models\ModifyDocumentRequest.cs(1,1): warning SA1633: The file header is missing or not located at the top of the file. (https://github.com/DotNetAnalyzers/StyleCopAnalyzers/blob/master/documentation/SA1633.md) [C:\Projects\Hazina\src\Core\Agents\Hazina.Generator\Hazina.Generator.csproj::TargetFramework=net9.0]
C:\Projects\Hazina\src\Core\Agents\Hazina.Generator\Models\StoreSafetyPolicy.cs(1,1): warning SA1633: The file header is missing or not located at the top of the file. (https://github.com/DotNetAnalyzers/StyleCopAnalyzers/blob/master/documentation/SA1633.md) [C:\Projects\Hazina\src\Core\Agents\Hazina.Generator\Hazina.Generator.csproj::TargetFramework=net9.0]
C:\Projects\Hazina\src\Core\Agents\Hazina.Generator\Core\DocumentGenerator.cs(14,14): warning S3903: Move 'DocumentGenerator' into a named namespace. (https://rules.sonarsource.com/csharp/RSPEC-3903) [C:\Projects\Hazina\src\Core\Agents\Hazina.Generator\Hazina.Generator.csproj::TargetFramework=net9.0]
C:\Projects\Hazina\src\Core\Agents\Hazina.Generator\Core\DocumentGenerator.cs(32,270): warning CA1002: Change 'List<ImageData>' in 'DocumentGenerator.GetImage(string, CancellationToken, [IEnumerable<HazinaChatMessage>], [bool], [bool], [IToolsContext], [List<ImageData>])' to use 'Collection<T>', 'ReadOnlyCollection<T>' or 'KeyedCollection<K,V>' (https://learn.microsoft.com/dotnet/fundamentals/code-analysis/quality-rules/ca1002) [C:\Projects\Hazina\src\Core\Agents\Hazina.Generator\Hazina.Generator.csproj::TargetFramework=net9.0]
C:\Projects\Hazina\src\Core\Agents\Hazina.Generator\Core\DocumentGenerator.cs(32,253): warning MA0016: Prefer using collection abstraction instead of implementation (https://github.com/meziantou/Meziantou.Analyzer/blob/main/docs/Rules/MA0016.md) [C:\Projects\Hazina\src\Core\Agents\Hazina.Generator\Hazina.Generator.csproj::TargetFramework=net9.0]
C:\Projects\Hazina\src\Core\Agents\Hazina.Generator\Core\DocumentGenerator.cs(61,44): warning S4136: All 'GetResponse' method overloads should be adjacent. (https://rules.sonarsource.com/csharp/RSPEC-4136) [C:\Projects\Hazina\src\Core\Agents\Hazina.Generator\Hazina.Generator.csproj::TargetFramework=net9.0]
C:\Projects\Hazina\src\Core\Agents\Hazina.Generator\Core\DocumentGenerator.cs(73,44): warning S4136: All 'StreamResponse' method overloads should be adjacent. (https://rules.sonarsource.com/csharp/RSPEC-4136) [C:\Projects\Hazina\src\Core\Agents\Hazina.Generator\Hazina.Generator.csproj::TargetFramework=net9.0]
C:\Projects\Hazina\src\Core\Agents\Hazina.Generator\Models\StoreSafetyPolicyViolationException.cs(6,64): warning SA1128: Put constructor initializers on their own line (https://github.com/DotNetAnalyzers/StyleCopAnalyzers/blob/master/documentation/SA1128.md) [C:\Projects\Hazina\src\Core\Agents\Hazina.Generator\Hazina.Generator.csproj::TargetFramework=net9.0]
C:\Projects\Hazina\src\Core\Agents\Hazina.Generator\Core\DocumentGenerator.cs(38,76): warning CA1002: Change 'List<HazinaChatMessage>' in 'DocumentGenerator.DocumentGenerator(IDocumentStore, List<HazinaChatMessage>, ILLMClient, List<IDocumentStore>)' to use 'Collection<T>', 'ReadOnlyCollection<T>' or 'KeyedCollection<K,V>' (https://learn.microsoft.com/dotnet/fundamentals/code-analysis/quality-rules/ca1002) [C:\Projects\Hazina\src\Core\Agents\Hazina.Generator\Hazina.Generator.csproj::TargetFramework=net9.0]
C:\Projects\Hazina\src\Core\Agents\Hazina.Generator\Core\DocumentGenerator.cs(38,130): warning CA1002: Change 'List<IDocumentStore>' in 'DocumentGenerator.DocumentGenerator(IDocumentStore, List<HazinaChatMessage>, ILLMClient, List<IDocumentStore>)' to use 'Collection<T>', 'ReadOnlyCollection<T>' or 'KeyedCollection<K,V>' (https://learn.microsoft.com/dotnet/fundamentals/code-analysis/quality-rules/ca1002) [C:\Projects\Hazina\src\Core\Agents\Hazina.Generator\Hazina.Generator.csproj::TargetFramework=net9.0]
C:\Projects\Hazina\src\Core\Agents\Hazina.Generator\Core\DocumentGenerator.cs(61,63): warning CA1725: In member Task<LLMResponse<string>> DocumentGenerator.GetResponse(string message, CancellationToken cancel, IEnumerable<HazinaChatMessage>? history = null, bool addRelevantDocuments = true, bool addFilesList = true, IToolsContext? toolsContext = null, List<ImageData>? images = null), change parameter name message to query in order to match the identifier as it has been declared in Task<LLMResponse<string>> IDocumentGenerator.GetResponse(string query, CancellationToken cancel, IEnumerable<HazinaChatMessage>? messages, bool addRelevantDocuments, bool addFilesList, IToolsContext toolsContext, List<ImageData> images) (https://learn.microsoft.com/dotnet/fundamentals/code-analysis/quality-rules/ca1725) [C:\Projects\Hazina\src\Core\Agents\Hazina.Generator\Hazina.Generator.csproj::TargetFramework=net9.0]
C:\Projects\Hazina\src\Core\Agents\Hazina.Generator\Core\DocumentGenerator.cs(49,76): warning CA1002: Change 'List<HazinaChatMessage>' in 'DocumentGenerator.DocumentGenerator(IDocumentStore, List<HazinaChatMessage>, ILLMClient, string, string, List<IDocumentStore>)' to use 'Collection<T>', 'ReadOnlyCollection<T>' or 'KeyedCollection<K,V>' (https://learn.microsoft.com/dotnet/fundamentals/code-analysis/quality-rules/ca1002) [C:\Projects\Hazina\src\Core\Agents\Hazina.Generator\Hazina.Generator.csproj::TargetFramework=net9.0]
C:\Projects\Hazina\src\Core\Agents\Hazina.Generator\Core\DocumentGenerator.cs(38,52): warning MA0016: Prefer using collection abstraction instead of implementation (https://github.com/meziantou/Meziantou.Analyzer/blob/main/docs/Rules/MA0016.md) [C:\Projects\Hazina\src\Core\Agents\Hazina.Generator\Hazina.Generator.csproj::TargetFramework=net9.0]
C:\Projects\Hazina\src\Core\Agents\Hazina.Generator\Core\DocumentGenerator.cs(38,109): warning MA0016: Prefer using collection abstraction instead of implementation (https://github.com/meziantou/Meziantou.Analyzer/blob/main/docs/Rules/MA0016.md) [C:\Projects\Hazina\src\Core\Agents\Hazina.Generator\Hazina.Generator.csproj::TargetFramework=net9.0]
C:\Projects\Hazina\src\Core\Agents\Hazina.Generator\Core\DocumentGenerator.cs(49,171): warning CA1002: Change 'List<IDocumentStore>' in 'DocumentGenerator.DocumentGenerator(IDocumentStore, List<HazinaChatMessage>, ILLMClient, string, string, List<IDocumentStore>)' to use 'Collection<T>', 'ReadOnlyCollection<T>' or 'KeyedCollection<K,V>' (https://learn.microsoft.com/dotnet/fundamentals/code-analysis/quality-rules/ca1002) [C:\Projects\Hazina\src\Core\Agents\Hazina.Generator\Hazina.Generator.csproj::TargetFramework=net9.0]
C:\Projects\Hazina\src\Core\Agents\Hazina.Generator\Core\DocumentGenerator.cs(61,130): warning CA1725: In member Task<LLMResponse<string>> DocumentGenerator.GetResponse(string message, CancellationToken cancel, IEnumerable<HazinaChatMessage>? history = null, bool addRelevantDocuments = true, bool addFilesList = true, IToolsContext? toolsContext = null, List<ImageData>? images = null), change parameter name history to messages in order to match the identifier as it has been declared in Task<LLMResponse<string>> IDocumentGenerator.GetResponse(string query, CancellationToken cancel, IEnumerable<HazinaChatMessage>? messages, bool addRelevantDocuments, bool addFilesList, IToolsContext toolsContext, List<ImageData> images) (https://learn.microsoft.com/dotnet/fundamentals/code-analysis/quality-rules/ca1725) [C:\Projects\Hazina\src\Core\Agents\Hazina.Generator\Hazina.Generator.csproj::TargetFramework=net9.0]
C:\Projects\Hazina\src\Core\Agents\Hazina.Generator\Core\DocumentGenerator.cs(49,52): warning MA0016: Prefer using collection abstraction instead of implementation (https://github.com/meziantou/Meziantou.Analyzer/blob/main/docs/Rules/MA0016.md) [C:\Projects\Hazina\src\Core\Agents\Hazina.Generator\Hazina.Generator.csproj::TargetFramework=net9.0]
C:\Projects\Hazina\src\Core\Agents\Hazina.Generator\Core\DocumentGenerator.cs(49,150): warning MA0016: Prefer using collection abstraction instead of implementation (https://github.com/meziantou/Meziantou.Analyzer/blob/main/docs/Rules/MA0016.md) [C:\Projects\Hazina\src\Core\Agents\Hazina.Generator\Hazina.Generator.csproj::TargetFramework=net9.0]
C:\Projects\Hazina\src\Core\Agents\Hazina.Generator\Models\StoreSafetyPolicy.cs(43,23): warning SA1503: Braces should not be omitted (https://github.com/DotNetAnalyzers/StyleCopAnalyzers/blob/master/documentation/SA1503.md) [C:\Projects\Hazina\src\Core\Agents\Hazina.Generator\Hazina.Generator.csproj::TargetFramework=net9.0]
C:\Projects\Hazina\src\Core\Agents\Hazina.Generator\Core\DocumentGenerator.cs(61,130): warning MA0061: Method overrides should not change default values (original: <no default value>; current: null) (https://github.com/meziantou/Meziantou.Analyzer/blob/main/docs/Rules/MA0061.md) [C:\Projects\Hazina\src\Core\Agents\Hazina.Generator\Hazina.Generator.csproj::TargetFramework=net9.0]
C:\Projects\Hazina\src\Core\Agents\Hazina.Generator\Core\DocumentGenerator.cs(61,151): warning MA0061: Method overrides should not change default values (original: <no default value>; current: 'True') (https://github.com/meziantou/Meziantou.Analyzer/blob/main/docs/Rules/MA0061.md) [C:\Projects\Hazina\src\Core\Agents\Hazina.Generator\Hazina.Generator.csproj::TargetFramework=net9.0]
C:\Projects\Hazina\src\Core\Agents\Hazina.Generator\Core\DocumentGenerator.cs(61,185): warning MA0061: Method overrides should not change default values (original: <no default value>; current: 'True') (https://github.com/meziantou/Meziantou.Analyzer/blob/main/docs/Rules/MA0061.md) [C:\Projects\Hazina\src\Core\Agents\Hazina.Generator\Hazina.Generator.csproj::TargetFramework=net9.0]
C:\Projects\Hazina\src\Core\Agents\Hazina.Generator\Core\DocumentGenerator.cs(61,221): warning MA0061: Method overrides should not change default values (original: <no default value>; current: null) (https://github.com/meziantou/Meziantou.Analyzer/blob/main/docs/Rules/MA0061.md) [C:\Projects\Hazina\src\Core\Agents\Hazina.Generator\Hazina.Generator.csproj::TargetFramework=net9.0]
C:\Projects\Hazina\src\Core\Agents\Hazina.Generator\Core\DocumentGenerator.cs(61,259): warning MA0061: Method overrides should not change default values (original: <no default value>; current: null) (https://github.com/meziantou/Meziantou.Analyzer/blob/main/docs/Rules/MA0061.md) [C:\Projects\Hazina\src\Core\Agents\Hazina.Generator\Hazina.Generator.csproj::TargetFramework=net9.0]
C:\Projects\Hazina\src\Core\Agents\Hazina.Generator\Models\StoreSafetyPolicy.cs(58,23): warning SA1503: Braces should not be omitted (https://github.com/DotNetAnalyzers/StyleCopAnalyzers/blob/master/documentation/SA1503.md) [C:\Projects\Hazina\src\Core\Agents\Hazina.Generator\Hazina.Generator.csproj::TargetFramework=net9.0]
C:\Projects\Hazina\src\Core\Agents\Hazina.Generator\Models\StoreSafetyPolicyViolationException.cs(1,1): warning SA1633: The file header is missing or not located at the top of the file. (https://github.com/DotNetAnalyzers/StyleCopAnalyzers/blob/master/documentation/SA1633.md) [C:\Projects\Hazina\src\Core\Agents\Hazina.Generator\Hazina.Generator.csproj::TargetFramework=net9.0]
C:\Projects\Hazina\src\Core\Agents\Hazina.Generator\Core\DocumentGenerator.cs(67,284): warning CA1002: Change 'List<ImageData>' in 'DocumentGenerator.GetResponse(IEnumerable<HazinaChatMessage>, CancellationToken, [IEnumerable<HazinaChatMessage>], [bool], [bool], [IToolsContext], [List<ImageData>])' to use 'Collection<T>', 'ReadOnlyCollection<T>' or 'KeyedCollection<K,V>' (https://learn.microsoft.com/dotnet/fundamentals/code-analysis/quality-rules/ca1002) [C:\Projects\Hazina\src\Core\Agents\Hazina.Generator\Hazina.Generator.csproj::TargetFramework=net9.0]
C:\Projects\Hazina\src\Core\Agents\Hazina.Generator\Core\DocumentGenerator.cs(79,44): warning CA1068: Method 'DocumentGenerator.StreamResponse(System.Collections.Generic.IEnumerable<HazinaChatMessage>, System.Threading.CancellationToken, System.Action<string>, System.Collections.Generic.IEnumerable<HazinaChatMessage>?, bool, bool, Hazina.LLMs.IToolsContext?, System.Collections.Generic.List<ImageData>?)' should take CancellationToken as the last parameter (https://learn.microsoft.com/dotnet/fundamentals/code-analysis/quality-rules/ca1068) [C:\Projects\Hazina\src\Core\Agents\Hazina.Generator\Hazina.Generator.csproj::TargetFramework=net9.0]
C:\Projects\Hazina\src\Core\Agents\Hazina.Generator\Core\DocumentGenerator.cs(61,138): warning S1006: Remove the default parameter value to match the signature of overridden method. (https://rules.sonarsource.com/csharp/RSPEC-1006) [C:\Projects\Hazina\src\Core\Agents\Hazina.Generator\Hazina.Generator.csproj::TargetFramework=net9.0]
C:\Projects\Hazina\src\Core\Agents\Hazina.Generator\Core\DocumentGenerator.cs(61,172): warning S1006: Remove the default parameter value to match the signature of overridden method. (https://rules.sonarsource.com/csharp/RSPEC-1006) [C:\Projects\Hazina\src\Core\Agents\Hazina.Generator\Hazina.Generator.csproj::TargetFramework=net9.0]
C:\Projects\Hazina\src\Core\Agents\Hazina.Generator\Core\DocumentGenerator.cs(61,198): warning S1006: Remove the default parameter value to match the signature of overridden method. (https://rules.sonarsource.com/csharp/RSPEC-1006) [C:\Projects\Hazina\src\Core\Agents\Hazina.Generator\Hazina.Generator.csproj::TargetFramework=net9.0]
C:\Projects\Hazina\src\Core\Agents\Hazina.Generator\Core\DocumentGenerator.cs(61,234): warning S1006: Remove the default parameter value to match the signature of overridden method. (https://rules.sonarsource.com/csharp/RSPEC-1006) [C:\Projects\Hazina\src\Core\Agents\Hazina.Generator\Hazina.Generator.csproj::TargetFramework=net9.0]
C:\Projects\Hazina\src\Core\Agents\Hazina.Generator\Core\DocumentGenerator.cs(61,266): warning S1006: Remove the default parameter value to match the signature of overridden method. (https://rules.sonarsource.com/csharp/RSPEC-1006) [C:\Projects\Hazina\src\Core\Agents\Hazina.Generator\Hazina.Generator.csproj::TargetFramework=net9.0]
C:\Projects\Hazina\src\Core\Agents\Hazina.Generator\Core\DocumentGenerator.cs(61,63): warning S927: Rename parameter 'message' to 'query' to match the interface declaration. (https://rules.sonarsource.com/csharp/RSPEC-927) [C:\Projects\Hazina\src\Core\Agents\Hazina.Generator\Hazina.Generator.csproj::TargetFramework=net9.0]
C:\Projects\Hazina\src\Core\Agents\Hazina.Generator\Core\DocumentGenerator.cs(61,130): warning S927: Rename parameter 'history' to 'messages' to match the interface declaration. (https://rules.sonarsource.com/csharp/RSPEC-927) [C:\Projects\Hazina\src\Core\Agents\Hazina.Generator\Hazina.Generator.csproj::TargetFramework=net9.0]
C:\Projects\Hazina\src\Core\Agents\Hazina.Generator\Models\UpdateStoreResponse.cs(1,1): warning SA1633: The file header is missing or not located at the top of the file. (https://github.com/DotNetAnalyzers/StyleCopAnalyzers/blob/master/documentation/SA1633.md) [C:\Projects\Hazina\src\Core\Agents\Hazina.Generator\Hazina.Generator.csproj::TargetFramework=net9.0]
C:\Projects\Hazina\src\Core\Agents\Hazina.Generator\Core\DocumentGenerator.cs(73,66): warning CA1725: In member Task<LLMResponse<string>> DocumentGenerator.StreamResponse(string message, CancellationToken cancel, Action<string> onChunkReceived, IEnumerable<HazinaChatMessage>? history = null, bool addRelevantDocuments = true, bool addFilesList = true, IToolsContext? toolsContext = null, List<ImageData>? images = null), change parameter name message to query in order to match the identifier as it has been declared in Task<LLMResponse<string>> IDocumentGenerator.StreamResponse(string query, CancellationToken cancel, Action<string> onChunkReceived, IEnumerable<HazinaChatMessage>? messages, bool addRelevantDocuments, bool addFilesList, IToolsContext toolsContext, List<ImageData> images) (https://learn.microsoft.com/dotnet/fundamentals/code-analysis/quality-rules/ca1725) [C:\Projects\Hazina\src\Core\Agents\Hazina.Generator\Hazina.Generator.csproj::TargetFramework=net9.0]
C:\Projects\Hazina\src\Core\Agents\Hazina.Generator\Core\DocumentGenerator.cs(79,319): warning CA1002: Change 'List<ImageData>' in 'DocumentGenerator.StreamResponse(IEnumerable<HazinaChatMessage>, CancellationToken, Action<string>, [IEnumerable<HazinaChatMessage>], [bool], [bool], [IToolsContext], [List<ImageData>])' to use 'Collection<T>', 'ReadOnlyCollection<T>' or 'KeyedCollection<K,V>' (https://learn.microsoft.com/dotnet/fundamentals/code-analysis/quality-rules/ca1002) [C:\Projects\Hazina\src\Core\Agents\Hazina.Generator\Hazina.Generator.csproj::TargetFramework=net9.0]
C:\Projects\Hazina\src\Core\Agents\Hazina.Generator\Core\DocumentGenerator.cs(73,165): warning CA1725: In member Task<LLMResponse<string>> DocumentGenerator.StreamResponse(string message, CancellationToken cancel, Action<string> onChunkReceived, IEnumerable<HazinaChatMessage>? history = null, bool addRelevantDocuments = true, bool addFilesList = true, IToolsContext? toolsContext = null, List<ImageData>? images = null), change parameter name history to messages in order to match the identifier as it has been declared in Task<LLMResponse<string>> IDocumentGenerator.StreamResponse(string query, CancellationToken cancel, Action<string> onChunkReceived, IEnumerable<HazinaChatMessage>? messages, bool addRelevantDocuments, bool addFilesList, IToolsContext toolsContext, List<ImageData> images) (https://learn.microsoft.com/dotnet/fundamentals/code-analysis/quality-rules/ca1725) [C:\Projects\Hazina\src\Core\Agents\Hazina.Generator\Hazina.Generator.csproj::TargetFramework=net9.0]
C:\Projects\Hazina\src\Core\Agents\Hazina.Generator\Core\DocumentGenerator.cs(79,302): warning MA0016: Prefer using collection abstraction instead of implementation (https://github.com/meziantou/Meziantou.Analyzer/blob/main/docs/Rules/MA0016.md) [C:\Projects\Hazina\src\Core\Agents\Hazina.Generator\Hazina.Generator.csproj::TargetFramework=net9.0]
C:\Projects\Hazina\src\Core\Agents\Hazina.Generator\Core\DocumentGenerator.cs(73,165): warning MA0061: Method overrides should not change default values (original: <no default value>; current: null) (https://github.com/meziantou/Meziantou.Analyzer/blob/main/docs/Rules/MA0061.md) [C:\Projects\Hazina\src\Core\Agents\Hazina.Generator\Hazina.Generator.csproj::TargetFramework=net9.0]
C:\Projects\Hazina\src\Core\Agents\Hazina.Generator\Core\DocumentGenerator.cs(73,186): warning MA0061: Method overrides should not change default values (original: <no default value>; current: 'True') (https://github.com/meziantou/Meziantou.Analyzer/blob/main/docs/Rules/MA0061.md) [C:\Projects\Hazina\src\Core\Agents\Hazina.Generator\Hazina.Generator.csproj::TargetFramework=net9.0]
C:\Projects\Hazina\src\Core\Agents\Hazina.Generator\Core\DocumentGenerator.cs(73,220): warning MA0061: Method overrides should not change default values (original: <no default value>; current: 'True') (https://github.com/meziantou/Meziantou.Analyzer/blob/main/docs/Rules/MA0061.md) [C:\Projects\Hazina\src\Core\Agents\Hazina.Generator\Hazina.Generator.csproj::TargetFramework=net9.0]
C:\Projects\Hazina\src\Core\Agents\Hazina.Generator\Core\DocumentGenerator.cs(73,256): warning MA0061: Method overrides should not change default values (original: <no default value>; current: null) (https://github.com/meziantou/Meziantou.Analyzer/blob/main/docs/Rules/MA0061.md) [C:\Projects\Hazina\src\Core\Agents\Hazina.Generator\Hazina.Generator.csproj::TargetFramework=net9.0]
C:\Projects\Hazina\src\Core\Agents\Hazina.Generator\Core\DocumentGenerator.cs(73,294): warning MA0061: Method overrides should not change default values (original: <no default value>; current: null) (https://github.com/meziantou/Meziantou.Analyzer/blob/main/docs/Rules/MA0061.md) [C:\Projects\Hazina\src\Core\Agents\Hazina.Generator\Hazina.Generator.csproj::TargetFramework=net9.0]
C:\Projects\Hazina\src\Core\Agents\Hazina.Generator\Core\DocumentGenerator.cs(67,267): warning MA0016: Prefer using collection abstraction instead of implementation (https://github.com/meziantou/Meziantou.Analyzer/blob/main/docs/Rules/MA0016.md) [C:\Projects\Hazina\src\Core\Agents\Hazina.Generator\Hazina.Generator.csproj::TargetFramework=net9.0]
C:\Projects\Hazina\src\Core\Agents\Hazina.Generator\Core\DocumentGenerator.cs(55,13): warning SA1312: Variable 'OpenAIAPI' should begin with lower-case letter (https://github.com/DotNetAnalyzers/StyleCopAnalyzers/blob/master/documentation/SA1312.md) [C:\Projects\Hazina\src\Core\Agents\Hazina.Generator\Hazina.Generator.csproj::TargetFramework=net9.0]
C:\Projects\Hazina\src\Core\Agents\Hazina.Generator\Core\DocumentGenerator.cs(85,63): warning CA1715: Prefix generic type parameter name ResponseType with 'T' (https://learn.microsoft.com/dotnet/fundamentals/code-analysis/quality-rules/ca1715) [C:\Projects\Hazina\src\Core\Agents\Hazina.Generator\Hazina.Generator.csproj::TargetFramework=net9.0]
C:\Projects\Hazina\src\Core\Agents\Hazina.Generator\Core\DocumentGenerator.cs(85,84): warning CA1725: In member Task<LLMResponse<ResponseType?>> DocumentGenerator.GetResponse<ResponseType>(string message, CancellationToken cancel, IEnumerable<HazinaChatMessage>? history = null, bool addRelevantDocuments = true, bool addFilesList = true, IToolsContext? toolsContext = null, List<ImageData>? images = null), change parameter name message to query in order to match the identifier as it has been declared in Task<LLMResponse<ResponseType?>> IDocumentGenerator.GetResponse<ResponseType>(string query, CancellationToken cancel, IEnumerable<HazinaChatMessage>? messages, bool addRelevantDocuments, bool addFilesList, IToolsContext toolsContext, List<ImageData> images) (https://learn.microsoft.com/dotnet/fundamentals/code-analysis/quality-rules/ca1725) [C:\Projects\Hazina\src\Core\Agents\Hazina.Generator\Hazina.Generator.csproj::TargetFramework=net9.0]
C:\Projects\Hazina\src\Core\Agents\Hazina.Generator\Core\DocumentGenerator.cs(85,151): warning CA1725: In member Task<LLMResponse<ResponseType?>> DocumentGenerator.GetResponse<ResponseType>(string message, CancellationToken cancel, IEnumerable<HazinaChatMessage>? history = null, bool addRelevantDocuments = true, bool addFilesList = true, IToolsContext? toolsContext = null, List<ImageData>? images = null), change parameter name history to messages in order to match the identifier as it has been declared in Task<LLMResponse<ResponseType?>> IDocumentGenerator.GetResponse<ResponseType>(string query, CancellationToken cancel, IEnumerable<HazinaChatMessage>? messages, bool addRelevantDocuments, bool addFilesList, IToolsContext toolsContext, List<ImageData> images) (https://learn.microsoft.com/dotnet/fundamentals/code-analysis/quality-rules/ca1725) [C:\Projects\Hazina\src\Core\Agents\Hazina.Generator\Hazina.Generator.csproj::TargetFramework=net9.0]
C:\Projects\Hazina\src\Core\Agents\Hazina.Generator\Core\DocumentGenerator.cs(85,151): warning MA0061: Method overrides should not change default values (original: <no default value>; current: null) (https://github.com/meziantou/Meziantou.Analyzer/blob/main/docs/Rules/MA0061.md) [C:\Projects\Hazina\src\Core\Agents\Hazina.Generator\Hazina.Generator.csproj::TargetFramework=net9.0]
C:\Projects\Hazina\src\Core\Agents\Hazina.Generator\Core\DocumentGenerator.cs(85,172): warning MA0061: Method overrides should not change default values (original: <no default value>; current: 'True') (https://github.com/meziantou/Meziantou.Analyzer/blob/main/docs/Rules/MA0061.md) [C:\Projects\Hazina\src\Core\Agents\Hazina.Generator\Hazina.Generator.csproj::TargetFramework=net9.0]
C:\Projects\Hazina\src\Core\Agents\Hazina.Generator\Core\DocumentGenerator.cs(85,206): warning MA0061: Method overrides should not change default values (original: <no default value>; current: 'True') (https://github.com/meziantou/Meziantou.Analyzer/blob/main/docs/Rules/MA0061.md) [C:\Projects\Hazina\src\Core\Agents\Hazina.Generator\Hazina.Generator.csproj::TargetFramework=net9.0]
C:\Projects\Hazina\src\Core\Agents\Hazina.Generator\Core\DocumentGenerator.cs(85,242): warning MA0061: Method overrides should not change default values (original: <no default value>; current: null) (https://github.com/meziantou/Meziantou.Analyzer/blob/main/docs/Rules/MA0061.md) [C:\Projects\Hazina\src\Core\Agents\Hazina.Generator\Hazina.Generator.csproj::TargetFramework=net9.0]
C:\Projects\Hazina\src\Core\Agents\Hazina.Generator\Core\DocumentGenerator.cs(85,280): warning MA0061: Method overrides should not change default values (original: <no default value>; current: null) (https://github.com/meziantou/Meziantou.Analyzer/blob/main/docs/Rules/MA0061.md) [C:\Projects\Hazina\src\Core\Agents\Hazina.Generator\Hazina.Generator.csproj::TargetFramework=net9.0]
C:\Projects\Hazina\src\Core\Agents\Hazina.Generator\Core\DocumentGenerator.cs(73,173): warning S1006: Remove the default parameter value to match the signature of overridden method. (https://rules.sonarsource.com/csharp/RSPEC-1006) [C:\Projects\Hazina\src\Core\Agents\Hazina.Generator\Hazina.Generator.csproj::TargetFramework=net9.0]
C:\Projects\Hazina\src\Core\Agents\Hazina.Generator\Core\DocumentGenerator.cs(73,207): warning S1006: Remove the default parameter value to match the signature of overridden method. (https://rules.sonarsource.com/csharp/RSPEC-1006) [C:\Projects\Hazina\src\Core\Agents\Hazina.Generator\Hazina.Generator.csproj::TargetFramework=net9.0]
C:\Projects\Hazina\src\Core\Agents\Hazina.Generator\Core\DocumentGenerator.cs(73,233): warning S1006: Remove the default parameter value to match the signature of overridden method. (https://rules.sonarsource.com/csharp/RSPEC-1006) [C:\Projects\Hazina\src\Core\Agents\Hazina.Generator\Hazina.Generator.csproj::TargetFramework=net9.0]
C:\Projects\Hazina\src\Core\Agents\Hazina.Generator\Core\DocumentGenerator.cs(73,269): warning S1006: Remove the default parameter value to match the signature of overridden method. (https://rules.sonarsource.com/csharp/RSPEC-1006) [C:\Projects\Hazina\src\Core\Agents\Hazina.Generator\Hazina.Generator.csproj::TargetFramework=net9.0]
C:\Projects\Hazina\src\Core\Agents\Hazina.Generator\Core\DocumentGenerator.cs(73,301): warning S1006: Remove the default parameter value to match the signature of overridden method. (https://rules.sonarsource.com/csharp/RSPEC-1006) [C:\Projects\Hazina\src\Core\Agents\Hazina.Generator\Hazina.Generator.csproj::TargetFramework=net9.0]
C:\Projects\Hazina\src\Core\Agents\Hazina.Generator\Core\DocumentGenerator.cs(73,66): warning S927: Rename parameter 'message' to 'query' to match the interface declaration. (https://rules.sonarsource.com/csharp/RSPEC-927) [C:\Projects\Hazina\src\Core\Agents\Hazina.Generator\Hazina.Generator.csproj::TargetFramework=net9.0]
C:\Projects\Hazina\src\Core\Agents\Hazina.Generator\Core\DocumentGenerator.cs(73,165): warning S927: Rename parameter 'history' to 'messages' to match the interface declaration. (https://rules.sonarsource.com/csharp/RSPEC-927) [C:\Projects\Hazina\src\Core\Agents\Hazina.Generator\Hazina.Generator.csproj::TargetFramework=net9.0]
C:\Projects\Hazina\src\Core\Agents\Hazina.Generator\Core\DocumentGenerator.cs(63,28): warning MA0004: Use Task.ConfigureAwait(false) if the current SynchronizationContext is not needed (https://github.com/meziantou/Meziantou.Analyzer/blob/main/docs/Rules/MA0004.md) [C:\Projects\Hazina\src\Core\Agents\Hazina.Generator\Hazina.Generator.csproj::TargetFramework=net9.0]
C:\Projects\Hazina\src\Core\Agents\Hazina.Generator\Core\DocumentGenerator.cs(91,305): warning CA1002: Change 'List<ImageData>' in 'DocumentGenerator.GetResponse<ResponseType>(IEnumerable<HazinaChatMessage>, CancellationToken, [IEnumerable<HazinaChatMessage>], [bool], [bool], [IToolsContext], [List<ImageData>])' to use 'Collection<T>', 'ReadOnlyCollection<T>' or 'KeyedCollection<K,V>' (https://learn.microsoft.com/dotnet/fundamentals/code-analysis/quality-rules/ca1002) [C:\Projects\Hazina\src\Core\Agents\Hazina.Generator\Hazina.Generator.csproj::TargetFramework=net9.0]
C:\Projects\Hazina\src\Core\Agents\Hazina.Generator\Core\DocumentGenerator.cs(64,16): warning MA0004: Use Task.ConfigureAwait(false) if the current SynchronizationContext is not needed (https://github.com/meziantou/Meziantou.Analyzer/blob/main/docs/Rules/MA0004.md) [C:\Projects\Hazina\src\Core\Agents\Hazina.Generator\Hazina.Generator.csproj::TargetFramework=net9.0]
C:\Projects\Hazina\src\Core\Agents\Hazina.Generator\Core\DocumentGenerator.cs(91,63): warning CA1715: Prefix generic type parameter name ResponseType with 'T' (https://learn.microsoft.com/dotnet/fundamentals/code-analysis/quality-rules/ca1715) [C:\Projects\Hazina\src\Core\Agents\Hazina.Generator\Hazina.Generator.csproj::TargetFramework=net9.0]
C:\Projects\Hazina\src\Core\Agents\Hazina.Generator\Core\DocumentGenerator.cs(91,288): warning MA0016: Prefer using collection abstraction instead of implementation (https://github.com/meziantou/Meziantou.Analyzer/blob/main/docs/Rules/MA0016.md) [C:\Projects\Hazina\src\Core\Agents\Hazina.Generator\Hazina.Generator.csproj::TargetFramework=net9.0]
C:\Projects\Hazina\src\Core\Agents\Hazina.Generator\Core\DocumentGenerator.cs(85,159): warning S1006: Remove the default parameter value to match the signature of overridden method. (https://rules.sonarsource.com/csharp/RSPEC-1006) [C:\Projects\Hazina\src\Core\Agents\Hazina.Generator\Hazina.Generator.csproj::TargetFramework=net9.0]
C:\Projects\Hazina\src\Core\Agents\Hazina.Generator\Core\DocumentGenerator.cs(85,193): warning S1006: Remove the default parameter value to match the signature of overridden method. (https://rules.sonarsource.com/csharp/RSPEC-1006) [C:\Projects\Hazina\src\Core\Agents\Hazina.Generator\Hazina.Generator.csproj::TargetFramework=net9.0]
C:\Projects\Hazina\src\Core\Agents\Hazina.Generator\Core\DocumentGenerator.cs(85,219): warning S1006: Remove the default parameter value to match the signature of overridden method. (https://rules.sonarsource.com/csharp/RSPEC-1006) [C:\Projects\Hazina\src\Core\Agents\Hazina.Generator\Hazina.Generator.csproj::TargetFramework=net9.0]
C:\Projects\Hazina\src\Core\Agents\Hazina.Generator\Core\DocumentGenerator.cs(85,255): warning S1006: Remove the default parameter value to match the signature of overridden method. (https://rules.sonarsource.com/csharp/RSPEC-1006) [C:\Projects\Hazina\src\Core\Agents\Hazina.Generator\Hazina.Generator.csproj::TargetFramework=net9.0]
C:\Projects\Hazina\src\Core\Agents\Hazina.Generator\Core\DocumentGenerator.cs(85,287): warning S1006: Remove the default parameter value to match the signature of overridden method. (https://rules.sonarsource.com/csharp/RSPEC-1006) [C:\Projects\Hazina\src\Core\Agents\Hazina.Generator\Hazina.Generator.csproj::TargetFramework=net9.0]
C:\Projects\Hazina\src\Core\Agents\Hazina.Generator\Core\DocumentGenerator.cs(85,84): warning S927: Rename parameter 'message' to 'query' to match the interface declaration. (https://rules.sonarsource.com/csharp/RSPEC-927) [C:\Projects\Hazina\src\Core\Agents\Hazina.Generator\Hazina.Generator.csproj::TargetFramework=net9.0]
C:\Projects\Hazina\src\Core\Agents\Hazina.Generator\Core\DocumentGenerator.cs(85,151): warning S927: Rename parameter 'history' to 'messages' to match the interface declaration. (https://rules.sonarsource.com/csharp/RSPEC-927) [C:\Projects\Hazina\src\Core\Agents\Hazina.Generator\Hazina.Generator.csproj::TargetFramework=net9.0]
C:\Projects\Hazina\src\Core\Agents\Hazina.Generator\Core\DocumentGenerator.cs(97,66): warning CA1715: Prefix generic type parameter name ResponseType with 'T' (https://learn.microsoft.com/dotnet/fundamentals/code-analysis/quality-rules/ca1715) [C:\Projects\Hazina\src\Core\Agents\Hazina.Generator\Hazina.Generator.csproj::TargetFramework=net9.0]
C:\Projects\Hazina\src\Core\Agents\Hazina.Generator\Core\DocumentGenerator.cs(97,87): warning CA1725: In member Task<LLMResponse<ResponseType?>> DocumentGenerator.StreamResponse<ResponseType>(string message, CancellationToken cancel, Action<string> onChunkReceived, IEnumerable<HazinaChatMessage>? history = null, bool addRelevantDocuments = true, bool addFilesList = true, IToolsContext? toolsContext = null, List<ImageData>? images = null), change parameter name message to query in order to match the identifier as it has been declared in Task<LLMResponse<ResponseType?>> IDocumentGenerator.StreamResponse<ResponseType>(string query, CancellationToken cancel, Action<string> onChunkReceived, IEnumerable<HazinaChatMessage>? messages, bool addRelevantDocuments, bool addFilesList, IToolsContext toolsContext, List<ImageData> images) (https://learn.microsoft.com/dotnet/fundamentals/code-analysis/quality-rules/ca1725) [C:\Projects\Hazina\src\Core\Agents\Hazina.Generator\Hazina.Generator.csproj::TargetFramework=net9.0]
C:\Projects\Hazina\src\Core\Agents\Hazina.Generator\Core\DocumentGenerator.cs(97,186): warning CA1725: In member Task<LLMResponse<ResponseType?>> DocumentGenerator.StreamResponse<ResponseType>(string message, CancellationToken cancel, Action<string> onChunkReceived, IEnumerable<HazinaChatMessage>? history = null, bool addRelevantDocuments = true, bool addFilesList = true, IToolsContext? toolsContext = null, List<ImageData>? images = null), change parameter name history to messages in order to match the identifier as it has been declared in Task<LLMResponse<ResponseType?>> IDocumentGenerator.StreamResponse<ResponseType>(string query, CancellationToken cancel, Action<string> onChunkReceived, IEnumerable<HazinaChatMessage>? messages, bool addRelevantDocuments, bool addFilesList, IToolsContext toolsContext, List<ImageData> images) (https://learn.microsoft.com/dotnet/fundamentals/code-analysis/quality-rules/ca1725) [C:\Projects\Hazina\src\Core\Agents\Hazina.Generator\Hazina.Generator.csproj::TargetFramework=net9.0]
C:\Projects\Hazina\src\Core\Agents\Hazina.Generator\Core\DocumentGenerator.cs(103,51): warning CA1068: Method 'DocumentGenerator.StreamResponse<ResponseType>(System.Collections.Generic.IEnumerable<HazinaChatMessage>, System.Threading.CancellationToken, System.Action<string>, System.Collections.Generic.IEnumerable<HazinaChatMessage>?, bool, bool, Hazina.LLMs.IToolsContext?, System.Collections.Generic.List<ImageData>?)' should take CancellationToken as the last parameter (https://learn.microsoft.com/dotnet/fundamentals/code-analysis/quality-rules/ca1068) [C:\Projects\Hazina\src\Core\Agents\Hazina.Generator\Hazina.Generator.csproj::TargetFramework=net9.0]
C:\Projects\Hazina\src\Core\Agents\Hazina.Generator\Core\DocumentGenerator.cs(103,340): warning CA1002: Change 'List<ImageData>' in 'DocumentGenerator.StreamResponse<ResponseType>(IEnumerable<HazinaChatMessage>, CancellationToken, Action<string>, [IEnumerable<HazinaChatMessage>], [bool], [bool], [IToolsContext], [List<ImageData>])' to use 'Collection<T>', 'ReadOnlyCollection<T>' or 'KeyedCollection<K,V>' (https://learn.microsoft.com/dotnet/fundamentals/code-analysis/quality-rules/ca1002) [C:\Projects\Hazina\src\Core\Agents\Hazina.Generator\Hazina.Generator.csproj::TargetFramework=net9.0]
C:\Projects\Hazina\src\Core\Agents\Hazina.Generator\Core\DocumentGenerator.cs(103,66): warning CA1715: Prefix generic type parameter name ResponseType with 'T' (https://learn.microsoft.com/dotnet/fundamentals/code-analysis/quality-rules/ca1715) [C:\Projects\Hazina\src\Core\Agents\Hazina.Generator\Hazina.Generator.csproj::TargetFramework=net9.0]
C:\Projects\Hazina\src\Core\Agents\Hazina.Generator\Core\DocumentGenerator.cs(97,186): warning MA0061: Method overrides should not change default values (original: <no default value>; current: null) (https://github.com/meziantou/Meziantou.Analyzer/blob/main/docs/Rules/MA0061.md) [C:\Projects\Hazina\src\Core\Agents\Hazina.Generator\Hazina.Generator.csproj::TargetFramework=net9.0]
C:\Projects\Hazina\src\Core\Agents\Hazina.Generator\Core\DocumentGenerator.cs(97,207): warning MA0061: Method overrides should not change default values (original: <no default value>; current: 'True') (https://github.com/meziantou/Meziantou.Analyzer/blob/main/docs/Rules/MA0061.md) [C:\Projects\Hazina\src\Core\Agents\Hazina.Generator\Hazina.Generator.csproj::TargetFramework=net9.0]
C:\Projects\Hazina\src\Core\Agents\Hazina.Generator\Core\DocumentGenerator.cs(97,241): warning MA0061: Method overrides should not change default values (original: <no default value>; current: 'True') (https://github.com/meziantou/Meziantou.Analyzer/blob/main/docs/Rules/MA0061.md) [C:\Projects\Hazina\src\Core\Agents\Hazina.Generator\Hazina.Generator.csproj::TargetFramework=net9.0]
C:\Projects\Hazina\src\Core\Agents\Hazina.Generator\Core\DocumentGenerator.cs(97,277): warning MA0061: Method overrides should not change default values (original: <no default value>; current: null) (https://github.com/meziantou/Meziantou.Analyzer/blob/main/docs/Rules/MA0061.md) [C:\Projects\Hazina\src\Core\Agents\Hazina.Generator\Hazina.Generator.csproj::TargetFramework=net9.0]
C:\Projects\Hazina\src\Core\Agents\Hazina.Generator\Core\DocumentGenerator.cs(97,315): warning MA0061: Method overrides should not change default values (original: <no default value>; current: null) (https://github.com/meziantou/Meziantou.Analyzer/blob/main/docs/Rules/MA0061.md) [C:\Projects\Hazina\src\Core\Agents\Hazina.Generator\Hazina.Generator.csproj::TargetFramework=net9.0]
C:\Projects\Hazina\src\Core\Agents\Hazina.Generator\Core\DocumentGenerator.cs(103,323): warning MA0016: Prefer using collection abstraction instead of implementation (https://github.com/meziantou/Meziantou.Analyzer/blob/main/docs/Rules/MA0016.md) [C:\Projects\Hazina\src\Core\Agents\Hazina.Generator\Hazina.Generator.csproj::TargetFramework=net9.0]
C:\Projects\Hazina\src\Core\Agents\Hazina.Generator\Core\DocumentGenerator.cs(17,1): warning SA1516: Elements should be separated by blank line (https://github.com/DotNetAnalyzers/StyleCopAnalyzers/blob/master/documentation/SA1516.md) [C:\Projects\Hazina\src\Core\Agents\Hazina.Generator\Hazina.Generator.csproj::TargetFramework=net9.0]
C:\Projects\Hazina\src\Core\Agents\Hazina.Generator\Core\DocumentGenerator.cs(18,1): warning SA1516: Elements should be separated by blank line (https://github.com/DotNetAnalyzers/StyleCopAnalyzers/blob/master/documentation/SA1516.md) [C:\Projects\Hazina\src\Core\Agents\Hazina.Generator\Hazina.Generator.csproj::TargetFramework=net9.0]
C:\Projects\Hazina\src\Core\Agents\Hazina.Generator\Core\DocumentGenerator.cs(21,1): warning SA1516: Elements should be separated by blank line (https://github.com/DotNetAnalyzers/StyleCopAnalyzers/blob/master/documentation/SA1516.md) [C:\Projects\Hazina\src\Core\Agents\Hazina.Generator\Hazina.Generator.csproj::TargetFramework=net9.0]
C:\Projects\Hazina\src\Core\Agents\Hazina.Generator\Core\DocumentGenerator.cs(22,1): warning SA1516: Elements should be separated by blank line (https://github.com/DotNetAnalyzers/StyleCopAnalyzers/blob/master/documentation/SA1516.md) [C:\Projects\Hazina\src\Core\Agents\Hazina.Generator\Hazina.Generator.csproj::TargetFramework=net9.0]
C:\Projects\Hazina\src\Core\Agents\Hazina.Generator\Core\DocumentGenerator.cs(55,13): warning S1481: Remove the unused local variable 'OpenAIAPI'. (https://rules.sonarsource.com/csharp/RSPEC-1481) [C:\Projects\Hazina\src\Core\Agents\Hazina.Generator\Hazina.Generator.csproj::TargetFramework=net9.0]
C:\Projects\Hazina\src\Core\Agents\Hazina.Generator\Core\DocumentGenerator.cs(109,63): warning CA1725: In member Task<LLMResponse<string>> DocumentGenerator.UpdateStore(string message, CancellationToken cancel, IEnumerable<HazinaChatMessage>? history = null, bool addRelevantDocuments = true, bool addFilesList = true, IToolsContext? toolsContext = null, List<ImageData>? images = null), change parameter name message to query in order to match the identifier as it has been declared in Task<LLMResponse<string>> IDocumentGenerator.UpdateStore(string query, CancellationToken cancel, IEnumerable<HazinaChatMessage>? messages, bool addRelevantDocuments, bool addFilesList, IToolsContext toolsContext, List<ImageData> images) (https://learn.microsoft.com/dotnet/fundamentals/code-analysis/quality-rules/ca1725) [C:\Projects\Hazina\src\Core\Agents\Hazina.Generator\Hazina.Generator.csproj::TargetFramework=net9.0]
C:\Projects\Hazina\src\Core\Agents\Hazina.Generator\Core\DocumentGenerator.cs(109,130): warning CA1725: In member Task<LLMResponse<string>> DocumentGenerator.UpdateStore(string message, CancellationToken cancel, IEnumerable<HazinaChatMessage>? history = null, bool addRelevantDocuments = true, bool addFilesList = true, IToolsContext? toolsContext = null, List<ImageData>? images = null), change parameter name history to messages in order to match the identifier as it has been declared in Task<LLMResponse<string>> IDocumentGenerator.UpdateStore(string query, CancellationToken cancel, IEnumerable<HazinaChatMessage>? messages, bool addRelevantDocuments, bool addFilesList, IToolsContext toolsContext, List<ImageData> images) (https://learn.microsoft.com/dotnet/fundamentals/code-analysis/quality-rules/ca1725) [C:\Projects\Hazina\src\Core\Agents\Hazina.Generator\Hazina.Generator.csproj::TargetFramework=net9.0]
C:\Projects\Hazina\src\Core\Agents\Hazina.Generator\Core\DocumentGenerator.cs(97,194): warning S1006: Remove the default parameter value to match the signature of overridden method. (https://rules.sonarsource.com/csharp/RSPEC-1006) [C:\Projects\Hazina\src\Core\Agents\Hazina.Generator\Hazina.Generator.csproj::TargetFramework=net9.0]
C:\Projects\Hazina\src\Core\Agents\Hazina.Generator\Core\DocumentGenerator.cs(97,228): warning S1006: Remove the default parameter value to match the signature of overridden method. (https://rules.sonarsource.com/csharp/RSPEC-1006) [C:\Projects\Hazina\src\Core\Agents\Hazina.Generator\Hazina.Generator.csproj::TargetFramework=net9.0]
C:\Projects\Hazina\src\Core\Agents\Hazina.Generator\Core\DocumentGenerator.cs(97,254): warning S1006: Remove the default parameter value to match the signature of overridden method. (https://rules.sonarsource.com/csharp/RSPEC-1006) [C:\Projects\Hazina\src\Core\Agents\Hazina.Generator\Hazina.Generator.csproj::TargetFramework=net9.0]
C:\Projects\Hazina\src\Core\Agents\Hazina.Generator\Core\DocumentGenerator.cs(97,290): warning S1006: Remove the default parameter value to match the signature of overridden method. (https://rules.sonarsource.com/csharp/RSPEC-1006) [C:\Projects\Hazina\src\Core\Agents\Hazina.Generator\Hazina.Generator.csproj::TargetFramework=net9.0]
C:\Projects\Hazina\src\Core\Agents\Hazina.Generator\Core\DocumentGenerator.cs(97,322): warning S1006: Remove the default parameter value to match the signature of overridden method. (https://rules.sonarsource.com/csharp/RSPEC-1006) [C:\Projects\Hazina\src\Core\Agents\Hazina.Generator\Hazina.Generator.csproj::TargetFramework=net9.0]
C:\Projects\Hazina\src\Core\Agents\Hazina.Generator\Core\DocumentGenerator.cs(151,69): warning CA1725: In member Task<LLMResponse<string>> DocumentGenerator.StreamUpdateStore(string message, CancellationToken cancel, Action<string> onChunkReceived, IEnumerable<HazinaChatMessage>? history = null, bool addRelevantDocuments = true, bool addFilesList = true, IToolsContext? toolsContext = null, List<ImageData>? images = null), change parameter name message to query in order to match the identifier as it has been declared in Task<LLMResponse<string>> IDocumentGenerator.StreamUpdateStore(string query, CancellationToken cancel, Action<string> onChunkReceived, IEnumerable<HazinaChatMessage>? messages, bool addRelevantDocuments, bool addFilesList, IToolsContext toolsContext, List<ImageData> images) (https://learn.microsoft.com/dotnet/fundamentals/code-analysis/quality-rules/ca1725) [C:\Projects\Hazina\src\Core\Agents\Hazina.Generator\Hazina.Generator.csproj::TargetFramework=net9.0]
C:\Projects\Hazina\src\Core\Agents\Hazina.Generator\Core\DocumentGenerator.cs(97,87): warning S927: Rename parameter 'message' to 'query' to match the interface declaration. (https://rules.sonarsource.com/csharp/RSPEC-927) [C:\Projects\Hazina\src\Core\Agents\Hazina.Generator\Hazina.Generator.csproj::TargetFramework=net9.0]
C:\Projects\Hazina\src\Core\Agents\Hazina.Generator\Core\DocumentGenerator.cs(151,168): warning CA1725: In member Task<LLMResponse<string>> DocumentGenerator.StreamUpdateStore(string message, CancellationToken cancel, Action<string> onChunkReceived, IEnumerable<HazinaChatMessage>? history = null, bool addRelevantDocuments = true, bool addFilesList = true, IToolsContext? toolsContext = null, List<ImageData>? images = null), change parameter name history to messages in order to match the identifier as it has been declared in Task<LLMResponse<string>> IDocumentGenerator.StreamUpdateStore(string query, CancellationToken cancel, Action<string> onChunkReceived, IEnumerable<HazinaChatMessage>? messages, bool addRelevantDocuments, bool addFilesList, IToolsContext toolsContext, List<ImageData> images) (https://learn.microsoft.com/dotnet/fundamentals/code-analysis/quality-rules/ca1725) [C:\Projects\Hazina\src\Core\Agents\Hazina.Generator\Hazina.Generator.csproj::TargetFramework=net9.0]
C:\Projects\Hazina\src\Core\Agents\Hazina.Generator\Core\DocumentGenerator.cs(97,186): warning S927: Rename parameter 'history' to 'messages' to match the interface declaration. (https://rules.sonarsource.com/csharp/RSPEC-927) [C:\Projects\Hazina\src\Core\Agents\Hazina.Generator\Hazina.Generator.csproj::TargetFramework=net9.0]
C:\Projects\Hazina\src\Core\Agents\Hazina.Generator\Core\DocumentGenerator.cs(109,130): warning MA0061: Method overrides should not change default values (original: <no default value>; current: null) (https://github.com/meziantou/Meziantou.Analyzer/blob/main/docs/Rules/MA0061.md) [C:\Projects\Hazina\src\Core\Agents\Hazina.Generator\Hazina.Generator.csproj::TargetFramework=net9.0]
C:\Projects\Hazina\src\Core\Agents\Hazina.Generator\Core\DocumentGenerator.cs(109,151): warning MA0061: Method overrides should not change default values (original: <no default value>; current: 'True') (https://github.com/meziantou/Meziantou.Analyzer/blob/main/docs/Rules/MA0061.md) [C:\Projects\Hazina\src\Core\Agents\Hazina.Generator\Hazina.Generator.csproj::TargetFramework=net9.0]
C:\Projects\Hazina\src\Core\Agents\Hazina.Generator\Core\DocumentGenerator.cs(109,185): warning MA0061: Method overrides should not change default values (original: <no default value>; current: 'True') (https://github.com/meziantou/Meziantou.Analyzer/blob/main/docs/Rules/MA0061.md) [C:\Projects\Hazina\src\Core\Agents\Hazina.Generator\Hazina.Generator.csproj::TargetFramework=net9.0]
C:\Projects\Hazina\src\Core\Agents\Hazina.Generator\Core\DocumentGenerator.cs(109,221): warning MA0061: Method overrides should not change default values (original: <no default value>; current: null) (https://github.com/meziantou/Meziantou.Analyzer/blob/main/docs/Rules/MA0061.md) [C:\Projects\Hazina\src\Core\Agents\Hazina.Generator\Hazina.Generator.csproj::TargetFramework=net9.0]
C:\Projects\Hazina\src\Core\Agents\Hazina.Generator\Core\DocumentGenerator.cs(109,259): warning MA0061: Method overrides should not change default values (original: <no default value>; current: null) (https://github.com/meziantou/Meziantou.Analyzer/blob/main/docs/Rules/MA0061.md) [C:\Projects\Hazina\src\Core\Agents\Hazina.Generator\Hazina.Generator.csproj::TargetFramework=net9.0]
C:\Projects\Hazina\src\Core\Agents\Hazina.Generator\Core\DocumentGenerator.cs(143,284): warning CA1002: Change 'List<ImageData>' in 'DocumentGenerator.UpdateStore(IEnumerable<HazinaChatMessage>, CancellationToken, [IEnumerable<HazinaChatMessage>], [bool], [bool], [IToolsContext], [List<ImageData>])' to use 'Collection<T>', 'ReadOnlyCollection<T>' or 'KeyedCollection<K,V>' (https://learn.microsoft.com/dotnet/fundamentals/code-analysis/quality-rules/ca1002) [C:\Projects\Hazina\src\Core\Agents\Hazina.Generator\Hazina.Generator.csproj::TargetFramework=net9.0]
C:\Projects\Hazina\src\Core\Agents\Hazina.Generator\Core\DocumentGenerator.cs(151,168): warning MA0061: Method overrides should not change default values (original: <no default value>; current: null) (https://github.com/meziantou/Meziantou.Analyzer/blob/main/docs/Rules/MA0061.md) [C:\Projects\Hazina\src\Core\Agents\Hazina.Generator\Hazina.Generator.csproj::TargetFramework=net9.0]
C:\Projects\Hazina\src\Core\Agents\Hazina.Generator\Core\DocumentGenerator.cs(151,189): warning MA0061: Method overrides should not change default values (original: <no default value>; current: 'True') (https://github.com/meziantou/Meziantou.Analyzer/blob/main/docs/Rules/MA0061.md) [C:\Projects\Hazina\src\Core\Agents\Hazina.Generator\Hazina.Generator.csproj::TargetFramework=net9.0]
C:\Projects\Hazina\src\Core\Agents\Hazina.Generator\Core\DocumentGenerator.cs(151,223): warning MA0061: Method overrides should not change default values (original: <no default value>; current: 'True') (https://github.com/meziantou/Meziantou.Analyzer/blob/main/docs/Rules/MA0061.md) [C:\Projects\Hazina\src\Core\Agents\Hazina.Generator\Hazina.Generator.csproj::TargetFramework=net9.0]
C:\Projects\Hazina\src\Core\Agents\Hazina.Generator\Core\DocumentGenerator.cs(151,259): warning MA0061: Method overrides should not change default values (original: <no default value>; current: null) (https://github.com/meziantou/Meziantou.Analyzer/blob/main/docs/Rules/MA0061.md) [C:\Projects\Hazina\src\Core\Agents\Hazina.Generator\Hazina.Generator.csproj::TargetFramework=net9.0]
C:\Projects\Hazina\src\Core\Agents\Hazina.Generator\Core\DocumentGenerator.cs(151,297): warning MA0061: Method overrides should not change default values (original: <no default value>; current: null) (https://github.com/meziantou/Meziantou.Analyzer/blob/main/docs/Rules/MA0061.md) [C:\Projects\Hazina\src\Core\Agents\Hazina.Generator\Hazina.Generator.csproj::TargetFramework=net9.0]
C:\Projects\Hazina\src\Core\Agents\Hazina.Generator\Core\DocumentGenerator.cs(143,267): warning MA0016: Prefer using collection abstraction instead of implementation (https://github.com/meziantou/Meziantou.Analyzer/blob/main/docs/Rules/MA0016.md) [C:\Projects\Hazina\src\Core\Agents\Hazina.Generator\Hazina.Generator.csproj::TargetFramework=net9.0]
C:\Projects\Hazina\src\Core\Agents\Hazina.Generator\Models\StoreSafetyPolicy.cs(84,36): warning SA1503: Braces should not be omitted (https://github.com/DotNetAnalyzers/StyleCopAnalyzers/blob/master/documentation/SA1503.md) [C:\Projects\Hazina\src\Core\Agents\Hazina.Generator\Hazina.Generator.csproj::TargetFramework=net9.0]
C:\Projects\Hazina\src\Core\Agents\Hazina.Generator\Core\DocumentGenerator.cs(34,24): warning MA0004: Use Task.ConfigureAwait(false) if the current SynchronizationContext is not needed (https://github.com/meziantou/Meziantou.Analyzer/blob/main/docs/Rules/MA0004.md) [C:\Projects\Hazina\src\Core\Agents\Hazina.Generator\Hazina.Generator.csproj::TargetFramework=net9.0]
C:\Projects\Hazina\src\Core\Agents\Hazina.Generator\Core\DocumentGenerator.cs(85,63): warning SA1314: Type parameter names should begin with T (https://github.com/DotNetAnalyzers/StyleCopAnalyzers/blob/master/documentation/SA1314.md) [C:\Projects\Hazina\src\Core\Agents\Hazina.Generator\Hazina.Generator.csproj::TargetFramework=net9.0]
C:\Projects\Hazina\src\Core\Agents\Hazina.Generator\Core\DocumentGenerator.cs(85,295): warning SA1127: Generic type constraints should be on their own line (https://github.com/DotNetAnalyzers/StyleCopAnalyzers/blob/master/documentation/SA1127.md) [C:\Projects\Hazina\src\Core\Agents\Hazina.Generator\Hazina.Generator.csproj::TargetFramework=net9.0]
C:\Projects\Hazina\src\Core\Agents\Hazina.Generator\Core\DocumentGenerator.cs(151,176): warning S1006: Remove the default parameter value to match the signature of overridden method. (https://rules.sonarsource.com/csharp/RSPEC-1006) [C:\Projects\Hazina\src\Core\Agents\Hazina.Generator\Hazina.Generator.csproj::TargetFramework=net9.0]
C:\Projects\Hazina\src\Core\Agents\Hazina.Generator\Core\DocumentGenerator.cs(151,210): warning S1006: Remove the default parameter value to match the signature of overridden method. (https://rules.sonarsource.com/csharp/RSPEC-1006) [C:\Projects\Hazina\src\Core\Agents\Hazina.Generator\Hazina.Generator.csproj::TargetFramework=net9.0]
C:\Projects\Hazina\src\Core\Agents\Hazina.Generator\Core\DocumentGenerator.cs(151,236): warning S1006: Remove the default parameter value to match the signature of overridden method. (https://rules.sonarsource.com/csharp/RSPEC-1006) [C:\Projects\Hazina\src\Core\Agents\Hazina.Generator\Hazina.Generator.csproj::TargetFramework=net9.0]
C:\Projects\Hazina\src\Core\Agents\Hazina.Generator\Core\DocumentGenerator.cs(151,272): warning S1006: Remove the default parameter value to match the signature of overridden method. (https://rules.sonarsource.com/csharp/RSPEC-1006) [C:\Projects\Hazina\src\Core\Agents\Hazina.Generator\Hazina.Generator.csproj::TargetFramework=net9.0]
C:\Projects\Hazina\src\Core\Agents\Hazina.Generator\Core\DocumentGenerator.cs(151,304): warning S1006: Remove the default parameter value to match the signature of overridden method. (https://rules.sonarsource.com/csharp/RSPEC-1006) [C:\Projects\Hazina\src\Core\Agents\Hazina.Generator\Hazina.Generator.csproj::TargetFramework=net9.0]
C:\Projects\Hazina\src\Core\Agents\Hazina.Generator\Core\DocumentGenerator.cs(151,69): warning S927: Rename parameter 'message' to 'query' to match the interface declaration. (https://rules.sonarsource.com/csharp/RSPEC-927) [C:\Projects\Hazina\src\Core\Agents\Hazina.Generator\Hazina.Generator.csproj::TargetFramework=net9.0]
C:\Projects\Hazina\src\Core\Agents\Hazina.Generator\Core\DocumentGenerator.cs(151,168): warning S927: Rename parameter 'history' to 'messages' to match the interface declaration. (https://rules.sonarsource.com/csharp/RSPEC-927) [C:\Projects\Hazina\src\Core\Agents\Hazina.Generator\Hazina.Generator.csproj::TargetFramework=net9.0]
C:\Projects\Hazina\src\Core\Agents\Hazina.Generator\Core\DocumentGenerator.cs(81,28): warning MA0004: Use Task.ConfigureAwait(false) if the current SynchronizationContext is not needed (https://github.com/meziantou/Meziantou.Analyzer/blob/main/docs/Rules/MA0004.md) [C:\Projects\Hazina\src\Core\Agents\Hazina.Generator\Hazina.Generator.csproj::TargetFramework=net9.0]
C:\Projects\Hazina\src\Core\Agents\Hazina.Generator\Core\DocumentGenerator.cs(82,16): warning MA0004: Use Task.ConfigureAwait(false) if the current SynchronizationContext is not needed (https://github.com/meziantou/Meziantou.Analyzer/blob/main/docs/Rules/MA0004.md) [C:\Projects\Hazina\src\Core\Agents\Hazina.Generator\Hazina.Generator.csproj::TargetFramework=net9.0]
C:\Projects\Hazina\src\Core\Agents\Hazina.Generator\Models\StoreSafetyPolicy.cs(65,43): warning SA1503: Braces should not be omitted (https://github.com/DotNetAnalyzers/StyleCopAnalyzers/blob/master/documentation/SA1503.md) [C:\Projects\Hazina\src\Core\Agents\Hazina.Generator\Hazina.Generator.csproj::TargetFramework=net9.0]
C:\Projects\Hazina\src\Core\Agents\Hazina.Generator\Core\DocumentGenerator.cs(87,28): warning MA0004: Use Task.ConfigureAwait(false) if the current SynchronizationContext is not needed (https://github.com/meziantou/Meziantou.Analyzer/blob/main/docs/Rules/MA0004.md) [C:\Projects\Hazina\src\Core\Agents\Hazina.Generator\Hazina.Generator.csproj::TargetFramework=net9.0]
C:\Projects\Hazina\src\Core\Agents\Hazina.Generator\Core\DocumentGenerator.cs(88,16): warning MA0004: Use Task.ConfigureAwait(false) if the current SynchronizationContext is not needed (https://github.com/meziantou/Meziantou.Analyzer/blob/main/docs/Rules/MA0004.md) [C:\Projects\Hazina\src\Core\Agents\Hazina.Generator\Hazina.Generator.csproj::TargetFramework=net9.0]
C:\Projects\Hazina\src\Core\Agents\Hazina.Generator\Core\DocumentGenerator.cs(75,28): warning MA0004: Use Task.ConfigureAwait(false) if the current SynchronizationContext is not needed (https://github.com/meziantou/Meziantou.Analyzer/blob/main/docs/Rules/MA0004.md) [C:\Projects\Hazina\src\Core\Agents\Hazina.Generator\Hazina.Generator.csproj::TargetFramework=net9.0]
C:\Projects\Hazina\src\Core\Agents\Hazina.Generator\Core\DocumentGenerator.cs(97,66): warning SA1314: Type parameter names should begin with T (https://github.com/DotNetAnalyzers/StyleCopAnalyzers/blob/master/documentation/SA1314.md) [C:\Projects\Hazina\src\Core\Agents\Hazina.Generator\Hazina.Generator.csproj::TargetFramework=net9.0]
C:\Projects\Hazina\src\Core\Agents\Hazina.Generator\Core\DocumentGenerator.cs(76,16): warning MA0004: Use Task.ConfigureAwait(false) if the current SynchronizationContext is not needed (https://github.com/meziantou/Meziantou.Analyzer/blob/main/docs/Rules/MA0004.md) [C:\Projects\Hazina\src\Core\Agents\Hazina.Generator\Hazina.Generator.csproj::TargetFramework=net9.0]
C:\Projects\Hazina\src\Core\Agents\Hazina.Generator\Core\DocumentGenerator.cs(156,76): warning SA1122: Use string.Empty for empty strings (https://github.com/DotNetAnalyzers/StyleCopAnalyzers/blob/master/documentation/SA1122.md) [C:\Projects\Hazina\src\Core\Agents\Hazina.Generator\Hazina.Generator.csproj::TargetFramework=net9.0]
C:\Projects\Hazina\src\Core\Agents\Hazina.Generator\Core\DocumentGenerator.cs(91,63): warning SA1314: Type parameter names should begin with T (https://github.com/DotNetAnalyzers/StyleCopAnalyzers/blob/master/documentation/SA1314.md) [C:\Projects\Hazina\src\Core\Agents\Hazina.Generator\Hazina.Generator.csproj::TargetFramework=net9.0]
C:\Projects\Hazina\src\Core\Agents\Hazina.Generator\Core\DocumentGenerator.cs(91,320): warning SA1127: Generic type constraints should be on their own line (https://github.com/DotNetAnalyzers/StyleCopAnalyzers/blob/master/documentation/SA1127.md) [C:\Projects\Hazina\src\Core\Agents\Hazina.Generator\Hazina.Generator.csproj::TargetFramework=net9.0]
C:\Projects\Hazina\src\Core\Agents\Hazina.Generator\Core\DocumentGenerator.cs(97,330): warning SA1127: Generic type constraints should be on their own line (https://github.com/DotNetAnalyzers/StyleCopAnalyzers/blob/master/documentation/SA1127.md) [C:\Projects\Hazina\src\Core\Agents\Hazina.Generator\Hazina.Generator.csproj::TargetFramework=net9.0]
C:\Projects\Hazina\src\Core\Agents\Hazina.Generator\Core\DocumentGenerator.cs(109,138): warning S1006: Remove the default parameter value to match the signature of overridden method. (https://rules.sonarsource.com/csharp/RSPEC-1006) [C:\Projects\Hazina\src\Core\Agents\Hazina.Generator\Hazina.Generator.csproj::TargetFramework=net9.0]
C:\Projects\Hazina\src\Core\Agents\Hazina.Generator\Core\DocumentGenerator.cs(109,172): warning S1006: Remove the default parameter value to match the signature of overridden method. (https://rules.sonarsource.com/csharp/RSPEC-1006) [C:\Projects\Hazina\src\Core\Agents\Hazina.Generator\Hazina.Generator.csproj::TargetFramework=net9.0]
C:\Projects\Hazina\src\Core\Agents\Hazina.Generator\Core\DocumentGenerator.cs(109,198): warning S1006: Remove the default parameter value to match the signature of overridden method. (https://rules.sonarsource.com/csharp/RSPEC-1006) [C:\Projects\Hazina\src\Core\Agents\Hazina.Generator\Hazina.Generator.csproj::TargetFramework=net9.0]
C:\Projects\Hazina\src\Core\Agents\Hazina.Generator\Core\DocumentGenerator.cs(109,234): warning S1006: Remove the default parameter value to match the signature of overridden method. (https://rules.sonarsource.com/csharp/RSPEC-1006) [C:\Projects\Hazina\src\Core\Agents\Hazina.Generator\Hazina.Generator.csproj::TargetFramework=net9.0]
C:\Projects\Hazina\src\Core\Agents\Hazina.Generator\Core\DocumentGenerator.cs(109,266): warning S1006: Remove the default parameter value to match the signature of overridden method. (https://rules.sonarsource.com/csharp/RSPEC-1006) [C:\Projects\Hazina\src\Core\Agents\Hazina.Generator\Hazina.Generator.csproj::TargetFramework=net9.0]
C:\Projects\Hazina\src\Core\Agents\Hazina.Generator\Core\DocumentGenerator.cs(109,63): warning S927: Rename parameter 'message' to 'query' to match the interface declaration. (https://rules.sonarsource.com/csharp/RSPEC-927) [C:\Projects\Hazina\src\Core\Agents\Hazina.Generator\Hazina.Generator.csproj::TargetFramework=net9.0]
C:\Projects\Hazina\src\Core\Agents\Hazina.Generator\Core\DocumentGenerator.cs(109,130): warning S927: Rename parameter 'history' to 'messages' to match the interface declaration. (https://rules.sonarsource.com/csharp/RSPEC-927) [C:\Projects\Hazina\src\Core\Agents\Hazina.Generator\Hazina.Generator.csproj::TargetFramework=net9.0]
C:\Projects\Hazina\src\Core\Agents\Hazina.Generator\Core\DocumentGenerator.cs(103,66): warning SA1314: Type parameter names should begin with T (https://github.com/DotNetAnalyzers/StyleCopAnalyzers/blob/master/documentation/SA1314.md) [C:\Projects\Hazina\src\Core\Agents\Hazina.Generator\Hazina.Generator.csproj::TargetFramework=net9.0]
C:\Projects\Hazina\src\Core\Agents\Hazina.Generator\Core\DocumentGenerator.cs(103,355): warning SA1127: Generic type constraints should be on their own line (https://github.com/DotNetAnalyzers/StyleCopAnalyzers/blob/master/documentation/SA1127.md) [C:\Projects\Hazina\src\Core\Agents\Hazina.Generator\Hazina.Generator.csproj::TargetFramework=net9.0]
C:\Projects\Hazina\src\Core\Agents\Hazina.Generator\Core\DocumentGenerator.cs(93,28): warning MA0004: Use Task.ConfigureAwait(false) if the current SynchronizationContext is not needed (https://github.com/meziantou/Meziantou.Analyzer/blob/main/docs/Rules/MA0004.md) [C:\Projects\Hazina\src\Core\Agents\Hazina.Generator\Hazina.Generator.csproj::TargetFramework=net9.0]
C:\Projects\Hazina\src\Core\Agents\Hazina.Generator\Core\DocumentGenerator.cs(99,28): warning MA0004: Use Task.ConfigureAwait(false) if the current SynchronizationContext is not needed (https://github.com/meziantou/Meziantou.Analyzer/blob/main/docs/Rules/MA0004.md) [C:\Projects\Hazina\src\Core\Agents\Hazina.Generator\Hazina.Generator.csproj::TargetFramework=net9.0]
C:\Projects\Hazina\src\Core\Agents\Hazina.Generator\Core\DocumentGenerator.cs(153,28): warning MA0004: Use Task.ConfigureAwait(false) if the current SynchronizationContext is not needed (https://github.com/meziantou/Meziantou.Analyzer/blob/main/docs/Rules/MA0004.md) [C:\Projects\Hazina\src\Core\Agents\Hazina.Generator\Hazina.Generator.csproj::TargetFramework=net9.0]
C:\Projects\Hazina\src\Core\Agents\Hazina.Generator\Core\DocumentGenerator.cs(94,16): warning MA0004: Use Task.ConfigureAwait(false) if the current SynchronizationContext is not needed (https://github.com/meziantou/Meziantou.Analyzer/blob/main/docs/Rules/MA0004.md) [C:\Projects\Hazina\src\Core\Agents\Hazina.Generator\Hazina.Generator.csproj::TargetFramework=net9.0]
C:\Projects\Hazina\src\Core\Agents\Hazina.Generator\Core\DocumentGenerator.cs(100,16): warning MA0004: Use Task.ConfigureAwait(false) if the current SynchronizationContext is not needed (https://github.com/meziantou/Meziantou.Analyzer/blob/main/docs/Rules/MA0004.md) [C:\Projects\Hazina\src\Core\Agents\Hazina.Generator\Hazina.Generator.csproj::TargetFramework=net9.0]
C:\Projects\Hazina\src\Core\Agents\Hazina.Generator\Core\DocumentGenerator.cs(154,24): warning MA0004: Use Task.ConfigureAwait(false) if the current SynchronizationContext is not needed (https://github.com/meziantou/Meziantou.Analyzer/blob/main/docs/Rules/MA0004.md) [C:\Projects\Hazina\src\Core\Agents\Hazina.Generator\Hazina.Generator.csproj::TargetFramework=net9.0]
C:\Projects\Hazina\src\Core\Agents\Hazina.Generator\Core\DocumentGenerator.cs(155,9): warning MA0004: Use Task.ConfigureAwait(false) if the current SynchronizationContext is not needed (https://github.com/meziantou/Meziantou.Analyzer/blob/main/docs/Rules/MA0004.md) [C:\Projects\Hazina\src\Core\Agents\Hazina.Generator\Hazina.Generator.csproj::TargetFramework=net9.0]
C:\Projects\Hazina\src\Core\Agents\Hazina.Generator\Models\StoreSafetyPolicy.cs(78,74): warning MA0002: Use an overload that has a IEqualityComparer<string> or IComparer<string> parameter (https://github.com/meziantou/Meziantou.Analyzer/blob/main/docs/Rules/MA0002.md) [C:\Projects\Hazina\src\Core\Agents\Hazina.Generator\Hazina.Generator.csproj::TargetFramework=net9.0]
C:\Projects\Hazina\src\Core\Agents\Hazina.Generator\Core\DocumentGenerator.cs(105,28): warning MA0004: Use Task.ConfigureAwait(false) if the current SynchronizationContext is not needed (https://github.com/meziantou/Meziantou.Analyzer/blob/main/docs/Rules/MA0004.md) [C:\Projects\Hazina\src\Core\Agents\Hazina.Generator\Hazina.Generator.csproj::TargetFramework=net9.0]
C:\Projects\Hazina\src\Core\Agents\Hazina.Generator\Core\DocumentGenerator.cs(106,16): warning MA0004: Use Task.ConfigureAwait(false) if the current SynchronizationContext is not needed (https://github.com/meziantou/Meziantou.Analyzer/blob/main/docs/Rules/MA0004.md) [C:\Projects\Hazina\src\Core\Agents\Hazina.Generator\Hazina.Generator.csproj::TargetFramework=net9.0]
C:\Projects\Hazina\src\Core\Agents\Hazina.Generator\Core\DocumentGenerator.cs(148,76): warning SA1122: Use string.Empty for empty strings (https://github.com/DotNetAnalyzers/StyleCopAnalyzers/blob/master/documentation/SA1122.md) [C:\Projects\Hazina\src\Core\Agents\Hazina.Generator\Hazina.Generator.csproj::TargetFramework=net9.0]
C:\Projects\Hazina\src\Core\Agents\Hazina.Generator\Core\DocumentGenerator.cs(183,16): warning MA0004: Use Task.ConfigureAwait(false) if the current SynchronizationContext is not needed (https://github.com/meziantou/Meziantou.Analyzer/blob/main/docs/Rules/MA0004.md) [C:\Projects\Hazina\src\Core\Agents\Hazina.Generator\Hazina.Generator.csproj::TargetFramework=net9.0]
C:\Projects\Hazina\src\Core\Agents\Hazina.Generator\Core\DocumentGenerator.cs(140,76): warning SA1122: Use string.Empty for empty strings (https://github.com/DotNetAnalyzers/StyleCopAnalyzers/blob/master/documentation/SA1122.md) [C:\Projects\Hazina\src\Core\Agents\Hazina.Generator\Hazina.Generator.csproj::TargetFramework=net9.0]
C:\Projects\Hazina\src\Core\Agents\Hazina.Generator\Core\DocumentGenerator.cs(145,28): warning MA0004: Use Task.ConfigureAwait(false) if the current SynchronizationContext is not needed (https://github.com/meziantou/Meziantou.Analyzer/blob/main/docs/Rules/MA0004.md) [C:\Projects\Hazina\src\Core\Agents\Hazina.Generator\Hazina.Generator.csproj::TargetFramework=net9.0]
C:\Projects\Hazina\src\Core\Agents\Hazina.Generator\Core\DocumentGenerator.cs(146,24): warning MA0004: Use Task.ConfigureAwait(false) if the current SynchronizationContext is not needed (https://github.com/meziantou/Meziantou.Analyzer/blob/main/docs/Rules/MA0004.md) [C:\Projects\Hazina\src\Core\Agents\Hazina.Generator\Hazina.Generator.csproj::TargetFramework=net9.0]
C:\Projects\Hazina\src\Core\Agents\Hazina.Generator\Core\DocumentGenerator.cs(69,28): warning MA0004: Use Task.ConfigureAwait(false) if the current SynchronizationContext is not needed (https://github.com/meziantou/Meziantou.Analyzer/blob/main/docs/Rules/MA0004.md) [C:\Projects\Hazina\src\Core\Agents\Hazina.Generator\Hazina.Generator.csproj::TargetFramework=net9.0]
C:\Projects\Hazina\src\Core\Agents\Hazina.Generator\Core\DocumentGenerator.cs(147,9): warning MA0004: Use Task.ConfigureAwait(false) if the current SynchronizationContext is not needed (https://github.com/meziantou/Meziantou.Analyzer/blob/main/docs/Rules/MA0004.md) [C:\Projects\Hazina\src\Core\Agents\Hazina.Generator\Hazina.Generator.csproj::TargetFramework=net9.0]
C:\Projects\Hazina\src\Core\Agents\Hazina.Generator\Core\DocumentGenerator.cs(70,16): warning MA0004: Use Task.ConfigureAwait(false) if the current SynchronizationContext is not needed (https://github.com/meziantou/Meziantou.Analyzer/blob/main/docs/Rules/MA0004.md) [C:\Projects\Hazina\src\Core\Agents\Hazina.Generator\Hazina.Generator.csproj::TargetFramework=net9.0]
C:\Projects\Hazina\src\Core\Agents\Hazina.Generator\Core\DocumentGenerator.cs(111,28): warning MA0004: Use Task.ConfigureAwait(false) if the current SynchronizationContext is not needed (https://github.com/meziantou/Meziantou.Analyzer/blob/main/docs/Rules/MA0004.md) [C:\Projects\Hazina\src\Core\Agents\Hazina.Generator\Hazina.Generator.csproj::TargetFramework=net9.0]
C:\Projects\Hazina\src\Core\Agents\Hazina.Generator\Core\DocumentGenerator.cs(136,24): warning MA0004: Use Task.ConfigureAwait(false) if the current SynchronizationContext is not needed (https://github.com/meziantou/Meziantou.Analyzer/blob/main/docs/Rules/MA0004.md) [C:\Projects\Hazina\src\Core\Agents\Hazina.Generator\Hazina.Generator.csproj::TargetFramework=net9.0]
C:\Projects\Hazina\src\Core\Agents\Hazina.Generator\Core\DocumentGenerator.cs(138,9): warning MA0004: Use Task.ConfigureAwait(false) if the current SynchronizationContext is not needed (https://github.com/meziantou/Meziantou.Analyzer/blob/main/docs/Rules/MA0004.md) [C:\Projects\Hazina\src\Core\Agents\Hazina.Generator\Hazina.Generator.csproj::TargetFramework=net9.0]
C:\Projects\Hazina\src\Core\Agents\Hazina.Generator\Core\DocumentGenerator.cs(162,13): warning SA1519: Braces should not be omitted from multi-line child statement (https://github.com/DotNetAnalyzers/StyleCopAnalyzers/blob/master/documentation/SA1519.md) [C:\Projects\Hazina\src\Core\Agents\Hazina.Generator\Hazina.Generator.csproj::TargetFramework=net9.0]
C:\Projects\Hazina\src\Core\Agents\Hazina.Generator\Core\DocumentGenerator.cs(168,13): warning SA1519: Braces should not be omitted from multi-line child statement (https://github.com/DotNetAnalyzers/StyleCopAnalyzers/blob/master/documentation/SA1519.md) [C:\Projects\Hazina\src\Core\Agents\Hazina.Generator\Hazina.Generator.csproj::TargetFramework=net9.0]
C:\Projects\Hazina\src\Core\Agents\Hazina.Generator\Core\DocumentGenerator.cs(173,13): warning SA1519: Braces should not be omitted from multi-line child statement (https://github.com/DotNetAnalyzers/StyleCopAnalyzers/blob/master/documentation/SA1519.md) [C:\Projects\Hazina\src\Core\Agents\Hazina.Generator\Hazina.Generator.csproj::TargetFramework=net9.0]
C:\Projects\Hazina\src\Core\Agents\Hazina.Generator\Core\DocumentGenerator.cs(165,17): warning MA0004: Use Task.ConfigureAwait(false) if the current SynchronizationContext is not needed (https://github.com/meziantou/Meziantou.Analyzer/blob/main/docs/Rules/MA0004.md) [C:\Projects\Hazina\src\Core\Agents\Hazina.Generator\Hazina.Generator.csproj::TargetFramework=net9.0]
C:\Projects\Hazina\src\Core\Agents\Hazina.Generator\Core\DocumentGenerator.cs(170,17): warning MA0004: Use Task.ConfigureAwait(false) if the current SynchronizationContext is not needed (https://github.com/meziantou/Meziantou.Analyzer/blob/main/docs/Rules/MA0004.md) [C:\Projects\Hazina\src\Core\Agents\Hazina.Generator\Hazina.Generator.csproj::TargetFramework=net9.0]
C:\Projects\Hazina\src\Core\Agents\Hazina.Generator\Core\DocumentGenerator.cs(176,17): warning MA0004: Use Task.ConfigureAwait(false) if the current SynchronizationContext is not needed (https://github.com/meziantou/Meziantou.Analyzer/blob/main/docs/Rules/MA0004.md) [C:\Projects\Hazina\src\Core\Agents\Hazina.Generator\Hazina.Generator.csproj::TargetFramework=net9.0]
C:\Projects\Hazina\src\Core\Agents\Hazina.Generator\Core\DocumentGenerator.cs(191,17): warning SA1503: Braces should not be omitted (https://github.com/DotNetAnalyzers/StyleCopAnalyzers/blob/master/documentation/SA1503.md) [C:\Projects\Hazina\src\Core\Agents\Hazina.Generator\Hazina.Generator.csproj::TargetFramework=net9.0]
C:\Projects\Hazina\src\Core\Agents\Hazina.Generator\Core\DocumentGenerator.cs(193,17): warning SA1503: Braces should not be omitted (https://github.com/DotNetAnalyzers/StyleCopAnalyzers/blob/master/documentation/SA1503.md) [C:\Projects\Hazina\src\Core\Agents\Hazina.Generator\Hazina.Generator.csproj::TargetFramework=net9.0]
C:\Projects\Hazina\src\Core\Agents\Hazina.Generator\Core\DocumentGenerator.cs(219,13): warning SA1503: Braces should not be omitted (https://github.com/DotNetAnalyzers/StyleCopAnalyzers/blob/master/documentation/SA1503.md) [C:\Projects\Hazina\src\Core\Agents\Hazina.Generator\Hazina.Generator.csproj::TargetFramework=net9.0]
C:\Projects\Hazina\src\Core\Agents\Hazina.Generator\Core\DocumentGenerator.cs(190,13): warning SA1519: Braces should not be omitted from multi-line child statement (https://github.com/DotNetAnalyzers/StyleCopAnalyzers/blob/master/documentation/SA1519.md) [C:\Projects\Hazina\src\Core\Agents\Hazina.Generator\Hazina.Generator.csproj::TargetFramework=net9.0]
C:\Projects\Hazina\src\Core\Agents\Hazina.Generator\Core\DocumentGenerator.cs(213,46): warning SA1122: Use string.Empty for empty strings (https://github.com/DotNetAnalyzers/StyleCopAnalyzers/blob/master/documentation/SA1122.md) [C:\Projects\Hazina\src\Core\Agents\Hazina.Generator\Hazina.Generator.csproj::TargetFramework=net9.0]
C:\Projects\Hazina\src\Core\Agents\Hazina.Generator\Core\DocumentGenerator.cs(199,30): warning MA0004: Use Task.ConfigureAwait(false) if the current SynchronizationContext is not needed (https://github.com/meziantou/Meziantou.Analyzer/blob/main/docs/Rules/MA0004.md) [C:\Projects\Hazina\src\Core\Agents\Hazina.Generator\Hazina.Generator.csproj::TargetFramework=net9.0]
C:\Projects\Hazina\src\Core\Agents\Hazina.Generator\Core\DocumentGenerator.cs(202,37): warning MA0004: Use Task.ConfigureAwait(false) if the current SynchronizationContext is not needed (https://github.com/meziantou/Meziantou.Analyzer/blob/main/docs/Rules/MA0004.md) [C:\Projects\Hazina\src\Core\Agents\Hazina.Generator\Hazina.Generator.csproj::TargetFramework=net9.0]
C:\Projects\Hazina\src\Core\Agents\Hazina.Generator\Core\DocumentGenerator.cs(205,24): warning MA0004: Use Task.ConfigureAwait(false) if the current SynchronizationContext is not needed (https://github.com/meziantou/Meziantou.Analyzer/blob/main/docs/Rules/MA0004.md) [C:\Projects\Hazina\src\Core\Agents\Hazina.Generator\Hazina.Generator.csproj::TargetFramework=net9.0]
C:\Projects\Hazina\src\Core\Agents\Hazina.Generator\Core\DocumentGenerator.cs(213,29): warning MA0004: Use Task.ConfigureAwait(false) if the current SynchronizationContext is not needed (https://github.com/meziantou/Meziantou.Analyzer/blob/main/docs/Rules/MA0004.md) [C:\Projects\Hazina\src\Core\Agents\Hazina.Generator\Hazina.Generator.csproj::TargetFramework=net9.0]
C:\Projects\Hazina\src\Core\Agents\Hazina.Generator\Core\DocumentGenerator.cs(193,31): warning CA1851: Possible multiple enumerations of 'IEnumerable' collection. Consider using an implementation that avoids multiple enumerations. (https://learn.microsoft.com/dotnet/fundamentals/code-analysis/quality-rules/ca1851) [C:\Projects\Hazina\src\Core\Agents\Hazina.Generator\Hazina.Generator.csproj::TargetFramework=net9.0]
C:\Projects\Hazina\src\Core\Agents\Hazina.Generator\Core\DocumentGenerator.cs(190,17): warning CA1851: Possible multiple enumerations of 'IEnumerable' collection. Consider using an implementation that avoids multiple enumerations. (https://learn.microsoft.com/dotnet/fundamentals/code-analysis/quality-rules/ca1851) [C:\Projects\Hazina\src\Core\Agents\Hazina.Generator\Hazina.Generator.csproj::TargetFramework=net9.0]
C:\Projects\Hazina\src\Core\Agents\Hazina.Generator\Core\DocumentGenerator.cs(219,35): warning CA1851: Possible multiple enumerations of 'IEnumerable' collection. Consider using an implementation that avoids multiple enumerations. (https://learn.microsoft.com/dotnet/fundamentals/code-analysis/quality-rules/ca1851) [C:\Projects\Hazina\src\Core\Agents\Hazina.Generator\Hazina.Generator.csproj::TargetFramework=net9.0]
C:\Projects\Hazina\src\Core\Agents\Hazina.Generator\Core\DocumentGenerator.cs(194,78): warning CA1851: Possible multiple enumerations of 'IEnumerable' collection. Consider using an implementation that avoids multiple enumerations. (https://learn.microsoft.com/dotnet/fundamentals/code-analysis/quality-rules/ca1851) [C:\Projects\Hazina\src\Core\Agents\Hazina.Generator\Hazina.Generator.csproj::TargetFramework=net9.0]
C:\Projects\Hazina\Tests\Hazina.LLMs.GoogleADK.Tests\DeveloperUI\AgentMonitorTests.cs(77,23): warning CA2000: Call System.IDisposable.Dispose on object created by 'new AgentMonitor()' before all references to it are out of scope (https://learn.microsoft.com/dotnet/fundamentals/code-analysis/quality-rules/ca2000) [C:\Projects\Hazina\Tests\Hazina.LLMs.GoogleADK.Tests\Hazina.LLMs.GoogleADK.Tests.csproj]
C:\Projects\Hazina\Tests\Hazina.LLMs.GoogleADK.Tests\DeveloperUI\AgentMonitorTests.cs(95,23): warning CA2000: Call System.IDisposable.Dispose on object created by 'new AgentMonitor()' before all references to it are out of scope (https://learn.microsoft.com/dotnet/fundamentals/code-analysis/quality-rules/ca2000) [C:\Projects\Hazina\Tests\Hazina.LLMs.GoogleADK.Tests\Hazina.LLMs.GoogleADK.Tests.csproj]
C:\Projects\Hazina\Tests\Hazina.LLMs.GoogleADK.Tests\DeveloperUI\AgentMonitorTests.cs(113,23): warning CA2000: Call System.IDisposable.Dispose on object created by 'new AgentMonitor()' before all references to it are out of scope (https://learn.microsoft.com/dotnet/fundamentals/code-analysis/quality-rules/ca2000) [C:\Projects\Hazina\Tests\Hazina.LLMs.GoogleADK.Tests\Hazina.LLMs.GoogleADK.Tests.csproj]
C:\Projects\Hazina\Tests\Hazina.LLMs.GoogleADK.Tests\DeveloperUI\AgentMonitorTests.cs(131,23): warning CA2000: Call System.IDisposable.Dispose on object created by 'new AgentMonitor()' before all references to it are out of scope (https://learn.microsoft.com/dotnet/fundamentals/code-analysis/quality-rules/ca2000) [C:\Projects\Hazina\Tests\Hazina.LLMs.GoogleADK.Tests\Hazina.LLMs.GoogleADK.Tests.csproj]
C:\Projects\Hazina\Tests\Hazina.LLMs.GoogleADK.Tests\Artifacts\ArtifactManagerTests.cs(11,38): warning CA2213: 'ArtifactManagerTests' contains field '_manager' that is of IDisposable type 'ArtifactManager', but it is never disposed. Change the Dispose method on 'ArtifactManagerTests' to call Close or Dispose on this field. (https://learn.microsoft.com/dotnet/fundamentals/code-analysis/quality-rules/ca2213) [C:\Projects\Hazina\Tests\Hazina.LLMs.GoogleADK.Tests\Hazina.LLMs.GoogleADK.Tests.csproj]
C:\Projects\Hazina\Tests\Hazina.LLMs.GoogleADK.Tests\Events\StreamingEventBusTests.cs(43,21): warning CA1849: 'CancellationTokenSource.Cancel()' synchronously blocks. Await 'CancellationTokenSource.CancelAsync()' instead. (https://learn.microsoft.com/dotnet/fundamentals/code-analysis/quality-rules/ca1849) [C:\Projects\Hazina\Tests\Hazina.LLMs.GoogleADK.Tests\Hazina.LLMs.GoogleADK.Tests.csproj]
C:\Projects\Hazina\Tests\Hazina.LLMs.GoogleADK.Tests\Events\StreamingEventBusTests.cs(89,25): warning xUnit1031: Test methods should not use blocking task operations, as they can cause deadlocks. Use an async test method and await instead. (https://xunit.net/xunit.analyzers/rules/xUnit1031) [C:\Projects\Hazina\Tests\Hazina.LLMs.GoogleADK.Tests\Hazina.LLMs.GoogleADK.Tests.csproj]
C:\Projects\Hazina\Tests\Hazina.LLMs.GoogleADK.Tests\Events\StreamingEventBusTests.cs(33,19): warning CA2000: Call System.IDisposable.Dispose on object created by 'new CancellationTokenSource()' before all references to it are out of scope (https://learn.microsoft.com/dotnet/fundamentals/code-analysis/quality-rules/ca2000) [C:\Projects\Hazina\Tests\Hazina.LLMs.GoogleADK.Tests\Hazina.LLMs.GoogleADK.Tests.csproj]
C:\Projects\Hazina\Tests\Hazina.LLMs.GoogleADK.Tests\Events\StreamingEventBusTests.cs(73,19): warning CA2000: Call System.IDisposable.Dispose on object created by 'new CancellationTokenSource()' before all references to it are out of scope (https://learn.microsoft.com/dotnet/fundamentals/code-analysis/quality-rules/ca2000) [C:\Projects\Hazina\Tests\Hazina.LLMs.GoogleADK.Tests\Hazina.LLMs.GoogleADK.Tests.csproj]
C:\Projects\Hazina\apps\Demos\Hazina.Demo.FolderToPostgres\Program.cs(49,34): warning CS0618: 'PgVectorTextEmbeddingStore' is obsolete: 'Use PgVectorStore with EmbeddingService instead. See Store/EmbeddingStore/PgVectorStore.cs' [C:\Projects\Hazina\apps\Demos\Hazina.Demo.FolderToPostgres\Hazina.Demo.FolderToPostgres.csproj]
CSC : warning CA1016: Mark assemblies with assembly version (https://learn.microsoft.com/dotnet/fundamentals/code-analysis/quality-rules/ca1016) [C:\Projects\Hazina\apps\Demos\Hazina.Demo.FolderToPostgres\Hazina.Demo.FolderToPostgres.csproj]
C:\Projects\Hazina\apps\Demos\Hazina.Demo.FolderToPostgres\Program.cs(136,7): warning MA0047: Declare type 'DummyLLMClient' in a namespace (https://github.com/meziantou/Meziantou.Analyzer/blob/main/docs/Rules/MA0047.md) [C:\Projects\Hazina\apps\Demos\Hazina.Demo.FolderToPostgres\Hazina.Demo.FolderToPostgres.csproj]
C:\Projects\Hazina\apps\Demos\Hazina.Demo.FolderToPostgres\Program.cs(136,7): warning MA0048: File name must match type name (https://github.com/meziantou/Meziantou.Analyzer/blob/main/docs/Rules/MA0048.md) [C:\Projects\Hazina\apps\Demos\Hazina.Demo.FolderToPostgres\Hazina.Demo.FolderToPostgres.csproj]
C:\Projects\Hazina\apps\Demos\Hazina.Demo.FolderToPostgres\Program.cs(2,1): warning SA1208: Using directive for 'System.Security.Cryptography' should appear before directive for 'Hazina.LLMs.OpenAI' (https://github.com/DotNetAnalyzers/StyleCopAnalyzers/blob/master/documentation/SA1208.md) [C:\Projects\Hazina\apps\Demos\Hazina.Demo.FolderToPostgres\Hazina.Demo.FolderToPostgres.csproj]
C:\Projects\Hazina\apps\Demos\Hazina.Demo.FolderToPostgres\Program.cs(1,1): warning SA1210: Using directives should be ordered alphabetically by the namespaces (https://github.com/DotNetAnalyzers/StyleCopAnalyzers/blob/master/documentation/SA1210.md) [C:\Projects\Hazina\apps\Demos\Hazina.Demo.FolderToPostgres\Hazina.Demo.FolderToPostgres.csproj]
C:\Projects\Hazina\apps\Demos\Hazina.Demo.FolderToPostgres\Program.cs(6,7): warning MA0047: Declare type 'Program' in a namespace (https://github.com/meziantou/Meziantou.Analyzer/blob/main/docs/Rules/MA0047.md) [C:\Projects\Hazina\apps\Demos\Hazina.Demo.FolderToPostgres\Hazina.Demo.FolderToPostgres.csproj]
C:\Projects\Hazina\apps\Demos\Hazina.Demo.FolderToPostgres\Program.cs(6,7): warning S1118: Add a 'protected' constructor or the 'static' keyword to the class declaration. (https://rules.sonarsource.com/csharp/RSPEC-1118) [C:\Projects\Hazina\apps\Demos\Hazina.Demo.FolderToPostgres\Hazina.Demo.FolderToPostgres.csproj]
C:\Projects\Hazina\apps\Demos\Hazina.Demo.FolderToPostgres\Program.cs(1,1): warning SA1633: The file header is missing or not located at the top of the file. (https://github.com/DotNetAnalyzers/StyleCopAnalyzers/blob/master/documentation/SA1633.md) [C:\Projects\Hazina\apps\Demos\Hazina.Demo.FolderToPostgres\Hazina.Demo.FolderToPostgres.csproj]
C:\Projects\Hazina\apps\Demos\Hazina.Demo.FolderToPostgres\Program.cs(136,7): warning S101: Rename class 'DummyLLMClient' to match pascal case naming rules, consider using 'DummyLlmClient'. (https://rules.sonarsource.com/csharp/RSPEC-101) [C:\Projects\Hazina\apps\Demos\Hazina.Demo.FolderToPostgres\Hazina.Demo.FolderToPostgres.csproj]
C:\Projects\Hazina\apps\Demos\Hazina.Demo.FolderToPostgres\Program.cs(136,7): warning S3903: Move 'DummyLLMClient' into a named namespace. (https://rules.sonarsource.com/csharp/RSPEC-3903) [C:\Projects\Hazina\apps\Demos\Hazina.Demo.FolderToPostgres\Hazina.Demo.FolderToPostgres.csproj]
C:\Projects\Hazina\apps\Demos\Hazina.Demo.FolderToPostgres\Program.cs(168,10): warning SA1513: Closing brace should be followed by blank line (https://github.com/DotNetAnalyzers/StyleCopAnalyzers/blob/master/documentation/SA1513.md) [C:\Projects\Hazina\apps\Demos\Hazina.Demo.FolderToPostgres\Hazina.Demo.FolderToPostgres.csproj]
C:\Projects\Hazina\apps\Demos\Hazina.Demo.FolderToPostgres\Program.cs(41,9): warning SA1515: Single-line comment should be preceded by blank line (https://github.com/DotNetAnalyzers/StyleCopAnalyzers/blob/master/documentation/SA1515.md) [C:\Projects\Hazina\apps\Demos\Hazina.Demo.FolderToPostgres\Hazina.Demo.FolderToPostgres.csproj]
C:\Projects\Hazina\apps\Demos\Hazina.Demo.FolderToPostgres\Program.cs(131,9): warning SA1515: Single-line comment should be preceded by blank line (https://github.com/DotNetAnalyzers/StyleCopAnalyzers/blob/master/documentation/SA1515.md) [C:\Projects\Hazina\apps\Demos\Hazina.Demo.FolderToPostgres\Hazina.Demo.FolderToPostgres.csproj]
C:\Projects\Hazina\apps\Demos\Hazina.Demo.FolderToPostgres\Program.cs(189,2): warning SA1518: File is required to end with a single newline character (https://github.com/DotNetAnalyzers/StyleCopAnalyzers/blob/master/documentation/SA1518.md) [C:\Projects\Hazina\apps\Demos\Hazina.Demo.FolderToPostgres\Hazina.Demo.FolderToPostgres.csproj]
C:\Projects\Hazina\apps\Demos\Hazina.Demo.FolderToPostgres\Program.cs(136,7): warning SA1402: File may only contain a single type (https://github.com/DotNetAnalyzers/StyleCopAnalyzers/blob/master/documentation/SA1402.md) [C:\Projects\Hazina\apps\Demos\Hazina.Demo.FolderToPostgres\Hazina.Demo.FolderToPostgres.csproj]
C:\Projects\Hazina\apps\Demos\Hazina.Demo.FolderToPostgres\Program.cs(139,1): warning SA1516: Elements should be separated by blank line (https://github.com/DotNetAnalyzers/StyleCopAnalyzers/blob/master/documentation/SA1516.md) [C:\Projects\Hazina\apps\Demos\Hazina.Demo.FolderToPostgres\Hazina.Demo.FolderToPostgres.csproj]
C:\Projects\Hazina\apps\Demos\Hazina.Demo.FolderToPostgres\Program.cs(136,7): warning SA1400: Element 'DummyLLMClient' should declare an access modifier (https://github.com/DotNetAnalyzers/StyleCopAnalyzers/blob/master/documentation/SA1400.md) [C:\Projects\Hazina\apps\Demos\Hazina.Demo.FolderToPostgres\Hazina.Demo.FolderToPostgres.csproj]
C:\Projects\Hazina\apps\Demos\Hazina.Demo.FolderToPostgres\Program.cs(173,12): warning MA0025: Implement the functionality (or raise NotSupportedException or PlatformNotSupportedException) (https://github.com/meziantou/Meziantou.Analyzer/blob/main/docs/Rules/MA0025.md) [C:\Projects\Hazina\apps\Demos\Hazina.Demo.FolderToPostgres\Hazina.Demo.FolderToPostgres.csproj]
C:\Projects\Hazina\apps\Demos\Hazina.Demo.FolderToPostgres\Program.cs(6,7): warning S3903: Move 'Program' into a named namespace. (https://rules.sonarsource.com/csharp/RSPEC-3903) [C:\Projects\Hazina\apps\Demos\Hazina.Demo.FolderToPostgres\Hazina.Demo.FolderToPostgres.csproj]
C:\Projects\Hazina\apps\Demos\Hazina.Demo.FolderToPostgres\Program.cs(176,12): warning MA0025: Implement the functionality (or raise NotSupportedException or PlatformNotSupportedException) (https://github.com/meziantou/Meziantou.Analyzer/blob/main/docs/Rules/MA0025.md) [C:\Projects\Hazina\apps\Demos\Hazina.Demo.FolderToPostgres\Hazina.Demo.FolderToPostgres.csproj]
C:\Projects\Hazina\apps\Demos\Hazina.Demo.FolderToPostgres\Program.cs(184,63): warning SA1314: Type parameter names should begin with T (https://github.com/DotNetAnalyzers/StyleCopAnalyzers/blob/master/documentation/SA1314.md) [C:\Projects\Hazina\apps\Demos\Hazina.Demo.FolderToPostgres\Hazina.Demo.FolderToPostgres.csproj]
C:\Projects\Hazina\apps\Demos\Hazina.Demo.FolderToPostgres\Program.cs(184,223): warning SA1127: Generic type constraints should be on their own line (https://github.com/DotNetAnalyzers/StyleCopAnalyzers/blob/master/documentation/SA1127.md) [C:\Projects\Hazina\apps\Demos\Hazina.Demo.FolderToPostgres\Hazina.Demo.FolderToPostgres.csproj]
C:\Projects\Hazina\apps\Demos\Hazina.Demo.FolderToPostgres\Program.cs(182,12): warning MA0025: Implement the functionality (or raise NotSupportedException or PlatformNotSupportedException) (https://github.com/meziantou/Meziantou.Analyzer/blob/main/docs/Rules/MA0025.md) [C:\Projects\Hazina\apps\Demos\Hazina.Demo.FolderToPostgres\Hazina.Demo.FolderToPostgres.csproj]
C:\Projects\Hazina\apps\Demos\Hazina.Demo.FolderToPostgres\Program.cs(185,12): warning MA0025: Implement the functionality (or raise NotSupportedException or PlatformNotSupportedException) (https://github.com/meziantou/Meziantou.Analyzer/blob/main/docs/Rules/MA0025.md) [C:\Projects\Hazina\apps\Demos\Hazina.Demo.FolderToPostgres\Hazina.Demo.FolderToPostgres.csproj]
C:\Projects\Hazina\apps\Demos\Hazina.Demo.FolderToPostgres\Program.cs(14,28): warning MA0051: Method is too long (83 lines; maximum allowed: 60) (https://github.com/meziantou/Meziantou.Analyzer/blob/main/docs/Rules/MA0051.md) [C:\Projects\Hazina\apps\Demos\Hazina.Demo.FolderToPostgres\Hazina.Demo.FolderToPostgres.csproj]
C:\Projects\Hazina\apps\Demos\Hazina.Demo.FolderToPostgres\Program.cs(178,57): warning SA1314: Type parameter names should begin with T (https://github.com/DotNetAnalyzers/StyleCopAnalyzers/blob/master/documentation/SA1314.md) [C:\Projects\Hazina\apps\Demos\Hazina.Demo.FolderToPostgres\Hazina.Demo.FolderToPostgres.csproj]
C:\Projects\Hazina\apps\Demos\Hazina.Demo.FolderToPostgres\Program.cs(178,185): warning SA1127: Generic type constraints should be on their own line (https://github.com/DotNetAnalyzers/StyleCopAnalyzers/blob/master/documentation/SA1127.md) [C:\Projects\Hazina\apps\Demos\Hazina.Demo.FolderToPostgres\Hazina.Demo.FolderToPostgres.csproj]
C:\Projects\Hazina\apps\Demos\Hazina.Demo.FolderToPostgres\Program.cs(179,12): warning MA0025: Implement the functionality (or raise NotSupportedException or PlatformNotSupportedException) (https://github.com/meziantou/Meziantou.Analyzer/blob/main/docs/Rules/MA0025.md) [C:\Projects\Hazina\apps\Demos\Hazina.Demo.FolderToPostgres\Hazina.Demo.FolderToPostgres.csproj]
C:\Projects\Hazina\apps\Demos\Hazina.Demo.FolderToPostgres\Program.cs(152,13): warning SA1503: Braces should not be omitted (https://github.com/DotNetAnalyzers/StyleCopAnalyzers/blob/master/documentation/SA1503.md) [C:\Projects\Hazina\apps\Demos\Hazina.Demo.FolderToPostgres\Hazina.Demo.FolderToPostgres.csproj]
C:\Projects\Hazina\apps\Demos\Hazina.Demo.FolderToPostgres\Program.cs(10,27): warning CA1303: Method 'void Program.PrintUsage()' passes a literal string as parameter 'value' of a call to 'void Console.WriteLine(string? value)'. Retrieve the following string(s) from a resource table instead: "Usage: FolderToPostgres <folder> [--pattern <glob>] [--recurse] [--no-split]". (https://learn.microsoft.com/dotnet/fundamentals/code-analysis/quality-rules/ca1303) [C:\Projects\Hazina\apps\Demos\Hazina.Demo.FolderToPostgres\Hazina.Demo.FolderToPostgres.csproj]
C:\Projects\Hazina\apps\Demos\Hazina.Demo.FolderToPostgres\Program.cs(11,27): warning CA1303: Method 'void Program.PrintUsage()' passes a literal string as parameter 'value' of a call to 'void Console.WriteLine(string? value)'. Retrieve the following string(s) from a resource table instead: "Env: DEVGPT_PG_CONN=Postgres connection string (default local)       PROVIDER=openai|hf|dummy (auto by API keys)       OPENAI_API_KEY / DEVGPT_OPENAI_API_KEY       OPENAI_EMBED_MODEL (e.g. text-embedding-3-small|large)       HUGGINGFACE_API_KEY / HF_API_KEY       HUGGINGFACE_ENDPOINT (default https://api-inference.huggingface.co)       DEVGPT_EMBED_DIM=embedding dimension override". (https://learn.microsoft.com/dotnet/fundamentals/code-analysis/quality-rules/ca1303) [C:\Projects\Hazina\apps\Demos\Hazina.Demo.FolderToPostgres\Hazina.Demo.FolderToPostgres.csproj]
C:\Projects\Hazina\apps\Demos\Hazina.Demo.FolderToPostgres\Program.cs(130,36): warning SA1503: Braces should not be omitted (https://github.com/DotNetAnalyzers/StyleCopAnalyzers/blob/master/documentation/SA1503.md) [C:\Projects\Hazina\apps\Demos\Hazina.Demo.FolderToPostgres\Hazina.Demo.FolderToPostgres.csproj]
C:\Projects\Hazina\apps\Demos\Hazina.Demo.FolderToPostgres\Program.cs(167,25): warning SA1119: Statement should not use unnecessary parenthesis (https://github.com/DotNetAnalyzers/StyleCopAnalyzers/blob/master/documentation/SA1119.md) [C:\Projects\Hazina\apps\Demos\Hazina.Demo.FolderToPostgres\Hazina.Demo.FolderToPostgres.csproj]
C:\Projects\Hazina\apps\Demos\Hazina.Demo.FolderToPostgres\Program.cs(163,29): warning SA1407: Arithmetic expressions should declare precedence (https://github.com/DotNetAnalyzers/StyleCopAnalyzers/blob/master/documentation/SA1407.md) [C:\Projects\Hazina\apps\Demos\Hazina.Demo.FolderToPostgres\Hazina.Demo.FolderToPostgres.csproj]
C:\Projects\Hazina\apps\Demos\Hazina.Demo.FolderToPostgres\Program.cs(164,29): warning SA1407: Arithmetic expressions should declare precedence (https://github.com/DotNetAnalyzers/StyleCopAnalyzers/blob/master/documentation/SA1407.md) [C:\Projects\Hazina\apps\Demos\Hazina.Demo.FolderToPostgres\Hazina.Demo.FolderToPostgres.csproj]
C:\Projects\Hazina\apps\Demos\Hazina.Demo.FolderToPostgres\Program.cs(165,29): warning SA1407: Arithmetic expressions should declare precedence (https://github.com/DotNetAnalyzers/StyleCopAnalyzers/blob/master/documentation/SA1407.md) [C:\Projects\Hazina\apps\Demos\Hazina.Demo.FolderToPostgres\Hazina.Demo.FolderToPostgres.csproj]
C:\Projects\Hazina\apps\Demos\Hazina.Demo.FolderToPostgres\Program.cs(129,17): warning CA1308: In method 'GetOpenAiDefaultDim', replace the call to 'ToLowerInvariant' with 'ToUpperInvariant' (https://learn.microsoft.com/dotnet/fundamentals/code-analysis/quality-rules/ca1308) [C:\Projects\Hazina\apps\Demos\Hazina.Demo.FolderToPostgres\Hazina.Demo.FolderToPostgres.csproj]
C:\Projects\Hazina\apps\Demos\Hazina.Demo.FolderToPostgres\Program.cs(130,13): warning CA1307: 'string.Contains(string)' has a method overload that takes a 'StringComparison' parameter. Replace this call in 'Program.GetOpenAiDefaultDim(string)' with a call to 'string.Contains(string, System.StringComparison)' for clarity of intent. (https://learn.microsoft.com/dotnet/fundamentals/code-analysis/quality-rules/ca1307) [C:\Projects\Hazina\apps\Demos\Hazina.Demo.FolderToPostgres\Hazina.Demo.FolderToPostgres.csproj]
C:\Projects\Hazina\apps\Demos\Hazina.Demo.FolderToPostgres\Program.cs(34,83): warning S127: Do not update the loop counter 'i' within the loop body. (https://rules.sonarsource.com/csharp/RSPEC-127) [C:\Projects\Hazina\apps\Demos\Hazina.Demo.FolderToPostgres\Hazina.Demo.FolderToPostgres.csproj]
C:\Projects\Hazina\apps\Demos\Hazina.Demo.FolderToPostgres\Program.cs(6,7): warning SA1400: Element 'Program' should declare an access modifier (https://github.com/DotNetAnalyzers/StyleCopAnalyzers/blob/master/documentation/SA1400.md) [C:\Projects\Hazina\apps\Demos\Hazina.Demo.FolderToPostgres\Hazina.Demo.FolderToPostgres.csproj]
C:\Projects\Hazina\apps\Demos\Hazina.Demo.FolderToPostgres\Program.cs(112,105): warning SA1122: Use string.Empty for empty strings (https://github.com/DotNetAnalyzers/StyleCopAnalyzers/blob/master/documentation/SA1122.md) [C:\Projects\Hazina\apps\Demos\Hazina.Demo.FolderToPostgres\Hazina.Demo.FolderToPostgres.csproj]
C:\Projects\Hazina\apps\Demos\Hazina.Demo.FolderToPostgres\Program.cs(158,21): warning CA1850: Prefer static 'System.Security.Cryptography.SHA256.HashData' method over 'ComputeHash' (https://learn.microsoft.com/dotnet/fundamentals/code-analysis/quality-rules/ca1850) [C:\Projects\Hazina\apps\Demos\Hazina.Demo.FolderToPostgres\Hazina.Demo.FolderToPostgres.csproj]
C:\Projects\Hazina\apps\Demos\Hazina.Demo.FolderToPostgres\Program.cs(102,75): warning CA1308: In method 'CreateEmbeddingClient', replace the call to 'ToLowerInvariant' with 'ToUpperInvariant' (https://learn.microsoft.com/dotnet/fundamentals/code-analysis/quality-rules/ca1308) [C:\Projects\Hazina\apps\Demos\Hazina.Demo.FolderToPostgres\Hazina.Demo.FolderToPostgres.csproj]
C:\Projects\Hazina\apps\Demos\Hazina.Demo.FolderToPostgres\Program.cs(36,59): warning S3626: Remove this redundant jump. (https://rules.sonarsource.com/csharp/RSPEC-3626) [C:\Projects\Hazina\apps\Demos\Hazina.Demo.FolderToPostgres\Hazina.Demo.FolderToPostgres.csproj]
C:\Projects\Hazina\apps\Demos\Hazina.Demo.FolderToPostgres\Program.cs(107,13): warning MA0006: Use string.Equals instead of Equals operator (https://github.com/meziantou/Meziantou.Analyzer/blob/main/docs/Rules/MA0006.md) [C:\Projects\Hazina\apps\Demos\Hazina.Demo.FolderToPostgres\Hazina.Demo.FolderToPostgres.csproj]
C:\Projects\Hazina\apps\Demos\Hazina.Demo.FolderToPostgres\Program.cs(107,79): warning MA0006: Use string.Equals instead of NotEquals operator (https://github.com/meziantou/Meziantou.Analyzer/blob/main/docs/Rules/MA0006.md) [C:\Projects\Hazina\apps\Demos\Hazina.Demo.FolderToPostgres\Hazina.Demo.FolderToPostgres.csproj]
C:\Projects\Hazina\apps\Demos\Hazina.Demo.FolderToPostgres\Program.cs(123,27): warning CA1303: Method 'ILLMClient Program.CreateEmbeddingClient(out int defaultDimension)' passes a literal string as parameter 'value' of a call to 'void Console.WriteLine(string? value)'. Retrieve the following string(s) from a resource table instead: "Provider: Dummy deterministic embeddings (for local testing)". (https://learn.microsoft.com/dotnet/fundamentals/code-analysis/quality-rules/ca1303) [C:\Projects\Hazina\apps\Demos\Hazina.Demo.FolderToPostgres\Hazina.Demo.FolderToPostgres.csproj]
C:\Projects\Hazina\apps\Demos\Hazina.Demo.FolderToPostgres\Program.cs(34,64): warning SA1501: Statement should not be on a single line (https://github.com/DotNetAnalyzers/StyleCopAnalyzers/blob/master/documentation/SA1501.md) [C:\Projects\Hazina\apps\Demos\Hazina.Demo.FolderToPostgres\Hazina.Demo.FolderToPostgres.csproj]
C:\Projects\Hazina\apps\Demos\Hazina.Demo.FolderToPostgres\Program.cs(35,41): warning SA1501: Statement should not be on a single line (https://github.com/DotNetAnalyzers/StyleCopAnalyzers/blob/master/documentation/SA1501.md) [C:\Projects\Hazina\apps\Demos\Hazina.Demo.FolderToPostgres\Hazina.Demo.FolderToPostgres.csproj]
C:\Projects\Hazina\apps\Demos\Hazina.Demo.FolderToPostgres\Program.cs(36,42): warning SA1501: Statement should not be on a single line (https://github.com/DotNetAnalyzers/StyleCopAnalyzers/blob/master/documentation/SA1501.md) [C:\Projects\Hazina\apps\Demos\Hazina.Demo.FolderToPostgres\Hazina.Demo.FolderToPostgres.csproj]
C:\Projects\Hazina\apps\Demos\Hazina.Demo.FolderToPostgres\Program.cs(45,93): warning SA1503: Braces should not be omitted (https://github.com/DotNetAnalyzers/StyleCopAnalyzers/blob/master/documentation/SA1503.md) [C:\Projects\Hazina\apps\Demos\Hazina.Demo.FolderToPostgres\Hazina.Demo.FolderToPostgres.csproj]
C:\Projects\Hazina\apps\Demos\Hazina.Demo.FolderToPostgres\Program.cs(14,28): warning SA1400: Element 'Main' should declare an access modifier (https://github.com/DotNetAnalyzers/StyleCopAnalyzers/blob/master/documentation/SA1400.md) [C:\Projects\Hazina\apps\Demos\Hazina.Demo.FolderToPostgres\Hazina.Demo.FolderToPostgres.csproj]
C:\Projects\Hazina\apps\Demos\Hazina.Demo.FolderToPostgres\Program.cs(34,87): warning SA1107: Code should not contain multiple statements on one line (https://github.com/DotNetAnalyzers/StyleCopAnalyzers/blob/master/documentation/SA1107.md) [C:\Projects\Hazina\apps\Demos\Hazina.Demo.FolderToPostgres\Hazina.Demo.FolderToPostgres.csproj]
C:\Projects\Hazina\apps\Demos\Hazina.Demo.FolderToPostgres\Program.cs(35,59): warning SA1107: Code should not contain multiple statements on one line (https://github.com/DotNetAnalyzers/StyleCopAnalyzers/blob/master/documentation/SA1107.md) [C:\Projects\Hazina\apps\Demos\Hazina.Demo.FolderToPostgres\Hazina.Demo.FolderToPostgres.csproj]
C:\Projects\Hazina\apps\Demos\Hazina.Demo.FolderToPostgres\Program.cs(36,59): warning SA1107: Code should not contain multiple statements on one line (https://github.com/DotNetAnalyzers/StyleCopAnalyzers/blob/master/documentation/SA1107.md) [C:\Projects\Hazina\apps\Demos\Hazina.Demo.FolderToPostgres\Hazina.Demo.FolderToPostgres.csproj]
C:\Projects\Hazina\apps\Demos\Hazina.Demo.FolderToPostgres\Program.cs(25,13): warning CA1849: 'TextWriter.WriteLine(string?)' synchronously blocks. Await 'TextWriter.WriteLineAsync()' instead. (https://learn.microsoft.com/dotnet/fundamentals/code-analysis/quality-rules/ca1849) [C:\Projects\Hazina\apps\Demos\Hazina.Demo.FolderToPostgres\Hazina.Demo.FolderToPostgres.csproj]
C:\Projects\Hazina\apps\Demos\Hazina.Demo.FolderToPostgres\Program.cs(76,31): warning CA1849: 'File.ReadAllText(string)' synchronously blocks. Await 'File.ReadAllTextAsync(string, CancellationToken)' instead. (https://learn.microsoft.com/dotnet/fundamentals/code-analysis/quality-rules/ca1849) [C:\Projects\Hazina\apps\Demos\Hazina.Demo.FolderToPostgres\Hazina.Demo.FolderToPostgres.csproj]
C:\Projects\Hazina\apps\Demos\Hazina.Demo.FolderToPostgres\Program.cs(85,17): warning MA0004: Use Task.ConfigureAwait(false) if the current SynchronizationContext is not needed (https://github.com/meziantou/Meziantou.Analyzer/blob/main/docs/Rules/MA0004.md) [C:\Projects\Hazina\apps\Demos\Hazina.Demo.FolderToPostgres\Hazina.Demo.FolderToPostgres.csproj]
C:\Projects\Hazina\apps\Demos\Hazina.Demo.FolderToPostgres\Program.cs(45,51): warning MA0011: Use an overload of 'TryParse' that has a 'System.IFormatProvider' parameter (https://github.com/meziantou/Meziantou.Analyzer/blob/main/docs/Rules/MA0011.md) [C:\Projects\Hazina\apps\Demos\Hazina.Demo.FolderToPostgres\Hazina.Demo.FolderToPostgres.csproj]
C:\Projects\Hazina\apps\Demos\Hazina.Demo.FolderToPostgres\Program.cs(34,17): warning MA0006: Use string.Equals instead of Equals operator (https://github.com/meziantou/Meziantou.Analyzer/blob/main/docs/Rules/MA0006.md) [C:\Projects\Hazina\apps\Demos\Hazina.Demo.FolderToPostgres\Hazina.Demo.FolderToPostgres.csproj]
C:\Projects\Hazina\apps\Demos\Hazina.Demo.FolderToPostgres\Program.cs(35,17): warning MA0006: Use string.Equals instead of Equals operator (https://github.com/meziantou/Meziantou.Analyzer/blob/main/docs/Rules/MA0006.md) [C:\Projects\Hazina\apps\Demos\Hazina.Demo.FolderToPostgres\Hazina.Demo.FolderToPostgres.csproj]
C:\Projects\Hazina\apps\Demos\Hazina.Demo.FolderToPostgres\Program.cs(36,17): warning MA0006: Use string.Equals instead of Equals operator (https://github.com/meziantou/Meziantou.Analyzer/blob/main/docs/Rules/MA0006.md) [C:\Projects\Hazina\apps\Demos\Hazina.Demo.FolderToPostgres\Hazina.Demo.FolderToPostgres.csproj]
C:\Projects\Hazina\apps\Demos\Hazina.Demo.FolderToPostgres\Program.cs(78,17): warning CA1031: Modify 'Main' to catch a more specific allowed exception type, or rethrow the exception (https://learn.microsoft.com/dotnet/fundamentals/code-analysis/quality-rules/ca1031) [C:\Projects\Hazina\apps\Demos\Hazina.Demo.FolderToPostgres\Hazina.Demo.FolderToPostgres.csproj]
C:\Projects\Hazina\apps\Demos\Hazina.Demo.FolderToPostgres\Program.cs(89,13): warning CA1031: Modify 'Main' to catch a more specific allowed exception type, or rethrow the exception (https://learn.microsoft.com/dotnet/fundamentals/code-analysis/quality-rules/ca1031) [C:\Projects\Hazina\apps\Demos\Hazina.Demo.FolderToPostgres\Hazina.Demo.FolderToPostgres.csproj]
C:\Projects\Hazina\apps\Demos\Hazina.Demo.FolderToPostgres\Program.cs(59,31): warning CA1303: Method 'Task<int> Program.Main(string[] args)' passes a literal string as parameter 'value' of a call to 'void Console.WriteLine(string? value)'. Retrieve the following string(s) from a resource table instead: "No files matched.". (https://learn.microsoft.com/dotnet/fundamentals/code-analysis/quality-rules/ca1303) [C:\Projects\Hazina\apps\Demos\Hazina.Demo.FolderToPostgres\Hazina.Demo.FolderToPostgres.csproj]
C:\Projects\Hazina\apps\Demos\Hazina.Demo.FolderToPostgres\Program.cs(25,13): warning S6966: Await WriteLineAsync instead. (https://rules.sonarsource.com/csharp/RSPEC-6966) [C:\Projects\Hazina\apps\Demos\Hazina.Demo.FolderToPostgres\Hazina.Demo.FolderToPostgres.csproj]
C:\Projects\Hazina\apps\Demos\Hazina.Demo.FolderToPostgres\Program.cs(76,31): warning S6966: Await ReadAllTextAsync instead. (https://rules.sonarsource.com/csharp/RSPEC-6966) [C:\Projects\Hazina\apps\Demos\Hazina.Demo.FolderToPostgres\Hazina.Demo.FolderToPostgres.csproj]
C:\Projects\Hazina\apps\Demos\Hazina.Demo.FolderToPostgres\Program.cs(6,7): warning CA1852: Type 'Program' can be sealed because it has no subtypes in its containing assembly and is not externally visible (https://learn.microsoft.com/dotnet/fundamentals/code-analysis/quality-rules/ca1852) [C:\Projects\Hazina\apps\Demos\Hazina.Demo.FolderToPostgres\Hazina.Demo.FolderToPostgres.csproj]
C:\Projects\Hazina\apps\Demos\Hazina.Demo.FolderToPostgres\Program.cs(136,7): warning CA1852: Type 'DummyLLMClient' can be sealed because it has no subtypes in its containing assembly and is not externally visible (https://learn.microsoft.com/dotnet/fundamentals/code-analysis/quality-rules/ca1852) [C:\Projects\Hazina\apps\Demos\Hazina.Demo.FolderToPostgres\Hazina.Demo.FolderToPostgres.csproj]
CSC : warning S3904: Provide an 'AssemblyVersion' attribute for assembly 'Hazina.Demo.FolderToPostgres'. (https://rules.sonarsource.com/csharp/RSPEC-3904) [C:\Projects\Hazina\apps\Demos\Hazina.Demo.FolderToPostgres\Hazina.Demo.FolderToPostgres.csproj]
C:\Projects\Hazina\apps\Demos\Hazina.Demo.Crosslink\Program.cs(17,47): warning CS0618: 'EmbeddingFileStore' is obsolete: 'Use EmbeddingJsonFileStore with EmbeddingService instead. See Store/EmbeddingStore/EmbeddingJsonFileStore.cs' [C:\Projects\Hazina\apps\Demos\Hazina.Demo.Crosslink\Hazina.Demo.Crosslink.csproj]
C:\Projects\Hazina\Tests\Core\Hazina.Generator.Tests\DocumentGeneratorBasicTests.cs(31,13): warning xUnit2009: Do not use Assert.True() to check for substrings. Use Assert.Contains instead. (https://xunit.net/xunit.analyzers/rules/xUnit2009) [C:\Projects\Hazina\Tests\Core\Hazina.Generator.Tests\Hazina.Generator.Tests.csproj]
C:\Projects\Hazina\apps\Demos\Hazina.Demo.Crosslink\Program.cs(23,43): warning CS0618: 'EmbeddingFileStore' is obsolete: 'Use EmbeddingJsonFileStore with EmbeddingService instead. See Store/EmbeddingStore/EmbeddingJsonFileStore.cs' [C:\Projects\Hazina\apps\Demos\Hazina.Demo.Crosslink\Hazina.Demo.Crosslink.csproj]
CSC : warning CA1016: Mark assemblies with assembly version (https://learn.microsoft.com/dotnet/fundamentals/code-analysis/quality-rules/ca1016) [C:\Projects\Hazina\apps\Demos\Hazina.Demo.Crosslink\Hazina.Demo.Crosslink.csproj]
C:\Projects\Hazina\apps\Demos\Hazina.Demo.Crosslink\Program.cs(7,7): warning MA0047: Declare type 'Program' in a namespace (https://github.com/meziantou/Meziantou.Analyzer/blob/main/docs/Rules/MA0047.md) [C:\Projects\Hazina\apps\Demos\Hazina.Demo.Crosslink\Hazina.Demo.Crosslink.csproj]
C:\Projects\Hazina\apps\Demos\Hazina.Demo.Crosslink\Program.cs(7,7): warning S1118: Add a 'protected' constructor or the 'static' keyword to the class declaration. (https://rules.sonarsource.com/csharp/RSPEC-1118) [C:\Projects\Hazina\apps\Demos\Hazina.Demo.Crosslink\Hazina.Demo.Crosslink.csproj]
C:\Projects\Hazina\apps\Demos\Hazina.Demo.Crosslink\Program.cs(1,1): warning SA1633: The file header is missing or not located at the top of the file. (https://github.com/DotNetAnalyzers/StyleCopAnalyzers/blob/master/documentation/SA1633.md) [C:\Projects\Hazina\apps\Demos\Hazina.Demo.Crosslink\Hazina.Demo.Crosslink.csproj]
C:\Projects\Hazina\apps\Demos\Hazina.Demo.Crosslink\Program.cs(2,1): warning SA1208: Using directive for 'System' should appear before directive for 'Hazina.LLMs.OpenAI' (https://github.com/DotNetAnalyzers/StyleCopAnalyzers/blob/master/documentation/SA1208.md) [C:\Projects\Hazina\apps\Demos\Hazina.Demo.Crosslink\Hazina.Demo.Crosslink.csproj]
C:\Projects\Hazina\apps\Demos\Hazina.Demo.Crosslink\Program.cs(3,1): warning SA1208: Using directive for 'System.IO' should appear before directive for 'Hazina.LLMs.OpenAI' (https://github.com/DotNetAnalyzers/StyleCopAnalyzers/blob/master/documentation/SA1208.md) [C:\Projects\Hazina\apps\Demos\Hazina.Demo.Crosslink\Hazina.Demo.Crosslink.csproj]
C:\Projects\Hazina\apps\Demos\Hazina.Demo.Crosslink\Program.cs(4,1): warning SA1208: Using directive for 'System.Collections.Generic' should appear before directive for 'Hazina.LLMs.OpenAI' (https://github.com/DotNetAnalyzers/StyleCopAnalyzers/blob/master/documentation/SA1208.md) [C:\Projects\Hazina\apps\Demos\Hazina.Demo.Crosslink\Hazina.Demo.Crosslink.csproj]
C:\Projects\Hazina\apps\Demos\Hazina.Demo.Crosslink\Program.cs(5,1): warning SA1208: Using directive for 'System.Threading.Tasks' should appear before directive for 'Hazina.LLMs.OpenAI' (https://github.com/DotNetAnalyzers/StyleCopAnalyzers/blob/master/documentation/SA1208.md) [C:\Projects\Hazina\apps\Demos\Hazina.Demo.Crosslink\Hazina.Demo.Crosslink.csproj]
C:\Projects\Hazina\apps\Demos\Hazina.Demo.Crosslink\Program.cs(3,1): warning SA1210: Using directives should be ordered alphabetically by the namespaces (https://github.com/DotNetAnalyzers/StyleCopAnalyzers/blob/master/documentation/SA1210.md) [C:\Projects\Hazina\apps\Demos\Hazina.Demo.Crosslink\Hazina.Demo.Crosslink.csproj]
C:\Projects\Hazina\apps\Demos\Hazina.Demo.Crosslink\Program.cs(9,23): warning MA0051: Method is too long (79 lines; maximum allowed: 60) (https://github.com/meziantou/Meziantou.Analyzer/blob/main/docs/Rules/MA0051.md) [C:\Projects\Hazina\apps\Demos\Hazina.Demo.Crosslink\Hazina.Demo.Crosslink.csproj]
C:\Projects\Hazina\apps\Demos\Hazina.Demo.Crosslink\Program.cs(7,7): warning S3903: Move 'Program' into a named namespace. (https://rules.sonarsource.com/csharp/RSPEC-3903) [C:\Projects\Hazina\apps\Demos\Hazina.Demo.Crosslink\Hazina.Demo.Crosslink.csproj]
C:\Projects\Hazina\apps\Demos\Hazina.Demo.Crosslink\Program.cs(7,7): warning SA1400: Element 'Program' should declare an access modifier (https://github.com/DotNetAnalyzers/StyleCopAnalyzers/blob/master/documentation/SA1400.md) [C:\Projects\Hazina\apps\Demos\Hazina.Demo.Crosslink\Hazina.Demo.Crosslink.csproj]
C:\Projects\Hazina\apps\Demos\Hazina.Demo.Crosslink\Program.cs(17,66): warning S1075: Refactor your code not to use hardcoded absolute paths or URIs. (https://rules.sonarsource.com/csharp/RSPEC-1075) [C:\Projects\Hazina\apps\Demos\Hazina.Demo.Crosslink\Hazina.Demo.Crosslink.csproj]
C:\Projects\Hazina\apps\Demos\Hazina.Demo.Crosslink\Program.cs(19,58): warning S1075: Refactor your code not to use hardcoded absolute paths or URIs. (https://rules.sonarsource.com/csharp/RSPEC-1075) [C:\Projects\Hazina\apps\Demos\Hazina.Demo.Crosslink\Hazina.Demo.Crosslink.csproj]
C:\Projects\Hazina\apps\Demos\Hazina.Demo.Crosslink\Program.cs(23,62): warning S1075: Refactor your code not to use hardcoded absolute paths or URIs. (https://rules.sonarsource.com/csharp/RSPEC-1075) [C:\Projects\Hazina\apps\Demos\Hazina.Demo.Crosslink\Hazina.Demo.Crosslink.csproj]
C:\Projects\Hazina\apps\Demos\Hazina.Demo.Crosslink\Program.cs(25,54): warning S1075: Refactor your code not to use hardcoded absolute paths or URIs. (https://rules.sonarsource.com/csharp/RSPEC-1075) [C:\Projects\Hazina\apps\Demos\Hazina.Demo.Crosslink\Hazina.Demo.Crosslink.csproj]
C:\Projects\Hazina\apps\Demos\Hazina.Demo.Crosslink\Program.cs(9,23): warning SA1400: Element 'Main' should declare an access modifier (https://github.com/DotNetAnalyzers/StyleCopAnalyzers/blob/master/documentation/SA1400.md) [C:\Projects\Hazina\apps\Demos\Hazina.Demo.Crosslink\Hazina.Demo.Crosslink.csproj]
C:\Projects\Hazina\apps\Demos\Hazina.Demo.Crosslink\Program.cs(60,40): warning SA1117: The parameters should all be placed on the same line or each parameter should be placed on its own line (https://github.com/DotNetAnalyzers/StyleCopAnalyzers/blob/master/documentation/SA1117.md) [C:\Projects\Hazina\apps\Demos\Hazina.Demo.Crosslink\Hazina.Demo.Crosslink.csproj]
C:\Projects\Hazina\apps\Demos\Hazina.Demo.Crosslink\Program.cs(75,40): warning SA1117: The parameters should all be placed on the same line or each parameter should be placed on its own line (https://github.com/DotNetAnalyzers/StyleCopAnalyzers/blob/master/documentation/SA1117.md) [C:\Projects\Hazina\apps\Demos\Hazina.Demo.Crosslink\Hazina.Demo.Crosslink.csproj]
C:\Projects\Hazina\apps\Demos\Hazina.Demo.Crosslink\Program.cs(80,13): warning CA1849: 'File.WriteAllText(string, string?)' synchronously blocks. Await 'File.WriteAllTextAsync(string, string?, CancellationToken)' instead. (https://learn.microsoft.com/dotnet/fundamentals/code-analysis/quality-rules/ca1849) [C:\Projects\Hazina\apps\Demos\Hazina.Demo.Crosslink\Hazina.Demo.Crosslink.csproj]
C:\Projects\Hazina\apps\Demos\Hazina.Demo.Crosslink\Program.cs(37,42): warning MA0004: Use Task.ConfigureAwait(false) if the current SynchronizationContext is not needed (https://github.com/meziantou/Meziantou.Analyzer/blob/main/docs/Rules/MA0004.md) [C:\Projects\Hazina\apps\Demos\Hazina.Demo.Crosslink\Hazina.Demo.Crosslink.csproj]
C:\Projects\Hazina\apps\Demos\Hazina.Demo.Crosslink\Program.cs(56,46): warning MA0004: Use Task.ConfigureAwait(false) if the current SynchronizationContext is not needed (https://github.com/meziantou/Meziantou.Analyzer/blob/main/docs/Rules/MA0004.md) [C:\Projects\Hazina\apps\Demos\Hazina.Demo.Crosslink\Hazina.Demo.Crosslink.csproj]
C:\Projects\Hazina\apps\Demos\Hazina.Demo.Crosslink\Program.cs(71,36): warning MA0004: Use Task.ConfigureAwait(false) if the current SynchronizationContext is not needed (https://github.com/meziantou/Meziantou.Analyzer/blob/main/docs/Rules/MA0004.md) [C:\Projects\Hazina\apps\Demos\Hazina.Demo.Crosslink\Hazina.Demo.Crosslink.csproj]
C:\Projects\Hazina\apps\Demos\Hazina.Demo.Crosslink\Program.cs(32,27): warning CA1303: Method 'Task Program.Main(string[] args)' passes a literal string as parameter 'value' of a call to 'void Console.WriteLine(string? value)'. Retrieve the following string(s) from a resource table instead: "Vacatures vinden op basis van het volgende CV:". (https://learn.microsoft.com/dotnet/fundamentals/code-analysis/quality-rules/ca1303) [C:\Projects\Hazina\apps\Demos\Hazina.Demo.Crosslink\Hazina.Demo.Crosslink.csproj]
C:\Projects\Hazina\apps\Demos\Hazina.Demo.Crosslink\Program.cs(33,27): warning CA1303: Method 'Task Program.Main(string[] args)' passes a literal string as parameter 'value' of a call to 'void Console.WriteLine(string? value)'. Retrieve the following string(s) from a resource table instead: "**Curriculum Vitae**\n        \n**Persoonlijke gegevens**\nNaam: Mark van den Berg\nAdres: Keizersgracht 112, 1015 CV Amsterdam\nTelefoonnummer: 06-12345678\nE-mail: markvandenberg@email.com\nGeboortedatum: 12 mei 1990\nNationaliteit: Nederlands\nRijbewijs: B\n\n---\n**Profiel**\nAnalytische en gedreven IT-professional met een passie voor softwareontwikkeling en procesoptimalisatie. Ik ben een probleemoplosser die graag complexe vraagstukken analyseert en vertaalt naar effici+½nte technologische oplossingen. Mijn sterke communicatieve vaardigheden maken mij een bruggenbouwer tussen techniek en eindgebruikers. ... (etc, rest of CV as per sample)". (https://learn.microsoft.com/dotnet/fundamentals/code-analysis/quality-rules/ca1303) [C:\Projects\Hazina\apps\Demos\Hazina.Demo.Crosslink\Hazina.Demo.Crosslink.csproj]
C:\Projects\Hazina\apps\Demos\Hazina.Demo.Crosslink\Program.cs(43,31): warning CA1303: Method 'Task Program.Main(string[] args)' passes a literal string as parameter 'value' of a call to 'void Console.WriteLine(string? value)'. Retrieve the following string(s) from a resource table instead: "BEGIN MATCH". (https://learn.microsoft.com/dotnet/fundamentals/code-analysis/quality-rules/ca1303) [C:\Projects\Hazina\apps\Demos\Hazina.Demo.Crosslink\Hazina.Demo.Crosslink.csproj]
C:\Projects\Hazina\apps\Demos\Hazina.Demo.Crosslink\Program.cs(44,31): warning CA1303: Method 'Task Program.Main(string[] args)' passes a literal string as parameter 'value' of a call to 'void Console.WriteLine(string? value)'. Retrieve the following string(s) from a resource table instead: "Match gevonden met vacature:". (https://learn.microsoft.com/dotnet/fundamentals/code-analysis/quality-rules/ca1303) [C:\Projects\Hazina\apps\Demos\Hazina.Demo.Crosslink\Hazina.Demo.Crosslink.csproj]
C:\Projects\Hazina\apps\Demos\Hazina.Demo.Crosslink\Program.cs(82,31): warning CA1303: Method 'Task Program.Main(string[] args)' passes a literal string as parameter 'value' of a call to 'void Console.WriteLine(string? value)'. Retrieve the following string(s) from a resource table instead: "Op basis van de match van CV en vacature wordt het volgende gesprek gesimuleerd:". (https://learn.microsoft.com/dotnet/fundamentals/code-analysis/quality-rules/ca1303) [C:\Projects\Hazina\apps\Demos\Hazina.Demo.Crosslink\Hazina.Demo.Crosslink.csproj]
C:\Projects\Hazina\apps\Demos\Hazina.Demo.Crosslink\Program.cs(84,31): warning CA1303: Method 'Task Program.Main(string[] args)' passes a literal string as parameter 'value' of a call to 'void Console.WriteLine(string? value)'. Retrieve the following string(s) from a resource table instead: "EINDE MATCH". (https://learn.microsoft.com/dotnet/fundamentals/code-analysis/quality-rules/ca1303) [C:\Projects\Hazina\apps\Demos\Hazina.Demo.Crosslink\Hazina.Demo.Crosslink.csproj]
C:\Projects\Hazina\apps\Demos\Hazina.Demo.Crosslink\Program.cs(86,31): warning CA1303: Method 'Task Program.Main(string[] args)' passes a literal string as parameter 'value' of a call to 'void Console.WriteLine(string? value)'. Retrieve the following string(s) from a resource table instead: "Druk op enter om verder te gaan.". (https://learn.microsoft.com/dotnet/fundamentals/code-analysis/quality-rules/ca1303) [C:\Projects\Hazina\apps\Demos\Hazina.Demo.Crosslink\Hazina.Demo.Crosslink.csproj]
C:\Projects\Hazina\apps\Demos\Hazina.Demo.Crosslink\Program.cs(80,13): warning S6966: Await WriteAllTextAsync instead. (https://rules.sonarsource.com/csharp/RSPEC-6966) [C:\Projects\Hazina\apps\Demos\Hazina.Demo.Crosslink\Hazina.Demo.Crosslink.csproj]
C:\Projects\Hazina\apps\Demos\Hazina.Demo.Crosslink\Program.cs(13,16): warning S1481: Remove the unused local variable 'apikey'. (https://rules.sonarsource.com/csharp/RSPEC-1481) [C:\Projects\Hazina\apps\Demos\Hazina.Demo.Crosslink\Hazina.Demo.Crosslink.csproj]
C:\Projects\Hazina\apps\Demos\Hazina.Demo.Crosslink\Program.cs(21,13): warning S1481: Remove the unused local variable 'werkzoekenden'. (https://rules.sonarsource.com/csharp/RSPEC-1481) [C:\Projects\Hazina\apps\Demos\Hazina.Demo.Crosslink\Hazina.Demo.Crosslink.csproj]
C:\Projects\Hazina\apps\Demos\Hazina.Demo.Crosslink\Program.cs(7,7): warning CA1852: Type 'Program' can be sealed because it has no subtypes in its containing assembly and is not externally visible (https://learn.microsoft.com/dotnet/fundamentals/code-analysis/quality-rules/ca1852) [C:\Projects\Hazina\apps\Demos\Hazina.Demo.Crosslink\Hazina.Demo.Crosslink.csproj]
CSC : warning S3904: Provide an 'AssemblyVersion' attribute for assembly 'Hazina.Demo.Crosslink'. (https://rules.sonarsource.com/csharp/RSPEC-3904) [C:\Projects\Hazina\apps\Demos\Hazina.Demo.Crosslink\Hazina.Demo.Crosslink.csproj]
C:\Projects\Hazina\src\Core\Agents\Hazina.Generator\Core\DocumentGenerator.cs(18,5): warning S125: Remove this commented out code. (https://rules.sonarsource.com/csharp/RSPEC-125) [C:\Projects\Hazina\src\Core\Agents\Hazina.Generator\Hazina.Generator.csproj::TargetFramework=net10.0]
C:\Projects\Hazina\src\Core\Agents\Hazina.Generator\Core\DocumentGenerator.cs(44,9): warning S125: Remove this commented out code. (https://rules.sonarsource.com/csharp/RSPEC-125) [C:\Projects\Hazina\src\Core\Agents\Hazina.Generator\Hazina.Generator.csproj::TargetFramework=net10.0]
C:\Projects\Hazina\src\Core\Agents\Hazina.Generator\Interfaces\IDocumentGenerator.cs(3,18): warning CA1050: Declare types in namespaces (https://learn.microsoft.com/dotnet/fundamentals/code-analysis/quality-rules/ca1050) [C:\Projects\Hazina\src\Core\Agents\Hazina.Generator\Hazina.Generator.csproj::TargetFramework=net10.0]
C:\Projects\Hazina\src\Core\Agents\Hazina.Generator\Core\DocumentGenerator.cs(56,9): warning S125: Remove this commented out code. (https://rules.sonarsource.com/csharp/RSPEC-125) [C:\Projects\Hazina\src\Core\Agents\Hazina.Generator\Hazina.Generator.csproj::TargetFramework=net10.0]
C:\Projects\Hazina\src\Core\Agents\Hazina.Generator\Models\DeleteDocumentRequest.cs(1,14): warning CA1050: Declare types in namespaces (https://learn.microsoft.com/dotnet/fundamentals/code-analysis/quality-rules/ca1050) [C:\Projects\Hazina\src\Core\Agents\Hazina.Generator\Hazina.Generator.csproj::TargetFramework=net10.0]
C:\Projects\Hazina\src\Core\Agents\Hazina.Generator\Interfaces\IDocumentGenerator.cs(3,18): warning MA0047: Declare type 'IDocumentGenerator' in a namespace (https://github.com/meziantou/Meziantou.Analyzer/blob/main/docs/Rules/MA0047.md) [C:\Projects\Hazina\src\Core\Agents\Hazina.Generator\Hazina.Generator.csproj::TargetFramework=net10.0]
C:\Projects\Hazina\src\Core\Agents\Hazina.Generator\Models\DeleteDocumentRequest.cs(1,14): warning MA0047: Declare type 'DeleteDocumentRequest' in a namespace (https://github.com/meziantou/Meziantou.Analyzer/blob/main/docs/Rules/MA0047.md) [C:\Projects\Hazina\src\Core\Agents\Hazina.Generator\Hazina.Generator.csproj::TargetFramework=net10.0]
C:\Projects\Hazina\src\Core\Agents\Hazina.Generator\Interfaces\IDocumentGenerator.cs(3,18): warning S3903: Move 'IDocumentGenerator' into a named namespace. (https://rules.sonarsource.com/csharp/RSPEC-3903) [C:\Projects\Hazina\src\Core\Agents\Hazina.Generator\Hazina.Generator.csproj::TargetFramework=net10.0]
C:\Projects\Hazina\src\Core\Agents\Hazina.Generator\Interfaces\IDocumentGenerator.cs(5,31): warning S4136: All 'GetResponse' method overloads should be adjacent. (https://rules.sonarsource.com/csharp/RSPEC-4136) [C:\Projects\Hazina\src\Core\Agents\Hazina.Generator\Hazina.Generator.csproj::TargetFramework=net10.0]
C:\Projects\Hazina\src\Core\Agents\Hazina.Generator\Interfaces\IDocumentGenerator.cs(6,31): warning S4136: All 'StreamResponse' method overloads should be adjacent. (https://rules.sonarsource.com/csharp/RSPEC-4136) [C:\Projects\Hazina\src\Core\Agents\Hazina.Generator\Hazina.Generator.csproj::TargetFramework=net10.0]
C:\Projects\Hazina\src\Core\Agents\Hazina.Generator\Core\DocumentGenerator.cs(113,9): warning S125: Remove this commented out code. (https://rules.sonarsource.com/csharp/RSPEC-125) [C:\Projects\Hazina\src\Core\Agents\Hazina.Generator\Hazina.Generator.csproj::TargetFramework=net10.0]
C:\Projects\Hazina\src\Core\Agents\Hazina.Generator\Models\DeleteDocumentRequest.cs(1,14): warning S3903: Move 'DeleteDocumentRequest' into a named namespace. (https://rules.sonarsource.com/csharp/RSPEC-3903) [C:\Projects\Hazina\src\Core\Agents\Hazina.Generator\Hazina.Generator.csproj::TargetFramework=net10.0]
C:\Projects\Hazina\src\Core\Agents\Hazina.Generator\Core\DocumentGenerator.cs(3,1): warning SA1208: Using directive for 'System.Collections.Generic' should appear before directive for 'OpenAI.Chat' (https://github.com/DotNetAnalyzers/StyleCopAnalyzers/blob/master/documentation/SA1208.md) [C:\Projects\Hazina\src\Core\Agents\Hazina.Generator\Hazina.Generator.csproj::TargetFramework=net10.0]
C:\Projects\Hazina\src\Core\Agents\Hazina.Generator\Core\DocumentGenerator.cs(4,1): warning SA1208: Using directive for 'System.IO' should appear before directive for 'OpenAI.Chat' (https://github.com/DotNetAnalyzers/StyleCopAnalyzers/blob/master/documentation/SA1208.md) [C:\Projects\Hazina\src\Core\Agents\Hazina.Generator\Hazina.Generator.csproj::TargetFramework=net10.0]
C:\Projects\Hazina\src\Core\Agents\Hazina.Generator\Core\DocumentGenerator.cs(5,1): warning SA1208: Using directive for 'System.Security.Cryptography' should appear before directive for 'OpenAI.Chat' (https://github.com/DotNetAnalyzers/StyleCopAnalyzers/blob/master/documentation/SA1208.md) [C:\Projects\Hazina\src\Core\Agents\Hazina.Generator\Hazina.Generator.csproj::TargetFramework=net10.0]
C:\Projects\Hazina\src\Core\Agents\Hazina.Generator\Core\DocumentGenerator.cs(6,1): warning SA1208: Using directive for 'System.Text.Json' should appear before directive for 'OpenAI.Chat' (https://github.com/DotNetAnalyzers/StyleCopAnalyzers/blob/master/documentation/SA1208.md) [C:\Projects\Hazina\src\Core\Agents\Hazina.Generator\Hazina.Generator.csproj::TargetFramework=net10.0]
C:\Projects\Hazina\src\Core\Agents\Hazina.Generator\Core\DocumentGenerator.cs(7,1): warning SA1208: Using directive for 'System.Threading.Channels' should appear before directive for 'OpenAI.Chat' (https://github.com/DotNetAnalyzers/StyleCopAnalyzers/blob/master/documentation/SA1208.md) [C:\Projects\Hazina\src\Core\Agents\Hazina.Generator\Hazina.Generator.csproj::TargetFramework=net10.0]
C:\Projects\Hazina\src\Core\Agents\Hazina.Generator\Core\DocumentGenerator.cs(2,1): warning SA1210: Using directives should be ordered alphabetically by the namespaces (https://github.com/DotNetAnalyzers/StyleCopAnalyzers/blob/master/documentation/SA1210.md) [C:\Projects\Hazina\src\Core\Agents\Hazina.Generator\Hazina.Generator.csproj::TargetFramework=net10.0]
C:\Projects\Hazina\src\Core\Agents\Hazina.Generator\Models\DeleteDocumentRequest.cs(6,14): warning CA1050: Declare types in namespaces (https://learn.microsoft.com/dotnet/fundamentals/code-analysis/quality-rules/ca1050) [C:\Projects\Hazina\src\Core\Agents\Hazina.Generator\Hazina.Generator.csproj::TargetFramework=net10.0]
C:\Projects\Hazina\src\Core\Agents\Hazina.Generator\Models\DeleteDocumentRequest.cs(6,14): warning MA0047: Declare type 'MoveDocumentRequest' in a namespace (https://github.com/meziantou/Meziantou.Analyzer/blob/main/docs/Rules/MA0047.md) [C:\Projects\Hazina\src\Core\Agents\Hazina.Generator\Hazina.Generator.csproj::TargetFramework=net10.0]
C:\Projects\Hazina\src\Core\Agents\Hazina.Generator\Models\DeleteDocumentRequest.cs(6,14): warning MA0048: File name must match type name (https://github.com/meziantou/Meziantou.Analyzer/blob/main/docs/Rules/MA0048.md) [C:\Projects\Hazina\src\Core\Agents\Hazina.Generator\Hazina.Generator.csproj::TargetFramework=net10.0]
C:\Projects\Hazina\src\Core\Agents\Hazina.Generator\Interfaces\IDocumentGenerator.cs(6,1): warning SA1516: Elements should be separated by blank line (https://github.com/DotNetAnalyzers/StyleCopAnalyzers/blob/master/documentation/SA1516.md) [C:\Projects\Hazina\src\Core\Agents\Hazina.Generator\Hazina.Generator.csproj::TargetFramework=net10.0]
C:\Projects\Hazina\src\Core\Agents\Hazina.Generator\Interfaces\IDocumentGenerator.cs(7,1): warning SA1516: Elements should be separated by blank line (https://github.com/DotNetAnalyzers/StyleCopAnalyzers/blob/master/documentation/SA1516.md) [C:\Projects\Hazina\src\Core\Agents\Hazina.Generator\Hazina.Generator.csproj::TargetFramework=net10.0]
C:\Projects\Hazina\src\Core\Agents\Hazina.Generator\Interfaces\IDocumentGenerator.cs(8,1): warning SA1516: Elements should be separated by blank line (https://github.com/DotNetAnalyzers/StyleCopAnalyzers/blob/master/documentation/SA1516.md) [C:\Projects\Hazina\src\Core\Agents\Hazina.Generator\Hazina.Generator.csproj::TargetFramework=net10.0]
C:\Projects\Hazina\src\Core\Agents\Hazina.Generator\Interfaces\IDocumentGenerator.cs(9,1): warning SA1516: Elements should be separated by blank line (https://github.com/DotNetAnalyzers/StyleCopAnalyzers/blob/master/documentation/SA1516.md) [C:\Projects\Hazina\src\Core\Agents\Hazina.Generator\Hazina.Generator.csproj::TargetFramework=net10.0]
C:\Projects\Hazina\src\Core\Agents\Hazina.Generator\Interfaces\IDocumentGenerator.cs(10,1): warning SA1516: Elements should be separated by blank line (https://github.com/DotNetAnalyzers/StyleCopAnalyzers/blob/master/documentation/SA1516.md) [C:\Projects\Hazina\src\Core\Agents\Hazina.Generator\Hazina.Generator.csproj::TargetFramework=net10.0]
C:\Projects\Hazina\src\Core\Agents\Hazina.Generator\Models\DeleteDocumentRequest.cs(6,14): warning S3903: Move 'MoveDocumentRequest' into a named namespace. (https://rules.sonarsource.com/csharp/RSPEC-3903) [C:\Projects\Hazina\src\Core\Agents\Hazina.Generator\Hazina.Generator.csproj::TargetFramework=net10.0]
C:\Projects\Hazina\src\Core\Agents\Hazina.Generator\Models\DeleteDocumentRequest.cs(8,40): warning SA1122: Use string.Empty for empty strings (https://github.com/DotNetAnalyzers/StyleCopAnalyzers/blob/master/documentation/SA1122.md) [C:\Projects\Hazina\src\Core\Agents\Hazina.Generator\Hazina.Generator.csproj::TargetFramework=net10.0]
C:\Projects\Hazina\src\Core\Agents\Hazina.Generator\Core\DocumentGenerator.cs(1,1): warning SA1633: The file header is missing or not located at the top of the file. (https://github.com/DotNetAnalyzers/StyleCopAnalyzers/blob/master/documentation/SA1633.md) [C:\Projects\Hazina\src\Core\Agents\Hazina.Generator\Hazina.Generator.csproj::TargetFramework=net10.0]
C:\Projects\Hazina\src\Core\Agents\Hazina.Generator\Models\DeleteDocumentRequest.cs(9,43): warning SA1122: Use string.Empty for empty strings (https://github.com/DotNetAnalyzers/StyleCopAnalyzers/blob/master/documentation/SA1122.md) [C:\Projects\Hazina\src\Core\Agents\Hazina.Generator\Hazina.Generator.csproj::TargetFramework=net10.0]
C:\Projects\Hazina\src\Core\Agents\Hazina.Generator\Models\DeleteDocumentRequest.cs(9,1): warning SA1516: Elements should be separated by blank line (https://github.com/DotNetAnalyzers/StyleCopAnalyzers/blob/master/documentation/SA1516.md) [C:\Projects\Hazina\src\Core\Agents\Hazina.Generator\Hazina.Generator.csproj::TargetFramework=net10.0]
C:\Projects\Hazina\src\Core\Agents\Hazina.Generator\Core\DocumentGenerator.cs(179,1): warning SA1507: Code should not contain multiple blank lines in a row (https://github.com/DotNetAnalyzers/StyleCopAnalyzers/blob/master/documentation/SA1507.md) [C:\Projects\Hazina\src\Core\Agents\Hazina.Generator\Hazina.Generator.csproj::TargetFramework=net10.0]
C:\Projects\Hazina\src\Core\Agents\Hazina.Generator\Models\DeleteDocumentRequest.cs(3,40): warning SA1122: Use string.Empty for empty strings (https://github.com/DotNetAnalyzers/StyleCopAnalyzers/blob/master/documentation/SA1122.md) [C:\Projects\Hazina\src\Core\Agents\Hazina.Generator\Hazina.Generator.csproj::TargetFramework=net10.0]
C:\Projects\Hazina\src\Core\Agents\Hazina.Generator\Core\DocumentGenerator.cs(134,9): warning SA1512: Single-line comments should not be followed by blank line (https://github.com/DotNetAnalyzers/StyleCopAnalyzers/blob/master/documentation/SA1512.md) [C:\Projects\Hazina\src\Core\Agents\Hazina.Generator\Hazina.Generator.csproj::TargetFramework=net10.0]
C:\Projects\Hazina\src\Core\Agents\Hazina.Generator\Core\DocumentGenerator.cs(20,36): warning CA2227: Change 'BaseMessages' to be read-only by removing the property setter (https://learn.microsoft.com/dotnet/fundamentals/code-analysis/quality-rules/ca2227) [C:\Projects\Hazina\src\Core\Agents\Hazina.Generator\Hazina.Generator.csproj::TargetFramework=net10.0]
C:\Projects\Hazina\src\Core\Agents\Hazina.Generator\Core\DocumentGenerator.cs(30,29): warning CA1051: Do not declare visible instance fields (https://learn.microsoft.com/dotnet/fundamentals/code-analysis/quality-rules/ca1051) [C:\Projects\Hazina\src\Core\Agents\Hazina.Generator\Hazina.Generator.csproj::TargetFramework=net10.0]
C:\Projects\Hazina\src\Core\Agents\Hazina.Generator\Core\DocumentGenerator.cs(20,36): warning CA1002: Change 'List<HazinaChatMessage>' in 'DocumentGenerator.BaseMessages' to use 'Collection<T>', 'ReadOnlyCollection<T>' or 'KeyedCollection<K,V>' (https://learn.microsoft.com/dotnet/fundamentals/code-analysis/quality-rules/ca1002) [C:\Projects\Hazina\src\Core\Agents\Hazina.Generator\Hazina.Generator.csproj::TargetFramework=net10.0]
C:\Projects\Hazina\src\Core\Agents\Hazina.Generator\Core\DocumentGenerator.cs(20,12): warning MA0016: Prefer using collection abstraction instead of implementation (https://github.com/meziantou/Meziantou.Analyzer/blob/main/docs/Rules/MA0016.md) [C:\Projects\Hazina\src\Core\Agents\Hazina.Generator\Hazina.Generator.csproj::TargetFramework=net10.0]
C:\Projects\Hazina\src\Core\Agents\Hazina.Generator\Core\DocumentGenerator.cs(166,14): warning SA1513: Closing brace should be followed by blank line (https://github.com/DotNetAnalyzers/StyleCopAnalyzers/blob/master/documentation/SA1513.md) [C:\Projects\Hazina\src\Core\Agents\Hazina.Generator\Hazina.Generator.csproj::TargetFramework=net10.0]
C:\Projects\Hazina\src\Core\Agents\Hazina.Generator\Core\DocumentGenerator.cs(171,14): warning SA1513: Closing brace should be followed by blank line (https://github.com/DotNetAnalyzers/StyleCopAnalyzers/blob/master/documentation/SA1513.md) [C:\Projects\Hazina\src\Core\Agents\Hazina.Generator\Hazina.Generator.csproj::TargetFramework=net10.0]
C:\Projects\Hazina\src\Core\Agents\Hazina.Generator\Models\ModifyDocumentRequest.cs(1,14): warning CA1050: Declare types in namespaces (https://learn.microsoft.com/dotnet/fundamentals/code-analysis/quality-rules/ca1050) [C:\Projects\Hazina\src\Core\Agents\Hazina.Generator\Hazina.Generator.csproj::TargetFramework=net10.0]
C:\Projects\Hazina\src\Core\Agents\Hazina.Generator\Core\DocumentGenerator.cs(203,14): warning SA1513: Closing brace should be followed by blank line (https://github.com/DotNetAnalyzers/StyleCopAnalyzers/blob/master/documentation/SA1513.md) [C:\Projects\Hazina\src\Core\Agents\Hazina.Generator\Hazina.Generator.csproj::TargetFramework=net10.0]
C:\Projects\Hazina\src\Core\Agents\Hazina.Generator\Core\DocumentGenerator.cs(210,10): warning SA1513: Closing brace should be followed by blank line (https://github.com/DotNetAnalyzers/StyleCopAnalyzers/blob/master/documentation/SA1513.md) [C:\Projects\Hazina\src\Core\Agents\Hazina.Generator\Hazina.Generator.csproj::TargetFramework=net10.0]
C:\Projects\Hazina\src\Core\Agents\Hazina.Generator\Core\DocumentGenerator.cs(216,10): warning SA1513: Closing brace should be followed by blank line (https://github.com/DotNetAnalyzers/StyleCopAnalyzers/blob/master/documentation/SA1513.md) [C:\Projects\Hazina\src\Core\Agents\Hazina.Generator\Hazina.Generator.csproj::TargetFramework=net10.0]
C:\Projects\Hazina\src\Core\Agents\Hazina.Generator\Core\DocumentGenerator.cs(223,10): warning SA1513: Closing brace should be followed by blank line (https://github.com/DotNetAnalyzers/StyleCopAnalyzers/blob/master/documentation/SA1513.md) [C:\Projects\Hazina\src\Core\Agents\Hazina.Generator\Hazina.Generator.csproj::TargetFramework=net10.0]
C:\Projects\Hazina\src\Core\Agents\Hazina.Generator\Core\DocumentGenerator.cs(18,5): warning SA1515: Single-line comment should be preceded by blank line (https://github.com/DotNetAnalyzers/StyleCopAnalyzers/blob/master/documentation/SA1515.md) [C:\Projects\Hazina\src\Core\Agents\Hazina.Generator\Hazina.Generator.csproj::TargetFramework=net10.0]
C:\Projects\Hazina\src\Core\Agents\Hazina.Generator\Core\DocumentGenerator.cs(30,29): warning SA1401: Field should be private (https://github.com/DotNetAnalyzers/StyleCopAnalyzers/blob/master/documentation/SA1401.md) [C:\Projects\Hazina\src\Core\Agents\Hazina.Generator\Hazina.Generator.csproj::TargetFramework=net10.0]
C:\Projects\Hazina\src\Core\Agents\Hazina.Generator\Core\DocumentGenerator.cs(44,9): warning SA1515: Single-line comment should be preceded by blank line (https://github.com/DotNetAnalyzers/StyleCopAnalyzers/blob/master/documentation/SA1515.md) [C:\Projects\Hazina\src\Core\Agents\Hazina.Generator\Hazina.Generator.csproj::TargetFramework=net10.0]
C:\Projects\Hazina\src\Core\Agents\Hazina.Generator\Core\DocumentGenerator.cs(56,9): warning SA1515: Single-line comment should be preceded by blank line (https://github.com/DotNetAnalyzers/StyleCopAnalyzers/blob/master/documentation/SA1515.md) [C:\Projects\Hazina\src\Core\Agents\Hazina.Generator\Hazina.Generator.csproj::TargetFramework=net10.0]
C:\Projects\Hazina\src\Core\Agents\Hazina.Generator\Core\DocumentGenerator.cs(30,29): warning S1104: Make this field 'private' and encapsulate it in a 'public' property. (https://rules.sonarsource.com/csharp/RSPEC-1104) [C:\Projects\Hazina\src\Core\Agents\Hazina.Generator\Hazina.Generator.csproj::TargetFramework=net10.0]
C:\Projects\Hazina\src\Core\Agents\Hazina.Generator\Models\ModifyDocumentRequest.cs(1,14): warning MA0047: Declare type 'ModifyDocumentRequest' in a namespace (https://github.com/meziantou/Meziantou.Analyzer/blob/main/docs/Rules/MA0047.md) [C:\Projects\Hazina\src\Core\Agents\Hazina.Generator\Hazina.Generator.csproj::TargetFramework=net10.0]
C:\Projects\Hazina\src\Core\Agents\Hazina.Generator\Models\ModifyDocumentRequest.cs(1,14): warning S3903: Move 'ModifyDocumentRequest' into a named namespace. (https://rules.sonarsource.com/csharp/RSPEC-3903) [C:\Projects\Hazina\src\Core\Agents\Hazina.Generator\Hazina.Generator.csproj::TargetFramework=net10.0]
C:\Projects\Hazina\src\Core\Agents\Hazina.Generator\Models\ModifyDocumentRequest.cs(4,1): warning SA1516: Elements should be separated by blank line (https://github.com/DotNetAnalyzers/StyleCopAnalyzers/blob/master/documentation/SA1516.md) [C:\Projects\Hazina\src\Core\Agents\Hazina.Generator\Hazina.Generator.csproj::TargetFramework=net10.0]
C:\Projects\Hazina\src\Core\Agents\Hazina.Generator\Models\ModifyDocumentRequest.cs(5,1): warning SA1516: Elements should be separated by blank line (https://github.com/DotNetAnalyzers/StyleCopAnalyzers/blob/master/documentation/SA1516.md) [C:\Projects\Hazina\src\Core\Agents\Hazina.Generator\Hazina.Generator.csproj::TargetFramework=net10.0]
C:\Projects\Hazina\src\Core\Agents\Hazina.Generator\Models\StoreSafetyPolicy.cs(6,14): warning CA1050: Declare types in namespaces (https://learn.microsoft.com/dotnet/fundamentals/code-analysis/quality-rules/ca1050) [C:\Projects\Hazina\src\Core\Agents\Hazina.Generator\Hazina.Generator.csproj::TargetFramework=net10.0]
C:\Projects\Hazina\src\Core\Agents\Hazina.Generator\Models\StoreSafetyPolicy.cs(6,14): warning MA0047: Declare type 'StoreSafetyPolicy' in a namespace (https://github.com/meziantou/Meziantou.Analyzer/blob/main/docs/Rules/MA0047.md) [C:\Projects\Hazina\src\Core\Agents\Hazina.Generator\Hazina.Generator.csproj::TargetFramework=net10.0]
C:\Projects\Hazina\src\Core\Agents\Hazina.Generator\Models\UpdateStoreResponse.cs(3,14): warning CA1050: Declare types in namespaces (https://learn.microsoft.com/dotnet/fundamentals/code-analysis/quality-rules/ca1050) [C:\Projects\Hazina\src\Core\Agents\Hazina.Generator\Hazina.Generator.csproj::TargetFramework=net10.0]
C:\Projects\Hazina\src\Core\Agents\Hazina.Generator\Models\StoreSafetyPolicyViolationException.cs(4,14): warning CA1032: Add the following constructor to StoreSafetyPolicyViolationException: public StoreSafetyPolicyViolationException() (https://learn.microsoft.com/dotnet/fundamentals/code-analysis/quality-rules/ca1032) [C:\Projects\Hazina\src\Core\Agents\Hazina.Generator\Hazina.Generator.csproj::TargetFramework=net10.0]
C:\Projects\Hazina\src\Core\Agents\Hazina.Generator\Models\UpdateStoreResponse.cs(5,39): warning CA2227: Change 'Moves' to be read-only by removing the property setter (https://learn.microsoft.com/dotnet/fundamentals/code-analysis/quality-rules/ca2227) [C:\Projects\Hazina\src\Core\Agents\Hazina.Generator\Hazina.Generator.csproj::TargetFramework=net10.0]
C:\Projects\Hazina\src\Core\Agents\Hazina.Generator\Models\UpdateStoreResponse.cs(5,39): warning CA1002: Change 'List<MoveDocumentRequest>' in 'UpdateStoreResponse.Moves' to use 'Collection<T>', 'ReadOnlyCollection<T>' or 'KeyedCollection<K,V>' (https://learn.microsoft.com/dotnet/fundamentals/code-analysis/quality-rules/ca1002) [C:\Projects\Hazina\src\Core\Agents\Hazina.Generator\Hazina.Generator.csproj::TargetFramework=net10.0]
C:\Projects\Hazina\src\Core\Agents\Hazina.Generator\Models\StoreSafetyPolicyViolationException.cs(4,14): warning CA1050: Declare types in namespaces (https://learn.microsoft.com/dotnet/fundamentals/code-analysis/quality-rules/ca1050) [C:\Projects\Hazina\src\Core\Agents\Hazina.Generator\Hazina.Generator.csproj::TargetFramework=net10.0]
C:\Projects\Hazina\src\Core\Agents\Hazina.Generator\Models\UpdateStoreResponse.cs(3,14): warning MA0047: Declare type 'UpdateStoreResponse' in a namespace (https://github.com/meziantou/Meziantou.Analyzer/blob/main/docs/Rules/MA0047.md) [C:\Projects\Hazina\src\Core\Agents\Hazina.Generator\Hazina.Generator.csproj::TargetFramework=net10.0]
C:\Projects\Hazina\src\Core\Agents\Hazina.Generator\Models\UpdateStoreResponse.cs(5,12): warning MA0016: Prefer using collection abstraction instead of implementation (https://github.com/meziantou/Meziantou.Analyzer/blob/main/docs/Rules/MA0016.md) [C:\Projects\Hazina\src\Core\Agents\Hazina.Generator\Hazina.Generator.csproj::TargetFramework=net10.0]
C:\Projects\Hazina\src\Core\Agents\Hazina.Generator\Core\DocumentGenerator.cs(189,9): warning SA1000: The keyword 'if' should be followed by a space (https://github.com/DotNetAnalyzers/StyleCopAnalyzers/blob/master/documentation/SA1000.md) [C:\Projects\Hazina\src\Core\Agents\Hazina.Generator\Hazina.Generator.csproj::TargetFramework=net10.0]
C:\Projects\Hazina\src\Core\Agents\Hazina.Generator\Core\DocumentGenerator.cs(200,13): warning SA1000: The keyword 'foreach' should be followed by a space (https://github.com/DotNetAnalyzers/StyleCopAnalyzers/blob/master/documentation/SA1000.md) [C:\Projects\Hazina\src\Core\Agents\Hazina.Generator\Hazina.Generator.csproj::TargetFramework=net10.0]
C:\Projects\Hazina\src\Core\Agents\Hazina.Generator\Core\DocumentGenerator.cs(218,9): warning SA1000: The keyword 'if' should be followed by a space (https://github.com/DotNetAnalyzers/StyleCopAnalyzers/blob/master/documentation/SA1000.md) [C:\Projects\Hazina\src\Core\Agents\Hazina.Generator\Hazina.Generator.csproj::TargetFramework=net10.0]
C:\Projects\Hazina\src\Core\Agents\Hazina.Generator\Models\StoreSafetyPolicy.cs(6,14): warning S3903: Move 'StoreSafetyPolicy' into a named namespace. (https://rules.sonarsource.com/csharp/RSPEC-3903) [C:\Projects\Hazina\src\Core\Agents\Hazina.Generator\Hazina.Generator.csproj::TargetFramework=net10.0]
C:\Projects\Hazina\src\Core\Agents\Hazina.Generator\Models\UpdateStoreResponse.cs(7,41): warning CA2227: Change 'Modifications' to be read-only by removing the property setter (https://learn.microsoft.com/dotnet/fundamentals/code-analysis/quality-rules/ca2227) [C:\Projects\Hazina\src\Core\Agents\Hazina.Generator\Hazina.Generator.csproj::TargetFramework=net10.0]
C:\Projects\Hazina\src\Core\Agents\Hazina.Generator\Models\UpdateStoreResponse.cs(7,41): warning CA1002: Change 'List<ModifyDocumentRequest>' in 'UpdateStoreResponse.Modifications' to use 'Collection<T>', 'ReadOnlyCollection<T>' or 'KeyedCollection<K,V>' (https://learn.microsoft.com/dotnet/fundamentals/code-analysis/quality-rules/ca1002) [C:\Projects\Hazina\src\Core\Agents\Hazina.Generator\Hazina.Generator.csproj::TargetFramework=net10.0]
C:\Projects\Hazina\src\Core\Agents\Hazina.Generator\Models\UpdateStoreResponse.cs(7,12): warning MA0016: Prefer using collection abstraction instead of implementation (https://github.com/meziantou/Meziantou.Analyzer/blob/main/docs/Rules/MA0016.md) [C:\Projects\Hazina\src\Core\Agents\Hazina.Generator\Hazina.Generator.csproj::TargetFramework=net10.0]
C:\Projects\Hazina\src\Core\Agents\Hazina.Generator\Models\UpdateStoreResponse.cs(6,41): warning CA2227: Change 'Deletions' to be read-only by removing the property setter (https://learn.microsoft.com/dotnet/fundamentals/code-analysis/quality-rules/ca2227) [C:\Projects\Hazina\src\Core\Agents\Hazina.Generator\Hazina.Generator.csproj::TargetFramework=net10.0]
C:\Projects\Hazina\src\Core\Agents\Hazina.Generator\Models\StoreSafetyPolicy.cs(1,1): warning SA1514: Element documentation header should be preceded by blank line (https://github.com/DotNetAnalyzers/StyleCopAnalyzers/blob/master/documentation/SA1514.md) [C:\Projects\Hazina\src\Core\Agents\Hazina.Generator\Hazina.Generator.csproj::TargetFramework=net10.0]
C:\Projects\Hazina\src\Core\Agents\Hazina.Generator\Models\UpdateStoreResponse.cs(6,41): warning CA1002: Change 'List<DeleteDocumentRequest>' in 'UpdateStoreResponse.Deletions' to use 'Collection<T>', 'ReadOnlyCollection<T>' or 'KeyedCollection<K,V>' (https://learn.microsoft.com/dotnet/fundamentals/code-analysis/quality-rules/ca1002) [C:\Projects\Hazina\src\Core\Agents\Hazina.Generator\Hazina.Generator.csproj::TargetFramework=net10.0]
C:\Projects\Hazina\src\Core\Agents\Hazina.Generator\Models\StoreSafetyPolicyViolationException.cs(4,14): warning MA0047: Declare type 'StoreSafetyPolicyViolationException' in a namespace (https://github.com/meziantou/Meziantou.Analyzer/blob/main/docs/Rules/MA0047.md) [C:\Projects\Hazina\src\Core\Agents\Hazina.Generator\Hazina.Generator.csproj::TargetFramework=net10.0]
C:\Projects\Hazina\src\Core\Agents\Hazina.Generator\Models\UpdateStoreResponse.cs(6,12): warning MA0016: Prefer using collection abstraction instead of implementation (https://github.com/meziantou/Meziantou.Analyzer/blob/main/docs/Rules/MA0016.md) [C:\Projects\Hazina\src\Core\Agents\Hazina.Generator\Hazina.Generator.csproj::TargetFramework=net10.0]
C:\Projects\Hazina\src\Core\Agents\Hazina.Generator\Models\UpdateStoreResponse.cs(3,14): warning S3903: Move 'UpdateStoreResponse' into a named namespace. (https://rules.sonarsource.com/csharp/RSPEC-3903) [C:\Projects\Hazina\src\Core\Agents\Hazina.Generator\Hazina.Generator.csproj::TargetFramework=net10.0]
C:\Projects\Hazina\src\Core\Agents\Hazina.Generator\Models\StoreSafetyPolicyViolationException.cs(4,14): warning S3903: Move 'StoreSafetyPolicyViolationException' into a named namespace. (https://rules.sonarsource.com/csharp/RSPEC-3903) [C:\Projects\Hazina\src\Core\Agents\Hazina.Generator\Hazina.Generator.csproj::TargetFramework=net10.0]
C:\Projects\Hazina\src\Core\Agents\Hazina.Generator\Core\DocumentGenerator.cs(18,5): warning SA1005: Single line comment should begin with a space (https://github.com/DotNetAnalyzers/StyleCopAnalyzers/blob/master/documentation/SA1005.md) [C:\Projects\Hazina\src\Core\Agents\Hazina.Generator\Hazina.Generator.csproj::TargetFramework=net10.0]
C:\Projects\Hazina\src\Core\Agents\Hazina.Generator\Core\DocumentGenerator.cs(19,5): warning SA1005: Single line comment should begin with a space (https://github.com/DotNetAnalyzers/StyleCopAnalyzers/blob/master/documentation/SA1005.md) [C:\Projects\Hazina\src\Core\Agents\Hazina.Generator\Hazina.Generator.csproj::TargetFramework=net10.0]
C:\Projects\Hazina\src\Core\Agents\Hazina.Generator\Core\DocumentGenerator.cs(44,9): warning SA1005: Single line comment should begin with a space (https://github.com/DotNetAnalyzers/StyleCopAnalyzers/blob/master/documentation/SA1005.md) [C:\Projects\Hazina\src\Core\Agents\Hazina.Generator\Hazina.Generator.csproj::TargetFramework=net10.0]
C:\Projects\Hazina\src\Core\Agents\Hazina.Generator\Core\DocumentGenerator.cs(45,9): warning SA1005: Single line comment should begin with a space (https://github.com/DotNetAnalyzers/StyleCopAnalyzers/blob/master/documentation/SA1005.md) [C:\Projects\Hazina\src\Core\Agents\Hazina.Generator\Hazina.Generator.csproj::TargetFramework=net10.0]
C:\Projects\Hazina\src\Core\Agents\Hazina.Generator\Core\DocumentGenerator.cs(56,9): warning SA1005: Single line comment should begin with a space (https://github.com/DotNetAnalyzers/StyleCopAnalyzers/blob/master/documentation/SA1005.md) [C:\Projects\Hazina\src\Core\Agents\Hazina.Generator\Hazina.Generator.csproj::TargetFramework=net10.0]
C:\Projects\Hazina\src\Core\Agents\Hazina.Generator\Core\DocumentGenerator.cs(57,9): warning SA1005: Single line comment should begin with a space (https://github.com/DotNetAnalyzers/StyleCopAnalyzers/blob/master/documentation/SA1005.md) [C:\Projects\Hazina\src\Core\Agents\Hazina.Generator\Hazina.Generator.csproj::TargetFramework=net10.0]
C:\Projects\Hazina\src\Core\Agents\Hazina.Generator\Core\DocumentGenerator.cs(58,9): warning SA1005: Single line comment should begin with a space (https://github.com/DotNetAnalyzers/StyleCopAnalyzers/blob/master/documentation/SA1005.md) [C:\Projects\Hazina\src\Core\Agents\Hazina.Generator\Hazina.Generator.csproj::TargetFramework=net10.0]
C:\Projects\Hazina\src\Core\Agents\Hazina.Generator\Models\UpdateStoreResponse.cs(6,1): warning SA1516: Elements should be separated by blank line (https://github.com/DotNetAnalyzers/StyleCopAnalyzers/blob/master/documentation/SA1516.md) [C:\Projects\Hazina\src\Core\Agents\Hazina.Generator\Hazina.Generator.csproj::TargetFramework=net10.0]
C:\Projects\Hazina\src\Core\Agents\Hazina.Generator\Models\UpdateStoreResponse.cs(7,1): warning SA1516: Elements should be separated by blank line (https://github.com/DotNetAnalyzers/StyleCopAnalyzers/blob/master/documentation/SA1516.md) [C:\Projects\Hazina\src\Core\Agents\Hazina.Generator\Hazina.Generator.csproj::TargetFramework=net10.0]
C:\Projects\Hazina\src\Core\Agents\Hazina.Generator\Models\UpdateStoreResponse.cs(8,1): warning SA1516: Elements should be separated by blank line (https://github.com/DotNetAnalyzers/StyleCopAnalyzers/blob/master/documentation/SA1516.md) [C:\Projects\Hazina\src\Core\Agents\Hazina.Generator\Hazina.Generator.csproj::TargetFramework=net10.0]
C:\Projects\Hazina\src\Core\Agents\Hazina.Generator\Models\UpdateStoreResponse.cs(8,51): warning SA1122: Use string.Empty for empty strings (https://github.com/DotNetAnalyzers/StyleCopAnalyzers/blob/master/documentation/SA1122.md) [C:\Projects\Hazina\src\Core\Agents\Hazina.Generator\Hazina.Generator.csproj::TargetFramework=net10.0]
C:\Projects\Hazina\src\Core\Agents\Hazina.Generator\Core\DocumentGenerator.cs(113,9): warning SA1005: Single line comment should begin with a space (https://github.com/DotNetAnalyzers/StyleCopAnalyzers/blob/master/documentation/SA1005.md) [C:\Projects\Hazina\src\Core\Agents\Hazina.Generator\Hazina.Generator.csproj::TargetFramework=net10.0]
C:\Projects\Hazina\src\Core\Agents\Hazina.Generator\Core\DocumentGenerator.cs(133,9): warning SA1005: Single line comment should begin with a space (https://github.com/DotNetAnalyzers/StyleCopAnalyzers/blob/master/documentation/SA1005.md) [C:\Projects\Hazina\src\Core\Agents\Hazina.Generator\Hazina.Generator.csproj::TargetFramework=net10.0]
C:\Projects\Hazina\src\Core\Agents\Hazina.Generator\Core\DocumentGenerator.cs(134,9): warning SA1005: Single line comment should begin with a space (https://github.com/DotNetAnalyzers/StyleCopAnalyzers/blob/master/documentation/SA1005.md) [C:\Projects\Hazina\src\Core\Agents\Hazina.Generator\Hazina.Generator.csproj::TargetFramework=net10.0]
C:\Projects\Hazina\src\Core\Agents\Hazina.Generator\Models\StoreSafetyPolicyViolationException.cs(1,1): warning SA1514: Element documentation header should be preceded by blank line (https://github.com/DotNetAnalyzers/StyleCopAnalyzers/blob/master/documentation/SA1514.md) [C:\Projects\Hazina\src\Core\Agents\Hazina.Generator\Hazina.Generator.csproj::TargetFramework=net10.0]
C:\Projects\Hazina\src\Core\Agents\Hazina.Generator\Core\DocumentGenerator.cs(17,36): warning CA2227: Change 'ReadonlyStores' to be read-only by removing the property setter (https://learn.microsoft.com/dotnet/fundamentals/code-analysis/quality-rules/ca2227) [C:\Projects\Hazina\src\Core\Agents\Hazina.Generator\Hazina.Generator.csproj::TargetFramework=net10.0]
C:\Projects\Hazina\src\Core\Agents\Hazina.Generator\Core\DocumentGenerator.cs(17,36): warning CA1002: Change 'List<IDocumentStore>' in 'DocumentGenerator.ReadonlyStores' to use 'Collection<T>', 'ReadOnlyCollection<T>' or 'KeyedCollection<K,V>' (https://learn.microsoft.com/dotnet/fundamentals/code-analysis/quality-rules/ca1002) [C:\Projects\Hazina\src\Core\Agents\Hazina.Generator\Hazina.Generator.csproj::TargetFramework=net10.0]
C:\Projects\Hazina\src\Core\Agents\Hazina.Generator\Core\DocumentGenerator.cs(17,15): warning MA0016: Prefer using collection abstraction instead of implementation (https://github.com/meziantou/Meziantou.Analyzer/blob/main/docs/Rules/MA0016.md) [C:\Projects\Hazina\src\Core\Agents\Hazina.Generator\Hazina.Generator.csproj::TargetFramework=net10.0]
C:\Projects\Hazina\src\Core\Agents\Hazina.Generator\Core\DocumentGenerator.cs(14,14): warning CA1050: Declare types in namespaces (https://learn.microsoft.com/dotnet/fundamentals/code-analysis/quality-rules/ca1050) [C:\Projects\Hazina\src\Core\Agents\Hazina.Generator\Hazina.Generator.csproj::TargetFramework=net10.0]
C:\Projects\Hazina\src\Core\Agents\Hazina.Generator\Core\DocumentGenerator.cs(14,14): warning MA0047: Declare type 'DocumentGenerator' in a namespace (https://github.com/meziantou/Meziantou.Analyzer/blob/main/docs/Rules/MA0047.md) [C:\Projects\Hazina\src\Core\Agents\Hazina.Generator\Hazina.Generator.csproj::TargetFramework=net10.0]
C:\Projects\Hazina\src\Core\Agents\Hazina.Generator\Interfaces\IDocumentGenerator.cs(5,31): warning CA1068: Method 'IDocumentGenerator.GetResponse(string, System.Threading.CancellationToken, System.Collections.Generic.IEnumerable<HazinaChatMessage>?, bool, bool, Hazina.LLMs.IToolsContext, System.Collections.Generic.List<ImageData>)' should take CancellationToken as the last parameter (https://learn.microsoft.com/dotnet/fundamentals/code-analysis/quality-rules/ca1068) [C:\Projects\Hazina\src\Core\Agents\Hazina.Generator\Hazina.Generator.csproj::TargetFramework=net10.0]
C:\Projects\Hazina\src\Core\Agents\Hazina.Generator\Interfaces\IDocumentGenerator.cs(5,215): warning CA1002: Change 'List<ImageData>' in 'IDocumentGenerator.GetResponse(string, CancellationToken, IEnumerable<HazinaChatMessage>, bool, bool, IToolsContext, List<ImageData>)' to use 'Collection<T>', 'ReadOnlyCollection<T>' or 'KeyedCollection<K,V>' (https://learn.microsoft.com/dotnet/fundamentals/code-analysis/quality-rules/ca1002) [C:\Projects\Hazina\src\Core\Agents\Hazina.Generator\Hazina.Generator.csproj::TargetFramework=net10.0]
C:\Projects\Hazina\src\Core\Agents\Hazina.Generator\Interfaces\IDocumentGenerator.cs(5,199): warning MA0016: Prefer using collection abstraction instead of implementation (https://github.com/meziantou/Meziantou.Analyzer/blob/main/docs/Rules/MA0016.md) [C:\Projects\Hazina\src\Core\Agents\Hazina.Generator\Hazina.Generator.csproj::TargetFramework=net10.0]
C:\Projects\Hazina\src\Core\Agents\Hazina.Generator\Core\DocumentGenerator.cs(28,30): warning SA1623: The property's documentation summary text should begin with: 'Gets or sets' (https://github.com/DotNetAnalyzers/StyleCopAnalyzers/blob/master/documentation/SA1623.md) [C:\Projects\Hazina\src\Core\Agents\Hazina.Generator\Hazina.Generator.csproj::TargetFramework=net10.0]
C:\Projects\Hazina\src\Core\Agents\Hazina.Generator\Interfaces\IDocumentGenerator.cs(6,31): warning CA1068: Method 'IDocumentGenerator.StreamResponse(string, System.Threading.CancellationToken, System.Action<string>, System.Collections.Generic.IEnumerable<HazinaChatMessage>?, bool, bool, Hazina.LLMs.IToolsContext, System.Collections.Generic.List<ImageData>)' should take CancellationToken as the last parameter (https://learn.microsoft.com/dotnet/fundamentals/code-analysis/quality-rules/ca1068) [C:\Projects\Hazina\src\Core\Agents\Hazina.Generator\Hazina.Generator.csproj::TargetFramework=net10.0]
C:\Projects\Hazina\src\Core\Agents\Hazina.Generator\Interfaces\IDocumentGenerator.cs(6,250): warning CA1002: Change 'List<ImageData>' in 'IDocumentGenerator.StreamResponse(string, CancellationToken, Action<string>, IEnumerable<HazinaChatMessage>, bool, bool, IToolsContext, List<ImageData>)' to use 'Collection<T>', 'ReadOnlyCollection<T>' or 'KeyedCollection<K,V>' (https://learn.microsoft.com/dotnet/fundamentals/code-analysis/quality-rules/ca1002) [C:\Projects\Hazina\src\Core\Agents\Hazina.Generator\Hazina.Generator.csproj::TargetFramework=net10.0]
C:\Projects\Hazina\src\Core\Agents\Hazina.Generator\Interfaces\IDocumentGenerator.cs(6,234): warning MA0016: Prefer using collection abstraction instead of implementation (https://github.com/meziantou/Meziantou.Analyzer/blob/main/docs/Rules/MA0016.md) [C:\Projects\Hazina\src\Core\Agents\Hazina.Generator\Hazina.Generator.csproj::TargetFramework=net10.0]
C:\Projects\Hazina\src\Core\Agents\Hazina.Generator\Interfaces\IDocumentGenerator.cs(7,38): warning CA1068: Method 'IDocumentGenerator.GetResponse<ResponseType>(string, System.Threading.CancellationToken, System.Collections.Generic.IEnumerable<HazinaChatMessage>?, bool, bool, Hazina.LLMs.IToolsContext, System.Collections.Generic.List<ImageData>)' should take CancellationToken as the last parameter (https://learn.microsoft.com/dotnet/fundamentals/code-analysis/quality-rules/ca1068) [C:\Projects\Hazina\src\Core\Agents\Hazina.Generator\Hazina.Generator.csproj::TargetFramework=net10.0]
C:\Projects\Hazina\src\Core\Agents\Hazina.Generator\Interfaces\IDocumentGenerator.cs(7,236): warning CA1002: Change 'List<ImageData>' in 'IDocumentGenerator.GetResponse<ResponseType>(string, CancellationToken, IEnumerable<HazinaChatMessage>, bool, bool, IToolsContext, List<ImageData>)' to use 'Collection<T>', 'ReadOnlyCollection<T>' or 'KeyedCollection<K,V>' (https://learn.microsoft.com/dotnet/fundamentals/code-analysis/quality-rules/ca1002) [C:\Projects\Hazina\src\Core\Agents\Hazina.Generator\Hazina.Generator.csproj::TargetFramework=net10.0]
C:\Projects\Hazina\src\Core\Agents\Hazina.Generator\Interfaces\IDocumentGenerator.cs(7,50): warning CA1715: Prefix generic type parameter name ResponseType with 'T' (https://learn.microsoft.com/dotnet/fundamentals/code-analysis/quality-rules/ca1715) [C:\Projects\Hazina\src\Core\Agents\Hazina.Generator\Hazina.Generator.csproj::TargetFramework=net10.0]
C:\Projects\Hazina\src\Core\Agents\Hazina.Generator\Interfaces\IDocumentGenerator.cs(7,220): warning MA0016: Prefer using collection abstraction instead of implementation (https://github.com/meziantou/Meziantou.Analyzer/blob/main/docs/Rules/MA0016.md) [C:\Projects\Hazina\src\Core\Agents\Hazina.Generator\Hazina.Generator.csproj::TargetFramework=net10.0]
C:\Projects\Hazina\src\Core\Agents\Hazina.Generator\Core\DocumentGenerator.cs(14,14): warning S3903: Move 'DocumentGenerator' into a named namespace. (https://rules.sonarsource.com/csharp/RSPEC-3903) [C:\Projects\Hazina\src\Core\Agents\Hazina.Generator\Hazina.Generator.csproj::TargetFramework=net10.0]
C:\Projects\Hazina\src\Core\Agents\Hazina.Generator\Interfaces\IDocumentGenerator.cs(9,31): warning CA1068: Method 'IDocumentGenerator.UpdateStore(string, System.Threading.CancellationToken, System.Collections.Generic.IEnumerable<HazinaChatMessage>?, bool, bool, Hazina.LLMs.IToolsContext, System.Collections.Generic.List<ImageData>)' should take CancellationToken as the last parameter (https://learn.microsoft.com/dotnet/fundamentals/code-analysis/quality-rules/ca1068) [C:\Projects\Hazina\src\Core\Agents\Hazina.Generator\Hazina.Generator.csproj::TargetFramework=net10.0]
C:\Projects\Hazina\src\Core\Agents\Hazina.Generator\Interfaces\IDocumentGenerator.cs(10,31): warning CA1068: Method 'IDocumentGenerator.StreamUpdateStore(string, System.Threading.CancellationToken, System.Action<string>, System.Collections.Generic.IEnumerable<HazinaChatMessage>?, bool, bool, Hazina.LLMs.IToolsContext, System.Collections.Generic.List<ImageData>)' should take CancellationToken as the last parameter (https://learn.microsoft.com/dotnet/fundamentals/code-analysis/quality-rules/ca1068) [C:\Projects\Hazina\src\Core\Agents\Hazina.Generator\Hazina.Generator.csproj::TargetFramework=net10.0]
C:\Projects\Hazina\src\Core\Agents\Hazina.Generator\Interfaces\IDocumentGenerator.cs(9,215): warning CA1002: Change 'List<ImageData>' in 'IDocumentGenerator.UpdateStore(string, CancellationToken, IEnumerable<HazinaChatMessage>, bool, bool, IToolsContext, List<ImageData>)' to use 'Collection<T>', 'ReadOnlyCollection<T>' or 'KeyedCollection<K,V>' (https://learn.microsoft.com/dotnet/fundamentals/code-analysis/quality-rules/ca1002) [C:\Projects\Hazina\src\Core\Agents\Hazina.Generator\Hazina.Generator.csproj::TargetFramework=net10.0]
C:\Projects\Hazina\src\Core\Agents\Hazina.Generator\Interfaces\IDocumentGenerator.cs(10,253): warning CA1002: Change 'List<ImageData>' in 'IDocumentGenerator.StreamUpdateStore(string, CancellationToken, Action<string>, IEnumerable<HazinaChatMessage>, bool, bool, IToolsContext, List<ImageData>)' to use 'Collection<T>', 'ReadOnlyCollection<T>' or 'KeyedCollection<K,V>' (https://learn.microsoft.com/dotnet/fundamentals/code-analysis/quality-rules/ca1002) [C:\Projects\Hazina\src\Core\Agents\Hazina.Generator\Hazina.Generator.csproj::TargetFramework=net10.0]
C:\Projects\Hazina\src\Core\Agents\Hazina.Generator\Core\DocumentGenerator.cs(61,44): warning S4136: All 'GetResponse' method overloads should be adjacent. (https://rules.sonarsource.com/csharp/RSPEC-4136) [C:\Projects\Hazina\src\Core\Agents\Hazina.Generator\Hazina.Generator.csproj::TargetFramework=net10.0]
C:\Projects\Hazina\src\Core\Agents\Hazina.Generator\Core\DocumentGenerator.cs(73,44): warning S4136: All 'StreamResponse' method overloads should be adjacent. (https://rules.sonarsource.com/csharp/RSPEC-4136) [C:\Projects\Hazina\src\Core\Agents\Hazina.Generator\Hazina.Generator.csproj::TargetFramework=net10.0]
C:\Projects\Hazina\src\Core\Agents\Hazina.Generator\Interfaces\IDocumentGenerator.cs(10,237): warning MA0016: Prefer using collection abstraction instead of implementation (https://github.com/meziantou/Meziantou.Analyzer/blob/main/docs/Rules/MA0016.md) [C:\Projects\Hazina\src\Core\Agents\Hazina.Generator\Hazina.Generator.csproj::TargetFramework=net10.0]
C:\Projects\Hazina\src\Core\Agents\Hazina.Generator\Interfaces\IDocumentGenerator.cs(9,199): warning MA0016: Prefer using collection abstraction instead of implementation (https://github.com/meziantou/Meziantou.Analyzer/blob/main/docs/Rules/MA0016.md) [C:\Projects\Hazina\src\Core\Agents\Hazina.Generator\Hazina.Generator.csproj::TargetFramework=net10.0]
C:\Projects\Hazina\src\Core\Agents\Hazina.Generator\Interfaces\IDocumentGenerator.cs(8,38): warning CA1068: Method 'IDocumentGenerator.StreamResponse<ResponseType>(string, System.Threading.CancellationToken, System.Action<string>, System.Collections.Generic.IEnumerable<HazinaChatMessage>?, bool, bool, Hazina.LLMs.IToolsContext, System.Collections.Generic.List<ImageData>)' should take CancellationToken as the last parameter (https://learn.microsoft.com/dotnet/fundamentals/code-analysis/quality-rules/ca1068) [C:\Projects\Hazina\src\Core\Agents\Hazina.Generator\Hazina.Generator.csproj::TargetFramework=net10.0]
C:\Projects\Hazina\src\Core\Agents\Hazina.Generator\Interfaces\IDocumentGenerator.cs(7,50): warning SA1314: Type parameter names should begin with T (https://github.com/DotNetAnalyzers/StyleCopAnalyzers/blob/master/documentation/SA1314.md) [C:\Projects\Hazina\src\Core\Agents\Hazina.Generator\Hazina.Generator.csproj::TargetFramework=net10.0]
C:\Projects\Hazina\src\Core\Agents\Hazina.Generator\Interfaces\IDocumentGenerator.cs(8,271): warning CA1002: Change 'List<ImageData>' in 'IDocumentGenerator.StreamResponse<ResponseType>(string, CancellationToken, Action<string>, IEnumerable<HazinaChatMessage>, bool, bool, IToolsContext, List<ImageData>)' to use 'Collection<T>', 'ReadOnlyCollection<T>' or 'KeyedCollection<K,V>' (https://learn.microsoft.com/dotnet/fundamentals/code-analysis/quality-rules/ca1002) [C:\Projects\Hazina\src\Core\Agents\Hazina.Generator\Hazina.Generator.csproj::TargetFramework=net10.0]
C:\Projects\Hazina\src\Core\Agents\Hazina.Generator\Interfaces\IDocumentGenerator.cs(8,53): warning CA1715: Prefix generic type parameter name ResponseType with 'T' (https://learn.microsoft.com/dotnet/fundamentals/code-analysis/quality-rules/ca1715) [C:\Projects\Hazina\src\Core\Agents\Hazina.Generator\Hazina.Generator.csproj::TargetFramework=net10.0]
C:\Projects\Hazina\src\Core\Agents\Hazina.Generator\Interfaces\IDocumentGenerator.cs(8,255): warning MA0016: Prefer using collection abstraction instead of implementation (https://github.com/meziantou/Meziantou.Analyzer/blob/main/docs/Rules/MA0016.md) [C:\Projects\Hazina\src\Core\Agents\Hazina.Generator\Hazina.Generator.csproj::TargetFramework=net10.0]
C:\Projects\Hazina\src\Core\Agents\Hazina.Generator\Interfaces\IDocumentGenerator.cs(7,244): warning SA1127: Generic type constraints should be on their own line (https://github.com/DotNetAnalyzers/StyleCopAnalyzers/blob/master/documentation/SA1127.md) [C:\Projects\Hazina\src\Core\Agents\Hazina.Generator\Hazina.Generator.csproj::TargetFramework=net10.0]
C:\Projects\Hazina\src\Core\Agents\Hazina.Generator\Interfaces\IDocumentGenerator.cs(8,53): warning SA1314: Type parameter names should begin with T (https://github.com/DotNetAnalyzers/StyleCopAnalyzers/blob/master/documentation/SA1314.md) [C:\Projects\Hazina\src\Core\Agents\Hazina.Generator\Hazina.Generator.csproj::TargetFramework=net10.0]
C:\Projects\Hazina\src\Core\Agents\Hazina.Generator\Interfaces\IDocumentGenerator.cs(8,279): warning SA1127: Generic type constraints should be on their own line (https://github.com/DotNetAnalyzers/StyleCopAnalyzers/blob/master/documentation/SA1127.md) [C:\Projects\Hazina\src\Core\Agents\Hazina.Generator\Hazina.Generator.csproj::TargetFramework=net10.0]
C:\Projects\Hazina\src\Core\Agents\Hazina.Generator\Core\DocumentGenerator.cs(17,1): warning SA1516: Elements should be separated by blank line (https://github.com/DotNetAnalyzers/StyleCopAnalyzers/blob/master/documentation/SA1516.md) [C:\Projects\Hazina\src\Core\Agents\Hazina.Generator\Hazina.Generator.csproj::TargetFramework=net10.0]
C:\Projects\Hazina\src\Core\Agents\Hazina.Generator\Core\DocumentGenerator.cs(18,1): warning SA1516: Elements should be separated by blank line (https://github.com/DotNetAnalyzers/StyleCopAnalyzers/blob/master/documentation/SA1516.md) [C:\Projects\Hazina\src\Core\Agents\Hazina.Generator\Hazina.Generator.csproj::TargetFramework=net10.0]
C:\Projects\Hazina\src\Core\Agents\Hazina.Generator\Core\DocumentGenerator.cs(21,1): warning SA1516: Elements should be separated by blank line (https://github.com/DotNetAnalyzers/StyleCopAnalyzers/blob/master/documentation/SA1516.md) [C:\Projects\Hazina\src\Core\Agents\Hazina.Generator\Hazina.Generator.csproj::TargetFramework=net10.0]
C:\Projects\Hazina\src\Core\Agents\Hazina.Generator\Core\DocumentGenerator.cs(22,1): warning SA1516: Elements should be separated by blank line (https://github.com/DotNetAnalyzers/StyleCopAnalyzers/blob/master/documentation/SA1516.md) [C:\Projects\Hazina\src\Core\Agents\Hazina.Generator\Hazina.Generator.csproj::TargetFramework=net10.0]
C:\Projects\Hazina\src\Core\Agents\Hazina.Generator\Core\DocumentGenerator.cs(189,22): warning SA1025: Code should not contain multiple whitespace characters in a row (https://github.com/DotNetAnalyzers/StyleCopAnalyzers/blob/master/documentation/SA1025.md) [C:\Projects\Hazina\src\Core\Agents\Hazina.Generator\Hazina.Generator.csproj::TargetFramework=net10.0]
C:\Projects\Hazina\src\Core\Agents\Hazina.Generator\Models\StoreSafetyPolicyViolationException.cs(6,64): warning SA1128: Put constructor initializers on their own line (https://github.com/DotNetAnalyzers/StyleCopAnalyzers/blob/master/documentation/SA1128.md) [C:\Projects\Hazina\src\Core\Agents\Hazina.Generator\Hazina.Generator.csproj::TargetFramework=net10.0]
C:\Projects\Hazina\src\Core\Agents\Hazina.Generator\Core\DocumentGenerator.cs(218,28): warning SA1028: Code should not contain trailing whitespace (https://github.com/DotNetAnalyzers/StyleCopAnalyzers/blob/master/documentation/SA1028.md) [C:\Projects\Hazina\src\Core\Agents\Hazina.Generator\Hazina.Generator.csproj::TargetFramework=net10.0]
C:\Projects\Hazina\src\Core\Agents\Hazina.Generator\Core\Serializer.cs(1,1): warning S125: Remove this commented out code. (https://rules.sonarsource.com/csharp/RSPEC-125) [C:\Projects\Hazina\src\Core\Agents\Hazina.Generator\Hazina.Generator.csproj::TargetFramework=net10.0]
C:\Projects\Hazina\src\Core\Agents\Hazina.Generator\Core\Serializer.cs(1,1): warning SA1633: The file header XML is invalid. (https://github.com/DotNetAnalyzers/StyleCopAnalyzers/blob/master/documentation/SA1633.md) [C:\Projects\Hazina\src\Core\Agents\Hazina.Generator\Hazina.Generator.csproj::TargetFramework=net10.0]
C:\Projects\Hazina\src\Core\Agents\Hazina.Generator\Core\DocumentGenerator.cs(32,270): warning CA1002: Change 'List<ImageData>' in 'DocumentGenerator.GetImage(string, CancellationToken, [IEnumerable<HazinaChatMessage>], [bool], [bool], [IToolsContext], [List<ImageData>])' to use 'Collection<T>', 'ReadOnlyCollection<T>' or 'KeyedCollection<K,V>' (https://learn.microsoft.com/dotnet/fundamentals/code-analysis/quality-rules/ca1002) [C:\Projects\Hazina\src\Core\Agents\Hazina.Generator\Hazina.Generator.csproj::TargetFramework=net10.0]
C:\Projects\Hazina\src\Core\Agents\Hazina.Generator\Core\DocumentGenerator.cs(32,253): warning MA0016: Prefer using collection abstraction instead of implementation (https://github.com/meziantou/Meziantou.Analyzer/blob/main/docs/Rules/MA0016.md) [C:\Projects\Hazina\src\Core\Agents\Hazina.Generator\Hazina.Generator.csproj::TargetFramework=net10.0]
C:\Projects\Hazina\src\Core\Agents\Hazina.Generator\Core\Serializer.cs(1,1): warning SA1005: Single line comment should begin with a space (https://github.com/DotNetAnalyzers/StyleCopAnalyzers/blob/master/documentation/SA1005.md) [C:\Projects\Hazina\src\Core\Agents\Hazina.Generator\Hazina.Generator.csproj::TargetFramework=net10.0]
C:\Projects\Hazina\src\Core\Agents\Hazina.Generator\Core\Serializer.cs(2,1): warning SA1005: Single line comment should begin with a space (https://github.com/DotNetAnalyzers/StyleCopAnalyzers/blob/master/documentation/SA1005.md) [C:\Projects\Hazina\src\Core\Agents\Hazina.Generator\Hazina.Generator.csproj::TargetFramework=net10.0]
C:\Projects\Hazina\src\Core\Agents\Hazina.Generator\Core\Serializer.cs(4,1): warning SA1005: Single line comment should begin with a space (https://github.com/DotNetAnalyzers/StyleCopAnalyzers/blob/master/documentation/SA1005.md) [C:\Projects\Hazina\src\Core\Agents\Hazina.Generator\Hazina.Generator.csproj::TargetFramework=net10.0]
C:\Projects\Hazina\src\Core\Agents\Hazina.Generator\Core\Serializer.cs(5,1): warning SA1005: Single line comment should begin with a space (https://github.com/DotNetAnalyzers/StyleCopAnalyzers/blob/master/documentation/SA1005.md) [C:\Projects\Hazina\src\Core\Agents\Hazina.Generator\Hazina.Generator.csproj::TargetFramework=net10.0]
C:\Projects\Hazina\src\Core\Agents\Hazina.Generator\Core\Serializer.cs(22,1): warning SA1005: Single line comment should begin with a space (https://github.com/DotNetAnalyzers/StyleCopAnalyzers/blob/master/documentation/SA1005.md) [C:\Projects\Hazina\src\Core\Agents\Hazina.Generator\Hazina.Generator.csproj::TargetFramework=net10.0]
C:\Projects\Hazina\src\Core\Agents\Hazina.Generator\Core\Serializer.cs(32,1): warning SA1005: Single line comment should begin with a space (https://github.com/DotNetAnalyzers/StyleCopAnalyzers/blob/master/documentation/SA1005.md) [C:\Projects\Hazina\src\Core\Agents\Hazina.Generator\Hazina.Generator.csproj::TargetFramework=net10.0]
C:\Projects\Hazina\src\Core\Agents\Hazina.Generator\Core\Serializer.cs(40,1): warning SA1005: Single line comment should begin with a space (https://github.com/DotNetAnalyzers/StyleCopAnalyzers/blob/master/documentation/SA1005.md) [C:\Projects\Hazina\src\Core\Agents\Hazina.Generator\Hazina.Generator.csproj::TargetFramework=net10.0]
C:\Projects\Hazina\src\Core\Agents\Hazina.Generator\Core\Serializer.cs(57,1): warning SA1005: Single line comment should begin with a space (https://github.com/DotNetAnalyzers/StyleCopAnalyzers/blob/master/documentation/SA1005.md) [C:\Projects\Hazina\src\Core\Agents\Hazina.Generator\Hazina.Generator.csproj::TargetFramework=net10.0]
C:\Projects\Hazina\src\Core\Agents\Hazina.Generator\Core\Serializer.cs(78,1): warning SA1005: Single line comment should begin with a space (https://github.com/DotNetAnalyzers/StyleCopAnalyzers/blob/master/documentation/SA1005.md) [C:\Projects\Hazina\src\Core\Agents\Hazina.Generator\Hazina.Generator.csproj::TargetFramework=net10.0]
C:\Projects\Hazina\src\Core\Agents\Hazina.Generator\Core\Serializer.cs(44,29): warning SA1028: Code should not contain trailing whitespace (https://github.com/DotNetAnalyzers/StyleCopAnalyzers/blob/master/documentation/SA1028.md) [C:\Projects\Hazina\src\Core\Agents\Hazina.Generator\Hazina.Generator.csproj::TargetFramework=net10.0]
C:\Projects\Hazina\src\Core\Agents\Hazina.Generator\Core\Serializer.cs(45,49): warning SA1028: Code should not contain trailing whitespace (https://github.com/DotNetAnalyzers/StyleCopAnalyzers/blob/master/documentation/SA1028.md) [C:\Projects\Hazina\src\Core\Agents\Hazina.Generator\Hazina.Generator.csproj::TargetFramework=net10.0]
C:\Projects\Hazina\src\Core\Agents\Hazina.Generator\Core\Serializer.cs(63,56): warning SA1028: Code should not contain trailing whitespace (https://github.com/DotNetAnalyzers/StyleCopAnalyzers/blob/master/documentation/SA1028.md) [C:\Projects\Hazina\src\Core\Agents\Hazina.Generator\Hazina.Generator.csproj::TargetFramework=net10.0]
C:\Projects\Hazina\src\Core\Agents\Hazina.Generator\Core\Serializer.cs(64,28): warning SA1028: Code should not contain trailing whitespace (https://github.com/DotNetAnalyzers/StyleCopAnalyzers/blob/master/documentation/SA1028.md) [C:\Projects\Hazina\src\Core\Agents\Hazina.Generator\Hazina.Generator.csproj::TargetFramework=net10.0]
C:\Projects\Hazina\src\Core\Agents\Hazina.Generator\Interfaces\IDocumentGenerator.cs(1,1): warning SA1633: The file header is missing or not located at the top of the file. (https://github.com/DotNetAnalyzers/StyleCopAnalyzers/blob/master/documentation/SA1633.md) [C:\Projects\Hazina\src\Core\Agents\Hazina.Generator\Hazina.Generator.csproj::TargetFramework=net10.0]
C:\Projects\Hazina\src\Core\Agents\Hazina.Generator\Core\DocumentGenerator.cs(38,76): warning CA1002: Change 'List<HazinaChatMessage>' in 'DocumentGenerator.DocumentGenerator(IDocumentStore, List<HazinaChatMessage>, ILLMClient, List<IDocumentStore>)' to use 'Collection<T>', 'ReadOnlyCollection<T>' or 'KeyedCollection<K,V>' (https://learn.microsoft.com/dotnet/fundamentals/code-analysis/quality-rules/ca1002) [C:\Projects\Hazina\src\Core\Agents\Hazina.Generator\Hazina.Generator.csproj::TargetFramework=net10.0]
C:\Projects\Hazina\src\Core\Agents\Hazina.Generator\Models\StoreSafetyPolicy.cs(58,23): warning SA1503: Braces should not be omitted (https://github.com/DotNetAnalyzers/StyleCopAnalyzers/blob/master/documentation/SA1503.md) [C:\Projects\Hazina\src\Core\Agents\Hazina.Generator\Hazina.Generator.csproj::TargetFramework=net10.0]
C:\Projects\Hazina\src\Core\Agents\Hazina.Generator\Core\DocumentGenerator.cs(38,130): warning CA1002: Change 'List<IDocumentStore>' in 'DocumentGenerator.DocumentGenerator(IDocumentStore, List<HazinaChatMessage>, ILLMClient, List<IDocumentStore>)' to use 'Collection<T>', 'ReadOnlyCollection<T>' or 'KeyedCollection<K,V>' (https://learn.microsoft.com/dotnet/fundamentals/code-analysis/quality-rules/ca1002) [C:\Projects\Hazina\src\Core\Agents\Hazina.Generator\Hazina.Generator.csproj::TargetFramework=net10.0]
C:\Projects\Hazina\src\Core\Agents\Hazina.Generator\Core\DocumentGenerator.cs(49,76): warning CA1002: Change 'List<HazinaChatMessage>' in 'DocumentGenerator.DocumentGenerator(IDocumentStore, List<HazinaChatMessage>, ILLMClient, string, string, List<IDocumentStore>)' to use 'Collection<T>', 'ReadOnlyCollection<T>' or 'KeyedCollection<K,V>' (https://learn.microsoft.com/dotnet/fundamentals/code-analysis/quality-rules/ca1002) [C:\Projects\Hazina\src\Core\Agents\Hazina.Generator\Hazina.Generator.csproj::TargetFramework=net10.0]
C:\Projects\Hazina\src\Core\Agents\Hazina.Generator\Core\DocumentGenerator.cs(49,171): warning CA1002: Change 'List<IDocumentStore>' in 'DocumentGenerator.DocumentGenerator(IDocumentStore, List<HazinaChatMessage>, ILLMClient, string, string, List<IDocumentStore>)' to use 'Collection<T>', 'ReadOnlyCollection<T>' or 'KeyedCollection<K,V>' (https://learn.microsoft.com/dotnet/fundamentals/code-analysis/quality-rules/ca1002) [C:\Projects\Hazina\src\Core\Agents\Hazina.Generator\Hazina.Generator.csproj::TargetFramework=net10.0]
C:\Projects\Hazina\src\Core\Agents\Hazina.Generator\Core\DocumentGenerator.cs(49,52): warning MA0016: Prefer using collection abstraction instead of implementation (https://github.com/meziantou/Meziantou.Analyzer/blob/main/docs/Rules/MA0016.md) [C:\Projects\Hazina\src\Core\Agents\Hazina.Generator\Hazina.Generator.csproj::TargetFramework=net10.0]
C:\Projects\Hazina\src\Core\Agents\Hazina.Generator\Core\DocumentGenerator.cs(49,150): warning MA0016: Prefer using collection abstraction instead of implementation (https://github.com/meziantou/Meziantou.Analyzer/blob/main/docs/Rules/MA0016.md) [C:\Projects\Hazina\src\Core\Agents\Hazina.Generator\Hazina.Generator.csproj::TargetFramework=net10.0]
C:\Projects\Hazina\src\Core\Agents\Hazina.Generator\Core\DocumentGenerator.cs(61,63): warning CA1725: In member Task<LLMResponse<string>> DocumentGenerator.GetResponse(string message, CancellationToken cancel, IEnumerable<HazinaChatMessage>? history = null, bool addRelevantDocuments = true, bool addFilesList = true, IToolsContext? toolsContext = null, List<ImageData>? images = null), change parameter name message to query in order to match the identifier as it has been declared in Task<LLMResponse<string>> IDocumentGenerator.GetResponse(string query, CancellationToken cancel, IEnumerable<HazinaChatMessage>? messages, bool addRelevantDocuments, bool addFilesList, IToolsContext toolsContext, List<ImageData> images) (https://learn.microsoft.com/dotnet/fundamentals/code-analysis/quality-rules/ca1725) [C:\Projects\Hazina\src\Core\Agents\Hazina.Generator\Hazina.Generator.csproj::TargetFramework=net10.0]
C:\Projects\Hazina\src\Core\Agents\Hazina.Generator\Core\DocumentGenerator.cs(61,130): warning CA1725: In member Task<LLMResponse<string>> DocumentGenerator.GetResponse(string message, CancellationToken cancel, IEnumerable<HazinaChatMessage>? history = null, bool addRelevantDocuments = true, bool addFilesList = true, IToolsContext? toolsContext = null, List<ImageData>? images = null), change parameter name history to messages in order to match the identifier as it has been declared in Task<LLMResponse<string>> IDocumentGenerator.GetResponse(string query, CancellationToken cancel, IEnumerable<HazinaChatMessage>? messages, bool addRelevantDocuments, bool addFilesList, IToolsContext toolsContext, List<ImageData> images) (https://learn.microsoft.com/dotnet/fundamentals/code-analysis/quality-rules/ca1725) [C:\Projects\Hazina\src\Core\Agents\Hazina.Generator\Hazina.Generator.csproj::TargetFramework=net10.0]
C:\Projects\Hazina\src\Core\Agents\Hazina.Generator\Models\StoreSafetyPolicy.cs(43,23): warning SA1503: Braces should not be omitted (https://github.com/DotNetAnalyzers/StyleCopAnalyzers/blob/master/documentation/SA1503.md) [C:\Projects\Hazina\src\Core\Agents\Hazina.Generator\Hazina.Generator.csproj::TargetFramework=net10.0]
C:\Projects\Hazina\src\Core\Agents\Hazina.Generator\Core\DocumentGenerator.cs(38,52): warning MA0016: Prefer using collection abstraction instead of implementation (https://github.com/meziantou/Meziantou.Analyzer/blob/main/docs/Rules/MA0016.md) [C:\Projects\Hazina\src\Core\Agents\Hazina.Generator\Hazina.Generator.csproj::TargetFramework=net10.0]
C:\Projects\Hazina\src\Core\Agents\Hazina.Generator\Core\DocumentGenerator.cs(38,109): warning MA0016: Prefer using collection abstraction instead of implementation (https://github.com/meziantou/Meziantou.Analyzer/blob/main/docs/Rules/MA0016.md) [C:\Projects\Hazina\src\Core\Agents\Hazina.Generator\Hazina.Generator.csproj::TargetFramework=net10.0]
C:\Projects\Hazina\src\Core\Agents\Hazina.Generator\Core\DocumentGenerator.cs(34,24): warning MA0004: Use Task.ConfigureAwait(false) if the current SynchronizationContext is not needed (https://github.com/meziantou/Meziantou.Analyzer/blob/main/docs/Rules/MA0004.md) [C:\Projects\Hazina\src\Core\Agents\Hazina.Generator\Hazina.Generator.csproj::TargetFramework=net10.0]
C:\Projects\Hazina\src\Core\Agents\Hazina.Generator\Core\DocumentGenerator.cs(61,130): warning MA0061: Method overrides should not change default values (original: <no default value>; current: null) (https://github.com/meziantou/Meziantou.Analyzer/blob/main/docs/Rules/MA0061.md) [C:\Projects\Hazina\src\Core\Agents\Hazina.Generator\Hazina.Generator.csproj::TargetFramework=net10.0]
C:\Projects\Hazina\src\Core\Agents\Hazina.Generator\Core\DocumentGenerator.cs(61,151): warning MA0061: Method overrides should not change default values (original: <no default value>; current: 'True') (https://github.com/meziantou/Meziantou.Analyzer/blob/main/docs/Rules/MA0061.md) [C:\Projects\Hazina\src\Core\Agents\Hazina.Generator\Hazina.Generator.csproj::TargetFramework=net10.0]
C:\Projects\Hazina\src\Core\Agents\Hazina.Generator\Core\DocumentGenerator.cs(61,185): warning MA0061: Method overrides should not change default values (original: <no default value>; current: 'True') (https://github.com/meziantou/Meziantou.Analyzer/blob/main/docs/Rules/MA0061.md) [C:\Projects\Hazina\src\Core\Agents\Hazina.Generator\Hazina.Generator.csproj::TargetFramework=net10.0]
C:\Projects\Hazina\src\Core\Agents\Hazina.Generator\Core\DocumentGenerator.cs(61,221): warning MA0061: Method overrides should not change default values (original: <no default value>; current: null) (https://github.com/meziantou/Meziantou.Analyzer/blob/main/docs/Rules/MA0061.md) [C:\Projects\Hazina\src\Core\Agents\Hazina.Generator\Hazina.Generator.csproj::TargetFramework=net10.0]
C:\Projects\Hazina\src\Core\Agents\Hazina.Generator\Core\DocumentGenerator.cs(61,259): warning MA0061: Method overrides should not change default values (original: <no default value>; current: null) (https://github.com/meziantou/Meziantou.Analyzer/blob/main/docs/Rules/MA0061.md) [C:\Projects\Hazina\src\Core\Agents\Hazina.Generator\Hazina.Generator.csproj::TargetFramework=net10.0]
C:\Projects\Hazina\src\Core\Agents\Hazina.Generator\Interfaces\ISerializer.cs(2,1): warning S125: Remove this commented out code. (https://rules.sonarsource.com/csharp/RSPEC-125) [C:\Projects\Hazina\src\Core\Agents\Hazina.Generator\Hazina.Generator.csproj::TargetFramework=net10.0]
C:\Projects\Hazina\src\Core\Agents\Hazina.Generator\Interfaces\ISerializer.cs(1,1): warning SA1633: The file header XML is invalid. (https://github.com/DotNetAnalyzers/StyleCopAnalyzers/blob/master/documentation/SA1633.md) [C:\Projects\Hazina\src\Core\Agents\Hazina.Generator\Hazina.Generator.csproj::TargetFramework=net10.0]
C:\Projects\Hazina\src\Core\Agents\Hazina.Generator\Interfaces\ISerializer.cs(8,4): warning SA1518: File is required to end with a single newline character (https://github.com/DotNetAnalyzers/StyleCopAnalyzers/blob/master/documentation/SA1518.md) [C:\Projects\Hazina\src\Core\Agents\Hazina.Generator\Hazina.Generator.csproj::TargetFramework=net10.0]
C:\Projects\Hazina\src\Core\Agents\Hazina.Generator\Interfaces\ISerializer.cs(1,1): warning SA1005: Single line comment should begin with a space (https://github.com/DotNetAnalyzers/StyleCopAnalyzers/blob/master/documentation/SA1005.md) [C:\Projects\Hazina\src\Core\Agents\Hazina.Generator\Hazina.Generator.csproj::TargetFramework=net10.0]
C:\Projects\Hazina\src\Core\Agents\Hazina.Generator\Interfaces\ISerializer.cs(2,1): warning SA1005: Single line comment should begin with a space (https://github.com/DotNetAnalyzers/StyleCopAnalyzers/blob/master/documentation/SA1005.md) [C:\Projects\Hazina\src\Core\Agents\Hazina.Generator\Hazina.Generator.csproj::TargetFramework=net10.0]
C:\Projects\Hazina\src\Core\Agents\Hazina.Generator\Interfaces\ISerializer.cs(8,1): warning SA1005: Single line comment should begin with a space (https://github.com/DotNetAnalyzers/StyleCopAnalyzers/blob/master/documentation/SA1005.md) [C:\Projects\Hazina\src\Core\Agents\Hazina.Generator\Hazina.Generator.csproj::TargetFramework=net10.0]
C:\Projects\Hazina\src\Core\Agents\Hazina.Generator\Core\DocumentGenerator.cs(67,284): warning CA1002: Change 'List<ImageData>' in 'DocumentGenerator.GetResponse(IEnumerable<HazinaChatMessage>, CancellationToken, [IEnumerable<HazinaChatMessage>], [bool], [bool], [IToolsContext], [List<ImageData>])' to use 'Collection<T>', 'ReadOnlyCollection<T>' or 'KeyedCollection<K,V>' (https://learn.microsoft.com/dotnet/fundamentals/code-analysis/quality-rules/ca1002) [C:\Projects\Hazina\src\Core\Agents\Hazina.Generator\Hazina.Generator.csproj::TargetFramework=net10.0]
C:\Projects\Hazina\src\Core\Agents\Hazina.Generator\Models\DeleteDocumentRequest.cs(1,1): warning SA1633: The file header is missing or not located at the top of the file. (https://github.com/DotNetAnalyzers/StyleCopAnalyzers/blob/master/documentation/SA1633.md) [C:\Projects\Hazina\src\Core\Agents\Hazina.Generator\Hazina.Generator.csproj::TargetFramework=net10.0]
C:\Projects\Hazina\src\Core\Agents\Hazina.Generator\Core\DocumentGenerator.cs(67,267): warning MA0016: Prefer using collection abstraction instead of implementation (https://github.com/meziantou/Meziantou.Analyzer/blob/main/docs/Rules/MA0016.md) [C:\Projects\Hazina\src\Core\Agents\Hazina.Generator\Hazina.Generator.csproj::TargetFramework=net10.0]
C:\Projects\Hazina\src\Core\Agents\Hazina.Generator\Core\DocumentGenerator.cs(73,66): warning CA1725: In member Task<LLMResponse<string>> DocumentGenerator.StreamResponse(string message, CancellationToken cancel, Action<string> onChunkReceived, IEnumerable<HazinaChatMessage>? history = null, bool addRelevantDocuments = true, bool addFilesList = true, IToolsContext? toolsContext = null, List<ImageData>? images = null), change parameter name message to query in order to match the identifier as it has been declared in Task<LLMResponse<string>> IDocumentGenerator.StreamResponse(string query, CancellationToken cancel, Action<string> onChunkReceived, IEnumerable<HazinaChatMessage>? messages, bool addRelevantDocuments, bool addFilesList, IToolsContext toolsContext, List<ImageData> images) (https://learn.microsoft.com/dotnet/fundamentals/code-analysis/quality-rules/ca1725) [C:\Projects\Hazina\src\Core\Agents\Hazina.Generator\Hazina.Generator.csproj::TargetFramework=net10.0]
C:\Projects\Hazina\src\Core\Agents\Hazina.Generator\Core\DocumentGenerator.cs(73,165): warning CA1725: In member Task<LLMResponse<string>> DocumentGenerator.StreamResponse(string message, CancellationToken cancel, Action<string> onChunkReceived, IEnumerable<HazinaChatMessage>? history = null, bool addRelevantDocuments = true, bool addFilesList = true, IToolsContext? toolsContext = null, List<ImageData>? images = null), change parameter name history to messages in order to match the identifier as it has been declared in Task<LLMResponse<string>> IDocumentGenerator.StreamResponse(string query, CancellationToken cancel, Action<string> onChunkReceived, IEnumerable<HazinaChatMessage>? messages, bool addRelevantDocuments, bool addFilesList, IToolsContext toolsContext, List<ImageData> images) (https://learn.microsoft.com/dotnet/fundamentals/code-analysis/quality-rules/ca1725) [C:\Projects\Hazina\src\Core\Agents\Hazina.Generator\Hazina.Generator.csproj::TargetFramework=net10.0]
C:\Projects\Hazina\src\Core\Agents\Hazina.Generator\Core\DocumentGenerator.cs(73,165): warning MA0061: Method overrides should not change default values (original: <no default value>; current: null) (https://github.com/meziantou/Meziantou.Analyzer/blob/main/docs/Rules/MA0061.md) [C:\Projects\Hazina\src\Core\Agents\Hazina.Generator\Hazina.Generator.csproj::TargetFramework=net10.0]
C:\Projects\Hazina\src\Core\Agents\Hazina.Generator\Core\DocumentGenerator.cs(73,186): warning MA0061: Method overrides should not change default values (original: <no default value>; current: 'True') (https://github.com/meziantou/Meziantou.Analyzer/blob/main/docs/Rules/MA0061.md) [C:\Projects\Hazina\src\Core\Agents\Hazina.Generator\Hazina.Generator.csproj::TargetFramework=net10.0]
C:\Projects\Hazina\src\Core\Agents\Hazina.Generator\Core\DocumentGenerator.cs(73,220): warning MA0061: Method overrides should not change default values (original: <no default value>; current: 'True') (https://github.com/meziantou/Meziantou.Analyzer/blob/main/docs/Rules/MA0061.md) [C:\Projects\Hazina\src\Core\Agents\Hazina.Generator\Hazina.Generator.csproj::TargetFramework=net10.0]
C:\Projects\Hazina\src\Core\Agents\Hazina.Generator\Core\DocumentGenerator.cs(73,256): warning MA0061: Method overrides should not change default values (original: <no default value>; current: null) (https://github.com/meziantou/Meziantou.Analyzer/blob/main/docs/Rules/MA0061.md) [C:\Projects\Hazina\src\Core\Agents\Hazina.Generator\Hazina.Generator.csproj::TargetFramework=net10.0]
C:\Projects\Hazina\src\Core\Agents\Hazina.Generator\Core\DocumentGenerator.cs(73,294): warning MA0061: Method overrides should not change default values (original: <no default value>; current: null) (https://github.com/meziantou/Meziantou.Analyzer/blob/main/docs/Rules/MA0061.md) [C:\Projects\Hazina\src\Core\Agents\Hazina.Generator\Hazina.Generator.csproj::TargetFramework=net10.0]
C:\Projects\Hazina\src\Core\Agents\Hazina.Generator\Core\DocumentGenerator.cs(79,44): warning CA1068: Method 'DocumentGenerator.StreamResponse(System.Collections.Generic.IEnumerable<HazinaChatMessage>, System.Threading.CancellationToken, System.Action<string>, System.Collections.Generic.IEnumerable<HazinaChatMessage>?, bool, bool, Hazina.LLMs.IToolsContext?, System.Collections.Generic.List<ImageData>?)' should take CancellationToken as the last parameter (https://learn.microsoft.com/dotnet/fundamentals/code-analysis/quality-rules/ca1068) [C:\Projects\Hazina\src\Core\Agents\Hazina.Generator\Hazina.Generator.csproj::TargetFramework=net10.0]
C:\Projects\Hazina\src\Core\Agents\Hazina.Generator\Core\DocumentGenerator.cs(79,319): warning CA1002: Change 'List<ImageData>' in 'DocumentGenerator.StreamResponse(IEnumerable<HazinaChatMessage>, CancellationToken, Action<string>, [IEnumerable<HazinaChatMessage>], [bool], [bool], [IToolsContext], [List<ImageData>])' to use 'Collection<T>', 'ReadOnlyCollection<T>' or 'KeyedCollection<K,V>' (https://learn.microsoft.com/dotnet/fundamentals/code-analysis/quality-rules/ca1002) [C:\Projects\Hazina\src\Core\Agents\Hazina.Generator\Hazina.Generator.csproj::TargetFramework=net10.0]
C:\Projects\Hazina\src\Core\Agents\Hazina.Generator\Core\DocumentGenerator.cs(61,138): warning S1006: Remove the default parameter value to match the signature of overridden method. (https://rules.sonarsource.com/csharp/RSPEC-1006) [C:\Projects\Hazina\src\Core\Agents\Hazina.Generator\Hazina.Generator.csproj::TargetFramework=net10.0]
C:\Projects\Hazina\src\Core\Agents\Hazina.Generator\Core\DocumentGenerator.cs(61,172): warning S1006: Remove the default parameter value to match the signature of overridden method. (https://rules.sonarsource.com/csharp/RSPEC-1006) [C:\Projects\Hazina\src\Core\Agents\Hazina.Generator\Hazina.Generator.csproj::TargetFramework=net10.0]
C:\Projects\Hazina\src\Core\Agents\Hazina.Generator\Core\DocumentGenerator.cs(61,198): warning S1006: Remove the default parameter value to match the signature of overridden method. (https://rules.sonarsource.com/csharp/RSPEC-1006) [C:\Projects\Hazina\src\Core\Agents\Hazina.Generator\Hazina.Generator.csproj::TargetFramework=net10.0]
C:\Projects\Hazina\src\Core\Agents\Hazina.Generator\Core\DocumentGenerator.cs(61,234): warning S1006: Remove the default parameter value to match the signature of overridden method. (https://rules.sonarsource.com/csharp/RSPEC-1006) [C:\Projects\Hazina\src\Core\Agents\Hazina.Generator\Hazina.Generator.csproj::TargetFramework=net10.0]
C:\Projects\Hazina\src\Core\Agents\Hazina.Generator\Core\DocumentGenerator.cs(61,266): warning S1006: Remove the default parameter value to match the signature of overridden method. (https://rules.sonarsource.com/csharp/RSPEC-1006) [C:\Projects\Hazina\src\Core\Agents\Hazina.Generator\Hazina.Generator.csproj::TargetFramework=net10.0]
C:\Projects\Hazina\src\Core\Agents\Hazina.Generator\Core\DocumentGenerator.cs(61,63): warning S927: Rename parameter 'message' to 'query' to match the interface declaration. (https://rules.sonarsource.com/csharp/RSPEC-927) [C:\Projects\Hazina\src\Core\Agents\Hazina.Generator\Hazina.Generator.csproj::TargetFramework=net10.0]
C:\Projects\Hazina\src\Core\Agents\Hazina.Generator\Core\DocumentGenerator.cs(61,130): warning S927: Rename parameter 'history' to 'messages' to match the interface declaration. (https://rules.sonarsource.com/csharp/RSPEC-927) [C:\Projects\Hazina\src\Core\Agents\Hazina.Generator\Hazina.Generator.csproj::TargetFramework=net10.0]
C:\Projects\Hazina\src\Core\Agents\Hazina.Generator\Core\DocumentGenerator.cs(73,173): warning S1006: Remove the default parameter value to match the signature of overridden method. (https://rules.sonarsource.com/csharp/RSPEC-1006) [C:\Projects\Hazina\src\Core\Agents\Hazina.Generator\Hazina.Generator.csproj::TargetFramework=net10.0]
C:\Projects\Hazina\src\Core\Agents\Hazina.Generator\Core\DocumentGenerator.cs(73,207): warning S1006: Remove the default parameter value to match the signature of overridden method. (https://rules.sonarsource.com/csharp/RSPEC-1006) [C:\Projects\Hazina\src\Core\Agents\Hazina.Generator\Hazina.Generator.csproj::TargetFramework=net10.0]
C:\Projects\Hazina\src\Core\Agents\Hazina.Generator\Core\DocumentGenerator.cs(73,233): warning S1006: Remove the default parameter value to match the signature of overridden method. (https://rules.sonarsource.com/csharp/RSPEC-1006) [C:\Projects\Hazina\src\Core\Agents\Hazina.Generator\Hazina.Generator.csproj::TargetFramework=net10.0]
C:\Projects\Hazina\src\Core\Agents\Hazina.Generator\Models\DeleteDocumentRequest.cs(6,14): warning SA1402: File may only contain a single type (https://github.com/DotNetAnalyzers/StyleCopAnalyzers/blob/master/documentation/SA1402.md) [C:\Projects\Hazina\src\Core\Agents\Hazina.Generator\Hazina.Generator.csproj::TargetFramework=net10.0]
C:\Projects\Hazina\src\Core\Agents\Hazina.Generator\Core\DocumentGenerator.cs(73,269): warning S1006: Remove the default parameter value to match the signature of overridden method. (https://rules.sonarsource.com/csharp/RSPEC-1006) [C:\Projects\Hazina\src\Core\Agents\Hazina.Generator\Hazina.Generator.csproj::TargetFramework=net10.0]
C:\Projects\Hazina\src\Core\Agents\Hazina.Generator\Core\DocumentGenerator.cs(73,301): warning S1006: Remove the default parameter value to match the signature of overridden method. (https://rules.sonarsource.com/csharp/RSPEC-1006) [C:\Projects\Hazina\src\Core\Agents\Hazina.Generator\Hazina.Generator.csproj::TargetFramework=net10.0]
C:\Projects\Hazina\src\Core\Agents\Hazina.Generator\Core\DocumentGenerator.cs(73,66): warning S927: Rename parameter 'message' to 'query' to match the interface declaration. (https://rules.sonarsource.com/csharp/RSPEC-927) [C:\Projects\Hazina\src\Core\Agents\Hazina.Generator\Hazina.Generator.csproj::TargetFramework=net10.0]
C:\Projects\Hazina\src\Core\Agents\Hazina.Generator\Core\DocumentGenerator.cs(73,165): warning S927: Rename parameter 'history' to 'messages' to match the interface declaration. (https://rules.sonarsource.com/csharp/RSPEC-927) [C:\Projects\Hazina\src\Core\Agents\Hazina.Generator\Hazina.Generator.csproj::TargetFramework=net10.0]
C:\Projects\Hazina\src\Core\Agents\Hazina.Generator\Models\ModifyDocumentRequest.cs(1,1): warning SA1633: The file header is missing or not located at the top of the file. (https://github.com/DotNetAnalyzers/StyleCopAnalyzers/blob/master/documentation/SA1633.md) [C:\Projects\Hazina\src\Core\Agents\Hazina.Generator\Hazina.Generator.csproj::TargetFramework=net10.0]
C:\Projects\Hazina\src\Core\Agents\Hazina.Generator\Core\DocumentGenerator.cs(79,302): warning MA0016: Prefer using collection abstraction instead of implementation (https://github.com/meziantou/Meziantou.Analyzer/blob/main/docs/Rules/MA0016.md) [C:\Projects\Hazina\src\Core\Agents\Hazina.Generator\Hazina.Generator.csproj::TargetFramework=net10.0]
C:\Projects\Hazina\src\Core\Agents\Hazina.Generator\Core\DocumentGenerator.cs(55,13): warning SA1312: Variable 'OpenAIAPI' should begin with lower-case letter (https://github.com/DotNetAnalyzers/StyleCopAnalyzers/blob/master/documentation/SA1312.md) [C:\Projects\Hazina\src\Core\Agents\Hazina.Generator\Hazina.Generator.csproj::TargetFramework=net10.0]
C:\Projects\Hazina\src\Core\Agents\Hazina.Generator\Core\DocumentGenerator.cs(85,63): warning CA1715: Prefix generic type parameter name ResponseType with 'T' (https://learn.microsoft.com/dotnet/fundamentals/code-analysis/quality-rules/ca1715) [C:\Projects\Hazina\src\Core\Agents\Hazina.Generator\Hazina.Generator.csproj::TargetFramework=net10.0]
C:\Projects\Hazina\src\Core\Agents\Hazina.Generator\Core\DocumentGenerator.cs(85,84): warning CA1725: In member Task<LLMResponse<ResponseType?>> DocumentGenerator.GetResponse<ResponseType>(string message, CancellationToken cancel, IEnumerable<HazinaChatMessage>? history = null, bool addRelevantDocuments = true, bool addFilesList = true, IToolsContext? toolsContext = null, List<ImageData>? images = null), change parameter name message to query in order to match the identifier as it has been declared in Task<LLMResponse<ResponseType?>> IDocumentGenerator.GetResponse<ResponseType>(string query, CancellationToken cancel, IEnumerable<HazinaChatMessage>? messages, bool addRelevantDocuments, bool addFilesList, IToolsContext toolsContext, List<ImageData> images) (https://learn.microsoft.com/dotnet/fundamentals/code-analysis/quality-rules/ca1725) [C:\Projects\Hazina\src\Core\Agents\Hazina.Generator\Hazina.Generator.csproj::TargetFramework=net10.0]
C:\Projects\Hazina\src\Core\Agents\Hazina.Generator\Core\DocumentGenerator.cs(85,151): warning CA1725: In member Task<LLMResponse<ResponseType?>> DocumentGenerator.GetResponse<ResponseType>(string message, CancellationToken cancel, IEnumerable<HazinaChatMessage>? history = null, bool addRelevantDocuments = true, bool addFilesList = true, IToolsContext? toolsContext = null, List<ImageData>? images = null), change parameter name history to messages in order to match the identifier as it has been declared in Task<LLMResponse<ResponseType?>> IDocumentGenerator.GetResponse<ResponseType>(string query, CancellationToken cancel, IEnumerable<HazinaChatMessage>? messages, bool addRelevantDocuments, bool addFilesList, IToolsContext toolsContext, List<ImageData> images) (https://learn.microsoft.com/dotnet/fundamentals/code-analysis/quality-rules/ca1725) [C:\Projects\Hazina\src\Core\Agents\Hazina.Generator\Hazina.Generator.csproj::TargetFramework=net10.0]
C:\Projects\Hazina\src\Core\Agents\Hazina.Generator\Core\DocumentGenerator.cs(85,151): warning MA0061: Method overrides should not change default values (original: <no default value>; current: null) (https://github.com/meziantou/Meziantou.Analyzer/blob/main/docs/Rules/MA0061.md) [C:\Projects\Hazina\src\Core\Agents\Hazina.Generator\Hazina.Generator.csproj::TargetFramework=net10.0]
C:\Projects\Hazina\src\Core\Agents\Hazina.Generator\Core\DocumentGenerator.cs(85,172): warning MA0061: Method overrides should not change default values (original: <no default value>; current: 'True') (https://github.com/meziantou/Meziantou.Analyzer/blob/main/docs/Rules/MA0061.md) [C:\Projects\Hazina\src\Core\Agents\Hazina.Generator\Hazina.Generator.csproj::TargetFramework=net10.0]
C:\Projects\Hazina\src\Core\Agents\Hazina.Generator\Core\DocumentGenerator.cs(85,206): warning MA0061: Method overrides should not change default values (original: <no default value>; current: 'True') (https://github.com/meziantou/Meziantou.Analyzer/blob/main/docs/Rules/MA0061.md) [C:\Projects\Hazina\src\Core\Agents\Hazina.Generator\Hazina.Generator.csproj::TargetFramework=net10.0]
C:\Projects\Hazina\src\Core\Agents\Hazina.Generator\Core\DocumentGenerator.cs(85,242): warning MA0061: Method overrides should not change default values (original: <no default value>; current: null) (https://github.com/meziantou/Meziantou.Analyzer/blob/main/docs/Rules/MA0061.md) [C:\Projects\Hazina\src\Core\Agents\Hazina.Generator\Hazina.Generator.csproj::TargetFramework=net10.0]
C:\Projects\Hazina\src\Core\Agents\Hazina.Generator\Core\DocumentGenerator.cs(85,280): warning MA0061: Method overrides should not change default values (original: <no default value>; current: null) (https://github.com/meziantou/Meziantou.Analyzer/blob/main/docs/Rules/MA0061.md) [C:\Projects\Hazina\src\Core\Agents\Hazina.Generator\Hazina.Generator.csproj::TargetFramework=net10.0]
C:\Projects\Hazina\src\Core\Agents\Hazina.Generator\Models\StoreSafetyPolicy.cs(1,1): warning SA1633: The file header is missing or not located at the top of the file. (https://github.com/DotNetAnalyzers/StyleCopAnalyzers/blob/master/documentation/SA1633.md) [C:\Projects\Hazina\src\Core\Agents\Hazina.Generator\Hazina.Generator.csproj::TargetFramework=net10.0]
C:\Projects\Hazina\src\Core\Agents\Hazina.Generator\Core\DocumentGenerator.cs(69,28): warning MA0004: Use Task.ConfigureAwait(false) if the current SynchronizationContext is not needed (https://github.com/meziantou/Meziantou.Analyzer/blob/main/docs/Rules/MA0004.md) [C:\Projects\Hazina\src\Core\Agents\Hazina.Generator\Hazina.Generator.csproj::TargetFramework=net10.0]
C:\Projects\Hazina\src\Core\Agents\Hazina.Generator\Core\DocumentGenerator.cs(70,16): warning MA0004: Use Task.ConfigureAwait(false) if the current SynchronizationContext is not needed (https://github.com/meziantou/Meziantou.Analyzer/blob/main/docs/Rules/MA0004.md) [C:\Projects\Hazina\src\Core\Agents\Hazina.Generator\Hazina.Generator.csproj::TargetFramework=net10.0]
C:\Projects\Hazina\src\Core\Agents\Hazina.Generator\Models\StoreSafetyPolicy.cs(84,36): warning SA1503: Braces should not be omitted (https://github.com/DotNetAnalyzers/StyleCopAnalyzers/blob/master/documentation/SA1503.md) [C:\Projects\Hazina\src\Core\Agents\Hazina.Generator\Hazina.Generator.csproj::TargetFramework=net10.0]
C:\Projects\Hazina\src\Core\Agents\Hazina.Generator\Models\ModifyDocumentRequest.cs(3,40): warning SA1122: Use string.Empty for empty strings (https://github.com/DotNetAnalyzers/StyleCopAnalyzers/blob/master/documentation/SA1122.md) [C:\Projects\Hazina\src\Core\Agents\Hazina.Generator\Hazina.Generator.csproj::TargetFramework=net10.0]
C:\Projects\Hazina\src\Core\Agents\Hazina.Generator\Core\DocumentGenerator.cs(85,159): warning S1006: Remove the default parameter value to match the signature of overridden method. (https://rules.sonarsource.com/csharp/RSPEC-1006) [C:\Projects\Hazina\src\Core\Agents\Hazina.Generator\Hazina.Generator.csproj::TargetFramework=net10.0]
C:\Projects\Hazina\src\Core\Agents\Hazina.Generator\Core\DocumentGenerator.cs(85,193): warning S1006: Remove the default parameter value to match the signature of overridden method. (https://rules.sonarsource.com/csharp/RSPEC-1006) [C:\Projects\Hazina\src\Core\Agents\Hazina.Generator\Hazina.Generator.csproj::TargetFramework=net10.0]
C:\Projects\Hazina\src\Core\Agents\Hazina.Generator\Core\DocumentGenerator.cs(85,219): warning S1006: Remove the default parameter value to match the signature of overridden method. (https://rules.sonarsource.com/csharp/RSPEC-1006) [C:\Projects\Hazina\src\Core\Agents\Hazina.Generator\Hazina.Generator.csproj::TargetFramework=net10.0]
C:\Projects\Hazina\src\Core\Agents\Hazina.Generator\Core\DocumentGenerator.cs(85,255): warning S1006: Remove the default parameter value to match the signature of overridden method. (https://rules.sonarsource.com/csharp/RSPEC-1006) [C:\Projects\Hazina\src\Core\Agents\Hazina.Generator\Hazina.Generator.csproj::TargetFramework=net10.0]
C:\Projects\Hazina\src\Core\Agents\Hazina.Generator\Core\DocumentGenerator.cs(85,287): warning S1006: Remove the default parameter value to match the signature of overridden method. (https://rules.sonarsource.com/csharp/RSPEC-1006) [C:\Projects\Hazina\src\Core\Agents\Hazina.Generator\Hazina.Generator.csproj::TargetFramework=net10.0]
C:\Projects\Hazina\src\Core\Agents\Hazina.Generator\Core\DocumentGenerator.cs(85,84): warning S927: Rename parameter 'message' to 'query' to match the interface declaration. (https://rules.sonarsource.com/csharp/RSPEC-927) [C:\Projects\Hazina\src\Core\Agents\Hazina.Generator\Hazina.Generator.csproj::TargetFramework=net10.0]
C:\Projects\Hazina\src\Core\Agents\Hazina.Generator\Core\DocumentGenerator.cs(85,151): warning S927: Rename parameter 'history' to 'messages' to match the interface declaration. (https://rules.sonarsource.com/csharp/RSPEC-927) [C:\Projects\Hazina\src\Core\Agents\Hazina.Generator\Hazina.Generator.csproj::TargetFramework=net10.0]
C:\Projects\Hazina\src\Core\Agents\Hazina.Generator\Core\DocumentGenerator.cs(91,305): warning CA1002: Change 'List<ImageData>' in 'DocumentGenerator.GetResponse<ResponseType>(IEnumerable<HazinaChatMessage>, CancellationToken, [IEnumerable<HazinaChatMessage>], [bool], [bool], [IToolsContext], [List<ImageData>])' to use 'Collection<T>', 'ReadOnlyCollection<T>' or 'KeyedCollection<K,V>' (https://learn.microsoft.com/dotnet/fundamentals/code-analysis/quality-rules/ca1002) [C:\Projects\Hazina\src\Core\Agents\Hazina.Generator\Hazina.Generator.csproj::TargetFramework=net10.0]
C:\Projects\Hazina\src\Core\Agents\Hazina.Generator\Core\DocumentGenerator.cs(91,63): warning CA1715: Prefix generic type parameter name ResponseType with 'T' (https://learn.microsoft.com/dotnet/fundamentals/code-analysis/quality-rules/ca1715) [C:\Projects\Hazina\src\Core\Agents\Hazina.Generator\Hazina.Generator.csproj::TargetFramework=net10.0]
C:\Projects\Hazina\src\Core\Agents\Hazina.Generator\Core\DocumentGenerator.cs(97,66): warning CA1715: Prefix generic type parameter name ResponseType with 'T' (https://learn.microsoft.com/dotnet/fundamentals/code-analysis/quality-rules/ca1715) [C:\Projects\Hazina\src\Core\Agents\Hazina.Generator\Hazina.Generator.csproj::TargetFramework=net10.0]
C:\Projects\Hazina\src\Core\Agents\Hazina.Generator\Core\DocumentGenerator.cs(97,87): warning CA1725: In member Task<LLMResponse<ResponseType?>> DocumentGenerator.StreamResponse<ResponseType>(string message, CancellationToken cancel, Action<string> onChunkReceived, IEnumerable<HazinaChatMessage>? history = null, bool addRelevantDocuments = true, bool addFilesList = true, IToolsContext? toolsContext = null, List<ImageData>? images = null), change parameter name message to query in order to match the identifier as it has been declared in Task<LLMResponse<ResponseType?>> IDocumentGenerator.StreamResponse<ResponseType>(string query, CancellationToken cancel, Action<string> onChunkReceived, IEnumerable<HazinaChatMessage>? messages, bool addRelevantDocuments, bool addFilesList, IToolsContext toolsContext, List<ImageData> images) (https://learn.microsoft.com/dotnet/fundamentals/code-analysis/quality-rules/ca1725) [C:\Projects\Hazina\src\Core\Agents\Hazina.Generator\Hazina.Generator.csproj::TargetFramework=net10.0]
C:\Projects\Hazina\src\Core\Agents\Hazina.Generator\Core\DocumentGenerator.cs(75,28): warning MA0004: Use Task.ConfigureAwait(false) if the current SynchronizationContext is not needed (https://github.com/meziantou/Meziantou.Analyzer/blob/main/docs/Rules/MA0004.md) [C:\Projects\Hazina\src\Core\Agents\Hazina.Generator\Hazina.Generator.csproj::TargetFramework=net10.0]
C:\Projects\Hazina\src\Core\Agents\Hazina.Generator\Core\DocumentGenerator.cs(97,186): warning CA1725: In member Task<LLMResponse<ResponseType?>> DocumentGenerator.StreamResponse<ResponseType>(string message, CancellationToken cancel, Action<string> onChunkReceived, IEnumerable<HazinaChatMessage>? history = null, bool addRelevantDocuments = true, bool addFilesList = true, IToolsContext? toolsContext = null, List<ImageData>? images = null), change parameter name history to messages in order to match the identifier as it has been declared in Task<LLMResponse<ResponseType?>> IDocumentGenerator.StreamResponse<ResponseType>(string query, CancellationToken cancel, Action<string> onChunkReceived, IEnumerable<HazinaChatMessage>? messages, bool addRelevantDocuments, bool addFilesList, IToolsContext toolsContext, List<ImageData> images) (https://learn.microsoft.com/dotnet/fundamentals/code-analysis/quality-rules/ca1725) [C:\Projects\Hazina\src\Core\Agents\Hazina.Generator\Hazina.Generator.csproj::TargetFramework=net10.0]
C:\Projects\Hazina\src\Core\Agents\Hazina.Generator\Core\DocumentGenerator.cs(97,186): warning MA0061: Method overrides should not change default values (original: <no default value>; current: null) (https://github.com/meziantou/Meziantou.Analyzer/blob/main/docs/Rules/MA0061.md) [C:\Projects\Hazina\src\Core\Agents\Hazina.Generator\Hazina.Generator.csproj::TargetFramework=net10.0]
C:\Projects\Hazina\src\Core\Agents\Hazina.Generator\Core\DocumentGenerator.cs(97,207): warning MA0061: Method overrides should not change default values (original: <no default value>; current: 'True') (https://github.com/meziantou/Meziantou.Analyzer/blob/main/docs/Rules/MA0061.md) [C:\Projects\Hazina\src\Core\Agents\Hazina.Generator\Hazina.Generator.csproj::TargetFramework=net10.0]
C:\Projects\Hazina\src\Core\Agents\Hazina.Generator\Core\DocumentGenerator.cs(97,241): warning MA0061: Method overrides should not change default values (original: <no default value>; current: 'True') (https://github.com/meziantou/Meziantou.Analyzer/blob/main/docs/Rules/MA0061.md) [C:\Projects\Hazina\src\Core\Agents\Hazina.Generator\Hazina.Generator.csproj::TargetFramework=net10.0]
C:\Projects\Hazina\src\Core\Agents\Hazina.Generator\Core\DocumentGenerator.cs(97,277): warning MA0061: Method overrides should not change default values (original: <no default value>; current: null) (https://github.com/meziantou/Meziantou.Analyzer/blob/main/docs/Rules/MA0061.md) [C:\Projects\Hazina\src\Core\Agents\Hazina.Generator\Hazina.Generator.csproj::TargetFramework=net10.0]
C:\Projects\Hazina\src\Core\Agents\Hazina.Generator\Core\DocumentGenerator.cs(97,315): warning MA0061: Method overrides should not change default values (original: <no default value>; current: null) (https://github.com/meziantou/Meziantou.Analyzer/blob/main/docs/Rules/MA0061.md) [C:\Projects\Hazina\src\Core\Agents\Hazina.Generator\Hazina.Generator.csproj::TargetFramework=net10.0]
C:\Projects\Hazina\src\Core\Agents\Hazina.Generator\Core\DocumentGenerator.cs(76,16): warning MA0004: Use Task.ConfigureAwait(false) if the current SynchronizationContext is not needed (https://github.com/meziantou/Meziantou.Analyzer/blob/main/docs/Rules/MA0004.md) [C:\Projects\Hazina\src\Core\Agents\Hazina.Generator\Hazina.Generator.csproj::TargetFramework=net10.0]
C:\Projects\Hazina\src\Core\Agents\Hazina.Generator\Models\ModifyDocumentRequest.cs(4,40): warning SA1122: Use string.Empty for empty strings (https://github.com/DotNetAnalyzers/StyleCopAnalyzers/blob/master/documentation/SA1122.md) [C:\Projects\Hazina\src\Core\Agents\Hazina.Generator\Hazina.Generator.csproj::TargetFramework=net10.0]
C:\Projects\Hazina\src\Core\Agents\Hazina.Generator\Models\StoreSafetyPolicy.cs(19,28): warning CA2227: Change 'AllowedExtensions' to be read-only by removing the property setter (https://learn.microsoft.com/dotnet/fundamentals/code-analysis/quality-rules/ca2227) [C:\Projects\Hazina\src\Core\Agents\Hazina.Generator\Hazina.Generator.csproj::TargetFramework=net10.0]
C:\Projects\Hazina\src\Core\Agents\Hazina.Generator\Core\DocumentGenerator.cs(85,63): warning SA1314: Type parameter names should begin with T (https://github.com/DotNetAnalyzers/StyleCopAnalyzers/blob/master/documentation/SA1314.md) [C:\Projects\Hazina\src\Core\Agents\Hazina.Generator\Hazina.Generator.csproj::TargetFramework=net10.0]
C:\Projects\Hazina\src\Core\Agents\Hazina.Generator\Models\StoreSafetyPolicy.cs(19,12): warning MA0016: Prefer using collection abstraction instead of implementation (https://github.com/meziantou/Meziantou.Analyzer/blob/main/docs/Rules/MA0016.md) [C:\Projects\Hazina\src\Core\Agents\Hazina.Generator\Hazina.Generator.csproj::TargetFramework=net10.0]
C:\Projects\Hazina\src\Core\Agents\Hazina.Generator\Core\DocumentGenerator.cs(85,295): warning SA1127: Generic type constraints should be on their own line (https://github.com/DotNetAnalyzers/StyleCopAnalyzers/blob/master/documentation/SA1127.md) [C:\Projects\Hazina\src\Core\Agents\Hazina.Generator\Hazina.Generator.csproj::TargetFramework=net10.0]
C:\Projects\Hazina\src\Core\Agents\Hazina.Generator\Core\DocumentGenerator.cs(91,288): warning MA0016: Prefer using collection abstraction instead of implementation (https://github.com/meziantou/Meziantou.Analyzer/blob/main/docs/Rules/MA0016.md) [C:\Projects\Hazina\src\Core\Agents\Hazina.Generator\Hazina.Generator.csproj::TargetFramework=net10.0]
C:\Projects\Hazina\src\Core\Agents\Hazina.Generator\Core\DocumentGenerator.cs(97,194): warning S1006: Remove the default parameter value to match the signature of overridden method. (https://rules.sonarsource.com/csharp/RSPEC-1006) [C:\Projects\Hazina\src\Core\Agents\Hazina.Generator\Hazina.Generator.csproj::TargetFramework=net10.0]
C:\Projects\Hazina\src\Core\Agents\Hazina.Generator\Core\DocumentGenerator.cs(97,228): warning S1006: Remove the default parameter value to match the signature of overridden method. (https://rules.sonarsource.com/csharp/RSPEC-1006) [C:\Projects\Hazina\src\Core\Agents\Hazina.Generator\Hazina.Generator.csproj::TargetFramework=net10.0]
C:\Projects\Hazina\src\Core\Agents\Hazina.Generator\Core\DocumentGenerator.cs(97,254): warning S1006: Remove the default parameter value to match the signature of overridden method. (https://rules.sonarsource.com/csharp/RSPEC-1006) [C:\Projects\Hazina\src\Core\Agents\Hazina.Generator\Hazina.Generator.csproj::TargetFramework=net10.0]
C:\Projects\Hazina\src\Core\Agents\Hazina.Generator\Core\DocumentGenerator.cs(97,290): warning S1006: Remove the default parameter value to match the signature of overridden method. (https://rules.sonarsource.com/csharp/RSPEC-1006) [C:\Projects\Hazina\src\Core\Agents\Hazina.Generator\Hazina.Generator.csproj::TargetFramework=net10.0]
C:\Projects\Hazina\src\Core\Agents\Hazina.Generator\Core\DocumentGenerator.cs(97,322): warning S1006: Remove the default parameter value to match the signature of overridden method. (https://rules.sonarsource.com/csharp/RSPEC-1006) [C:\Projects\Hazina\src\Core\Agents\Hazina.Generator\Hazina.Generator.csproj::TargetFramework=net10.0]
C:\Projects\Hazina\src\Core\Agents\Hazina.Generator\Core\DocumentGenerator.cs(97,87): warning S927: Rename parameter 'message' to 'query' to match the interface declaration. (https://rules.sonarsource.com/csharp/RSPEC-927) [C:\Projects\Hazina\src\Core\Agents\Hazina.Generator\Hazina.Generator.csproj::TargetFramework=net10.0]
C:\Projects\Hazina\src\Core\Agents\Hazina.Generator\Core\DocumentGenerator.cs(97,186): warning S927: Rename parameter 'history' to 'messages' to match the interface declaration. (https://rules.sonarsource.com/csharp/RSPEC-927) [C:\Projects\Hazina\src\Core\Agents\Hazina.Generator\Hazina.Generator.csproj::TargetFramework=net10.0]
C:\Projects\Hazina\src\Core\Agents\Hazina.Generator\Core\DocumentGenerator.cs(97,66): warning SA1314: Type parameter names should begin with T (https://github.com/DotNetAnalyzers/StyleCopAnalyzers/blob/master/documentation/SA1314.md) [C:\Projects\Hazina\src\Core\Agents\Hazina.Generator\Hazina.Generator.csproj::TargetFramework=net10.0]
C:\Projects\Hazina\src\Core\Agents\Hazina.Generator\Core\DocumentGenerator.cs(97,330): warning SA1127: Generic type constraints should be on their own line (https://github.com/DotNetAnalyzers/StyleCopAnalyzers/blob/master/documentation/SA1127.md) [C:\Projects\Hazina\src\Core\Agents\Hazina.Generator\Hazina.Generator.csproj::TargetFramework=net10.0]
C:\Projects\Hazina\src\Core\Agents\Hazina.Generator\Core\DocumentGenerator.cs(55,13): warning S1481: Remove the unused local variable 'OpenAIAPI'. (https://rules.sonarsource.com/csharp/RSPEC-1481) [C:\Projects\Hazina\src\Core\Agents\Hazina.Generator\Hazina.Generator.csproj::TargetFramework=net10.0]
C:\Projects\Hazina\src\Core\Agents\Hazina.Generator\Models\StoreSafetyPolicy.cs(19,28): warning SA1623: The property's documentation summary text should begin with: 'Gets or sets' (https://github.com/DotNetAnalyzers/StyleCopAnalyzers/blob/master/documentation/SA1623.md) [C:\Projects\Hazina\src\Core\Agents\Hazina.Generator\Hazina.Generator.csproj::TargetFramework=net10.0]
C:\Projects\Hazina\src\Core\Agents\Hazina.Generator\Models\StoreSafetyPolicyViolationException.cs(1,1): warning SA1633: The file header is missing or not located at the top of the file. (https://github.com/DotNetAnalyzers/StyleCopAnalyzers/blob/master/documentation/SA1633.md) [C:\Projects\Hazina\src\Core\Agents\Hazina.Generator\Hazina.Generator.csproj::TargetFramework=net10.0]
C:\Projects\Hazina\src\Core\Agents\Hazina.Generator\Core\DocumentGenerator.cs(99,28): warning MA0004: Use Task.ConfigureAwait(false) if the current SynchronizationContext is not needed (https://github.com/meziantou/Meziantou.Analyzer/blob/main/docs/Rules/MA0004.md) [C:\Projects\Hazina\src\Core\Agents\Hazina.Generator\Hazina.Generator.csproj::TargetFramework=net10.0]
C:\Projects\Hazina\src\Core\Agents\Hazina.Generator\Core\DocumentGenerator.cs(100,16): warning MA0004: Use Task.ConfigureAwait(false) if the current SynchronizationContext is not needed (https://github.com/meziantou/Meziantou.Analyzer/blob/main/docs/Rules/MA0004.md) [C:\Projects\Hazina\src\Core\Agents\Hazina.Generator\Hazina.Generator.csproj::TargetFramework=net10.0]
C:\Projects\Hazina\src\Core\Agents\Hazina.Generator\Core\DocumentGenerator.cs(63,28): warning MA0004: Use Task.ConfigureAwait(false) if the current SynchronizationContext is not needed (https://github.com/meziantou/Meziantou.Analyzer/blob/main/docs/Rules/MA0004.md) [C:\Projects\Hazina\src\Core\Agents\Hazina.Generator\Hazina.Generator.csproj::TargetFramework=net10.0]
C:\Projects\Hazina\src\Core\Agents\Hazina.Generator\Core\DocumentGenerator.cs(87,28): warning MA0004: Use Task.ConfigureAwait(false) if the current SynchronizationContext is not needed (https://github.com/meziantou/Meziantou.Analyzer/blob/main/docs/Rules/MA0004.md) [C:\Projects\Hazina\src\Core\Agents\Hazina.Generator\Hazina.Generator.csproj::TargetFramework=net10.0]
C:\Projects\Hazina\src\Core\Agents\Hazina.Generator\Core\DocumentGenerator.cs(64,16): warning MA0004: Use Task.ConfigureAwait(false) if the current SynchronizationContext is not needed (https://github.com/meziantou/Meziantou.Analyzer/blob/main/docs/Rules/MA0004.md) [C:\Projects\Hazina\src\Core\Agents\Hazina.Generator\Hazina.Generator.csproj::TargetFramework=net10.0]
C:\Projects\Hazina\src\Core\Agents\Hazina.Generator\Models\ModifyDocumentRequest.cs(5,44): warning SA1122: Use string.Empty for empty strings (https://github.com/DotNetAnalyzers/StyleCopAnalyzers/blob/master/documentation/SA1122.md) [C:\Projects\Hazina\src\Core\Agents\Hazina.Generator\Hazina.Generator.csproj::TargetFramework=net10.0]
C:\Projects\Hazina\src\Core\Agents\Hazina.Generator\Core\DocumentGenerator.cs(103,51): warning CA1068: Method 'DocumentGenerator.StreamResponse<ResponseType>(System.Collections.Generic.IEnumerable<HazinaChatMessage>, System.Threading.CancellationToken, System.Action<string>, System.Collections.Generic.IEnumerable<HazinaChatMessage>?, bool, bool, Hazina.LLMs.IToolsContext?, System.Collections.Generic.List<ImageData>?)' should take CancellationToken as the last parameter (https://learn.microsoft.com/dotnet/fundamentals/code-analysis/quality-rules/ca1068) [C:\Projects\Hazina\src\Core\Agents\Hazina.Generator\Hazina.Generator.csproj::TargetFramework=net10.0]
C:\Projects\Hazina\src\Core\Agents\Hazina.Generator\Core\DocumentGenerator.cs(103,340): warning CA1002: Change 'List<ImageData>' in 'DocumentGenerator.StreamResponse<ResponseType>(IEnumerable<HazinaChatMessage>, CancellationToken, Action<string>, [IEnumerable<HazinaChatMessage>], [bool], [bool], [IToolsContext], [List<ImageData>])' to use 'Collection<T>', 'ReadOnlyCollection<T>' or 'KeyedCollection<K,V>' (https://learn.microsoft.com/dotnet/fundamentals/code-analysis/quality-rules/ca1002) [C:\Projects\Hazina\src\Core\Agents\Hazina.Generator\Hazina.Generator.csproj::TargetFramework=net10.0]
C:\Projects\Hazina\src\Core\Agents\Hazina.Generator\Core\DocumentGenerator.cs(103,66): warning CA1715: Prefix generic type parameter name ResponseType with 'T' (https://learn.microsoft.com/dotnet/fundamentals/code-analysis/quality-rules/ca1715) [C:\Projects\Hazina\src\Core\Agents\Hazina.Generator\Hazina.Generator.csproj::TargetFramework=net10.0]
C:\Projects\Hazina\src\Core\Agents\Hazina.Generator\Core\DocumentGenerator.cs(103,323): warning MA0016: Prefer using collection abstraction instead of implementation (https://github.com/meziantou/Meziantou.Analyzer/blob/main/docs/Rules/MA0016.md) [C:\Projects\Hazina\src\Core\Agents\Hazina.Generator\Hazina.Generator.csproj::TargetFramework=net10.0]
C:\Projects\Hazina\src\Core\Agents\Hazina.Generator\Core\DocumentGenerator.cs(88,16): warning MA0004: Use Task.ConfigureAwait(false) if the current SynchronizationContext is not needed (https://github.com/meziantou/Meziantou.Analyzer/blob/main/docs/Rules/MA0004.md) [C:\Projects\Hazina\src\Core\Agents\Hazina.Generator\Hazina.Generator.csproj::TargetFramework=net10.0]
C:\Projects\Hazina\src\Core\Agents\Hazina.Generator\Core\DocumentGenerator.cs(109,63): warning CA1725: In member Task<LLMResponse<string>> DocumentGenerator.UpdateStore(string message, CancellationToken cancel, IEnumerable<HazinaChatMessage>? history = null, bool addRelevantDocuments = true, bool addFilesList = true, IToolsContext? toolsContext = null, List<ImageData>? images = null), change parameter name message to query in order to match the identifier as it has been declared in Task<LLMResponse<string>> IDocumentGenerator.UpdateStore(string query, CancellationToken cancel, IEnumerable<HazinaChatMessage>? messages, bool addRelevantDocuments, bool addFilesList, IToolsContext toolsContext, List<ImageData> images) (https://learn.microsoft.com/dotnet/fundamentals/code-analysis/quality-rules/ca1725) [C:\Projects\Hazina\src\Core\Agents\Hazina.Generator\Hazina.Generator.csproj::TargetFramework=net10.0]
C:\Projects\Hazina\src\Core\Agents\Hazina.Generator\Core\DocumentGenerator.cs(109,130): warning CA1725: In member Task<LLMResponse<string>> DocumentGenerator.UpdateStore(string message, CancellationToken cancel, IEnumerable<HazinaChatMessage>? history = null, bool addRelevantDocuments = true, bool addFilesList = true, IToolsContext? toolsContext = null, List<ImageData>? images = null), change parameter name history to messages in order to match the identifier as it has been declared in Task<LLMResponse<string>> IDocumentGenerator.UpdateStore(string query, CancellationToken cancel, IEnumerable<HazinaChatMessage>? messages, bool addRelevantDocuments, bool addFilesList, IToolsContext toolsContext, List<ImageData> images) (https://learn.microsoft.com/dotnet/fundamentals/code-analysis/quality-rules/ca1725) [C:\Projects\Hazina\src\Core\Agents\Hazina.Generator\Hazina.Generator.csproj::TargetFramework=net10.0]
C:\Projects\Hazina\src\Core\Agents\Hazina.Generator\Core\DocumentGenerator.cs(109,130): warning MA0061: Method overrides should not change default values (original: <no default value>; current: null) (https://github.com/meziantou/Meziantou.Analyzer/blob/main/docs/Rules/MA0061.md) [C:\Projects\Hazina\src\Core\Agents\Hazina.Generator\Hazina.Generator.csproj::TargetFramework=net10.0]
C:\Projects\Hazina\src\Core\Agents\Hazina.Generator\Core\DocumentGenerator.cs(109,151): warning MA0061: Method overrides should not change default values (original: <no default value>; current: 'True') (https://github.com/meziantou/Meziantou.Analyzer/blob/main/docs/Rules/MA0061.md) [C:\Projects\Hazina\src\Core\Agents\Hazina.Generator\Hazina.Generator.csproj::TargetFramework=net10.0]
C:\Projects\Hazina\src\Core\Agents\Hazina.Generator\Core\DocumentGenerator.cs(109,185): warning MA0061: Method overrides should not change default values (original: <no default value>; current: 'True') (https://github.com/meziantou/Meziantou.Analyzer/blob/main/docs/Rules/MA0061.md) [C:\Projects\Hazina\src\Core\Agents\Hazina.Generator\Hazina.Generator.csproj::TargetFramework=net10.0]
C:\Projects\Hazina\src\Core\Agents\Hazina.Generator\Core\DocumentGenerator.cs(109,221): warning MA0061: Method overrides should not change default values (original: <no default value>; current: null) (https://github.com/meziantou/Meziantou.Analyzer/blob/main/docs/Rules/MA0061.md) [C:\Projects\Hazina\src\Core\Agents\Hazina.Generator\Hazina.Generator.csproj::TargetFramework=net10.0]
C:\Projects\Hazina\src\Core\Agents\Hazina.Generator\Core\DocumentGenerator.cs(109,259): warning MA0061: Method overrides should not change default values (original: <no default value>; current: null) (https://github.com/meziantou/Meziantou.Analyzer/blob/main/docs/Rules/MA0061.md) [C:\Projects\Hazina\src\Core\Agents\Hazina.Generator\Hazina.Generator.csproj::TargetFramework=net10.0]
C:\Projects\Hazina\src\Core\Agents\Hazina.Generator\Models\UpdateStoreResponse.cs(1,1): warning SA1633: The file header is missing or not located at the top of the file. (https://github.com/DotNetAnalyzers/StyleCopAnalyzers/blob/master/documentation/SA1633.md) [C:\Projects\Hazina\src\Core\Agents\Hazina.Generator\Hazina.Generator.csproj::TargetFramework=net10.0]
C:\Projects\Hazina\src\Core\Agents\Hazina.Generator\Core\DocumentGenerator.cs(103,66): warning SA1314: Type parameter names should begin with T (https://github.com/DotNetAnalyzers/StyleCopAnalyzers/blob/master/documentation/SA1314.md) [C:\Projects\Hazina\src\Core\Agents\Hazina.Generator\Hazina.Generator.csproj::TargetFramework=net10.0]
C:\Projects\Hazina\src\Core\Agents\Hazina.Generator\Core\DocumentGenerator.cs(103,355): warning SA1127: Generic type constraints should be on their own line (https://github.com/DotNetAnalyzers/StyleCopAnalyzers/blob/master/documentation/SA1127.md) [C:\Projects\Hazina\src\Core\Agents\Hazina.Generator\Hazina.Generator.csproj::TargetFramework=net10.0]
C:\Projects\Hazina\src\Core\Agents\Hazina.Generator\Core\DocumentGenerator.cs(91,63): warning SA1314: Type parameter names should begin with T (https://github.com/DotNetAnalyzers/StyleCopAnalyzers/blob/master/documentation/SA1314.md) [C:\Projects\Hazina\src\Core\Agents\Hazina.Generator\Hazina.Generator.csproj::TargetFramework=net10.0]
C:\Projects\Hazina\src\Core\Agents\Hazina.Generator\Core\DocumentGenerator.cs(91,320): warning SA1127: Generic type constraints should be on their own line (https://github.com/DotNetAnalyzers/StyleCopAnalyzers/blob/master/documentation/SA1127.md) [C:\Projects\Hazina\src\Core\Agents\Hazina.Generator\Hazina.Generator.csproj::TargetFramework=net10.0]
C:\Projects\Hazina\src\Core\Agents\Hazina.Generator\Core\DocumentGenerator.cs(151,69): warning CA1725: In member Task<LLMResponse<string>> DocumentGenerator.StreamUpdateStore(string message, CancellationToken cancel, Action<string> onChunkReceived, IEnumerable<HazinaChatMessage>? history = null, bool addRelevantDocuments = true, bool addFilesList = true, IToolsContext? toolsContext = null, List<ImageData>? images = null), change parameter name message to query in order to match the identifier as it has been declared in Task<LLMResponse<string>> IDocumentGenerator.StreamUpdateStore(string query, CancellationToken cancel, Action<string> onChunkReceived, IEnumerable<HazinaChatMessage>? messages, bool addRelevantDocuments, bool addFilesList, IToolsContext toolsContext, List<ImageData> images) (https://learn.microsoft.com/dotnet/fundamentals/code-analysis/quality-rules/ca1725) [C:\Projects\Hazina\src\Core\Agents\Hazina.Generator\Hazina.Generator.csproj::TargetFramework=net10.0]
C:\Projects\Hazina\src\Core\Agents\Hazina.Generator\Core\DocumentGenerator.cs(151,168): warning CA1725: In member Task<LLMResponse<string>> DocumentGenerator.StreamUpdateStore(string message, CancellationToken cancel, Action<string> onChunkReceived, IEnumerable<HazinaChatMessage>? history = null, bool addRelevantDocuments = true, bool addFilesList = true, IToolsContext? toolsContext = null, List<ImageData>? images = null), change parameter name history to messages in order to match the identifier as it has been declared in Task<LLMResponse<string>> IDocumentGenerator.StreamUpdateStore(string query, CancellationToken cancel, Action<string> onChunkReceived, IEnumerable<HazinaChatMessage>? messages, bool addRelevantDocuments, bool addFilesList, IToolsContext toolsContext, List<ImageData> images) (https://learn.microsoft.com/dotnet/fundamentals/code-analysis/quality-rules/ca1725) [C:\Projects\Hazina\src\Core\Agents\Hazina.Generator\Hazina.Generator.csproj::TargetFramework=net10.0]
C:\Projects\Hazina\src\Core\Agents\Hazina.Generator\Core\DocumentGenerator.cs(105,28): warning MA0004: Use Task.ConfigureAwait(false) if the current SynchronizationContext is not needed (https://github.com/meziantou/Meziantou.Analyzer/blob/main/docs/Rules/MA0004.md) [C:\Projects\Hazina\src\Core\Agents\Hazina.Generator\Hazina.Generator.csproj::TargetFramework=net10.0]
C:\Projects\Hazina\src\Core\Agents\Hazina.Generator\Core\DocumentGenerator.cs(151,168): warning MA0061: Method overrides should not change default values (original: <no default value>; current: null) (https://github.com/meziantou/Meziantou.Analyzer/blob/main/docs/Rules/MA0061.md) [C:\Projects\Hazina\src\Core\Agents\Hazina.Generator\Hazina.Generator.csproj::TargetFramework=net10.0]
C:\Projects\Hazina\src\Core\Agents\Hazina.Generator\Core\DocumentGenerator.cs(151,189): warning MA0061: Method overrides should not change default values (original: <no default value>; current: 'True') (https://github.com/meziantou/Meziantou.Analyzer/blob/main/docs/Rules/MA0061.md) [C:\Projects\Hazina\src\Core\Agents\Hazina.Generator\Hazina.Generator.csproj::TargetFramework=net10.0]
C:\Projects\Hazina\src\Core\Agents\Hazina.Generator\Core\DocumentGenerator.cs(151,223): warning MA0061: Method overrides should not change default values (original: <no default value>; current: 'True') (https://github.com/meziantou/Meziantou.Analyzer/blob/main/docs/Rules/MA0061.md) [C:\Projects\Hazina\src\Core\Agents\Hazina.Generator\Hazina.Generator.csproj::TargetFramework=net10.0]
C:\Projects\Hazina\src\Core\Agents\Hazina.Generator\Core\DocumentGenerator.cs(151,259): warning MA0061: Method overrides should not change default values (original: <no default value>; current: null) (https://github.com/meziantou/Meziantou.Analyzer/blob/main/docs/Rules/MA0061.md) [C:\Projects\Hazina\src\Core\Agents\Hazina.Generator\Hazina.Generator.csproj::TargetFramework=net10.0]
C:\Projects\Hazina\src\Core\Agents\Hazina.Generator\Core\DocumentGenerator.cs(151,297): warning MA0061: Method overrides should not change default values (original: <no default value>; current: null) (https://github.com/meziantou/Meziantou.Analyzer/blob/main/docs/Rules/MA0061.md) [C:\Projects\Hazina\src\Core\Agents\Hazina.Generator\Hazina.Generator.csproj::TargetFramework=net10.0]
C:\Projects\Hazina\src\Core\Agents\Hazina.Generator\Core\DocumentGenerator.cs(106,16): warning MA0004: Use Task.ConfigureAwait(false) if the current SynchronizationContext is not needed (https://github.com/meziantou/Meziantou.Analyzer/blob/main/docs/Rules/MA0004.md) [C:\Projects\Hazina\src\Core\Agents\Hazina.Generator\Hazina.Generator.csproj::TargetFramework=net10.0]
C:\Projects\Hazina\src\Core\Agents\Hazina.Generator\Core\DocumentGenerator.cs(81,28): warning MA0004: Use Task.ConfigureAwait(false) if the current SynchronizationContext is not needed (https://github.com/meziantou/Meziantou.Analyzer/blob/main/docs/Rules/MA0004.md) [C:\Projects\Hazina\src\Core\Agents\Hazina.Generator\Hazina.Generator.csproj::TargetFramework=net10.0]
C:\Projects\Hazina\src\Core\Agents\Hazina.Generator\Core\DocumentGenerator.cs(82,16): warning MA0004: Use Task.ConfigureAwait(false) if the current SynchronizationContext is not needed (https://github.com/meziantou/Meziantou.Analyzer/blob/main/docs/Rules/MA0004.md) [C:\Projects\Hazina\src\Core\Agents\Hazina.Generator\Hazina.Generator.csproj::TargetFramework=net10.0]
C:\Projects\Hazina\src\Core\Agents\Hazina.Generator\Models\StoreSafetyPolicy.cs(65,43): warning SA1503: Braces should not be omitted (https://github.com/DotNetAnalyzers/StyleCopAnalyzers/blob/master/documentation/SA1503.md) [C:\Projects\Hazina\src\Core\Agents\Hazina.Generator\Hazina.Generator.csproj::TargetFramework=net10.0]
C:\Projects\Hazina\src\Core\Agents\Hazina.Generator\Core\DocumentGenerator.cs(143,284): warning CA1002: Change 'List<ImageData>' in 'DocumentGenerator.UpdateStore(IEnumerable<HazinaChatMessage>, CancellationToken, [IEnumerable<HazinaChatMessage>], [bool], [bool], [IToolsContext], [List<ImageData>])' to use 'Collection<T>', 'ReadOnlyCollection<T>' or 'KeyedCollection<K,V>' (https://learn.microsoft.com/dotnet/fundamentals/code-analysis/quality-rules/ca1002) [C:\Projects\Hazina\src\Core\Agents\Hazina.Generator\Hazina.Generator.csproj::TargetFramework=net10.0]
C:\Projects\Hazina\src\Core\Agents\Hazina.Generator\Core\DocumentGenerator.cs(143,267): warning MA0016: Prefer using collection abstraction instead of implementation (https://github.com/meziantou/Meziantou.Analyzer/blob/main/docs/Rules/MA0016.md) [C:\Projects\Hazina\src\Core\Agents\Hazina.Generator\Hazina.Generator.csproj::TargetFramework=net10.0]
C:\Projects\Hazina\src\Core\Agents\Hazina.Generator\Models\StoreSafetyPolicy.cs(12,17): warning SA1623: The property's documentation summary text should begin with: 'Gets or sets' (https://github.com/DotNetAnalyzers/StyleCopAnalyzers/blob/master/documentation/SA1623.md) [C:\Projects\Hazina\src\Core\Agents\Hazina.Generator\Hazina.Generator.csproj::TargetFramework=net10.0]
C:\Projects\Hazina\src\Core\Agents\Hazina.Generator\Core\DocumentGenerator.cs(93,28): warning MA0004: Use Task.ConfigureAwait(false) if the current SynchronizationContext is not needed (https://github.com/meziantou/Meziantou.Analyzer/blob/main/docs/Rules/MA0004.md) [C:\Projects\Hazina\src\Core\Agents\Hazina.Generator\Hazina.Generator.csproj::TargetFramework=net10.0]
C:\Projects\Hazina\src\Core\Agents\Hazina.Generator\Core\DocumentGenerator.cs(94,16): warning MA0004: Use Task.ConfigureAwait(false) if the current SynchronizationContext is not needed (https://github.com/meziantou/Meziantou.Analyzer/blob/main/docs/Rules/MA0004.md) [C:\Projects\Hazina\src\Core\Agents\Hazina.Generator\Hazina.Generator.csproj::TargetFramework=net10.0]
C:\Projects\Hazina\src\Core\Agents\Hazina.Generator\Core\DocumentGenerator.cs(183,16): warning MA0004: Use Task.ConfigureAwait(false) if the current SynchronizationContext is not needed (https://github.com/meziantou/Meziantou.Analyzer/blob/main/docs/Rules/MA0004.md) [C:\Projects\Hazina\src\Core\Agents\Hazina.Generator\Hazina.Generator.csproj::TargetFramework=net10.0]
C:\Projects\Hazina\src\Core\Agents\Hazina.Generator\Core\DocumentGenerator.cs(109,138): warning S1006: Remove the default parameter value to match the signature of overridden method. (https://rules.sonarsource.com/csharp/RSPEC-1006) [C:\Projects\Hazina\src\Core\Agents\Hazina.Generator\Hazina.Generator.csproj::TargetFramework=net10.0]
C:\Projects\Hazina\src\Core\Agents\Hazina.Generator\Core\DocumentGenerator.cs(109,172): warning S1006: Remove the default parameter value to match the signature of overridden method. (https://rules.sonarsource.com/csharp/RSPEC-1006) [C:\Projects\Hazina\src\Core\Agents\Hazina.Generator\Hazina.Generator.csproj::TargetFramework=net10.0]
C:\Projects\Hazina\src\Core\Agents\Hazina.Generator\Core\DocumentGenerator.cs(109,198): warning S1006: Remove the default parameter value to match the signature of overridden method. (https://rules.sonarsource.com/csharp/RSPEC-1006) [C:\Projects\Hazina\src\Core\Agents\Hazina.Generator\Hazina.Generator.csproj::TargetFramework=net10.0]
C:\Projects\Hazina\src\Core\Agents\Hazina.Generator\Core\DocumentGenerator.cs(109,234): warning S1006: Remove the default parameter value to match the signature of overridden method. (https://rules.sonarsource.com/csharp/RSPEC-1006) [C:\Projects\Hazina\src\Core\Agents\Hazina.Generator\Hazina.Generator.csproj::TargetFramework=net10.0]
C:\Projects\Hazina\src\Core\Agents\Hazina.Generator\Core\DocumentGenerator.cs(109,266): warning S1006: Remove the default parameter value to match the signature of overridden method. (https://rules.sonarsource.com/csharp/RSPEC-1006) [C:\Projects\Hazina\src\Core\Agents\Hazina.Generator\Hazina.Generator.csproj::TargetFramework=net10.0]
C:\Projects\Hazina\src\Core\Agents\Hazina.Generator\Core\DocumentGenerator.cs(109,63): warning S927: Rename parameter 'message' to 'query' to match the interface declaration. (https://rules.sonarsource.com/csharp/RSPEC-927) [C:\Projects\Hazina\src\Core\Agents\Hazina.Generator\Hazina.Generator.csproj::TargetFramework=net10.0]
C:\Projects\Hazina\src\Core\Agents\Hazina.Generator\Core\DocumentGenerator.cs(109,130): warning S927: Rename parameter 'history' to 'messages' to match the interface declaration. (https://rules.sonarsource.com/csharp/RSPEC-927) [C:\Projects\Hazina\src\Core\Agents\Hazina.Generator\Hazina.Generator.csproj::TargetFramework=net10.0]
C:\Projects\Hazina\src\Core\Agents\Hazina.Generator\Core\DocumentGenerator.cs(151,176): warning S1006: Remove the default parameter value to match the signature of overridden method. (https://rules.sonarsource.com/csharp/RSPEC-1006) [C:\Projects\Hazina\src\Core\Agents\Hazina.Generator\Hazina.Generator.csproj::TargetFramework=net10.0]
C:\Projects\Hazina\src\Core\Agents\Hazina.Generator\Core\DocumentGenerator.cs(151,210): warning S1006: Remove the default parameter value to match the signature of overridden method. (https://rules.sonarsource.com/csharp/RSPEC-1006) [C:\Projects\Hazina\src\Core\Agents\Hazina.Generator\Hazina.Generator.csproj::TargetFramework=net10.0]
C:\Projects\Hazina\src\Core\Agents\Hazina.Generator\Core\DocumentGenerator.cs(151,236): warning S1006: Remove the default parameter value to match the signature of overridden method. (https://rules.sonarsource.com/csharp/RSPEC-1006) [C:\Projects\Hazina\src\Core\Agents\Hazina.Generator\Hazina.Generator.csproj::TargetFramework=net10.0]
C:\Projects\Hazina\src\Core\Agents\Hazina.Generator\Core\DocumentGenerator.cs(151,272): warning S1006: Remove the default parameter value to match the signature of overridden method. (https://rules.sonarsource.com/csharp/RSPEC-1006) [C:\Projects\Hazina\src\Core\Agents\Hazina.Generator\Hazina.Generator.csproj::TargetFramework=net10.0]
C:\Projects\Hazina\src\Core\Agents\Hazina.Generator\Core\DocumentGenerator.cs(151,304): warning S1006: Remove the default parameter value to match the signature of overridden method. (https://rules.sonarsource.com/csharp/RSPEC-1006) [C:\Projects\Hazina\src\Core\Agents\Hazina.Generator\Hazina.Generator.csproj::TargetFramework=net10.0]
C:\Projects\Hazina\src\Core\Agents\Hazina.Generator\Core\DocumentGenerator.cs(151,69): warning S927: Rename parameter 'message' to 'query' to match the interface declaration. (https://rules.sonarsource.com/csharp/RSPEC-927) [C:\Projects\Hazina\src\Core\Agents\Hazina.Generator\Hazina.Generator.csproj::TargetFramework=net10.0]
C:\Projects\Hazina\src\Core\Agents\Hazina.Generator\Core\DocumentGenerator.cs(151,168): warning S927: Rename parameter 'history' to 'messages' to match the interface declaration. (https://rules.sonarsource.com/csharp/RSPEC-927) [C:\Projects\Hazina\src\Core\Agents\Hazina.Generator\Hazina.Generator.csproj::TargetFramework=net10.0]
C:\Projects\Hazina\src\Core\Agents\Hazina.Generator\Models\StoreSafetyPolicy.cs(78,74): warning MA0002: Use an overload that has a IEqualityComparer<string> or IComparer<string> parameter (https://github.com/meziantou/Meziantou.Analyzer/blob/main/docs/Rules/MA0002.md) [C:\Projects\Hazina\src\Core\Agents\Hazina.Generator\Hazina.Generator.csproj::TargetFramework=net10.0]
C:\Projects\Hazina\src\Core\Agents\Hazina.Generator\Models\StoreSafetyPolicy.cs(31,17): warning SA1623: The property's documentation summary text should begin with: 'Gets or sets a value indicating whether' (https://github.com/DotNetAnalyzers/StyleCopAnalyzers/blob/master/documentation/SA1623.md) [C:\Projects\Hazina\src\Core\Agents\Hazina.Generator\Hazina.Generator.csproj::TargetFramework=net10.0]
C:\Projects\Hazina\src\Core\Agents\Hazina.Generator\Core\DocumentGenerator.cs(162,13): warning SA1519: Braces should not be omitted from multi-line child statement (https://github.com/DotNetAnalyzers/StyleCopAnalyzers/blob/master/documentation/SA1519.md) [C:\Projects\Hazina\src\Core\Agents\Hazina.Generator\Hazina.Generator.csproj::TargetFramework=net10.0]
C:\Projects\Hazina\src\Core\Agents\Hazina.Generator\Core\DocumentGenerator.cs(168,13): warning SA1519: Braces should not be omitted from multi-line child statement (https://github.com/DotNetAnalyzers/StyleCopAnalyzers/blob/master/documentation/SA1519.md) [C:\Projects\Hazina\src\Core\Agents\Hazina.Generator\Hazina.Generator.csproj::TargetFramework=net10.0]
C:\Projects\Hazina\src\Core\Agents\Hazina.Generator\Core\DocumentGenerator.cs(173,13): warning SA1519: Braces should not be omitted from multi-line child statement (https://github.com/DotNetAnalyzers/StyleCopAnalyzers/blob/master/documentation/SA1519.md) [C:\Projects\Hazina\src\Core\Agents\Hazina.Generator\Hazina.Generator.csproj::TargetFramework=net10.0]
C:\Projects\Hazina\src\Core\Agents\Hazina.Generator\Core\DocumentGenerator.cs(156,76): warning SA1122: Use string.Empty for empty strings (https://github.com/DotNetAnalyzers/StyleCopAnalyzers/blob/master/documentation/SA1122.md) [C:\Projects\Hazina\src\Core\Agents\Hazina.Generator\Hazina.Generator.csproj::TargetFramework=net10.0]
C:\Projects\Hazina\src\Core\Agents\Hazina.Generator\Core\DocumentGenerator.cs(153,28): warning MA0004: Use Task.ConfigureAwait(false) if the current SynchronizationContext is not needed (https://github.com/meziantou/Meziantou.Analyzer/blob/main/docs/Rules/MA0004.md) [C:\Projects\Hazina\src\Core\Agents\Hazina.Generator\Hazina.Generator.csproj::TargetFramework=net10.0]
C:\Projects\Hazina\src\Core\Agents\Hazina.Generator\Core\DocumentGenerator.cs(154,24): warning MA0004: Use Task.ConfigureAwait(false) if the current SynchronizationContext is not needed (https://github.com/meziantou/Meziantou.Analyzer/blob/main/docs/Rules/MA0004.md) [C:\Projects\Hazina\src\Core\Agents\Hazina.Generator\Hazina.Generator.csproj::TargetFramework=net10.0]
C:\Projects\Hazina\src\Core\Agents\Hazina.Generator\Core\DocumentGenerator.cs(155,9): warning MA0004: Use Task.ConfigureAwait(false) if the current SynchronizationContext is not needed (https://github.com/meziantou/Meziantou.Analyzer/blob/main/docs/Rules/MA0004.md) [C:\Projects\Hazina\src\Core\Agents\Hazina.Generator\Hazina.Generator.csproj::TargetFramework=net10.0]
C:\Projects\Hazina\src\Core\Agents\Hazina.Generator\Core\DocumentGenerator.cs(148,76): warning SA1122: Use string.Empty for empty strings (https://github.com/DotNetAnalyzers/StyleCopAnalyzers/blob/master/documentation/SA1122.md) [C:\Projects\Hazina\src\Core\Agents\Hazina.Generator\Hazina.Generator.csproj::TargetFramework=net10.0]
C:\Projects\Hazina\src\Core\Agents\Hazina.Generator\Core\DocumentGenerator.cs(140,76): warning SA1122: Use string.Empty for empty strings (https://github.com/DotNetAnalyzers/StyleCopAnalyzers/blob/master/documentation/SA1122.md) [C:\Projects\Hazina\src\Core\Agents\Hazina.Generator\Hazina.Generator.csproj::TargetFramework=net10.0]
C:\Projects\Hazina\src\Core\Agents\Hazina.Generator\Core\DocumentGenerator.cs(165,17): warning MA0004: Use Task.ConfigureAwait(false) if the current SynchronizationContext is not needed (https://github.com/meziantou/Meziantou.Analyzer/blob/main/docs/Rules/MA0004.md) [C:\Projects\Hazina\src\Core\Agents\Hazina.Generator\Hazina.Generator.csproj::TargetFramework=net10.0]
C:\Projects\Hazina\src\Core\Agents\Hazina.Generator\Core\DocumentGenerator.cs(170,17): warning MA0004: Use Task.ConfigureAwait(false) if the current SynchronizationContext is not needed (https://github.com/meziantou/Meziantou.Analyzer/blob/main/docs/Rules/MA0004.md) [C:\Projects\Hazina\src\Core\Agents\Hazina.Generator\Hazina.Generator.csproj::TargetFramework=net10.0]
C:\Projects\Hazina\src\Core\Agents\Hazina.Generator\Core\DocumentGenerator.cs(176,17): warning MA0004: Use Task.ConfigureAwait(false) if the current SynchronizationContext is not needed (https://github.com/meziantou/Meziantou.Analyzer/blob/main/docs/Rules/MA0004.md) [C:\Projects\Hazina\src\Core\Agents\Hazina.Generator\Hazina.Generator.csproj::TargetFramework=net10.0]
C:\Projects\Hazina\src\Core\Agents\Hazina.Generator\Core\DocumentGenerator.cs(145,28): warning MA0004: Use Task.ConfigureAwait(false) if the current SynchronizationContext is not needed (https://github.com/meziantou/Meziantou.Analyzer/blob/main/docs/Rules/MA0004.md) [C:\Projects\Hazina\src\Core\Agents\Hazina.Generator\Hazina.Generator.csproj::TargetFramework=net10.0]
C:\Projects\Hazina\src\Core\Agents\Hazina.Generator\Core\DocumentGenerator.cs(146,24): warning MA0004: Use Task.ConfigureAwait(false) if the current SynchronizationContext is not needed (https://github.com/meziantou/Meziantou.Analyzer/blob/main/docs/Rules/MA0004.md) [C:\Projects\Hazina\src\Core\Agents\Hazina.Generator\Hazina.Generator.csproj::TargetFramework=net10.0]
C:\Projects\Hazina\src\Core\Agents\Hazina.Generator\Core\DocumentGenerator.cs(147,9): warning MA0004: Use Task.ConfigureAwait(false) if the current SynchronizationContext is not needed (https://github.com/meziantou/Meziantou.Analyzer/blob/main/docs/Rules/MA0004.md) [C:\Projects\Hazina\src\Core\Agents\Hazina.Generator\Hazina.Generator.csproj::TargetFramework=net10.0]
C:\Projects\Hazina\src\Core\Agents\Hazina.Generator\Core\DocumentGenerator.cs(111,28): warning MA0004: Use Task.ConfigureAwait(false) if the current SynchronizationContext is not needed (https://github.com/meziantou/Meziantou.Analyzer/blob/main/docs/Rules/MA0004.md) [C:\Projects\Hazina\src\Core\Agents\Hazina.Generator\Hazina.Generator.csproj::TargetFramework=net10.0]
C:\Projects\Hazina\src\Core\Agents\Hazina.Generator\Core\DocumentGenerator.cs(136,24): warning MA0004: Use Task.ConfigureAwait(false) if the current SynchronizationContext is not needed (https://github.com/meziantou/Meziantou.Analyzer/blob/main/docs/Rules/MA0004.md) [C:\Projects\Hazina\src\Core\Agents\Hazina.Generator\Hazina.Generator.csproj::TargetFramework=net10.0]
C:\Projects\Hazina\src\Core\Agents\Hazina.Generator\Core\DocumentGenerator.cs(138,9): warning MA0004: Use Task.ConfigureAwait(false) if the current SynchronizationContext is not needed (https://github.com/meziantou/Meziantou.Analyzer/blob/main/docs/Rules/MA0004.md) [C:\Projects\Hazina\src\Core\Agents\Hazina.Generator\Hazina.Generator.csproj::TargetFramework=net10.0]
C:\Projects\Hazina\src\Core\Agents\Hazina.Generator\Core\DocumentGenerator.cs(191,17): warning SA1503: Braces should not be omitted (https://github.com/DotNetAnalyzers/StyleCopAnalyzers/blob/master/documentation/SA1503.md) [C:\Projects\Hazina\src\Core\Agents\Hazina.Generator\Hazina.Generator.csproj::TargetFramework=net10.0]
C:\Projects\Hazina\src\Core\Agents\Hazina.Generator\Core\DocumentGenerator.cs(193,17): warning SA1503: Braces should not be omitted (https://github.com/DotNetAnalyzers/StyleCopAnalyzers/blob/master/documentation/SA1503.md) [C:\Projects\Hazina\src\Core\Agents\Hazina.Generator\Hazina.Generator.csproj::TargetFramework=net10.0]
C:\Projects\Hazina\src\Core\Agents\Hazina.Generator\Core\DocumentGenerator.cs(219,13): warning SA1503: Braces should not be omitted (https://github.com/DotNetAnalyzers/StyleCopAnalyzers/blob/master/documentation/SA1503.md) [C:\Projects\Hazina\src\Core\Agents\Hazina.Generator\Hazina.Generator.csproj::TargetFramework=net10.0]
C:\Projects\Hazina\src\Core\Agents\Hazina.Generator\Core\DocumentGenerator.cs(190,13): warning SA1519: Braces should not be omitted from multi-line child statement (https://github.com/DotNetAnalyzers/StyleCopAnalyzers/blob/master/documentation/SA1519.md) [C:\Projects\Hazina\src\Core\Agents\Hazina.Generator\Hazina.Generator.csproj::TargetFramework=net10.0]
C:\Projects\Hazina\src\Core\Agents\Hazina.Generator\Core\DocumentGenerator.cs(213,46): warning SA1122: Use string.Empty for empty strings (https://github.com/DotNetAnalyzers/StyleCopAnalyzers/blob/master/documentation/SA1122.md) [C:\Projects\Hazina\src\Core\Agents\Hazina.Generator\Hazina.Generator.csproj::TargetFramework=net10.0]
C:\Projects\Hazina\src\Core\Agents\Hazina.Generator\Core\DocumentGenerator.cs(199,30): warning MA0004: Use Task.ConfigureAwait(false) if the current SynchronizationContext is not needed (https://github.com/meziantou/Meziantou.Analyzer/blob/main/docs/Rules/MA0004.md) [C:\Projects\Hazina\src\Core\Agents\Hazina.Generator\Hazina.Generator.csproj::TargetFramework=net10.0]
C:\Projects\Hazina\src\Core\Agents\Hazina.Generator\Core\DocumentGenerator.cs(202,37): warning MA0004: Use Task.ConfigureAwait(false) if the current SynchronizationContext is not needed (https://github.com/meziantou/Meziantou.Analyzer/blob/main/docs/Rules/MA0004.md) [C:\Projects\Hazina\src\Core\Agents\Hazina.Generator\Hazina.Generator.csproj::TargetFramework=net10.0]
C:\Projects\Hazina\src\Core\Agents\Hazina.Generator\Core\DocumentGenerator.cs(205,24): warning MA0004: Use Task.ConfigureAwait(false) if the current SynchronizationContext is not needed (https://github.com/meziantou/Meziantou.Analyzer/blob/main/docs/Rules/MA0004.md) [C:\Projects\Hazina\src\Core\Agents\Hazina.Generator\Hazina.Generator.csproj::TargetFramework=net10.0]
C:\Projects\Hazina\src\Core\Agents\Hazina.Generator\Core\DocumentGenerator.cs(213,29): warning MA0004: Use Task.ConfigureAwait(false) if the current SynchronizationContext is not needed (https://github.com/meziantou/Meziantou.Analyzer/blob/main/docs/Rules/MA0004.md) [C:\Projects\Hazina\src\Core\Agents\Hazina.Generator\Hazina.Generator.csproj::TargetFramework=net10.0]
C:\Projects\Hazina\src\Core\Agents\Hazina.Generator\Core\DocumentGenerator.cs(193,31): warning CA1851: Possible multiple enumerations of 'IEnumerable' collection. Consider using an implementation that avoids multiple enumerations. (https://learn.microsoft.com/dotnet/fundamentals/code-analysis/quality-rules/ca1851) [C:\Projects\Hazina\src\Core\Agents\Hazina.Generator\Hazina.Generator.csproj::TargetFramework=net10.0]
C:\Projects\Hazina\src\Core\Agents\Hazina.Generator\Core\DocumentGenerator.cs(190,17): warning CA1851: Possible multiple enumerations of 'IEnumerable' collection. Consider using an implementation that avoids multiple enumerations. (https://learn.microsoft.com/dotnet/fundamentals/code-analysis/quality-rules/ca1851) [C:\Projects\Hazina\src\Core\Agents\Hazina.Generator\Hazina.Generator.csproj::TargetFramework=net10.0]
C:\Projects\Hazina\src\Core\Agents\Hazina.Generator\Core\DocumentGenerator.cs(194,78): warning CA1851: Possible multiple enumerations of 'IEnumerable' collection. Consider using an implementation that avoids multiple enumerations. (https://learn.microsoft.com/dotnet/fundamentals/code-analysis/quality-rules/ca1851) [C:\Projects\Hazina\src\Core\Agents\Hazina.Generator\Hazina.Generator.csproj::TargetFramework=net10.0]
C:\Projects\Hazina\src\Core\Agents\Hazina.Generator\Core\DocumentGenerator.cs(219,35): warning CA1851: Possible multiple enumerations of 'IEnumerable' collection. Consider using an implementation that avoids multiple enumerations. (https://learn.microsoft.com/dotnet/fundamentals/code-analysis/quality-rules/ca1851) [C:\Projects\Hazina\src\Core\Agents\Hazina.Generator\Hazina.Generator.csproj::TargetFramework=net10.0]
C:\Projects\Hazina\src\Core\AI\Hazina.AI.RAG\Configuration\GraphRAGConfig.cs(30,1): warning SA1516: Elements should be separated by blank line (https://github.com/DotNetAnalyzers/StyleCopAnalyzers/blob/master/documentation/SA1516.md) [C:\Projects\Hazina\src\Core\AI\Hazina.AI.RAG\Hazina.AI.RAG.csproj::TargetFramework=net9.0]
C:\Projects\Hazina\src\Core\AI\Hazina.AI.RAG\Configuration\GraphRAGConfig.cs(29,13): warning MA0048: File name must match type name (https://github.com/meziantou/Meziantou.Analyzer/blob/main/docs/Rules/MA0048.md) [C:\Projects\Hazina\src\Core\AI\Hazina.AI.RAG\Hazina.AI.RAG.csproj::TargetFramework=net9.0]
C:\Projects\Hazina\src\Core\AI\Hazina.AI.RAG\Configuration\GraphRAGConfig.cs(1,1): warning SA1633: The file header is missing or not located at the top of the file. (https://github.com/DotNetAnalyzers/StyleCopAnalyzers/blob/master/documentation/SA1633.md) [C:\Projects\Hazina\src\Core\AI\Hazina.AI.RAG\Hazina.AI.RAG.csproj::TargetFramework=net9.0]
C:\Projects\Hazina\src\Core\AI\Hazina.AI.RAG\Configuration\GraphRAGConfig.cs(29,40): warning SA1136: Enum values should be on separate lines (https://github.com/DotNetAnalyzers/StyleCopAnalyzers/blob/master/documentation/SA1136.md) [C:\Projects\Hazina\src\Core\AI\Hazina.AI.RAG\Hazina.AI.RAG.csproj::TargetFramework=net9.0]
C:\Projects\Hazina\src\Core\AI\Hazina.AI.RAG\Configuration\GraphRAGConfig.cs(29,47): warning SA1136: Enum values should be on separate lines (https://github.com/DotNetAnalyzers/StyleCopAnalyzers/blob/master/documentation/SA1136.md) [C:\Projects\Hazina\src\Core\AI\Hazina.AI.RAG\Hazina.AI.RAG.csproj::TargetFramework=net9.0]
C:\Projects\Hazina\src\Core\AI\Hazina.AI.RAG\Configuration\GraphRAGConfig.cs(30,13): warning MA0048: File name must match type name (https://github.com/meziantou/Meziantou.Analyzer/blob/main/docs/Rules/MA0048.md) [C:\Projects\Hazina\src\Core\AI\Hazina.AI.RAG\Hazina.AI.RAG.csproj::TargetFramework=net9.0]
C:\Projects\Hazina\src\Core\AI\Hazina.AI.RAG\Configuration\GraphRAGConfig.cs(30,55): warning SA1136: Enum values should be on separate lines (https://github.com/DotNetAnalyzers/StyleCopAnalyzers/blob/master/documentation/SA1136.md) [C:\Projects\Hazina\src\Core\AI\Hazina.AI.RAG\Hazina.AI.RAG.csproj::TargetFramework=net9.0]
C:\Projects\Hazina\src\Core\AI\Hazina.AI.RAG\Configuration\GraphRAGConfig.cs(30,67): warning SA1136: Enum values should be on separate lines (https://github.com/DotNetAnalyzers/StyleCopAnalyzers/blob/master/documentation/SA1136.md) [C:\Projects\Hazina\src\Core\AI\Hazina.AI.RAG\Hazina.AI.RAG.csproj::TargetFramework=net9.0]
C:\Projects\Hazina\src\Core\AI\Hazina.AI.RAG\Configuration\GraphRAGConfig.cs(30,88): warning SA1136: Enum values should be on separate lines (https://github.com/DotNetAnalyzers/StyleCopAnalyzers/blob/master/documentation/SA1136.md) [C:\Projects\Hazina\src\Core\AI\Hazina.AI.RAG\Hazina.AI.RAG.csproj::TargetFramework=net9.0]
C:\Projects\Hazina\src\Core\AI\Hazina.AI.RAG\Core\RAGEngine.cs(4,1): warning SA1208: Using directive for 'System.Text' should appear before directive for 'Hazina.Neurochain.Core' (https://github.com/DotNetAnalyzers/StyleCopAnalyzers/blob/master/documentation/SA1208.md) [C:\Projects\Hazina\src\Core\AI\Hazina.AI.RAG\Hazina.AI.RAG.csproj::TargetFramework=net9.0]
C:\Projects\Hazina\src\Core\AI\Hazina.AI.RAG\Core\RAGEngine.cs(5,1): warning SA1208: Using directive for 'System.Text.RegularExpressions' should appear before directive for 'Hazina.Neurochain.Core' (https://github.com/DotNetAnalyzers/StyleCopAnalyzers/blob/master/documentation/SA1208.md) [C:\Projects\Hazina\src\Core\AI\Hazina.AI.RAG\Hazina.AI.RAG.csproj::TargetFramework=net9.0]
C:\Projects\Hazina\src\Core\AI\Hazina.AI.RAG\Configuration\GraphRAGConfig.cs(10,20): warning CA1056: Change the type of property 'GraphRAGConfig.Neo4jUri' from 'string' to 'System.Uri' (https://learn.microsoft.com/dotnet/fundamentals/code-analysis/quality-rules/ca1056) [C:\Projects\Hazina\src\Core\AI\Hazina.AI.RAG\Hazina.AI.RAG.csproj::TargetFramework=net9.0]
C:\Projects\Hazina\src\Core\AI\Hazina.AI.RAG\Configuration\GraphRAGConfig.cs(6,14): warning S101: Rename class 'GraphRAGConfig' to match pascal case naming rules, consider using 'GraphRagConfig'. (https://rules.sonarsource.com/csharp/RSPEC-101) [C:\Projects\Hazina\src\Core\AI\Hazina.AI.RAG\Hazina.AI.RAG.csproj::TargetFramework=net9.0]
C:\Projects\Hazina\src\Core\AI\Hazina.AI.RAG\Configuration\SemanticChunkingConfiguration.cs(1,1): warning SA1633: The file header is missing or not located at the top of the file. (https://github.com/DotNetAnalyzers/StyleCopAnalyzers/blob/master/documentation/SA1633.md) [C:\Projects\Hazina\src\Core\AI\Hazina.AI.RAG\Hazina.AI.RAG.csproj::TargetFramework=net9.0]
C:\Projects\Hazina\src\Core\AI\Hazina.AI.RAG\Configuration\GraphRAGConfig.cs(13,46): warning CA1805: Member 'AutoBuildGraph' is explicitly initialized to its default value (https://learn.microsoft.com/dotnet/fundamentals/code-analysis/quality-rules/ca1805) [C:\Projects\Hazina\src\Core\AI\Hazina.AI.RAG\Hazina.AI.RAG.csproj::TargetFramework=net9.0]
C:\Projects\Hazina\src\Core\AI\Hazina.AI.RAG\Configuration\GraphRAGConfig.cs(9,1): warning SA1516: Elements should be separated by blank line (https://github.com/DotNetAnalyzers/StyleCopAnalyzers/blob/master/documentation/SA1516.md) [C:\Projects\Hazina\src\Core\AI\Hazina.AI.RAG\Hazina.AI.RAG.csproj::TargetFramework=net9.0]
C:\Projects\Hazina\src\Core\AI\Hazina.AI.RAG\Configuration\GraphRAGConfig.cs(10,1): warning SA1516: Elements should be separated by blank line (https://github.com/DotNetAnalyzers/StyleCopAnalyzers/blob/master/documentation/SA1516.md) [C:\Projects\Hazina\src\Core\AI\Hazina.AI.RAG\Hazina.AI.RAG.csproj::TargetFramework=net9.0]
C:\Projects\Hazina\src\Core\AI\Hazina.AI.RAG\Configuration\GraphRAGConfig.cs(11,1): warning SA1516: Elements should be separated by blank line (https://github.com/DotNetAnalyzers/StyleCopAnalyzers/blob/master/documentation/SA1516.md) [C:\Projects\Hazina\src\Core\AI\Hazina.AI.RAG\Hazina.AI.RAG.csproj::TargetFramework=net9.0]
C:\Projects\Hazina\src\Core\AI\Hazina.AI.RAG\Configuration\GraphRAGConfig.cs(12,1): warning SA1516: Elements should be separated by blank line (https://github.com/DotNetAnalyzers/StyleCopAnalyzers/blob/master/documentation/SA1516.md) [C:\Projects\Hazina\src\Core\AI\Hazina.AI.RAG\Hazina.AI.RAG.csproj::TargetFramework=net9.0]
C:\Projects\Hazina\src\Core\AI\Hazina.AI.RAG\Configuration\GraphRAGConfig.cs(13,1): warning SA1516: Elements should be separated by blank line (https://github.com/DotNetAnalyzers/StyleCopAnalyzers/blob/master/documentation/SA1516.md) [C:\Projects\Hazina\src\Core\AI\Hazina.AI.RAG\Hazina.AI.RAG.csproj::TargetFramework=net9.0]
C:\Projects\Hazina\src\Core\AI\Hazina.AI.RAG\Configuration\GraphRAGConfig.cs(14,1): warning SA1516: Elements should be separated by blank line (https://github.com/DotNetAnalyzers/StyleCopAnalyzers/blob/master/documentation/SA1516.md) [C:\Projects\Hazina\src\Core\AI\Hazina.AI.RAG\Hazina.AI.RAG.csproj::TargetFramework=net9.0]
C:\Projects\Hazina\src\Core\AI\Hazina.AI.RAG\Configuration\GraphRAGConfig.cs(15,1): warning SA1516: Elements should be separated by blank line (https://github.com/DotNetAnalyzers/StyleCopAnalyzers/blob/master/documentation/SA1516.md) [C:\Projects\Hazina\src\Core\AI\Hazina.AI.RAG\Hazina.AI.RAG.csproj::TargetFramework=net9.0]
C:\Projects\Hazina\src\Core\AI\Hazina.AI.RAG\Configuration\GraphRAGConfig.cs(16,1): warning SA1516: Elements should be separated by blank line (https://github.com/DotNetAnalyzers/StyleCopAnalyzers/blob/master/documentation/SA1516.md) [C:\Projects\Hazina\src\Core\AI\Hazina.AI.RAG\Hazina.AI.RAG.csproj::TargetFramework=net9.0]
C:\Projects\Hazina\src\Core\AI\Hazina.AI.RAG\Configuration\GraphRAGConfig.cs(17,1): warning SA1516: Elements should be separated by blank line (https://github.com/DotNetAnalyzers/StyleCopAnalyzers/blob/master/documentation/SA1516.md) [C:\Projects\Hazina\src\Core\AI\Hazina.AI.RAG\Hazina.AI.RAG.csproj::TargetFramework=net9.0]
C:\Projects\Hazina\src\Core\AI\Hazina.AI.RAG\Configuration\GraphRAGConfig.cs(18,1): warning SA1516: Elements should be separated by blank line (https://github.com/DotNetAnalyzers/StyleCopAnalyzers/blob/master/documentation/SA1516.md) [C:\Projects\Hazina\src\Core\AI\Hazina.AI.RAG\Hazina.AI.RAG.csproj::TargetFramework=net9.0]
C:\Projects\Hazina\src\Core\AI\Hazina.AI.RAG\Configuration\GraphRAGConfig.cs(19,1): warning SA1516: Elements should be separated by blank line (https://github.com/DotNetAnalyzers/StyleCopAnalyzers/blob/master/documentation/SA1516.md) [C:\Projects\Hazina\src\Core\AI\Hazina.AI.RAG\Hazina.AI.RAG.csproj::TargetFramework=net9.0]
C:\Projects\Hazina\src\Core\AI\Hazina.AI.RAG\Configuration\GraphRAGConfig.cs(20,1): warning SA1516: Elements should be separated by blank line (https://github.com/DotNetAnalyzers/StyleCopAnalyzers/blob/master/documentation/SA1516.md) [C:\Projects\Hazina\src\Core\AI\Hazina.AI.RAG\Hazina.AI.RAG.csproj::TargetFramework=net9.0]
C:\Projects\Hazina\src\Core\AI\Hazina.AI.RAG\Configuration\GraphRAGConfig.cs(21,1): warning SA1516: Elements should be separated by blank line (https://github.com/DotNetAnalyzers/StyleCopAnalyzers/blob/master/documentation/SA1516.md) [C:\Projects\Hazina\src\Core\AI\Hazina.AI.RAG\Hazina.AI.RAG.csproj::TargetFramework=net9.0]
C:\Projects\Hazina\src\Core\AI\Hazina.AI.RAG\Configuration\GraphRAGConfig.cs(22,1): warning SA1516: Elements should be separated by blank line (https://github.com/DotNetAnalyzers/StyleCopAnalyzers/blob/master/documentation/SA1516.md) [C:\Projects\Hazina\src\Core\AI\Hazina.AI.RAG\Hazina.AI.RAG.csproj::TargetFramework=net9.0]
C:\Projects\Hazina\src\Core\AI\Hazina.AI.RAG\Configuration\GraphRAGConfig.cs(23,1): warning SA1516: Elements should be separated by blank line (https://github.com/DotNetAnalyzers/StyleCopAnalyzers/blob/master/documentation/SA1516.md) [C:\Projects\Hazina\src\Core\AI\Hazina.AI.RAG\Hazina.AI.RAG.csproj::TargetFramework=net9.0]
C:\Projects\Hazina\src\Core\AI\Hazina.AI.RAG\Configuration\GraphRAGConfig.cs(24,1): warning SA1516: Elements should be separated by blank line (https://github.com/DotNetAnalyzers/StyleCopAnalyzers/blob/master/documentation/SA1516.md) [C:\Projects\Hazina\src\Core\AI\Hazina.AI.RAG\Hazina.AI.RAG.csproj::TargetFramework=net9.0]
C:\Projects\Hazina\src\Core\AI\Hazina.AI.RAG\Configuration\GraphRAGConfig.cs(25,1): warning SA1516: Elements should be separated by blank line (https://github.com/DotNetAnalyzers/StyleCopAnalyzers/blob/master/documentation/SA1516.md) [C:\Projects\Hazina\src\Core\AI\Hazina.AI.RAG\Hazina.AI.RAG.csproj::TargetFramework=net9.0]
C:\Projects\Hazina\src\Core\AI\Hazina.AI.RAG\Configuration\GraphRAGConfig.cs(26,1): warning SA1516: Elements should be separated by blank line (https://github.com/DotNetAnalyzers/StyleCopAnalyzers/blob/master/documentation/SA1516.md) [C:\Projects\Hazina\src\Core\AI\Hazina.AI.RAG\Hazina.AI.RAG.csproj::TargetFramework=net9.0]
C:\Projects\Hazina\src\Core\AI\Hazina.AI.RAG\Configuration\SemanticChunkingConfiguration.cs(7,69): warning SA1629: Documentation text should end with a period (https://github.com/DotNetAnalyzers/StyleCopAnalyzers/blob/master/documentation/SA1629.md) [C:\Projects\Hazina\src\Core\AI\Hazina.AI.RAG\Hazina.AI.RAG.csproj::TargetFramework=net9.0]
C:\Projects\Hazina\src\Core\AI\Hazina.AI.RAG\Core\RAGEngine.cs(531,14): warning MA0048: File name must match type name (https://github.com/meziantou/Meziantou.Analyzer/blob/main/docs/Rules/MA0048.md) [C:\Projects\Hazina\src\Core\AI\Hazina.AI.RAG\Hazina.AI.RAG.csproj::TargetFramework=net9.0]
C:\Projects\Hazina\src\Core\AI\Hazina.AI.RAG\Core\RAGEngine.cs(536,45): warning CA1805: Member 'UseNeurochain' is explicitly initialized to its default value (https://learn.microsoft.com/dotnet/fundamentals/code-analysis/quality-rules/ca1805) [C:\Projects\Hazina\src\Core\AI\Hazina.AI.RAG\Hazina.AI.RAG.csproj::TargetFramework=net9.0]
C:\Projects\Hazina\src\Core\AI\Hazina.AI.RAG\Core\RAGEngine.cs(552,28): warning SA1623: The property's documentation summary text should begin with: 'Gets or sets' (https://github.com/DotNetAnalyzers/StyleCopAnalyzers/blob/master/documentation/SA1623.md) [C:\Projects\Hazina\src\Core\AI\Hazina.AI.RAG\Hazina.AI.RAG.csproj::TargetFramework=net9.0]
C:\Projects\Hazina\src\Core\AI\Hazina.AI.RAG\Core\RAGEngine.cs(545,17): warning SA1623: The property's documentation summary text should begin with: 'Gets or sets a value indicating whether' (https://github.com/DotNetAnalyzers/StyleCopAnalyzers/blob/master/documentation/SA1623.md) [C:\Projects\Hazina\src\Core\AI\Hazina.AI.RAG\Hazina.AI.RAG.csproj::TargetFramework=net9.0]
C:\Projects\Hazina\src\Core\AI\Hazina.AI.RAG\Core\RAGEngine.cs(538,47): warning CA1805: Member 'RequireCitation' is explicitly initialized to its default value (https://learn.microsoft.com/dotnet/fundamentals/code-analysis/quality-rules/ca1805) [C:\Projects\Hazina\src\Core\AI\Hazina.AI.RAG\Hazina.AI.RAG.csproj::TargetFramework=net9.0]
C:\Projects\Hazina\src\Core\AI\Hazina.AI.RAG\Core\RAGEngine.cs(573,28): warning SA1623: The property's documentation summary text should begin with: 'Gets or sets' (https://github.com/DotNetAnalyzers/StyleCopAnalyzers/blob/master/documentation/SA1623.md) [C:\Projects\Hazina\src\Core\AI\Hazina.AI.RAG\Hazina.AI.RAG.csproj::TargetFramework=net9.0]
C:\Projects\Hazina\src\Core\AI\Hazina.AI.RAG\Core\RAGEngine.cs(567,17): warning SA1623: The property's documentation summary text should begin with: 'Gets or sets a value indicating whether' (https://github.com/DotNetAnalyzers/StyleCopAnalyzers/blob/master/documentation/SA1623.md) [C:\Projects\Hazina\src\Core\AI\Hazina.AI.RAG\Hazina.AI.RAG.csproj::TargetFramework=net9.0]
C:\Projects\Hazina\src\Core\AI\Hazina.AI.RAG\Core\RAGEngine.cs(579,20): warning SA1623: The property's documentation summary text should begin with: 'Gets or sets' (https://github.com/DotNetAnalyzers/StyleCopAnalyzers/blob/master/documentation/SA1623.md) [C:\Projects\Hazina\src\Core\AI\Hazina.AI.RAG\Hazina.AI.RAG.csproj::TargetFramework=net9.0]
C:\Projects\Hazina\src\Core\AI\Hazina.AI.RAG\Core\RAGEngine.cs(567,51): warning CA1805: Member 'UseCompositeScoring' is explicitly initialized to its default value (https://learn.microsoft.com/dotnet/fundamentals/code-analysis/quality-rules/ca1805) [C:\Projects\Hazina\src\Core\AI\Hazina.AI.RAG\Hazina.AI.RAG.csproj::TargetFramework=net9.0]
C:\Projects\Hazina\src\Core\AI\Hazina.AI.RAG\Core\RAGEngine.cs(531,14): warning S101: Rename class 'RAGQueryOptions' to match pascal case naming rules, consider using 'RagQueryOptions'. (https://rules.sonarsource.com/csharp/RSPEC-101) [C:\Projects\Hazina\src\Core\AI\Hazina.AI.RAG\Hazina.AI.RAG.csproj::TargetFramework=net9.0]
C:\Projects\Hazina\src\Core\AI\Hazina.AI.RAG\Core\RAGEngine.cs(585,22): warning SA1623: The property's documentation summary text should begin with: 'Gets or sets' (https://github.com/DotNetAnalyzers/StyleCopAnalyzers/blob/master/documentation/SA1623.md) [C:\Projects\Hazina\src\Core\AI\Hazina.AI.RAG\Hazina.AI.RAG.csproj::TargetFramework=net9.0]
C:\Projects\Hazina\src\Core\AI\Hazina.AI.RAG\Core\RAGEngine.cs(529,22): warning SA1629: Documentation text should end with a period (https://github.com/DotNetAnalyzers/StyleCopAnalyzers/blob/master/documentation/SA1629.md) [C:\Projects\Hazina\src\Core\AI\Hazina.AI.RAG\Hazina.AI.RAG.csproj::TargetFramework=net9.0]
C:\Projects\Hazina\src\Core\AI\Hazina.AI.RAG\Core\RAGEngine.cs(534,1): warning SA1516: Elements should be separated by blank line (https://github.com/DotNetAnalyzers/StyleCopAnalyzers/blob/master/documentation/SA1516.md) [C:\Projects\Hazina\src\Core\AI\Hazina.AI.RAG\Hazina.AI.RAG.csproj::TargetFramework=net9.0]
C:\Projects\Hazina\src\Core\AI\Hazina.AI.RAG\Core\RAGEngine.cs(535,1): warning SA1516: Elements should be separated by blank line (https://github.com/DotNetAnalyzers/StyleCopAnalyzers/blob/master/documentation/SA1516.md) [C:\Projects\Hazina\src\Core\AI\Hazina.AI.RAG\Hazina.AI.RAG.csproj::TargetFramework=net9.0]
C:\Projects\Hazina\src\Core\AI\Hazina.AI.RAG\Core\RAGEngine.cs(536,1): warning SA1516: Elements should be separated by blank line (https://github.com/DotNetAnalyzers/StyleCopAnalyzers/blob/master/documentation/SA1516.md) [C:\Projects\Hazina\src\Core\AI\Hazina.AI.RAG\Hazina.AI.RAG.csproj::TargetFramework=net9.0]
C:\Projects\Hazina\src\Core\AI\Hazina.AI.RAG\Core\RAGEngine.cs(537,1): warning SA1516: Elements should be separated by blank line (https://github.com/DotNetAnalyzers/StyleCopAnalyzers/blob/master/documentation/SA1516.md) [C:\Projects\Hazina\src\Core\AI\Hazina.AI.RAG\Hazina.AI.RAG.csproj::TargetFramework=net9.0]
C:\Projects\Hazina\src\Core\AI\Hazina.AI.RAG\Core\RAGEngine.cs(538,1): warning SA1516: Elements should be separated by blank line (https://github.com/DotNetAnalyzers/StyleCopAnalyzers/blob/master/documentation/SA1516.md) [C:\Projects\Hazina\src\Core\AI\Hazina.AI.RAG\Hazina.AI.RAG.csproj::TargetFramework=net9.0]
C:\Projects\Hazina\src\Core\AI\Hazina.AI.RAG\Core\RAGEngine.cs(558,20): warning SA1623: The property's documentation summary text should begin with: 'Gets or sets' (https://github.com/DotNetAnalyzers/StyleCopAnalyzers/blob/master/documentation/SA1623.md) [C:\Projects\Hazina\src\Core\AI\Hazina.AI.RAG\Hazina.AI.RAG.csproj::TargetFramework=net9.0]
C:\Projects\Hazina\src\Core\AI\Hazina.AI.RAG\Graph\Explainability\RetrievalTrace.cs(15,32): warning CA2227: Change 'Steps' to be read-only by removing the property setter (https://learn.microsoft.com/dotnet/fundamentals/code-analysis/quality-rules/ca2227) [C:\Projects\Hazina\src\Core\AI\Hazina.AI.RAG\Hazina.AI.RAG.csproj::TargetFramework=net9.0]
C:\Projects\Hazina\src\Core\AI\Hazina.AI.RAG\Graph\Explainability\RetrievalTrace.cs(15,32): warning CA1002: Change 'List<RetrievalStep>' in 'RetrievalTrace.Steps' to use 'Collection<T>', 'ReadOnlyCollection<T>' or 'KeyedCollection<K,V>' (https://learn.microsoft.com/dotnet/fundamentals/code-analysis/quality-rules/ca1002) [C:\Projects\Hazina\src\Core\AI\Hazina.AI.RAG\Hazina.AI.RAG.csproj::TargetFramework=net9.0]
C:\Projects\Hazina\src\Core\AI\Hazina.AI.RAG\Graph\Explainability\RetrievalTrace.cs(15,12): warning MA0016: Prefer using collection abstraction instead of implementation (https://github.com/meziantou/Meziantou.Analyzer/blob/main/docs/Rules/MA0016.md) [C:\Projects\Hazina\src\Core\AI\Hazina.AI.RAG\Hazina.AI.RAG.csproj::TargetFramework=net9.0]
C:\Projects\Hazina\src\Core\AI\Hazina.AI.RAG\Graph\Explainability\RetrievalTrace.cs(13,1): warning SA1516: Elements should be separated by blank line (https://github.com/DotNetAnalyzers/StyleCopAnalyzers/blob/master/documentation/SA1516.md) [C:\Projects\Hazina\src\Core\AI\Hazina.AI.RAG\Hazina.AI.RAG.csproj::TargetFramework=net9.0]
C:\Projects\Hazina\src\Core\AI\Hazina.AI.RAG\Graph\Explainability\RetrievalTrace.cs(14,1): warning SA1516: Elements should be separated by blank line (https://github.com/DotNetAnalyzers/StyleCopAnalyzers/blob/master/documentation/SA1516.md) [C:\Projects\Hazina\src\Core\AI\Hazina.AI.RAG\Hazina.AI.RAG.csproj::TargetFramework=net9.0]
C:\Projects\Hazina\src\Core\AI\Hazina.AI.RAG\Graph\Explainability\RetrievalTrace.cs(15,1): warning SA1516: Elements should be separated by blank line (https://github.com/DotNetAnalyzers/StyleCopAnalyzers/blob/master/documentation/SA1516.md) [C:\Projects\Hazina\src\Core\AI\Hazina.AI.RAG\Hazina.AI.RAG.csproj::TargetFramework=net9.0]
C:\Projects\Hazina\src\Core\AI\Hazina.AI.RAG\Graph\Explainability\RetrievalTrace.cs(16,1): warning SA1516: Elements should be separated by blank line (https://github.com/DotNetAnalyzers/StyleCopAnalyzers/blob/master/documentation/SA1516.md) [C:\Projects\Hazina\src\Core\AI\Hazina.AI.RAG\Hazina.AI.RAG.csproj::TargetFramework=net9.0]
C:\Projects\Hazina\src\Core\AI\Hazina.AI.RAG\Graph\Explainability\RetrievalTrace.cs(17,1): warning SA1516: Elements should be separated by blank line (https://github.com/DotNetAnalyzers/StyleCopAnalyzers/blob/master/documentation/SA1516.md) [C:\Projects\Hazina\src\Core\AI\Hazina.AI.RAG\Hazina.AI.RAG.csproj::TargetFramework=net9.0]
C:\Projects\Hazina\src\Core\AI\Hazina.AI.RAG\Graph\Explainability\RetrievalTrace.cs(28,39): warning CA2227: Change 'Metadata' to be read-only by removing the property setter (https://learn.microsoft.com/dotnet/fundamentals/code-analysis/quality-rules/ca2227) [C:\Projects\Hazina\src\Core\AI\Hazina.AI.RAG\Hazina.AI.RAG.csproj::TargetFramework=net9.0]
C:\Projects\Hazina\src\Core\AI\Hazina.AI.RAG\Graph\Explainability\RetrievalTrace.cs(28,12): warning MA0016: Prefer using collection abstraction instead of implementation (https://github.com/meziantou/Meziantou.Analyzer/blob/main/docs/Rules/MA0016.md) [C:\Projects\Hazina\src\Core\AI\Hazina.AI.RAG\Hazina.AI.RAG.csproj::TargetFramework=net9.0]
C:\Projects\Hazina\src\Core\AI\Hazina.AI.RAG\Graph\Explainability\RetrievalTrace.cs(23,14): warning MA0048: File name must match type name (https://github.com/meziantou/Meziantou.Analyzer/blob/main/docs/Rules/MA0048.md) [C:\Projects\Hazina\src\Core\AI\Hazina.AI.RAG\Hazina.AI.RAG.csproj::TargetFramework=net9.0]
C:\Projects\Hazina\src\Core\AI\Hazina.AI.RAG\Core\RAGEngine.cs(521,14): warning MA0048: File name must match type name (https://github.com/meziantou/Meziantou.Analyzer/blob/main/docs/Rules/MA0048.md) [C:\Projects\Hazina\src\Core\AI\Hazina.AI.RAG\Hazina.AI.RAG.csproj::TargetFramework=net9.0]
C:\Projects\Hazina\src\Core\AI\Hazina.AI.RAG\Core\RAGEngine.cs(521,14): warning S101: Rename class 'RAGConfig' to match pascal case naming rules, consider using 'RagConfig'. (https://rules.sonarsource.com/csharp/RSPEC-101) [C:\Projects\Hazina\src\Core\AI\Hazina.AI.RAG\Hazina.AI.RAG.csproj::TargetFramework=net9.0]
C:\Projects\Hazina\src\Core\AI\Hazina.AI.RAG\Core\RAGEngine.cs(519,22): warning SA1629: Documentation text should end with a period (https://github.com/DotNetAnalyzers/StyleCopAnalyzers/blob/master/documentation/SA1629.md) [C:\Projects\Hazina\src\Core\AI\Hazina.AI.RAG\Hazina.AI.RAG.csproj::TargetFramework=net9.0]
C:\Projects\Hazina\src\Core\AI\Hazina.AI.RAG\Graph\Explainability\RetrievalTrace.cs(26,1): warning SA1516: Elements should be separated by blank line (https://github.com/DotNetAnalyzers/StyleCopAnalyzers/blob/master/documentation/SA1516.md) [C:\Projects\Hazina\src\Core\AI\Hazina.AI.RAG\Hazina.AI.RAG.csproj::TargetFramework=net9.0]
C:\Projects\Hazina\src\Core\AI\Hazina.AI.RAG\Core\RAGEngine.cs(524,1): warning SA1516: Elements should be separated by blank line (https://github.com/DotNetAnalyzers/StyleCopAnalyzers/blob/master/documentation/SA1516.md) [C:\Projects\Hazina\src\Core\AI\Hazina.AI.RAG\Hazina.AI.RAG.csproj::TargetFramework=net9.0]
C:\Projects\Hazina\src\Core\AI\Hazina.AI.RAG\Graph\Explainability\RetrievalTrace.cs(27,1): warning SA1516: Elements should be separated by blank line (https://github.com/DotNetAnalyzers/StyleCopAnalyzers/blob/master/documentation/SA1516.md) [C:\Projects\Hazina\src\Core\AI\Hazina.AI.RAG\Hazina.AI.RAG.csproj::TargetFramework=net9.0]
C:\Projects\Hazina\src\Core\AI\Hazina.AI.RAG\Core\RAGEngine.cs(525,1): warning SA1516: Elements should be separated by blank line (https://github.com/DotNetAnalyzers/StyleCopAnalyzers/blob/master/documentation/SA1516.md) [C:\Projects\Hazina\src\Core\AI\Hazina.AI.RAG\Hazina.AI.RAG.csproj::TargetFramework=net9.0]
C:\Projects\Hazina\src\Core\AI\Hazina.AI.RAG\Graph\Explainability\RetrievalTrace.cs(28,1): warning SA1516: Elements should be separated by blank line (https://github.com/DotNetAnalyzers/StyleCopAnalyzers/blob/master/documentation/SA1516.md) [C:\Projects\Hazina\src\Core\AI\Hazina.AI.RAG\Hazina.AI.RAG.csproj::TargetFramework=net9.0]
C:\Projects\Hazina\src\Core\AI\Hazina.AI.RAG\Graph\Explainability\RetrievalTrace.cs(34,14): warning CA1052: Type 'ExplainabilityService' is a static holder type but is neither static nor NotInheritable (https://learn.microsoft.com/dotnet/fundamentals/code-analysis/quality-rules/ca1052) [C:\Projects\Hazina\src\Core\AI\Hazina.AI.RAG\Hazina.AI.RAG.csproj::TargetFramework=net9.0]
C:\Projects\Hazina\src\Core\AI\Hazina.AI.RAG\Graph\Explainability\RetrievalTrace.cs(34,14): warning MA0048: File name must match type name (https://github.com/meziantou/Meziantou.Analyzer/blob/main/docs/Rules/MA0048.md) [C:\Projects\Hazina\src\Core\AI\Hazina.AI.RAG\Hazina.AI.RAG.csproj::TargetFramework=net9.0]
C:\Projects\Hazina\src\Core\AI\Hazina.AI.RAG\Core\RAGEngine.cs(605,14): warning MA0048: File name must match type name (https://github.com/meziantou/Meziantou.Analyzer/blob/main/docs/Rules/MA0048.md) [C:\Projects\Hazina\src\Core\AI\Hazina.AI.RAG\Hazina.AI.RAG.csproj::TargetFramework=net9.0]
C:\Projects\Hazina\src\Core\AI\Hazina.AI.RAG\Graph\Explainability\RetrievalTrace.cs(34,14): warning S1118: Add a 'protected' constructor or the 'static' keyword to the class declaration. (https://rules.sonarsource.com/csharp/RSPEC-1118) [C:\Projects\Hazina\src\Core\AI\Hazina.AI.RAG\Hazina.AI.RAG.csproj::TargetFramework=net9.0]
C:\Projects\Hazina\src\Core\AI\Hazina.AI.RAG\Core\RAGEngine.cs(609,39): warning CA2227: Change 'Metadata' to be read-only by removing the property setter (https://learn.microsoft.com/dotnet/fundamentals/code-analysis/quality-rules/ca2227) [C:\Projects\Hazina\src\Core\AI\Hazina.AI.RAG\Hazina.AI.RAG.csproj::TargetFramework=net9.0]
C:\Projects\Hazina\src\Core\AI\Hazina.AI.RAG\Graph\Explainability\RetrievalTrace.cs(28,64): warning MA0002: Use an overload that has a IEqualityComparer<string> or IComparer<string> parameter (https://github.com/meziantou/Meziantou.Analyzer/blob/main/docs/Rules/MA0002.md) [C:\Projects\Hazina\src\Core\AI\Hazina.AI.RAG\Hazina.AI.RAG.csproj::TargetFramework=net9.0]
C:\Projects\Hazina\src\Core\AI\Hazina.AI.RAG\Core\RAGEngine.cs(603,26): warning SA1629: Documentation text should end with a period (https://github.com/DotNetAnalyzers/StyleCopAnalyzers/blob/master/documentation/SA1629.md) [C:\Projects\Hazina\src\Core\AI\Hazina.AI.RAG\Hazina.AI.RAG.csproj::TargetFramework=net9.0]
C:\Projects\Hazina\src\Core\AI\Hazina.AI.RAG\Core\RAGEngine.cs(608,1): warning SA1516: Elements should be separated by blank line (https://github.com/DotNetAnalyzers/StyleCopAnalyzers/blob/master/documentation/SA1516.md) [C:\Projects\Hazina\src\Core\AI\Hazina.AI.RAG\Hazina.AI.RAG.csproj::TargetFramework=net9.0]
C:\Projects\Hazina\src\Core\AI\Hazina.AI.RAG\Core\RAGEngine.cs(609,1): warning SA1516: Elements should be separated by blank line (https://github.com/DotNetAnalyzers/StyleCopAnalyzers/blob/master/documentation/SA1516.md) [C:\Projects\Hazina\src\Core\AI\Hazina.AI.RAG\Hazina.AI.RAG.csproj::TargetFramework=net9.0]
C:\Projects\Hazina\src\Core\AI\Hazina.AI.RAG\Core\RAGEngine.cs(609,12): warning MA0016: Prefer using collection abstraction instead of implementation (https://github.com/meziantou/Meziantou.Analyzer/blob/main/docs/Rules/MA0016.md) [C:\Projects\Hazina\src\Core\AI\Hazina.AI.RAG\Hazina.AI.RAG.csproj::TargetFramework=net9.0]
C:\Projects\Hazina\src\Core\AI\Hazina.AI.RAG\Graph\Models\GraphEntity.cs(16,25): warning CA2227: Change 'SourceDocuments' to be read-only by removing the property setter (https://learn.microsoft.com/dotnet/fundamentals/code-analysis/quality-rules/ca2227) [C:\Projects\Hazina\src\Core\AI\Hazina.AI.RAG\Hazina.AI.RAG.csproj::TargetFramework=net9.0]
C:\Projects\Hazina\src\Core\AI\Hazina.AI.RAG\Graph\Models\GraphEntity.cs(12,39): warning CA2227: Change 'Properties' to be read-only by removing the property setter (https://learn.microsoft.com/dotnet/fundamentals/code-analysis/quality-rules/ca2227) [C:\Projects\Hazina\src\Core\AI\Hazina.AI.RAG\Hazina.AI.RAG.csproj::TargetFramework=net9.0]
C:\Projects\Hazina\src\Core\AI\Hazina.AI.RAG\Graph\Models\GraphEntity.cs(12,12): warning MA0016: Prefer using collection abstraction instead of implementation (https://github.com/meziantou/Meziantou.Analyzer/blob/main/docs/Rules/MA0016.md) [C:\Projects\Hazina\src\Core\AI\Hazina.AI.RAG\Hazina.AI.RAG.csproj::TargetFramework=net9.0]
C:\Projects\Hazina\src\Core\AI\Hazina.AI.RAG\Graph\Models\GraphEntity.cs(9,1): warning SA1516: Elements should be separated by blank line (https://github.com/DotNetAnalyzers/StyleCopAnalyzers/blob/master/documentation/SA1516.md) [C:\Projects\Hazina\src\Core\AI\Hazina.AI.RAG\Hazina.AI.RAG.csproj::TargetFramework=net9.0]
C:\Projects\Hazina\src\Core\AI\Hazina.AI.RAG\Graph\Models\GraphEntity.cs(10,1): warning SA1516: Elements should be separated by blank line (https://github.com/DotNetAnalyzers/StyleCopAnalyzers/blob/master/documentation/SA1516.md) [C:\Projects\Hazina\src\Core\AI\Hazina.AI.RAG\Hazina.AI.RAG.csproj::TargetFramework=net9.0]
C:\Projects\Hazina\src\Core\AI\Hazina.AI.RAG\Graph\Models\GraphEntity.cs(11,1): warning SA1516: Elements should be separated by blank line (https://github.com/DotNetAnalyzers/StyleCopAnalyzers/blob/master/documentation/SA1516.md) [C:\Projects\Hazina\src\Core\AI\Hazina.AI.RAG\Hazina.AI.RAG.csproj::TargetFramework=net9.0]
C:\Projects\Hazina\src\Core\AI\Hazina.AI.RAG\Graph\Models\GraphEntity.cs(12,1): warning SA1516: Elements should be separated by blank line (https://github.com/DotNetAnalyzers/StyleCopAnalyzers/blob/master/documentation/SA1516.md) [C:\Projects\Hazina\src\Core\AI\Hazina.AI.RAG\Hazina.AI.RAG.csproj::TargetFramework=net9.0]
C:\Projects\Hazina\src\Core\AI\Hazina.AI.RAG\Graph\Models\GraphEntity.cs(13,1): warning SA1516: Elements should be separated by blank line (https://github.com/DotNetAnalyzers/StyleCopAnalyzers/blob/master/documentation/SA1516.md) [C:\Projects\Hazina\src\Core\AI\Hazina.AI.RAG\Hazina.AI.RAG.csproj::TargetFramework=net9.0]
C:\Projects\Hazina\src\Core\AI\Hazina.AI.RAG\Graph\Models\GraphEntity.cs(14,1): warning SA1516: Elements should be separated by blank line (https://github.com/DotNetAnalyzers/StyleCopAnalyzers/blob/master/documentation/SA1516.md) [C:\Projects\Hazina\src\Core\AI\Hazina.AI.RAG\Hazina.AI.RAG.csproj::TargetFramework=net9.0]
C:\Projects\Hazina\src\Core\AI\Hazina.AI.RAG\Graph\Models\GraphEntity.cs(15,1): warning SA1516: Elements should be separated by blank line (https://github.com/DotNetAnalyzers/StyleCopAnalyzers/blob/master/documentation/SA1516.md) [C:\Projects\Hazina\src\Core\AI\Hazina.AI.RAG\Hazina.AI.RAG.csproj::TargetFramework=net9.0]
C:\Projects\Hazina\src\Core\AI\Hazina.AI.RAG\Graph\Models\GraphEntity.cs(16,1): warning SA1516: Elements should be separated by blank line (https://github.com/DotNetAnalyzers/StyleCopAnalyzers/blob/master/documentation/SA1516.md) [C:\Projects\Hazina\src\Core\AI\Hazina.AI.RAG\Hazina.AI.RAG.csproj::TargetFramework=net9.0]
C:\Projects\Hazina\src\Core\AI\Hazina.AI.RAG\Graph\Models\GraphEntity.cs(17,1): warning SA1516: Elements should be separated by blank line (https://github.com/DotNetAnalyzers/StyleCopAnalyzers/blob/master/documentation/SA1516.md) [C:\Projects\Hazina\src\Core\AI\Hazina.AI.RAG\Hazina.AI.RAG.csproj::TargetFramework=net9.0]
C:\Projects\Hazina\src\Core\AI\Hazina.AI.RAG\Graph\Models\GraphEntity.cs(18,1): warning SA1516: Elements should be separated by blank line (https://github.com/DotNetAnalyzers/StyleCopAnalyzers/blob/master/documentation/SA1516.md) [C:\Projects\Hazina\src\Core\AI\Hazina.AI.RAG\Hazina.AI.RAG.csproj::TargetFramework=net9.0]
C:\Projects\Hazina\src\Core\AI\Hazina.AI.RAG\Graph\Models\GraphEntity.cs(19,1): warning SA1516: Elements should be separated by blank line (https://github.com/DotNetAnalyzers/StyleCopAnalyzers/blob/master/documentation/SA1516.md) [C:\Projects\Hazina\src\Core\AI\Hazina.AI.RAG\Hazina.AI.RAG.csproj::TargetFramework=net9.0]
C:\Projects\Hazina\src\Core\AI\Hazina.AI.RAG\Graph\Models\GraphEntity.cs(20,1): warning SA1516: Elements should be separated by blank line (https://github.com/DotNetAnalyzers/StyleCopAnalyzers/blob/master/documentation/SA1516.md) [C:\Projects\Hazina\src\Core\AI\Hazina.AI.RAG\Hazina.AI.RAG.csproj::TargetFramework=net9.0]
C:\Projects\Hazina\src\Core\AI\Hazina.AI.RAG\Graph\Models\GraphEntity.cs(15,21): warning CA1819: Properties should not return arrays (https://learn.microsoft.com/dotnet/fundamentals/code-analysis/quality-rules/ca1819) [C:\Projects\Hazina\src\Core\AI\Hazina.AI.RAG\Hazina.AI.RAG.csproj::TargetFramework=net9.0]
C:\Projects\Hazina\src\Core\AI\Hazina.AI.RAG\Core\RAGEngine.cs(609,64): warning MA0002: Use an overload that has a IEqualityComparer<string> or IComparer<string> parameter (https://github.com/meziantou/Meziantou.Analyzer/blob/main/docs/Rules/MA0002.md) [C:\Projects\Hazina\src\Core\AI\Hazina.AI.RAG\Hazina.AI.RAG.csproj::TargetFramework=net9.0]
C:\Projects\Hazina\src\Core\AI\Hazina.AI.RAG\Graph\Models\GraphEntity.cs(16,25): warning CA1002: Change 'List<string>' in 'GraphEntity.SourceDocuments' to use 'Collection<T>', 'ReadOnlyCollection<T>' or 'KeyedCollection<K,V>' (https://learn.microsoft.com/dotnet/fundamentals/code-analysis/quality-rules/ca1002) [C:\Projects\Hazina\src\Core\AI\Hazina.AI.RAG\Hazina.AI.RAG.csproj::TargetFramework=net9.0]
C:\Projects\Hazina\src\Core\AI\Hazina.AI.RAG\Graph\Models\GraphEntity.cs(16,12): warning MA0016: Prefer using collection abstraction instead of implementation (https://github.com/meziantou/Meziantou.Analyzer/blob/main/docs/Rules/MA0016.md) [C:\Projects\Hazina\src\Core\AI\Hazina.AI.RAG\Hazina.AI.RAG.csproj::TargetFramework=net9.0]
C:\Projects\Hazina\src\Core\AI\Hazina.AI.RAG\Graph\Models\GraphEntity.cs(20,40): warning CA2227: Change 'ExternalIds' to be read-only by removing the property setter (https://learn.microsoft.com/dotnet/fundamentals/code-analysis/quality-rules/ca2227) [C:\Projects\Hazina\src\Core\AI\Hazina.AI.RAG\Hazina.AI.RAG.csproj::TargetFramework=net9.0]
C:\Projects\Hazina\src\Core\AI\Hazina.AI.RAG\Graph\Models\GraphEntity.cs(19,25): warning CA2227: Change 'Aliases' to be read-only by removing the property setter (https://learn.microsoft.com/dotnet/fundamentals/code-analysis/quality-rules/ca2227) [C:\Projects\Hazina\src\Core\AI\Hazina.AI.RAG\Hazina.AI.RAG.csproj::TargetFramework=net9.0]
C:\Projects\Hazina\src\Core\AI\Hazina.AI.RAG\Graph\Models\GraphEntity.cs(19,25): warning CA1002: Change 'List<string>' in 'GraphEntity.Aliases' to use 'Collection<T>', 'ReadOnlyCollection<T>' or 'KeyedCollection<K,V>' (https://learn.microsoft.com/dotnet/fundamentals/code-analysis/quality-rules/ca1002) [C:\Projects\Hazina\src\Core\AI\Hazina.AI.RAG\Hazina.AI.RAG.csproj::TargetFramework=net9.0]
C:\Projects\Hazina\src\Core\AI\Hazina.AI.RAG\Graph\Models\GraphEntity.cs(19,12): warning MA0016: Prefer using collection abstraction instead of implementation (https://github.com/meziantou/Meziantou.Analyzer/blob/main/docs/Rules/MA0016.md) [C:\Projects\Hazina\src\Core\AI\Hazina.AI.RAG\Hazina.AI.RAG.csproj::TargetFramework=net9.0]
C:\Projects\Hazina\src\Core\AI\Hazina.AI.RAG\Graph\Models\GraphEntity.cs(20,12): warning MA0016: Prefer using collection abstraction instead of implementation (https://github.com/meziantou/Meziantou.Analyzer/blob/main/docs/Rules/MA0016.md) [C:\Projects\Hazina\src\Core\AI\Hazina.AI.RAG\Hazina.AI.RAG.csproj::TargetFramework=net9.0]
C:\Projects\Hazina\src\Core\AI\Hazina.AI.RAG\Graph\Models\GraphEntity.cs(12,66): warning MA0002: Use an overload that has a IEqualityComparer<string> or IComparer<string> parameter (https://github.com/meziantou/Meziantou.Analyzer/blob/main/docs/Rules/MA0002.md) [C:\Projects\Hazina\src\Core\AI\Hazina.AI.RAG\Hazina.AI.RAG.csproj::TargetFramework=net9.0]
C:\Projects\Hazina\src\Core\AI\Hazina.AI.RAG\Core\RAGEngine.cs(1,1): warning SA1633: The file header is missing or not located at the top of the file. (https://github.com/DotNetAnalyzers/StyleCopAnalyzers/blob/master/documentation/SA1633.md) [C:\Projects\Hazina\src\Core\AI\Hazina.AI.RAG\Hazina.AI.RAG.csproj::TargetFramework=net9.0]
C:\Projects\Hazina\src\Core\AI\Hazina.AI.RAG\Interfaces\IRetrievalCandidate.cs(12,12): warning SA1623: The property's documentation summary text should begin with: 'Gets' (https://github.com/DotNetAnalyzers/StyleCopAnalyzers/blob/master/documentation/SA1623.md) [C:\Projects\Hazina\src\Core\AI\Hazina.AI.RAG\Hazina.AI.RAG.csproj::TargetFramework=net9.0]
C:\Projects\Hazina\src\Core\AI\Hazina.AI.RAG\Interfaces\IRetrievalCandidate.cs(17,12): warning SA1623: The property's documentation summary text should begin with: 'Gets' (https://github.com/DotNetAnalyzers/StyleCopAnalyzers/blob/master/documentation/SA1623.md) [C:\Projects\Hazina\src\Core\AI\Hazina.AI.RAG\Hazina.AI.RAG.csproj::TargetFramework=net9.0]
C:\Projects\Hazina\src\Core\AI\Hazina.AI.RAG\Interfaces\IRetrievalCandidate.cs(15,64): warning SA1629: Documentation text should end with a period (https://github.com/DotNetAnalyzers/StyleCopAnalyzers/blob/master/documentation/SA1629.md) [C:\Projects\Hazina\src\Core\AI\Hazina.AI.RAG\Hazina.AI.RAG.csproj::TargetFramework=net9.0]
C:\Projects\Hazina\src\Core\AI\Hazina.AI.RAG\Interfaces\IRetrievalCandidate.cs(27,13): warning SA1623: The property's documentation summary text should begin with: 'Gets' (https://github.com/DotNetAnalyzers/StyleCopAnalyzers/blob/master/documentation/SA1623.md) [C:\Projects\Hazina\src\Core\AI\Hazina.AI.RAG\Hazina.AI.RAG.csproj::TargetFramework=net9.0]
C:\Projects\Hazina\src\Core\AI\Hazina.AI.RAG\Interfaces\IRetrievalCandidate.cs(37,5): warning MA0016: Prefer using collection abstraction instead of implementation (https://github.com/meziantou/Meziantou.Analyzer/blob/main/docs/Rules/MA0016.md) [C:\Projects\Hazina\src\Core\AI\Hazina.AI.RAG\Hazina.AI.RAG.csproj::TargetFramework=net9.0]
C:\Projects\Hazina\src\Core\AI\Hazina.AI.RAG\Interfaces\IRetrievalCandidate.cs(25,62): warning SA1629: Documentation text should end with a period (https://github.com/DotNetAnalyzers/StyleCopAnalyzers/blob/master/documentation/SA1629.md) [C:\Projects\Hazina\src\Core\AI\Hazina.AI.RAG\Hazina.AI.RAG.csproj::TargetFramework=net9.0]
C:\Projects\Hazina\src\Core\AI\Hazina.AI.RAG\Core\RAGEngine.cs(521,14): warning SA1402: File may only contain a single type (https://github.com/DotNetAnalyzers/StyleCopAnalyzers/blob/master/documentation/SA1402.md) [C:\Projects\Hazina\src\Core\AI\Hazina.AI.RAG\Hazina.AI.RAG.csproj::TargetFramework=net9.0]
C:\Projects\Hazina\src\Core\AI\Hazina.AI.RAG\Core\RAGEngine.cs(531,14): warning SA1402: File may only contain a single type (https://github.com/DotNetAnalyzers/StyleCopAnalyzers/blob/master/documentation/SA1402.md) [C:\Projects\Hazina\src\Core\AI\Hazina.AI.RAG\Hazina.AI.RAG.csproj::TargetFramework=net9.0]
C:\Projects\Hazina\src\Core\AI\Hazina.AI.RAG\Core\RAGEngine.cs(591,14): warning SA1402: File may only contain a single type (https://github.com/DotNetAnalyzers/StyleCopAnalyzers/blob/master/documentation/SA1402.md) [C:\Projects\Hazina\src\Core\AI\Hazina.AI.RAG\Hazina.AI.RAG.csproj::TargetFramework=net9.0]
C:\Projects\Hazina\src\Core\AI\Hazina.AI.RAG\Core\RAGEngine.cs(605,14): warning SA1402: File may only contain a single type (https://github.com/DotNetAnalyzers/StyleCopAnalyzers/blob/master/documentation/SA1402.md) [C:\Projects\Hazina\src\Core\AI\Hazina.AI.RAG\Hazina.AI.RAG.csproj::TargetFramework=net9.0]
C:\Projects\Hazina\src\Core\AI\Hazina.AI.RAG\Core\RAGEngine.cs(615,14): warning SA1402: File may only contain a single type (https://github.com/DotNetAnalyzers/StyleCopAnalyzers/blob/master/documentation/SA1402.md) [C:\Projects\Hazina\src\Core\AI\Hazina.AI.RAG\Hazina.AI.RAG.csproj::TargetFramework=net9.0]
C:\Projects\Hazina\src\Core\AI\Hazina.AI.RAG\Core\RAGEngine.cs(626,14): warning SA1402: File may only contain a single type (https://github.com/DotNetAnalyzers/StyleCopAnalyzers/blob/master/documentation/SA1402.md) [C:\Projects\Hazina\src\Core\AI\Hazina.AI.RAG\Hazina.AI.RAG.csproj::TargetFramework=net9.0]
C:\Projects\Hazina\src\Core\AI\Hazina.AI.RAG\Core\RAGEngine.cs(650,14): warning SA1402: File may only contain a single type (https://github.com/DotNetAnalyzers/StyleCopAnalyzers/blob/master/documentation/SA1402.md) [C:\Projects\Hazina\src\Core\AI\Hazina.AI.RAG\Hazina.AI.RAG.csproj::TargetFramework=net9.0]
C:\Projects\Hazina\src\Core\AI\Hazina.AI.RAG\Interfaces\IRetrievalCandidate.cs(37,33): warning SA1623: The property's documentation summary text should begin with: 'Gets' (https://github.com/DotNetAnalyzers/StyleCopAnalyzers/blob/master/documentation/SA1623.md) [C:\Projects\Hazina\src\Core\AI\Hazina.AI.RAG\Hazina.AI.RAG.csproj::TargetFramework=net9.0]
C:\Projects\Hazina\src\Core\AI\Hazina.AI.RAG\Core\RAGEngine.cs(591,14): warning MA0048: File name must match type name (https://github.com/meziantou/Meziantou.Analyzer/blob/main/docs/Rules/MA0048.md) [C:\Projects\Hazina\src\Core\AI\Hazina.AI.RAG\Hazina.AI.RAG.csproj::TargetFramework=net9.0]
C:\Projects\Hazina\src\Core\AI\Hazina.AI.RAG\Interfaces\IRetrievalCandidate.cs(35,44): warning SA1629: Documentation text should end with a period (https://github.com/DotNetAnalyzers/StyleCopAnalyzers/blob/master/documentation/SA1629.md) [C:\Projects\Hazina\src\Core\AI\Hazina.AI.RAG\Hazina.AI.RAG.csproj::TargetFramework=net9.0]
C:\Projects\Hazina\src\Core\AI\Hazina.AI.RAG\Interfaces\IRetrievalCandidate.cs(10,40): warning SA1629: Documentation text should end with a period (https://github.com/DotNetAnalyzers/StyleCopAnalyzers/blob/master/documentation/SA1629.md) [C:\Projects\Hazina\src\Core\AI\Hazina.AI.RAG\Hazina.AI.RAG.csproj::TargetFramework=net9.0]
C:\Projects\Hazina\src\Core\AI\Hazina.AI.RAG\Extensions\DocumentStoreSemanticExtensions.cs(41,36): warning S4136: All 'StoreWithSemanticChunking' method overloads should be adjacent. (https://rules.sonarsource.com/csharp/RSPEC-4136) [C:\Projects\Hazina\src\Core\AI\Hazina.AI.RAG\Hazina.AI.RAG.csproj::TargetFramework=net9.0]
C:\Projects\Hazina\src\Core\AI\Hazina.AI.RAG\Core\RAGEngine.cs(591,14): warning S101: Rename class 'RAGResponse' to match pascal case naming rules, consider using 'RagResponse'. (https://rules.sonarsource.com/csharp/RSPEC-101) [C:\Projects\Hazina\src\Core\AI\Hazina.AI.RAG\Hazina.AI.RAG.csproj::TargetFramework=net9.0]
C:\Projects\Hazina\src\Core\AI\Hazina.AI.RAG\Core\RAGEngine.cs(596,36): warning CA2227: Change 'RetrievedDocuments' to be read-only by removing the property setter (https://learn.microsoft.com/dotnet/fundamentals/code-analysis/quality-rules/ca2227) [C:\Projects\Hazina\src\Core\AI\Hazina.AI.RAG\Hazina.AI.RAG.csproj::TargetFramework=net9.0]
C:\Projects\Hazina\src\Core\AI\Hazina.AI.RAG\Core\RAGEngine.cs(596,36): warning CA1002: Change 'List<RetrievedDocument>' in 'RAGResponse.RetrievedDocuments' to use 'Collection<T>', 'ReadOnlyCollection<T>' or 'KeyedCollection<K,V>' (https://learn.microsoft.com/dotnet/fundamentals/code-analysis/quality-rules/ca1002) [C:\Projects\Hazina\src\Core\AI\Hazina.AI.RAG\Hazina.AI.RAG.csproj::TargetFramework=net9.0]
C:\Projects\Hazina\src\Core\AI\Hazina.AI.RAG\Core\RAGEngine.cs(589,17): warning SA1629: Documentation text should end with a period (https://github.com/DotNetAnalyzers/StyleCopAnalyzers/blob/master/documentation/SA1629.md) [C:\Projects\Hazina\src\Core\AI\Hazina.AI.RAG\Hazina.AI.RAG.csproj::TargetFramework=net9.0]
C:\Projects\Hazina\src\Core\AI\Hazina.AI.RAG\Core\RAGEngine.cs(596,12): warning MA0016: Prefer using collection abstraction instead of implementation (https://github.com/meziantou/Meziantou.Analyzer/blob/main/docs/Rules/MA0016.md) [C:\Projects\Hazina\src\Core\AI\Hazina.AI.RAG\Hazina.AI.RAG.csproj::TargetFramework=net9.0]
C:\Projects\Hazina\src\Core\AI\Hazina.AI.RAG\Core\RAGEngine.cs(594,1): warning SA1516: Elements should be separated by blank line (https://github.com/DotNetAnalyzers/StyleCopAnalyzers/blob/master/documentation/SA1516.md) [C:\Projects\Hazina\src\Core\AI\Hazina.AI.RAG\Hazina.AI.RAG.csproj::TargetFramework=net9.0]
C:\Projects\Hazina\src\Core\AI\Hazina.AI.RAG\Core\RAGEngine.cs(595,1): warning SA1516: Elements should be separated by blank line (https://github.com/DotNetAnalyzers/StyleCopAnalyzers/blob/master/documentation/SA1516.md) [C:\Projects\Hazina\src\Core\AI\Hazina.AI.RAG\Hazina.AI.RAG.csproj::TargetFramework=net9.0]
C:\Projects\Hazina\src\Core\AI\Hazina.AI.RAG\Core\RAGEngine.cs(596,1): warning SA1516: Elements should be separated by blank line (https://github.com/DotNetAnalyzers/StyleCopAnalyzers/blob/master/documentation/SA1516.md) [C:\Projects\Hazina\src\Core\AI\Hazina.AI.RAG\Hazina.AI.RAG.csproj::TargetFramework=net9.0]
C:\Projects\Hazina\src\Core\AI\Hazina.AI.RAG\Core\RAGEngine.cs(597,1): warning SA1516: Elements should be separated by blank line (https://github.com/DotNetAnalyzers/StyleCopAnalyzers/blob/master/documentation/SA1516.md) [C:\Projects\Hazina\src\Core\AI\Hazina.AI.RAG\Hazina.AI.RAG.csproj::TargetFramework=net9.0]
C:\Projects\Hazina\src\Core\AI\Hazina.AI.RAG\Core\RAGEngine.cs(598,1): warning SA1516: Elements should be separated by blank line (https://github.com/DotNetAnalyzers/StyleCopAnalyzers/blob/master/documentation/SA1516.md) [C:\Projects\Hazina\src\Core\AI\Hazina.AI.RAG\Hazina.AI.RAG.csproj::TargetFramework=net9.0]
C:\Projects\Hazina\src\Core\AI\Hazina.AI.RAG\Core\RAGEngine.cs(599,1): warning SA1516: Elements should be separated by blank line (https://github.com/DotNetAnalyzers/StyleCopAnalyzers/blob/master/documentation/SA1516.md) [C:\Projects\Hazina\src\Core\AI\Hazina.AI.RAG\Hazina.AI.RAG.csproj::TargetFramework=net9.0]
C:\Projects\Hazina\src\Core\AI\Hazina.AI.RAG\Interfaces\IRetrievalCandidate.cs(22,12): warning SA1623: The property's documentation summary text should begin with: 'Gets' (https://github.com/DotNetAnalyzers/StyleCopAnalyzers/blob/master/documentation/SA1623.md) [C:\Projects\Hazina\src\Core\AI\Hazina.AI.RAG\Hazina.AI.RAG.csproj::TargetFramework=net9.0]
C:\Projects\Hazina\src\Core\AI\Hazina.AI.RAG\Interfaces\IRetrievalCandidate.cs(32,12): warning SA1623: The property's documentation summary text should begin with: 'Gets' (https://github.com/DotNetAnalyzers/StyleCopAnalyzers/blob/master/documentation/SA1623.md) [C:\Projects\Hazina\src\Core\AI\Hazina.AI.RAG\Hazina.AI.RAG.csproj::TargetFramework=net9.0]
C:\Projects\Hazina\src\Core\AI\Hazina.AI.RAG\Interfaces\IRetrievalCandidate.cs(20,66): warning SA1629: Documentation text should end with a period (https://github.com/DotNetAnalyzers/StyleCopAnalyzers/blob/master/documentation/SA1629.md) [C:\Projects\Hazina\src\Core\AI\Hazina.AI.RAG\Hazina.AI.RAG.csproj::TargetFramework=net9.0]
C:\Projects\Hazina\src\Core\AI\Hazina.AI.RAG\Interfaces\IRetrievalCandidate.cs(30,34): warning SA1629: Documentation text should end with a period (https://github.com/DotNetAnalyzers/StyleCopAnalyzers/blob/master/documentation/SA1629.md) [C:\Projects\Hazina\src\Core\AI\Hazina.AI.RAG\Hazina.AI.RAG.csproj::TargetFramework=net9.0]
C:\Projects\Hazina\src\Core\AI\Hazina.AI.RAG\Core\RAGEngine.cs(626,14): warning MA0048: File name must match type name (https://github.com/meziantou/Meziantou.Analyzer/blob/main/docs/Rules/MA0048.md) [C:\Projects\Hazina\src\Core\AI\Hazina.AI.RAG\Hazina.AI.RAG.csproj::TargetFramework=net9.0]
C:\Projects\Hazina\src\Core\AI\Hazina.AI.RAG\Core\RAGEngine.cs(631,25): warning CA2227: Change 'Errors' to be read-only by removing the property setter (https://learn.microsoft.com/dotnet/fundamentals/code-analysis/quality-rules/ca2227) [C:\Projects\Hazina\src\Core\AI\Hazina.AI.RAG\Hazina.AI.RAG.csproj::TargetFramework=net9.0]
C:\Projects\Hazina\src\Core\AI\Hazina.AI.RAG\Core\RAGEngine.cs(631,25): warning CA1002: Change 'List<string>' in 'IndexingResult.Errors' to use 'Collection<T>', 'ReadOnlyCollection<T>' or 'KeyedCollection<K,V>' (https://learn.microsoft.com/dotnet/fundamentals/code-analysis/quality-rules/ca1002) [C:\Projects\Hazina\src\Core\AI\Hazina.AI.RAG\Hazina.AI.RAG.csproj::TargetFramework=net9.0]
C:\Projects\Hazina\src\Core\AI\Hazina.AI.RAG\Core\RAGEngine.cs(631,12): warning MA0016: Prefer using collection abstraction instead of implementation (https://github.com/meziantou/Meziantou.Analyzer/blob/main/docs/Rules/MA0016.md) [C:\Projects\Hazina\src\Core\AI\Hazina.AI.RAG\Hazina.AI.RAG.csproj::TargetFramework=net9.0]
C:\Projects\Hazina\src\Core\AI\Hazina.AI.RAG\Core\RAGEngine.cs(21,32): warning S4487: Remove this unread private field '_config' or refactor the code to use its value. (https://rules.sonarsource.com/csharp/RSPEC-4487) [C:\Projects\Hazina\src\Core\AI\Hazina.AI.RAG\Hazina.AI.RAG.csproj::TargetFramework=net9.0]
C:\Projects\Hazina\src\Core\AI\Hazina.AI.RAG\Core\RAGEngine.cs(15,14): warning S101: Rename class 'RAGEngine' to match pascal case naming rules, consider using 'RagEngine'. (https://rules.sonarsource.com/csharp/RSPEC-101) [C:\Projects\Hazina\src\Core\AI\Hazina.AI.RAG\Hazina.AI.RAG.csproj::TargetFramework=net9.0]
C:\Projects\Hazina\src\Core\AI\Hazina.AI.RAG\Core\RAGEngine.cs(624,20): warning SA1629: Documentation text should end with a period (https://github.com/DotNetAnalyzers/StyleCopAnalyzers/blob/master/documentation/SA1629.md) [C:\Projects\Hazina\src\Core\AI\Hazina.AI.RAG\Hazina.AI.RAG.csproj::TargetFramework=net9.0]
C:\Projects\Hazina\src\Core\AI\Hazina.AI.RAG\Core\RAGEngine.cs(629,1): warning SA1516: Elements should be separated by blank line (https://github.com/DotNetAnalyzers/StyleCopAnalyzers/blob/master/documentation/SA1516.md) [C:\Projects\Hazina\src\Core\AI\Hazina.AI.RAG\Hazina.AI.RAG.csproj::TargetFramework=net9.0]
C:\Projects\Hazina\src\Core\AI\Hazina.AI.RAG\Core\RAGEngine.cs(630,1): warning SA1516: Elements should be separated by blank line (https://github.com/DotNetAnalyzers/StyleCopAnalyzers/blob/master/documentation/SA1516.md) [C:\Projects\Hazina\src\Core\AI\Hazina.AI.RAG\Hazina.AI.RAG.csproj::TargetFramework=net9.0]
C:\Projects\Hazina\src\Core\AI\Hazina.AI.RAG\Core\RAGEngine.cs(631,1): warning SA1516: Elements should be separated by blank line (https://github.com/DotNetAnalyzers/StyleCopAnalyzers/blob/master/documentation/SA1516.md) [C:\Projects\Hazina\src\Core\AI\Hazina.AI.RAG\Hazina.AI.RAG.csproj::TargetFramework=net9.0]
C:\Projects\Hazina\src\Core\AI\Hazina.AI.RAG\Core\RAGEngine.cs(632,1): warning SA1516: Elements should be separated by blank line (https://github.com/DotNetAnalyzers/StyleCopAnalyzers/blob/master/documentation/SA1516.md) [C:\Projects\Hazina\src\Core\AI\Hazina.AI.RAG\Hazina.AI.RAG.csproj::TargetFramework=net9.0]
C:\Projects\Hazina\src\Core\AI\Hazina.AI.RAG\Core\RAGEngine.cs(633,1): warning SA1516: Elements should be separated by blank line (https://github.com/DotNetAnalyzers/StyleCopAnalyzers/blob/master/documentation/SA1516.md) [C:\Projects\Hazina\src\Core\AI\Hazina.AI.RAG\Hazina.AI.RAG.csproj::TargetFramework=net9.0]
C:\Projects\Hazina\src\Core\AI\Hazina.AI.RAG\Core\RAGEngine.cs(634,1): warning SA1516: Elements should be separated by blank line (https://github.com/DotNetAnalyzers/StyleCopAnalyzers/blob/master/documentation/SA1516.md) [C:\Projects\Hazina\src\Core\AI\Hazina.AI.RAG\Hazina.AI.RAG.csproj::TargetFramework=net9.0]
C:\Projects\Hazina\src\Core\AI\Hazina.AI.RAG\Core\RAGEngine.cs(635,1): warning SA1516: Elements should be separated by blank line (https://github.com/DotNetAnalyzers/StyleCopAnalyzers/blob/master/documentation/SA1516.md) [C:\Projects\Hazina\src\Core\AI\Hazina.AI.RAG\Hazina.AI.RAG.csproj::TargetFramework=net9.0]
C:\Projects\Hazina\src\Core\AI\Hazina.AI.RAG\Core\RAGEngine.cs(138,13): warning SA1009: Closing parenthesis should not be preceded by a space (https://github.com/DotNetAnalyzers/StyleCopAnalyzers/blob/master/documentation/SA1009.md) [C:\Projects\Hazina\src\Core\AI\Hazina.AI.RAG\Hazina.AI.RAG.csproj::TargetFramework=net9.0]
C:\Projects\Hazina\src\Core\AI\Hazina.AI.RAG\Embeddings\BasicMetadataExtractor.cs(10,15): warning SA1629: Documentation text should end with a period (https://github.com/DotNetAnalyzers/StyleCopAnalyzers/blob/master/documentation/SA1629.md) [C:\Projects\Hazina\src\Core\AI\Hazina.AI.RAG\Hazina.AI.RAG.csproj::TargetFramework=net9.0]
C:\Projects\Hazina\src\Core\AI\Hazina.AI.RAG\Core\RAGEngine.cs(165,9): warning SA1009: Closing parenthesis should not be preceded by a space (https://github.com/DotNetAnalyzers/StyleCopAnalyzers/blob/master/documentation/SA1009.md) [C:\Projects\Hazina\src\Core\AI\Hazina.AI.RAG\Hazina.AI.RAG.csproj::TargetFramework=net9.0]
C:\Projects\Hazina\src\Core\AI\Hazina.AI.RAG\Core\RAGEngine.cs(189,9): warning SA1009: Closing parenthesis should not be preceded by a space (https://github.com/DotNetAnalyzers/StyleCopAnalyzers/blob/master/documentation/SA1009.md) [C:\Projects\Hazina\src\Core\AI\Hazina.AI.RAG\Hazina.AI.RAG.csproj::TargetFramework=net9.0]
C:\Projects\Hazina\src\Core\AI\Hazina.AI.RAG\Core\RAGEngine.cs(255,17): warning SA1009: Closing parenthesis should not be preceded by a space (https://github.com/DotNetAnalyzers/StyleCopAnalyzers/blob/master/documentation/SA1009.md) [C:\Projects\Hazina\src\Core\AI\Hazina.AI.RAG\Hazina.AI.RAG.csproj::TargetFramework=net9.0]
C:\Projects\Hazina\src\Core\AI\Hazina.AI.RAG\Core\RAGEngine.cs(408,9): warning SA1009: Closing parenthesis should not be preceded by a space (https://github.com/DotNetAnalyzers/StyleCopAnalyzers/blob/master/documentation/SA1009.md) [C:\Projects\Hazina\src\Core\AI\Hazina.AI.RAG\Hazina.AI.RAG.csproj::TargetFramework=net9.0]
C:\Projects\Hazina\src\Core\AI\Hazina.AI.RAG\Core\RAGEngine.cs(462,13): warning SA1009: Closing parenthesis should not be preceded by a space (https://github.com/DotNetAnalyzers/StyleCopAnalyzers/blob/master/documentation/SA1009.md) [C:\Projects\Hazina\src\Core\AI\Hazina.AI.RAG\Hazina.AI.RAG.csproj::TargetFramework=net9.0]
C:\Projects\Hazina\src\Core\AI\Hazina.AI.RAG\Core\RAGEngine.cs(487,13): warning SA1009: Closing parenthesis should not be preceded by a space (https://github.com/DotNetAnalyzers/StyleCopAnalyzers/blob/master/documentation/SA1009.md) [C:\Projects\Hazina\src\Core\AI\Hazina.AI.RAG\Hazina.AI.RAG.csproj::TargetFramework=net9.0]
C:\Projects\Hazina\src\Core\AI\Hazina.AI.RAG\Core\RAGEngine.cs(641,18): warning MA0048: File name must match type name (https://github.com/meziantou/Meziantou.Analyzer/blob/main/docs/Rules/MA0048.md) [C:\Projects\Hazina\src\Core\AI\Hazina.AI.RAG\Hazina.AI.RAG.csproj::TargetFramework=net9.0]
C:\Projects\Hazina\src\Core\AI\Hazina.AI.RAG\Core\RAGEngine.cs(650,14): warning MA0048: File name must match type name (https://github.com/meziantou/Meziantou.Analyzer/blob/main/docs/Rules/MA0048.md) [C:\Projects\Hazina\src\Core\AI\Hazina.AI.RAG\Hazina.AI.RAG.csproj::TargetFramework=net9.0]
C:\Projects\Hazina\src\Core\AI\Hazina.AI.RAG\Interfaces\IRetrievalCandidate.cs(43,14): warning MA0048: File name must match type name (https://github.com/meziantou/Meziantou.Analyzer/blob/main/docs/Rules/MA0048.md) [C:\Projects\Hazina\src\Core\AI\Hazina.AI.RAG\Hazina.AI.RAG.csproj::TargetFramework=net9.0]
C:\Projects\Hazina\src\Core\AI\Hazina.AI.RAG\Core\RAGEngine.cs(654,39): warning CA2227: Change 'Metadata' to be read-only by removing the property setter (https://learn.microsoft.com/dotnet/fundamentals/code-analysis/quality-rules/ca2227) [C:\Projects\Hazina\src\Core\AI\Hazina.AI.RAG\Hazina.AI.RAG.csproj::TargetFramework=net9.0]
C:\Projects\Hazina\src\Core\AI\Hazina.AI.RAG\Core\RAGEngine.cs(654,12): warning MA0016: Prefer using collection abstraction instead of implementation (https://github.com/meziantou/Meziantou.Analyzer/blob/main/docs/Rules/MA0016.md) [C:\Projects\Hazina\src\Core\AI\Hazina.AI.RAG\Hazina.AI.RAG.csproj::TargetFramework=net9.0]
C:\Projects\Hazina\src\Core\AI\Hazina.AI.RAG\Core\RAGEngine.cs(639,40): warning SA1629: Documentation text should end with a period (https://github.com/DotNetAnalyzers/StyleCopAnalyzers/blob/master/documentation/SA1629.md) [C:\Projects\Hazina\src\Core\AI\Hazina.AI.RAG\Hazina.AI.RAG.csproj::TargetFramework=net9.0]
C:\Projects\Hazina\src\Core\AI\Hazina.AI.RAG\Core\RAGEngine.cs(644,1): warning SA1516: Elements should be separated by blank line (https://github.com/DotNetAnalyzers/StyleCopAnalyzers/blob/master/documentation/SA1516.md) [C:\Projects\Hazina\src\Core\AI\Hazina.AI.RAG\Hazina.AI.RAG.csproj::TargetFramework=net9.0]
C:\Projects\Hazina\src\Core\AI\Hazina.AI.RAG\Embeddings\ContentTypeDetector.cs(6,73): warning SA1629: Documentation text should end with a period (https://github.com/DotNetAnalyzers/StyleCopAnalyzers/blob/master/documentation/SA1629.md) [C:\Projects\Hazina\src\Core\AI\Hazina.AI.RAG\Hazina.AI.RAG.csproj::TargetFramework=net9.0]
C:\Projects\Hazina\src\Core\AI\Hazina.AI.RAG\Interfaces\IRetrievalCandidate.cs(41,50): warning SA1629: Documentation text should end with a period (https://github.com/DotNetAnalyzers/StyleCopAnalyzers/blob/master/documentation/SA1629.md) [C:\Projects\Hazina\src\Core\AI\Hazina.AI.RAG\Hazina.AI.RAG.csproj::TargetFramework=net9.0]
C:\Projects\Hazina\src\Core\AI\Hazina.AI.RAG\Interfaces\IRetrievalCandidate.cs(46,1): warning SA1516: Elements should be separated by blank line (https://github.com/DotNetAnalyzers/StyleCopAnalyzers/blob/master/documentation/SA1516.md) [C:\Projects\Hazina\src\Core\AI\Hazina.AI.RAG\Hazina.AI.RAG.csproj::TargetFramework=net9.0]
C:\Projects\Hazina\src\Core\AI\Hazina.AI.RAG\Interfaces\IRetrievalCandidate.cs(47,1): warning SA1516: Elements should be separated by blank line (https://github.com/DotNetAnalyzers/StyleCopAnalyzers/blob/master/documentation/SA1516.md) [C:\Projects\Hazina\src\Core\AI\Hazina.AI.RAG\Hazina.AI.RAG.csproj::TargetFramework=net9.0]
C:\Projects\Hazina\src\Core\AI\Hazina.AI.RAG\Interfaces\IRetrievalCandidate.cs(48,1): warning SA1516: Elements should be separated by blank line (https://github.com/DotNetAnalyzers/StyleCopAnalyzers/blob/master/documentation/SA1516.md) [C:\Projects\Hazina\src\Core\AI\Hazina.AI.RAG\Hazina.AI.RAG.csproj::TargetFramework=net9.0]
C:\Projects\Hazina\src\Core\AI\Hazina.AI.RAG\Interfaces\IRetrievalCandidate.cs(49,1): warning SA1516: Elements should be separated by blank line (https://github.com/DotNetAnalyzers/StyleCopAnalyzers/blob/master/documentation/SA1516.md) [C:\Projects\Hazina\src\Core\AI\Hazina.AI.RAG\Hazina.AI.RAG.csproj::TargetFramework=net9.0]
C:\Projects\Hazina\src\Core\AI\Hazina.AI.RAG\Interfaces\IRetrievalCandidate.cs(50,1): warning SA1516: Elements should be separated by blank line (https://github.com/DotNetAnalyzers/StyleCopAnalyzers/blob/master/documentation/SA1516.md) [C:\Projects\Hazina\src\Core\AI\Hazina.AI.RAG\Hazina.AI.RAG.csproj::TargetFramework=net9.0]
C:\Projects\Hazina\src\Core\AI\Hazina.AI.RAG\Core\RAGEngine.cs(648,25): warning SA1629: Documentation text should end with a period (https://github.com/DotNetAnalyzers/StyleCopAnalyzers/blob/master/documentation/SA1629.md) [C:\Projects\Hazina\src\Core\AI\Hazina.AI.RAG\Hazina.AI.RAG.csproj::TargetFramework=net9.0]
C:\Projects\Hazina\src\Core\AI\Hazina.AI.RAG\Core\RAGEngine.cs(653,1): warning SA1516: Elements should be separated by blank line (https://github.com/DotNetAnalyzers/StyleCopAnalyzers/blob/master/documentation/SA1516.md) [C:\Projects\Hazina\src\Core\AI\Hazina.AI.RAG\Hazina.AI.RAG.csproj::TargetFramework=net9.0]
C:\Projects\Hazina\src\Core\AI\Hazina.AI.RAG\Core\RAGEngine.cs(654,1): warning SA1516: Elements should be separated by blank line (https://github.com/DotNetAnalyzers/StyleCopAnalyzers/blob/master/documentation/SA1516.md) [C:\Projects\Hazina\src\Core\AI\Hazina.AI.RAG\Hazina.AI.RAG.csproj::TargetFramework=net9.0]
C:\Projects\Hazina\src\Core\AI\Hazina.AI.RAG\Interfaces\IRetrievalPipeline.cs(4,73): warning SA1629: Documentation text should end with a period (https://github.com/DotNetAnalyzers/StyleCopAnalyzers/blob/master/documentation/SA1629.md) [C:\Projects\Hazina\src\Core\AI\Hazina.AI.RAG\Hazina.AI.RAG.csproj::TargetFramework=net9.0]
C:\Projects\Hazina\src\Core\AI\Hazina.AI.RAG\Core\RAGEngine.cs(654,64): warning MA0002: Use an overload that has a IEqualityComparer<string> or IComparer<string> parameter (https://github.com/meziantou/Meziantou.Analyzer/blob/main/docs/Rules/MA0002.md) [C:\Projects\Hazina\src\Core\AI\Hazina.AI.RAG\Hazina.AI.RAG.csproj::TargetFramework=net9.0]
C:\Projects\Hazina\src\Core\AI\Hazina.AI.RAG\Graph\Models\GraphPath.cs(9,36): warning CA2227: Change 'Relationships' to be read-only by removing the property setter (https://learn.microsoft.com/dotnet/fundamentals/code-analysis/quality-rules/ca2227) [C:\Projects\Hazina\src\Core\AI\Hazina.AI.RAG\Hazina.AI.RAG.csproj::TargetFramework=net9.0]
C:\Projects\Hazina\src\Core\AI\Hazina.AI.RAG\Graph\Models\GraphPath.cs(9,36): warning CA1002: Change 'List<GraphRelationship>' in 'GraphPath.Relationships' to use 'Collection<T>', 'ReadOnlyCollection<T>' or 'KeyedCollection<K,V>' (https://learn.microsoft.com/dotnet/fundamentals/code-analysis/quality-rules/ca1002) [C:\Projects\Hazina\src\Core\AI\Hazina.AI.RAG\Hazina.AI.RAG.csproj::TargetFramework=net9.0]
C:\Projects\Hazina\src\Core\AI\Hazina.AI.RAG\Graph\Models\GraphPath.cs(9,12): warning MA0016: Prefer using collection abstraction instead of implementation (https://github.com/meziantou/Meziantou.Analyzer/blob/main/docs/Rules/MA0016.md) [C:\Projects\Hazina\src\Core\AI\Hazina.AI.RAG\Hazina.AI.RAG.csproj::TargetFramework=net9.0]
C:\Projects\Hazina\src\Core\AI\Hazina.AI.RAG\Graph\Models\GraphPath.cs(8,30): warning CA2227: Change 'Entities' to be read-only by removing the property setter (https://learn.microsoft.com/dotnet/fundamentals/code-analysis/quality-rules/ca2227) [C:\Projects\Hazina\src\Core\AI\Hazina.AI.RAG\Hazina.AI.RAG.csproj::TargetFramework=net9.0]
C:\Projects\Hazina\src\Core\AI\Hazina.AI.RAG\Graph\Models\GraphPath.cs(8,30): warning CA1002: Change 'List<GraphEntity>' in 'GraphPath.Entities' to use 'Collection<T>', 'ReadOnlyCollection<T>' or 'KeyedCollection<K,V>' (https://learn.microsoft.com/dotnet/fundamentals/code-analysis/quality-rules/ca1002) [C:\Projects\Hazina\src\Core\AI\Hazina.AI.RAG\Hazina.AI.RAG.csproj::TargetFramework=net9.0]
C:\Projects\Hazina\src\Core\AI\Hazina.AI.RAG\Graph\Models\GraphPath.cs(8,12): warning MA0016: Prefer using collection abstraction instead of implementation (https://github.com/meziantou/Meziantou.Analyzer/blob/main/docs/Rules/MA0016.md) [C:\Projects\Hazina\src\Core\AI\Hazina.AI.RAG\Hazina.AI.RAG.csproj::TargetFramework=net9.0]
C:\Projects\Hazina\src\Core\AI\Hazina.AI.RAG\Core\RAGEngine.cs(615,14): warning MA0048: File name must match type name (https://github.com/meziantou/Meziantou.Analyzer/blob/main/docs/Rules/MA0048.md) [C:\Projects\Hazina\src\Core\AI\Hazina.AI.RAG\Hazina.AI.RAG.csproj::TargetFramework=net9.0]
C:\Projects\Hazina\src\Core\AI\Hazina.AI.RAG\Graph\Models\GraphPath.cs(11,39): warning CA1805: Member 'Score' is explicitly initialized to its default value (https://learn.microsoft.com/dotnet/fundamentals/code-analysis/quality-rules/ca1805) [C:\Projects\Hazina\src\Core\AI\Hazina.AI.RAG\Hazina.AI.RAG.csproj::TargetFramework=net9.0]
C:\Projects\Hazina\src\Core\AI\Hazina.AI.RAG\Graph\Models\GraphPath.cs(9,1): warning SA1516: Elements should be separated by blank line (https://github.com/DotNetAnalyzers/StyleCopAnalyzers/blob/master/documentation/SA1516.md) [C:\Projects\Hazina\src\Core\AI\Hazina.AI.RAG\Hazina.AI.RAG.csproj::TargetFramework=net9.0]
C:\Projects\Hazina\src\Core\AI\Hazina.AI.RAG\Graph\Models\GraphPath.cs(10,1): warning SA1516: Elements should be separated by blank line (https://github.com/DotNetAnalyzers/StyleCopAnalyzers/blob/master/documentation/SA1516.md) [C:\Projects\Hazina\src\Core\AI\Hazina.AI.RAG\Hazina.AI.RAG.csproj::TargetFramework=net9.0]
C:\Projects\Hazina\src\Core\AI\Hazina.AI.RAG\Graph\Models\GraphPath.cs(11,1): warning SA1516: Elements should be separated by blank line (https://github.com/DotNetAnalyzers/StyleCopAnalyzers/blob/master/documentation/SA1516.md) [C:\Projects\Hazina\src\Core\AI\Hazina.AI.RAG\Hazina.AI.RAG.csproj::TargetFramework=net9.0]
C:\Projects\Hazina\src\Core\AI\Hazina.AI.RAG\Graph\Models\GraphPath.cs(12,1): warning SA1516: Elements should be separated by blank line (https://github.com/DotNetAnalyzers/StyleCopAnalyzers/blob/master/documentation/SA1516.md) [C:\Projects\Hazina\src\Core\AI\Hazina.AI.RAG\Hazina.AI.RAG.csproj::TargetFramework=net9.0]
C:\Projects\Hazina\src\Core\AI\Hazina.AI.RAG\Graph\Models\GraphPath.cs(13,1): warning SA1516: Elements should be separated by blank line (https://github.com/DotNetAnalyzers/StyleCopAnalyzers/blob/master/documentation/SA1516.md) [C:\Projects\Hazina\src\Core\AI\Hazina.AI.RAG\Hazina.AI.RAG.csproj::TargetFramework=net9.0]
C:\Projects\Hazina\src\Core\AI\Hazina.AI.RAG\Graph\Models\GraphPath.cs(14,1): warning SA1516: Elements should be separated by blank line (https://github.com/DotNetAnalyzers/StyleCopAnalyzers/blob/master/documentation/SA1516.md) [C:\Projects\Hazina\src\Core\AI\Hazina.AI.RAG\Hazina.AI.RAG.csproj::TargetFramework=net9.0]
C:\Projects\Hazina\src\Core\AI\Hazina.AI.RAG\Core\RAGEngine.cs(620,39): warning CA2227: Change 'Metadata' to be read-only by removing the property setter (https://learn.microsoft.com/dotnet/fundamentals/code-analysis/quality-rules/ca2227) [C:\Projects\Hazina\src\Core\AI\Hazina.AI.RAG\Hazina.AI.RAG.csproj::TargetFramework=net9.0]
C:\Projects\Hazina\src\Core\AI\Hazina.AI.RAG\Core\RAGEngine.cs(620,12): warning MA0016: Prefer using collection abstraction instead of implementation (https://github.com/meziantou/Meziantou.Analyzer/blob/main/docs/Rules/MA0016.md) [C:\Projects\Hazina\src\Core\AI\Hazina.AI.RAG\Hazina.AI.RAG.csproj::TargetFramework=net9.0]
C:\Projects\Hazina\src\Core\AI\Hazina.AI.RAG\Graph\Models\GraphPath.cs(27,14): warning MA0048: File name must match type name (https://github.com/meziantou/Meziantou.Analyzer/blob/main/docs/Rules/MA0048.md) [C:\Projects\Hazina\src\Core\AI\Hazina.AI.RAG\Hazina.AI.RAG.csproj::TargetFramework=net9.0]
C:\Projects\Hazina\src\Core\AI\Hazina.AI.RAG\Graph\Models\GraphPath.cs(30,1): warning SA1516: Elements should be separated by blank line (https://github.com/DotNetAnalyzers/StyleCopAnalyzers/blob/master/documentation/SA1516.md) [C:\Projects\Hazina\src\Core\AI\Hazina.AI.RAG\Hazina.AI.RAG.csproj::TargetFramework=net9.0]
C:\Projects\Hazina\src\Core\AI\Hazina.AI.RAG\Graph\Models\GraphPath.cs(31,1): warning SA1516: Elements should be separated by blank line (https://github.com/DotNetAnalyzers/StyleCopAnalyzers/blob/master/documentation/SA1516.md) [C:\Projects\Hazina\src\Core\AI\Hazina.AI.RAG\Hazina.AI.RAG.csproj::TargetFramework=net9.0]
C:\Projects\Hazina\src\Core\AI\Hazina.AI.RAG\Graph\Models\GraphPath.cs(32,1): warning SA1516: Elements should be separated by blank line (https://github.com/DotNetAnalyzers/StyleCopAnalyzers/blob/master/documentation/SA1516.md) [C:\Projects\Hazina\src\Core\AI\Hazina.AI.RAG\Hazina.AI.RAG.csproj::TargetFramework=net9.0]
C:\Projects\Hazina\src\Core\AI\Hazina.AI.RAG\Graph\Models\GraphPath.cs(33,1): warning SA1516: Elements should be separated by blank line (https://github.com/DotNetAnalyzers/StyleCopAnalyzers/blob/master/documentation/SA1516.md) [C:\Projects\Hazina\src\Core\AI\Hazina.AI.RAG\Hazina.AI.RAG.csproj::TargetFramework=net9.0]
C:\Projects\Hazina\src\Core\AI\Hazina.AI.RAG\Graph\Models\GraphPath.cs(34,1): warning SA1516: Elements should be separated by blank line (https://github.com/DotNetAnalyzers/StyleCopAnalyzers/blob/master/documentation/SA1516.md) [C:\Projects\Hazina\src\Core\AI\Hazina.AI.RAG\Hazina.AI.RAG.csproj::TargetFramework=net9.0]
C:\Projects\Hazina\src\Core\AI\Hazina.AI.RAG\Graph\Models\GraphPath.cs(35,1): warning SA1516: Elements should be separated by blank line (https://github.com/DotNetAnalyzers/StyleCopAnalyzers/blob/master/documentation/SA1516.md) [C:\Projects\Hazina\src\Core\AI\Hazina.AI.RAG\Hazina.AI.RAG.csproj::TargetFramework=net9.0]
C:\Projects\Hazina\src\Core\AI\Hazina.AI.RAG\Graph\Models\GraphPath.cs(33,25): warning CA2227: Change 'AllowedRelationTypes' to be read-only by removing the property setter (https://learn.microsoft.com/dotnet/fundamentals/code-analysis/quality-rules/ca2227) [C:\Projects\Hazina\src\Core\AI\Hazina.AI.RAG\Hazina.AI.RAG.csproj::TargetFramework=net9.0]
C:\Projects\Hazina\src\Core\AI\Hazina.AI.RAG\Graph\Models\GraphPath.cs(33,25): warning CA1002: Change 'List<string>' in 'PathFindingOptions.AllowedRelationTypes' to use 'Collection<T>', 'ReadOnlyCollection<T>' or 'KeyedCollection<K,V>' (https://learn.microsoft.com/dotnet/fundamentals/code-analysis/quality-rules/ca1002) [C:\Projects\Hazina\src\Core\AI\Hazina.AI.RAG\Hazina.AI.RAG.csproj::TargetFramework=net9.0]
C:\Projects\Hazina\src\Core\AI\Hazina.AI.RAG\Graph\Models\GraphPath.cs(33,12): warning MA0016: Prefer using collection abstraction instead of implementation (https://github.com/meziantou/Meziantou.Analyzer/blob/main/docs/Rules/MA0016.md) [C:\Projects\Hazina\src\Core\AI\Hazina.AI.RAG\Hazina.AI.RAG.csproj::TargetFramework=net9.0]
C:\Projects\Hazina\src\Core\AI\Hazina.AI.RAG\Core\RAGEngine.cs(613,45): warning SA1629: Documentation text should end with a period (https://github.com/DotNetAnalyzers/StyleCopAnalyzers/blob/master/documentation/SA1629.md) [C:\Projects\Hazina\src\Core\AI\Hazina.AI.RAG\Hazina.AI.RAG.csproj::TargetFramework=net9.0]
C:\Projects\Hazina\src\Core\AI\Hazina.AI.RAG\Core\RAGEngine.cs(618,1): warning SA1516: Elements should be separated by blank line (https://github.com/DotNetAnalyzers/StyleCopAnalyzers/blob/master/documentation/SA1516.md) [C:\Projects\Hazina\src\Core\AI\Hazina.AI.RAG\Hazina.AI.RAG.csproj::TargetFramework=net9.0]
C:\Projects\Hazina\src\Core\AI\Hazina.AI.RAG\Core\RAGEngine.cs(619,1): warning SA1516: Elements should be separated by blank line (https://github.com/DotNetAnalyzers/StyleCopAnalyzers/blob/master/documentation/SA1516.md) [C:\Projects\Hazina\src\Core\AI\Hazina.AI.RAG\Hazina.AI.RAG.csproj::TargetFramework=net9.0]
C:\Projects\Hazina\src\Core\AI\Hazina.AI.RAG\Core\RAGEngine.cs(620,1): warning SA1516: Elements should be separated by blank line (https://github.com/DotNetAnalyzers/StyleCopAnalyzers/blob/master/documentation/SA1516.md) [C:\Projects\Hazina\src\Core\AI\Hazina.AI.RAG\Hazina.AI.RAG.csproj::TargetFramework=net9.0]
C:\Projects\Hazina\src\Core\AI\Hazina.AI.RAG\Graph\Models\GraphPath.cs(32,43): warning CA1805: Member 'AllowCycles' is explicitly initialized to its default value (https://learn.microsoft.com/dotnet/fundamentals/code-analysis/quality-rules/ca1805) [C:\Projects\Hazina\src\Core\AI\Hazina.AI.RAG\Hazina.AI.RAG.csproj::TargetFramework=net9.0]
C:\Projects\Hazina\src\Core\AI\Hazina.AI.RAG\Core\RAGEngine.cs(620,64): warning MA0002: Use an overload that has a IEqualityComparer<string> or IComparer<string> parameter (https://github.com/meziantou/Meziantou.Analyzer/blob/main/docs/Rules/MA0002.md) [C:\Projects\Hazina\src\Core\AI\Hazina.AI.RAG\Hazina.AI.RAG.csproj::TargetFramework=net9.0]
C:\Projects\Hazina\src\Core\AI\Hazina.AI.RAG\Graph\Models\GraphPath.cs(34,25): warning CA2227: Change 'AllowedEntityTypes' to be read-only by removing the property setter (https://learn.microsoft.com/dotnet/fundamentals/code-analysis/quality-rules/ca2227) [C:\Projects\Hazina\src\Core\AI\Hazina.AI.RAG\Hazina.AI.RAG.csproj::TargetFramework=net9.0]
C:\Projects\Hazina\src\Core\AI\Hazina.AI.RAG\Graph\Models\GraphPath.cs(34,25): warning CA1002: Change 'List<string>' in 'PathFindingOptions.AllowedEntityTypes' to use 'Collection<T>', 'ReadOnlyCollection<T>' or 'KeyedCollection<K,V>' (https://learn.microsoft.com/dotnet/fundamentals/code-analysis/quality-rules/ca1002) [C:\Projects\Hazina\src\Core\AI\Hazina.AI.RAG\Hazina.AI.RAG.csproj::TargetFramework=net9.0]
C:\Projects\Hazina\src\Core\AI\Hazina.AI.RAG\Graph\Models\GraphPath.cs(34,12): warning MA0016: Prefer using collection abstraction instead of implementation (https://github.com/meziantou/Meziantou.Analyzer/blob/main/docs/Rules/MA0016.md) [C:\Projects\Hazina\src\Core\AI\Hazina.AI.RAG\Hazina.AI.RAG.csproj::TargetFramework=net9.0]
C:\Projects\Hazina\src\Core\AI\Hazina.AI.RAG\Embeddings\EmbeddingCache.cs(150,14): warning MA0048: File name must match type name (https://github.com/meziantou/Meziantou.Analyzer/blob/main/docs/Rules/MA0048.md) [C:\Projects\Hazina\src\Core\AI\Hazina.AI.RAG\Hazina.AI.RAG.csproj::TargetFramework=net9.0]
C:\Projects\Hazina\src\Core\AI\Hazina.AI.RAG\Embeddings\BasicMetadataExtractor.cs(1,1): warning SA1633: The file header is missing or not located at the top of the file. (https://github.com/DotNetAnalyzers/StyleCopAnalyzers/blob/master/documentation/SA1633.md) [C:\Projects\Hazina\src\Core\AI\Hazina.AI.RAG\Hazina.AI.RAG.csproj::TargetFramework=net9.0]
C:\Projects\Hazina\src\Core\AI\Hazina.AI.RAG\Embeddings\EmbeddingCache.cs(148,21): warning SA1629: Documentation text should end with a period (https://github.com/DotNetAnalyzers/StyleCopAnalyzers/blob/master/documentation/SA1629.md) [C:\Projects\Hazina\src\Core\AI\Hazina.AI.RAG\Hazina.AI.RAG.csproj::TargetFramework=net9.0]
C:\Projects\Hazina\src\Core\AI\Hazina.AI.RAG\Embeddings\EmbeddingCache.cs(153,1): warning SA1516: Elements should be separated by blank line (https://github.com/DotNetAnalyzers/StyleCopAnalyzers/blob/master/documentation/SA1516.md) [C:\Projects\Hazina\src\Core\AI\Hazina.AI.RAG\Hazina.AI.RAG.csproj::TargetFramework=net9.0]
C:\Projects\Hazina\src\Core\AI\Hazina.AI.RAG\Embeddings\EmbeddingCache.cs(154,1): warning SA1516: Elements should be separated by blank line (https://github.com/DotNetAnalyzers/StyleCopAnalyzers/blob/master/documentation/SA1516.md) [C:\Projects\Hazina\src\Core\AI\Hazina.AI.RAG\Hazina.AI.RAG.csproj::TargetFramework=net9.0]
C:\Projects\Hazina\src\Core\AI\Hazina.AI.RAG\Embeddings\EmbeddingCache.cs(155,1): warning SA1516: Elements should be separated by blank line (https://github.com/DotNetAnalyzers/StyleCopAnalyzers/blob/master/documentation/SA1516.md) [C:\Projects\Hazina\src\Core\AI\Hazina.AI.RAG\Hazina.AI.RAG.csproj::TargetFramework=net9.0]
C:\Projects\Hazina\src\Core\AI\Hazina.AI.RAG\Graph\Models\GraphPath.cs(38,13): warning MA0048: File name must match type name (https://github.com/meziantou/Meziantou.Analyzer/blob/main/docs/Rules/MA0048.md) [C:\Projects\Hazina\src\Core\AI\Hazina.AI.RAG\Hazina.AI.RAG.csproj::TargetFramework=net9.0]
C:\Projects\Hazina\src\Core\AI\Hazina.AI.RAG\Graph\Models\GraphPath.cs(38,42): warning SA1136: Enum values should be on separate lines (https://github.com/DotNetAnalyzers/StyleCopAnalyzers/blob/master/documentation/SA1136.md) [C:\Projects\Hazina\src\Core\AI\Hazina.AI.RAG\Hazina.AI.RAG.csproj::TargetFramework=net9.0]
C:\Projects\Hazina\src\Core\AI\Hazina.AI.RAG\Graph\Models\GraphPath.cs(38,54): warning SA1136: Enum values should be on separate lines (https://github.com/DotNetAnalyzers/StyleCopAnalyzers/blob/master/documentation/SA1136.md) [C:\Projects\Hazina\src\Core\AI\Hazina.AI.RAG\Hazina.AI.RAG.csproj::TargetFramework=net9.0]
C:\Projects\Hazina\src\Core\AI\Hazina.AI.RAG\Graph\Models\GraphPath.cs(38,65): warning SA1136: Enum values should be on separate lines (https://github.com/DotNetAnalyzers/StyleCopAnalyzers/blob/master/documentation/SA1136.md) [C:\Projects\Hazina\src\Core\AI\Hazina.AI.RAG\Hazina.AI.RAG.csproj::TargetFramework=net9.0]
C:\Projects\Hazina\src\Core\AI\Hazina.AI.RAG\Extensions\RetrievalServiceExtensions.cs(84,14): warning MA0048: File name must match type name (https://github.com/meziantou/Meziantou.Analyzer/blob/main/docs/Rules/MA0048.md) [C:\Projects\Hazina\src\Core\AI\Hazina.AI.RAG\Hazina.AI.RAG.csproj::TargetFramework=net9.0]
C:\Projects\Hazina\src\Core\AI\Hazina.AI.RAG\Extensions\RetrievalServiceExtensions.cs(100,13): warning MA0048: File name must match type name (https://github.com/meziantou/Meziantou.Analyzer/blob/main/docs/Rules/MA0048.md) [C:\Projects\Hazina\src\Core\AI\Hazina.AI.RAG\Hazina.AI.RAG.csproj::TargetFramework=net9.0]
C:\Projects\Hazina\src\Core\AI\Hazina.AI.RAG\Extensions\RetrievalServiceExtensions.cs(98,35): warning SA1629: Documentation text should end with a period (https://github.com/DotNetAnalyzers/StyleCopAnalyzers/blob/master/documentation/SA1629.md) [C:\Projects\Hazina\src\Core\AI\Hazina.AI.RAG\Hazina.AI.RAG.csproj::TargetFramework=net9.0]
C:\Projects\Hazina\src\Core\AI\Hazina.AI.RAG\Extensions\RetrievalServiceExtensions.cs(89,30): warning SA1623: The property's documentation summary text should begin with: 'Gets or sets' (https://github.com/DotNetAnalyzers/StyleCopAnalyzers/blob/master/documentation/SA1623.md) [C:\Projects\Hazina\src\Core\AI\Hazina.AI.RAG\Hazina.AI.RAG.csproj::TargetFramework=net9.0]
C:\Projects\Hazina\src\Core\AI\Hazina.AI.RAG\Extensions\RetrievalServiceExtensions.cs(94,37): warning SA1623: The property's documentation summary text should begin with: 'Gets or sets' (https://github.com/DotNetAnalyzers/StyleCopAnalyzers/blob/master/documentation/SA1623.md) [C:\Projects\Hazina\src\Core\AI\Hazina.AI.RAG\Hazina.AI.RAG.csproj::TargetFramework=net9.0]
C:\Projects\Hazina\src\Core\AI\Hazina.AI.RAG\Extensions\RetrievalServiceExtensions.cs(87,34): warning SA1629: Documentation text should end with a period (https://github.com/DotNetAnalyzers/StyleCopAnalyzers/blob/master/documentation/SA1629.md) [C:\Projects\Hazina\src\Core\AI\Hazina.AI.RAG\Hazina.AI.RAG.csproj::TargetFramework=net9.0]
C:\Projects\Hazina\src\Core\AI\Hazina.AI.RAG\Extensions\RetrievalServiceExtensions.cs(92,68): warning SA1629: Documentation text should end with a period (https://github.com/DotNetAnalyzers/StyleCopAnalyzers/blob/master/documentation/SA1629.md) [C:\Projects\Hazina\src\Core\AI\Hazina.AI.RAG\Hazina.AI.RAG.csproj::TargetFramework=net9.0]
C:\Projects\Hazina\src\Core\AI\Hazina.AI.RAG\Extensions\RetrievalServiceExtensions.cs(82,49): warning SA1629: Documentation text should end with a period (https://github.com/DotNetAnalyzers/StyleCopAnalyzers/blob/master/documentation/SA1629.md) [C:\Projects\Hazina\src\Core\AI\Hazina.AI.RAG\Hazina.AI.RAG.csproj::TargetFramework=net9.0]
C:\Projects\Hazina\src\Core\AI\Hazina.AI.RAG\Graph\Pipeline\GraphConstructionPipeline.cs(230,14): warning MA0048: File name must match type name (https://github.com/meziantou/Meziantou.Analyzer/blob/main/docs/Rules/MA0048.md) [C:\Projects\Hazina\src\Core\AI\Hazina.AI.RAG\Hazina.AI.RAG.csproj::TargetFramework=net9.0]
C:\Projects\Hazina\src\Core\AI\Hazina.AI.RAG\Embeddings\EmbeddingCache.cs(16,23): warning CA1805: Member '_hits' is explicitly initialized to its default value (https://learn.microsoft.com/dotnet/fundamentals/code-analysis/quality-rules/ca1805) [C:\Projects\Hazina\src\Core\AI\Hazina.AI.RAG\Hazina.AI.RAG.csproj::TargetFramework=net9.0]
C:\Projects\Hazina\src\Core\AI\Hazina.AI.RAG\Graph\Pipeline\GraphConstructionPipeline.cs(233,1): warning SA1516: Elements should be separated by blank line (https://github.com/DotNetAnalyzers/StyleCopAnalyzers/blob/master/documentation/SA1516.md) [C:\Projects\Hazina\src\Core\AI\Hazina.AI.RAG\Hazina.AI.RAG.csproj::TargetFramework=net9.0]
C:\Projects\Hazina\src\Core\AI\Hazina.AI.RAG\Graph\Pipeline\GraphConstructionPipeline.cs(234,1): warning SA1516: Elements should be separated by blank line (https://github.com/DotNetAnalyzers/StyleCopAnalyzers/blob/master/documentation/SA1516.md) [C:\Projects\Hazina\src\Core\AI\Hazina.AI.RAG\Hazina.AI.RAG.csproj::TargetFramework=net9.0]
C:\Projects\Hazina\src\Core\AI\Hazina.AI.RAG\Graph\Pipeline\GraphConstructionPipeline.cs(235,1): warning SA1516: Elements should be separated by blank line (https://github.com/DotNetAnalyzers/StyleCopAnalyzers/blob/master/documentation/SA1516.md) [C:\Projects\Hazina\src\Core\AI\Hazina.AI.RAG\Hazina.AI.RAG.csproj::TargetFramework=net9.0]
C:\Projects\Hazina\src\Core\AI\Hazina.AI.RAG\Graph\Pipeline\GraphConstructionPipeline.cs(236,1): warning SA1516: Elements should be separated by blank line (https://github.com/DotNetAnalyzers/StyleCopAnalyzers/blob/master/documentation/SA1516.md) [C:\Projects\Hazina\src\Core\AI\Hazina.AI.RAG\Hazina.AI.RAG.csproj::TargetFramework=net9.0]
C:\Projects\Hazina\src\Core\AI\Hazina.AI.RAG\Graph\Pipeline\GraphConstructionPipeline.cs(237,1): warning SA1516: Elements should be separated by blank line (https://github.com/DotNetAnalyzers/StyleCopAnalyzers/blob/master/documentation/SA1516.md) [C:\Projects\Hazina\src\Core\AI\Hazina.AI.RAG\Hazina.AI.RAG.csproj::TargetFramework=net9.0]
C:\Projects\Hazina\src\Core\AI\Hazina.AI.RAG\Graph\Pipeline\GraphConstructionPipeline.cs(238,1): warning SA1516: Elements should be separated by blank line (https://github.com/DotNetAnalyzers/StyleCopAnalyzers/blob/master/documentation/SA1516.md) [C:\Projects\Hazina\src\Core\AI\Hazina.AI.RAG\Hazina.AI.RAG.csproj::TargetFramework=net9.0]
C:\Projects\Hazina\src\Core\AI\Hazina.AI.RAG\Graph\Pipeline\GraphConstructionPipeline.cs(239,1): warning SA1516: Elements should be separated by blank line (https://github.com/DotNetAnalyzers/StyleCopAnalyzers/blob/master/documentation/SA1516.md) [C:\Projects\Hazina\src\Core\AI\Hazina.AI.RAG\Hazina.AI.RAG.csproj::TargetFramework=net9.0]
C:\Projects\Hazina\src\Core\AI\Hazina.AI.RAG\Graph\Pipeline\GraphConstructionPipeline.cs(240,1): warning SA1516: Elements should be separated by blank line (https://github.com/DotNetAnalyzers/StyleCopAnalyzers/blob/master/documentation/SA1516.md) [C:\Projects\Hazina\src\Core\AI\Hazina.AI.RAG\Hazina.AI.RAG.csproj::TargetFramework=net9.0]
C:\Projects\Hazina\src\Core\AI\Hazina.AI.RAG\Graph\Pipeline\GraphConstructionPipeline.cs(241,1): warning SA1516: Elements should be separated by blank line (https://github.com/DotNetAnalyzers/StyleCopAnalyzers/blob/master/documentation/SA1516.md) [C:\Projects\Hazina\src\Core\AI\Hazina.AI.RAG\Hazina.AI.RAG.csproj::TargetFramework=net9.0]
C:\Projects\Hazina\src\Core\AI\Hazina.AI.RAG\Graph\Pipeline\GraphConstructionPipeline.cs(242,1): warning SA1516: Elements should be separated by blank line (https://github.com/DotNetAnalyzers/StyleCopAnalyzers/blob/master/documentation/SA1516.md) [C:\Projects\Hazina\src\Core\AI\Hazina.AI.RAG\Hazina.AI.RAG.csproj::TargetFramework=net9.0]
C:\Projects\Hazina\src\Core\AI\Hazina.AI.RAG\Embeddings\EmbeddingCache.cs(17,25): warning CA1805: Member '_misses' is explicitly initialized to its default value (https://learn.microsoft.com/dotnet/fundamentals/code-analysis/quality-rules/ca1805) [C:\Projects\Hazina\src\Core\AI\Hazina.AI.RAG\Hazina.AI.RAG.csproj::TargetFramework=net9.0]
C:\Projects\Hazina\src\Core\AI\Hazina.AI.RAG\Embeddings\HierarchicalChunker.cs(351,14): warning MA0048: File name must match type name (https://github.com/meziantou/Meziantou.Analyzer/blob/main/docs/Rules/MA0048.md) [C:\Projects\Hazina\src\Core\AI\Hazina.AI.RAG\Hazina.AI.RAG.csproj::TargetFramework=net9.0]
C:\Projects\Hazina\src\Core\AI\Hazina.AI.RAG\Embeddings\Models\LLMMetadataResponse.cs(7,14): warning MA0048: File name must match type name (https://github.com/meziantou/Meziantou.Analyzer/blob/main/docs/Rules/MA0048.md) [C:\Projects\Hazina\src\Core\AI\Hazina.AI.RAG\Hazina.AI.RAG.csproj::TargetFramework=net9.0]
C:\Projects\Hazina\src\Core\AI\Hazina.AI.RAG\Embeddings\Models\LLMMetadataResponse.cs(22,25): warning CA2227: Change 'Keywords' to be read-only by removing the property setter (https://learn.microsoft.com/dotnet/fundamentals/code-analysis/quality-rules/ca2227) [C:\Projects\Hazina\src\Core\AI\Hazina.AI.RAG\Hazina.AI.RAG.csproj::TargetFramework=net9.0]
C:\Projects\Hazina\src\Core\AI\Hazina.AI.RAG\Embeddings\Models\LLMMetadataResponse.cs(22,25): warning CA1002: Change 'List<string>' in 'ChunkMetadata.Keywords' to use 'Collection<T>', 'ReadOnlyCollection<T>' or 'KeyedCollection<K,V>' (https://learn.microsoft.com/dotnet/fundamentals/code-analysis/quality-rules/ca1002) [C:\Projects\Hazina\src\Core\AI\Hazina.AI.RAG\Hazina.AI.RAG.csproj::TargetFramework=net9.0]
C:\Projects\Hazina\src\Core\AI\Hazina.AI.RAG\Embeddings\Models\LLMMetadataResponse.cs(22,12): warning MA0016: Prefer using collection abstraction instead of implementation (https://github.com/meziantou/Meziantou.Analyzer/blob/main/docs/Rules/MA0016.md) [C:\Projects\Hazina\src\Core\AI\Hazina.AI.RAG\Hazina.AI.RAG.csproj::TargetFramework=net9.0]
C:\Projects\Hazina\src\Core\AI\Hazina.AI.RAG\Embeddings\Models\LLMMetadataResponse.cs(39,25): warning CA2227: Change 'ReferencedTopics' to be read-only by removing the property setter (https://learn.microsoft.com/dotnet/fundamentals/code-analysis/quality-rules/ca2227) [C:\Projects\Hazina\src\Core\AI\Hazina.AI.RAG\Hazina.AI.RAG.csproj::TargetFramework=net9.0]
C:\Projects\Hazina\src\Core\AI\Hazina.AI.RAG\Embeddings\Models\LLMMetadataResponse.cs(22,25): warning SA1623: The property's documentation summary text should begin with: 'Gets or sets' (https://github.com/DotNetAnalyzers/StyleCopAnalyzers/blob/master/documentation/SA1623.md) [C:\Projects\Hazina\src\Core\AI\Hazina.AI.RAG\Hazina.AI.RAG.csproj::TargetFramework=net9.0]
C:\Projects\Hazina\src\Core\AI\Hazina.AI.RAG\Embeddings\Models\LLMMetadataResponse.cs(20,42): warning SA1629: Documentation text should end with a period (https://github.com/DotNetAnalyzers/StyleCopAnalyzers/blob/master/documentation/SA1629.md) [C:\Projects\Hazina\src\Core\AI\Hazina.AI.RAG\Hazina.AI.RAG.csproj::TargetFramework=net9.0]
C:\Projects\Hazina\src\Core\AI\Hazina.AI.RAG\Embeddings\EmbeddingCache.cs(14,61): warning MA0002: Use an overload that has a IEqualityComparer<string> or IComparer<string> parameter (https://github.com/meziantou/Meziantou.Analyzer/blob/main/docs/Rules/MA0002.md) [C:\Projects\Hazina\src\Core\AI\Hazina.AI.RAG\Hazina.AI.RAG.csproj::TargetFramework=net9.0]
C:\Projects\Hazina\src\Core\AI\Hazina.AI.RAG\Embeddings\EmbeddingCache.cs(10,28): warning SA1629: Documentation text should end with a period (https://github.com/DotNetAnalyzers/StyleCopAnalyzers/blob/master/documentation/SA1629.md) [C:\Projects\Hazina\src\Core\AI\Hazina.AI.RAG\Hazina.AI.RAG.csproj::TargetFramework=net9.0]
C:\Projects\Hazina\src\Core\AI\Hazina.AI.RAG\Graph\Pipeline\ILLMTextService.cs(6,18): warning S101: Rename interface 'ILLMTextService' to match pascal case naming rules, consider using 'ILlmTextService'. (https://rules.sonarsource.com/csharp/RSPEC-101) [C:\Projects\Hazina\src\Core\AI\Hazina.AI.RAG\Hazina.AI.RAG.csproj::TargetFramework=net9.0]
C:\Projects\Hazina\src\Core\AI\Hazina.AI.RAG\Embeddings\HierarchicalChunker.cs(349,39): warning SA1629: Documentation text should end with a period (https://github.com/DotNetAnalyzers/StyleCopAnalyzers/blob/master/documentation/SA1629.md) [C:\Projects\Hazina\src\Core\AI\Hazina.AI.RAG\Hazina.AI.RAG.csproj::TargetFramework=net9.0]
C:\Projects\Hazina\src\Core\AI\Hazina.AI.RAG\Embeddings\HierarchicalChunker.cs(354,1): warning SA1516: Elements should be separated by blank line (https://github.com/DotNetAnalyzers/StyleCopAnalyzers/blob/master/documentation/SA1516.md) [C:\Projects\Hazina\src\Core\AI\Hazina.AI.RAG\Hazina.AI.RAG.csproj::TargetFramework=net9.0]
C:\Projects\Hazina\src\Core\AI\Hazina.AI.RAG\Embeddings\HierarchicalChunker.cs(355,1): warning SA1516: Elements should be separated by blank line (https://github.com/DotNetAnalyzers/StyleCopAnalyzers/blob/master/documentation/SA1516.md) [C:\Projects\Hazina\src\Core\AI\Hazina.AI.RAG\Hazina.AI.RAG.csproj::TargetFramework=net9.0]
C:\Projects\Hazina\src\Core\AI\Hazina.AI.RAG\Embeddings\HierarchicalChunker.cs(356,1): warning SA1516: Elements should be separated by blank line (https://github.com/DotNetAnalyzers/StyleCopAnalyzers/blob/master/documentation/SA1516.md) [C:\Projects\Hazina\src\Core\AI\Hazina.AI.RAG\Hazina.AI.RAG.csproj::TargetFramework=net9.0]
C:\Projects\Hazina\src\Core\AI\Hazina.AI.RAG\Embeddings\Models\LLMMetadataResponse.cs(33,16): warning SA1623: The property's documentation summary text should begin with: 'Gets or sets' (https://github.com/DotNetAnalyzers/StyleCopAnalyzers/blob/master/documentation/SA1623.md) [C:\Projects\Hazina\src\Core\AI\Hazina.AI.RAG\Hazina.AI.RAG.csproj::TargetFramework=net9.0]
C:\Projects\Hazina\src\Core\AI\Hazina.AI.RAG\Embeddings\Models\LLMMetadataResponse.cs(27,19): warning SA1623: The property's documentation summary text should begin with: 'Gets or sets' (https://github.com/DotNetAnalyzers/StyleCopAnalyzers/blob/master/documentation/SA1623.md) [C:\Projects\Hazina\src\Core\AI\Hazina.AI.RAG\Hazina.AI.RAG.csproj::TargetFramework=net9.0]
C:\Projects\Hazina\src\Core\AI\Hazina.AI.RAG\Embeddings\Models\LLMMetadataResponse.cs(31,49): warning SA1629: Documentation text should end with a period (https://github.com/DotNetAnalyzers/StyleCopAnalyzers/blob/master/documentation/SA1629.md) [C:\Projects\Hazina\src\Core\AI\Hazina.AI.RAG\Hazina.AI.RAG.csproj::TargetFramework=net9.0]
C:\Projects\Hazina\src\Core\AI\Hazina.AI.RAG\Embeddings\Models\LLMMetadataResponse.cs(17,19): warning SA1623: The property's documentation summary text should begin with: 'Gets or sets' (https://github.com/DotNetAnalyzers/StyleCopAnalyzers/blob/master/documentation/SA1623.md) [C:\Projects\Hazina\src\Core\AI\Hazina.AI.RAG\Hazina.AI.RAG.csproj::TargetFramework=net9.0]
C:\Projects\Hazina\src\Core\AI\Hazina.AI.RAG\Embeddings\Models\LLMMetadataResponse.cs(25,99): warning SA1629: Documentation text should end with a period (https://github.com/DotNetAnalyzers/StyleCopAnalyzers/blob/master/documentation/SA1629.md) [C:\Projects\Hazina\src\Core\AI\Hazina.AI.RAG\Hazina.AI.RAG.csproj::TargetFramework=net9.0]
C:\Projects\Hazina\src\Core\AI\Hazina.AI.RAG\Embeddings\Models\LLMMetadataResponse.cs(15,53): warning SA1629: Documentation text should end with a period (https://github.com/DotNetAnalyzers/StyleCopAnalyzers/blob/master/documentation/SA1629.md) [C:\Projects\Hazina\src\Core\AI\Hazina.AI.RAG\Hazina.AI.RAG.csproj::TargetFramework=net9.0]
C:\Projects\Hazina\src\Core\AI\Hazina.AI.RAG\Embeddings\Models\LLMMetadataResponse.cs(39,25): warning CA1002: Change 'List<string>' in 'ChunkMetadata.ReferencedTopics' to use 'Collection<T>', 'ReadOnlyCollection<T>' or 'KeyedCollection<K,V>' (https://learn.microsoft.com/dotnet/fundamentals/code-analysis/quality-rules/ca1002) [C:\Projects\Hazina\src\Core\AI\Hazina.AI.RAG\Hazina.AI.RAG.csproj::TargetFramework=net9.0]
C:\Projects\Hazina\src\Core\AI\Hazina.AI.RAG\Embeddings\Models\LLMMetadataResponse.cs(39,12): warning MA0016: Prefer using collection abstraction instead of implementation (https://github.com/meziantou/Meziantou.Analyzer/blob/main/docs/Rules/MA0016.md) [C:\Projects\Hazina\src\Core\AI\Hazina.AI.RAG\Hazina.AI.RAG.csproj::TargetFramework=net9.0]
C:\Projects\Hazina\src\Core\AI\Hazina.AI.RAG\Embeddings\Models\LLMMetadataResponse.cs(5,53): warning SA1629: Documentation text should end with a period (https://github.com/DotNetAnalyzers/StyleCopAnalyzers/blob/master/documentation/SA1629.md) [C:\Projects\Hazina\src\Core\AI\Hazina.AI.RAG\Hazina.AI.RAG.csproj::TargetFramework=net9.0]
C:\Projects\Hazina\src\Core\AI\Hazina.AI.RAG\Embeddings\Models\LLMMetadataResponse.cs(12,19): warning SA1623: The property's documentation summary text should begin with: 'Gets or sets' (https://github.com/DotNetAnalyzers/StyleCopAnalyzers/blob/master/documentation/SA1623.md) [C:\Projects\Hazina\src\Core\AI\Hazina.AI.RAG\Hazina.AI.RAG.csproj::TargetFramework=net9.0]
C:\Projects\Hazina\src\Core\AI\Hazina.AI.RAG\Embeddings\Models\LLMMetadataResponse.cs(10,54): warning SA1629: Documentation text should end with a period (https://github.com/DotNetAnalyzers/StyleCopAnalyzers/blob/master/documentation/SA1629.md) [C:\Projects\Hazina\src\Core\AI\Hazina.AI.RAG\Hazina.AI.RAG.csproj::TargetFramework=net9.0]
C:\Projects\Hazina\src\Core\AI\Hazina.AI.RAG\Embeddings\Models\LLMMetadataResponse.cs(39,25): warning SA1623: The property's documentation summary text should begin with: 'Gets or sets' (https://github.com/DotNetAnalyzers/StyleCopAnalyzers/blob/master/documentation/SA1623.md) [C:\Projects\Hazina\src\Core\AI\Hazina.AI.RAG\Hazina.AI.RAG.csproj::TargetFramework=net9.0]
C:\Projects\Hazina\src\Core\AI\Hazina.AI.RAG\Embeddings\Models\LLMMetadataResponse.cs(37,52): warning SA1629: Documentation text should end with a period (https://github.com/DotNetAnalyzers/StyleCopAnalyzers/blob/master/documentation/SA1629.md) [C:\Projects\Hazina\src\Core\AI\Hazina.AI.RAG\Hazina.AI.RAG.csproj::TargetFramework=net9.0]
C:\Projects\Hazina\src\Core\AI\Hazina.AI.RAG\Embeddings\Models\LLMMetadataResponse.cs(59,14): warning MA0048: File name must match type name (https://github.com/meziantou/Meziantou.Analyzer/blob/main/docs/Rules/MA0048.md) [C:\Projects\Hazina\src\Core\AI\Hazina.AI.RAG\Hazina.AI.RAG.csproj::TargetFramework=net9.0]
C:\Projects\Hazina\src\Core\AI\Hazina.AI.RAG\Embeddings\Models\LLMMetadataResponse.cs(64,32): warning CA2227: Change 'Chunks' to be read-only by removing the property setter (https://learn.microsoft.com/dotnet/fundamentals/code-analysis/quality-rules/ca2227) [C:\Projects\Hazina\src\Core\AI\Hazina.AI.RAG\Hazina.AI.RAG.csproj::TargetFramework=net9.0]
C:\Projects\Hazina\src\Core\AI\Hazina.AI.RAG\Embeddings\Models\LLMMetadataResponse.cs(64,32): warning CA1002: Change 'List<ChunkMetadata>' in 'BatchChunkMetadata.Chunks' to use 'Collection<T>', 'ReadOnlyCollection<T>' or 'KeyedCollection<K,V>' (https://learn.microsoft.com/dotnet/fundamentals/code-analysis/quality-rules/ca1002) [C:\Projects\Hazina\src\Core\AI\Hazina.AI.RAG\Hazina.AI.RAG.csproj::TargetFramework=net9.0]
C:\Projects\Hazina\src\Core\AI\Hazina.AI.RAG\Embeddings\Models\LLMMetadataResponse.cs(64,12): warning MA0016: Prefer using collection abstraction instead of implementation (https://github.com/meziantou/Meziantou.Analyzer/blob/main/docs/Rules/MA0016.md) [C:\Projects\Hazina\src\Core\AI\Hazina.AI.RAG\Hazina.AI.RAG.csproj::TargetFramework=net9.0]
C:\Projects\Hazina\src\Core\AI\Hazina.AI.RAG\Extensions\RetrievalServiceExtensions.cs(10,71): warning SA1629: Documentation text should end with a period (https://github.com/DotNetAnalyzers/StyleCopAnalyzers/blob/master/documentation/SA1629.md) [C:\Projects\Hazina\src\Core\AI\Hazina.AI.RAG\Hazina.AI.RAG.csproj::TargetFramework=net9.0]
C:\Projects\Hazina\src\Core\AI\Hazina.AI.RAG\Embeddings\HierarchicalChunker.cs(8,68): warning SA1629: Documentation text should end with a period (https://github.com/DotNetAnalyzers/StyleCopAnalyzers/blob/master/documentation/SA1629.md) [C:\Projects\Hazina\src\Core\AI\Hazina.AI.RAG\Hazina.AI.RAG.csproj::TargetFramework=net9.0]
C:\Projects\Hazina\src\Core\AI\Hazina.AI.RAG\Embeddings\Models\LLMMetadataResponse.cs(57,80): warning SA1629: Documentation text should end with a period (https://github.com/DotNetAnalyzers/StyleCopAnalyzers/blob/master/documentation/SA1629.md) [C:\Projects\Hazina\src\Core\AI\Hazina.AI.RAG\Hazina.AI.RAG.csproj::TargetFramework=net9.0]
C:\Projects\Hazina\src\Core\AI\Hazina.AI.RAG\Embeddings\SemanticChunkingOptions.cs(232,13): warning MA0048: File name must match type name (https://github.com/meziantou/Meziantou.Analyzer/blob/main/docs/Rules/MA0048.md) [C:\Projects\Hazina\src\Core\AI\Hazina.AI.RAG\Hazina.AI.RAG.csproj::TargetFramework=net9.0]
C:\Projects\Hazina\src\Core\AI\Hazina.AI.RAG\Embeddings\SemanticChunkingOptions.cs(251,36): warning SA1629: Documentation text should end with a period (https://github.com/DotNetAnalyzers/StyleCopAnalyzers/blob/master/documentation/SA1629.md) [C:\Projects\Hazina\src\Core\AI\Hazina.AI.RAG\Hazina.AI.RAG.csproj::TargetFramework=net9.0]
C:\Projects\Hazina\src\Core\AI\Hazina.AI.RAG\Embeddings\SemanticChunkingOptions.cs(244,45): warning SA1629: Documentation text should end with a period (https://github.com/DotNetAnalyzers/StyleCopAnalyzers/blob/master/documentation/SA1629.md) [C:\Projects\Hazina\src\Core\AI\Hazina.AI.RAG\Hazina.AI.RAG.csproj::TargetFramework=net9.0]
C:\Projects\Hazina\src\Core\AI\Hazina.AI.RAG\Embeddings\SemanticChunkingOptions.cs(270,56): warning SA1629: Documentation text should end with a period (https://github.com/DotNetAnalyzers/StyleCopAnalyzers/blob/master/documentation/SA1629.md) [C:\Projects\Hazina\src\Core\AI\Hazina.AI.RAG\Hazina.AI.RAG.csproj::TargetFramework=net9.0]
C:\Projects\Hazina\src\Core\AI\Hazina.AI.RAG\Embeddings\SemanticChunkingOptions.cs(262,31): warning SA1629: Documentation text should end with a period (https://github.com/DotNetAnalyzers/StyleCopAnalyzers/blob/master/documentation/SA1629.md) [C:\Projects\Hazina\src\Core\AI\Hazina.AI.RAG\Hazina.AI.RAG.csproj::TargetFramework=net9.0]
C:\Projects\Hazina\src\Core\AI\Hazina.AI.RAG\Embeddings\SemanticChunkingOptions.cs(259,13): warning MA0048: File name must match type name (https://github.com/meziantou/Meziantou.Analyzer/blob/main/docs/Rules/MA0048.md) [C:\Projects\Hazina\src\Core\AI\Hazina.AI.RAG\Hazina.AI.RAG.csproj::TargetFramework=net9.0]
C:\Projects\Hazina\src\Core\AI\Hazina.AI.RAG\Embeddings\SemanticChunkingOptions.cs(237,63): warning SA1629: Documentation text should end with a period (https://github.com/DotNetAnalyzers/StyleCopAnalyzers/blob/master/documentation/SA1629.md) [C:\Projects\Hazina\src\Core\AI\Hazina.AI.RAG\Hazina.AI.RAG.csproj::TargetFramework=net9.0]
C:\Projects\Hazina\src\Core\AI\Hazina.AI.RAG\Embeddings\SemanticChunkingOptions.cs(288,13): warning MA0048: File name must match type name (https://github.com/meziantou/Meziantou.Analyzer/blob/main/docs/Rules/MA0048.md) [C:\Projects\Hazina\src\Core\AI\Hazina.AI.RAG\Hazina.AI.RAG.csproj::TargetFramework=net9.0]
C:\Projects\Hazina\src\Core\AI\Hazina.AI.RAG\Embeddings\SemanticChunkingOptions.cs(230,28): warning SA1629: Documentation text should end with a period (https://github.com/DotNetAnalyzers/StyleCopAnalyzers/blob/master/documentation/SA1629.md) [C:\Projects\Hazina\src\Core\AI\Hazina.AI.RAG\Hazina.AI.RAG.csproj::TargetFramework=net9.0]
C:\Projects\Hazina\src\Core\AI\Hazina.AI.RAG\Embeddings\SemanticChunkingOptions.cs(257,30): warning SA1629: Documentation text should end with a period (https://github.com/DotNetAnalyzers/StyleCopAnalyzers/blob/master/documentation/SA1629.md) [C:\Projects\Hazina\src\Core\AI\Hazina.AI.RAG\Hazina.AI.RAG.csproj::TargetFramework=net9.0]
C:\Projects\Hazina\src\Core\AI\Hazina.AI.RAG\Embeddings\SemanticChunkingOptions.cs(286,52): warning SA1629: Documentation text should end with a period (https://github.com/DotNetAnalyzers/StyleCopAnalyzers/blob/master/documentation/SA1629.md) [C:\Projects\Hazina\src\Core\AI\Hazina.AI.RAG\Hazina.AI.RAG.csproj::TargetFramework=net9.0]
C:\Projects\Hazina\src\Core\AI\Hazina.AI.RAG\Embeddings\SemanticChunkingOptions.cs(280,33): warning SA1629: Documentation text should end with a period (https://github.com/DotNetAnalyzers/StyleCopAnalyzers/blob/master/documentation/SA1629.md) [C:\Projects\Hazina\src\Core\AI\Hazina.AI.RAG\Hazina.AI.RAG.csproj::TargetFramework=net9.0]
C:\Projects\Hazina\src\Core\AI\Hazina.AI.RAG\Embeddings\LLMMetadataExtractor.cs(12,14): warning S101: Rename class 'LLMMetadataExtractor' to match pascal case naming rules, consider using 'LlmMetadataExtractor'. (https://rules.sonarsource.com/csharp/RSPEC-101) [C:\Projects\Hazina\src\Core\AI\Hazina.AI.RAG\Hazina.AI.RAG.csproj::TargetFramework=net9.0]
C:\Projects\Hazina\src\Core\AI\Hazina.AI.RAG\Embeddings\SemanticChunkingOptions.cs(296,60): warning SA1629: Documentation text should end with a period (https://github.com/DotNetAnalyzers/StyleCopAnalyzers/blob/master/documentation/SA1629.md) [C:\Projects\Hazina\src\Core\AI\Hazina.AI.RAG\Hazina.AI.RAG.csproj::TargetFramework=net9.0]
C:\Projects\Hazina\src\Core\AI\Hazina.AI.RAG\Embeddings\SemanticChunkingOptions.cs(291,57): warning SA1629: Documentation text should end with a period (https://github.com/DotNetAnalyzers/StyleCopAnalyzers/blob/master/documentation/SA1629.md) [C:\Projects\Hazina\src\Core\AI\Hazina.AI.RAG\Hazina.AI.RAG.csproj::TargetFramework=net9.0]
C:\Projects\Hazina\src\Core\AI\Hazina.AI.RAG\Embeddings\SemanticChunkingOptions.cs(306,37): warning SA1629: Documentation text should end with a period (https://github.com/DotNetAnalyzers/StyleCopAnalyzers/blob/master/documentation/SA1629.md) [C:\Projects\Hazina\src\Core\AI\Hazina.AI.RAG\Hazina.AI.RAG.csproj::TargetFramework=net9.0]
C:\Projects\Hazina\src\Core\AI\Hazina.AI.RAG\Embeddings\SemanticChunkingOptions.cs(311,38): warning SA1629: Documentation text should end with a period (https://github.com/DotNetAnalyzers/StyleCopAnalyzers/blob/master/documentation/SA1629.md) [C:\Projects\Hazina\src\Core\AI\Hazina.AI.RAG\Hazina.AI.RAG.csproj::TargetFramework=net9.0]
C:\Projects\Hazina\src\Core\AI\Hazina.AI.RAG\Embeddings\SemanticChunkingOptions.cs(321,38): warning SA1629: Documentation text should end with a period (https://github.com/DotNetAnalyzers/StyleCopAnalyzers/blob/master/documentation/SA1629.md) [C:\Projects\Hazina\src\Core\AI\Hazina.AI.RAG\Hazina.AI.RAG.csproj::TargetFramework=net9.0]
C:\Projects\Hazina\src\Core\AI\Hazina.AI.RAG\Embeddings\SemanticChunkingOptions.cs(316,28): warning SA1629: Documentation text should end with a period (https://github.com/DotNetAnalyzers/StyleCopAnalyzers/blob/master/documentation/SA1629.md) [C:\Projects\Hazina\src\Core\AI\Hazina.AI.RAG\Hazina.AI.RAG.csproj::TargetFramework=net9.0]
C:\Projects\Hazina\src\Core\AI\Hazina.AI.RAG\Embeddings\LLMMetadataExtractor.cs(10,81): warning SA1629: Documentation text should end with a period (https://github.com/DotNetAnalyzers/StyleCopAnalyzers/blob/master/documentation/SA1629.md) [C:\Projects\Hazina\src\Core\AI\Hazina.AI.RAG\Hazina.AI.RAG.csproj::TargetFramework=net9.0]
C:\Projects\Hazina\src\Core\AI\Hazina.AI.RAG\Embeddings\SemanticChunkingOptions.cs(301,26): warning SA1629: Documentation text should end with a period (https://github.com/DotNetAnalyzers/StyleCopAnalyzers/blob/master/documentation/SA1629.md) [C:\Projects\Hazina\src\Core\AI\Hazina.AI.RAG\Hazina.AI.RAG.csproj::TargetFramework=net9.0]
C:\Projects\Hazina\src\Core\AI\Hazina.AI.RAG\Graph\Pipeline\LLMTextService.cs(9,14): warning S101: Rename class 'LLMTextService' to match pascal case naming rules, consider using 'LlmTextService'. (https://rules.sonarsource.com/csharp/RSPEC-101) [C:\Projects\Hazina\src\Core\AI\Hazina.AI.RAG\Hazina.AI.RAG.csproj::TargetFramework=net9.0]
C:\Projects\Hazina\src\Core\AI\Hazina.AI.RAG\Embeddings\TextChunker.cs(374,13): warning MA0048: File name must match type name (https://github.com/meziantou/Meziantou.Analyzer/blob/main/docs/Rules/MA0048.md) [C:\Projects\Hazina\src\Core\AI\Hazina.AI.RAG\Hazina.AI.RAG.csproj::TargetFramework=net9.0]
C:\Projects\Hazina\src\Core\AI\Hazina.AI.RAG\Embeddings\ContentTypeDetector.cs(1,1): warning SA1633: The file header is missing or not located at the top of the file. (https://github.com/DotNetAnalyzers/StyleCopAnalyzers/blob/master/documentation/SA1633.md) [C:\Projects\Hazina\src\Core\AI\Hazina.AI.RAG\Hazina.AI.RAG.csproj::TargetFramework=net9.0]
C:\Projects\Hazina\src\Core\AI\Hazina.AI.RAG\Embeddings\TextChunker.cs(332,14): warning MA0048: File name must match type name (https://github.com/meziantou/Meziantou.Analyzer/blob/main/docs/Rules/MA0048.md) [C:\Projects\Hazina\src\Core\AI\Hazina.AI.RAG\Hazina.AI.RAG.csproj::TargetFramework=net9.0]
C:\Projects\Hazina\src\Core\AI\Hazina.AI.RAG\Embeddings\TextChunker.cs(338,39): warning CA2227: Change 'Metadata' to be read-only by removing the property setter (https://learn.microsoft.com/dotnet/fundamentals/code-analysis/quality-rules/ca2227) [C:\Projects\Hazina\src\Core\AI\Hazina.AI.RAG\Hazina.AI.RAG.csproj::TargetFramework=net9.0]
C:\Projects\Hazina\src\Core\AI\Hazina.AI.RAG\Embeddings\TextChunker.cs(338,12): warning MA0016: Prefer using collection abstraction instead of implementation (https://github.com/meziantou/Meziantou.Analyzer/blob/main/docs/Rules/MA0016.md) [C:\Projects\Hazina\src\Core\AI\Hazina.AI.RAG\Hazina.AI.RAG.csproj::TargetFramework=net9.0]
C:\Projects\Hazina\src\Core\AI\Hazina.AI.RAG\Embeddings\TextChunker.cs(372,24): warning SA1629: Documentation text should end with a period (https://github.com/DotNetAnalyzers/StyleCopAnalyzers/blob/master/documentation/SA1629.md) [C:\Projects\Hazina\src\Core\AI\Hazina.AI.RAG\Hazina.AI.RAG.csproj::TargetFramework=net9.0]
C:\Projects\Hazina\src\Core\AI\Hazina.AI.RAG\Embeddings\TextChunker.cs(330,29): warning SA1629: Documentation text should end with a period (https://github.com/DotNetAnalyzers/StyleCopAnalyzers/blob/master/documentation/SA1629.md) [C:\Projects\Hazina\src\Core\AI\Hazina.AI.RAG\Hazina.AI.RAG.csproj::TargetFramework=net9.0]
C:\Projects\Hazina\src\Core\AI\Hazina.AI.RAG\Embeddings\TextChunker.cs(335,1): warning SA1516: Elements should be separated by blank line (https://github.com/DotNetAnalyzers/StyleCopAnalyzers/blob/master/documentation/SA1516.md) [C:\Projects\Hazina\src\Core\AI\Hazina.AI.RAG\Hazina.AI.RAG.csproj::TargetFramework=net9.0]
C:\Projects\Hazina\src\Core\AI\Hazina.AI.RAG\Embeddings\TextChunker.cs(336,1): warning SA1516: Elements should be separated by blank line (https://github.com/DotNetAnalyzers/StyleCopAnalyzers/blob/master/documentation/SA1516.md) [C:\Projects\Hazina\src\Core\AI\Hazina.AI.RAG\Hazina.AI.RAG.csproj::TargetFramework=net9.0]
C:\Projects\Hazina\src\Core\AI\Hazina.AI.RAG\Embeddings\TextChunker.cs(337,1): warning SA1516: Elements should be separated by blank line (https://github.com/DotNetAnalyzers/StyleCopAnalyzers/blob/master/documentation/SA1516.md) [C:\Projects\Hazina\src\Core\AI\Hazina.AI.RAG\Hazina.AI.RAG.csproj::TargetFramework=net9.0]
C:\Projects\Hazina\src\Core\AI\Hazina.AI.RAG\Embeddings\TextChunker.cs(338,1): warning SA1516: Elements should be separated by blank line (https://github.com/DotNetAnalyzers/StyleCopAnalyzers/blob/master/documentation/SA1516.md) [C:\Projects\Hazina\src\Core\AI\Hazina.AI.RAG\Hazina.AI.RAG.csproj::TargetFramework=net9.0]
C:\Projects\Hazina\src\Core\AI\Hazina.AI.RAG\Embeddings\TextChunker.cs(350,29): warning SA1623: The property's documentation summary text should begin with: 'Gets or sets' (https://github.com/DotNetAnalyzers/StyleCopAnalyzers/blob/master/documentation/SA1623.md) [C:\Projects\Hazina\src\Core\AI\Hazina.AI.RAG\Hazina.AI.RAG.csproj::TargetFramework=net9.0]
C:\Projects\Hazina\src\Core\AI\Hazina.AI.RAG\Embeddings\Models\LLMMetadataResponse.cs(64,32): warning SA1623: The property's documentation summary text should begin with: 'Gets or sets' (https://github.com/DotNetAnalyzers/StyleCopAnalyzers/blob/master/documentation/SA1623.md) [C:\Projects\Hazina\src\Core\AI\Hazina.AI.RAG\Hazina.AI.RAG.csproj::TargetFramework=net9.0]
C:\Projects\Hazina\src\Core\AI\Hazina.AI.RAG\Embeddings\TextChunker.cs(348,50): warning SA1629: Documentation text should end with a period (https://github.com/DotNetAnalyzers/StyleCopAnalyzers/blob/master/documentation/SA1629.md) [C:\Projects\Hazina\src\Core\AI\Hazina.AI.RAG\Hazina.AI.RAG.csproj::TargetFramework=net9.0]
C:\Projects\Hazina\src\Core\AI\Hazina.AI.RAG\Embeddings\Models\LLMMetadataResponse.cs(62,72): warning SA1629: Documentation text should end with a period (https://github.com/DotNetAnalyzers/StyleCopAnalyzers/blob/master/documentation/SA1629.md) [C:\Projects\Hazina\src\Core\AI\Hazina.AI.RAG\Hazina.AI.RAG.csproj::TargetFramework=net9.0]
C:\Projects\Hazina\src\Core\AI\Hazina.AI.RAG\Embeddings\TextChunker.cs(356,16): warning SA1623: The property's documentation summary text should begin with: 'Gets or sets' (https://github.com/DotNetAnalyzers/StyleCopAnalyzers/blob/master/documentation/SA1623.md) [C:\Projects\Hazina\src\Core\AI\Hazina.AI.RAG\Hazina.AI.RAG.csproj::TargetFramework=net9.0]
C:\Projects\Hazina\src\Core\AI\Hazina.AI.RAG\Embeddings\TextChunker.cs(354,22): warning SA1629: Documentation text should end with a period (https://github.com/DotNetAnalyzers/StyleCopAnalyzers/blob/master/documentation/SA1629.md) [C:\Projects\Hazina\src\Core\AI\Hazina.AI.RAG\Hazina.AI.RAG.csproj::TargetFramework=net9.0]
C:\Projects\Hazina\src\Core\AI\Hazina.AI.RAG\Embeddings\TextChunker.cs(368,37): warning SA1623: The property's documentation summary text should begin with: 'Gets or sets' (https://github.com/DotNetAnalyzers/StyleCopAnalyzers/blob/master/documentation/SA1623.md) [C:\Projects\Hazina\src\Core\AI\Hazina.AI.RAG\Hazina.AI.RAG.csproj::TargetFramework=net9.0]
C:\Projects\Hazina\src\Core\AI\Hazina.AI.RAG\Retrieval\LlmJudgeReranker.cs(123,14): warning MA0048: File name must match type name (https://github.com/meziantou/Meziantou.Analyzer/blob/main/docs/Rules/MA0048.md) [C:\Projects\Hazina\src\Core\AI\Hazina.AI.RAG\Hazina.AI.RAG.csproj::TargetFramework=net9.0]
C:\Projects\Hazina\src\Core\AI\Hazina.AI.RAG\Embeddings\TextChunker.cs(366,44): warning SA1629: Documentation text should end with a period (https://github.com/DotNetAnalyzers/StyleCopAnalyzers/blob/master/documentation/SA1629.md) [C:\Projects\Hazina\src\Core\AI\Hazina.AI.RAG\Hazina.AI.RAG.csproj::TargetFramework=net9.0]
C:\Projects\Hazina\src\Core\AI\Hazina.AI.RAG\Embeddings\TextChunker.cs(362,16): warning SA1623: The property's documentation summary text should begin with: 'Gets or sets' (https://github.com/DotNetAnalyzers/StyleCopAnalyzers/blob/master/documentation/SA1623.md) [C:\Projects\Hazina\src\Core\AI\Hazina.AI.RAG\Hazina.AI.RAG.csproj::TargetFramework=net9.0]
C:\Projects\Hazina\src\Core\AI\Hazina.AI.RAG\Embeddings\TextChunker.cs(360,21): warning SA1629: Documentation text should end with a period (https://github.com/DotNetAnalyzers/StyleCopAnalyzers/blob/master/documentation/SA1629.md) [C:\Projects\Hazina\src\Core\AI\Hazina.AI.RAG\Hazina.AI.RAG.csproj::TargetFramework=net9.0]
C:\Projects\Hazina\src\Core\AI\Hazina.AI.RAG\Retrieval\LlmJudgeReranker.cs(121,47): warning SA1629: Documentation text should end with a period (https://github.com/DotNetAnalyzers/StyleCopAnalyzers/blob/master/documentation/SA1629.md) [C:\Projects\Hazina\src\Core\AI\Hazina.AI.RAG\Hazina.AI.RAG.csproj::TargetFramework=net9.0]
C:\Projects\Hazina\src\Core\AI\Hazina.AI.RAG\Embeddings\TextChunker.cs(368,67): warning CA1805: Member 'SemanticOptions' is explicitly initialized to its default value (https://learn.microsoft.com/dotnet/fundamentals/code-analysis/quality-rules/ca1805) [C:\Projects\Hazina\src\Core\AI\Hazina.AI.RAG\Hazina.AI.RAG.csproj::TargetFramework=net9.0]
C:\Projects\Hazina\src\Core\AI\Hazina.AI.RAG\Embeddings\TextChunker.cs(344,14): warning MA0048: File name must match type name (https://github.com/meziantou/Meziantou.Analyzer/blob/main/docs/Rules/MA0048.md) [C:\Projects\Hazina\src\Core\AI\Hazina.AI.RAG\Hazina.AI.RAG.csproj::TargetFramework=net9.0]
C:\Projects\Hazina\src\Core\AI\Hazina.AI.RAG\Retrieval\LlmJudgeReranker.cs(135,19): warning SA1623: The property's documentation summary text should begin with: 'Gets or sets' (https://github.com/DotNetAnalyzers/StyleCopAnalyzers/blob/master/documentation/SA1623.md) [C:\Projects\Hazina\src\Core\AI\Hazina.AI.RAG\Hazina.AI.RAG.csproj::TargetFramework=net9.0]
C:\Projects\Hazina\src\Core\AI\Hazina.AI.RAG\Utilities\SentenceSplitter.cs(7,69): warning SA1629: Documentation text should end with a period (https://github.com/DotNetAnalyzers/StyleCopAnalyzers/blob/master/documentation/SA1629.md) [C:\Projects\Hazina\src\Core\AI\Hazina.AI.RAG\Hazina.AI.RAG.csproj::TargetFramework=net9.0]
C:\Projects\Hazina\src\Core\AI\Hazina.AI.RAG\Graph\Models\GraphRelationship.cs(24,14): warning MA0048: File name must match type name (https://github.com/meziantou/Meziantou.Analyzer/blob/main/docs/Rules/MA0048.md) [C:\Projects\Hazina\src\Core\AI\Hazina.AI.RAG\Hazina.AI.RAG.csproj::TargetFramework=net9.0]
C:\Projects\Hazina\src\Core\AI\Hazina.AI.RAG\Retrieval\LlmJudgeReranker.cs(148,16): warning SA1623: The property's documentation summary text should begin with: 'Gets or sets' (https://github.com/DotNetAnalyzers/StyleCopAnalyzers/blob/master/documentation/SA1623.md) [C:\Projects\Hazina\src\Core\AI\Hazina.AI.RAG\Hazina.AI.RAG.csproj::TargetFramework=net9.0]
C:\Projects\Hazina\src\Core\AI\Hazina.AI.RAG\Embeddings\TextChunker.cs(338,64): warning MA0002: Use an overload that has a IEqualityComparer<string> or IComparer<string> parameter (https://github.com/meziantou/Meziantou.Analyzer/blob/main/docs/Rules/MA0002.md) [C:\Projects\Hazina\src\Core\AI\Hazina.AI.RAG\Hazina.AI.RAG.csproj::TargetFramework=net9.0]
C:\Projects\Hazina\src\Core\AI\Hazina.AI.RAG\Retrieval\LlmJudgeReranker.cs(146,81): warning SA1629: Documentation text should end with a period (https://github.com/DotNetAnalyzers/StyleCopAnalyzers/blob/master/documentation/SA1629.md) [C:\Projects\Hazina\src\Core\AI\Hazina.AI.RAG\Hazina.AI.RAG.csproj::TargetFramework=net9.0]
C:\Projects\Hazina\src\Core\AI\Hazina.AI.RAG\Graph\Models\GraphRelationship.cs(27,1): warning SA1516: Elements should be separated by blank line (https://github.com/DotNetAnalyzers/StyleCopAnalyzers/blob/master/documentation/SA1516.md) [C:\Projects\Hazina\src\Core\AI\Hazina.AI.RAG\Hazina.AI.RAG.csproj::TargetFramework=net9.0]
C:\Projects\Hazina\src\Core\AI\Hazina.AI.RAG\Graph\Models\GraphRelationship.cs(28,1): warning SA1516: Elements should be separated by blank line (https://github.com/DotNetAnalyzers/StyleCopAnalyzers/blob/master/documentation/SA1516.md) [C:\Projects\Hazina\src\Core\AI\Hazina.AI.RAG\Hazina.AI.RAG.csproj::TargetFramework=net9.0]
C:\Projects\Hazina\src\Core\AI\Hazina.AI.RAG\Embeddings\SemanticChunkingOptions.cs(20,33): warning SA1623: The property's documentation summary text should begin with: 'Gets or sets' (https://github.com/DotNetAnalyzers/StyleCopAnalyzers/blob/master/documentation/SA1623.md) [C:\Projects\Hazina\src\Core\AI\Hazina.AI.RAG\Hazina.AI.RAG.csproj::TargetFramework=net9.0]
C:\Projects\Hazina\src\Core\AI\Hazina.AI.RAG\Embeddings\SemanticChunkingOptions.cs(14,17): warning SA1623: The property's documentation summary text should begin with: 'Gets or sets a value indicating whether' (https://github.com/DotNetAnalyzers/StyleCopAnalyzers/blob/master/documentation/SA1623.md) [C:\Projects\Hazina\src\Core\AI\Hazina.AI.RAG\Hazina.AI.RAG.csproj::TargetFramework=net9.0]
C:\Projects\Hazina\src\Core\AI\Hazina.AI.RAG\Embeddings\SemanticChunkingOptions.cs(12,22): warning SA1629: Documentation text should end with a period (https://github.com/DotNetAnalyzers/StyleCopAnalyzers/blob/master/documentation/SA1629.md) [C:\Projects\Hazina\src\Core\AI\Hazina.AI.RAG\Hazina.AI.RAG.csproj::TargetFramework=net9.0]
C:\Projects\Hazina\src\Core\AI\Hazina.AI.RAG\Embeddings\SemanticChunkingOptions.cs(18,45): warning SA1629: Documentation text should end with a period (https://github.com/DotNetAnalyzers/StyleCopAnalyzers/blob/master/documentation/SA1629.md) [C:\Projects\Hazina\src\Core\AI\Hazina.AI.RAG\Hazina.AI.RAG.csproj::TargetFramework=net9.0]
C:\Projects\Hazina\src\Core\AI\Hazina.AI.RAG\Embeddings\SemanticChunkingOptions.cs(29,19): warning SA1623: The property's documentation summary text should begin with: 'Gets or sets' (https://github.com/DotNetAnalyzers/StyleCopAnalyzers/blob/master/documentation/SA1623.md) [C:\Projects\Hazina\src\Core\AI\Hazina.AI.RAG\Hazina.AI.RAG.csproj::TargetFramework=net9.0]
C:\Projects\Hazina\src\Core\AI\Hazina.AI.RAG\Embeddings\EmbeddingCache.cs(1,1): warning SA1633: The file header is missing or not located at the top of the file. (https://github.com/DotNetAnalyzers/StyleCopAnalyzers/blob/master/documentation/SA1633.md) [C:\Projects\Hazina\src\Core\AI\Hazina.AI.RAG\Hazina.AI.RAG.csproj::TargetFramework=net9.0]
C:\Projects\Hazina\src\Core\AI\Hazina.AI.RAG\Embeddings\SemanticChunkingOptions.cs(27,37): warning SA1629: Documentation text should end with a period (https://github.com/DotNetAnalyzers/StyleCopAnalyzers/blob/master/documentation/SA1629.md) [C:\Projects\Hazina\src\Core\AI\Hazina.AI.RAG\Hazina.AI.RAG.csproj::TargetFramework=net9.0]
C:\Projects\Hazina\src\Core\AI\Hazina.AI.RAG\Embeddings\EmbeddingCache.cs(150,14): warning SA1402: File may only contain a single type (https://github.com/DotNetAnalyzers/StyleCopAnalyzers/blob/master/documentation/SA1402.md) [C:\Projects\Hazina\src\Core\AI\Hazina.AI.RAG\Hazina.AI.RAG.csproj::TargetFramework=net9.0]
C:\Projects\Hazina\src\Core\AI\Hazina.AI.RAG\Embeddings\SemanticChunkingOptions.cs(56,19): warning SA1623: The property's documentation summary text should begin with: 'Gets or sets' (https://github.com/DotNetAnalyzers/StyleCopAnalyzers/blob/master/documentation/SA1623.md) [C:\Projects\Hazina\src\Core\AI\Hazina.AI.RAG\Hazina.AI.RAG.csproj::TargetFramework=net9.0]
C:\Projects\Hazina\src\Core\AI\Hazina.AI.RAG\Embeddings\SemanticChunkingOptions.cs(54,22): warning SA1629: Documentation text should end with a period (https://github.com/DotNetAnalyzers/StyleCopAnalyzers/blob/master/documentation/SA1629.md) [C:\Projects\Hazina\src\Core\AI\Hazina.AI.RAG\Hazina.AI.RAG.csproj::TargetFramework=net9.0]
C:\Projects\Hazina\src\Core\AI\Hazina.AI.RAG\Embeddings\SemanticChunkingOptions.cs(66,19): warning SA1623: The property's documentation summary text should begin with: 'Gets or sets' (https://github.com/DotNetAnalyzers/StyleCopAnalyzers/blob/master/documentation/SA1623.md) [C:\Projects\Hazina\src\Core\AI\Hazina.AI.RAG\Hazina.AI.RAG.csproj::TargetFramework=net9.0]
C:\Projects\Hazina\src\Core\AI\Hazina.AI.RAG\Embeddings\SemanticChunkingOptions.cs(74,17): warning SA1623: The property's documentation summary text should begin with: 'Gets or sets a value indicating whether' (https://github.com/DotNetAnalyzers/StyleCopAnalyzers/blob/master/documentation/SA1623.md) [C:\Projects\Hazina\src\Core\AI\Hazina.AI.RAG\Hazina.AI.RAG.csproj::TargetFramework=net9.0]
C:\Projects\Hazina\src\Core\AI\Hazina.AI.RAG\Embeddings\SemanticChunkingOptions.cs(90,16): warning SA1623: The property's documentation summary text should begin with: 'Gets or sets' (https://github.com/DotNetAnalyzers/StyleCopAnalyzers/blob/master/documentation/SA1623.md) [C:\Projects\Hazina\src\Core\AI\Hazina.AI.RAG\Hazina.AI.RAG.csproj::TargetFramework=net9.0]
C:\Projects\Hazina\src\Core\AI\Hazina.AI.RAG\Embeddings\SemanticChunkingOptions.cs(64,22): warning SA1629: Documentation text should end with a period (https://github.com/DotNetAnalyzers/StyleCopAnalyzers/blob/master/documentation/SA1629.md) [C:\Projects\Hazina\src\Core\AI\Hazina.AI.RAG\Hazina.AI.RAG.csproj::TargetFramework=net9.0]
C:\Projects\Hazina\src\Core\AI\Hazina.AI.RAG\Embeddings\SemanticChunkingOptions.cs(72,23): warning SA1629: Documentation text should end with a period (https://github.com/DotNetAnalyzers/StyleCopAnalyzers/blob/master/documentation/SA1629.md) [C:\Projects\Hazina\src\Core\AI\Hazina.AI.RAG\Hazina.AI.RAG.csproj::TargetFramework=net9.0]
C:\Projects\Hazina\src\Core\AI\Hazina.AI.RAG\Embeddings\SemanticChunkingOptions.cs(88,21): warning SA1629: Documentation text should end with a period (https://github.com/DotNetAnalyzers/StyleCopAnalyzers/blob/master/documentation/SA1629.md) [C:\Projects\Hazina\src\Core\AI\Hazina.AI.RAG\Hazina.AI.RAG.csproj::TargetFramework=net9.0]
C:\Projects\Hazina\src\Core\AI\Hazina.AI.RAG\Embeddings\TextChunker.cs(342,26): warning SA1629: Documentation text should end with a period (https://github.com/DotNetAnalyzers/StyleCopAnalyzers/blob/master/documentation/SA1629.md) [C:\Projects\Hazina\src\Core\AI\Hazina.AI.RAG\Hazina.AI.RAG.csproj::TargetFramework=net9.0]
C:\Projects\Hazina\src\Core\AI\Hazina.AI.RAG\Embeddings\SemanticChunkingOptions.cs(74,49): warning CA1805: Member 'UseRollingAverage' is explicitly initialized to its default value (https://learn.microsoft.com/dotnet/fundamentals/code-analysis/quality-rules/ca1805) [C:\Projects\Hazina\src\Core\AI\Hazina.AI.RAG\Hazina.AI.RAG.csproj::TargetFramework=net9.0]
C:\Projects\Hazina\src\Core\AI\Hazina.AI.RAG\Embeddings\SemanticChunkingOptions.cs(81,16): warning SA1623: The property's documentation summary text should begin with: 'Gets or sets' (https://github.com/DotNetAnalyzers/StyleCopAnalyzers/blob/master/documentation/SA1623.md) [C:\Projects\Hazina\src\Core\AI\Hazina.AI.RAG\Hazina.AI.RAG.csproj::TargetFramework=net9.0]
C:\Projects\Hazina\src\Core\AI\Hazina.AI.RAG\Embeddings\SemanticChunkingOptions.cs(79,19): warning SA1629: Documentation text should end with a period (https://github.com/DotNetAnalyzers/StyleCopAnalyzers/blob/master/documentation/SA1629.md) [C:\Projects\Hazina\src\Core\AI\Hazina.AI.RAG\Hazina.AI.RAG.csproj::TargetFramework=net9.0]
C:\Projects\Hazina\src\Core\AI\Hazina.AI.RAG\Embeddings\SemanticChunkingOptions.cs(106,17): warning SA1623: The property's documentation summary text should begin with: 'Gets or sets' (https://github.com/DotNetAnalyzers/StyleCopAnalyzers/blob/master/documentation/SA1623.md) [C:\Projects\Hazina\src\Core\AI\Hazina.AI.RAG\Hazina.AI.RAG.csproj::TargetFramework=net9.0]
C:\Projects\Hazina\src\Core\AI\Hazina.AI.RAG\Embeddings\SemanticChunkingOptions.cs(104,21): warning SA1629: Documentation text should end with a period (https://github.com/DotNetAnalyzers/StyleCopAnalyzers/blob/master/documentation/SA1629.md) [C:\Projects\Hazina\src\Core\AI\Hazina.AI.RAG\Hazina.AI.RAG.csproj::TargetFramework=net9.0]
C:\Projects\Hazina\src\Core\AI\Hazina.AI.RAG\Embeddings\SemanticChunkingOptions.cs(139,20): warning SA1623: The property's documentation summary text should begin with: 'Gets or sets' (https://github.com/DotNetAnalyzers/StyleCopAnalyzers/blob/master/documentation/SA1623.md) [C:\Projects\Hazina\src\Core\AI\Hazina.AI.RAG\Hazina.AI.RAG.csproj::TargetFramework=net9.0]
C:\Projects\Hazina\src\Core\AI\Hazina.AI.RAG\Embeddings\SemanticChunkingOptions.cs(4,65): warning SA1629: Documentation text should end with a period (https://github.com/DotNetAnalyzers/StyleCopAnalyzers/blob/master/documentation/SA1629.md) [C:\Projects\Hazina\src\Core\AI\Hazina.AI.RAG\Hazina.AI.RAG.csproj::TargetFramework=net9.0]
C:\Projects\Hazina\src\Core\AI\Hazina.AI.RAG\Embeddings\SemanticChunkingOptions.cs(137,22): warning SA1629: Documentation text should end with a period (https://github.com/DotNetAnalyzers/StyleCopAnalyzers/blob/master/documentation/SA1629.md) [C:\Projects\Hazina\src\Core\AI\Hazina.AI.RAG\Hazina.AI.RAG.csproj::TargetFramework=net9.0]
C:\Projects\Hazina\src\Core\AI\Hazina.AI.RAG\Embeddings\SemanticChunkingOptions.cs(139,51): warning CA1805: Member 'LLMMetadataModel' is explicitly initialized to its default value (https://learn.microsoft.com/dotnet/fundamentals/code-analysis/quality-rules/ca1805) [C:\Projects\Hazina\src\Core\AI\Hazina.AI.RAG\Hazina.AI.RAG.csproj::TargetFramework=net9.0]
C:\Projects\Hazina\src\Core\AI\Hazina.AI.RAG\Embeddings\SemanticChunkingOptions.cs(43,17): warning SA1623: The property's documentation summary text should begin with: 'Gets or sets' (https://github.com/DotNetAnalyzers/StyleCopAnalyzers/blob/master/documentation/SA1623.md) [C:\Projects\Hazina\src\Core\AI\Hazina.AI.RAG\Hazina.AI.RAG.csproj::TargetFramework=net9.0]
C:\Projects\Hazina\src\Core\AI\Hazina.AI.RAG\Embeddings\SemanticChunkingOptions.cs(41,22): warning SA1629: Documentation text should end with a period (https://github.com/DotNetAnalyzers/StyleCopAnalyzers/blob/master/documentation/SA1629.md) [C:\Projects\Hazina\src\Core\AI\Hazina.AI.RAG\Hazina.AI.RAG.csproj::TargetFramework=net9.0]
C:\Projects\Hazina\src\Core\AI\Hazina.AI.RAG\Embeddings\SemanticChunkingOptions.cs(36,16): warning SA1623: The property's documentation summary text should begin with: 'Gets or sets' (https://github.com/DotNetAnalyzers/StyleCopAnalyzers/blob/master/documentation/SA1623.md) [C:\Projects\Hazina\src\Core\AI\Hazina.AI.RAG\Hazina.AI.RAG.csproj::TargetFramework=net9.0]
C:\Projects\Hazina\src\Core\AI\Hazina.AI.RAG\Embeddings\SemanticChunkingOptions.cs(34,20): warning SA1629: Documentation text should end with a period (https://github.com/DotNetAnalyzers/StyleCopAnalyzers/blob/master/documentation/SA1629.md) [C:\Projects\Hazina\src\Core\AI\Hazina.AI.RAG\Hazina.AI.RAG.csproj::TargetFramework=net9.0]
C:\Projects\Hazina\src\Core\AI\Hazina.AI.RAG\Embeddings\SemanticChunkingOptions.cs(147,17): warning SA1623: The property's documentation summary text should begin with: 'Gets or sets a value indicating whether' (https://github.com/DotNetAnalyzers/StyleCopAnalyzers/blob/master/documentation/SA1623.md) [C:\Projects\Hazina\src\Core\AI\Hazina.AI.RAG\Hazina.AI.RAG.csproj::TargetFramework=net9.0]
C:\Projects\Hazina\src\Core\AI\Hazina.AI.RAG\Embeddings\SemanticChunkingOptions.cs(114,17): warning SA1623: The property's documentation summary text should begin with: 'Gets or sets a value indicating whether' (https://github.com/DotNetAnalyzers/StyleCopAnalyzers/blob/master/documentation/SA1623.md) [C:\Projects\Hazina\src\Core\AI\Hazina.AI.RAG\Hazina.AI.RAG.csproj::TargetFramework=net9.0]
C:\Projects\Hazina\src\Core\AI\Hazina.AI.RAG\Embeddings\SemanticChunkingOptions.cs(145,22): warning SA1629: Documentation text should end with a period (https://github.com/DotNetAnalyzers/StyleCopAnalyzers/blob/master/documentation/SA1629.md) [C:\Projects\Hazina\src\Core\AI\Hazina.AI.RAG\Hazina.AI.RAG.csproj::TargetFramework=net9.0]
C:\Projects\Hazina\src\Core\AI\Hazina.AI.RAG\Embeddings\SemanticChunkingOptions.cs(112,22): warning SA1629: Documentation text should end with a period (https://github.com/DotNetAnalyzers/StyleCopAnalyzers/blob/master/documentation/SA1629.md) [C:\Projects\Hazina\src\Core\AI\Hazina.AI.RAG\Hazina.AI.RAG.csproj::TargetFramework=net9.0]
C:\Projects\Hazina\src\Core\AI\Hazina.AI.RAG\Embeddings\SemanticChunkingOptions.cs(164,17): warning SA1623: The property's documentation summary text should begin with: 'Gets or sets a value indicating whether' (https://github.com/DotNetAnalyzers/StyleCopAnalyzers/blob/master/documentation/SA1623.md) [C:\Projects\Hazina\src\Core\AI\Hazina.AI.RAG\Hazina.AI.RAG.csproj::TargetFramework=net9.0]
C:\Projects\Hazina\src\Core\AI\Hazina.AI.RAG\Embeddings\HierarchicalChunker.cs(1,1): warning SA1633: The file header is missing or not located at the top of the file. (https://github.com/DotNetAnalyzers/StyleCopAnalyzers/blob/master/documentation/SA1633.md) [C:\Projects\Hazina\src\Core\AI\Hazina.AI.RAG\Hazina.AI.RAG.csproj::TargetFramework=net9.0]
C:\Projects\Hazina\src\Core\AI\Hazina.AI.RAG\Embeddings\SemanticChunkingOptions.cs(43,49): warning CA1805: Member 'MaxSentenceLength' is explicitly initialized to its default value (https://learn.microsoft.com/dotnet/fundamentals/code-analysis/quality-rules/ca1805) [C:\Projects\Hazina\src\Core\AI\Hazina.AI.RAG\Hazina.AI.RAG.csproj::TargetFramework=net9.0]
C:\Projects\Hazina\src\Core\AI\Hazina.AI.RAG\Embeddings\SemanticChunkingOptions.cs(162,23): warning SA1629: Documentation text should end with a period (https://github.com/DotNetAnalyzers/StyleCopAnalyzers/blob/master/documentation/SA1629.md) [C:\Projects\Hazina\src\Core\AI\Hazina.AI.RAG\Hazina.AI.RAG.csproj::TargetFramework=net9.0]
C:\Projects\Hazina\src\Core\AI\Hazina.AI.RAG\Embeddings\SemanticChunkingOptions.cs(178,16): warning SA1623: The property's documentation summary text should begin with: 'Gets or sets' (https://github.com/DotNetAnalyzers/StyleCopAnalyzers/blob/master/documentation/SA1623.md) [C:\Projects\Hazina\src\Core\AI\Hazina.AI.RAG\Hazina.AI.RAG.csproj::TargetFramework=net9.0]
C:\Projects\Hazina\src\Core\AI\Hazina.AI.RAG\Embeddings\SemanticChunkingOptions.cs(164,55): warning CA1805: Member 'UseHierarchicalChunking' is explicitly initialized to its default value (https://learn.microsoft.com/dotnet/fundamentals/code-analysis/quality-rules/ca1805) [C:\Projects\Hazina\src\Core\AI\Hazina.AI.RAG\Hazina.AI.RAG.csproj::TargetFramework=net9.0]
C:\Projects\Hazina\src\Core\AI\Hazina.AI.RAG\Embeddings\SemanticChunkingOptions.cs(176,22): warning SA1629: Documentation text should end with a period (https://github.com/DotNetAnalyzers/StyleCopAnalyzers/blob/master/documentation/SA1629.md) [C:\Projects\Hazina\src\Core\AI\Hazina.AI.RAG\Hazina.AI.RAG.csproj::TargetFramework=net9.0]
C:\Projects\Hazina\src\Core\AI\Hazina.AI.RAG\Embeddings\SemanticChunkingOptions.cs(171,16): warning SA1623: The property's documentation summary text should begin with: 'Gets or sets' (https://github.com/DotNetAnalyzers/StyleCopAnalyzers/blob/master/documentation/SA1623.md) [C:\Projects\Hazina\src\Core\AI\Hazina.AI.RAG\Hazina.AI.RAG.csproj::TargetFramework=net9.0]
C:\Projects\Hazina\src\Core\AI\Hazina.AI.RAG\Embeddings\SemanticChunkingOptions.cs(97,16): warning SA1623: The property's documentation summary text should begin with: 'Gets or sets' (https://github.com/DotNetAnalyzers/StyleCopAnalyzers/blob/master/documentation/SA1623.md) [C:\Projects\Hazina\src\Core\AI\Hazina.AI.RAG\Hazina.AI.RAG.csproj::TargetFramework=net9.0]
C:\Projects\Hazina\src\Core\AI\Hazina.AI.RAG\Embeddings\SemanticChunkingOptions.cs(131,17): warning SA1623: The property's documentation summary text should begin with: 'Gets or sets a value indicating whether' (https://github.com/DotNetAnalyzers/StyleCopAnalyzers/blob/master/documentation/SA1623.md) [C:\Projects\Hazina\src\Core\AI\Hazina.AI.RAG\Hazina.AI.RAG.csproj::TargetFramework=net9.0]
C:\Projects\Hazina\src\Core\AI\Hazina.AI.RAG\Embeddings\SemanticChunkingOptions.cs(95,22): warning SA1629: Documentation text should end with a period (https://github.com/DotNetAnalyzers/StyleCopAnalyzers/blob/master/documentation/SA1629.md) [C:\Projects\Hazina\src\Core\AI\Hazina.AI.RAG\Hazina.AI.RAG.csproj::TargetFramework=net9.0]
C:\Projects\Hazina\src\Core\AI\Hazina.AI.RAG\Embeddings\SemanticChunkingOptions.cs(129,23): warning SA1629: Documentation text should end with a period (https://github.com/DotNetAnalyzers/StyleCopAnalyzers/blob/master/documentation/SA1629.md) [C:\Projects\Hazina\src\Core\AI\Hazina.AI.RAG\Hazina.AI.RAG.csproj::TargetFramework=net9.0]
C:\Projects\Hazina\src\Core\AI\Hazina.AI.RAG\Retrieval\LlmJudgeReranker.cs(128,19): warning SA1623: The property's documentation summary text should begin with: 'Gets or sets' (https://github.com/DotNetAnalyzers/StyleCopAnalyzers/blob/master/documentation/SA1623.md) [C:\Projects\Hazina\src\Core\AI\Hazina.AI.RAG\Hazina.AI.RAG.csproj::TargetFramework=net9.0]
C:\Projects\Hazina\src\Core\AI\Hazina.AI.RAG\Retrieval\LlmJudgeReranker.cs(126,57): warning SA1629: Documentation text should end with a period (https://github.com/DotNetAnalyzers/StyleCopAnalyzers/blob/master/documentation/SA1629.md) [C:\Projects\Hazina\src\Core\AI\Hazina.AI.RAG\Hazina.AI.RAG.csproj::TargetFramework=net9.0]
C:\Projects\Hazina\src\Core\AI\Hazina.AI.RAG\Embeddings\SemanticChunkingOptions.cs(131,46): warning CA1805: Member 'UseLLMMetadata' is explicitly initialized to its default value (https://learn.microsoft.com/dotnet/fundamentals/code-analysis/quality-rules/ca1805) [C:\Projects\Hazina\src\Core\AI\Hazina.AI.RAG\Hazina.AI.RAG.csproj::TargetFramework=net9.0]
C:\Projects\Hazina\src\Core\AI\Hazina.AI.RAG\Embeddings\SemanticChunkingOptions.cs(169,23): warning SA1629: Documentation text should end with a period (https://github.com/DotNetAnalyzers/StyleCopAnalyzers/blob/master/documentation/SA1629.md) [C:\Projects\Hazina\src\Core\AI\Hazina.AI.RAG\Hazina.AI.RAG.csproj::TargetFramework=net9.0]
C:\Projects\Hazina\src\Core\AI\Hazina.AI.RAG\Embeddings\SemanticChunkingOptions.cs(154,16): warning SA1623: The property's documentation summary text should begin with: 'Gets or sets' (https://github.com/DotNetAnalyzers/StyleCopAnalyzers/blob/master/documentation/SA1623.md) [C:\Projects\Hazina\src\Core\AI\Hazina.AI.RAG\Hazina.AI.RAG.csproj::TargetFramework=net9.0]
C:\Projects\Hazina\src\Core\AI\Hazina.AI.RAG\Embeddings\SemanticChunkingOptions.cs(123,35): warning SA1623: The property's documentation summary text should begin with: 'Gets or sets' (https://github.com/DotNetAnalyzers/StyleCopAnalyzers/blob/master/documentation/SA1623.md) [C:\Projects\Hazina\src\Core\AI\Hazina.AI.RAG\Hazina.AI.RAG.csproj::TargetFramework=net9.0]
C:\Projects\Hazina\src\Core\AI\Hazina.AI.RAG\Embeddings\SemanticChunkingOptions.cs(212,17): warning SA1623: The property's documentation summary text should begin with: 'Gets or sets a value indicating whether' (https://github.com/DotNetAnalyzers/StyleCopAnalyzers/blob/master/documentation/SA1623.md) [C:\Projects\Hazina\src\Core\AI\Hazina.AI.RAG\Hazina.AI.RAG.csproj::TargetFramework=net9.0]
C:\Projects\Hazina\src\Core\AI\Hazina.AI.RAG\Embeddings\SemanticChunkingOptions.cs(152,20): warning SA1629: Documentation text should end with a period (https://github.com/DotNetAnalyzers/StyleCopAnalyzers/blob/master/documentation/SA1629.md) [C:\Projects\Hazina\src\Core\AI\Hazina.AI.RAG\Hazina.AI.RAG.csproj::TargetFramework=net9.0]
C:\Projects\Hazina\src\Core\AI\Hazina.AI.RAG\Embeddings\SemanticChunkingOptions.cs(210,22): warning SA1629: Documentation text should end with a period (https://github.com/DotNetAnalyzers/StyleCopAnalyzers/blob/master/documentation/SA1629.md) [C:\Projects\Hazina\src\Core\AI\Hazina.AI.RAG\Hazina.AI.RAG.csproj::TargetFramework=net9.0]
C:\Projects\Hazina\src\Core\AI\Hazina.AI.RAG\Embeddings\SemanticChunkingOptions.cs(121,30): warning SA1629: Documentation text should end with a period (https://github.com/DotNetAnalyzers/StyleCopAnalyzers/blob/master/documentation/SA1629.md) [C:\Projects\Hazina\src\Core\AI\Hazina.AI.RAG\Hazina.AI.RAG.csproj::TargetFramework=net9.0]
C:\Projects\Hazina\src\Core\AI\Hazina.AI.RAG\Embeddings\SemanticChunkingOptions.cs(220,33): warning SA1623: The property's documentation summary text should begin with: 'Gets or sets' (https://github.com/DotNetAnalyzers/StyleCopAnalyzers/blob/master/documentation/SA1623.md) [C:\Projects\Hazina\src\Core\AI\Hazina.AI.RAG\Hazina.AI.RAG.csproj::TargetFramework=net9.0]
C:\Projects\Hazina\src\Core\AI\Hazina.AI.RAG\Embeddings\SemanticChunkingOptions.cs(205,29): warning SA1623: The property's documentation summary text should begin with: 'Gets or sets' (https://github.com/DotNetAnalyzers/StyleCopAnalyzers/blob/master/documentation/SA1623.md) [C:\Projects\Hazina\src\Core\AI\Hazina.AI.RAG\Hazina.AI.RAG.csproj::TargetFramework=net9.0]
C:\Projects\Hazina\src\Core\AI\Hazina.AI.RAG\Embeddings\SemanticChunkingOptions.cs(218,36): warning SA1629: Documentation text should end with a period (https://github.com/DotNetAnalyzers/StyleCopAnalyzers/blob/master/documentation/SA1629.md) [C:\Projects\Hazina\src\Core\AI\Hazina.AI.RAG\Hazina.AI.RAG.csproj::TargetFramework=net9.0]
C:\Projects\Hazina\src\Core\AI\Hazina.AI.RAG\Embeddings\SemanticChunkingOptions.cs(203,27): warning SA1629: Documentation text should end with a period (https://github.com/DotNetAnalyzers/StyleCopAnalyzers/blob/master/documentation/SA1629.md) [C:\Projects\Hazina\src\Core\AI\Hazina.AI.RAG\Hazina.AI.RAG.csproj::TargetFramework=net9.0]
C:\Projects\Hazina\src\Core\AI\Hazina.AI.RAG\Embeddings\HierarchicalChunker.cs(351,14): warning SA1402: File may only contain a single type (https://github.com/DotNetAnalyzers/StyleCopAnalyzers/blob/master/documentation/SA1402.md) [C:\Projects\Hazina\src\Core\AI\Hazina.AI.RAG\Hazina.AI.RAG.csproj::TargetFramework=net9.0]
C:\Projects\Hazina\src\Core\AI\Hazina.AI.RAG\Embeddings\SemanticChunkingOptions.cs(226,16): warning SA1623: The property's documentation summary text should begin with: 'Gets or sets' (https://github.com/DotNetAnalyzers/StyleCopAnalyzers/blob/master/documentation/SA1623.md) [C:\Projects\Hazina\src\Core\AI\Hazina.AI.RAG\Hazina.AI.RAG.csproj::TargetFramework=net9.0]
C:\Projects\Hazina\src\Core\AI\Hazina.AI.RAG\Embeddings\SemanticChunkingOptions.cs(220,59): warning CA1805: Member 'ContentType' is explicitly initialized to its default value (https://learn.microsoft.com/dotnet/fundamentals/code-analysis/quality-rules/ca1805) [C:\Projects\Hazina\src\Core\AI\Hazina.AI.RAG\Hazina.AI.RAG.csproj::TargetFramework=net9.0]
C:\Projects\Hazina\src\Core\AI\Hazina.AI.RAG\Embeddings\SemanticChunkingOptions.cs(224,19): warning SA1629: Documentation text should end with a period (https://github.com/DotNetAnalyzers/StyleCopAnalyzers/blob/master/documentation/SA1629.md) [C:\Projects\Hazina\src\Core\AI\Hazina.AI.RAG\Hazina.AI.RAG.csproj::TargetFramework=net9.0]
C:\Projects\Hazina\src\Core\AI\Hazina.AI.RAG\Embeddings\SemanticChunkingOptions.cs(197,35): warning SA1623: The property's documentation summary text should begin with: 'Gets or sets' (https://github.com/DotNetAnalyzers/StyleCopAnalyzers/blob/master/documentation/SA1623.md) [C:\Projects\Hazina\src\Core\AI\Hazina.AI.RAG\Hazina.AI.RAG.csproj::TargetFramework=net9.0]
C:\Projects\Hazina\src\Core\AI\Hazina.AI.RAG\Graph\Models\GraphSchema.cs(8,25): warning CA2227: Change 'EntityTypes' to be read-only by removing the property setter (https://learn.microsoft.com/dotnet/fundamentals/code-analysis/quality-rules/ca2227) [C:\Projects\Hazina\src\Core\AI\Hazina.AI.RAG\Hazina.AI.RAG.csproj::TargetFramework=net9.0]
C:\Projects\Hazina\src\Core\AI\Hazina.AI.RAG\Graph\Models\GraphSchema.cs(8,25): warning CA1002: Change 'List<string>' in 'GraphSchema.EntityTypes' to use 'Collection<T>', 'ReadOnlyCollection<T>' or 'KeyedCollection<K,V>' (https://learn.microsoft.com/dotnet/fundamentals/code-analysis/quality-rules/ca1002) [C:\Projects\Hazina\src\Core\AI\Hazina.AI.RAG\Hazina.AI.RAG.csproj::TargetFramework=net9.0]
C:\Projects\Hazina\src\Core\AI\Hazina.AI.RAG\Embeddings\SemanticChunkingOptions.cs(189,17): warning SA1623: The property's documentation summary text should begin with: 'Gets or sets a value indicating whether' (https://github.com/DotNetAnalyzers/StyleCopAnalyzers/blob/master/documentation/SA1623.md) [C:\Projects\Hazina\src\Core\AI\Hazina.AI.RAG\Hazina.AI.RAG.csproj::TargetFramework=net9.0]
C:\Projects\Hazina\src\Core\AI\Hazina.AI.RAG\Graph\Models\GraphSchema.cs(8,12): warning MA0016: Prefer using collection abstraction instead of implementation (https://github.com/meziantou/Meziantou.Analyzer/blob/main/docs/Rules/MA0016.md) [C:\Projects\Hazina\src\Core\AI\Hazina.AI.RAG\Hazina.AI.RAG.csproj::TargetFramework=net9.0]
C:\Projects\Hazina\src\Core\AI\Hazina.AI.RAG\Embeddings\SemanticChunkingOptions.cs(187,65): warning SA1629: Documentation text should end with a period (https://github.com/DotNetAnalyzers/StyleCopAnalyzers/blob/master/documentation/SA1629.md) [C:\Projects\Hazina\src\Core\AI\Hazina.AI.RAG\Hazina.AI.RAG.csproj::TargetFramework=net9.0]
C:\Projects\Hazina\src\Core\AI\Hazina.AI.RAG\Graph\Models\GraphSchema.cs(9,25): warning CA2227: Change 'RelationTypes' to be read-only by removing the property setter (https://learn.microsoft.com/dotnet/fundamentals/code-analysis/quality-rules/ca2227) [C:\Projects\Hazina\src\Core\AI\Hazina.AI.RAG\Hazina.AI.RAG.csproj::TargetFramework=net9.0]
C:\Projects\Hazina\src\Core\AI\Hazina.AI.RAG\Graph\Models\GraphSchema.cs(9,25): warning CA1002: Change 'List<string>' in 'GraphSchema.RelationTypes' to use 'Collection<T>', 'ReadOnlyCollection<T>' or 'KeyedCollection<K,V>' (https://learn.microsoft.com/dotnet/fundamentals/code-analysis/quality-rules/ca1002) [C:\Projects\Hazina\src\Core\AI\Hazina.AI.RAG\Hazina.AI.RAG.csproj::TargetFramework=net9.0]
C:\Projects\Hazina\src\Core\AI\Hazina.AI.RAG\Graph\Models\GraphSchema.cs(9,12): warning MA0016: Prefer using collection abstraction instead of implementation (https://github.com/meziantou/Meziantou.Analyzer/blob/main/docs/Rules/MA0016.md) [C:\Projects\Hazina\src\Core\AI\Hazina.AI.RAG\Hazina.AI.RAG.csproj::TargetFramework=net9.0]
C:\Projects\Hazina\src\Core\AI\Hazina.AI.RAG\Graph\Models\GraphSchema.cs(9,1): warning SA1516: Elements should be separated by blank line (https://github.com/DotNetAnalyzers/StyleCopAnalyzers/blob/master/documentation/SA1516.md) [C:\Projects\Hazina\src\Core\AI\Hazina.AI.RAG\Hazina.AI.RAG.csproj::TargetFramework=net9.0]
C:\Projects\Hazina\src\Core\AI\Hazina.AI.RAG\Graph\Models\GraphSchema.cs(10,1): warning SA1516: Elements should be separated by blank line (https://github.com/DotNetAnalyzers/StyleCopAnalyzers/blob/master/documentation/SA1516.md) [C:\Projects\Hazina\src\Core\AI\Hazina.AI.RAG\Hazina.AI.RAG.csproj::TargetFramework=net9.0]
C:\Projects\Hazina\src\Core\AI\Hazina.AI.RAG\Graph\Models\GraphSchema.cs(11,1): warning SA1516: Elements should be separated by blank line (https://github.com/DotNetAnalyzers/StyleCopAnalyzers/blob/master/documentation/SA1516.md) [C:\Projects\Hazina\src\Core\AI\Hazina.AI.RAG\Hazina.AI.RAG.csproj::TargetFramework=net9.0]
C:\Projects\Hazina\src\Core\AI\Hazina.AI.RAG\Graph\Models\GraphSchema.cs(12,1): warning SA1516: Elements should be separated by blank line (https://github.com/DotNetAnalyzers/StyleCopAnalyzers/blob/master/documentation/SA1516.md) [C:\Projects\Hazina\src\Core\AI\Hazina.AI.RAG\Hazina.AI.RAG.csproj::TargetFramework=net9.0]
C:\Projects\Hazina\src\Core\AI\Hazina.AI.RAG\Graph\Models\GraphSchema.cs(13,1): warning SA1516: Elements should be separated by blank line (https://github.com/DotNetAnalyzers/StyleCopAnalyzers/blob/master/documentation/SA1516.md) [C:\Projects\Hazina\src\Core\AI\Hazina.AI.RAG\Hazina.AI.RAG.csproj::TargetFramework=net9.0]
C:\Projects\Hazina\src\Core\AI\Hazina.AI.RAG\Graph\Models\GraphSchema.cs(16,1): warning SA1516: Elements should be separated by blank line (https://github.com/DotNetAnalyzers/StyleCopAnalyzers/blob/master/documentation/SA1516.md) [C:\Projects\Hazina\src\Core\AI\Hazina.AI.RAG\Hazina.AI.RAG.csproj::TargetFramework=net9.0]
C:\Projects\Hazina\src\Core\AI\Hazina.AI.RAG\Graph\Models\GraphSchema.cs(19,1): warning SA1516: Elements should be separated by blank line (https://github.com/DotNetAnalyzers/StyleCopAnalyzers/blob/master/documentation/SA1516.md) [C:\Projects\Hazina\src\Core\AI\Hazina.AI.RAG\Hazina.AI.RAG.csproj::TargetFramework=net9.0]
C:\Projects\Hazina\src\Core\AI\Hazina.AI.RAG\Graph\Models\GraphRelationship.cs(9,1): warning SA1516: Elements should be separated by blank line (https://github.com/DotNetAnalyzers/StyleCopAnalyzers/blob/master/documentation/SA1516.md) [C:\Projects\Hazina\src\Core\AI\Hazina.AI.RAG\Hazina.AI.RAG.csproj::TargetFramework=net9.0]
C:\Projects\Hazina\src\Core\AI\Hazina.AI.RAG\Graph\Models\GraphRelationship.cs(10,1): warning SA1516: Elements should be separated by blank line (https://github.com/DotNetAnalyzers/StyleCopAnalyzers/blob/master/documentation/SA1516.md) [C:\Projects\Hazina\src\Core\AI\Hazina.AI.RAG\Hazina.AI.RAG.csproj::TargetFramework=net9.0]
C:\Projects\Hazina\src\Core\AI\Hazina.AI.RAG\Graph\Models\GraphRelationship.cs(11,1): warning SA1516: Elements should be separated by blank line (https://github.com/DotNetAnalyzers/StyleCopAnalyzers/blob/master/documentation/SA1516.md) [C:\Projects\Hazina\src\Core\AI\Hazina.AI.RAG\Hazina.AI.RAG.csproj::TargetFramework=net9.0]
C:\Projects\Hazina\src\Core\AI\Hazina.AI.RAG\Graph\Models\GraphRelationship.cs(12,1): warning SA1516: Elements should be separated by blank line (https://github.com/DotNetAnalyzers/StyleCopAnalyzers/blob/master/documentation/SA1516.md) [C:\Projects\Hazina\src\Core\AI\Hazina.AI.RAG\Hazina.AI.RAG.csproj::TargetFramework=net9.0]
C:\Projects\Hazina\src\Core\AI\Hazina.AI.RAG\Graph\Models\GraphRelationship.cs(13,1): warning SA1516: Elements should be separated by blank line (https://github.com/DotNetAnalyzers/StyleCopAnalyzers/blob/master/documentation/SA1516.md) [C:\Projects\Hazina\src\Core\AI\Hazina.AI.RAG\Hazina.AI.RAG.csproj::TargetFramework=net9.0]
C:\Projects\Hazina\src\Core\AI\Hazina.AI.RAG\Graph\Models\GraphRelationship.cs(14,1): warning SA1516: Elements should be separated by blank line (https://github.com/DotNetAnalyzers/StyleCopAnalyzers/blob/master/documentation/SA1516.md) [C:\Projects\Hazina\src\Core\AI\Hazina.AI.RAG\Hazina.AI.RAG.csproj::TargetFramework=net9.0]
C:\Projects\Hazina\src\Core\AI\Hazina.AI.RAG\Graph\Models\GraphRelationship.cs(15,1): warning SA1516: Elements should be separated by blank line (https://github.com/DotNetAnalyzers/StyleCopAnalyzers/blob/master/documentation/SA1516.md) [C:\Projects\Hazina\src\Core\AI\Hazina.AI.RAG\Hazina.AI.RAG.csproj::TargetFramework=net9.0]
C:\Projects\Hazina\src\Core\AI\Hazina.AI.RAG\Graph\Models\GraphRelationship.cs(16,1): warning SA1516: Elements should be separated by blank line (https://github.com/DotNetAnalyzers/StyleCopAnalyzers/blob/master/documentation/SA1516.md) [C:\Projects\Hazina\src\Core\AI\Hazina.AI.RAG\Hazina.AI.RAG.csproj::TargetFramework=net9.0]
C:\Projects\Hazina\src\Core\AI\Hazina.AI.RAG\Graph\Models\GraphRelationship.cs(17,1): warning SA1516: Elements should be separated by blank line (https://github.com/DotNetAnalyzers/StyleCopAnalyzers/blob/master/documentation/SA1516.md) [C:\Projects\Hazina\src\Core\AI\Hazina.AI.RAG\Hazina.AI.RAG.csproj::TargetFramework=net9.0]
C:\Projects\Hazina\src\Core\AI\Hazina.AI.RAG\Graph\Models\GraphRelationship.cs(18,1): warning SA1516: Elements should be separated by blank line (https://github.com/DotNetAnalyzers/StyleCopAnalyzers/blob/master/documentation/SA1516.md) [C:\Projects\Hazina\src\Core\AI\Hazina.AI.RAG\Hazina.AI.RAG.csproj::TargetFramework=net9.0]
C:\Projects\Hazina\src\Core\AI\Hazina.AI.RAG\Graph\Models\GraphRelationship.cs(19,1): warning SA1516: Elements should be separated by blank line (https://github.com/DotNetAnalyzers/StyleCopAnalyzers/blob/master/documentation/SA1516.md) [C:\Projects\Hazina\src\Core\AI\Hazina.AI.RAG\Hazina.AI.RAG.csproj::TargetFramework=net9.0]
C:\Projects\Hazina\src\Core\AI\Hazina.AI.RAG\Graph\Models\GraphRelationship.cs(20,1): warning SA1516: Elements should be separated by blank line (https://github.com/DotNetAnalyzers/StyleCopAnalyzers/blob/master/documentation/SA1516.md) [C:\Projects\Hazina\src\Core\AI\Hazina.AI.RAG\Hazina.AI.RAG.csproj::TargetFramework=net9.0]
C:\Projects\Hazina\src\Core\AI\Hazina.AI.RAG\Graph\Models\GraphRelationship.cs(21,1): warning SA1516: Elements should be separated by blank line (https://github.com/DotNetAnalyzers/StyleCopAnalyzers/blob/master/documentation/SA1516.md) [C:\Projects\Hazina\src\Core\AI\Hazina.AI.RAG\Hazina.AI.RAG.csproj::TargetFramework=net9.0]
C:\Projects\Hazina\src\Core\AI\Hazina.AI.RAG\Graph\Models\GraphRelationship.cs(13,39): warning CA2227: Change 'Properties' to be read-only by removing the property setter (https://learn.microsoft.com/dotnet/fundamentals/code-analysis/quality-rules/ca2227) [C:\Projects\Hazina\src\Core\AI\Hazina.AI.RAG\Hazina.AI.RAG.csproj::TargetFramework=net9.0]
C:\Projects\Hazina\src\Core\AI\Hazina.AI.RAG\Graph\Models\GraphRelationship.cs(13,12): warning MA0016: Prefer using collection abstraction instead of implementation (https://github.com/meziantou/Meziantou.Analyzer/blob/main/docs/Rules/MA0016.md) [C:\Projects\Hazina\src\Core\AI\Hazina.AI.RAG\Hazina.AI.RAG.csproj::TargetFramework=net9.0]
C:\Projects\Hazina\src\Core\AI\Hazina.AI.RAG\Graph\Models\GraphSchema.cs(10,45): warning CA2227: Change 'AllowedRelations' to be read-only by removing the property setter (https://learn.microsoft.com/dotnet/fundamentals/code-analysis/quality-rules/ca2227) [C:\Projects\Hazina\src\Core\AI\Hazina.AI.RAG\Hazina.AI.RAG.csproj::TargetFramework=net9.0]
C:\Projects\Hazina\src\Core\AI\Hazina.AI.RAG\Graph\Models\GraphSchema.cs(10,12): warning MA0016: Prefer using collection abstraction instead of implementation (https://github.com/meziantou/Meziantou.Analyzer/blob/main/docs/Rules/MA0016.md) [C:\Projects\Hazina\src\Core\AI\Hazina.AI.RAG\Hazina.AI.RAG.csproj::TargetFramework=net9.0]
C:\Projects\Hazina\src\Core\AI\Hazina.AI.RAG\Graph\Models\GraphSchema.cs(11,39): warning CA2227: Change 'EntityHierarchy' to be read-only by removing the property setter (https://learn.microsoft.com/dotnet/fundamentals/code-analysis/quality-rules/ca2227) [C:\Projects\Hazina\src\Core\AI\Hazina.AI.RAG\Hazina.AI.RAG.csproj::TargetFramework=net9.0]
C:\Projects\Hazina\src\Core\AI\Hazina.AI.RAG\Graph\Models\GraphSchema.cs(11,12): warning MA0016: Prefer using collection abstraction instead of implementation (https://github.com/meziantou/Meziantou.Analyzer/blob/main/docs/Rules/MA0016.md) [C:\Projects\Hazina\src\Core\AI\Hazina.AI.RAG\Hazina.AI.RAG.csproj::TargetFramework=net9.0]
C:\Projects\Hazina\src\Core\AI\Hazina.AI.RAG\Graph\Models\GraphSchema.cs(12,39): warning CA2227: Change 'RelationHierarchy' to be read-only by removing the property setter (https://learn.microsoft.com/dotnet/fundamentals/code-analysis/quality-rules/ca2227) [C:\Projects\Hazina\src\Core\AI\Hazina.AI.RAG\Hazina.AI.RAG.csproj::TargetFramework=net9.0]
C:\Projects\Hazina\src\Core\AI\Hazina.AI.RAG\Graph\Models\GraphSchema.cs(12,12): warning MA0016: Prefer using collection abstraction instead of implementation (https://github.com/meziantou/Meziantou.Analyzer/blob/main/docs/Rules/MA0016.md) [C:\Projects\Hazina\src\Core\AI\Hazina.AI.RAG\Hazina.AI.RAG.csproj::TargetFramework=net9.0]
C:\Projects\Hazina\src\Core\AI\Hazina.AI.RAG\Embeddings\SemanticChunkingOptions.cs(195,35): warning SA1629: Documentation text should end with a period (https://github.com/DotNetAnalyzers/StyleCopAnalyzers/blob/master/documentation/SA1629.md) [C:\Projects\Hazina\src\Core\AI\Hazina.AI.RAG\Hazina.AI.RAG.csproj::TargetFramework=net9.0]
C:\Projects\Hazina\src\Core\AI\Hazina.AI.RAG\Graph\Models\GraphSchema.cs(13,48): warning CA1805: Member 'StrictValidation' is explicitly initialized to its default value (https://learn.microsoft.com/dotnet/fundamentals/code-analysis/quality-rules/ca1805) [C:\Projects\Hazina\src\Core\AI\Hazina.AI.RAG\Hazina.AI.RAG.csproj::TargetFramework=net9.0]
C:\Projects\Hazina\src\Core\AI\Hazina.AI.RAG\Graph\Models\GraphSchema.cs(10,78): warning MA0002: Use an overload that has a IEqualityComparer<string> or IComparer<string> parameter (https://github.com/meziantou/Meziantou.Analyzer/blob/main/docs/Rules/MA0002.md) [C:\Projects\Hazina\src\Core\AI\Hazina.AI.RAG\Hazina.AI.RAG.csproj::TargetFramework=net9.0]
C:\Projects\Hazina\src\Core\AI\Hazina.AI.RAG\Graph\Models\GraphRelationship.cs(13,66): warning MA0002: Use an overload that has a IEqualityComparer<string> or IComparer<string> parameter (https://github.com/meziantou/Meziantou.Analyzer/blob/main/docs/Rules/MA0002.md) [C:\Projects\Hazina\src\Core\AI\Hazina.AI.RAG\Hazina.AI.RAG.csproj::TargetFramework=net9.0]
C:\Projects\Hazina\src\Core\AI\Hazina.AI.RAG\Graph\Models\GraphSchema.cs(11,71): warning MA0002: Use an overload that has a IEqualityComparer<string> or IComparer<string> parameter (https://github.com/meziantou/Meziantou.Analyzer/blob/main/docs/Rules/MA0002.md) [C:\Projects\Hazina\src\Core\AI\Hazina.AI.RAG\Hazina.AI.RAG.csproj::TargetFramework=net9.0]
C:\Projects\Hazina\src\Core\AI\Hazina.AI.RAG\Graph\Models\GraphSchema.cs(12,73): warning MA0002: Use an overload that has a IEqualityComparer<string> or IComparer<string> parameter (https://github.com/meziantou/Meziantou.Analyzer/blob/main/docs/Rules/MA0002.md) [C:\Projects\Hazina\src\Core\AI\Hazina.AI.RAG\Hazina.AI.RAG.csproj::TargetFramework=net9.0]
C:\Projects\Hazina\src\Core\AI\Hazina.AI.RAG\Graph\Retrieval\HybridRetrievalService.cs(400,13): warning MA0048: File name must match type name (https://github.com/meziantou/Meziantou.Analyzer/blob/main/docs/Rules/MA0048.md) [C:\Projects\Hazina\src\Core\AI\Hazina.AI.RAG\Hazina.AI.RAG.csproj::TargetFramework=net9.0]
C:\Projects\Hazina\src\Core\AI\Hazina.AI.RAG\Graph\Models\GraphRelationship.cs(20,47): warning CA1805: Member 'IsBidirectional' is explicitly initialized to its default value (https://learn.microsoft.com/dotnet/fundamentals/code-analysis/quality-rules/ca1805) [C:\Projects\Hazina\src\Core\AI\Hazina.AI.RAG\Hazina.AI.RAG.csproj::TargetFramework=net9.0]
C:\Projects\Hazina\src\Core\AI\Hazina.AI.RAG\Graph\Retrieval\HybridRetrievalService.cs(410,14): warning MA0048: File name must match type name (https://github.com/meziantou/Meziantou.Analyzer/blob/main/docs/Rules/MA0048.md) [C:\Projects\Hazina\src\Core\AI\Hazina.AI.RAG\Hazina.AI.RAG.csproj::TargetFramework=net9.0]
C:\Projects\Hazina\src\Core\AI\Hazina.AI.RAG\Graph\Retrieval\HybridRetrievalService.cs(413,1): warning SA1516: Elements should be separated by blank line (https://github.com/DotNetAnalyzers/StyleCopAnalyzers/blob/master/documentation/SA1516.md) [C:\Projects\Hazina\src\Core\AI\Hazina.AI.RAG\Hazina.AI.RAG.csproj::TargetFramework=net9.0]
C:\Projects\Hazina\src\Core\AI\Hazina.AI.RAG\Graph\Retrieval\HybridRetrievalService.cs(414,1): warning SA1516: Elements should be separated by blank line (https://github.com/DotNetAnalyzers/StyleCopAnalyzers/blob/master/documentation/SA1516.md) [C:\Projects\Hazina\src\Core\AI\Hazina.AI.RAG\Hazina.AI.RAG.csproj::TargetFramework=net9.0]
C:\Projects\Hazina\src\Core\AI\Hazina.AI.RAG\Graph\Retrieval\HybridRetrievalService.cs(415,1): warning SA1516: Elements should be separated by blank line (https://github.com/DotNetAnalyzers/StyleCopAnalyzers/blob/master/documentation/SA1516.md) [C:\Projects\Hazina\src\Core\AI\Hazina.AI.RAG\Hazina.AI.RAG.csproj::TargetFramework=net9.0]
C:\Projects\Hazina\src\Core\AI\Hazina.AI.RAG\Graph\Retrieval\HybridRetrievalService.cs(416,1): warning SA1516: Elements should be separated by blank line (https://github.com/DotNetAnalyzers/StyleCopAnalyzers/blob/master/documentation/SA1516.md) [C:\Projects\Hazina\src\Core\AI\Hazina.AI.RAG\Hazina.AI.RAG.csproj::TargetFramework=net9.0]
C:\Projects\Hazina\src\Core\AI\Hazina.AI.RAG\Graph\Retrieval\HybridRetrievalService.cs(417,1): warning SA1516: Elements should be separated by blank line (https://github.com/DotNetAnalyzers/StyleCopAnalyzers/blob/master/documentation/SA1516.md) [C:\Projects\Hazina\src\Core\AI\Hazina.AI.RAG\Hazina.AI.RAG.csproj::TargetFramework=net9.0]
C:\Projects\Hazina\src\Core\AI\Hazina.AI.RAG\Graph\Retrieval\HybridRetrievalService.cs(418,1): warning SA1516: Elements should be separated by blank line (https://github.com/DotNetAnalyzers/StyleCopAnalyzers/blob/master/documentation/SA1516.md) [C:\Projects\Hazina\src\Core\AI\Hazina.AI.RAG\Hazina.AI.RAG.csproj::TargetFramework=net9.0]
C:\Projects\Hazina\src\Core\AI\Hazina.AI.RAG\Retrieval\Reranker.cs(236,13): warning MA0048: File name must match type name (https://github.com/meziantou/Meziantou.Analyzer/blob/main/docs/Rules/MA0048.md) [C:\Projects\Hazina\src\Core\AI\Hazina.AI.RAG\Hazina.AI.RAG.csproj::TargetFramework=net9.0]
C:\Projects\Hazina\src\Core\AI\Hazina.AI.RAG\Graph\Storage\IGraphStore.cs(110,36): warning CA2227: Change 'EntityTypeDistribution' to be read-only by removing the property setter (https://learn.microsoft.com/dotnet/fundamentals/code-analysis/quality-rules/ca2227) [C:\Projects\Hazina\src\Core\AI\Hazina.AI.RAG\Hazina.AI.RAG.csproj::TargetFramework=net9.0]
C:\Projects\Hazina\src\Core\AI\Hazina.AI.RAG\Graph\Storage\IGraphStore.cs(106,14): warning MA0048: File name must match type name (https://github.com/meziantou/Meziantou.Analyzer/blob/main/docs/Rules/MA0048.md) [C:\Projects\Hazina\src\Core\AI\Hazina.AI.RAG\Hazina.AI.RAG.csproj::TargetFramework=net9.0]
C:\Projects\Hazina\src\Core\AI\Hazina.AI.RAG\Graph\Storage\IGraphStore.cs(110,12): warning MA0016: Prefer using collection abstraction instead of implementation (https://github.com/meziantou/Meziantou.Analyzer/blob/main/docs/Rules/MA0016.md) [C:\Projects\Hazina\src\Core\AI\Hazina.AI.RAG\Hazina.AI.RAG.csproj::TargetFramework=net9.0]
C:\Projects\Hazina\src\Core\AI\Hazina.AI.RAG\Graph\Retrieval\HybridRetrievalService.cs(424,13): warning MA0048: File name must match type name (https://github.com/meziantou/Meziantou.Analyzer/blob/main/docs/Rules/MA0048.md) [C:\Projects\Hazina\src\Core\AI\Hazina.AI.RAG\Hazina.AI.RAG.csproj::TargetFramework=net9.0]
C:\Projects\Hazina\src\Core\AI\Hazina.AI.RAG\Graph\Retrieval\HybridRetrievalService.cs(386,14): warning MA0048: File name must match type name (https://github.com/meziantou/Meziantou.Analyzer/blob/main/docs/Rules/MA0048.md) [C:\Projects\Hazina\src\Core\AI\Hazina.AI.RAG\Hazina.AI.RAG.csproj::TargetFramework=net9.0]
C:\Projects\Hazina\src\Core\AI\Hazina.AI.RAG\Embeddings\HierarchicalChunkerExtensions.cs(118,20): warning MA0026: TODO Implement LLM-based section summarization (https://github.com/meziantou/Meziantou.Analyzer/blob/main/docs/Rules/MA0026.md) [C:\Projects\Hazina\src\Core\AI\Hazina.AI.RAG\Hazina.AI.RAG.csproj::TargetFramework=net9.0]
C:\Projects\Hazina\src\Core\AI\Hazina.AI.RAG\Retrieval\Reranker.cs(234,25): warning SA1629: Documentation text should end with a period (https://github.com/DotNetAnalyzers/StyleCopAnalyzers/blob/master/documentation/SA1629.md) [C:\Projects\Hazina\src\Core\AI\Hazina.AI.RAG\Hazina.AI.RAG.csproj::TargetFramework=net9.0]
C:\Projects\Hazina\src\Core\AI\Hazina.AI.RAG\Embeddings\HierarchicalChunkerExtensions.cs(118,20): warning S1135: Complete the task associated to this 'TODO' comment. (https://rules.sonarsource.com/csharp/RSPEC-1135) [C:\Projects\Hazina\src\Core\AI\Hazina.AI.RAG\Hazina.AI.RAG.csproj::TargetFramework=net9.0]
C:\Projects\Hazina\src\Core\AI\Hazina.AI.RAG\Graph\Retrieval\HybridRetrievalService.cs(17,37): warning S4487: Remove this unread private field '_config' or refactor the code to use its value. (https://rules.sonarsource.com/csharp/RSPEC-4487) [C:\Projects\Hazina\src\Core\AI\Hazina.AI.RAG\Hazina.AI.RAG.csproj::TargetFramework=net9.0]
C:\Projects\Hazina\src\Core\AI\Hazina.AI.RAG\Graph\Storage\IGraphStore.cs(111,36): warning CA2227: Change 'RelationshipTypeDistribution' to be read-only by removing the property setter (https://learn.microsoft.com/dotnet/fundamentals/code-analysis/quality-rules/ca2227) [C:\Projects\Hazina\src\Core\AI\Hazina.AI.RAG\Hazina.AI.RAG.csproj::TargetFramework=net9.0]
C:\Projects\Hazina\src\Core\AI\Hazina.AI.RAG\Embeddings\HierarchicalChunkerExtensions.cs(1,1): warning SA1633: The file header is missing or not located at the top of the file. (https://github.com/DotNetAnalyzers/StyleCopAnalyzers/blob/master/documentation/SA1633.md) [C:\Projects\Hazina\src\Core\AI\Hazina.AI.RAG\Hazina.AI.RAG.csproj::TargetFramework=net9.0]
C:\Projects\Hazina\src\Core\AI\Hazina.AI.RAG\Graph\Storage\IGraphStore.cs(111,12): warning MA0016: Prefer using collection abstraction instead of implementation (https://github.com/meziantou/Meziantou.Analyzer/blob/main/docs/Rules/MA0016.md) [C:\Projects\Hazina\src\Core\AI\Hazina.AI.RAG\Hazina.AI.RAG.csproj::TargetFramework=net9.0]
C:\Projects\Hazina\src\Core\AI\Hazina.AI.RAG\Graph\Storage\IGraphStore.cs(110,75): warning MA0002: Use an overload that has a IEqualityComparer<string> or IComparer<string> parameter (https://github.com/meziantou/Meziantou.Analyzer/blob/main/docs/Rules/MA0002.md) [C:\Projects\Hazina\src\Core\AI\Hazina.AI.RAG\Hazina.AI.RAG.csproj::TargetFramework=net9.0]
C:\Projects\Hazina\src\Core\AI\Hazina.AI.RAG\Graph\Storage\IGraphStore.cs(109,1): warning SA1516: Elements should be separated by blank line (https://github.com/DotNetAnalyzers/StyleCopAnalyzers/blob/master/documentation/SA1516.md) [C:\Projects\Hazina\src\Core\AI\Hazina.AI.RAG\Hazina.AI.RAG.csproj::TargetFramework=net9.0]
C:\Projects\Hazina\src\Core\AI\Hazina.AI.RAG\Graph\Storage\IGraphStore.cs(110,1): warning SA1516: Elements should be separated by blank line (https://github.com/DotNetAnalyzers/StyleCopAnalyzers/blob/master/documentation/SA1516.md) [C:\Projects\Hazina\src\Core\AI\Hazina.AI.RAG\Hazina.AI.RAG.csproj::TargetFramework=net9.0]
C:\Projects\Hazina\src\Core\AI\Hazina.AI.RAG\Graph\Storage\IGraphStore.cs(111,1): warning SA1516: Elements should be separated by blank line (https://github.com/DotNetAnalyzers/StyleCopAnalyzers/blob/master/documentation/SA1516.md) [C:\Projects\Hazina\src\Core\AI\Hazina.AI.RAG\Hazina.AI.RAG.csproj::TargetFramework=net9.0]
C:\Projects\Hazina\src\Core\AI\Hazina.AI.RAG\Graph\Retrieval\HybridRetrievalService.cs(389,1): warning SA1516: Elements should be separated by blank line (https://github.com/DotNetAnalyzers/StyleCopAnalyzers/blob/master/documentation/SA1516.md) [C:\Projects\Hazina\src\Core\AI\Hazina.AI.RAG\Hazina.AI.RAG.csproj::TargetFramework=net9.0]
C:\Projects\Hazina\src\Core\AI\Hazina.AI.RAG\Graph\Retrieval\HybridRetrievalService.cs(390,1): warning SA1516: Elements should be separated by blank line (https://github.com/DotNetAnalyzers/StyleCopAnalyzers/blob/master/documentation/SA1516.md) [C:\Projects\Hazina\src\Core\AI\Hazina.AI.RAG\Hazina.AI.RAG.csproj::TargetFramework=net9.0]
C:\Projects\Hazina\src\Core\AI\Hazina.AI.RAG\Graph\Retrieval\HybridRetrievalService.cs(391,1): warning SA1516: Elements should be separated by blank line (https://github.com/DotNetAnalyzers/StyleCopAnalyzers/blob/master/documentation/SA1516.md) [C:\Projects\Hazina\src\Core\AI\Hazina.AI.RAG\Hazina.AI.RAG.csproj::TargetFramework=net9.0]
C:\Projects\Hazina\src\Core\AI\Hazina.AI.RAG\Graph\Retrieval\HybridRetrievalService.cs(392,1): warning SA1516: Elements should be separated by blank line (https://github.com/DotNetAnalyzers/StyleCopAnalyzers/blob/master/documentation/SA1516.md) [C:\Projects\Hazina\src\Core\AI\Hazina.AI.RAG\Hazina.AI.RAG.csproj::TargetFramework=net9.0]
C:\Projects\Hazina\src\Core\AI\Hazina.AI.RAG\Graph\Retrieval\HybridRetrievalService.cs(393,1): warning SA1516: Elements should be separated by blank line (https://github.com/DotNetAnalyzers/StyleCopAnalyzers/blob/master/documentation/SA1516.md) [C:\Projects\Hazina\src\Core\AI\Hazina.AI.RAG\Hazina.AI.RAG.csproj::TargetFramework=net9.0]
C:\Projects\Hazina\src\Core\AI\Hazina.AI.RAG\Graph\Retrieval\HybridRetrievalService.cs(394,1): warning SA1516: Elements should be separated by blank line (https://github.com/DotNetAnalyzers/StyleCopAnalyzers/blob/master/documentation/SA1516.md) [C:\Projects\Hazina\src\Core\AI\Hazina.AI.RAG\Hazina.AI.RAG.csproj::TargetFramework=net9.0]
C:\Projects\Hazina\src\Core\AI\Hazina.AI.RAG\Embeddings\Models\LLMMetadataResponse.cs(98,21): warning MA0048: File name must match type name (https://github.com/meziantou/Meziantou.Analyzer/blob/main/docs/Rules/MA0048.md) [C:\Projects\Hazina\src\Core\AI\Hazina.AI.RAG\Hazina.AI.RAG.csproj::TargetFramework=net9.0]
C:\Projects\Hazina\src\Core\AI\Hazina.AI.RAG\Graph\Storage\IGraphStore.cs(111,81): warning MA0002: Use an overload that has a IEqualityComparer<string> or IComparer<string> parameter (https://github.com/meziantou/Meziantou.Analyzer/blob/main/docs/Rules/MA0002.md) [C:\Projects\Hazina\src\Core\AI\Hazina.AI.RAG\Hazina.AI.RAG.csproj::TargetFramework=net9.0]
C:\Projects\Hazina\src\Core\AI\Hazina.AI.RAG\Graph\Pipeline\LLMEntityExtractor.cs(18,26): warning SA1310: Field 'ENTITY_EXTRACTION_PROMPT' should not contain an underscore (https://github.com/DotNetAnalyzers/StyleCopAnalyzers/blob/master/documentation/SA1310.md) [C:\Projects\Hazina\src\Core\AI\Hazina.AI.RAG\Hazina.AI.RAG.csproj::TargetFramework=net9.0]
C:\Projects\Hazina\src\Core\AI\Hazina.AI.RAG\Embeddings\HierarchicalChunkerExtensions.cs(87,13): warning SA1009: Closing parenthesis should not be preceded by a space (https://github.com/DotNetAnalyzers/StyleCopAnalyzers/blob/master/documentation/SA1009.md) [C:\Projects\Hazina\src\Core\AI\Hazina.AI.RAG\Hazina.AI.RAG.csproj::TargetFramework=net9.0]
C:\Projects\Hazina\src\Core\AI\Hazina.AI.RAG\Retrieval\Reranker.cs(7,57): warning SA1629: Documentation text should end with a period (https://github.com/DotNetAnalyzers/StyleCopAnalyzers/blob/master/documentation/SA1629.md) [C:\Projects\Hazina\src\Core\AI\Hazina.AI.RAG\Hazina.AI.RAG.csproj::TargetFramework=net9.0]
C:\Projects\Hazina\src\Core\AI\Hazina.AI.RAG\Embeddings\Models\LLMMetadataResponse.cs(96,55): warning SA1629: Documentation text should end with a period (https://github.com/DotNetAnalyzers/StyleCopAnalyzers/blob/master/documentation/SA1629.md) [C:\Projects\Hazina\src\Core\AI\Hazina.AI.RAG\Hazina.AI.RAG.csproj::TargetFramework=net9.0]
C:\Projects\Hazina\src\Core\AI\Hazina.AI.RAG\Graph\Pipeline\LLMEntityExtractor.cs(166,24): warning S3459: Remove unassigned auto-property 'Description', or set its value. (https://rules.sonarsource.com/csharp/RSPEC-3459) [C:\Projects\Hazina\src\Core\AI\Hazina.AI.RAG\Hazina.AI.RAG.csproj::TargetFramework=net9.0]
C:\Projects\Hazina\src\Core\AI\Hazina.AI.RAG\Graph\Pipeline\LLMEntityExtractor.cs(167,44): warning S3459: Remove unassigned auto-property 'Properties', or set its value. (https://rules.sonarsource.com/csharp/RSPEC-3459) [C:\Projects\Hazina\src\Core\AI\Hazina.AI.RAG\Hazina.AI.RAG.csproj::TargetFramework=net9.0]
C:\Projects\Hazina\src\Core\AI\Hazina.AI.RAG\Embeddings\Models\LLMMetadataResponse.cs(115,32): warning CA1002: Change 'List<string>' in 'SectionTypes.All' to use 'Collection<T>', 'ReadOnlyCollection<T>' or 'KeyedCollection<K,V>' (https://learn.microsoft.com/dotnet/fundamentals/code-analysis/quality-rules/ca1002) [C:\Projects\Hazina\src\Core\AI\Hazina.AI.RAG\Hazina.AI.RAG.csproj::TargetFramework=net9.0]
C:\Projects\Hazina\src\Core\AI\Hazina.AI.RAG\Embeddings\Models\LLMMetadataResponse.cs(115,19): warning MA0016: Prefer using collection abstraction instead of implementation (https://github.com/meziantou/Meziantou.Analyzer/blob/main/docs/Rules/MA0016.md) [C:\Projects\Hazina\src\Core\AI\Hazina.AI.RAG\Hazina.AI.RAG.csproj::TargetFramework=net9.0]
C:\Projects\Hazina\src\Core\AI\Hazina.AI.RAG\Graph\Pipeline\LLMEntityExtractor.cs(166,43): warning S1144: Remove the unused private set accessor in property 'Description'. (https://rules.sonarsource.com/csharp/RSPEC-1144) [C:\Projects\Hazina\src\Core\AI\Hazina.AI.RAG\Hazina.AI.RAG.csproj::TargetFramework=net9.0]
C:\Projects\Hazina\src\Core\AI\Hazina.AI.RAG\Graph\Pipeline\LLMEntityExtractor.cs(167,62): warning S1144: Remove the unused private set accessor in property 'Properties'. (https://rules.sonarsource.com/csharp/RSPEC-1144) [C:\Projects\Hazina\src\Core\AI\Hazina.AI.RAG\Hazina.AI.RAG.csproj::TargetFramework=net9.0]
C:\Projects\Hazina\src\Core\AI\Hazina.AI.RAG\Graph\Pipeline\LLMEntityExtractor.cs(12,14): warning S101: Rename class 'LLMEntityExtractor' to match pascal case naming rules, consider using 'LlmEntityExtractor'. (https://rules.sonarsource.com/csharp/RSPEC-101) [C:\Projects\Hazina\src\Core\AI\Hazina.AI.RAG\Hazina.AI.RAG.csproj::TargetFramework=net9.0]
C:\Projects\Hazina\src\Core\AI\Hazina.AI.RAG\Embeddings\LLMMetadataExtractor.cs(1,1): warning SA1633: The file header is missing or not located at the top of the file. (https://github.com/DotNetAnalyzers/StyleCopAnalyzers/blob/master/documentation/SA1633.md) [C:\Projects\Hazina\src\Core\AI\Hazina.AI.RAG\Hazina.AI.RAG.csproj::TargetFramework=net9.0]
C:\Projects\Hazina\src\Core\AI\Hazina.AI.RAG\Graph\Pipeline\LLMRelationshipExtractor.cs(19,26): warning SA1310: Field 'RELATIONSHIP_EXTRACTION_PROMPT' should not contain an underscore (https://github.com/DotNetAnalyzers/StyleCopAnalyzers/blob/master/documentation/SA1310.md) [C:\Projects\Hazina\src\Core\AI\Hazina.AI.RAG\Hazina.AI.RAG.csproj::TargetFramework=net9.0]
C:\Projects\Hazina\src\Core\AI\Hazina.AI.RAG\Graph\Pipeline\LLMEntityExtractor.cs(165,1): warning SA1516: Elements should be separated by blank line (https://github.com/DotNetAnalyzers/StyleCopAnalyzers/blob/master/documentation/SA1516.md) [C:\Projects\Hazina\src\Core\AI\Hazina.AI.RAG\Hazina.AI.RAG.csproj::TargetFramework=net9.0]
C:\Projects\Hazina\src\Core\AI\Hazina.AI.RAG\Graph\Pipeline\LLMEntityExtractor.cs(166,1): warning SA1516: Elements should be separated by blank line (https://github.com/DotNetAnalyzers/StyleCopAnalyzers/blob/master/documentation/SA1516.md) [C:\Projects\Hazina\src\Core\AI\Hazina.AI.RAG\Hazina.AI.RAG.csproj::TargetFramework=net9.0]
C:\Projects\Hazina\src\Core\AI\Hazina.AI.RAG\Graph\Pipeline\LLMEntityExtractor.cs(167,1): warning SA1516: Elements should be separated by blank line (https://github.com/DotNetAnalyzers/StyleCopAnalyzers/blob/master/documentation/SA1516.md) [C:\Projects\Hazina\src\Core\AI\Hazina.AI.RAG\Hazina.AI.RAG.csproj::TargetFramework=net9.0]
C:\Projects\Hazina\src\Core\AI\Hazina.AI.RAG\Graph\Pipeline\LLMEntityExtractor.cs(168,1): warning SA1516: Elements should be separated by blank line (https://github.com/DotNetAnalyzers/StyleCopAnalyzers/blob/master/documentation/SA1516.md) [C:\Projects\Hazina\src\Core\AI\Hazina.AI.RAG\Hazina.AI.RAG.csproj::TargetFramework=net9.0]
C:\Projects\Hazina\src\Core\AI\Hazina.AI.RAG\Graph\Pipeline\LLMRelationshipExtractor.cs(200,1): warning SA1516: Elements should be separated by blank line (https://github.com/DotNetAnalyzers/StyleCopAnalyzers/blob/master/documentation/SA1516.md) [C:\Projects\Hazina\src\Core\AI\Hazina.AI.RAG\Hazina.AI.RAG.csproj::TargetFramework=net9.0]
C:\Projects\Hazina\src\Core\AI\Hazina.AI.RAG\Graph\Pipeline\LLMRelationshipExtractor.cs(201,1): warning SA1516: Elements should be separated by blank line (https://github.com/DotNetAnalyzers/StyleCopAnalyzers/blob/master/documentation/SA1516.md) [C:\Projects\Hazina\src\Core\AI\Hazina.AI.RAG\Hazina.AI.RAG.csproj::TargetFramework=net9.0]
C:\Projects\Hazina\src\Core\AI\Hazina.AI.RAG\Graph\Pipeline\LLMRelationshipExtractor.cs(202,1): warning SA1516: Elements should be separated by blank line (https://github.com/DotNetAnalyzers/StyleCopAnalyzers/blob/master/documentation/SA1516.md) [C:\Projects\Hazina\src\Core\AI\Hazina.AI.RAG\Hazina.AI.RAG.csproj::TargetFramework=net9.0]
C:\Projects\Hazina\src\Core\AI\Hazina.AI.RAG\Graph\Pipeline\LLMRelationshipExtractor.cs(203,1): warning SA1516: Elements should be separated by blank line (https://github.com/DotNetAnalyzers/StyleCopAnalyzers/blob/master/documentation/SA1516.md) [C:\Projects\Hazina\src\Core\AI\Hazina.AI.RAG\Hazina.AI.RAG.csproj::TargetFramework=net9.0]
C:\Projects\Hazina\src\Core\AI\Hazina.AI.RAG\Graph\Pipeline\LLMRelationshipExtractor.cs(204,1): warning SA1516: Elements should be separated by blank line (https://github.com/DotNetAnalyzers/StyleCopAnalyzers/blob/master/documentation/SA1516.md) [C:\Projects\Hazina\src\Core\AI\Hazina.AI.RAG\Hazina.AI.RAG.csproj::TargetFramework=net9.0]
C:\Projects\Hazina\src\Core\AI\Hazina.AI.RAG\Graph\Pipeline\LLMRelationshipExtractor.cs(204,51): warning CA1805: Member 'IsBidirectional' is explicitly initialized to its default value (https://learn.microsoft.com/dotnet/fundamentals/code-analysis/quality-rules/ca1805) [C:\Projects\Hazina\src\Core\AI\Hazina.AI.RAG\Hazina.AI.RAG.csproj::TargetFramework=net9.0]
C:\Projects\Hazina\src\Core\AI\Hazina.AI.RAG\Retrieval\Reranker.cs(226,14): warning MA0048: File name must match type name (https://github.com/meziantou/Meziantou.Analyzer/blob/main/docs/Rules/MA0048.md) [C:\Projects\Hazina\src\Core\AI\Hazina.AI.RAG\Hazina.AI.RAG.csproj::TargetFramework=net9.0]
C:\Projects\Hazina\src\Core\AI\Hazina.AI.RAG\Retrieval\Reranker.cs(224,22): warning SA1629: Documentation text should end with a period (https://github.com/DotNetAnalyzers/StyleCopAnalyzers/blob/master/documentation/SA1629.md) [C:\Projects\Hazina\src\Core\AI\Hazina.AI.RAG\Hazina.AI.RAG.csproj::TargetFramework=net9.0]
C:\Projects\Hazina\src\Core\AI\Hazina.AI.RAG\Retrieval\Reranker.cs(229,1): warning SA1516: Elements should be separated by blank line (https://github.com/DotNetAnalyzers/StyleCopAnalyzers/blob/master/documentation/SA1516.md) [C:\Projects\Hazina\src\Core\AI\Hazina.AI.RAG\Hazina.AI.RAG.csproj::TargetFramework=net9.0]
C:\Projects\Hazina\src\Core\AI\Hazina.AI.RAG\Retrieval\Reranker.cs(230,1): warning SA1516: Elements should be separated by blank line (https://github.com/DotNetAnalyzers/StyleCopAnalyzers/blob/master/documentation/SA1516.md) [C:\Projects\Hazina\src\Core\AI\Hazina.AI.RAG\Hazina.AI.RAG.csproj::TargetFramework=net9.0]
C:\Projects\Hazina\src\Core\AI\Hazina.AI.RAG\Graph\Pipeline\LLMRelationshipExtractor.cs(202,24): warning S3459: Remove unassigned auto-property 'Description', or set its value. (https://rules.sonarsource.com/csharp/RSPEC-3459) [C:\Projects\Hazina\src\Core\AI\Hazina.AI.RAG\Hazina.AI.RAG.csproj::TargetFramework=net9.0]
C:\Projects\Hazina\src\Core\AI\Hazina.AI.RAG\Embeddings\LLMMetadataExtractor.cs(59,13): warning SA1009: Closing parenthesis should not be preceded by a space (https://github.com/DotNetAnalyzers/StyleCopAnalyzers/blob/master/documentation/SA1009.md) [C:\Projects\Hazina\src\Core\AI\Hazina.AI.RAG\Hazina.AI.RAG.csproj::TargetFramework=net9.0]
C:\Projects\Hazina\src\Core\AI\Hazina.AI.RAG\Embeddings\LLMMetadataExtractor.cs(99,17): warning SA1009: Closing parenthesis should not be preceded by a space (https://github.com/DotNetAnalyzers/StyleCopAnalyzers/blob/master/documentation/SA1009.md) [C:\Projects\Hazina\src\Core\AI\Hazina.AI.RAG\Hazina.AI.RAG.csproj::TargetFramework=net9.0]
C:\Projects\Hazina\src\Core\AI\Hazina.AI.RAG\Embeddings\LLMMetadataExtractor.cs(133,13): warning SA1009: Closing parenthesis should not be preceded by a space (https://github.com/DotNetAnalyzers/StyleCopAnalyzers/blob/master/documentation/SA1009.md) [C:\Projects\Hazina\src\Core\AI\Hazina.AI.RAG\Hazina.AI.RAG.csproj::TargetFramework=net9.0]
C:\Projects\Hazina\src\Core\AI\Hazina.AI.RAG\Embeddings\LLMMetadataExtractor.cs(145,17): warning SA1009: Closing parenthesis should not be preceded by a space (https://github.com/DotNetAnalyzers/StyleCopAnalyzers/blob/master/documentation/SA1009.md) [C:\Projects\Hazina\src\Core\AI\Hazina.AI.RAG\Hazina.AI.RAG.csproj::TargetFramework=net9.0]
C:\Projects\Hazina\src\Core\AI\Hazina.AI.RAG\Graph\Storage\InMemoryGraphStore.cs(13,87): warning MA0002: Use an overload that has a IEqualityComparer<string> or IComparer<string> parameter (https://github.com/meziantou/Meziantou.Analyzer/blob/main/docs/Rules/MA0002.md) [C:\Projects\Hazina\src\Core\AI\Hazina.AI.RAG\Hazina.AI.RAG.csproj::TargetFramework=net9.0]
C:\Projects\Hazina\src\Core\AI\Hazina.AI.RAG\Graph\Storage\InMemoryGraphStore.cs(12,76): warning MA0002: Use an overload that has a IEqualityComparer<string> or IComparer<string> parameter (https://github.com/meziantou/Meziantou.Analyzer/blob/main/docs/Rules/MA0002.md) [C:\Projects\Hazina\src\Core\AI\Hazina.AI.RAG\Hazina.AI.RAG.csproj::TargetFramework=net9.0]
C:\Projects\Hazina\src\Core\AI\Hazina.AI.RAG\Graph\Pipeline\LLMRelationshipExtractor.cs(202,43): warning S1144: Remove the unused private set accessor in property 'Description'. (https://rules.sonarsource.com/csharp/RSPEC-1144) [C:\Projects\Hazina\src\Core\AI\Hazina.AI.RAG\Hazina.AI.RAG.csproj::TargetFramework=net9.0]
C:\Projects\Hazina\src\Core\AI\Hazina.AI.RAG\Graph\Pipeline\LLMRelationshipExtractor.cs(13,14): warning S101: Rename class 'LLMRelationshipExtractor' to match pascal case naming rules, consider using 'LlmRelationshipExtractor'. (https://rules.sonarsource.com/csharp/RSPEC-101) [C:\Projects\Hazina\src\Core\AI\Hazina.AI.RAG\Hazina.AI.RAG.csproj::TargetFramework=net9.0]
C:\Projects\Hazina\src\Core\AI\Hazina.AI.RAG\Graph\Storage\InMemoryGraphStore.cs(14,88): warning MA0002: Use an overload that has a IEqualityComparer<string> or IComparer<string> parameter (https://github.com/meziantou/Meziantou.Analyzer/blob/main/docs/Rules/MA0002.md) [C:\Projects\Hazina\src\Core\AI\Hazina.AI.RAG\Hazina.AI.RAG.csproj::TargetFramework=net9.0]
C:\Projects\Hazina\src\Core\AI\Hazina.AI.RAG\Graph\Storage\SQLiteGraphStore.cs(14,14): warning CA1063: Provide an overridable implementation of Dispose(bool) on 'SQLiteGraphStore' or mark the type as sealed. A call to Dispose(false) should only clean up native resources. A call to Dispose(true) should clean up both managed and native resources. (https://learn.microsoft.com/dotnet/fundamentals/code-analysis/quality-rules/ca1063) [C:\Projects\Hazina\src\Core\AI\Hazina.AI.RAG\Hazina.AI.RAG.csproj::TargetFramework=net9.0]
C:\Projects\Hazina\src\Core\AI\Hazina.AI.RAG\Core\RAGEngine.cs(644,5): warning MA0016: Prefer using collection abstraction instead of implementation (https://github.com/meziantou/Meziantou.Analyzer/blob/main/docs/Rules/MA0016.md) [C:\Projects\Hazina\src\Core\AI\Hazina.AI.RAG\Hazina.AI.RAG.csproj::TargetFramework=net9.0]
C:\Projects\Hazina\src\Core\AI\Hazina.AI.RAG\Core\RAGEngine.cs(643,49): warning MA0016: Prefer using collection abstraction instead of implementation (https://github.com/meziantou/Meziantou.Analyzer/blob/main/docs/Rules/MA0016.md) [C:\Projects\Hazina\src\Core\AI\Hazina.AI.RAG\Hazina.AI.RAG.csproj::TargetFramework=net9.0]
C:\Projects\Hazina\src\Core\AI\Hazina.AI.RAG\Embeddings\Models\LLMMetadataResponse.cs(1,1): warning SA1633: The file header is missing or not located at the top of the file. (https://github.com/DotNetAnalyzers/StyleCopAnalyzers/blob/master/documentation/SA1633.md) [C:\Projects\Hazina\src\Core\AI\Hazina.AI.RAG\Hazina.AI.RAG.csproj::TargetFramework=net9.0]
C:\Projects\Hazina\src\Core\AI\Hazina.AI.RAG\Embeddings\Models\LLMMetadataResponse.cs(7,14): warning SA1649: File name should match first type name (https://github.com/DotNetAnalyzers/StyleCopAnalyzers/blob/master/documentation/SA1649.md) [C:\Projects\Hazina\src\Core\AI\Hazina.AI.RAG\Hazina.AI.RAG.csproj::TargetFramework=net9.0]
C:\Projects\Hazina\src\Core\AI\Hazina.AI.RAG\Embeddings\Models\LLMMetadataResponse.cs(59,14): warning SA1402: File may only contain a single type (https://github.com/DotNetAnalyzers/StyleCopAnalyzers/blob/master/documentation/SA1402.md) [C:\Projects\Hazina\src\Core\AI\Hazina.AI.RAG\Hazina.AI.RAG.csproj::TargetFramework=net9.0]
C:\Projects\Hazina\src\Core\AI\Hazina.AI.RAG\Embeddings\Models\LLMMetadataResponse.cs(98,21): warning SA1402: File may only contain a single type (https://github.com/DotNetAnalyzers/StyleCopAnalyzers/blob/master/documentation/SA1402.md) [C:\Projects\Hazina\src\Core\AI\Hazina.AI.RAG\Hazina.AI.RAG.csproj::TargetFramework=net9.0]
C:\Projects\Hazina\src\Core\AI\Hazina.AI.RAG\Embeddings\TextChunker.cs(10,78): warning SA1629: Documentation text should end with a period (https://github.com/DotNetAnalyzers/StyleCopAnalyzers/blob/master/documentation/SA1629.md) [C:\Projects\Hazina\src\Core\AI\Hazina.AI.RAG\Hazina.AI.RAG.csproj::TargetFramework=net9.0]
C:\Projects\Hazina\src\Core\AI\Hazina.AI.RAG\Embeddings\SemanticChunkingOptions.cs(1,1): warning SA1633: The file header is missing or not located at the top of the file. (https://github.com/DotNetAnalyzers/StyleCopAnalyzers/blob/master/documentation/SA1633.md) [C:\Projects\Hazina\src\Core\AI\Hazina.AI.RAG\Hazina.AI.RAG.csproj::TargetFramework=net9.0]
C:\Projects\Hazina\src\Core\AI\Hazina.AI.RAG\Graph\Storage\SQLiteGraphStore.cs(14,14): warning S3881: Fix this implementation of 'IDisposable' to conform to the dispose pattern. (https://rules.sonarsource.com/csharp/RSPEC-3881) [C:\Projects\Hazina\src\Core\AI\Hazina.AI.RAG\Hazina.AI.RAG.csproj::TargetFramework=net9.0]
C:\Projects\Hazina\src\Core\AI\Hazina.AI.RAG\Embeddings\SemanticSimilarityChunker.cs(11,59): warning SA1629: Documentation text should end with a period (https://github.com/DotNetAnalyzers/StyleCopAnalyzers/blob/master/documentation/SA1629.md) [C:\Projects\Hazina\src\Core\AI\Hazina.AI.RAG\Hazina.AI.RAG.csproj::TargetFramework=net9.0]
C:\Projects\Hazina\src\Core\AI\Hazina.AI.RAG\Embeddings\SemanticSimilarityChunker.cs(1,1): warning SA1633: The file header is missing or not located at the top of the file. (https://github.com/DotNetAnalyzers/StyleCopAnalyzers/blob/master/documentation/SA1633.md) [C:\Projects\Hazina\src\Core\AI\Hazina.AI.RAG\Hazina.AI.RAG.csproj::TargetFramework=net9.0]
C:\Projects\Hazina\src\Core\AI\Hazina.AI.RAG\Embeddings\EmbeddingCache.cs(42,38): warning SA1629: Documentation text should end with a period (https://github.com/DotNetAnalyzers/StyleCopAnalyzers/blob/master/documentation/SA1629.md) [C:\Projects\Hazina\src\Core\AI\Hazina.AI.RAG\Hazina.AI.RAG.csproj::TargetFramework=net9.0]
C:\Projects\Hazina\src\Core\AI\Hazina.AI.RAG\Embeddings\SemanticSimilarityChunker.cs(284,13): warning SA1512: Single-line comments should not be followed by blank line (https://github.com/DotNetAnalyzers/StyleCopAnalyzers/blob/master/documentation/SA1512.md) [C:\Projects\Hazina\src\Core\AI\Hazina.AI.RAG\Hazina.AI.RAG.csproj::TargetFramework=net9.0]
C:\Projects\Hazina\src\Core\AI\Hazina.AI.RAG\Embeddings\SemanticSimilarityChunker.cs(220,14): warning SA1513: Closing brace should be followed by blank line (https://github.com/DotNetAnalyzers/StyleCopAnalyzers/blob/master/documentation/SA1513.md) [C:\Projects\Hazina\src\Core\AI\Hazina.AI.RAG\Hazina.AI.RAG.csproj::TargetFramework=net9.0]
C:\Projects\Hazina\src\Core\AI\Hazina.AI.RAG\Embeddings\SemanticSimilarityChunker.cs(217,21): warning SA1515: Single-line comment should be preceded by blank line (https://github.com/DotNetAnalyzers/StyleCopAnalyzers/blob/master/documentation/SA1515.md) [C:\Projects\Hazina\src\Core\AI\Hazina.AI.RAG\Hazina.AI.RAG.csproj::TargetFramework=net9.0]
C:\Projects\Hazina\src\Core\AI\Hazina.AI.RAG\Embeddings\EmbeddingCache.cs(20,57): warning SA1629: Documentation text should end with a period (https://github.com/DotNetAnalyzers/StyleCopAnalyzers/blob/master/documentation/SA1629.md) [C:\Projects\Hazina\src\Core\AI\Hazina.AI.RAG\Hazina.AI.RAG.csproj::TargetFramework=net9.0]
C:\Projects\Hazina\src\Core\AI\Hazina.AI.RAG\Graph\Storage\SQLiteGraphStore.cs(33,18): warning MA0051: Method is too long (97 lines; maximum allowed: 60) (https://github.com/meziantou/Meziantou.Analyzer/blob/main/docs/Rules/MA0051.md) [C:\Projects\Hazina\src\Core\AI\Hazina.AI.RAG\Hazina.AI.RAG.csproj::TargetFramework=net9.0]
C:\Projects\Hazina\src\Core\AI\Hazina.AI.RAG\Embeddings\EmbeddingCache.cs(55,51): warning SA1629: Documentation text should end with a period (https://github.com/DotNetAnalyzers/StyleCopAnalyzers/blob/master/documentation/SA1629.md) [C:\Projects\Hazina\src\Core\AI\Hazina.AI.RAG\Hazina.AI.RAG.csproj::TargetFramework=net9.0]
C:\Projects\Hazina\src\Core\AI\Hazina.AI.RAG\Embeddings\EmbeddingCache.cs(70,57): warning SA1629: Documentation text should end with a period (https://github.com/DotNetAnalyzers/StyleCopAnalyzers/blob/master/documentation/SA1629.md) [C:\Projects\Hazina\src\Core\AI\Hazina.AI.RAG\Hazina.AI.RAG.csproj::TargetFramework=net9.0]
C:\Projects\Hazina\src\Core\AI\Hazina.AI.RAG\Embeddings\EmbeddingCache.cs(81,25): warning MA0004: Use Task.ConfigureAwait(false) if the current SynchronizationContext is not needed (https://github.com/meziantou/Meziantou.Analyzer/blob/main/docs/Rules/MA0004.md) [C:\Projects\Hazina\src\Core\AI\Hazina.AI.RAG\Hazina.AI.RAG.csproj::TargetFramework=net9.0]
C:\Projects\Hazina\src\Core\AI\Hazina.AI.RAG\Embeddings\SemanticSimilarityChunker.cs(138,9): warning SA1009: Closing parenthesis should not be preceded by a space (https://github.com/DotNetAnalyzers/StyleCopAnalyzers/blob/master/documentation/SA1009.md) [C:\Projects\Hazina\src\Core\AI\Hazina.AI.RAG\Hazina.AI.RAG.csproj::TargetFramework=net9.0]
C:\Projects\Hazina\src\Core\AI\Hazina.AI.RAG\Embeddings\SemanticSimilarityChunker.cs(211,21): warning SA1009: Closing parenthesis should not be preceded by a space (https://github.com/DotNetAnalyzers/StyleCopAnalyzers/blob/master/documentation/SA1009.md) [C:\Projects\Hazina\src\Core\AI\Hazina.AI.RAG\Hazina.AI.RAG.csproj::TargetFramework=net9.0]
C:\Projects\Hazina\src\Core\AI\Hazina.AI.RAG\Interfaces\IRetrievalPipeline.cs(17,5): warning MA0016: Prefer using collection abstraction instead of implementation (https://github.com/meziantou/Meziantou.Analyzer/blob/main/docs/Rules/MA0016.md) [C:\Projects\Hazina\src\Core\AI\Hazina.AI.RAG\Hazina.AI.RAG.csproj::TargetFramework=net9.0]
C:\Projects\Hazina\src\Core\AI\Hazina.AI.RAG\Embeddings\EmbeddingCache.cs(87,36): warning SA1629: Documentation text should end with a period (https://github.com/DotNetAnalyzers/StyleCopAnalyzers/blob/master/documentation/SA1629.md) [C:\Projects\Hazina\src\Core\AI\Hazina.AI.RAG\Hazina.AI.RAG.csproj::TargetFramework=net9.0]
C:\Projects\Hazina\src\Core\AI\Hazina.AI.RAG\Interfaces\IRetriever.cs(17,5): warning MA0016: Prefer using collection abstraction instead of implementation (https://github.com/meziantou/Meziantou.Analyzer/blob/main/docs/Rules/MA0016.md) [C:\Projects\Hazina\src\Core\AI\Hazina.AI.RAG\Hazina.AI.RAG.csproj::TargetFramework=net9.0]
C:\Projects\Hazina\src\Core\AI\Hazina.AI.RAG\Embeddings\EmbeddingCache.cs(100,29): warning SA1629: Documentation text should end with a period (https://github.com/DotNetAnalyzers/StyleCopAnalyzers/blob/master/documentation/SA1629.md) [C:\Projects\Hazina\src\Core\AI\Hazina.AI.RAG\Hazina.AI.RAG.csproj::TargetFramework=net9.0]
C:\Projects\Hazina\src\Core\AI\Hazina.AI.RAG\Interfaces\IRetrievalPipeline.cs(9,44): warning SA1629: Documentation text should end with a period (https://github.com/DotNetAnalyzers/StyleCopAnalyzers/blob/master/documentation/SA1629.md) [C:\Projects\Hazina\src\Core\AI\Hazina.AI.RAG\Hazina.AI.RAG.csproj::TargetFramework=net9.0]
C:\Projects\Hazina\src\Core\AI\Hazina.AI.RAG\Interfaces\IRetrievalPipeline.cs(11,39): warning SA1629: Documentation text should end with a period (https://github.com/DotNetAnalyzers/StyleCopAnalyzers/blob/master/documentation/SA1629.md) [C:\Projects\Hazina\src\Core\AI\Hazina.AI.RAG\Hazina.AI.RAG.csproj::TargetFramework=net9.0]
C:\Projects\Hazina\src\Core\AI\Hazina.AI.RAG\Interfaces\IRetrievalPipeline.cs(12,79): warning SA1629: Documentation text should end with a period (https://github.com/DotNetAnalyzers/StyleCopAnalyzers/blob/master/documentation/SA1629.md) [C:\Projects\Hazina\src\Core\AI\Hazina.AI.RAG\Hazina.AI.RAG.csproj::TargetFramework=net9.0]
C:\Projects\Hazina\src\Core\AI\Hazina.AI.RAG\Interfaces\IRetrievalPipeline.cs(13,81): warning SA1629: Documentation text should end with a period (https://github.com/DotNetAnalyzers/StyleCopAnalyzers/blob/master/documentation/SA1629.md) [C:\Projects\Hazina\src\Core\AI\Hazina.AI.RAG\Hazina.AI.RAG.csproj::TargetFramework=net9.0]
C:\Projects\Hazina\src\Core\AI\Hazina.AI.RAG\Interfaces\IRetrievalPipeline.cs(14,79): warning SA1629: Documentation text should end with a period (https://github.com/DotNetAnalyzers/StyleCopAnalyzers/blob/master/documentation/SA1629.md) [C:\Projects\Hazina\src\Core\AI\Hazina.AI.RAG\Hazina.AI.RAG.csproj::TargetFramework=net9.0]
C:\Projects\Hazina\src\Core\AI\Hazina.AI.RAG\Interfaces\IRetrievalPipeline.cs(15,59): warning SA1629: Documentation text should end with a period (https://github.com/DotNetAnalyzers/StyleCopAnalyzers/blob/master/documentation/SA1629.md) [C:\Projects\Hazina\src\Core\AI\Hazina.AI.RAG\Hazina.AI.RAG.csproj::TargetFramework=net9.0]
C:\Projects\Hazina\src\Core\AI\Hazina.AI.RAG\Interfaces\IRetrievalPipeline.cs(16,43): warning SA1629: Documentation text should end with a period (https://github.com/DotNetAnalyzers/StyleCopAnalyzers/blob/master/documentation/SA1629.md) [C:\Projects\Hazina\src\Core\AI\Hazina.AI.RAG\Hazina.AI.RAG.csproj::TargetFramework=net9.0]
C:\Projects\Hazina\src\Core\AI\Hazina.AI.RAG\Interfaces\IRetrievalPipeline.cs(23,5): warning SA1111: Closing parenthesis should be on line of last parameter (https://github.com/DotNetAnalyzers/StyleCopAnalyzers/blob/master/documentation/SA1111.md) [C:\Projects\Hazina\src\Core\AI\Hazina.AI.RAG\Hazina.AI.RAG.csproj::TargetFramework=net9.0]
C:\Projects\Hazina\src\Core\AI\Hazina.AI.RAG\Interfaces\IRetriever.cs(10,52): warning SA1629: Documentation text should end with a period (https://github.com/DotNetAnalyzers/StyleCopAnalyzers/blob/master/documentation/SA1629.md) [C:\Projects\Hazina\src\Core\AI\Hazina.AI.RAG\Hazina.AI.RAG.csproj::TargetFramework=net9.0]
C:\Projects\Hazina\src\Core\AI\Hazina.AI.RAG\Interfaces\IRetriever.cs(12,44): warning SA1629: Documentation text should end with a period (https://github.com/DotNetAnalyzers/StyleCopAnalyzers/blob/master/documentation/SA1629.md) [C:\Projects\Hazina\src\Core\AI\Hazina.AI.RAG\Hazina.AI.RAG.csproj::TargetFramework=net9.0]
C:\Projects\Hazina\src\Core\AI\Hazina.AI.RAG\Interfaces\IRetriever.cs(13,60): warning SA1629: Documentation text should end with a period (https://github.com/DotNetAnalyzers/StyleCopAnalyzers/blob/master/documentation/SA1629.md) [C:\Projects\Hazina\src\Core\AI\Hazina.AI.RAG\Hazina.AI.RAG.csproj::TargetFramework=net9.0]
C:\Projects\Hazina\src\Core\AI\Hazina.AI.RAG\Interfaces\IRetriever.cs(14,76): warning SA1629: Documentation text should end with a period (https://github.com/DotNetAnalyzers/StyleCopAnalyzers/blob/master/documentation/SA1629.md) [C:\Projects\Hazina\src\Core\AI\Hazina.AI.RAG\Hazina.AI.RAG.csproj::TargetFramework=net9.0]
C:\Projects\Hazina\src\Core\AI\Hazina.AI.RAG\Interfaces\IRetriever.cs(15,59): warning SA1629: Documentation text should end with a period (https://github.com/DotNetAnalyzers/StyleCopAnalyzers/blob/master/documentation/SA1629.md) [C:\Projects\Hazina\src\Core\AI\Hazina.AI.RAG\Hazina.AI.RAG.csproj::TargetFramework=net9.0]
C:\Projects\Hazina\src\Core\AI\Hazina.AI.RAG\Interfaces\IRetriever.cs(16,68): warning SA1629: Documentation text should end with a period (https://github.com/DotNetAnalyzers/StyleCopAnalyzers/blob/master/documentation/SA1629.md) [C:\Projects\Hazina\src\Core\AI\Hazina.AI.RAG\Hazina.AI.RAG.csproj::TargetFramework=net9.0]
C:\Projects\Hazina\src\Core\AI\Hazina.AI.RAG\Interfaces\IRetriever.cs(22,5): warning SA1111: Closing parenthesis should be on line of last parameter (https://github.com/DotNetAnalyzers/StyleCopAnalyzers/blob/master/documentation/SA1111.md) [C:\Projects\Hazina\src\Core\AI\Hazina.AI.RAG\Hazina.AI.RAG.csproj::TargetFramework=net9.0]
C:\Projects\Hazina\src\Core\AI\Hazina.AI.RAG\Embeddings\EmbeddingCache.cs(81,31): warning CA1062: In externally visible method 'Task<Embedding> EmbeddingCache.GetOrAddAsync(string text, Func<string, Task<Embedding>> generatorAsync)', validate parameter 'generatorAsync' is non-null before using it. If appropriate, throw an 'ArgumentNullException' when the argument is 'null'. (https://learn.microsoft.com/dotnet/fundamentals/code-analysis/quality-rules/ca1062) [C:\Projects\Hazina\src\Core\AI\Hazina.AI.RAG\Hazina.AI.RAG.csproj::TargetFramework=net9.0]
C:\Projects\Hazina\src\Core\AI\Hazina.AI.RAG\Embeddings\EmbeddingCache.cs(102,23): warning CA1024: Use properties where appropriate (https://learn.microsoft.com/dotnet/fundamentals/code-analysis/quality-rules/ca1024) [C:\Projects\Hazina\src\Core\AI\Hazina.AI.RAG\Hazina.AI.RAG.csproj::TargetFramework=net9.0]
C:\Projects\Hazina\src\Core\AI\Hazina.AI.RAG\Graph\Storage\SQLiteGraphStore.cs(130,9): warning CA1873: Evaluation of this argument may be expensive and unnecessary if logging is disabled (https://learn.microsoft.com/dotnet/fundamentals/code-analysis/quality-rules/ca1873) [C:\Projects\Hazina\src\Core\AI\Hazina.AI.RAG\Hazina.AI.RAG.csproj::TargetFramework=net9.0]
C:\Projects\Hazina\src\Core\AI\Hazina.AI.RAG\Graph\Storage\SQLiteGraphStore.cs(130,9): warning CA1848: For improved performance, use the LoggerMessage delegates instead of calling 'LoggerExtensions.LogInformation(ILogger, string?, params object?[])' (https://learn.microsoft.com/dotnet/fundamentals/code-analysis/quality-rules/ca1848) [C:\Projects\Hazina\src\Core\AI\Hazina.AI.RAG\Hazina.AI.RAG.csproj::TargetFramework=net9.0]
C:\Projects\Hazina\src\Core\AI\Hazina.AI.RAG\Interfaces\IReranker.cs(19,35): warning CA1002: Change 'List<IRetrievalCandidate>' in 'IReranker.RerankAsync(string, List<IRetrievalCandidate>, [int], [CancellationToken])' to use 'Collection<T>', 'ReadOnlyCollection<T>' or 'KeyedCollection<K,V>' (https://learn.microsoft.com/dotnet/fundamentals/code-analysis/quality-rules/ca1002) [C:\Projects\Hazina\src\Core\AI\Hazina.AI.RAG\Hazina.AI.RAG.csproj::TargetFramework=net9.0]
C:\Projects\Hazina\src\Core\AI\Hazina.AI.RAG\Interfaces\IReranker.cs(17,5): warning MA0016: Prefer using collection abstraction instead of implementation (https://github.com/meziantou/Meziantou.Analyzer/blob/main/docs/Rules/MA0016.md) [C:\Projects\Hazina\src\Core\AI\Hazina.AI.RAG\Hazina.AI.RAG.csproj::TargetFramework=net9.0]
C:\Projects\Hazina\src\Core\AI\Hazina.AI.RAG\Interfaces\IReranker.cs(19,9): warning MA0016: Prefer using collection abstraction instead of implementation (https://github.com/meziantou/Meziantou.Analyzer/blob/main/docs/Rules/MA0016.md) [C:\Projects\Hazina\src\Core\AI\Hazina.AI.RAG\Hazina.AI.RAG.csproj::TargetFramework=net9.0]
C:\Projects\Hazina\src\Core\AI\Hazina.AI.RAG\Interfaces\IReranker.cs(10,51): warning SA1629: Documentation text should end with a period (https://github.com/DotNetAnalyzers/StyleCopAnalyzers/blob/master/documentation/SA1629.md) [C:\Projects\Hazina\src\Core\AI\Hazina.AI.RAG\Hazina.AI.RAG.csproj::TargetFramework=net9.0]
C:\Projects\Hazina\src\Core\AI\Hazina.AI.RAG\Interfaces\IReranker.cs(12,44): warning SA1629: Documentation text should end with a period (https://github.com/DotNetAnalyzers/StyleCopAnalyzers/blob/master/documentation/SA1629.md) [C:\Projects\Hazina\src\Core\AI\Hazina.AI.RAG\Hazina.AI.RAG.csproj::TargetFramework=net9.0]
C:\Projects\Hazina\src\Core\AI\Hazina.AI.RAG\Interfaces\IReranker.cs(13,54): warning SA1629: Documentation text should end with a period (https://github.com/DotNetAnalyzers/StyleCopAnalyzers/blob/master/documentation/SA1629.md) [C:\Projects\Hazina\src\Core\AI\Hazina.AI.RAG\Hazina.AI.RAG.csproj::TargetFramework=net9.0]
C:\Projects\Hazina\src\Core\AI\Hazina.AI.RAG\Interfaces\IReranker.cs(14,75): warning SA1629: Documentation text should end with a period (https://github.com/DotNetAnalyzers/StyleCopAnalyzers/blob/master/documentation/SA1629.md) [C:\Projects\Hazina\src\Core\AI\Hazina.AI.RAG\Hazina.AI.RAG.csproj::TargetFramework=net9.0]
C:\Projects\Hazina\src\Core\AI\Hazina.AI.RAG\Interfaces\IReranker.cs(15,59): warning SA1629: Documentation text should end with a period (https://github.com/DotNetAnalyzers/StyleCopAnalyzers/blob/master/documentation/SA1629.md) [C:\Projects\Hazina\src\Core\AI\Hazina.AI.RAG\Hazina.AI.RAG.csproj::TargetFramework=net9.0]
C:\Projects\Hazina\src\Core\AI\Hazina.AI.RAG\Interfaces\IReranker.cs(16,64): warning SA1629: Documentation text should end with a period (https://github.com/DotNetAnalyzers/StyleCopAnalyzers/blob/master/documentation/SA1629.md) [C:\Projects\Hazina\src\Core\AI\Hazina.AI.RAG\Hazina.AI.RAG.csproj::TargetFramework=net9.0]
C:\Projects\Hazina\src\Core\AI\Hazina.AI.RAG\Interfaces\IReranker.cs(22,5): warning SA1111: Closing parenthesis should be on line of last parameter (https://github.com/DotNetAnalyzers/StyleCopAnalyzers/blob/master/documentation/SA1111.md) [C:\Projects\Hazina\src\Core\AI\Hazina.AI.RAG\Hazina.AI.RAG.csproj::TargetFramework=net9.0]
C:\Projects\Hazina\src\Core\AI\Hazina.AI.RAG\Embeddings\TextChunker.cs(1,1): warning SA1633: The file header is missing or not located at the top of the file. (https://github.com/DotNetAnalyzers/StyleCopAnalyzers/blob/master/documentation/SA1633.md) [C:\Projects\Hazina\src\Core\AI\Hazina.AI.RAG\Hazina.AI.RAG.csproj::TargetFramework=net9.0]
C:\Projects\Hazina\src\Core\AI\Hazina.AI.RAG\Embeddings\BasicMetadataExtractor.cs(37,12): warning MA0016: Prefer using collection abstraction instead of implementation (https://github.com/meziantou/Meziantou.Analyzer/blob/main/docs/Rules/MA0016.md) [C:\Projects\Hazina\src\Core\AI\Hazina.AI.RAG\Hazina.AI.RAG.csproj::TargetFramework=net9.0]
C:\Projects\Hazina\src\Core\AI\Hazina.AI.RAG\Embeddings\EmbeddingCache.cs(64,25): warning CA1062: In externally visible method 'Embedding EmbeddingCache.GetOrAdd(string text, Func<string, Embedding> generator)', validate parameter 'generator' is non-null before using it. If appropriate, throw an 'ArgumentNullException' when the argument is 'null'. (https://learn.microsoft.com/dotnet/fundamentals/code-analysis/quality-rules/ca1062) [C:\Projects\Hazina\src\Core\AI\Hazina.AI.RAG\Hazina.AI.RAG.csproj::TargetFramework=net9.0]
C:\Projects\Hazina\src\Core\AI\Hazina.AI.RAG\Embeddings\TextChunker.cs(332,14): warning SA1402: File may only contain a single type (https://github.com/DotNetAnalyzers/StyleCopAnalyzers/blob/master/documentation/SA1402.md) [C:\Projects\Hazina\src\Core\AI\Hazina.AI.RAG\Hazina.AI.RAG.csproj::TargetFramework=net9.0]
C:\Projects\Hazina\src\Core\AI\Hazina.AI.RAG\Embeddings\TextChunker.cs(344,14): warning SA1402: File may only contain a single type (https://github.com/DotNetAnalyzers/StyleCopAnalyzers/blob/master/documentation/SA1402.md) [C:\Projects\Hazina\src\Core\AI\Hazina.AI.RAG\Hazina.AI.RAG.csproj::TargetFramework=net9.0]
C:\Projects\Hazina\src\Core\AI\Hazina.AI.RAG\Embeddings\EmbeddingCache.cs(117,50): warning SA1629: Documentation text should end with a period (https://github.com/DotNetAnalyzers/StyleCopAnalyzers/blob/master/documentation/SA1629.md) [C:\Projects\Hazina\src\Core\AI\Hazina.AI.RAG\Hazina.AI.RAG.csproj::TargetFramework=net9.0]
C:\Projects\Hazina\src\Core\AI\Hazina.AI.RAG\Embeddings\BasicMetadataExtractor.cs(35,49): warning SA1629: Documentation text should end with a period (https://github.com/DotNetAnalyzers/StyleCopAnalyzers/blob/master/documentation/SA1629.md) [C:\Projects\Hazina\src\Core\AI\Hazina.AI.RAG\Hazina.AI.RAG.csproj::TargetFramework=net9.0]
C:\Projects\Hazina\src\Core\AI\Hazina.AI.RAG\Embeddings\EmbeddingCache.cs(123,25): warning CA1850: Prefer static 'System.Security.Cryptography.SHA256.HashData' method over 'ComputeHash' (https://learn.microsoft.com/dotnet/fundamentals/code-analysis/quality-rules/ca1850) [C:\Projects\Hazina\src\Core\AI\Hazina.AI.RAG\Hazina.AI.RAG.csproj::TargetFramework=net9.0]
C:\Projects\Hazina\src\Core\AI\Hazina.AI.RAG\Extensions\DocumentStoreSemanticExtensions.cs(151,12): warning MA0026: TODO When vector store supports metadata, include chunkMetadata in the embedding (https://github.com/meziantou/Meziantou.Analyzer/blob/main/docs/Rules/MA0026.md) [C:\Projects\Hazina\src\Core\AI\Hazina.AI.RAG\Hazina.AI.RAG.csproj::TargetFramework=net9.0]
C:\Projects\Hazina\src\Core\AI\Hazina.AI.RAG\Embeddings\BasicMetadataExtractor.cs(39,24): warning MA0002: Use an overload that has a IEqualityComparer<string> or IComparer<string> parameter (https://github.com/meziantou/Meziantou.Analyzer/blob/main/docs/Rules/MA0002.md) [C:\Projects\Hazina\src\Core\AI\Hazina.AI.RAG\Hazina.AI.RAG.csproj::TargetFramework=net9.0]
C:\Projects\Hazina\src\Core\AI\Hazina.AI.RAG\Extensions\DocumentStoreSemanticExtensions.cs(151,12): warning S1135: Complete the task associated to this 'TODO' comment. (https://rules.sonarsource.com/csharp/RSPEC-1135) [C:\Projects\Hazina\src\Core\AI\Hazina.AI.RAG\Hazina.AI.RAG.csproj::TargetFramework=net9.0]
C:\Projects\Hazina\src\Core\AI\Hazina.AI.RAG\Extensions\DocumentStoreSemanticExtensions.cs(1,1): warning SA1633: The file header is missing or not located at the top of the file. (https://github.com/DotNetAnalyzers/StyleCopAnalyzers/blob/master/documentation/SA1633.md) [C:\Projects\Hazina\src\Core\AI\Hazina.AI.RAG\Hazina.AI.RAG.csproj::TargetFramework=net9.0]
C:\Projects\Hazina\src\Core\AI\Hazina.AI.RAG\Embeddings\HierarchicalChunkerExtensions.cs(29,22): warning MA0004: Use Task.ConfigureAwait(false) if the current SynchronizationContext is not needed (https://github.com/meziantou/Meziantou.Analyzer/blob/main/docs/Rules/MA0004.md) [C:\Projects\Hazina\src\Core\AI\Hazina.AI.RAG\Hazina.AI.RAG.csproj::TargetFramework=net9.0]
C:\Projects\Hazina\src\Core\AI\Hazina.AI.RAG\Extensions\DocumentStoreSemanticExtensions.cs(73,9): warning SA1009: Closing parenthesis should not be preceded by a space (https://github.com/DotNetAnalyzers/StyleCopAnalyzers/blob/master/documentation/SA1009.md) [C:\Projects\Hazina\src\Core\AI\Hazina.AI.RAG\Hazina.AI.RAG.csproj::TargetFramework=net9.0]
C:\Projects\Hazina\src\Core\AI\Hazina.AI.RAG\Extensions\DocumentStoreSemanticExtensions.cs(109,13): warning SA1009: Closing parenthesis should not be preceded by a space (https://github.com/DotNetAnalyzers/StyleCopAnalyzers/blob/master/documentation/SA1009.md) [C:\Projects\Hazina\src\Core\AI\Hazina.AI.RAG\Hazina.AI.RAG.csproj::TargetFramework=net9.0]
C:\Projects\Hazina\src\Core\AI\Hazina.AI.RAG\Extensions\DocumentStoreSemanticExtensions.cs(125,17): warning SA1009: Closing parenthesis should not be preceded by a space (https://github.com/DotNetAnalyzers/StyleCopAnalyzers/blob/master/documentation/SA1009.md) [C:\Projects\Hazina\src\Core\AI\Hazina.AI.RAG\Hazina.AI.RAG.csproj::TargetFramework=net9.0]
C:\Projects\Hazina\src\Core\AI\Hazina.AI.RAG\Extensions\DocumentStoreSemanticExtensions.cs(195,9): warning SA1009: Closing parenthesis should not be preceded by a space (https://github.com/DotNetAnalyzers/StyleCopAnalyzers/blob/master/documentation/SA1009.md) [C:\Projects\Hazina\src\Core\AI\Hazina.AI.RAG\Hazina.AI.RAG.csproj::TargetFramework=net9.0]
C:\Projects\Hazina\src\Core\AI\Hazina.AI.RAG\Embeddings\EmbeddingCache.cs(128,67): warning SA1629: Documentation text should end with a period (https://github.com/DotNetAnalyzers/StyleCopAnalyzers/blob/master/documentation/SA1629.md) [C:\Projects\Hazina\src\Core\AI\Hazina.AI.RAG\Hazina.AI.RAG.csproj::TargetFramework=net9.0]
C:\Projects\Hazina\src\Core\AI\Hazina.AI.RAG\Embeddings\EmbeddingCache.cs(134,42): warning SA1503: Braces should not be omitted (https://github.com/DotNetAnalyzers/StyleCopAnalyzers/blob/master/documentation/SA1503.md) [C:\Projects\Hazina\src\Core\AI\Hazina.AI.RAG\Hazina.AI.RAG.csproj::TargetFramework=net9.0]
C:\Projects\Hazina\src\Core\AI\Hazina.AI.RAG\Embeddings\ContentTypeDetector.cs(11,55): warning SA1629: Documentation text should end with a period (https://github.com/DotNetAnalyzers/StyleCopAnalyzers/blob/master/documentation/SA1629.md) [C:\Projects\Hazina\src\Core\AI\Hazina.AI.RAG\Hazina.AI.RAG.csproj::TargetFramework=net9.0]
C:\Projects\Hazina\src\Core\AI\Hazina.AI.RAG\Embeddings\ContentTypeDetector.cs(16,13): warning SA1503: Braces should not be omitted (https://github.com/DotNetAnalyzers/StyleCopAnalyzers/blob/master/documentation/SA1503.md) [C:\Projects\Hazina\src\Core\AI\Hazina.AI.RAG\Hazina.AI.RAG.csproj::TargetFramework=net9.0]
C:\Projects\Hazina\src\Core\AI\Hazina.AI.RAG\Embeddings\ContentTypeDetector.cs(22,13): warning SA1503: Braces should not be omitted (https://github.com/DotNetAnalyzers/StyleCopAnalyzers/blob/master/documentation/SA1503.md) [C:\Projects\Hazina\src\Core\AI\Hazina.AI.RAG\Hazina.AI.RAG.csproj::TargetFramework=net9.0]
C:\Projects\Hazina\src\Core\AI\Hazina.AI.RAG\Embeddings\ContentTypeDetector.cs(26,13): warning SA1503: Braces should not be omitted (https://github.com/DotNetAnalyzers/StyleCopAnalyzers/blob/master/documentation/SA1503.md) [C:\Projects\Hazina\src\Core\AI\Hazina.AI.RAG\Hazina.AI.RAG.csproj::TargetFramework=net9.0]
C:\Projects\Hazina\src\Core\AI\Hazina.AI.RAG\Embeddings\ContentTypeDetector.cs(30,13): warning SA1503: Braces should not be omitted (https://github.com/DotNetAnalyzers/StyleCopAnalyzers/blob/master/documentation/SA1503.md) [C:\Projects\Hazina\src\Core\AI\Hazina.AI.RAG\Hazina.AI.RAG.csproj::TargetFramework=net9.0]
C:\Projects\Hazina\src\Core\AI\Hazina.AI.RAG\Embeddings\ContentTypeDetector.cs(34,13): warning SA1503: Braces should not be omitted (https://github.com/DotNetAnalyzers/StyleCopAnalyzers/blob/master/documentation/SA1503.md) [C:\Projects\Hazina\src\Core\AI\Hazina.AI.RAG\Hazina.AI.RAG.csproj::TargetFramework=net9.0]
C:\Projects\Hazina\src\Core\AI\Hazina.AI.RAG\Embeddings\ContentTypeDetector.cs(38,13): warning SA1503: Braces should not be omitted (https://github.com/DotNetAnalyzers/StyleCopAnalyzers/blob/master/documentation/SA1503.md) [C:\Projects\Hazina\src\Core\AI\Hazina.AI.RAG\Hazina.AI.RAG.csproj::TargetFramework=net9.0]
C:\Projects\Hazina\src\Core\AI\Hazina.AI.RAG\Embeddings\ContentTypeDetector.cs(41,13): warning SA1503: Braces should not be omitted (https://github.com/DotNetAnalyzers/StyleCopAnalyzers/blob/master/documentation/SA1503.md) [C:\Projects\Hazina\src\Core\AI\Hazina.AI.RAG\Hazina.AI.RAG.csproj::TargetFramework=net9.0]
C:\Projects\Hazina\src\Core\AI\Hazina.AI.RAG\Extensions\RetrievalServiceExtensions.cs(1,1): warning SA1633: The file header is missing or not located at the top of the file. (https://github.com/DotNetAnalyzers/StyleCopAnalyzers/blob/master/documentation/SA1633.md) [C:\Projects\Hazina\src\Core\AI\Hazina.AI.RAG\Hazina.AI.RAG.csproj::TargetFramework=net9.0]
C:\Projects\Hazina\src\Core\AI\Hazina.AI.RAG\Extensions\RetrievalServiceExtensions.cs(84,14): warning SA1402: File may only contain a single type (https://github.com/DotNetAnalyzers/StyleCopAnalyzers/blob/master/documentation/SA1402.md) [C:\Projects\Hazina\src\Core\AI\Hazina.AI.RAG\Hazina.AI.RAG.csproj::TargetFramework=net9.0]
C:\Projects\Hazina\src\Core\AI\Hazina.AI.RAG\Core\RAGEngine.cs(27,9): warning SA1642: Constructor summary documentation should begin with standard text (https://github.com/DotNetAnalyzers/StyleCopAnalyzers/blob/master/documentation/SA1642.md) [C:\Projects\Hazina\src\Core\AI\Hazina.AI.RAG\Hazina.AI.RAG.csproj::TargetFramework=net9.0]
C:\Projects\Hazina\src\Core\AI\Hazina.AI.RAG\Graph\Explainability\RetrievalTrace.cs(1,1): warning SA1633: The file header is missing or not located at the top of the file. (https://github.com/DotNetAnalyzers/StyleCopAnalyzers/blob/master/documentation/SA1633.md) [C:\Projects\Hazina\src\Core\AI\Hazina.AI.RAG\Hazina.AI.RAG.csproj::TargetFramework=net9.0]
C:\Projects\Hazina\src\Core\AI\Hazina.AI.RAG\Graph\Explainability\RetrievalTrace.cs(23,14): warning SA1402: File may only contain a single type (https://github.com/DotNetAnalyzers/StyleCopAnalyzers/blob/master/documentation/SA1402.md) [C:\Projects\Hazina\src\Core\AI\Hazina.AI.RAG\Hazina.AI.RAG.csproj::TargetFramework=net9.0]
C:\Projects\Hazina\src\Core\AI\Hazina.AI.RAG\Graph\Explainability\RetrievalTrace.cs(34,14): warning SA1402: File may only contain a single type (https://github.com/DotNetAnalyzers/StyleCopAnalyzers/blob/master/documentation/SA1402.md) [C:\Projects\Hazina\src\Core\AI\Hazina.AI.RAG\Hazina.AI.RAG.csproj::TargetFramework=net9.0]
C:\Projects\Hazina\src\Core\AI\Hazina.AI.RAG\Graph\Models\GraphEntity.cs(1,1): warning SA1633: The file header is missing or not located at the top of the file. (https://github.com/DotNetAnalyzers/StyleCopAnalyzers/blob/master/documentation/SA1633.md) [C:\Projects\Hazina\src\Core\AI\Hazina.AI.RAG\Hazina.AI.RAG.csproj::TargetFramework=net9.0]
C:\Projects\Hazina\src\Core\AI\Hazina.AI.RAG\Graph\Models\GraphPath.cs(1,1): warning SA1633: The file header is missing or not located at the top of the file. (https://github.com/DotNetAnalyzers/StyleCopAnalyzers/blob/master/documentation/SA1633.md) [C:\Projects\Hazina\src\Core\AI\Hazina.AI.RAG\Hazina.AI.RAG.csproj::TargetFramework=net9.0]
C:\Projects\Hazina\src\Core\AI\Hazina.AI.RAG\Graph\Models\GraphPath.cs(27,14): warning SA1402: File may only contain a single type (https://github.com/DotNetAnalyzers/StyleCopAnalyzers/blob/master/documentation/SA1402.md) [C:\Projects\Hazina\src\Core\AI\Hazina.AI.RAG\Hazina.AI.RAG.csproj::TargetFramework=net9.0]
C:\Projects\Hazina\src\Core\AI\Hazina.AI.RAG\Core\RAGEngine.cs(42,9): warning SA1642: Constructor summary documentation should begin with standard text (https://github.com/DotNetAnalyzers/StyleCopAnalyzers/blob/master/documentation/SA1642.md) [C:\Projects\Hazina\src\Core\AI\Hazina.AI.RAG\Hazina.AI.RAG.csproj::TargetFramework=net9.0]
C:\Projects\Hazina\src\Core\AI\Hazina.AI.RAG\Embeddings\TextChunker.cs(50,28): warning CA1002: Change 'List<TextChunk>' in 'TextChunker.ChunkText(string, [Dictionary<string, object>])' to use 'Collection<T>', 'ReadOnlyCollection<T>' or 'KeyedCollection<K,V>' (https://learn.microsoft.com/dotnet/fundamentals/code-analysis/quality-rules/ca1002) [C:\Projects\Hazina\src\Core\AI\Hazina.AI.RAG\Hazina.AI.RAG.csproj::TargetFramework=net9.0]
C:\Projects\Hazina\src\Core\AI\Hazina.AI.RAG\Embeddings\TextChunker.cs(50,12): warning MA0016: Prefer using collection abstraction instead of implementation (https://github.com/meziantou/Meziantou.Analyzer/blob/main/docs/Rules/MA0016.md) [C:\Projects\Hazina\src\Core\AI\Hazina.AI.RAG\Hazina.AI.RAG.csproj::TargetFramework=net9.0]
C:\Projects\Hazina\src\Core\AI\Hazina.AI.RAG\Embeddings\TextChunker.cs(50,51): warning MA0016: Prefer using collection abstraction instead of implementation (https://github.com/meziantou/Meziantou.Analyzer/blob/main/docs/Rules/MA0016.md) [C:\Projects\Hazina\src\Core\AI\Hazina.AI.RAG\Hazina.AI.RAG.csproj::TargetFramework=net9.0]
C:\Projects\Hazina\src\Core\AI\Hazina.AI.RAG\Utilities\SentenceSplitter.cs(28,32): warning CA1002: Change 'List<string>' in 'SentenceSplitter.Split(string, [string], [int], [int?])' to use 'Collection<T>', 'ReadOnlyCollection<T>' or 'KeyedCollection<K,V>' (https://learn.microsoft.com/dotnet/fundamentals/code-analysis/quality-rules/ca1002) [C:\Projects\Hazina\src\Core\AI\Hazina.AI.RAG\Hazina.AI.RAG.csproj::TargetFramework=net9.0]
C:\Projects\Hazina\src\Core\AI\Hazina.AI.RAG\Utilities\SentenceSplitter.cs(28,19): warning MA0016: Prefer using collection abstraction instead of implementation (https://github.com/meziantou/Meziantou.Analyzer/blob/main/docs/Rules/MA0016.md) [C:\Projects\Hazina\src\Core\AI\Hazina.AI.RAG\Hazina.AI.RAG.csproj::TargetFramework=net9.0]
C:\Projects\Hazina\src\Core\AI\Hazina.AI.RAG\Graph\Models\GraphPath.cs(15,1): warning SA1028: Code should not contain trailing whitespace (https://github.com/DotNetAnalyzers/StyleCopAnalyzers/blob/master/documentation/SA1028.md) [C:\Projects\Hazina\src\Core\AI\Hazina.AI.RAG\Hazina.AI.RAG.csproj::TargetFramework=net9.0]
C:\Projects\Hazina\src\Core\AI\Hazina.AI.RAG\Graph\Models\GraphRelationship.cs(1,1): warning SA1633: The file header is missing or not located at the top of the file. (https://github.com/DotNetAnalyzers/StyleCopAnalyzers/blob/master/documentation/SA1633.md) [C:\Projects\Hazina\src\Core\AI\Hazina.AI.RAG\Hazina.AI.RAG.csproj::TargetFramework=net9.0]
C:\Projects\Hazina\src\Core\AI\Hazina.AI.RAG\Graph\Models\GraphRelationship.cs(24,14): warning SA1402: File may only contain a single type (https://github.com/DotNetAnalyzers/StyleCopAnalyzers/blob/master/documentation/SA1402.md) [C:\Projects\Hazina\src\Core\AI\Hazina.AI.RAG\Hazina.AI.RAG.csproj::TargetFramework=net9.0]
C:\Projects\Hazina\src\Core\AI\Hazina.AI.RAG\Graph\Models\GraphSchema.cs(1,1): warning SA1633: The file header is missing or not located at the top of the file. (https://github.com/DotNetAnalyzers/StyleCopAnalyzers/blob/master/documentation/SA1633.md) [C:\Projects\Hazina\src\Core\AI\Hazina.AI.RAG\Hazina.AI.RAG.csproj::TargetFramework=net9.0]
C:\Projects\Hazina\src\Core\AI\Hazina.AI.RAG\Graph\Models\GraphSchema.cs(15,104): warning MA0002: Use an overload that has a IEqualityComparer<string> or IComparer<string> parameter (https://github.com/meziantou/Meziantou.Analyzer/blob/main/docs/Rules/MA0002.md) [C:\Projects\Hazina\src\Core\AI\Hazina.AI.RAG\Hazina.AI.RAG.csproj::TargetFramework=net9.0]
C:\Projects\Hazina\src\Core\AI\Hazina.AI.RAG\Embeddings\TextChunker.cs(48,94): warning SA1629: Documentation text should end with a period (https://github.com/DotNetAnalyzers/StyleCopAnalyzers/blob/master/documentation/SA1629.md) [C:\Projects\Hazina\src\Core\AI\Hazina.AI.RAG\Hazina.AI.RAG.csproj::TargetFramework=net9.0]
C:\Projects\Hazina\src\Core\AI\Hazina.AI.RAG\Embeddings\TextChunker.cs(55,13): warning SA1503: Braces should not be omitted (https://github.com/DotNetAnalyzers/StyleCopAnalyzers/blob/master/documentation/SA1503.md) [C:\Projects\Hazina\src\Core\AI\Hazina.AI.RAG\Hazina.AI.RAG.csproj::TargetFramework=net9.0]
C:\Projects\Hazina\src\Core\AI\Hazina.AI.RAG\Graph\Models\GraphSchema.cs(14,1): warning SA1028: Code should not contain trailing whitespace (https://github.com/DotNetAnalyzers/StyleCopAnalyzers/blob/master/documentation/SA1028.md) [C:\Projects\Hazina\src\Core\AI\Hazina.AI.RAG\Hazina.AI.RAG.csproj::TargetFramework=net9.0]
C:\Projects\Hazina\src\Core\AI\Hazina.AI.RAG\Graph\Models\GraphSchema.cs(17,1): warning SA1028: Code should not contain trailing whitespace (https://github.com/DotNetAnalyzers/StyleCopAnalyzers/blob/master/documentation/SA1028.md) [C:\Projects\Hazina\src\Core\AI\Hazina.AI.RAG\Hazina.AI.RAG.csproj::TargetFramework=net9.0]
C:\Projects\Hazina\src\Core\AI\Hazina.AI.RAG\Graph\Storage\SQLiteGraphStore.cs(133,23): warning MA0051: Method is too long (82 lines; maximum allowed: 60) (https://github.com/meziantou/Meziantou.Analyzer/blob/main/docs/Rules/MA0051.md) [C:\Projects\Hazina\src\Core\AI\Hazina.AI.RAG\Hazina.AI.RAG.csproj::TargetFramework=net9.0]
C:\Projects\Hazina\src\Core\AI\Hazina.AI.RAG\Configuration\SemanticChunkingConfiguration.cs(15,43): warning MA0051: Method is too long (89 lines; maximum allowed: 60) (https://github.com/meziantou/Meziantou.Analyzer/blob/main/docs/Rules/MA0051.md) [C:\Projects\Hazina\src\Core\AI\Hazina.AI.RAG\Hazina.AI.RAG.csproj::TargetFramework=net9.0]
C:\Projects\Hazina\src\Core\AI\Hazina.AI.RAG\Core\RAGEngine.cs(60,9): warning SA1642: Constructor summary documentation should begin with standard text (https://github.com/DotNetAnalyzers/StyleCopAnalyzers/blob/master/documentation/SA1642.md) [C:\Projects\Hazina\src\Core\AI\Hazina.AI.RAG\Hazina.AI.RAG.csproj::TargetFramework=net9.0]
C:\Projects\Hazina\src\Core\AI\Hazina.AI.RAG\Embeddings\BasicMetadataExtractor.cs(41,41): warning CA1062: In externally visible method 'Dictionary<string, object> BasicMetadataExtractor.ExtractMetadata(string chunkText)', validate parameter 'chunkText' is non-null before using it. If appropriate, throw an 'ArgumentNullException' when the argument is 'null'. (https://learn.microsoft.com/dotnet/fundamentals/code-analysis/quality-rules/ca1062) [C:\Projects\Hazina\src\Core\AI\Hazina.AI.RAG\Hazina.AI.RAG.csproj::TargetFramework=net9.0]
C:\Projects\Hazina\src\Core\AI\Hazina.AI.RAG\Extensions\RetrievalServiceExtensions.cs(15,95): warning SA1629: Documentation text should end with a period (https://github.com/DotNetAnalyzers/StyleCopAnalyzers/blob/master/documentation/SA1629.md) [C:\Projects\Hazina\src\Core\AI\Hazina.AI.RAG\Hazina.AI.RAG.csproj::TargetFramework=net9.0]
C:\Projects\Hazina\src\Core\AI\Hazina.AI.RAG\Graph\Models\GraphSchema.cs(16,110): warning MA0002: Use an overload that has a IEqualityComparer<string> or IComparer<string> parameter (https://github.com/meziantou/Meziantou.Analyzer/blob/main/docs/Rules/MA0002.md) [C:\Projects\Hazina\src\Core\AI\Hazina.AI.RAG\Hazina.AI.RAG.csproj::TargetFramework=net9.0]
C:\Projects\Hazina\src\Core\AI\Hazina.AI.RAG\Embeddings\ContentTypeDetector.cs(59,31): warning S6605: Collection-specific "Exists" method should be used instead of the "Any" extension. (https://rules.sonarsource.com/csharp/RSPEC-6605) [C:\Projects\Hazina\src\Core\AI\Hazina.AI.RAG\Hazina.AI.RAG.csproj::TargetFramework=net9.0]
C:\Projects\Hazina\src\Core\AI\Hazina.AI.RAG\Graph\Pipeline\EntityNormalizationService.cs(1,1): warning SA1633: The file header is missing or not located at the top of the file. (https://github.com/DotNetAnalyzers/StyleCopAnalyzers/blob/master/documentation/SA1633.md) [C:\Projects\Hazina\src\Core\AI\Hazina.AI.RAG\Hazina.AI.RAG.csproj::TargetFramework=net9.0]
C:\Projects\Hazina\src\Core\AI\Hazina.AI.RAG\Embeddings\HierarchicalChunkerExtensions.cs(32,14): warning CA1062: In externally visible method 'Task<(List<TextChunk> Chunks, List<ChunkSet> ChunkSets)> HierarchicalChunkerExtensions.ChunkWithSetsAsync(HierarchicalChunker chunker, string text, string documentId, SemanticChunkingOptions options, CancellationToken ct = default(CancellationToken))', validate parameter 'options' is non-null before using it. If appropriate, throw an 'ArgumentNullException' when the argument is 'null'. (https://learn.microsoft.com/dotnet/fundamentals/code-analysis/quality-rules/ca1062) [C:\Projects\Hazina\src\Core\AI\Hazina.AI.RAG\Hazina.AI.RAG.csproj::TargetFramework=net9.0]
C:\Projects\Hazina\src\Core\AI\Hazina.AI.RAG\Embeddings\HierarchicalChunkerExtensions.cs(29,28): warning CA1062: In externally visible method 'Task<(List<TextChunk> Chunks, List<ChunkSet> ChunkSets)> HierarchicalChunkerExtensions.ChunkWithSetsAsync(HierarchicalChunker chunker, string text, string documentId, SemanticChunkingOptions options, CancellationToken ct = default(CancellationToken))', validate parameter 'chunker' is non-null before using it. If appropriate, throw an 'ArgumentNullException' when the argument is 'null'. (https://learn.microsoft.com/dotnet/fundamentals/code-analysis/quality-rules/ca1062) [C:\Projects\Hazina\src\Core\AI\Hazina.AI.RAG\Hazina.AI.RAG.csproj::TargetFramework=net9.0]
C:\Projects\Hazina\src\Core\AI\Hazina.AI.RAG\Utilities\SentenceSplitter.cs(21,54): warning SA1629: Documentation text should end with a period (https://github.com/DotNetAnalyzers/StyleCopAnalyzers/blob/master/documentation/SA1629.md) [C:\Projects\Hazina\src\Core\AI\Hazina.AI.RAG\Hazina.AI.RAG.csproj::TargetFramework=net9.0]
C:\Projects\Hazina\src\Core\AI\Hazina.AI.RAG\Utilities\SentenceSplitter.cs(23,41): warning SA1629: Documentation text should end with a period (https://github.com/DotNetAnalyzers/StyleCopAnalyzers/blob/master/documentation/SA1629.md) [C:\Projects\Hazina\src\Core\AI\Hazina.AI.RAG\Hazina.AI.RAG.csproj::TargetFramework=net9.0]
C:\Projects\Hazina\src\Core\AI\Hazina.AI.RAG\Utilities\SentenceSplitter.cs(24,105): warning SA1629: Documentation text should end with a period (https://github.com/DotNetAnalyzers/StyleCopAnalyzers/blob/master/documentation/SA1629.md) [C:\Projects\Hazina\src\Core\AI\Hazina.AI.RAG\Hazina.AI.RAG.csproj::TargetFramework=net9.0]
C:\Projects\Hazina\src\Core\AI\Hazina.AI.RAG\Utilities\SentenceSplitter.cs(25,67): warning SA1629: Documentation text should end with a period (https://github.com/DotNetAnalyzers/StyleCopAnalyzers/blob/master/documentation/SA1629.md) [C:\Projects\Hazina\src\Core\AI\Hazina.AI.RAG\Hazina.AI.RAG.csproj::TargetFramework=net9.0]
C:\Projects\Hazina\src\Core\AI\Hazina.AI.RAG\Utilities\SentenceSplitter.cs(26,76): warning SA1629: Documentation text should end with a period (https://github.com/DotNetAnalyzers/StyleCopAnalyzers/blob/master/documentation/SA1629.md) [C:\Projects\Hazina\src\Core\AI\Hazina.AI.RAG\Hazina.AI.RAG.csproj::TargetFramework=net9.0]
C:\Projects\Hazina\src\Core\AI\Hazina.AI.RAG\Utilities\SentenceSplitter.cs(27,35): warning SA1629: Documentation text should end with a period (https://github.com/DotNetAnalyzers/StyleCopAnalyzers/blob/master/documentation/SA1629.md) [C:\Projects\Hazina\src\Core\AI\Hazina.AI.RAG\Hazina.AI.RAG.csproj::TargetFramework=net9.0]
C:\Projects\Hazina\src\Core\AI\Hazina.AI.RAG\Utilities\SentenceSplitter.cs(35,13): warning SA1503: Braces should not be omitted (https://github.com/DotNetAnalyzers/StyleCopAnalyzers/blob/master/documentation/SA1503.md) [C:\Projects\Hazina\src\Core\AI\Hazina.AI.RAG\Hazina.AI.RAG.csproj::TargetFramework=net9.0]
C:\Projects\Hazina\src\Core\AI\Hazina.AI.RAG\Graph\Models\GraphSchema.cs(18,160): warning MA0002: Use an overload that has a IEqualityComparer<string> or IComparer<string> parameter (https://github.com/meziantou/Meziantou.Analyzer/blob/main/docs/Rules/MA0002.md) [C:\Projects\Hazina\src\Core\AI\Hazina.AI.RAG\Hazina.AI.RAG.csproj::TargetFramework=net9.0]
C:\Projects\Hazina\src\Core\AI\Hazina.AI.RAG\Embeddings\ContentTypeDetector.cs(48,45): warning SA1629: Documentation text should end with a period (https://github.com/DotNetAnalyzers/StyleCopAnalyzers/blob/master/documentation/SA1629.md) [C:\Projects\Hazina\src\Core\AI\Hazina.AI.RAG\Hazina.AI.RAG.csproj::TargetFramework=net9.0]
C:\Projects\Hazina\src\Core\AI\Hazina.AI.RAG\Utilities\SentenceSplitter.cs(42,28): warning MA0009: Regular expressions should not be vulnerable to Denial of Service attacks (https://github.com/meziantou/Meziantou.Analyzer/blob/main/docs/Rules/MA0009.md) [C:\Projects\Hazina\src\Core\AI\Hazina.AI.RAG\Hazina.AI.RAG.csproj::TargetFramework=net9.0]
C:\Projects\Hazina\src\Core\AI\Hazina.AI.RAG\Configuration\SemanticChunkingConfiguration.cs(109,42): warning SA1629: Documentation text should end with a period (https://github.com/DotNetAnalyzers/StyleCopAnalyzers/blob/master/documentation/SA1629.md) [C:\Projects\Hazina\src\Core\AI\Hazina.AI.RAG\Hazina.AI.RAG.csproj::TargetFramework=net9.0]
C:\Projects\Hazina\src\Core\AI\Hazina.AI.RAG\Graph\Pipeline\GraphConstructionPipeline.cs(1,1): warning SA1633: The file header is missing or not located at the top of the file. (https://github.com/DotNetAnalyzers/StyleCopAnalyzers/blob/master/documentation/SA1633.md) [C:\Projects\Hazina\src\Core\AI\Hazina.AI.RAG\Hazina.AI.RAG.csproj::TargetFramework=net9.0]
C:\Projects\Hazina\src\Core\AI\Hazina.AI.RAG\Graph\Pipeline\GraphConstructionPipeline.cs(230,14): warning SA1402: File may only contain a single type (https://github.com/DotNetAnalyzers/StyleCopAnalyzers/blob/master/documentation/SA1402.md) [C:\Projects\Hazina\src\Core\AI\Hazina.AI.RAG\Hazina.AI.RAG.csproj::TargetFramework=net9.0]
C:\Projects\Hazina\src\Core\AI\Hazina.AI.RAG\Graph\Pipeline\IEntityExtractor.cs(1,1): warning SA1633: The file header is missing or not located at the top of the file. (https://github.com/DotNetAnalyzers/StyleCopAnalyzers/blob/master/documentation/SA1633.md) [C:\Projects\Hazina\src\Core\AI\Hazina.AI.RAG\Hazina.AI.RAG.csproj::TargetFramework=net9.0]
C:\Projects\Hazina\src\Core\AI\Hazina.AI.RAG\Graph\Pipeline\IEntityNormalizer.cs(1,1): warning SA1633: The file header is missing or not located at the top of the file. (https://github.com/DotNetAnalyzers/StyleCopAnalyzers/blob/master/documentation/SA1633.md) [C:\Projects\Hazina\src\Core\AI\Hazina.AI.RAG\Hazina.AI.RAG.csproj::TargetFramework=net9.0]
C:\Projects\Hazina\src\Core\AI\Hazina.AI.RAG\Graph\Pipeline\ILLMTextService.cs(1,1): warning SA1633: The file header is missing or not located at the top of the file. (https://github.com/DotNetAnalyzers/StyleCopAnalyzers/blob/master/documentation/SA1633.md) [C:\Projects\Hazina\src\Core\AI\Hazina.AI.RAG\Hazina.AI.RAG.csproj::TargetFramework=net9.0]
C:\Projects\Hazina\src\Core\AI\Hazina.AI.RAG\Graph\Pipeline\IRelationshipExtractor.cs(1,1): warning SA1633: The file header is missing or not located at the top of the file. (https://github.com/DotNetAnalyzers/StyleCopAnalyzers/blob/master/documentation/SA1633.md) [C:\Projects\Hazina\src\Core\AI\Hazina.AI.RAG\Hazina.AI.RAG.csproj::TargetFramework=net9.0]
C:\Projects\Hazina\src\Core\AI\Hazina.AI.RAG\Graph\Pipeline\LLMEntityExtractor.cs(162,19): warning S3260: Private classes which are not derived in the current assembly should be marked as 'sealed'. (https://rules.sonarsource.com/csharp/RSPEC-3260) [C:\Projects\Hazina\src\Core\AI\Hazina.AI.RAG\Hazina.AI.RAG.csproj::TargetFramework=net9.0]
C:\Projects\Hazina\src\Core\AI\Hazina.AI.RAG\Graph\Pipeline\LLMEntityExtractor.cs(1,1): warning SA1633: The file header is missing or not located at the top of the file. (https://github.com/DotNetAnalyzers/StyleCopAnalyzers/blob/master/documentation/SA1633.md) [C:\Projects\Hazina\src\Core\AI\Hazina.AI.RAG\Hazina.AI.RAG.csproj::TargetFramework=net9.0]
C:\Projects\Hazina\src\Core\AI\Hazina.AI.RAG\Configuration\SemanticChunkingConfiguration.cs(115,23): warning CA1062: In externally visible method 'TextChunkingOptions SemanticChunkingConfiguration.LoadTextChunkingOptions(IConfiguration configuration)', validate parameter 'configuration' is non-null before using it. If appropriate, throw an 'ArgumentNullException' when the argument is 'null'. (https://learn.microsoft.com/dotnet/fundamentals/code-analysis/quality-rules/ca1062) [C:\Projects\Hazina\src\Core\AI\Hazina.AI.RAG\Hazina.AI.RAG.csproj::TargetFramework=net9.0]
C:\Projects\Hazina\src\Core\AI\Hazina.AI.RAG\Graph\Pipeline\LLMEntityExtractor.cs(96,14): warning SA1513: Closing brace should be followed by blank line (https://github.com/DotNetAnalyzers/StyleCopAnalyzers/blob/master/documentation/SA1513.md) [C:\Projects\Hazina\src\Core\AI\Hazina.AI.RAG\Hazina.AI.RAG.csproj::TargetFramework=net9.0]
C:\Projects\Hazina\src\Core\AI\Hazina.AI.RAG\Graph\Pipeline\LLMEntityExtractor.cs(100,14): warning SA1513: Closing brace should be followed by blank line (https://github.com/DotNetAnalyzers/StyleCopAnalyzers/blob/master/documentation/SA1513.md) [C:\Projects\Hazina\src\Core\AI\Hazina.AI.RAG\Hazina.AI.RAG.csproj::TargetFramework=net9.0]
C:\Projects\Hazina\src\Core\AI\Hazina.AI.RAG\Graph\Pipeline\LLMEntityExtractor.cs(104,14): warning SA1513: Closing brace should be followed by blank line (https://github.com/DotNetAnalyzers/StyleCopAnalyzers/blob/master/documentation/SA1513.md) [C:\Projects\Hazina\src\Core\AI\Hazina.AI.RAG\Hazina.AI.RAG.csproj::TargetFramework=net9.0]
C:\Projects\Hazina\src\Core\AI\Hazina.AI.RAG\Utilities\SentenceSplitter.cs(39,13): warning S1481: Remove the unused local variable 'sentences'. (https://rules.sonarsource.com/csharp/RSPEC-1481) [C:\Projects\Hazina\src\Core\AI\Hazina.AI.RAG\Hazina.AI.RAG.csproj::TargetFramework=net9.0]
C:\Projects\Hazina\src\Core\AI\Hazina.AI.RAG\Graph\Pipeline\LLMRelationshipExtractor.cs(197,19): warning S3260: Private classes which are not derived in the current assembly should be marked as 'sealed'. (https://rules.sonarsource.com/csharp/RSPEC-3260) [C:\Projects\Hazina\src\Core\AI\Hazina.AI.RAG\Hazina.AI.RAG.csproj::TargetFramework=net9.0]
C:\Projects\Hazina\src\Core\AI\Hazina.AI.RAG\Graph\Pipeline\LLMRelationshipExtractor.cs(1,1): warning SA1633: The file header is missing or not located at the top of the file. (https://github.com/DotNetAnalyzers/StyleCopAnalyzers/blob/master/documentation/SA1633.md) [C:\Projects\Hazina\src\Core\AI\Hazina.AI.RAG\Hazina.AI.RAG.csproj::TargetFramework=net9.0]
C:\Projects\Hazina\src\Core\AI\Hazina.AI.RAG\Graph\Pipeline\LLMRelationshipExtractor.cs(116,14): warning SA1513: Closing brace should be followed by blank line (https://github.com/DotNetAnalyzers/StyleCopAnalyzers/blob/master/documentation/SA1513.md) [C:\Projects\Hazina\src\Core\AI\Hazina.AI.RAG\Hazina.AI.RAG.csproj::TargetFramework=net9.0]
C:\Projects\Hazina\src\Core\AI\Hazina.AI.RAG\Graph\Pipeline\LLMRelationshipExtractor.cs(120,14): warning SA1513: Closing brace should be followed by blank line (https://github.com/DotNetAnalyzers/StyleCopAnalyzers/blob/master/documentation/SA1513.md) [C:\Projects\Hazina\src\Core\AI\Hazina.AI.RAG\Hazina.AI.RAG.csproj::TargetFramework=net9.0]
C:\Projects\Hazina\src\Core\AI\Hazina.AI.RAG\Graph\Pipeline\LLMRelationshipExtractor.cs(124,14): warning SA1513: Closing brace should be followed by blank line (https://github.com/DotNetAnalyzers/StyleCopAnalyzers/blob/master/documentation/SA1513.md) [C:\Projects\Hazina\src\Core\AI\Hazina.AI.RAG\Hazina.AI.RAG.csproj::TargetFramework=net9.0]
C:\Projects\Hazina\src\Core\AI\Hazina.AI.RAG\Graph\Storage\SQLiteGraphStore.cs(204,17): warning CA1873: Evaluation of this argument may be expensive and unnecessary if logging is disabled (https://learn.microsoft.com/dotnet/fundamentals/code-analysis/quality-rules/ca1873) [C:\Projects\Hazina\src\Core\AI\Hazina.AI.RAG\Hazina.AI.RAG.csproj::TargetFramework=net9.0]
C:\Projects\Hazina\src\Core\AI\Hazina.AI.RAG\Graph\Storage\SQLiteGraphStore.cs(204,17): warning CA1848: For improved performance, use the LoggerMessage delegates instead of calling 'LoggerExtensions.LogDebug(ILogger, string?, params object?[])' (https://learn.microsoft.com/dotnet/fundamentals/code-analysis/quality-rules/ca1848) [C:\Projects\Hazina\src\Core\AI\Hazina.AI.RAG\Hazina.AI.RAG.csproj::TargetFramework=net9.0]
C:\Projects\Hazina\src\Core\AI\Hazina.AI.RAG\Graph\Storage\SQLiteGraphStore.cs(146,37): warning CA1849: 'SqliteConnection.BeginTransaction()' synchronously blocks. Await 'DbConnection.BeginTransactionAsync(CancellationToken)' instead. (https://learn.microsoft.com/dotnet/fundamentals/code-analysis/quality-rules/ca1849) [C:\Projects\Hazina\src\Core\AI\Hazina.AI.RAG\Hazina.AI.RAG.csproj::TargetFramework=net9.0]
C:\Projects\Hazina\src\Core\AI\Hazina.AI.RAG\Configuration\SemanticChunkingConfiguration.cs(13,59): warning SA1629: Documentation text should end with a period (https://github.com/DotNetAnalyzers/StyleCopAnalyzers/blob/master/documentation/SA1629.md) [C:\Projects\Hazina\src\Core\AI\Hazina.AI.RAG\Hazina.AI.RAG.csproj::TargetFramework=net9.0]
C:\Projects\Hazina\src\Core\AI\Hazina.AI.RAG\Extensions\RetrievalServiceExtensions.cs(51,51): warning SA1629: Documentation text should end with a period (https://github.com/DotNetAnalyzers/StyleCopAnalyzers/blob/master/documentation/SA1629.md) [C:\Projects\Hazina\src\Core\AI\Hazina.AI.RAG\Hazina.AI.RAG.csproj::TargetFramework=net9.0]
C:\Projects\Hazina\src\Core\AI\Hazina.AI.RAG\Graph\Pipeline\LLMTextService.cs(1,1): warning SA1633: The file header is missing or not located at the top of the file. (https://github.com/DotNetAnalyzers/StyleCopAnalyzers/blob/master/documentation/SA1633.md) [C:\Projects\Hazina\src\Core\AI\Hazina.AI.RAG\Hazina.AI.RAG.csproj::TargetFramework=net9.0]
C:\Projects\Hazina\src\Core\AI\Hazina.AI.RAG\Graph\Storage\SQLiteGraphStore.cs(140,9): warning MA0004: Use Task.ConfigureAwait(false) if the current SynchronizationContext is not needed (https://github.com/meziantou/Meziantou.Analyzer/blob/main/docs/Rules/MA0004.md) [C:\Projects\Hazina\src\Core\AI\Hazina.AI.RAG\Hazina.AI.RAG.csproj::TargetFramework=net9.0]
C:\Projects\Hazina\src\Core\AI\Hazina.AI.RAG\Graph\Storage\SQLiteGraphStore.cs(144,13): warning MA0004: Use Task.ConfigureAwait(false) if the current SynchronizationContext is not needed (https://github.com/meziantou/Meziantou.Analyzer/blob/main/docs/Rules/MA0004.md) [C:\Projects\Hazina\src\Core\AI\Hazina.AI.RAG\Hazina.AI.RAG.csproj::TargetFramework=net9.0]
C:\Projects\Hazina\src\Core\AI\Hazina.AI.RAG\Graph\Storage\SQLiteGraphStore.cs(170,21): warning MA0004: Use Task.ConfigureAwait(false) if the current SynchronizationContext is not needed (https://github.com/meziantou/Meziantou.Analyzer/blob/main/docs/Rules/MA0004.md) [C:\Projects\Hazina\src\Core\AI\Hazina.AI.RAG\Hazina.AI.RAG.csproj::TargetFramework=net9.0]
C:\Projects\Hazina\src\Core\AI\Hazina.AI.RAG\Graph\Storage\SQLiteGraphStore.cs(183,29): warning MA0004: Use Task.ConfigureAwait(false) if the current SynchronizationContext is not needed (https://github.com/meziantou/Meziantou.Analyzer/blob/main/docs/Rules/MA0004.md) [C:\Projects\Hazina\src\Core\AI\Hazina.AI.RAG\Hazina.AI.RAG.csproj::TargetFramework=net9.0]
C:\Projects\Hazina\src\Core\AI\Hazina.AI.RAG\Graph\Storage\SQLiteGraphStore.cs(198,29): warning MA0004: Use Task.ConfigureAwait(false) if the current SynchronizationContext is not needed (https://github.com/meziantou/Meziantou.Analyzer/blob/main/docs/Rules/MA0004.md) [C:\Projects\Hazina\src\Core\AI\Hazina.AI.RAG\Hazina.AI.RAG.csproj::TargetFramework=net9.0]
C:\Projects\Hazina\src\Core\AI\Hazina.AI.RAG\Graph\Storage\SQLiteGraphStore.cs(203,17): warning MA0004: Use Task.ConfigureAwait(false) if the current SynchronizationContext is not needed (https://github.com/meziantou/Meziantou.Analyzer/blob/main/docs/Rules/MA0004.md) [C:\Projects\Hazina\src\Core\AI\Hazina.AI.RAG\Hazina.AI.RAG.csproj::TargetFramework=net9.0]
C:\Projects\Hazina\src\Core\AI\Hazina.AI.RAG\Graph\Retrieval\HybridRetrievalService.cs(1,1): warning SA1633: The file header is missing or not located at the top of the file. (https://github.com/DotNetAnalyzers/StyleCopAnalyzers/blob/master/documentation/SA1633.md) [C:\Projects\Hazina\src\Core\AI\Hazina.AI.RAG\Hazina.AI.RAG.csproj::TargetFramework=net9.0]
C:\Projects\Hazina\src\Core\AI\Hazina.AI.RAG\Graph\Storage\SQLiteGraphStore.cs(208,17): warning MA0004: Use Task.ConfigureAwait(false) if the current SynchronizationContext is not needed (https://github.com/meziantou/Meziantou.Analyzer/blob/main/docs/Rules/MA0004.md) [C:\Projects\Hazina\src\Core\AI\Hazina.AI.RAG\Hazina.AI.RAG.csproj::TargetFramework=net9.0]
C:\Projects\Hazina\src\Core\AI\Hazina.AI.RAG\Graph\Retrieval\HybridRetrievalService.cs(80,9): warning SA1512: Single-line comments should not be followed by blank line (https://github.com/DotNetAnalyzers/StyleCopAnalyzers/blob/master/documentation/SA1512.md) [C:\Projects\Hazina\src\Core\AI\Hazina.AI.RAG\Hazina.AI.RAG.csproj::TargetFramework=net9.0]
C:\Projects\Hazina\src\Core\AI\Hazina.AI.RAG\Graph\Retrieval\HybridRetrievalService.cs(386,14): warning SA1402: File may only contain a single type (https://github.com/DotNetAnalyzers/StyleCopAnalyzers/blob/master/documentation/SA1402.md) [C:\Projects\Hazina\src\Core\AI\Hazina.AI.RAG\Hazina.AI.RAG.csproj::TargetFramework=net9.0]
C:\Projects\Hazina\src\Core\AI\Hazina.AI.RAG\Graph\Retrieval\HybridRetrievalService.cs(410,14): warning SA1402: File may only contain a single type (https://github.com/DotNetAnalyzers/StyleCopAnalyzers/blob/master/documentation/SA1402.md) [C:\Projects\Hazina\src\Core\AI\Hazina.AI.RAG\Hazina.AI.RAG.csproj::TargetFramework=net9.0]
C:\Projects\Hazina\src\Core\AI\Hazina.AI.RAG\Core\RAGEngine.cs(138,13): warning SA1111: Closing parenthesis should be on line of last parameter (https://github.com/DotNetAnalyzers/StyleCopAnalyzers/blob/master/documentation/SA1111.md) [C:\Projects\Hazina\src\Core\AI\Hazina.AI.RAG\Hazina.AI.RAG.csproj::TargetFramework=net9.0]
C:\Projects\Hazina\src\Core\AI\Hazina.AI.RAG\Core\RAGEngine.cs(105,47): warning MA0004: Use Task.ConfigureAwait(false) if the current SynchronizationContext is not needed (https://github.com/meziantou/Meziantou.Analyzer/blob/main/docs/Rules/MA0004.md) [C:\Projects\Hazina\src\Core\AI\Hazina.AI.RAG\Hazina.AI.RAG.csproj::TargetFramework=net9.0]
C:\Projects\Hazina\src\Core\AI\Hazina.AI.RAG\Core\RAGEngine.cs(111,47): warning MA0004: Use Task.ConfigureAwait(false) if the current SynchronizationContext is not needed (https://github.com/meziantou/Meziantou.Analyzer/blob/main/docs/Rules/MA0004.md) [C:\Projects\Hazina\src\Core\AI\Hazina.AI.RAG\Hazina.AI.RAG.csproj::TargetFramework=net9.0]
C:\Projects\Hazina\src\Core\AI\Hazina.AI.RAG\Core\RAGEngine.cs(124,47): warning MA0004: Use Task.ConfigureAwait(false) if the current SynchronizationContext is not needed (https://github.com/meziantou/Meziantou.Analyzer/blob/main/docs/Rules/MA0004.md) [C:\Projects\Hazina\src\Core\AI\Hazina.AI.RAG\Hazina.AI.RAG.csproj::TargetFramework=net9.0]
C:\Projects\Hazina\src\Core\AI\Hazina.AI.RAG\Core\RAGEngine.cs(133,31): warning MA0004: Use Task.ConfigureAwait(false) if the current SynchronizationContext is not needed (https://github.com/meziantou/Meziantou.Analyzer/blob/main/docs/Rules/MA0004.md) [C:\Projects\Hazina\src\Core\AI\Hazina.AI.RAG\Hazina.AI.RAG.csproj::TargetFramework=net9.0]
C:\Projects\Hazina\src\Core\AI\Hazina.AI.RAG\Extensions\RetrievalServiceExtensions.cs(61,50): warning SA1629: Documentation text should end with a period (https://github.com/DotNetAnalyzers/StyleCopAnalyzers/blob/master/documentation/SA1629.md) [C:\Projects\Hazina\src\Core\AI\Hazina.AI.RAG\Hazina.AI.RAG.csproj::TargetFramework=net9.0]
C:\Projects\Hazina\src\Core\AI\Hazina.AI.RAG\Retrieval\Reranker.cs(25,33): warning CA1002: Change 'List<RetrievedDocument>' in 'Reranker.RerankAsync(string, List<RetrievedDocument>, [CancellationToken])' to use 'Collection<T>', 'ReadOnlyCollection<T>' or 'KeyedCollection<K,V>' (https://learn.microsoft.com/dotnet/fundamentals/code-analysis/quality-rules/ca1002) [C:\Projects\Hazina\src\Core\AI\Hazina.AI.RAG\Hazina.AI.RAG.csproj::TargetFramework=net9.0]
C:\Projects\Hazina\src\Core\AI\Hazina.AI.RAG\Retrieval\Reranker.cs(23,18): warning MA0016: Prefer using collection abstraction instead of implementation (https://github.com/meziantou/Meziantou.Analyzer/blob/main/docs/Rules/MA0016.md) [C:\Projects\Hazina\src\Core\AI\Hazina.AI.RAG\Hazina.AI.RAG.csproj::TargetFramework=net9.0]
C:\Projects\Hazina\src\Core\AI\Hazina.AI.RAG\Retrieval\Reranker.cs(25,9): warning MA0016: Prefer using collection abstraction instead of implementation (https://github.com/meziantou/Meziantou.Analyzer/blob/main/docs/Rules/MA0016.md) [C:\Projects\Hazina\src\Core\AI\Hazina.AI.RAG\Hazina.AI.RAG.csproj::TargetFramework=net9.0]
C:\Projects\Hazina\src\Core\AI\Hazina.AI.RAG\Embeddings\TextChunker.cs(84,18): warning MA0016: Prefer using collection abstraction instead of implementation (https://github.com/meziantou/Meziantou.Analyzer/blob/main/docs/Rules/MA0016.md) [C:\Projects\Hazina\src\Core\AI\Hazina.AI.RAG\Hazina.AI.RAG.csproj::TargetFramework=net9.0]
C:\Projects\Hazina\src\Core\AI\Hazina.AI.RAG\Embeddings\TextChunker.cs(87,9): warning MA0016: Prefer using collection abstraction instead of implementation (https://github.com/meziantou/Meziantou.Analyzer/blob/main/docs/Rules/MA0016.md) [C:\Projects\Hazina\src\Core\AI\Hazina.AI.RAG\Hazina.AI.RAG.csproj::TargetFramework=net9.0]
C:\Projects\Hazina\src\Core\AI\Hazina.AI.RAG\Core\RAGEngine.cs(142,9): warning CA1031: Modify 'QueryAsync' to catch a more specific allowed exception type, or rethrow the exception (https://learn.microsoft.com/dotnet/fundamentals/code-analysis/quality-rules/ca1031) [C:\Projects\Hazina\src\Core\AI\Hazina.AI.RAG\Hazina.AI.RAG.csproj::TargetFramework=net9.0]
C:\Projects\Hazina\src\Core\AI\Hazina.AI.RAG\Embeddings\LLMMetadataExtractor.cs(38,54): warning SA1629: Documentation text should end with a period (https://github.com/DotNetAnalyzers/StyleCopAnalyzers/blob/master/documentation/SA1629.md) [C:\Projects\Hazina\src\Core\AI\Hazina.AI.RAG\Hazina.AI.RAG.csproj::TargetFramework=net9.0]
C:\Projects\Hazina\src\Core\AI\Hazina.AI.RAG\Embeddings\LLMMetadataExtractor.cs(59,13): warning SA1111: Closing parenthesis should be on line of last parameter (https://github.com/DotNetAnalyzers/StyleCopAnalyzers/blob/master/documentation/SA1111.md) [C:\Projects\Hazina\src\Core\AI\Hazina.AI.RAG\Hazina.AI.RAG.csproj::TargetFramework=net9.0]
C:\Projects\Hazina\src\Core\AI\Hazina.AI.RAG\Embeddings\TextChunker.cs(84,40): warning MA0051: Method is too long (62 lines; maximum allowed: 60) (https://github.com/meziantou/Meziantou.Analyzer/blob/main/docs/Rules/MA0051.md) [C:\Projects\Hazina\src\Core\AI\Hazina.AI.RAG\Hazina.AI.RAG.csproj::TargetFramework=net9.0]
C:\Projects\Hazina\src\Core\AI\Hazina.AI.RAG\Graph\Storage\GraphStoreFactory.cs(1,1): warning SA1633: The file header is missing or not located at the top of the file. (https://github.com/DotNetAnalyzers/StyleCopAnalyzers/blob/master/documentation/SA1633.md) [C:\Projects\Hazina\src\Core\AI\Hazina.AI.RAG\Hazina.AI.RAG.csproj::TargetFramework=net9.0]
C:\Projects\Hazina\src\Core\AI\Hazina.AI.RAG\Embeddings\LLMMetadataExtractor.cs(65,21): warning CA1848: For improved performance, use the LoggerMessage delegates instead of calling 'LoggerExtensions.LogError(ILogger, Exception?, string?, params object?[])' (https://learn.microsoft.com/dotnet/fundamentals/code-analysis/quality-rules/ca1848) [C:\Projects\Hazina\src\Core\AI\Hazina.AI.RAG\Hazina.AI.RAG.csproj::TargetFramework=net9.0]
C:\Projects\Hazina\src\Core\AI\Hazina.AI.RAG\Embeddings\HierarchicalChunker.cs(26,18): warning MA0016: Prefer using collection abstraction instead of implementation (https://github.com/meziantou/Meziantou.Analyzer/blob/main/docs/Rules/MA0016.md) [C:\Projects\Hazina\src\Core\AI\Hazina.AI.RAG\Hazina.AI.RAG.csproj::TargetFramework=net9.0]
C:\Projects\Hazina\src\Core\AI\Hazina.AI.RAG\Core\RAGEngine.cs(165,9): warning SA1111: Closing parenthesis should be on line of last parameter (https://github.com/DotNetAnalyzers/StyleCopAnalyzers/blob/master/documentation/SA1111.md) [C:\Projects\Hazina\src\Core\AI\Hazina.AI.RAG\Hazina.AI.RAG.csproj::TargetFramework=net9.0]
C:\Projects\Hazina\src\Core\AI\Hazina.AI.RAG\Graph\Storage\IGraphStore.cs(1,1): warning SA1633: The file header is missing or not located at the top of the file. (https://github.com/DotNetAnalyzers/StyleCopAnalyzers/blob/master/documentation/SA1633.md) [C:\Projects\Hazina\src\Core\AI\Hazina.AI.RAG\Hazina.AI.RAG.csproj::TargetFramework=net9.0]
C:\Projects\Hazina\src\Core\AI\Hazina.AI.RAG\Embeddings\TextChunker.cs(106,17): warning S1854: Remove this useless assignment to local variable 'effectiveOptions'. (https://rules.sonarsource.com/csharp/RSPEC-1854) [C:\Projects\Hazina\src\Core\AI\Hazina.AI.RAG\Hazina.AI.RAG.csproj::TargetFramework=net9.0]
C:\Projects\Hazina\src\Core\AI\Hazina.AI.RAG\Embeddings\HierarchicalChunker.cs(26,40): warning MA0051: Method is too long (61 lines; maximum allowed: 60) (https://github.com/meziantou/Meziantou.Analyzer/blob/main/docs/Rules/MA0051.md) [C:\Projects\Hazina\src\Core\AI\Hazina.AI.RAG\Hazina.AI.RAG.csproj::TargetFramework=net9.0]
C:\Projects\Hazina\src\Core\AI\Hazina.AI.RAG\Retrieval\Reranker.cs(21,46): warning SA1629: Documentation text should end with a period (https://github.com/DotNetAnalyzers/StyleCopAnalyzers/blob/master/documentation/SA1629.md) [C:\Projects\Hazina\src\Core\AI\Hazina.AI.RAG\Hazina.AI.RAG.csproj::TargetFramework=net9.0]
C:\Projects\Hazina\src\Core\AI\Hazina.AI.RAG\Retrieval\Reranker.cs(29,13): warning SA1503: Braces should not be omitted (https://github.com/DotNetAnalyzers/StyleCopAnalyzers/blob/master/documentation/SA1503.md) [C:\Projects\Hazina\src\Core\AI\Hazina.AI.RAG\Hazina.AI.RAG.csproj::TargetFramework=net9.0]
C:\Projects\Hazina\src\Core\AI\Hazina.AI.RAG\Core\RAGEngine.cs(159,30): warning MA0004: Use Task.ConfigureAwait(false) if the current SynchronizationContext is not needed (https://github.com/meziantou/Meziantou.Analyzer/blob/main/docs/Rules/MA0004.md) [C:\Projects\Hazina\src\Core\AI\Hazina.AI.RAG\Hazina.AI.RAG.csproj::TargetFramework=net9.0]
C:\Projects\Hazina\src\Core\AI\Hazina.AI.RAG\Embeddings\LLMMetadataExtractor.cs(54,28): warning MA0004: Use Task.ConfigureAwait(false) if the current SynchronizationContext is not needed (https://github.com/meziantou/Meziantou.Analyzer/blob/main/docs/Rules/MA0004.md) [C:\Projects\Hazina\src\Core\AI\Hazina.AI.RAG\Hazina.AI.RAG.csproj::TargetFramework=net9.0]
C:\Projects\Hazina\src\Core\AI\Hazina.AI.RAG\Core\RAGEngine.cs(160,16): warning MA0004: Use Task.ConfigureAwait(false) if the current SynchronizationContext is not needed (https://github.com/meziantou/Meziantou.Analyzer/blob/main/docs/Rules/MA0004.md) [C:\Projects\Hazina\src\Core\AI\Hazina.AI.RAG\Hazina.AI.RAG.csproj::TargetFramework=net9.0]
C:\Projects\Hazina\src\Core\AI\Hazina.AI.RAG\Extensions\RetrievalServiceExtensions.cs(71,60): warning SA1629: Documentation text should end with a period (https://github.com/DotNetAnalyzers/StyleCopAnalyzers/blob/master/documentation/SA1629.md) [C:\Projects\Hazina\src\Core\AI\Hazina.AI.RAG\Hazina.AI.RAG.csproj::TargetFramework=net9.0]
C:\Projects\Hazina\src\Core\AI\Hazina.AI.RAG\Retrieval\Reranker.cs(37,24): warning MA0004: Use Task.ConfigureAwait(false) if the current SynchronizationContext is not needed (https://github.com/meziantou/Meziantou.Analyzer/blob/main/docs/Rules/MA0004.md) [C:\Projects\Hazina\src\Core\AI\Hazina.AI.RAG\Hazina.AI.RAG.csproj::TargetFramework=net9.0]
C:\Projects\Hazina\src\Core\AI\Hazina.AI.RAG\Retrieval\Reranker.cs(40,24): warning MA0004: Use Task.ConfigureAwait(false) if the current SynchronizationContext is not needed (https://github.com/meziantou/Meziantou.Analyzer/blob/main/docs/Rules/MA0004.md) [C:\Projects\Hazina\src\Core\AI\Hazina.AI.RAG\Hazina.AI.RAG.csproj::TargetFramework=net9.0]
C:\Projects\Hazina\src\Core\AI\Hazina.AI.RAG\Embeddings\LLMMetadataExtractor.cs(63,9): warning CA1031: Modify 'ExtractMetadataAsync' to catch a more specific allowed exception type, or rethrow the exception (https://learn.microsoft.com/dotnet/fundamentals/code-analysis/quality-rules/ca1031) [C:\Projects\Hazina\src\Core\AI\Hazina.AI.RAG\Hazina.AI.RAG.csproj::TargetFramework=net9.0]
C:\Projects\Hazina\src\Core\AI\Hazina.AI.RAG\Graph\Storage\InMemoryGraphStore.cs(1,1): warning SA1633: The file header is missing or not located at the top of the file. (https://github.com/DotNetAnalyzers/StyleCopAnalyzers/blob/master/documentation/SA1633.md) [C:\Projects\Hazina\src\Core\AI\Hazina.AI.RAG\Hazina.AI.RAG.csproj::TargetFramework=net9.0]
C:\Projects\Hazina\src\Core\AI\Hazina.AI.RAG\Graph\Storage\InMemoryGraphStore.cs(26,18): warning SA1513: Closing brace should be followed by blank line (https://github.com/DotNetAnalyzers/StyleCopAnalyzers/blob/master/documentation/SA1513.md) [C:\Projects\Hazina\src\Core\AI\Hazina.AI.RAG\Hazina.AI.RAG.csproj::TargetFramework=net9.0]
C:\Projects\Hazina\src\Core\AI\Hazina.AI.RAG\Graph\Storage\InMemoryGraphStore.cs(105,22): warning SA1513: Closing brace should be followed by blank line (https://github.com/DotNetAnalyzers/StyleCopAnalyzers/blob/master/documentation/SA1513.md) [C:\Projects\Hazina\src\Core\AI\Hazina.AI.RAG\Hazina.AI.RAG.csproj::TargetFramework=net9.0]
C:\Projects\Hazina\src\Core\AI\Hazina.AI.RAG\Graph\Storage\InMemoryGraphStore.cs(118,22): warning SA1513: Closing brace should be followed by blank line (https://github.com/DotNetAnalyzers/StyleCopAnalyzers/blob/master/documentation/SA1513.md) [C:\Projects\Hazina\src\Core\AI\Hazina.AI.RAG\Hazina.AI.RAG.csproj::TargetFramework=net9.0]
C:\Projects\Hazina\src\Core\AI\Hazina.AI.RAG\Configuration\SemanticChunkingConfiguration.cs(19,23): warning CA1062: In externally visible method 'SemanticChunkingOptions SemanticChunkingConfiguration.LoadFromConfiguration(IConfiguration configuration)', validate parameter 'configuration' is non-null before using it. If appropriate, throw an 'ArgumentNullException' when the argument is 'null'. (https://learn.microsoft.com/dotnet/fundamentals/code-analysis/quality-rules/ca1062) [C:\Projects\Hazina\src\Core\AI\Hazina.AI.RAG\Hazina.AI.RAG.csproj::TargetFramework=net9.0]
C:\Projects\Hazina\src\Core\AI\Hazina.AI.RAG\Embeddings\LLMMetadataExtractor.cs(46,49): warning CA1062: In externally visible method 'Task<ChunkMetadata?> LLMMetadataExtractor.ExtractMetadataAsync(string chunkText, CancellationToken ct = default(CancellationToken))', validate parameter 'chunkText' is non-null before using it. If appropriate, throw an 'ArgumentNullException' when the argument is 'null'. (https://learn.microsoft.com/dotnet/fundamentals/code-analysis/quality-rules/ca1062) [C:\Projects\Hazina\src\Core\AI\Hazina.AI.RAG\Hazina.AI.RAG.csproj::TargetFramework=net9.0]
C:\Projects\Hazina\src\Core\AI\Hazina.AI.RAG\Embeddings\TextChunker.cs(77,75): warning SA1629: Documentation text should end with a period (https://github.com/DotNetAnalyzers/StyleCopAnalyzers/blob/master/documentation/SA1629.md) [C:\Projects\Hazina\src\Core\AI\Hazina.AI.RAG\Hazina.AI.RAG.csproj::TargetFramework=net9.0]
C:\Projects\Hazina\src\Core\AI\Hazina.AI.RAG\Embeddings\TextChunker.cs(79,41): warning SA1629: Documentation text should end with a period (https://github.com/DotNetAnalyzers/StyleCopAnalyzers/blob/master/documentation/SA1629.md) [C:\Projects\Hazina\src\Core\AI\Hazina.AI.RAG\Hazina.AI.RAG.csproj::TargetFramework=net9.0]
C:\Projects\Hazina\src\Core\AI\Hazina.AI.RAG\Embeddings\TextChunker.cs(80,91): warning SA1629: Documentation text should end with a period (https://github.com/DotNetAnalyzers/StyleCopAnalyzers/blob/master/documentation/SA1629.md) [C:\Projects\Hazina\src\Core\AI\Hazina.AI.RAG\Hazina.AI.RAG.csproj::TargetFramework=net9.0]
C:\Projects\Hazina\src\Core\AI\Hazina.AI.RAG\Embeddings\TextChunker.cs(81,70): warning SA1629: Documentation text should end with a period (https://github.com/DotNetAnalyzers/StyleCopAnalyzers/blob/master/documentation/SA1629.md) [C:\Projects\Hazina\src\Core\AI\Hazina.AI.RAG\Hazina.AI.RAG.csproj::TargetFramework=net9.0]
C:\Projects\Hazina\src\Core\AI\Hazina.AI.RAG\Embeddings\TextChunker.cs(82,44): warning SA1629: Documentation text should end with a period (https://github.com/DotNetAnalyzers/StyleCopAnalyzers/blob/master/documentation/SA1629.md) [C:\Projects\Hazina\src\Core\AI\Hazina.AI.RAG\Hazina.AI.RAG.csproj::TargetFramework=net9.0]
C:\Projects\Hazina\src\Core\AI\Hazina.AI.RAG\Embeddings\TextChunker.cs(83,37): warning SA1629: Documentation text should end with a period (https://github.com/DotNetAnalyzers/StyleCopAnalyzers/blob/master/documentation/SA1629.md) [C:\Projects\Hazina\src\Core\AI\Hazina.AI.RAG\Hazina.AI.RAG.csproj::TargetFramework=net9.0]
C:\Projects\Hazina\src\Core\AI\Hazina.AI.RAG\Utilities\SentenceSplitter.cs(73,17): warning S1643: Use a StringBuilder instead. (https://rules.sonarsource.com/csharp/RSPEC-1643) [C:\Projects\Hazina\src\Core\AI\Hazina.AI.RAG\Hazina.AI.RAG.csproj::TargetFramework=net9.0]
C:\Projects\Hazina\src\Core\AI\Hazina.AI.RAG\Embeddings\TextChunker.cs(91,13): warning SA1503: Braces should not be omitted (https://github.com/DotNetAnalyzers/StyleCopAnalyzers/blob/master/documentation/SA1503.md) [C:\Projects\Hazina\src\Core\AI\Hazina.AI.RAG\Hazina.AI.RAG.csproj::TargetFramework=net9.0]
C:\Projects\Hazina\src\Core\AI\Hazina.AI.RAG\Embeddings\TextChunker.cs(125,25): warning CA1873: Evaluation of this argument may be expensive and unnecessary if logging is disabled (https://learn.microsoft.com/dotnet/fundamentals/code-analysis/quality-rules/ca1873) [C:\Projects\Hazina\src\Core\AI\Hazina.AI.RAG\Hazina.AI.RAG.csproj::TargetFramework=net9.0]
C:\Projects\Hazina\src\Core\AI\Hazina.AI.RAG\Embeddings\TextChunker.cs(100,25): warning CA1848: For improved performance, use the LoggerMessage delegates instead of calling 'LoggerExtensions.LogWarning(ILogger, string?, params object?[])' (https://learn.microsoft.com/dotnet/fundamentals/code-analysis/quality-rules/ca1848) [C:\Projects\Hazina\src\Core\AI\Hazina.AI.RAG\Hazina.AI.RAG.csproj::TargetFramework=net9.0]
C:\Projects\Hazina\src\Core\AI\Hazina.AI.RAG\Embeddings\TextChunker.cs(125,25): warning CA1848: For improved performance, use the LoggerMessage delegates instead of calling 'LoggerExtensions.LogDebug(ILogger, string?, params object?[])' (https://learn.microsoft.com/dotnet/fundamentals/code-analysis/quality-rules/ca1848) [C:\Projects\Hazina\src\Core\AI\Hazina.AI.RAG\Hazina.AI.RAG.csproj::TargetFramework=net9.0]
C:\Projects\Hazina\src\Core\AI\Hazina.AI.RAG\Embeddings\TextChunker.cs(127,26): warning MA0004: Use Task.ConfigureAwait(false) if the current SynchronizationContext is not needed (https://github.com/meziantou/Meziantou.Analyzer/blob/main/docs/Rules/MA0004.md) [C:\Projects\Hazina\src\Core\AI\Hazina.AI.RAG\Hazina.AI.RAG.csproj::TargetFramework=net9.0]
C:\Projects\Hazina\src\Core\AI\Hazina.AI.RAG\Embeddings\TextChunker.cs(131,26): warning MA0004: Use Task.ConfigureAwait(false) if the current SynchronizationContext is not needed (https://github.com/meziantou/Meziantou.Analyzer/blob/main/docs/Rules/MA0004.md) [C:\Projects\Hazina\src\Core\AI\Hazina.AI.RAG\Hazina.AI.RAG.csproj::TargetFramework=net9.0]
C:\Projects\Hazina\src\Core\AI\Hazina.AI.RAG\Retrieval\Reranker.cs(28,13): warning CA1062: In externally visible method 'Task<List<RetrievedDocument>> Reranker.RerankAsync(string query, List<RetrievedDocument> documents, CancellationToken cancellationToken = default(CancellationToken))', validate parameter 'documents' is non-null before using it. If appropriate, throw an 'ArgumentNullException' when the argument is 'null'. (https://learn.microsoft.com/dotnet/fundamentals/code-analysis/quality-rules/ca1062) [C:\Projects\Hazina\src\Core\AI\Hazina.AI.RAG\Hazina.AI.RAG.csproj::TargetFramework=net9.0]
C:\Projects\Hazina\src\Core\AI\Hazina.AI.RAG\Graph\Storage\SQLiteGraphStore.cs(1,1): warning SA1633: The file header is missing or not located at the top of the file. (https://github.com/DotNetAnalyzers/StyleCopAnalyzers/blob/master/documentation/SA1633.md) [C:\Projects\Hazina\src\Core\AI\Hazina.AI.RAG\Hazina.AI.RAG.csproj::TargetFramework=net9.0]
C:\Projects\Hazina\src\Core\AI\Hazina.AI.RAG\Interfaces\IReranker.cs(1,1): warning SA1633: The file header is missing or not located at the top of the file. (https://github.com/DotNetAnalyzers/StyleCopAnalyzers/blob/master/documentation/SA1633.md) [C:\Projects\Hazina\src\Core\AI\Hazina.AI.RAG\Hazina.AI.RAG.csproj::TargetFramework=net9.0]
C:\Projects\Hazina\src\Core\AI\Hazina.AI.RAG\Interfaces\IReranker.cs(22,5): warning SA1009: Closing parenthesis should not be preceded by a space (https://github.com/DotNetAnalyzers/StyleCopAnalyzers/blob/master/documentation/SA1009.md) [C:\Projects\Hazina\src\Core\AI\Hazina.AI.RAG\Hazina.AI.RAG.csproj::TargetFramework=net9.0]
C:\Projects\Hazina\src\Core\AI\Hazina.AI.RAG\Interfaces\IRetrievalCandidate.cs(1,1): warning SA1633: The file header is missing or not located at the top of the file. (https://github.com/DotNetAnalyzers/StyleCopAnalyzers/blob/master/documentation/SA1633.md) [C:\Projects\Hazina\src\Core\AI\Hazina.AI.RAG\Hazina.AI.RAG.csproj::TargetFramework=net9.0]
C:\Projects\Hazina\src\Core\AI\Hazina.AI.RAG\Interfaces\IRetrievalPipeline.cs(1,1): warning SA1633: The file header is missing or not located at the top of the file. (https://github.com/DotNetAnalyzers/StyleCopAnalyzers/blob/master/documentation/SA1633.md) [C:\Projects\Hazina\src\Core\AI\Hazina.AI.RAG\Hazina.AI.RAG.csproj::TargetFramework=net9.0]
C:\Projects\Hazina\src\Core\AI\Hazina.AI.RAG\Interfaces\IRetrievalPipeline.cs(23,5): warning SA1009: Closing parenthesis should not be preceded by a space (https://github.com/DotNetAnalyzers/StyleCopAnalyzers/blob/master/documentation/SA1009.md) [C:\Projects\Hazina\src\Core\AI\Hazina.AI.RAG\Hazina.AI.RAG.csproj::TargetFramework=net9.0]
C:\Projects\Hazina\src\Core\AI\Hazina.AI.RAG\Interfaces\IRetriever.cs(1,1): warning SA1633: The file header is missing or not located at the top of the file. (https://github.com/DotNetAnalyzers/StyleCopAnalyzers/blob/master/documentation/SA1633.md) [C:\Projects\Hazina\src\Core\AI\Hazina.AI.RAG\Hazina.AI.RAG.csproj::TargetFramework=net9.0]
C:\Projects\Hazina\src\Core\AI\Hazina.AI.RAG\Interfaces\IRetriever.cs(22,5): warning SA1009: Closing parenthesis should not be preceded by a space (https://github.com/DotNetAnalyzers/StyleCopAnalyzers/blob/master/documentation/SA1009.md) [C:\Projects\Hazina\src\Core\AI\Hazina.AI.RAG\Hazina.AI.RAG.csproj::TargetFramework=net9.0]
C:\Projects\Hazina\src\Core\AI\Hazina.AI.RAG\Retrieval\LlmJudgeReranker.cs(1,1): warning SA1633: The file header is missing or not located at the top of the file. (https://github.com/DotNetAnalyzers/StyleCopAnalyzers/blob/master/documentation/SA1633.md) [C:\Projects\Hazina\src\Core\AI\Hazina.AI.RAG\Hazina.AI.RAG.csproj::TargetFramework=net9.0]
C:\Projects\Hazina\src\Core\AI\Hazina.AI.RAG\Retrieval\LlmJudgeReranker.cs(123,14): warning SA1402: File may only contain a single type (https://github.com/DotNetAnalyzers/StyleCopAnalyzers/blob/master/documentation/SA1402.md) [C:\Projects\Hazina\src\Core\AI\Hazina.AI.RAG\Hazina.AI.RAG.csproj::TargetFramework=net9.0]
C:\Projects\Hazina\src\Core\AI\Hazina.AI.RAG\Retrieval\LlmJudgeReranker.cs(82,13): warning SA1009: Closing parenthesis should not be preceded by a space (https://github.com/DotNetAnalyzers/StyleCopAnalyzers/blob/master/documentation/SA1009.md) [C:\Projects\Hazina\src\Core\AI\Hazina.AI.RAG\Hazina.AI.RAG.csproj::TargetFramework=net9.0]
C:\Projects\Hazina\src\Core\AI\Hazina.AI.RAG\Retrieval\NoOpReranker.cs(1,1): warning SA1633: The file header is missing or not located at the top of the file. (https://github.com/DotNetAnalyzers/StyleCopAnalyzers/blob/master/documentation/SA1633.md) [C:\Projects\Hazina\src\Core\AI\Hazina.AI.RAG\Hazina.AI.RAG.csproj::TargetFramework=net9.0]
C:\Projects\Hazina\src\Core\AI\Hazina.AI.RAG\Retrieval\Reranker.cs(1,1): warning SA1633: The file header is missing or not located at the top of the file. (https://github.com/DotNetAnalyzers/StyleCopAnalyzers/blob/master/documentation/SA1633.md) [C:\Projects\Hazina\src\Core\AI\Hazina.AI.RAG\Hazina.AI.RAG.csproj::TargetFramework=net9.0]
C:\Projects\Hazina\src\Core\AI\Hazina.AI.RAG\Retrieval\Reranker.cs(226,14): warning SA1402: File may only contain a single type (https://github.com/DotNetAnalyzers/StyleCopAnalyzers/blob/master/documentation/SA1402.md) [C:\Projects\Hazina\src\Core\AI\Hazina.AI.RAG\Hazina.AI.RAG.csproj::TargetFramework=net9.0]
C:\Projects\Hazina\src\Core\AI\Hazina.AI.RAG\Retrieval\Reranker.cs(140,13): warning SA1009: Closing parenthesis should not be preceded by a space (https://github.com/DotNetAnalyzers/StyleCopAnalyzers/blob/master/documentation/SA1009.md) [C:\Projects\Hazina\src\Core\AI\Hazina.AI.RAG\Hazina.AI.RAG.csproj::TargetFramework=net9.0]
C:\Projects\Hazina\src\Core\AI\Hazina.AI.RAG\Retrieval\RetrievalPipeline.cs(1,1): warning SA1633: The file header is missing or not located at the top of the file. (https://github.com/DotNetAnalyzers/StyleCopAnalyzers/blob/master/documentation/SA1633.md) [C:\Projects\Hazina\src\Core\AI\Hazina.AI.RAG\Hazina.AI.RAG.csproj::TargetFramework=net9.0]
C:\Projects\Hazina\src\Core\AI\Hazina.AI.RAG\Embeddings\HierarchicalChunker.cs(24,45): warning SA1629: Documentation text should end with a period (https://github.com/DotNetAnalyzers/StyleCopAnalyzers/blob/master/documentation/SA1629.md) [C:\Projects\Hazina\src\Core\AI\Hazina.AI.RAG\Hazina.AI.RAG.csproj::TargetFramework=net9.0]
C:\Projects\Hazina\src\Core\AI\Hazina.AI.RAG\Embeddings\HierarchicalChunker.cs(32,13): warning SA1503: Braces should not be omitted (https://github.com/DotNetAnalyzers/StyleCopAnalyzers/blob/master/documentation/SA1503.md) [C:\Projects\Hazina\src\Core\AI\Hazina.AI.RAG\Hazina.AI.RAG.csproj::TargetFramework=net9.0]
C:\Projects\Hazina\src\Core\AI\Hazina.AI.RAG\Retrieval\RetrievalPipeline.cs(32,9): warning SA1009: Closing parenthesis should not be preceded by a space (https://github.com/DotNetAnalyzers/StyleCopAnalyzers/blob/master/documentation/SA1009.md) [C:\Projects\Hazina\src\Core\AI\Hazina.AI.RAG\Hazina.AI.RAG.csproj::TargetFramework=net9.0]
C:\Projects\Hazina\src\Core\AI\Hazina.AI.RAG\Retrieval\RetrievalPipeline.cs(42,9): warning SA1009: Closing parenthesis should not be preceded by a space (https://github.com/DotNetAnalyzers/StyleCopAnalyzers/blob/master/documentation/SA1009.md) [C:\Projects\Hazina\src\Core\AI\Hazina.AI.RAG\Hazina.AI.RAG.csproj::TargetFramework=net9.0]
C:\Projects\Hazina\src\Core\AI\Hazina.AI.RAG\Embeddings\HierarchicalChunker.cs(37,31): warning SA1116: The parameters should begin on the line after the declaration, whenever the parameter span across multiple lines (https://github.com/DotNetAnalyzers/StyleCopAnalyzers/blob/master/documentation/SA1116.md) [C:\Projects\Hazina\src\Core\AI\Hazina.AI.RAG\Hazina.AI.RAG.csproj::TargetFramework=net9.0]
C:\Projects\Hazina\src\Core\AI\Hazina.AI.RAG\Embeddings\HierarchicalChunker.cs(81,37): warning SA1116: The parameters should begin on the line after the declaration, whenever the parameter span across multiple lines (https://github.com/DotNetAnalyzers/StyleCopAnalyzers/blob/master/documentation/SA1116.md) [C:\Projects\Hazina\src\Core\AI\Hazina.AI.RAG\Hazina.AI.RAG.csproj::TargetFramework=net9.0]
C:\Projects\Hazina\src\Core\AI\Hazina.AI.RAG\Embeddings\HierarchicalChunker.cs(38,30): warning SA1117: The parameters should all be placed on the same line or each parameter should be placed on its own line (https://github.com/DotNetAnalyzers/StyleCopAnalyzers/blob/master/documentation/SA1117.md) [C:\Projects\Hazina\src\Core\AI\Hazina.AI.RAG\Hazina.AI.RAG.csproj::TargetFramework=net9.0]
C:\Projects\Hazina\src\Core\AI\Hazina.AI.RAG\Embeddings\HierarchicalChunker.cs(82,33): warning SA1117: The parameters should all be placed on the same line or each parameter should be placed on its own line (https://github.com/DotNetAnalyzers/StyleCopAnalyzers/blob/master/documentation/SA1117.md) [C:\Projects\Hazina\src\Core\AI\Hazina.AI.RAG\Hazina.AI.RAG.csproj::TargetFramework=net9.0]
C:\Projects\Hazina\src\Core\AI\Hazina.AI.RAG\Graph\Storage\GraphStoreFactory.cs(14,52): warning SA1629: Documentation text should end with a period (https://github.com/DotNetAnalyzers/StyleCopAnalyzers/blob/master/documentation/SA1629.md) [C:\Projects\Hazina\src\Core\AI\Hazina.AI.RAG\Hazina.AI.RAG.csproj::TargetFramework=net9.0]
C:\Projects\Hazina\src\Core\AI\Hazina.AI.RAG\Graph\Storage\GraphStoreFactory.cs(15,45): warning SA1629: Documentation text should end with a period (https://github.com/DotNetAnalyzers/StyleCopAnalyzers/blob/master/documentation/SA1629.md) [C:\Projects\Hazina\src\Core\AI\Hazina.AI.RAG\Hazina.AI.RAG.csproj::TargetFramework=net9.0]
C:\Projects\Hazina\src\Core\AI\Hazina.AI.RAG\Graph\Storage\GraphStoreFactory.cs(16,55): warning SA1629: Documentation text should end with a period (https://github.com/DotNetAnalyzers/StyleCopAnalyzers/blob/master/documentation/SA1629.md) [C:\Projects\Hazina\src\Core\AI\Hazina.AI.RAG\Hazina.AI.RAG.csproj::TargetFramework=net9.0]
C:\Projects\Hazina\src\Core\AI\Hazina.AI.RAG\Retrieval\VectorStoreRetriever.cs(1,1): warning SA1633: The file header is missing or not located at the top of the file. (https://github.com/DotNetAnalyzers/StyleCopAnalyzers/blob/master/documentation/SA1633.md) [C:\Projects\Hazina\src\Core\AI\Hazina.AI.RAG\Hazina.AI.RAG.csproj::TargetFramework=net9.0]
C:\Projects\Hazina\src\Core\AI\Hazina.AI.RAG\Retrieval\VectorStoreRetriever.cs(48,10): warning SA1513: Closing brace should be followed by blank line (https://github.com/DotNetAnalyzers/StyleCopAnalyzers/blob/master/documentation/SA1513.md) [C:\Projects\Hazina\src\Core\AI\Hazina.AI.RAG\Hazina.AI.RAG.csproj::TargetFramework=net9.0]
C:\Projects\Hazina\src\Core\AI\Hazina.AI.RAG\Graph\Storage\GraphStoreFactory.cs(24,24): warning MA0015: Use an overload of 'System.ArgumentException' with the parameter name (https://github.com/meziantou/Meziantou.Analyzer/blob/main/docs/Rules/MA0015.md) [C:\Projects\Hazina\src\Core\AI\Hazina.AI.RAG\Hazina.AI.RAG.csproj::TargetFramework=net9.0]
C:\Projects\Hazina\src\Core\AI\Hazina.AI.RAG\Embeddings\HierarchicalChunker.cs(37,21): warning CA1873: Evaluation of this argument may be expensive and unnecessary if logging is disabled (https://learn.microsoft.com/dotnet/fundamentals/code-analysis/quality-rules/ca1873) [C:\Projects\Hazina\src\Core\AI\Hazina.AI.RAG\Hazina.AI.RAG.csproj::TargetFramework=net9.0]
C:\Projects\Hazina\src\Core\AI\Hazina.AI.RAG\Graph\Storage\GraphStoreFactory.cs(23,39): warning MA0025: Implement the functionality (or raise NotSupportedException or PlatformNotSupportedException) (https://github.com/meziantou/Meziantou.Analyzer/blob/main/docs/Rules/MA0025.md) [C:\Projects\Hazina\src\Core\AI\Hazina.AI.RAG\Hazina.AI.RAG.csproj::TargetFramework=net9.0]
C:\Projects\Hazina\src\Core\AI\Hazina.AI.RAG\Embeddings\HierarchicalChunker.cs(42,17): warning CA1873: Evaluation of this argument may be expensive and unnecessary if logging is disabled (https://learn.microsoft.com/dotnet/fundamentals/code-analysis/quality-rules/ca1873) [C:\Projects\Hazina\src\Core\AI\Hazina.AI.RAG\Hazina.AI.RAG.csproj::TargetFramework=net9.0]
C:\Projects\Hazina\src\Core\AI\Hazina.AI.RAG\Embeddings\HierarchicalChunker.cs(48,21): warning CA1873: Evaluation of this argument may be expensive and unnecessary if logging is disabled (https://learn.microsoft.com/dotnet/fundamentals/code-analysis/quality-rules/ca1873) [C:\Projects\Hazina\src\Core\AI\Hazina.AI.RAG\Hazina.AI.RAG.csproj::TargetFramework=net9.0]
C:\Projects\Hazina\src\Core\AI\Hazina.AI.RAG\Retrieval\VectorStoreRetriever.cs(38,9): warning SA1009: Closing parenthesis should not be preceded by a space (https://github.com/DotNetAnalyzers/StyleCopAnalyzers/blob/master/documentation/SA1009.md) [C:\Projects\Hazina\src\Core\AI\Hazina.AI.RAG\Hazina.AI.RAG.csproj::TargetFramework=net9.0]
C:\Projects\Hazina\src\Core\AI\Hazina.AI.RAG\Embeddings\HierarchicalChunker.cs(81,21): warning CA1873: Evaluation of this argument may be expensive and unnecessary if logging is disabled (https://learn.microsoft.com/dotnet/fundamentals/code-analysis/quality-rules/ca1873) [C:\Projects\Hazina\src\Core\AI\Hazina.AI.RAG\Hazina.AI.RAG.csproj::TargetFramework=net9.0]
C:\Projects\Hazina\src\Core\AI\Hazina.AI.RAG\Embeddings\HierarchicalChunker.cs(37,21): warning CA1848: For improved performance, use the LoggerMessage delegates instead of calling 'LoggerExtensions.LogDebug(ILogger, string?, params object?[])' (https://learn.microsoft.com/dotnet/fundamentals/code-analysis/quality-rules/ca1848) [C:\Projects\Hazina\src\Core\AI\Hazina.AI.RAG\Hazina.AI.RAG.csproj::TargetFramework=net9.0]
C:\Projects\Hazina\src\Core\AI\Hazina.AI.RAG\Embeddings\HierarchicalChunker.cs(42,17): warning CA1848: For improved performance, use the LoggerMessage delegates instead of calling 'LoggerExtensions.LogInformation(ILogger, string?, params object?[])' (https://learn.microsoft.com/dotnet/fundamentals/code-analysis/quality-rules/ca1848) [C:\Projects\Hazina\src\Core\AI\Hazina.AI.RAG\Hazina.AI.RAG.csproj::TargetFramework=net9.0]
C:\Projects\Hazina\src\Core\AI\Hazina.AI.RAG\Embeddings\HierarchicalChunker.cs(48,21): warning CA1848: For improved performance, use the LoggerMessage delegates instead of calling 'LoggerExtensions.LogDebug(ILogger, string?, params object?[])' (https://learn.microsoft.com/dotnet/fundamentals/code-analysis/quality-rules/ca1848) [C:\Projects\Hazina\src\Core\AI\Hazina.AI.RAG\Hazina.AI.RAG.csproj::TargetFramework=net9.0]
C:\Projects\Hazina\src\Core\AI\Hazina.AI.RAG\Embeddings\HierarchicalChunker.cs(77,29): warning CA1848: For improved performance, use the LoggerMessage delegates instead of calling 'LoggerExtensions.LogWarning(ILogger, Exception?, string?, params object?[])' (https://learn.microsoft.com/dotnet/fundamentals/code-analysis/quality-rules/ca1848) [C:\Projects\Hazina\src\Core\AI\Hazina.AI.RAG\Hazina.AI.RAG.csproj::TargetFramework=net9.0]
C:\Projects\Hazina\src\Core\AI\Hazina.AI.RAG\Embeddings\HierarchicalChunker.cs(81,21): warning CA1848: For improved performance, use the LoggerMessage delegates instead of calling 'LoggerExtensions.LogInformation(ILogger, string?, params object?[])' (https://learn.microsoft.com/dotnet/fundamentals/code-analysis/quality-rules/ca1848) [C:\Projects\Hazina\src\Core\AI\Hazina.AI.RAG\Hazina.AI.RAG.csproj::TargetFramework=net9.0]
C:\Projects\Hazina\src\Core\AI\Hazina.AI.RAG\Embeddings\HierarchicalChunker.cs(88,21): warning CA1848: For improved performance, use the LoggerMessage delegates instead of calling 'LoggerExtensions.LogError(ILogger, Exception?, string?, params object?[])' (https://learn.microsoft.com/dotnet/fundamentals/code-analysis/quality-rules/ca1848) [C:\Projects\Hazina\src\Core\AI\Hazina.AI.RAG\Hazina.AI.RAG.csproj::TargetFramework=net9.0]
C:\Projects\Hazina\src\Core\AI\Hazina.AI.RAG\Utilities\SentenceSplitter.cs(1,1): warning SA1633: The file header is missing or not located at the top of the file. (https://github.com/DotNetAnalyzers/StyleCopAnalyzers/blob/master/documentation/SA1633.md) [C:\Projects\Hazina\src\Core\AI\Hazina.AI.RAG\Hazina.AI.RAG.csproj::TargetFramework=net9.0]
C:\Projects\Hazina\src\Core\AI\Hazina.AI.RAG\Graph\Storage\GraphStoreFactory.cs(19,16): warning CA1062: In externally visible method 'IGraphStore GraphStoreFactory.Create(GraphRAGConfig config, ILogger logger)', validate parameter 'config' is non-null before using it. If appropriate, throw an 'ArgumentNullException' when the argument is 'null'. (https://learn.microsoft.com/dotnet/fundamentals/code-analysis/quality-rules/ca1062) [C:\Projects\Hazina\src\Core\AI\Hazina.AI.RAG\Hazina.AI.RAG.csproj::TargetFramework=net9.0]
C:\Projects\Hazina\src\Core\AI\Hazina.AI.RAG\Embeddings\HierarchicalChunker.cs(39,20): warning MA0004: Use Task.ConfigureAwait(false) if the current SynchronizationContext is not needed (https://github.com/meziantou/Meziantou.Analyzer/blob/main/docs/Rules/MA0004.md) [C:\Projects\Hazina\src\Core\AI\Hazina.AI.RAG\Hazina.AI.RAG.csproj::TargetFramework=net9.0]
C:\Projects\Hazina\src\Core\AI\Hazina.AI.RAG\Utilities\SentenceSplitter.cs(81,18): warning SA1513: Closing brace should be followed by blank line (https://github.com/DotNetAnalyzers/StyleCopAnalyzers/blob/master/documentation/SA1513.md) [C:\Projects\Hazina\src\Core\AI\Hazina.AI.RAG\Hazina.AI.RAG.csproj::TargetFramework=net9.0]
C:\Projects\Hazina\src\Core\AI\Hazina.AI.RAG\Embeddings\HierarchicalChunker.cs(58,41): warning MA0004: Use Task.ConfigureAwait(false) if the current SynchronizationContext is not needed (https://github.com/meziantou/Meziantou.Analyzer/blob/main/docs/Rules/MA0004.md) [C:\Projects\Hazina\src\Core\AI\Hazina.AI.RAG\Hazina.AI.RAG.csproj::TargetFramework=net9.0]
C:\Projects\Hazina\src\Core\AI\Hazina.AI.RAG\Embeddings\HierarchicalChunker.cs(89,20): warning MA0004: Use Task.ConfigureAwait(false) if the current SynchronizationContext is not needed (https://github.com/meziantou/Meziantou.Analyzer/blob/main/docs/Rules/MA0004.md) [C:\Projects\Hazina\src\Core\AI\Hazina.AI.RAG\Hazina.AI.RAG.csproj::TargetFramework=net9.0]
C:\Projects\Hazina\src\Core\AI\Hazina.AI.RAG\Utilities\SentenceSplitter.cs(60,81): warning SA1629: Documentation text should end with a period (https://github.com/DotNetAnalyzers/StyleCopAnalyzers/blob/master/documentation/SA1629.md) [C:\Projects\Hazina\src\Core\AI\Hazina.AI.RAG\Hazina.AI.RAG.csproj::TargetFramework=net9.0]
C:\Projects\Hazina\src\Core\AI\Hazina.AI.RAG\Utilities\SentenceSplitter.cs(65,23): warning SA1122: Use string.Empty for empty strings (https://github.com/DotNetAnalyzers/StyleCopAnalyzers/blob/master/documentation/SA1122.md) [C:\Projects\Hazina\src\Core\AI\Hazina.AI.RAG\Hazina.AI.RAG.csproj::TargetFramework=net9.0]
C:\Projects\Hazina\src\Core\AI\Hazina.AI.RAG\Graph\Storage\SQLiteGraphStore.cs(221,9): warning MA0004: Use Task.ConfigureAwait(false) if the current SynchronizationContext is not needed (https://github.com/meziantou/Meziantou.Analyzer/blob/main/docs/Rules/MA0004.md) [C:\Projects\Hazina\src\Core\AI\Hazina.AI.RAG\Hazina.AI.RAG.csproj::TargetFramework=net9.0]
C:\Projects\Hazina\src\Core\AI\Hazina.AI.RAG\Graph\Storage\SQLiteGraphStore.cs(228,28): warning MA0004: Use Task.ConfigureAwait(false) if the current SynchronizationContext is not needed (https://github.com/meziantou/Meziantou.Analyzer/blob/main/docs/Rules/MA0004.md) [C:\Projects\Hazina\src\Core\AI\Hazina.AI.RAG\Hazina.AI.RAG.csproj::TargetFramework=net9.0]
C:\Projects\Hazina\src\Core\AI\Hazina.AI.RAG\Graph\Storage\SQLiteGraphStore.cs(229,13): warning MA0004: Use Task.ConfigureAwait(false) if the current SynchronizationContext is not needed (https://github.com/meziantou/Meziantou.Analyzer/blob/main/docs/Rules/MA0004.md) [C:\Projects\Hazina\src\Core\AI\Hazina.AI.RAG\Hazina.AI.RAG.csproj::TargetFramework=net9.0]
C:\Projects\Hazina\src\Core\AI\Hazina.AI.RAG\Graph\Storage\SQLiteGraphStore.cs(232,13): warning MA0004: Use Task.ConfigureAwait(false) if the current SynchronizationContext is not needed (https://github.com/meziantou/Meziantou.Analyzer/blob/main/docs/Rules/MA0004.md) [C:\Projects\Hazina\src\Core\AI\Hazina.AI.RAG\Hazina.AI.RAG.csproj::TargetFramework=net9.0]
C:\Projects\Hazina\src\Core\AI\Hazina.AI.RAG\Graph\Pipeline\LLMTextService.cs(33,24): warning MA0004: Use Task.ConfigureAwait(false) if the current SynchronizationContext is not needed (https://github.com/meziantou/Meziantou.Analyzer/blob/main/docs/Rules/MA0004.md) [C:\Projects\Hazina\src\Core\AI\Hazina.AI.RAG\Hazina.AI.RAG.csproj::TargetFramework=net9.0]
C:\Projects\Hazina\src\Core\AI\Hazina.AI.RAG\Graph\Storage\IGraphStore.cs(15,45): warning CA1002: Change 'List<GraphEntity>' in 'IGraphStore.AddEntitiesAsync(List<GraphEntity>, [CancellationToken])' to use 'Collection<T>', 'ReadOnlyCollection<T>' or 'KeyedCollection<K,V>' (https://learn.microsoft.com/dotnet/fundamentals/code-analysis/quality-rules/ca1002) [C:\Projects\Hazina\src\Core\AI\Hazina.AI.RAG\Hazina.AI.RAG.csproj::TargetFramework=net9.0]
C:\Projects\Hazina\src\Core\AI\Hazina.AI.RAG\Graph\Storage\IGraphStore.cs(15,27): warning MA0016: Prefer using collection abstraction instead of implementation (https://github.com/meziantou/Meziantou.Analyzer/blob/main/docs/Rules/MA0016.md) [C:\Projects\Hazina\src\Core\AI\Hazina.AI.RAG\Hazina.AI.RAG.csproj::TargetFramework=net9.0]
C:\Projects\Hazina\src\Core\AI\Hazina.AI.RAG\Graph\Storage\IGraphStore.cs(25,5): warning MA0016: Prefer using collection abstraction instead of implementation (https://github.com/meziantou/Meziantou.Analyzer/blob/main/docs/Rules/MA0016.md) [C:\Projects\Hazina\src\Core\AI\Hazina.AI.RAG\Hazina.AI.RAG.csproj::TargetFramework=net9.0]
C:\Projects\Hazina\src\Core\AI\Hazina.AI.RAG\Graph\Storage\IGraphStore.cs(33,5): warning MA0016: Prefer using collection abstraction instead of implementation (https://github.com/meziantou/Meziantou.Analyzer/blob/main/docs/Rules/MA0016.md) [C:\Projects\Hazina\src\Core\AI\Hazina.AI.RAG\Hazina.AI.RAG.csproj::TargetFramework=net9.0]
C:\Projects\Hazina\src\Core\AI\Hazina.AI.RAG\Graph\Storage\IGraphStore.cs(55,5): warning MA0016: Prefer using collection abstraction instead of implementation (https://github.com/meziantou/Meziantou.Analyzer/blob/main/docs/Rules/MA0016.md) [C:\Projects\Hazina\src\Core\AI\Hazina.AI.RAG\Hazina.AI.RAG.csproj::TargetFramework=net9.0]
C:\Projects\Hazina\src\Core\AI\Hazina.AI.RAG\Graph\Storage\IGraphStore.cs(63,5): warning MA0016: Prefer using collection abstraction instead of implementation (https://github.com/meziantou/Meziantou.Analyzer/blob/main/docs/Rules/MA0016.md) [C:\Projects\Hazina\src\Core\AI\Hazina.AI.RAG\Hazina.AI.RAG.csproj::TargetFramework=net9.0]
C:\Projects\Hazina\src\Core\AI\Hazina.AI.RAG\Graph\Storage\IGraphStore.cs(50,56): warning CA1002: Change 'List<GraphRelationship>' in 'IGraphStore.AddRelationshipsAsync(List<GraphRelationship>, [CancellationToken])' to use 'Collection<T>', 'ReadOnlyCollection<T>' or 'KeyedCollection<K,V>' (https://learn.microsoft.com/dotnet/fundamentals/code-analysis/quality-rules/ca1002) [C:\Projects\Hazina\src\Core\AI\Hazina.AI.RAG\Hazina.AI.RAG.csproj::TargetFramework=net9.0]
C:\Projects\Hazina\src\Core\AI\Hazina.AI.RAG\Graph\Storage\IGraphStore.cs(42,5): warning MA0016: Prefer using collection abstraction instead of implementation (https://github.com/meziantou/Meziantou.Analyzer/blob/main/docs/Rules/MA0016.md) [C:\Projects\Hazina\src\Core\AI\Hazina.AI.RAG\Hazina.AI.RAG.csproj::TargetFramework=net9.0]
C:\Projects\Hazina\src\Core\AI\Hazina.AI.RAG\Graph\Storage\IGraphStore.cs(50,32): warning MA0016: Prefer using collection abstraction instead of implementation (https://github.com/meziantou/Meziantou.Analyzer/blob/main/docs/Rules/MA0016.md) [C:\Projects\Hazina\src\Core\AI\Hazina.AI.RAG\Hazina.AI.RAG.csproj::TargetFramework=net9.0]
C:\Projects\Hazina\src\Core\AI\Hazina.AI.RAG\Retrieval\Reranker.cs(48,45): warning SA1629: Documentation text should end with a period (https://github.com/DotNetAnalyzers/StyleCopAnalyzers/blob/master/documentation/SA1629.md) [C:\Projects\Hazina\src\Core\AI\Hazina.AI.RAG\Hazina.AI.RAG.csproj::TargetFramework=net9.0]
C:\Projects\Hazina\src\Core\AI\Hazina.AI.RAG\Graph\Storage\IGraphStore.cs(12,5): warning SA1514: Element documentation header should be preceded by blank line (https://github.com/DotNetAnalyzers/StyleCopAnalyzers/blob/master/documentation/SA1514.md) [C:\Projects\Hazina\src\Core\AI\Hazina.AI.RAG\Hazina.AI.RAG.csproj::TargetFramework=net9.0]
C:\Projects\Hazina\src\Core\AI\Hazina.AI.RAG\Retrieval\Reranker.cs(56,13): warning SA1503: Braces should not be omitted (https://github.com/DotNetAnalyzers/StyleCopAnalyzers/blob/master/documentation/SA1503.md) [C:\Projects\Hazina\src\Core\AI\Hazina.AI.RAG\Hazina.AI.RAG.csproj::TargetFramework=net9.0]
C:\Projects\Hazina\src\Core\AI\Hazina.AI.RAG\Retrieval\Reranker.cs(58,59): warning SA1316: Tuple element names should use correct casing (https://github.com/DotNetAnalyzers/StyleCopAnalyzers/blob/master/documentation/SA1316.md) [C:\Projects\Hazina\src\Core\AI\Hazina.AI.RAG\Hazina.AI.RAG.csproj::TargetFramework=net9.0]
C:\Projects\Hazina\src\Core\AI\Hazina.AI.RAG\Retrieval\Reranker.cs(58,71): warning SA1316: Tuple element names should use correct casing (https://github.com/DotNetAnalyzers/StyleCopAnalyzers/blob/master/documentation/SA1316.md) [C:\Projects\Hazina\src\Core\AI\Hazina.AI.RAG\Hazina.AI.RAG.csproj::TargetFramework=net9.0]
C:\Projects\Hazina\src\Core\AI\Hazina.AI.RAG\Graph\Storage\IGraphStore.cs(71,5): warning MA0016: Prefer using collection abstraction instead of implementation (https://github.com/meziantou/Meziantou.Analyzer/blob/main/docs/Rules/MA0016.md) [C:\Projects\Hazina\src\Core\AI\Hazina.AI.RAG\Hazina.AI.RAG.csproj::TargetFramework=net9.0]
C:\Projects\Hazina\src\Core\AI\Hazina.AI.RAG\Graph\Storage\IGraphStore.cs(47,5): warning SA1514: Element documentation header should be preceded by blank line (https://github.com/DotNetAnalyzers/StyleCopAnalyzers/blob/master/documentation/SA1514.md) [C:\Projects\Hazina\src\Core\AI\Hazina.AI.RAG\Hazina.AI.RAG.csproj::TargetFramework=net9.0]
C:\Projects\Hazina\src\Core\AI\Hazina.AI.RAG\Graph\Storage\IGraphStore.cs(60,5): warning SA1514: Element documentation header should be preceded by blank line (https://github.com/DotNetAnalyzers/StyleCopAnalyzers/blob/master/documentation/SA1514.md) [C:\Projects\Hazina\src\Core\AI\Hazina.AI.RAG\Hazina.AI.RAG.csproj::TargetFramework=net9.0]
C:\Projects\Hazina\src\Core\AI\Hazina.AI.RAG\Graph\Storage\IGraphStore.cs(80,5): warning MA0016: Prefer using collection abstraction instead of implementation (https://github.com/meziantou/Meziantou.Analyzer/blob/main/docs/Rules/MA0016.md) [C:\Projects\Hazina\src\Core\AI\Hazina.AI.RAG\Hazina.AI.RAG.csproj::TargetFramework=net9.0]
C:\Projects\Hazina\src\Core\AI\Hazina.AI.RAG\Graph\Storage\IGraphStore.cs(87,5): warning SA1514: Element documentation header should be preceded by blank line (https://github.com/DotNetAnalyzers/StyleCopAnalyzers/blob/master/documentation/SA1514.md) [C:\Projects\Hazina\src\Core\AI\Hazina.AI.RAG\Hazina.AI.RAG.csproj::TargetFramework=net9.0]
C:\Projects\Hazina\src\Core\AI\Hazina.AI.RAG\Graph\Explainability\RetrievalTrace.cs(85,29): warning CA1002: Change 'List<RetrievalStep>' in 'ExplainabilityService.CreateTrace(string, HybridRetrievalResult, List<RetrievalStep>)' to use 'Collection<T>', 'ReadOnlyCollection<T>' or 'KeyedCollection<K,V>' (https://learn.microsoft.com/dotnet/fundamentals/code-analysis/quality-rules/ca1002) [C:\Projects\Hazina\src\Core\AI\Hazina.AI.RAG\Hazina.AI.RAG.csproj::TargetFramework=net9.0]
C:\Projects\Hazina\src\Core\AI\Hazina.AI.RAG\Graph\Explainability\RetrievalTrace.cs(43,9): warning CA1305: The behavior of 'StringBuilder.AppendLine(ref StringBuilder.AppendInterpolatedStringHandler)' could vary based on the current user's locale settings. Replace this call in 'ExplainabilityService.GenerateExplanation(HybridRetrievalResult)' with a call to 'StringBuilder.AppendLine(IFormatProvider, ref StringBuilder.AppendInterpolatedStringHandler)'. (https://learn.microsoft.com/dotnet/fundamentals/code-analysis/quality-rules/ca1305) [C:\Projects\Hazina\src\Core\AI\Hazina.AI.RAG\Hazina.AI.RAG.csproj::TargetFramework=net9.0]
C:\Projects\Hazina\src\Core\AI\Hazina.AI.RAG\Graph\Explainability\RetrievalTrace.cs(44,9): warning CA1305: The behavior of 'StringBuilder.AppendLine(ref StringBuilder.AppendInterpolatedStringHandler)' could vary based on the current user's locale settings. Replace this call in 'ExplainabilityService.GenerateExplanation(HybridRetrievalResult)' with a call to 'StringBuilder.AppendLine(IFormatProvider, ref StringBuilder.AppendInterpolatedStringHandler)'. (https://learn.microsoft.com/dotnet/fundamentals/code-analysis/quality-rules/ca1305) [C:\Projects\Hazina\src\Core\AI\Hazina.AI.RAG\Hazina.AI.RAG.csproj::TargetFramework=net9.0]
C:\Projects\Hazina\src\Core\AI\Hazina.AI.RAG\Graph\Explainability\RetrievalTrace.cs(85,9): warning MA0016: Prefer using collection abstraction instead of implementation (https://github.com/meziantou/Meziantou.Analyzer/blob/main/docs/Rules/MA0016.md) [C:\Projects\Hazina\src\Core\AI\Hazina.AI.RAG\Hazina.AI.RAG.csproj::TargetFramework=net9.0]
C:\Projects\Hazina\src\Core\AI\Hazina.AI.RAG\Graph\Explainability\RetrievalTrace.cs(48,13): warning CA1305: The behavior of 'StringBuilder.AppendLine(ref StringBuilder.AppendInterpolatedStringHandler)' could vary based on the current user's locale settings. Replace this call in 'ExplainabilityService.GenerateExplanation(HybridRetrievalResult)' with a call to 'StringBuilder.AppendLine(IFormatProvider, ref StringBuilder.AppendInterpolatedStringHandler)'. (https://learn.microsoft.com/dotnet/fundamentals/code-analysis/quality-rules/ca1305) [C:\Projects\Hazina\src\Core\AI\Hazina.AI.RAG\Hazina.AI.RAG.csproj::TargetFramework=net9.0]
C:\Projects\Hazina\src\Core\AI\Hazina.AI.RAG\Graph\Explainability\RetrievalTrace.cs(54,13): warning CA1305: The behavior of 'StringBuilder.AppendLine(ref StringBuilder.AppendInterpolatedStringHandler)' could vary based on the current user's locale settings. Replace this call in 'ExplainabilityService.GenerateExplanation(HybridRetrievalResult)' with a call to 'StringBuilder.AppendLine(IFormatProvider, ref StringBuilder.AppendInterpolatedStringHandler)'. (https://learn.microsoft.com/dotnet/fundamentals/code-analysis/quality-rules/ca1305) [C:\Projects\Hazina\src\Core\AI\Hazina.AI.RAG\Hazina.AI.RAG.csproj::TargetFramework=net9.0]
C:\Projects\Hazina\src\Core\AI\Hazina.AI.RAG\Graph\Explainability\RetrievalTrace.cs(59,17): warning CA1305: The behavior of 'StringBuilder.Append(ref StringBuilder.AppendInterpolatedStringHandler)' could vary based on the current user's locale settings. Replace this call in 'ExplainabilityService.GenerateExplanation(HybridRetrievalResult)' with a call to 'StringBuilder.Append(IFormatProvider, ref StringBuilder.AppendInterpolatedStringHandler)'. (https://learn.microsoft.com/dotnet/fundamentals/code-analysis/quality-rules/ca1305) [C:\Projects\Hazina\src\Core\AI\Hazina.AI.RAG\Hazina.AI.RAG.csproj::TargetFramework=net9.0]
C:\Projects\Hazina\src\Core\AI\Hazina.AI.RAG\Graph\Explainability\RetrievalTrace.cs(64,21): warning CA1305: The behavior of 'StringBuilder.Append(ref StringBuilder.AppendInterpolatedStringHandler)' could vary based on the current user's locale settings. Replace this call in 'ExplainabilityService.GenerateExplanation(HybridRetrievalResult)' with a call to 'StringBuilder.Append(IFormatProvider, ref StringBuilder.AppendInterpolatedStringHandler)'. (https://learn.microsoft.com/dotnet/fundamentals/code-analysis/quality-rules/ca1305) [C:\Projects\Hazina\src\Core\AI\Hazina.AI.RAG\Hazina.AI.RAG.csproj::TargetFramework=net9.0]
C:\Projects\Hazina\src\Core\AI\Hazina.AI.RAG\Embeddings\HierarchicalChunker.cs(75,17): warning CA1031: Modify 'ChunkAsync' to catch a more specific allowed exception type, or rethrow the exception (https://learn.microsoft.com/dotnet/fundamentals/code-analysis/quality-rules/ca1031) [C:\Projects\Hazina\src\Core\AI\Hazina.AI.RAG\Hazina.AI.RAG.csproj::TargetFramework=net9.0]
C:\Projects\Hazina\src\Core\AI\Hazina.AI.RAG\Embeddings\HierarchicalChunker.cs(86,9): warning CA1031: Modify 'ChunkAsync' to catch a more specific allowed exception type, or rethrow the exception (https://learn.microsoft.com/dotnet/fundamentals/code-analysis/quality-rules/ca1031) [C:\Projects\Hazina\src\Core\AI\Hazina.AI.RAG\Hazina.AI.RAG.csproj::TargetFramework=net9.0]
C:\Projects\Hazina\src\Core\AI\Hazina.AI.RAG\Graph\Explainability\RetrievalTrace.cs(73,13): warning CA1305: The behavior of 'StringBuilder.AppendLine(ref StringBuilder.AppendInterpolatedStringHandler)' could vary based on the current user's locale settings. Replace this call in 'ExplainabilityService.GenerateExplanation(HybridRetrievalResult)' with a call to 'StringBuilder.AppendLine(IFormatProvider, ref StringBuilder.AppendInterpolatedStringHandler)'. (https://learn.microsoft.com/dotnet/fundamentals/code-analysis/quality-rules/ca1305) [C:\Projects\Hazina\src\Core\AI\Hazina.AI.RAG\Hazina.AI.RAG.csproj::TargetFramework=net9.0]
C:\Projects\Hazina\src\Core\AI\Hazina.AI.RAG\Graph\Pipeline\IEntityExtractor.cs(17,5): warning MA0016: Prefer using collection abstraction instead of implementation (https://github.com/meziantou/Meziantou.Analyzer/blob/main/docs/Rules/MA0016.md) [C:\Projects\Hazina\src\Core\AI\Hazina.AI.RAG\Hazina.AI.RAG.csproj::TargetFramework=net9.0]
C:\Projects\Hazina\src\Core\AI\Hazina.AI.RAG\Graph\Pipeline\IEntityExtractor.cs(13,47): warning SA1629: Documentation text should end with a period (https://github.com/DotNetAnalyzers/StyleCopAnalyzers/blob/master/documentation/SA1629.md) [C:\Projects\Hazina\src\Core\AI\Hazina.AI.RAG\Hazina.AI.RAG.csproj::TargetFramework=net9.0]
C:\Projects\Hazina\src\Core\AI\Hazina.AI.RAG\Graph\Pipeline\IEntityExtractor.cs(14,78): warning SA1629: Documentation text should end with a period (https://github.com/DotNetAnalyzers/StyleCopAnalyzers/blob/master/documentation/SA1629.md) [C:\Projects\Hazina\src\Core\AI\Hazina.AI.RAG\Hazina.AI.RAG.csproj::TargetFramework=net9.0]
C:\Projects\Hazina\src\Core\AI\Hazina.AI.RAG\Graph\Pipeline\IEntityExtractor.cs(15,59): warning SA1629: Documentation text should end with a period (https://github.com/DotNetAnalyzers/StyleCopAnalyzers/blob/master/documentation/SA1629.md) [C:\Projects\Hazina\src\Core\AI\Hazina.AI.RAG\Hazina.AI.RAG.csproj::TargetFramework=net9.0]
C:\Projects\Hazina\src\Core\AI\Hazina.AI.RAG\Graph\Pipeline\IEntityExtractor.cs(16,67): warning SA1629: Documentation text should end with a period (https://github.com/DotNetAnalyzers/StyleCopAnalyzers/blob/master/documentation/SA1629.md) [C:\Projects\Hazina\src\Core\AI\Hazina.AI.RAG\Hazina.AI.RAG.csproj::TargetFramework=net9.0]
C:\Projects\Hazina\src\Core\AI\Hazina.AI.RAG\Retrieval\Reranker.cs(62,34): warning MA0004: Use Task.ConfigureAwait(false) if the current SynchronizationContext is not needed (https://github.com/meziantou/Meziantou.Analyzer/blob/main/docs/Rules/MA0004.md) [C:\Projects\Hazina\src\Core\AI\Hazina.AI.RAG\Hazina.AI.RAG.csproj::TargetFramework=net9.0]
C:\Projects\Hazina\src\Core\AI\Hazina.AI.RAG\Graph\Pipeline\IEntityNormalizer.cs(14,53): warning SA1629: Documentation text should end with a period (https://github.com/DotNetAnalyzers/StyleCopAnalyzers/blob/master/documentation/SA1629.md) [C:\Projects\Hazina\src\Core\AI\Hazina.AI.RAG\Hazina.AI.RAG.csproj::TargetFramework=net9.0]
C:\Projects\Hazina\src\Core\AI\Hazina.AI.RAG\Graph\Pipeline\IEntityNormalizer.cs(15,80): warning SA1629: Documentation text should end with a period (https://github.com/DotNetAnalyzers/StyleCopAnalyzers/blob/master/documentation/SA1629.md) [C:\Projects\Hazina\src\Core\AI\Hazina.AI.RAG\Hazina.AI.RAG.csproj::TargetFramework=net9.0]
C:\Projects\Hazina\src\Core\AI\Hazina.AI.RAG\Graph\Pipeline\IEntityNormalizer.cs(16,59): warning SA1629: Documentation text should end with a period (https://github.com/DotNetAnalyzers/StyleCopAnalyzers/blob/master/documentation/SA1629.md) [C:\Projects\Hazina\src\Core\AI\Hazina.AI.RAG\Hazina.AI.RAG.csproj::TargetFramework=net9.0]
C:\Projects\Hazina\src\Core\AI\Hazina.AI.RAG\Graph\Pipeline\IEntityNormalizer.cs(17,72): warning SA1629: Documentation text should end with a period (https://github.com/DotNetAnalyzers/StyleCopAnalyzers/blob/master/documentation/SA1629.md) [C:\Projects\Hazina\src\Core\AI\Hazina.AI.RAG\Hazina.AI.RAG.csproj::TargetFramework=net9.0]
C:\Projects\Hazina\src\Core\AI\Hazina.AI.RAG\Graph\Pipeline\ILLMTextService.cs(11,45): warning SA1629: Documentation text should end with a period (https://github.com/DotNetAnalyzers/StyleCopAnalyzers/blob/master/documentation/SA1629.md) [C:\Projects\Hazina\src\Core\AI\Hazina.AI.RAG\Hazina.AI.RAG.csproj::TargetFramework=net9.0]
C:\Projects\Hazina\src\Core\AI\Hazina.AI.RAG\Graph\Pipeline\ILLMTextService.cs(12,60): warning SA1629: Documentation text should end with a period (https://github.com/DotNetAnalyzers/StyleCopAnalyzers/blob/master/documentation/SA1629.md) [C:\Projects\Hazina\src\Core\AI\Hazina.AI.RAG\Hazina.AI.RAG.csproj::TargetFramework=net9.0]
C:\Projects\Hazina\src\Core\AI\Hazina.AI.RAG\Graph\Pipeline\ILLMTextService.cs(13,69): warning SA1629: Documentation text should end with a period (https://github.com/DotNetAnalyzers/StyleCopAnalyzers/blob/master/documentation/SA1629.md) [C:\Projects\Hazina\src\Core\AI\Hazina.AI.RAG\Hazina.AI.RAG.csproj::TargetFramework=net9.0]
C:\Projects\Hazina\src\Core\AI\Hazina.AI.RAG\Graph\Pipeline\ILLMTextService.cs(14,59): warning SA1629: Documentation text should end with a period (https://github.com/DotNetAnalyzers/StyleCopAnalyzers/blob/master/documentation/SA1629.md) [C:\Projects\Hazina\src\Core\AI\Hazina.AI.RAG\Hazina.AI.RAG.csproj::TargetFramework=net9.0]
C:\Projects\Hazina\src\Core\AI\Hazina.AI.RAG\Graph\Pipeline\ILLMTextService.cs(15,40): warning SA1629: Documentation text should end with a period (https://github.com/DotNetAnalyzers/StyleCopAnalyzers/blob/master/documentation/SA1629.md) [C:\Projects\Hazina\src\Core\AI\Hazina.AI.RAG\Hazina.AI.RAG.csproj::TargetFramework=net9.0]
C:\Projects\Hazina\src\Core\AI\Hazina.AI.RAG\Graph\Pipeline\IRelationshipExtractor.cs(20,27): warning CA1002: Change 'List<GraphEntity>' in 'IRelationshipExtractor.ExtractRelationshipsAsync(string, List<GraphEntity>, [string], [CancellationToken])' to use 'Collection<T>', 'ReadOnlyCollection<T>' or 'KeyedCollection<K,V>' (https://learn.microsoft.com/dotnet/fundamentals/code-analysis/quality-rules/ca1002) [C:\Projects\Hazina\src\Core\AI\Hazina.AI.RAG\Hazina.AI.RAG.csproj::TargetFramework=net9.0]
C:\Projects\Hazina\src\Core\AI\Hazina.AI.RAG\Graph\Pipeline\IRelationshipExtractor.cs(18,5): warning MA0016: Prefer using collection abstraction instead of implementation (https://github.com/meziantou/Meziantou.Analyzer/blob/main/docs/Rules/MA0016.md) [C:\Projects\Hazina\src\Core\AI\Hazina.AI.RAG\Hazina.AI.RAG.csproj::TargetFramework=net9.0]
C:\Projects\Hazina\src\Core\AI\Hazina.AI.RAG\Graph\Pipeline\IRelationshipExtractor.cs(20,9): warning MA0016: Prefer using collection abstraction instead of implementation (https://github.com/meziantou/Meziantou.Analyzer/blob/main/docs/Rules/MA0016.md) [C:\Projects\Hazina\src\Core\AI\Hazina.AI.RAG\Hazina.AI.RAG.csproj::TargetFramework=net9.0]
C:\Projects\Hazina\src\Core\AI\Hazina.AI.RAG\Graph\Explainability\RetrievalTrace.cs(43,9): warning MA0011: Use an overload of 'AppendLine' that has a 'System.IFormatProvider' parameter (https://github.com/meziantou/Meziantou.Analyzer/blob/main/docs/Rules/MA0011.md) [C:\Projects\Hazina\src\Core\AI\Hazina.AI.RAG\Hazina.AI.RAG.csproj::TargetFramework=net9.0]
C:\Projects\Hazina\src\Core\AI\Hazina.AI.RAG\Graph\Pipeline\IRelationshipExtractor.cs(13,47): warning SA1629: Documentation text should end with a period (https://github.com/DotNetAnalyzers/StyleCopAnalyzers/blob/master/documentation/SA1629.md) [C:\Projects\Hazina\src\Core\AI\Hazina.AI.RAG\Hazina.AI.RAG.csproj::TargetFramework=net9.0]
C:\Projects\Hazina\src\Core\AI\Hazina.AI.RAG\Graph\Pipeline\IRelationshipExtractor.cs(14,72): warning SA1629: Documentation text should end with a period (https://github.com/DotNetAnalyzers/StyleCopAnalyzers/blob/master/documentation/SA1629.md) [C:\Projects\Hazina\src\Core\AI\Hazina.AI.RAG\Hazina.AI.RAG.csproj::TargetFramework=net9.0]
C:\Projects\Hazina\src\Core\AI\Hazina.AI.RAG\Graph\Pipeline\IRelationshipExtractor.cs(15,69): warning SA1629: Documentation text should end with a period (https://github.com/DotNetAnalyzers/StyleCopAnalyzers/blob/master/documentation/SA1629.md) [C:\Projects\Hazina\src\Core\AI\Hazina.AI.RAG\Hazina.AI.RAG.csproj::TargetFramework=net9.0]
C:\Projects\Hazina\src\Core\AI\Hazina.AI.RAG\Graph\Pipeline\IRelationshipExtractor.cs(16,59): warning SA1629: Documentation text should end with a period (https://github.com/DotNetAnalyzers/StyleCopAnalyzers/blob/master/documentation/SA1629.md) [C:\Projects\Hazina\src\Core\AI\Hazina.AI.RAG\Hazina.AI.RAG.csproj::TargetFramework=net9.0]
C:\Projects\Hazina\src\Core\AI\Hazina.AI.RAG\Graph\Pipeline\IRelationshipExtractor.cs(17,62): warning SA1629: Documentation text should end with a period (https://github.com/DotNetAnalyzers/StyleCopAnalyzers/blob/master/documentation/SA1629.md) [C:\Projects\Hazina\src\Core\AI\Hazina.AI.RAG\Hazina.AI.RAG.csproj::TargetFramework=net9.0]
C:\Projects\Hazina\src\Core\AI\Hazina.AI.RAG\Graph\Explainability\RetrievalTrace.cs(48,13): warning MA0011: Use an overload of 'AppendLine' that has a 'System.IFormatProvider' parameter (https://github.com/meziantou/Meziantou.Analyzer/blob/main/docs/Rules/MA0011.md) [C:\Projects\Hazina\src\Core\AI\Hazina.AI.RAG\Hazina.AI.RAG.csproj::TargetFramework=net9.0]
C:\Projects\Hazina\src\Core\AI\Hazina.AI.RAG\Graph\Explainability\RetrievalTrace.cs(54,13): warning MA0011: Use an overload of 'AppendLine' that has a 'System.IFormatProvider' parameter (https://github.com/meziantou/Meziantou.Analyzer/blob/main/docs/Rules/MA0011.md) [C:\Projects\Hazina\src\Core\AI\Hazina.AI.RAG\Hazina.AI.RAG.csproj::TargetFramework=net9.0]
C:\Projects\Hazina\src\Core\AI\Hazina.AI.RAG\Graph\Explainability\RetrievalTrace.cs(59,17): warning MA0011: Use an overload of 'Append' that has a 'System.IFormatProvider' parameter (https://github.com/meziantou/Meziantou.Analyzer/blob/main/docs/Rules/MA0011.md) [C:\Projects\Hazina\src\Core\AI\Hazina.AI.RAG\Hazina.AI.RAG.csproj::TargetFramework=net9.0]
C:\Projects\Hazina\src\Core\AI\Hazina.AI.RAG\Graph\Explainability\RetrievalTrace.cs(73,13): warning MA0011: Use an overload of 'AppendLine' that has a 'System.IFormatProvider' parameter (https://github.com/meziantou/Meziantou.Analyzer/blob/main/docs/Rules/MA0011.md) [C:\Projects\Hazina\src\Core\AI\Hazina.AI.RAG\Hazina.AI.RAG.csproj::TargetFramework=net9.0]
C:\Projects\Hazina\src\Core\AI\Hazina.AI.RAG\Core\RAGEngine.cs(211,20): warning S2325: Make 'CalculateKeywordRelevance' a static method. (https://rules.sonarsource.com/csharp/RSPEC-2325) [C:\Projects\Hazina\src\Core\AI\Hazina.AI.RAG\Hazina.AI.RAG.csproj::TargetFramework=net9.0]
C:\Projects\Hazina\src\Core\AI\Hazina.AI.RAG\Graph\Explainability\RetrievalTrace.cs(90,32): warning CA1062: In externally visible method 'RetrievalTrace ExplainabilityService.CreateTrace(string queryText, HybridRetrievalResult result, List<RetrievalStep> steps)', validate parameter 'result' is non-null before using it. If appropriate, throw an 'ArgumentNullException' when the argument is 'null'. (https://learn.microsoft.com/dotnet/fundamentals/code-analysis/quality-rules/ca1062) [C:\Projects\Hazina\src\Core\AI\Hazina.AI.RAG\Hazina.AI.RAG.csproj::TargetFramework=net9.0]
C:\Projects\Hazina\src\Core\AI\Hazina.AI.RAG\Embeddings\TextChunker.cs(166,54): warning CA1861: Prefer 'static readonly' fields over constant array arguments if the called method is called repeatedly and is not mutating the passed array (https://learn.microsoft.com/dotnet/fundamentals/code-analysis/quality-rules/ca1861) [C:\Projects\Hazina\src\Core\AI\Hazina.AI.RAG\Hazina.AI.RAG.csproj::TargetFramework=net9.0]
C:\Projects\Hazina\src\Core\AI\Hazina.AI.RAG\Embeddings\TextChunker.cs(181,47): warning MA0002: Use an overload that has a IEqualityComparer<string> or IComparer<string> parameter (https://github.com/meziantou/Meziantou.Analyzer/blob/main/docs/Rules/MA0002.md) [C:\Projects\Hazina\src\Core\AI\Hazina.AI.RAG\Hazina.AI.RAG.csproj::TargetFramework=net9.0]
C:\Projects\Hazina\src\Core\AI\Hazina.AI.RAG\Embeddings\TextChunker.cs(181,90): warning MA0002: Use an overload that has a IEqualityComparer<string> or IComparer<string> parameter (https://github.com/meziantou/Meziantou.Analyzer/blob/main/docs/Rules/MA0002.md) [C:\Projects\Hazina\src\Core\AI\Hazina.AI.RAG\Hazina.AI.RAG.csproj::TargetFramework=net9.0]
C:\Projects\Hazina\src\Core\AI\Hazina.AI.RAG\Retrieval\RetrievalPipeline.cs(35,13): warning SA1503: Braces should not be omitted (https://github.com/DotNetAnalyzers/StyleCopAnalyzers/blob/master/documentation/SA1503.md) [C:\Projects\Hazina\src\Core\AI\Hazina.AI.RAG\Hazina.AI.RAG.csproj::TargetFramework=net9.0]
C:\Projects\Hazina\src\Core\AI\Hazina.AI.RAG\Retrieval\RetrievalPipeline.cs(32,9): warning SA1111: Closing parenthesis should be on line of last parameter (https://github.com/DotNetAnalyzers/StyleCopAnalyzers/blob/master/documentation/SA1111.md) [C:\Projects\Hazina\src\Core\AI\Hazina.AI.RAG\Hazina.AI.RAG.csproj::TargetFramework=net9.0]
C:\Projects\Hazina\src\Core\AI\Hazina.AI.RAG\Retrieval\RetrievalPipeline.cs(42,9): warning SA1111: Closing parenthesis should be on line of last parameter (https://github.com/DotNetAnalyzers/StyleCopAnalyzers/blob/master/documentation/SA1111.md) [C:\Projects\Hazina\src\Core\AI\Hazina.AI.RAG\Hazina.AI.RAG.csproj::TargetFramework=net9.0]
C:\Projects\Hazina\src\Core\AI\Hazina.AI.RAG\Core\RAGEngine.cs(217,62): warning SA1122: Use string.Empty for empty strings (https://github.com/DotNetAnalyzers/StyleCopAnalyzers/blob/master/documentation/SA1122.md) [C:\Projects\Hazina\src\Core\AI\Hazina.AI.RAG\Hazina.AI.RAG.csproj::TargetFramework=net9.0]
C:\Projects\Hazina\src\Core\AI\Hazina.AI.RAG\Retrieval\RetrievalPipeline.cs(27,26): warning MA0004: Use Task.ConfigureAwait(false) if the current SynchronizationContext is not needed (https://github.com/meziantou/Meziantou.Analyzer/blob/main/docs/Rules/MA0004.md) [C:\Projects\Hazina\src\Core\AI\Hazina.AI.RAG\Hazina.AI.RAG.csproj::TargetFramework=net9.0]
C:\Projects\Hazina\src\Core\AI\Hazina.AI.RAG\Retrieval\RetrievalPipeline.cs(37,24): warning MA0004: Use Task.ConfigureAwait(false) if the current SynchronizationContext is not needed (https://github.com/meziantou/Meziantou.Analyzer/blob/main/docs/Rules/MA0004.md) [C:\Projects\Hazina\src\Core\AI\Hazina.AI.RAG\Hazina.AI.RAG.csproj::TargetFramework=net9.0]
C:\Projects\Hazina\src\Core\AI\Hazina.AI.RAG\Core\RAGEngine.cs(218,26): warning CA1875: Use 'Regex.Count' instead of 'Regex.Matches(...).Count' (https://learn.microsoft.com/dotnet/fundamentals/code-analysis/quality-rules/ca1875) [C:\Projects\Hazina\src\Core\AI\Hazina.AI.RAG\Hazina.AI.RAG.csproj::TargetFramework=net9.0]
C:\Projects\Hazina\src\Core\AI\Hazina.AI.RAG\Core\RAGEngine.cs(218,26): warning MA0009: Regular expressions should not be vulnerable to Denial of Service attacks (https://github.com/meziantou/Meziantou.Analyzer/blob/main/docs/Rules/MA0009.md) [C:\Projects\Hazina\src\Core\AI\Hazina.AI.RAG\Hazina.AI.RAG.csproj::TargetFramework=net9.0]
C:\Projects\Hazina\src\Core\AI\Hazina.AI.RAG\Graph\Explainability\RetrievalTrace.cs(43,66): warning CA1062: In externally visible method 'string ExplainabilityService.GenerateExplanation(HybridRetrievalResult result)', validate parameter 'result' is non-null before using it. If appropriate, throw an 'ArgumentNullException' when the argument is 'null'. (https://learn.microsoft.com/dotnet/fundamentals/code-analysis/quality-rules/ca1062) [C:\Projects\Hazina\src\Core\AI\Hazina.AI.RAG\Hazina.AI.RAG.csproj::TargetFramework=net9.0]
C:\Projects\Hazina\src\Core\AI\Hazina.AI.RAG\Graph\Storage\SQLiteGraphStore.cs(245,9): warning MA0004: Use Task.ConfigureAwait(false) if the current SynchronizationContext is not needed (https://github.com/meziantou/Meziantou.Analyzer/blob/main/docs/Rules/MA0004.md) [C:\Projects\Hazina\src\Core\AI\Hazina.AI.RAG\Hazina.AI.RAG.csproj::TargetFramework=net9.0]
C:\Projects\Hazina\src\Core\AI\Hazina.AI.RAG\Graph\Storage\SQLiteGraphStore.cs(267,28): warning MA0004: Use Task.ConfigureAwait(false) if the current SynchronizationContext is not needed (https://github.com/meziantou/Meziantou.Analyzer/blob/main/docs/Rules/MA0004.md) [C:\Projects\Hazina\src\Core\AI\Hazina.AI.RAG\Hazina.AI.RAG.csproj::TargetFramework=net9.0]
C:\Projects\Hazina\src\Core\AI\Hazina.AI.RAG\Graph\Storage\SQLiteGraphStore.cs(268,16): warning MA0004: Use Task.ConfigureAwait(false) if the current SynchronizationContext is not needed (https://github.com/meziantou/Meziantou.Analyzer/blob/main/docs/Rules/MA0004.md) [C:\Projects\Hazina\src\Core\AI\Hazina.AI.RAG\Hazina.AI.RAG.csproj::TargetFramework=net9.0]
C:\Projects\Hazina\src\Core\AI\Hazina.AI.RAG\Graph\Storage\SQLiteGraphStore.cs(271,13): warning MA0004: Use Task.ConfigureAwait(false) if the current SynchronizationContext is not needed (https://github.com/meziantou/Meziantou.Analyzer/blob/main/docs/Rules/MA0004.md) [C:\Projects\Hazina\src\Core\AI\Hazina.AI.RAG\Hazina.AI.RAG.csproj::TargetFramework=net9.0]
C:\Projects\Hazina\src\Core\AI\Hazina.AI.RAG\Core\RAGEngine.cs(178,13): warning SA1503: Braces should not be omitted (https://github.com/DotNetAnalyzers/StyleCopAnalyzers/blob/master/documentation/SA1503.md) [C:\Projects\Hazina\src\Core\AI\Hazina.AI.RAG\Hazina.AI.RAG.csproj::TargetFramework=net9.0]
C:\Projects\Hazina\src\Core\AI\Hazina.AI.RAG\Core\RAGEngine.cs(189,9): warning SA1111: Closing parenthesis should be on line of last parameter (https://github.com/DotNetAnalyzers/StyleCopAnalyzers/blob/master/documentation/SA1111.md) [C:\Projects\Hazina\src\Core\AI\Hazina.AI.RAG\Hazina.AI.RAG.csproj::TargetFramework=net9.0]
C:\Projects\Hazina\src\Core\AI\Hazina.AI.RAG\Core\RAGEngine.cs(195,62): warning SA1122: Use string.Empty for empty strings (https://github.com/DotNetAnalyzers/StyleCopAnalyzers/blob/master/documentation/SA1122.md) [C:\Projects\Hazina\src\Core\AI\Hazina.AI.RAG\Hazina.AI.RAG.csproj::TargetFramework=net9.0]
C:\Projects\Hazina\src\Core\AI\Hazina.AI.RAG\Retrieval\VectorStoreRetriever.cs(48,9): warning SA1500: Braces for multi-line statements should not share line (https://github.com/DotNetAnalyzers/StyleCopAnalyzers/blob/master/documentation/SA1500.md) [C:\Projects\Hazina\src\Core\AI\Hazina.AI.RAG\Hazina.AI.RAG.csproj::TargetFramework=net9.0]
C:\Projects\Hazina\src\Core\AI\Hazina.AI.RAG\Retrieval\VectorStoreRetriever.cs(38,9): warning SA1111: Closing parenthesis should be on line of last parameter (https://github.com/DotNetAnalyzers/StyleCopAnalyzers/blob/master/documentation/SA1111.md) [C:\Projects\Hazina\src\Core\AI\Hazina.AI.RAG\Hazina.AI.RAG.csproj::TargetFramework=net9.0]
C:\Projects\Hazina\src\Core\AI\Hazina.AI.RAG\Core\RAGEngine.cs(184,23): warning MA0004: Use Task.ConfigureAwait(false) if the current SynchronizationContext is not needed (https://github.com/meziantou/Meziantou.Analyzer/blob/main/docs/Rules/MA0004.md) [C:\Projects\Hazina\src\Core\AI\Hazina.AI.RAG\Hazina.AI.RAG.csproj::TargetFramework=net9.0]
C:\Projects\Hazina\src\Core\AI\Hazina.AI.RAG\Retrieval\VectorStoreRetriever.cs(30,30): warning MA0004: Use Task.ConfigureAwait(false) if the current SynchronizationContext is not needed (https://github.com/meziantou/Meziantou.Analyzer/blob/main/docs/Rules/MA0004.md) [C:\Projects\Hazina\src\Core\AI\Hazina.AI.RAG\Hazina.AI.RAG.csproj::TargetFramework=net9.0]
C:\Projects\Hazina\src\Core\AI\Hazina.AI.RAG\Retrieval\VectorStoreRetriever.cs(33,23): warning MA0004: Use Task.ConfigureAwait(false) if the current SynchronizationContext is not needed (https://github.com/meziantou/Meziantou.Analyzer/blob/main/docs/Rules/MA0004.md) [C:\Projects\Hazina\src\Core\AI\Hazina.AI.RAG\Hazina.AI.RAG.csproj::TargetFramework=net9.0]
C:\Projects\Hazina\src\Core\AI\Hazina.AI.RAG\Core\RAGEngine.cs(197,24): warning MA0002: Use an overload that has a IEqualityComparer<string> or IComparer<string> parameter (https://github.com/meziantou/Meziantou.Analyzer/blob/main/docs/Rules/MA0002.md) [C:\Projects\Hazina\src\Core\AI\Hazina.AI.RAG\Hazina.AI.RAG.csproj::TargetFramework=net9.0]
C:\Projects\Hazina\src\Core\AI\Hazina.AI.RAG\Graph\Pipeline\LLMRelationshipExtractor.cs(92,13): warning CA1873: Evaluation of this argument may be expensive and unnecessary if logging is disabled (https://learn.microsoft.com/dotnet/fundamentals/code-analysis/quality-rules/ca1873) [C:\Projects\Hazina\src\Core\AI\Hazina.AI.RAG\Hazina.AI.RAG.csproj::TargetFramework=net9.0]
C:\Projects\Hazina\src\Core\AI\Hazina.AI.RAG\Graph\Pipeline\LLMRelationshipExtractor.cs(85,17): warning CA1848: For improved performance, use the LoggerMessage delegates instead of calling 'LoggerExtensions.LogWarning(ILogger, string?, params object?[])' (https://learn.microsoft.com/dotnet/fundamentals/code-analysis/quality-rules/ca1848) [C:\Projects\Hazina\src\Core\AI\Hazina.AI.RAG\Hazina.AI.RAG.csproj::TargetFramework=net9.0]
C:\Projects\Hazina\src\Core\AI\Hazina.AI.RAG\Graph\Pipeline\LLMRelationshipExtractor.cs(92,13): warning CA1848: For improved performance, use the LoggerMessage delegates instead of calling 'LoggerExtensions.LogInformation(ILogger, string?, params object?[])' (https://learn.microsoft.com/dotnet/fundamentals/code-analysis/quality-rules/ca1848) [C:\Projects\Hazina\src\Core\AI\Hazina.AI.RAG\Hazina.AI.RAG.csproj::TargetFramework=net9.0]
C:\Projects\Hazina\src\Core\AI\Hazina.AI.RAG\Graph\Pipeline\LLMRelationshipExtractor.cs(98,13): warning CA1848: For improved performance, use the LoggerMessage delegates instead of calling 'LoggerExtensions.LogError(ILogger, Exception?, string?, params object?[])' (https://learn.microsoft.com/dotnet/fundamentals/code-analysis/quality-rules/ca1848) [C:\Projects\Hazina\src\Core\AI\Hazina.AI.RAG\Hazina.AI.RAG.csproj::TargetFramework=net9.0]
C:\Projects\Hazina\src\Core\AI\Hazina.AI.RAG\Graph\Pipeline\LLMRelationshipExtractor.cs(70,17): warning CA1305: The behavior of 'StringBuilder.AppendLine(ref StringBuilder.AppendInterpolatedStringHandler)' could vary based on the current user's locale settings. Replace this call in 'LLMRelationshipExtractor.ExtractRelationshipsAsync(string, List<GraphEntity>, [string], [CancellationToken])' with a call to 'StringBuilder.AppendLine(IFormatProvider, ref StringBuilder.AppendInterpolatedStringHandler)'. (https://learn.microsoft.com/dotnet/fundamentals/code-analysis/quality-rules/ca1305) [C:\Projects\Hazina\src\Core\AI\Hazina.AI.RAG\Hazina.AI.RAG.csproj::TargetFramework=net9.0]
C:\Projects\Hazina\src\Core\AI\Hazina.AI.RAG\Graph\Pipeline\LLMRelationshipExtractor.cs(73,26): warning CA1307: 'string.Replace(string, string?)' has a method overload that takes a 'StringComparison' parameter. Replace this call in 'Hazina.AI.RAG.Graph.Pipeline.LLMRelationshipExtractor.ExtractRelationshipsAsync(string, System.Collections.Generic.List<Hazina.AI.RAG.Graph.Models.GraphEntity>, string?, System.Threading.CancellationToken)' with a call to 'string.Replace(string, string?, System.StringComparison)' for clarity of intent. (https://learn.microsoft.com/dotnet/fundamentals/code-analysis/quality-rules/ca1307) [C:\Projects\Hazina\src\Core\AI\Hazina.AI.RAG\Hazina.AI.RAG.csproj::TargetFramework=net9.0]
C:\Projects\Hazina\src\Core\AI\Hazina.AI.RAG\Graph\Pipeline\LLMRelationshipExtractor.cs(73,26): warning CA1307: 'string.Replace(string, string?)' has a method overload that takes a 'StringComparison' parameter. Replace this call in 'Hazina.AI.RAG.Graph.Pipeline.LLMRelationshipExtractor.ExtractRelationshipsAsync(string, System.Collections.Generic.List<Hazina.AI.RAG.Graph.Models.GraphEntity>, string?, System.Threading.CancellationToken)' with a call to 'string.Replace(string, string?, System.StringComparison)' for clarity of intent. (https://learn.microsoft.com/dotnet/fundamentals/code-analysis/quality-rules/ca1307) [C:\Projects\Hazina\src\Core\AI\Hazina.AI.RAG\Hazina.AI.RAG.csproj::TargetFramework=net9.0]
C:\Projects\Hazina\src\Core\AI\Hazina.AI.RAG\Retrieval\Reranker.cs(73,54): warning SA1629: Documentation text should end with a period (https://github.com/DotNetAnalyzers/StyleCopAnalyzers/blob/master/documentation/SA1629.md) [C:\Projects\Hazina\src\Core\AI\Hazina.AI.RAG\Hazina.AI.RAG.csproj::TargetFramework=net9.0]
C:\Projects\Hazina\src\Core\AI\Hazina.AI.RAG\Retrieval\Reranker.cs(81,13): warning SA1503: Braces should not be omitted (https://github.com/DotNetAnalyzers/StyleCopAnalyzers/blob/master/documentation/SA1503.md) [C:\Projects\Hazina\src\Core\AI\Hazina.AI.RAG\Hazina.AI.RAG.csproj::TargetFramework=net9.0]
C:\Projects\Hazina\src\Core\AI\Hazina.AI.RAG\Retrieval\Reranker.cs(83,59): warning SA1316: Tuple element names should use correct casing (https://github.com/DotNetAnalyzers/StyleCopAnalyzers/blob/master/documentation/SA1316.md) [C:\Projects\Hazina\src\Core\AI\Hazina.AI.RAG\Hazina.AI.RAG.csproj::TargetFramework=net9.0]
C:\Projects\Hazina\src\Core\AI\Hazina.AI.RAG\Retrieval\Reranker.cs(83,71): warning SA1316: Tuple element names should use correct casing (https://github.com/DotNetAnalyzers/StyleCopAnalyzers/blob/master/documentation/SA1316.md) [C:\Projects\Hazina\src\Core\AI\Hazina.AI.RAG\Hazina.AI.RAG.csproj::TargetFramework=net9.0]
C:\Projects\Hazina\src\Core\AI\Hazina.AI.RAG\Retrieval\LlmJudgeReranker.cs(30,13): warning SA1503: Braces should not be omitted (https://github.com/DotNetAnalyzers/StyleCopAnalyzers/blob/master/documentation/SA1503.md) [C:\Projects\Hazina\src\Core\AI\Hazina.AI.RAG\Hazina.AI.RAG.csproj::TargetFramework=net9.0]
C:\Projects\Hazina\src\Core\AI\Hazina.AI.RAG\Retrieval\LlmJudgeReranker.cs(32,62): warning SA1316: Tuple element names should use correct casing (https://github.com/DotNetAnalyzers/StyleCopAnalyzers/blob/master/documentation/SA1316.md) [C:\Projects\Hazina\src\Core\AI\Hazina.AI.RAG\Hazina.AI.RAG.csproj::TargetFramework=net9.0]
C:\Projects\Hazina\src\Core\AI\Hazina.AI.RAG\Retrieval\LlmJudgeReranker.cs(32,80): warning SA1316: Tuple element names should use correct casing (https://github.com/DotNetAnalyzers/StyleCopAnalyzers/blob/master/documentation/SA1316.md) [C:\Projects\Hazina\src\Core\AI\Hazina.AI.RAG\Hazina.AI.RAG.csproj::TargetFramework=net9.0]
C:\Projects\Hazina\src\Core\AI\Hazina.AI.RAG\Graph\Pipeline\LLMRelationshipExtractor.cs(77,28): warning MA0004: Use Task.ConfigureAwait(false) if the current SynchronizationContext is not needed (https://github.com/meziantou/Meziantou.Analyzer/blob/main/docs/Rules/MA0004.md) [C:\Projects\Hazina\src\Core\AI\Hazina.AI.RAG\Hazina.AI.RAG.csproj::TargetFramework=net9.0]
C:\Projects\Hazina\src\Core\AI\Hazina.AI.RAG\Extensions\DocumentStoreSemanticExtensions.cs(48,9): warning MA0016: Prefer using collection abstraction instead of implementation (https://github.com/meziantou/Meziantou.Analyzer/blob/main/docs/Rules/MA0016.md) [C:\Projects\Hazina\src\Core\AI\Hazina.AI.RAG\Hazina.AI.RAG.csproj::TargetFramework=net9.0]
C:\Projects\Hazina\src\Core\AI\Hazina.AI.RAG\Extensions\DocumentStoreSemanticExtensions.cs(41,36): warning MA0051: Method is too long (82 lines; maximum allowed: 60) (https://github.com/meziantou/Meziantou.Analyzer/blob/main/docs/Rules/MA0051.md) [C:\Projects\Hazina\src\Core\AI\Hazina.AI.RAG\Hazina.AI.RAG.csproj::TargetFramework=net9.0]
C:\Projects\Hazina\src\Core\AI\Hazina.AI.RAG\Embeddings\HierarchicalChunker.cs(35,27): warning CA1062: In externally visible method 'Task<List<TextChunk>> HierarchicalChunker.ChunkAsync(string text, SemanticChunkingOptions options, CancellationToken ct = default(CancellationToken))', validate parameter 'options' is non-null before using it. If appropriate, throw an 'ArgumentNullException' when the argument is 'null'. (https://learn.microsoft.com/dotnet/fundamentals/code-analysis/quality-rules/ca1062) [C:\Projects\Hazina\src\Core\AI\Hazina.AI.RAG\Hazina.AI.RAG.csproj::TargetFramework=net9.0]
C:\Projects\Hazina\src\Core\AI\Hazina.AI.RAG\Retrieval\Reranker.cs(87,28): warning MA0004: Use Task.ConfigureAwait(false) if the current SynchronizationContext is not needed (https://github.com/meziantou/Meziantou.Analyzer/blob/main/docs/Rules/MA0004.md) [C:\Projects\Hazina\src\Core\AI\Hazina.AI.RAG\Hazina.AI.RAG.csproj::TargetFramework=net9.0]
C:\Projects\Hazina\src\Core\AI\Hazina.AI.RAG\Retrieval\LlmJudgeReranker.cs(36,34): warning MA0004: Use Task.ConfigureAwait(false) if the current SynchronizationContext is not needed (https://github.com/meziantou/Meziantou.Analyzer/blob/main/docs/Rules/MA0004.md) [C:\Projects\Hazina\src\Core\AI\Hazina.AI.RAG\Hazina.AI.RAG.csproj::TargetFramework=net9.0]
C:\Projects\Hazina\src\Core\AI\Hazina.AI.RAG\Core\RAGEngine.cs(228,24): warning CA1002: Change 'List<Document>' in 'RAGEngine.IndexDocumentsAsync(List<Document>, [CancellationToken])' to use 'Collection<T>', 'ReadOnlyCollection<T>' or 'KeyedCollection<K,V>' (https://learn.microsoft.com/dotnet/fundamentals/code-analysis/quality-rules/ca1002) [C:\Projects\Hazina\src\Core\AI\Hazina.AI.RAG\Hazina.AI.RAG.csproj::TargetFramework=net9.0]
C:\Projects\Hazina\src\Core\AI\Hazina.AI.RAG\Core\RAGEngine.cs(228,9): warning MA0016: Prefer using collection abstraction instead of implementation (https://github.com/meziantou/Meziantou.Analyzer/blob/main/docs/Rules/MA0016.md) [C:\Projects\Hazina\src\Core\AI\Hazina.AI.RAG\Hazina.AI.RAG.csproj::TargetFramework=net9.0]
C:\Projects\Hazina\src\Core\AI\Hazina.AI.RAG\Retrieval\Reranker.cs(99,43): warning SA1629: Documentation text should end with a period (https://github.com/DotNetAnalyzers/StyleCopAnalyzers/blob/master/documentation/SA1629.md) [C:\Projects\Hazina\src\Core\AI\Hazina.AI.RAG\Hazina.AI.RAG.csproj::TargetFramework=net9.0]
C:\Projects\Hazina\src\Core\AI\Hazina.AI.RAG\Retrieval\Reranker.cs(107,13): warning SA1503: Braces should not be omitted (https://github.com/DotNetAnalyzers/StyleCopAnalyzers/blob/master/documentation/SA1503.md) [C:\Projects\Hazina\src\Core\AI\Hazina.AI.RAG\Hazina.AI.RAG.csproj::TargetFramework=net9.0]
C:\Projects\Hazina\src\Core\AI\Hazina.AI.RAG\Retrieval\Reranker.cs(140,13): warning SA1111: Closing parenthesis should be on line of last parameter (https://github.com/DotNetAnalyzers/StyleCopAnalyzers/blob/master/documentation/SA1111.md) [C:\Projects\Hazina\src\Core\AI\Hazina.AI.RAG\Hazina.AI.RAG.csproj::TargetFramework=net9.0]
C:\Projects\Hazina\src\Core\AI\Hazina.AI.RAG\Graph\Pipeline\LLMRelationshipExtractor.cs(96,9): warning CA1031: Modify 'ExtractRelationshipsAsync' to catch a more specific allowed exception type, or rethrow the exception (https://learn.microsoft.com/dotnet/fundamentals/code-analysis/quality-rules/ca1031) [C:\Projects\Hazina\src\Core\AI\Hazina.AI.RAG\Hazina.AI.RAG.csproj::TargetFramework=net9.0]
C:\Projects\Hazina\src\Core\AI\Hazina.AI.RAG\Utilities\SentenceSplitter.cs(97,55): warning SA1629: Documentation text should end with a period (https://github.com/DotNetAnalyzers/StyleCopAnalyzers/blob/master/documentation/SA1629.md) [C:\Projects\Hazina\src\Core\AI\Hazina.AI.RAG\Hazina.AI.RAG.csproj::TargetFramework=net9.0]
C:\Projects\Hazina\src\Core\AI\Hazina.AI.RAG\Utilities\SentenceSplitter.cs(102,32): warning SA1503: Braces should not be omitted (https://github.com/DotNetAnalyzers/StyleCopAnalyzers/blob/master/documentation/SA1503.md) [C:\Projects\Hazina\src\Core\AI\Hazina.AI.RAG\Hazina.AI.RAG.csproj::TargetFramework=net9.0]
C:\Projects\Hazina\src\Core\AI\Hazina.AI.RAG\Utilities\SentenceSplitter.cs(104,47): warning CA1311: Specify a culture or use an invariant version to avoid implicit dependency on current culture (https://learn.microsoft.com/dotnet/fundamentals/code-analysis/quality-rules/ca1311) [C:\Projects\Hazina\src\Core\AI\Hazina.AI.RAG\Hazina.AI.RAG.csproj::TargetFramework=net9.0]
C:\Projects\Hazina\src\Core\AI\Hazina.AI.RAG\Utilities\SentenceSplitter.cs(104,24): warning CA1304: The behavior of 'string.ToLower()' could vary based on the current user's locale settings. Replace this call in 'SentenceSplitter.EndsWithAbbreviation(string)' with a call to 'string.ToLower(CultureInfo)'. (https://learn.microsoft.com/dotnet/fundamentals/code-analysis/quality-rules/ca1304) [C:\Projects\Hazina\src\Core\AI\Hazina.AI.RAG\Hazina.AI.RAG.csproj::TargetFramework=net9.0]
C:\Projects\Hazina\src\Core\AI\Hazina.AI.RAG\Retrieval\Reranker.cs(134,28): warning MA0004: Use Task.ConfigureAwait(false) if the current SynchronizationContext is not needed (https://github.com/meziantou/Meziantou.Analyzer/blob/main/docs/Rules/MA0004.md) [C:\Projects\Hazina\src\Core\AI\Hazina.AI.RAG\Hazina.AI.RAG.csproj::TargetFramework=net9.0]
C:\Projects\Hazina\src\Core\AI\Hazina.AI.RAG\Retrieval\Reranker.cs(142,17): warning MA0011: Use an overload of 'TryParse' that has a 'System.IFormatProvider' parameter (https://github.com/meziantou/Meziantou.Analyzer/blob/main/docs/Rules/MA0011.md) [C:\Projects\Hazina\src\Core\AI\Hazina.AI.RAG\Hazina.AI.RAG.csproj::TargetFramework=net9.0]
C:\Projects\Hazina\src\Core\AI\Hazina.AI.RAG\Utilities\SentenceSplitter.cs(104,24): warning MA0011: Use an overload of 'ToLower' that has a 'System.Globalization.CultureInfo' parameter (https://github.com/meziantou/Meziantou.Analyzer/blob/main/docs/Rules/MA0011.md) [C:\Projects\Hazina\src\Core\AI\Hazina.AI.RAG\Hazina.AI.RAG.csproj::TargetFramework=net9.0]
C:\Projects\Hazina\src\Core\AI\Hazina.AI.RAG\Retrieval\Reranker.cs(147,9): warning CA1031: Modify 'ScoreRelevanceAsync' to catch a more specific allowed exception type, or rethrow the exception (https://learn.microsoft.com/dotnet/fundamentals/code-analysis/quality-rules/ca1031) [C:\Projects\Hazina\src\Core\AI\Hazina.AI.RAG\Hazina.AI.RAG.csproj::TargetFramework=net9.0]
C:\Projects\Hazina\src\Core\AI\Hazina.AI.RAG\Embeddings\ContentTypeDetector.cs(64,31): warning SA1629: Documentation text should end with a period (https://github.com/DotNetAnalyzers/StyleCopAnalyzers/blob/master/documentation/SA1629.md) [C:\Projects\Hazina\src\Core\AI\Hazina.AI.RAG\Hazina.AI.RAG.csproj::TargetFramework=net9.0]
C:\Projects\Hazina\src\Core\AI\Hazina.AI.RAG\Embeddings\ContentTypeDetector.cs(72,13): warning SA1503: Braces should not be omitted (https://github.com/DotNetAnalyzers/StyleCopAnalyzers/blob/master/documentation/SA1503.md) [C:\Projects\Hazina\src\Core\AI\Hazina.AI.RAG\Hazina.AI.RAG.csproj::TargetFramework=net9.0]
C:\Projects\Hazina\src\Core\AI\Hazina.AI.RAG\Embeddings\ContentTypeDetector.cs(76,13): warning SA1503: Braces should not be omitted (https://github.com/DotNetAnalyzers/StyleCopAnalyzers/blob/master/documentation/SA1503.md) [C:\Projects\Hazina\src\Core\AI\Hazina.AI.RAG\Hazina.AI.RAG.csproj::TargetFramework=net9.0]
C:\Projects\Hazina\src\Core\AI\Hazina.AI.RAG\Embeddings\ContentTypeDetector.cs(80,13): warning SA1503: Braces should not be omitted (https://github.com/DotNetAnalyzers/StyleCopAnalyzers/blob/master/documentation/SA1503.md) [C:\Projects\Hazina\src\Core\AI\Hazina.AI.RAG\Hazina.AI.RAG.csproj::TargetFramework=net9.0]
C:\Projects\Hazina\src\Core\AI\Hazina.AI.RAG\Embeddings\ContentTypeDetector.cs(83,30): warning CA1875: Use 'Regex.Count' instead of 'Regex.Matches(...).Count' (https://learn.microsoft.com/dotnet/fundamentals/code-analysis/quality-rules/ca1875) [C:\Projects\Hazina\src\Core\AI\Hazina.AI.RAG\Hazina.AI.RAG.csproj::TargetFramework=net9.0]
C:\Projects\Hazina\src\Core\AI\Hazina.AI.RAG\Embeddings\ContentTypeDetector.cs(71,13): warning MA0009: Regular expressions should not be vulnerable to Denial of Service attacks (https://github.com/meziantou/Meziantou.Analyzer/blob/main/docs/Rules/MA0009.md) [C:\Projects\Hazina\src\Core\AI\Hazina.AI.RAG\Hazina.AI.RAG.csproj::TargetFramework=net9.0]
C:\Projects\Hazina\src\Core\AI\Hazina.AI.RAG\Embeddings\ContentTypeDetector.cs(75,13): warning MA0009: Regular expressions should not be vulnerable to Denial of Service attacks (https://github.com/meziantou/Meziantou.Analyzer/blob/main/docs/Rules/MA0009.md) [C:\Projects\Hazina\src\Core\AI\Hazina.AI.RAG\Hazina.AI.RAG.csproj::TargetFramework=net9.0]
C:\Projects\Hazina\src\Core\AI\Hazina.AI.RAG\Embeddings\ContentTypeDetector.cs(79,13): warning MA0009: Regular expressions should not be vulnerable to Denial of Service attacks (https://github.com/meziantou/Meziantou.Analyzer/blob/main/docs/Rules/MA0009.md) [C:\Projects\Hazina\src\Core\AI\Hazina.AI.RAG\Hazina.AI.RAG.csproj::TargetFramework=net9.0]
C:\Projects\Hazina\src\Core\AI\Hazina.AI.RAG\Embeddings\ContentTypeDetector.cs(83,30): warning MA0009: Regular expressions should not be vulnerable to Denial of Service attacks (https://github.com/meziantou/Meziantou.Analyzer/blob/main/docs/Rules/MA0009.md) [C:\Projects\Hazina\src\Core\AI\Hazina.AI.RAG\Hazina.AI.RAG.csproj::TargetFramework=net9.0]
C:\Projects\Hazina\src\Core\AI\Hazina.AI.RAG\Core\RAGEngine.cs(225,38): warning SA1629: Documentation text should end with a period (https://github.com/DotNetAnalyzers/StyleCopAnalyzers/blob/master/documentation/SA1629.md) [C:\Projects\Hazina\src\Core\AI\Hazina.AI.RAG\Hazina.AI.RAG.csproj::TargetFramework=net9.0]
C:\Projects\Hazina\src\Core\AI\Hazina.AI.RAG\Core\RAGEngine.cs(255,17): warning SA1111: Closing parenthesis should be on line of last parameter (https://github.com/DotNetAnalyzers/StyleCopAnalyzers/blob/master/documentation/SA1111.md) [C:\Projects\Hazina\src\Core\AI\Hazina.AI.RAG\Hazina.AI.RAG.csproj::TargetFramework=net9.0]
C:\Projects\Hazina\src\Core\AI\Hazina.AI.RAG\Core\RAGEngine.cs(242,33): warning MA0004: Use Task.ConfigureAwait(false) if the current SynchronizationContext is not needed (https://github.com/meziantou/Meziantou.Analyzer/blob/main/docs/Rules/MA0004.md) [C:\Projects\Hazina\src\Core\AI\Hazina.AI.RAG\Hazina.AI.RAG.csproj::TargetFramework=net9.0]
C:\Projects\Hazina\src\Core\AI\Hazina.AI.RAG\Core\RAGEngine.cs(245,17): warning MA0004: Use Task.ConfigureAwait(false) if the current SynchronizationContext is not needed (https://github.com/meziantou/Meziantou.Analyzer/blob/main/docs/Rules/MA0004.md) [C:\Projects\Hazina\src\Core\AI\Hazina.AI.RAG\Hazina.AI.RAG.csproj::TargetFramework=net9.0]
C:\Projects\Hazina\src\Core\AI\Hazina.AI.RAG\Core\RAGEngine.cs(248,21): warning MA0002: Use an overload that has a IEqualityComparer<string> or IComparer<string> parameter (https://github.com/meziantou/Meziantou.Analyzer/blob/main/docs/Rules/MA0002.md) [C:\Projects\Hazina\src\Core\AI\Hazina.AI.RAG\Hazina.AI.RAG.csproj::TargetFramework=net9.0]
C:\Projects\Hazina\src\Core\AI\Hazina.AI.RAG\Extensions\DocumentStoreSemanticExtensions.cs(30,49): warning SA1629: Documentation text should end with a period (https://github.com/DotNetAnalyzers/StyleCopAnalyzers/blob/master/documentation/SA1629.md) [C:\Projects\Hazina\src\Core\AI\Hazina.AI.RAG\Hazina.AI.RAG.csproj::TargetFramework=net9.0]
C:\Projects\Hazina\src\Core\AI\Hazina.AI.RAG\Extensions\DocumentStoreSemanticExtensions.cs(32,55): warning SA1629: Documentation text should end with a period (https://github.com/DotNetAnalyzers/StyleCopAnalyzers/blob/master/documentation/SA1629.md) [C:\Projects\Hazina\src\Core\AI\Hazina.AI.RAG\Hazina.AI.RAG.csproj::TargetFramework=net9.0]
C:\Projects\Hazina\src\Core\AI\Hazina.AI.RAG\Extensions\DocumentStoreSemanticExtensions.cs(33,45): warning SA1629: Documentation text should end with a period (https://github.com/DotNetAnalyzers/StyleCopAnalyzers/blob/master/documentation/SA1629.md) [C:\Projects\Hazina\src\Core\AI\Hazina.AI.RAG\Hazina.AI.RAG.csproj::TargetFramework=net9.0]
C:\Projects\Hazina\src\Core\AI\Hazina.AI.RAG\Extensions\DocumentStoreSemanticExtensions.cs(34,47): warning SA1629: Documentation text should end with a period (https://github.com/DotNetAnalyzers/StyleCopAnalyzers/blob/master/documentation/SA1629.md) [C:\Projects\Hazina\src\Core\AI\Hazina.AI.RAG\Hazina.AI.RAG.csproj::TargetFramework=net9.0]
C:\Projects\Hazina\src\Core\AI\Hazina.AI.RAG\Extensions\DocumentStoreSemanticExtensions.cs(35,83): warning SA1629: Documentation text should end with a period (https://github.com/DotNetAnalyzers/StyleCopAnalyzers/blob/master/documentation/SA1629.md) [C:\Projects\Hazina\src\Core\AI\Hazina.AI.RAG\Hazina.AI.RAG.csproj::TargetFramework=net9.0]
C:\Projects\Hazina\src\Core\AI\Hazina.AI.RAG\Extensions\DocumentStoreSemanticExtensions.cs(36,97): warning SA1629: Documentation text should end with a period (https://github.com/DotNetAnalyzers/StyleCopAnalyzers/blob/master/documentation/SA1629.md) [C:\Projects\Hazina\src\Core\AI\Hazina.AI.RAG\Hazina.AI.RAG.csproj::TargetFramework=net9.0]
C:\Projects\Hazina\src\Core\AI\Hazina.AI.RAG\Extensions\DocumentStoreSemanticExtensions.cs(37,78): warning SA1629: Documentation text should end with a period (https://github.com/DotNetAnalyzers/StyleCopAnalyzers/blob/master/documentation/SA1629.md) [C:\Projects\Hazina\src\Core\AI\Hazina.AI.RAG\Hazina.AI.RAG.csproj::TargetFramework=net9.0]
C:\Projects\Hazina\src\Core\AI\Hazina.AI.RAG\Extensions\DocumentStoreSemanticExtensions.cs(38,49): warning SA1629: Documentation text should end with a period (https://github.com/DotNetAnalyzers/StyleCopAnalyzers/blob/master/documentation/SA1629.md) [C:\Projects\Hazina\src\Core\AI\Hazina.AI.RAG\Hazina.AI.RAG.csproj::TargetFramework=net9.0]
C:\Projects\Hazina\src\Core\AI\Hazina.AI.RAG\Extensions\DocumentStoreSemanticExtensions.cs(39,44): warning SA1629: Documentation text should end with a period (https://github.com/DotNetAnalyzers/StyleCopAnalyzers/blob/master/documentation/SA1629.md) [C:\Projects\Hazina\src\Core\AI\Hazina.AI.RAG\Hazina.AI.RAG.csproj::TargetFramework=net9.0]
C:\Projects\Hazina\src\Core\AI\Hazina.AI.RAG\Extensions\DocumentStoreSemanticExtensions.cs(40,36): warning SA1629: Documentation text should end with a period (https://github.com/DotNetAnalyzers/StyleCopAnalyzers/blob/master/documentation/SA1629.md) [C:\Projects\Hazina\src\Core\AI\Hazina.AI.RAG\Hazina.AI.RAG.csproj::TargetFramework=net9.0]
C:\Projects\Hazina\src\Core\AI\Hazina.AI.RAG\Extensions\DocumentStoreSemanticExtensions.cs(73,9): warning SA1111: Closing parenthesis should be on line of last parameter (https://github.com/DotNetAnalyzers/StyleCopAnalyzers/blob/master/documentation/SA1111.md) [C:\Projects\Hazina\src\Core\AI\Hazina.AI.RAG\Hazina.AI.RAG.csproj::TargetFramework=net9.0]
C:\Projects\Hazina\src\Core\AI\Hazina.AI.RAG\Extensions\DocumentStoreSemanticExtensions.cs(109,13): warning SA1111: Closing parenthesis should be on line of last parameter (https://github.com/DotNetAnalyzers/StyleCopAnalyzers/blob/master/documentation/SA1111.md) [C:\Projects\Hazina\src\Core\AI\Hazina.AI.RAG\Hazina.AI.RAG.csproj::TargetFramework=net9.0]
C:\Projects\Hazina\src\Core\AI\Hazina.AI.RAG\Extensions\DocumentStoreSemanticExtensions.cs(125,17): warning SA1111: Closing parenthesis should be on line of last parameter (https://github.com/DotNetAnalyzers/StyleCopAnalyzers/blob/master/documentation/SA1111.md) [C:\Projects\Hazina\src\Core\AI\Hazina.AI.RAG\Hazina.AI.RAG.csproj::TargetFramework=net9.0]
C:\Projects\Hazina\src\Core\AI\Hazina.AI.RAG\Extensions\DocumentStoreSemanticExtensions.cs(79,28): warning SA1122: Use string.Empty for empty strings (https://github.com/DotNetAnalyzers/StyleCopAnalyzers/blob/master/documentation/SA1122.md) [C:\Projects\Hazina\src\Core\AI\Hazina.AI.RAG\Hazina.AI.RAG.csproj::TargetFramework=net9.0]
C:\Projects\Hazina\src\Core\AI\Hazina.AI.RAG\Graph\Storage\SQLiteGraphStore.cs(259,9): warning CA2100: Review if the query string passed to 'string SqliteCommand.CommandText' in 'SearchEntitiesByNameAsync', accepts any user input (https://learn.microsoft.com/dotnet/fundamentals/code-analysis/quality-rules/ca2100) [C:\Projects\Hazina\src\Core\AI\Hazina.AI.RAG\Hazina.AI.RAG.csproj::TargetFramework=net9.0]
C:\Projects\Hazina\src\Core\AI\Hazina.AI.RAG\Retrieval\Reranker.cs(158,36): warning CA1002: Change 'List<RetrievedDocument>' in 'Reranker.FilterByRelevance(List<RetrievedDocument>, double)' to use 'Collection<T>', 'ReadOnlyCollection<T>' or 'KeyedCollection<K,V>' (https://learn.microsoft.com/dotnet/fundamentals/code-analysis/quality-rules/ca1002) [C:\Projects\Hazina\src\Core\AI\Hazina.AI.RAG\Hazina.AI.RAG.csproj::TargetFramework=net9.0]
C:\Projects\Hazina\src\Core\AI\Hazina.AI.RAG\Retrieval\Reranker.cs(159,33): warning CA1002: Change 'List<RetrievedDocument>' in 'Reranker.FilterByRelevance(List<RetrievedDocument>, double)' to use 'Collection<T>', 'ReadOnlyCollection<T>' or 'KeyedCollection<K,V>' (https://learn.microsoft.com/dotnet/fundamentals/code-analysis/quality-rules/ca1002) [C:\Projects\Hazina\src\Core\AI\Hazina.AI.RAG\Hazina.AI.RAG.csproj::TargetFramework=net9.0]
C:\Projects\Hazina\src\Core\AI\Hazina.AI.RAG\Retrieval\Reranker.cs(158,12): warning MA0016: Prefer using collection abstraction instead of implementation (https://github.com/meziantou/Meziantou.Analyzer/blob/main/docs/Rules/MA0016.md) [C:\Projects\Hazina\src\Core\AI\Hazina.AI.RAG\Hazina.AI.RAG.csproj::TargetFramework=net9.0]
C:\Projects\Hazina\src\Core\AI\Hazina.AI.RAG\Retrieval\Reranker.cs(159,9): warning MA0016: Prefer using collection abstraction instead of implementation (https://github.com/meziantou/Meziantou.Analyzer/blob/main/docs/Rules/MA0016.md) [C:\Projects\Hazina\src\Core\AI\Hazina.AI.RAG\Hazina.AI.RAG.csproj::TargetFramework=net9.0]
C:\Projects\Hazina\src\Core\AI\Hazina.AI.RAG\Graph\Storage\SQLiteGraphStore.cs(146,37): warning S6966: Await BeginTransactionAsync instead. (https://rules.sonarsource.com/csharp/RSPEC-6966) [C:\Projects\Hazina\src\Core\AI\Hazina.AI.RAG\Hazina.AI.RAG.csproj::TargetFramework=net9.0]
C:\Projects\Hazina\src\Core\AI\Hazina.AI.RAG\Core\RAGEngine.cs(259,13): warning CA1031: Modify 'IndexDocumentsAsync' to catch a more specific allowed exception type, or rethrow the exception (https://learn.microsoft.com/dotnet/fundamentals/code-analysis/quality-rules/ca1031) [C:\Projects\Hazina\src\Core\AI\Hazina.AI.RAG\Hazina.AI.RAG.csproj::TargetFramework=net9.0]
C:\Projects\Hazina\src\Core\AI\Hazina.AI.RAG\Extensions\DocumentStoreSemanticExtensions.cs(64,22): warning MA0004: Use Task.ConfigureAwait(false) if the current SynchronizationContext is not needed (https://github.com/meziantou/Meziantou.Analyzer/blob/main/docs/Rules/MA0004.md) [C:\Projects\Hazina\src\Core\AI\Hazina.AI.RAG\Hazina.AI.RAG.csproj::TargetFramework=net9.0]
C:\Projects\Hazina\src\Core\AI\Hazina.AI.RAG\Retrieval\Reranker.cs(158,36): warning S2325: Make 'FilterByRelevance' a static method. (https://rules.sonarsource.com/csharp/RSPEC-2325) [C:\Projects\Hazina\src\Core\AI\Hazina.AI.RAG\Hazina.AI.RAG.csproj::TargetFramework=net9.0]
C:\Projects\Hazina\src\Core\AI\Hazina.AI.RAG\Retrieval\LlmJudgeReranker.cs(29,13): warning CA1062: In externally visible method 'Task<List<IRetrievalCandidate>> LlmJudgeReranker.RerankAsync(string query, List<IRetrievalCandidate> candidates, int topN = 5, CancellationToken cancellationToken = default(CancellationToken))', validate parameter 'candidates' is non-null before using it. If appropriate, throw an 'ArgumentNullException' when the argument is 'null'. (https://learn.microsoft.com/dotnet/fundamentals/code-analysis/quality-rules/ca1062) [C:\Projects\Hazina\src\Core\AI\Hazina.AI.RAG\Hazina.AI.RAG.csproj::TargetFramework=net9.0]
C:\Projects\Hazina\src\Core\AI\Hazina.AI.RAG\Extensions\DocumentStoreSemanticExtensions.cs(87,9): warning MA0004: Use Task.ConfigureAwait(false) if the current SynchronizationContext is not needed (https://github.com/meziantou/Meziantou.Analyzer/blob/main/docs/Rules/MA0004.md) [C:\Projects\Hazina\src\Core\AI\Hazina.AI.RAG\Hazina.AI.RAG.csproj::TargetFramework=net9.0]
C:\Projects\Hazina\src\Core\AI\Hazina.AI.RAG\Extensions\DocumentStoreSemanticExtensions.cs(94,9): warning MA0004: Use Task.ConfigureAwait(false) if the current SynchronizationContext is not needed (https://github.com/meziantou/Meziantou.Analyzer/blob/main/docs/Rules/MA0004.md) [C:\Projects\Hazina\src\Core\AI\Hazina.AI.RAG\Hazina.AI.RAG.csproj::TargetFramework=net9.0]
C:\Projects\Hazina\src\Core\AI\Hazina.AI.RAG\Extensions\DocumentStoreSemanticExtensions.cs(95,9): warning MA0004: Use Task.ConfigureAwait(false) if the current SynchronizationContext is not needed (https://github.com/meziantou/Meziantou.Analyzer/blob/main/docs/Rules/MA0004.md) [C:\Projects\Hazina\src\Core\AI\Hazina.AI.RAG\Hazina.AI.RAG.csproj::TargetFramework=net9.0]
C:\Projects\Hazina\src\Core\AI\Hazina.AI.RAG\Extensions\DocumentStoreSemanticExtensions.cs(102,13): warning MA0004: Use Task.ConfigureAwait(false) if the current SynchronizationContext is not needed (https://github.com/meziantou/Meziantou.Analyzer/blob/main/docs/Rules/MA0004.md) [C:\Projects\Hazina\src\Core\AI\Hazina.AI.RAG\Hazina.AI.RAG.csproj::TargetFramework=net9.0]
C:\Projects\Hazina\src\Core\AI\Hazina.AI.RAG\Extensions\DocumentStoreSemanticExtensions.cs(118,17): warning MA0004: Use Task.ConfigureAwait(false) if the current SynchronizationContext is not needed (https://github.com/meziantou/Meziantou.Analyzer/blob/main/docs/Rules/MA0004.md) [C:\Projects\Hazina\src\Core\AI\Hazina.AI.RAG\Hazina.AI.RAG.csproj::TargetFramework=net9.0]
C:\Projects\Hazina\src\Core\AI\Hazina.AI.RAG\Extensions\DocumentStoreSemanticExtensions.cs(130,9): warning MA0004: Use Task.ConfigureAwait(false) if the current SynchronizationContext is not needed (https://github.com/meziantou/Meziantou.Analyzer/blob/main/docs/Rules/MA0004.md) [C:\Projects\Hazina\src\Core\AI\Hazina.AI.RAG\Hazina.AI.RAG.csproj::TargetFramework=net9.0]
C:\Projects\Hazina\src\Core\AI\Hazina.AI.RAG\Extensions\DocumentStoreSemanticExtensions.cs(67,13): warning MA0002: Use an overload that has a IEqualityComparer<string> or IComparer<string> parameter (https://github.com/meziantou/Meziantou.Analyzer/blob/main/docs/Rules/MA0002.md) [C:\Projects\Hazina\src\Core\AI\Hazina.AI.RAG\Hazina.AI.RAG.csproj::TargetFramework=net9.0]
C:\Projects\Hazina\src\Core\AI\Hazina.AI.RAG\Extensions\DocumentStoreSemanticExtensions.cs(83,42): warning MA0002: Use an overload that has a IEqualityComparer<string> or IComparer<string> parameter (https://github.com/meziantou/Meziantou.Analyzer/blob/main/docs/Rules/MA0002.md) [C:\Projects\Hazina\src\Core\AI\Hazina.AI.RAG\Hazina.AI.RAG.csproj::TargetFramework=net9.0]
C:\Projects\Hazina\src\Core\AI\Hazina.AI.RAG\Core\RAGEngine.cs(233,30): warning CA1062: In externally visible method 'Task<IndexingResult> RAGEngine.IndexDocumentsAsync(List<Document> documents, CancellationToken cancellationToken = default(CancellationToken))', validate parameter 'documents' is non-null before using it. If appropriate, throw an 'ArgumentNullException' when the argument is 'null'. (https://learn.microsoft.com/dotnet/fundamentals/code-analysis/quality-rules/ca1062) [C:\Projects\Hazina\src\Core\AI\Hazina.AI.RAG\Hazina.AI.RAG.csproj::TargetFramework=net9.0]
C:\Projects\Hazina\src\Core\AI\Hazina.AI.RAG\Core\RAGEngine.cs(276,18): warning MA0016: Prefer using collection abstraction instead of implementation (https://github.com/meziantou/Meziantou.Analyzer/blob/main/docs/Rules/MA0016.md) [C:\Projects\Hazina\src\Core\AI\Hazina.AI.RAG\Hazina.AI.RAG.csproj::TargetFramework=net9.0]
C:\Projects\Hazina\src\Core\AI\Hazina.AI.RAG\Retrieval\Reranker.cs(168,36): warning CA1002: Change 'List<RetrievedDocument>' in 'Reranker.DiversifyResults(List<RetrievedDocument>, int, [double])' to use 'Collection<T>', 'ReadOnlyCollection<T>' or 'KeyedCollection<K,V>' (https://learn.microsoft.com/dotnet/fundamentals/code-analysis/quality-rules/ca1002) [C:\Projects\Hazina\src\Core\AI\Hazina.AI.RAG\Hazina.AI.RAG.csproj::TargetFramework=net9.0]
C:\Projects\Hazina\src\Core\AI\Hazina.AI.RAG\Retrieval\Reranker.cs(169,33): warning CA1002: Change 'List<RetrievedDocument>' in 'Reranker.DiversifyResults(List<RetrievedDocument>, int, [double])' to use 'Collection<T>', 'ReadOnlyCollection<T>' or 'KeyedCollection<K,V>' (https://learn.microsoft.com/dotnet/fundamentals/code-analysis/quality-rules/ca1002) [C:\Projects\Hazina\src\Core\AI\Hazina.AI.RAG\Hazina.AI.RAG.csproj::TargetFramework=net9.0]
C:\Projects\Hazina\src\Core\AI\Hazina.AI.RAG\Retrieval\Reranker.cs(168,12): warning MA0016: Prefer using collection abstraction instead of implementation (https://github.com/meziantou/Meziantou.Analyzer/blob/main/docs/Rules/MA0016.md) [C:\Projects\Hazina\src\Core\AI\Hazina.AI.RAG\Hazina.AI.RAG.csproj::TargetFramework=net9.0]
C:\Projects\Hazina\src\Core\AI\Hazina.AI.RAG\Retrieval\Reranker.cs(169,9): warning MA0016: Prefer using collection abstraction instead of implementation (https://github.com/meziantou/Meziantou.Analyzer/blob/main/docs/Rules/MA0016.md) [C:\Projects\Hazina\src\Core\AI\Hazina.AI.RAG\Hazina.AI.RAG.csproj::TargetFramework=net9.0]
C:\Projects\Hazina\src\Core\AI\Hazina.AI.RAG\Embeddings\ContentTypeDetector.cs(101,35): warning S6605: Collection-specific "Exists" method should be used instead of the "Any" extension. (https://rules.sonarsource.com/csharp/RSPEC-6605) [C:\Projects\Hazina\src\Core\AI\Hazina.AI.RAG\Hazina.AI.RAG.csproj::TargetFramework=net9.0]
C:\Projects\Hazina\src\Core\AI\Hazina.AI.RAG\Embeddings\TextChunker.cs(212,51): warning MA0002: Use an overload that has a IEqualityComparer<string> or IComparer<string> parameter (https://github.com/meziantou/Meziantou.Analyzer/blob/main/docs/Rules/MA0002.md) [C:\Projects\Hazina\src\Core\AI\Hazina.AI.RAG\Hazina.AI.RAG.csproj::TargetFramework=net9.0]
C:\Projects\Hazina\src\Core\AI\Hazina.AI.RAG\Embeddings\TextChunker.cs(212,94): warning MA0002: Use an overload that has a IEqualityComparer<string> or IComparer<string> parameter (https://github.com/meziantou/Meziantou.Analyzer/blob/main/docs/Rules/MA0002.md) [C:\Projects\Hazina\src\Core\AI\Hazina.AI.RAG\Hazina.AI.RAG.csproj::TargetFramework=net9.0]
C:\Projects\Hazina\src\Core\AI\Hazina.AI.RAG\Embeddings\TextChunker.cs(232,47): warning MA0002: Use an overload that has a IEqualityComparer<string> or IComparer<string> parameter (https://github.com/meziantou/Meziantou.Analyzer/blob/main/docs/Rules/MA0002.md) [C:\Projects\Hazina\src\Core\AI\Hazina.AI.RAG\Hazina.AI.RAG.csproj::TargetFramework=net9.0]
C:\Projects\Hazina\src\Core\AI\Hazina.AI.RAG\Embeddings\TextChunker.cs(232,90): warning MA0002: Use an overload that has a IEqualityComparer<string> or IComparer<string> parameter (https://github.com/meziantou/Meziantou.Analyzer/blob/main/docs/Rules/MA0002.md) [C:\Projects\Hazina\src\Core\AI\Hazina.AI.RAG\Hazina.AI.RAG.csproj::TargetFramework=net9.0]
C:\Projects\Hazina\src\Core\AI\Hazina.AI.RAG\Extensions\DocumentStoreSemanticExtensions.cs(87,15): warning CA1062: In externally visible method 'Task<bool> DocumentStoreSemanticExtensions.StoreWithSemanticChunking(DocumentStore documentStore, string name, string content, IEmbeddingGenerator embeddingGenerator, TextChunkingOptions? chunkingOptions = null, ILLMClient? llmClient = null, Dictionary<string, string>? metadata = null, CancellationToken ct = default(CancellationToken))', validate parameter 'documentStore' is non-null before using it. If appropriate, throw an 'ArgumentNullException' when the argument is 'null'. (https://learn.microsoft.com/dotnet/fundamentals/code-analysis/quality-rules/ca1062) [C:\Projects\Hazina\src\Core\AI\Hazina.AI.RAG\Hazina.AI.RAG.csproj::TargetFramework=net9.0]
C:\Projects\Hazina\src\Core\AI\Hazina.AI.RAG\Embeddings\TextChunker.cs(290,26): warning S2325: Make 'SplitIntoSentences' a static method. (https://rules.sonarsource.com/csharp/RSPEC-2325) [C:\Projects\Hazina\src\Core\AI\Hazina.AI.RAG\Hazina.AI.RAG.csproj::TargetFramework=net9.0]
C:\Projects\Hazina\src\Core\AI\Hazina.AI.RAG\Embeddings\TextChunker.cs(242,37): warning CA1861: Prefer 'static readonly' fields over constant array arguments if the called method is called repeatedly and is not mutating the passed array (https://learn.microsoft.com/dotnet/fundamentals/code-analysis/quality-rules/ca1861) [C:\Projects\Hazina\src\Core\AI\Hazina.AI.RAG\Hazina.AI.RAG.csproj::TargetFramework=net9.0]
C:\Projects\Hazina\src\Core\AI\Hazina.AI.RAG\Embeddings\TextChunker.cs(269,51): warning MA0002: Use an overload that has a IEqualityComparer<string> or IComparer<string> parameter (https://github.com/meziantou/Meziantou.Analyzer/blob/main/docs/Rules/MA0002.md) [C:\Projects\Hazina\src\Core\AI\Hazina.AI.RAG\Hazina.AI.RAG.csproj::TargetFramework=net9.0]
C:\Projects\Hazina\src\Core\AI\Hazina.AI.RAG\Embeddings\TextChunker.cs(269,94): warning MA0002: Use an overload that has a IEqualityComparer<string> or IComparer<string> parameter (https://github.com/meziantou/Meziantou.Analyzer/blob/main/docs/Rules/MA0002.md) [C:\Projects\Hazina\src\Core\AI\Hazina.AI.RAG\Hazina.AI.RAG.csproj::TargetFramework=net9.0]
C:\Projects\Hazina\src\Core\AI\Hazina.AI.RAG\Core\RAGEngine.cs(274,39): warning SA1629: Documentation text should end with a period (https://github.com/DotNetAnalyzers/StyleCopAnalyzers/blob/master/documentation/SA1629.md) [C:\Projects\Hazina\src\Core\AI\Hazina.AI.RAG\Hazina.AI.RAG.csproj::TargetFramework=net9.0]
C:\Projects\Hazina\src\Core\AI\Hazina.AI.RAG\Embeddings\ContentTypeDetector.cs(90,49): warning SA1629: Documentation text should end with a period (https://github.com/DotNetAnalyzers/StyleCopAnalyzers/blob/master/documentation/SA1629.md) [C:\Projects\Hazina\src\Core\AI\Hazina.AI.RAG\Hazina.AI.RAG.csproj::TargetFramework=net9.0]
C:\Projects\Hazina\src\Core\AI\Hazina.AI.RAG\Retrieval\Reranker.cs(156,56): warning SA1629: Documentation text should end with a period (https://github.com/DotNetAnalyzers/StyleCopAnalyzers/blob/master/documentation/SA1629.md) [C:\Projects\Hazina\src\Core\AI\Hazina.AI.RAG\Hazina.AI.RAG.csproj::TargetFramework=net9.0]
C:\Projects\Hazina\src\Core\AI\Hazina.AI.RAG\Embeddings\ContentTypeDetector.cs(101,52): warning CA1307: 'string.Contains(string)' has a method overload that takes a 'StringComparison' parameter. Replace this call in 'Hazina.AI.RAG.Embeddings.ContentTypeDetector.HasMarkdownPatterns(string)' with a call to 'string.Contains(string, System.StringComparison)' for clarity of intent. (https://learn.microsoft.com/dotnet/fundamentals/code-analysis/quality-rules/ca1307) [C:\Projects\Hazina\src\Core\AI\Hazina.AI.RAG\Hazina.AI.RAG.csproj::TargetFramework=net9.0]
C:\Projects\Hazina\src\Core\AI\Hazina.AI.RAG\Core\RAGEngine.cs(282,25): warning MA0004: Use Task.ConfigureAwait(false) if the current SynchronizationContext is not needed (https://github.com/meziantou/Meziantou.Analyzer/blob/main/docs/Rules/MA0004.md) [C:\Projects\Hazina\src\Core\AI\Hazina.AI.RAG\Hazina.AI.RAG.csproj::TargetFramework=net9.0]
C:\Projects\Hazina\src\Core\AI\Hazina.AI.RAG\Core\RAGEngine.cs(283,16): warning MA0004: Use Task.ConfigureAwait(false) if the current SynchronizationContext is not needed (https://github.com/meziantou/Meziantou.Analyzer/blob/main/docs/Rules/MA0004.md) [C:\Projects\Hazina\src\Core\AI\Hazina.AI.RAG\Hazina.AI.RAG.csproj::TargetFramework=net9.0]
C:\Projects\Hazina\src\Core\AI\Hazina.AI.RAG\Graph\Storage\SQLiteGraphStore.cs(356,9): warning CA1873: Evaluation of this argument may be expensive and unnecessary if logging is disabled (https://learn.microsoft.com/dotnet/fundamentals/code-analysis/quality-rules/ca1873) [C:\Projects\Hazina\src\Core\AI\Hazina.AI.RAG\Hazina.AI.RAG.csproj::TargetFramework=net9.0]
C:\Projects\Hazina\src\Core\AI\Hazina.AI.RAG\Graph\Storage\SQLiteGraphStore.cs(356,9): warning CA1848: For improved performance, use the LoggerMessage delegates instead of calling 'LoggerExtensions.LogDebug(ILogger, string?, params object?[])' (https://learn.microsoft.com/dotnet/fundamentals/code-analysis/quality-rules/ca1848) [C:\Projects\Hazina\src\Core\AI\Hazina.AI.RAG\Hazina.AI.RAG.csproj::TargetFramework=net9.0]
C:\Projects\Hazina\src\Core\AI\Hazina.AI.RAG\Graph\Storage\SQLiteGraphStore.cs(333,9): warning MA0004: Use Task.ConfigureAwait(false) if the current SynchronizationContext is not needed (https://github.com/meziantou/Meziantou.Analyzer/blob/main/docs/Rules/MA0004.md) [C:\Projects\Hazina\src\Core\AI\Hazina.AI.RAG\Hazina.AI.RAG.csproj::TargetFramework=net9.0]
C:\Projects\Hazina\src\Core\AI\Hazina.AI.RAG\Graph\Storage\SQLiteGraphStore.cs(348,28): warning MA0004: Use Task.ConfigureAwait(false) if the current SynchronizationContext is not needed (https://github.com/meziantou/Meziantou.Analyzer/blob/main/docs/Rules/MA0004.md) [C:\Projects\Hazina\src\Core\AI\Hazina.AI.RAG\Hazina.AI.RAG.csproj::TargetFramework=net9.0]
C:\Projects\Hazina\src\Core\AI\Hazina.AI.RAG\Graph\Storage\SQLiteGraphStore.cs(349,16): warning MA0004: Use Task.ConfigureAwait(false) if the current SynchronizationContext is not needed (https://github.com/meziantou/Meziantou.Analyzer/blob/main/docs/Rules/MA0004.md) [C:\Projects\Hazina\src\Core\AI\Hazina.AI.RAG\Hazina.AI.RAG.csproj::TargetFramework=net9.0]
C:\Projects\Hazina\src\Core\AI\Hazina.AI.RAG\Graph\Storage\SQLiteGraphStore.cs(352,13): warning MA0004: Use Task.ConfigureAwait(false) if the current SynchronizationContext is not needed (https://github.com/meziantou/Meziantou.Analyzer/blob/main/docs/Rules/MA0004.md) [C:\Projects\Hazina\src\Core\AI\Hazina.AI.RAG\Hazina.AI.RAG.csproj::TargetFramework=net9.0]
C:\Projects\Hazina\src\Core\AI\Hazina.AI.RAG\Graph\Pipeline\LLMRelationshipExtractor.cs(103,37): warning MA0051: Method is too long (87 lines; maximum allowed: 60) (https://github.com/meziantou/Meziantou.Analyzer/blob/main/docs/Rules/MA0051.md) [C:\Projects\Hazina\src\Core\AI\Hazina.AI.RAG\Hazina.AI.RAG.csproj::TargetFramework=net9.0]
C:\Projects\Hazina\src\Core\AI\Hazina.AI.RAG\Retrieval\Reranker.cs(208,20): warning S2325: Make 'CalculateTextSimilarity' a static method. (https://rules.sonarsource.com/csharp/RSPEC-2325) [C:\Projects\Hazina\src\Core\AI\Hazina.AI.RAG\Hazina.AI.RAG.csproj::TargetFramework=net9.0]
C:\Projects\Hazina\src\Core\AI\Hazina.AI.RAG\Embeddings\TextChunker.cs(305,21): warning SA1503: Braces should not be omitted (https://github.com/DotNetAnalyzers/StyleCopAnalyzers/blob/master/documentation/SA1503.md) [C:\Projects\Hazina\src\Core\AI\Hazina.AI.RAG\Hazina.AI.RAG.csproj::TargetFramework=net9.0]
C:\Projects\Hazina\src\Core\AI\Hazina.AI.RAG\Embeddings\TextChunker.cs(309,21): warning SA1503: Braces should not be omitted (https://github.com/DotNetAnalyzers/StyleCopAnalyzers/blob/master/documentation/SA1503.md) [C:\Projects\Hazina\src\Core\AI\Hazina.AI.RAG\Hazina.AI.RAG.csproj::TargetFramework=net9.0]
C:\Projects\Hazina\src\Core\AI\Hazina.AI.RAG\Graph\Storage\SQLiteGraphStore.cs(302,48): warning SA1316: Tuple element names should use correct casing (https://github.com/DotNetAnalyzers/StyleCopAnalyzers/blob/master/documentation/SA1316.md) [C:\Projects\Hazina\src\Core\AI\Hazina.AI.RAG\Hazina.AI.RAG.csproj::TargetFramework=net9.0]
C:\Projects\Hazina\src\Core\AI\Hazina.AI.RAG\Graph\Storage\SQLiteGraphStore.cs(302,63): warning SA1316: Tuple element names should use correct casing (https://github.com/DotNetAnalyzers/StyleCopAnalyzers/blob/master/documentation/SA1316.md) [C:\Projects\Hazina\src\Core\AI\Hazina.AI.RAG\Hazina.AI.RAG.csproj::TargetFramework=net9.0]
C:\Projects\Hazina\src\Core\AI\Hazina.AI.RAG\Utilities\SentenceSplitter.cs(127,17): warning S1643: Use a StringBuilder instead. (https://rules.sonarsource.com/csharp/RSPEC-1643) [C:\Projects\Hazina\src\Core\AI\Hazina.AI.RAG\Hazina.AI.RAG.csproj::TargetFramework=net9.0]
C:\Projects\Hazina\src\Core\AI\Hazina.AI.RAG\Retrieval\Reranker.cs(166,47): warning SA1629: Documentation text should end with a period (https://github.com/DotNetAnalyzers/StyleCopAnalyzers/blob/master/documentation/SA1629.md) [C:\Projects\Hazina\src\Core\AI\Hazina.AI.RAG\Hazina.AI.RAG.csproj::TargetFramework=net9.0]
C:\Projects\Hazina\src\Core\AI\Hazina.AI.RAG\Retrieval\Reranker.cs(174,13): warning SA1503: Braces should not be omitted (https://github.com/DotNetAnalyzers/StyleCopAnalyzers/blob/master/documentation/SA1503.md) [C:\Projects\Hazina\src\Core\AI\Hazina.AI.RAG\Hazina.AI.RAG.csproj::TargetFramework=net9.0]
C:\Projects\Hazina\src\Core\AI\Hazina.AI.RAG\Retrieval\Reranker.cs(182,17): warning SA1503: Braces should not be omitted (https://github.com/DotNetAnalyzers/StyleCopAnalyzers/blob/master/documentation/SA1503.md) [C:\Projects\Hazina\src\Core\AI\Hazina.AI.RAG\Hazina.AI.RAG.csproj::TargetFramework=net9.0]
C:\Projects\Hazina\src\Core\AI\Hazina.AI.RAG\Embeddings\TextChunker.cs(283,17): warning CA1848: For improved performance, use the LoggerMessage delegates instead of calling 'LoggerExtensions.LogInformation(ILogger, string?, params object?[])' (https://learn.microsoft.com/dotnet/fundamentals/code-analysis/quality-rules/ca1848) [C:\Projects\Hazina\src\Core\AI\Hazina.AI.RAG\Hazina.AI.RAG.csproj::TargetFramework=net9.0]
C:\Projects\Hazina\src\Core\AI\Hazina.AI.RAG\Extensions\DocumentStoreSemanticExtensions.cs(141,9): warning S1172: Remove this unused method parameter 'embeddingGenerator'. (https://rules.sonarsource.com/csharp/RSPEC-1172) [C:\Projects\Hazina\src\Core\AI\Hazina.AI.RAG\Hazina.AI.RAG.csproj::TargetFramework=net9.0]
C:\Projects\Hazina\src\Core\AI\Hazina.AI.RAG\Extensions\DocumentStoreSemanticExtensions.cs(144,9): warning S1172: Remove this unused method parameter 'chunkMetadata'. (https://rules.sonarsource.com/csharp/RSPEC-1172) [C:\Projects\Hazina\src\Core\AI\Hazina.AI.RAG\Hazina.AI.RAG.csproj::TargetFramework=net9.0]
C:\Projects\Hazina\src\Core\AI\Hazina.AI.RAG\Extensions\DocumentStoreSemanticExtensions.cs(145,9): warning S1172: Remove this unused method parameter 'ct'. (https://rules.sonarsource.com/csharp/RSPEC-1172) [C:\Projects\Hazina\src\Core\AI\Hazina.AI.RAG\Hazina.AI.RAG.csproj::TargetFramework=net9.0]
C:\Projects\Hazina\src\Core\AI\Hazina.AI.RAG\Retrieval\Reranker.cs(206,43): warning SA1629: Documentation text should end with a period (https://github.com/DotNetAnalyzers/StyleCopAnalyzers/blob/master/documentation/SA1629.md) [C:\Projects\Hazina\src\Core\AI\Hazina.AI.RAG\Hazina.AI.RAG.csproj::TargetFramework=net9.0]
C:\Projects\Hazina\src\Core\AI\Hazina.AI.RAG\Retrieval\Reranker.cs(210,28): warning CA1311: Specify a culture or use an invariant version to avoid implicit dependency on current culture (https://learn.microsoft.com/dotnet/fundamentals/code-analysis/quality-rules/ca1311) [C:\Projects\Hazina\src\Core\AI\Hazina.AI.RAG\Hazina.AI.RAG.csproj::TargetFramework=net9.0]
C:\Projects\Hazina\src\Core\AI\Hazina.AI.RAG\Retrieval\Reranker.cs(211,28): warning CA1311: Specify a culture or use an invariant version to avoid implicit dependency on current culture (https://learn.microsoft.com/dotnet/fundamentals/code-analysis/quality-rules/ca1311) [C:\Projects\Hazina\src\Core\AI\Hazina.AI.RAG\Hazina.AI.RAG.csproj::TargetFramework=net9.0]
C:\Projects\Hazina\src\Core\AI\Hazina.AI.RAG\Retrieval\Reranker.cs(210,44): warning CA1861: Prefer 'static readonly' fields over constant array arguments if the called method is called repeatedly and is not mutating the passed array (https://learn.microsoft.com/dotnet/fundamentals/code-analysis/quality-rules/ca1861) [C:\Projects\Hazina\src\Core\AI\Hazina.AI.RAG\Hazina.AI.RAG.csproj::TargetFramework=net9.0]
C:\Projects\Hazina\src\Core\AI\Hazina.AI.RAG\Retrieval\Reranker.cs(211,44): warning CA1861: Prefer 'static readonly' fields over constant array arguments if the called method is called repeatedly and is not mutating the passed array (https://learn.microsoft.com/dotnet/fundamentals/code-analysis/quality-rules/ca1861) [C:\Projects\Hazina\src\Core\AI\Hazina.AI.RAG\Hazina.AI.RAG.csproj::TargetFramework=net9.0]
C:\Projects\Hazina\src\Core\AI\Hazina.AI.RAG\Graph\Storage\SQLiteGraphStore.cs(285,9): warning MA0004: Use Task.ConfigureAwait(false) if the current SynchronizationContext is not needed (https://github.com/meziantou/Meziantou.Analyzer/blob/main/docs/Rules/MA0004.md) [C:\Projects\Hazina\src\Core\AI\Hazina.AI.RAG\Hazina.AI.RAG.csproj::TargetFramework=net9.0]
C:\Projects\Hazina\src\Core\AI\Hazina.AI.RAG\Retrieval\Reranker.cs(210,22): warning CA1304: The behavior of 'string.ToLower()' could vary based on the current user's locale settings. Replace this call in 'Reranker.CalculateTextSimilarity(string, string)' with a call to 'string.ToLower(CultureInfo)'. (https://learn.microsoft.com/dotnet/fundamentals/code-analysis/quality-rules/ca1304) [C:\Projects\Hazina\src\Core\AI\Hazina.AI.RAG\Hazina.AI.RAG.csproj::TargetFramework=net9.0]
C:\Projects\Hazina\src\Core\AI\Hazina.AI.RAG\Retrieval\Reranker.cs(211,22): warning CA1304: The behavior of 'string.ToLower()' could vary based on the current user's locale settings. Replace this call in 'Reranker.CalculateTextSimilarity(string, string)' with a call to 'string.ToLower(CultureInfo)'. (https://learn.microsoft.com/dotnet/fundamentals/code-analysis/quality-rules/ca1304) [C:\Projects\Hazina\src\Core\AI\Hazina.AI.RAG\Hazina.AI.RAG.csproj::TargetFramework=net9.0]
C:\Projects\Hazina\src\Core\AI\Hazina.AI.RAG\Graph\Storage\SQLiteGraphStore.cs(303,28): warning MA0004: Use Task.ConfigureAwait(false) if the current SynchronizationContext is not needed (https://github.com/meziantou/Meziantou.Analyzer/blob/main/docs/Rules/MA0004.md) [C:\Projects\Hazina\src\Core\AI\Hazina.AI.RAG\Hazina.AI.RAG.csproj::TargetFramework=net9.0]
C:\Projects\Hazina\src\Core\AI\Hazina.AI.RAG\Retrieval\Reranker.cs(210,22): warning MA0011: Use an overload of 'ToLower' that has a 'System.Globalization.CultureInfo' parameter (https://github.com/meziantou/Meziantou.Analyzer/blob/main/docs/Rules/MA0011.md) [C:\Projects\Hazina\src\Core\AI\Hazina.AI.RAG\Hazina.AI.RAG.csproj::TargetFramework=net9.0]
C:\Projects\Hazina\src\Core\AI\Hazina.AI.RAG\Retrieval\Reranker.cs(211,22): warning MA0011: Use an overload of 'ToLower' that has a 'System.Globalization.CultureInfo' parameter (https://github.com/meziantou/Meziantou.Analyzer/blob/main/docs/Rules/MA0011.md) [C:\Projects\Hazina\src\Core\AI\Hazina.AI.RAG\Hazina.AI.RAG.csproj::TargetFramework=net9.0]
C:\Projects\Hazina\src\Core\AI\Hazina.AI.RAG\Utilities\SentenceSplitter.cs(109,76): warning SA1629: Documentation text should end with a period (https://github.com/DotNetAnalyzers/StyleCopAnalyzers/blob/master/documentation/SA1629.md) [C:\Projects\Hazina\src\Core\AI\Hazina.AI.RAG\Hazina.AI.RAG.csproj::TargetFramework=net9.0]
C:\Projects\Hazina\src\Core\AI\Hazina.AI.RAG\Utilities\SentenceSplitter.cs(113,35): warning SA1503: Braces should not be omitted (https://github.com/DotNetAnalyzers/StyleCopAnalyzers/blob/master/documentation/SA1503.md) [C:\Projects\Hazina\src\Core\AI\Hazina.AI.RAG\Hazina.AI.RAG.csproj::TargetFramework=net9.0]
C:\Projects\Hazina\src\Core\AI\Hazina.AI.RAG\Utilities\SentenceSplitter.cs(116,22): warning SA1122: Use string.Empty for empty strings (https://github.com/DotNetAnalyzers/StyleCopAnalyzers/blob/master/documentation/SA1122.md) [C:\Projects\Hazina\src\Core\AI\Hazina.AI.RAG\Hazina.AI.RAG.csproj::TargetFramework=net9.0]
C:\Projects\Hazina\src\Core\AI\Hazina.AI.RAG\Graph\Storage\SQLiteGraphStore.cs(304,16): warning MA0004: Use Task.ConfigureAwait(false) if the current SynchronizationContext is not needed (https://github.com/meziantou/Meziantou.Analyzer/blob/main/docs/Rules/MA0004.md) [C:\Projects\Hazina\src\Core\AI\Hazina.AI.RAG\Hazina.AI.RAG.csproj::TargetFramework=net9.0]
C:\Projects\Hazina\src\Core\AI\Hazina.AI.RAG\Graph\Storage\SQLiteGraphStore.cs(322,13): warning MA0004: Use Task.ConfigureAwait(false) if the current SynchronizationContext is not needed (https://github.com/meziantou/Meziantou.Analyzer/blob/main/docs/Rules/MA0004.md) [C:\Projects\Hazina\src\Core\AI\Hazina.AI.RAG\Hazina.AI.RAG.csproj::TargetFramework=net9.0]
C:\Projects\Hazina\src\Core\AI\Hazina.AI.RAG\Retrieval\Reranker.cs(213,20): warning MA0002: Use an overload that has a IEqualityComparer<string> or IComparer<string> parameter (https://github.com/meziantou/Meziantou.Analyzer/blob/main/docs/Rules/MA0002.md) [C:\Projects\Hazina\src\Core\AI\Hazina.AI.RAG\Hazina.AI.RAG.csproj::TargetFramework=net9.0]
C:\Projects\Hazina\src\Core\AI\Hazina.AI.RAG\Retrieval\Reranker.cs(214,20): warning MA0002: Use an overload that has a IEqualityComparer<string> or IComparer<string> parameter (https://github.com/meziantou/Meziantou.Analyzer/blob/main/docs/Rules/MA0002.md) [C:\Projects\Hazina\src\Core\AI\Hazina.AI.RAG\Hazina.AI.RAG.csproj::TargetFramework=net9.0]
C:\Projects\Hazina\src\Core\AI\Hazina.AI.RAG\Retrieval\Reranker.cs(216,28): warning MA0002: Use an overload that has a IEqualityComparer<string> or IComparer<string> parameter (https://github.com/meziantou/Meziantou.Analyzer/blob/main/docs/Rules/MA0002.md) [C:\Projects\Hazina\src\Core\AI\Hazina.AI.RAG\Hazina.AI.RAG.csproj::TargetFramework=net9.0]
C:\Projects\Hazina\src\Core\AI\Hazina.AI.RAG\Retrieval\Reranker.cs(217,21): warning MA0002: Use an overload that has a IEqualityComparer<string> or IComparer<string> parameter (https://github.com/meziantou/Meziantou.Analyzer/blob/main/docs/Rules/MA0002.md) [C:\Projects\Hazina\src\Core\AI\Hazina.AI.RAG\Hazina.AI.RAG.csproj::TargetFramework=net9.0]
C:\Projects\Hazina\src\Core\AI\Hazina.AI.RAG\Extensions\DocumentStoreSemanticExtensions.cs(148,9): warning MA0004: Use Task.ConfigureAwait(false) if the current SynchronizationContext is not needed (https://github.com/meziantou/Meziantou.Analyzer/blob/main/docs/Rules/MA0004.md) [C:\Projects\Hazina\src\Core\AI\Hazina.AI.RAG\Hazina.AI.RAG.csproj::TargetFramework=net9.0]
C:\Projects\Hazina\src\Core\AI\Hazina.AI.RAG\Extensions\DocumentStoreSemanticExtensions.cs(152,9): warning MA0004: Use Task.ConfigureAwait(false) if the current SynchronizationContext is not needed (https://github.com/meziantou/Meziantou.Analyzer/blob/main/docs/Rules/MA0004.md) [C:\Projects\Hazina\src\Core\AI\Hazina.AI.RAG\Hazina.AI.RAG.csproj::TargetFramework=net9.0]
C:\Projects\Hazina\src\Core\AI\Hazina.AI.RAG\Embeddings\ContentTypeDetector.cs(136,25): warning S6610: "StartsWith" overloads that take a "char" should be used (https://rules.sonarsource.com/csharp/RSPEC-6610) [C:\Projects\Hazina\src\Core\AI\Hazina.AI.RAG\Hazina.AI.RAG.csproj::TargetFramework=net9.0]
C:\Projects\Hazina\src\Core\AI\Hazina.AI.RAG\Embeddings\ContentTypeDetector.cs(136,52): warning S6610: "EndsWith" overloads that take a "char" should be used (https://rules.sonarsource.com/csharp/RSPEC-6610) [C:\Projects\Hazina\src\Core\AI\Hazina.AI.RAG\Hazina.AI.RAG.csproj::TargetFramework=net9.0]
C:\Projects\Hazina\src\Core\AI\Hazina.AI.RAG\Embeddings\ContentTypeDetector.cs(137,25): warning S6610: "StartsWith" overloads that take a "char" should be used (https://rules.sonarsource.com/csharp/RSPEC-6610) [C:\Projects\Hazina\src\Core\AI\Hazina.AI.RAG\Hazina.AI.RAG.csproj::TargetFramework=net9.0]
C:\Projects\Hazina\src\Core\AI\Hazina.AI.RAG\Embeddings\ContentTypeDetector.cs(137,52): warning S6610: "EndsWith" overloads that take a "char" should be used (https://rules.sonarsource.com/csharp/RSPEC-6610) [C:\Projects\Hazina\src\Core\AI\Hazina.AI.RAG\Hazina.AI.RAG.csproj::TargetFramework=net9.0]
C:\Projects\Hazina\src\Core\AI\Hazina.AI.RAG\Embeddings\ContentTypeDetector.cs(131,45): warning SA1629: Documentation text should end with a period (https://github.com/DotNetAnalyzers/StyleCopAnalyzers/blob/master/documentation/SA1629.md) [C:\Projects\Hazina\src\Core\AI\Hazina.AI.RAG\Hazina.AI.RAG.csproj::TargetFramework=net9.0]
C:\Projects\Hazina\src\Core\AI\Hazina.AI.RAG\Embeddings\ContentTypeDetector.cs(136,35): warning CA1866: Use 'string.StartsWith(char)' instead of 'string.StartsWith(string)' when you have a string with a single char (https://learn.microsoft.com/dotnet/fundamentals/code-analysis/quality-rules/ca1866) [C:\Projects\Hazina\src\Core\AI\Hazina.AI.RAG\Hazina.AI.RAG.csproj::TargetFramework=net9.0]
C:\Projects\Hazina\src\Core\AI\Hazina.AI.RAG\Embeddings\ContentTypeDetector.cs(136,60): warning CA1866: Use 'string.EndsWith(char)' instead of 'string.EndsWith(string)' when you have a string with a single char (https://learn.microsoft.com/dotnet/fundamentals/code-analysis/quality-rules/ca1866) [C:\Projects\Hazina\src\Core\AI\Hazina.AI.RAG\Hazina.AI.RAG.csproj::TargetFramework=net9.0]
C:\Projects\Hazina\src\Core\AI\Hazina.AI.RAG\Embeddings\ContentTypeDetector.cs(137,35): warning CA1866: Use 'string.StartsWith(char)' instead of 'string.StartsWith(string)' when you have a string with a single char (https://learn.microsoft.com/dotnet/fundamentals/code-analysis/quality-rules/ca1866) [C:\Projects\Hazina\src\Core\AI\Hazina.AI.RAG\Hazina.AI.RAG.csproj::TargetFramework=net9.0]
C:\Projects\Hazina\src\Core\AI\Hazina.AI.RAG\Embeddings\ContentTypeDetector.cs(137,60): warning CA1866: Use 'string.EndsWith(char)' instead of 'string.EndsWith(string)' when you have a string with a single char (https://learn.microsoft.com/dotnet/fundamentals/code-analysis/quality-rules/ca1866) [C:\Projects\Hazina\src\Core\AI\Hazina.AI.RAG\Hazina.AI.RAG.csproj::TargetFramework=net9.0]
C:\Projects\Hazina\src\Core\AI\Hazina.AI.RAG\Embeddings\ContentTypeDetector.cs(136,17): warning CA1310: The behavior of 'string.StartsWith(string)' could vary based on the current user's locale settings. Replace this call in 'Hazina.AI.RAG.Embeddings.ContentTypeDetector.HasJsonPatterns(string)' with a call to 'string.StartsWith(string, System.StringComparison)'. (https://learn.microsoft.com/dotnet/fundamentals/code-analysis/quality-rules/ca1310) [C:\Projects\Hazina\src\Core\AI\Hazina.AI.RAG\Hazina.AI.RAG.csproj::TargetFramework=net9.0]
C:\Projects\Hazina\src\Core\AI\Hazina.AI.RAG\Embeddings\ContentTypeDetector.cs(136,44): warning CA1310: The behavior of 'string.EndsWith(string)' could vary based on the current user's locale settings. Replace this call in 'Hazina.AI.RAG.Embeddings.ContentTypeDetector.HasJsonPatterns(string)' with a call to 'string.EndsWith(string, System.StringComparison)'. (https://learn.microsoft.com/dotnet/fundamentals/code-analysis/quality-rules/ca1310) [C:\Projects\Hazina\src\Core\AI\Hazina.AI.RAG\Hazina.AI.RAG.csproj::TargetFramework=net9.0]
C:\Projects\Hazina\src\Core\AI\Hazina.AI.RAG\Embeddings\ContentTypeDetector.cs(137,17): warning CA1310: The behavior of 'string.StartsWith(string)' could vary based on the current user's locale settings. Replace this call in 'Hazina.AI.RAG.Embeddings.ContentTypeDetector.HasJsonPatterns(string)' with a call to 'string.StartsWith(string, System.StringComparison)'. (https://learn.microsoft.com/dotnet/fundamentals/code-analysis/quality-rules/ca1310) [C:\Projects\Hazina\src\Core\AI\Hazina.AI.RAG\Hazina.AI.RAG.csproj::TargetFramework=net9.0]
C:\Projects\Hazina\src\Core\AI\Hazina.AI.RAG\Embeddings\ContentTypeDetector.cs(137,44): warning CA1310: The behavior of 'string.EndsWith(string)' could vary based on the current user's locale settings. Replace this call in 'Hazina.AI.RAG.Embeddings.ContentTypeDetector.HasJsonPatterns(string)' with a call to 'string.EndsWith(string, System.StringComparison)'. (https://learn.microsoft.com/dotnet/fundamentals/code-analysis/quality-rules/ca1310) [C:\Projects\Hazina\src\Core\AI\Hazina.AI.RAG\Hazina.AI.RAG.csproj::TargetFramework=net9.0]
C:\Projects\Hazina\src\Core\AI\Hazina.AI.RAG\Embeddings\ContentTypeDetector.cs(136,17): warning MA0074: Use an overload of 'StartsWith' that has a StringComparison parameter (https://github.com/meziantou/Meziantou.Analyzer/blob/main/docs/Rules/MA0074.md) [C:\Projects\Hazina\src\Core\AI\Hazina.AI.RAG\Hazina.AI.RAG.csproj::TargetFramework=net9.0]
C:\Projects\Hazina\src\Core\AI\Hazina.AI.RAG\Embeddings\ContentTypeDetector.cs(136,44): warning MA0074: Use an overload of 'EndsWith' that has a StringComparison parameter (https://github.com/meziantou/Meziantou.Analyzer/blob/main/docs/Rules/MA0074.md) [C:\Projects\Hazina\src\Core\AI\Hazina.AI.RAG\Hazina.AI.RAG.csproj::TargetFramework=net9.0]
C:\Projects\Hazina\src\Core\AI\Hazina.AI.RAG\Embeddings\ContentTypeDetector.cs(137,17): warning MA0074: Use an overload of 'StartsWith' that has a StringComparison parameter (https://github.com/meziantou/Meziantou.Analyzer/blob/main/docs/Rules/MA0074.md) [C:\Projects\Hazina\src\Core\AI\Hazina.AI.RAG\Hazina.AI.RAG.csproj::TargetFramework=net9.0]
C:\Projects\Hazina\src\Core\AI\Hazina.AI.RAG\Embeddings\ContentTypeDetector.cs(137,44): warning MA0074: Use an overload of 'EndsWith' that has a StringComparison parameter (https://github.com/meziantou/Meziantou.Analyzer/blob/main/docs/Rules/MA0074.md) [C:\Projects\Hazina\src\Core\AI\Hazina.AI.RAG\Hazina.AI.RAG.csproj::TargetFramework=net9.0]
C:\Projects\Hazina\src\Core\AI\Hazina.AI.RAG\Embeddings\ContentTypeDetector.cs(117,28): warning S1905: Remove this unnecessary cast to 'int'. (https://rules.sonarsource.com/csharp/RSPEC-1905) [C:\Projects\Hazina\src\Core\AI\Hazina.AI.RAG\Hazina.AI.RAG.csproj::TargetFramework=net9.0]
C:\Projects\Hazina\src\Core\AI\Hazina.AI.RAG\Embeddings\SemanticSimilarityChunker.cs(59,18): warning MA0016: Prefer using collection abstraction instead of implementation (https://github.com/meziantou/Meziantou.Analyzer/blob/main/docs/Rules/MA0016.md) [C:\Projects\Hazina\src\Core\AI\Hazina.AI.RAG\Hazina.AI.RAG.csproj::TargetFramework=net9.0]
C:\Projects\Hazina\src\Core\AI\Hazina.AI.RAG\Graph\Storage\InMemoryGraphStore.cs(18,32): warning CA1062: In externally visible method 'Task InMemoryGraphStore.AddEntitiesAsync(List<GraphEntity> entities, CancellationToken cancellationToken = default(CancellationToken))', validate parameter 'entities' is non-null before using it. If appropriate, throw an 'ArgumentNullException' when the argument is 'null'. (https://learn.microsoft.com/dotnet/fundamentals/code-analysis/quality-rules/ca1062) [C:\Projects\Hazina\src\Core\AI\Hazina.AI.RAG\Hazina.AI.RAG.csproj::TargetFramework=net9.0]
C:\Projects\Hazina\src\Core\AI\Hazina.AI.RAG\Embeddings\SemanticSimilarityChunker.cs(59,40): warning MA0051: Method is too long (63 lines; maximum allowed: 60) (https://github.com/meziantou/Meziantou.Analyzer/blob/main/docs/Rules/MA0051.md) [C:\Projects\Hazina\src\Core\AI\Hazina.AI.RAG\Hazina.AI.RAG.csproj::TargetFramework=net9.0]
C:\Projects\Hazina\src\Core\AI\Hazina.AI.RAG\Graph\Pipeline\LLMEntityExtractor.cs(76,13): warning CA1873: Evaluation of this argument may be expensive and unnecessary if logging is disabled (https://learn.microsoft.com/dotnet/fundamentals/code-analysis/quality-rules/ca1873) [C:\Projects\Hazina\src\Core\AI\Hazina.AI.RAG\Hazina.AI.RAG.csproj::TargetFramework=net9.0]
C:\Projects\Hazina\src\Core\AI\Hazina.AI.RAG\Embeddings\ContentTypeDetector.cs(105,35): warning SA1629: Documentation text should end with a period (https://github.com/DotNetAnalyzers/StyleCopAnalyzers/blob/master/documentation/SA1629.md) [C:\Projects\Hazina\src\Core\AI\Hazina.AI.RAG\Hazina.AI.RAG.csproj::TargetFramework=net9.0]
C:\Projects\Hazina\src\Core\AI\Hazina.AI.RAG\Graph\Pipeline\LLMEntityExtractor.cs(69,17): warning CA1848: For improved performance, use the LoggerMessage delegates instead of calling 'LoggerExtensions.LogWarning(ILogger, string?, params object?[])' (https://learn.microsoft.com/dotnet/fundamentals/code-analysis/quality-rules/ca1848) [C:\Projects\Hazina\src\Core\AI\Hazina.AI.RAG\Hazina.AI.RAG.csproj::TargetFramework=net9.0]
C:\Projects\Hazina\src\Core\AI\Hazina.AI.RAG\Graph\Pipeline\LLMEntityExtractor.cs(76,13): warning CA1848: For improved performance, use the LoggerMessage delegates instead of calling 'LoggerExtensions.LogInformation(ILogger, string?, params object?[])' (https://learn.microsoft.com/dotnet/fundamentals/code-analysis/quality-rules/ca1848) [C:\Projects\Hazina\src\Core\AI\Hazina.AI.RAG\Hazina.AI.RAG.csproj::TargetFramework=net9.0]
C:\Projects\Hazina\src\Core\AI\Hazina.AI.RAG\Graph\Pipeline\LLMEntityExtractor.cs(82,13): warning CA1848: For improved performance, use the LoggerMessage delegates instead of calling 'LoggerExtensions.LogError(ILogger, Exception?, string?, params object?[])' (https://learn.microsoft.com/dotnet/fundamentals/code-analysis/quality-rules/ca1848) [C:\Projects\Hazina\src\Core\AI\Hazina.AI.RAG\Hazina.AI.RAG.csproj::TargetFramework=net9.0]
C:\Projects\Hazina\src\Core\AI\Hazina.AI.RAG\Graph\Pipeline\LLMEntityExtractor.cs(59,26): warning CA1307: 'string.Replace(string, string?)' has a method overload that takes a 'StringComparison' parameter. Replace this call in 'Hazina.AI.RAG.Graph.Pipeline.LLMEntityExtractor.ExtractEntitiesAsync(string, string?, System.Threading.CancellationToken)' with a call to 'string.Replace(string, string?, System.StringComparison)' for clarity of intent. (https://learn.microsoft.com/dotnet/fundamentals/code-analysis/quality-rules/ca1307) [C:\Projects\Hazina\src\Core\AI\Hazina.AI.RAG\Hazina.AI.RAG.csproj::TargetFramework=net9.0]
C:\Projects\Hazina\src\Core\AI\Hazina.AI.RAG\Graph\Pipeline\LLMEntityExtractor.cs(61,28): warning MA0004: Use Task.ConfigureAwait(false) if the current SynchronizationContext is not needed (https://github.com/meziantou/Meziantou.Analyzer/blob/main/docs/Rules/MA0004.md) [C:\Projects\Hazina\src\Core\AI\Hazina.AI.RAG\Hazina.AI.RAG.csproj::TargetFramework=net9.0]
C:\Projects\Hazina\src\Core\AI\Hazina.AI.RAG\Graph\Pipeline\EntityNormalizationService.cs(55,13): warning CA1848: For improved performance, use the LoggerMessage delegates instead of calling 'LoggerExtensions.LogError(ILogger, Exception?, string?, params object?[])' (https://learn.microsoft.com/dotnet/fundamentals/code-analysis/quality-rules/ca1848) [C:\Projects\Hazina\src\Core\AI\Hazina.AI.RAG\Hazina.AI.RAG.csproj::TargetFramework=net9.0]
C:\Projects\Hazina\src\Core\AI\Hazina.AI.RAG\Graph\Pipeline\EntityNormalizationService.cs(29,9): warning CA1510: Use 'ArgumentNullException.ThrowIfNull' instead of explicitly throwing a new exception instance (https://learn.microsoft.com/dotnet/fundamentals/code-analysis/quality-rules/ca1510) [C:\Projects\Hazina\src\Core\AI\Hazina.AI.RAG\Hazina.AI.RAG.csproj::TargetFramework=net9.0]
C:\Projects\Hazina\src\Core\AI\Hazina.AI.RAG\Graph\Pipeline\EntityNormalizationService.cs(34,9): warning CA1510: Use 'ArgumentNullException.ThrowIfNull' instead of explicitly throwing a new exception instance (https://learn.microsoft.com/dotnet/fundamentals/code-analysis/quality-rules/ca1510) [C:\Projects\Hazina\src\Core\AI\Hazina.AI.RAG\Hazina.AI.RAG.csproj::TargetFramework=net9.0]
C:\Projects\Hazina\src\Core\AI\Hazina.AI.RAG\Graph\Models\GraphPath.cs(18,62): warning SA1501: Statement should not be on a single line (https://github.com/DotNetAnalyzers/StyleCopAnalyzers/blob/master/documentation/SA1501.md) [C:\Projects\Hazina\src\Core\AI\Hazina.AI.RAG\Hazina.AI.RAG.csproj::TargetFramework=net9.0]
C:\Projects\Hazina\src\Core\AI\Hazina.AI.RAG\Graph\Models\GraphPath.cs(23,17): warning SA1119: Statement should not use unnecessary parenthesis (https://github.com/DotNetAnalyzers/StyleCopAnalyzers/blob/master/documentation/SA1119.md) [C:\Projects\Hazina\src\Core\AI\Hazina.AI.RAG\Hazina.AI.RAG.csproj::TargetFramework=net9.0]
C:\Projects\Hazina\src\Core\AI\Hazina.AI.RAG\Graph\Models\GraphPath.cs(22,45): warning SA1407: Arithmetic expressions should declare precedence (https://github.com/DotNetAnalyzers/StyleCopAnalyzers/blob/master/documentation/SA1407.md) [C:\Projects\Hazina\src\Core\AI\Hazina.AI.RAG\Hazina.AI.RAG.csproj::TargetFramework=net9.0]
C:\Projects\Hazina\src\Core\AI\Hazina.AI.RAG\Graph\Models\GraphPath.cs(23,86): warning SA1407: Arithmetic expressions should declare precedence (https://github.com/DotNetAnalyzers/StyleCopAnalyzers/blob/master/documentation/SA1407.md) [C:\Projects\Hazina\src\Core\AI\Hazina.AI.RAG\Hazina.AI.RAG.csproj::TargetFramework=net9.0]
C:\Projects\Hazina\src\Core\AI\Hazina.AI.RAG\Graph\Models\GraphPath.cs(23,58): warning SA1407: Arithmetic expressions should declare precedence (https://github.com/DotNetAnalyzers/StyleCopAnalyzers/blob/master/documentation/SA1407.md) [C:\Projects\Hazina\src\Core\AI\Hazina.AI.RAG\Hazina.AI.RAG.csproj::TargetFramework=net9.0]
C:\Projects\Hazina\src\Core\AI\Hazina.AI.RAG\Graph\Models\GraphPath.cs(23,18): warning SA1407: Arithmetic expressions should declare precedence (https://github.com/DotNetAnalyzers/StyleCopAnalyzers/blob/master/documentation/SA1407.md) [C:\Projects\Hazina\src\Core\AI\Hazina.AI.RAG\Hazina.AI.RAG.csproj::TargetFramework=net9.0]
C:\Projects\Hazina\src\Core\AI\Hazina.AI.RAG\Graph\Models\GraphPath.cs(23,36): warning SA1407: Arithmetic expressions should declare precedence (https://github.com/DotNetAnalyzers/StyleCopAnalyzers/blob/master/documentation/SA1407.md) [C:\Projects\Hazina\src\Core\AI\Hazina.AI.RAG\Hazina.AI.RAG.csproj::TargetFramework=net9.0]
C:\Projects\Hazina\src\Core\AI\Hazina.AI.RAG\Graph\Models\GraphPath.cs(18,77): warning SA1107: Code should not contain multiple statements on one line (https://github.com/DotNetAnalyzers/StyleCopAnalyzers/blob/master/documentation/SA1107.md) [C:\Projects\Hazina\src\Core\AI\Hazina.AI.RAG\Hazina.AI.RAG.csproj::TargetFramework=net9.0]
C:\Projects\Hazina\src\Core\AI\Hazina.AI.RAG\Graph\Pipeline\GraphConstructionPipeline.cs(43,48): warning MA0051: Method is too long (145 lines; maximum allowed: 60) (https://github.com/meziantou/Meziantou.Analyzer/blob/main/docs/Rules/MA0051.md) [C:\Projects\Hazina\src\Core\AI\Hazina.AI.RAG\Hazina.AI.RAG.csproj::TargetFramework=net9.0]
C:\Projects\Hazina\src\Core\AI\Hazina.AI.RAG\Graph\Pipeline\EntityNormalizationService.cs(44,59): warning MA0004: Use Task.ConfigureAwait(false) if the current SynchronizationContext is not needed (https://github.com/meziantou/Meziantou.Analyzer/blob/main/docs/Rules/MA0004.md) [C:\Projects\Hazina\src\Core\AI\Hazina.AI.RAG\Hazina.AI.RAG.csproj::TargetFramework=net9.0]
C:\Projects\Hazina\src\Core\AI\Hazina.AI.RAG\Graph\Pipeline\EntityNormalizationService.cs(45,59): warning MA0004: Use Task.ConfigureAwait(false) if the current SynchronizationContext is not needed (https://github.com/meziantou/Meziantou.Analyzer/blob/main/docs/Rules/MA0004.md) [C:\Projects\Hazina\src\Core\AI\Hazina.AI.RAG\Hazina.AI.RAG.csproj::TargetFramework=net9.0]
C:\Projects\Hazina\src\Core\AI\Hazina.AI.RAG\Graph\Pipeline\EntityNormalizationService.cs(46,68): warning MA0004: Use Task.ConfigureAwait(false) if the current SynchronizationContext is not needed (https://github.com/meziantou/Meziantou.Analyzer/blob/main/docs/Rules/MA0004.md) [C:\Projects\Hazina\src\Core\AI\Hazina.AI.RAG\Hazina.AI.RAG.csproj::TargetFramework=net9.0]
C:\Projects\Hazina\src\Core\AI\Hazina.AI.RAG\Embeddings\ContentTypeDetector.cs(112,27): warning CA1875: Use 'Regex.Count' instead of 'Regex.Matches(...).Count' (https://learn.microsoft.com/dotnet/fundamentals/code-analysis/quality-rules/ca1875) [C:\Projects\Hazina\src\Core\AI\Hazina.AI.RAG\Hazina.AI.RAG.csproj::TargetFramework=net9.0]
C:\Projects\Hazina\src\Core\AI\Hazina.AI.RAG\Embeddings\ContentTypeDetector.cs(116,30): warning CA1875: Use 'Regex.Count' instead of 'Regex.Matches(...).Count' (https://learn.microsoft.com/dotnet/fundamentals/code-analysis/quality-rules/ca1875) [C:\Projects\Hazina\src\Core\AI\Hazina.AI.RAG\Hazina.AI.RAG.csproj::TargetFramework=net9.0]
C:\Projects\Hazina\src\Core\AI\Hazina.AI.RAG\Embeddings\ContentTypeDetector.cs(120,25): warning CA1875: Use 'Regex.Count' instead of 'Regex.Matches(...).Count' (https://learn.microsoft.com/dotnet/fundamentals/code-analysis/quality-rules/ca1875) [C:\Projects\Hazina\src\Core\AI\Hazina.AI.RAG\Hazina.AI.RAG.csproj::TargetFramework=net9.0]
C:\Projects\Hazina\src\Core\AI\Hazina.AI.RAG\Embeddings\ContentTypeDetector.cs(124,25): warning CA1875: Use 'Regex.Count' instead of 'Regex.Matches(...).Count' (https://learn.microsoft.com/dotnet/fundamentals/code-analysis/quality-rules/ca1875) [C:\Projects\Hazina\src\Core\AI\Hazina.AI.RAG\Hazina.AI.RAG.csproj::TargetFramework=net9.0]
C:\Projects\Hazina\src\Core\AI\Hazina.AI.RAG\Graph\Pipeline\LLMEntityExtractor.cs(80,9): warning CA1031: Modify 'ExtractEntitiesAsync' to catch a more specific allowed exception type, or rethrow the exception (https://learn.microsoft.com/dotnet/fundamentals/code-analysis/quality-rules/ca1031) [C:\Projects\Hazina\src\Core\AI\Hazina.AI.RAG\Hazina.AI.RAG.csproj::TargetFramework=net9.0]
C:\Projects\Hazina\src\Core\AI\Hazina.AI.RAG\Embeddings\HierarchicalChunker.cs(98,13): warning S1854: Remove this useless assignment to local variable 'sections'. (https://rules.sonarsource.com/csharp/RSPEC-1854) [C:\Projects\Hazina\src\Core\AI\Hazina.AI.RAG\Hazina.AI.RAG.csproj::TargetFramework=net9.0]
C:\Projects\Hazina\src\Core\AI\Hazina.AI.RAG\Graph\Pipeline\EntityNormalizationService.cs(53,9): warning CA1031: Modify 'NormalizeEntityAsync' to catch a more specific allowed exception type, or rethrow the exception (https://learn.microsoft.com/dotnet/fundamentals/code-analysis/quality-rules/ca1031) [C:\Projects\Hazina\src\Core\AI\Hazina.AI.RAG\Hazina.AI.RAG.csproj::TargetFramework=net9.0]
C:\Projects\Hazina\src\Core\AI\Hazina.AI.RAG\Embeddings\ContentTypeDetector.cs(112,27): warning MA0009: Regular expressions should not be vulnerable to Denial of Service attacks (https://github.com/meziantou/Meziantou.Analyzer/blob/main/docs/Rules/MA0009.md) [C:\Projects\Hazina\src\Core\AI\Hazina.AI.RAG\Hazina.AI.RAG.csproj::TargetFramework=net9.0]
C:\Projects\Hazina\src\Core\AI\Hazina.AI.RAG\Embeddings\ContentTypeDetector.cs(116,30): warning MA0009: Regular expressions should not be vulnerable to Denial of Service attacks (https://github.com/meziantou/Meziantou.Analyzer/blob/main/docs/Rules/MA0009.md) [C:\Projects\Hazina\src\Core\AI\Hazina.AI.RAG\Hazina.AI.RAG.csproj::TargetFramework=net9.0]
C:\Projects\Hazina\src\Core\AI\Hazina.AI.RAG\Embeddings\ContentTypeDetector.cs(120,25): warning MA0009: Regular expressions should not be vulnerable to Denial of Service attacks (https://github.com/meziantou/Meziantou.Analyzer/blob/main/docs/Rules/MA0009.md) [C:\Projects\Hazina\src\Core\AI\Hazina.AI.RAG\Hazina.AI.RAG.csproj::TargetFramework=net9.0]
C:\Projects\Hazina\src\Core\AI\Hazina.AI.RAG\Embeddings\ContentTypeDetector.cs(124,25): warning MA0009: Regular expressions should not be vulnerable to Denial of Service attacks (https://github.com/meziantou/Meziantou.Analyzer/blob/main/docs/Rules/MA0009.md) [C:\Projects\Hazina\src\Core\AI\Hazina.AI.RAG\Hazina.AI.RAG.csproj::TargetFramework=net9.0]
C:\Projects\Hazina\src\Core\AI\Hazina.AI.RAG\Utilities\SentenceSplitter.cs(147,68): warning SA1629: Documentation text should end with a period (https://github.com/DotNetAnalyzers/StyleCopAnalyzers/blob/master/documentation/SA1629.md) [C:\Projects\Hazina\src\Core\AI\Hazina.AI.RAG\Hazina.AI.RAG.csproj::TargetFramework=net9.0]
C:\Projects\Hazina\src\Core\AI\Hazina.AI.RAG\Retrieval\Reranker.cs(173,13): warning CA1062: In externally visible method 'List<RetrievedDocument> Reranker.DiversifyResults(List<RetrievedDocument> documents, int maxResults, double diversityThreshold = 0.8)', validate parameter 'documents' is non-null before using it. If appropriate, throw an 'ArgumentNullException' when the argument is 'null'. (https://learn.microsoft.com/dotnet/fundamentals/code-analysis/quality-rules/ca1062) [C:\Projects\Hazina\src\Core\AI\Hazina.AI.RAG\Hazina.AI.RAG.csproj::TargetFramework=net9.0]
C:\Projects\Hazina\src\Core\AI\Hazina.AI.RAG\Graph\Storage\SQLiteGraphStore.cs(409,17): warning CA1873: Evaluation of this argument may be expensive and unnecessary if logging is disabled (https://learn.microsoft.com/dotnet/fundamentals/code-analysis/quality-rules/ca1873) [C:\Projects\Hazina\src\Core\AI\Hazina.AI.RAG\Hazina.AI.RAG.csproj::TargetFramework=net9.0]
C:\Projects\Hazina\src\Core\AI\Hazina.AI.RAG\Graph\Storage\SQLiteGraphStore.cs(409,17): warning CA1848: For improved performance, use the LoggerMessage delegates instead of calling 'LoggerExtensions.LogDebug(ILogger, string?, params object?[])' (https://learn.microsoft.com/dotnet/fundamentals/code-analysis/quality-rules/ca1848) [C:\Projects\Hazina\src\Core\AI\Hazina.AI.RAG\Hazina.AI.RAG.csproj::TargetFramework=net9.0]
C:\Projects\Hazina\src\Core\AI\Hazina.AI.RAG\Graph\Storage\SQLiteGraphStore.cs(373,37): warning CA1849: 'SqliteConnection.BeginTransaction()' synchronously blocks. Await 'DbConnection.BeginTransactionAsync(CancellationToken)' instead. (https://learn.microsoft.com/dotnet/fundamentals/code-analysis/quality-rules/ca1849) [C:\Projects\Hazina\src\Core\AI\Hazina.AI.RAG\Hazina.AI.RAG.csproj::TargetFramework=net9.0]
C:\Projects\Hazina\src\Core\AI\Hazina.AI.RAG\Graph\Storage\SQLiteGraphStore.cs(367,9): warning MA0004: Use Task.ConfigureAwait(false) if the current SynchronizationContext is not needed (https://github.com/meziantou/Meziantou.Analyzer/blob/main/docs/Rules/MA0004.md) [C:\Projects\Hazina\src\Core\AI\Hazina.AI.RAG\Hazina.AI.RAG.csproj::TargetFramework=net9.0]
C:\Projects\Hazina\src\Core\AI\Hazina.AI.RAG\Graph\Storage\SQLiteGraphStore.cs(371,13): warning MA0004: Use Task.ConfigureAwait(false) if the current SynchronizationContext is not needed (https://github.com/meziantou/Meziantou.Analyzer/blob/main/docs/Rules/MA0004.md) [C:\Projects\Hazina\src\Core\AI\Hazina.AI.RAG\Hazina.AI.RAG.csproj::TargetFramework=net9.0]
C:\Projects\Hazina\src\Core\AI\Hazina.AI.RAG\Graph\Storage\SQLiteGraphStore.cs(405,21): warning MA0004: Use Task.ConfigureAwait(false) if the current SynchronizationContext is not needed (https://github.com/meziantou/Meziantou.Analyzer/blob/main/docs/Rules/MA0004.md) [C:\Projects\Hazina\src\Core\AI\Hazina.AI.RAG\Hazina.AI.RAG.csproj::TargetFramework=net9.0]
C:\Projects\Hazina\src\Core\AI\Hazina.AI.RAG\Graph\Storage\SQLiteGraphStore.cs(408,17): warning MA0004: Use Task.ConfigureAwait(false) if the current SynchronizationContext is not needed (https://github.com/meziantou/Meziantou.Analyzer/blob/main/docs/Rules/MA0004.md) [C:\Projects\Hazina\src\Core\AI\Hazina.AI.RAG\Hazina.AI.RAG.csproj::TargetFramework=net9.0]
C:\Projects\Hazina\src\Core\AI\Hazina.AI.RAG\Graph\Storage\SQLiteGraphStore.cs(413,17): warning MA0004: Use Task.ConfigureAwait(false) if the current SynchronizationContext is not needed (https://github.com/meziantou/Meziantou.Analyzer/blob/main/docs/Rules/MA0004.md) [C:\Projects\Hazina\src\Core\AI\Hazina.AI.RAG\Hazina.AI.RAG.csproj::TargetFramework=net9.0]
C:\Projects\Hazina\src\Core\AI\Hazina.AI.RAG\Graph\Storage\SQLiteGraphStore.cs(309,60): warning CA1062: In externally visible method 'Task<List<GraphEntity>> SQLiteGraphStore.SearchEntitiesByEmbeddingAsync(float[] embedding, int topK = 10, string? typeFilter = null, CancellationToken cancellationToken = default(CancellationToken))', validate parameter 'embedding' is non-null before using it. If appropriate, throw an 'ArgumentNullException' when the argument is 'null'. (https://learn.microsoft.com/dotnet/fundamentals/code-analysis/quality-rules/ca1062) [C:\Projects\Hazina\src\Core\AI\Hazina.AI.RAG\Hazina.AI.RAG.csproj::TargetFramework=net9.0]
C:\Projects\Hazina\src\Core\AI\Hazina.AI.RAG\Embeddings\ContentTypeDetector.cs(149,22): warning S6610: "StartsWith" overloads that take a "char" should be used (https://rules.sonarsource.com/csharp/RSPEC-6610) [C:\Projects\Hazina\src\Core\AI\Hazina.AI.RAG\Hazina.AI.RAG.csproj::TargetFramework=net9.0]
C:\Projects\Hazina\src\Core\AI\Hazina.AI.RAG\Embeddings\ContentTypeDetector.cs(149,49): warning S6610: "EndsWith" overloads that take a "char" should be used (https://rules.sonarsource.com/csharp/RSPEC-6610) [C:\Projects\Hazina\src\Core\AI\Hazina.AI.RAG\Hazina.AI.RAG.csproj::TargetFramework=net9.0]
C:\Projects\Hazina\src\Core\AI\Hazina.AI.RAG\Embeddings\ContentTypeDetector.cs(150,22): warning S6610: "StartsWith" overloads that take a "char" should be used (https://rules.sonarsource.com/csharp/RSPEC-6610) [C:\Projects\Hazina\src\Core\AI\Hazina.AI.RAG\Hazina.AI.RAG.csproj::TargetFramework=net9.0]
C:\Projects\Hazina\src\Core\AI\Hazina.AI.RAG\Embeddings\ContentTypeDetector.cs(150,49): warning S6610: "EndsWith" overloads that take a "char" should be used (https://rules.sonarsource.com/csharp/RSPEC-6610) [C:\Projects\Hazina\src\Core\AI\Hazina.AI.RAG\Hazina.AI.RAG.csproj::TargetFramework=net9.0]
C:\Projects\Hazina\src\Core\AI\Hazina.AI.RAG\Embeddings\ContentTypeDetector.cs(141,31): warning SA1629: Documentation text should end with a period (https://github.com/DotNetAnalyzers/StyleCopAnalyzers/blob/master/documentation/SA1629.md) [C:\Projects\Hazina\src\Core\AI\Hazina.AI.RAG\Hazina.AI.RAG.csproj::TargetFramework=net9.0]
C:\Projects\Hazina\src\Core\AI\Hazina.AI.RAG\Embeddings\ContentTypeDetector.cs(149,32): warning CA1866: Use 'string.StartsWith(char)' instead of 'string.StartsWith(string)' when you have a string with a single char (https://learn.microsoft.com/dotnet/fundamentals/code-analysis/quality-rules/ca1866) [C:\Projects\Hazina\src\Core\AI\Hazina.AI.RAG\Hazina.AI.RAG.csproj::TargetFramework=net9.0]
C:\Projects\Hazina\src\Core\AI\Hazina.AI.RAG\Embeddings\ContentTypeDetector.cs(149,57): warning CA1866: Use 'string.EndsWith(char)' instead of 'string.EndsWith(string)' when you have a string with a single char (https://learn.microsoft.com/dotnet/fundamentals/code-analysis/quality-rules/ca1866) [C:\Projects\Hazina\src\Core\AI\Hazina.AI.RAG\Hazina.AI.RAG.csproj::TargetFramework=net9.0]
C:\Projects\Hazina\src\Core\AI\Hazina.AI.RAG\Embeddings\ContentTypeDetector.cs(150,32): warning CA1866: Use 'string.StartsWith(char)' instead of 'string.StartsWith(string)' when you have a string with a single char (https://learn.microsoft.com/dotnet/fundamentals/code-analysis/quality-rules/ca1866) [C:\Projects\Hazina\src\Core\AI\Hazina.AI.RAG\Hazina.AI.RAG.csproj::TargetFramework=net9.0]
C:\Projects\Hazina\src\Core\AI\Hazina.AI.RAG\Embeddings\ContentTypeDetector.cs(150,57): warning CA1866: Use 'string.EndsWith(char)' instead of 'string.EndsWith(string)' when you have a string with a single char (https://learn.microsoft.com/dotnet/fundamentals/code-analysis/quality-rules/ca1866) [C:\Projects\Hazina\src\Core\AI\Hazina.AI.RAG\Hazina.AI.RAG.csproj::TargetFramework=net9.0]
C:\Projects\Hazina\src\Core\AI\Hazina.AI.RAG\Retrieval\LlmJudgeReranker.cs(82,13): warning SA1111: Closing parenthesis should be on line of last parameter (https://github.com/DotNetAnalyzers/StyleCopAnalyzers/blob/master/documentation/SA1111.md) [C:\Projects\Hazina\src\Core\AI\Hazina.AI.RAG\Hazina.AI.RAG.csproj::TargetFramework=net9.0]
C:\Projects\Hazina\src\Core\AI\Hazina.AI.RAG\Embeddings\ContentTypeDetector.cs(149,14): warning CA1310: The behavior of 'string.StartsWith(string)' could vary based on the current user's locale settings. Replace this call in 'Hazina.AI.RAG.Embeddings.ContentTypeDetector.GetJsonScore(string)' with a call to 'string.StartsWith(string, System.StringComparison)'. (https://learn.microsoft.com/dotnet/fundamentals/code-analysis/quality-rules/ca1310) [C:\Projects\Hazina\src\Core\AI\Hazina.AI.RAG\Hazina.AI.RAG.csproj::TargetFramework=net9.0]
C:\Projects\Hazina\src\Core\AI\Hazina.AI.RAG\Embeddings\ContentTypeDetector.cs(149,41): warning CA1310: The behavior of 'string.EndsWith(string)' could vary based on the current user's locale settings. Replace this call in 'Hazina.AI.RAG.Embeddings.ContentTypeDetector.GetJsonScore(string)' with a call to 'string.EndsWith(string, System.StringComparison)'. (https://learn.microsoft.com/dotnet/fundamentals/code-analysis/quality-rules/ca1310) [C:\Projects\Hazina\src\Core\AI\Hazina.AI.RAG\Hazina.AI.RAG.csproj::TargetFramework=net9.0]
C:\Projects\Hazina\src\Core\AI\Hazina.AI.RAG\Embeddings\ContentTypeDetector.cs(150,14): warning CA1310: The behavior of 'string.StartsWith(string)' could vary based on the current user's locale settings. Replace this call in 'Hazina.AI.RAG.Embeddings.ContentTypeDetector.GetJsonScore(string)' with a call to 'string.StartsWith(string, System.StringComparison)'. (https://learn.microsoft.com/dotnet/fundamentals/code-analysis/quality-rules/ca1310) [C:\Projects\Hazina\src\Core\AI\Hazina.AI.RAG\Hazina.AI.RAG.csproj::TargetFramework=net9.0]
C:\Projects\Hazina\src\Core\AI\Hazina.AI.RAG\Embeddings\ContentTypeDetector.cs(150,41): warning CA1310: The behavior of 'string.EndsWith(string)' could vary based on the current user's locale settings. Replace this call in 'Hazina.AI.RAG.Embeddings.ContentTypeDetector.GetJsonScore(string)' with a call to 'string.EndsWith(string, System.StringComparison)'. (https://learn.microsoft.com/dotnet/fundamentals/code-analysis/quality-rules/ca1310) [C:\Projects\Hazina\src\Core\AI\Hazina.AI.RAG\Hazina.AI.RAG.csproj::TargetFramework=net9.0]
C:\Projects\Hazina\src\Core\AI\Hazina.AI.RAG\Embeddings\ContentTypeDetector.cs(156,29): warning CA1875: Use 'Regex.Count' instead of 'Regex.Matches(...).Count' (https://learn.microsoft.com/dotnet/fundamentals/code-analysis/quality-rules/ca1875) [C:\Projects\Hazina\src\Core\AI\Hazina.AI.RAG\Hazina.AI.RAG.csproj::TargetFramework=net9.0]
C:\Projects\Hazina\src\Core\AI\Hazina.AI.RAG\Embeddings\ContentTypeDetector.cs(156,29): warning MA0009: Regular expressions should not be vulnerable to Denial of Service attacks (https://github.com/meziantou/Meziantou.Analyzer/blob/main/docs/Rules/MA0009.md) [C:\Projects\Hazina\src\Core\AI\Hazina.AI.RAG\Hazina.AI.RAG.csproj::TargetFramework=net9.0]
C:\Projects\Hazina\src\Core\AI\Hazina.AI.RAG\Embeddings\ContentTypeDetector.cs(149,14): warning MA0074: Use an overload of 'StartsWith' that has a StringComparison parameter (https://github.com/meziantou/Meziantou.Analyzer/blob/main/docs/Rules/MA0074.md) [C:\Projects\Hazina\src\Core\AI\Hazina.AI.RAG\Hazina.AI.RAG.csproj::TargetFramework=net9.0]
C:\Projects\Hazina\src\Core\AI\Hazina.AI.RAG\Embeddings\ContentTypeDetector.cs(149,41): warning MA0074: Use an overload of 'EndsWith' that has a StringComparison parameter (https://github.com/meziantou/Meziantou.Analyzer/blob/main/docs/Rules/MA0074.md) [C:\Projects\Hazina\src\Core\AI\Hazina.AI.RAG\Hazina.AI.RAG.csproj::TargetFramework=net9.0]
C:\Projects\Hazina\src\Core\AI\Hazina.AI.RAG\Embeddings\ContentTypeDetector.cs(150,14): warning MA0074: Use an overload of 'StartsWith' that has a StringComparison parameter (https://github.com/meziantou/Meziantou.Analyzer/blob/main/docs/Rules/MA0074.md) [C:\Projects\Hazina\src\Core\AI\Hazina.AI.RAG\Hazina.AI.RAG.csproj::TargetFramework=net9.0]
C:\Projects\Hazina\src\Core\AI\Hazina.AI.RAG\Embeddings\ContentTypeDetector.cs(150,41): warning MA0074: Use an overload of 'EndsWith' that has a StringComparison parameter (https://github.com/meziantou/Meziantou.Analyzer/blob/main/docs/Rules/MA0074.md) [C:\Projects\Hazina\src\Core\AI\Hazina.AI.RAG\Hazina.AI.RAG.csproj::TargetFramework=net9.0]
C:\Projects\Hazina\src\Core\AI\Hazina.AI.RAG\Embeddings\HierarchicalChunker.cs(94,61): warning SA1629: Documentation text should end with a period (https://github.com/DotNetAnalyzers/StyleCopAnalyzers/blob/master/documentation/SA1629.md) [C:\Projects\Hazina\src\Core\AI\Hazina.AI.RAG\Hazina.AI.RAG.csproj::TargetFramework=net9.0]
C:\Projects\Hazina\src\Core\AI\Hazina.AI.RAG\Retrieval\LlmJudgeReranker.cs(76,28): warning MA0004: Use Task.ConfigureAwait(false) if the current SynchronizationContext is not needed (https://github.com/meziantou/Meziantou.Analyzer/blob/main/docs/Rules/MA0004.md) [C:\Projects\Hazina\src\Core\AI\Hazina.AI.RAG\Hazina.AI.RAG.csproj::TargetFramework=net9.0]
C:\Projects\Hazina\src\Core\AI\Hazina.AI.RAG\Retrieval\LlmJudgeReranker.cs(86,17): warning MA0011: Use an overload of 'TryParse' that has a 'System.IFormatProvider' parameter (https://github.com/meziantou/Meziantou.Analyzer/blob/main/docs/Rules/MA0011.md) [C:\Projects\Hazina\src\Core\AI\Hazina.AI.RAG\Hazina.AI.RAG.csproj::TargetFramework=net9.0]
C:\Projects\Hazina\src\Core\AI\Hazina.AI.RAG\Retrieval\LlmJudgeReranker.cs(91,17): warning MA0011: Use an overload of 'TryParse' that has a 'System.IFormatProvider' parameter (https://github.com/meziantou/Meziantou.Analyzer/blob/main/docs/Rules/MA0011.md) [C:\Projects\Hazina\src\Core\AI\Hazina.AI.RAG\Hazina.AI.RAG.csproj::TargetFramework=net9.0]
C:\Projects\Hazina\src\Core\AI\Hazina.AI.RAG\Retrieval\LlmJudgeReranker.cs(96,9): warning CA1031: Modify 'ScoreRelevanceAsync' to catch a more specific allowed exception type, or rethrow the exception (https://learn.microsoft.com/dotnet/fundamentals/code-analysis/quality-rules/ca1031) [C:\Projects\Hazina\src\Core\AI\Hazina.AI.RAG\Hazina.AI.RAG.csproj::TargetFramework=net9.0]
C:\Projects\Hazina\src\Core\AI\Hazina.AI.RAG\Embeddings\SemanticSimilarityChunker.cs(131,26): warning S2325: Make 'SplitIntoSentences' a static method. (https://rules.sonarsource.com/csharp/RSPEC-2325) [C:\Projects\Hazina\src\Core\AI\Hazina.AI.RAG\Hazina.AI.RAG.csproj::TargetFramework=net9.0]
C:\Projects\Hazina\src\Core\AI\Hazina.AI.RAG\Embeddings\SemanticSimilarityChunker.cs(57,54): warning SA1629: Documentation text should end with a period (https://github.com/DotNetAnalyzers/StyleCopAnalyzers/blob/master/documentation/SA1629.md) [C:\Projects\Hazina\src\Core\AI\Hazina.AI.RAG\Hazina.AI.RAG.csproj::TargetFramework=net9.0]
C:\Projects\Hazina\src\Core\AI\Hazina.AI.RAG\Embeddings\SemanticSimilarityChunker.cs(65,13): warning SA1503: Braces should not be omitted (https://github.com/DotNetAnalyzers/StyleCopAnalyzers/blob/master/documentation/SA1503.md) [C:\Projects\Hazina\src\Core\AI\Hazina.AI.RAG\Hazina.AI.RAG.csproj::TargetFramework=net9.0]
C:\Projects\Hazina\src\Core\AI\Hazina.AI.RAG\Embeddings\SemanticSimilarityChunker.cs(86,17): warning SA1503: Braces should not be omitted (https://github.com/DotNetAnalyzers/StyleCopAnalyzers/blob/master/documentation/SA1503.md) [C:\Projects\Hazina\src\Core\AI\Hazina.AI.RAG\Hazina.AI.RAG.csproj::TargetFramework=net9.0]
C:\Projects\Hazina\src\Core\AI\Hazina.AI.RAG\Embeddings\LLMMetadataExtractor.cs(75,25): warning CA1002: Change 'List<TextChunk>' in 'LLMMetadataExtractor.ExtractBatchMetadataAsync(List<TextChunk>, [CancellationToken])' to use 'Collection<T>', 'ReadOnlyCollection<T>' or 'KeyedCollection<K,V>' (https://learn.microsoft.com/dotnet/fundamentals/code-analysis/quality-rules/ca1002) [C:\Projects\Hazina\src\Core\AI\Hazina.AI.RAG\Hazina.AI.RAG.csproj::TargetFramework=net9.0]
C:\Projects\Hazina\src\Core\AI\Hazina.AI.RAG\Embeddings\LLMMetadataExtractor.cs(74,18): warning MA0016: Prefer using collection abstraction instead of implementation (https://github.com/meziantou/Meziantou.Analyzer/blob/main/docs/Rules/MA0016.md) [C:\Projects\Hazina\src\Core\AI\Hazina.AI.RAG\Hazina.AI.RAG.csproj::TargetFramework=net9.0]
C:\Projects\Hazina\src\Core\AI\Hazina.AI.RAG\Embeddings\LLMMetadataExtractor.cs(75,9): warning MA0016: Prefer using collection abstraction instead of implementation (https://github.com/meziantou/Meziantou.Analyzer/blob/main/docs/Rules/MA0016.md) [C:\Projects\Hazina\src\Core\AI\Hazina.AI.RAG\Hazina.AI.RAG.csproj::TargetFramework=net9.0]
C:\Projects\Hazina\src\Core\AI\Hazina.AI.RAG\Embeddings\SemanticSimilarityChunker.cs(75,21): warning CA1873: Evaluation of this argument may be expensive and unnecessary if logging is disabled (https://learn.microsoft.com/dotnet/fundamentals/code-analysis/quality-rules/ca1873) [C:\Projects\Hazina\src\Core\AI\Hazina.AI.RAG\Hazina.AI.RAG.csproj::TargetFramework=net9.0]
C:\Projects\Hazina\src\Core\AI\Hazina.AI.RAG\Embeddings\SemanticSimilarityChunker.cs(79,21): warning CA1873: Evaluation of this argument may be expensive and unnecessary if logging is disabled (https://learn.microsoft.com/dotnet/fundamentals/code-analysis/quality-rules/ca1873) [C:\Projects\Hazina\src\Core\AI\Hazina.AI.RAG\Hazina.AI.RAG.csproj::TargetFramework=net9.0]
C:\Projects\Hazina\src\Core\AI\Hazina.AI.RAG\Embeddings\SemanticSimilarityChunker.cs(83,21): warning CA1873: Evaluation of this argument may be expensive and unnecessary if logging is disabled (https://learn.microsoft.com/dotnet/fundamentals/code-analysis/quality-rules/ca1873) [C:\Projects\Hazina\src\Core\AI\Hazina.AI.RAG\Hazina.AI.RAG.csproj::TargetFramework=net9.0]
C:\Projects\Hazina\src\Core\AI\Hazina.AI.RAG\Embeddings\SemanticSimilarityChunker.cs(99,21): warning CA1873: Evaluation of this argument may be expensive and unnecessary if logging is disabled (https://learn.microsoft.com/dotnet/fundamentals/code-analysis/quality-rules/ca1873) [C:\Projects\Hazina\src\Core\AI\Hazina.AI.RAG\Hazina.AI.RAG.csproj::TargetFramework=net9.0]
C:\Projects\Hazina\src\Core\AI\Hazina.AI.RAG\Embeddings\SemanticSimilarityChunker.cs(103,21): warning CA1873: Evaluation of this argument may be expensive and unnecessary if logging is disabled (https://learn.microsoft.com/dotnet/fundamentals/code-analysis/quality-rules/ca1873) [C:\Projects\Hazina\src\Core\AI\Hazina.AI.RAG\Hazina.AI.RAG.csproj::TargetFramework=net9.0]
C:\Projects\Hazina\src\Core\AI\Hazina.AI.RAG\Embeddings\SemanticSimilarityChunker.cs(107,21): warning CA1873: Evaluation of this argument may be expensive and unnecessary if logging is disabled (https://learn.microsoft.com/dotnet/fundamentals/code-analysis/quality-rules/ca1873) [C:\Projects\Hazina\src\Core\AI\Hazina.AI.RAG\Hazina.AI.RAG.csproj::TargetFramework=net9.0]
C:\Projects\Hazina\src\Core\AI\Hazina.AI.RAG\Embeddings\SemanticSimilarityChunker.cs(111,21): warning CA1873: Evaluation of this argument may be expensive and unnecessary if logging is disabled (https://learn.microsoft.com/dotnet/fundamentals/code-analysis/quality-rules/ca1873) [C:\Projects\Hazina\src\Core\AI\Hazina.AI.RAG\Hazina.AI.RAG.csproj::TargetFramework=net9.0]
C:\Projects\Hazina\src\Core\AI\Hazina.AI.RAG\Embeddings\SemanticSimilarityChunker.cs(69,21): warning CA1848: For improved performance, use the LoggerMessage delegates instead of calling 'LoggerExtensions.LogWarning(ILogger, string?, params object?[])' (https://learn.microsoft.com/dotnet/fundamentals/code-analysis/quality-rules/ca1848) [C:\Projects\Hazina\src\Core\AI\Hazina.AI.RAG\Hazina.AI.RAG.csproj::TargetFramework=net9.0]
C:\Projects\Hazina\src\Core\AI\Hazina.AI.RAG\Embeddings\SemanticSimilarityChunker.cs(75,21): warning CA1848: For improved performance, use the LoggerMessage delegates instead of calling 'LoggerExtensions.LogInformation(ILogger, string?, params object?[])' (https://learn.microsoft.com/dotnet/fundamentals/code-analysis/quality-rules/ca1848) [C:\Projects\Hazina\src\Core\AI\Hazina.AI.RAG\Hazina.AI.RAG.csproj::TargetFramework=net9.0]
C:\Projects\Hazina\src\Core\AI\Hazina.AI.RAG\Embeddings\SemanticSimilarityChunker.cs(79,21): warning CA1848: For improved performance, use the LoggerMessage delegates instead of calling 'LoggerExtensions.LogDebug(ILogger, string?, params object?[])' (https://learn.microsoft.com/dotnet/fundamentals/code-analysis/quality-rules/ca1848) [C:\Projects\Hazina\src\Core\AI\Hazina.AI.RAG\Hazina.AI.RAG.csproj::TargetFramework=net9.0]
C:\Projects\Hazina\src\Core\AI\Hazina.AI.RAG\Embeddings\SemanticSimilarityChunker.cs(83,21): warning CA1848: For improved performance, use the LoggerMessage delegates instead of calling 'LoggerExtensions.LogDebug(ILogger, string?, params object?[])' (https://learn.microsoft.com/dotnet/fundamentals/code-analysis/quality-rules/ca1848) [C:\Projects\Hazina\src\Core\AI\Hazina.AI.RAG\Hazina.AI.RAG.csproj::TargetFramework=net9.0]
C:\Projects\Hazina\src\Core\AI\Hazina.AI.RAG\Embeddings\SemanticSimilarityChunker.cs(99,21): warning CA1848: For improved performance, use the LoggerMessage delegates instead of calling 'LoggerExtensions.LogDebug(ILogger, string?, params object?[])' (https://learn.microsoft.com/dotnet/fundamentals/code-analysis/quality-rules/ca1848) [C:\Projects\Hazina\src\Core\AI\Hazina.AI.RAG\Hazina.AI.RAG.csproj::TargetFramework=net9.0]
C:\Projects\Hazina\src\Core\AI\Hazina.AI.RAG\Embeddings\SemanticSimilarityChunker.cs(103,21): warning CA1848: For improved performance, use the LoggerMessage delegates instead of calling 'LoggerExtensions.LogDebug(ILogger, string?, params object?[])' (https://learn.microsoft.com/dotnet/fundamentals/code-analysis/quality-rules/ca1848) [C:\Projects\Hazina\src\Core\AI\Hazina.AI.RAG\Hazina.AI.RAG.csproj::TargetFramework=net9.0]
C:\Projects\Hazina\src\Core\AI\Hazina.AI.RAG\Embeddings\SemanticSimilarityChunker.cs(107,21): warning CA1848: For improved performance, use the LoggerMessage delegates instead of calling 'LoggerExtensions.LogInformation(ILogger, string?, params object?[])' (https://learn.microsoft.com/dotnet/fundamentals/code-analysis/quality-rules/ca1848) [C:\Projects\Hazina\src\Core\AI\Hazina.AI.RAG\Hazina.AI.RAG.csproj::TargetFramework=net9.0]
C:\Projects\Hazina\src\Core\AI\Hazina.AI.RAG\Embeddings\SemanticSimilarityChunker.cs(111,21): warning CA1848: For improved performance, use the LoggerMessage delegates instead of calling 'LoggerExtensions.LogInformation(ILogger, string?, params object?[])' (https://learn.microsoft.com/dotnet/fundamentals/code-analysis/quality-rules/ca1848) [C:\Projects\Hazina\src\Core\AI\Hazina.AI.RAG\Hazina.AI.RAG.csproj::TargetFramework=net9.0]
C:\Projects\Hazina\src\Core\AI\Hazina.AI.RAG\Embeddings\SemanticSimilarityChunker.cs(123,21): warning CA1848: For improved performance, use the LoggerMessage delegates instead of calling 'LoggerExtensions.LogError(ILogger, Exception?, string?, params object?[])' (https://learn.microsoft.com/dotnet/fundamentals/code-analysis/quality-rules/ca1848) [C:\Projects\Hazina\src\Core\AI\Hazina.AI.RAG\Hazina.AI.RAG.csproj::TargetFramework=net9.0]
C:\Projects\Hazina\src\Core\AI\Hazina.AI.RAG\Embeddings\SemanticSimilarityChunker.cs(98,30): warning MA0004: Use Task.ConfigureAwait(false) if the current SynchronizationContext is not needed (https://github.com/meziantou/Meziantou.Analyzer/blob/main/docs/Rules/MA0004.md) [C:\Projects\Hazina\src\Core\AI\Hazina.AI.RAG\Hazina.AI.RAG.csproj::TargetFramework=net9.0]
C:\Projects\Hazina\src\Core\AI\Hazina.AI.RAG\Embeddings\SemanticSimilarityChunker.cs(116,17): warning MA0004: Use Task.ConfigureAwait(false) if the current SynchronizationContext is not needed (https://github.com/meziantou/Meziantou.Analyzer/blob/main/docs/Rules/MA0004.md) [C:\Projects\Hazina\src\Core\AI\Hazina.AI.RAG\Hazina.AI.RAG.csproj::TargetFramework=net9.0]
C:\Projects\Hazina\src\Core\AI\Hazina.AI.RAG\Graph\Pipeline\LLMRelationshipExtractor.cs(142,40): warning SA1116: The parameters should begin on the line after the declaration, whenever the parameter span across multiple lines (https://github.com/DotNetAnalyzers/StyleCopAnalyzers/blob/master/documentation/SA1116.md) [C:\Projects\Hazina\src\Core\AI\Hazina.AI.RAG\Hazina.AI.RAG.csproj::TargetFramework=net9.0]
C:\Projects\Hazina\src\Core\AI\Hazina.AI.RAG\Graph\Pipeline\LLMRelationshipExtractor.cs(150,38): warning SA1116: The parameters should begin on the line after the declaration, whenever the parameter span across multiple lines (https://github.com/DotNetAnalyzers/StyleCopAnalyzers/blob/master/documentation/SA1116.md) [C:\Projects\Hazina\src\Core\AI\Hazina.AI.RAG\Hazina.AI.RAG.csproj::TargetFramework=net9.0]
C:\Projects\Hazina\src\Core\AI\Hazina.AI.RAG\Graph\Pipeline\LLMRelationshipExtractor.cs(158,40): warning SA1116: The parameters should begin on the line after the declaration, whenever the parameter span across multiple lines (https://github.com/DotNetAnalyzers/StyleCopAnalyzers/blob/master/documentation/SA1116.md) [C:\Projects\Hazina\src\Core\AI\Hazina.AI.RAG\Hazina.AI.RAG.csproj::TargetFramework=net9.0]
C:\Projects\Hazina\src\Core\AI\Hazina.AI.RAG\Graph\Pipeline\LLMRelationshipExtractor.cs(165,40): warning SA1116: The parameters should begin on the line after the declaration, whenever the parameter span across multiple lines (https://github.com/DotNetAnalyzers/StyleCopAnalyzers/blob/master/documentation/SA1116.md) [C:\Projects\Hazina\src\Core\AI\Hazina.AI.RAG\Hazina.AI.RAG.csproj::TargetFramework=net9.0]
C:\Projects\Hazina\src\Core\AI\Hazina.AI.RAG\Graph\Pipeline\LLMRelationshipExtractor.cs(150,21): warning CA1873: Evaluation of this argument may be expensive and unnecessary if logging is disabled (https://learn.microsoft.com/dotnet/fundamentals/code-analysis/quality-rules/ca1873) [C:\Projects\Hazina\src\Core\AI\Hazina.AI.RAG\Hazina.AI.RAG.csproj::TargetFramework=net9.0]
C:\Projects\Hazina\src\Core\AI\Hazina.AI.RAG\Embeddings\SemanticSimilarityChunker.cs(129,59): warning SA1629: Documentation text should end with a period (https://github.com/DotNetAnalyzers/StyleCopAnalyzers/blob/master/documentation/SA1629.md) [C:\Projects\Hazina\src\Core\AI\Hazina.AI.RAG\Hazina.AI.RAG.csproj::TargetFramework=net9.0]
C:\Projects\Hazina\src\Core\AI\Hazina.AI.RAG\Embeddings\SemanticSimilarityChunker.cs(138,9): warning SA1111: Closing parenthesis should be on line of last parameter (https://github.com/DotNetAnalyzers/StyleCopAnalyzers/blob/master/documentation/SA1111.md) [C:\Projects\Hazina\src\Core\AI\Hazina.AI.RAG\Hazina.AI.RAG.csproj::TargetFramework=net9.0]
C:\Projects\Hazina\src\Core\AI\Hazina.AI.RAG\Embeddings\SemanticSimilarityChunker.cs(121,9): warning CA1031: Modify 'ChunkAsync' to catch a more specific allowed exception type, or rethrow the exception (https://learn.microsoft.com/dotnet/fundamentals/code-analysis/quality-rules/ca1031) [C:\Projects\Hazina\src\Core\AI\Hazina.AI.RAG\Hazina.AI.RAG.csproj::TargetFramework=net9.0]
C:\Projects\Hazina\src\Core\AI\Hazina.AI.RAG\Graph\Pipeline\LLMRelationshipExtractor.cs(130,17): warning CA1848: For improved performance, use the LoggerMessage delegates instead of calling 'LoggerExtensions.LogWarning(ILogger, string?, params object?[])' (https://learn.microsoft.com/dotnet/fundamentals/code-analysis/quality-rules/ca1848) [C:\Projects\Hazina\src\Core\AI\Hazina.AI.RAG\Hazina.AI.RAG.csproj::TargetFramework=net9.0]
C:\Projects\Hazina\src\Core\AI\Hazina.AI.RAG\Graph\Pipeline\LLMRelationshipExtractor.cs(142,21): warning CA1848: For improved performance, use the LoggerMessage delegates instead of calling 'LoggerExtensions.LogWarning(ILogger, string?, params object?[])' (https://learn.microsoft.com/dotnet/fundamentals/code-analysis/quality-rules/ca1848) [C:\Projects\Hazina\src\Core\AI\Hazina.AI.RAG\Hazina.AI.RAG.csproj::TargetFramework=net9.0]
C:\Projects\Hazina\src\Core\AI\Hazina.AI.RAG\Graph\Pipeline\LLMRelationshipExtractor.cs(150,21): warning CA1848: For improved performance, use the LoggerMessage delegates instead of calling 'LoggerExtensions.LogDebug(ILogger, string?, params object?[])' (https://learn.microsoft.com/dotnet/fundamentals/code-analysis/quality-rules/ca1848) [C:\Projects\Hazina\src\Core\AI\Hazina.AI.RAG\Hazina.AI.RAG.csproj::TargetFramework=net9.0]
C:\Projects\Hazina\src\Core\AI\Hazina.AI.RAG\Graph\Pipeline\LLMRelationshipExtractor.cs(158,21): warning CA1848: For improved performance, use the LoggerMessage delegates instead of calling 'LoggerExtensions.LogWarning(ILogger, string?, params object?[])' (https://learn.microsoft.com/dotnet/fundamentals/code-analysis/quality-rules/ca1848) [C:\Projects\Hazina\src\Core\AI\Hazina.AI.RAG\Hazina.AI.RAG.csproj::TargetFramework=net9.0]
C:\Projects\Hazina\src\Core\AI\Hazina.AI.RAG\Graph\Pipeline\LLMRelationshipExtractor.cs(165,21): warning CA1848: For improved performance, use the LoggerMessage delegates instead of calling 'LoggerExtensions.LogWarning(ILogger, string?, params object?[])' (https://learn.microsoft.com/dotnet/fundamentals/code-analysis/quality-rules/ca1848) [C:\Projects\Hazina\src\Core\AI\Hazina.AI.RAG\Hazina.AI.RAG.csproj::TargetFramework=net9.0]
C:\Projects\Hazina\src\Core\AI\Hazina.AI.RAG\Extensions\DocumentStoreSemanticExtensions.cs(166,9): warning MA0016: Prefer using collection abstraction instead of implementation (https://github.com/meziantou/Meziantou.Analyzer/blob/main/docs/Rules/MA0016.md) [C:\Projects\Hazina\src\Core\AI\Hazina.AI.RAG\Hazina.AI.RAG.csproj::TargetFramework=net9.0]
C:\Projects\Hazina\src\Core\AI\Hazina.AI.RAG\Graph\Pipeline\LLMRelationshipExtractor.cs(192,13): warning CA1848: For improved performance, use the LoggerMessage delegates instead of calling 'LoggerExtensions.LogError(ILogger, Exception?, string?, params object?[])' (https://learn.microsoft.com/dotnet/fundamentals/code-analysis/quality-rules/ca1848) [C:\Projects\Hazina\src\Core\AI\Hazina.AI.RAG\Hazina.AI.RAG.csproj::TargetFramework=net9.0]
C:\Projects\Hazina\src\Core\AI\Hazina.AI.RAG\Graph\Pipeline\GraphConstructionPipeline.cs(200,18): warning MA0016: Prefer using collection abstraction instead of implementation (https://github.com/meziantou/Meziantou.Analyzer/blob/main/docs/Rules/MA0016.md) [C:\Projects\Hazina\src\Core\AI\Hazina.AI.RAG\Hazina.AI.RAG.csproj::TargetFramework=net9.0]
C:\Projects\Hazina\src\Core\AI\Hazina.AI.RAG\Graph\Pipeline\GraphConstructionPipeline.cs(201,9): warning MA0016: Prefer using collection abstraction instead of implementation (https://github.com/meziantou/Meziantou.Analyzer/blob/main/docs/Rules/MA0016.md) [C:\Projects\Hazina\src\Core\AI\Hazina.AI.RAG\Hazina.AI.RAG.csproj::TargetFramework=net9.0]
C:\Projects\Hazina\src\Core\AI\Hazina.AI.RAG\Graph\Pipeline\LLMRelationshipExtractor.cs(113,17): warning CA1310: The behavior of 'string.StartsWith(string)' could vary based on the current user's locale settings. Replace this call in 'Hazina.AI.RAG.Graph.Pipeline.LLMRelationshipExtractor.ParseRelationshipResponse(string, System.Collections.Generic.List<Hazina.AI.RAG.Graph.Models.GraphEntity>, string?, string)' with a call to 'string.StartsWith(string, System.StringComparison)'. (https://learn.microsoft.com/dotnet/fundamentals/code-analysis/quality-rules/ca1310) [C:\Projects\Hazina\src\Core\AI\Hazina.AI.RAG\Hazina.AI.RAG.csproj::TargetFramework=net9.0]
C:\Projects\Hazina\src\Core\AI\Hazina.AI.RAG\Graph\Pipeline\LLMRelationshipExtractor.cs(117,17): warning CA1310: The behavior of 'string.StartsWith(string)' could vary based on the current user's locale settings. Replace this call in 'Hazina.AI.RAG.Graph.Pipeline.LLMRelationshipExtractor.ParseRelationshipResponse(string, System.Collections.Generic.List<Hazina.AI.RAG.Graph.Models.GraphEntity>, string?, string)' with a call to 'string.StartsWith(string, System.StringComparison)'. (https://learn.microsoft.com/dotnet/fundamentals/code-analysis/quality-rules/ca1310) [C:\Projects\Hazina\src\Core\AI\Hazina.AI.RAG\Hazina.AI.RAG.csproj::TargetFramework=net9.0]
C:\Projects\Hazina\src\Core\AI\Hazina.AI.RAG\Graph\Pipeline\LLMRelationshipExtractor.cs(121,17): warning CA1310: The behavior of 'string.EndsWith(string)' could vary based on the current user's locale settings. Replace this call in 'Hazina.AI.RAG.Graph.Pipeline.LLMRelationshipExtractor.ParseRelationshipResponse(string, System.Collections.Generic.List<Hazina.AI.RAG.Graph.Models.GraphEntity>, string?, string)' with a call to 'string.EndsWith(string, System.StringComparison)'. (https://learn.microsoft.com/dotnet/fundamentals/code-analysis/quality-rules/ca1310) [C:\Projects\Hazina\src\Core\AI\Hazina.AI.RAG\Hazina.AI.RAG.csproj::TargetFramework=net9.0]
C:\Projects\Hazina\src\Core\AI\Hazina.AI.RAG\Graph\Pipeline\EntityNormalizationService.cs(74,13): warning CA1873: Evaluation of this argument may be expensive and unnecessary if logging is disabled (https://learn.microsoft.com/dotnet/fundamentals/code-analysis/quality-rules/ca1873) [C:\Projects\Hazina\src\Core\AI\Hazina.AI.RAG\Hazina.AI.RAG.csproj::TargetFramework=net9.0]
C:\Projects\Hazina\src\Core\AI\Hazina.AI.RAG\Graph\Pipeline\EntityNormalizationService.cs(74,13): warning CA1848: For improved performance, use the LoggerMessage delegates instead of calling 'LoggerExtensions.LogDebug(ILogger, string?, params object?[])' (https://learn.microsoft.com/dotnet/fundamentals/code-analysis/quality-rules/ca1848) [C:\Projects\Hazina\src\Core\AI\Hazina.AI.RAG\Hazina.AI.RAG.csproj::TargetFramework=net9.0]
C:\Projects\Hazina\src\Core\AI\Hazina.AI.RAG\Graph\Pipeline\EntityNormalizationService.cs(66,32): warning MA0004: Use Task.ConfigureAwait(false) if the current SynchronizationContext is not needed (https://github.com/meziantou/Meziantou.Analyzer/blob/main/docs/Rules/MA0004.md) [C:\Projects\Hazina\src\Core\AI\Hazina.AI.RAG\Hazina.AI.RAG.csproj::TargetFramework=net9.0]
C:\Projects\Hazina\src\Core\AI\Hazina.AI.RAG\Extensions\DocumentStoreSemanticExtensions.cs(156,53): warning SA1629: Documentation text should end with a period (https://github.com/DotNetAnalyzers/StyleCopAnalyzers/blob/master/documentation/SA1629.md) [C:\Projects\Hazina\src\Core\AI\Hazina.AI.RAG\Hazina.AI.RAG.csproj::TargetFramework=net9.0]
C:\Projects\Hazina\src\Core\AI\Hazina.AI.RAG\Extensions\DocumentStoreSemanticExtensions.cs(195,9): warning SA1111: Closing parenthesis should be on line of last parameter (https://github.com/DotNetAnalyzers/StyleCopAnalyzers/blob/master/documentation/SA1111.md) [C:\Projects\Hazina\src\Core\AI\Hazina.AI.RAG\Hazina.AI.RAG.csproj::TargetFramework=net9.0]
C:\Projects\Hazina\src\Core\AI\Hazina.AI.RAG\Embeddings\ContentTypeDetector.cs(163,64): warning SA1629: Documentation text should end with a period (https://github.com/DotNetAnalyzers/StyleCopAnalyzers/blob/master/documentation/SA1629.md) [C:\Projects\Hazina\src\Core\AI\Hazina.AI.RAG\Hazina.AI.RAG.csproj::TargetFramework=net9.0]
C:\Projects\Hazina\src\Core\AI\Hazina.AI.RAG\Graph\Retrieval\HybridRetrievalService.cs(39,18): warning MA0016: Prefer using collection abstraction instead of implementation (https://github.com/meziantou/Meziantou.Analyzer/blob/main/docs/Rules/MA0016.md) [C:\Projects\Hazina\src\Core\AI\Hazina.AI.RAG\Hazina.AI.RAG.csproj::TargetFramework=net9.0]
C:\Projects\Hazina\src\Core\AI\Hazina.AI.RAG\Extensions\DocumentStoreSemanticExtensions.cs(171,27): warning MA0004: Use Task.ConfigureAwait(false) if the current SynchronizationContext is not needed (https://github.com/meziantou/Meziantou.Analyzer/blob/main/docs/Rules/MA0004.md) [C:\Projects\Hazina\src\Core\AI\Hazina.AI.RAG\Hazina.AI.RAG.csproj::TargetFramework=net9.0]
C:\Projects\Hazina\src\Core\AI\Hazina.AI.RAG\Extensions\DocumentStoreSemanticExtensions.cs(173,15): warning MA0004: Use Task.ConfigureAwait(false) if the current SynchronizationContext is not needed (https://github.com/meziantou/Meziantou.Analyzer/blob/main/docs/Rules/MA0004.md) [C:\Projects\Hazina\src\Core\AI\Hazina.AI.RAG\Hazina.AI.RAG.csproj::TargetFramework=net9.0]
C:\Projects\Hazina\src\Core\AI\Hazina.AI.RAG\Extensions\DocumentStoreSemanticExtensions.cs(186,16): warning MA0004: Use Task.ConfigureAwait(false) if the current SynchronizationContext is not needed (https://github.com/meziantou/Meziantou.Analyzer/blob/main/docs/Rules/MA0004.md) [C:\Projects\Hazina\src\Core\AI\Hazina.AI.RAG\Hazina.AI.RAG.csproj::TargetFramework=net9.0]
C:\Projects\Hazina\src\Core\AI\Hazina.AI.RAG\Graph\Storage\SQLiteGraphStore.cs(426,9): warning MA0004: Use Task.ConfigureAwait(false) if the current SynchronizationContext is not needed (https://github.com/meziantou/Meziantou.Analyzer/blob/main/docs/Rules/MA0004.md) [C:\Projects\Hazina\src\Core\AI\Hazina.AI.RAG\Hazina.AI.RAG.csproj::TargetFramework=net9.0]
C:\Projects\Hazina\src\Core\AI\Hazina.AI.RAG\Extensions\DocumentStoreSemanticExtensions.cs(181,43): warning MA0002: Use an overload that has a IEqualityComparer<string> or IComparer<string> parameter (https://github.com/meziantou/Meziantou.Analyzer/blob/main/docs/Rules/MA0002.md) [C:\Projects\Hazina\src\Core\AI\Hazina.AI.RAG\Hazina.AI.RAG.csproj::TargetFramework=net9.0]
C:\Projects\Hazina\src\Core\AI\Hazina.AI.RAG\Graph\Storage\SQLiteGraphStore.cs(434,28): warning MA0004: Use Task.ConfigureAwait(false) if the current SynchronizationContext is not needed (https://github.com/meziantou/Meziantou.Analyzer/blob/main/docs/Rules/MA0004.md) [C:\Projects\Hazina\src\Core\AI\Hazina.AI.RAG\Hazina.AI.RAG.csproj::TargetFramework=net9.0]
C:\Projects\Hazina\src\Core\AI\Hazina.AI.RAG\Graph\Storage\SQLiteGraphStore.cs(435,16): warning MA0004: Use Task.ConfigureAwait(false) if the current SynchronizationContext is not needed (https://github.com/meziantou/Meziantou.Analyzer/blob/main/docs/Rules/MA0004.md) [C:\Projects\Hazina\src\Core\AI\Hazina.AI.RAG\Hazina.AI.RAG.csproj::TargetFramework=net9.0]
C:\Projects\Hazina\src\Core\AI\Hazina.AI.RAG\Graph\Storage\SQLiteGraphStore.cs(373,37): warning S6966: Await BeginTransactionAsync instead. (https://rules.sonarsource.com/csharp/RSPEC-6966) [C:\Projects\Hazina\src\Core\AI\Hazina.AI.RAG\Hazina.AI.RAG.csproj::TargetFramework=net9.0]
C:\Projects\Hazina\src\Core\AI\Hazina.AI.RAG\Embeddings\BasicMetadataExtractor.cs(72,25): warning CA1002: Change 'List<string>' in 'BasicMetadataExtractor.ExtractKeywordsTFIDF(string, [int])' to use 'Collection<T>', 'ReadOnlyCollection<T>' or 'KeyedCollection<K,V>' (https://learn.microsoft.com/dotnet/fundamentals/code-analysis/quality-rules/ca1002) [C:\Projects\Hazina\src\Core\AI\Hazina.AI.RAG\Hazina.AI.RAG.csproj::TargetFramework=net9.0]
C:\Projects\Hazina\src\Core\AI\Hazina.AI.RAG\Embeddings\BasicMetadataExtractor.cs(72,12): warning MA0016: Prefer using collection abstraction instead of implementation (https://github.com/meziantou/Meziantou.Analyzer/blob/main/docs/Rules/MA0016.md) [C:\Projects\Hazina\src\Core\AI\Hazina.AI.RAG\Hazina.AI.RAG.csproj::TargetFramework=net9.0]
C:\Projects\Hazina\src\Core\AI\Hazina.AI.RAG\Embeddings\LLMMetadataExtractor.cs(72,86): warning SA1629: Documentation text should end with a period (https://github.com/DotNetAnalyzers/StyleCopAnalyzers/blob/master/documentation/SA1629.md) [C:\Projects\Hazina\src\Core\AI\Hazina.AI.RAG\Hazina.AI.RAG.csproj::TargetFramework=net9.0]
C:\Projects\Hazina\src\Core\AI\Hazina.AI.RAG\Embeddings\LLMMetadataExtractor.cs(79,13): warning SA1503: Braces should not be omitted (https://github.com/DotNetAnalyzers/StyleCopAnalyzers/blob/master/documentation/SA1503.md) [C:\Projects\Hazina\src\Core\AI\Hazina.AI.RAG\Hazina.AI.RAG.csproj::TargetFramework=net9.0]
C:\Projects\Hazina\src\Core\AI\Hazina.AI.RAG\Embeddings\LLMMetadataExtractor.cs(99,17): warning SA1111: Closing parenthesis should be on line of last parameter (https://github.com/DotNetAnalyzers/StyleCopAnalyzers/blob/master/documentation/SA1111.md) [C:\Projects\Hazina\src\Core\AI\Hazina.AI.RAG\Hazina.AI.RAG.csproj::TargetFramework=net9.0]
C:\Projects\Hazina\src\Core\AI\Hazina.AI.RAG\Graph\Storage\SQLiteGraphStore.cs(449,9): warning MA0004: Use Task.ConfigureAwait(false) if the current SynchronizationContext is not needed (https://github.com/meziantou/Meziantou.Analyzer/blob/main/docs/Rules/MA0004.md) [C:\Projects\Hazina\src\Core\AI\Hazina.AI.RAG\Hazina.AI.RAG.csproj::TargetFramework=net9.0]
C:\Projects\Hazina\src\Core\AI\Hazina.AI.RAG\Graph\Storage\SQLiteGraphStore.cs(454,9): warning MA0004: Use Task.ConfigureAwait(false) if the current SynchronizationContext is not needed (https://github.com/meziantou/Meziantou.Analyzer/blob/main/docs/Rules/MA0004.md) [C:\Projects\Hazina\src\Core\AI\Hazina.AI.RAG\Hazina.AI.RAG.csproj::TargetFramework=net9.0]
C:\Projects\Hazina\src\Core\AI\Hazina.AI.RAG\Graph\Storage\SQLiteGraphStore.cs(451,23): warning MA0002: Use an overload that has a IEqualityComparer<string> or IComparer<string> parameter (https://github.com/meziantou/Meziantou.Analyzer/blob/main/docs/Rules/MA0002.md) [C:\Projects\Hazina\src\Core\AI\Hazina.AI.RAG\Hazina.AI.RAG.csproj::TargetFramework=net9.0]
C:\Projects\Hazina\src\Core\AI\Hazina.AI.RAG\Embeddings\LLMMetadataExtractor.cs(94,25): warning CA1873: Evaluation of this argument may be expensive and unnecessary if logging is disabled (https://learn.microsoft.com/dotnet/fundamentals/code-analysis/quality-rules/ca1873) [C:\Projects\Hazina\src\Core\AI\Hazina.AI.RAG\Hazina.AI.RAG.csproj::TargetFramework=net9.0]
C:\Projects\Hazina\src\Core\AI\Hazina.AI.RAG\Embeddings\LLMMetadataExtractor.cs(94,25): warning CA1848: For improved performance, use the LoggerMessage delegates instead of calling 'LoggerExtensions.LogDebug(ILogger, string?, params object?[])' (https://learn.microsoft.com/dotnet/fundamentals/code-analysis/quality-rules/ca1848) [C:\Projects\Hazina\src\Core\AI\Hazina.AI.RAG\Hazina.AI.RAG.csproj::TargetFramework=net9.0]
C:\Projects\Hazina\src\Core\AI\Hazina.AI.RAG\Embeddings\LLMMetadataExtractor.cs(106,21): warning CA1848: For improved performance, use the LoggerMessage delegates instead of calling 'LoggerExtensions.LogError(ILogger, Exception?, string?, params object?[])' (https://learn.microsoft.com/dotnet/fundamentals/code-analysis/quality-rules/ca1848) [C:\Projects\Hazina\src\Core\AI\Hazina.AI.RAG\Hazina.AI.RAG.csproj::TargetFramework=net9.0]
C:\Projects\Hazina\src\Core\AI\Hazina.AI.RAG\Graph\Pipeline\LLMRelationshipExtractor.cs(113,17): warning MA0074: Use an overload of 'StartsWith' that has a StringComparison parameter (https://github.com/meziantou/Meziantou.Analyzer/blob/main/docs/Rules/MA0074.md) [C:\Projects\Hazina\src\Core\AI\Hazina.AI.RAG\Hazina.AI.RAG.csproj::TargetFramework=net9.0]
C:\Projects\Hazina\src\Core\AI\Hazina.AI.RAG\Graph\Pipeline\LLMRelationshipExtractor.cs(117,17): warning MA0074: Use an overload of 'StartsWith' that has a StringComparison parameter (https://github.com/meziantou/Meziantou.Analyzer/blob/main/docs/Rules/MA0074.md) [C:\Projects\Hazina\src\Core\AI\Hazina.AI.RAG\Hazina.AI.RAG.csproj::TargetFramework=net9.0]
C:\Projects\Hazina\src\Core\AI\Hazina.AI.RAG\Graph\Pipeline\LLMRelationshipExtractor.cs(121,17): warning MA0074: Use an overload of 'EndsWith' that has a StringComparison parameter (https://github.com/meziantou/Meziantou.Analyzer/blob/main/docs/Rules/MA0074.md) [C:\Projects\Hazina\src\Core\AI\Hazina.AI.RAG\Hazina.AI.RAG.csproj::TargetFramework=net9.0]
C:\Projects\Hazina\src\Core\AI\Hazina.AI.RAG\Embeddings\LLMMetadataExtractor.cs(91,36): warning MA0004: Use Task.ConfigureAwait(false) if the current SynchronizationContext is not needed (https://github.com/meziantou/Meziantou.Analyzer/blob/main/docs/Rules/MA0004.md) [C:\Projects\Hazina\src\Core\AI\Hazina.AI.RAG\Hazina.AI.RAG.csproj::TargetFramework=net9.0]
C:\Projects\Hazina\src\Core\AI\Hazina.AI.RAG\Extensions\DocumentStoreSemanticExtensions.cs(170,31): warning CA1062: In externally visible method 'Task<bool> DocumentStoreSemanticExtensions.StoreWithSemanticChunking(DocumentStore documentStore, string name, byte[] content, string mimeType, IEmbeddingGenerator embeddingGenerator, TextChunkingOptions? chunkingOptions = null, ILLMClient? llmClient = null, Dictionary<string, string>? metadata = null, CancellationToken ct = default(CancellationToken))', validate parameter 'documentStore' is non-null before using it. If appropriate, throw an 'ArgumentNullException' when the argument is 'null'. (https://learn.microsoft.com/dotnet/fundamentals/code-analysis/quality-rules/ca1062) [C:\Projects\Hazina\src\Core\AI\Hazina.AI.RAG\Hazina.AI.RAG.csproj::TargetFramework=net9.0]
C:\Projects\Hazina\src\Core\AI\Hazina.AI.RAG\Retrieval\LlmJudgeReranker.cs(106,16): warning CA1307: 'string.Replace(string, string?)' has a method overload that takes a 'StringComparison' parameter. Replace this call in 'Hazina.AI.RAG.Retrieval.LlmJudgeReranker.BuildScoringPrompt(string, string)' with a call to 'string.Replace(string, string?, System.StringComparison)' for clarity of intent. (https://learn.microsoft.com/dotnet/fundamentals/code-analysis/quality-rules/ca1307) [C:\Projects\Hazina\src\Core\AI\Hazina.AI.RAG\Hazina.AI.RAG.csproj::TargetFramework=net9.0]
C:\Projects\Hazina\src\Core\AI\Hazina.AI.RAG\Retrieval\LlmJudgeReranker.cs(106,16): warning CA1307: 'string.Replace(string, string?)' has a method overload that takes a 'StringComparison' parameter. Replace this call in 'Hazina.AI.RAG.Retrieval.LlmJudgeReranker.BuildScoringPrompt(string, string)' with a call to 'string.Replace(string, string?, System.StringComparison)' for clarity of intent. (https://learn.microsoft.com/dotnet/fundamentals/code-analysis/quality-rules/ca1307) [C:\Projects\Hazina\src\Core\AI\Hazina.AI.RAG\Hazina.AI.RAG.csproj::TargetFramework=net9.0]
C:\Projects\Hazina\src\Core\AI\Hazina.AI.RAG\Graph\Storage\SQLiteGraphStore.cs(486,28): warning MA0004: Use Task.ConfigureAwait(false) if the current SynchronizationContext is not needed (https://github.com/meziantou/Meziantou.Analyzer/blob/main/docs/Rules/MA0004.md) [C:\Projects\Hazina\src\Core\AI\Hazina.AI.RAG\Hazina.AI.RAG.csproj::TargetFramework=net9.0]
C:\Projects\Hazina\src\Core\AI\Hazina.AI.RAG\Graph\Storage\SQLiteGraphStore.cs(487,16): warning MA0004: Use Task.ConfigureAwait(false) if the current SynchronizationContext is not needed (https://github.com/meziantou/Meziantou.Analyzer/blob/main/docs/Rules/MA0004.md) [C:\Projects\Hazina\src\Core\AI\Hazina.AI.RAG\Hazina.AI.RAG.csproj::TargetFramework=net9.0]
C:\Projects\Hazina\src\Core\AI\Hazina.AI.RAG\Graph\Storage\SQLiteGraphStore.cs(499,28): warning MA0004: Use Task.ConfigureAwait(false) if the current SynchronizationContext is not needed (https://github.com/meziantou/Meziantou.Analyzer/blob/main/docs/Rules/MA0004.md) [C:\Projects\Hazina\src\Core\AI\Hazina.AI.RAG\Hazina.AI.RAG.csproj::TargetFramework=net9.0]
C:\Projects\Hazina\src\Core\AI\Hazina.AI.RAG\Graph\Storage\SQLiteGraphStore.cs(506,21): warning MA0004: Use Task.ConfigureAwait(false) if the current SynchronizationContext is not needed (https://github.com/meziantou/Meziantou.Analyzer/blob/main/docs/Rules/MA0004.md) [C:\Projects\Hazina\src\Core\AI\Hazina.AI.RAG\Hazina.AI.RAG.csproj::TargetFramework=net9.0]
C:\Projects\Hazina\src\Core\AI\Hazina.AI.RAG\Graph\Pipeline\EntityNormalizationService.cs(97,34): warning SA1116: The parameters should begin on the line after the declaration, whenever the parameter span across multiple lines (https://github.com/DotNetAnalyzers/StyleCopAnalyzers/blob/master/documentation/SA1116.md) [C:\Projects\Hazina\src\Core\AI\Hazina.AI.RAG\Hazina.AI.RAG.csproj::TargetFramework=net9.0]
C:\Projects\Hazina\src\Core\AI\Hazina.AI.RAG\Graph\Pipeline\EntityNormalizationService.cs(115,38): warning SA1116: The parameters should begin on the line after the declaration, whenever the parameter span across multiple lines (https://github.com/DotNetAnalyzers/StyleCopAnalyzers/blob/master/documentation/SA1116.md) [C:\Projects\Hazina\src\Core\AI\Hazina.AI.RAG\Hazina.AI.RAG.csproj::TargetFramework=net9.0]
C:\Projects\Hazina\src\Core\AI\Hazina.AI.RAG\Graph\Pipeline\EntityNormalizationService.cs(98,34): warning SA1117: The parameters should all be placed on the same line or each parameter should be placed on its own line (https://github.com/DotNetAnalyzers/StyleCopAnalyzers/blob/master/documentation/SA1117.md) [C:\Projects\Hazina\src\Core\AI\Hazina.AI.RAG\Hazina.AI.RAG.csproj::TargetFramework=net9.0]
C:\Projects\Hazina\src\Core\AI\Hazina.AI.RAG\Graph\Pipeline\EntityNormalizationService.cs(116,32): warning SA1117: The parameters should all be placed on the same line or each parameter should be placed on its own line (https://github.com/DotNetAnalyzers/StyleCopAnalyzers/blob/master/documentation/SA1117.md) [C:\Projects\Hazina\src\Core\AI\Hazina.AI.RAG\Hazina.AI.RAG.csproj::TargetFramework=net9.0]
C:\Projects\Hazina\src\Core\AI\Hazina.AI.RAG\Graph\Pipeline\EntityNormalizationService.cs(97,17): warning CA1873: Evaluation of this argument may be expensive and unnecessary if logging is disabled (https://learn.microsoft.com/dotnet/fundamentals/code-analysis/quality-rules/ca1873) [C:\Projects\Hazina\src\Core\AI\Hazina.AI.RAG\Hazina.AI.RAG.csproj::TargetFramework=net9.0]
C:\Projects\Hazina\src\Core\AI\Hazina.AI.RAG\Embeddings\LLMMetadataExtractor.cs(104,9): warning CA1031: Modify 'ExtractBatchMetadataAsync' to catch a more specific allowed exception type, or rethrow the exception (https://learn.microsoft.com/dotnet/fundamentals/code-analysis/quality-rules/ca1031) [C:\Projects\Hazina\src\Core\AI\Hazina.AI.RAG\Hazina.AI.RAG.csproj::TargetFramework=net9.0]
C:\Projects\Hazina\src\Core\AI\Hazina.AI.RAG\Graph\Pipeline\EntityNormalizationService.cs(115,21): warning CA1873: Evaluation of this argument may be expensive and unnecessary if logging is disabled (https://learn.microsoft.com/dotnet/fundamentals/code-analysis/quality-rules/ca1873) [C:\Projects\Hazina\src\Core\AI\Hazina.AI.RAG\Hazina.AI.RAG.csproj::TargetFramework=net9.0]
C:\Projects\Hazina\src\Core\AI\Hazina.AI.RAG\Graph\Pipeline\EntityNormalizationService.cs(97,17): warning CA1848: For improved performance, use the LoggerMessage delegates instead of calling 'LoggerExtensions.LogDebug(ILogger, string?, params object?[])' (https://learn.microsoft.com/dotnet/fundamentals/code-analysis/quality-rules/ca1848) [C:\Projects\Hazina\src\Core\AI\Hazina.AI.RAG\Hazina.AI.RAG.csproj::TargetFramework=net9.0]
C:\Projects\Hazina\src\Core\AI\Hazina.AI.RAG\Graph\Pipeline\EntityNormalizationService.cs(115,21): warning CA1848: For improved performance, use the LoggerMessage delegates instead of calling 'LoggerExtensions.LogDebug(ILogger, string?, params object?[])' (https://learn.microsoft.com/dotnet/fundamentals/code-analysis/quality-rules/ca1848) [C:\Projects\Hazina\src\Core\AI\Hazina.AI.RAG\Hazina.AI.RAG.csproj::TargetFramework=net9.0]
C:\Projects\Hazina\src\Core\AI\Hazina.AI.RAG\Graph\Pipeline\EntityNormalizationService.cs(87,26): warning MA0004: Use Task.ConfigureAwait(false) if the current SynchronizationContext is not needed (https://github.com/meziantou/Meziantou.Analyzer/blob/main/docs/Rules/MA0004.md) [C:\Projects\Hazina\src\Core\AI\Hazina.AI.RAG\Hazina.AI.RAG.csproj::TargetFramework=net9.0]
C:\Projects\Hazina\src\Core\AI\Hazina.AI.RAG\Graph\Pipeline\EntityNormalizationService.cs(108,36): warning MA0004: Use Task.ConfigureAwait(false) if the current SynchronizationContext is not needed (https://github.com/meziantou/Meziantou.Analyzer/blob/main/docs/Rules/MA0004.md) [C:\Projects\Hazina\src\Core\AI\Hazina.AI.RAG\Hazina.AI.RAG.csproj::TargetFramework=net9.0]
C:\Projects\Hazina\src\Core\AI\Hazina.AI.RAG\Embeddings\HierarchicalChunkerExtensions.cs(109,13): warning S3458: Remove this empty 'case' clause. (https://rules.sonarsource.com/csharp/RSPEC-3458) [C:\Projects\Hazina\src\Core\AI\Hazina.AI.RAG\Hazina.AI.RAG.csproj::TargetFramework=net9.0]
C:\Projects\Hazina\src\Core\AI\Hazina.AI.RAG\Graph\Pipeline\GraphConstructionPipeline.cs(197,74): warning SA1629: Documentation text should end with a period (https://github.com/DotNetAnalyzers/StyleCopAnalyzers/blob/master/documentation/SA1629.md) [C:\Projects\Hazina\src\Core\AI\Hazina.AI.RAG\Hazina.AI.RAG.csproj::TargetFramework=net9.0]
C:\Projects\Hazina\src\Core\AI\Hazina.AI.RAG\Graph\Pipeline\GraphConstructionPipeline.cs(198,59): warning SA1629: Documentation text should end with a period (https://github.com/DotNetAnalyzers/StyleCopAnalyzers/blob/master/documentation/SA1629.md) [C:\Projects\Hazina\src\Core\AI\Hazina.AI.RAG\Hazina.AI.RAG.csproj::TargetFramework=net9.0]
C:\Projects\Hazina\src\Core\AI\Hazina.AI.RAG\Graph\Pipeline\GraphConstructionPipeline.cs(199,43): warning SA1629: Documentation text should end with a period (https://github.com/DotNetAnalyzers/StyleCopAnalyzers/blob/master/documentation/SA1629.md) [C:\Projects\Hazina\src\Core\AI\Hazina.AI.RAG\Hazina.AI.RAG.csproj::TargetFramework=net9.0]
C:\Projects\Hazina\src\Core\AI\Hazina.AI.RAG\Graph\Pipeline\GraphConstructionPipeline.cs(218,32): warning SA1116: The parameters should begin on the line after the declaration, whenever the parameter span across multiple lines (https://github.com/DotNetAnalyzers/StyleCopAnalyzers/blob/master/documentation/SA1116.md) [C:\Projects\Hazina\src\Core\AI\Hazina.AI.RAG\Hazina.AI.RAG.csproj::TargetFramework=net9.0]
C:\Projects\Hazina\src\Core\AI\Hazina.AI.RAG\Embeddings\HierarchicalChunkerExtensions.cs(84,48): warning S6608: Indexing at 0 should be used instead of the "Enumerable" extension method "First" (https://rules.sonarsource.com/csharp/RSPEC-6608) [C:\Projects\Hazina\src\Core\AI\Hazina.AI.RAG\Hazina.AI.RAG.csproj::TargetFramework=net9.0]
C:\Projects\Hazina\src\Core\AI\Hazina.AI.RAG\Embeddings\HierarchicalChunkerExtensions.cs(85,46): warning S6608: Indexing at Count-1 should be used instead of the "Enumerable" extension method "Last" (https://rules.sonarsource.com/csharp/RSPEC-6608) [C:\Projects\Hazina\src\Core\AI\Hazina.AI.RAG\Hazina.AI.RAG.csproj::TargetFramework=net9.0]
C:\Projects\Hazina\src\Core\AI\Hazina.AI.RAG\Graph\Pipeline\GraphConstructionPipeline.cs(39,68): warning SA1629: Documentation text should end with a period (https://github.com/DotNetAnalyzers/StyleCopAnalyzers/blob/master/documentation/SA1629.md) [C:\Projects\Hazina\src\Core\AI\Hazina.AI.RAG\Hazina.AI.RAG.csproj::TargetFramework=net9.0]
C:\Projects\Hazina\src\Core\AI\Hazina.AI.RAG\Graph\Pipeline\GraphConstructionPipeline.cs(40,64): warning SA1629: Documentation text should end with a period (https://github.com/DotNetAnalyzers/StyleCopAnalyzers/blob/master/documentation/SA1629.md) [C:\Projects\Hazina\src\Core\AI\Hazina.AI.RAG\Hazina.AI.RAG.csproj::TargetFramework=net9.0]
C:\Projects\Hazina\src\Core\AI\Hazina.AI.RAG\Graph\Pipeline\GraphConstructionPipeline.cs(41,59): warning SA1629: Documentation text should end with a period (https://github.com/DotNetAnalyzers/StyleCopAnalyzers/blob/master/documentation/SA1629.md) [C:\Projects\Hazina\src\Core\AI\Hazina.AI.RAG\Hazina.AI.RAG.csproj::TargetFramework=net9.0]
C:\Projects\Hazina\src\Core\AI\Hazina.AI.RAG\Graph\Pipeline\GraphConstructionPipeline.cs(42,75): warning SA1629: Documentation text should end with a period (https://github.com/DotNetAnalyzers/StyleCopAnalyzers/blob/master/documentation/SA1629.md) [C:\Projects\Hazina\src\Core\AI\Hazina.AI.RAG\Hazina.AI.RAG.csproj::TargetFramework=net9.0]
C:\Projects\Hazina\src\Core\AI\Hazina.AI.RAG\Graph\Pipeline\GraphConstructionPipeline.cs(218,9): warning CA1873: Evaluation of this argument may be expensive and unnecessary if logging is disabled (https://learn.microsoft.com/dotnet/fundamentals/code-analysis/quality-rules/ca1873) [C:\Projects\Hazina\src\Core\AI\Hazina.AI.RAG\Hazina.AI.RAG.csproj::TargetFramework=net9.0]
C:\Projects\Hazina\src\Core\AI\Hazina.AI.RAG\Graph\Pipeline\GraphConstructionPipeline.cs(76,36): warning SA1116: The parameters should begin on the line after the declaration, whenever the parameter span across multiple lines (https://github.com/DotNetAnalyzers/StyleCopAnalyzers/blob/master/documentation/SA1116.md) [C:\Projects\Hazina\src\Core\AI\Hazina.AI.RAG\Hazina.AI.RAG.csproj::TargetFramework=net9.0]
C:\Projects\Hazina\src\Core\AI\Hazina.AI.RAG\Graph\Pipeline\GraphConstructionPipeline.cs(90,36): warning SA1116: The parameters should begin on the line after the declaration, whenever the parameter span across multiple lines (https://github.com/DotNetAnalyzers/StyleCopAnalyzers/blob/master/documentation/SA1116.md) [C:\Projects\Hazina\src\Core\AI\Hazina.AI.RAG\Hazina.AI.RAG.csproj::TargetFramework=net9.0]
C:\Projects\Hazina\src\Core\AI\Hazina.AI.RAG\Graph\Pipeline\GraphConstructionPipeline.cs(104,36): warning SA1116: The parameters should begin on the line after the declaration, whenever the parameter span across multiple lines (https://github.com/DotNetAnalyzers/StyleCopAnalyzers/blob/master/documentation/SA1116.md) [C:\Projects\Hazina\src\Core\AI\Hazina.AI.RAG\Hazina.AI.RAG.csproj::TargetFramework=net9.0]
C:\Projects\Hazina\src\Core\AI\Hazina.AI.RAG\Graph\Pipeline\GraphConstructionPipeline.cs(110,36): warning SA1116: The parameters should begin on the line after the declaration, whenever the parameter span across multiple lines (https://github.com/DotNetAnalyzers/StyleCopAnalyzers/blob/master/documentation/SA1116.md) [C:\Projects\Hazina\src\Core\AI\Hazina.AI.RAG\Hazina.AI.RAG.csproj::TargetFramework=net9.0]
C:\Projects\Hazina\src\Core\AI\Hazina.AI.RAG\Graph\Pipeline\GraphConstructionPipeline.cs(133,36): warning SA1116: The parameters should begin on the line after the declaration, whenever the parameter span across multiple lines (https://github.com/DotNetAnalyzers/StyleCopAnalyzers/blob/master/documentation/SA1116.md) [C:\Projects\Hazina\src\Core\AI\Hazina.AI.RAG\Hazina.AI.RAG.csproj::TargetFramework=net9.0]
C:\Projects\Hazina\src\Core\AI\Hazina.AI.RAG\Graph\Pipeline\GraphConstructionPipeline.cs(77,42): warning SA1117: The parameters should all be placed on the same line or each parameter should be placed on its own line (https://github.com/DotNetAnalyzers/StyleCopAnalyzers/blob/master/documentation/SA1117.md) [C:\Projects\Hazina\src\Core\AI\Hazina.AI.RAG\Hazina.AI.RAG.csproj::TargetFramework=net9.0]
C:\Projects\Hazina\src\Core\AI\Hazina.AI.RAG\Graph\Pipeline\GraphConstructionPipeline.cs(91,33): warning SA1117: The parameters should all be placed on the same line or each parameter should be placed on its own line (https://github.com/DotNetAnalyzers/StyleCopAnalyzers/blob/master/documentation/SA1117.md) [C:\Projects\Hazina\src\Core\AI\Hazina.AI.RAG\Hazina.AI.RAG.csproj::TargetFramework=net9.0]
C:\Projects\Hazina\src\Core\AI\Hazina.AI.RAG\Graph\Pipeline\GraphConstructionPipeline.cs(105,47): warning SA1117: The parameters should all be placed on the same line or each parameter should be placed on its own line (https://github.com/DotNetAnalyzers/StyleCopAnalyzers/blob/master/documentation/SA1117.md) [C:\Projects\Hazina\src\Core\AI\Hazina.AI.RAG\Hazina.AI.RAG.csproj::TargetFramework=net9.0]
C:\Projects\Hazina\src\Core\AI\Hazina.AI.RAG\Graph\Pipeline\GraphConstructionPipeline.cs(111,33): warning SA1117: The parameters should all be placed on the same line or each parameter should be placed on its own line (https://github.com/DotNetAnalyzers/StyleCopAnalyzers/blob/master/documentation/SA1117.md) [C:\Projects\Hazina\src\Core\AI\Hazina.AI.RAG\Hazina.AI.RAG.csproj::TargetFramework=net9.0]
C:\Projects\Hazina\src\Core\AI\Hazina.AI.RAG\Graph\Pipeline\GraphConstructionPipeline.cs(134,42): warning SA1117: The parameters should all be placed on the same line or each parameter should be placed on its own line (https://github.com/DotNetAnalyzers/StyleCopAnalyzers/blob/master/documentation/SA1117.md) [C:\Projects\Hazina\src\Core\AI\Hazina.AI.RAG\Hazina.AI.RAG.csproj::TargetFramework=net9.0]
C:\Projects\Hazina\src\Core\AI\Hazina.AI.RAG\Embeddings\BasicMetadataExtractor.cs(70,70): warning SA1629: Documentation text should end with a period (https://github.com/DotNetAnalyzers/StyleCopAnalyzers/blob/master/documentation/SA1629.md) [C:\Projects\Hazina\src\Core\AI\Hazina.AI.RAG\Hazina.AI.RAG.csproj::TargetFramework=net9.0]
C:\Projects\Hazina\src\Core\AI\Hazina.AI.RAG\Embeddings\BasicMetadataExtractor.cs(78,13): warning SA1503: Braces should not be omitted (https://github.com/DotNetAnalyzers/StyleCopAnalyzers/blob/master/documentation/SA1503.md) [C:\Projects\Hazina\src\Core\AI\Hazina.AI.RAG\Hazina.AI.RAG.csproj::TargetFramework=net9.0]
C:\Projects\Hazina\src\Core\AI\Hazina.AI.RAG\Graph\Pipeline\GraphConstructionPipeline.cs(210,17): warning CA1848: For improved performance, use the LoggerMessage delegates instead of calling 'LoggerExtensions.LogWarning(ILogger, string?, params object?[])' (https://learn.microsoft.com/dotnet/fundamentals/code-analysis/quality-rules/ca1848) [C:\Projects\Hazina\src\Core\AI\Hazina.AI.RAG\Hazina.AI.RAG.csproj::TargetFramework=net9.0]
C:\Projects\Hazina\src\Core\AI\Hazina.AI.RAG\Graph\Pipeline\GraphConstructionPipeline.cs(218,9): warning CA1848: For improved performance, use the LoggerMessage delegates instead of calling 'LoggerExtensions.LogInformation(ILogger, string?, params object?[])' (https://learn.microsoft.com/dotnet/fundamentals/code-analysis/quality-rules/ca1848) [C:\Projects\Hazina\src\Core\AI\Hazina.AI.RAG\Hazina.AI.RAG.csproj::TargetFramework=net9.0]
C:\Projects\Hazina\src\Core\AI\Hazina.AI.RAG\Graph\Retrieval\HybridRetrievalService.cs(34,60): warning SA1629: Documentation text should end with a period (https://github.com/DotNetAnalyzers/StyleCopAnalyzers/blob/master/documentation/SA1629.md) [C:\Projects\Hazina\src\Core\AI\Hazina.AI.RAG\Hazina.AI.RAG.csproj::TargetFramework=net9.0]
C:\Projects\Hazina\src\Core\AI\Hazina.AI.RAG\Graph\Retrieval\HybridRetrievalService.cs(35,59): warning SA1629: Documentation text should end with a period (https://github.com/DotNetAnalyzers/StyleCopAnalyzers/blob/master/documentation/SA1629.md) [C:\Projects\Hazina\src\Core\AI\Hazina.AI.RAG\Hazina.AI.RAG.csproj::TargetFramework=net9.0]
C:\Projects\Hazina\src\Core\AI\Hazina.AI.RAG\Graph\Retrieval\HybridRetrievalService.cs(36,55): warning SA1629: Documentation text should end with a period (https://github.com/DotNetAnalyzers/StyleCopAnalyzers/blob/master/documentation/SA1629.md) [C:\Projects\Hazina\src\Core\AI\Hazina.AI.RAG\Hazina.AI.RAG.csproj::TargetFramework=net9.0]
C:\Projects\Hazina\src\Core\AI\Hazina.AI.RAG\Graph\Retrieval\HybridRetrievalService.cs(37,59): warning SA1629: Documentation text should end with a period (https://github.com/DotNetAnalyzers/StyleCopAnalyzers/blob/master/documentation/SA1629.md) [C:\Projects\Hazina\src\Core\AI\Hazina.AI.RAG\Hazina.AI.RAG.csproj::TargetFramework=net9.0]
C:\Projects\Hazina\src\Core\AI\Hazina.AI.RAG\Graph\Retrieval\HybridRetrievalService.cs(38,57): warning SA1629: Documentation text should end with a period (https://github.com/DotNetAnalyzers/StyleCopAnalyzers/blob/master/documentation/SA1629.md) [C:\Projects\Hazina\src\Core\AI\Hazina.AI.RAG\Hazina.AI.RAG.csproj::TargetFramework=net9.0]
C:\Projects\Hazina\src\Core\AI\Hazina.AI.RAG\Graph\Retrieval\HybridRetrievalService.cs(53,26): warning SA1116: The parameters should begin on the line after the declaration, whenever the parameter span across multiple lines (https://github.com/DotNetAnalyzers/StyleCopAnalyzers/blob/master/documentation/SA1116.md) [C:\Projects\Hazina\src\Core\AI\Hazina.AI.RAG\Hazina.AI.RAG.csproj::TargetFramework=net9.0]
C:\Projects\Hazina\src\Core\AI\Hazina.AI.RAG\Graph\Retrieval\HybridRetrievalService.cs(65,32): warning SA1116: The parameters should begin on the line after the declaration, whenever the parameter span across multiple lines (https://github.com/DotNetAnalyzers/StyleCopAnalyzers/blob/master/documentation/SA1116.md) [C:\Projects\Hazina\src\Core\AI\Hazina.AI.RAG\Hazina.AI.RAG.csproj::TargetFramework=net9.0]
C:\Projects\Hazina\src\Core\AI\Hazina.AI.RAG\Embeddings\BasicMetadataExtractor.cs(83,38): warning CA1311: Specify a culture or use an invariant version to avoid implicit dependency on current culture (https://learn.microsoft.com/dotnet/fundamentals/code-analysis/quality-rules/ca1311) [C:\Projects\Hazina\src\Core\AI\Hazina.AI.RAG\Hazina.AI.RAG.csproj::TargetFramework=net9.0]
C:\Projects\Hazina\src\Core\AI\Hazina.AI.RAG\Graph\Pipeline\GraphConstructionPipeline.cs(66,13): warning CA1873: Evaluation of this argument may be expensive and unnecessary if logging is disabled (https://learn.microsoft.com/dotnet/fundamentals/code-analysis/quality-rules/ca1873) [C:\Projects\Hazina\src\Core\AI\Hazina.AI.RAG\Hazina.AI.RAG.csproj::TargetFramework=net9.0]
C:\Projects\Hazina\src\Core\AI\Hazina.AI.RAG\Graph\Pipeline\GraphConstructionPipeline.cs(69,13): warning CA1873: Evaluation of this argument may be expensive and unnecessary if logging is disabled (https://learn.microsoft.com/dotnet/fundamentals/code-analysis/quality-rules/ca1873) [C:\Projects\Hazina\src\Core\AI\Hazina.AI.RAG\Hazina.AI.RAG.csproj::TargetFramework=net9.0]
C:\Projects\Hazina\src\Core\AI\Hazina.AI.RAG\Graph\Pipeline\GraphConstructionPipeline.cs(76,13): warning CA1873: Evaluation of this argument may be expensive and unnecessary if logging is disabled (https://learn.microsoft.com/dotnet/fundamentals/code-analysis/quality-rules/ca1873) [C:\Projects\Hazina\src\Core\AI\Hazina.AI.RAG\Hazina.AI.RAG.csproj::TargetFramework=net9.0]
C:\Projects\Hazina\src\Core\AI\Hazina.AI.RAG\Graph\Pipeline\GraphConstructionPipeline.cs(96,13): warning CA1873: Evaluation of this argument may be expensive and unnecessary if logging is disabled (https://learn.microsoft.com/dotnet/fundamentals/code-analysis/quality-rules/ca1873) [C:\Projects\Hazina\src\Core\AI\Hazina.AI.RAG\Hazina.AI.RAG.csproj::TargetFramework=net9.0]
C:\Projects\Hazina\src\Core\AI\Hazina.AI.RAG\Embeddings\HierarchicalChunkerExtensions.cs(65,17): warning SA1503: Braces should not be omitted (https://github.com/DotNetAnalyzers/StyleCopAnalyzers/blob/master/documentation/SA1503.md) [C:\Projects\Hazina\src\Core\AI\Hazina.AI.RAG\Hazina.AI.RAG.csproj::TargetFramework=net9.0]
C:\Projects\Hazina\src\Core\AI\Hazina.AI.RAG\Graph\Pipeline\GraphConstructionPipeline.cs(104,13): warning CA1873: Evaluation of this argument may be expensive and unnecessary if logging is disabled (https://learn.microsoft.com/dotnet/fundamentals/code-analysis/quality-rules/ca1873) [C:\Projects\Hazina\src\Core\AI\Hazina.AI.RAG\Hazina.AI.RAG.csproj::TargetFramework=net9.0]
C:\Projects\Hazina\src\Core\AI\Hazina.AI.RAG\Embeddings\BasicMetadataExtractor.cs(83,32): warning CA1304: The behavior of 'string.ToLower()' could vary based on the current user's locale settings. Replace this call in 'BasicMetadataExtractor.ExtractKeywordsTFIDF(string, [int])' with a call to 'string.ToLower(CultureInfo)'. (https://learn.microsoft.com/dotnet/fundamentals/code-analysis/quality-rules/ca1304) [C:\Projects\Hazina\src\Core\AI\Hazina.AI.RAG\Hazina.AI.RAG.csproj::TargetFramework=net9.0]
C:\Projects\Hazina\src\Core\AI\Hazina.AI.RAG\Graph\Pipeline\GraphConstructionPipeline.cs(119,13): warning CA1873: Evaluation of this argument may be expensive and unnecessary if logging is disabled (https://learn.microsoft.com/dotnet/fundamentals/code-analysis/quality-rules/ca1873) [C:\Projects\Hazina\src\Core\AI\Hazina.AI.RAG\Hazina.AI.RAG.csproj::TargetFramework=net9.0]
C:\Projects\Hazina\src\Core\AI\Hazina.AI.RAG\Embeddings\HierarchicalChunkerExtensions.cs(87,13): warning SA1111: Closing parenthesis should be on line of last parameter (https://github.com/DotNetAnalyzers/StyleCopAnalyzers/blob/master/documentation/SA1111.md) [C:\Projects\Hazina\src\Core\AI\Hazina.AI.RAG\Hazina.AI.RAG.csproj::TargetFramework=net9.0]
C:\Projects\Hazina\src\Core\AI\Hazina.AI.RAG\Graph\Pipeline\GraphConstructionPipeline.cs(133,13): warning CA1873: Evaluation of this argument may be expensive and unnecessary if logging is disabled (https://learn.microsoft.com/dotnet/fundamentals/code-analysis/quality-rules/ca1873) [C:\Projects\Hazina\src\Core\AI\Hazina.AI.RAG\Hazina.AI.RAG.csproj::TargetFramework=net9.0]
C:\Projects\Hazina\src\Core\AI\Hazina.AI.RAG\Graph\Pipeline\GraphConstructionPipeline.cs(137,13): warning CA1873: Evaluation of this argument may be expensive and unnecessary if logging is disabled (https://learn.microsoft.com/dotnet/fundamentals/code-analysis/quality-rules/ca1873) [C:\Projects\Hazina\src\Core\AI\Hazina.AI.RAG\Hazina.AI.RAG.csproj::TargetFramework=net9.0]
C:\Projects\Hazina\src\Core\AI\Hazina.AI.RAG\Embeddings\SemanticSimilarityChunker.cs(67,14): warning CA1062: In externally visible method 'Task<List<TextChunk>> SemanticSimilarityChunker.ChunkAsync(string text, SemanticChunkingOptions options, CancellationToken ct = default(CancellationToken))', validate parameter 'options' is non-null before using it. If appropriate, throw an 'ArgumentNullException' when the argument is 'null'. (https://learn.microsoft.com/dotnet/fundamentals/code-analysis/quality-rules/ca1062) [C:\Projects\Hazina\src\Core\AI\Hazina.AI.RAG\Hazina.AI.RAG.csproj::TargetFramework=net9.0]
C:\Projects\Hazina\src\Core\AI\Hazina.AI.RAG\Graph\Pipeline\GraphConstructionPipeline.cs(164,13): warning CA1873: Evaluation of this argument may be expensive and unnecessary if logging is disabled (https://learn.microsoft.com/dotnet/fundamentals/code-analysis/quality-rules/ca1873) [C:\Projects\Hazina\src\Core\AI\Hazina.AI.RAG\Hazina.AI.RAG.csproj::TargetFramework=net9.0]
C:\Projects\Hazina\src\Core\AI\Hazina.AI.RAG\Graph\Retrieval\HybridRetrievalService.cs(49,9): warning CA1873: Evaluation of this argument may be expensive and unnecessary if logging is disabled (https://learn.microsoft.com/dotnet/fundamentals/code-analysis/quality-rules/ca1873) [C:\Projects\Hazina\src\Core\AI\Hazina.AI.RAG\Hazina.AI.RAG.csproj::TargetFramework=net9.0]
C:\Projects\Hazina\src\Core\AI\Hazina.AI.RAG\Graph\Retrieval\HybridRetrievalService.cs(53,9): warning CA1873: Evaluation of this argument may be expensive and unnecessary if logging is disabled (https://learn.microsoft.com/dotnet/fundamentals/code-analysis/quality-rules/ca1873) [C:\Projects\Hazina\src\Core\AI\Hazina.AI.RAG\Hazina.AI.RAG.csproj::TargetFramework=net9.0]
C:\Projects\Hazina\src\Core\AI\Hazina.AI.RAG\Graph\Retrieval\HybridRetrievalService.cs(65,9): warning CA1873: Evaluation of this argument may be expensive and unnecessary if logging is disabled (https://learn.microsoft.com/dotnet/fundamentals/code-analysis/quality-rules/ca1873) [C:\Projects\Hazina\src\Core\AI\Hazina.AI.RAG\Hazina.AI.RAG.csproj::TargetFramework=net9.0]
C:\Projects\Hazina\src\Core\AI\Hazina.AI.RAG\Graph\Pipeline\GraphConstructionPipeline.cs(171,13): warning CA1873: Evaluation of this argument may be expensive and unnecessary if logging is disabled (https://learn.microsoft.com/dotnet/fundamentals/code-analysis/quality-rules/ca1873) [C:\Projects\Hazina\src\Core\AI\Hazina.AI.RAG\Hazina.AI.RAG.csproj::TargetFramework=net9.0]
C:\Projects\Hazina\src\Core\AI\Hazina.AI.RAG\Embeddings\ContentTypeDetector.cs(213,64): warning SA1629: Documentation text should end with a period (https://github.com/DotNetAnalyzers/StyleCopAnalyzers/blob/master/documentation/SA1629.md) [C:\Projects\Hazina\src\Core\AI\Hazina.AI.RAG\Hazina.AI.RAG.csproj::TargetFramework=net9.0]
C:\Projects\Hazina\src\Core\AI\Hazina.AI.RAG\Graph\Pipeline\GraphConstructionPipeline.cs(214,26): warning MA0004: Use Task.ConfigureAwait(false) if the current SynchronizationContext is not needed (https://github.com/meziantou/Meziantou.Analyzer/blob/main/docs/Rules/MA0004.md) [C:\Projects\Hazina\src\Core\AI\Hazina.AI.RAG\Hazina.AI.RAG.csproj::TargetFramework=net9.0]
C:\Projects\Hazina\src\Core\AI\Hazina.AI.RAG\Graph\Retrieval\HybridRetrievalService.cs(49,9): warning CA1848: For improved performance, use the LoggerMessage delegates instead of calling 'LoggerExtensions.LogDebug(ILogger, string?, params object?[])' (https://learn.microsoft.com/dotnet/fundamentals/code-analysis/quality-rules/ca1848) [C:\Projects\Hazina\src\Core\AI\Hazina.AI.RAG\Hazina.AI.RAG.csproj::TargetFramework=net9.0]
C:\Projects\Hazina\src\Core\AI\Hazina.AI.RAG\Graph\Retrieval\HybridRetrievalService.cs(53,9): warning CA1848: For improved performance, use the LoggerMessage delegates instead of calling 'LoggerExtensions.LogDebug(ILogger, string?, params object?[])' (https://learn.microsoft.com/dotnet/fundamentals/code-analysis/quality-rules/ca1848) [C:\Projects\Hazina\src\Core\AI\Hazina.AI.RAG\Hazina.AI.RAG.csproj::TargetFramework=net9.0]
C:\Projects\Hazina\src\Core\AI\Hazina.AI.RAG\Graph\Retrieval\HybridRetrievalService.cs(65,9): warning CA1848: For improved performance, use the LoggerMessage delegates instead of calling 'LoggerExtensions.LogInformation(ILogger, string?, params object?[])' (https://learn.microsoft.com/dotnet/fundamentals/code-analysis/quality-rules/ca1848) [C:\Projects\Hazina\src\Core\AI\Hazina.AI.RAG\Hazina.AI.RAG.csproj::TargetFramework=net9.0]
C:\Projects\Hazina\src\Core\AI\Hazina.AI.RAG\Graph\Pipeline\GraphConstructionPipeline.cs(66,13): warning CA1848: For improved performance, use the LoggerMessage delegates instead of calling 'LoggerExtensions.LogInformation(ILogger, string?, params object?[])' (https://learn.microsoft.com/dotnet/fundamentals/code-analysis/quality-rules/ca1848) [C:\Projects\Hazina\src\Core\AI\Hazina.AI.RAG\Hazina.AI.RAG.csproj::TargetFramework=net9.0]
C:\Projects\Hazina\src\Core\AI\Hazina.AI.RAG\Graph\Pipeline\GraphConstructionPipeline.cs(69,13): warning CA1848: For improved performance, use the LoggerMessage delegates instead of calling 'LoggerExtensions.LogDebug(ILogger, string?, params object?[])' (https://learn.microsoft.com/dotnet/fundamentals/code-analysis/quality-rules/ca1848) [C:\Projects\Hazina\src\Core\AI\Hazina.AI.RAG\Hazina.AI.RAG.csproj::TargetFramework=net9.0]
C:\Projects\Hazina\src\Core\AI\Hazina.AI.RAG\Graph\Pipeline\GraphConstructionPipeline.cs(76,13): warning CA1848: For improved performance, use the LoggerMessage delegates instead of calling 'LoggerExtensions.LogInformation(ILogger, string?, params object?[])' (https://learn.microsoft.com/dotnet/fundamentals/code-analysis/quality-rules/ca1848) [C:\Projects\Hazina\src\Core\AI\Hazina.AI.RAG\Hazina.AI.RAG.csproj::TargetFramework=net9.0]
C:\Projects\Hazina\src\Core\AI\Hazina.AI.RAG\Graph\Pipeline\GraphConstructionPipeline.cs(81,17): warning CA1848: For improved performance, use the LoggerMessage delegates instead of calling 'LoggerExtensions.LogWarning(ILogger, string?, params object?[])' (https://learn.microsoft.com/dotnet/fundamentals/code-analysis/quality-rules/ca1848) [C:\Projects\Hazina\src\Core\AI\Hazina.AI.RAG\Hazina.AI.RAG.csproj::TargetFramework=net9.0]
C:\Projects\Hazina\src\Core\AI\Hazina.AI.RAG\Graph\Pipeline\GraphConstructionPipeline.cs(90,17): warning CA1848: For improved performance, use the LoggerMessage delegates instead of calling 'LoggerExtensions.LogWarning(ILogger, string?, params object?[])' (https://learn.microsoft.com/dotnet/fundamentals/code-analysis/quality-rules/ca1848) [C:\Projects\Hazina\src\Core\AI\Hazina.AI.RAG\Hazina.AI.RAG.csproj::TargetFramework=net9.0]
C:\Projects\Hazina\src\Core\AI\Hazina.AI.RAG\Graph\Pipeline\GraphConstructionPipeline.cs(96,13): warning CA1848: For improved performance, use the LoggerMessage delegates instead of calling 'LoggerExtensions.LogDebug(ILogger, string?, params object?[])' (https://learn.microsoft.com/dotnet/fundamentals/code-analysis/quality-rules/ca1848) [C:\Projects\Hazina\src\Core\AI\Hazina.AI.RAG\Hazina.AI.RAG.csproj::TargetFramework=net9.0]
C:\Projects\Hazina\src\Core\AI\Hazina.AI.RAG\Graph\Pipeline\GraphConstructionPipeline.cs(104,13): warning CA1848: For improved performance, use the LoggerMessage delegates instead of calling 'LoggerExtensions.LogInformation(ILogger, string?, params object?[])' (https://learn.microsoft.com/dotnet/fundamentals/code-analysis/quality-rules/ca1848) [C:\Projects\Hazina\src\Core\AI\Hazina.AI.RAG\Hazina.AI.RAG.csproj::TargetFramework=net9.0]
C:\Projects\Hazina\src\Core\AI\Hazina.AI.RAG\Graph\Pipeline\GraphConstructionPipeline.cs(110,17): warning CA1848: For improved performance, use the LoggerMessage delegates instead of calling 'LoggerExtensions.LogWarning(ILogger, string?, params object?[])' (https://learn.microsoft.com/dotnet/fundamentals/code-analysis/quality-rules/ca1848) [C:\Projects\Hazina\src\Core\AI\Hazina.AI.RAG\Hazina.AI.RAG.csproj::TargetFramework=net9.0]
C:\Projects\Hazina\src\Core\AI\Hazina.AI.RAG\Graph\Pipeline\GraphConstructionPipeline.cs(119,13): warning CA1848: For improved performance, use the LoggerMessage delegates instead of calling 'LoggerExtensions.LogDebug(ILogger, string?, params object?[])' (https://learn.microsoft.com/dotnet/fundamentals/code-analysis/quality-rules/ca1848) [C:\Projects\Hazina\src\Core\AI\Hazina.AI.RAG\Hazina.AI.RAG.csproj::TargetFramework=net9.0]
C:\Projects\Hazina\src\Core\AI\Hazina.AI.RAG\Graph\Pipeline\GraphConstructionPipeline.cs(133,13): warning CA1848: For improved performance, use the LoggerMessage delegates instead of calling 'LoggerExtensions.LogInformation(ILogger, string?, params object?[])' (https://learn.microsoft.com/dotnet/fundamentals/code-analysis/quality-rules/ca1848) [C:\Projects\Hazina\src\Core\AI\Hazina.AI.RAG\Hazina.AI.RAG.csproj::TargetFramework=net9.0]
C:\Projects\Hazina\src\Core\AI\Hazina.AI.RAG\Graph\Pipeline\GraphConstructionPipeline.cs(137,13): warning CA1848: For improved performance, use the LoggerMessage delegates instead of calling 'LoggerExtensions.LogDebug(ILogger, string?, params object?[])' (https://learn.microsoft.com/dotnet/fundamentals/code-analysis/quality-rules/ca1848) [C:\Projects\Hazina\src\Core\AI\Hazina.AI.RAG\Hazina.AI.RAG.csproj::TargetFramework=net9.0]
C:\Projects\Hazina\src\Core\AI\Hazina.AI.RAG\Graph\Pipeline\GraphConstructionPipeline.cs(164,13): warning CA1848: For improved performance, use the LoggerMessage delegates instead of calling 'LoggerExtensions.LogDebug(ILogger, string?, params object?[])' (https://learn.microsoft.com/dotnet/fundamentals/code-analysis/quality-rules/ca1848) [C:\Projects\Hazina\src\Core\AI\Hazina.AI.RAG\Hazina.AI.RAG.csproj::TargetFramework=net9.0]
C:\Projects\Hazina\src\Core\AI\Hazina.AI.RAG\Graph\Pipeline\GraphConstructionPipeline.cs(171,13): warning CA1848: For improved performance, use the LoggerMessage delegates instead of calling 'LoggerExtensions.LogInformation(ILogger, string?, params object?[])' (https://learn.microsoft.com/dotnet/fundamentals/code-analysis/quality-rules/ca1848) [C:\Projects\Hazina\src\Core\AI\Hazina.AI.RAG\Hazina.AI.RAG.csproj::TargetFramework=net9.0]
C:\Projects\Hazina\src\Core\AI\Hazina.AI.RAG\Graph\Pipeline\GraphConstructionPipeline.cs(188,13): warning CA1848: For improved performance, use the LoggerMessage delegates instead of calling 'LoggerExtensions.LogError(ILogger, Exception?, string?, params object?[])' (https://learn.microsoft.com/dotnet/fundamentals/code-analysis/quality-rules/ca1848) [C:\Projects\Hazina\src\Core\AI\Hazina.AI.RAG\Hazina.AI.RAG.csproj::TargetFramework=net9.0]
C:\Projects\Hazina\src\Core\AI\Hazina.AI.RAG\Embeddings\HierarchicalChunkerExtensions.cs(57,27): warning CA1854: Prefer a 'TryGetValue' call over a Dictionary indexer access guarded by a 'ContainsKey' check to avoid double lookup (https://learn.microsoft.com/dotnet/fundamentals/code-analysis/quality-rules/ca1854) [C:\Projects\Hazina\src\Core\AI\Hazina.AI.RAG\Hazina.AI.RAG.csproj::TargetFramework=net9.0]
C:\Projects\Hazina\src\Core\AI\Hazina.AI.RAG\Embeddings\HierarchicalChunkerExtensions.cs(68,32): warning CA1854: Prefer a 'TryGetValue' call over a Dictionary indexer access guarded by a 'ContainsKey' check to avoid double lookup (https://learn.microsoft.com/dotnet/fundamentals/code-analysis/quality-rules/ca1854) [C:\Projects\Hazina\src\Core\AI\Hazina.AI.RAG\Hazina.AI.RAG.csproj::TargetFramework=net9.0]
C:\Projects\Hazina\src\Core\AI\Hazina.AI.RAG\Embeddings\BasicMetadataExtractor.cs(83,32): warning MA0011: Use an overload of 'ToLower' that has a 'System.Globalization.CultureInfo' parameter (https://github.com/meziantou/Meziantou.Analyzer/blob/main/docs/Rules/MA0011.md) [C:\Projects\Hazina\src\Core\AI\Hazina.AI.RAG\Hazina.AI.RAG.csproj::TargetFramework=net9.0]
C:\Projects\Hazina\src\Core\AI\Hazina.AI.RAG\Graph\Retrieval\HybridRetrievalService.cs(48,29): warning MA0004: Use Task.ConfigureAwait(false) if the current SynchronizationContext is not needed (https://github.com/meziantou/Meziantou.Analyzer/blob/main/docs/Rules/MA0004.md) [C:\Projects\Hazina\src\Core\AI\Hazina.AI.RAG\Hazina.AI.RAG.csproj::TargetFramework=net9.0]
C:\Projects\Hazina\src\Core\AI\Hazina.AI.RAG\Graph\Retrieval\HybridRetrievalService.cs(52,28): warning MA0004: Use Task.ConfigureAwait(false) if the current SynchronizationContext is not needed (https://github.com/meziantou/Meziantou.Analyzer/blob/main/docs/Rules/MA0004.md) [C:\Projects\Hazina\src\Core\AI\Hazina.AI.RAG\Hazina.AI.RAG.csproj::TargetFramework=net9.0]
C:\Projects\Hazina\src\Core\AI\Hazina.AI.RAG\Embeddings\BasicMetadataExtractor.cs(81,24): warning MA0002: Use an overload that has a IEqualityComparer<string> or IComparer<string> parameter (https://github.com/meziantou/Meziantou.Analyzer/blob/main/docs/Rules/MA0002.md) [C:\Projects\Hazina\src\Core\AI\Hazina.AI.RAG\Hazina.AI.RAG.csproj::TargetFramework=net9.0]
C:\Projects\Hazina\src\Core\AI\Hazina.AI.RAG\Embeddings\ContentTypeDetector.cs(180,50): warning SA1629: Documentation text should end with a period (https://github.com/DotNetAnalyzers/StyleCopAnalyzers/blob/master/documentation/SA1629.md) [C:\Projects\Hazina\src\Core\AI\Hazina.AI.RAG\Hazina.AI.RAG.csproj::TargetFramework=net9.0]
C:\Projects\Hazina\src\Core\AI\Hazina.AI.RAG\Embeddings\ContentTypeDetector.cs(199,13): warning SA1503: Braces should not be omitted (https://github.com/DotNetAnalyzers/StyleCopAnalyzers/blob/master/documentation/SA1503.md) [C:\Projects\Hazina\src\Core\AI\Hazina.AI.RAG\Hazina.AI.RAG.csproj::TargetFramework=net9.0]
C:\Projects\Hazina\src\Core\AI\Hazina.AI.RAG\Embeddings\ContentTypeDetector.cs(203,13): warning SA1503: Braces should not be omitted (https://github.com/DotNetAnalyzers/StyleCopAnalyzers/blob/master/documentation/SA1503.md) [C:\Projects\Hazina\src\Core\AI\Hazina.AI.RAG\Hazina.AI.RAG.csproj::TargetFramework=net9.0]
C:\Projects\Hazina\src\Core\AI\Hazina.AI.RAG\Embeddings\ContentTypeDetector.cs(207,13): warning SA1503: Braces should not be omitted (https://github.com/DotNetAnalyzers/StyleCopAnalyzers/blob/master/documentation/SA1503.md) [C:\Projects\Hazina\src\Core\AI\Hazina.AI.RAG\Hazina.AI.RAG.csproj::TargetFramework=net9.0]
C:\Projects\Hazina\src\Core\AI\Hazina.AI.RAG\Embeddings\ContentTypeDetector.cs(198,13): warning CA1307: 'string.Contains(string)' has a method overload that takes a 'StringComparison' parameter. Replace this call in 'Hazina.AI.RAG.Embeddings.ContentTypeDetector.GetTechnicalScore(string)' with a call to 'string.Contains(string, System.StringComparison)' for clarity of intent. (https://learn.microsoft.com/dotnet/fundamentals/code-analysis/quality-rules/ca1307) [C:\Projects\Hazina\src\Core\AI\Hazina.AI.RAG\Hazina.AI.RAG.csproj::TargetFramework=net9.0]
C:\Projects\Hazina\src\Core\AI\Hazina.AI.RAG\Embeddings\ContentTypeDetector.cs(198,37): warning CA1307: 'string.Contains(string)' has a method overload that takes a 'StringComparison' parameter. Replace this call in 'Hazina.AI.RAG.Embeddings.ContentTypeDetector.GetTechnicalScore(string)' with a call to 'string.Contains(string, System.StringComparison)' for clarity of intent. (https://learn.microsoft.com/dotnet/fundamentals/code-analysis/quality-rules/ca1307) [C:\Projects\Hazina\src\Core\AI\Hazina.AI.RAG\Hazina.AI.RAG.csproj::TargetFramework=net9.0]
C:\Projects\Hazina\src\Core\AI\Hazina.AI.RAG\Graph\Pipeline\GraphConstructionPipeline.cs(70,37): warning MA0004: Use Task.ConfigureAwait(false) if the current SynchronizationContext is not needed (https://github.com/meziantou/Meziantou.Analyzer/blob/main/docs/Rules/MA0004.md) [C:\Projects\Hazina\src\Core\AI\Hazina.AI.RAG\Hazina.AI.RAG.csproj::TargetFramework=net9.0]
C:\Projects\Hazina\src\Core\AI\Hazina.AI.RAG\Graph\Pipeline\GraphConstructionPipeline.cs(97,42): warning MA0004: Use Task.ConfigureAwait(false) if the current SynchronizationContext is not needed (https://github.com/meziantou/Meziantou.Analyzer/blob/main/docs/Rules/MA0004.md) [C:\Projects\Hazina\src\Core\AI\Hazina.AI.RAG\Hazina.AI.RAG.csproj::TargetFramework=net9.0]
C:\Projects\Hazina\src\Core\AI\Hazina.AI.RAG\Graph\Pipeline\GraphConstructionPipeline.cs(124,34): warning MA0004: Use Task.ConfigureAwait(false) if the current SynchronizationContext is not needed (https://github.com/meziantou/Meziantou.Analyzer/blob/main/docs/Rules/MA0004.md) [C:\Projects\Hazina\src\Core\AI\Hazina.AI.RAG\Hazina.AI.RAG.csproj::TargetFramework=net9.0]
C:\Projects\Hazina\src\Core\AI\Hazina.AI.RAG\Graph\Pipeline\GraphConstructionPipeline.cs(140,13): warning MA0004: Use Task.ConfigureAwait(false) if the current SynchronizationContext is not needed (https://github.com/meziantou/Meziantou.Analyzer/blob/main/docs/Rules/MA0004.md) [C:\Projects\Hazina\src\Core\AI\Hazina.AI.RAG\Hazina.AI.RAG.csproj::TargetFramework=net9.0]
C:\Projects\Hazina\src\Core\AI\Hazina.AI.RAG\Graph\Pipeline\GraphConstructionPipeline.cs(165,13): warning MA0004: Use Task.ConfigureAwait(false) if the current SynchronizationContext is not needed (https://github.com/meziantou/Meziantou.Analyzer/blob/main/docs/Rules/MA0004.md) [C:\Projects\Hazina\src\Core\AI\Hazina.AI.RAG\Hazina.AI.RAG.csproj::TargetFramework=net9.0]
C:\Projects\Hazina\src\Core\AI\Hazina.AI.RAG\Embeddings\ContentTypeDetector.cs(202,62): warning MA0023: Add RegexOptions.ExplicitCapture to prevent capturing unneeded groups (https://github.com/meziantou/Meziantou.Analyzer/blob/main/docs/Rules/MA0023.md) [C:\Projects\Hazina\src\Core\AI\Hazina.AI.RAG\Hazina.AI.RAG.csproj::TargetFramework=net9.0]
C:\Projects\Hazina\src\Core\AI\Hazina.AI.RAG\Embeddings\ContentTypeDetector.cs(202,13): warning MA0009: Regular expressions should not be vulnerable to Denial of Service attacks (https://github.com/meziantou/Meziantou.Analyzer/blob/main/docs/Rules/MA0009.md) [C:\Projects\Hazina\src\Core\AI\Hazina.AI.RAG\Hazina.AI.RAG.csproj::TargetFramework=net9.0]
C:\Projects\Hazina\src\Core\AI\Hazina.AI.RAG\Embeddings\ContentTypeDetector.cs(206,13): warning MA0009: Regular expressions should not be vulnerable to Denial of Service attacks (https://github.com/meziantou/Meziantou.Analyzer/blob/main/docs/Rules/MA0009.md) [C:\Projects\Hazina\src\Core\AI\Hazina.AI.RAG\Hazina.AI.RAG.csproj::TargetFramework=net9.0]
C:\Projects\Hazina\src\Core\AI\Hazina.AI.RAG\Graph\Pipeline\GraphConstructionPipeline.cs(144,35): warning MA0002: Use an overload that has a IEqualityComparer<string> or IComparer<string> parameter (https://github.com/meziantou/Meziantou.Analyzer/blob/main/docs/Rules/MA0002.md) [C:\Projects\Hazina\src\Core\AI\Hazina.AI.RAG\Hazina.AI.RAG.csproj::TargetFramework=net9.0]
C:\Projects\Hazina\src\Core\AI\Hazina.AI.RAG\Graph\Storage\SQLiteGraphStore.cs(529,16): warning MA0004: Use Task.ConfigureAwait(false) if the current SynchronizationContext is not needed (https://github.com/meziantou/Meziantou.Analyzer/blob/main/docs/Rules/MA0004.md) [C:\Projects\Hazina\src\Core\AI\Hazina.AI.RAG\Hazina.AI.RAG.csproj::TargetFramework=net9.0]
C:\Projects\Hazina\src\Core\AI\Hazina.AI.RAG\Graph\Pipeline\GraphConstructionPipeline.cs(145,65): warning MA0006: Use string.Equals instead of Equals operator (https://github.com/meziantou/Meziantou.Analyzer/blob/main/docs/Rules/MA0006.md) [C:\Projects\Hazina\src\Core\AI\Hazina.AI.RAG\Hazina.AI.RAG.csproj::TargetFramework=net9.0]
C:\Projects\Hazina\src\Core\AI\Hazina.AI.RAG\Retrieval\LlmJudgeReranker.cs(114,13): warning SA1503: Braces should not be omitted (https://github.com/DotNetAnalyzers/StyleCopAnalyzers/blob/master/documentation/SA1503.md) [C:\Projects\Hazina\src\Core\AI\Hazina.AI.RAG\Hazina.AI.RAG.csproj::TargetFramework=net9.0]
C:\Projects\Hazina\src\Core\AI\Hazina.AI.RAG\Retrieval\LlmJudgeReranker.cs(116,16): warning CA1845: Use span-based 'string.Concat' and 'AsSpan' instead of 'Substring' (https://learn.microsoft.com/dotnet/fundamentals/code-analysis/quality-rules/ca1845) [C:\Projects\Hazina\src\Core\AI\Hazina.AI.RAG\Hazina.AI.RAG.csproj::TargetFramework=net9.0]
C:\Projects\Hazina\src\Core\AI\Hazina.AI.RAG\Graph\Storage\SQLiteGraphStore.cs(534,9): warning MA0004: Use Task.ConfigureAwait(false) if the current SynchronizationContext is not needed (https://github.com/meziantou/Meziantou.Analyzer/blob/main/docs/Rules/MA0004.md) [C:\Projects\Hazina\src\Core\AI\Hazina.AI.RAG\Hazina.AI.RAG.csproj::TargetFramework=net9.0]
C:\Projects\Hazina\src\Core\AI\Hazina.AI.RAG\Embeddings\ContentTypeDetector.cs(230,60): warning SA1629: Documentation text should end with a period (https://github.com/DotNetAnalyzers/StyleCopAnalyzers/blob/master/documentation/SA1629.md) [C:\Projects\Hazina\src\Core\AI\Hazina.AI.RAG\Hazina.AI.RAG.csproj::TargetFramework=net9.0]
C:\Projects\Hazina\src\Core\AI\Hazina.AI.RAG\Graph\Storage\SQLiteGraphStore.cs(545,37): warning CA1849: 'SqliteConnection.BeginTransaction()' synchronously blocks. Await 'DbConnection.BeginTransactionAsync(CancellationToken)' instead. (https://learn.microsoft.com/dotnet/fundamentals/code-analysis/quality-rules/ca1849) [C:\Projects\Hazina\src\Core\AI\Hazina.AI.RAG\Hazina.AI.RAG.csproj::TargetFramework=net9.0]
C:\Projects\Hazina\src\Core\AI\Hazina.AI.RAG\Graph\Storage\SQLiteGraphStore.cs(539,9): warning MA0004: Use Task.ConfigureAwait(false) if the current SynchronizationContext is not needed (https://github.com/meziantou/Meziantou.Analyzer/blob/main/docs/Rules/MA0004.md) [C:\Projects\Hazina\src\Core\AI\Hazina.AI.RAG\Hazina.AI.RAG.csproj::TargetFramework=net9.0]
C:\Projects\Hazina\src\Core\AI\Hazina.AI.RAG\Graph\Storage\SQLiteGraphStore.cs(543,13): warning MA0004: Use Task.ConfigureAwait(false) if the current SynchronizationContext is not needed (https://github.com/meziantou/Meziantou.Analyzer/blob/main/docs/Rules/MA0004.md) [C:\Projects\Hazina\src\Core\AI\Hazina.AI.RAG\Hazina.AI.RAG.csproj::TargetFramework=net9.0]
C:\Projects\Hazina\src\Core\AI\Hazina.AI.RAG\Graph\Storage\SQLiteGraphStore.cs(554,17): warning MA0004: Use Task.ConfigureAwait(false) if the current SynchronizationContext is not needed (https://github.com/meziantou/Meziantou.Analyzer/blob/main/docs/Rules/MA0004.md) [C:\Projects\Hazina\src\Core\AI\Hazina.AI.RAG\Hazina.AI.RAG.csproj::TargetFramework=net9.0]
C:\Projects\Hazina\src\Core\AI\Hazina.AI.RAG\Graph\Storage\SQLiteGraphStore.cs(556,17): warning MA0004: Use Task.ConfigureAwait(false) if the current SynchronizationContext is not needed (https://github.com/meziantou/Meziantou.Analyzer/blob/main/docs/Rules/MA0004.md) [C:\Projects\Hazina\src\Core\AI\Hazina.AI.RAG\Hazina.AI.RAG.csproj::TargetFramework=net9.0]
C:\Projects\Hazina\src\Core\AI\Hazina.AI.RAG\Graph\Storage\SQLiteGraphStore.cs(560,17): warning MA0004: Use Task.ConfigureAwait(false) if the current SynchronizationContext is not needed (https://github.com/meziantou/Meziantou.Analyzer/blob/main/docs/Rules/MA0004.md) [C:\Projects\Hazina\src\Core\AI\Hazina.AI.RAG\Hazina.AI.RAG.csproj::TargetFramework=net9.0]
C:\Projects\Hazina\src\Core\AI\Hazina.AI.RAG\Embeddings\BasicMetadataExtractor.cs(75,38): warning CA1062: In externally visible method 'List<string> BasicMetadataExtractor.ExtractKeywordsTFIDF(string text, int topK = 5)', validate parameter 'text' is non-null before using it. If appropriate, throw an 'ArgumentNullException' when the argument is 'null'. (https://learn.microsoft.com/dotnet/fundamentals/code-analysis/quality-rules/ca1062) [C:\Projects\Hazina\src\Core\AI\Hazina.AI.RAG\Hazina.AI.RAG.csproj::TargetFramework=net9.0]
C:\Projects\Hazina\src\Core\AI\Hazina.AI.RAG\Graph\Storage\SQLiteGraphStore.cs(545,37): warning S6966: Await BeginTransactionAsync instead. (https://rules.sonarsource.com/csharp/RSPEC-6966) [C:\Projects\Hazina\src\Core\AI\Hazina.AI.RAG\Hazina.AI.RAG.csproj::TargetFramework=net9.0]
C:\Projects\Hazina\src\Core\AI\Hazina.AI.RAG\Graph\Pipeline\GraphConstructionPipeline.cs(206,44): warning CA1062: In externally visible method 'Task<List<GraphConstructionResult>> GraphConstructionPipeline.ProcessDocumentsBatchAsync(Dictionary<string, string> documents, CancellationToken cancellationToken = default(CancellationToken))', validate parameter 'documents' is non-null before using it. If appropriate, throw an 'ArgumentNullException' when the argument is 'null'. (https://learn.microsoft.com/dotnet/fundamentals/code-analysis/quality-rules/ca1062) [C:\Projects\Hazina\src\Core\AI\Hazina.AI.RAG\Hazina.AI.RAG.csproj::TargetFramework=net9.0]
C:\Projects\Hazina\src\Core\AI\Hazina.AI.RAG\Core\RAGEngine.cs(381,59): warning SA1122: Use string.Empty for empty strings (https://github.com/DotNetAnalyzers/StyleCopAnalyzers/blob/master/documentation/SA1122.md) [C:\Projects\Hazina\src\Core\AI\Hazina.AI.RAG\Hazina.AI.RAG.csproj::TargetFramework=net9.0]
C:\Projects\Hazina\src\Core\AI\Hazina.AI.RAG\Core\RAGEngine.cs(386,57): warning SA1122: Use string.Empty for empty strings (https://github.com/DotNetAnalyzers/StyleCopAnalyzers/blob/master/documentation/SA1122.md) [C:\Projects\Hazina\src\Core\AI\Hazina.AI.RAG\Hazina.AI.RAG.csproj::TargetFramework=net9.0]
C:\Projects\Hazina\src\Core\AI\Hazina.AI.RAG\Graph\Pipeline\GraphConstructionPipeline.cs(182,9): warning CA1031: Modify 'ProcessDocumentAsync' to catch a more specific allowed exception type, or rethrow the exception (https://learn.microsoft.com/dotnet/fundamentals/code-analysis/quality-rules/ca1031) [C:\Projects\Hazina\src\Core\AI\Hazina.AI.RAG\Hazina.AI.RAG.csproj::TargetFramework=net9.0]
C:\Projects\Hazina\src\Core\AI\Hazina.AI.RAG\Embeddings\ContentTypeDetector.cs(247,60): warning SA1629: Documentation text should end with a period (https://github.com/DotNetAnalyzers/StyleCopAnalyzers/blob/master/documentation/SA1629.md) [C:\Projects\Hazina\src\Core\AI\Hazina.AI.RAG\Hazina.AI.RAG.csproj::TargetFramework=net9.0]
C:\Projects\Hazina\src\Core\AI\Hazina.AI.RAG\Graph\Pipeline\LLMEntityExtractor.cs(87,31): warning MA0051: Method is too long (72 lines; maximum allowed: 60) (https://github.com/meziantou/Meziantou.Analyzer/blob/main/docs/Rules/MA0051.md) [C:\Projects\Hazina\src\Core\AI\Hazina.AI.RAG\Hazina.AI.RAG.csproj::TargetFramework=net9.0]
C:\Projects\Hazina\src\Core\AI\Hazina.AI.RAG\Embeddings\LLMMetadataExtractor.cs(112,41): warning SA1629: Documentation text should end with a period (https://github.com/DotNetAnalyzers/StyleCopAnalyzers/blob/master/documentation/SA1629.md) [C:\Projects\Hazina\src\Core\AI\Hazina.AI.RAG\Hazina.AI.RAG.csproj::TargetFramework=net9.0]
C:\Projects\Hazina\src\Core\AI\Hazina.AI.RAG\Embeddings\LLMMetadataExtractor.cs(133,13): warning SA1111: Closing parenthesis should be on line of last parameter (https://github.com/DotNetAnalyzers/StyleCopAnalyzers/blob/master/documentation/SA1111.md) [C:\Projects\Hazina\src\Core\AI\Hazina.AI.RAG\Hazina.AI.RAG.csproj::TargetFramework=net9.0]
C:\Projects\Hazina\src\Core\AI\Hazina.AI.RAG\Embeddings\LLMMetadataExtractor.cs(145,17): warning SA1111: Closing parenthesis should be on line of last parameter (https://github.com/DotNetAnalyzers/StyleCopAnalyzers/blob/master/documentation/SA1111.md) [C:\Projects\Hazina\src\Core\AI\Hazina.AI.RAG\Hazina.AI.RAG.csproj::TargetFramework=net9.0]
C:\Projects\Hazina\src\Core\AI\Hazina.AI.RAG\Graph\Pipeline\EntityNormalizationService.cs(150,38): warning SA1116: The parameters should begin on the line after the declaration, whenever the parameter span across multiple lines (https://github.com/DotNetAnalyzers/StyleCopAnalyzers/blob/master/documentation/SA1116.md) [C:\Projects\Hazina\src\Core\AI\Hazina.AI.RAG\Hazina.AI.RAG.csproj::TargetFramework=net9.0]
C:\Projects\Hazina\src\Core\AI\Hazina.AI.RAG\Graph\Pipeline\EntityNormalizationService.cs(151,38): warning SA1117: The parameters should all be placed on the same line or each parameter should be placed on its own line (https://github.com/DotNetAnalyzers/StyleCopAnalyzers/blob/master/documentation/SA1117.md) [C:\Projects\Hazina\src\Core\AI\Hazina.AI.RAG\Hazina.AI.RAG.csproj::TargetFramework=net9.0]
C:\Projects\Hazina\src\Core\AI\Hazina.AI.RAG\Graph\Pipeline\EntityNormalizationService.cs(150,21): warning CA1873: Evaluation of this argument may be expensive and unnecessary if logging is disabled (https://learn.microsoft.com/dotnet/fundamentals/code-analysis/quality-rules/ca1873) [C:\Projects\Hazina\src\Core\AI\Hazina.AI.RAG\Hazina.AI.RAG.csproj::TargetFramework=net9.0]
C:\Projects\Hazina\src\Core\AI\Hazina.AI.RAG\Graph\Pipeline\EntityNormalizationService.cs(150,21): warning CA1848: For improved performance, use the LoggerMessage delegates instead of calling 'LoggerExtensions.LogDebug(ILogger, string?, params object?[])' (https://learn.microsoft.com/dotnet/fundamentals/code-analysis/quality-rules/ca1848) [C:\Projects\Hazina\src\Core\AI\Hazina.AI.RAG\Hazina.AI.RAG.csproj::TargetFramework=net9.0]
C:\Projects\Hazina\src\Core\AI\Hazina.AI.RAG\Graph\Pipeline\EntityNormalizationService.cs(133,20): warning MA0004: Use Task.ConfigureAwait(false) if the current SynchronizationContext is not needed (https://github.com/meziantou/Meziantou.Analyzer/blob/main/docs/Rules/MA0004.md) [C:\Projects\Hazina\src\Core\AI\Hazina.AI.RAG\Hazina.AI.RAG.csproj::TargetFramework=net9.0]
C:\Projects\Hazina\src\Core\AI\Hazina.AI.RAG\Graph\Pipeline\EntityNormalizationService.cs(136,31): warning MA0004: Use Task.ConfigureAwait(false) if the current SynchronizationContext is not needed (https://github.com/meziantou/Meziantou.Analyzer/blob/main/docs/Rules/MA0004.md) [C:\Projects\Hazina\src\Core\AI\Hazina.AI.RAG\Hazina.AI.RAG.csproj::TargetFramework=net9.0]
C:\Projects\Hazina\src\Core\AI\Hazina.AI.RAG\Embeddings\LLMMetadataExtractor.cs(141,25): warning CA1848: For improved performance, use the LoggerMessage delegates instead of calling 'LoggerExtensions.LogWarning(ILogger, string?, params object?[])' (https://learn.microsoft.com/dotnet/fundamentals/code-analysis/quality-rules/ca1848) [C:\Projects\Hazina\src\Core\AI\Hazina.AI.RAG\Hazina.AI.RAG.csproj::TargetFramework=net9.0]
C:\Projects\Hazina\src\Core\AI\Hazina.AI.RAG\Embeddings\LLMMetadataExtractor.cs(153,21): warning CA1848: For improved performance, use the LoggerMessage delegates instead of calling 'LoggerExtensions.LogError(ILogger, Exception?, string?, params object?[])' (https://learn.microsoft.com/dotnet/fundamentals/code-analysis/quality-rules/ca1848) [C:\Projects\Hazina\src\Core\AI\Hazina.AI.RAG\Hazina.AI.RAG.csproj::TargetFramework=net9.0]
C:\Projects\Hazina\src\Core\AI\Hazina.AI.RAG\Graph\Pipeline\EntityNormalizationService.cs(143,17): warning MA0006: Use string.Equals instead of Equals operator (https://github.com/meziantou/Meziantou.Analyzer/blob/main/docs/Rules/MA0006.md) [C:\Projects\Hazina\src\Core\AI\Hazina.AI.RAG\Hazina.AI.RAG.csproj::TargetFramework=net9.0]
C:\Projects\Hazina\src\Core\AI\Hazina.AI.RAG\Embeddings\LLMMetadataExtractor.cs(128,28): warning MA0004: Use Task.ConfigureAwait(false) if the current SynchronizationContext is not needed (https://github.com/meziantou/Meziantou.Analyzer/blob/main/docs/Rules/MA0004.md) [C:\Projects\Hazina\src\Core\AI\Hazina.AI.RAG\Hazina.AI.RAG.csproj::TargetFramework=net9.0]
C:\Projects\Hazina\src\Core\AI\Hazina.AI.RAG\Embeddings\LLMMetadataExtractor.cs(148,24): warning MA0004: Use Task.ConfigureAwait(false) if the current SynchronizationContext is not needed (https://github.com/meziantou/Meziantou.Analyzer/blob/main/docs/Rules/MA0004.md) [C:\Projects\Hazina\src\Core\AI\Hazina.AI.RAG\Hazina.AI.RAG.csproj::TargetFramework=net9.0]
C:\Projects\Hazina\src\Core\AI\Hazina.AI.RAG\Embeddings\LLMMetadataExtractor.cs(154,20): warning MA0004: Use Task.ConfigureAwait(false) if the current SynchronizationContext is not needed (https://github.com/meziantou/Meziantou.Analyzer/blob/main/docs/Rules/MA0004.md) [C:\Projects\Hazina\src\Core\AI\Hazina.AI.RAG\Hazina.AI.RAG.csproj::TargetFramework=net9.0]
C:\Projects\Hazina\src\Core\AI\Hazina.AI.RAG\Embeddings\BasicMetadataExtractor.cs(104,19): warning S2325: Make 'ExtractSummary' a static method. (https://rules.sonarsource.com/csharp/RSPEC-2325) [C:\Projects\Hazina\src\Core\AI\Hazina.AI.RAG\Hazina.AI.RAG.csproj::TargetFramework=net9.0]
C:\Projects\Hazina\src\Core\AI\Hazina.AI.RAG\Core\RAGEngine.cs(392,69): warning S1172: Remove this unused method parameter 'cancellationToken'. (https://rules.sonarsource.com/csharp/RSPEC-1172) [C:\Projects\Hazina\src\Core\AI\Hazina.AI.RAG\Hazina.AI.RAG.csproj::TargetFramework=net9.0]
C:\Projects\Hazina\src\Core\AI\Hazina.AI.RAG\Embeddings\ContentTypeDetector.cs(264,68): warning SA1629: Documentation text should end with a period (https://github.com/DotNetAnalyzers/StyleCopAnalyzers/blob/master/documentation/SA1629.md) [C:\Projects\Hazina\src\Core\AI\Hazina.AI.RAG\Hazina.AI.RAG.csproj::TargetFramework=net9.0]
C:\Projects\Hazina\src\Core\AI\Hazina.AI.RAG\Graph\Pipeline\LLMEntityExtractor.cs(120,40): warning SA1116: The parameters should begin on the line after the declaration, whenever the parameter span across multiple lines (https://github.com/DotNetAnalyzers/StyleCopAnalyzers/blob/master/documentation/SA1116.md) [C:\Projects\Hazina\src\Core\AI\Hazina.AI.RAG\Hazina.AI.RAG.csproj::TargetFramework=net9.0]
C:\Projects\Hazina\src\Core\AI\Hazina.AI.RAG\Graph\Pipeline\LLMEntityExtractor.cs(128,38): warning SA1116: The parameters should begin on the line after the declaration, whenever the parameter span across multiple lines (https://github.com/DotNetAnalyzers/StyleCopAnalyzers/blob/master/documentation/SA1116.md) [C:\Projects\Hazina\src\Core\AI\Hazina.AI.RAG\Hazina.AI.RAG.csproj::TargetFramework=net9.0]
C:\Projects\Hazina\src\Core\AI\Hazina.AI.RAG\Graph\Pipeline\LLMEntityExtractor.cs(121,41): warning SA1117: The parameters should all be placed on the same line or each parameter should be placed on its own line (https://github.com/DotNetAnalyzers/StyleCopAnalyzers/blob/master/documentation/SA1117.md) [C:\Projects\Hazina\src\Core\AI\Hazina.AI.RAG\Hazina.AI.RAG.csproj::TargetFramework=net9.0]
C:\Projects\Hazina\src\Core\AI\Hazina.AI.RAG\Graph\Pipeline\LLMEntityExtractor.cs(129,41): warning SA1117: The parameters should all be placed on the same line or each parameter should be placed on its own line (https://github.com/DotNetAnalyzers/StyleCopAnalyzers/blob/master/documentation/SA1117.md) [C:\Projects\Hazina\src\Core\AI\Hazina.AI.RAG\Hazina.AI.RAG.csproj::TargetFramework=net9.0]
C:\Projects\Hazina\src\Core\AI\Hazina.AI.RAG\Embeddings\ContentTypeDetector.cs(274,13): warning MA0006: Use string.Equals instead of Equals operator (https://github.com/meziantou/Meziantou.Analyzer/blob/main/docs/Rules/MA0006.md) [C:\Projects\Hazina\src\Core\AI\Hazina.AI.RAG\Hazina.AI.RAG.csproj::TargetFramework=net9.0]
C:\Projects\Hazina\src\Core\AI\Hazina.AI.RAG\Embeddings\BasicMetadataExtractor.cs(102,85): warning SA1629: Documentation text should end with a period (https://github.com/DotNetAnalyzers/StyleCopAnalyzers/blob/master/documentation/SA1629.md) [C:\Projects\Hazina\src\Core\AI\Hazina.AI.RAG\Hazina.AI.RAG.csproj::TargetFramework=net9.0]
C:\Projects\Hazina\src\Core\AI\Hazina.AI.RAG\Embeddings\BasicMetadataExtractor.cs(109,13): warning SA1503: Braces should not be omitted (https://github.com/DotNetAnalyzers/StyleCopAnalyzers/blob/master/documentation/SA1503.md) [C:\Projects\Hazina\src\Core\AI\Hazina.AI.RAG\Hazina.AI.RAG.csproj::TargetFramework=net9.0]
C:\Projects\Hazina\src\Core\AI\Hazina.AI.RAG\Embeddings\BasicMetadataExtractor.cs(123,29): warning CA1845: Use span-based 'string.Concat' and 'AsSpan' instead of 'Substring' (https://learn.microsoft.com/dotnet/fundamentals/code-analysis/quality-rules/ca1845) [C:\Projects\Hazina\src\Core\AI\Hazina.AI.RAG\Hazina.AI.RAG.csproj::TargetFramework=net9.0]
C:\Projects\Hazina\src\Core\AI\Hazina.AI.RAG\Graph\Pipeline\LLMEntityExtractor.cs(128,21): warning CA1873: Evaluation of this argument may be expensive and unnecessary if logging is disabled (https://learn.microsoft.com/dotnet/fundamentals/code-analysis/quality-rules/ca1873) [C:\Projects\Hazina\src\Core\AI\Hazina.AI.RAG\Hazina.AI.RAG.csproj::TargetFramework=net9.0]
C:\Projects\Hazina\src\Core\AI\Hazina.AI.RAG\Embeddings\ContentTypeDetector.cs(270,27): warning CA1062: In externally visible method 'void ContentTypeDetector.ApplyContentTypeOptimizations(SemanticChunkingOptions options, string text)', validate parameter 'options' is non-null before using it. If appropriate, throw an 'ArgumentNullException' when the argument is 'null'. (https://learn.microsoft.com/dotnet/fundamentals/code-analysis/quality-rules/ca1062) [C:\Projects\Hazina\src\Core\AI\Hazina.AI.RAG\Hazina.AI.RAG.csproj::TargetFramework=net9.0]
C:\Projects\Hazina\src\Core\AI\Hazina.AI.RAG\Graph\Pipeline\LLMEntityExtractor.cs(110,17): warning CA1848: For improved performance, use the LoggerMessage delegates instead of calling 'LoggerExtensions.LogWarning(ILogger, string?, params object?[])' (https://learn.microsoft.com/dotnet/fundamentals/code-analysis/quality-rules/ca1848) [C:\Projects\Hazina\src\Core\AI\Hazina.AI.RAG\Hazina.AI.RAG.csproj::TargetFramework=net9.0]
C:\Projects\Hazina\src\Core\AI\Hazina.AI.RAG\Graph\Pipeline\LLMEntityExtractor.cs(120,21): warning CA1848: For improved performance, use the LoggerMessage delegates instead of calling 'LoggerExtensions.LogWarning(ILogger, string?, params object?[])' (https://learn.microsoft.com/dotnet/fundamentals/code-analysis/quality-rules/ca1848) [C:\Projects\Hazina\src\Core\AI\Hazina.AI.RAG\Hazina.AI.RAG.csproj::TargetFramework=net9.0]
C:\Projects\Hazina\src\Core\AI\Hazina.AI.RAG\Graph\Pipeline\LLMEntityExtractor.cs(128,21): warning CA1848: For improved performance, use the LoggerMessage delegates instead of calling 'LoggerExtensions.LogDebug(ILogger, string?, params object?[])' (https://learn.microsoft.com/dotnet/fundamentals/code-analysis/quality-rules/ca1848) [C:\Projects\Hazina\src\Core\AI\Hazina.AI.RAG\Hazina.AI.RAG.csproj::TargetFramework=net9.0]
C:\Projects\Hazina\src\Core\AI\Hazina.AI.RAG\Graph\Pipeline\LLMEntityExtractor.cs(157,13): warning CA1848: For improved performance, use the LoggerMessage delegates instead of calling 'LoggerExtensions.LogError(ILogger, Exception?, string?, params object?[])' (https://learn.microsoft.com/dotnet/fundamentals/code-analysis/quality-rules/ca1848) [C:\Projects\Hazina\src\Core\AI\Hazina.AI.RAG\Hazina.AI.RAG.csproj::TargetFramework=net9.0]
C:\Projects\Hazina\src\Core\AI\Hazina.AI.RAG\Graph\Pipeline\LLMEntityExtractor.cs(93,17): warning CA1310: The behavior of 'string.StartsWith(string)' could vary based on the current user's locale settings. Replace this call in 'Hazina.AI.RAG.Graph.Pipeline.LLMEntityExtractor.ParseEntityResponse(string, string?)' with a call to 'string.StartsWith(string, System.StringComparison)'. (https://learn.microsoft.com/dotnet/fundamentals/code-analysis/quality-rules/ca1310) [C:\Projects\Hazina\src\Core\AI\Hazina.AI.RAG\Hazina.AI.RAG.csproj::TargetFramework=net9.0]
C:\Projects\Hazina\src\Core\AI\Hazina.AI.RAG\Embeddings\LLMMetadataExtractor.cs(151,9): warning CA1031: Modify 'ProcessBatchAsync' to catch a more specific allowed exception type, or rethrow the exception (https://learn.microsoft.com/dotnet/fundamentals/code-analysis/quality-rules/ca1031) [C:\Projects\Hazina\src\Core\AI\Hazina.AI.RAG\Hazina.AI.RAG.csproj::TargetFramework=net9.0]
C:\Projects\Hazina\src\Core\AI\Hazina.AI.RAG\Graph\Pipeline\LLMEntityExtractor.cs(97,17): warning CA1310: The behavior of 'string.StartsWith(string)' could vary based on the current user's locale settings. Replace this call in 'Hazina.AI.RAG.Graph.Pipeline.LLMEntityExtractor.ParseEntityResponse(string, string?)' with a call to 'string.StartsWith(string, System.StringComparison)'. (https://learn.microsoft.com/dotnet/fundamentals/code-analysis/quality-rules/ca1310) [C:\Projects\Hazina\src\Core\AI\Hazina.AI.RAG\Hazina.AI.RAG.csproj::TargetFramework=net9.0]
C:\Projects\Hazina\src\Core\AI\Hazina.AI.RAG\Graph\Pipeline\LLMEntityExtractor.cs(101,17): warning CA1310: The behavior of 'string.EndsWith(string)' could vary based on the current user's locale settings. Replace this call in 'Hazina.AI.RAG.Graph.Pipeline.LLMEntityExtractor.ParseEntityResponse(string, string?)' with a call to 'string.EndsWith(string, System.StringComparison)'. (https://learn.microsoft.com/dotnet/fundamentals/code-analysis/quality-rules/ca1310) [C:\Projects\Hazina\src\Core\AI\Hazina.AI.RAG\Hazina.AI.RAG.csproj::TargetFramework=net9.0]
C:\Projects\Hazina\src\Core\AI\Hazina.AI.RAG\Graph\Pipeline\LLMEntityExtractor.cs(139,58): warning MA0002: Use an overload that has a IEqualityComparer<string> or IComparer<string> parameter (https://github.com/meziantou/Meziantou.Analyzer/blob/main/docs/Rules/MA0002.md) [C:\Projects\Hazina\src\Core\AI\Hazina.AI.RAG\Hazina.AI.RAG.csproj::TargetFramework=net9.0]
C:\Projects\Hazina\src\Core\AI\Hazina.AI.RAG\Graph\Pipeline\LLMEntityExtractor.cs(93,17): warning MA0074: Use an overload of 'StartsWith' that has a StringComparison parameter (https://github.com/meziantou/Meziantou.Analyzer/blob/main/docs/Rules/MA0074.md) [C:\Projects\Hazina\src\Core\AI\Hazina.AI.RAG\Hazina.AI.RAG.csproj::TargetFramework=net9.0]
C:\Projects\Hazina\src\Core\AI\Hazina.AI.RAG\Graph\Pipeline\LLMEntityExtractor.cs(97,17): warning MA0074: Use an overload of 'StartsWith' that has a StringComparison parameter (https://github.com/meziantou/Meziantou.Analyzer/blob/main/docs/Rules/MA0074.md) [C:\Projects\Hazina\src\Core\AI\Hazina.AI.RAG\Hazina.AI.RAG.csproj::TargetFramework=net9.0]
C:\Projects\Hazina\src\Core\AI\Hazina.AI.RAG\Graph\Pipeline\LLMEntityExtractor.cs(101,17): warning MA0074: Use an overload of 'EndsWith' that has a StringComparison parameter (https://github.com/meziantou/Meziantou.Analyzer/blob/main/docs/Rules/MA0074.md) [C:\Projects\Hazina\src\Core\AI\Hazina.AI.RAG\Hazina.AI.RAG.csproj::TargetFramework=net9.0]
C:\Projects\Hazina\src\Core\AI\Hazina.AI.RAG\Utilities\SentenceSplitter.cs(171,52): warning SA1629: Documentation text should end with a period (https://github.com/DotNetAnalyzers/StyleCopAnalyzers/blob/master/documentation/SA1629.md) [C:\Projects\Hazina\src\Core\AI\Hazina.AI.RAG\Hazina.AI.RAG.csproj::TargetFramework=net9.0]
C:\Projects\Hazina\src\Core\AI\Hazina.AI.RAG\Utilities\SentenceSplitter.cs(233,32): warning CA1002: Change 'List<string>' in 'SentenceSplitter.SplitDefault(string)' to use 'Collection<T>', 'ReadOnlyCollection<T>' or 'KeyedCollection<K,V>' (https://learn.microsoft.com/dotnet/fundamentals/code-analysis/quality-rules/ca1002) [C:\Projects\Hazina\src\Core\AI\Hazina.AI.RAG\Hazina.AI.RAG.csproj::TargetFramework=net9.0]
C:\Projects\Hazina\src\Core\AI\Hazina.AI.RAG\Utilities\SentenceSplitter.cs(233,19): warning MA0016: Prefer using collection abstraction instead of implementation (https://github.com/meziantou/Meziantou.Analyzer/blob/main/docs/Rules/MA0016.md) [C:\Projects\Hazina\src\Core\AI\Hazina.AI.RAG\Hazina.AI.RAG.csproj::TargetFramework=net9.0]
C:\Projects\Hazina\src\Core\AI\Hazina.AI.RAG\Core\RAGEngine.cs(394,25): warning MA0004: Use Task.ConfigureAwait(false) if the current SynchronizationContext is not needed (https://github.com/meziantou/Meziantou.Analyzer/blob/main/docs/Rules/MA0004.md) [C:\Projects\Hazina\src\Core\AI\Hazina.AI.RAG\Hazina.AI.RAG.csproj::TargetFramework=net9.0]
C:\Projects\Hazina\src\Core\AI\Hazina.AI.RAG\Embeddings\SemanticSimilarityChunker.cs(145,41): warning MA0051: Method is too long (75 lines; maximum allowed: 60) (https://github.com/meziantou/Meziantou.Analyzer/blob/main/docs/Rules/MA0051.md) [C:\Projects\Hazina\src\Core\AI\Hazina.AI.RAG\Hazina.AI.RAG.csproj::TargetFramework=net9.0]
C:\Projects\Hazina\src\Core\AI\Hazina.AI.RAG\Embeddings\BasicMetadataExtractor.cs(132,17): warning S2325: Make 'CountWords' a static method. (https://rules.sonarsource.com/csharp/RSPEC-2325) [C:\Projects\Hazina\src\Core\AI\Hazina.AI.RAG\Hazina.AI.RAG.csproj::TargetFramework=net9.0]
C:\Projects\Hazina\src\Core\AI\Hazina.AI.RAG\Embeddings\HierarchicalChunker.cs(170,34): warning S6610: "StartsWith" overloads that take a "char" should be used (https://rules.sonarsource.com/csharp/RSPEC-6610) [C:\Projects\Hazina\src\Core\AI\Hazina.AI.RAG\Hazina.AI.RAG.csproj::TargetFramework=net9.0]
C:\Projects\Hazina\src\Core\AI\Hazina.AI.RAG\Embeddings\HierarchicalChunker.cs(153,57): warning SA1629: Documentation text should end with a period (https://github.com/DotNetAnalyzers/StyleCopAnalyzers/blob/master/documentation/SA1629.md) [C:\Projects\Hazina\src\Core\AI\Hazina.AI.RAG\Hazina.AI.RAG.csproj::TargetFramework=net9.0]
C:\Projects\Hazina\src\Core\AI\Hazina.AI.RAG\Embeddings\HierarchicalChunker.cs(170,44): warning CA1866: Use 'string.StartsWith(char)' instead of 'string.StartsWith(string)' when you have a string with a single char (https://learn.microsoft.com/dotnet/fundamentals/code-analysis/quality-rules/ca1866) [C:\Projects\Hazina\src\Core\AI\Hazina.AI.RAG\Hazina.AI.RAG.csproj::TargetFramework=net9.0]
C:\Projects\Hazina\src\Core\AI\Hazina.AI.RAG\Embeddings\HierarchicalChunker.cs(170,17): warning CA1310: The behavior of 'string.StartsWith(string)' could vary based on the current user's locale settings. Replace this call in 'Hazina.AI.RAG.Embeddings.HierarchicalChunker.SplitMarkdownSections(string)' with a call to 'string.StartsWith(string, System.StringComparison)'. (https://learn.microsoft.com/dotnet/fundamentals/code-analysis/quality-rules/ca1310) [C:\Projects\Hazina\src\Core\AI\Hazina.AI.RAG\Hazina.AI.RAG.csproj::TargetFramework=net9.0]
C:\Projects\Hazina\src\Core\AI\Hazina.AI.RAG\Utilities\SentenceSplitter.cs(231,56): warning SA1629: Documentation text should end with a period (https://github.com/DotNetAnalyzers/StyleCopAnalyzers/blob/master/documentation/SA1629.md) [C:\Projects\Hazina\src\Core\AI\Hazina.AI.RAG\Hazina.AI.RAG.csproj::TargetFramework=net9.0]
C:\Projects\Hazina\src\Core\AI\Hazina.AI.RAG\Embeddings\BasicMetadataExtractor.cs(130,28): warning SA1629: Documentation text should end with a period (https://github.com/DotNetAnalyzers/StyleCopAnalyzers/blob/master/documentation/SA1629.md) [C:\Projects\Hazina\src\Core\AI\Hazina.AI.RAG\Hazina.AI.RAG.csproj::TargetFramework=net9.0]
C:\Projects\Hazina\src\Core\AI\Hazina.AI.RAG\Embeddings\BasicMetadataExtractor.cs(140,17): warning S2325: Make 'CountSentences' a static method. (https://rules.sonarsource.com/csharp/RSPEC-2325) [C:\Projects\Hazina\src\Core\AI\Hazina.AI.RAG\Hazina.AI.RAG.csproj::TargetFramework=net9.0]
C:\Projects\Hazina\src\Core\AI\Hazina.AI.RAG\Embeddings\BasicMetadataExtractor.cs(134,27): warning CA1861: Prefer 'static readonly' fields over constant array arguments if the called method is called repeatedly and is not mutating the passed array (https://learn.microsoft.com/dotnet/fundamentals/code-analysis/quality-rules/ca1861) [C:\Projects\Hazina\src\Core\AI\Hazina.AI.RAG\Hazina.AI.RAG.csproj::TargetFramework=net9.0]
C:\Projects\Hazina\src\Core\AI\Hazina.AI.RAG\Graph\Pipeline\EntityNormalizationService.cs(160,25): warning S2325: Make 'MergeEntities' a static method. (https://rules.sonarsource.com/csharp/RSPEC-2325) [C:\Projects\Hazina\src\Core\AI\Hazina.AI.RAG\Hazina.AI.RAG.csproj::TargetFramework=net9.0]
C:\Projects\Hazina\src\Core\AI\Hazina.AI.RAG\Embeddings\LLMMetadataExtractor.cs(167,31): warning S3267: Loop should be simplified by calling Select(chunk => chunk.Text)) (https://rules.sonarsource.com/csharp/RSPEC-3267) [C:\Projects\Hazina\src\Core\AI\Hazina.AI.RAG\Hazina.AI.RAG.csproj::TargetFramework=net9.0]
C:\Projects\Hazina\src\Core\AI\Hazina.AI.RAG\Embeddings\HierarchicalChunker.cs(170,17): warning MA0074: Use an overload of 'StartsWith' that has a StringComparison parameter (https://github.com/meziantou/Meziantou.Analyzer/blob/main/docs/Rules/MA0074.md) [C:\Projects\Hazina\src\Core\AI\Hazina.AI.RAG\Hazina.AI.RAG.csproj::TargetFramework=net9.0]
C:\Projects\Hazina\src\Core\AI\Hazina.AI.RAG\Embeddings\BasicMetadataExtractor.cs(138,32): warning SA1629: Documentation text should end with a period (https://github.com/DotNetAnalyzers/StyleCopAnalyzers/blob/master/documentation/SA1629.md) [C:\Projects\Hazina\src\Core\AI\Hazina.AI.RAG\Hazina.AI.RAG.csproj::TargetFramework=net9.0]
C:\Projects\Hazina\src\Core\AI\Hazina.AI.RAG\Graph\Storage\SQLiteGraphStore.cs(581,33): warning CA1305: The behavior of 'Convert.ToInt32(object)' could vary based on the current user's locale settings. Replace this call in 'SQLiteGraphStore.GetStatisticsAsync([CancellationToken])' with a call to 'Convert.ToInt32(object, IFormatProvider)'. (https://learn.microsoft.com/dotnet/fundamentals/code-analysis/quality-rules/ca1305) [C:\Projects\Hazina\src\Core\AI\Hazina.AI.RAG\Hazina.AI.RAG.csproj::TargetFramework=net9.0]
C:\Projects\Hazina\src\Core\AI\Hazina.AI.RAG\Graph\Storage\SQLiteGraphStore.cs(588,39): warning CA1305: The behavior of 'Convert.ToInt32(object)' could vary based on the current user's locale settings. Replace this call in 'SQLiteGraphStore.GetStatisticsAsync([CancellationToken])' with a call to 'Convert.ToInt32(object, IFormatProvider)'. (https://learn.microsoft.com/dotnet/fundamentals/code-analysis/quality-rules/ca1305) [C:\Projects\Hazina\src\Core\AI\Hazina.AI.RAG\Hazina.AI.RAG.csproj::TargetFramework=net9.0]
C:\Projects\Hazina\src\Core\AI\Hazina.AI.RAG\Graph\Storage\SQLiteGraphStore.cs(573,9): warning MA0004: Use Task.ConfigureAwait(false) if the current SynchronizationContext is not needed (https://github.com/meziantou/Meziantou.Analyzer/blob/main/docs/Rules/MA0004.md) [C:\Projects\Hazina\src\Core\AI\Hazina.AI.RAG\Hazina.AI.RAG.csproj::TargetFramework=net9.0]
C:\Projects\Hazina\src\Core\AI\Hazina.AI.RAG\Graph\Storage\SQLiteGraphStore.cs(581,49): warning MA0004: Use Task.ConfigureAwait(false) if the current SynchronizationContext is not needed (https://github.com/meziantou/Meziantou.Analyzer/blob/main/docs/Rules/MA0004.md) [C:\Projects\Hazina\src\Core\AI\Hazina.AI.RAG\Hazina.AI.RAG.csproj::TargetFramework=net9.0]
C:\Projects\Hazina\src\Core\AI\Hazina.AI.RAG\Graph\Storage\SQLiteGraphStore.cs(588,55): warning MA0004: Use Task.ConfigureAwait(false) if the current SynchronizationContext is not needed (https://github.com/meziantou/Meziantou.Analyzer/blob/main/docs/Rules/MA0004.md) [C:\Projects\Hazina\src\Core\AI\Hazina.AI.RAG\Hazina.AI.RAG.csproj::TargetFramework=net9.0]
C:\Projects\Hazina\src\Core\AI\Hazina.AI.RAG\Graph\Storage\SQLiteGraphStore.cs(595,32): warning MA0004: Use Task.ConfigureAwait(false) if the current SynchronizationContext is not needed (https://github.com/meziantou/Meziantou.Analyzer/blob/main/docs/Rules/MA0004.md) [C:\Projects\Hazina\src\Core\AI\Hazina.AI.RAG\Hazina.AI.RAG.csproj::TargetFramework=net9.0]
C:\Projects\Hazina\src\Core\AI\Hazina.AI.RAG\Graph\Storage\SQLiteGraphStore.cs(639,24): warning S2325: Make 'LoadEntityRelations' a static method. (https://rules.sonarsource.com/csharp/RSPEC-2325) [C:\Projects\Hazina\src\Core\AI\Hazina.AI.RAG\Hazina.AI.RAG.csproj::TargetFramework=net9.0]
C:\Projects\Hazina\src\Core\AI\Hazina.AI.RAG\Graph\Pipeline\EntityNormalizationService.cs(235,17): warning S2325: Make 'LevenshteinDistance' a static method. (https://rules.sonarsource.com/csharp/RSPEC-2325) [C:\Projects\Hazina\src\Core\AI\Hazina.AI.RAG\Hazina.AI.RAG.csproj::TargetFramework=net9.0]
C:\Projects\Hazina\src\Core\AI\Hazina.AI.RAG\Graph\Storage\SQLiteGraphStore.cs(596,20): warning MA0004: Use Task.ConfigureAwait(false) if the current SynchronizationContext is not needed (https://github.com/meziantou/Meziantou.Analyzer/blob/main/docs/Rules/MA0004.md) [C:\Projects\Hazina\src\Core\AI\Hazina.AI.RAG\Hazina.AI.RAG.csproj::TargetFramework=net9.0]
C:\Projects\Hazina\src\Core\AI\Hazina.AI.RAG\Graph\Storage\SQLiteGraphStore.cs(606,32): warning MA0004: Use Task.ConfigureAwait(false) if the current SynchronizationContext is not needed (https://github.com/meziantou/Meziantou.Analyzer/blob/main/docs/Rules/MA0004.md) [C:\Projects\Hazina\src\Core\AI\Hazina.AI.RAG\Hazina.AI.RAG.csproj::TargetFramework=net9.0]
C:\Projects\Hazina\src\Core\AI\Hazina.AI.RAG\Graph\Storage\SQLiteGraphStore.cs(607,20): warning MA0004: Use Task.ConfigureAwait(false) if the current SynchronizationContext is not needed (https://github.com/meziantou/Meziantou.Analyzer/blob/main/docs/Rules/MA0004.md) [C:\Projects\Hazina\src\Core\AI\Hazina.AI.RAG\Hazina.AI.RAG.csproj::TargetFramework=net9.0]
C:\Projects\Hazina\src\Core\AI\Hazina.AI.RAG\Core\RAGEngine.cs(424,20): warning S2325: Make 'BuildContext' a static method. (https://rules.sonarsource.com/csharp/RSPEC-2325) [C:\Projects\Hazina\src\Core\AI\Hazina.AI.RAG\Hazina.AI.RAG.csproj::TargetFramework=net9.0]
C:\Projects\Hazina\src\Core\AI\Hazina.AI.RAG\Graph\Storage\SQLiteGraphStore.cs(581,33): warning MA0011: Use an overload of 'ToInt32' that has a 'System.IFormatProvider' parameter (https://github.com/meziantou/Meziantou.Analyzer/blob/main/docs/Rules/MA0011.md) [C:\Projects\Hazina\src\Core\AI\Hazina.AI.RAG\Hazina.AI.RAG.csproj::TargetFramework=net9.0]
C:\Projects\Hazina\src\Core\AI\Hazina.AI.RAG\Graph\Storage\SQLiteGraphStore.cs(588,39): warning MA0011: Use an overload of 'ToInt32' that has a 'System.IFormatProvider' parameter (https://github.com/meziantou/Meziantou.Analyzer/blob/main/docs/Rules/MA0011.md) [C:\Projects\Hazina\src\Core\AI\Hazina.AI.RAG\Hazina.AI.RAG.csproj::TargetFramework=net9.0]
C:\Projects\Hazina\src\Core\AI\Hazina.AI.RAG\Graph\Pipeline\EntityNormalizationService.cs(283,24): warning S1244: Do not check floating point equality with exact values, use a range instead. (https://rules.sonarsource.com/csharp/RSPEC-1244) [C:\Projects\Hazina\src\Core\AI\Hazina.AI.RAG\Hazina.AI.RAG.csproj::TargetFramework=net9.0]
C:\Projects\Hazina\src\Core\AI\Hazina.AI.RAG\Graph\Pipeline\EntityNormalizationService.cs(283,45): warning S1244: Do not check floating point equality with exact values, use a range instead. (https://rules.sonarsource.com/csharp/RSPEC-1244) [C:\Projects\Hazina\src\Core\AI\Hazina.AI.RAG\Hazina.AI.RAG.csproj::TargetFramework=net9.0]
C:\Projects\Hazina\src\Core\AI\Hazina.AI.RAG\Graph\Pipeline\EntityNormalizationService.cs(265,20): warning S2325: Make 'CalculateCosineSimilarity' a static method. (https://rules.sonarsource.com/csharp/RSPEC-2325) [C:\Projects\Hazina\src\Core\AI\Hazina.AI.RAG\Hazina.AI.RAG.csproj::TargetFramework=net9.0]
C:\Projects\Hazina\src\Core\AI\Hazina.AI.RAG\Graph\Retrieval\HybridRetrievalService.cs(73,53): warning MA0051: Method is too long (65 lines; maximum allowed: 60) (https://github.com/meziantou/Meziantou.Analyzer/blob/main/docs/Rules/MA0051.md) [C:\Projects\Hazina\src\Core\AI\Hazina.AI.RAG\Hazina.AI.RAG.csproj::TargetFramework=net9.0]
C:\Projects\Hazina\src\Core\AI\Hazina.AI.RAG\Graph\Retrieval\HybridRetrievalService.cs(135,26): warning S2139: Either log this exception and handle it, or rethrow it with some contextual information. (https://rules.sonarsource.com/csharp/RSPEC-2139) [C:\Projects\Hazina\src\Core\AI\Hazina.AI.RAG\Hazina.AI.RAG.csproj::TargetFramework=net9.0]
C:\Projects\Hazina\src\Core\AI\Hazina.AI.RAG\Graph\Retrieval\HybridRetrievalService.cs(76,9): warning S1172: Remove this unused method parameter 'cancellationToken'. (https://rules.sonarsource.com/csharp/RSPEC-1172) [C:\Projects\Hazina\src\Core\AI\Hazina.AI.RAG\Hazina.AI.RAG.csproj::TargetFramework=net9.0]
C:\Projects\Hazina\src\Core\AI\Hazina.AI.RAG\Graph\Pipeline\EntityNormalizationService.cs(220,16): warning CA1308: In method 'CalculateStringSimilarity', replace the call to 'ToLowerInvariant' with 'ToUpperInvariant' (https://learn.microsoft.com/dotnet/fundamentals/code-analysis/quality-rules/ca1308) [C:\Projects\Hazina\src\Core\AI\Hazina.AI.RAG\Hazina.AI.RAG.csproj::TargetFramework=net9.0]
C:\Projects\Hazina\src\Core\AI\Hazina.AI.RAG\Graph\Pipeline\EntityNormalizationService.cs(221,16): warning CA1308: In method 'CalculateStringSimilarity', replace the call to 'ToLowerInvariant' with 'ToUpperInvariant' (https://learn.microsoft.com/dotnet/fundamentals/code-analysis/quality-rules/ca1308) [C:\Projects\Hazina\src\Core\AI\Hazina.AI.RAG\Hazina.AI.RAG.csproj::TargetFramework=net9.0]
C:\Projects\Hazina\src\Core\AI\Hazina.AI.RAG\Graph\Pipeline\EntityNormalizationService.cs(204,32): warning SA1407: Arithmetic expressions should declare precedence (https://github.com/DotNetAnalyzers/StyleCopAnalyzers/blob/master/documentation/SA1407.md) [C:\Projects\Hazina\src\Core\AI\Hazina.AI.RAG\Hazina.AI.RAG.csproj::TargetFramework=net9.0]
C:\Projects\Hazina\src\Core\AI\Hazina.AI.RAG\Embeddings\LLMMetadataExtractor.cs(159,63): warning SA1629: Documentation text should end with a period (https://github.com/DotNetAnalyzers/StyleCopAnalyzers/blob/master/documentation/SA1629.md) [C:\Projects\Hazina\src\Core\AI\Hazina.AI.RAG\Hazina.AI.RAG.csproj::TargetFramework=net9.0]
C:\Projects\Hazina\src\Core\AI\Hazina.AI.RAG\Graph\Pipeline\EntityNormalizationService.cs(224,13): warning MA0006: Use string.Equals instead of Equals operator (https://github.com/meziantou/Meziantou.Analyzer/blob/main/docs/Rules/MA0006.md) [C:\Projects\Hazina\src\Core\AI\Hazina.AI.RAG\Hazina.AI.RAG.csproj::TargetFramework=net9.0]
C:\Projects\Hazina\src\Core\AI\Hazina.AI.RAG\Embeddings\LLMMetadataExtractor.cs(169,28): warning MA0004: Use Task.ConfigureAwait(false) if the current SynchronizationContext is not needed (https://github.com/meziantou/Meziantou.Analyzer/blob/main/docs/Rules/MA0004.md) [C:\Projects\Hazina\src\Core\AI\Hazina.AI.RAG\Hazina.AI.RAG.csproj::TargetFramework=net9.0]
C:\Projects\Hazina\src\Core\AI\Hazina.AI.RAG\Graph\Pipeline\EntityNormalizationService.cs(172,14): warning MA0002: Use an overload that has a IEqualityComparer<string> or IComparer<string> parameter (https://github.com/meziantou/Meziantou.Analyzer/blob/main/docs/Rules/MA0002.md) [C:\Projects\Hazina\src\Core\AI\Hazina.AI.RAG\Hazina.AI.RAG.csproj::TargetFramework=net9.0]
C:\Projects\Hazina\src\Core\AI\Hazina.AI.RAG\Embeddings\LLMMetadataExtractor.cs(187,20): warning S2325: Make 'BuildSingleChunkPrompt' a static method. (https://rules.sonarsource.com/csharp/RSPEC-2325) [C:\Projects\Hazina\src\Core\AI\Hazina.AI.RAG\Hazina.AI.RAG.csproj::TargetFramework=net9.0]
C:\Projects\Hazina\src\Core\AI\Hazina.AI.RAG\Embeddings\SemanticSimilarityChunker.cs(298,17): warning S1854: Remove this useless assignment to local variable 'currentChunkStart'. (https://rules.sonarsource.com/csharp/RSPEC-1854) [C:\Projects\Hazina\src\Core\AI\Hazina.AI.RAG\Hazina.AI.RAG.csproj::TargetFramework=net9.0]
C:\Projects\Hazina\src\Core\AI\Hazina.AI.RAG\Graph\Pipeline\EntityNormalizationService.cs(239,18): warning CA1814: LevenshteinDistance uses a multidimensional array of int[*,*]. Replace it with a jagged array if possible. (https://learn.microsoft.com/dotnet/fundamentals/code-analysis/quality-rules/ca1814) [C:\Projects\Hazina\src\Core\AI\Hazina.AI.RAG\Hazina.AI.RAG.csproj::TargetFramework=net9.0]
C:\Projects\Hazina\src\Core\AI\Hazina.AI.RAG\Graph\Storage\SQLiteGraphStore.cs(625,23): warning S6580: Use a format provider when parsing date and time. (https://rules.sonarsource.com/csharp/RSPEC-6580) [C:\Projects\Hazina\src\Core\AI\Hazina.AI.RAG\Hazina.AI.RAG.csproj::TargetFramework=net9.0]
C:\Projects\Hazina\src\Core\AI\Hazina.AI.RAG\Graph\Storage\SQLiteGraphStore.cs(626,27): warning S6580: Use a format provider when parsing date and time. (https://rules.sonarsource.com/csharp/RSPEC-6580) [C:\Projects\Hazina\src\Core\AI\Hazina.AI.RAG\Hazina.AI.RAG.csproj::TargetFramework=net9.0]
C:\Projects\Hazina\src\Core\AI\Hazina.AI.RAG\Graph\Storage\SQLiteGraphStore.cs(646,32): warning MA0004: Use Task.ConfigureAwait(false) if the current SynchronizationContext is not needed (https://github.com/meziantou/Meziantou.Analyzer/blob/main/docs/Rules/MA0004.md) [C:\Projects\Hazina\src\Core\AI\Hazina.AI.RAG\Hazina.AI.RAG.csproj::TargetFramework=net9.0]
C:\Projects\Hazina\src\Core\AI\Hazina.AI.RAG\Graph\Storage\SQLiteGraphStore.cs(647,20): warning MA0004: Use Task.ConfigureAwait(false) if the current SynchronizationContext is not needed (https://github.com/meziantou/Meziantou.Analyzer/blob/main/docs/Rules/MA0004.md) [C:\Projects\Hazina\src\Core\AI\Hazina.AI.RAG\Hazina.AI.RAG.csproj::TargetFramework=net9.0]
C:\Projects\Hazina\src\Core\AI\Hazina.AI.RAG\Graph\Storage\SQLiteGraphStore.cs(658,32): warning MA0004: Use Task.ConfigureAwait(false) if the current SynchronizationContext is not needed (https://github.com/meziantou/Meziantou.Analyzer/blob/main/docs/Rules/MA0004.md) [C:\Projects\Hazina\src\Core\AI\Hazina.AI.RAG\Hazina.AI.RAG.csproj::TargetFramework=net9.0]
C:\Projects\Hazina\src\Core\AI\Hazina.AI.RAG\Graph\Storage\SQLiteGraphStore.cs(659,20): warning MA0004: Use Task.ConfigureAwait(false) if the current SynchronizationContext is not needed (https://github.com/meziantou/Meziantou.Analyzer/blob/main/docs/Rules/MA0004.md) [C:\Projects\Hazina\src\Core\AI\Hazina.AI.RAG\Hazina.AI.RAG.csproj::TargetFramework=net9.0]
C:\Projects\Hazina\src\Core\AI\Hazina.AI.RAG\Graph\Storage\SQLiteGraphStore.cs(625,23): warning CA1305: The behavior of 'DateTime.Parse(string)' could vary based on the current user's locale settings. Replace this call in 'SQLiteGraphStore.ReadEntity(SqliteDataReader)' with a call to 'DateTime.Parse(string, IFormatProvider)'. (https://learn.microsoft.com/dotnet/fundamentals/code-analysis/quality-rules/ca1305) [C:\Projects\Hazina\src\Core\AI\Hazina.AI.RAG\Hazina.AI.RAG.csproj::TargetFramework=net9.0]
C:\Projects\Hazina\src\Core\AI\Hazina.AI.RAG\Graph\Storage\SQLiteGraphStore.cs(626,27): warning CA1305: The behavior of 'DateTime.Parse(string)' could vary based on the current user's locale settings. Replace this call in 'SQLiteGraphStore.ReadEntity(SqliteDataReader)' with a call to 'DateTime.Parse(string, IFormatProvider)'. (https://learn.microsoft.com/dotnet/fundamentals/code-analysis/quality-rules/ca1305) [C:\Projects\Hazina\src\Core\AI\Hazina.AI.RAG\Hazina.AI.RAG.csproj::TargetFramework=net9.0]
C:\Projects\Hazina\src\Core\AI\Hazina.AI.RAG\Core\RAGEngine.cs(493,20): warning S2325: Make 'BuildRAGPrompt' a static method. (https://rules.sonarsource.com/csharp/RSPEC-2325) [C:\Projects\Hazina\src\Core\AI\Hazina.AI.RAG\Hazina.AI.RAG.csproj::TargetFramework=net9.0]
C:\Projects\Hazina\src\Core\AI\Hazina.AI.RAG\Graph\Storage\SQLiteGraphStore.cs(625,23): warning MA0011: Use an overload of 'Parse' that has a 'System.IFormatProvider' parameter (https://github.com/meziantou/Meziantou.Analyzer/blob/main/docs/Rules/MA0011.md) [C:\Projects\Hazina\src\Core\AI\Hazina.AI.RAG\Hazina.AI.RAG.csproj::TargetFramework=net9.0]
C:\Projects\Hazina\src\Core\AI\Hazina.AI.RAG\Graph\Storage\SQLiteGraphStore.cs(626,27): warning MA0011: Use an overload of 'Parse' that has a 'System.IFormatProvider' parameter (https://github.com/meziantou/Meziantou.Analyzer/blob/main/docs/Rules/MA0011.md) [C:\Projects\Hazina\src\Core\AI\Hazina.AI.RAG\Hazina.AI.RAG.csproj::TargetFramework=net9.0]
C:\Projects\Hazina\src\Core\AI\Hazina.AI.RAG\Graph\Storage\SQLiteGraphStore.cs(624,135): warning MA0002: Use an overload that has a IEqualityComparer<string> or IComparer<string> parameter (https://github.com/meziantou/Meziantou.Analyzer/blob/main/docs/Rules/MA0002.md) [C:\Projects\Hazina\src\Core\AI\Hazina.AI.RAG\Hazina.AI.RAG.csproj::TargetFramework=net9.0]
C:\Projects\Hazina\src\Core\AI\Hazina.AI.RAG\Embeddings\HierarchicalChunker.cs(216,72): warning SA1629: Documentation text should end with a period (https://github.com/DotNetAnalyzers/StyleCopAnalyzers/blob/master/documentation/SA1629.md) [C:\Projects\Hazina\src\Core\AI\Hazina.AI.RAG\Hazina.AI.RAG.csproj::TargetFramework=net9.0]
C:\Projects\Hazina\src\Core\AI\Hazina.AI.RAG\Embeddings\HierarchicalChunker.cs(240,57): warning SA1108: Block statements should not contain embedded comments (https://github.com/DotNetAnalyzers/StyleCopAnalyzers/blob/master/documentation/SA1108.md) [C:\Projects\Hazina\src\Core\AI\Hazina.AI.RAG\Hazina.AI.RAG.csproj::TargetFramework=net9.0]
C:\Projects\Hazina\src\Core\AI\Hazina.AI.RAG\Core\RAGEngine.cs(462,13): warning SA1111: Closing parenthesis should be on line of last parameter (https://github.com/DotNetAnalyzers/StyleCopAnalyzers/blob/master/documentation/SA1111.md) [C:\Projects\Hazina\src\Core\AI\Hazina.AI.RAG\Hazina.AI.RAG.csproj::TargetFramework=net9.0]
C:\Projects\Hazina\src\Core\AI\Hazina.AI.RAG\Core\RAGEngine.cs(487,13): warning SA1111: Closing parenthesis should be on line of last parameter (https://github.com/DotNetAnalyzers/StyleCopAnalyzers/blob/master/documentation/SA1111.md) [C:\Projects\Hazina\src\Core\AI\Hazina.AI.RAG\Hazina.AI.RAG.csproj::TargetFramework=net9.0]
C:\Projects\Hazina\src\Core\AI\Hazina.AI.RAG\Embeddings\HierarchicalChunker.cs(254,54): warning CA1845: Use span-based 'string.Concat' and 'AsSpan' instead of 'Substring' (https://learn.microsoft.com/dotnet/fundamentals/code-analysis/quality-rules/ca1845) [C:\Projects\Hazina\src\Core\AI\Hazina.AI.RAG\Hazina.AI.RAG.csproj::TargetFramework=net9.0]
C:\Projects\Hazina\src\Core\AI\Hazina.AI.RAG\Embeddings\HierarchicalChunker.cs(234,33): warning CA1310: The behavior of 'string.StartsWith(string)' could vary based on the current user's locale settings. Replace this call in 'Hazina.AI.RAG.Embeddings.HierarchicalChunker.SplitCodeSections(string)' with a call to 'string.StartsWith(string, System.StringComparison)'. (https://learn.microsoft.com/dotnet/fundamentals/code-analysis/quality-rules/ca1310) [C:\Projects\Hazina\src\Core\AI\Hazina.AI.RAG\Hazina.AI.RAG.csproj::TargetFramework=net9.0]
C:\Projects\Hazina\src\Core\AI\Hazina.AI.RAG\Embeddings\HierarchicalChunker.cs(235,31): warning CA1310: The behavior of 'string.StartsWith(string)' could vary based on the current user's locale settings. Replace this call in 'Hazina.AI.RAG.Embeddings.HierarchicalChunker.SplitCodeSections(string)' with a call to 'string.StartsWith(string, System.StringComparison)'. (https://learn.microsoft.com/dotnet/fundamentals/code-analysis/quality-rules/ca1310) [C:\Projects\Hazina\src\Core\AI\Hazina.AI.RAG\Hazina.AI.RAG.csproj::TargetFramework=net9.0]
C:\Projects\Hazina\src\Core\AI\Hazina.AI.RAG\Embeddings\HierarchicalChunker.cs(236,31): warning CA1310: The behavior of 'string.StartsWith(string)' could vary based on the current user's locale settings. Replace this call in 'Hazina.AI.RAG.Embeddings.HierarchicalChunker.SplitCodeSections(string)' with a call to 'string.StartsWith(string, System.StringComparison)'. (https://learn.microsoft.com/dotnet/fundamentals/code-analysis/quality-rules/ca1310) [C:\Projects\Hazina\src\Core\AI\Hazina.AI.RAG\Hazina.AI.RAG.csproj::TargetFramework=net9.0]
C:\Projects\Hazina\src\Core\AI\Hazina.AI.RAG\Embeddings\HierarchicalChunker.cs(237,31): warning CA1307: 'string.Contains(string)' has a method overload that takes a 'StringComparison' parameter. Replace this call in 'Hazina.AI.RAG.Embeddings.HierarchicalChunker.SplitCodeSections(string)' with a call to 'string.Contains(string, System.StringComparison)' for clarity of intent. (https://learn.microsoft.com/dotnet/fundamentals/code-analysis/quality-rules/ca1307) [C:\Projects\Hazina\src\Core\AI\Hazina.AI.RAG\Hazina.AI.RAG.csproj::TargetFramework=net9.0]
C:\Projects\Hazina\src\Core\AI\Hazina.AI.RAG\Core\RAGEngine.cs(454,26): warning MA0004: Use Task.ConfigureAwait(false) if the current SynchronizationContext is not needed (https://github.com/meziantou/Meziantou.Analyzer/blob/main/docs/Rules/MA0004.md) [C:\Projects\Hazina\src\Core\AI\Hazina.AI.RAG\Hazina.AI.RAG.csproj::TargetFramework=net9.0]
C:\Projects\Hazina\src\Core\AI\Hazina.AI.RAG\Core\RAGEngine.cs(481,28): warning MA0004: Use Task.ConfigureAwait(false) if the current SynchronizationContext is not needed (https://github.com/meziantou/Meziantou.Analyzer/blob/main/docs/Rules/MA0004.md) [C:\Projects\Hazina\src\Core\AI\Hazina.AI.RAG\Hazina.AI.RAG.csproj::TargetFramework=net9.0]
C:\Projects\Hazina\src\Core\AI\Hazina.AI.RAG\Embeddings\HierarchicalChunker.cs(238,31): warning MA0009: Regular expressions should not be vulnerable to Denial of Service attacks (https://github.com/meziantou/Meziantou.Analyzer/blob/main/docs/Rules/MA0009.md) [C:\Projects\Hazina\src\Core\AI\Hazina.AI.RAG\Hazina.AI.RAG.csproj::TargetFramework=net9.0]
C:\Projects\Hazina\src\Core\AI\Hazina.AI.RAG\Graph\Storage\SQLiteGraphStore.cs(698,20): warning S2325: Make 'SerializeEmbedding' a static method. (https://rules.sonarsource.com/csharp/RSPEC-2325) [C:\Projects\Hazina\src\Core\AI\Hazina.AI.RAG\Hazina.AI.RAG.csproj::TargetFramework=net9.0]
C:\Projects\Hazina\src\Core\AI\Hazina.AI.RAG\Embeddings\HierarchicalChunker.cs(234,33): warning MA0074: Use an overload of 'StartsWith' that has a StringComparison parameter (https://github.com/meziantou/Meziantou.Analyzer/blob/main/docs/Rules/MA0074.md) [C:\Projects\Hazina\src\Core\AI\Hazina.AI.RAG\Hazina.AI.RAG.csproj::TargetFramework=net9.0]
C:\Projects\Hazina\src\Core\AI\Hazina.AI.RAG\Embeddings\HierarchicalChunker.cs(235,31): warning MA0074: Use an overload of 'StartsWith' that has a StringComparison parameter (https://github.com/meziantou/Meziantou.Analyzer/blob/main/docs/Rules/MA0074.md) [C:\Projects\Hazina\src\Core\AI\Hazina.AI.RAG\Hazina.AI.RAG.csproj::TargetFramework=net9.0]
C:\Projects\Hazina\src\Core\AI\Hazina.AI.RAG\Embeddings\HierarchicalChunker.cs(236,31): warning MA0074: Use an overload of 'StartsWith' that has a StringComparison parameter (https://github.com/meziantou/Meziantou.Analyzer/blob/main/docs/Rules/MA0074.md) [C:\Projects\Hazina\src\Core\AI\Hazina.AI.RAG\Hazina.AI.RAG.csproj::TargetFramework=net9.0]
C:\Projects\Hazina\src\Core\AI\Hazina.AI.RAG\Graph\Storage\SQLiteGraphStore.cs(705,21): warning S2325: Make 'DeserializeEmbedding' a static method. (https://rules.sonarsource.com/csharp/RSPEC-2325) [C:\Projects\Hazina\src\Core\AI\Hazina.AI.RAG\Hazina.AI.RAG.csproj::TargetFramework=net9.0]
C:\Projects\Hazina\src\Core\AI\Hazina.AI.RAG\Graph\Storage\SQLiteGraphStore.cs(730,24): warning S1244: Do not check floating point equality with exact values, use a range instead. (https://rules.sonarsource.com/csharp/RSPEC-1244) [C:\Projects\Hazina\src\Core\AI\Hazina.AI.RAG\Hazina.AI.RAG.csproj::TargetFramework=net9.0]
C:\Projects\Hazina\src\Core\AI\Hazina.AI.RAG\Graph\Storage\SQLiteGraphStore.cs(730,45): warning S1244: Do not check floating point equality with exact values, use a range instead. (https://rules.sonarsource.com/csharp/RSPEC-1244) [C:\Projects\Hazina\src\Core\AI\Hazina.AI.RAG\Hazina.AI.RAG.csproj::TargetFramework=net9.0]
C:\Projects\Hazina\src\Core\AI\Hazina.AI.RAG\Graph\Storage\SQLiteGraphStore.cs(712,20): warning S2325: Make 'CalculateCosineSimilarity' a static method. (https://rules.sonarsource.com/csharp/RSPEC-2325) [C:\Projects\Hazina\src\Core\AI\Hazina.AI.RAG\Hazina.AI.RAG.csproj::TargetFramework=net9.0]
C:\Projects\Hazina\src\Core\AI\Hazina.AI.RAG\Embeddings\SemanticSimilarityChunker.cs(320,26): warning S2325: Make 'ApplyRollingAverage' a static method. (https://rules.sonarsource.com/csharp/RSPEC-2325) [C:\Projects\Hazina\src\Core\AI\Hazina.AI.RAG\Hazina.AI.RAG.csproj::TargetFramework=net9.0]
C:\Projects\Hazina\src\Core\AI\Hazina.AI.RAG\Embeddings\SemanticSimilarityChunker.cs(143,70): warning SA1629: Documentation text should end with a period (https://github.com/DotNetAnalyzers/StyleCopAnalyzers/blob/master/documentation/SA1629.md) [C:\Projects\Hazina\src\Core\AI\Hazina.AI.RAG\Hazina.AI.RAG.csproj::TargetFramework=net9.0]
C:\Projects\Hazina\src\Core\AI\Hazina.AI.RAG\Embeddings\SemanticSimilarityChunker.cs(211,21): warning SA1111: Closing parenthesis should be on line of last parameter (https://github.com/DotNetAnalyzers/StyleCopAnalyzers/blob/master/documentation/SA1111.md) [C:\Projects\Hazina\src\Core\AI\Hazina.AI.RAG\Hazina.AI.RAG.csproj::TargetFramework=net9.0]
C:\Projects\Hazina\src\Core\AI\Hazina.AI.RAG\Embeddings\SemanticSimilarityChunker.cs(173,25): warning CA1873: Evaluation of this argument may be expensive and unnecessary if logging is disabled (https://learn.microsoft.com/dotnet/fundamentals/code-analysis/quality-rules/ca1873) [C:\Projects\Hazina\src\Core\AI\Hazina.AI.RAG\Hazina.AI.RAG.csproj::TargetFramework=net9.0]
C:\Projects\Hazina\src\Core\AI\Hazina.AI.RAG\Embeddings\SemanticSimilarityChunker.cs(189,25): warning CA1873: Evaluation of this argument may be expensive and unnecessary if logging is disabled (https://learn.microsoft.com/dotnet/fundamentals/code-analysis/quality-rules/ca1873) [C:\Projects\Hazina\src\Core\AI\Hazina.AI.RAG\Hazina.AI.RAG.csproj::TargetFramework=net9.0]
C:\Projects\Hazina\src\Core\AI\Hazina.AI.RAG\Embeddings\SemanticSimilarityChunker.cs(194,21): warning CA1873: Evaluation of this argument may be expensive and unnecessary if logging is disabled (https://learn.microsoft.com/dotnet/fundamentals/code-analysis/quality-rules/ca1873) [C:\Projects\Hazina\src\Core\AI\Hazina.AI.RAG\Hazina.AI.RAG.csproj::TargetFramework=net9.0]
C:\Projects\Hazina\src\Core\AI\Hazina.AI.RAG\Embeddings\SemanticSimilarityChunker.cs(173,25): warning CA1848: For improved performance, use the LoggerMessage delegates instead of calling 'LoggerExtensions.LogDebug(ILogger, string?, params object?[])' (https://learn.microsoft.com/dotnet/fundamentals/code-analysis/quality-rules/ca1848) [C:\Projects\Hazina\src\Core\AI\Hazina.AI.RAG\Hazina.AI.RAG.csproj::TargetFramework=net9.0]
C:\Projects\Hazina\src\Core\AI\Hazina.AI.RAG\Embeddings\SemanticSimilarityChunker.cs(189,25): warning CA1848: For improved performance, use the LoggerMessage delegates instead of calling 'LoggerExtensions.LogDebug(ILogger, string?, params object?[])' (https://learn.microsoft.com/dotnet/fundamentals/code-analysis/quality-rules/ca1848) [C:\Projects\Hazina\src\Core\AI\Hazina.AI.RAG\Hazina.AI.RAG.csproj::TargetFramework=net9.0]
C:\Projects\Hazina\src\Core\AI\Hazina.AI.RAG\Embeddings\SemanticSimilarityChunker.cs(194,21): warning CA1848: For improved performance, use the LoggerMessage delegates instead of calling 'LoggerExtensions.LogDebug(ILogger, string?, params object?[])' (https://learn.microsoft.com/dotnet/fundamentals/code-analysis/quality-rules/ca1848) [C:\Projects\Hazina\src\Core\AI\Hazina.AI.RAG\Hazina.AI.RAG.csproj::TargetFramework=net9.0]
C:\Projects\Hazina\src\Core\AI\Hazina.AI.RAG\Embeddings\SemanticSimilarityChunker.cs(200,21): warning CA1848: For improved performance, use the LoggerMessage delegates instead of calling 'LoggerExtensions.LogError(ILogger, Exception?, string?, params object?[])' (https://learn.microsoft.com/dotnet/fundamentals/code-analysis/quality-rules/ca1848) [C:\Projects\Hazina\src\Core\AI\Hazina.AI.RAG\Hazina.AI.RAG.csproj::TargetFramework=net9.0]
C:\Projects\Hazina\src\Core\AI\Hazina.AI.RAG\Embeddings\SemanticSimilarityChunker.cs(216,29): warning CA1848: For improved performance, use the LoggerMessage delegates instead of calling 'LoggerExtensions.LogWarning(ILogger, Exception?, string?, params object?[])' (https://learn.microsoft.com/dotnet/fundamentals/code-analysis/quality-rules/ca1848) [C:\Projects\Hazina\src\Core\AI\Hazina.AI.RAG\Hazina.AI.RAG.csproj::TargetFramework=net9.0]
C:\Projects\Hazina\src\Core\AI\Hazina.AI.RAG\Embeddings\SemanticSimilarityChunker.cs(226,63): warning SA1629: Documentation text should end with a period (https://github.com/DotNetAnalyzers/StyleCopAnalyzers/blob/master/documentation/SA1629.md) [C:\Projects\Hazina\src\Core\AI\Hazina.AI.RAG\Hazina.AI.RAG.csproj::TargetFramework=net9.0]
C:\Projects\Hazina\src\Core\AI\Hazina.AI.RAG\Embeddings\SemanticSimilarityChunker.cs(241,25): warning CA1848: For improved performance, use the LoggerMessage delegates instead of calling 'LoggerExtensions.LogWarning(ILogger, Exception?, string?, params object?[])' (https://learn.microsoft.com/dotnet/fundamentals/code-analysis/quality-rules/ca1848) [C:\Projects\Hazina\src\Core\AI\Hazina.AI.RAG\Hazina.AI.RAG.csproj::TargetFramework=net9.0]
C:\Projects\Hazina\src\Core\AI\Hazina.AI.RAG\Core\RAGEngine.cs(408,9): warning SA1111: Closing parenthesis should be on line of last parameter (https://github.com/DotNetAnalyzers/StyleCopAnalyzers/blob/master/documentation/SA1111.md) [C:\Projects\Hazina\src\Core\AI\Hazina.AI.RAG\Hazina.AI.RAG.csproj::TargetFramework=net9.0]
C:\Projects\Hazina\src\Core\AI\Hazina.AI.RAG\Core\RAGEngine.cs(415,102): warning SA1122: Use string.Empty for empty strings (https://github.com/DotNetAnalyzers/StyleCopAnalyzers/blob/master/documentation/SA1122.md) [C:\Projects\Hazina\src\Core\AI\Hazina.AI.RAG\Hazina.AI.RAG.csproj::TargetFramework=net9.0]
C:\Projects\Hazina\src\Core\AI\Hazina.AI.RAG\Core\RAGEngine.cs(415,107): warning SA1122: Use string.Empty for empty strings (https://github.com/DotNetAnalyzers/StyleCopAnalyzers/blob/master/documentation/SA1122.md) [C:\Projects\Hazina\src\Core\AI\Hazina.AI.RAG\Hazina.AI.RAG.csproj::TargetFramework=net9.0]
C:\Projects\Hazina\src\Core\AI\Hazina.AI.RAG\Embeddings\LLMMetadataExtractor.cs(185,58): warning SA1629: Documentation text should end with a period (https://github.com/DotNetAnalyzers/StyleCopAnalyzers/blob/master/documentation/SA1629.md) [C:\Projects\Hazina\src\Core\AI\Hazina.AI.RAG\Hazina.AI.RAG.csproj::TargetFramework=net9.0]
C:\Projects\Hazina\src\Core\AI\Hazina.AI.RAG\Embeddings\LLMMetadataExtractor.cs(191,15): warning CA1845: Use span-based 'string.Concat' and 'AsSpan' instead of 'Substring' (https://learn.microsoft.com/dotnet/fundamentals/code-analysis/quality-rules/ca1845) [C:\Projects\Hazina\src\Core\AI\Hazina.AI.RAG\Hazina.AI.RAG.csproj::TargetFramework=net9.0]
C:\Projects\Hazina\src\Core\AI\Hazina.AI.RAG\Embeddings\SemanticSimilarityChunker.cs(175,37): warning MA0004: Use Task.ConfigureAwait(false) if the current SynchronizationContext is not needed (https://github.com/meziantou/Meziantou.Analyzer/blob/main/docs/Rules/MA0004.md) [C:\Projects\Hazina\src\Core\AI\Hazina.AI.RAG\Hazina.AI.RAG.csproj::TargetFramework=net9.0]
C:\Projects\Hazina\src\Core\AI\Hazina.AI.RAG\Embeddings\SemanticSimilarityChunker.cs(208,37): warning MA0004: Use Task.ConfigureAwait(false) if the current SynchronizationContext is not needed (https://github.com/meziantou/Meziantou.Analyzer/blob/main/docs/Rules/MA0004.md) [C:\Projects\Hazina\src\Core\AI\Hazina.AI.RAG\Hazina.AI.RAG.csproj::TargetFramework=net9.0]
C:\Projects\Hazina\src\Core\AI\Hazina.AI.RAG\Embeddings\SemanticSimilarityChunker.cs(210,36): warning MA0004: Use Task.ConfigureAwait(false) if the current SynchronizationContext is not needed (https://github.com/meziantou/Meziantou.Analyzer/blob/main/docs/Rules/MA0004.md) [C:\Projects\Hazina\src\Core\AI\Hazina.AI.RAG\Hazina.AI.RAG.csproj::TargetFramework=net9.0]
C:\Projects\Hazina\src\Core\AI\Hazina.AI.RAG\Core\RAGEngine.cs(404,23): warning MA0004: Use Task.ConfigureAwait(false) if the current SynchronizationContext is not needed (https://github.com/meziantou/Meziantou.Analyzer/blob/main/docs/Rules/MA0004.md) [C:\Projects\Hazina\src\Core\AI\Hazina.AI.RAG\Hazina.AI.RAG.csproj::TargetFramework=net9.0]
C:\Projects\Hazina\src\Core\AI\Hazina.AI.RAG\Embeddings\SemanticSimilarityChunker.cs(239,13): warning CA1031: Modify 'CalculatePairwiseSimilarities' to catch a more specific allowed exception type, or rethrow the exception (https://learn.microsoft.com/dotnet/fundamentals/code-analysis/quality-rules/ca1031) [C:\Projects\Hazina\src\Core\AI\Hazina.AI.RAG\Hazina.AI.RAG.csproj::TargetFramework=net9.0]
C:\Projects\Hazina\src\Core\AI\Hazina.AI.RAG\Core\RAGEngine.cs(419,23): warning MA0002: Use an overload that has a IEqualityComparer<string> or IComparer<string> parameter (https://github.com/meziantou/Meziantou.Analyzer/blob/main/docs/Rules/MA0002.md) [C:\Projects\Hazina\src\Core\AI\Hazina.AI.RAG\Hazina.AI.RAG.csproj::TargetFramework=net9.0]
C:\Projects\Hazina\src\Core\AI\Hazina.AI.RAG\Graph\Retrieval\HybridRetrievalService.cs(165,24): warning S1244: Do not check floating point equality with exact values, use a range instead. (https://rules.sonarsource.com/csharp/RSPEC-1244) [C:\Projects\Hazina\src\Core\AI\Hazina.AI.RAG\Hazina.AI.RAG.csproj::TargetFramework=net9.0]
C:\Projects\Hazina\src\Core\AI\Hazina.AI.RAG\Graph\Retrieval\HybridRetrievalService.cs(165,43): warning S1244: Do not check floating point equality with exact values, use a range instead. (https://rules.sonarsource.com/csharp/RSPEC-1244) [C:\Projects\Hazina\src\Core\AI\Hazina.AI.RAG\Hazina.AI.RAG.csproj::TargetFramework=net9.0]
C:\Projects\Hazina\src\Core\AI\Hazina.AI.RAG\Embeddings\SemanticSimilarityChunker.cs(214,17): warning CA1031: Modify 'GenerateSentenceEmbeddingsAsync' to catch a more specific allowed exception type, or rethrow the exception (https://learn.microsoft.com/dotnet/fundamentals/code-analysis/quality-rules/ca1031) [C:\Projects\Hazina\src\Core\AI\Hazina.AI.RAG\Hazina.AI.RAG.csproj::TargetFramework=net9.0]
C:\Projects\Hazina\src\Core\AI\Hazina.AI.RAG\Embeddings\SemanticSimilarityChunker.cs(198,9): warning CA1031: Modify 'GenerateSentenceEmbeddingsAsync' to catch a more specific allowed exception type, or rethrow the exception (https://learn.microsoft.com/dotnet/fundamentals/code-analysis/quality-rules/ca1031) [C:\Projects\Hazina\src\Core\AI\Hazina.AI.RAG\Hazina.AI.RAG.csproj::TargetFramework=net9.0]
C:\Projects\Hazina\src\Core\AI\Hazina.AI.RAG\Embeddings\BasicMetadataExtractor.cs(148,26): warning S2325: Make 'TokenizeAndClean' a static method. (https://rules.sonarsource.com/csharp/RSPEC-2325) [C:\Projects\Hazina\src\Core\AI\Hazina.AI.RAG\Hazina.AI.RAG.csproj::TargetFramework=net9.0]
C:\Projects\Hazina\src\Core\AI\Hazina.AI.RAG\Core\RAGEngine.cs(432,17): warning SA1503: Braces should not be omitted (https://github.com/DotNetAnalyzers/StyleCopAnalyzers/blob/master/documentation/SA1503.md) [C:\Projects\Hazina\src\Core\AI\Hazina.AI.RAG\Hazina.AI.RAG.csproj::TargetFramework=net9.0]
C:\Projects\Hazina\src\Core\AI\Hazina.AI.RAG\Embeddings\SemanticSimilarityChunker.cs(250,61): warning SA1629: Documentation text should end with a period (https://github.com/DotNetAnalyzers/StyleCopAnalyzers/blob/master/documentation/SA1629.md) [C:\Projects\Hazina\src\Core\AI\Hazina.AI.RAG\Hazina.AI.RAG.csproj::TargetFramework=net9.0]
C:\Projects\Hazina\src\Core\AI\Hazina.AI.RAG\Embeddings\SemanticSimilarityChunker.cs(295,35): warning SA1116: The parameters should begin on the line after the declaration, whenever the parameter span across multiple lines (https://github.com/DotNetAnalyzers/StyleCopAnalyzers/blob/master/documentation/SA1116.md) [C:\Projects\Hazina\src\Core\AI\Hazina.AI.RAG\Hazina.AI.RAG.csproj::TargetFramework=net9.0]
C:\Projects\Hazina\src\Core\AI\Hazina.AI.RAG\Embeddings\SemanticSimilarityChunker.cs(296,28): warning SA1117: The parameters should all be placed on the same line or each parameter should be placed on its own line (https://github.com/DotNetAnalyzers/StyleCopAnalyzers/blob/master/documentation/SA1117.md) [C:\Projects\Hazina\src\Core\AI\Hazina.AI.RAG\Hazina.AI.RAG.csproj::TargetFramework=net9.0]
C:\Projects\Hazina\src\Core\AI\Hazina.AI.RAG\Core\RAGEngine.cs(434,13): warning CA1305: The behavior of 'StringBuilder.AppendLine(ref StringBuilder.AppendInterpolatedStringHandler)' could vary based on the current user's locale settings. Replace this call in 'RAGEngine.BuildContext(List<RetrievedDocument>, int)' with a call to 'StringBuilder.AppendLine(IFormatProvider, ref StringBuilder.AppendInterpolatedStringHandler)'. (https://learn.microsoft.com/dotnet/fundamentals/code-analysis/quality-rules/ca1305) [C:\Projects\Hazina\src\Core\AI\Hazina.AI.RAG\Hazina.AI.RAG.csproj::TargetFramework=net9.0]
C:\Projects\Hazina\src\Core\AI\Hazina.AI.RAG\Embeddings\HierarchicalChunker.cs(281,52): warning SA1629: Documentation text should end with a period (https://github.com/DotNetAnalyzers/StyleCopAnalyzers/blob/master/documentation/SA1629.md) [C:\Projects\Hazina\src\Core\AI\Hazina.AI.RAG\Hazina.AI.RAG.csproj::TargetFramework=net9.0]
C:\Projects\Hazina\src\Core\AI\Hazina.AI.RAG\Embeddings\HierarchicalChunker.cs(288,13): warning SA1503: Braces should not be omitted (https://github.com/DotNetAnalyzers/StyleCopAnalyzers/blob/master/documentation/SA1503.md) [C:\Projects\Hazina\src\Core\AI\Hazina.AI.RAG\Hazina.AI.RAG.csproj::TargetFramework=net9.0]
C:\Projects\Hazina\src\Core\AI\Hazina.AI.RAG\Core\RAGEngine.cs(434,13): warning MA0011: Use an overload of 'AppendLine' that has a 'System.IFormatProvider' parameter (https://github.com/meziantou/Meziantou.Analyzer/blob/main/docs/Rules/MA0011.md) [C:\Projects\Hazina\src\Core\AI\Hazina.AI.RAG\Hazina.AI.RAG.csproj::TargetFramework=net9.0]
C:\Projects\Hazina\src\Core\AI\Hazina.AI.RAG\Core\RAGEngine.cs(504,9): warning CA1305: The behavior of 'StringBuilder.AppendLine(ref StringBuilder.AppendInterpolatedStringHandler)' could vary based on the current user's locale settings. Replace this call in 'RAGEngine.BuildRAGPrompt(string, string, RAGQueryOptions)' with a call to 'StringBuilder.AppendLine(IFormatProvider, ref StringBuilder.AppendInterpolatedStringHandler)'. (https://learn.microsoft.com/dotnet/fundamentals/code-analysis/quality-rules/ca1305) [C:\Projects\Hazina\src\Core\AI\Hazina.AI.RAG\Hazina.AI.RAG.csproj::TargetFramework=net9.0]
C:\Projects\Hazina\src\Core\AI\Hazina.AI.RAG\Embeddings\SemanticSimilarityChunker.cs(295,25): warning CA1873: Evaluation of this argument may be expensive and unnecessary if logging is disabled (https://learn.microsoft.com/dotnet/fundamentals/code-analysis/quality-rules/ca1873) [C:\Projects\Hazina\src\Core\AI\Hazina.AI.RAG\Hazina.AI.RAG.csproj::TargetFramework=net9.0]
C:\Projects\Hazina\src\Core\AI\Hazina.AI.RAG\Embeddings\SemanticSimilarityChunker.cs(295,25): warning CA1848: For improved performance, use the LoggerMessage delegates instead of calling 'LoggerExtensions.LogDebug(ILogger, string?, params object?[])' (https://learn.microsoft.com/dotnet/fundamentals/code-analysis/quality-rules/ca1848) [C:\Projects\Hazina\src\Core\AI\Hazina.AI.RAG\Hazina.AI.RAG.csproj::TargetFramework=net9.0]
C:\Projects\Hazina\src\Core\AI\Hazina.AI.RAG\Graph\Storage\SQLiteGraphStore.cs(680,23): warning S6580: Use a format provider when parsing date and time. (https://rules.sonarsource.com/csharp/RSPEC-6580) [C:\Projects\Hazina\src\Core\AI\Hazina.AI.RAG\Hazina.AI.RAG.csproj::TargetFramework=net9.0]
C:\Projects\Hazina\src\Core\AI\Hazina.AI.RAG\Graph\Storage\SQLiteGraphStore.cs(681,27): warning S6580: Use a format provider when parsing date and time. (https://rules.sonarsource.com/csharp/RSPEC-6580) [C:\Projects\Hazina\src\Core\AI\Hazina.AI.RAG\Hazina.AI.RAG.csproj::TargetFramework=net9.0]
C:\Projects\Hazina\src\Core\AI\Hazina.AI.RAG\Graph\Storage\SQLiteGraphStore.cs(690,91): warning S6580: Use a format provider when parsing date and time. (https://rules.sonarsource.com/csharp/RSPEC-6580) [C:\Projects\Hazina\src\Core\AI\Hazina.AI.RAG\Hazina.AI.RAG.csproj::TargetFramework=net9.0]
C:\Projects\Hazina\src\Core\AI\Hazina.AI.RAG\Graph\Storage\SQLiteGraphStore.cs(691,87): warning S6580: Use a format provider when parsing date and time. (https://rules.sonarsource.com/csharp/RSPEC-6580) [C:\Projects\Hazina\src\Core\AI\Hazina.AI.RAG\Hazina.AI.RAG.csproj::TargetFramework=net9.0]
C:\Projects\Hazina\src\Core\AI\Hazina.AI.RAG\Graph\Storage\SQLiteGraphStore.cs(680,23): warning CA1305: The behavior of 'DateTime.Parse(string)' could vary based on the current user's locale settings. Replace this call in 'SQLiteGraphStore.ReadRelationship(SqliteDataReader)' with a call to 'DateTime.Parse(string, IFormatProvider)'. (https://learn.microsoft.com/dotnet/fundamentals/code-analysis/quality-rules/ca1305) [C:\Projects\Hazina\src\Core\AI\Hazina.AI.RAG\Hazina.AI.RAG.csproj::TargetFramework=net9.0]
C:\Projects\Hazina\src\Core\AI\Hazina.AI.RAG\Graph\Storage\SQLiteGraphStore.cs(681,27): warning CA1305: The behavior of 'DateTime.Parse(string)' could vary based on the current user's locale settings. Replace this call in 'SQLiteGraphStore.ReadRelationship(SqliteDataReader)' with a call to 'DateTime.Parse(string, IFormatProvider)'. (https://learn.microsoft.com/dotnet/fundamentals/code-analysis/quality-rules/ca1305) [C:\Projects\Hazina\src\Core\AI\Hazina.AI.RAG\Hazina.AI.RAG.csproj::TargetFramework=net9.0]
C:\Projects\Hazina\src\Core\AI\Hazina.AI.RAG\Graph\Storage\SQLiteGraphStore.cs(690,91): warning CA1305: The behavior of 'DateTime.Parse(string)' could vary based on the current user's locale settings. Replace this call in 'SQLiteGraphStore.ReadRelationship(SqliteDataReader)' with a call to 'DateTime.Parse(string, IFormatProvider)'. (https://learn.microsoft.com/dotnet/fundamentals/code-analysis/quality-rules/ca1305) [C:\Projects\Hazina\src\Core\AI\Hazina.AI.RAG\Hazina.AI.RAG.csproj::TargetFramework=net9.0]
C:\Projects\Hazina\src\Core\AI\Hazina.AI.RAG\Graph\Storage\SQLiteGraphStore.cs(691,87): warning CA1305: The behavior of 'DateTime.Parse(string)' could vary based on the current user's locale settings. Replace this call in 'SQLiteGraphStore.ReadRelationship(SqliteDataReader)' with a call to 'DateTime.Parse(string, IFormatProvider)'. (https://learn.microsoft.com/dotnet/fundamentals/code-analysis/quality-rules/ca1305) [C:\Projects\Hazina\src\Core\AI\Hazina.AI.RAG\Hazina.AI.RAG.csproj::TargetFramework=net9.0]
C:\Projects\Hazina\src\Core\AI\Hazina.AI.RAG\Graph\Retrieval\HybridRetrievalService.cs(173,53): warning MA0051: Method is too long (62 lines; maximum allowed: 60) (https://github.com/meziantou/Meziantou.Analyzer/blob/main/docs/Rules/MA0051.md) [C:\Projects\Hazina\src\Core\AI\Hazina.AI.RAG\Hazina.AI.RAG.csproj::TargetFramework=net9.0]
C:\Projects\Hazina\src\Core\AI\Hazina.AI.RAG\Embeddings\BasicMetadataExtractor.cs(178,31): warning S6605: Collection-specific "Exists" method should be used instead of the "Any" extension. (https://rules.sonarsource.com/csharp/RSPEC-6605) [C:\Projects\Hazina\src\Core\AI\Hazina.AI.RAG\Hazina.AI.RAG.csproj::TargetFramework=net9.0]
C:\Projects\Hazina\src\Core\AI\Hazina.AI.RAG\Embeddings\BasicMetadataExtractor.cs(169,18): warning S2325: Make 'DetectCode' a static method. (https://rules.sonarsource.com/csharp/RSPEC-2325) [C:\Projects\Hazina\src\Core\AI\Hazina.AI.RAG\Hazina.AI.RAG.csproj::TargetFramework=net9.0]
C:\Projects\Hazina\src\Core\AI\Hazina.AI.RAG\Embeddings\LLMMetadataExtractor.cs(213,20): warning S2325: Make 'BuildBatchPrompt' a static method. (https://rules.sonarsource.com/csharp/RSPEC-2325) [C:\Projects\Hazina\src\Core\AI\Hazina.AI.RAG\Hazina.AI.RAG.csproj::TargetFramework=net9.0]
C:\Projects\Hazina\src\Core\AI\Hazina.AI.RAG\Embeddings\BasicMetadataExtractor.cs(151,32): warning SA1116: The parameters should begin on the line after the declaration, whenever the parameter span across multiple lines (https://github.com/DotNetAnalyzers/StyleCopAnalyzers/blob/master/documentation/SA1116.md) [C:\Projects\Hazina\src\Core\AI\Hazina.AI.RAG\Hazina.AI.RAG.csproj::TargetFramework=net9.0]
C:\Projects\Hazina\src\Core\AI\Hazina.AI.RAG\Embeddings\BasicMetadataExtractor.cs(184,18): warning S2325: Make 'DetectUrls' a static method. (https://rules.sonarsource.com/csharp/RSPEC-2325) [C:\Projects\Hazina\src\Core\AI\Hazina.AI.RAG\Hazina.AI.RAG.csproj::TargetFramework=net9.0]
C:\Projects\Hazina\src\Core\AI\Hazina.AI.RAG\Embeddings\BasicMetadataExtractor.cs(156,28): warning CA1311: Specify a culture or use an invariant version to avoid implicit dependency on current culture (https://learn.microsoft.com/dotnet/fundamentals/code-analysis/quality-rules/ca1311) [C:\Projects\Hazina\src\Core\AI\Hazina.AI.RAG\Hazina.AI.RAG.csproj::TargetFramework=net9.0]
C:\Projects\Hazina\src\Core\AI\Hazina.AI.RAG\Graph\Storage\SQLiteGraphStore.cs(680,23): warning MA0011: Use an overload of 'Parse' that has a 'System.IFormatProvider' parameter (https://github.com/meziantou/Meziantou.Analyzer/blob/main/docs/Rules/MA0011.md) [C:\Projects\Hazina\src\Core\AI\Hazina.AI.RAG\Hazina.AI.RAG.csproj::TargetFramework=net9.0]
C:\Projects\Hazina\src\Core\AI\Hazina.AI.RAG\Graph\Storage\SQLiteGraphStore.cs(681,27): warning MA0011: Use an overload of 'Parse' that has a 'System.IFormatProvider' parameter (https://github.com/meziantou/Meziantou.Analyzer/blob/main/docs/Rules/MA0011.md) [C:\Projects\Hazina\src\Core\AI\Hazina.AI.RAG\Hazina.AI.RAG.csproj::TargetFramework=net9.0]
C:\Projects\Hazina\src\Core\AI\Hazina.AI.RAG\Embeddings\BasicMetadataExtractor.cs(151,32): warning CA1861: Prefer 'static readonly' fields over constant array arguments if the called method is called repeatedly and is not mutating the passed array (https://learn.microsoft.com/dotnet/fundamentals/code-analysis/quality-rules/ca1861) [C:\Projects\Hazina\src\Core\AI\Hazina.AI.RAG\Hazina.AI.RAG.csproj::TargetFramework=net9.0]
C:\Projects\Hazina\src\Core\AI\Hazina.AI.RAG\Embeddings\BasicMetadataExtractor.cs(156,26): warning CA1304: The behavior of 'string.ToLower()' could vary based on the current user's locale settings. Replace this call in 'BasicMetadataExtractor.TokenizeAndClean(string)' with a call to 'string.ToLower(CultureInfo)'. (https://learn.microsoft.com/dotnet/fundamentals/code-analysis/quality-rules/ca1304) [C:\Projects\Hazina\src\Core\AI\Hazina.AI.RAG\Hazina.AI.RAG.csproj::TargetFramework=net9.0]
C:\Projects\Hazina\src\Core\AI\Hazina.AI.RAG\Graph\Retrieval\HybridRetrievalService.cs(202,43): warning S3267: Loops should be simplified using the "Where" LINQ method (https://rules.sonarsource.com/csharp/RSPEC-3267) [C:\Projects\Hazina\src\Core\AI\Hazina.AI.RAG\Hazina.AI.RAG.csproj::TargetFramework=net9.0]
C:\Projects\Hazina\src\Core\AI\Hazina.AI.RAG\Graph\Storage\SQLiteGraphStore.cs(690,91): warning MA0011: Use an overload of 'Parse' that has a 'System.IFormatProvider' parameter (https://github.com/meziantou/Meziantou.Analyzer/blob/main/docs/Rules/MA0011.md) [C:\Projects\Hazina\src\Core\AI\Hazina.AI.RAG\Hazina.AI.RAG.csproj::TargetFramework=net9.0]
C:\Projects\Hazina\src\Core\AI\Hazina.AI.RAG\Graph\Storage\SQLiteGraphStore.cs(691,87): warning MA0011: Use an overload of 'Parse' that has a 'System.IFormatProvider' parameter (https://github.com/meziantou/Meziantou.Analyzer/blob/main/docs/Rules/MA0011.md) [C:\Projects\Hazina\src\Core\AI\Hazina.AI.RAG\Hazina.AI.RAG.csproj::TargetFramework=net9.0]
C:\Projects\Hazina\src\Core\AI\Hazina.AI.RAG\Embeddings\BasicMetadataExtractor.cs(156,26): warning MA0011: Use an overload of 'ToLower' that has a 'System.Globalization.CultureInfo' parameter (https://github.com/meziantou/Meziantou.Analyzer/blob/main/docs/Rules/MA0011.md) [C:\Projects\Hazina\src\Core\AI\Hazina.AI.RAG\Hazina.AI.RAG.csproj::TargetFramework=net9.0]
C:\Projects\Hazina\src\Core\AI\Hazina.AI.RAG\Embeddings\BasicMetadataExtractor.cs(159,26): warning MA0011: Use an overload of 'TryParse' that has a 'System.IFormatProvider' parameter (https://github.com/meziantou/Meziantou.Analyzer/blob/main/docs/Rules/MA0011.md) [C:\Projects\Hazina\src\Core\AI\Hazina.AI.RAG\Hazina.AI.RAG.csproj::TargetFramework=net9.0]
C:\Projects\Hazina\src\Core\AI\Hazina.AI.RAG\Graph\Storage\SQLiteGraphStore.cs(676,135): warning MA0002: Use an overload that has a IEqualityComparer<string> or IComparer<string> parameter (https://github.com/meziantou/Meziantou.Analyzer/blob/main/docs/Rules/MA0002.md) [C:\Projects\Hazina\src\Core\AI\Hazina.AI.RAG\Hazina.AI.RAG.csproj::TargetFramework=net9.0]
C:\Projects\Hazina\src\Core\AI\Hazina.AI.RAG\Embeddings\SemanticSimilarityChunker.cs(347,9): warning S1172: Remove this unused method parameter 'originalText'. (https://rules.sonarsource.com/csharp/RSPEC-1172) [C:\Projects\Hazina\src\Core\AI\Hazina.AI.RAG\Hazina.AI.RAG.csproj::TargetFramework=net9.0]
C:\Projects\Hazina\src\Core\AI\Hazina.AI.RAG\Embeddings\HierarchicalChunker.cs(295,49): warning SA1629: Documentation text should end with a period (https://github.com/DotNetAnalyzers/StyleCopAnalyzers/blob/master/documentation/SA1629.md) [C:\Projects\Hazina\src\Core\AI\Hazina.AI.RAG\Hazina.AI.RAG.csproj::TargetFramework=net9.0]
C:\Projects\Hazina\src\Core\AI\Hazina.AI.RAG\Graph\Retrieval\HybridRetrievalService.cs(97,59): warning SA1503: Braces should not be omitted (https://github.com/DotNetAnalyzers/StyleCopAnalyzers/blob/master/documentation/SA1503.md) [C:\Projects\Hazina\src\Core\AI\Hazina.AI.RAG\Hazina.AI.RAG.csproj::TargetFramework=net9.0]
C:\Projects\Hazina\src\Core\AI\Hazina.AI.RAG\Graph\Retrieval\HybridRetrievalService.cs(103,93): warning SA1503: Braces should not be omitted (https://github.com/DotNetAnalyzers/StyleCopAnalyzers/blob/master/documentation/SA1503.md) [C:\Projects\Hazina\src\Core\AI\Hazina.AI.RAG\Hazina.AI.RAG.csproj::TargetFramework=net9.0]
C:\Projects\Hazina\src\Core\AI\Hazina.AI.RAG\Graph\Retrieval\HybridRetrievalService.cs(90,49): warning SA1316: Tuple element names should use correct casing (https://github.com/DotNetAnalyzers/StyleCopAnalyzers/blob/master/documentation/SA1316.md) [C:\Projects\Hazina\src\Core\AI\Hazina.AI.RAG\Hazina.AI.RAG.csproj::TargetFramework=net9.0]
C:\Projects\Hazina\src\Core\AI\Hazina.AI.RAG\Graph\Retrieval\HybridRetrievalService.cs(90,63): warning SA1316: Tuple element names should use correct casing (https://github.com/DotNetAnalyzers/StyleCopAnalyzers/blob/master/documentation/SA1316.md) [C:\Projects\Hazina\src\Core\AI\Hazina.AI.RAG\Hazina.AI.RAG.csproj::TargetFramework=net9.0]
C:\Projects\Hazina\src\Core\AI\Hazina.AI.RAG\Graph\Retrieval\HybridRetrievalService.cs(90,80): warning SA1316: Tuple element names should use correct casing (https://github.com/DotNetAnalyzers/StyleCopAnalyzers/blob/master/documentation/SA1316.md) [C:\Projects\Hazina\src\Core\AI\Hazina.AI.RAG\Hazina.AI.RAG.csproj::TargetFramework=net9.0]
C:\Projects\Hazina\src\Core\AI\Hazina.AI.RAG\Graph\Retrieval\HybridRetrievalService.cs(90,99): warning SA1316: Tuple element names should use correct casing (https://github.com/DotNetAnalyzers/StyleCopAnalyzers/blob/master/documentation/SA1316.md) [C:\Projects\Hazina\src\Core\AI\Hazina.AI.RAG\Hazina.AI.RAG.csproj::TargetFramework=net9.0]
C:\Projects\Hazina\src\Core\AI\Hazina.AI.RAG\Graph\Retrieval\HybridRetrievalService.cs(92,60): warning SA1108: Block statements should not contain embedded comments (https://github.com/DotNetAnalyzers/StyleCopAnalyzers/blob/master/documentation/SA1108.md) [C:\Projects\Hazina\src\Core\AI\Hazina.AI.RAG\Hazina.AI.RAG.csproj::TargetFramework=net9.0]
C:\Projects\Hazina\src\Core\AI\Hazina.AI.RAG\Graph\Retrieval\HybridRetrievalService.cs(87,58): warning SA1122: Use string.Empty for empty strings (https://github.com/DotNetAnalyzers/StyleCopAnalyzers/blob/master/documentation/SA1122.md) [C:\Projects\Hazina\src\Core\AI\Hazina.AI.RAG\Hazina.AI.RAG.csproj::TargetFramework=net9.0]
C:\Projects\Hazina\src\Core\AI\Hazina.AI.RAG\Graph\Retrieval\HybridRetrievalService.cs(106,84): warning SA1122: Use string.Empty for empty strings (https://github.com/DotNetAnalyzers/StyleCopAnalyzers/blob/master/documentation/SA1122.md) [C:\Projects\Hazina\src\Core\AI\Hazina.AI.RAG\Hazina.AI.RAG.csproj::TargetFramework=net9.0]
C:\Projects\Hazina\src\Core\AI\Hazina.AI.RAG\Graph\Retrieval\HybridRetrievalService.cs(113,21): warning CA1848: For improved performance, use the LoggerMessage delegates instead of calling 'LoggerExtensions.LogWarning(ILogger, Exception?, string?, params object?[])' (https://learn.microsoft.com/dotnet/fundamentals/code-analysis/quality-rules/ca1848) [C:\Projects\Hazina\src\Core\AI\Hazina.AI.RAG\Hazina.AI.RAG.csproj::TargetFramework=net9.0]
C:\Projects\Hazina\src\Core\AI\Hazina.AI.RAG\Graph\Retrieval\HybridRetrievalService.cs(137,13): warning CA1848: For improved performance, use the LoggerMessage delegates instead of calling 'LoggerExtensions.LogError(ILogger, Exception?, string?, params object?[])' (https://learn.microsoft.com/dotnet/fundamentals/code-analysis/quality-rules/ca1848) [C:\Projects\Hazina\src\Core\AI\Hazina.AI.RAG\Hazina.AI.RAG.csproj::TargetFramework=net9.0]
C:\Projects\Hazina\src\Core\AI\Hazina.AI.RAG\Embeddings\HierarchicalChunker.cs(300,37): warning CA1861: Prefer 'static readonly' fields over constant array arguments if the called method is called repeatedly and is not mutating the passed array (https://learn.microsoft.com/dotnet/fundamentals/code-analysis/quality-rules/ca1861) [C:\Projects\Hazina\src\Core\AI\Hazina.AI.RAG\Hazina.AI.RAG.csproj::TargetFramework=net9.0]
C:\Projects\Hazina\src\Core\AI\Hazina.AI.RAG\Embeddings\SemanticSimilarityChunker.cs(318,71): warning SA1629: Documentation text should end with a period (https://github.com/DotNetAnalyzers/StyleCopAnalyzers/blob/master/documentation/SA1629.md) [C:\Projects\Hazina\src\Core\AI\Hazina.AI.RAG\Hazina.AI.RAG.csproj::TargetFramework=net9.0]
C:\Projects\Hazina\src\Core\AI\Hazina.AI.RAG\Graph\Retrieval\HybridRetrievalService.cs(87,32): warning MA0004: Use Task.ConfigureAwait(false) if the current SynchronizationContext is not needed (https://github.com/meziantou/Meziantou.Analyzer/blob/main/docs/Rules/MA0004.md) [C:\Projects\Hazina\src\Core\AI\Hazina.AI.RAG\Hazina.AI.RAG.csproj::TargetFramework=net9.0]
C:\Projects\Hazina\src\Core\AI\Hazina.AI.RAG\Graph\Retrieval\HybridRetrievalService.cs(96,41): warning MA0004: Use Task.ConfigureAwait(false) if the current SynchronizationContext is not needed (https://github.com/meziantou/Meziantou.Analyzer/blob/main/docs/Rules/MA0004.md) [C:\Projects\Hazina\src\Core\AI\Hazina.AI.RAG\Hazina.AI.RAG.csproj::TargetFramework=net9.0]
C:\Projects\Hazina\src\Core\AI\Hazina.AI.RAG\Graph\Retrieval\HybridRetrievalService.cs(102,46): warning MA0004: Use Task.ConfigureAwait(false) if the current SynchronizationContext is not needed (https://github.com/meziantou/Meziantou.Analyzer/blob/main/docs/Rules/MA0004.md) [C:\Projects\Hazina\src\Core\AI\Hazina.AI.RAG\Hazina.AI.RAG.csproj::TargetFramework=net9.0]
C:\Projects\Hazina\src\Core\AI\Hazina.AI.RAG\Graph\Retrieval\HybridRetrievalService.cs(106,41): warning MA0004: Use Task.ConfigureAwait(false) if the current SynchronizationContext is not needed (https://github.com/meziantou/Meziantou.Analyzer/blob/main/docs/Rules/MA0004.md) [C:\Projects\Hazina\src\Core\AI\Hazina.AI.RAG\Hazina.AI.RAG.csproj::TargetFramework=net9.0]
C:\Projects\Hazina\src\Core\AI\Hazina.AI.RAG\Embeddings\SemanticSimilarityChunker.cs(323,13): warning SA1503: Braces should not be omitted (https://github.com/DotNetAnalyzers/StyleCopAnalyzers/blob/master/documentation/SA1503.md) [C:\Projects\Hazina\src\Core\AI\Hazina.AI.RAG\Hazina.AI.RAG.csproj::TargetFramework=net9.0]
C:\Projects\Hazina\src\Core\AI\Hazina.AI.RAG\Graph\Storage\SQLiteGraphStore.cs(738,17): warning CA1063: Modify 'SQLiteGraphStore.Dispose' so that it calls Dispose(true), then calls GC.SuppressFinalize on the current object instance ('this' or 'Me' in Visual Basic), and then returns (https://learn.microsoft.com/dotnet/fundamentals/code-analysis/quality-rules/ca1063) [C:\Projects\Hazina\src\Core\AI\Hazina.AI.RAG\Hazina.AI.RAG.csproj::TargetFramework=net9.0]
C:\Projects\Hazina\src\Core\AI\Hazina.AI.RAG\Graph\Storage\SQLiteGraphStore.cs(738,17): warning CA1816: Change SQLiteGraphStore.Dispose() to call GC.SuppressFinalize(object). This will prevent derived types that introduce a finalizer from needing to re-implement 'IDisposable' to call it. (https://learn.microsoft.com/dotnet/fundamentals/code-analysis/quality-rules/ca1816) [C:\Projects\Hazina\src\Core\AI\Hazina.AI.RAG\Hazina.AI.RAG.csproj::TargetFramework=net9.0]
C:\Projects\Hazina\src\Core\AI\Hazina.AI.RAG\Graph\Retrieval\HybridRetrievalService.cs(148,19): warning MA0015: Use an overload of 'System.ArgumentException' with the parameter name (https://github.com/meziantou/Meziantou.Analyzer/blob/main/docs/Rules/MA0015.md) [C:\Projects\Hazina\src\Core\AI\Hazina.AI.RAG\Hazina.AI.RAG.csproj::TargetFramework=net9.0]
C:\Projects\Hazina\src\Core\AI\Hazina.AI.RAG\Embeddings\LLMMetadataExtractor.cs(249,58): warning SA1629: Documentation text should end with a period (https://github.com/DotNetAnalyzers/StyleCopAnalyzers/blob/master/documentation/SA1629.md) [C:\Projects\Hazina\src\Core\AI\Hazina.AI.RAG\Hazina.AI.RAG.csproj::TargetFramework=net9.0]
C:\Projects\Hazina\src\Core\AI\Hazina.AI.RAG\Embeddings\BasicMetadataExtractor.cs(182,37): warning SA1629: Documentation text should end with a period (https://github.com/DotNetAnalyzers/StyleCopAnalyzers/blob/master/documentation/SA1629.md) [C:\Projects\Hazina\src\Core\AI\Hazina.AI.RAG\Hazina.AI.RAG.csproj::TargetFramework=net9.0]
C:\Projects\Hazina\src\Core\AI\Hazina.AI.RAG\Embeddings\LLMMetadataExtractor.cs(254,15): warning CA1845: Use span-based 'string.Concat' and 'AsSpan' instead of 'Substring' (https://learn.microsoft.com/dotnet/fundamentals/code-analysis/quality-rules/ca1845) [C:\Projects\Hazina\src\Core\AI\Hazina.AI.RAG\Hazina.AI.RAG.csproj::TargetFramework=net9.0]
C:\Projects\Hazina\src\Core\AI\Hazina.AI.RAG\Graph\Storage\InMemoryGraphStore.cs(82,25): warning MA0002: Use an overload that has a IEqualityComparer<string> or IComparer<string> parameter (https://github.com/meziantou/Meziantou.Analyzer/blob/main/docs/Rules/MA0002.md) [C:\Projects\Hazina\src\Core\AI\Hazina.AI.RAG\Hazina.AI.RAG.csproj::TargetFramework=net9.0]
C:\Projects\Hazina\src\Core\AI\Hazina.AI.RAG\Graph\Retrieval\HybridRetrievalService.cs(273,41): warning S2325: Make 'FuseByWeightedSum' a static method. (https://rules.sonarsource.com/csharp/RSPEC-2325) [C:\Projects\Hazina\src\Core\AI\Hazina.AI.RAG\Hazina.AI.RAG.csproj::TargetFramework=net9.0]
C:\Projects\Hazina\src\Core\AI\Hazina.AI.RAG\Embeddings\BasicMetadataExtractor.cs(194,18): warning S2325: Make 'DetectNumbers' a static method. (https://rules.sonarsource.com/csharp/RSPEC-2325) [C:\Projects\Hazina\src\Core\AI\Hazina.AI.RAG\Hazina.AI.RAG.csproj::TargetFramework=net9.0]
C:\Projects\Hazina\src\Core\AI\Hazina.AI.RAG\Embeddings\SemanticSimilarityChunker.cs(385,65): warning SA1629: Documentation text should end with a period (https://github.com/DotNetAnalyzers/StyleCopAnalyzers/blob/master/documentation/SA1629.md) [C:\Projects\Hazina\src\Core\AI\Hazina.AI.RAG\Hazina.AI.RAG.csproj::TargetFramework=net9.0]
C:\Projects\Hazina\src\Core\AI\Hazina.AI.RAG\Embeddings\BasicMetadataExtractor.cs(167,49): warning SA1629: Documentation text should end with a period (https://github.com/DotNetAnalyzers/StyleCopAnalyzers/blob/master/documentation/SA1629.md) [C:\Projects\Hazina\src\Core\AI\Hazina.AI.RAG\Hazina.AI.RAG.csproj::TargetFramework=net9.0]
C:\Projects\Hazina\src\Core\AI\Hazina.AI.RAG\Embeddings\SemanticSimilarityChunker.cs(422,29): warning CA1873: Evaluation of this argument may be expensive and unnecessary if logging is disabled (https://learn.microsoft.com/dotnet/fundamentals/code-analysis/quality-rules/ca1873) [C:\Projects\Hazina\src\Core\AI\Hazina.AI.RAG\Hazina.AI.RAG.csproj::TargetFramework=net9.0]
C:\Projects\Hazina\src\Core\AI\Hazina.AI.RAG\Embeddings\SemanticSimilarityChunker.cs(410,29): warning CA1848: For improved performance, use the LoggerMessage delegates instead of calling 'LoggerExtensions.LogWarning(ILogger, Exception?, string?, params object?[])' (https://learn.microsoft.com/dotnet/fundamentals/code-analysis/quality-rules/ca1848) [C:\Projects\Hazina\src\Core\AI\Hazina.AI.RAG\Hazina.AI.RAG.csproj::TargetFramework=net9.0]
C:\Projects\Hazina\src\Core\AI\Hazina.AI.RAG\Embeddings\SemanticSimilarityChunker.cs(422,29): warning CA1848: For improved performance, use the LoggerMessage delegates instead of calling 'LoggerExtensions.LogInformation(ILogger, string?, params object?[])' (https://learn.microsoft.com/dotnet/fundamentals/code-analysis/quality-rules/ca1848) [C:\Projects\Hazina\src\Core\AI\Hazina.AI.RAG\Hazina.AI.RAG.csproj::TargetFramework=net9.0]
C:\Projects\Hazina\src\Core\AI\Hazina.AI.RAG\Embeddings\SemanticSimilarityChunker.cs(427,29): warning CA1848: For improved performance, use the LoggerMessage delegates instead of calling 'LoggerExtensions.LogInformation(ILogger, string?, params object?[])' (https://learn.microsoft.com/dotnet/fundamentals/code-analysis/quality-rules/ca1848) [C:\Projects\Hazina\src\Core\AI\Hazina.AI.RAG\Hazina.AI.RAG.csproj::TargetFramework=net9.0]
C:\Projects\Hazina\src\Core\AI\Hazina.AI.RAG\Embeddings\SemanticSimilarityChunker.cs(431,29): warning CA1848: For improved performance, use the LoggerMessage delegates instead of calling 'LoggerExtensions.LogError(ILogger, Exception?, string?, params object?[])' (https://learn.microsoft.com/dotnet/fundamentals/code-analysis/quality-rules/ca1848) [C:\Projects\Hazina\src\Core\AI\Hazina.AI.RAG\Hazina.AI.RAG.csproj::TargetFramework=net9.0]
C:\Projects\Hazina\src\Core\AI\Hazina.AI.RAG\Embeddings\SemanticSimilarityChunker.cs(436,25): warning CA1848: For improved performance, use the LoggerMessage delegates instead of calling 'LoggerExtensions.LogWarning(ILogger, string?, params object?[])' (https://learn.microsoft.com/dotnet/fundamentals/code-analysis/quality-rules/ca1848) [C:\Projects\Hazina\src\Core\AI\Hazina.AI.RAG\Hazina.AI.RAG.csproj::TargetFramework=net9.0]
C:\Projects\Hazina\src\Core\AI\Hazina.AI.RAG\Embeddings\LLMMetadataExtractor.cs(272,25): warning CA1002: Change 'List<TextChunk>' in 'LLMMetadataExtractor.EnrichChunksAsync(List<TextChunk>, [CancellationToken])' to use 'Collection<T>', 'ReadOnlyCollection<T>' or 'KeyedCollection<K,V>' (https://learn.microsoft.com/dotnet/fundamentals/code-analysis/quality-rules/ca1002) [C:\Projects\Hazina\src\Core\AI\Hazina.AI.RAG\Hazina.AI.RAG.csproj::TargetFramework=net9.0]
C:\Projects\Hazina\src\Core\AI\Hazina.AI.RAG\Embeddings\LLMMetadataExtractor.cs(272,9): warning MA0016: Prefer using collection abstraction instead of implementation (https://github.com/meziantou/Meziantou.Analyzer/blob/main/docs/Rules/MA0016.md) [C:\Projects\Hazina\src\Core\AI\Hazina.AI.RAG\Hazina.AI.RAG.csproj::TargetFramework=net9.0]
C:\Projects\Hazina\src\Core\AI\Hazina.AI.RAG\Embeddings\SemanticSimilarityChunker.cs(425,21): warning MA0004: Use Task.ConfigureAwait(false) if the current SynchronizationContext is not needed (https://github.com/meziantou/Meziantou.Analyzer/blob/main/docs/Rules/MA0004.md) [C:\Projects\Hazina\src\Core\AI\Hazina.AI.RAG\Hazina.AI.RAG.csproj::TargetFramework=net9.0]
C:\Projects\Hazina\src\Core\AI\Hazina.AI.RAG\Embeddings\LLMMetadataExtractor.cs(291,35): warning S3267: Loop should be simplified by calling Select(chunk => chunk.Text)) (https://rules.sonarsource.com/csharp/RSPEC-3267) [C:\Projects\Hazina\src\Core\AI\Hazina.AI.RAG\Hazina.AI.RAG.csproj::TargetFramework=net9.0]
C:\Projects\Hazina\src\Core\AI\Hazina.AI.RAG\Graph\Retrieval\HybridRetrievalService.cs(111,17): warning CA1031: Modify 'PerformVectorSearchAsync' to catch a more specific allowed exception type, or rethrow the exception (https://learn.microsoft.com/dotnet/fundamentals/code-analysis/quality-rules/ca1031) [C:\Projects\Hazina\src\Core\AI\Hazina.AI.RAG\Hazina.AI.RAG.csproj::TargetFramework=net9.0]
C:\Projects\Hazina\src\Core\AI\Hazina.AI.RAG\Embeddings\SemanticSimilarityChunker.cs(408,17): warning CA1031: Modify 'EnrichWithMetadataAsync' to catch a more specific allowed exception type, or rethrow the exception (https://learn.microsoft.com/dotnet/fundamentals/code-analysis/quality-rules/ca1031) [C:\Projects\Hazina\src\Core\AI\Hazina.AI.RAG\Hazina.AI.RAG.csproj::TargetFramework=net9.0]
C:\Projects\Hazina\src\Core\AI\Hazina.AI.RAG\Embeddings\SemanticSimilarityChunker.cs(492,31): warning S3267: Loop should be simplified by calling Select(chunk => chunk.Metadata)) (https://rules.sonarsource.com/csharp/RSPEC-3267) [C:\Projects\Hazina\src\Core\AI\Hazina.AI.RAG\Hazina.AI.RAG.csproj::TargetFramework=net9.0]
C:\Projects\Hazina\src\Core\AI\Hazina.AI.RAG\Embeddings\SemanticSimilarityChunker.cs(429,17): warning CA1031: Modify 'EnrichWithMetadataAsync' to catch a more specific allowed exception type, or rethrow the exception (https://learn.microsoft.com/dotnet/fundamentals/code-analysis/quality-rules/ca1031) [C:\Projects\Hazina\src\Core\AI\Hazina.AI.RAG\Hazina.AI.RAG.csproj::TargetFramework=net9.0]
C:\Projects\Hazina\src\Core\AI\Hazina.AI.RAG\Embeddings\LLMMetadataExtractor.cs(211,51): warning SA1629: Documentation text should end with a period (https://github.com/DotNetAnalyzers/StyleCopAnalyzers/blob/master/documentation/SA1629.md) [C:\Projects\Hazina\src\Core\AI\Hazina.AI.RAG\Hazina.AI.RAG.csproj::TargetFramework=net9.0]
C:\Projects\Hazina\src\Core\AI\Hazina.AI.RAG\Embeddings\LLMMetadataExtractor.cs(227,19): warning CA1845: Use span-based 'string.Concat' and 'AsSpan' instead of 'Substring' (https://learn.microsoft.com/dotnet/fundamentals/code-analysis/quality-rules/ca1845) [C:\Projects\Hazina\src\Core\AI\Hazina.AI.RAG\Hazina.AI.RAG.csproj::TargetFramework=net9.0]
C:\Projects\Hazina\src\Core\AI\Hazina.AI.RAG\Embeddings\LLMMetadataExtractor.cs(219,9): warning CA1305: The behavior of 'StringBuilder.AppendLine(ref StringBuilder.AppendInterpolatedStringHandler)' could vary based on the current user's locale settings. Replace this call in 'LLMMetadataExtractor.BuildBatchPrompt(List<TextChunk>)' with a call to 'StringBuilder.AppendLine(IFormatProvider, ref StringBuilder.AppendInterpolatedStringHandler)'. (https://learn.microsoft.com/dotnet/fundamentals/code-analysis/quality-rules/ca1305) [C:\Projects\Hazina\src\Core\AI\Hazina.AI.RAG\Hazina.AI.RAG.csproj::TargetFramework=net9.0]
C:\Projects\Hazina\src\Core\AI\Hazina.AI.RAG\Embeddings\LLMMetadataExtractor.cs(230,13): warning CA1305: The behavior of 'StringBuilder.AppendLine(ref StringBuilder.AppendInterpolatedStringHandler)' could vary based on the current user's locale settings. Replace this call in 'LLMMetadataExtractor.BuildBatchPrompt(List<TextChunk>)' with a call to 'StringBuilder.AppendLine(IFormatProvider, ref StringBuilder.AppendInterpolatedStringHandler)'. (https://learn.microsoft.com/dotnet/fundamentals/code-analysis/quality-rules/ca1305) [C:\Projects\Hazina\src\Core\AI\Hazina.AI.RAG\Hazina.AI.RAG.csproj::TargetFramework=net9.0]
C:\Projects\Hazina\src\Core\AI\Hazina.AI.RAG\Embeddings\LLMMetadataExtractor.cs(239,9): warning CA1305: The behavior of 'StringBuilder.AppendLine(ref StringBuilder.AppendInterpolatedStringHandler)' could vary based on the current user's locale settings. Replace this call in 'LLMMetadataExtractor.BuildBatchPrompt(List<TextChunk>)' with a call to 'StringBuilder.AppendLine(IFormatProvider, ref StringBuilder.AppendInterpolatedStringHandler)'. (https://learn.microsoft.com/dotnet/fundamentals/code-analysis/quality-rules/ca1305) [C:\Projects\Hazina\src\Core\AI\Hazina.AI.RAG\Hazina.AI.RAG.csproj::TargetFramework=net9.0]
C:\Projects\Hazina\src\Core\AI\Hazina.AI.RAG\Embeddings\LLMMetadataExtractor.cs(243,9): warning CA1305: The behavior of 'StringBuilder.AppendLine(ref StringBuilder.AppendInterpolatedStringHandler)' could vary based on the current user's locale settings. Replace this call in 'LLMMetadataExtractor.BuildBatchPrompt(List<TextChunk>)' with a call to 'StringBuilder.AppendLine(IFormatProvider, ref StringBuilder.AppendInterpolatedStringHandler)'. (https://learn.microsoft.com/dotnet/fundamentals/code-analysis/quality-rules/ca1305) [C:\Projects\Hazina\src\Core\AI\Hazina.AI.RAG\Hazina.AI.RAG.csproj::TargetFramework=net9.0]
C:\Projects\Hazina\src\Core\AI\Hazina.AI.RAG\Embeddings\LLMMetadataExtractor.cs(219,9): warning MA0011: Use an overload of 'AppendLine' that has a 'System.IFormatProvider' parameter (https://github.com/meziantou/Meziantou.Analyzer/blob/main/docs/Rules/MA0011.md) [C:\Projects\Hazina\src\Core\AI\Hazina.AI.RAG\Hazina.AI.RAG.csproj::TargetFramework=net9.0]
C:\Projects\Hazina\src\Core\AI\Hazina.AI.RAG\Embeddings\LLMMetadataExtractor.cs(230,13): warning MA0011: Use an overload of 'AppendLine' that has a 'System.IFormatProvider' parameter (https://github.com/meziantou/Meziantou.Analyzer/blob/main/docs/Rules/MA0011.md) [C:\Projects\Hazina\src\Core\AI\Hazina.AI.RAG\Hazina.AI.RAG.csproj::TargetFramework=net9.0]
C:\Projects\Hazina\src\Core\AI\Hazina.AI.RAG\Embeddings\LLMMetadataExtractor.cs(243,9): warning MA0011: Use an overload of 'AppendLine' that has a 'System.IFormatProvider' parameter (https://github.com/meziantou/Meziantou.Analyzer/blob/main/docs/Rules/MA0011.md) [C:\Projects\Hazina\src\Core\AI\Hazina.AI.RAG\Hazina.AI.RAG.csproj::TargetFramework=net9.0]
C:\Projects\Hazina\src\Core\AI\Hazina.AI.RAG\Embeddings\SemanticSimilarityChunker.cs(342,52): warning SA1629: Documentation text should end with a period (https://github.com/DotNetAnalyzers/StyleCopAnalyzers/blob/master/documentation/SA1629.md) [C:\Projects\Hazina\src\Core\AI\Hazina.AI.RAG\Hazina.AI.RAG.csproj::TargetFramework=net9.0]
C:\Projects\Hazina\src\Core\AI\Hazina.AI.RAG\Graph\Retrieval\HybridRetrievalService.cs(269,23): warning MA0015: Use an overload of 'System.ArgumentException' with the parameter name (https://github.com/meziantou/Meziantou.Analyzer/blob/main/docs/Rules/MA0015.md) [C:\Projects\Hazina\src\Core\AI\Hazina.AI.RAG\Hazina.AI.RAG.csproj::TargetFramework=net9.0]
C:\Projects\Hazina\src\Core\AI\Hazina.AI.RAG\Embeddings\SemanticSimilarityChunker.cs(444,47): warning SA1629: Documentation text should end with a period (https://github.com/DotNetAnalyzers/StyleCopAnalyzers/blob/master/documentation/SA1629.md) [C:\Projects\Hazina\src\Core\AI\Hazina.AI.RAG\Hazina.AI.RAG.csproj::TargetFramework=net9.0]
C:\Projects\Hazina\src\Core\AI\Hazina.AI.RAG\Graph\Retrieval\HybridRetrievalService.cs(247,16): warning MA0004: Use Task.ConfigureAwait(false) if the current SynchronizationContext is not needed (https://github.com/meziantou/Meziantou.Analyzer/blob/main/docs/Rules/MA0004.md) [C:\Projects\Hazina\src\Core\AI\Hazina.AI.RAG\Hazina.AI.RAG.csproj::TargetFramework=net9.0]
C:\Projects\Hazina\src\Core\AI\Hazina.AI.RAG\Embeddings\SemanticSimilarityChunker.cs(454,24): warning MA0002: Use an overload that has a IEqualityComparer<string> or IComparer<string> parameter (https://github.com/meziantou/Meziantou.Analyzer/blob/main/docs/Rules/MA0002.md) [C:\Projects\Hazina\src\Core\AI\Hazina.AI.RAG\Hazina.AI.RAG.csproj::TargetFramework=net9.0]
C:\Projects\Hazina\src\Core\AI\Hazina.AI.RAG\Embeddings\SemanticSimilarityChunker.cs(368,28): warning MA0002: Use an overload that has a IEqualityComparer<string> or IComparer<string> parameter (https://github.com/meziantou/Meziantou.Analyzer/blob/main/docs/Rules/MA0002.md) [C:\Projects\Hazina\src\Core\AI\Hazina.AI.RAG\Hazina.AI.RAG.csproj::TargetFramework=net9.0]
C:\Projects\Hazina\src\Core\AI\Hazina.AI.RAG\Graph\Retrieval\HybridRetrievalService.cs(309,41): warning S2325: Make 'FuseByReciprocalRank' a static method. (https://rules.sonarsource.com/csharp/RSPEC-2325) [C:\Projects\Hazina\src\Core\AI\Hazina.AI.RAG\Hazina.AI.RAG.csproj::TargetFramework=net9.0]
C:\Projects\Hazina\src\Core\AI\Hazina.AI.RAG\Core\RAGEngine.cs(286,5): warning SA1124: Do not use regions (https://github.com/DotNetAnalyzers/StyleCopAnalyzers/blob/master/documentation/SA1124.md) [C:\Projects\Hazina\src\Core\AI\Hazina.AI.RAG\Hazina.AI.RAG.csproj::TargetFramework=net9.0]
C:\Projects\Hazina\src\Core\AI\Hazina.AI.RAG\Graph\Retrieval\HybridRetrievalService.cs(278,23): warning MA0002: Use an overload that has a IEqualityComparer<string> or IComparer<string> parameter (https://github.com/meziantou/Meziantou.Analyzer/blob/main/docs/Rules/MA0002.md) [C:\Projects\Hazina\src\Core\AI\Hazina.AI.RAG\Hazina.AI.RAG.csproj::TargetFramework=net9.0]
C:\Projects\Hazina\src\Core\AI\Hazina.AI.RAG\Core\RAGEngine.cs(312,43): warning CA1860: Prefer comparing 'Count' to 0 rather than using 'Any()', both for clarity and for performance (https://learn.microsoft.com/dotnet/fundamentals/code-analysis/quality-rules/ca1860) [C:\Projects\Hazina\src\Core\AI\Hazina.AI.RAG\Hazina.AI.RAG.csproj::TargetFramework=net9.0]
C:\Projects\Hazina\src\Core\AI\Hazina.AI.RAG\Graph\Retrieval\HybridRetrievalService.cs(349,41): warning S2325: Make 'FuseByMaxScore' a static method. (https://rules.sonarsource.com/csharp/RSPEC-2325) [C:\Projects\Hazina\src\Core\AI\Hazina.AI.RAG\Hazina.AI.RAG.csproj::TargetFramework=net9.0]
C:\Projects\Hazina\src\Core\AI\Hazina.AI.RAG\Core\RAGEngine.cs(315,24): warning MA0004: Use Task.ConfigureAwait(false) if the current SynchronizationContext is not needed (https://github.com/meziantou/Meziantou.Analyzer/blob/main/docs/Rules/MA0004.md) [C:\Projects\Hazina\src\Core\AI\Hazina.AI.RAG\Hazina.AI.RAG.csproj::TargetFramework=net9.0]
C:\Projects\Hazina\src\Core\AI\Hazina.AI.RAG\Core\RAGEngine.cs(334,26): warning MA0004: Use Task.ConfigureAwait(false) if the current SynchronizationContext is not needed (https://github.com/meziantou/Meziantou.Analyzer/blob/main/docs/Rules/MA0004.md) [C:\Projects\Hazina\src\Core\AI\Hazina.AI.RAG\Hazina.AI.RAG.csproj::TargetFramework=net9.0]
C:\Projects\Hazina\src\Core\AI\Hazina.AI.RAG\Embeddings\SemanticSimilarityChunker.cs(503,29): warning SA1629: Documentation text should end with a period (https://github.com/DotNetAnalyzers/StyleCopAnalyzers/blob/master/documentation/SA1629.md) [C:\Projects\Hazina\src\Core\AI\Hazina.AI.RAG\Hazina.AI.RAG.csproj::TargetFramework=net9.0]
C:\Projects\Hazina\src\Core\AI\Hazina.AI.RAG\Embeddings\LLMMetadataExtractor.cs(269,66): warning SA1629: Documentation text should end with a period (https://github.com/DotNetAnalyzers/StyleCopAnalyzers/blob/master/documentation/SA1629.md) [C:\Projects\Hazina\src\Core\AI\Hazina.AI.RAG\Hazina.AI.RAG.csproj::TargetFramework=net9.0]
C:\Projects\Hazina\src\Core\AI\Hazina.AI.RAG\Embeddings\LLMMetadataExtractor.cs(276,13): warning SA1503: Braces should not be omitted (https://github.com/DotNetAnalyzers/StyleCopAnalyzers/blob/master/documentation/SA1503.md) [C:\Projects\Hazina\src\Core\AI\Hazina.AI.RAG\Hazina.AI.RAG.csproj::TargetFramework=net9.0]
C:\Projects\Hazina\src\Core\AI\Hazina.AI.RAG\Core\RAGEngine.cs(304,23): warning MA0002: Use an overload that has a IEqualityComparer<string> or IComparer<string> parameter (https://github.com/meziantou/Meziantou.Analyzer/blob/main/docs/Rules/MA0002.md) [C:\Projects\Hazina\src\Core\AI\Hazina.AI.RAG\Hazina.AI.RAG.csproj::TargetFramework=net9.0]
C:\Projects\Hazina\src\Core\AI\Hazina.AI.RAG\Embeddings\SemanticSimilarityChunker.cs(476,73): warning SA1629: Documentation text should end with a period (https://github.com/DotNetAnalyzers/StyleCopAnalyzers/blob/master/documentation/SA1629.md) [C:\Projects\Hazina\src\Core\AI\Hazina.AI.RAG\Hazina.AI.RAG.csproj::TargetFramework=net9.0]
C:\Projects\Hazina\src\Core\AI\Hazina.AI.RAG\Embeddings\LLMMetadataExtractor.cs(278,17): warning CA1873: Evaluation of this argument may be expensive and unnecessary if logging is disabled (https://learn.microsoft.com/dotnet/fundamentals/code-analysis/quality-rules/ca1873) [C:\Projects\Hazina\src\Core\AI\Hazina.AI.RAG\Hazina.AI.RAG.csproj::TargetFramework=net9.0]
C:\Projects\Hazina\src\Core\AI\Hazina.AI.RAG\Embeddings\LLMMetadataExtractor.cs(312,17): warning CA1873: Evaluation of this argument may be expensive and unnecessary if logging is disabled (https://learn.microsoft.com/dotnet/fundamentals/code-analysis/quality-rules/ca1873) [C:\Projects\Hazina\src\Core\AI\Hazina.AI.RAG\Hazina.AI.RAG.csproj::TargetFramework=net9.0]
C:\Projects\Hazina\src\Core\AI\Hazina.AI.RAG\Embeddings\LLMMetadataExtractor.cs(278,17): warning CA1848: For improved performance, use the LoggerMessage delegates instead of calling 'LoggerExtensions.LogInformation(ILogger, string?, params object?[])' (https://learn.microsoft.com/dotnet/fundamentals/code-analysis/quality-rules/ca1848) [C:\Projects\Hazina\src\Core\AI\Hazina.AI.RAG\Hazina.AI.RAG.csproj::TargetFramework=net9.0]
C:\Projects\Hazina\src\Core\AI\Hazina.AI.RAG\Embeddings\LLMMetadataExtractor.cs(312,17): warning CA1848: For improved performance, use the LoggerMessage delegates instead of calling 'LoggerExtensions.LogInformation(ILogger, string?, params object?[])' (https://learn.microsoft.com/dotnet/fundamentals/code-analysis/quality-rules/ca1848) [C:\Projects\Hazina\src\Core\AI\Hazina.AI.RAG\Hazina.AI.RAG.csproj::TargetFramework=net9.0]
C:\Projects\Hazina\src\Core\AI\Hazina.AI.RAG\Embeddings\SemanticSimilarityChunker.cs(480,17): warning CA1873: Evaluation of this argument may be expensive and unnecessary if logging is disabled (https://learn.microsoft.com/dotnet/fundamentals/code-analysis/quality-rules/ca1873) [C:\Projects\Hazina\src\Core\AI\Hazina.AI.RAG\Hazina.AI.RAG.csproj::TargetFramework=net9.0]
C:\Projects\Hazina\src\Core\AI\Hazina.AI.RAG\Embeddings\SemanticSimilarityChunker.cs(480,17): warning CA1848: For improved performance, use the LoggerMessage delegates instead of calling 'LoggerExtensions.LogInformation(ILogger, string?, params object?[])' (https://learn.microsoft.com/dotnet/fundamentals/code-analysis/quality-rules/ca1848) [C:\Projects\Hazina\src\Core\AI\Hazina.AI.RAG\Hazina.AI.RAG.csproj::TargetFramework=net9.0]
C:\Projects\Hazina\src\Core\AI\Hazina.AI.RAG\Core\RAGEngine.cs(343,24): warning MA0002: Use an overload that has a IEqualityComparer<string> or IComparer<string> parameter (https://github.com/meziantou/Meziantou.Analyzer/blob/main/docs/Rules/MA0002.md) [C:\Projects\Hazina\src\Core\AI\Hazina.AI.RAG\Hazina.AI.RAG.csproj::TargetFramework=net9.0]
C:\Projects\Hazina\src\Core\AI\Hazina.AI.RAG\Embeddings\SemanticSimilarityChunker.cs(520,35): warning SA1629: Documentation text should end with a period (https://github.com/DotNetAnalyzers/StyleCopAnalyzers/blob/master/documentation/SA1629.md) [C:\Projects\Hazina\src\Core\AI\Hazina.AI.RAG\Hazina.AI.RAG.csproj::TargetFramework=net9.0]
C:\Projects\Hazina\src\Core\AI\Hazina.AI.RAG\Core\RAGEngine.cs(343,24): warning MA0002: Use an overload that has a IEqualityComparer<string> or IComparer<string> parameter (https://github.com/meziantou/Meziantou.Analyzer/blob/main/docs/Rules/MA0002.md) [C:\Projects\Hazina\src\Core\AI\Hazina.AI.RAG\Hazina.AI.RAG.csproj::TargetFramework=net9.0]
C:\Projects\Hazina\src\Core\AI\Hazina.AI.RAG\Core\RAGEngine.cs(343,56): warning MA0002: Use an overload that has a IEqualityComparer<string> or IComparer<string> parameter (https://github.com/meziantou/Meziantou.Analyzer/blob/main/docs/Rules/MA0002.md) [C:\Projects\Hazina\src\Core\AI\Hazina.AI.RAG\Hazina.AI.RAG.csproj::TargetFramework=net9.0]
C:\Projects\Hazina\src\Core\AI\Hazina.AI.RAG\Core\RAGEngine.cs(345,25): warning MA0002: Use an overload that has a IEqualityComparer<string> or IComparer<string> parameter (https://github.com/meziantou/Meziantou.Analyzer/blob/main/docs/Rules/MA0002.md) [C:\Projects\Hazina\src\Core\AI\Hazina.AI.RAG\Hazina.AI.RAG.csproj::TargetFramework=net9.0]
C:\Projects\Hazina\src\Core\AI\Hazina.AI.RAG\Embeddings\SemanticSimilarityChunker.cs(525,17): warning CA1873: Evaluation of this argument may be expensive and unnecessary if logging is disabled (https://learn.microsoft.com/dotnet/fundamentals/code-analysis/quality-rules/ca1873) [C:\Projects\Hazina\src\Core\AI\Hazina.AI.RAG\Hazina.AI.RAG.csproj::TargetFramework=net9.0]
C:\Projects\Hazina\src\Core\AI\Hazina.AI.RAG\Embeddings\SemanticSimilarityChunker.cs(525,17): warning CA1848: For improved performance, use the LoggerMessage delegates instead of calling 'LoggerExtensions.LogInformation(ILogger, string?, params object?[])' (https://learn.microsoft.com/dotnet/fundamentals/code-analysis/quality-rules/ca1848) [C:\Projects\Hazina\src\Core\AI\Hazina.AI.RAG\Hazina.AI.RAG.csproj::TargetFramework=net9.0]
C:\Projects\Hazina\src\Core\AI\Hazina.AI.RAG\Embeddings\LLMMetadataExtractor.cs(285,28): warning MA0004: Use Task.ConfigureAwait(false) if the current SynchronizationContext is not needed (https://github.com/meziantou/Meziantou.Analyzer/blob/main/docs/Rules/MA0004.md) [C:\Projects\Hazina\src\Core\AI\Hazina.AI.RAG\Hazina.AI.RAG.csproj::TargetFramework=net9.0]
C:\Projects\Hazina\src\Core\AI\Hazina.AI.RAG\Embeddings\LLMMetadataExtractor.cs(293,32): warning MA0004: Use Task.ConfigureAwait(false) if the current SynchronizationContext is not needed (https://github.com/meziantou/Meziantou.Analyzer/blob/main/docs/Rules/MA0004.md) [C:\Projects\Hazina\src\Core\AI\Hazina.AI.RAG\Hazina.AI.RAG.csproj::TargetFramework=net9.0]
C:\Projects\Hazina\src\Core\AI\Hazina.AI.RAG\Embeddings\BasicMetadataExtractor.cs(192,63): warning SA1629: Documentation text should end with a period (https://github.com/DotNetAnalyzers/StyleCopAnalyzers/blob/master/documentation/SA1629.md) [C:\Projects\Hazina\src\Core\AI\Hazina.AI.RAG\Hazina.AI.RAG.csproj::TargetFramework=net9.0]
C:\Projects\Hazina\src\Core\AI\Hazina.AI.RAG\Embeddings\BasicMetadataExtractor.cs(196,32): warning CA1861: Prefer 'static readonly' fields over constant array arguments if the called method is called repeatedly and is not mutating the passed array (https://learn.microsoft.com/dotnet/fundamentals/code-analysis/quality-rules/ca1861) [C:\Projects\Hazina\src\Core\AI\Hazina.AI.RAG\Hazina.AI.RAG.csproj::TargetFramework=net9.0]
C:\Projects\Hazina\src\Core\AI\Hazina.AI.RAG\Graph\Storage\InMemoryGraphStore.cs(254,13): warning S1066: Merge this if statement with the enclosing one. (https://rules.sonarsource.com/csharp/RSPEC-1066) [C:\Projects\Hazina\src\Core\AI\Hazina.AI.RAG\Hazina.AI.RAG.csproj::TargetFramework=net9.0]
C:\Projects\Hazina\src\Core\AI\Hazina.AI.RAG\Embeddings\BasicMetadataExtractor.cs(197,44): warning MA0011: Use an overload of 'TryParse' that has a 'System.IFormatProvider' parameter (https://github.com/meziantou/Meziantou.Analyzer/blob/main/docs/Rules/MA0011.md) [C:\Projects\Hazina\src\Core\AI\Hazina.AI.RAG\Hazina.AI.RAG.csproj::TargetFramework=net9.0]
C:\Projects\Hazina\src\Core\AI\Hazina.AI.RAG\Graph\Storage\InMemoryGraphStore.cs(102,26): warning MA0002: Use an overload that has a IEqualityComparer<string> or IComparer<string> parameter (https://github.com/meziantou/Meziantou.Analyzer/blob/main/docs/Rules/MA0002.md) [C:\Projects\Hazina\src\Core\AI\Hazina.AI.RAG\Hazina.AI.RAG.csproj::TargetFramework=net9.0]
C:\Projects\Hazina\src\Core\AI\Hazina.AI.RAG\Graph\Storage\InMemoryGraphStore.cs(115,26): warning MA0002: Use an overload that has a IEqualityComparer<string> or IComparer<string> parameter (https://github.com/meziantou/Meziantou.Analyzer/blob/main/docs/Rules/MA0002.md) [C:\Projects\Hazina\src\Core\AI\Hazina.AI.RAG\Hazina.AI.RAG.csproj::TargetFramework=net9.0]
C:\Projects\Hazina\src\Core\AI\Hazina.AI.RAG\Graph\Storage\InMemoryGraphStore.cs(92,38): warning CA1062: In externally visible method 'Task InMemoryGraphStore.AddRelationshipsAsync(List<GraphRelationship> relationships, CancellationToken cancellationToken = default(CancellationToken))', validate parameter 'relationships' is non-null before using it. If appropriate, throw an 'ArgumentNullException' when the argument is 'null'. (https://learn.microsoft.com/dotnet/fundamentals/code-analysis/quality-rules/ca1062) [C:\Projects\Hazina\src\Core\AI\Hazina.AI.RAG\Hazina.AI.RAG.csproj::TargetFramework=net9.0]
C:\Projects\Hazina\src\Core\AI\Hazina.AI.RAG\Graph\Retrieval\HybridRetrievalService.cs(314,23): warning MA0002: Use an overload that has a IEqualityComparer<string> or IComparer<string> parameter (https://github.com/meziantou/Meziantou.Analyzer/blob/main/docs/Rules/MA0002.md) [C:\Projects\Hazina\src\Core\AI\Hazina.AI.RAG\Hazina.AI.RAG.csproj::TargetFramework=net9.0]
C:\Projects\Hazina\src\Core\AI\Hazina.AI.RAG\Embeddings\SemanticSimilarityChunker.cs(511,34): warning SA1629: Documentation text should end with a period (https://github.com/DotNetAnalyzers/StyleCopAnalyzers/blob/master/documentation/SA1629.md) [C:\Projects\Hazina\src\Core\AI\Hazina.AI.RAG\Hazina.AI.RAG.csproj::TargetFramework=net9.0]
C:\Projects\Hazina\src\Core\AI\Hazina.AI.RAG\Embeddings\SemanticSimilarityChunker.cs(516,17): warning CA1848: For improved performance, use the LoggerMessage delegates instead of calling 'LoggerExtensions.LogInformation(ILogger, string?, params object?[])' (https://learn.microsoft.com/dotnet/fundamentals/code-analysis/quality-rules/ca1848) [C:\Projects\Hazina\src\Core\AI\Hazina.AI.RAG\Hazina.AI.RAG.csproj::TargetFramework=net9.0]
C:\Projects\Hazina\src\Core\AI\Hazina.AI.RAG\Graph\Storage\InMemoryGraphStore.cs(397,24): warning S1244: Do not check floating point equality with exact values, use a range instead. (https://rules.sonarsource.com/csharp/RSPEC-1244) [C:\Projects\Hazina\src\Core\AI\Hazina.AI.RAG\Hazina.AI.RAG.csproj::TargetFramework=net9.0]
C:\Projects\Hazina\src\Core\AI\Hazina.AI.RAG\Graph\Storage\InMemoryGraphStore.cs(397,45): warning S1244: Do not check floating point equality with exact values, use a range instead. (https://rules.sonarsource.com/csharp/RSPEC-1244) [C:\Projects\Hazina\src\Core\AI\Hazina.AI.RAG\Hazina.AI.RAG.csproj::TargetFramework=net9.0]
C:\Projects\Hazina\src\Core\AI\Hazina.AI.RAG\Graph\Storage\InMemoryGraphStore.cs(152,9): warning MA0004: Use Task.ConfigureAwait(false) if the current SynchronizationContext is not needed (https://github.com/meziantou/Meziantou.Analyzer/blob/main/docs/Rules/MA0004.md) [C:\Projects\Hazina\src\Core\AI\Hazina.AI.RAG\Hazina.AI.RAG.csproj::TargetFramework=net9.0]
C:\Projects\Hazina\src\Core\AI\Hazina.AI.RAG\Graph\Storage\InMemoryGraphStore.cs(149,23): warning MA0002: Use an overload that has a IEqualityComparer<string> or IComparer<string> parameter (https://github.com/meziantou/Meziantou.Analyzer/blob/main/docs/Rules/MA0002.md) [C:\Projects\Hazina\src\Core\AI\Hazina.AI.RAG\Hazina.AI.RAG.csproj::TargetFramework=net9.0]
C:\Projects\Hazina\src\Core\AI\Hazina.AI.RAG\Graph\Retrieval\HybridRetrievalService.cs(216,33): warning CA1848: For improved performance, use the LoggerMessage delegates instead of calling 'LoggerExtensions.LogWarning(ILogger, Exception?, string?, params object?[])' (https://learn.microsoft.com/dotnet/fundamentals/code-analysis/quality-rules/ca1848) [C:\Projects\Hazina\src\Core\AI\Hazina.AI.RAG\Hazina.AI.RAG.csproj::TargetFramework=net9.0]
C:\Projects\Hazina\src\Core\AI\Hazina.AI.RAG\Graph\Storage\InMemoryGraphStore.cs(379,20): warning S2325: Make 'CalculateCosineSimilarity' a static method. (https://rules.sonarsource.com/csharp/RSPEC-2325) [C:\Projects\Hazina\src\Core\AI\Hazina.AI.RAG\Hazina.AI.RAG.csproj::TargetFramework=net9.0]
C:\Projects\Hazina\src\Core\AI\Hazina.AI.RAG\Graph\Retrieval\HybridRetrievalService.cs(353,23): warning MA0002: Use an overload that has a IEqualityComparer<string> or IComparer<string> parameter (https://github.com/meziantou/Meziantou.Analyzer/blob/main/docs/Rules/MA0002.md) [C:\Projects\Hazina\src\Core\AI\Hazina.AI.RAG\Hazina.AI.RAG.csproj::TargetFramework=net9.0]
C:\Projects\Hazina\src\Core\AI\Hazina.AI.RAG\Graph\Retrieval\HybridRetrievalService.cs(189,28): warning MA0004: Use Task.ConfigureAwait(false) if the current SynchronizationContext is not needed (https://github.com/meziantou/Meziantou.Analyzer/blob/main/docs/Rules/MA0004.md) [C:\Projects\Hazina\src\Core\AI\Hazina.AI.RAG\Hazina.AI.RAG.csproj::TargetFramework=net9.0]
C:\Projects\Hazina\src\Core\AI\Hazina.AI.RAG\Graph\Retrieval\HybridRetrievalService.cs(194,39): warning MA0004: Use Task.ConfigureAwait(false) if the current SynchronizationContext is not needed (https://github.com/meziantou/Meziantou.Analyzer/blob/main/docs/Rules/MA0004.md) [C:\Projects\Hazina\src\Core\AI\Hazina.AI.RAG\Hazina.AI.RAG.csproj::TargetFramework=net9.0]
C:\Projects\Hazina\src\Core\AI\Hazina.AI.RAG\Graph\Retrieval\HybridRetrievalService.cs(211,48): warning MA0004: Use Task.ConfigureAwait(false) if the current SynchronizationContext is not needed (https://github.com/meziantou/Meziantou.Analyzer/blob/main/docs/Rules/MA0004.md) [C:\Projects\Hazina\src\Core\AI\Hazina.AI.RAG\Hazina.AI.RAG.csproj::TargetFramework=net9.0]
C:\Projects\Hazina\src\Core\AI\Hazina.AI.RAG\Graph\Storage\InMemoryGraphStore.cs(171,29): warning MA0004: Use Task.ConfigureAwait(false) if the current SynchronizationContext is not needed (https://github.com/meziantou/Meziantou.Analyzer/blob/main/docs/Rules/MA0004.md) [C:\Projects\Hazina\src\Core\AI\Hazina.AI.RAG\Hazina.AI.RAG.csproj::TargetFramework=net9.0]
C:\Projects\Hazina\src\Core\AI\Hazina.AI.RAG\Graph\Storage\InMemoryGraphStore.cs(288,9): warning MA0004: Use Task.ConfigureAwait(false) if the current SynchronizationContext is not needed (https://github.com/meziantou/Meziantou.Analyzer/blob/main/docs/Rules/MA0004.md) [C:\Projects\Hazina\src\Core\AI\Hazina.AI.RAG\Hazina.AI.RAG.csproj::TargetFramework=net9.0]
C:\Projects\Hazina\src\Core\AI\Hazina.AI.RAG\Graph\Storage\InMemoryGraphStore.cs(285,23): warning MA0002: Use an overload that has a IEqualityComparer<string> or IComparer<string> parameter (https://github.com/meziantou/Meziantou.Analyzer/blob/main/docs/Rules/MA0002.md) [C:\Projects\Hazina\src\Core\AI\Hazina.AI.RAG\Hazina.AI.RAG.csproj::TargetFramework=net9.0]
C:\Projects\Hazina\src\Core\AI\Hazina.AI.RAG\Graph\Storage\InMemoryGraphStore.cs(179,32): warning MA0004: Use Task.ConfigureAwait(false) if the current SynchronizationContext is not needed (https://github.com/meziantou/Meziantou.Analyzer/blob/main/docs/Rules/MA0004.md) [C:\Projects\Hazina\src\Core\AI\Hazina.AI.RAG\Hazina.AI.RAG.csproj::TargetFramework=net9.0]
C:\Projects\Hazina\src\Core\AI\Hazina.AI.RAG\Graph\Retrieval\HybridRetrievalService.cs(212,40): warning MA0004: Use Task.ConfigureAwait(false) if the current SynchronizationContext is not needed (https://github.com/meziantou/Meziantou.Analyzer/blob/main/docs/Rules/MA0004.md) [C:\Projects\Hazina\src\Core\AI\Hazina.AI.RAG\Hazina.AI.RAG.csproj::TargetFramework=net9.0]
C:\Projects\Hazina\src\Core\AI\Hazina.AI.RAG\Graph\Storage\InMemoryGraphStore.cs(186,25): warning MA0004: Use Task.ConfigureAwait(false) if the current SynchronizationContext is not needed (https://github.com/meziantou/Meziantou.Analyzer/blob/main/docs/Rules/MA0004.md) [C:\Projects\Hazina\src\Core\AI\Hazina.AI.RAG\Hazina.AI.RAG.csproj::TargetFramework=net9.0]
C:\Projects\Hazina\src\Core\AI\Hazina.AI.RAG\Graph\Storage\InMemoryGraphStore.cs(335,35): warning CA1062: In externally visible method 'Task InMemoryGraphStore.UpdateEntityAsync(GraphEntity entity, CancellationToken cancellationToken = default(CancellationToken))', validate parameter 'entity' is non-null before using it. If appropriate, throw an 'ArgumentNullException' when the argument is 'null'. (https://learn.microsoft.com/dotnet/fundamentals/code-analysis/quality-rules/ca1062) [C:\Projects\Hazina\src\Core\AI\Hazina.AI.RAG\Hazina.AI.RAG.csproj::TargetFramework=net9.0]
C:\Projects\Hazina\src\Core\AI\Hazina.AI.RAG\Graph\Storage\InMemoryGraphStore.cs(175,30): warning MA0006: Use string.Equals instead of Equals operator (https://github.com/meziantou/Meziantou.Analyzer/blob/main/docs/Rules/MA0006.md) [C:\Projects\Hazina\src\Core\AI\Hazina.AI.RAG\Hazina.AI.RAG.csproj::TargetFramework=net9.0]
C:\Projects\Hazina\src\Core\AI\Hazina.AI.RAG\Graph\Retrieval\HybridRetrievalService.cs(184,29): warning MA0002: Use an overload that has a IEqualityComparer<string> or IComparer<string> parameter (https://github.com/meziantou/Meziantou.Analyzer/blob/main/docs/Rules/MA0002.md) [C:\Projects\Hazina\src\Core\AI\Hazina.AI.RAG\Hazina.AI.RAG.csproj::TargetFramework=net9.0]
C:\Projects\Hazina\src\Core\AI\Hazina.AI.RAG\Graph\Storage\InMemoryGraphStore.cs(308,29): warning MA0004: Use Task.ConfigureAwait(false) if the current SynchronizationContext is not needed (https://github.com/meziantou/Meziantou.Analyzer/blob/main/docs/Rules/MA0004.md) [C:\Projects\Hazina\src\Core\AI\Hazina.AI.RAG\Hazina.AI.RAG.csproj::TargetFramework=net9.0]
C:\Projects\Hazina\src\Core\AI\Hazina.AI.RAG\Graph\Storage\InMemoryGraphStore.cs(319,32): warning MA0004: Use Task.ConfigureAwait(false) if the current SynchronizationContext is not needed (https://github.com/meziantou/Meziantou.Analyzer/blob/main/docs/Rules/MA0004.md) [C:\Projects\Hazina\src\Core\AI\Hazina.AI.RAG\Hazina.AI.RAG.csproj::TargetFramework=net9.0]
C:\Projects\Hazina\src\Core\AI\Hazina.AI.RAG\Graph\Storage\InMemoryGraphStore.cs(326,25): warning MA0004: Use Task.ConfigureAwait(false) if the current SynchronizationContext is not needed (https://github.com/meziantou/Meziantou.Analyzer/blob/main/docs/Rules/MA0004.md) [C:\Projects\Hazina\src\Core\AI\Hazina.AI.RAG\Hazina.AI.RAG.csproj::TargetFramework=net9.0]
C:\Projects\Hazina\src\Core\AI\Hazina.AI.RAG\Graph\Storage\InMemoryGraphStore.cs(242,13): warning MA0006: Use string.Equals instead of Equals operator (https://github.com/meziantou/Meziantou.Analyzer/blob/main/docs/Rules/MA0006.md) [C:\Projects\Hazina\src\Core\AI\Hazina.AI.RAG\Hazina.AI.RAG.csproj::TargetFramework=net9.0]
C:\Projects\Hazina\src\Core\AI\Hazina.AI.RAG\Graph\Storage\InMemoryGraphStore.cs(260,38): warning MA0006: Use string.Equals instead of Equals operator (https://github.com/meziantou/Meziantou.Analyzer/blob/main/docs/Rules/MA0006.md) [C:\Projects\Hazina\src\Core\AI\Hazina.AI.RAG\Hazina.AI.RAG.csproj::TargetFramework=net9.0]
C:\Projects\Hazina\src\Core\AI\Hazina.AI.RAG\Graph\Storage\InMemoryGraphStore.cs(368,38): warning MA0002: Use an overload that has a IEqualityComparer<string> or IComparer<string> parameter (https://github.com/meziantou/Meziantou.Analyzer/blob/main/docs/Rules/MA0002.md) [C:\Projects\Hazina\src\Core\AI\Hazina.AI.RAG\Hazina.AI.RAG.csproj::TargetFramework=net9.0]
C:\Projects\Hazina\src\Core\AI\Hazina.AI.RAG\Graph\Storage\InMemoryGraphStore.cs(368,38): warning MA0002: Use an overload that has a IEqualityComparer<string> or IComparer<string> parameter (https://github.com/meziantou/Meziantou.Analyzer/blob/main/docs/Rules/MA0002.md) [C:\Projects\Hazina\src\Core\AI\Hazina.AI.RAG\Hazina.AI.RAG.csproj::TargetFramework=net9.0]
C:\Projects\Hazina\src\Core\AI\Hazina.AI.RAG\Graph\Storage\InMemoryGraphStore.cs(201,23): warning MA0002: Use an overload that has a IEqualityComparer<string> or IComparer<string> parameter (https://github.com/meziantou/Meziantou.Analyzer/blob/main/docs/Rules/MA0002.md) [C:\Projects\Hazina\src\Core\AI\Hazina.AI.RAG\Hazina.AI.RAG.csproj::TargetFramework=net9.0]
C:\Projects\Hazina\src\Core\AI\Hazina.AI.RAG\Graph\Storage\InMemoryGraphStore.cs(371,44): warning MA0002: Use an overload that has a IEqualityComparer<string> or IComparer<string> parameter (https://github.com/meziantou/Meziantou.Analyzer/blob/main/docs/Rules/MA0002.md) [C:\Projects\Hazina\src\Core\AI\Hazina.AI.RAG\Hazina.AI.RAG.csproj::TargetFramework=net9.0]
C:\Projects\Hazina\src\Core\AI\Hazina.AI.RAG\Graph\Storage\InMemoryGraphStore.cs(315,30): warning MA0006: Use string.Equals instead of Equals operator (https://github.com/meziantou/Meziantou.Analyzer/blob/main/docs/Rules/MA0006.md) [C:\Projects\Hazina\src\Core\AI\Hazina.AI.RAG\Hazina.AI.RAG.csproj::TargetFramework=net9.0]
C:\Projects\Hazina\src\Core\AI\Hazina.AI.RAG\Graph\Storage\InMemoryGraphStore.cs(371,44): warning MA0002: Use an overload that has a IEqualityComparer<string> or IComparer<string> parameter (https://github.com/meziantou/Meziantou.Analyzer/blob/main/docs/Rules/MA0002.md) [C:\Projects\Hazina\src\Core\AI\Hazina.AI.RAG\Hazina.AI.RAG.csproj::TargetFramework=net9.0]
C:\Projects\Hazina\src\Core\AI\Hazina.AI.RAG\Graph\Retrieval\HybridRetrievalService.cs(214,29): warning CA1031: Modify 'ExpandWithGraphAsync' to catch a more specific allowed exception type, or rethrow the exception (https://learn.microsoft.com/dotnet/fundamentals/code-analysis/quality-rules/ca1031) [C:\Projects\Hazina\src\Core\AI\Hazina.AI.RAG\Hazina.AI.RAG.csproj::TargetFramework=net9.0]
C:\Projects\Hazina\src\Core\AI\Hazina.AI.RAG\Graph\Pipeline\LLMRelationshipExtractor.cs(197,19): warning CA1812: 'LLMRelationshipExtractor.ExtractedRelationship' is an internal class that is apparently never instantiated. If so, remove the code from the assembly. If this class is intended to contain only static members, make it 'static' (Module in Visual Basic). (https://learn.microsoft.com/dotnet/fundamentals/code-analysis/quality-rules/ca1812) [C:\Projects\Hazina\src\Core\AI\Hazina.AI.RAG\Hazina.AI.RAG.csproj::TargetFramework=net9.0]
C:\Projects\Hazina\src\Core\AI\Hazina.AI.RAG\Graph\Pipeline\LLMEntityExtractor.cs(162,19): warning CA1812: 'LLMEntityExtractor.ExtractedEntity' is an internal class that is apparently never instantiated. If so, remove the code from the assembly. If this class is intended to contain only static members, make it 'static' (Module in Visual Basic). (https://learn.microsoft.com/dotnet/fundamentals/code-analysis/quality-rules/ca1812) [C:\Projects\Hazina\src\Core\AI\Hazina.AI.RAG\Hazina.AI.RAG.csproj::TargetFramework=net9.0]
C:\Projects\Hazina\src\Core\AI\Hazina.AI.RAG\Graph\Pipeline\LLMRelationshipExtractor.cs(197,19): warning CA1852: Type 'ExtractedRelationship' can be sealed because it has no subtypes in its containing assembly and is not externally visible (https://learn.microsoft.com/dotnet/fundamentals/code-analysis/quality-rules/ca1852) [C:\Projects\Hazina\src\Core\AI\Hazina.AI.RAG\Hazina.AI.RAG.csproj::TargetFramework=net9.0]
C:\Projects\Hazina\src\Core\AI\Hazina.AI.RAG\Graph\Pipeline\LLMEntityExtractor.cs(162,19): warning CA1852: Type 'ExtractedEntity' can be sealed because it has no subtypes in its containing assembly and is not externally visible (https://learn.microsoft.com/dotnet/fundamentals/code-analysis/quality-rules/ca1852) [C:\Projects\Hazina\src\Core\AI\Hazina.AI.RAG\Hazina.AI.RAG.csproj::TargetFramework=net9.0]
C:\Projects\Hazina\src\Core\AI\Hazina.AI.RAG\Embeddings\EmbeddingCache.cs(15,29): warning MA0158: Use System.Threading.Lock (https://github.com/meziantou/Meziantou.Analyzer/blob/main/docs/Rules/MA0158.md) [C:\Projects\Hazina\src\Core\AI\Hazina.AI.RAG\Hazina.AI.RAG.csproj::TargetFramework=net9.0]
C:\Projects\Hazina\src\Core\AI\Hazina.AI.RAG\Configuration\GraphRAGConfig.cs(1,1): warning SA1633: The file header is missing or not located at the top of the file. (https://github.com/DotNetAnalyzers/StyleCopAnalyzers/blob/master/documentation/SA1633.md) [C:\Projects\Hazina\src\Core\AI\Hazina.AI.RAG\Hazina.AI.RAG.csproj::TargetFramework=net10.0]
C:\Projects\Hazina\src\Core\AI\Hazina.AI.RAG\Configuration\GraphRAGConfig.cs(30,1): warning SA1516: Elements should be separated by blank line (https://github.com/DotNetAnalyzers/StyleCopAnalyzers/blob/master/documentation/SA1516.md) [C:\Projects\Hazina\src\Core\AI\Hazina.AI.RAG\Hazina.AI.RAG.csproj::TargetFramework=net10.0]
C:\Projects\Hazina\src\Core\AI\Hazina.AI.RAG\Configuration\SemanticChunkingConfiguration.cs(1,1): warning SA1633: The file header is missing or not located at the top of the file. (https://github.com/DotNetAnalyzers/StyleCopAnalyzers/blob/master/documentation/SA1633.md) [C:\Projects\Hazina\src\Core\AI\Hazina.AI.RAG\Hazina.AI.RAG.csproj::TargetFramework=net10.0]
C:\Projects\Hazina\src\Core\AI\Hazina.AI.RAG\Core\RAGEngine.cs(4,1): warning SA1208: Using directive for 'System.Text' should appear before directive for 'Hazina.Neurochain.Core' (https://github.com/DotNetAnalyzers/StyleCopAnalyzers/blob/master/documentation/SA1208.md) [C:\Projects\Hazina\src\Core\AI\Hazina.AI.RAG\Hazina.AI.RAG.csproj::TargetFramework=net10.0]
C:\Projects\Hazina\src\Core\AI\Hazina.AI.RAG\Core\RAGEngine.cs(5,1): warning SA1208: Using directive for 'System.Text.RegularExpressions' should appear before directive for 'Hazina.Neurochain.Core' (https://github.com/DotNetAnalyzers/StyleCopAnalyzers/blob/master/documentation/SA1208.md) [C:\Projects\Hazina\src\Core\AI\Hazina.AI.RAG\Hazina.AI.RAG.csproj::TargetFramework=net10.0]
C:\Projects\Hazina\src\Core\AI\Hazina.AI.RAG\Configuration\GraphRAGConfig.cs(6,14): warning S101: Rename class 'GraphRAGConfig' to match pascal case naming rules, consider using 'GraphRagConfig'. (https://rules.sonarsource.com/csharp/RSPEC-101) [C:\Projects\Hazina\src\Core\AI\Hazina.AI.RAG\Hazina.AI.RAG.csproj::TargetFramework=net10.0]
C:\Projects\Hazina\src\Core\AI\Hazina.AI.RAG\Configuration\GraphRAGConfig.cs(10,20): warning CA1056: Change the type of property 'GraphRAGConfig.Neo4jUri' from 'string' to 'System.Uri' (https://learn.microsoft.com/dotnet/fundamentals/code-analysis/quality-rules/ca1056) [C:\Projects\Hazina\src\Core\AI\Hazina.AI.RAG\Hazina.AI.RAG.csproj::TargetFramework=net10.0]
C:\Projects\Hazina\src\Core\AI\Hazina.AI.RAG\Configuration\GraphRAGConfig.cs(9,1): warning SA1516: Elements should be separated by blank line (https://github.com/DotNetAnalyzers/StyleCopAnalyzers/blob/master/documentation/SA1516.md) [C:\Projects\Hazina\src\Core\AI\Hazina.AI.RAG\Hazina.AI.RAG.csproj::TargetFramework=net10.0]
C:\Projects\Hazina\src\Core\AI\Hazina.AI.RAG\Configuration\GraphRAGConfig.cs(10,1): warning SA1516: Elements should be separated by blank line (https://github.com/DotNetAnalyzers/StyleCopAnalyzers/blob/master/documentation/SA1516.md) [C:\Projects\Hazina\src\Core\AI\Hazina.AI.RAG\Hazina.AI.RAG.csproj::TargetFramework=net10.0]
C:\Projects\Hazina\src\Core\AI\Hazina.AI.RAG\Configuration\GraphRAGConfig.cs(11,1): warning SA1516: Elements should be separated by blank line (https://github.com/DotNetAnalyzers/StyleCopAnalyzers/blob/master/documentation/SA1516.md) [C:\Projects\Hazina\src\Core\AI\Hazina.AI.RAG\Hazina.AI.RAG.csproj::TargetFramework=net10.0]
C:\Projects\Hazina\src\Core\AI\Hazina.AI.RAG\Configuration\GraphRAGConfig.cs(12,1): warning SA1516: Elements should be separated by blank line (https://github.com/DotNetAnalyzers/StyleCopAnalyzers/blob/master/documentation/SA1516.md) [C:\Projects\Hazina\src\Core\AI\Hazina.AI.RAG\Hazina.AI.RAG.csproj::TargetFramework=net10.0]
C:\Projects\Hazina\src\Core\AI\Hazina.AI.RAG\Configuration\GraphRAGConfig.cs(13,1): warning SA1516: Elements should be separated by blank line (https://github.com/DotNetAnalyzers/StyleCopAnalyzers/blob/master/documentation/SA1516.md) [C:\Projects\Hazina\src\Core\AI\Hazina.AI.RAG\Hazina.AI.RAG.csproj::TargetFramework=net10.0]
C:\Projects\Hazina\src\Core\AI\Hazina.AI.RAG\Configuration\GraphRAGConfig.cs(14,1): warning SA1516: Elements should be separated by blank line (https://github.com/DotNetAnalyzers/StyleCopAnalyzers/blob/master/documentation/SA1516.md) [C:\Projects\Hazina\src\Core\AI\Hazina.AI.RAG\Hazina.AI.RAG.csproj::TargetFramework=net10.0]
C:\Projects\Hazina\src\Core\AI\Hazina.AI.RAG\Configuration\GraphRAGConfig.cs(15,1): warning SA1516: Elements should be separated by blank line (https://github.com/DotNetAnalyzers/StyleCopAnalyzers/blob/master/documentation/SA1516.md) [C:\Projects\Hazina\src\Core\AI\Hazina.AI.RAG\Hazina.AI.RAG.csproj::TargetFramework=net10.0]
C:\Projects\Hazina\src\Core\AI\Hazina.AI.RAG\Configuration\GraphRAGConfig.cs(16,1): warning SA1516: Elements should be separated by blank line (https://github.com/DotNetAnalyzers/StyleCopAnalyzers/blob/master/documentation/SA1516.md) [C:\Projects\Hazina\src\Core\AI\Hazina.AI.RAG\Hazina.AI.RAG.csproj::TargetFramework=net10.0]
C:\Projects\Hazina\src\Core\AI\Hazina.AI.RAG\Configuration\GraphRAGConfig.cs(17,1): warning SA1516: Elements should be separated by blank line (https://github.com/DotNetAnalyzers/StyleCopAnalyzers/blob/master/documentation/SA1516.md) [C:\Projects\Hazina\src\Core\AI\Hazina.AI.RAG\Hazina.AI.RAG.csproj::TargetFramework=net10.0]
C:\Projects\Hazina\src\Core\AI\Hazina.AI.RAG\Configuration\GraphRAGConfig.cs(18,1): warning SA1516: Elements should be separated by blank line (https://github.com/DotNetAnalyzers/StyleCopAnalyzers/blob/master/documentation/SA1516.md) [C:\Projects\Hazina\src\Core\AI\Hazina.AI.RAG\Hazina.AI.RAG.csproj::TargetFramework=net10.0]
C:\Projects\Hazina\src\Core\AI\Hazina.AI.RAG\Configuration\GraphRAGConfig.cs(19,1): warning SA1516: Elements should be separated by blank line (https://github.com/DotNetAnalyzers/StyleCopAnalyzers/blob/master/documentation/SA1516.md) [C:\Projects\Hazina\src\Core\AI\Hazina.AI.RAG\Hazina.AI.RAG.csproj::TargetFramework=net10.0]
C:\Projects\Hazina\src\Core\AI\Hazina.AI.RAG\Configuration\GraphRAGConfig.cs(20,1): warning SA1516: Elements should be separated by blank line (https://github.com/DotNetAnalyzers/StyleCopAnalyzers/blob/master/documentation/SA1516.md) [C:\Projects\Hazina\src\Core\AI\Hazina.AI.RAG\Hazina.AI.RAG.csproj::TargetFramework=net10.0]
C:\Projects\Hazina\src\Core\AI\Hazina.AI.RAG\Configuration\GraphRAGConfig.cs(21,1): warning SA1516: Elements should be separated by blank line (https://github.com/DotNetAnalyzers/StyleCopAnalyzers/blob/master/documentation/SA1516.md) [C:\Projects\Hazina\src\Core\AI\Hazina.AI.RAG\Hazina.AI.RAG.csproj::TargetFramework=net10.0]
C:\Projects\Hazina\src\Core\AI\Hazina.AI.RAG\Configuration\GraphRAGConfig.cs(22,1): warning SA1516: Elements should be separated by blank line (https://github.com/DotNetAnalyzers/StyleCopAnalyzers/blob/master/documentation/SA1516.md) [C:\Projects\Hazina\src\Core\AI\Hazina.AI.RAG\Hazina.AI.RAG.csproj::TargetFramework=net10.0]
C:\Projects\Hazina\src\Core\AI\Hazina.AI.RAG\Configuration\GraphRAGConfig.cs(23,1): warning SA1516: Elements should be separated by blank line (https://github.com/DotNetAnalyzers/StyleCopAnalyzers/blob/master/documentation/SA1516.md) [C:\Projects\Hazina\src\Core\AI\Hazina.AI.RAG\Hazina.AI.RAG.csproj::TargetFramework=net10.0]
C:\Projects\Hazina\src\Core\AI\Hazina.AI.RAG\Configuration\GraphRAGConfig.cs(24,1): warning SA1516: Elements should be separated by blank line (https://github.com/DotNetAnalyzers/StyleCopAnalyzers/blob/master/documentation/SA1516.md) [C:\Projects\Hazina\src\Core\AI\Hazina.AI.RAG\Hazina.AI.RAG.csproj::TargetFramework=net10.0]
C:\Projects\Hazina\src\Core\AI\Hazina.AI.RAG\Configuration\GraphRAGConfig.cs(25,1): warning SA1516: Elements should be separated by blank line (https://github.com/DotNetAnalyzers/StyleCopAnalyzers/blob/master/documentation/SA1516.md) [C:\Projects\Hazina\src\Core\AI\Hazina.AI.RAG\Hazina.AI.RAG.csproj::TargetFramework=net10.0]
C:\Projects\Hazina\src\Core\AI\Hazina.AI.RAG\Configuration\GraphRAGConfig.cs(26,1): warning SA1516: Elements should be separated by blank line (https://github.com/DotNetAnalyzers/StyleCopAnalyzers/blob/master/documentation/SA1516.md) [C:\Projects\Hazina\src\Core\AI\Hazina.AI.RAG\Hazina.AI.RAG.csproj::TargetFramework=net10.0]
C:\Projects\Hazina\src\Core\AI\Hazina.AI.RAG\Configuration\GraphRAGConfig.cs(30,13): warning MA0048: File name must match type name (https://github.com/meziantou/Meziantou.Analyzer/blob/main/docs/Rules/MA0048.md) [C:\Projects\Hazina\src\Core\AI\Hazina.AI.RAG\Hazina.AI.RAG.csproj::TargetFramework=net10.0]
C:\Projects\Hazina\src\Core\AI\Hazina.AI.RAG\Core\RAGEngine.cs(1,1): warning SA1633: The file header is missing or not located at the top of the file. (https://github.com/DotNetAnalyzers/StyleCopAnalyzers/blob/master/documentation/SA1633.md) [C:\Projects\Hazina\src\Core\AI\Hazina.AI.RAG\Hazina.AI.RAG.csproj::TargetFramework=net10.0]
C:\Projects\Hazina\src\Core\AI\Hazina.AI.RAG\Configuration\GraphRAGConfig.cs(30,55): warning SA1136: Enum values should be on separate lines (https://github.com/DotNetAnalyzers/StyleCopAnalyzers/blob/master/documentation/SA1136.md) [C:\Projects\Hazina\src\Core\AI\Hazina.AI.RAG\Hazina.AI.RAG.csproj::TargetFramework=net10.0]
C:\Projects\Hazina\src\Core\AI\Hazina.AI.RAG\Configuration\GraphRAGConfig.cs(30,67): warning SA1136: Enum values should be on separate lines (https://github.com/DotNetAnalyzers/StyleCopAnalyzers/blob/master/documentation/SA1136.md) [C:\Projects\Hazina\src\Core\AI\Hazina.AI.RAG\Hazina.AI.RAG.csproj::TargetFramework=net10.0]
C:\Projects\Hazina\src\Core\AI\Hazina.AI.RAG\Configuration\GraphRAGConfig.cs(30,88): warning SA1136: Enum values should be on separate lines (https://github.com/DotNetAnalyzers/StyleCopAnalyzers/blob/master/documentation/SA1136.md) [C:\Projects\Hazina\src\Core\AI\Hazina.AI.RAG\Hazina.AI.RAG.csproj::TargetFramework=net10.0]
C:\Projects\Hazina\src\Core\AI\Hazina.AI.RAG\Configuration\GraphRAGConfig.cs(29,13): warning MA0048: File name must match type name (https://github.com/meziantou/Meziantou.Analyzer/blob/main/docs/Rules/MA0048.md) [C:\Projects\Hazina\src\Core\AI\Hazina.AI.RAG\Hazina.AI.RAG.csproj::TargetFramework=net10.0]
C:\Projects\Hazina\src\Core\AI\Hazina.AI.RAG\Configuration\GraphRAGConfig.cs(29,40): warning SA1136: Enum values should be on separate lines (https://github.com/DotNetAnalyzers/StyleCopAnalyzers/blob/master/documentation/SA1136.md) [C:\Projects\Hazina\src\Core\AI\Hazina.AI.RAG\Hazina.AI.RAG.csproj::TargetFramework=net10.0]
C:\Projects\Hazina\src\Core\AI\Hazina.AI.RAG\Configuration\GraphRAGConfig.cs(29,47): warning SA1136: Enum values should be on separate lines (https://github.com/DotNetAnalyzers/StyleCopAnalyzers/blob/master/documentation/SA1136.md) [C:\Projects\Hazina\src\Core\AI\Hazina.AI.RAG\Hazina.AI.RAG.csproj::TargetFramework=net10.0]
C:\Projects\Hazina\src\Core\AI\Hazina.AI.RAG\Core\RAGEngine.cs(521,14): warning SA1402: File may only contain a single type (https://github.com/DotNetAnalyzers/StyleCopAnalyzers/blob/master/documentation/SA1402.md) [C:\Projects\Hazina\src\Core\AI\Hazina.AI.RAG\Hazina.AI.RAG.csproj::TargetFramework=net10.0]
C:\Projects\Hazina\src\Core\AI\Hazina.AI.RAG\Core\RAGEngine.cs(531,14): warning SA1402: File may only contain a single type (https://github.com/DotNetAnalyzers/StyleCopAnalyzers/blob/master/documentation/SA1402.md) [C:\Projects\Hazina\src\Core\AI\Hazina.AI.RAG\Hazina.AI.RAG.csproj::TargetFramework=net10.0]
C:\Projects\Hazina\src\Core\AI\Hazina.AI.RAG\Core\RAGEngine.cs(591,14): warning SA1402: File may only contain a single type (https://github.com/DotNetAnalyzers/StyleCopAnalyzers/blob/master/documentation/SA1402.md) [C:\Projects\Hazina\src\Core\AI\Hazina.AI.RAG\Hazina.AI.RAG.csproj::TargetFramework=net10.0]
C:\Projects\Hazina\src\Core\AI\Hazina.AI.RAG\Core\RAGEngine.cs(605,14): warning SA1402: File may only contain a single type (https://github.com/DotNetAnalyzers/StyleCopAnalyzers/blob/master/documentation/SA1402.md) [C:\Projects\Hazina\src\Core\AI\Hazina.AI.RAG\Hazina.AI.RAG.csproj::TargetFramework=net10.0]
C:\Projects\Hazina\src\Core\AI\Hazina.AI.RAG\Core\RAGEngine.cs(615,14): warning SA1402: File may only contain a single type (https://github.com/DotNetAnalyzers/StyleCopAnalyzers/blob/master/documentation/SA1402.md) [C:\Projects\Hazina\src\Core\AI\Hazina.AI.RAG\Hazina.AI.RAG.csproj::TargetFramework=net10.0]
C:\Projects\Hazina\src\Core\AI\Hazina.AI.RAG\Core\RAGEngine.cs(626,14): warning SA1402: File may only contain a single type (https://github.com/DotNetAnalyzers/StyleCopAnalyzers/blob/master/documentation/SA1402.md) [C:\Projects\Hazina\src\Core\AI\Hazina.AI.RAG\Hazina.AI.RAG.csproj::TargetFramework=net10.0]
C:\Projects\Hazina\src\Core\AI\Hazina.AI.RAG\Core\RAGEngine.cs(650,14): warning SA1402: File may only contain a single type (https://github.com/DotNetAnalyzers/StyleCopAnalyzers/blob/master/documentation/SA1402.md) [C:\Projects\Hazina\src\Core\AI\Hazina.AI.RAG\Hazina.AI.RAG.csproj::TargetFramework=net10.0]
C:\Projects\Hazina\src\Core\AI\Hazina.AI.RAG\Embeddings\EmbeddingCache.cs(150,14): warning MA0048: File name must match type name (https://github.com/meziantou/Meziantou.Analyzer/blob/main/docs/Rules/MA0048.md) [C:\Projects\Hazina\src\Core\AI\Hazina.AI.RAG\Hazina.AI.RAG.csproj::TargetFramework=net10.0]
C:\Projects\Hazina\src\Core\AI\Hazina.AI.RAG\Embeddings\EmbeddingCache.cs(148,21): warning SA1629: Documentation text should end with a period (https://github.com/DotNetAnalyzers/StyleCopAnalyzers/blob/master/documentation/SA1629.md) [C:\Projects\Hazina\src\Core\AI\Hazina.AI.RAG\Hazina.AI.RAG.csproj::TargetFramework=net10.0]
C:\Projects\Hazina\src\Core\AI\Hazina.AI.RAG\Embeddings\EmbeddingCache.cs(153,1): warning SA1516: Elements should be separated by blank line (https://github.com/DotNetAnalyzers/StyleCopAnalyzers/blob/master/documentation/SA1516.md) [C:\Projects\Hazina\src\Core\AI\Hazina.AI.RAG\Hazina.AI.RAG.csproj::TargetFramework=net10.0]
C:\Projects\Hazina\src\Core\AI\Hazina.AI.RAG\Embeddings\EmbeddingCache.cs(154,1): warning SA1516: Elements should be separated by blank line (https://github.com/DotNetAnalyzers/StyleCopAnalyzers/blob/master/documentation/SA1516.md) [C:\Projects\Hazina\src\Core\AI\Hazina.AI.RAG\Hazina.AI.RAG.csproj::TargetFramework=net10.0]
C:\Projects\Hazina\src\Core\AI\Hazina.AI.RAG\Embeddings\EmbeddingCache.cs(155,1): warning SA1516: Elements should be separated by blank line (https://github.com/DotNetAnalyzers/StyleCopAnalyzers/blob/master/documentation/SA1516.md) [C:\Projects\Hazina\src\Core\AI\Hazina.AI.RAG\Hazina.AI.RAG.csproj::TargetFramework=net10.0]
C:\Projects\Hazina\src\Core\AI\Hazina.AI.RAG\Embeddings\ContentTypeDetector.cs(6,73): warning SA1629: Documentation text should end with a period (https://github.com/DotNetAnalyzers/StyleCopAnalyzers/blob/master/documentation/SA1629.md) [C:\Projects\Hazina\src\Core\AI\Hazina.AI.RAG\Hazina.AI.RAG.csproj::TargetFramework=net10.0]
C:\Projects\Hazina\src\Core\AI\Hazina.AI.RAG\Configuration\SemanticChunkingConfiguration.cs(7,69): warning SA1629: Documentation text should end with a period (https://github.com/DotNetAnalyzers/StyleCopAnalyzers/blob/master/documentation/SA1629.md) [C:\Projects\Hazina\src\Core\AI\Hazina.AI.RAG\Hazina.AI.RAG.csproj::TargetFramework=net10.0]
C:\Projects\Hazina\src\Core\AI\Hazina.AI.RAG\Core\RAGEngine.cs(138,13): warning SA1009: Closing parenthesis should not be preceded by a space (https://github.com/DotNetAnalyzers/StyleCopAnalyzers/blob/master/documentation/SA1009.md) [C:\Projects\Hazina\src\Core\AI\Hazina.AI.RAG\Hazina.AI.RAG.csproj::TargetFramework=net10.0]
C:\Projects\Hazina\src\Core\AI\Hazina.AI.RAG\Core\RAGEngine.cs(165,9): warning SA1009: Closing parenthesis should not be preceded by a space (https://github.com/DotNetAnalyzers/StyleCopAnalyzers/blob/master/documentation/SA1009.md) [C:\Projects\Hazina\src\Core\AI\Hazina.AI.RAG\Hazina.AI.RAG.csproj::TargetFramework=net10.0]
C:\Projects\Hazina\src\Core\AI\Hazina.AI.RAG\Core\RAGEngine.cs(189,9): warning SA1009: Closing parenthesis should not be preceded by a space (https://github.com/DotNetAnalyzers/StyleCopAnalyzers/blob/master/documentation/SA1009.md) [C:\Projects\Hazina\src\Core\AI\Hazina.AI.RAG\Hazina.AI.RAG.csproj::TargetFramework=net10.0]
C:\Projects\Hazina\src\Core\AI\Hazina.AI.RAG\Core\RAGEngine.cs(255,17): warning SA1009: Closing parenthesis should not be preceded by a space (https://github.com/DotNetAnalyzers/StyleCopAnalyzers/blob/master/documentation/SA1009.md) [C:\Projects\Hazina\src\Core\AI\Hazina.AI.RAG\Hazina.AI.RAG.csproj::TargetFramework=net10.0]
C:\Projects\Hazina\src\Core\AI\Hazina.AI.RAG\Core\RAGEngine.cs(408,9): warning SA1009: Closing parenthesis should not be preceded by a space (https://github.com/DotNetAnalyzers/StyleCopAnalyzers/blob/master/documentation/SA1009.md) [C:\Projects\Hazina\src\Core\AI\Hazina.AI.RAG\Hazina.AI.RAG.csproj::TargetFramework=net10.0]
C:\Projects\Hazina\src\Core\AI\Hazina.AI.RAG\Core\RAGEngine.cs(462,13): warning SA1009: Closing parenthesis should not be preceded by a space (https://github.com/DotNetAnalyzers/StyleCopAnalyzers/blob/master/documentation/SA1009.md) [C:\Projects\Hazina\src\Core\AI\Hazina.AI.RAG\Hazina.AI.RAG.csproj::TargetFramework=net10.0]
C:\Projects\Hazina\src\Core\AI\Hazina.AI.RAG\Core\RAGEngine.cs(487,13): warning SA1009: Closing parenthesis should not be preceded by a space (https://github.com/DotNetAnalyzers/StyleCopAnalyzers/blob/master/documentation/SA1009.md) [C:\Projects\Hazina\src\Core\AI\Hazina.AI.RAG\Hazina.AI.RAG.csproj::TargetFramework=net10.0]
C:\Projects\Hazina\src\Core\AI\Hazina.AI.RAG\Embeddings\HierarchicalChunker.cs(351,14): warning MA0048: File name must match type name (https://github.com/meziantou/Meziantou.Analyzer/blob/main/docs/Rules/MA0048.md) [C:\Projects\Hazina\src\Core\AI\Hazina.AI.RAG\Hazina.AI.RAG.csproj::TargetFramework=net10.0]
C:\Projects\Hazina\src\Core\AI\Hazina.AI.RAG\Embeddings\HierarchicalChunker.cs(8,68): warning SA1629: Documentation text should end with a period (https://github.com/DotNetAnalyzers/StyleCopAnalyzers/blob/master/documentation/SA1629.md) [C:\Projects\Hazina\src\Core\AI\Hazina.AI.RAG\Hazina.AI.RAG.csproj::TargetFramework=net10.0]
C:\Projects\Hazina\src\Core\AI\Hazina.AI.RAG\Configuration\GraphRAGConfig.cs(13,46): warning CA1805: Member 'AutoBuildGraph' is explicitly initialized to its default value (https://learn.microsoft.com/dotnet/fundamentals/code-analysis/quality-rules/ca1805) [C:\Projects\Hazina\src\Core\AI\Hazina.AI.RAG\Hazina.AI.RAG.csproj::TargetFramework=net10.0]
C:\Projects\Hazina\src\Core\AI\Hazina.AI.RAG\Embeddings\HierarchicalChunker.cs(349,39): warning SA1629: Documentation text should end with a period (https://github.com/DotNetAnalyzers/StyleCopAnalyzers/blob/master/documentation/SA1629.md) [C:\Projects\Hazina\src\Core\AI\Hazina.AI.RAG\Hazina.AI.RAG.csproj::TargetFramework=net10.0]
C:\Projects\Hazina\src\Core\AI\Hazina.AI.RAG\Embeddings\HierarchicalChunker.cs(354,1): warning SA1516: Elements should be separated by blank line (https://github.com/DotNetAnalyzers/StyleCopAnalyzers/blob/master/documentation/SA1516.md) [C:\Projects\Hazina\src\Core\AI\Hazina.AI.RAG\Hazina.AI.RAG.csproj::TargetFramework=net10.0]
C:\Projects\Hazina\src\Core\AI\Hazina.AI.RAG\Embeddings\HierarchicalChunker.cs(355,1): warning SA1516: Elements should be separated by blank line (https://github.com/DotNetAnalyzers/StyleCopAnalyzers/blob/master/documentation/SA1516.md) [C:\Projects\Hazina\src\Core\AI\Hazina.AI.RAG\Hazina.AI.RAG.csproj::TargetFramework=net10.0]
C:\Projects\Hazina\src\Core\AI\Hazina.AI.RAG\Embeddings\HierarchicalChunker.cs(356,1): warning SA1516: Elements should be separated by blank line (https://github.com/DotNetAnalyzers/StyleCopAnalyzers/blob/master/documentation/SA1516.md) [C:\Projects\Hazina\src\Core\AI\Hazina.AI.RAG\Hazina.AI.RAG.csproj::TargetFramework=net10.0]
C:\Projects\Hazina\src\Core\AI\Hazina.AI.RAG\Embeddings\EmbeddingCache.cs(16,23): warning CA1805: Member '_hits' is explicitly initialized to its default value (https://learn.microsoft.com/dotnet/fundamentals/code-analysis/quality-rules/ca1805) [C:\Projects\Hazina\src\Core\AI\Hazina.AI.RAG\Hazina.AI.RAG.csproj::TargetFramework=net10.0]
C:\Projects\Hazina\src\Core\AI\Hazina.AI.RAG\Embeddings\EmbeddingCache.cs(14,61): warning MA0002: Use an overload that has a IEqualityComparer<string> or IComparer<string> parameter (https://github.com/meziantou/Meziantou.Analyzer/blob/main/docs/Rules/MA0002.md) [C:\Projects\Hazina\src\Core\AI\Hazina.AI.RAG\Hazina.AI.RAG.csproj::TargetFramework=net10.0]
C:\Projects\Hazina\src\Core\AI\Hazina.AI.RAG\Embeddings\EmbeddingCache.cs(17,25): warning CA1805: Member '_misses' is explicitly initialized to its default value (https://learn.microsoft.com/dotnet/fundamentals/code-analysis/quality-rules/ca1805) [C:\Projects\Hazina\src\Core\AI\Hazina.AI.RAG\Hazina.AI.RAG.csproj::TargetFramework=net10.0]
C:\Projects\Hazina\src\Core\AI\Hazina.AI.RAG\Core\RAGEngine.cs(21,32): warning S4487: Remove this unread private field '_config' or refactor the code to use its value. (https://rules.sonarsource.com/csharp/RSPEC-4487) [C:\Projects\Hazina\src\Core\AI\Hazina.AI.RAG\Hazina.AI.RAG.csproj::TargetFramework=net10.0]
C:\Projects\Hazina\src\Core\AI\Hazina.AI.RAG\Core\RAGEngine.cs(521,14): warning MA0048: File name must match type name (https://github.com/meziantou/Meziantou.Analyzer/blob/main/docs/Rules/MA0048.md) [C:\Projects\Hazina\src\Core\AI\Hazina.AI.RAG\Hazina.AI.RAG.csproj::TargetFramework=net10.0]
C:\Projects\Hazina\src\Core\AI\Hazina.AI.RAG\Core\RAGEngine.cs(531,14): warning MA0048: File name must match type name (https://github.com/meziantou/Meziantou.Analyzer/blob/main/docs/Rules/MA0048.md) [C:\Projects\Hazina\src\Core\AI\Hazina.AI.RAG\Hazina.AI.RAG.csproj::TargetFramework=net10.0]
C:\Projects\Hazina\src\Core\AI\Hazina.AI.RAG\Core\RAGEngine.cs(15,14): warning S101: Rename class 'RAGEngine' to match pascal case naming rules, consider using 'RagEngine'. (https://rules.sonarsource.com/csharp/RSPEC-101) [C:\Projects\Hazina\src\Core\AI\Hazina.AI.RAG\Hazina.AI.RAG.csproj::TargetFramework=net10.0]
C:\Projects\Hazina\src\Core\AI\Hazina.AI.RAG\Embeddings\EmbeddingCache.cs(10,28): warning SA1629: Documentation text should end with a period (https://github.com/DotNetAnalyzers/StyleCopAnalyzers/blob/master/documentation/SA1629.md) [C:\Projects\Hazina\src\Core\AI\Hazina.AI.RAG\Hazina.AI.RAG.csproj::TargetFramework=net10.0]
C:\Projects\Hazina\src\Core\AI\Hazina.AI.RAG\Embeddings\LLMMetadataExtractor.cs(12,14): warning S101: Rename class 'LLMMetadataExtractor' to match pascal case naming rules, consider using 'LlmMetadataExtractor'. (https://rules.sonarsource.com/csharp/RSPEC-101) [C:\Projects\Hazina\src\Core\AI\Hazina.AI.RAG\Hazina.AI.RAG.csproj::TargetFramework=net10.0]
C:\Projects\Hazina\src\Core\AI\Hazina.AI.RAG\Core\RAGEngine.cs(531,14): warning S101: Rename class 'RAGQueryOptions' to match pascal case naming rules, consider using 'RagQueryOptions'. (https://rules.sonarsource.com/csharp/RSPEC-101) [C:\Projects\Hazina\src\Core\AI\Hazina.AI.RAG\Hazina.AI.RAG.csproj::TargetFramework=net10.0]
C:\Projects\Hazina\src\Core\AI\Hazina.AI.RAG\Core\RAGEngine.cs(536,45): warning CA1805: Member 'UseNeurochain' is explicitly initialized to its default value (https://learn.microsoft.com/dotnet/fundamentals/code-analysis/quality-rules/ca1805) [C:\Projects\Hazina\src\Core\AI\Hazina.AI.RAG\Hazina.AI.RAG.csproj::TargetFramework=net10.0]
C:\Projects\Hazina\src\Core\AI\Hazina.AI.RAG\Core\RAGEngine.cs(521,14): warning S101: Rename class 'RAGConfig' to match pascal case naming rules, consider using 'RagConfig'. (https://rules.sonarsource.com/csharp/RSPEC-101) [C:\Projects\Hazina\src\Core\AI\Hazina.AI.RAG\Hazina.AI.RAG.csproj::TargetFramework=net10.0]
C:\Projects\Hazina\src\Core\AI\Hazina.AI.RAG\Core\RAGEngine.cs(519,22): warning SA1629: Documentation text should end with a period (https://github.com/DotNetAnalyzers/StyleCopAnalyzers/blob/master/documentation/SA1629.md) [C:\Projects\Hazina\src\Core\AI\Hazina.AI.RAG\Hazina.AI.RAG.csproj::TargetFramework=net10.0]
C:\Projects\Hazina\src\Core\AI\Hazina.AI.RAG\Core\RAGEngine.cs(524,1): warning SA1516: Elements should be separated by blank line (https://github.com/DotNetAnalyzers/StyleCopAnalyzers/blob/master/documentation/SA1516.md) [C:\Projects\Hazina\src\Core\AI\Hazina.AI.RAG\Hazina.AI.RAG.csproj::TargetFramework=net10.0]
C:\Projects\Hazina\src\Core\AI\Hazina.AI.RAG\Core\RAGEngine.cs(525,1): warning SA1516: Elements should be separated by blank line (https://github.com/DotNetAnalyzers/StyleCopAnalyzers/blob/master/documentation/SA1516.md) [C:\Projects\Hazina\src\Core\AI\Hazina.AI.RAG\Hazina.AI.RAG.csproj::TargetFramework=net10.0]
C:\Projects\Hazina\src\Core\AI\Hazina.AI.RAG\Embeddings\BasicMetadataExtractor.cs(1,1): warning SA1633: The file header is missing or not located at the top of the file. (https://github.com/DotNetAnalyzers/StyleCopAnalyzers/blob/master/documentation/SA1633.md) [C:\Projects\Hazina\src\Core\AI\Hazina.AI.RAG\Hazina.AI.RAG.csproj::TargetFramework=net10.0]
C:\Projects\Hazina\src\Core\AI\Hazina.AI.RAG\Embeddings\LLMMetadataExtractor.cs(10,81): warning SA1629: Documentation text should end with a period (https://github.com/DotNetAnalyzers/StyleCopAnalyzers/blob/master/documentation/SA1629.md) [C:\Projects\Hazina\src\Core\AI\Hazina.AI.RAG\Hazina.AI.RAG.csproj::TargetFramework=net10.0]
C:\Projects\Hazina\src\Core\AI\Hazina.AI.RAG\Core\RAGEngine.cs(529,22): warning SA1629: Documentation text should end with a period (https://github.com/DotNetAnalyzers/StyleCopAnalyzers/blob/master/documentation/SA1629.md) [C:\Projects\Hazina\src\Core\AI\Hazina.AI.RAG\Hazina.AI.RAG.csproj::TargetFramework=net10.0]
C:\Projects\Hazina\src\Core\AI\Hazina.AI.RAG\Core\RAGEngine.cs(534,1): warning SA1516: Elements should be separated by blank line (https://github.com/DotNetAnalyzers/StyleCopAnalyzers/blob/master/documentation/SA1516.md) [C:\Projects\Hazina\src\Core\AI\Hazina.AI.RAG\Hazina.AI.RAG.csproj::TargetFramework=net10.0]
C:\Projects\Hazina\src\Core\AI\Hazina.AI.RAG\Core\RAGEngine.cs(535,1): warning SA1516: Elements should be separated by blank line (https://github.com/DotNetAnalyzers/StyleCopAnalyzers/blob/master/documentation/SA1516.md) [C:\Projects\Hazina\src\Core\AI\Hazina.AI.RAG\Hazina.AI.RAG.csproj::TargetFramework=net10.0]
C:\Projects\Hazina\src\Core\AI\Hazina.AI.RAG\Core\RAGEngine.cs(536,1): warning SA1516: Elements should be separated by blank line (https://github.com/DotNetAnalyzers/StyleCopAnalyzers/blob/master/documentation/SA1516.md) [C:\Projects\Hazina\src\Core\AI\Hazina.AI.RAG\Hazina.AI.RAG.csproj::TargetFramework=net10.0]
C:\Projects\Hazina\src\Core\AI\Hazina.AI.RAG\Core\RAGEngine.cs(537,1): warning SA1516: Elements should be separated by blank line (https://github.com/DotNetAnalyzers/StyleCopAnalyzers/blob/master/documentation/SA1516.md) [C:\Projects\Hazina\src\Core\AI\Hazina.AI.RAG\Hazina.AI.RAG.csproj::TargetFramework=net10.0]
C:\Projects\Hazina\src\Core\AI\Hazina.AI.RAG\Core\RAGEngine.cs(538,1): warning SA1516: Elements should be separated by blank line (https://github.com/DotNetAnalyzers/StyleCopAnalyzers/blob/master/documentation/SA1516.md) [C:\Projects\Hazina\src\Core\AI\Hazina.AI.RAG\Hazina.AI.RAG.csproj::TargetFramework=net10.0]
C:\Projects\Hazina\src\Core\AI\Hazina.AI.RAG\Core\RAGEngine.cs(573,28): warning SA1623: The property's documentation summary text should begin with: 'Gets or sets' (https://github.com/DotNetAnalyzers/StyleCopAnalyzers/blob/master/documentation/SA1623.md) [C:\Projects\Hazina\src\Core\AI\Hazina.AI.RAG\Hazina.AI.RAG.csproj::TargetFramework=net10.0]
C:\Projects\Hazina\src\Core\AI\Hazina.AI.RAG\Core\RAGEngine.cs(579,20): warning SA1623: The property's documentation summary text should begin with: 'Gets or sets' (https://github.com/DotNetAnalyzers/StyleCopAnalyzers/blob/master/documentation/SA1623.md) [C:\Projects\Hazina\src\Core\AI\Hazina.AI.RAG\Hazina.AI.RAG.csproj::TargetFramework=net10.0]
C:\Projects\Hazina\src\Core\AI\Hazina.AI.RAG\Core\RAGEngine.cs(558,20): warning SA1623: The property's documentation summary text should begin with: 'Gets or sets' (https://github.com/DotNetAnalyzers/StyleCopAnalyzers/blob/master/documentation/SA1623.md) [C:\Projects\Hazina\src\Core\AI\Hazina.AI.RAG\Hazina.AI.RAG.csproj::TargetFramework=net10.0]
C:\Projects\Hazina\src\Core\AI\Hazina.AI.RAG\Core\RAGEngine.cs(545,17): warning SA1623: The property's documentation summary text should begin with: 'Gets or sets a value indicating whether' (https://github.com/DotNetAnalyzers/StyleCopAnalyzers/blob/master/documentation/SA1623.md) [C:\Projects\Hazina\src\Core\AI\Hazina.AI.RAG\Hazina.AI.RAG.csproj::TargetFramework=net10.0]
C:\Projects\Hazina\src\Core\AI\Hazina.AI.RAG\Core\RAGEngine.cs(552,28): warning SA1623: The property's documentation summary text should begin with: 'Gets or sets' (https://github.com/DotNetAnalyzers/StyleCopAnalyzers/blob/master/documentation/SA1623.md) [C:\Projects\Hazina\src\Core\AI\Hazina.AI.RAG\Hazina.AI.RAG.csproj::TargetFramework=net10.0]
C:\Projects\Hazina\src\Core\AI\Hazina.AI.RAG\Core\RAGEngine.cs(585,22): warning SA1623: The property's documentation summary text should begin with: 'Gets or sets' (https://github.com/DotNetAnalyzers/StyleCopAnalyzers/blob/master/documentation/SA1623.md) [C:\Projects\Hazina\src\Core\AI\Hazina.AI.RAG\Hazina.AI.RAG.csproj::TargetFramework=net10.0]
C:\Projects\Hazina\src\Core\AI\Hazina.AI.RAG\Core\RAGEngine.cs(567,17): warning SA1623: The property's documentation summary text should begin with: 'Gets or sets a value indicating whether' (https://github.com/DotNetAnalyzers/StyleCopAnalyzers/blob/master/documentation/SA1623.md) [C:\Projects\Hazina\src\Core\AI\Hazina.AI.RAG\Hazina.AI.RAG.csproj::TargetFramework=net10.0]
C:\Projects\Hazina\src\Core\AI\Hazina.AI.RAG\Embeddings\Models\LLMMetadataResponse.cs(98,21): warning MA0048: File name must match type name (https://github.com/meziantou/Meziantou.Analyzer/blob/main/docs/Rules/MA0048.md) [C:\Projects\Hazina\src\Core\AI\Hazina.AI.RAG\Hazina.AI.RAG.csproj::TargetFramework=net10.0]
C:\Projects\Hazina\src\Core\AI\Hazina.AI.RAG\Core\RAGEngine.cs(538,47): warning CA1805: Member 'RequireCitation' is explicitly initialized to its default value (https://learn.microsoft.com/dotnet/fundamentals/code-analysis/quality-rules/ca1805) [C:\Projects\Hazina\src\Core\AI\Hazina.AI.RAG\Hazina.AI.RAG.csproj::TargetFramework=net10.0]
C:\Projects\Hazina\src\Core\AI\Hazina.AI.RAG\Embeddings\Models\LLMMetadataResponse.cs(59,14): warning MA0048: File name must match type name (https://github.com/meziantou/Meziantou.Analyzer/blob/main/docs/Rules/MA0048.md) [C:\Projects\Hazina\src\Core\AI\Hazina.AI.RAG\Hazina.AI.RAG.csproj::TargetFramework=net10.0]
C:\Projects\Hazina\src\Core\AI\Hazina.AI.RAG\Embeddings\Models\LLMMetadataResponse.cs(96,55): warning SA1629: Documentation text should end with a period (https://github.com/DotNetAnalyzers/StyleCopAnalyzers/blob/master/documentation/SA1629.md) [C:\Projects\Hazina\src\Core\AI\Hazina.AI.RAG\Hazina.AI.RAG.csproj::TargetFramework=net10.0]
C:\Projects\Hazina\src\Core\AI\Hazina.AI.RAG\Embeddings\Models\LLMMetadataResponse.cs(64,32): warning CA2227: Change 'Chunks' to be read-only by removing the property setter (https://learn.microsoft.com/dotnet/fundamentals/code-analysis/quality-rules/ca2227) [C:\Projects\Hazina\src\Core\AI\Hazina.AI.RAG\Hazina.AI.RAG.csproj::TargetFramework=net10.0]
C:\Projects\Hazina\src\Core\AI\Hazina.AI.RAG\Embeddings\Models\LLMMetadataResponse.cs(64,32): warning CA1002: Change 'List<ChunkMetadata>' in 'BatchChunkMetadata.Chunks' to use 'Collection<T>', 'ReadOnlyCollection<T>' or 'KeyedCollection<K,V>' (https://learn.microsoft.com/dotnet/fundamentals/code-analysis/quality-rules/ca1002) [C:\Projects\Hazina\src\Core\AI\Hazina.AI.RAG\Hazina.AI.RAG.csproj::TargetFramework=net10.0]
C:\Projects\Hazina\src\Core\AI\Hazina.AI.RAG\Embeddings\Models\LLMMetadataResponse.cs(64,12): warning MA0016: Prefer using collection abstraction instead of implementation (https://github.com/meziantou/Meziantou.Analyzer/blob/main/docs/Rules/MA0016.md) [C:\Projects\Hazina\src\Core\AI\Hazina.AI.RAG\Hazina.AI.RAG.csproj::TargetFramework=net10.0]
C:\Projects\Hazina\src\Core\AI\Hazina.AI.RAG\Embeddings\Models\LLMMetadataResponse.cs(7,14): warning MA0048: File name must match type name (https://github.com/meziantou/Meziantou.Analyzer/blob/main/docs/Rules/MA0048.md) [C:\Projects\Hazina\src\Core\AI\Hazina.AI.RAG\Hazina.AI.RAG.csproj::TargetFramework=net10.0]
C:\Projects\Hazina\src\Core\AI\Hazina.AI.RAG\Embeddings\Models\LLMMetadataResponse.cs(27,19): warning SA1623: The property's documentation summary text should begin with: 'Gets or sets' (https://github.com/DotNetAnalyzers/StyleCopAnalyzers/blob/master/documentation/SA1623.md) [C:\Projects\Hazina\src\Core\AI\Hazina.AI.RAG\Hazina.AI.RAG.csproj::TargetFramework=net10.0]
C:\Projects\Hazina\src\Core\AI\Hazina.AI.RAG\Embeddings\Models\LLMMetadataResponse.cs(25,99): warning SA1629: Documentation text should end with a period (https://github.com/DotNetAnalyzers/StyleCopAnalyzers/blob/master/documentation/SA1629.md) [C:\Projects\Hazina\src\Core\AI\Hazina.AI.RAG\Hazina.AI.RAG.csproj::TargetFramework=net10.0]
C:\Projects\Hazina\src\Core\AI\Hazina.AI.RAG\Core\RAGEngine.cs(567,51): warning CA1805: Member 'UseCompositeScoring' is explicitly initialized to its default value (https://learn.microsoft.com/dotnet/fundamentals/code-analysis/quality-rules/ca1805) [C:\Projects\Hazina\src\Core\AI\Hazina.AI.RAG\Hazina.AI.RAG.csproj::TargetFramework=net10.0]
C:\Projects\Hazina\src\Core\AI\Hazina.AI.RAG\Embeddings\Models\LLMMetadataResponse.cs(5,53): warning SA1629: Documentation text should end with a period (https://github.com/DotNetAnalyzers/StyleCopAnalyzers/blob/master/documentation/SA1629.md) [C:\Projects\Hazina\src\Core\AI\Hazina.AI.RAG\Hazina.AI.RAG.csproj::TargetFramework=net10.0]
C:\Projects\Hazina\src\Core\AI\Hazina.AI.RAG\Embeddings\Models\LLMMetadataResponse.cs(39,25): warning CA2227: Change 'ReferencedTopics' to be read-only by removing the property setter (https://learn.microsoft.com/dotnet/fundamentals/code-analysis/quality-rules/ca2227) [C:\Projects\Hazina\src\Core\AI\Hazina.AI.RAG\Hazina.AI.RAG.csproj::TargetFramework=net10.0]
C:\Projects\Hazina\src\Core\AI\Hazina.AI.RAG\Embeddings\Models\LLMMetadataResponse.cs(39,25): warning CA1002: Change 'List<string>' in 'ChunkMetadata.ReferencedTopics' to use 'Collection<T>', 'ReadOnlyCollection<T>' or 'KeyedCollection<K,V>' (https://learn.microsoft.com/dotnet/fundamentals/code-analysis/quality-rules/ca1002) [C:\Projects\Hazina\src\Core\AI\Hazina.AI.RAG\Hazina.AI.RAG.csproj::TargetFramework=net10.0]
C:\Projects\Hazina\src\Core\AI\Hazina.AI.RAG\Embeddings\Models\LLMMetadataResponse.cs(64,32): warning SA1623: The property's documentation summary text should begin with: 'Gets or sets' (https://github.com/DotNetAnalyzers/StyleCopAnalyzers/blob/master/documentation/SA1623.md) [C:\Projects\Hazina\src\Core\AI\Hazina.AI.RAG\Hazina.AI.RAG.csproj::TargetFramework=net10.0]
C:\Projects\Hazina\src\Core\AI\Hazina.AI.RAG\Embeddings\Models\LLMMetadataResponse.cs(33,16): warning SA1623: The property's documentation summary text should begin with: 'Gets or sets' (https://github.com/DotNetAnalyzers/StyleCopAnalyzers/blob/master/documentation/SA1623.md) [C:\Projects\Hazina\src\Core\AI\Hazina.AI.RAG\Hazina.AI.RAG.csproj::TargetFramework=net10.0]
C:\Projects\Hazina\src\Core\AI\Hazina.AI.RAG\Embeddings\Models\LLMMetadataResponse.cs(31,49): warning SA1629: Documentation text should end with a period (https://github.com/DotNetAnalyzers/StyleCopAnalyzers/blob/master/documentation/SA1629.md) [C:\Projects\Hazina\src\Core\AI\Hazina.AI.RAG\Hazina.AI.RAG.csproj::TargetFramework=net10.0]
C:\Projects\Hazina\src\Core\AI\Hazina.AI.RAG\Embeddings\Models\LLMMetadataResponse.cs(62,72): warning SA1629: Documentation text should end with a period (https://github.com/DotNetAnalyzers/StyleCopAnalyzers/blob/master/documentation/SA1629.md) [C:\Projects\Hazina\src\Core\AI\Hazina.AI.RAG\Hazina.AI.RAG.csproj::TargetFramework=net10.0]
C:\Projects\Hazina\src\Core\AI\Hazina.AI.RAG\Embeddings\Models\LLMMetadataResponse.cs(57,80): warning SA1629: Documentation text should end with a period (https://github.com/DotNetAnalyzers/StyleCopAnalyzers/blob/master/documentation/SA1629.md) [C:\Projects\Hazina\src\Core\AI\Hazina.AI.RAG\Hazina.AI.RAG.csproj::TargetFramework=net10.0]
C:\Projects\Hazina\src\Core\AI\Hazina.AI.RAG\Embeddings\Models\LLMMetadataResponse.cs(39,12): warning MA0016: Prefer using collection abstraction instead of implementation (https://github.com/meziantou/Meziantou.Analyzer/blob/main/docs/Rules/MA0016.md) [C:\Projects\Hazina\src\Core\AI\Hazina.AI.RAG\Hazina.AI.RAG.csproj::TargetFramework=net10.0]
C:\Projects\Hazina\src\Core\AI\Hazina.AI.RAG\Embeddings\Models\LLMMetadataResponse.cs(39,25): warning SA1623: The property's documentation summary text should begin with: 'Gets or sets' (https://github.com/DotNetAnalyzers/StyleCopAnalyzers/blob/master/documentation/SA1623.md) [C:\Projects\Hazina\src\Core\AI\Hazina.AI.RAG\Hazina.AI.RAG.csproj::TargetFramework=net10.0]
C:\Projects\Hazina\src\Core\AI\Hazina.AI.RAG\Embeddings\Models\LLMMetadataResponse.cs(37,52): warning SA1629: Documentation text should end with a period (https://github.com/DotNetAnalyzers/StyleCopAnalyzers/blob/master/documentation/SA1629.md) [C:\Projects\Hazina\src\Core\AI\Hazina.AI.RAG\Hazina.AI.RAG.csproj::TargetFramework=net10.0]
C:\Projects\Hazina\src\Core\AI\Hazina.AI.RAG\Embeddings\Models\LLMMetadataResponse.cs(17,19): warning SA1623: The property's documentation summary text should begin with: 'Gets or sets' (https://github.com/DotNetAnalyzers/StyleCopAnalyzers/blob/master/documentation/SA1623.md) [C:\Projects\Hazina\src\Core\AI\Hazina.AI.RAG\Hazina.AI.RAG.csproj::TargetFramework=net10.0]
C:\Projects\Hazina\src\Core\AI\Hazina.AI.RAG\Embeddings\Models\LLMMetadataResponse.cs(15,53): warning SA1629: Documentation text should end with a period (https://github.com/DotNetAnalyzers/StyleCopAnalyzers/blob/master/documentation/SA1629.md) [C:\Projects\Hazina\src\Core\AI\Hazina.AI.RAG\Hazina.AI.RAG.csproj::TargetFramework=net10.0]
C:\Projects\Hazina\src\Core\AI\Hazina.AI.RAG\Embeddings\Models\LLMMetadataResponse.cs(115,32): warning CA1002: Change 'List<string>' in 'SectionTypes.All' to use 'Collection<T>', 'ReadOnlyCollection<T>' or 'KeyedCollection<K,V>' (https://learn.microsoft.com/dotnet/fundamentals/code-analysis/quality-rules/ca1002) [C:\Projects\Hazina\src\Core\AI\Hazina.AI.RAG\Hazina.AI.RAG.csproj::TargetFramework=net10.0]
C:\Projects\Hazina\src\Core\AI\Hazina.AI.RAG\Embeddings\Models\LLMMetadataResponse.cs(115,19): warning MA0016: Prefer using collection abstraction instead of implementation (https://github.com/meziantou/Meziantou.Analyzer/blob/main/docs/Rules/MA0016.md) [C:\Projects\Hazina\src\Core\AI\Hazina.AI.RAG\Hazina.AI.RAG.csproj::TargetFramework=net10.0]
C:\Projects\Hazina\src\Core\AI\Hazina.AI.RAG\Embeddings\BasicMetadataExtractor.cs(10,15): warning SA1629: Documentation text should end with a period (https://github.com/DotNetAnalyzers/StyleCopAnalyzers/blob/master/documentation/SA1629.md) [C:\Projects\Hazina\src\Core\AI\Hazina.AI.RAG\Hazina.AI.RAG.csproj::TargetFramework=net10.0]
C:\Projects\Hazina\src\Core\AI\Hazina.AI.RAG\Embeddings\Models\LLMMetadataResponse.cs(22,25): warning CA2227: Change 'Keywords' to be read-only by removing the property setter (https://learn.microsoft.com/dotnet/fundamentals/code-analysis/quality-rules/ca2227) [C:\Projects\Hazina\src\Core\AI\Hazina.AI.RAG\Hazina.AI.RAG.csproj::TargetFramework=net10.0]
C:\Projects\Hazina\src\Core\AI\Hazina.AI.RAG\Embeddings\Models\LLMMetadataResponse.cs(22,25): warning CA1002: Change 'List<string>' in 'ChunkMetadata.Keywords' to use 'Collection<T>', 'ReadOnlyCollection<T>' or 'KeyedCollection<K,V>' (https://learn.microsoft.com/dotnet/fundamentals/code-analysis/quality-rules/ca1002) [C:\Projects\Hazina\src\Core\AI\Hazina.AI.RAG\Hazina.AI.RAG.csproj::TargetFramework=net10.0]
C:\Projects\Hazina\src\Core\AI\Hazina.AI.RAG\Embeddings\Models\LLMMetadataResponse.cs(22,12): warning MA0016: Prefer using collection abstraction instead of implementation (https://github.com/meziantou/Meziantou.Analyzer/blob/main/docs/Rules/MA0016.md) [C:\Projects\Hazina\src\Core\AI\Hazina.AI.RAG\Hazina.AI.RAG.csproj::TargetFramework=net10.0]
C:\Projects\Hazina\src\Core\AI\Hazina.AI.RAG\Embeddings\Models\LLMMetadataResponse.cs(12,19): warning SA1623: The property's documentation summary text should begin with: 'Gets or sets' (https://github.com/DotNetAnalyzers/StyleCopAnalyzers/blob/master/documentation/SA1623.md) [C:\Projects\Hazina\src\Core\AI\Hazina.AI.RAG\Hazina.AI.RAG.csproj::TargetFramework=net10.0]
C:\Projects\Hazina\src\Core\AI\Hazina.AI.RAG\Embeddings\Models\LLMMetadataResponse.cs(10,54): warning SA1629: Documentation text should end with a period (https://github.com/DotNetAnalyzers/StyleCopAnalyzers/blob/master/documentation/SA1629.md) [C:\Projects\Hazina\src\Core\AI\Hazina.AI.RAG\Hazina.AI.RAG.csproj::TargetFramework=net10.0]
C:\Projects\Hazina\src\Core\AI\Hazina.AI.RAG\Embeddings\Models\LLMMetadataResponse.cs(22,25): warning SA1623: The property's documentation summary text should begin with: 'Gets or sets' (https://github.com/DotNetAnalyzers/StyleCopAnalyzers/blob/master/documentation/SA1623.md) [C:\Projects\Hazina\src\Core\AI\Hazina.AI.RAG\Hazina.AI.RAG.csproj::TargetFramework=net10.0]
C:\Projects\Hazina\src\Core\AI\Hazina.AI.RAG\Embeddings\Models\LLMMetadataResponse.cs(20,42): warning SA1629: Documentation text should end with a period (https://github.com/DotNetAnalyzers/StyleCopAnalyzers/blob/master/documentation/SA1629.md) [C:\Projects\Hazina\src\Core\AI\Hazina.AI.RAG\Hazina.AI.RAG.csproj::TargetFramework=net10.0]
C:\Projects\Hazina\src\Core\AI\Hazina.AI.RAG\Embeddings\SemanticChunkingOptions.cs(36,16): warning SA1623: The property's documentation summary text should begin with: 'Gets or sets' (https://github.com/DotNetAnalyzers/StyleCopAnalyzers/blob/master/documentation/SA1623.md) [C:\Projects\Hazina\src\Core\AI\Hazina.AI.RAG\Hazina.AI.RAG.csproj::TargetFramework=net10.0]
C:\Projects\Hazina\src\Core\AI\Hazina.AI.RAG\Embeddings\SemanticChunkingOptions.cs(34,20): warning SA1629: Documentation text should end with a period (https://github.com/DotNetAnalyzers/StyleCopAnalyzers/blob/master/documentation/SA1629.md) [C:\Projects\Hazina\src\Core\AI\Hazina.AI.RAG\Hazina.AI.RAG.csproj::TargetFramework=net10.0]
C:\Projects\Hazina\src\Core\AI\Hazina.AI.RAG\Extensions\DocumentStoreSemanticExtensions.cs(41,36): warning S4136: All 'StoreWithSemanticChunking' method overloads should be adjacent. (https://rules.sonarsource.com/csharp/RSPEC-4136) [C:\Projects\Hazina\src\Core\AI\Hazina.AI.RAG\Hazina.AI.RAG.csproj::TargetFramework=net10.0]
C:\Projects\Hazina\src\Core\AI\Hazina.AI.RAG\Embeddings\SemanticChunkingOptions.cs(90,16): warning SA1623: The property's documentation summary text should begin with: 'Gets or sets' (https://github.com/DotNetAnalyzers/StyleCopAnalyzers/blob/master/documentation/SA1623.md) [C:\Projects\Hazina\src\Core\AI\Hazina.AI.RAG\Hazina.AI.RAG.csproj::TargetFramework=net10.0]
C:\Projects\Hazina\src\Core\AI\Hazina.AI.RAG\Embeddings\SemanticChunkingOptions.cs(88,21): warning SA1629: Documentation text should end with a period (https://github.com/DotNetAnalyzers/StyleCopAnalyzers/blob/master/documentation/SA1629.md) [C:\Projects\Hazina\src\Core\AI\Hazina.AI.RAG\Hazina.AI.RAG.csproj::TargetFramework=net10.0]
C:\Projects\Hazina\src\Core\AI\Hazina.AI.RAG\Embeddings\SemanticChunkingOptions.cs(4,65): warning SA1629: Documentation text should end with a period (https://github.com/DotNetAnalyzers/StyleCopAnalyzers/blob/master/documentation/SA1629.md) [C:\Projects\Hazina\src\Core\AI\Hazina.AI.RAG\Hazina.AI.RAG.csproj::TargetFramework=net10.0]
C:\Projects\Hazina\src\Core\AI\Hazina.AI.RAG\Embeddings\SemanticChunkingOptions.cs(56,19): warning SA1623: The property's documentation summary text should begin with: 'Gets or sets' (https://github.com/DotNetAnalyzers/StyleCopAnalyzers/blob/master/documentation/SA1623.md) [C:\Projects\Hazina\src\Core\AI\Hazina.AI.RAG\Hazina.AI.RAG.csproj::TargetFramework=net10.0]
C:\Projects\Hazina\src\Core\AI\Hazina.AI.RAG\Embeddings\SemanticChunkingOptions.cs(54,22): warning SA1629: Documentation text should end with a period (https://github.com/DotNetAnalyzers/StyleCopAnalyzers/blob/master/documentation/SA1629.md) [C:\Projects\Hazina\src\Core\AI\Hazina.AI.RAG\Hazina.AI.RAG.csproj::TargetFramework=net10.0]
C:\Projects\Hazina\src\Core\AI\Hazina.AI.RAG\Embeddings\ContentTypeDetector.cs(1,1): warning SA1633: The file header is missing or not located at the top of the file. (https://github.com/DotNetAnalyzers/StyleCopAnalyzers/blob/master/documentation/SA1633.md) [C:\Projects\Hazina\src\Core\AI\Hazina.AI.RAG\Hazina.AI.RAG.csproj::TargetFramework=net10.0]
C:\Projects\Hazina\src\Core\AI\Hazina.AI.RAG\Embeddings\SemanticChunkingOptions.cs(97,16): warning SA1623: The property's documentation summary text should begin with: 'Gets or sets' (https://github.com/DotNetAnalyzers/StyleCopAnalyzers/blob/master/documentation/SA1623.md) [C:\Projects\Hazina\src\Core\AI\Hazina.AI.RAG\Hazina.AI.RAG.csproj::TargetFramework=net10.0]
C:\Projects\Hazina\src\Core\AI\Hazina.AI.RAG\Embeddings\SemanticChunkingOptions.cs(95,22): warning SA1629: Documentation text should end with a period (https://github.com/DotNetAnalyzers/StyleCopAnalyzers/blob/master/documentation/SA1629.md) [C:\Projects\Hazina\src\Core\AI\Hazina.AI.RAG\Hazina.AI.RAG.csproj::TargetFramework=net10.0]
C:\Projects\Hazina\src\Core\AI\Hazina.AI.RAG\Embeddings\SemanticChunkingOptions.cs(106,17): warning SA1623: The property's documentation summary text should begin with: 'Gets or sets' (https://github.com/DotNetAnalyzers/StyleCopAnalyzers/blob/master/documentation/SA1623.md) [C:\Projects\Hazina\src\Core\AI\Hazina.AI.RAG\Hazina.AI.RAG.csproj::TargetFramework=net10.0]
C:\Projects\Hazina\src\Core\AI\Hazina.AI.RAG\Embeddings\SemanticChunkingOptions.cs(104,21): warning SA1629: Documentation text should end with a period (https://github.com/DotNetAnalyzers/StyleCopAnalyzers/blob/master/documentation/SA1629.md) [C:\Projects\Hazina\src\Core\AI\Hazina.AI.RAG\Hazina.AI.RAG.csproj::TargetFramework=net10.0]
C:\Projects\Hazina\src\Core\AI\Hazina.AI.RAG\Embeddings\SemanticChunkingOptions.cs(114,17): warning SA1623: The property's documentation summary text should begin with: 'Gets or sets a value indicating whether' (https://github.com/DotNetAnalyzers/StyleCopAnalyzers/blob/master/documentation/SA1623.md) [C:\Projects\Hazina\src\Core\AI\Hazina.AI.RAG\Hazina.AI.RAG.csproj::TargetFramework=net10.0]
C:\Projects\Hazina\src\Core\AI\Hazina.AI.RAG\Embeddings\SemanticChunkingOptions.cs(112,22): warning SA1629: Documentation text should end with a period (https://github.com/DotNetAnalyzers/StyleCopAnalyzers/blob/master/documentation/SA1629.md) [C:\Projects\Hazina\src\Core\AI\Hazina.AI.RAG\Hazina.AI.RAG.csproj::TargetFramework=net10.0]
C:\Projects\Hazina\src\Core\AI\Hazina.AI.RAG\Embeddings\SemanticChunkingOptions.cs(43,17): warning SA1623: The property's documentation summary text should begin with: 'Gets or sets' (https://github.com/DotNetAnalyzers/StyleCopAnalyzers/blob/master/documentation/SA1623.md) [C:\Projects\Hazina\src\Core\AI\Hazina.AI.RAG\Hazina.AI.RAG.csproj::TargetFramework=net10.0]
C:\Projects\Hazina\src\Core\AI\Hazina.AI.RAG\Embeddings\SemanticChunkingOptions.cs(41,22): warning SA1629: Documentation text should end with a period (https://github.com/DotNetAnalyzers/StyleCopAnalyzers/blob/master/documentation/SA1629.md) [C:\Projects\Hazina\src\Core\AI\Hazina.AI.RAG\Hazina.AI.RAG.csproj::TargetFramework=net10.0]
C:\Projects\Hazina\src\Core\AI\Hazina.AI.RAG\Embeddings\SemanticChunkingOptions.cs(43,49): warning CA1805: Member 'MaxSentenceLength' is explicitly initialized to its default value (https://learn.microsoft.com/dotnet/fundamentals/code-analysis/quality-rules/ca1805) [C:\Projects\Hazina\src\Core\AI\Hazina.AI.RAG\Hazina.AI.RAG.csproj::TargetFramework=net10.0]
C:\Projects\Hazina\src\Core\AI\Hazina.AI.RAG\Embeddings\SemanticChunkingOptions.cs(123,35): warning SA1623: The property's documentation summary text should begin with: 'Gets or sets' (https://github.com/DotNetAnalyzers/StyleCopAnalyzers/blob/master/documentation/SA1623.md) [C:\Projects\Hazina\src\Core\AI\Hazina.AI.RAG\Hazina.AI.RAG.csproj::TargetFramework=net10.0]
C:\Projects\Hazina\src\Core\AI\Hazina.AI.RAG\Embeddings\SemanticChunkingOptions.cs(121,30): warning SA1629: Documentation text should end with a period (https://github.com/DotNetAnalyzers/StyleCopAnalyzers/blob/master/documentation/SA1629.md) [C:\Projects\Hazina\src\Core\AI\Hazina.AI.RAG\Hazina.AI.RAG.csproj::TargetFramework=net10.0]
C:\Projects\Hazina\src\Core\AI\Hazina.AI.RAG\Embeddings\SemanticChunkingOptions.cs(139,20): warning SA1623: The property's documentation summary text should begin with: 'Gets or sets' (https://github.com/DotNetAnalyzers/StyleCopAnalyzers/blob/master/documentation/SA1623.md) [C:\Projects\Hazina\src\Core\AI\Hazina.AI.RAG\Hazina.AI.RAG.csproj::TargetFramework=net10.0]
C:\Projects\Hazina\src\Core\AI\Hazina.AI.RAG\Embeddings\SemanticChunkingOptions.cs(137,22): warning SA1629: Documentation text should end with a period (https://github.com/DotNetAnalyzers/StyleCopAnalyzers/blob/master/documentation/SA1629.md) [C:\Projects\Hazina\src\Core\AI\Hazina.AI.RAG\Hazina.AI.RAG.csproj::TargetFramework=net10.0]
C:\Projects\Hazina\src\Core\AI\Hazina.AI.RAG\Embeddings\SemanticChunkingOptions.cs(131,17): warning SA1623: The property's documentation summary text should begin with: 'Gets or sets a value indicating whether' (https://github.com/DotNetAnalyzers/StyleCopAnalyzers/blob/master/documentation/SA1623.md) [C:\Projects\Hazina\src\Core\AI\Hazina.AI.RAG\Hazina.AI.RAG.csproj::TargetFramework=net10.0]
C:\Projects\Hazina\src\Core\AI\Hazina.AI.RAG\Embeddings\SemanticChunkingOptions.cs(139,51): warning CA1805: Member 'LLMMetadataModel' is explicitly initialized to its default value (https://learn.microsoft.com/dotnet/fundamentals/code-analysis/quality-rules/ca1805) [C:\Projects\Hazina\src\Core\AI\Hazina.AI.RAG\Hazina.AI.RAG.csproj::TargetFramework=net10.0]
C:\Projects\Hazina\src\Core\AI\Hazina.AI.RAG\Embeddings\SemanticChunkingOptions.cs(129,23): warning SA1629: Documentation text should end with a period (https://github.com/DotNetAnalyzers/StyleCopAnalyzers/blob/master/documentation/SA1629.md) [C:\Projects\Hazina\src\Core\AI\Hazina.AI.RAG\Hazina.AI.RAG.csproj::TargetFramework=net10.0]
C:\Projects\Hazina\src\Core\AI\Hazina.AI.RAG\Embeddings\SemanticChunkingOptions.cs(81,16): warning SA1623: The property's documentation summary text should begin with: 'Gets or sets' (https://github.com/DotNetAnalyzers/StyleCopAnalyzers/blob/master/documentation/SA1623.md) [C:\Projects\Hazina\src\Core\AI\Hazina.AI.RAG\Hazina.AI.RAG.csproj::TargetFramework=net10.0]
C:\Projects\Hazina\src\Core\AI\Hazina.AI.RAG\Embeddings\SemanticChunkingOptions.cs(79,19): warning SA1629: Documentation text should end with a period (https://github.com/DotNetAnalyzers/StyleCopAnalyzers/blob/master/documentation/SA1629.md) [C:\Projects\Hazina\src\Core\AI\Hazina.AI.RAG\Hazina.AI.RAG.csproj::TargetFramework=net10.0]
C:\Projects\Hazina\src\Core\AI\Hazina.AI.RAG\Embeddings\SemanticChunkingOptions.cs(131,46): warning CA1805: Member 'UseLLMMetadata' is explicitly initialized to its default value (https://learn.microsoft.com/dotnet/fundamentals/code-analysis/quality-rules/ca1805) [C:\Projects\Hazina\src\Core\AI\Hazina.AI.RAG\Hazina.AI.RAG.csproj::TargetFramework=net10.0]
C:\Projects\Hazina\src\Core\AI\Hazina.AI.RAG\Embeddings\SemanticChunkingOptions.cs(74,17): warning SA1623: The property's documentation summary text should begin with: 'Gets or sets a value indicating whether' (https://github.com/DotNetAnalyzers/StyleCopAnalyzers/blob/master/documentation/SA1623.md) [C:\Projects\Hazina\src\Core\AI\Hazina.AI.RAG\Hazina.AI.RAG.csproj::TargetFramework=net10.0]
C:\Projects\Hazina\src\Core\AI\Hazina.AI.RAG\Embeddings\SemanticChunkingOptions.cs(72,23): warning SA1629: Documentation text should end with a period (https://github.com/DotNetAnalyzers/StyleCopAnalyzers/blob/master/documentation/SA1629.md) [C:\Projects\Hazina\src\Core\AI\Hazina.AI.RAG\Hazina.AI.RAG.csproj::TargetFramework=net10.0]
C:\Projects\Hazina\src\Core\AI\Hazina.AI.RAG\Embeddings\SemanticChunkingOptions.cs(74,49): warning CA1805: Member 'UseRollingAverage' is explicitly initialized to its default value (https://learn.microsoft.com/dotnet/fundamentals/code-analysis/quality-rules/ca1805) [C:\Projects\Hazina\src\Core\AI\Hazina.AI.RAG\Hazina.AI.RAG.csproj::TargetFramework=net10.0]
C:\Projects\Hazina\src\Core\AI\Hazina.AI.RAG\Embeddings\SemanticChunkingOptions.cs(171,16): warning SA1623: The property's documentation summary text should begin with: 'Gets or sets' (https://github.com/DotNetAnalyzers/StyleCopAnalyzers/blob/master/documentation/SA1623.md) [C:\Projects\Hazina\src\Core\AI\Hazina.AI.RAG\Hazina.AI.RAG.csproj::TargetFramework=net10.0]
C:\Projects\Hazina\src\Core\AI\Hazina.AI.RAG\Embeddings\SemanticChunkingOptions.cs(164,17): warning SA1623: The property's documentation summary text should begin with: 'Gets or sets a value indicating whether' (https://github.com/DotNetAnalyzers/StyleCopAnalyzers/blob/master/documentation/SA1623.md) [C:\Projects\Hazina\src\Core\AI\Hazina.AI.RAG\Hazina.AI.RAG.csproj::TargetFramework=net10.0]
C:\Projects\Hazina\src\Core\AI\Hazina.AI.RAG\Embeddings\SemanticChunkingOptions.cs(169,23): warning SA1629: Documentation text should end with a period (https://github.com/DotNetAnalyzers/StyleCopAnalyzers/blob/master/documentation/SA1629.md) [C:\Projects\Hazina\src\Core\AI\Hazina.AI.RAG\Hazina.AI.RAG.csproj::TargetFramework=net10.0]
C:\Projects\Hazina\src\Core\AI\Hazina.AI.RAG\Embeddings\SemanticChunkingOptions.cs(162,23): warning SA1629: Documentation text should end with a period (https://github.com/DotNetAnalyzers/StyleCopAnalyzers/blob/master/documentation/SA1629.md) [C:\Projects\Hazina\src\Core\AI\Hazina.AI.RAG\Hazina.AI.RAG.csproj::TargetFramework=net10.0]
C:\Projects\Hazina\src\Core\AI\Hazina.AI.RAG\Embeddings\SemanticChunkingOptions.cs(66,19): warning SA1623: The property's documentation summary text should begin with: 'Gets or sets' (https://github.com/DotNetAnalyzers/StyleCopAnalyzers/blob/master/documentation/SA1623.md) [C:\Projects\Hazina\src\Core\AI\Hazina.AI.RAG\Hazina.AI.RAG.csproj::TargetFramework=net10.0]
C:\Projects\Hazina\src\Core\AI\Hazina.AI.RAG\Embeddings\SemanticChunkingOptions.cs(164,55): warning CA1805: Member 'UseHierarchicalChunking' is explicitly initialized to its default value (https://learn.microsoft.com/dotnet/fundamentals/code-analysis/quality-rules/ca1805) [C:\Projects\Hazina\src\Core\AI\Hazina.AI.RAG\Hazina.AI.RAG.csproj::TargetFramework=net10.0]
C:\Projects\Hazina\src\Core\AI\Hazina.AI.RAG\Embeddings\SemanticChunkingOptions.cs(64,22): warning SA1629: Documentation text should end with a period (https://github.com/DotNetAnalyzers/StyleCopAnalyzers/blob/master/documentation/SA1629.md) [C:\Projects\Hazina\src\Core\AI\Hazina.AI.RAG\Hazina.AI.RAG.csproj::TargetFramework=net10.0]
C:\Projects\Hazina\src\Core\AI\Hazina.AI.RAG\Embeddings\SemanticChunkingOptions.cs(20,33): warning SA1623: The property's documentation summary text should begin with: 'Gets or sets' (https://github.com/DotNetAnalyzers/StyleCopAnalyzers/blob/master/documentation/SA1623.md) [C:\Projects\Hazina\src\Core\AI\Hazina.AI.RAG\Hazina.AI.RAG.csproj::TargetFramework=net10.0]
C:\Projects\Hazina\src\Core\AI\Hazina.AI.RAG\Embeddings\SemanticChunkingOptions.cs(18,45): warning SA1629: Documentation text should end with a period (https://github.com/DotNetAnalyzers/StyleCopAnalyzers/blob/master/documentation/SA1629.md) [C:\Projects\Hazina\src\Core\AI\Hazina.AI.RAG\Hazina.AI.RAG.csproj::TargetFramework=net10.0]
C:\Projects\Hazina\src\Core\AI\Hazina.AI.RAG\Embeddings\SemanticChunkingOptions.cs(178,16): warning SA1623: The property's documentation summary text should begin with: 'Gets or sets' (https://github.com/DotNetAnalyzers/StyleCopAnalyzers/blob/master/documentation/SA1623.md) [C:\Projects\Hazina\src\Core\AI\Hazina.AI.RAG\Hazina.AI.RAG.csproj::TargetFramework=net10.0]
C:\Projects\Hazina\src\Core\AI\Hazina.AI.RAG\Embeddings\SemanticChunkingOptions.cs(176,22): warning SA1629: Documentation text should end with a period (https://github.com/DotNetAnalyzers/StyleCopAnalyzers/blob/master/documentation/SA1629.md) [C:\Projects\Hazina\src\Core\AI\Hazina.AI.RAG\Hazina.AI.RAG.csproj::TargetFramework=net10.0]
C:\Projects\Hazina\src\Core\AI\Hazina.AI.RAG\Embeddings\SemanticChunkingOptions.cs(212,17): warning SA1623: The property's documentation summary text should begin with: 'Gets or sets a value indicating whether' (https://github.com/DotNetAnalyzers/StyleCopAnalyzers/blob/master/documentation/SA1623.md) [C:\Projects\Hazina\src\Core\AI\Hazina.AI.RAG\Hazina.AI.RAG.csproj::TargetFramework=net10.0]
C:\Projects\Hazina\src\Core\AI\Hazina.AI.RAG\Embeddings\SemanticChunkingOptions.cs(205,29): warning SA1623: The property's documentation summary text should begin with: 'Gets or sets' (https://github.com/DotNetAnalyzers/StyleCopAnalyzers/blob/master/documentation/SA1623.md) [C:\Projects\Hazina\src\Core\AI\Hazina.AI.RAG\Hazina.AI.RAG.csproj::TargetFramework=net10.0]
C:\Projects\Hazina\src\Core\AI\Hazina.AI.RAG\Embeddings\SemanticChunkingOptions.cs(210,22): warning SA1629: Documentation text should end with a period (https://github.com/DotNetAnalyzers/StyleCopAnalyzers/blob/master/documentation/SA1629.md) [C:\Projects\Hazina\src\Core\AI\Hazina.AI.RAG\Hazina.AI.RAG.csproj::TargetFramework=net10.0]
C:\Projects\Hazina\src\Core\AI\Hazina.AI.RAG\Embeddings\SemanticChunkingOptions.cs(203,27): warning SA1629: Documentation text should end with a period (https://github.com/DotNetAnalyzers/StyleCopAnalyzers/blob/master/documentation/SA1629.md) [C:\Projects\Hazina\src\Core\AI\Hazina.AI.RAG\Hazina.AI.RAG.csproj::TargetFramework=net10.0]
C:\Projects\Hazina\src\Core\AI\Hazina.AI.RAG\Embeddings\SemanticChunkingOptions.cs(197,35): warning SA1623: The property's documentation summary text should begin with: 'Gets or sets' (https://github.com/DotNetAnalyzers/StyleCopAnalyzers/blob/master/documentation/SA1623.md) [C:\Projects\Hazina\src\Core\AI\Hazina.AI.RAG\Hazina.AI.RAG.csproj::TargetFramework=net10.0]
C:\Projects\Hazina\src\Core\AI\Hazina.AI.RAG\Embeddings\SemanticChunkingOptions.cs(195,35): warning SA1629: Documentation text should end with a period (https://github.com/DotNetAnalyzers/StyleCopAnalyzers/blob/master/documentation/SA1629.md) [C:\Projects\Hazina\src\Core\AI\Hazina.AI.RAG\Hazina.AI.RAG.csproj::TargetFramework=net10.0]
C:\Projects\Hazina\src\Core\AI\Hazina.AI.RAG\Embeddings\SemanticChunkingOptions.cs(189,17): warning SA1623: The property's documentation summary text should begin with: 'Gets or sets a value indicating whether' (https://github.com/DotNetAnalyzers/StyleCopAnalyzers/blob/master/documentation/SA1623.md) [C:\Projects\Hazina\src\Core\AI\Hazina.AI.RAG\Hazina.AI.RAG.csproj::TargetFramework=net10.0]
C:\Projects\Hazina\src\Core\AI\Hazina.AI.RAG\Embeddings\SemanticChunkingOptions.cs(187,65): warning SA1629: Documentation text should end with a period (https://github.com/DotNetAnalyzers/StyleCopAnalyzers/blob/master/documentation/SA1629.md) [C:\Projects\Hazina\src\Core\AI\Hazina.AI.RAG\Hazina.AI.RAG.csproj::TargetFramework=net10.0]
C:\Projects\Hazina\src\Core\AI\Hazina.AI.RAG\Embeddings\SemanticChunkingOptions.cs(220,33): warning SA1623: The property's documentation summary text should begin with: 'Gets or sets' (https://github.com/DotNetAnalyzers/StyleCopAnalyzers/blob/master/documentation/SA1623.md) [C:\Projects\Hazina\src\Core\AI\Hazina.AI.RAG\Hazina.AI.RAG.csproj::TargetFramework=net10.0]
C:\Projects\Hazina\src\Core\AI\Hazina.AI.RAG\Embeddings\SemanticChunkingOptions.cs(218,36): warning SA1629: Documentation text should end with a period (https://github.com/DotNetAnalyzers/StyleCopAnalyzers/blob/master/documentation/SA1629.md) [C:\Projects\Hazina\src\Core\AI\Hazina.AI.RAG\Hazina.AI.RAG.csproj::TargetFramework=net10.0]
C:\Projects\Hazina\src\Core\AI\Hazina.AI.RAG\Embeddings\SemanticChunkingOptions.cs(226,16): warning SA1623: The property's documentation summary text should begin with: 'Gets or sets' (https://github.com/DotNetAnalyzers/StyleCopAnalyzers/blob/master/documentation/SA1623.md) [C:\Projects\Hazina\src\Core\AI\Hazina.AI.RAG\Hazina.AI.RAG.csproj::TargetFramework=net10.0]
C:\Projects\Hazina\src\Core\AI\Hazina.AI.RAG\Embeddings\SemanticChunkingOptions.cs(224,19): warning SA1629: Documentation text should end with a period (https://github.com/DotNetAnalyzers/StyleCopAnalyzers/blob/master/documentation/SA1629.md) [C:\Projects\Hazina\src\Core\AI\Hazina.AI.RAG\Hazina.AI.RAG.csproj::TargetFramework=net10.0]
C:\Projects\Hazina\src\Core\AI\Hazina.AI.RAG\Embeddings\SemanticChunkingOptions.cs(220,59): warning CA1805: Member 'ContentType' is explicitly initialized to its default value (https://learn.microsoft.com/dotnet/fundamentals/code-analysis/quality-rules/ca1805) [C:\Projects\Hazina\src\Core\AI\Hazina.AI.RAG\Hazina.AI.RAG.csproj::TargetFramework=net10.0]
C:\Projects\Hazina\src\Core\AI\Hazina.AI.RAG\Embeddings\SemanticChunkingOptions.cs(147,17): warning SA1623: The property's documentation summary text should begin with: 'Gets or sets a value indicating whether' (https://github.com/DotNetAnalyzers/StyleCopAnalyzers/blob/master/documentation/SA1623.md) [C:\Projects\Hazina\src\Core\AI\Hazina.AI.RAG\Hazina.AI.RAG.csproj::TargetFramework=net10.0]
C:\Projects\Hazina\src\Core\AI\Hazina.AI.RAG\Embeddings\SemanticChunkingOptions.cs(145,22): warning SA1629: Documentation text should end with a period (https://github.com/DotNetAnalyzers/StyleCopAnalyzers/blob/master/documentation/SA1629.md) [C:\Projects\Hazina\src\Core\AI\Hazina.AI.RAG\Hazina.AI.RAG.csproj::TargetFramework=net10.0]
C:\Projects\Hazina\src\Core\AI\Hazina.AI.RAG\Embeddings\SemanticChunkingOptions.cs(232,13): warning MA0048: File name must match type name (https://github.com/meziantou/Meziantou.Analyzer/blob/main/docs/Rules/MA0048.md) [C:\Projects\Hazina\src\Core\AI\Hazina.AI.RAG\Hazina.AI.RAG.csproj::TargetFramework=net10.0]
C:\Projects\Hazina\src\Core\AI\Hazina.AI.RAG\Embeddings\SemanticChunkingOptions.cs(259,13): warning MA0048: File name must match type name (https://github.com/meziantou/Meziantou.Analyzer/blob/main/docs/Rules/MA0048.md) [C:\Projects\Hazina\src\Core\AI\Hazina.AI.RAG\Hazina.AI.RAG.csproj::TargetFramework=net10.0]
C:\Projects\Hazina\src\Core\AI\Hazina.AI.RAG\Embeddings\SemanticChunkingOptions.cs(244,45): warning SA1629: Documentation text should end with a period (https://github.com/DotNetAnalyzers/StyleCopAnalyzers/blob/master/documentation/SA1629.md) [C:\Projects\Hazina\src\Core\AI\Hazina.AI.RAG\Hazina.AI.RAG.csproj::TargetFramework=net10.0]
C:\Projects\Hazina\src\Core\AI\Hazina.AI.RAG\Embeddings\SemanticChunkingOptions.cs(237,63): warning SA1629: Documentation text should end with a period (https://github.com/DotNetAnalyzers/StyleCopAnalyzers/blob/master/documentation/SA1629.md) [C:\Projects\Hazina\src\Core\AI\Hazina.AI.RAG\Hazina.AI.RAG.csproj::TargetFramework=net10.0]
C:\Projects\Hazina\src\Core\AI\Hazina.AI.RAG\Embeddings\SemanticChunkingOptions.cs(257,30): warning SA1629: Documentation text should end with a period (https://github.com/DotNetAnalyzers/StyleCopAnalyzers/blob/master/documentation/SA1629.md) [C:\Projects\Hazina\src\Core\AI\Hazina.AI.RAG\Hazina.AI.RAG.csproj::TargetFramework=net10.0]
C:\Projects\Hazina\src\Core\AI\Hazina.AI.RAG\Embeddings\SemanticChunkingOptions.cs(251,36): warning SA1629: Documentation text should end with a period (https://github.com/DotNetAnalyzers/StyleCopAnalyzers/blob/master/documentation/SA1629.md) [C:\Projects\Hazina\src\Core\AI\Hazina.AI.RAG\Hazina.AI.RAG.csproj::TargetFramework=net10.0]
C:\Projects\Hazina\src\Core\AI\Hazina.AI.RAG\Embeddings\SemanticChunkingOptions.cs(262,31): warning SA1629: Documentation text should end with a period (https://github.com/DotNetAnalyzers/StyleCopAnalyzers/blob/master/documentation/SA1629.md) [C:\Projects\Hazina\src\Core\AI\Hazina.AI.RAG\Hazina.AI.RAG.csproj::TargetFramework=net10.0]
C:\Projects\Hazina\src\Core\AI\Hazina.AI.RAG\Embeddings\SemanticChunkingOptions.cs(270,56): warning SA1629: Documentation text should end with a period (https://github.com/DotNetAnalyzers/StyleCopAnalyzers/blob/master/documentation/SA1629.md) [C:\Projects\Hazina\src\Core\AI\Hazina.AI.RAG\Hazina.AI.RAG.csproj::TargetFramework=net10.0]
C:\Projects\Hazina\src\Core\AI\Hazina.AI.RAG\Embeddings\SemanticChunkingOptions.cs(230,28): warning SA1629: Documentation text should end with a period (https://github.com/DotNetAnalyzers/StyleCopAnalyzers/blob/master/documentation/SA1629.md) [C:\Projects\Hazina\src\Core\AI\Hazina.AI.RAG\Hazina.AI.RAG.csproj::TargetFramework=net10.0]
C:\Projects\Hazina\src\Core\AI\Hazina.AI.RAG\Embeddings\SemanticChunkingOptions.cs(288,13): warning MA0048: File name must match type name (https://github.com/meziantou/Meziantou.Analyzer/blob/main/docs/Rules/MA0048.md) [C:\Projects\Hazina\src\Core\AI\Hazina.AI.RAG\Hazina.AI.RAG.csproj::TargetFramework=net10.0]
C:\Projects\Hazina\src\Core\AI\Hazina.AI.RAG\Embeddings\SemanticChunkingOptions.cs(29,19): warning SA1623: The property's documentation summary text should begin with: 'Gets or sets' (https://github.com/DotNetAnalyzers/StyleCopAnalyzers/blob/master/documentation/SA1623.md) [C:\Projects\Hazina\src\Core\AI\Hazina.AI.RAG\Hazina.AI.RAG.csproj::TargetFramework=net10.0]
C:\Projects\Hazina\src\Core\AI\Hazina.AI.RAG\Embeddings\SemanticChunkingOptions.cs(291,57): warning SA1629: Documentation text should end with a period (https://github.com/DotNetAnalyzers/StyleCopAnalyzers/blob/master/documentation/SA1629.md) [C:\Projects\Hazina\src\Core\AI\Hazina.AI.RAG\Hazina.AI.RAG.csproj::TargetFramework=net10.0]
C:\Projects\Hazina\src\Core\AI\Hazina.AI.RAG\Embeddings\SemanticChunkingOptions.cs(27,37): warning SA1629: Documentation text should end with a period (https://github.com/DotNetAnalyzers/StyleCopAnalyzers/blob/master/documentation/SA1629.md) [C:\Projects\Hazina\src\Core\AI\Hazina.AI.RAG\Hazina.AI.RAG.csproj::TargetFramework=net10.0]
C:\Projects\Hazina\src\Core\AI\Hazina.AI.RAG\Embeddings\SemanticChunkingOptions.cs(154,16): warning SA1623: The property's documentation summary text should begin with: 'Gets or sets' (https://github.com/DotNetAnalyzers/StyleCopAnalyzers/blob/master/documentation/SA1623.md) [C:\Projects\Hazina\src\Core\AI\Hazina.AI.RAG\Hazina.AI.RAG.csproj::TargetFramework=net10.0]
C:\Projects\Hazina\src\Core\AI\Hazina.AI.RAG\Embeddings\SemanticChunkingOptions.cs(152,20): warning SA1629: Documentation text should end with a period (https://github.com/DotNetAnalyzers/StyleCopAnalyzers/blob/master/documentation/SA1629.md) [C:\Projects\Hazina\src\Core\AI\Hazina.AI.RAG\Hazina.AI.RAG.csproj::TargetFramework=net10.0]
C:\Projects\Hazina\src\Core\AI\Hazina.AI.RAG\Embeddings\SemanticChunkingOptions.cs(311,38): warning SA1629: Documentation text should end with a period (https://github.com/DotNetAnalyzers/StyleCopAnalyzers/blob/master/documentation/SA1629.md) [C:\Projects\Hazina\src\Core\AI\Hazina.AI.RAG\Hazina.AI.RAG.csproj::TargetFramework=net10.0]
C:\Projects\Hazina\src\Core\AI\Hazina.AI.RAG\Embeddings\SemanticChunkingOptions.cs(301,26): warning SA1629: Documentation text should end with a period (https://github.com/DotNetAnalyzers/StyleCopAnalyzers/blob/master/documentation/SA1629.md) [C:\Projects\Hazina\src\Core\AI\Hazina.AI.RAG\Hazina.AI.RAG.csproj::TargetFramework=net10.0]
C:\Projects\Hazina\src\Core\AI\Hazina.AI.RAG\Embeddings\SemanticChunkingOptions.cs(306,37): warning SA1629: Documentation text should end with a period (https://github.com/DotNetAnalyzers/StyleCopAnalyzers/blob/master/documentation/SA1629.md) [C:\Projects\Hazina\src\Core\AI\Hazina.AI.RAG\Hazina.AI.RAG.csproj::TargetFramework=net10.0]
C:\Projects\Hazina\src\Core\AI\Hazina.AI.RAG\Embeddings\SemanticChunkingOptions.cs(321,38): warning SA1629: Documentation text should end with a period (https://github.com/DotNetAnalyzers/StyleCopAnalyzers/blob/master/documentation/SA1629.md) [C:\Projects\Hazina\src\Core\AI\Hazina.AI.RAG\Hazina.AI.RAG.csproj::TargetFramework=net10.0]
C:\Projects\Hazina\src\Core\AI\Hazina.AI.RAG\Embeddings\SemanticChunkingOptions.cs(286,52): warning SA1629: Documentation text should end with a period (https://github.com/DotNetAnalyzers/StyleCopAnalyzers/blob/master/documentation/SA1629.md) [C:\Projects\Hazina\src\Core\AI\Hazina.AI.RAG\Hazina.AI.RAG.csproj::TargetFramework=net10.0]
C:\Projects\Hazina\src\Core\AI\Hazina.AI.RAG\Embeddings\SemanticChunkingOptions.cs(316,28): warning SA1629: Documentation text should end with a period (https://github.com/DotNetAnalyzers/StyleCopAnalyzers/blob/master/documentation/SA1629.md) [C:\Projects\Hazina\src\Core\AI\Hazina.AI.RAG\Hazina.AI.RAG.csproj::TargetFramework=net10.0]
C:\Projects\Hazina\src\Core\AI\Hazina.AI.RAG\Embeddings\SemanticChunkingOptions.cs(296,60): warning SA1629: Documentation text should end with a period (https://github.com/DotNetAnalyzers/StyleCopAnalyzers/blob/master/documentation/SA1629.md) [C:\Projects\Hazina\src\Core\AI\Hazina.AI.RAG\Hazina.AI.RAG.csproj::TargetFramework=net10.0]
C:\Projects\Hazina\src\Core\AI\Hazina.AI.RAG\Core\RAGEngine.cs(605,14): warning MA0048: File name must match type name (https://github.com/meziantou/Meziantou.Analyzer/blob/main/docs/Rules/MA0048.md) [C:\Projects\Hazina\src\Core\AI\Hazina.AI.RAG\Hazina.AI.RAG.csproj::TargetFramework=net10.0]
C:\Projects\Hazina\src\Core\AI\Hazina.AI.RAG\Embeddings\SemanticChunkingOptions.cs(280,33): warning SA1629: Documentation text should end with a period (https://github.com/DotNetAnalyzers/StyleCopAnalyzers/blob/master/documentation/SA1629.md) [C:\Projects\Hazina\src\Core\AI\Hazina.AI.RAG\Hazina.AI.RAG.csproj::TargetFramework=net10.0]
C:\Projects\Hazina\src\Core\AI\Hazina.AI.RAG\Core\RAGEngine.cs(609,39): warning CA2227: Change 'Metadata' to be read-only by removing the property setter (https://learn.microsoft.com/dotnet/fundamentals/code-analysis/quality-rules/ca2227) [C:\Projects\Hazina\src\Core\AI\Hazina.AI.RAG\Hazina.AI.RAG.csproj::TargetFramework=net10.0]
C:\Projects\Hazina\src\Core\AI\Hazina.AI.RAG\Core\RAGEngine.cs(609,12): warning MA0016: Prefer using collection abstraction instead of implementation (https://github.com/meziantou/Meziantou.Analyzer/blob/main/docs/Rules/MA0016.md) [C:\Projects\Hazina\src\Core\AI\Hazina.AI.RAG\Hazina.AI.RAG.csproj::TargetFramework=net10.0]
C:\Projects\Hazina\src\Core\AI\Hazina.AI.RAG\Embeddings\SemanticChunkingOptions.cs(14,17): warning SA1623: The property's documentation summary text should begin with: 'Gets or sets a value indicating whether' (https://github.com/DotNetAnalyzers/StyleCopAnalyzers/blob/master/documentation/SA1623.md) [C:\Projects\Hazina\src\Core\AI\Hazina.AI.RAG\Hazina.AI.RAG.csproj::TargetFramework=net10.0]
C:\Projects\Hazina\src\Core\AI\Hazina.AI.RAG\Embeddings\SemanticChunkingOptions.cs(12,22): warning SA1629: Documentation text should end with a period (https://github.com/DotNetAnalyzers/StyleCopAnalyzers/blob/master/documentation/SA1629.md) [C:\Projects\Hazina\src\Core\AI\Hazina.AI.RAG\Hazina.AI.RAG.csproj::TargetFramework=net10.0]
C:\Projects\Hazina\src\Core\AI\Hazina.AI.RAG\Core\RAGEngine.cs(603,26): warning SA1629: Documentation text should end with a period (https://github.com/DotNetAnalyzers/StyleCopAnalyzers/blob/master/documentation/SA1629.md) [C:\Projects\Hazina\src\Core\AI\Hazina.AI.RAG\Hazina.AI.RAG.csproj::TargetFramework=net10.0]
C:\Projects\Hazina\src\Core\AI\Hazina.AI.RAG\Core\RAGEngine.cs(608,1): warning SA1516: Elements should be separated by blank line (https://github.com/DotNetAnalyzers/StyleCopAnalyzers/blob/master/documentation/SA1516.md) [C:\Projects\Hazina\src\Core\AI\Hazina.AI.RAG\Hazina.AI.RAG.csproj::TargetFramework=net10.0]
C:\Projects\Hazina\src\Core\AI\Hazina.AI.RAG\Core\RAGEngine.cs(609,1): warning SA1516: Elements should be separated by blank line (https://github.com/DotNetAnalyzers/StyleCopAnalyzers/blob/master/documentation/SA1516.md) [C:\Projects\Hazina\src\Core\AI\Hazina.AI.RAG\Hazina.AI.RAG.csproj::TargetFramework=net10.0]
C:\Projects\Hazina\src\Core\AI\Hazina.AI.RAG\Core\RAGEngine.cs(596,36): warning CA2227: Change 'RetrievedDocuments' to be read-only by removing the property setter (https://learn.microsoft.com/dotnet/fundamentals/code-analysis/quality-rules/ca2227) [C:\Projects\Hazina\src\Core\AI\Hazina.AI.RAG\Hazina.AI.RAG.csproj::TargetFramework=net10.0]
C:\Projects\Hazina\src\Core\AI\Hazina.AI.RAG\Core\RAGEngine.cs(596,36): warning CA1002: Change 'List<RetrievedDocument>' in 'RAGResponse.RetrievedDocuments' to use 'Collection<T>', 'ReadOnlyCollection<T>' or 'KeyedCollection<K,V>' (https://learn.microsoft.com/dotnet/fundamentals/code-analysis/quality-rules/ca1002) [C:\Projects\Hazina\src\Core\AI\Hazina.AI.RAG\Hazina.AI.RAG.csproj::TargetFramework=net10.0]
C:\Projects\Hazina\src\Core\AI\Hazina.AI.RAG\Core\RAGEngine.cs(591,14): warning MA0048: File name must match type name (https://github.com/meziantou/Meziantou.Analyzer/blob/main/docs/Rules/MA0048.md) [C:\Projects\Hazina\src\Core\AI\Hazina.AI.RAG\Hazina.AI.RAG.csproj::TargetFramework=net10.0]
C:\Projects\Hazina\src\Core\AI\Hazina.AI.RAG\Core\RAGEngine.cs(596,12): warning MA0016: Prefer using collection abstraction instead of implementation (https://github.com/meziantou/Meziantou.Analyzer/blob/main/docs/Rules/MA0016.md) [C:\Projects\Hazina\src\Core\AI\Hazina.AI.RAG\Hazina.AI.RAG.csproj::TargetFramework=net10.0]
C:\Projects\Hazina\src\Core\AI\Hazina.AI.RAG\Core\RAGEngine.cs(615,14): warning MA0048: File name must match type name (https://github.com/meziantou/Meziantou.Analyzer/blob/main/docs/Rules/MA0048.md) [C:\Projects\Hazina\src\Core\AI\Hazina.AI.RAG\Hazina.AI.RAG.csproj::TargetFramework=net10.0]
C:\Projects\Hazina\src\Core\AI\Hazina.AI.RAG\Core\RAGEngine.cs(609,64): warning MA0002: Use an overload that has a IEqualityComparer<string> or IComparer<string> parameter (https://github.com/meziantou/Meziantou.Analyzer/blob/main/docs/Rules/MA0002.md) [C:\Projects\Hazina\src\Core\AI\Hazina.AI.RAG\Hazina.AI.RAG.csproj::TargetFramework=net10.0]
C:\Projects\Hazina\src\Core\AI\Hazina.AI.RAG\Core\RAGEngine.cs(613,45): warning SA1629: Documentation text should end with a period (https://github.com/DotNetAnalyzers/StyleCopAnalyzers/blob/master/documentation/SA1629.md) [C:\Projects\Hazina\src\Core\AI\Hazina.AI.RAG\Hazina.AI.RAG.csproj::TargetFramework=net10.0]
C:\Projects\Hazina\src\Core\AI\Hazina.AI.RAG\Core\RAGEngine.cs(618,1): warning SA1516: Elements should be separated by blank line (https://github.com/DotNetAnalyzers/StyleCopAnalyzers/blob/master/documentation/SA1516.md) [C:\Projects\Hazina\src\Core\AI\Hazina.AI.RAG\Hazina.AI.RAG.csproj::TargetFramework=net10.0]
C:\Projects\Hazina\src\Core\AI\Hazina.AI.RAG\Core\RAGEngine.cs(619,1): warning SA1516: Elements should be separated by blank line (https://github.com/DotNetAnalyzers/StyleCopAnalyzers/blob/master/documentation/SA1516.md) [C:\Projects\Hazina\src\Core\AI\Hazina.AI.RAG\Hazina.AI.RAG.csproj::TargetFramework=net10.0]
C:\Projects\Hazina\src\Core\AI\Hazina.AI.RAG\Core\RAGEngine.cs(620,1): warning SA1516: Elements should be separated by blank line (https://github.com/DotNetAnalyzers/StyleCopAnalyzers/blob/master/documentation/SA1516.md) [C:\Projects\Hazina\src\Core\AI\Hazina.AI.RAG\Hazina.AI.RAG.csproj::TargetFramework=net10.0]
C:\Projects\Hazina\src\Core\AI\Hazina.AI.RAG\Core\RAGEngine.cs(620,39): warning CA2227: Change 'Metadata' to be read-only by removing the property setter (https://learn.microsoft.com/dotnet/fundamentals/code-analysis/quality-rules/ca2227) [C:\Projects\Hazina\src\Core\AI\Hazina.AI.RAG\Hazina.AI.RAG.csproj::TargetFramework=net10.0]
C:\Projects\Hazina\src\Core\AI\Hazina.AI.RAG\Core\RAGEngine.cs(620,12): warning MA0016: Prefer using collection abstraction instead of implementation (https://github.com/meziantou/Meziantou.Analyzer/blob/main/docs/Rules/MA0016.md) [C:\Projects\Hazina\src\Core\AI\Hazina.AI.RAG\Hazina.AI.RAG.csproj::TargetFramework=net10.0]
C:\Projects\Hazina\src\Core\AI\Hazina.AI.RAG\Core\RAGEngine.cs(626,14): warning MA0048: File name must match type name (https://github.com/meziantou/Meziantou.Analyzer/blob/main/docs/Rules/MA0048.md) [C:\Projects\Hazina\src\Core\AI\Hazina.AI.RAG\Hazina.AI.RAG.csproj::TargetFramework=net10.0]
C:\Projects\Hazina\src\Core\AI\Hazina.AI.RAG\Core\RAGEngine.cs(591,14): warning S101: Rename class 'RAGResponse' to match pascal case naming rules, consider using 'RagResponse'. (https://rules.sonarsource.com/csharp/RSPEC-101) [C:\Projects\Hazina\src\Core\AI\Hazina.AI.RAG\Hazina.AI.RAG.csproj::TargetFramework=net10.0]
C:\Projects\Hazina\src\Core\AI\Hazina.AI.RAG\Core\RAGEngine.cs(589,17): warning SA1629: Documentation text should end with a period (https://github.com/DotNetAnalyzers/StyleCopAnalyzers/blob/master/documentation/SA1629.md) [C:\Projects\Hazina\src\Core\AI\Hazina.AI.RAG\Hazina.AI.RAG.csproj::TargetFramework=net10.0]
C:\Projects\Hazina\src\Core\AI\Hazina.AI.RAG\Core\RAGEngine.cs(594,1): warning SA1516: Elements should be separated by blank line (https://github.com/DotNetAnalyzers/StyleCopAnalyzers/blob/master/documentation/SA1516.md) [C:\Projects\Hazina\src\Core\AI\Hazina.AI.RAG\Hazina.AI.RAG.csproj::TargetFramework=net10.0]
C:\Projects\Hazina\src\Core\AI\Hazina.AI.RAG\Core\RAGEngine.cs(595,1): warning SA1516: Elements should be separated by blank line (https://github.com/DotNetAnalyzers/StyleCopAnalyzers/blob/master/documentation/SA1516.md) [C:\Projects\Hazina\src\Core\AI\Hazina.AI.RAG\Hazina.AI.RAG.csproj::TargetFramework=net10.0]
C:\Projects\Hazina\src\Core\AI\Hazina.AI.RAG\Core\RAGEngine.cs(596,1): warning SA1516: Elements should be separated by blank line (https://github.com/DotNetAnalyzers/StyleCopAnalyzers/blob/master/documentation/SA1516.md) [C:\Projects\Hazina\src\Core\AI\Hazina.AI.RAG\Hazina.AI.RAG.csproj::TargetFramework=net10.0]
C:\Projects\Hazina\src\Core\AI\Hazina.AI.RAG\Core\RAGEngine.cs(597,1): warning SA1516: Elements should be separated by blank line (https://github.com/DotNetAnalyzers/StyleCopAnalyzers/blob/master/documentation/SA1516.md) [C:\Projects\Hazina\src\Core\AI\Hazina.AI.RAG\Hazina.AI.RAG.csproj::TargetFramework=net10.0]
C:\Projects\Hazina\src\Core\AI\Hazina.AI.RAG\Core\RAGEngine.cs(598,1): warning SA1516: Elements should be separated by blank line (https://github.com/DotNetAnalyzers/StyleCopAnalyzers/blob/master/documentation/SA1516.md) [C:\Projects\Hazina\src\Core\AI\Hazina.AI.RAG\Hazina.AI.RAG.csproj::TargetFramework=net10.0]
C:\Projects\Hazina\src\Core\AI\Hazina.AI.RAG\Core\RAGEngine.cs(599,1): warning SA1516: Elements should be separated by blank line (https://github.com/DotNetAnalyzers/StyleCopAnalyzers/blob/master/documentation/SA1516.md) [C:\Projects\Hazina\src\Core\AI\Hazina.AI.RAG\Hazina.AI.RAG.csproj::TargetFramework=net10.0]
C:\Projects\Hazina\src\Core\AI\Hazina.AI.RAG\Core\RAGEngine.cs(620,64): warning MA0002: Use an overload that has a IEqualityComparer<string> or IComparer<string> parameter (https://github.com/meziantou/Meziantou.Analyzer/blob/main/docs/Rules/MA0002.md) [C:\Projects\Hazina\src\Core\AI\Hazina.AI.RAG\Hazina.AI.RAG.csproj::TargetFramework=net10.0]
C:\Projects\Hazina\src\Core\AI\Hazina.AI.RAG\Core\RAGEngine.cs(624,20): warning SA1629: Documentation text should end with a period (https://github.com/DotNetAnalyzers/StyleCopAnalyzers/blob/master/documentation/SA1629.md) [C:\Projects\Hazina\src\Core\AI\Hazina.AI.RAG\Hazina.AI.RAG.csproj::TargetFramework=net10.0]
C:\Projects\Hazina\src\Core\AI\Hazina.AI.RAG\Core\RAGEngine.cs(629,1): warning SA1516: Elements should be separated by blank line (https://github.com/DotNetAnalyzers/StyleCopAnalyzers/blob/master/documentation/SA1516.md) [C:\Projects\Hazina\src\Core\AI\Hazina.AI.RAG\Hazina.AI.RAG.csproj::TargetFramework=net10.0]
C:\Projects\Hazina\src\Core\AI\Hazina.AI.RAG\Core\RAGEngine.cs(630,1): warning SA1516: Elements should be separated by blank line (https://github.com/DotNetAnalyzers/StyleCopAnalyzers/blob/master/documentation/SA1516.md) [C:\Projects\Hazina\src\Core\AI\Hazina.AI.RAG\Hazina.AI.RAG.csproj::TargetFramework=net10.0]
C:\Projects\Hazina\src\Core\AI\Hazina.AI.RAG\Core\RAGEngine.cs(631,1): warning SA1516: Elements should be separated by blank line (https://github.com/DotNetAnalyzers/StyleCopAnalyzers/blob/master/documentation/SA1516.md) [C:\Projects\Hazina\src\Core\AI\Hazina.AI.RAG\Hazina.AI.RAG.csproj::TargetFramework=net10.0]
C:\Projects\Hazina\src\Core\AI\Hazina.AI.RAG\Core\RAGEngine.cs(632,1): warning SA1516: Elements should be separated by blank line (https://github.com/DotNetAnalyzers/StyleCopAnalyzers/blob/master/documentation/SA1516.md) [C:\Projects\Hazina\src\Core\AI\Hazina.AI.RAG\Hazina.AI.RAG.csproj::TargetFramework=net10.0]
C:\Projects\Hazina\src\Core\AI\Hazina.AI.RAG\Core\RAGEngine.cs(633,1): warning SA1516: Elements should be separated by blank line (https://github.com/DotNetAnalyzers/StyleCopAnalyzers/blob/master/documentation/SA1516.md) [C:\Projects\Hazina\src\Core\AI\Hazina.AI.RAG\Hazina.AI.RAG.csproj::TargetFramework=net10.0]
C:\Projects\Hazina\src\Core\AI\Hazina.AI.RAG\Core\RAGEngine.cs(634,1): warning SA1516: Elements should be separated by blank line (https://github.com/DotNetAnalyzers/StyleCopAnalyzers/blob/master/documentation/SA1516.md) [C:\Projects\Hazina\src\Core\AI\Hazina.AI.RAG\Hazina.AI.RAG.csproj::TargetFramework=net10.0]
C:\Projects\Hazina\src\Core\AI\Hazina.AI.RAG\Core\RAGEngine.cs(635,1): warning SA1516: Elements should be separated by blank line (https://github.com/DotNetAnalyzers/StyleCopAnalyzers/blob/master/documentation/SA1516.md) [C:\Projects\Hazina\src\Core\AI\Hazina.AI.RAG\Hazina.AI.RAG.csproj::TargetFramework=net10.0]
C:\Projects\Hazina\src\Core\AI\Hazina.AI.RAG\Core\RAGEngine.cs(641,18): warning MA0048: File name must match type name (https://github.com/meziantou/Meziantou.Analyzer/blob/main/docs/Rules/MA0048.md) [C:\Projects\Hazina\src\Core\AI\Hazina.AI.RAG\Hazina.AI.RAG.csproj::TargetFramework=net10.0]
C:\Projects\Hazina\src\Core\AI\Hazina.AI.RAG\Core\RAGEngine.cs(639,40): warning SA1629: Documentation text should end with a period (https://github.com/DotNetAnalyzers/StyleCopAnalyzers/blob/master/documentation/SA1629.md) [C:\Projects\Hazina\src\Core\AI\Hazina.AI.RAG\Hazina.AI.RAG.csproj::TargetFramework=net10.0]
C:\Projects\Hazina\src\Core\AI\Hazina.AI.RAG\Core\RAGEngine.cs(644,1): warning SA1516: Elements should be separated by blank line (https://github.com/DotNetAnalyzers/StyleCopAnalyzers/blob/master/documentation/SA1516.md) [C:\Projects\Hazina\src\Core\AI\Hazina.AI.RAG\Hazina.AI.RAG.csproj::TargetFramework=net10.0]
C:\Projects\Hazina\src\Core\AI\Hazina.AI.RAG\Core\RAGEngine.cs(650,14): warning MA0048: File name must match type name (https://github.com/meziantou/Meziantou.Analyzer/blob/main/docs/Rules/MA0048.md) [C:\Projects\Hazina\src\Core\AI\Hazina.AI.RAG\Hazina.AI.RAG.csproj::TargetFramework=net10.0]
C:\Projects\Hazina\src\Core\AI\Hazina.AI.RAG\Core\RAGEngine.cs(654,39): warning CA2227: Change 'Metadata' to be read-only by removing the property setter (https://learn.microsoft.com/dotnet/fundamentals/code-analysis/quality-rules/ca2227) [C:\Projects\Hazina\src\Core\AI\Hazina.AI.RAG\Hazina.AI.RAG.csproj::TargetFramework=net10.0]
C:\Projects\Hazina\src\Core\AI\Hazina.AI.RAG\Core\RAGEngine.cs(654,12): warning MA0016: Prefer using collection abstraction instead of implementation (https://github.com/meziantou/Meziantou.Analyzer/blob/main/docs/Rules/MA0016.md) [C:\Projects\Hazina\src\Core\AI\Hazina.AI.RAG\Hazina.AI.RAG.csproj::TargetFramework=net10.0]
C:\Projects\Hazina\src\Core\AI\Hazina.AI.RAG\Embeddings\TextChunker.cs(332,14): warning MA0048: File name must match type name (https://github.com/meziantou/Meziantou.Analyzer/blob/main/docs/Rules/MA0048.md) [C:\Projects\Hazina\src\Core\AI\Hazina.AI.RAG\Hazina.AI.RAG.csproj::TargetFramework=net10.0]
C:\Projects\Hazina\src\Core\AI\Hazina.AI.RAG\Core\RAGEngine.cs(648,25): warning SA1629: Documentation text should end with a period (https://github.com/DotNetAnalyzers/StyleCopAnalyzers/blob/master/documentation/SA1629.md) [C:\Projects\Hazina\src\Core\AI\Hazina.AI.RAG\Hazina.AI.RAG.csproj::TargetFramework=net10.0]
C:\Projects\Hazina\src\Core\AI\Hazina.AI.RAG\Core\RAGEngine.cs(653,1): warning SA1516: Elements should be separated by blank line (https://github.com/DotNetAnalyzers/StyleCopAnalyzers/blob/master/documentation/SA1516.md) [C:\Projects\Hazina\src\Core\AI\Hazina.AI.RAG\Hazina.AI.RAG.csproj::TargetFramework=net10.0]
C:\Projects\Hazina\src\Core\AI\Hazina.AI.RAG\Core\RAGEngine.cs(654,1): warning SA1516: Elements should be separated by blank line (https://github.com/DotNetAnalyzers/StyleCopAnalyzers/blob/master/documentation/SA1516.md) [C:\Projects\Hazina\src\Core\AI\Hazina.AI.RAG\Hazina.AI.RAG.csproj::TargetFramework=net10.0]
C:\Projects\Hazina\src\Core\AI\Hazina.AI.RAG\Embeddings\TextChunker.cs(338,39): warning CA2227: Change 'Metadata' to be read-only by removing the property setter (https://learn.microsoft.com/dotnet/fundamentals/code-analysis/quality-rules/ca2227) [C:\Projects\Hazina\src\Core\AI\Hazina.AI.RAG\Hazina.AI.RAG.csproj::TargetFramework=net10.0]
C:\Projects\Hazina\src\Core\AI\Hazina.AI.RAG\Embeddings\TextChunker.cs(338,12): warning MA0016: Prefer using collection abstraction instead of implementation (https://github.com/meziantou/Meziantou.Analyzer/blob/main/docs/Rules/MA0016.md) [C:\Projects\Hazina\src\Core\AI\Hazina.AI.RAG\Hazina.AI.RAG.csproj::TargetFramework=net10.0]
C:\Projects\Hazina\src\Core\AI\Hazina.AI.RAG\Embeddings\TextChunker.cs(356,16): warning SA1623: The property's documentation summary text should begin with: 'Gets or sets' (https://github.com/DotNetAnalyzers/StyleCopAnalyzers/blob/master/documentation/SA1623.md) [C:\Projects\Hazina\src\Core\AI\Hazina.AI.RAG\Hazina.AI.RAG.csproj::TargetFramework=net10.0]
C:\Projects\Hazina\src\Core\AI\Hazina.AI.RAG\Embeddings\TextChunker.cs(10,78): warning SA1629: Documentation text should end with a period (https://github.com/DotNetAnalyzers/StyleCopAnalyzers/blob/master/documentation/SA1629.md) [C:\Projects\Hazina\src\Core\AI\Hazina.AI.RAG\Hazina.AI.RAG.csproj::TargetFramework=net10.0]
C:\Projects\Hazina\src\Core\AI\Hazina.AI.RAG\Embeddings\TextChunker.cs(354,22): warning SA1629: Documentation text should end with a period (https://github.com/DotNetAnalyzers/StyleCopAnalyzers/blob/master/documentation/SA1629.md) [C:\Projects\Hazina\src\Core\AI\Hazina.AI.RAG\Hazina.AI.RAG.csproj::TargetFramework=net10.0]
C:\Projects\Hazina\src\Core\AI\Hazina.AI.RAG\Embeddings\TextChunker.cs(362,16): warning SA1623: The property's documentation summary text should begin with: 'Gets or sets' (https://github.com/DotNetAnalyzers/StyleCopAnalyzers/blob/master/documentation/SA1623.md) [C:\Projects\Hazina\src\Core\AI\Hazina.AI.RAG\Hazina.AI.RAG.csproj::TargetFramework=net10.0]
C:\Projects\Hazina\src\Core\AI\Hazina.AI.RAG\Embeddings\TextChunker.cs(338,64): warning MA0002: Use an overload that has a IEqualityComparer<string> or IComparer<string> parameter (https://github.com/meziantou/Meziantou.Analyzer/blob/main/docs/Rules/MA0002.md) [C:\Projects\Hazina\src\Core\AI\Hazina.AI.RAG\Hazina.AI.RAG.csproj::TargetFramework=net10.0]
C:\Projects\Hazina\src\Core\AI\Hazina.AI.RAG\Embeddings\TextChunker.cs(330,29): warning SA1629: Documentation text should end with a period (https://github.com/DotNetAnalyzers/StyleCopAnalyzers/blob/master/documentation/SA1629.md) [C:\Projects\Hazina\src\Core\AI\Hazina.AI.RAG\Hazina.AI.RAG.csproj::TargetFramework=net10.0]
C:\Projects\Hazina\src\Core\AI\Hazina.AI.RAG\Embeddings\TextChunker.cs(360,21): warning SA1629: Documentation text should end with a period (https://github.com/DotNetAnalyzers/StyleCopAnalyzers/blob/master/documentation/SA1629.md) [C:\Projects\Hazina\src\Core\AI\Hazina.AI.RAG\Hazina.AI.RAG.csproj::TargetFramework=net10.0]
C:\Projects\Hazina\src\Core\AI\Hazina.AI.RAG\Embeddings\TextChunker.cs(335,1): warning SA1516: Elements should be separated by blank line (https://github.com/DotNetAnalyzers/StyleCopAnalyzers/blob/master/documentation/SA1516.md) [C:\Projects\Hazina\src\Core\AI\Hazina.AI.RAG\Hazina.AI.RAG.csproj::TargetFramework=net10.0]
C:\Projects\Hazina\src\Core\AI\Hazina.AI.RAG\Embeddings\TextChunker.cs(336,1): warning SA1516: Elements should be separated by blank line (https://github.com/DotNetAnalyzers/StyleCopAnalyzers/blob/master/documentation/SA1516.md) [C:\Projects\Hazina\src\Core\AI\Hazina.AI.RAG\Hazina.AI.RAG.csproj::TargetFramework=net10.0]
C:\Projects\Hazina\src\Core\AI\Hazina.AI.RAG\Embeddings\TextChunker.cs(337,1): warning SA1516: Elements should be separated by blank line (https://github.com/DotNetAnalyzers/StyleCopAnalyzers/blob/master/documentation/SA1516.md) [C:\Projects\Hazina\src\Core\AI\Hazina.AI.RAG\Hazina.AI.RAG.csproj::TargetFramework=net10.0]
C:\Projects\Hazina\src\Core\AI\Hazina.AI.RAG\Embeddings\TextChunker.cs(338,1): warning SA1516: Elements should be separated by blank line (https://github.com/DotNetAnalyzers/StyleCopAnalyzers/blob/master/documentation/SA1516.md) [C:\Projects\Hazina\src\Core\AI\Hazina.AI.RAG\Hazina.AI.RAG.csproj::TargetFramework=net10.0]
C:\Projects\Hazina\src\Core\AI\Hazina.AI.RAG\Embeddings\TextChunker.cs(368,37): warning SA1623: The property's documentation summary text should begin with: 'Gets or sets' (https://github.com/DotNetAnalyzers/StyleCopAnalyzers/blob/master/documentation/SA1623.md) [C:\Projects\Hazina\src\Core\AI\Hazina.AI.RAG\Hazina.AI.RAG.csproj::TargetFramework=net10.0]
C:\Projects\Hazina\src\Core\AI\Hazina.AI.RAG\Embeddings\TextChunker.cs(374,13): warning MA0048: File name must match type name (https://github.com/meziantou/Meziantou.Analyzer/blob/main/docs/Rules/MA0048.md) [C:\Projects\Hazina\src\Core\AI\Hazina.AI.RAG\Hazina.AI.RAG.csproj::TargetFramework=net10.0]
C:\Projects\Hazina\src\Core\AI\Hazina.AI.RAG\Embeddings\TextChunker.cs(372,24): warning SA1629: Documentation text should end with a period (https://github.com/DotNetAnalyzers/StyleCopAnalyzers/blob/master/documentation/SA1629.md) [C:\Projects\Hazina\src\Core\AI\Hazina.AI.RAG\Hazina.AI.RAG.csproj::TargetFramework=net10.0]
C:\Projects\Hazina\src\Core\AI\Hazina.AI.RAG\Embeddings\TextChunker.cs(366,44): warning SA1629: Documentation text should end with a period (https://github.com/DotNetAnalyzers/StyleCopAnalyzers/blob/master/documentation/SA1629.md) [C:\Projects\Hazina\src\Core\AI\Hazina.AI.RAG\Hazina.AI.RAG.csproj::TargetFramework=net10.0]
C:\Projects\Hazina\src\Core\AI\Hazina.AI.RAG\Embeddings\TextChunker.cs(368,67): warning CA1805: Member 'SemanticOptions' is explicitly initialized to its default value (https://learn.microsoft.com/dotnet/fundamentals/code-analysis/quality-rules/ca1805) [C:\Projects\Hazina\src\Core\AI\Hazina.AI.RAG\Hazina.AI.RAG.csproj::TargetFramework=net10.0]
C:\Projects\Hazina\src\Core\AI\Hazina.AI.RAG\Embeddings\SemanticSimilarityChunker.cs(11,59): warning SA1629: Documentation text should end with a period (https://github.com/DotNetAnalyzers/StyleCopAnalyzers/blob/master/documentation/SA1629.md) [C:\Projects\Hazina\src\Core\AI\Hazina.AI.RAG\Hazina.AI.RAG.csproj::TargetFramework=net10.0]
C:\Projects\Hazina\src\Core\AI\Hazina.AI.RAG\Graph\Explainability\RetrievalTrace.cs(15,32): warning CA2227: Change 'Steps' to be read-only by removing the property setter (https://learn.microsoft.com/dotnet/fundamentals/code-analysis/quality-rules/ca2227) [C:\Projects\Hazina\src\Core\AI\Hazina.AI.RAG\Hazina.AI.RAG.csproj::TargetFramework=net10.0]
C:\Projects\Hazina\src\Core\AI\Hazina.AI.RAG\Graph\Explainability\RetrievalTrace.cs(15,32): warning CA1002: Change 'List<RetrievalStep>' in 'RetrievalTrace.Steps' to use 'Collection<T>', 'ReadOnlyCollection<T>' or 'KeyedCollection<K,V>' (https://learn.microsoft.com/dotnet/fundamentals/code-analysis/quality-rules/ca1002) [C:\Projects\Hazina\src\Core\AI\Hazina.AI.RAG\Hazina.AI.RAG.csproj::TargetFramework=net10.0]
C:\Projects\Hazina\src\Core\AI\Hazina.AI.RAG\Graph\Explainability\RetrievalTrace.cs(15,12): warning MA0016: Prefer using collection abstraction instead of implementation (https://github.com/meziantou/Meziantou.Analyzer/blob/main/docs/Rules/MA0016.md) [C:\Projects\Hazina\src\Core\AI\Hazina.AI.RAG\Hazina.AI.RAG.csproj::TargetFramework=net10.0]
C:\Projects\Hazina\src\Core\AI\Hazina.AI.RAG\Graph\Explainability\RetrievalTrace.cs(13,1): warning SA1516: Elements should be separated by blank line (https://github.com/DotNetAnalyzers/StyleCopAnalyzers/blob/master/documentation/SA1516.md) [C:\Projects\Hazina\src\Core\AI\Hazina.AI.RAG\Hazina.AI.RAG.csproj::TargetFramework=net10.0]
C:\Projects\Hazina\src\Core\AI\Hazina.AI.RAG\Graph\Explainability\RetrievalTrace.cs(14,1): warning SA1516: Elements should be separated by blank line (https://github.com/DotNetAnalyzers/StyleCopAnalyzers/blob/master/documentation/SA1516.md) [C:\Projects\Hazina\src\Core\AI\Hazina.AI.RAG\Hazina.AI.RAG.csproj::TargetFramework=net10.0]
C:\Projects\Hazina\src\Core\AI\Hazina.AI.RAG\Graph\Explainability\RetrievalTrace.cs(15,1): warning SA1516: Elements should be separated by blank line (https://github.com/DotNetAnalyzers/StyleCopAnalyzers/blob/master/documentation/SA1516.md) [C:\Projects\Hazina\src\Core\AI\Hazina.AI.RAG\Hazina.AI.RAG.csproj::TargetFramework=net10.0]
C:\Projects\Hazina\src\Core\AI\Hazina.AI.RAG\Graph\Explainability\RetrievalTrace.cs(16,1): warning SA1516: Elements should be separated by blank line (https://github.com/DotNetAnalyzers/StyleCopAnalyzers/blob/master/documentation/SA1516.md) [C:\Projects\Hazina\src\Core\AI\Hazina.AI.RAG\Hazina.AI.RAG.csproj::TargetFramework=net10.0]
C:\Projects\Hazina\src\Core\AI\Hazina.AI.RAG\Graph\Explainability\RetrievalTrace.cs(17,1): warning SA1516: Elements should be separated by blank line (https://github.com/DotNetAnalyzers/StyleCopAnalyzers/blob/master/documentation/SA1516.md) [C:\Projects\Hazina\src\Core\AI\Hazina.AI.RAG\Hazina.AI.RAG.csproj::TargetFramework=net10.0]
C:\Projects\Hazina\src\Core\AI\Hazina.AI.RAG\Embeddings\TextChunker.cs(350,29): warning SA1623: The property's documentation summary text should begin with: 'Gets or sets' (https://github.com/DotNetAnalyzers/StyleCopAnalyzers/blob/master/documentation/SA1623.md) [C:\Projects\Hazina\src\Core\AI\Hazina.AI.RAG\Hazina.AI.RAG.csproj::TargetFramework=net10.0]
C:\Projects\Hazina\src\Core\AI\Hazina.AI.RAG\Embeddings\TextChunker.cs(344,14): warning MA0048: File name must match type name (https://github.com/meziantou/Meziantou.Analyzer/blob/main/docs/Rules/MA0048.md) [C:\Projects\Hazina\src\Core\AI\Hazina.AI.RAG\Hazina.AI.RAG.csproj::TargetFramework=net10.0]
C:\Projects\Hazina\src\Core\AI\Hazina.AI.RAG\Embeddings\TextChunker.cs(348,50): warning SA1629: Documentation text should end with a period (https://github.com/DotNetAnalyzers/StyleCopAnalyzers/blob/master/documentation/SA1629.md) [C:\Projects\Hazina\src\Core\AI\Hazina.AI.RAG\Hazina.AI.RAG.csproj::TargetFramework=net10.0]
C:\Projects\Hazina\src\Core\AI\Hazina.AI.RAG\Embeddings\TextChunker.cs(342,26): warning SA1629: Documentation text should end with a period (https://github.com/DotNetAnalyzers/StyleCopAnalyzers/blob/master/documentation/SA1629.md) [C:\Projects\Hazina\src\Core\AI\Hazina.AI.RAG\Hazina.AI.RAG.csproj::TargetFramework=net10.0]
C:\Projects\Hazina\src\Core\AI\Hazina.AI.RAG\Graph\Explainability\RetrievalTrace.cs(23,14): warning MA0048: File name must match type name (https://github.com/meziantou/Meziantou.Analyzer/blob/main/docs/Rules/MA0048.md) [C:\Projects\Hazina\src\Core\AI\Hazina.AI.RAG\Hazina.AI.RAG.csproj::TargetFramework=net10.0]
C:\Projects\Hazina\src\Core\AI\Hazina.AI.RAG\Graph\Explainability\RetrievalTrace.cs(26,1): warning SA1516: Elements should be separated by blank line (https://github.com/DotNetAnalyzers/StyleCopAnalyzers/blob/master/documentation/SA1516.md) [C:\Projects\Hazina\src\Core\AI\Hazina.AI.RAG\Hazina.AI.RAG.csproj::TargetFramework=net10.0]
C:\Projects\Hazina\src\Core\AI\Hazina.AI.RAG\Graph\Explainability\RetrievalTrace.cs(27,1): warning SA1516: Elements should be separated by blank line (https://github.com/DotNetAnalyzers/StyleCopAnalyzers/blob/master/documentation/SA1516.md) [C:\Projects\Hazina\src\Core\AI\Hazina.AI.RAG\Hazina.AI.RAG.csproj::TargetFramework=net10.0]
C:\Projects\Hazina\src\Core\AI\Hazina.AI.RAG\Graph\Explainability\RetrievalTrace.cs(28,1): warning SA1516: Elements should be separated by blank line (https://github.com/DotNetAnalyzers/StyleCopAnalyzers/blob/master/documentation/SA1516.md) [C:\Projects\Hazina\src\Core\AI\Hazina.AI.RAG\Hazina.AI.RAG.csproj::TargetFramework=net10.0]
C:\Projects\Hazina\src\Core\AI\Hazina.AI.RAG\Core\RAGEngine.cs(631,25): warning CA2227: Change 'Errors' to be read-only by removing the property setter (https://learn.microsoft.com/dotnet/fundamentals/code-analysis/quality-rules/ca2227) [C:\Projects\Hazina\src\Core\AI\Hazina.AI.RAG\Hazina.AI.RAG.csproj::TargetFramework=net10.0]
C:\Projects\Hazina\src\Core\AI\Hazina.AI.RAG\Core\RAGEngine.cs(631,25): warning CA1002: Change 'List<string>' in 'IndexingResult.Errors' to use 'Collection<T>', 'ReadOnlyCollection<T>' or 'KeyedCollection<K,V>' (https://learn.microsoft.com/dotnet/fundamentals/code-analysis/quality-rules/ca1002) [C:\Projects\Hazina\src\Core\AI\Hazina.AI.RAG\Hazina.AI.RAG.csproj::TargetFramework=net10.0]
C:\Projects\Hazina\src\Core\AI\Hazina.AI.RAG\Core\RAGEngine.cs(631,12): warning MA0016: Prefer using collection abstraction instead of implementation (https://github.com/meziantou/Meziantou.Analyzer/blob/main/docs/Rules/MA0016.md) [C:\Projects\Hazina\src\Core\AI\Hazina.AI.RAG\Hazina.AI.RAG.csproj::TargetFramework=net10.0]
C:\Projects\Hazina\src\Core\AI\Hazina.AI.RAG\Extensions\RetrievalServiceExtensions.cs(100,13): warning MA0048: File name must match type name (https://github.com/meziantou/Meziantou.Analyzer/blob/main/docs/Rules/MA0048.md) [C:\Projects\Hazina\src\Core\AI\Hazina.AI.RAG\Hazina.AI.RAG.csproj::TargetFramework=net10.0]
C:\Projects\Hazina\src\Core\AI\Hazina.AI.RAG\Extensions\RetrievalServiceExtensions.cs(98,35): warning SA1629: Documentation text should end with a period (https://github.com/DotNetAnalyzers/StyleCopAnalyzers/blob/master/documentation/SA1629.md) [C:\Projects\Hazina\src\Core\AI\Hazina.AI.RAG\Hazina.AI.RAG.csproj::TargetFramework=net10.0]
C:\Projects\Hazina\src\Core\AI\Hazina.AI.RAG\Core\RAGEngine.cs(654,64): warning MA0002: Use an overload that has a IEqualityComparer<string> or IComparer<string> parameter (https://github.com/meziantou/Meziantou.Analyzer/blob/main/docs/Rules/MA0002.md) [C:\Projects\Hazina\src\Core\AI\Hazina.AI.RAG\Hazina.AI.RAG.csproj::TargetFramework=net10.0]
C:\Projects\Hazina\src\Core\AI\Hazina.AI.RAG\Extensions\RetrievalServiceExtensions.cs(10,71): warning SA1629: Documentation text should end with a period (https://github.com/DotNetAnalyzers/StyleCopAnalyzers/blob/master/documentation/SA1629.md) [C:\Projects\Hazina\src\Core\AI\Hazina.AI.RAG\Hazina.AI.RAG.csproj::TargetFramework=net10.0]
C:\Projects\Hazina\src\Core\AI\Hazina.AI.RAG\Retrieval\LlmJudgeReranker.cs(135,19): warning SA1623: The property's documentation summary text should begin with: 'Gets or sets' (https://github.com/DotNetAnalyzers/StyleCopAnalyzers/blob/master/documentation/SA1623.md) [C:\Projects\Hazina\src\Core\AI\Hazina.AI.RAG\Hazina.AI.RAG.csproj::TargetFramework=net10.0]
C:\Projects\Hazina\src\Core\AI\Hazina.AI.RAG\Retrieval\LlmJudgeReranker.cs(128,19): warning SA1623: The property's documentation summary text should begin with: 'Gets or sets' (https://github.com/DotNetAnalyzers/StyleCopAnalyzers/blob/master/documentation/SA1623.md) [C:\Projects\Hazina\src\Core\AI\Hazina.AI.RAG\Hazina.AI.RAG.csproj::TargetFramework=net10.0]
C:\Projects\Hazina\src\Core\AI\Hazina.AI.RAG\Retrieval\LlmJudgeReranker.cs(126,57): warning SA1629: Documentation text should end with a period (https://github.com/DotNetAnalyzers/StyleCopAnalyzers/blob/master/documentation/SA1629.md) [C:\Projects\Hazina\src\Core\AI\Hazina.AI.RAG\Hazina.AI.RAG.csproj::TargetFramework=net10.0]
C:\Projects\Hazina\src\Core\AI\Hazina.AI.RAG\Retrieval\LlmJudgeReranker.cs(123,14): warning MA0048: File name must match type name (https://github.com/meziantou/Meziantou.Analyzer/blob/main/docs/Rules/MA0048.md) [C:\Projects\Hazina\src\Core\AI\Hazina.AI.RAG\Hazina.AI.RAG.csproj::TargetFramework=net10.0]
C:\Projects\Hazina\src\Core\AI\Hazina.AI.RAG\Graph\Explainability\RetrievalTrace.cs(28,39): warning CA2227: Change 'Metadata' to be read-only by removing the property setter (https://learn.microsoft.com/dotnet/fundamentals/code-analysis/quality-rules/ca2227) [C:\Projects\Hazina\src\Core\AI\Hazina.AI.RAG\Hazina.AI.RAG.csproj::TargetFramework=net10.0]
C:\Projects\Hazina\src\Core\AI\Hazina.AI.RAG\Graph\Explainability\RetrievalTrace.cs(28,12): warning MA0016: Prefer using collection abstraction instead of implementation (https://github.com/meziantou/Meziantou.Analyzer/blob/main/docs/Rules/MA0016.md) [C:\Projects\Hazina\src\Core\AI\Hazina.AI.RAG\Hazina.AI.RAG.csproj::TargetFramework=net10.0]
C:\Projects\Hazina\src\Core\AI\Hazina.AI.RAG\Retrieval\LlmJudgeReranker.cs(148,16): warning SA1623: The property's documentation summary text should begin with: 'Gets or sets' (https://github.com/DotNetAnalyzers/StyleCopAnalyzers/blob/master/documentation/SA1623.md) [C:\Projects\Hazina\src\Core\AI\Hazina.AI.RAG\Hazina.AI.RAG.csproj::TargetFramework=net10.0]
C:\Projects\Hazina\src\Core\AI\Hazina.AI.RAG\Retrieval\LlmJudgeReranker.cs(121,47): warning SA1629: Documentation text should end with a period (https://github.com/DotNetAnalyzers/StyleCopAnalyzers/blob/master/documentation/SA1629.md) [C:\Projects\Hazina\src\Core\AI\Hazina.AI.RAG\Hazina.AI.RAG.csproj::TargetFramework=net10.0]
C:\Projects\Hazina\src\Core\AI\Hazina.AI.RAG\Retrieval\LlmJudgeReranker.cs(146,81): warning SA1629: Documentation text should end with a period (https://github.com/DotNetAnalyzers/StyleCopAnalyzers/blob/master/documentation/SA1629.md) [C:\Projects\Hazina\src\Core\AI\Hazina.AI.RAG\Hazina.AI.RAG.csproj::TargetFramework=net10.0]
C:\Projects\Hazina\src\Core\AI\Hazina.AI.RAG\Interfaces\IRetrievalCandidate.cs(43,14): warning MA0048: File name must match type name (https://github.com/meziantou/Meziantou.Analyzer/blob/main/docs/Rules/MA0048.md) [C:\Projects\Hazina\src\Core\AI\Hazina.AI.RAG\Hazina.AI.RAG.csproj::TargetFramework=net10.0]
C:\Projects\Hazina\src\Core\AI\Hazina.AI.RAG\Graph\Explainability\RetrievalTrace.cs(28,64): warning MA0002: Use an overload that has a IEqualityComparer<string> or IComparer<string> parameter (https://github.com/meziantou/Meziantou.Analyzer/blob/main/docs/Rules/MA0002.md) [C:\Projects\Hazina\src\Core\AI\Hazina.AI.RAG\Hazina.AI.RAG.csproj::TargetFramework=net10.0]
C:\Projects\Hazina\src\Core\AI\Hazina.AI.RAG\Interfaces\IRetrievalCandidate.cs(41,50): warning SA1629: Documentation text should end with a period (https://github.com/DotNetAnalyzers/StyleCopAnalyzers/blob/master/documentation/SA1629.md) [C:\Projects\Hazina\src\Core\AI\Hazina.AI.RAG\Hazina.AI.RAG.csproj::TargetFramework=net10.0]
C:\Projects\Hazina\src\Core\AI\Hazina.AI.RAG\Interfaces\IRetrievalCandidate.cs(46,1): warning SA1516: Elements should be separated by blank line (https://github.com/DotNetAnalyzers/StyleCopAnalyzers/blob/master/documentation/SA1516.md) [C:\Projects\Hazina\src\Core\AI\Hazina.AI.RAG\Hazina.AI.RAG.csproj::TargetFramework=net10.0]
C:\Projects\Hazina\src\Core\AI\Hazina.AI.RAG\Interfaces\IRetrievalCandidate.cs(47,1): warning SA1516: Elements should be separated by blank line (https://github.com/DotNetAnalyzers/StyleCopAnalyzers/blob/master/documentation/SA1516.md) [C:\Projects\Hazina\src\Core\AI\Hazina.AI.RAG\Hazina.AI.RAG.csproj::TargetFramework=net10.0]
C:\Projects\Hazina\src\Core\AI\Hazina.AI.RAG\Interfaces\IRetrievalCandidate.cs(48,1): warning SA1516: Elements should be separated by blank line (https://github.com/DotNetAnalyzers/StyleCopAnalyzers/blob/master/documentation/SA1516.md) [C:\Projects\Hazina\src\Core\AI\Hazina.AI.RAG\Hazina.AI.RAG.csproj::TargetFramework=net10.0]
C:\Projects\Hazina\src\Core\AI\Hazina.AI.RAG\Interfaces\IRetrievalCandidate.cs(49,1): warning SA1516: Elements should be separated by blank line (https://github.com/DotNetAnalyzers/StyleCopAnalyzers/blob/master/documentation/SA1516.md) [C:\Projects\Hazina\src\Core\AI\Hazina.AI.RAG\Hazina.AI.RAG.csproj::TargetFramework=net10.0]
C:\Projects\Hazina\src\Core\AI\Hazina.AI.RAG\Interfaces\IRetrievalCandidate.cs(50,1): warning SA1516: Elements should be separated by blank line (https://github.com/DotNetAnalyzers/StyleCopAnalyzers/blob/master/documentation/SA1516.md) [C:\Projects\Hazina\src\Core\AI\Hazina.AI.RAG\Hazina.AI.RAG.csproj::TargetFramework=net10.0]
C:\Projects\Hazina\src\Core\AI\Hazina.AI.RAG\Retrieval\Reranker.cs(236,13): warning MA0048: File name must match type name (https://github.com/meziantou/Meziantou.Analyzer/blob/main/docs/Rules/MA0048.md) [C:\Projects\Hazina\src\Core\AI\Hazina.AI.RAG\Hazina.AI.RAG.csproj::TargetFramework=net10.0]
C:\Projects\Hazina\src\Core\AI\Hazina.AI.RAG\Retrieval\Reranker.cs(234,25): warning SA1629: Documentation text should end with a period (https://github.com/DotNetAnalyzers/StyleCopAnalyzers/blob/master/documentation/SA1629.md) [C:\Projects\Hazina\src\Core\AI\Hazina.AI.RAG\Hazina.AI.RAG.csproj::TargetFramework=net10.0]
C:\Projects\Hazina\src\Core\AI\Hazina.AI.RAG\Retrieval\Reranker.cs(226,14): warning MA0048: File name must match type name (https://github.com/meziantou/Meziantou.Analyzer/blob/main/docs/Rules/MA0048.md) [C:\Projects\Hazina\src\Core\AI\Hazina.AI.RAG\Hazina.AI.RAG.csproj::TargetFramework=net10.0]
C:\Projects\Hazina\src\Core\AI\Hazina.AI.RAG\Retrieval\Reranker.cs(224,22): warning SA1629: Documentation text should end with a period (https://github.com/DotNetAnalyzers/StyleCopAnalyzers/blob/master/documentation/SA1629.md) [C:\Projects\Hazina\src\Core\AI\Hazina.AI.RAG\Hazina.AI.RAG.csproj::TargetFramework=net10.0]
C:\Projects\Hazina\src\Core\AI\Hazina.AI.RAG\Retrieval\Reranker.cs(229,1): warning SA1516: Elements should be separated by blank line (https://github.com/DotNetAnalyzers/StyleCopAnalyzers/blob/master/documentation/SA1516.md) [C:\Projects\Hazina\src\Core\AI\Hazina.AI.RAG\Hazina.AI.RAG.csproj::TargetFramework=net10.0]
C:\Projects\Hazina\src\Core\AI\Hazina.AI.RAG\Retrieval\Reranker.cs(230,1): warning SA1516: Elements should be separated by blank line (https://github.com/DotNetAnalyzers/StyleCopAnalyzers/blob/master/documentation/SA1516.md) [C:\Projects\Hazina\src\Core\AI\Hazina.AI.RAG\Hazina.AI.RAG.csproj::TargetFramework=net10.0]
C:\Projects\Hazina\src\Core\AI\Hazina.AI.RAG\Utilities\SentenceSplitter.cs(7,69): warning SA1629: Documentation text should end with a period (https://github.com/DotNetAnalyzers/StyleCopAnalyzers/blob/master/documentation/SA1629.md) [C:\Projects\Hazina\src\Core\AI\Hazina.AI.RAG\Hazina.AI.RAG.csproj::TargetFramework=net10.0]
C:\Projects\Hazina\src\Core\AI\Hazina.AI.RAG\Interfaces\IRetrievalCandidate.cs(17,12): warning SA1623: The property's documentation summary text should begin with: 'Gets' (https://github.com/DotNetAnalyzers/StyleCopAnalyzers/blob/master/documentation/SA1623.md) [C:\Projects\Hazina\src\Core\AI\Hazina.AI.RAG\Hazina.AI.RAG.csproj::TargetFramework=net10.0]
C:\Projects\Hazina\src\Core\AI\Hazina.AI.RAG\Interfaces\IRetrievalCandidate.cs(15,64): warning SA1629: Documentation text should end with a period (https://github.com/DotNetAnalyzers/StyleCopAnalyzers/blob/master/documentation/SA1629.md) [C:\Projects\Hazina\src\Core\AI\Hazina.AI.RAG\Hazina.AI.RAG.csproj::TargetFramework=net10.0]
C:\Projects\Hazina\src\Core\AI\Hazina.AI.RAG\Interfaces\IRetrievalCandidate.cs(27,13): warning SA1623: The property's documentation summary text should begin with: 'Gets' (https://github.com/DotNetAnalyzers/StyleCopAnalyzers/blob/master/documentation/SA1623.md) [C:\Projects\Hazina\src\Core\AI\Hazina.AI.RAG\Hazina.AI.RAG.csproj::TargetFramework=net10.0]
C:\Projects\Hazina\src\Core\AI\Hazina.AI.RAG\Interfaces\IRetrievalCandidate.cs(25,62): warning SA1629: Documentation text should end with a period (https://github.com/DotNetAnalyzers/StyleCopAnalyzers/blob/master/documentation/SA1629.md) [C:\Projects\Hazina\src\Core\AI\Hazina.AI.RAG\Hazina.AI.RAG.csproj::TargetFramework=net10.0]
C:\Projects\Hazina\src\Core\AI\Hazina.AI.RAG\Interfaces\IRetrievalCandidate.cs(37,5): warning MA0016: Prefer using collection abstraction instead of implementation (https://github.com/meziantou/Meziantou.Analyzer/blob/main/docs/Rules/MA0016.md) [C:\Projects\Hazina\src\Core\AI\Hazina.AI.RAG\Hazina.AI.RAG.csproj::TargetFramework=net10.0]
C:\Projects\Hazina\src\Core\AI\Hazina.AI.RAG\Interfaces\IRetrievalCandidate.cs(37,33): warning SA1623: The property's documentation summary text should begin with: 'Gets' (https://github.com/DotNetAnalyzers/StyleCopAnalyzers/blob/master/documentation/SA1623.md) [C:\Projects\Hazina\src\Core\AI\Hazina.AI.RAG\Hazina.AI.RAG.csproj::TargetFramework=net10.0]
C:\Projects\Hazina\src\Core\AI\Hazina.AI.RAG\Interfaces\IRetrievalCandidate.cs(35,44): warning SA1629: Documentation text should end with a period (https://github.com/DotNetAnalyzers/StyleCopAnalyzers/blob/master/documentation/SA1629.md) [C:\Projects\Hazina\src\Core\AI\Hazina.AI.RAG\Hazina.AI.RAG.csproj::TargetFramework=net10.0]
C:\Projects\Hazina\src\Core\AI\Hazina.AI.RAG\Interfaces\IRetrievalCandidate.cs(32,12): warning SA1623: The property's documentation summary text should begin with: 'Gets' (https://github.com/DotNetAnalyzers/StyleCopAnalyzers/blob/master/documentation/SA1623.md) [C:\Projects\Hazina\src\Core\AI\Hazina.AI.RAG\Hazina.AI.RAG.csproj::TargetFramework=net10.0]
C:\Projects\Hazina\src\Core\AI\Hazina.AI.RAG\Interfaces\IRetrievalCandidate.cs(30,34): warning SA1629: Documentation text should end with a period (https://github.com/DotNetAnalyzers/StyleCopAnalyzers/blob/master/documentation/SA1629.md) [C:\Projects\Hazina\src\Core\AI\Hazina.AI.RAG\Hazina.AI.RAG.csproj::TargetFramework=net10.0]
C:\Projects\Hazina\src\Core\AI\Hazina.AI.RAG\Interfaces\IRetrievalCandidate.cs(12,12): warning SA1623: The property's documentation summary text should begin with: 'Gets' (https://github.com/DotNetAnalyzers/StyleCopAnalyzers/blob/master/documentation/SA1623.md) [C:\Projects\Hazina\src\Core\AI\Hazina.AI.RAG\Hazina.AI.RAG.csproj::TargetFramework=net10.0]
C:\Projects\Hazina\src\Core\AI\Hazina.AI.RAG\Interfaces\IRetrievalCandidate.cs(10,40): warning SA1629: Documentation text should end with a period (https://github.com/DotNetAnalyzers/StyleCopAnalyzers/blob/master/documentation/SA1629.md) [C:\Projects\Hazina\src\Core\AI\Hazina.AI.RAG\Hazina.AI.RAG.csproj::TargetFramework=net10.0]
C:\Projects\Hazina\src\Core\AI\Hazina.AI.RAG\Graph\Pipeline\GraphConstructionPipeline.cs(230,14): warning MA0048: File name must match type name (https://github.com/meziantou/Meziantou.Analyzer/blob/main/docs/Rules/MA0048.md) [C:\Projects\Hazina\src\Core\AI\Hazina.AI.RAG\Hazina.AI.RAG.csproj::TargetFramework=net10.0]
C:\Projects\Hazina\src\Core\AI\Hazina.AI.RAG\Interfaces\IRetrievalCandidate.cs(22,12): warning SA1623: The property's documentation summary text should begin with: 'Gets' (https://github.com/DotNetAnalyzers/StyleCopAnalyzers/blob/master/documentation/SA1623.md) [C:\Projects\Hazina\src\Core\AI\Hazina.AI.RAG\Hazina.AI.RAG.csproj::TargetFramework=net10.0]
C:\Projects\Hazina\src\Core\AI\Hazina.AI.RAG\Interfaces\IRetrievalCandidate.cs(20,66): warning SA1629: Documentation text should end with a period (https://github.com/DotNetAnalyzers/StyleCopAnalyzers/blob/master/documentation/SA1629.md) [C:\Projects\Hazina\src\Core\AI\Hazina.AI.RAG\Hazina.AI.RAG.csproj::TargetFramework=net10.0]
C:\Projects\Hazina\src\Core\AI\Hazina.AI.RAG\Graph\Pipeline\GraphConstructionPipeline.cs(233,1): warning SA1516: Elements should be separated by blank line (https://github.com/DotNetAnalyzers/StyleCopAnalyzers/blob/master/documentation/SA1516.md) [C:\Projects\Hazina\src\Core\AI\Hazina.AI.RAG\Hazina.AI.RAG.csproj::TargetFramework=net10.0]
C:\Projects\Hazina\src\Core\AI\Hazina.AI.RAG\Graph\Pipeline\GraphConstructionPipeline.cs(234,1): warning SA1516: Elements should be separated by blank line (https://github.com/DotNetAnalyzers/StyleCopAnalyzers/blob/master/documentation/SA1516.md) [C:\Projects\Hazina\src\Core\AI\Hazina.AI.RAG\Hazina.AI.RAG.csproj::TargetFramework=net10.0]
C:\Projects\Hazina\src\Core\AI\Hazina.AI.RAG\Graph\Pipeline\GraphConstructionPipeline.cs(235,1): warning SA1516: Elements should be separated by blank line (https://github.com/DotNetAnalyzers/StyleCopAnalyzers/blob/master/documentation/SA1516.md) [C:\Projects\Hazina\src\Core\AI\Hazina.AI.RAG\Hazina.AI.RAG.csproj::TargetFramework=net10.0]
C:\Projects\Hazina\src\Core\AI\Hazina.AI.RAG\Graph\Pipeline\GraphConstructionPipeline.cs(236,1): warning SA1516: Elements should be separated by blank line (https://github.com/DotNetAnalyzers/StyleCopAnalyzers/blob/master/documentation/SA1516.md) [C:\Projects\Hazina\src\Core\AI\Hazina.AI.RAG\Hazina.AI.RAG.csproj::TargetFramework=net10.0]
C:\Projects\Hazina\src\Core\AI\Hazina.AI.RAG\Graph\Pipeline\GraphConstructionPipeline.cs(237,1): warning SA1516: Elements should be separated by blank line (https://github.com/DotNetAnalyzers/StyleCopAnalyzers/blob/master/documentation/SA1516.md) [C:\Projects\Hazina\src\Core\AI\Hazina.AI.RAG\Hazina.AI.RAG.csproj::TargetFramework=net10.0]
C:\Projects\Hazina\src\Core\AI\Hazina.AI.RAG\Graph\Pipeline\GraphConstructionPipeline.cs(238,1): warning SA1516: Elements should be separated by blank line (https://github.com/DotNetAnalyzers/StyleCopAnalyzers/blob/master/documentation/SA1516.md) [C:\Projects\Hazina\src\Core\AI\Hazina.AI.RAG\Hazina.AI.RAG.csproj::TargetFramework=net10.0]
C:\Projects\Hazina\src\Core\AI\Hazina.AI.RAG\Graph\Pipeline\GraphConstructionPipeline.cs(239,1): warning SA1516: Elements should be separated by blank line (https://github.com/DotNetAnalyzers/StyleCopAnalyzers/blob/master/documentation/SA1516.md) [C:\Projects\Hazina\src\Core\AI\Hazina.AI.RAG\Hazina.AI.RAG.csproj::TargetFramework=net10.0]
C:\Projects\Hazina\src\Core\AI\Hazina.AI.RAG\Graph\Pipeline\GraphConstructionPipeline.cs(240,1): warning SA1516: Elements should be separated by blank line (https://github.com/DotNetAnalyzers/StyleCopAnalyzers/blob/master/documentation/SA1516.md) [C:\Projects\Hazina\src\Core\AI\Hazina.AI.RAG\Hazina.AI.RAG.csproj::TargetFramework=net10.0]
C:\Projects\Hazina\src\Core\AI\Hazina.AI.RAG\Graph\Pipeline\GraphConstructionPipeline.cs(241,1): warning SA1516: Elements should be separated by blank line (https://github.com/DotNetAnalyzers/StyleCopAnalyzers/blob/master/documentation/SA1516.md) [C:\Projects\Hazina\src\Core\AI\Hazina.AI.RAG\Hazina.AI.RAG.csproj::TargetFramework=net10.0]
C:\Projects\Hazina\src\Core\AI\Hazina.AI.RAG\Graph\Pipeline\GraphConstructionPipeline.cs(242,1): warning SA1516: Elements should be separated by blank line (https://github.com/DotNetAnalyzers/StyleCopAnalyzers/blob/master/documentation/SA1516.md) [C:\Projects\Hazina\src\Core\AI\Hazina.AI.RAG\Hazina.AI.RAG.csproj::TargetFramework=net10.0]
C:\Projects\Hazina\src\Core\AI\Hazina.AI.RAG\Graph\Explainability\RetrievalTrace.cs(34,14): warning CA1052: Type 'ExplainabilityService' is a static holder type but is neither static nor NotInheritable (https://learn.microsoft.com/dotnet/fundamentals/code-analysis/quality-rules/ca1052) [C:\Projects\Hazina\src\Core\AI\Hazina.AI.RAG\Hazina.AI.RAG.csproj::TargetFramework=net10.0]
C:\Projects\Hazina\src\Core\AI\Hazina.AI.RAG\Graph\Explainability\RetrievalTrace.cs(34,14): warning MA0048: File name must match type name (https://github.com/meziantou/Meziantou.Analyzer/blob/main/docs/Rules/MA0048.md) [C:\Projects\Hazina\src\Core\AI\Hazina.AI.RAG\Hazina.AI.RAG.csproj::TargetFramework=net10.0]
C:\Projects\Hazina\src\Core\AI\Hazina.AI.RAG\Graph\Explainability\RetrievalTrace.cs(34,14): warning S1118: Add a 'protected' constructor or the 'static' keyword to the class declaration. (https://rules.sonarsource.com/csharp/RSPEC-1118) [C:\Projects\Hazina\src\Core\AI\Hazina.AI.RAG\Hazina.AI.RAG.csproj::TargetFramework=net10.0]
C:\Projects\Hazina\src\Core\AI\Hazina.AI.RAG\Extensions\RetrievalServiceExtensions.cs(84,14): warning MA0048: File name must match type name (https://github.com/meziantou/Meziantou.Analyzer/blob/main/docs/Rules/MA0048.md) [C:\Projects\Hazina\src\Core\AI\Hazina.AI.RAG\Hazina.AI.RAG.csproj::TargetFramework=net10.0]
C:\Projects\Hazina\src\Core\AI\Hazina.AI.RAG\Extensions\RetrievalServiceExtensions.cs(82,49): warning SA1629: Documentation text should end with a period (https://github.com/DotNetAnalyzers/StyleCopAnalyzers/blob/master/documentation/SA1629.md) [C:\Projects\Hazina\src\Core\AI\Hazina.AI.RAG\Hazina.AI.RAG.csproj::TargetFramework=net10.0]
C:\Projects\Hazina\src\Core\AI\Hazina.AI.RAG\Extensions\RetrievalServiceExtensions.cs(94,37): warning SA1623: The property's documentation summary text should begin with: 'Gets or sets' (https://github.com/DotNetAnalyzers/StyleCopAnalyzers/blob/master/documentation/SA1623.md) [C:\Projects\Hazina\src\Core\AI\Hazina.AI.RAG\Hazina.AI.RAG.csproj::TargetFramework=net10.0]
C:\Projects\Hazina\src\Core\AI\Hazina.AI.RAG\Extensions\RetrievalServiceExtensions.cs(92,68): warning SA1629: Documentation text should end with a period (https://github.com/DotNetAnalyzers/StyleCopAnalyzers/blob/master/documentation/SA1629.md) [C:\Projects\Hazina\src\Core\AI\Hazina.AI.RAG\Hazina.AI.RAG.csproj::TargetFramework=net10.0]
C:\Projects\Hazina\src\Core\AI\Hazina.AI.RAG\Embeddings\EmbeddingCache.cs(1,1): warning SA1633: The file header is missing or not located at the top of the file. (https://github.com/DotNetAnalyzers/StyleCopAnalyzers/blob/master/documentation/SA1633.md) [C:\Projects\Hazina\src\Core\AI\Hazina.AI.RAG\Hazina.AI.RAG.csproj::TargetFramework=net10.0]
C:\Projects\Hazina\src\Core\AI\Hazina.AI.RAG\Graph\Retrieval\HybridRetrievalService.cs(386,14): warning MA0048: File name must match type name (https://github.com/meziantou/Meziantou.Analyzer/blob/main/docs/Rules/MA0048.md) [C:\Projects\Hazina\src\Core\AI\Hazina.AI.RAG\Hazina.AI.RAG.csproj::TargetFramework=net10.0]
C:\Projects\Hazina\src\Core\AI\Hazina.AI.RAG\Graph\Retrieval\HybridRetrievalService.cs(389,1): warning SA1516: Elements should be separated by blank line (https://github.com/DotNetAnalyzers/StyleCopAnalyzers/blob/master/documentation/SA1516.md) [C:\Projects\Hazina\src\Core\AI\Hazina.AI.RAG\Hazina.AI.RAG.csproj::TargetFramework=net10.0]
C:\Projects\Hazina\src\Core\AI\Hazina.AI.RAG\Graph\Retrieval\HybridRetrievalService.cs(390,1): warning SA1516: Elements should be separated by blank line (https://github.com/DotNetAnalyzers/StyleCopAnalyzers/blob/master/documentation/SA1516.md) [C:\Projects\Hazina\src\Core\AI\Hazina.AI.RAG\Hazina.AI.RAG.csproj::TargetFramework=net10.0]
C:\Projects\Hazina\src\Core\AI\Hazina.AI.RAG\Graph\Retrieval\HybridRetrievalService.cs(391,1): warning SA1516: Elements should be separated by blank line (https://github.com/DotNetAnalyzers/StyleCopAnalyzers/blob/master/documentation/SA1516.md) [C:\Projects\Hazina\src\Core\AI\Hazina.AI.RAG\Hazina.AI.RAG.csproj::TargetFramework=net10.0]
C:\Projects\Hazina\src\Core\AI\Hazina.AI.RAG\Graph\Retrieval\HybridRetrievalService.cs(392,1): warning SA1516: Elements should be separated by blank line (https://github.com/DotNetAnalyzers/StyleCopAnalyzers/blob/master/documentation/SA1516.md) [C:\Projects\Hazina\src\Core\AI\Hazina.AI.RAG\Hazina.AI.RAG.csproj::TargetFramework=net10.0]
C:\Projects\Hazina\src\Core\AI\Hazina.AI.RAG\Graph\Retrieval\HybridRetrievalService.cs(393,1): warning SA1516: Elements should be separated by blank line (https://github.com/DotNetAnalyzers/StyleCopAnalyzers/blob/master/documentation/SA1516.md) [C:\Projects\Hazina\src\Core\AI\Hazina.AI.RAG\Hazina.AI.RAG.csproj::TargetFramework=net10.0]
C:\Projects\Hazina\src\Core\AI\Hazina.AI.RAG\Graph\Retrieval\HybridRetrievalService.cs(394,1): warning SA1516: Elements should be separated by blank line (https://github.com/DotNetAnalyzers/StyleCopAnalyzers/blob/master/documentation/SA1516.md) [C:\Projects\Hazina\src\Core\AI\Hazina.AI.RAG\Hazina.AI.RAG.csproj::TargetFramework=net10.0]
C:\Projects\Hazina\src\Core\AI\Hazina.AI.RAG\Graph\Models\GraphEntity.cs(9,1): warning SA1516: Elements should be separated by blank line (https://github.com/DotNetAnalyzers/StyleCopAnalyzers/blob/master/documentation/SA1516.md) [C:\Projects\Hazina\src\Core\AI\Hazina.AI.RAG\Hazina.AI.RAG.csproj::TargetFramework=net10.0]
C:\Projects\Hazina\src\Core\AI\Hazina.AI.RAG\Graph\Models\GraphEntity.cs(10,1): warning SA1516: Elements should be separated by blank line (https://github.com/DotNetAnalyzers/StyleCopAnalyzers/blob/master/documentation/SA1516.md) [C:\Projects\Hazina\src\Core\AI\Hazina.AI.RAG\Hazina.AI.RAG.csproj::TargetFramework=net10.0]
C:\Projects\Hazina\src\Core\AI\Hazina.AI.RAG\Graph\Models\GraphEntity.cs(11,1): warning SA1516: Elements should be separated by blank line (https://github.com/DotNetAnalyzers/StyleCopAnalyzers/blob/master/documentation/SA1516.md) [C:\Projects\Hazina\src\Core\AI\Hazina.AI.RAG\Hazina.AI.RAG.csproj::TargetFramework=net10.0]
C:\Projects\Hazina\src\Core\AI\Hazina.AI.RAG\Graph\Models\GraphEntity.cs(12,1): warning SA1516: Elements should be separated by blank line (https://github.com/DotNetAnalyzers/StyleCopAnalyzers/blob/master/documentation/SA1516.md) [C:\Projects\Hazina\src\Core\AI\Hazina.AI.RAG\Hazina.AI.RAG.csproj::TargetFramework=net10.0]
C:\Projects\Hazina\src\Core\AI\Hazina.AI.RAG\Graph\Models\GraphEntity.cs(13,1): warning SA1516: Elements should be separated by blank line (https://github.com/DotNetAnalyzers/StyleCopAnalyzers/blob/master/documentation/SA1516.md) [C:\Projects\Hazina\src\Core\AI\Hazina.AI.RAG\Hazina.AI.RAG.csproj::TargetFramework=net10.0]
C:\Projects\Hazina\src\Core\AI\Hazina.AI.RAG\Graph\Models\GraphEntity.cs(14,1): warning SA1516: Elements should be separated by blank line (https://github.com/DotNetAnalyzers/StyleCopAnalyzers/blob/master/documentation/SA1516.md) [C:\Projects\Hazina\src\Core\AI\Hazina.AI.RAG\Hazina.AI.RAG.csproj::TargetFramework=net10.0]
C:\Projects\Hazina\src\Core\AI\Hazina.AI.RAG\Graph\Models\GraphEntity.cs(15,1): warning SA1516: Elements should be separated by blank line (https://github.com/DotNetAnalyzers/StyleCopAnalyzers/blob/master/documentation/SA1516.md) [C:\Projects\Hazina\src\Core\AI\Hazina.AI.RAG\Hazina.AI.RAG.csproj::TargetFramework=net10.0]
C:\Projects\Hazina\src\Core\AI\Hazina.AI.RAG\Graph\Models\GraphEntity.cs(16,1): warning SA1516: Elements should be separated by blank line (https://github.com/DotNetAnalyzers/StyleCopAnalyzers/blob/master/documentation/SA1516.md) [C:\Projects\Hazina\src\Core\AI\Hazina.AI.RAG\Hazina.AI.RAG.csproj::TargetFramework=net10.0]
C:\Projects\Hazina\src\Core\AI\Hazina.AI.RAG\Graph\Models\GraphEntity.cs(17,1): warning SA1516: Elements should be separated by blank line (https://github.com/DotNetAnalyzers/StyleCopAnalyzers/blob/master/documentation/SA1516.md) [C:\Projects\Hazina\src\Core\AI\Hazina.AI.RAG\Hazina.AI.RAG.csproj::TargetFramework=net10.0]
C:\Projects\Hazina\src\Core\AI\Hazina.AI.RAG\Graph\Models\GraphEntity.cs(18,1): warning SA1516: Elements should be separated by blank line (https://github.com/DotNetAnalyzers/StyleCopAnalyzers/blob/master/documentation/SA1516.md) [C:\Projects\Hazina\src\Core\AI\Hazina.AI.RAG\Hazina.AI.RAG.csproj::TargetFramework=net10.0]
C:\Projects\Hazina\src\Core\AI\Hazina.AI.RAG\Graph\Models\GraphEntity.cs(19,1): warning SA1516: Elements should be separated by blank line (https://github.com/DotNetAnalyzers/StyleCopAnalyzers/blob/master/documentation/SA1516.md) [C:\Projects\Hazina\src\Core\AI\Hazina.AI.RAG\Hazina.AI.RAG.csproj::TargetFramework=net10.0]
C:\Projects\Hazina\src\Core\AI\Hazina.AI.RAG\Graph\Models\GraphEntity.cs(20,1): warning SA1516: Elements should be separated by blank line (https://github.com/DotNetAnalyzers/StyleCopAnalyzers/blob/master/documentation/SA1516.md) [C:\Projects\Hazina\src\Core\AI\Hazina.AI.RAG\Hazina.AI.RAG.csproj::TargetFramework=net10.0]
C:\Projects\Hazina\src\Core\AI\Hazina.AI.RAG\Graph\Pipeline\ILLMTextService.cs(6,18): warning S101: Rename interface 'ILLMTextService' to match pascal case naming rules, consider using 'ILlmTextService'. (https://rules.sonarsource.com/csharp/RSPEC-101) [C:\Projects\Hazina\src\Core\AI\Hazina.AI.RAG\Hazina.AI.RAG.csproj::TargetFramework=net10.0]
C:\Projects\Hazina\src\Core\AI\Hazina.AI.RAG\Graph\Models\GraphEntity.cs(12,39): warning CA2227: Change 'Properties' to be read-only by removing the property setter (https://learn.microsoft.com/dotnet/fundamentals/code-analysis/quality-rules/ca2227) [C:\Projects\Hazina\src\Core\AI\Hazina.AI.RAG\Hazina.AI.RAG.csproj::TargetFramework=net10.0]
C:\Projects\Hazina\src\Core\AI\Hazina.AI.RAG\Graph\Models\GraphEntity.cs(12,12): warning MA0016: Prefer using collection abstraction instead of implementation (https://github.com/meziantou/Meziantou.Analyzer/blob/main/docs/Rules/MA0016.md) [C:\Projects\Hazina\src\Core\AI\Hazina.AI.RAG\Hazina.AI.RAG.csproj::TargetFramework=net10.0]
C:\Projects\Hazina\src\Core\AI\Hazina.AI.RAG\Extensions\RetrievalServiceExtensions.cs(89,30): warning SA1623: The property's documentation summary text should begin with: 'Gets or sets' (https://github.com/DotNetAnalyzers/StyleCopAnalyzers/blob/master/documentation/SA1623.md) [C:\Projects\Hazina\src\Core\AI\Hazina.AI.RAG\Hazina.AI.RAG.csproj::TargetFramework=net10.0]
C:\Projects\Hazina\src\Core\AI\Hazina.AI.RAG\Extensions\RetrievalServiceExtensions.cs(87,34): warning SA1629: Documentation text should end with a period (https://github.com/DotNetAnalyzers/StyleCopAnalyzers/blob/master/documentation/SA1629.md) [C:\Projects\Hazina\src\Core\AI\Hazina.AI.RAG\Hazina.AI.RAG.csproj::TargetFramework=net10.0]
C:\Projects\Hazina\src\Core\AI\Hazina.AI.RAG\Embeddings\EmbeddingCache.cs(150,14): warning SA1402: File may only contain a single type (https://github.com/DotNetAnalyzers/StyleCopAnalyzers/blob/master/documentation/SA1402.md) [C:\Projects\Hazina\src\Core\AI\Hazina.AI.RAG\Hazina.AI.RAG.csproj::TargetFramework=net10.0]
C:\Projects\Hazina\src\Core\AI\Hazina.AI.RAG\Graph\Models\GraphEntity.cs(15,21): warning CA1819: Properties should not return arrays (https://learn.microsoft.com/dotnet/fundamentals/code-analysis/quality-rules/ca1819) [C:\Projects\Hazina\src\Core\AI\Hazina.AI.RAG\Hazina.AI.RAG.csproj::TargetFramework=net10.0]
C:\Projects\Hazina\src\Core\AI\Hazina.AI.RAG\Graph\Models\GraphEntity.cs(16,25): warning CA2227: Change 'SourceDocuments' to be read-only by removing the property setter (https://learn.microsoft.com/dotnet/fundamentals/code-analysis/quality-rules/ca2227) [C:\Projects\Hazina\src\Core\AI\Hazina.AI.RAG\Hazina.AI.RAG.csproj::TargetFramework=net10.0]
C:\Projects\Hazina\src\Core\AI\Hazina.AI.RAG\Graph\Models\GraphEntity.cs(16,25): warning CA1002: Change 'List<string>' in 'GraphEntity.SourceDocuments' to use 'Collection<T>', 'ReadOnlyCollection<T>' or 'KeyedCollection<K,V>' (https://learn.microsoft.com/dotnet/fundamentals/code-analysis/quality-rules/ca1002) [C:\Projects\Hazina\src\Core\AI\Hazina.AI.RAG\Hazina.AI.RAG.csproj::TargetFramework=net10.0]
C:\Projects\Hazina\src\Core\AI\Hazina.AI.RAG\Graph\Models\GraphEntity.cs(12,66): warning MA0002: Use an overload that has a IEqualityComparer<string> or IComparer<string> parameter (https://github.com/meziantou/Meziantou.Analyzer/blob/main/docs/Rules/MA0002.md) [C:\Projects\Hazina\src\Core\AI\Hazina.AI.RAG\Hazina.AI.RAG.csproj::TargetFramework=net10.0]
C:\Projects\Hazina\src\Core\AI\Hazina.AI.RAG\Graph\Models\GraphEntity.cs(16,12): warning MA0016: Prefer using collection abstraction instead of implementation (https://github.com/meziantou/Meziantou.Analyzer/blob/main/docs/Rules/MA0016.md) [C:\Projects\Hazina\src\Core\AI\Hazina.AI.RAG\Hazina.AI.RAG.csproj::TargetFramework=net10.0]
C:\Projects\Hazina\src\Core\AI\Hazina.AI.RAG\Graph\Models\GraphEntity.cs(20,40): warning CA2227: Change 'ExternalIds' to be read-only by removing the property setter (https://learn.microsoft.com/dotnet/fundamentals/code-analysis/quality-rules/ca2227) [C:\Projects\Hazina\src\Core\AI\Hazina.AI.RAG\Hazina.AI.RAG.csproj::TargetFramework=net10.0]
C:\Projects\Hazina\src\Core\AI\Hazina.AI.RAG\Graph\Models\GraphEntity.cs(20,12): warning MA0016: Prefer using collection abstraction instead of implementation (https://github.com/meziantou/Meziantou.Analyzer/blob/main/docs/Rules/MA0016.md) [C:\Projects\Hazina\src\Core\AI\Hazina.AI.RAG\Hazina.AI.RAG.csproj::TargetFramework=net10.0]
C:\Projects\Hazina\src\Core\AI\Hazina.AI.RAG\Graph\Retrieval\HybridRetrievalService.cs(17,37): warning S4487: Remove this unread private field '_config' or refactor the code to use its value. (https://rules.sonarsource.com/csharp/RSPEC-4487) [C:\Projects\Hazina\src\Core\AI\Hazina.AI.RAG\Hazina.AI.RAG.csproj::TargetFramework=net10.0]
C:\Projects\Hazina\src\Core\AI\Hazina.AI.RAG\Graph\Models\GraphEntity.cs(19,25): warning CA2227: Change 'Aliases' to be read-only by removing the property setter (https://learn.microsoft.com/dotnet/fundamentals/code-analysis/quality-rules/ca2227) [C:\Projects\Hazina\src\Core\AI\Hazina.AI.RAG\Hazina.AI.RAG.csproj::TargetFramework=net10.0]
C:\Projects\Hazina\src\Core\AI\Hazina.AI.RAG\Graph\Models\GraphEntity.cs(19,25): warning CA1002: Change 'List<string>' in 'GraphEntity.Aliases' to use 'Collection<T>', 'ReadOnlyCollection<T>' or 'KeyedCollection<K,V>' (https://learn.microsoft.com/dotnet/fundamentals/code-analysis/quality-rules/ca1002) [C:\Projects\Hazina\src\Core\AI\Hazina.AI.RAG\Hazina.AI.RAG.csproj::TargetFramework=net10.0]
C:\Projects\Hazina\src\Core\AI\Hazina.AI.RAG\Graph\Models\GraphEntity.cs(19,12): warning MA0016: Prefer using collection abstraction instead of implementation (https://github.com/meziantou/Meziantou.Analyzer/blob/main/docs/Rules/MA0016.md) [C:\Projects\Hazina\src\Core\AI\Hazina.AI.RAG\Hazina.AI.RAG.csproj::TargetFramework=net10.0]
C:\Projects\Hazina\src\Core\AI\Hazina.AI.RAG\Graph\Retrieval\HybridRetrievalService.cs(400,13): warning MA0048: File name must match type name (https://github.com/meziantou/Meziantou.Analyzer/blob/main/docs/Rules/MA0048.md) [C:\Projects\Hazina\src\Core\AI\Hazina.AI.RAG\Hazina.AI.RAG.csproj::TargetFramework=net10.0]
C:\Projects\Hazina\src\Core\AI\Hazina.AI.RAG\Graph\Retrieval\HybridRetrievalService.cs(410,14): warning MA0048: File name must match type name (https://github.com/meziantou/Meziantou.Analyzer/blob/main/docs/Rules/MA0048.md) [C:\Projects\Hazina\src\Core\AI\Hazina.AI.RAG\Hazina.AI.RAG.csproj::TargetFramework=net10.0]
C:\Projects\Hazina\src\Core\AI\Hazina.AI.RAG\Graph\Retrieval\HybridRetrievalService.cs(413,1): warning SA1516: Elements should be separated by blank line (https://github.com/DotNetAnalyzers/StyleCopAnalyzers/blob/master/documentation/SA1516.md) [C:\Projects\Hazina\src\Core\AI\Hazina.AI.RAG\Hazina.AI.RAG.csproj::TargetFramework=net10.0]
C:\Projects\Hazina\src\Core\AI\Hazina.AI.RAG\Graph\Retrieval\HybridRetrievalService.cs(414,1): warning SA1516: Elements should be separated by blank line (https://github.com/DotNetAnalyzers/StyleCopAnalyzers/blob/master/documentation/SA1516.md) [C:\Projects\Hazina\src\Core\AI\Hazina.AI.RAG\Hazina.AI.RAG.csproj::TargetFramework=net10.0]
C:\Projects\Hazina\src\Core\AI\Hazina.AI.RAG\Graph\Retrieval\HybridRetrievalService.cs(415,1): warning SA1516: Elements should be separated by blank line (https://github.com/DotNetAnalyzers/StyleCopAnalyzers/blob/master/documentation/SA1516.md) [C:\Projects\Hazina\src\Core\AI\Hazina.AI.RAG\Hazina.AI.RAG.csproj::TargetFramework=net10.0]
C:\Projects\Hazina\src\Core\AI\Hazina.AI.RAG\Graph\Retrieval\HybridRetrievalService.cs(416,1): warning SA1516: Elements should be separated by blank line (https://github.com/DotNetAnalyzers/StyleCopAnalyzers/blob/master/documentation/SA1516.md) [C:\Projects\Hazina\src\Core\AI\Hazina.AI.RAG\Hazina.AI.RAG.csproj::TargetFramework=net10.0]
C:\Projects\Hazina\src\Core\AI\Hazina.AI.RAG\Graph\Retrieval\HybridRetrievalService.cs(417,1): warning SA1516: Elements should be separated by blank line (https://github.com/DotNetAnalyzers/StyleCopAnalyzers/blob/master/documentation/SA1516.md) [C:\Projects\Hazina\src\Core\AI\Hazina.AI.RAG\Hazina.AI.RAG.csproj::TargetFramework=net10.0]
C:\Projects\Hazina\src\Core\AI\Hazina.AI.RAG\Graph\Retrieval\HybridRetrievalService.cs(418,1): warning SA1516: Elements should be separated by blank line (https://github.com/DotNetAnalyzers/StyleCopAnalyzers/blob/master/documentation/SA1516.md) [C:\Projects\Hazina\src\Core\AI\Hazina.AI.RAG\Hazina.AI.RAG.csproj::TargetFramework=net10.0]
C:\Projects\Hazina\src\Core\AI\Hazina.AI.RAG\Interfaces\IRetrievalPipeline.cs(4,73): warning SA1629: Documentation text should end with a period (https://github.com/DotNetAnalyzers/StyleCopAnalyzers/blob/master/documentation/SA1629.md) [C:\Projects\Hazina\src\Core\AI\Hazina.AI.RAG\Hazina.AI.RAG.csproj::TargetFramework=net10.0]
C:\Projects\Hazina\src\Core\AI\Hazina.AI.RAG\Graph\Pipeline\LLMEntityExtractor.cs(166,24): warning S3459: Remove unassigned auto-property 'Description', or set its value. (https://rules.sonarsource.com/csharp/RSPEC-3459) [C:\Projects\Hazina\src\Core\AI\Hazina.AI.RAG\Hazina.AI.RAG.csproj::TargetFramework=net10.0]
C:\Projects\Hazina\src\Core\AI\Hazina.AI.RAG\Graph\Pipeline\LLMEntityExtractor.cs(167,44): warning S3459: Remove unassigned auto-property 'Properties', or set its value. (https://rules.sonarsource.com/csharp/RSPEC-3459) [C:\Projects\Hazina\src\Core\AI\Hazina.AI.RAG\Hazina.AI.RAG.csproj::TargetFramework=net10.0]
C:\Projects\Hazina\src\Core\AI\Hazina.AI.RAG\Graph\Retrieval\HybridRetrievalService.cs(424,13): warning MA0048: File name must match type name (https://github.com/meziantou/Meziantou.Analyzer/blob/main/docs/Rules/MA0048.md) [C:\Projects\Hazina\src\Core\AI\Hazina.AI.RAG\Hazina.AI.RAG.csproj::TargetFramework=net10.0]
C:\Projects\Hazina\src\Core\AI\Hazina.AI.RAG\Graph\Pipeline\LLMRelationshipExtractor.cs(202,24): warning S3459: Remove unassigned auto-property 'Description', or set its value. (https://rules.sonarsource.com/csharp/RSPEC-3459) [C:\Projects\Hazina\src\Core\AI\Hazina.AI.RAG\Hazina.AI.RAG.csproj::TargetFramework=net10.0]
C:\Projects\Hazina\src\Core\AI\Hazina.AI.RAG\Graph\Pipeline\LLMEntityExtractor.cs(166,43): warning S1144: Remove the unused private set accessor in property 'Description'. (https://rules.sonarsource.com/csharp/RSPEC-1144) [C:\Projects\Hazina\src\Core\AI\Hazina.AI.RAG\Hazina.AI.RAG.csproj::TargetFramework=net10.0]
C:\Projects\Hazina\src\Core\AI\Hazina.AI.RAG\Graph\Pipeline\LLMEntityExtractor.cs(167,62): warning S1144: Remove the unused private set accessor in property 'Properties'. (https://rules.sonarsource.com/csharp/RSPEC-1144) [C:\Projects\Hazina\src\Core\AI\Hazina.AI.RAG\Hazina.AI.RAG.csproj::TargetFramework=net10.0]
C:\Projects\Hazina\src\Core\AI\Hazina.AI.RAG\Graph\Pipeline\LLMEntityExtractor.cs(12,14): warning S101: Rename class 'LLMEntityExtractor' to match pascal case naming rules, consider using 'LlmEntityExtractor'. (https://rules.sonarsource.com/csharp/RSPEC-101) [C:\Projects\Hazina\src\Core\AI\Hazina.AI.RAG\Hazina.AI.RAG.csproj::TargetFramework=net10.0]
C:\Projects\Hazina\src\Core\AI\Hazina.AI.RAG\Graph\Models\GraphPath.cs(27,14): warning MA0048: File name must match type name (https://github.com/meziantou/Meziantou.Analyzer/blob/main/docs/Rules/MA0048.md) [C:\Projects\Hazina\src\Core\AI\Hazina.AI.RAG\Hazina.AI.RAG.csproj::TargetFramework=net10.0]
C:\Projects\Hazina\src\Core\AI\Hazina.AI.RAG\Graph\Models\GraphPath.cs(33,25): warning CA2227: Change 'AllowedRelationTypes' to be read-only by removing the property setter (https://learn.microsoft.com/dotnet/fundamentals/code-analysis/quality-rules/ca2227) [C:\Projects\Hazina\src\Core\AI\Hazina.AI.RAG\Hazina.AI.RAG.csproj::TargetFramework=net10.0]
C:\Projects\Hazina\src\Core\AI\Hazina.AI.RAG\Graph\Models\GraphPath.cs(33,25): warning CA1002: Change 'List<string>' in 'PathFindingOptions.AllowedRelationTypes' to use 'Collection<T>', 'ReadOnlyCollection<T>' or 'KeyedCollection<K,V>' (https://learn.microsoft.com/dotnet/fundamentals/code-analysis/quality-rules/ca1002) [C:\Projects\Hazina\src\Core\AI\Hazina.AI.RAG\Hazina.AI.RAG.csproj::TargetFramework=net10.0]
C:\Projects\Hazina\src\Core\AI\Hazina.AI.RAG\Graph\Models\GraphPath.cs(33,12): warning MA0016: Prefer using collection abstraction instead of implementation (https://github.com/meziantou/Meziantou.Analyzer/blob/main/docs/Rules/MA0016.md) [C:\Projects\Hazina\src\Core\AI\Hazina.AI.RAG\Hazina.AI.RAG.csproj::TargetFramework=net10.0]
C:\Projects\Hazina\src\Core\AI\Hazina.AI.RAG\Graph\Pipeline\LLMRelationshipExtractor.cs(19,26): warning SA1310: Field 'RELATIONSHIP_EXTRACTION_PROMPT' should not contain an underscore (https://github.com/DotNetAnalyzers/StyleCopAnalyzers/blob/master/documentation/SA1310.md) [C:\Projects\Hazina\src\Core\AI\Hazina.AI.RAG\Hazina.AI.RAG.csproj::TargetFramework=net10.0]
C:\Projects\Hazina\src\Core\AI\Hazina.AI.RAG\Embeddings\HierarchicalChunker.cs(1,1): warning SA1633: The file header is missing or not located at the top of the file. (https://github.com/DotNetAnalyzers/StyleCopAnalyzers/blob/master/documentation/SA1633.md) [C:\Projects\Hazina\src\Core\AI\Hazina.AI.RAG\Hazina.AI.RAG.csproj::TargetFramework=net10.0]
C:\Projects\Hazina\src\Core\AI\Hazina.AI.RAG\Graph\Models\GraphPath.cs(34,25): warning CA2227: Change 'AllowedEntityTypes' to be read-only by removing the property setter (https://learn.microsoft.com/dotnet/fundamentals/code-analysis/quality-rules/ca2227) [C:\Projects\Hazina\src\Core\AI\Hazina.AI.RAG\Hazina.AI.RAG.csproj::TargetFramework=net10.0]
C:\Projects\Hazina\src\Core\AI\Hazina.AI.RAG\Graph\Models\GraphPath.cs(34,25): warning CA1002: Change 'List<string>' in 'PathFindingOptions.AllowedEntityTypes' to use 'Collection<T>', 'ReadOnlyCollection<T>' or 'KeyedCollection<K,V>' (https://learn.microsoft.com/dotnet/fundamentals/code-analysis/quality-rules/ca1002) [C:\Projects\Hazina\src\Core\AI\Hazina.AI.RAG\Hazina.AI.RAG.csproj::TargetFramework=net10.0]
C:\Projects\Hazina\src\Core\AI\Hazina.AI.RAG\Graph\Models\GraphPath.cs(34,12): warning MA0016: Prefer using collection abstraction instead of implementation (https://github.com/meziantou/Meziantou.Analyzer/blob/main/docs/Rules/MA0016.md) [C:\Projects\Hazina\src\Core\AI\Hazina.AI.RAG\Hazina.AI.RAG.csproj::TargetFramework=net10.0]
C:\Projects\Hazina\src\Core\AI\Hazina.AI.RAG\Graph\Models\GraphPath.cs(32,43): warning CA1805: Member 'AllowCycles' is explicitly initialized to its default value (https://learn.microsoft.com/dotnet/fundamentals/code-analysis/quality-rules/ca1805) [C:\Projects\Hazina\src\Core\AI\Hazina.AI.RAG\Hazina.AI.RAG.csproj::TargetFramework=net10.0]
C:\Projects\Hazina\src\Core\AI\Hazina.AI.RAG\Graph\Pipeline\LLMRelationshipExtractor.cs(202,43): warning S1144: Remove the unused private set accessor in property 'Description'. (https://rules.sonarsource.com/csharp/RSPEC-1144) [C:\Projects\Hazina\src\Core\AI\Hazina.AI.RAG\Hazina.AI.RAG.csproj::TargetFramework=net10.0]
C:\Projects\Hazina\src\Core\AI\Hazina.AI.RAG\Graph\Models\GraphPath.cs(38,13): warning MA0048: File name must match type name (https://github.com/meziantou/Meziantou.Analyzer/blob/main/docs/Rules/MA0048.md) [C:\Projects\Hazina\src\Core\AI\Hazina.AI.RAG\Hazina.AI.RAG.csproj::TargetFramework=net10.0]
C:\Projects\Hazina\src\Core\AI\Hazina.AI.RAG\Graph\Models\GraphPath.cs(30,1): warning SA1516: Elements should be separated by blank line (https://github.com/DotNetAnalyzers/StyleCopAnalyzers/blob/master/documentation/SA1516.md) [C:\Projects\Hazina\src\Core\AI\Hazina.AI.RAG\Hazina.AI.RAG.csproj::TargetFramework=net10.0]
C:\Projects\Hazina\src\Core\AI\Hazina.AI.RAG\Graph\Models\GraphPath.cs(31,1): warning SA1516: Elements should be separated by blank line (https://github.com/DotNetAnalyzers/StyleCopAnalyzers/blob/master/documentation/SA1516.md) [C:\Projects\Hazina\src\Core\AI\Hazina.AI.RAG\Hazina.AI.RAG.csproj::TargetFramework=net10.0]
C:\Projects\Hazina\src\Core\AI\Hazina.AI.RAG\Graph\Models\GraphPath.cs(32,1): warning SA1516: Elements should be separated by blank line (https://github.com/DotNetAnalyzers/StyleCopAnalyzers/blob/master/documentation/SA1516.md) [C:\Projects\Hazina\src\Core\AI\Hazina.AI.RAG\Hazina.AI.RAG.csproj::TargetFramework=net10.0]
C:\Projects\Hazina\src\Core\AI\Hazina.AI.RAG\Graph\Models\GraphPath.cs(33,1): warning SA1516: Elements should be separated by blank line (https://github.com/DotNetAnalyzers/StyleCopAnalyzers/blob/master/documentation/SA1516.md) [C:\Projects\Hazina\src\Core\AI\Hazina.AI.RAG\Hazina.AI.RAG.csproj::TargetFramework=net10.0]
C:\Projects\Hazina\src\Core\AI\Hazina.AI.RAG\Graph\Models\GraphPath.cs(34,1): warning SA1516: Elements should be separated by blank line (https://github.com/DotNetAnalyzers/StyleCopAnalyzers/blob/master/documentation/SA1516.md) [C:\Projects\Hazina\src\Core\AI\Hazina.AI.RAG\Hazina.AI.RAG.csproj::TargetFramework=net10.0]
C:\Projects\Hazina\src\Core\AI\Hazina.AI.RAG\Graph\Models\GraphPath.cs(35,1): warning SA1516: Elements should be separated by blank line (https://github.com/DotNetAnalyzers/StyleCopAnalyzers/blob/master/documentation/SA1516.md) [C:\Projects\Hazina\src\Core\AI\Hazina.AI.RAG\Hazina.AI.RAG.csproj::TargetFramework=net10.0]
C:\Projects\Hazina\src\Core\AI\Hazina.AI.RAG\Graph\Pipeline\LLMRelationshipExtractor.cs(13,14): warning S101: Rename class 'LLMRelationshipExtractor' to match pascal case naming rules, consider using 'LlmRelationshipExtractor'. (https://rules.sonarsource.com/csharp/RSPEC-101) [C:\Projects\Hazina\src\Core\AI\Hazina.AI.RAG\Hazina.AI.RAG.csproj::TargetFramework=net10.0]
C:\Projects\Hazina\src\Core\AI\Hazina.AI.RAG\Graph\Models\GraphPath.cs(38,42): warning SA1136: Enum values should be on separate lines (https://github.com/DotNetAnalyzers/StyleCopAnalyzers/blob/master/documentation/SA1136.md) [C:\Projects\Hazina\src\Core\AI\Hazina.AI.RAG\Hazina.AI.RAG.csproj::TargetFramework=net10.0]
C:\Projects\Hazina\src\Core\AI\Hazina.AI.RAG\Graph\Models\GraphPath.cs(38,54): warning SA1136: Enum values should be on separate lines (https://github.com/DotNetAnalyzers/StyleCopAnalyzers/blob/master/documentation/SA1136.md) [C:\Projects\Hazina\src\Core\AI\Hazina.AI.RAG\Hazina.AI.RAG.csproj::TargetFramework=net10.0]
C:\Projects\Hazina\src\Core\AI\Hazina.AI.RAG\Graph\Models\GraphPath.cs(38,65): warning SA1136: Enum values should be on separate lines (https://github.com/DotNetAnalyzers/StyleCopAnalyzers/blob/master/documentation/SA1136.md) [C:\Projects\Hazina\src\Core\AI\Hazina.AI.RAG\Hazina.AI.RAG.csproj::TargetFramework=net10.0]
C:\Projects\Hazina\src\Core\AI\Hazina.AI.RAG\Embeddings\HierarchicalChunker.cs(351,14): warning SA1402: File may only contain a single type (https://github.com/DotNetAnalyzers/StyleCopAnalyzers/blob/master/documentation/SA1402.md) [C:\Projects\Hazina\src\Core\AI\Hazina.AI.RAG\Hazina.AI.RAG.csproj::TargetFramework=net10.0]
C:\Projects\Hazina\src\Core\AI\Hazina.AI.RAG\Retrieval\Reranker.cs(7,57): warning SA1629: Documentation text should end with a period (https://github.com/DotNetAnalyzers/StyleCopAnalyzers/blob/master/documentation/SA1629.md) [C:\Projects\Hazina\src\Core\AI\Hazina.AI.RAG\Hazina.AI.RAG.csproj::TargetFramework=net10.0]
C:\Projects\Hazina\src\Core\AI\Hazina.AI.RAG\Graph\Pipeline\LLMRelationshipExtractor.cs(200,1): warning SA1516: Elements should be separated by blank line (https://github.com/DotNetAnalyzers/StyleCopAnalyzers/blob/master/documentation/SA1516.md) [C:\Projects\Hazina\src\Core\AI\Hazina.AI.RAG\Hazina.AI.RAG.csproj::TargetFramework=net10.0]
C:\Projects\Hazina\src\Core\AI\Hazina.AI.RAG\Graph\Pipeline\LLMRelationshipExtractor.cs(201,1): warning SA1516: Elements should be separated by blank line (https://github.com/DotNetAnalyzers/StyleCopAnalyzers/blob/master/documentation/SA1516.md) [C:\Projects\Hazina\src\Core\AI\Hazina.AI.RAG\Hazina.AI.RAG.csproj::TargetFramework=net10.0]
C:\Projects\Hazina\src\Core\AI\Hazina.AI.RAG\Graph\Pipeline\LLMRelationshipExtractor.cs(202,1): warning SA1516: Elements should be separated by blank line (https://github.com/DotNetAnalyzers/StyleCopAnalyzers/blob/master/documentation/SA1516.md) [C:\Projects\Hazina\src\Core\AI\Hazina.AI.RAG\Hazina.AI.RAG.csproj::TargetFramework=net10.0]
C:\Projects\Hazina\src\Core\AI\Hazina.AI.RAG\Graph\Pipeline\LLMRelationshipExtractor.cs(203,1): warning SA1516: Elements should be separated by blank line (https://github.com/DotNetAnalyzers/StyleCopAnalyzers/blob/master/documentation/SA1516.md) [C:\Projects\Hazina\src\Core\AI\Hazina.AI.RAG\Hazina.AI.RAG.csproj::TargetFramework=net10.0]
C:\Projects\Hazina\src\Core\AI\Hazina.AI.RAG\Graph\Pipeline\LLMRelationshipExtractor.cs(204,1): warning SA1516: Elements should be separated by blank line (https://github.com/DotNetAnalyzers/StyleCopAnalyzers/blob/master/documentation/SA1516.md) [C:\Projects\Hazina\src\Core\AI\Hazina.AI.RAG\Hazina.AI.RAG.csproj::TargetFramework=net10.0]
C:\Projects\Hazina\src\Core\AI\Hazina.AI.RAG\Graph\Models\GraphRelationship.cs(24,14): warning MA0048: File name must match type name (https://github.com/meziantou/Meziantou.Analyzer/blob/main/docs/Rules/MA0048.md) [C:\Projects\Hazina\src\Core\AI\Hazina.AI.RAG\Hazina.AI.RAG.csproj::TargetFramework=net10.0]
C:\Projects\Hazina\src\Core\AI\Hazina.AI.RAG\Graph\Pipeline\LLMEntityExtractor.cs(18,26): warning SA1310: Field 'ENTITY_EXTRACTION_PROMPT' should not contain an underscore (https://github.com/DotNetAnalyzers/StyleCopAnalyzers/blob/master/documentation/SA1310.md) [C:\Projects\Hazina\src\Core\AI\Hazina.AI.RAG\Hazina.AI.RAG.csproj::TargetFramework=net10.0]
C:\Projects\Hazina\src\Core\AI\Hazina.AI.RAG\Graph\Pipeline\LLMRelationshipExtractor.cs(204,51): warning CA1805: Member 'IsBidirectional' is explicitly initialized to its default value (https://learn.microsoft.com/dotnet/fundamentals/code-analysis/quality-rules/ca1805) [C:\Projects\Hazina\src\Core\AI\Hazina.AI.RAG\Hazina.AI.RAG.csproj::TargetFramework=net10.0]
C:\Projects\Hazina\src\Core\AI\Hazina.AI.RAG\Graph\Pipeline\LLMEntityExtractor.cs(165,1): warning SA1516: Elements should be separated by blank line (https://github.com/DotNetAnalyzers/StyleCopAnalyzers/blob/master/documentation/SA1516.md) [C:\Projects\Hazina\src\Core\AI\Hazina.AI.RAG\Hazina.AI.RAG.csproj::TargetFramework=net10.0]
C:\Projects\Hazina\src\Core\AI\Hazina.AI.RAG\Graph\Pipeline\LLMEntityExtractor.cs(166,1): warning SA1516: Elements should be separated by blank line (https://github.com/DotNetAnalyzers/StyleCopAnalyzers/blob/master/documentation/SA1516.md) [C:\Projects\Hazina\src\Core\AI\Hazina.AI.RAG\Hazina.AI.RAG.csproj::TargetFramework=net10.0]
C:\Projects\Hazina\src\Core\AI\Hazina.AI.RAG\Graph\Pipeline\LLMEntityExtractor.cs(167,1): warning SA1516: Elements should be separated by blank line (https://github.com/DotNetAnalyzers/StyleCopAnalyzers/blob/master/documentation/SA1516.md) [C:\Projects\Hazina\src\Core\AI\Hazina.AI.RAG\Hazina.AI.RAG.csproj::TargetFramework=net10.0]
C:\Projects\Hazina\src\Core\AI\Hazina.AI.RAG\Graph\Pipeline\LLMEntityExtractor.cs(168,1): warning SA1516: Elements should be separated by blank line (https://github.com/DotNetAnalyzers/StyleCopAnalyzers/blob/master/documentation/SA1516.md) [C:\Projects\Hazina\src\Core\AI\Hazina.AI.RAG\Hazina.AI.RAG.csproj::TargetFramework=net10.0]
C:\Projects\Hazina\src\Core\AI\Hazina.AI.RAG\Graph\Models\GraphRelationship.cs(27,1): warning SA1516: Elements should be separated by blank line (https://github.com/DotNetAnalyzers/StyleCopAnalyzers/blob/master/documentation/SA1516.md) [C:\Projects\Hazina\src\Core\AI\Hazina.AI.RAG\Hazina.AI.RAG.csproj::TargetFramework=net10.0]
C:\Projects\Hazina\src\Core\AI\Hazina.AI.RAG\Graph\Models\GraphRelationship.cs(28,1): warning SA1516: Elements should be separated by blank line (https://github.com/DotNetAnalyzers/StyleCopAnalyzers/blob/master/documentation/SA1516.md) [C:\Projects\Hazina\src\Core\AI\Hazina.AI.RAG\Hazina.AI.RAG.csproj::TargetFramework=net10.0]
C:\Projects\Hazina\src\Core\AI\Hazina.AI.RAG\Graph\Models\GraphRelationship.cs(9,1): warning SA1516: Elements should be separated by blank line (https://github.com/DotNetAnalyzers/StyleCopAnalyzers/blob/master/documentation/SA1516.md) [C:\Projects\Hazina\src\Core\AI\Hazina.AI.RAG\Hazina.AI.RAG.csproj::TargetFramework=net10.0]
C:\Projects\Hazina\src\Core\AI\Hazina.AI.RAG\Graph\Models\GraphRelationship.cs(10,1): warning SA1516: Elements should be separated by blank line (https://github.com/DotNetAnalyzers/StyleCopAnalyzers/blob/master/documentation/SA1516.md) [C:\Projects\Hazina\src\Core\AI\Hazina.AI.RAG\Hazina.AI.RAG.csproj::TargetFramework=net10.0]
C:\Projects\Hazina\src\Core\AI\Hazina.AI.RAG\Graph\Models\GraphRelationship.cs(11,1): warning SA1516: Elements should be separated by blank line (https://github.com/DotNetAnalyzers/StyleCopAnalyzers/blob/master/documentation/SA1516.md) [C:\Projects\Hazina\src\Core\AI\Hazina.AI.RAG\Hazina.AI.RAG.csproj::TargetFramework=net10.0]
C:\Projects\Hazina\src\Core\AI\Hazina.AI.RAG\Graph\Models\GraphRelationship.cs(20,47): warning CA1805: Member 'IsBidirectional' is explicitly initialized to its default value (https://learn.microsoft.com/dotnet/fundamentals/code-analysis/quality-rules/ca1805) [C:\Projects\Hazina\src\Core\AI\Hazina.AI.RAG\Hazina.AI.RAG.csproj::TargetFramework=net10.0]
C:\Projects\Hazina\src\Core\AI\Hazina.AI.RAG\Graph\Models\GraphRelationship.cs(12,1): warning SA1516: Elements should be separated by blank line (https://github.com/DotNetAnalyzers/StyleCopAnalyzers/blob/master/documentation/SA1516.md) [C:\Projects\Hazina\src\Core\AI\Hazina.AI.RAG\Hazina.AI.RAG.csproj::TargetFramework=net10.0]
C:\Projects\Hazina\src\Core\AI\Hazina.AI.RAG\Graph\Models\GraphRelationship.cs(13,1): warning SA1516: Elements should be separated by blank line (https://github.com/DotNetAnalyzers/StyleCopAnalyzers/blob/master/documentation/SA1516.md) [C:\Projects\Hazina\src\Core\AI\Hazina.AI.RAG\Hazina.AI.RAG.csproj::TargetFramework=net10.0]
C:\Projects\Hazina\src\Core\AI\Hazina.AI.RAG\Graph\Models\GraphRelationship.cs(14,1): warning SA1516: Elements should be separated by blank line (https://github.com/DotNetAnalyzers/StyleCopAnalyzers/blob/master/documentation/SA1516.md) [C:\Projects\Hazina\src\Core\AI\Hazina.AI.RAG\Hazina.AI.RAG.csproj::TargetFramework=net10.0]
C:\Projects\Hazina\src\Core\AI\Hazina.AI.RAG\Graph\Models\GraphRelationship.cs(15,1): warning SA1516: Elements should be separated by blank line (https://github.com/DotNetAnalyzers/StyleCopAnalyzers/blob/master/documentation/SA1516.md) [C:\Projects\Hazina\src\Core\AI\Hazina.AI.RAG\Hazina.AI.RAG.csproj::TargetFramework=net10.0]
C:\Projects\Hazina\src\Core\AI\Hazina.AI.RAG\Graph\Models\GraphRelationship.cs(16,1): warning SA1516: Elements should be separated by blank line (https://github.com/DotNetAnalyzers/StyleCopAnalyzers/blob/master/documentation/SA1516.md) [C:\Projects\Hazina\src\Core\AI\Hazina.AI.RAG\Hazina.AI.RAG.csproj::TargetFramework=net10.0]
C:\Projects\Hazina\src\Core\AI\Hazina.AI.RAG\Graph\Models\GraphRelationship.cs(17,1): warning SA1516: Elements should be separated by blank line (https://github.com/DotNetAnalyzers/StyleCopAnalyzers/blob/master/documentation/SA1516.md) [C:\Projects\Hazina\src\Core\AI\Hazina.AI.RAG\Hazina.AI.RAG.csproj::TargetFramework=net10.0]
C:\Projects\Hazina\src\Core\AI\Hazina.AI.RAG\Graph\Models\GraphRelationship.cs(18,1): warning SA1516: Elements should be separated by blank line (https://github.com/DotNetAnalyzers/StyleCopAnalyzers/blob/master/documentation/SA1516.md) [C:\Projects\Hazina\src\Core\AI\Hazina.AI.RAG\Hazina.AI.RAG.csproj::TargetFramework=net10.0]
C:\Projects\Hazina\src\Core\AI\Hazina.AI.RAG\Graph\Models\GraphRelationship.cs(19,1): warning SA1516: Elements should be separated by blank line (https://github.com/DotNetAnalyzers/StyleCopAnalyzers/blob/master/documentation/SA1516.md) [C:\Projects\Hazina\src\Core\AI\Hazina.AI.RAG\Hazina.AI.RAG.csproj::TargetFramework=net10.0]
C:\Projects\Hazina\src\Core\AI\Hazina.AI.RAG\Graph\Models\GraphRelationship.cs(20,1): warning SA1516: Elements should be separated by blank line (https://github.com/DotNetAnalyzers/StyleCopAnalyzers/blob/master/documentation/SA1516.md) [C:\Projects\Hazina\src\Core\AI\Hazina.AI.RAG\Hazina.AI.RAG.csproj::TargetFramework=net10.0]
C:\Projects\Hazina\src\Core\AI\Hazina.AI.RAG\Graph\Models\GraphRelationship.cs(21,1): warning SA1516: Elements should be separated by blank line (https://github.com/DotNetAnalyzers/StyleCopAnalyzers/blob/master/documentation/SA1516.md) [C:\Projects\Hazina\src\Core\AI\Hazina.AI.RAG\Hazina.AI.RAG.csproj::TargetFramework=net10.0]
C:\Projects\Hazina\src\Core\AI\Hazina.AI.RAG\Graph\Models\GraphRelationship.cs(13,39): warning CA2227: Change 'Properties' to be read-only by removing the property setter (https://learn.microsoft.com/dotnet/fundamentals/code-analysis/quality-rules/ca2227) [C:\Projects\Hazina\src\Core\AI\Hazina.AI.RAG\Hazina.AI.RAG.csproj::TargetFramework=net10.0]
C:\Projects\Hazina\src\Core\AI\Hazina.AI.RAG\Graph\Models\GraphRelationship.cs(13,12): warning MA0016: Prefer using collection abstraction instead of implementation (https://github.com/meziantou/Meziantou.Analyzer/blob/main/docs/Rules/MA0016.md) [C:\Projects\Hazina\src\Core\AI\Hazina.AI.RAG\Hazina.AI.RAG.csproj::TargetFramework=net10.0]
C:\Projects\Hazina\src\Core\AI\Hazina.AI.RAG\Graph\Pipeline\LLMTextService.cs(9,14): warning S101: Rename class 'LLMTextService' to match pascal case naming rules, consider using 'LlmTextService'. (https://rules.sonarsource.com/csharp/RSPEC-101) [C:\Projects\Hazina\src\Core\AI\Hazina.AI.RAG\Hazina.AI.RAG.csproj::TargetFramework=net10.0]
C:\Projects\Hazina\src\Core\AI\Hazina.AI.RAG\Graph\Models\GraphSchema.cs(12,39): warning CA2227: Change 'RelationHierarchy' to be read-only by removing the property setter (https://learn.microsoft.com/dotnet/fundamentals/code-analysis/quality-rules/ca2227) [C:\Projects\Hazina\src\Core\AI\Hazina.AI.RAG\Hazina.AI.RAG.csproj::TargetFramework=net10.0]
C:\Projects\Hazina\src\Core\AI\Hazina.AI.RAG\Graph\Models\GraphSchema.cs(11,39): warning CA2227: Change 'EntityHierarchy' to be read-only by removing the property setter (https://learn.microsoft.com/dotnet/fundamentals/code-analysis/quality-rules/ca2227) [C:\Projects\Hazina\src\Core\AI\Hazina.AI.RAG\Hazina.AI.RAG.csproj::TargetFramework=net10.0]
C:\Projects\Hazina\src\Core\AI\Hazina.AI.RAG\Graph\Models\GraphSchema.cs(10,45): warning CA2227: Change 'AllowedRelations' to be read-only by removing the property setter (https://learn.microsoft.com/dotnet/fundamentals/code-analysis/quality-rules/ca2227) [C:\Projects\Hazina\src\Core\AI\Hazina.AI.RAG\Hazina.AI.RAG.csproj::TargetFramework=net10.0]
C:\Projects\Hazina\src\Core\AI\Hazina.AI.RAG\Graph\Models\GraphSchema.cs(12,12): warning MA0016: Prefer using collection abstraction instead of implementation (https://github.com/meziantou/Meziantou.Analyzer/blob/main/docs/Rules/MA0016.md) [C:\Projects\Hazina\src\Core\AI\Hazina.AI.RAG\Hazina.AI.RAG.csproj::TargetFramework=net10.0]
C:\Projects\Hazina\src\Core\AI\Hazina.AI.RAG\Graph\Models\GraphSchema.cs(10,12): warning MA0016: Prefer using collection abstraction instead of implementation (https://github.com/meziantou/Meziantou.Analyzer/blob/main/docs/Rules/MA0016.md) [C:\Projects\Hazina\src\Core\AI\Hazina.AI.RAG\Hazina.AI.RAG.csproj::TargetFramework=net10.0]
C:\Projects\Hazina\src\Core\AI\Hazina.AI.RAG\Graph\Models\GraphSchema.cs(11,12): warning MA0016: Prefer using collection abstraction instead of implementation (https://github.com/meziantou/Meziantou.Analyzer/blob/main/docs/Rules/MA0016.md) [C:\Projects\Hazina\src\Core\AI\Hazina.AI.RAG\Hazina.AI.RAG.csproj::TargetFramework=net10.0]
C:\Projects\Hazina\src\Core\AI\Hazina.AI.RAG\Graph\Models\GraphSchema.cs(8,25): warning CA2227: Change 'EntityTypes' to be read-only by removing the property setter (https://learn.microsoft.com/dotnet/fundamentals/code-analysis/quality-rules/ca2227) [C:\Projects\Hazina\src\Core\AI\Hazina.AI.RAG\Hazina.AI.RAG.csproj::TargetFramework=net10.0]
C:\Projects\Hazina\src\Core\AI\Hazina.AI.RAG\Graph\Models\GraphSchema.cs(8,25): warning CA1002: Change 'List<string>' in 'GraphSchema.EntityTypes' to use 'Collection<T>', 'ReadOnlyCollection<T>' or 'KeyedCollection<K,V>' (https://learn.microsoft.com/dotnet/fundamentals/code-analysis/quality-rules/ca1002) [C:\Projects\Hazina\src\Core\AI\Hazina.AI.RAG\Hazina.AI.RAG.csproj::TargetFramework=net10.0]
C:\Projects\Hazina\src\Core\AI\Hazina.AI.RAG\Graph\Models\GraphSchema.cs(8,12): warning MA0016: Prefer using collection abstraction instead of implementation (https://github.com/meziantou/Meziantou.Analyzer/blob/main/docs/Rules/MA0016.md) [C:\Projects\Hazina\src\Core\AI\Hazina.AI.RAG\Hazina.AI.RAG.csproj::TargetFramework=net10.0]
C:\Projects\Hazina\src\Core\AI\Hazina.AI.RAG\Graph\Models\GraphSchema.cs(9,1): warning SA1516: Elements should be separated by blank line (https://github.com/DotNetAnalyzers/StyleCopAnalyzers/blob/master/documentation/SA1516.md) [C:\Projects\Hazina\src\Core\AI\Hazina.AI.RAG\Hazina.AI.RAG.csproj::TargetFramework=net10.0]
C:\Projects\Hazina\src\Core\AI\Hazina.AI.RAG\Graph\Models\GraphSchema.cs(10,1): warning SA1516: Elements should be separated by blank line (https://github.com/DotNetAnalyzers/StyleCopAnalyzers/blob/master/documentation/SA1516.md) [C:\Projects\Hazina\src\Core\AI\Hazina.AI.RAG\Hazina.AI.RAG.csproj::TargetFramework=net10.0]
C:\Projects\Hazina\src\Core\AI\Hazina.AI.RAG\Graph\Models\GraphSchema.cs(11,1): warning SA1516: Elements should be separated by blank line (https://github.com/DotNetAnalyzers/StyleCopAnalyzers/blob/master/documentation/SA1516.md) [C:\Projects\Hazina\src\Core\AI\Hazina.AI.RAG\Hazina.AI.RAG.csproj::TargetFramework=net10.0]
C:\Projects\Hazina\src\Core\AI\Hazina.AI.RAG\Graph\Models\GraphSchema.cs(12,1): warning SA1516: Elements should be separated by blank line (https://github.com/DotNetAnalyzers/StyleCopAnalyzers/blob/master/documentation/SA1516.md) [C:\Projects\Hazina\src\Core\AI\Hazina.AI.RAG\Hazina.AI.RAG.csproj::TargetFramework=net10.0]
C:\Projects\Hazina\src\Core\AI\Hazina.AI.RAG\Graph\Models\GraphSchema.cs(13,1): warning SA1516: Elements should be separated by blank line (https://github.com/DotNetAnalyzers/StyleCopAnalyzers/blob/master/documentation/SA1516.md) [C:\Projects\Hazina\src\Core\AI\Hazina.AI.RAG\Hazina.AI.RAG.csproj::TargetFramework=net10.0]
C:\Projects\Hazina\src\Core\AI\Hazina.AI.RAG\Graph\Models\GraphSchema.cs(16,1): warning SA1516: Elements should be separated by blank line (https://github.com/DotNetAnalyzers/StyleCopAnalyzers/blob/master/documentation/SA1516.md) [C:\Projects\Hazina\src\Core\AI\Hazina.AI.RAG\Hazina.AI.RAG.csproj::TargetFramework=net10.0]
C:\Projects\Hazina\src\Core\AI\Hazina.AI.RAG\Graph\Models\GraphSchema.cs(19,1): warning SA1516: Elements should be separated by blank line (https://github.com/DotNetAnalyzers/StyleCopAnalyzers/blob/master/documentation/SA1516.md) [C:\Projects\Hazina\src\Core\AI\Hazina.AI.RAG\Hazina.AI.RAG.csproj::TargetFramework=net10.0]
C:\Projects\Hazina\src\Core\AI\Hazina.AI.RAG\Graph\Models\GraphRelationship.cs(13,66): warning MA0002: Use an overload that has a IEqualityComparer<string> or IComparer<string> parameter (https://github.com/meziantou/Meziantou.Analyzer/blob/main/docs/Rules/MA0002.md) [C:\Projects\Hazina\src\Core\AI\Hazina.AI.RAG\Hazina.AI.RAG.csproj::TargetFramework=net10.0]
C:\Projects\Hazina\src\Core\AI\Hazina.AI.RAG\Graph\Models\GraphSchema.cs(10,78): warning MA0002: Use an overload that has a IEqualityComparer<string> or IComparer<string> parameter (https://github.com/meziantou/Meziantou.Analyzer/blob/main/docs/Rules/MA0002.md) [C:\Projects\Hazina\src\Core\AI\Hazina.AI.RAG\Hazina.AI.RAG.csproj::TargetFramework=net10.0]
C:\Projects\Hazina\src\Core\AI\Hazina.AI.RAG\Graph\Models\GraphSchema.cs(9,25): warning CA2227: Change 'RelationTypes' to be read-only by removing the property setter (https://learn.microsoft.com/dotnet/fundamentals/code-analysis/quality-rules/ca2227) [C:\Projects\Hazina\src\Core\AI\Hazina.AI.RAG\Hazina.AI.RAG.csproj::TargetFramework=net10.0]
C:\Projects\Hazina\src\Core\AI\Hazina.AI.RAG\Graph\Models\GraphSchema.cs(9,25): warning CA1002: Change 'List<string>' in 'GraphSchema.RelationTypes' to use 'Collection<T>', 'ReadOnlyCollection<T>' or 'KeyedCollection<K,V>' (https://learn.microsoft.com/dotnet/fundamentals/code-analysis/quality-rules/ca1002) [C:\Projects\Hazina\src\Core\AI\Hazina.AI.RAG\Hazina.AI.RAG.csproj::TargetFramework=net10.0]
C:\Projects\Hazina\src\Core\AI\Hazina.AI.RAG\Graph\Models\GraphSchema.cs(9,12): warning MA0016: Prefer using collection abstraction instead of implementation (https://github.com/meziantou/Meziantou.Analyzer/blob/main/docs/Rules/MA0016.md) [C:\Projects\Hazina\src\Core\AI\Hazina.AI.RAG\Hazina.AI.RAG.csproj::TargetFramework=net10.0]
C:\Projects\Hazina\src\Core\AI\Hazina.AI.RAG\Graph\Models\GraphSchema.cs(13,48): warning CA1805: Member 'StrictValidation' is explicitly initialized to its default value (https://learn.microsoft.com/dotnet/fundamentals/code-analysis/quality-rules/ca1805) [C:\Projects\Hazina\src\Core\AI\Hazina.AI.RAG\Hazina.AI.RAG.csproj::TargetFramework=net10.0]
C:\Projects\Hazina\src\Core\AI\Hazina.AI.RAG\Graph\Models\GraphSchema.cs(11,71): warning MA0002: Use an overload that has a IEqualityComparer<string> or IComparer<string> parameter (https://github.com/meziantou/Meziantou.Analyzer/blob/main/docs/Rules/MA0002.md) [C:\Projects\Hazina\src\Core\AI\Hazina.AI.RAG\Hazina.AI.RAG.csproj::TargetFramework=net10.0]
C:\Projects\Hazina\src\Core\AI\Hazina.AI.RAG\Graph\Models\GraphSchema.cs(12,73): warning MA0002: Use an overload that has a IEqualityComparer<string> or IComparer<string> parameter (https://github.com/meziantou/Meziantou.Analyzer/blob/main/docs/Rules/MA0002.md) [C:\Projects\Hazina\src\Core\AI\Hazina.AI.RAG\Hazina.AI.RAG.csproj::TargetFramework=net10.0]
C:\Projects\Hazina\src\Core\AI\Hazina.AI.RAG\Graph\Models\GraphPath.cs(9,36): warning CA2227: Change 'Relationships' to be read-only by removing the property setter (https://learn.microsoft.com/dotnet/fundamentals/code-analysis/quality-rules/ca2227) [C:\Projects\Hazina\src\Core\AI\Hazina.AI.RAG\Hazina.AI.RAG.csproj::TargetFramework=net10.0]
C:\Projects\Hazina\src\Core\AI\Hazina.AI.RAG\Graph\Models\GraphPath.cs(9,36): warning CA1002: Change 'List<GraphRelationship>' in 'GraphPath.Relationships' to use 'Collection<T>', 'ReadOnlyCollection<T>' or 'KeyedCollection<K,V>' (https://learn.microsoft.com/dotnet/fundamentals/code-analysis/quality-rules/ca1002) [C:\Projects\Hazina\src\Core\AI\Hazina.AI.RAG\Hazina.AI.RAG.csproj::TargetFramework=net10.0]
C:\Projects\Hazina\src\Core\AI\Hazina.AI.RAG\Graph\Models\GraphPath.cs(9,12): warning MA0016: Prefer using collection abstraction instead of implementation (https://github.com/meziantou/Meziantou.Analyzer/blob/main/docs/Rules/MA0016.md) [C:\Projects\Hazina\src\Core\AI\Hazina.AI.RAG\Hazina.AI.RAG.csproj::TargetFramework=net10.0]
C:\Projects\Hazina\src\Core\AI\Hazina.AI.RAG\Graph\Models\GraphPath.cs(8,30): warning CA2227: Change 'Entities' to be read-only by removing the property setter (https://learn.microsoft.com/dotnet/fundamentals/code-analysis/quality-rules/ca2227) [C:\Projects\Hazina\src\Core\AI\Hazina.AI.RAG\Hazina.AI.RAG.csproj::TargetFramework=net10.0]
C:\Projects\Hazina\src\Core\AI\Hazina.AI.RAG\Graph\Models\GraphPath.cs(8,30): warning CA1002: Change 'List<GraphEntity>' in 'GraphPath.Entities' to use 'Collection<T>', 'ReadOnlyCollection<T>' or 'KeyedCollection<K,V>' (https://learn.microsoft.com/dotnet/fundamentals/code-analysis/quality-rules/ca1002) [C:\Projects\Hazina\src\Core\AI\Hazina.AI.RAG\Hazina.AI.RAG.csproj::TargetFramework=net10.0]
C:\Projects\Hazina\src\Core\AI\Hazina.AI.RAG\Graph\Models\GraphPath.cs(8,12): warning MA0016: Prefer using collection abstraction instead of implementation (https://github.com/meziantou/Meziantou.Analyzer/blob/main/docs/Rules/MA0016.md) [C:\Projects\Hazina\src\Core\AI\Hazina.AI.RAG\Hazina.AI.RAG.csproj::TargetFramework=net10.0]
C:\Projects\Hazina\src\Core\AI\Hazina.AI.RAG\Graph\Storage\IGraphStore.cs(106,14): warning MA0048: File name must match type name (https://github.com/meziantou/Meziantou.Analyzer/blob/main/docs/Rules/MA0048.md) [C:\Projects\Hazina\src\Core\AI\Hazina.AI.RAG\Hazina.AI.RAG.csproj::TargetFramework=net10.0]
C:\Projects\Hazina\src\Core\AI\Hazina.AI.RAG\Graph\Models\GraphPath.cs(9,1): warning SA1516: Elements should be separated by blank line (https://github.com/DotNetAnalyzers/StyleCopAnalyzers/blob/master/documentation/SA1516.md) [C:\Projects\Hazina\src\Core\AI\Hazina.AI.RAG\Hazina.AI.RAG.csproj::TargetFramework=net10.0]
C:\Projects\Hazina\src\Core\AI\Hazina.AI.RAG\Graph\Models\GraphPath.cs(10,1): warning SA1516: Elements should be separated by blank line (https://github.com/DotNetAnalyzers/StyleCopAnalyzers/blob/master/documentation/SA1516.md) [C:\Projects\Hazina\src\Core\AI\Hazina.AI.RAG\Hazina.AI.RAG.csproj::TargetFramework=net10.0]
C:\Projects\Hazina\src\Core\AI\Hazina.AI.RAG\Graph\Models\GraphPath.cs(11,1): warning SA1516: Elements should be separated by blank line (https://github.com/DotNetAnalyzers/StyleCopAnalyzers/blob/master/documentation/SA1516.md) [C:\Projects\Hazina\src\Core\AI\Hazina.AI.RAG\Hazina.AI.RAG.csproj::TargetFramework=net10.0]
C:\Projects\Hazina\src\Core\AI\Hazina.AI.RAG\Graph\Models\GraphPath.cs(12,1): warning SA1516: Elements should be separated by blank line (https://github.com/DotNetAnalyzers/StyleCopAnalyzers/blob/master/documentation/SA1516.md) [C:\Projects\Hazina\src\Core\AI\Hazina.AI.RAG\Hazina.AI.RAG.csproj::TargetFramework=net10.0]
C:\Projects\Hazina\src\Core\AI\Hazina.AI.RAG\Graph\Models\GraphPath.cs(13,1): warning SA1516: Elements should be separated by blank line (https://github.com/DotNetAnalyzers/StyleCopAnalyzers/blob/master/documentation/SA1516.md) [C:\Projects\Hazina\src\Core\AI\Hazina.AI.RAG\Hazina.AI.RAG.csproj::TargetFramework=net10.0]
C:\Projects\Hazina\src\Core\AI\Hazina.AI.RAG\Graph\Models\GraphPath.cs(14,1): warning SA1516: Elements should be separated by blank line (https://github.com/DotNetAnalyzers/StyleCopAnalyzers/blob/master/documentation/SA1516.md) [C:\Projects\Hazina\src\Core\AI\Hazina.AI.RAG\Hazina.AI.RAG.csproj::TargetFramework=net10.0]
C:\Projects\Hazina\src\Core\AI\Hazina.AI.RAG\Graph\Storage\IGraphStore.cs(111,36): warning CA2227: Change 'RelationshipTypeDistribution' to be read-only by removing the property setter (https://learn.microsoft.com/dotnet/fundamentals/code-analysis/quality-rules/ca2227) [C:\Projects\Hazina\src\Core\AI\Hazina.AI.RAG\Hazina.AI.RAG.csproj::TargetFramework=net10.0]
C:\Projects\Hazina\src\Core\AI\Hazina.AI.RAG\Graph\Storage\IGraphStore.cs(110,36): warning CA2227: Change 'EntityTypeDistribution' to be read-only by removing the property setter (https://learn.microsoft.com/dotnet/fundamentals/code-analysis/quality-rules/ca2227) [C:\Projects\Hazina\src\Core\AI\Hazina.AI.RAG\Hazina.AI.RAG.csproj::TargetFramework=net10.0]
C:\Projects\Hazina\src\Core\AI\Hazina.AI.RAG\Graph\Models\GraphPath.cs(11,39): warning CA1805: Member 'Score' is explicitly initialized to its default value (https://learn.microsoft.com/dotnet/fundamentals/code-analysis/quality-rules/ca1805) [C:\Projects\Hazina\src\Core\AI\Hazina.AI.RAG\Hazina.AI.RAG.csproj::TargetFramework=net10.0]
C:\Projects\Hazina\src\Core\AI\Hazina.AI.RAG\Graph\Storage\IGraphStore.cs(109,1): warning SA1516: Elements should be separated by blank line (https://github.com/DotNetAnalyzers/StyleCopAnalyzers/blob/master/documentation/SA1516.md) [C:\Projects\Hazina\src\Core\AI\Hazina.AI.RAG\Hazina.AI.RAG.csproj::TargetFramework=net10.0]
C:\Projects\Hazina\src\Core\AI\Hazina.AI.RAG\Graph\Storage\IGraphStore.cs(110,1): warning SA1516: Elements should be separated by blank line (https://github.com/DotNetAnalyzers/StyleCopAnalyzers/blob/master/documentation/SA1516.md) [C:\Projects\Hazina\src\Core\AI\Hazina.AI.RAG\Hazina.AI.RAG.csproj::TargetFramework=net10.0]
C:\Projects\Hazina\src\Core\AI\Hazina.AI.RAG\Graph\Storage\IGraphStore.cs(111,1): warning SA1516: Elements should be separated by blank line (https://github.com/DotNetAnalyzers/StyleCopAnalyzers/blob/master/documentation/SA1516.md) [C:\Projects\Hazina\src\Core\AI\Hazina.AI.RAG\Hazina.AI.RAG.csproj::TargetFramework=net10.0]
C:\Projects\Hazina\src\Core\AI\Hazina.AI.RAG\Graph\Storage\IGraphStore.cs(110,12): warning MA0016: Prefer using collection abstraction instead of implementation (https://github.com/meziantou/Meziantou.Analyzer/blob/main/docs/Rules/MA0016.md) [C:\Projects\Hazina\src\Core\AI\Hazina.AI.RAG\Hazina.AI.RAG.csproj::TargetFramework=net10.0]
C:\Projects\Hazina\src\Core\AI\Hazina.AI.RAG\Graph\Storage\IGraphStore.cs(111,12): warning MA0016: Prefer using collection abstraction instead of implementation (https://github.com/meziantou/Meziantou.Analyzer/blob/main/docs/Rules/MA0016.md) [C:\Projects\Hazina\src\Core\AI\Hazina.AI.RAG\Hazina.AI.RAG.csproj::TargetFramework=net10.0]
C:\Projects\Hazina\src\Core\AI\Hazina.AI.RAG\Graph\Storage\IGraphStore.cs(110,75): warning MA0002: Use an overload that has a IEqualityComparer<string> or IComparer<string> parameter (https://github.com/meziantou/Meziantou.Analyzer/blob/main/docs/Rules/MA0002.md) [C:\Projects\Hazina\src\Core\AI\Hazina.AI.RAG\Hazina.AI.RAG.csproj::TargetFramework=net10.0]
C:\Projects\Hazina\src\Core\AI\Hazina.AI.RAG\Graph\Storage\SQLiteGraphStore.cs(14,14): warning CA1063: Provide an overridable implementation of Dispose(bool) on 'SQLiteGraphStore' or mark the type as sealed. A call to Dispose(false) should only clean up native resources. A call to Dispose(true) should clean up both managed and native resources. (https://learn.microsoft.com/dotnet/fundamentals/code-analysis/quality-rules/ca1063) [C:\Projects\Hazina\src\Core\AI\Hazina.AI.RAG\Hazina.AI.RAG.csproj::TargetFramework=net10.0]
C:\Projects\Hazina\src\Core\AI\Hazina.AI.RAG\Graph\Storage\InMemoryGraphStore.cs(13,87): warning MA0002: Use an overload that has a IEqualityComparer<string> or IComparer<string> parameter (https://github.com/meziantou/Meziantou.Analyzer/blob/main/docs/Rules/MA0002.md) [C:\Projects\Hazina\src\Core\AI\Hazina.AI.RAG\Hazina.AI.RAG.csproj::TargetFramework=net10.0]
C:\Projects\Hazina\src\Core\AI\Hazina.AI.RAG\Graph\Storage\IGraphStore.cs(111,81): warning MA0002: Use an overload that has a IEqualityComparer<string> or IComparer<string> parameter (https://github.com/meziantou/Meziantou.Analyzer/blob/main/docs/Rules/MA0002.md) [C:\Projects\Hazina\src\Core\AI\Hazina.AI.RAG\Hazina.AI.RAG.csproj::TargetFramework=net10.0]
C:\Projects\Hazina\src\Core\AI\Hazina.AI.RAG\Graph\Storage\InMemoryGraphStore.cs(14,88): warning MA0002: Use an overload that has a IEqualityComparer<string> or IComparer<string> parameter (https://github.com/meziantou/Meziantou.Analyzer/blob/main/docs/Rules/MA0002.md) [C:\Projects\Hazina\src\Core\AI\Hazina.AI.RAG\Hazina.AI.RAG.csproj::TargetFramework=net10.0]
C:\Projects\Hazina\src\Core\AI\Hazina.AI.RAG\Graph\Storage\InMemoryGraphStore.cs(12,76): warning MA0002: Use an overload that has a IEqualityComparer<string> or IComparer<string> parameter (https://github.com/meziantou/Meziantou.Analyzer/blob/main/docs/Rules/MA0002.md) [C:\Projects\Hazina\src\Core\AI\Hazina.AI.RAG\Hazina.AI.RAG.csproj::TargetFramework=net10.0]
C:\Projects\Hazina\src\Core\AI\Hazina.AI.RAG\Core\RAGEngine.cs(644,5): warning MA0016: Prefer using collection abstraction instead of implementation (https://github.com/meziantou/Meziantou.Analyzer/blob/main/docs/Rules/MA0016.md) [C:\Projects\Hazina\src\Core\AI\Hazina.AI.RAG\Hazina.AI.RAG.csproj::TargetFramework=net10.0]
C:\Projects\Hazina\src\Core\AI\Hazina.AI.RAG\Core\RAGEngine.cs(643,49): warning MA0016: Prefer using collection abstraction instead of implementation (https://github.com/meziantou/Meziantou.Analyzer/blob/main/docs/Rules/MA0016.md) [C:\Projects\Hazina\src\Core\AI\Hazina.AI.RAG\Hazina.AI.RAG.csproj::TargetFramework=net10.0]
C:\Projects\Hazina\src\Core\AI\Hazina.AI.RAG\Graph\Storage\SQLiteGraphStore.cs(14,14): warning S3881: Fix this implementation of 'IDisposable' to conform to the dispose pattern. (https://rules.sonarsource.com/csharp/RSPEC-3881) [C:\Projects\Hazina\src\Core\AI\Hazina.AI.RAG\Hazina.AI.RAG.csproj::TargetFramework=net10.0]
C:\Projects\Hazina\src\Core\AI\Hazina.AI.RAG\Embeddings\HierarchicalChunkerExtensions.cs(118,20): warning MA0026: TODO Implement LLM-based section summarization (https://github.com/meziantou/Meziantou.Analyzer/blob/main/docs/Rules/MA0026.md) [C:\Projects\Hazina\src\Core\AI\Hazina.AI.RAG\Hazina.AI.RAG.csproj::TargetFramework=net10.0]
C:\Projects\Hazina\src\Core\AI\Hazina.AI.RAG\Embeddings\HierarchicalChunkerExtensions.cs(118,20): warning S1135: Complete the task associated to this 'TODO' comment. (https://rules.sonarsource.com/csharp/RSPEC-1135) [C:\Projects\Hazina\src\Core\AI\Hazina.AI.RAG\Hazina.AI.RAG.csproj::TargetFramework=net10.0]
C:\Projects\Hazina\src\Core\AI\Hazina.AI.RAG\Embeddings\HierarchicalChunkerExtensions.cs(1,1): warning SA1633: The file header is missing or not located at the top of the file. (https://github.com/DotNetAnalyzers/StyleCopAnalyzers/blob/master/documentation/SA1633.md) [C:\Projects\Hazina\src\Core\AI\Hazina.AI.RAG\Hazina.AI.RAG.csproj::TargetFramework=net10.0]
C:\Projects\Hazina\src\Core\Agents\Hazina.AgentFactory\Core\AgentManager.cs(119,62): warning CS8625: Cannot convert null literal to non-nullable reference type. [C:\Projects\Hazina\src\Core\Agents\Hazina.AgentFactory\Hazina.AgentFactory.csproj::TargetFramework=net9.0]
C:\Projects\Hazina\src\Core\Agents\Hazina.AgentFactory\Core\AgentManager.cs(149,102): warning CS8625: Cannot convert null literal to non-nullable reference type. [C:\Projects\Hazina\src\Core\Agents\Hazina.AgentFactory\Hazina.AgentFactory.csproj::TargetFramework=net9.0]
C:\Projects\Hazina\src\Core\Agents\Hazina.AgentFactory\Core\AgentManager.cs(172,106): warning CS8625: Cannot convert null literal to non-nullable reference type. [C:\Projects\Hazina\src\Core\Agents\Hazina.AgentFactory\Hazina.AgentFactory.csproj::TargetFramework=net9.0]
C:\Projects\Hazina\src\Core\Agents\Hazina.AgentFactory\Models\AgentCardModel.cs(38,46): warning CS8612: Nullability of reference types in type of 'event PropertyChangedEventHandler AgentCardModel.PropertyChanged' doesn't match implicitly implemented member 'event PropertyChangedEventHandler? INotifyPropertyChanged.PropertyChanged'. [C:\Projects\Hazina\src\Core\Agents\Hazina.AgentFactory\Hazina.AgentFactory.csproj::TargetFramework=net9.0]
C:\Projects\Hazina\src\Core\Agents\Hazina.AgentFactory\Models\FlowCardModels.cs(56,46): warning CS8612: Nullability of reference types in type of 'event PropertyChangedEventHandler FlowCardModel.PropertyChanged' doesn't match implicitly implemented member 'event PropertyChangedEventHandler? INotifyPropertyChanged.PropertyChanged'. [C:\Projects\Hazina\src\Core\Agents\Hazina.AgentFactory\Hazina.AgentFactory.csproj::TargetFramework=net9.0]
C:\Projects\Hazina\src\Core\Agents\Hazina.AgentFactory\Core\QuickAgentCreator.cs(23,41): warning CS8625: Cannot convert null literal to non-nullable reference type. [C:\Projects\Hazina\src\Core\Agents\Hazina.AgentFactory\Hazina.AgentFactory.csproj::TargetFramework=net9.0]
C:\Projects\Hazina\src\Core\Agents\Hazina.AgentFactory\Core\QuickAgentCreator.cs(24,38): warning CS8625: Cannot convert null literal to non-nullable reference type. [C:\Projects\Hazina\src\Core\Agents\Hazina.AgentFactory\Hazina.AgentFactory.csproj::TargetFramework=net9.0]
C:\Projects\Hazina\src\Core\Agents\Hazina.AgentFactory\Core\QuickAgentCreator.cs(25,37): warning CS8625: Cannot convert null literal to non-nullable reference type. [C:\Projects\Hazina\src\Core\Agents\Hazina.AgentFactory\Hazina.AgentFactory.csproj::TargetFramework=net9.0]
C:\Projects\Hazina\src\Core\Agents\Hazina.AgentFactory\Models\FlowCardModels.cs(94,46): warning CS8612: Nullability of reference types in type of 'event PropertyChangedEventHandler FlowCardsBindingModel.PropertyChanged' doesn't match implicitly implemented member 'event PropertyChangedEventHandler? INotifyPropertyChanged.PropertyChanged'. [C:\Projects\Hazina\src\Core\Agents\Hazina.AgentFactory\Hazina.AgentFactory.csproj::TargetFramework=net9.0]
C:\Projects\Hazina\src\Core\Agents\Hazina.AgentFactory\Core\StoresAndAgentsAndFlowLoader.cs(92,141): warning CS8625: Cannot convert null literal to non-nullable reference type. [C:\Projects\Hazina\src\Core\Agents\Hazina.AgentFactory\Hazina.AgentFactory.csproj::TargetFramework=net9.0]
C:\Projects\Hazina\src\Core\Agents\Hazina.AgentFactory\Models\StoreEntry.cs(19,50): warning CS8612: Nullability of reference types in type of 'event PropertyChangedEventHandler StoreEntry.PropertyChanged' doesn't match implicitly implemented member 'event PropertyChangedEventHandler? INotifyPropertyChanged.PropertyChanged'. [C:\Projects\Hazina\src\Core\Agents\Hazina.AgentFactory\Hazina.AgentFactory.csproj::TargetFramework=net9.0]
C:\Projects\Hazina\src\Core\Agents\Hazina.AgentFactory\Models\FlowCardModels.cs(99,36): warning CS8622: Nullability of reference types in type of parameter 'sender' of 'void FlowCardsBindingModel.Cards_CollectionChanged(object sender, NotifyCollectionChangedEventArgs e)' doesn't match the target delegate 'NotifyCollectionChangedEventHandler' (possibly because of nullability attributes). [C:\Projects\Hazina\src\Core\Agents\Hazina.AgentFactory\Hazina.AgentFactory.csproj::TargetFramework=net9.0]
C:\Projects\Hazina\src\Core\Agents\Hazina.AgentFactory\Models\FlowCardModels.cs(97,12): warning CS8618: Non-nullable event 'PropertyChanged' must contain a non-null value when exiting constructor. Consider adding the 'required' modifier or declaring the event as nullable. [C:\Projects\Hazina\src\Core\Agents\Hazina.AgentFactory\Hazina.AgentFactory.csproj::TargetFramework=net9.0]
C:\Projects\Hazina\src\Core\AI\Hazina.AI.RAG\Embeddings\HierarchicalChunkerExtensions.cs(87,13): warning SA1009: Closing parenthesis should not be preceded by a space (https://github.com/DotNetAnalyzers/StyleCopAnalyzers/blob/master/documentation/SA1009.md) [C:\Projects\Hazina\src\Core\AI\Hazina.AI.RAG\Hazina.AI.RAG.csproj::TargetFramework=net10.0]
C:\Projects\Hazina\src\Core\Agents\Hazina.AgentFactory\Models\FlowCardModels.cs(44,12): warning CS8618: Non-nullable field '_name' must contain a non-null value when exiting constructor. Consider adding the 'required' modifier or declaring the field as nullable. [C:\Projects\Hazina\src\Core\Agents\Hazina.AgentFactory\Hazina.AgentFactory.csproj::TargetFramework=net9.0]
C:\Projects\Hazina\src\Core\Agents\Hazina.AgentFactory\Models\FlowCardModels.cs(44,12): warning CS8618: Non-nullable field '_description' must contain a non-null value when exiting constructor. Consider adding the 'required' modifier or declaring the field as nullable. [C:\Projects\Hazina\src\Core\Agents\Hazina.AgentFactory\Hazina.AgentFactory.csproj::TargetFramework=net9.0]
C:\Projects\Hazina\src\Core\Agents\Hazina.AgentFactory\Models\FlowCardModels.cs(44,12): warning CS8618: Non-nullable field '_newAgentToAdd' must contain a non-null value when exiting constructor. Consider adding the 'required' modifier or declaring the field as nullable. [C:\Projects\Hazina\src\Core\Agents\Hazina.AgentFactory\Hazina.AgentFactory.csproj::TargetFramework=net9.0]
C:\Projects\Hazina\src\Core\Agents\Hazina.AgentFactory\Models\FlowCardModels.cs(44,12): warning CS8618: Non-nullable event 'PropertyChanged' must contain a non-null value when exiting constructor. Consider adding the 'required' modifier or declaring the event as nullable. [C:\Projects\Hazina\src\Core\Agents\Hazina.AgentFactory\Hazina.AgentFactory.csproj::TargetFramework=net9.0]
C:\Projects\Hazina\src\Core\Agents\Hazina.AgentFactory\Models\FlowCardModels.cs(49,12): warning CS8618: Non-nullable field '_newAgentToAdd' must contain a non-null value when exiting constructor. Consider adding the 'required' modifier or declaring the field as nullable. [C:\Projects\Hazina\src\Core\Agents\Hazina.AgentFactory\Hazina.AgentFactory.csproj::TargetFramework=net9.0]
C:\Projects\Hazina\src\Core\Agents\Hazina.AgentFactory\Models\FlowCardModels.cs(49,12): warning CS8618: Non-nullable event 'PropertyChanged' must contain a non-null value when exiting constructor. Consider adding the 'required' modifier or declaring the event as nullable. [C:\Projects\Hazina\src\Core\Agents\Hazina.AgentFactory\Hazina.AgentFactory.csproj::TargetFramework=net9.0]
C:\Projects\Hazina\src\Core\AI\Hazina.AI.RAG\Embeddings\LLMMetadataExtractor.cs(1,1): warning SA1633: The file header is missing or not located at the top of the file. (https://github.com/DotNetAnalyzers/StyleCopAnalyzers/blob/master/documentation/SA1633.md) [C:\Projects\Hazina\src\Core\AI\Hazina.AI.RAG\Hazina.AI.RAG.csproj::TargetFramework=net10.0]
C:\Projects\Hazina\src\Core\Agents\Hazina.AgentFactory\Models\FlowCardModels.cs(111,46): warning CS8622: Nullability of reference types in type of parameter 'sender' of 'void FlowCardsBindingModel.OnCardPropertyChanged(object sender, PropertyChangedEventArgs e)' doesn't match the target delegate 'PropertyChangedEventHandler' (possibly because of nullability attributes). [C:\Projects\Hazina\src\Core\Agents\Hazina.AgentFactory\Hazina.AgentFactory.csproj::TargetFramework=net9.0]
C:\Projects\Hazina\src\Core\Agents\Hazina.AgentFactory\Models\FlowCardModels.cs(120,46): warning CS8622: Nullability of reference types in type of parameter 'sender' of 'void FlowCardsBindingModel.OnCardPropertyChanged(object sender, PropertyChangedEventArgs e)' doesn't match the target delegate 'PropertyChangedEventHandler' (possibly because of nullability attributes). [C:\Projects\Hazina\src\Core\Agents\Hazina.AgentFactory\Hazina.AgentFactory.csproj::TargetFramework=net9.0]
C:\Projects\Hazina\src\Core\AI\Hazina.AI.RAG\Interfaces\IRetriever.cs(17,5): warning MA0016: Prefer using collection abstraction instead of implementation (https://github.com/meziantou/Meziantou.Analyzer/blob/main/docs/Rules/MA0016.md) [C:\Projects\Hazina\src\Core\AI\Hazina.AI.RAG\Hazina.AI.RAG.csproj::TargetFramework=net10.0]
C:\Projects\Hazina\src\Core\AI\Hazina.AI.RAG\Interfaces\IRetrievalPipeline.cs(17,5): warning MA0016: Prefer using collection abstraction instead of implementation (https://github.com/meziantou/Meziantou.Analyzer/blob/main/docs/Rules/MA0016.md) [C:\Projects\Hazina\src\Core\AI\Hazina.AI.RAG\Hazina.AI.RAG.csproj::TargetFramework=net10.0]
C:\Projects\Hazina\src\Core\Agents\Hazina.AgentFactory\Models\FlowCardModels.cs(134,37): warning CS8622: Nullability of reference types in type of parameter 'sender' of 'void FlowCardsBindingModel.OnCardPropertyChanged(object sender, PropertyChangedEventArgs e)' doesn't match the target delegate 'PropertyChangedEventHandler' (possibly because of nullability attributes). [C:\Projects\Hazina\src\Core\Agents\Hazina.AgentFactory\Hazina.AgentFactory.csproj::TargetFramework=net9.0]
C:\Projects\Hazina\src\Core\AI\Hazina.AI.RAG\Interfaces\IRetriever.cs(10,52): warning SA1629: Documentation text should end with a period (https://github.com/DotNetAnalyzers/StyleCopAnalyzers/blob/master/documentation/SA1629.md) [C:\Projects\Hazina\src\Core\AI\Hazina.AI.RAG\Hazina.AI.RAG.csproj::TargetFramework=net10.0]
C:\Projects\Hazina\src\Core\AI\Hazina.AI.RAG\Interfaces\IRetriever.cs(12,44): warning SA1629: Documentation text should end with a period (https://github.com/DotNetAnalyzers/StyleCopAnalyzers/blob/master/documentation/SA1629.md) [C:\Projects\Hazina\src\Core\AI\Hazina.AI.RAG\Hazina.AI.RAG.csproj::TargetFramework=net10.0]
C:\Projects\Hazina\src\Core\AI\Hazina.AI.RAG\Interfaces\IRetriever.cs(13,60): warning SA1629: Documentation text should end with a period (https://github.com/DotNetAnalyzers/StyleCopAnalyzers/blob/master/documentation/SA1629.md) [C:\Projects\Hazina\src\Core\AI\Hazina.AI.RAG\Hazina.AI.RAG.csproj::TargetFramework=net10.0]
C:\Projects\Hazina\src\Core\AI\Hazina.AI.RAG\Interfaces\IRetriever.cs(14,76): warning SA1629: Documentation text should end with a period (https://github.com/DotNetAnalyzers/StyleCopAnalyzers/blob/master/documentation/SA1629.md) [C:\Projects\Hazina\src\Core\AI\Hazina.AI.RAG\Hazina.AI.RAG.csproj::TargetFramework=net10.0]
C:\Projects\Hazina\src\Core\AI\Hazina.AI.RAG\Interfaces\IRetriever.cs(15,59): warning SA1629: Documentation text should end with a period (https://github.com/DotNetAnalyzers/StyleCopAnalyzers/blob/master/documentation/SA1629.md) [C:\Projects\Hazina\src\Core\AI\Hazina.AI.RAG\Hazina.AI.RAG.csproj::TargetFramework=net10.0]
C:\Projects\Hazina\src\Core\AI\Hazina.AI.RAG\Interfaces\IRetriever.cs(16,68): warning SA1629: Documentation text should end with a period (https://github.com/DotNetAnalyzers/StyleCopAnalyzers/blob/master/documentation/SA1629.md) [C:\Projects\Hazina\src\Core\AI\Hazina.AI.RAG\Hazina.AI.RAG.csproj::TargetFramework=net10.0]
C:\Projects\Hazina\src\Core\AI\Hazina.AI.RAG\Interfaces\IRetriever.cs(22,5): warning SA1111: Closing parenthesis should be on line of last parameter (https://github.com/DotNetAnalyzers/StyleCopAnalyzers/blob/master/documentation/SA1111.md) [C:\Projects\Hazina\src\Core\AI\Hazina.AI.RAG\Hazina.AI.RAG.csproj::TargetFramework=net10.0]
C:\Projects\Hazina\src\Core\AI\Hazina.AI.RAG\Interfaces\IRetrievalPipeline.cs(9,44): warning SA1629: Documentation text should end with a period (https://github.com/DotNetAnalyzers/StyleCopAnalyzers/blob/master/documentation/SA1629.md) [C:\Projects\Hazina\src\Core\AI\Hazina.AI.RAG\Hazina.AI.RAG.csproj::TargetFramework=net10.0]
C:\Projects\Hazina\src\Core\AI\Hazina.AI.RAG\Interfaces\IRetrievalPipeline.cs(11,39): warning SA1629: Documentation text should end with a period (https://github.com/DotNetAnalyzers/StyleCopAnalyzers/blob/master/documentation/SA1629.md) [C:\Projects\Hazina\src\Core\AI\Hazina.AI.RAG\Hazina.AI.RAG.csproj::TargetFramework=net10.0]
C:\Projects\Hazina\src\Core\AI\Hazina.AI.RAG\Interfaces\IRetrievalPipeline.cs(12,79): warning SA1629: Documentation text should end with a period (https://github.com/DotNetAnalyzers/StyleCopAnalyzers/blob/master/documentation/SA1629.md) [C:\Projects\Hazina\src\Core\AI\Hazina.AI.RAG\Hazina.AI.RAG.csproj::TargetFramework=net10.0]
C:\Projects\Hazina\src\Core\AI\Hazina.AI.RAG\Interfaces\IRetrievalPipeline.cs(13,81): warning SA1629: Documentation text should end with a period (https://github.com/DotNetAnalyzers/StyleCopAnalyzers/blob/master/documentation/SA1629.md) [C:\Projects\Hazina\src\Core\AI\Hazina.AI.RAG\Hazina.AI.RAG.csproj::TargetFramework=net10.0]
C:\Projects\Hazina\src\Core\AI\Hazina.AI.RAG\Interfaces\IRetrievalPipeline.cs(14,79): warning SA1629: Documentation text should end with a period (https://github.com/DotNetAnalyzers/StyleCopAnalyzers/blob/master/documentation/SA1629.md) [C:\Projects\Hazina\src\Core\AI\Hazina.AI.RAG\Hazina.AI.RAG.csproj::TargetFramework=net10.0]
C:\Projects\Hazina\src\Core\AI\Hazina.AI.RAG\Interfaces\IRetrievalPipeline.cs(15,59): warning SA1629: Documentation text should end with a period (https://github.com/DotNetAnalyzers/StyleCopAnalyzers/blob/master/documentation/SA1629.md) [C:\Projects\Hazina\src\Core\AI\Hazina.AI.RAG\Hazina.AI.RAG.csproj::TargetFramework=net10.0]
C:\Projects\Hazina\src\Core\AI\Hazina.AI.RAG\Interfaces\IRetrievalPipeline.cs(16,43): warning SA1629: Documentation text should end with a period (https://github.com/DotNetAnalyzers/StyleCopAnalyzers/blob/master/documentation/SA1629.md) [C:\Projects\Hazina\src\Core\AI\Hazina.AI.RAG\Hazina.AI.RAG.csproj::TargetFramework=net10.0]
C:\Projects\Hazina\src\Core\AI\Hazina.AI.RAG\Interfaces\IRetrievalPipeline.cs(23,5): warning SA1111: Closing parenthesis should be on line of last parameter (https://github.com/DotNetAnalyzers/StyleCopAnalyzers/blob/master/documentation/SA1111.md) [C:\Projects\Hazina\src\Core\AI\Hazina.AI.RAG\Hazina.AI.RAG.csproj::TargetFramework=net10.0]
C:\Projects\Hazina\src\Core\AI\Hazina.AI.RAG\Embeddings\LLMMetadataExtractor.cs(59,13): warning SA1009: Closing parenthesis should not be preceded by a space (https://github.com/DotNetAnalyzers/StyleCopAnalyzers/blob/master/documentation/SA1009.md) [C:\Projects\Hazina\src\Core\AI\Hazina.AI.RAG\Hazina.AI.RAG.csproj::TargetFramework=net10.0]
C:\Projects\Hazina\src\Core\AI\Hazina.AI.RAG\Embeddings\LLMMetadataExtractor.cs(99,17): warning SA1009: Closing parenthesis should not be preceded by a space (https://github.com/DotNetAnalyzers/StyleCopAnalyzers/blob/master/documentation/SA1009.md) [C:\Projects\Hazina\src\Core\AI\Hazina.AI.RAG\Hazina.AI.RAG.csproj::TargetFramework=net10.0]
C:\Projects\Hazina\src\Core\AI\Hazina.AI.RAG\Embeddings\LLMMetadataExtractor.cs(133,13): warning SA1009: Closing parenthesis should not be preceded by a space (https://github.com/DotNetAnalyzers/StyleCopAnalyzers/blob/master/documentation/SA1009.md) [C:\Projects\Hazina\src\Core\AI\Hazina.AI.RAG\Hazina.AI.RAG.csproj::TargetFramework=net10.0]
C:\Projects\Hazina\src\Core\AI\Hazina.AI.RAG\Embeddings\LLMMetadataExtractor.cs(145,17): warning SA1009: Closing parenthesis should not be preceded by a space (https://github.com/DotNetAnalyzers/StyleCopAnalyzers/blob/master/documentation/SA1009.md) [C:\Projects\Hazina\src\Core\AI\Hazina.AI.RAG\Hazina.AI.RAG.csproj::TargetFramework=net10.0]
C:\Projects\Hazina\src\Core\AI\Hazina.AI.RAG\Interfaces\IReranker.cs(19,35): warning CA1002: Change 'List<IRetrievalCandidate>' in 'IReranker.RerankAsync(string, List<IRetrievalCandidate>, [int], [CancellationToken])' to use 'Collection<T>', 'ReadOnlyCollection<T>' or 'KeyedCollection<K,V>' (https://learn.microsoft.com/dotnet/fundamentals/code-analysis/quality-rules/ca1002) [C:\Projects\Hazina\src\Core\AI\Hazina.AI.RAG\Hazina.AI.RAG.csproj::TargetFramework=net10.0]
C:\Projects\Hazina\src\Core\AI\Hazina.AI.RAG\Interfaces\IReranker.cs(17,5): warning MA0016: Prefer using collection abstraction instead of implementation (https://github.com/meziantou/Meziantou.Analyzer/blob/main/docs/Rules/MA0016.md) [C:\Projects\Hazina\src\Core\AI\Hazina.AI.RAG\Hazina.AI.RAG.csproj::TargetFramework=net10.0]
C:\Projects\Hazina\src\Core\AI\Hazina.AI.RAG\Interfaces\IReranker.cs(19,9): warning MA0016: Prefer using collection abstraction instead of implementation (https://github.com/meziantou/Meziantou.Analyzer/blob/main/docs/Rules/MA0016.md) [C:\Projects\Hazina\src\Core\AI\Hazina.AI.RAG\Hazina.AI.RAG.csproj::TargetFramework=net10.0]
C:\Projects\Hazina\src\Core\AI\Hazina.AI.RAG\Interfaces\IReranker.cs(10,51): warning SA1629: Documentation text should end with a period (https://github.com/DotNetAnalyzers/StyleCopAnalyzers/blob/master/documentation/SA1629.md) [C:\Projects\Hazina\src\Core\AI\Hazina.AI.RAG\Hazina.AI.RAG.csproj::TargetFramework=net10.0]
C:\Projects\Hazina\src\Core\AI\Hazina.AI.RAG\Interfaces\IReranker.cs(12,44): warning SA1629: Documentation text should end with a period (https://github.com/DotNetAnalyzers/StyleCopAnalyzers/blob/master/documentation/SA1629.md) [C:\Projects\Hazina\src\Core\AI\Hazina.AI.RAG\Hazina.AI.RAG.csproj::TargetFramework=net10.0]
C:\Projects\Hazina\src\Core\Agents\Hazina.AgentFactory\Models\IsReadyResult.cs(6,19): warning CS8618: Non-nullable property 'Message' must contain a non-null value when exiting constructor. Consider adding the 'required' modifier or declaring the property as nullable. [C:\Projects\Hazina\src\Core\Agents\Hazina.AgentFactory\Hazina.AgentFactory.csproj::TargetFramework=net9.0]
C:\Projects\Hazina\src\Core\AI\Hazina.AI.RAG\Interfaces\IReranker.cs(13,54): warning SA1629: Documentation text should end with a period (https://github.com/DotNetAnalyzers/StyleCopAnalyzers/blob/master/documentation/SA1629.md) [C:\Projects\Hazina\src\Core\AI\Hazina.AI.RAG\Hazina.AI.RAG.csproj::TargetFramework=net10.0]
C:\Projects\Hazina\src\Core\AI\Hazina.AI.RAG\Interfaces\IReranker.cs(14,75): warning SA1629: Documentation text should end with a period (https://github.com/DotNetAnalyzers/StyleCopAnalyzers/blob/master/documentation/SA1629.md) [C:\Projects\Hazina\src\Core\AI\Hazina.AI.RAG\Hazina.AI.RAG.csproj::TargetFramework=net10.0]
C:\Projects\Hazina\src\Core\AI\Hazina.AI.RAG\Interfaces\IReranker.cs(15,59): warning SA1629: Documentation text should end with a period (https://github.com/DotNetAnalyzers/StyleCopAnalyzers/blob/master/documentation/SA1629.md) [C:\Projects\Hazina\src\Core\AI\Hazina.AI.RAG\Hazina.AI.RAG.csproj::TargetFramework=net10.0]
C:\Projects\Hazina\src\Core\AI\Hazina.AI.RAG\Interfaces\IReranker.cs(16,64): warning SA1629: Documentation text should end with a period (https://github.com/DotNetAnalyzers/StyleCopAnalyzers/blob/master/documentation/SA1629.md) [C:\Projects\Hazina\src\Core\AI\Hazina.AI.RAG\Hazina.AI.RAG.csproj::TargetFramework=net10.0]
C:\Projects\Hazina\src\Core\AI\Hazina.AI.RAG\Interfaces\IReranker.cs(22,5): warning SA1111: Closing parenthesis should be on line of last parameter (https://github.com/DotNetAnalyzers/StyleCopAnalyzers/blob/master/documentation/SA1111.md) [C:\Projects\Hazina\src\Core\AI\Hazina.AI.RAG\Hazina.AI.RAG.csproj::TargetFramework=net10.0]
C:\Projects\Hazina\src\Core\AI\Hazina.AI.RAG\Embeddings\Models\LLMMetadataResponse.cs(1,1): warning SA1633: The file header is missing or not located at the top of the file. (https://github.com/DotNetAnalyzers/StyleCopAnalyzers/blob/master/documentation/SA1633.md) [C:\Projects\Hazina\src\Core\AI\Hazina.AI.RAG\Hazina.AI.RAG.csproj::TargetFramework=net10.0]
C:\Projects\Hazina\src\Core\AI\Hazina.AI.RAG\Embeddings\Models\LLMMetadataResponse.cs(7,14): warning SA1649: File name should match first type name (https://github.com/DotNetAnalyzers/StyleCopAnalyzers/blob/master/documentation/SA1649.md) [C:\Projects\Hazina\src\Core\AI\Hazina.AI.RAG\Hazina.AI.RAG.csproj::TargetFramework=net10.0]
C:\Projects\Hazina\src\Core\AI\Hazina.AI.RAG\Embeddings\Models\LLMMetadataResponse.cs(59,14): warning SA1402: File may only contain a single type (https://github.com/DotNetAnalyzers/StyleCopAnalyzers/blob/master/documentation/SA1402.md) [C:\Projects\Hazina\src\Core\AI\Hazina.AI.RAG\Hazina.AI.RAG.csproj::TargetFramework=net10.0]
C:\Projects\Hazina\src\Core\AI\Hazina.AI.RAG\Embeddings\Models\LLMMetadataResponse.cs(98,21): warning SA1402: File may only contain a single type (https://github.com/DotNetAnalyzers/StyleCopAnalyzers/blob/master/documentation/SA1402.md) [C:\Projects\Hazina\src\Core\AI\Hazina.AI.RAG\Hazina.AI.RAG.csproj::TargetFramework=net10.0]
C:\Projects\Hazina\src\Core\AI\Hazina.AI.RAG\Embeddings\SemanticChunkingOptions.cs(1,1): warning SA1633: The file header is missing or not located at the top of the file. (https://github.com/DotNetAnalyzers/StyleCopAnalyzers/blob/master/documentation/SA1633.md) [C:\Projects\Hazina\src\Core\AI\Hazina.AI.RAG\Hazina.AI.RAG.csproj::TargetFramework=net10.0]
C:\Projects\Hazina\src\Core\AI\Hazina.AI.RAG\Embeddings\SemanticSimilarityChunker.cs(1,1): warning SA1633: The file header is missing or not located at the top of the file. (https://github.com/DotNetAnalyzers/StyleCopAnalyzers/blob/master/documentation/SA1633.md) [C:\Projects\Hazina\src\Core\AI\Hazina.AI.RAG\Hazina.AI.RAG.csproj::TargetFramework=net10.0]
C:\Projects\Hazina\src\Core\AI\Hazina.AI.RAG\Core\RAGEngine.cs(27,9): warning SA1642: Constructor summary documentation should begin with standard text (https://github.com/DotNetAnalyzers/StyleCopAnalyzers/blob/master/documentation/SA1642.md) [C:\Projects\Hazina\src\Core\AI\Hazina.AI.RAG\Hazina.AI.RAG.csproj::TargetFramework=net10.0]
C:\Projects\Hazina\src\Core\AI\Hazina.AI.RAG\Embeddings\SemanticSimilarityChunker.cs(284,13): warning SA1512: Single-line comments should not be followed by blank line (https://github.com/DotNetAnalyzers/StyleCopAnalyzers/blob/master/documentation/SA1512.md) [C:\Projects\Hazina\src\Core\AI\Hazina.AI.RAG\Hazina.AI.RAG.csproj::TargetFramework=net10.0]
C:\Projects\Hazina\src\Core\AI\Hazina.AI.RAG\Embeddings\SemanticSimilarityChunker.cs(220,14): warning SA1513: Closing brace should be followed by blank line (https://github.com/DotNetAnalyzers/StyleCopAnalyzers/blob/master/documentation/SA1513.md) [C:\Projects\Hazina\src\Core\AI\Hazina.AI.RAG\Hazina.AI.RAG.csproj::TargetFramework=net10.0]
C:\Projects\Hazina\src\Core\Agents\Hazina.AgentFactory\Models\StoreEntry.cs(7,24): warning CS8618: Non-nullable field '_storeName' must contain a non-null value when exiting constructor. Consider adding the 'required' modifier or declaring the field as nullable. [C:\Projects\Hazina\src\Core\Agents\Hazina.AgentFactory\Hazina.AgentFactory.csproj::TargetFramework=net9.0]
C:\Projects\Hazina\src\Core\AI\Hazina.AI.RAG\Embeddings\SemanticSimilarityChunker.cs(217,21): warning SA1515: Single-line comment should be preceded by blank line (https://github.com/DotNetAnalyzers/StyleCopAnalyzers/blob/master/documentation/SA1515.md) [C:\Projects\Hazina\src\Core\AI\Hazina.AI.RAG\Hazina.AI.RAG.csproj::TargetFramework=net10.0]
C:\Projects\Hazina\src\Core\AI\Hazina.AI.RAG\Embeddings\TextChunker.cs(50,28): warning CA1002: Change 'List<TextChunk>' in 'TextChunker.ChunkText(string, [Dictionary<string, object>])' to use 'Collection<T>', 'ReadOnlyCollection<T>' or 'KeyedCollection<K,V>' (https://learn.microsoft.com/dotnet/fundamentals/code-analysis/quality-rules/ca1002) [C:\Projects\Hazina\src\Core\AI\Hazina.AI.RAG\Hazina.AI.RAG.csproj::TargetFramework=net10.0]
C:\Projects\Hazina\src\Core\AI\Hazina.AI.RAG\Embeddings\TextChunker.cs(50,12): warning MA0016: Prefer using collection abstraction instead of implementation (https://github.com/meziantou/Meziantou.Analyzer/blob/main/docs/Rules/MA0016.md) [C:\Projects\Hazina\src\Core\AI\Hazina.AI.RAG\Hazina.AI.RAG.csproj::TargetFramework=net10.0]
C:\Projects\Hazina\src\Core\AI\Hazina.AI.RAG\Embeddings\TextChunker.cs(50,51): warning MA0016: Prefer using collection abstraction instead of implementation (https://github.com/meziantou/Meziantou.Analyzer/blob/main/docs/Rules/MA0016.md) [C:\Projects\Hazina\src\Core\AI\Hazina.AI.RAG\Hazina.AI.RAG.csproj::TargetFramework=net10.0]
C:\Projects\Hazina\src\Core\Agents\Hazina.AgentFactory\Models\StoreEntry.cs(19,50): warning CS8618: Non-nullable event 'PropertyChanged' must contain a non-null value when exiting constructor. Consider adding the 'required' modifier or declaring the event as nullable. [C:\Projects\Hazina\src\Core\Agents\Hazina.AgentFactory\Hazina.AgentFactory.csproj::TargetFramework=net9.0]
C:\Projects\Hazina\src\Core\AI\Hazina.AI.RAG\Core\RAGEngine.cs(42,9): warning SA1642: Constructor summary documentation should begin with standard text (https://github.com/DotNetAnalyzers/StyleCopAnalyzers/blob/master/documentation/SA1642.md) [C:\Projects\Hazina\src\Core\AI\Hazina.AI.RAG\Hazina.AI.RAG.csproj::TargetFramework=net10.0]
C:\Projects\Hazina\src\Core\AI\Hazina.AI.RAG\Graph\Models\GraphSchema.cs(18,160): warning MA0002: Use an overload that has a IEqualityComparer<string> or IComparer<string> parameter (https://github.com/meziantou/Meziantou.Analyzer/blob/main/docs/Rules/MA0002.md) [C:\Projects\Hazina\src\Core\AI\Hazina.AI.RAG\Hazina.AI.RAG.csproj::TargetFramework=net10.0]
C:\Projects\Hazina\src\Core\AI\Hazina.AI.RAG\Graph\Models\GraphSchema.cs(15,104): warning MA0002: Use an overload that has a IEqualityComparer<string> or IComparer<string> parameter (https://github.com/meziantou/Meziantou.Analyzer/blob/main/docs/Rules/MA0002.md) [C:\Projects\Hazina\src\Core\AI\Hazina.AI.RAG\Hazina.AI.RAG.csproj::TargetFramework=net10.0]
C:\Projects\Hazina\src\Core\Agents\Hazina.AgentFactory\Models\StoreRef.cs(3,19): warning CS8618: Non-nullable property 'Name' must contain a non-null value when exiting constructor. Consider adding the 'required' modifier or declaring the property as nullable. [C:\Projects\Hazina\src\Core\Agents\Hazina.AgentFactory\Hazina.AgentFactory.csproj::TargetFramework=net9.0]
C:\Projects\Hazina\src\Core\AI\Hazina.AI.RAG\Graph\Pipeline\LLMTextService.cs(33,24): warning MA0004: Use Task.ConfigureAwait(false) if the current SynchronizationContext is not needed (https://github.com/meziantou/Meziantou.Analyzer/blob/main/docs/Rules/MA0004.md) [C:\Projects\Hazina\src\Core\AI\Hazina.AI.RAG\Hazina.AI.RAG.csproj::TargetFramework=net10.0]
C:\Projects\Hazina\src\Core\AI\Hazina.AI.RAG\Embeddings\SemanticSimilarityChunker.cs(138,9): warning SA1009: Closing parenthesis should not be preceded by a space (https://github.com/DotNetAnalyzers/StyleCopAnalyzers/blob/master/documentation/SA1009.md) [C:\Projects\Hazina\src\Core\AI\Hazina.AI.RAG\Hazina.AI.RAG.csproj::TargetFramework=net10.0]
C:\Projects\Hazina\src\Core\AI\Hazina.AI.RAG\Embeddings\SemanticSimilarityChunker.cs(211,21): warning SA1009: Closing parenthesis should not be preceded by a space (https://github.com/DotNetAnalyzers/StyleCopAnalyzers/blob/master/documentation/SA1009.md) [C:\Projects\Hazina\src\Core\AI\Hazina.AI.RAG\Hazina.AI.RAG.csproj::TargetFramework=net10.0]
C:\Projects\Hazina\src\Core\AI\Hazina.AI.RAG\Embeddings\TextChunker.cs(48,94): warning SA1629: Documentation text should end with a period (https://github.com/DotNetAnalyzers/StyleCopAnalyzers/blob/master/documentation/SA1629.md) [C:\Projects\Hazina\src\Core\AI\Hazina.AI.RAG\Hazina.AI.RAG.csproj::TargetFramework=net10.0]
C:\Projects\Hazina\src\Core\Agents\Hazina.AgentFactory\Models\AgentCardModel.cs(8,20): warning CS8618: Non-nullable field 'name' must contain a non-null value when exiting constructor. Consider adding the 'required' modifier or declaring the field as nullable. [C:\Projects\Hazina\src\Core\Agents\Hazina.AgentFactory\Hazina.AgentFactory.csproj::TargetFramework=net9.0]
C:\Projects\Hazina\src\Core\AI\Hazina.AI.RAG\Embeddings\TextChunker.cs(55,13): warning SA1503: Braces should not be omitted (https://github.com/DotNetAnalyzers/StyleCopAnalyzers/blob/master/documentation/SA1503.md) [C:\Projects\Hazina\src\Core\AI\Hazina.AI.RAG\Hazina.AI.RAG.csproj::TargetFramework=net10.0]
C:\Projects\Hazina\src\Core\AI\Hazina.AI.RAG\Graph\Models\GraphSchema.cs(16,110): warning MA0002: Use an overload that has a IEqualityComparer<string> or IComparer<string> parameter (https://github.com/meziantou/Meziantou.Analyzer/blob/main/docs/Rules/MA0002.md) [C:\Projects\Hazina\src\Core\AI\Hazina.AI.RAG\Hazina.AI.RAG.csproj::TargetFramework=net10.0]
C:\Projects\Hazina\src\Core\AI\Hazina.AI.RAG\Core\RAGEngine.cs(60,9): warning SA1642: Constructor summary documentation should begin with standard text (https://github.com/DotNetAnalyzers/StyleCopAnalyzers/blob/master/documentation/SA1642.md) [C:\Projects\Hazina\src\Core\AI\Hazina.AI.RAG\Hazina.AI.RAG.csproj::TargetFramework=net10.0]
C:\Projects\Hazina\src\Core\AI\Hazina.AI.RAG\Embeddings\TextChunker.cs(1,1): warning SA1633: The file header is missing or not located at the top of the file. (https://github.com/DotNetAnalyzers/StyleCopAnalyzers/blob/master/documentation/SA1633.md) [C:\Projects\Hazina\src\Core\AI\Hazina.AI.RAG\Hazina.AI.RAG.csproj::TargetFramework=net10.0]
C:\Projects\Hazina\src\Core\Agents\Hazina.AgentFactory\Models\AgentCardModel.cs(9,20): warning CS8618: Non-nullable field 'description' must contain a non-null value when exiting constructor. Consider adding the 'required' modifier or declaring the field as nullable. [C:\Projects\Hazina\src\Core\Agents\Hazina.AgentFactory\Hazina.AgentFactory.csproj::TargetFramework=net9.0]
C:\Projects\Hazina\src\Core\AI\Hazina.AI.RAG\Embeddings\TextChunker.cs(332,14): warning SA1402: File may only contain a single type (https://github.com/DotNetAnalyzers/StyleCopAnalyzers/blob/master/documentation/SA1402.md) [C:\Projects\Hazina\src\Core\AI\Hazina.AI.RAG\Hazina.AI.RAG.csproj::TargetFramework=net10.0]
C:\Projects\Hazina\src\Core\AI\Hazina.AI.RAG\Embeddings\TextChunker.cs(344,14): warning SA1402: File may only contain a single type (https://github.com/DotNetAnalyzers/StyleCopAnalyzers/blob/master/documentation/SA1402.md) [C:\Projects\Hazina\src\Core\AI\Hazina.AI.RAG\Hazina.AI.RAG.csproj::TargetFramework=net10.0]
C:\Projects\Hazina\src\Core\Agents\Hazina.AgentFactory\Models\AgentCardModel.cs(10,20): warning CS8618: Non-nullable field 'prompt' must contain a non-null value when exiting constructor. Consider adding the 'required' modifier or declaring the field as nullable. [C:\Projects\Hazina\src\Core\Agents\Hazina.AgentFactory\Hazina.AgentFactory.csproj::TargetFramework=net9.0]
C:\Projects\Hazina\src\Core\AI\Hazina.AI.RAG\Utilities\SentenceSplitter.cs(28,32): warning CA1002: Change 'List<string>' in 'SentenceSplitter.Split(string, [string], [int], [int?])' to use 'Collection<T>', 'ReadOnlyCollection<T>' or 'KeyedCollection<K,V>' (https://learn.microsoft.com/dotnet/fundamentals/code-analysis/quality-rules/ca1002) [C:\Projects\Hazina\src\Core\AI\Hazina.AI.RAG\Hazina.AI.RAG.csproj::TargetFramework=net10.0]
C:\Projects\Hazina\src\Core\AI\Hazina.AI.RAG\Utilities\SentenceSplitter.cs(28,19): warning MA0016: Prefer using collection abstraction instead of implementation (https://github.com/meziantou/Meziantou.Analyzer/blob/main/docs/Rules/MA0016.md) [C:\Projects\Hazina\src\Core\AI\Hazina.AI.RAG\Hazina.AI.RAG.csproj::TargetFramework=net10.0]
C:\Projects\Hazina\src\Core\AI\Hazina.AI.RAG\Extensions\DocumentStoreSemanticExtensions.cs(151,12): warning MA0026: TODO When vector store supports metadata, include chunkMetadata in the embedding (https://github.com/meziantou/Meziantou.Analyzer/blob/main/docs/Rules/MA0026.md) [C:\Projects\Hazina\src\Core\AI\Hazina.AI.RAG\Hazina.AI.RAG.csproj::TargetFramework=net10.0]
C:\Projects\Hazina\src\Core\AI\Hazina.AI.RAG\Graph\Storage\SQLiteGraphStore.cs(33,18): warning MA0051: Method is too long (97 lines; maximum allowed: 60) (https://github.com/meziantou/Meziantou.Analyzer/blob/main/docs/Rules/MA0051.md) [C:\Projects\Hazina\src\Core\AI\Hazina.AI.RAG\Hazina.AI.RAG.csproj::TargetFramework=net10.0]
C:\Projects\Hazina\src\Core\AI\Hazina.AI.RAG\Extensions\DocumentStoreSemanticExtensions.cs(151,12): warning S1135: Complete the task associated to this 'TODO' comment. (https://rules.sonarsource.com/csharp/RSPEC-1135) [C:\Projects\Hazina\src\Core\AI\Hazina.AI.RAG\Hazina.AI.RAG.csproj::TargetFramework=net10.0]
C:\Projects\Hazina\src\Core\AI\Hazina.AI.RAG\Extensions\DocumentStoreSemanticExtensions.cs(1,1): warning SA1633: The file header is missing or not located at the top of the file. (https://github.com/DotNetAnalyzers/StyleCopAnalyzers/blob/master/documentation/SA1633.md) [C:\Projects\Hazina\src\Core\AI\Hazina.AI.RAG\Hazina.AI.RAG.csproj::TargetFramework=net10.0]
C:\Projects\Hazina\src\Core\AI\Hazina.AI.RAG\Extensions\DocumentStoreSemanticExtensions.cs(73,9): warning SA1009: Closing parenthesis should not be preceded by a space (https://github.com/DotNetAnalyzers/StyleCopAnalyzers/blob/master/documentation/SA1009.md) [C:\Projects\Hazina\src\Core\AI\Hazina.AI.RAG\Hazina.AI.RAG.csproj::TargetFramework=net10.0]
C:\Projects\Hazina\src\Core\AI\Hazina.AI.RAG\Extensions\DocumentStoreSemanticExtensions.cs(109,13): warning SA1009: Closing parenthesis should not be preceded by a space (https://github.com/DotNetAnalyzers/StyleCopAnalyzers/blob/master/documentation/SA1009.md) [C:\Projects\Hazina\src\Core\AI\Hazina.AI.RAG\Hazina.AI.RAG.csproj::TargetFramework=net10.0]
C:\Projects\Hazina\src\Core\AI\Hazina.AI.RAG\Extensions\DocumentStoreSemanticExtensions.cs(125,17): warning SA1009: Closing parenthesis should not be preceded by a space (https://github.com/DotNetAnalyzers/StyleCopAnalyzers/blob/master/documentation/SA1009.md) [C:\Projects\Hazina\src\Core\AI\Hazina.AI.RAG\Hazina.AI.RAG.csproj::TargetFramework=net10.0]
C:\Projects\Hazina\src\Core\AI\Hazina.AI.RAG\Extensions\DocumentStoreSemanticExtensions.cs(195,9): warning SA1009: Closing parenthesis should not be preceded by a space (https://github.com/DotNetAnalyzers/StyleCopAnalyzers/blob/master/documentation/SA1009.md) [C:\Projects\Hazina\src\Core\AI\Hazina.AI.RAG\Hazina.AI.RAG.csproj::TargetFramework=net10.0]
C:\Projects\Hazina\src\Core\AI\Hazina.AI.RAG\Embeddings\BasicMetadataExtractor.cs(37,12): warning MA0016: Prefer using collection abstraction instead of implementation (https://github.com/meziantou/Meziantou.Analyzer/blob/main/docs/Rules/MA0016.md) [C:\Projects\Hazina\src\Core\AI\Hazina.AI.RAG\Hazina.AI.RAG.csproj::TargetFramework=net10.0]
C:\Projects\Hazina\src\Core\AI\Hazina.AI.RAG\Extensions\RetrievalServiceExtensions.cs(1,1): warning SA1633: The file header is missing or not located at the top of the file. (https://github.com/DotNetAnalyzers/StyleCopAnalyzers/blob/master/documentation/SA1633.md) [C:\Projects\Hazina\src\Core\AI\Hazina.AI.RAG\Hazina.AI.RAG.csproj::TargetFramework=net10.0]
C:\Projects\Hazina\src\Core\AI\Hazina.AI.RAG\Extensions\RetrievalServiceExtensions.cs(84,14): warning SA1402: File may only contain a single type (https://github.com/DotNetAnalyzers/StyleCopAnalyzers/blob/master/documentation/SA1402.md) [C:\Projects\Hazina\src\Core\AI\Hazina.AI.RAG\Hazina.AI.RAG.csproj::TargetFramework=net10.0]
C:\Projects\Hazina\src\Core\AI\Hazina.AI.RAG\Graph\Pipeline\EntityNormalizationService.cs(74,13): warning CA1873: Evaluation of this argument may be expensive and unnecessary if logging is disabled (https://learn.microsoft.com/dotnet/fundamentals/code-analysis/quality-rules/ca1873) [C:\Projects\Hazina\src\Core\AI\Hazina.AI.RAG\Hazina.AI.RAG.csproj::TargetFramework=net10.0]
C:\Projects\Hazina\src\Core\AI\Hazina.AI.RAG\Graph\Pipeline\EntityNormalizationService.cs(74,13): warning CA1848: For improved performance, use the LoggerMessage delegates instead of calling 'LoggerExtensions.LogDebug(ILogger, string?, params object?[])' (https://learn.microsoft.com/dotnet/fundamentals/code-analysis/quality-rules/ca1848) [C:\Projects\Hazina\src\Core\AI\Hazina.AI.RAG\Hazina.AI.RAG.csproj::TargetFramework=net10.0]
C:\Projects\Hazina\src\Core\AI\Hazina.AI.RAG\Graph\Storage\SQLiteGraphStore.cs(130,9): warning CA1873: Evaluation of this argument may be expensive and unnecessary if logging is disabled (https://learn.microsoft.com/dotnet/fundamentals/code-analysis/quality-rules/ca1873) [C:\Projects\Hazina\src\Core\AI\Hazina.AI.RAG\Hazina.AI.RAG.csproj::TargetFramework=net10.0]
C:\Projects\Hazina\src\Core\AI\Hazina.AI.RAG\Graph\Storage\SQLiteGraphStore.cs(130,9): warning CA1848: For improved performance, use the LoggerMessage delegates instead of calling 'LoggerExtensions.LogInformation(ILogger, string?, params object?[])' (https://learn.microsoft.com/dotnet/fundamentals/code-analysis/quality-rules/ca1848) [C:\Projects\Hazina\src\Core\AI\Hazina.AI.RAG\Hazina.AI.RAG.csproj::TargetFramework=net10.0]
C:\Projects\Hazina\src\Core\AI\Hazina.AI.RAG\Graph\Explainability\RetrievalTrace.cs(1,1): warning SA1633: The file header is missing or not located at the top of the file. (https://github.com/DotNetAnalyzers/StyleCopAnalyzers/blob/master/documentation/SA1633.md) [C:\Projects\Hazina\src\Core\AI\Hazina.AI.RAG\Hazina.AI.RAG.csproj::TargetFramework=net10.0]
C:\Projects\Hazina\src\Core\AI\Hazina.AI.RAG\Graph\Pipeline\EntityNormalizationService.cs(66,32): warning MA0004: Use Task.ConfigureAwait(false) if the current SynchronizationContext is not needed (https://github.com/meziantou/Meziantou.Analyzer/blob/main/docs/Rules/MA0004.md) [C:\Projects\Hazina\src\Core\AI\Hazina.AI.RAG\Hazina.AI.RAG.csproj::TargetFramework=net10.0]
C:\Projects\Hazina\src\Core\AI\Hazina.AI.RAG\Graph\Pipeline\EntityNormalizationService.cs(55,13): warning CA1848: For improved performance, use the LoggerMessage delegates instead of calling 'LoggerExtensions.LogError(ILogger, Exception?, string?, params object?[])' (https://learn.microsoft.com/dotnet/fundamentals/code-analysis/quality-rules/ca1848) [C:\Projects\Hazina\src\Core\AI\Hazina.AI.RAG\Hazina.AI.RAG.csproj::TargetFramework=net10.0]
C:\Projects\Hazina\src\Core\AI\Hazina.AI.RAG\Graph\Explainability\RetrievalTrace.cs(23,14): warning SA1402: File may only contain a single type (https://github.com/DotNetAnalyzers/StyleCopAnalyzers/blob/master/documentation/SA1402.md) [C:\Projects\Hazina\src\Core\AI\Hazina.AI.RAG\Hazina.AI.RAG.csproj::TargetFramework=net10.0]
C:\Projects\Hazina\src\Core\AI\Hazina.AI.RAG\Graph\Explainability\RetrievalTrace.cs(34,14): warning SA1402: File may only contain a single type (https://github.com/DotNetAnalyzers/StyleCopAnalyzers/blob/master/documentation/SA1402.md) [C:\Projects\Hazina\src\Core\AI\Hazina.AI.RAG\Hazina.AI.RAG.csproj::TargetFramework=net10.0]
C:\Projects\Hazina\src\Core\AI\Hazina.AI.RAG\Utilities\SentenceSplitter.cs(73,17): warning S1643: Use a StringBuilder instead. (https://rules.sonarsource.com/csharp/RSPEC-1643) [C:\Projects\Hazina\src\Core\AI\Hazina.AI.RAG\Hazina.AI.RAG.csproj::TargetFramework=net10.0]
C:\Projects\Hazina\src\Core\AI\Hazina.AI.RAG\Graph\Pipeline\EntityNormalizationService.cs(29,9): warning CA1510: Use 'ArgumentNullException.ThrowIfNull' instead of explicitly throwing a new exception instance (https://learn.microsoft.com/dotnet/fundamentals/code-analysis/quality-rules/ca1510) [C:\Projects\Hazina\src\Core\AI\Hazina.AI.RAG\Hazina.AI.RAG.csproj::TargetFramework=net10.0]
C:\Projects\Hazina\src\Core\AI\Hazina.AI.RAG\Graph\Pipeline\EntityNormalizationService.cs(34,9): warning CA1510: Use 'ArgumentNullException.ThrowIfNull' instead of explicitly throwing a new exception instance (https://learn.microsoft.com/dotnet/fundamentals/code-analysis/quality-rules/ca1510) [C:\Projects\Hazina\src\Core\AI\Hazina.AI.RAG\Hazina.AI.RAG.csproj::TargetFramework=net10.0]
C:\Projects\Hazina\src\Core\AI\Hazina.AI.RAG\Graph\Models\GraphEntity.cs(1,1): warning SA1633: The file header is missing or not located at the top of the file. (https://github.com/DotNetAnalyzers/StyleCopAnalyzers/blob/master/documentation/SA1633.md) [C:\Projects\Hazina\src\Core\AI\Hazina.AI.RAG\Hazina.AI.RAG.csproj::TargetFramework=net10.0]
C:\Projects\Hazina\src\Core\AI\Hazina.AI.RAG\Graph\Models\GraphPath.cs(1,1): warning SA1633: The file header is missing or not located at the top of the file. (https://github.com/DotNetAnalyzers/StyleCopAnalyzers/blob/master/documentation/SA1633.md) [C:\Projects\Hazina\src\Core\AI\Hazina.AI.RAG\Hazina.AI.RAG.csproj::TargetFramework=net10.0]
C:\Projects\Hazina\src\Core\AI\Hazina.AI.RAG\Core\RAGEngine.cs(138,13): warning SA1111: Closing parenthesis should be on line of last parameter (https://github.com/DotNetAnalyzers/StyleCopAnalyzers/blob/master/documentation/SA1111.md) [C:\Projects\Hazina\src\Core\AI\Hazina.AI.RAG\Hazina.AI.RAG.csproj::TargetFramework=net10.0]
C:\Projects\Hazina\src\Core\AI\Hazina.AI.RAG\Graph\Models\GraphPath.cs(27,14): warning SA1402: File may only contain a single type (https://github.com/DotNetAnalyzers/StyleCopAnalyzers/blob/master/documentation/SA1402.md) [C:\Projects\Hazina\src\Core\AI\Hazina.AI.RAG\Hazina.AI.RAG.csproj::TargetFramework=net10.0]
C:\Projects\Hazina\src\Core\AI\Hazina.AI.RAG\Graph\Pipeline\EntityNormalizationService.cs(44,59): warning MA0004: Use Task.ConfigureAwait(false) if the current SynchronizationContext is not needed (https://github.com/meziantou/Meziantou.Analyzer/blob/main/docs/Rules/MA0004.md) [C:\Projects\Hazina\src\Core\AI\Hazina.AI.RAG\Hazina.AI.RAG.csproj::TargetFramework=net10.0]
C:\Projects\Hazina\src\Core\AI\Hazina.AI.RAG\Graph\Pipeline\EntityNormalizationService.cs(45,59): warning MA0004: Use Task.ConfigureAwait(false) if the current SynchronizationContext is not needed (https://github.com/meziantou/Meziantou.Analyzer/blob/main/docs/Rules/MA0004.md) [C:\Projects\Hazina\src\Core\AI\Hazina.AI.RAG\Hazina.AI.RAG.csproj::TargetFramework=net10.0]
C:\Projects\Hazina\src\Core\AI\Hazina.AI.RAG\Graph\Pipeline\EntityNormalizationService.cs(46,68): warning MA0004: Use Task.ConfigureAwait(false) if the current SynchronizationContext is not needed (https://github.com/meziantou/Meziantou.Analyzer/blob/main/docs/Rules/MA0004.md) [C:\Projects\Hazina\src\Core\AI\Hazina.AI.RAG\Hazina.AI.RAG.csproj::TargetFramework=net10.0]
C:\Projects\Hazina\src\Core\AI\Hazina.AI.RAG\Utilities\SentenceSplitter.cs(60,81): warning SA1629: Documentation text should end with a period (https://github.com/DotNetAnalyzers/StyleCopAnalyzers/blob/master/documentation/SA1629.md) [C:\Projects\Hazina\src\Core\AI\Hazina.AI.RAG\Hazina.AI.RAG.csproj::TargetFramework=net10.0]
C:\Projects\Hazina\src\Core\AI\Hazina.AI.RAG\Utilities\SentenceSplitter.cs(65,23): warning SA1122: Use string.Empty for empty strings (https://github.com/DotNetAnalyzers/StyleCopAnalyzers/blob/master/documentation/SA1122.md) [C:\Projects\Hazina\src\Core\AI\Hazina.AI.RAG\Hazina.AI.RAG.csproj::TargetFramework=net10.0]
C:\Projects\Hazina\src\Core\AI\Hazina.AI.RAG\Graph\Models\GraphPath.cs(15,1): warning SA1028: Code should not contain trailing whitespace (https://github.com/DotNetAnalyzers/StyleCopAnalyzers/blob/master/documentation/SA1028.md) [C:\Projects\Hazina\src\Core\AI\Hazina.AI.RAG\Hazina.AI.RAG.csproj::TargetFramework=net10.0]
C:\Projects\Hazina\src\Core\AI\Hazina.AI.RAG\Graph\Models\GraphRelationship.cs(1,1): warning SA1633: The file header is missing or not located at the top of the file. (https://github.com/DotNetAnalyzers/StyleCopAnalyzers/blob/master/documentation/SA1633.md) [C:\Projects\Hazina\src\Core\AI\Hazina.AI.RAG\Hazina.AI.RAG.csproj::TargetFramework=net10.0]
C:\Projects\Hazina\src\Core\AI\Hazina.AI.RAG\Embeddings\BasicMetadataExtractor.cs(35,49): warning SA1629: Documentation text should end with a period (https://github.com/DotNetAnalyzers/StyleCopAnalyzers/blob/master/documentation/SA1629.md) [C:\Projects\Hazina\src\Core\AI\Hazina.AI.RAG\Hazina.AI.RAG.csproj::TargetFramework=net10.0]
C:\Projects\Hazina\src\Core\AI\Hazina.AI.RAG\Graph\Models\GraphRelationship.cs(24,14): warning SA1402: File may only contain a single type (https://github.com/DotNetAnalyzers/StyleCopAnalyzers/blob/master/documentation/SA1402.md) [C:\Projects\Hazina\src\Core\AI\Hazina.AI.RAG\Hazina.AI.RAG.csproj::TargetFramework=net10.0]
C:\Projects\Hazina\src\Core\AI\Hazina.AI.RAG\Extensions\DocumentStoreSemanticExtensions.cs(48,9): warning MA0016: Prefer using collection abstraction instead of implementation (https://github.com/meziantou/Meziantou.Analyzer/blob/main/docs/Rules/MA0016.md) [C:\Projects\Hazina\src\Core\AI\Hazina.AI.RAG\Hazina.AI.RAG.csproj::TargetFramework=net10.0]
C:\Projects\Hazina\src\Core\AI\Hazina.AI.RAG\Embeddings\ContentTypeDetector.cs(59,31): warning S6605: Collection-specific "Exists" method should be used instead of the "Any" extension. (https://rules.sonarsource.com/csharp/RSPEC-6605) [C:\Projects\Hazina\src\Core\AI\Hazina.AI.RAG\Hazina.AI.RAG.csproj::TargetFramework=net10.0]
C:\Projects\Hazina\src\Core\AI\Hazina.AI.RAG\Graph\Models\GraphSchema.cs(1,1): warning SA1633: The file header is missing or not located at the top of the file. (https://github.com/DotNetAnalyzers/StyleCopAnalyzers/blob/master/documentation/SA1633.md) [C:\Projects\Hazina\src\Core\AI\Hazina.AI.RAG\Hazina.AI.RAG.csproj::TargetFramework=net10.0]
C:\Projects\Hazina\src\Core\AI\Hazina.AI.RAG\Core\RAGEngine.cs(105,47): warning MA0004: Use Task.ConfigureAwait(false) if the current SynchronizationContext is not needed (https://github.com/meziantou/Meziantou.Analyzer/blob/main/docs/Rules/MA0004.md) [C:\Projects\Hazina\src\Core\AI\Hazina.AI.RAG\Hazina.AI.RAG.csproj::TargetFramework=net10.0]
C:\Projects\Hazina\src\Core\AI\Hazina.AI.RAG\Core\RAGEngine.cs(111,47): warning MA0004: Use Task.ConfigureAwait(false) if the current SynchronizationContext is not needed (https://github.com/meziantou/Meziantou.Analyzer/blob/main/docs/Rules/MA0004.md) [C:\Projects\Hazina\src\Core\AI\Hazina.AI.RAG\Hazina.AI.RAG.csproj::TargetFramework=net10.0]
C:\Projects\Hazina\src\Core\AI\Hazina.AI.RAG\Extensions\DocumentStoreSemanticExtensions.cs(41,36): warning MA0051: Method is too long (82 lines; maximum allowed: 60) (https://github.com/meziantou/Meziantou.Analyzer/blob/main/docs/Rules/MA0051.md) [C:\Projects\Hazina\src\Core\AI\Hazina.AI.RAG\Hazina.AI.RAG.csproj::TargetFramework=net10.0]
C:\Projects\Hazina\src\Core\AI\Hazina.AI.RAG\Core\RAGEngine.cs(124,47): warning MA0004: Use Task.ConfigureAwait(false) if the current SynchronizationContext is not needed (https://github.com/meziantou/Meziantou.Analyzer/blob/main/docs/Rules/MA0004.md) [C:\Projects\Hazina\src\Core\AI\Hazina.AI.RAG\Hazina.AI.RAG.csproj::TargetFramework=net10.0]
C:\Projects\Hazina\src\Core\AI\Hazina.AI.RAG\Core\RAGEngine.cs(133,31): warning MA0004: Use Task.ConfigureAwait(false) if the current SynchronizationContext is not needed (https://github.com/meziantou/Meziantou.Analyzer/blob/main/docs/Rules/MA0004.md) [C:\Projects\Hazina\src\Core\AI\Hazina.AI.RAG\Hazina.AI.RAG.csproj::TargetFramework=net10.0]
C:\Projects\Hazina\src\Core\AI\Hazina.AI.RAG\Embeddings\BasicMetadataExtractor.cs(39,24): warning MA0002: Use an overload that has a IEqualityComparer<string> or IComparer<string> parameter (https://github.com/meziantou/Meziantou.Analyzer/blob/main/docs/Rules/MA0002.md) [C:\Projects\Hazina\src\Core\AI\Hazina.AI.RAG\Hazina.AI.RAG.csproj::TargetFramework=net10.0]
C:\Projects\Hazina\src\Core\AI\Hazina.AI.RAG\Graph\Models\GraphSchema.cs(14,1): warning SA1028: Code should not contain trailing whitespace (https://github.com/DotNetAnalyzers/StyleCopAnalyzers/blob/master/documentation/SA1028.md) [C:\Projects\Hazina\src\Core\AI\Hazina.AI.RAG\Hazina.AI.RAG.csproj::TargetFramework=net10.0]
C:\Projects\Hazina\src\Core\AI\Hazina.AI.RAG\Graph\Models\GraphSchema.cs(17,1): warning SA1028: Code should not contain trailing whitespace (https://github.com/DotNetAnalyzers/StyleCopAnalyzers/blob/master/documentation/SA1028.md) [C:\Projects\Hazina\src\Core\AI\Hazina.AI.RAG\Hazina.AI.RAG.csproj::TargetFramework=net10.0]
C:\Projects\Hazina\src\Core\AI\Hazina.AI.RAG\Graph\Pipeline\EntityNormalizationService.cs(53,9): warning CA1031: Modify 'NormalizeEntityAsync' to catch a more specific allowed exception type, or rethrow the exception (https://learn.microsoft.com/dotnet/fundamentals/code-analysis/quality-rules/ca1031) [C:\Projects\Hazina\src\Core\AI\Hazina.AI.RAG\Hazina.AI.RAG.csproj::TargetFramework=net10.0]
C:\Projects\Hazina\src\Core\AI\Hazina.AI.RAG\Graph\Pipeline\EntityNormalizationService.cs(1,1): warning SA1633: The file header is missing or not located at the top of the file. (https://github.com/DotNetAnalyzers/StyleCopAnalyzers/blob/master/documentation/SA1633.md) [C:\Projects\Hazina\src\Core\AI\Hazina.AI.RAG\Hazina.AI.RAG.csproj::TargetFramework=net10.0]
C:\Projects\Hazina\src\Core\AI\Hazina.AI.RAG\Utilities\SentenceSplitter.cs(21,54): warning SA1629: Documentation text should end with a period (https://github.com/DotNetAnalyzers/StyleCopAnalyzers/blob/master/documentation/SA1629.md) [C:\Projects\Hazina\src\Core\AI\Hazina.AI.RAG\Hazina.AI.RAG.csproj::TargetFramework=net10.0]
C:\Projects\Hazina\src\Core\AI\Hazina.AI.RAG\Utilities\SentenceSplitter.cs(23,41): warning SA1629: Documentation text should end with a period (https://github.com/DotNetAnalyzers/StyleCopAnalyzers/blob/master/documentation/SA1629.md) [C:\Projects\Hazina\src\Core\AI\Hazina.AI.RAG\Hazina.AI.RAG.csproj::TargetFramework=net10.0]
C:\Projects\Hazina\src\Core\AI\Hazina.AI.RAG\Utilities\SentenceSplitter.cs(24,105): warning SA1629: Documentation text should end with a period (https://github.com/DotNetAnalyzers/StyleCopAnalyzers/blob/master/documentation/SA1629.md) [C:\Projects\Hazina\src\Core\AI\Hazina.AI.RAG\Hazina.AI.RAG.csproj::TargetFramework=net10.0]
C:\Projects\Hazina\src\Core\AI\Hazina.AI.RAG\Utilities\SentenceSplitter.cs(25,67): warning SA1629: Documentation text should end with a period (https://github.com/DotNetAnalyzers/StyleCopAnalyzers/blob/master/documentation/SA1629.md) [C:\Projects\Hazina\src\Core\AI\Hazina.AI.RAG\Hazina.AI.RAG.csproj::TargetFramework=net10.0]
C:\Projects\Hazina\src\Core\AI\Hazina.AI.RAG\Utilities\SentenceSplitter.cs(26,76): warning SA1629: Documentation text should end with a period (https://github.com/DotNetAnalyzers/StyleCopAnalyzers/blob/master/documentation/SA1629.md) [C:\Projects\Hazina\src\Core\AI\Hazina.AI.RAG\Hazina.AI.RAG.csproj::TargetFramework=net10.0]
C:\Projects\Hazina\src\Core\AI\Hazina.AI.RAG\Utilities\SentenceSplitter.cs(27,35): warning SA1629: Documentation text should end with a period (https://github.com/DotNetAnalyzers/StyleCopAnalyzers/blob/master/documentation/SA1629.md) [C:\Projects\Hazina\src\Core\AI\Hazina.AI.RAG\Hazina.AI.RAG.csproj::TargetFramework=net10.0]
C:\Projects\Hazina\src\Core\AI\Hazina.AI.RAG\Utilities\SentenceSplitter.cs(35,13): warning SA1503: Braces should not be omitted (https://github.com/DotNetAnalyzers/StyleCopAnalyzers/blob/master/documentation/SA1503.md) [C:\Projects\Hazina\src\Core\AI\Hazina.AI.RAG\Hazina.AI.RAG.csproj::TargetFramework=net10.0]
C:\Projects\Hazina\src\Core\AI\Hazina.AI.RAG\Core\RAGEngine.cs(142,9): warning CA1031: Modify 'QueryAsync' to catch a more specific allowed exception type, or rethrow the exception (https://learn.microsoft.com/dotnet/fundamentals/code-analysis/quality-rules/ca1031) [C:\Projects\Hazina\src\Core\AI\Hazina.AI.RAG\Hazina.AI.RAG.csproj::TargetFramework=net10.0]
C:\Projects\Hazina\src\Core\AI\Hazina.AI.RAG\Graph\Pipeline\LLMRelationshipExtractor.cs(92,13): warning CA1873: Evaluation of this argument may be expensive and unnecessary if logging is disabled (https://learn.microsoft.com/dotnet/fundamentals/code-analysis/quality-rules/ca1873) [C:\Projects\Hazina\src\Core\AI\Hazina.AI.RAG\Hazina.AI.RAG.csproj::TargetFramework=net10.0]
C:\Projects\Hazina\src\Core\AI\Hazina.AI.RAG\Graph\Pipeline\LLMRelationshipExtractor.cs(85,17): warning CA1848: For improved performance, use the LoggerMessage delegates instead of calling 'LoggerExtensions.LogWarning(ILogger, string?, params object?[])' (https://learn.microsoft.com/dotnet/fundamentals/code-analysis/quality-rules/ca1848) [C:\Projects\Hazina\src\Core\AI\Hazina.AI.RAG\Hazina.AI.RAG.csproj::TargetFramework=net10.0]
C:\Projects\Hazina\src\Core\AI\Hazina.AI.RAG\Graph\Pipeline\LLMRelationshipExtractor.cs(92,13): warning CA1848: For improved performance, use the LoggerMessage delegates instead of calling 'LoggerExtensions.LogInformation(ILogger, string?, params object?[])' (https://learn.microsoft.com/dotnet/fundamentals/code-analysis/quality-rules/ca1848) [C:\Projects\Hazina\src\Core\AI\Hazina.AI.RAG\Hazina.AI.RAG.csproj::TargetFramework=net10.0]
C:\Projects\Hazina\src\Core\AI\Hazina.AI.RAG\Graph\Pipeline\LLMRelationshipExtractor.cs(98,13): warning CA1848: For improved performance, use the LoggerMessage delegates instead of calling 'LoggerExtensions.LogError(ILogger, Exception?, string?, params object?[])' (https://learn.microsoft.com/dotnet/fundamentals/code-analysis/quality-rules/ca1848) [C:\Projects\Hazina\src\Core\AI\Hazina.AI.RAG\Hazina.AI.RAG.csproj::TargetFramework=net10.0]
C:\Projects\Hazina\src\Core\AI\Hazina.AI.RAG\Graph\Pipeline\LLMRelationshipExtractor.cs(70,17): warning CA1305: The behavior of 'StringBuilder.AppendLine(ref StringBuilder.AppendInterpolatedStringHandler)' could vary based on the current user's locale settings. Replace this call in 'LLMRelationshipExtractor.ExtractRelationshipsAsync(string, List<GraphEntity>, [string], [CancellationToken])' with a call to 'StringBuilder.AppendLine(IFormatProvider, ref StringBuilder.AppendInterpolatedStringHandler)'. (https://learn.microsoft.com/dotnet/fundamentals/code-analysis/quality-rules/ca1305) [C:\Projects\Hazina\src\Core\AI\Hazina.AI.RAG\Hazina.AI.RAG.csproj::TargetFramework=net10.0]
C:\Projects\Hazina\src\Core\AI\Hazina.AI.RAG\Graph\Pipeline\LLMRelationshipExtractor.cs(73,26): warning CA1307: 'string.Replace(string, string?)' has a method overload that takes a 'StringComparison' parameter. Replace this call in 'Hazina.AI.RAG.Graph.Pipeline.LLMRelationshipExtractor.ExtractRelationshipsAsync(string, System.Collections.Generic.List<Hazina.AI.RAG.Graph.Models.GraphEntity>, string?, System.Threading.CancellationToken)' with a call to 'string.Replace(string, string?, System.StringComparison)' for clarity of intent. (https://learn.microsoft.com/dotnet/fundamentals/code-analysis/quality-rules/ca1307) [C:\Projects\Hazina\src\Core\AI\Hazina.AI.RAG\Hazina.AI.RAG.csproj::TargetFramework=net10.0]
C:\Projects\Hazina\src\Core\AI\Hazina.AI.RAG\Graph\Pipeline\LLMRelationshipExtractor.cs(73,26): warning CA1307: 'string.Replace(string, string?)' has a method overload that takes a 'StringComparison' parameter. Replace this call in 'Hazina.AI.RAG.Graph.Pipeline.LLMRelationshipExtractor.ExtractRelationshipsAsync(string, System.Collections.Generic.List<Hazina.AI.RAG.Graph.Models.GraphEntity>, string?, System.Threading.CancellationToken)' with a call to 'string.Replace(string, string?, System.StringComparison)' for clarity of intent. (https://learn.microsoft.com/dotnet/fundamentals/code-analysis/quality-rules/ca1307) [C:\Projects\Hazina\src\Core\AI\Hazina.AI.RAG\Hazina.AI.RAG.csproj::TargetFramework=net10.0]
C:\Projects\Hazina\src\Core\AI\Hazina.AI.RAG\Graph\Pipeline\EntityNormalizationService.cs(97,34): warning SA1116: The parameters should begin on the line after the declaration, whenever the parameter span across multiple lines (https://github.com/DotNetAnalyzers/StyleCopAnalyzers/blob/master/documentation/SA1116.md) [C:\Projects\Hazina\src\Core\AI\Hazina.AI.RAG\Hazina.AI.RAG.csproj::TargetFramework=net10.0]
C:\Projects\Hazina\src\Core\AI\Hazina.AI.RAG\Graph\Pipeline\EntityNormalizationService.cs(115,38): warning SA1116: The parameters should begin on the line after the declaration, whenever the parameter span across multiple lines (https://github.com/DotNetAnalyzers/StyleCopAnalyzers/blob/master/documentation/SA1116.md) [C:\Projects\Hazina\src\Core\AI\Hazina.AI.RAG\Hazina.AI.RAG.csproj::TargetFramework=net10.0]
C:\Projects\Hazina\src\Core\AI\Hazina.AI.RAG\Graph\Pipeline\EntityNormalizationService.cs(98,34): warning SA1117: The parameters should all be placed on the same line or each parameter should be placed on its own line (https://github.com/DotNetAnalyzers/StyleCopAnalyzers/blob/master/documentation/SA1117.md) [C:\Projects\Hazina\src\Core\AI\Hazina.AI.RAG\Hazina.AI.RAG.csproj::TargetFramework=net10.0]
C:\Projects\Hazina\src\Core\AI\Hazina.AI.RAG\Graph\Pipeline\EntityNormalizationService.cs(116,32): warning SA1117: The parameters should all be placed on the same line or each parameter should be placed on its own line (https://github.com/DotNetAnalyzers/StyleCopAnalyzers/blob/master/documentation/SA1117.md) [C:\Projects\Hazina\src\Core\AI\Hazina.AI.RAG\Hazina.AI.RAG.csproj::TargetFramework=net10.0]
C:\Projects\Hazina\src\Core\AI\Hazina.AI.RAG\Utilities\SentenceSplitter.cs(127,17): warning S1643: Use a StringBuilder instead. (https://rules.sonarsource.com/csharp/RSPEC-1643) [C:\Projects\Hazina\src\Core\AI\Hazina.AI.RAG\Hazina.AI.RAG.csproj::TargetFramework=net10.0]
C:\Projects\Hazina\src\Core\AI\Hazina.AI.RAG\Utilities\SentenceSplitter.cs(97,55): warning SA1629: Documentation text should end with a period (https://github.com/DotNetAnalyzers/StyleCopAnalyzers/blob/master/documentation/SA1629.md) [C:\Projects\Hazina\src\Core\AI\Hazina.AI.RAG\Hazina.AI.RAG.csproj::TargetFramework=net10.0]
C:\Projects\Hazina\src\Core\AI\Hazina.AI.RAG\Utilities\SentenceSplitter.cs(102,32): warning SA1503: Braces should not be omitted (https://github.com/DotNetAnalyzers/StyleCopAnalyzers/blob/master/documentation/SA1503.md) [C:\Projects\Hazina\src\Core\AI\Hazina.AI.RAG\Hazina.AI.RAG.csproj::TargetFramework=net10.0]
C:\Projects\Hazina\src\Core\AI\Hazina.AI.RAG\Utilities\SentenceSplitter.cs(104,47): warning CA1311: Specify a culture or use an invariant version to avoid implicit dependency on current culture (https://learn.microsoft.com/dotnet/fundamentals/code-analysis/quality-rules/ca1311) [C:\Projects\Hazina\src\Core\AI\Hazina.AI.RAG\Hazina.AI.RAG.csproj::TargetFramework=net10.0]
C:\Projects\Hazina\src\Core\AI\Hazina.AI.RAG\Graph\Pipeline\EntityNormalizationService.cs(97,17): warning CA1873: Evaluation of this argument may be expensive and unnecessary if logging is disabled (https://learn.microsoft.com/dotnet/fundamentals/code-analysis/quality-rules/ca1873) [C:\Projects\Hazina\src\Core\AI\Hazina.AI.RAG\Hazina.AI.RAG.csproj::TargetFramework=net10.0]
C:\Projects\Hazina\src\Core\AI\Hazina.AI.RAG\Graph\Pipeline\EntityNormalizationService.cs(115,21): warning CA1873: Evaluation of this argument may be expensive and unnecessary if logging is disabled (https://learn.microsoft.com/dotnet/fundamentals/code-analysis/quality-rules/ca1873) [C:\Projects\Hazina\src\Core\AI\Hazina.AI.RAG\Hazina.AI.RAG.csproj::TargetFramework=net10.0]
C:\Projects\Hazina\src\Core\AI\Hazina.AI.RAG\Utilities\SentenceSplitter.cs(42,28): warning MA0009: Regular expressions should not be vulnerable to Denial of Service attacks (https://github.com/meziantou/Meziantou.Analyzer/blob/main/docs/Rules/MA0009.md) [C:\Projects\Hazina\src\Core\AI\Hazina.AI.RAG\Hazina.AI.RAG.csproj::TargetFramework=net10.0]
C:\Projects\Hazina\src\Core\AI\Hazina.AI.RAG\Graph\Pipeline\EntityNormalizationService.cs(97,17): warning CA1848: For improved performance, use the LoggerMessage delegates instead of calling 'LoggerExtensions.LogDebug(ILogger, string?, params object?[])' (https://learn.microsoft.com/dotnet/fundamentals/code-analysis/quality-rules/ca1848) [C:\Projects\Hazina\src\Core\AI\Hazina.AI.RAG\Hazina.AI.RAG.csproj::TargetFramework=net10.0]
C:\Projects\Hazina\src\Core\AI\Hazina.AI.RAG\Graph\Pipeline\EntityNormalizationService.cs(115,21): warning CA1848: For improved performance, use the LoggerMessage delegates instead of calling 'LoggerExtensions.LogDebug(ILogger, string?, params object?[])' (https://learn.microsoft.com/dotnet/fundamentals/code-analysis/quality-rules/ca1848) [C:\Projects\Hazina\src\Core\AI\Hazina.AI.RAG\Hazina.AI.RAG.csproj::TargetFramework=net10.0]
C:\Projects\Hazina\src\Core\AI\Hazina.AI.RAG\Embeddings\ContentTypeDetector.cs(48,45): warning SA1629: Documentation text should end with a period (https://github.com/DotNetAnalyzers/StyleCopAnalyzers/blob/master/documentation/SA1629.md) [C:\Projects\Hazina\src\Core\AI\Hazina.AI.RAG\Hazina.AI.RAG.csproj::TargetFramework=net10.0]
C:\Projects\Hazina\src\Core\AI\Hazina.AI.RAG\Embeddings\ContentTypeDetector.cs(11,55): warning SA1629: Documentation text should end with a period (https://github.com/DotNetAnalyzers/StyleCopAnalyzers/blob/master/documentation/SA1629.md) [C:\Projects\Hazina\src\Core\AI\Hazina.AI.RAG\Hazina.AI.RAG.csproj::TargetFramework=net10.0]
C:\Projects\Hazina\src\Core\AI\Hazina.AI.RAG\Embeddings\ContentTypeDetector.cs(16,13): warning SA1503: Braces should not be omitted (https://github.com/DotNetAnalyzers/StyleCopAnalyzers/blob/master/documentation/SA1503.md) [C:\Projects\Hazina\src\Core\AI\Hazina.AI.RAG\Hazina.AI.RAG.csproj::TargetFramework=net10.0]
C:\Projects\Hazina\src\Core\AI\Hazina.AI.RAG\Embeddings\ContentTypeDetector.cs(22,13): warning SA1503: Braces should not be omitted (https://github.com/DotNetAnalyzers/StyleCopAnalyzers/blob/master/documentation/SA1503.md) [C:\Projects\Hazina\src\Core\AI\Hazina.AI.RAG\Hazina.AI.RAG.csproj::TargetFramework=net10.0]
C:\Projects\Hazina\src\Core\AI\Hazina.AI.RAG\Embeddings\ContentTypeDetector.cs(26,13): warning SA1503: Braces should not be omitted (https://github.com/DotNetAnalyzers/StyleCopAnalyzers/blob/master/documentation/SA1503.md) [C:\Projects\Hazina\src\Core\AI\Hazina.AI.RAG\Hazina.AI.RAG.csproj::TargetFramework=net10.0]
C:\Projects\Hazina\src\Core\AI\Hazina.AI.RAG\Embeddings\ContentTypeDetector.cs(30,13): warning SA1503: Braces should not be omitted (https://github.com/DotNetAnalyzers/StyleCopAnalyzers/blob/master/documentation/SA1503.md) [C:\Projects\Hazina\src\Core\AI\Hazina.AI.RAG\Hazina.AI.RAG.csproj::TargetFramework=net10.0]
C:\Projects\Hazina\src\Core\AI\Hazina.AI.RAG\Embeddings\ContentTypeDetector.cs(34,13): warning SA1503: Braces should not be omitted (https://github.com/DotNetAnalyzers/StyleCopAnalyzers/blob/master/documentation/SA1503.md) [C:\Projects\Hazina\src\Core\AI\Hazina.AI.RAG\Hazina.AI.RAG.csproj::TargetFramework=net10.0]
C:\Projects\Hazina\src\Core\AI\Hazina.AI.RAG\Embeddings\ContentTypeDetector.cs(38,13): warning SA1503: Braces should not be omitted (https://github.com/DotNetAnalyzers/StyleCopAnalyzers/blob/master/documentation/SA1503.md) [C:\Projects\Hazina\src\Core\AI\Hazina.AI.RAG\Hazina.AI.RAG.csproj::TargetFramework=net10.0]
C:\Projects\Hazina\src\Core\AI\Hazina.AI.RAG\Embeddings\ContentTypeDetector.cs(41,13): warning SA1503: Braces should not be omitted (https://github.com/DotNetAnalyzers/StyleCopAnalyzers/blob/master/documentation/SA1503.md) [C:\Projects\Hazina\src\Core\AI\Hazina.AI.RAG\Hazina.AI.RAG.csproj::TargetFramework=net10.0]
C:\Projects\Hazina\src\Core\AI\Hazina.AI.RAG\Utilities\SentenceSplitter.cs(104,24): warning CA1304: The behavior of 'string.ToLower()' could vary based on the current user's locale settings. Replace this call in 'SentenceSplitter.EndsWithAbbreviation(string)' with a call to 'string.ToLower(CultureInfo)'. (https://learn.microsoft.com/dotnet/fundamentals/code-analysis/quality-rules/ca1304) [C:\Projects\Hazina\src\Core\AI\Hazina.AI.RAG\Hazina.AI.RAG.csproj::TargetFramework=net10.0]
C:\Projects\Hazina\src\Core\AI\Hazina.AI.RAG\Graph\Pipeline\EntityNormalizationService.cs(87,26): warning MA0004: Use Task.ConfigureAwait(false) if the current SynchronizationContext is not needed (https://github.com/meziantou/Meziantou.Analyzer/blob/main/docs/Rules/MA0004.md) [C:\Projects\Hazina\src\Core\AI\Hazina.AI.RAG\Hazina.AI.RAG.csproj::TargetFramework=net10.0]
C:\Projects\Hazina\src\Core\AI\Hazina.AI.RAG\Graph\Pipeline\EntityNormalizationService.cs(108,36): warning MA0004: Use Task.ConfigureAwait(false) if the current SynchronizationContext is not needed (https://github.com/meziantou/Meziantou.Analyzer/blob/main/docs/Rules/MA0004.md) [C:\Projects\Hazina\src\Core\AI\Hazina.AI.RAG\Hazina.AI.RAG.csproj::TargetFramework=net10.0]
C:\Projects\Hazina\src\Core\AI\Hazina.AI.RAG\Utilities\SentenceSplitter.cs(104,24): warning MA0011: Use an overload of 'ToLower' that has a 'System.Globalization.CultureInfo' parameter (https://github.com/meziantou/Meziantou.Analyzer/blob/main/docs/Rules/MA0011.md) [C:\Projects\Hazina\src\Core\AI\Hazina.AI.RAG\Hazina.AI.RAG.csproj::TargetFramework=net10.0]
C:\Projects\Hazina\src\Core\AI\Hazina.AI.RAG\Graph\Pipeline\LLMRelationshipExtractor.cs(77,28): warning MA0004: Use Task.ConfigureAwait(false) if the current SynchronizationContext is not needed (https://github.com/meziantou/Meziantou.Analyzer/blob/main/docs/Rules/MA0004.md) [C:\Projects\Hazina\src\Core\AI\Hazina.AI.RAG\Hazina.AI.RAG.csproj::TargetFramework=net10.0]
C:\Projects\Hazina\src\Core\AI\Hazina.AI.RAG\Graph\Pipeline\GraphConstructionPipeline.cs(1,1): warning SA1633: The file header is missing or not located at the top of the file. (https://github.com/DotNetAnalyzers/StyleCopAnalyzers/blob/master/documentation/SA1633.md) [C:\Projects\Hazina\src\Core\AI\Hazina.AI.RAG\Hazina.AI.RAG.csproj::TargetFramework=net10.0]
C:\Projects\Hazina\src\Core\AI\Hazina.AI.RAG\Graph\Pipeline\GraphConstructionPipeline.cs(230,14): warning SA1402: File may only contain a single type (https://github.com/DotNetAnalyzers/StyleCopAnalyzers/blob/master/documentation/SA1402.md) [C:\Projects\Hazina\src\Core\AI\Hazina.AI.RAG\Hazina.AI.RAG.csproj::TargetFramework=net10.0]
C:\Projects\Hazina\src\Core\AI\Hazina.AI.RAG\Retrieval\RetrievalPipeline.cs(35,13): warning SA1503: Braces should not be omitted (https://github.com/DotNetAnalyzers/StyleCopAnalyzers/blob/master/documentation/SA1503.md) [C:\Projects\Hazina\src\Core\AI\Hazina.AI.RAG\Hazina.AI.RAG.csproj::TargetFramework=net10.0]
C:\Projects\Hazina\src\Core\AI\Hazina.AI.RAG\Retrieval\RetrievalPipeline.cs(32,9): warning SA1111: Closing parenthesis should be on line of last parameter (https://github.com/DotNetAnalyzers/StyleCopAnalyzers/blob/master/documentation/SA1111.md) [C:\Projects\Hazina\src\Core\AI\Hazina.AI.RAG\Hazina.AI.RAG.csproj::TargetFramework=net10.0]
C:\Projects\Hazina\src\Core\AI\Hazina.AI.RAG\Retrieval\RetrievalPipeline.cs(42,9): warning SA1111: Closing parenthesis should be on line of last parameter (https://github.com/DotNetAnalyzers/StyleCopAnalyzers/blob/master/documentation/SA1111.md) [C:\Projects\Hazina\src\Core\AI\Hazina.AI.RAG\Hazina.AI.RAG.csproj::TargetFramework=net10.0]
C:\Projects\Hazina\src\Core\AI\Hazina.AI.RAG\Extensions\DocumentStoreSemanticExtensions.cs(30,49): warning SA1629: Documentation text should end with a period (https://github.com/DotNetAnalyzers/StyleCopAnalyzers/blob/master/documentation/SA1629.md) [C:\Projects\Hazina\src\Core\AI\Hazina.AI.RAG\Hazina.AI.RAG.csproj::TargetFramework=net10.0]
C:\Projects\Hazina\src\Core\AI\Hazina.AI.RAG\Extensions\DocumentStoreSemanticExtensions.cs(32,55): warning SA1629: Documentation text should end with a period (https://github.com/DotNetAnalyzers/StyleCopAnalyzers/blob/master/documentation/SA1629.md) [C:\Projects\Hazina\src\Core\AI\Hazina.AI.RAG\Hazina.AI.RAG.csproj::TargetFramework=net10.0]
C:\Projects\Hazina\src\Core\AI\Hazina.AI.RAG\Extensions\DocumentStoreSemanticExtensions.cs(33,45): warning SA1629: Documentation text should end with a period (https://github.com/DotNetAnalyzers/StyleCopAnalyzers/blob/master/documentation/SA1629.md) [C:\Projects\Hazina\src\Core\AI\Hazina.AI.RAG\Hazina.AI.RAG.csproj::TargetFramework=net10.0]
C:\Projects\Hazina\src\Core\AI\Hazina.AI.RAG\Extensions\DocumentStoreSemanticExtensions.cs(34,47): warning SA1629: Documentation text should end with a period (https://github.com/DotNetAnalyzers/StyleCopAnalyzers/blob/master/documentation/SA1629.md) [C:\Projects\Hazina\src\Core\AI\Hazina.AI.RAG\Hazina.AI.RAG.csproj::TargetFramework=net10.0]
C:\Projects\Hazina\src\Core\AI\Hazina.AI.RAG\Extensions\DocumentStoreSemanticExtensions.cs(35,83): warning SA1629: Documentation text should end with a period (https://github.com/DotNetAnalyzers/StyleCopAnalyzers/blob/master/documentation/SA1629.md) [C:\Projects\Hazina\src\Core\AI\Hazina.AI.RAG\Hazina.AI.RAG.csproj::TargetFramework=net10.0]
C:\Projects\Hazina\src\Core\AI\Hazina.AI.RAG\Extensions\DocumentStoreSemanticExtensions.cs(36,97): warning SA1629: Documentation text should end with a period (https://github.com/DotNetAnalyzers/StyleCopAnalyzers/blob/master/documentation/SA1629.md) [C:\Projects\Hazina\src\Core\AI\Hazina.AI.RAG\Hazina.AI.RAG.csproj::TargetFramework=net10.0]
C:\Projects\Hazina\src\Core\AI\Hazina.AI.RAG\Extensions\DocumentStoreSemanticExtensions.cs(37,78): warning SA1629: Documentation text should end with a period (https://github.com/DotNetAnalyzers/StyleCopAnalyzers/blob/master/documentation/SA1629.md) [C:\Projects\Hazina\src\Core\AI\Hazina.AI.RAG\Hazina.AI.RAG.csproj::TargetFramework=net10.0]
C:\Projects\Hazina\src\Core\AI\Hazina.AI.RAG\Extensions\DocumentStoreSemanticExtensions.cs(38,49): warning SA1629: Documentation text should end with a period (https://github.com/DotNetAnalyzers/StyleCopAnalyzers/blob/master/documentation/SA1629.md) [C:\Projects\Hazina\src\Core\AI\Hazina.AI.RAG\Hazina.AI.RAG.csproj::TargetFramework=net10.0]
C:\Projects\Hazina\src\Core\AI\Hazina.AI.RAG\Extensions\DocumentStoreSemanticExtensions.cs(39,44): warning SA1629: Documentation text should end with a period (https://github.com/DotNetAnalyzers/StyleCopAnalyzers/blob/master/documentation/SA1629.md) [C:\Projects\Hazina\src\Core\AI\Hazina.AI.RAG\Hazina.AI.RAG.csproj::TargetFramework=net10.0]
C:\Projects\Hazina\src\Core\AI\Hazina.AI.RAG\Extensions\DocumentStoreSemanticExtensions.cs(40,36): warning SA1629: Documentation text should end with a period (https://github.com/DotNetAnalyzers/StyleCopAnalyzers/blob/master/documentation/SA1629.md) [C:\Projects\Hazina\src\Core\AI\Hazina.AI.RAG\Hazina.AI.RAG.csproj::TargetFramework=net10.0]
C:\Projects\Hazina\src\Core\AI\Hazina.AI.RAG\Retrieval\RetrievalPipeline.cs(27,26): warning MA0004: Use Task.ConfigureAwait(false) if the current SynchronizationContext is not needed (https://github.com/meziantou/Meziantou.Analyzer/blob/main/docs/Rules/MA0004.md) [C:\Projects\Hazina\src\Core\AI\Hazina.AI.RAG\Hazina.AI.RAG.csproj::TargetFramework=net10.0]
C:\Projects\Hazina\src\Core\AI\Hazina.AI.RAG\Retrieval\RetrievalPipeline.cs(37,24): warning MA0004: Use Task.ConfigureAwait(false) if the current SynchronizationContext is not needed (https://github.com/meziantou/Meziantou.Analyzer/blob/main/docs/Rules/MA0004.md) [C:\Projects\Hazina\src\Core\AI\Hazina.AI.RAG\Hazina.AI.RAG.csproj::TargetFramework=net10.0]
C:\Projects\Hazina\src\Core\AI\Hazina.AI.RAG\Extensions\DocumentStoreSemanticExtensions.cs(73,9): warning SA1111: Closing parenthesis should be on line of last parameter (https://github.com/DotNetAnalyzers/StyleCopAnalyzers/blob/master/documentation/SA1111.md) [C:\Projects\Hazina\src\Core\AI\Hazina.AI.RAG\Hazina.AI.RAG.csproj::TargetFramework=net10.0]
C:\Projects\Hazina\src\Core\AI\Hazina.AI.RAG\Extensions\DocumentStoreSemanticExtensions.cs(109,13): warning SA1111: Closing parenthesis should be on line of last parameter (https://github.com/DotNetAnalyzers/StyleCopAnalyzers/blob/master/documentation/SA1111.md) [C:\Projects\Hazina\src\Core\AI\Hazina.AI.RAG\Hazina.AI.RAG.csproj::TargetFramework=net10.0]
C:\Projects\Hazina\src\Core\AI\Hazina.AI.RAG\Extensions\DocumentStoreSemanticExtensions.cs(125,17): warning SA1111: Closing parenthesis should be on line of last parameter (https://github.com/DotNetAnalyzers/StyleCopAnalyzers/blob/master/documentation/SA1111.md) [C:\Projects\Hazina\src\Core\AI\Hazina.AI.RAG\Hazina.AI.RAG.csproj::TargetFramework=net10.0]
C:\Projects\Hazina\src\Core\AI\Hazina.AI.RAG\Retrieval\VectorStoreRetriever.cs(48,9): warning SA1500: Braces for multi-line statements should not share line (https://github.com/DotNetAnalyzers/StyleCopAnalyzers/blob/master/documentation/SA1500.md) [C:\Projects\Hazina\src\Core\AI\Hazina.AI.RAG\Hazina.AI.RAG.csproj::TargetFramework=net10.0]
C:\Projects\Hazina\src\Core\AI\Hazina.AI.RAG\Retrieval\VectorStoreRetriever.cs(38,9): warning SA1111: Closing parenthesis should be on line of last parameter (https://github.com/DotNetAnalyzers/StyleCopAnalyzers/blob/master/documentation/SA1111.md) [C:\Projects\Hazina\src\Core\AI\Hazina.AI.RAG\Hazina.AI.RAG.csproj::TargetFramework=net10.0]
C:\Projects\Hazina\src\Core\AI\Hazina.AI.RAG\Extensions\DocumentStoreSemanticExtensions.cs(79,28): warning SA1122: Use string.Empty for empty strings (https://github.com/DotNetAnalyzers/StyleCopAnalyzers/blob/master/documentation/SA1122.md) [C:\Projects\Hazina\src\Core\AI\Hazina.AI.RAG\Hazina.AI.RAG.csproj::TargetFramework=net10.0]
C:\Projects\Hazina\src\Core\AI\Hazina.AI.RAG\Graph\Pipeline\LLMRelationshipExtractor.cs(103,37): warning MA0051: Method is too long (87 lines; maximum allowed: 60) (https://github.com/meziantou/Meziantou.Analyzer/blob/main/docs/Rules/MA0051.md) [C:\Projects\Hazina\src\Core\AI\Hazina.AI.RAG\Hazina.AI.RAG.csproj::TargetFramework=net10.0]
C:\Projects\Hazina\src\Core\AI\Hazina.AI.RAG\Graph\Pipeline\IEntityExtractor.cs(1,1): warning SA1633: The file header is missing or not located at the top of the file. (https://github.com/DotNetAnalyzers/StyleCopAnalyzers/blob/master/documentation/SA1633.md) [C:\Projects\Hazina\src\Core\AI\Hazina.AI.RAG\Hazina.AI.RAG.csproj::TargetFramework=net10.0]
C:\Projects\Hazina\src\Core\AI\Hazina.AI.RAG\Graph\Pipeline\IEntityNormalizer.cs(1,1): warning SA1633: The file header is missing or not located at the top of the file. (https://github.com/DotNetAnalyzers/StyleCopAnalyzers/blob/master/documentation/SA1633.md) [C:\Projects\Hazina\src\Core\AI\Hazina.AI.RAG\Hazina.AI.RAG.csproj::TargetFramework=net10.0]
C:\Projects\Hazina\src\Core\AI\Hazina.AI.RAG\Graph\Pipeline\ILLMTextService.cs(1,1): warning SA1633: The file header is missing or not located at the top of the file. (https://github.com/DotNetAnalyzers/StyleCopAnalyzers/blob/master/documentation/SA1633.md) [C:\Projects\Hazina\src\Core\AI\Hazina.AI.RAG\Hazina.AI.RAG.csproj::TargetFramework=net10.0]
C:\Projects\Hazina\src\Core\AI\Hazina.AI.RAG\Graph\Pipeline\IRelationshipExtractor.cs(1,1): warning SA1633: The file header is missing or not located at the top of the file. (https://github.com/DotNetAnalyzers/StyleCopAnalyzers/blob/master/documentation/SA1633.md) [C:\Projects\Hazina\src\Core\AI\Hazina.AI.RAG\Hazina.AI.RAG.csproj::TargetFramework=net10.0]
C:\Projects\Hazina\src\Core\AI\Hazina.AI.RAG\Graph\Pipeline\LLMEntityExtractor.cs(162,19): warning S3260: Private classes which are not derived in the current assembly should be marked as 'sealed'. (https://rules.sonarsource.com/csharp/RSPEC-3260) [C:\Projects\Hazina\src\Core\AI\Hazina.AI.RAG\Hazina.AI.RAG.csproj::TargetFramework=net10.0]
C:\Projects\Hazina\src\Core\AI\Hazina.AI.RAG\Graph\Pipeline\LLMEntityExtractor.cs(1,1): warning SA1633: The file header is missing or not located at the top of the file. (https://github.com/DotNetAnalyzers/StyleCopAnalyzers/blob/master/documentation/SA1633.md) [C:\Projects\Hazina\src\Core\AI\Hazina.AI.RAG\Hazina.AI.RAG.csproj::TargetFramework=net10.0]
C:\Projects\Hazina\src\Core\AI\Hazina.AI.RAG\Graph\Pipeline\LLMEntityExtractor.cs(96,14): warning SA1513: Closing brace should be followed by blank line (https://github.com/DotNetAnalyzers/StyleCopAnalyzers/blob/master/documentation/SA1513.md) [C:\Projects\Hazina\src\Core\AI\Hazina.AI.RAG\Hazina.AI.RAG.csproj::TargetFramework=net10.0]
C:\Projects\Hazina\src\Core\AI\Hazina.AI.RAG\Graph\Pipeline\LLMEntityExtractor.cs(100,14): warning SA1513: Closing brace should be followed by blank line (https://github.com/DotNetAnalyzers/StyleCopAnalyzers/blob/master/documentation/SA1513.md) [C:\Projects\Hazina\src\Core\AI\Hazina.AI.RAG\Hazina.AI.RAG.csproj::TargetFramework=net10.0]
C:\Projects\Hazina\src\Core\AI\Hazina.AI.RAG\Graph\Pipeline\LLMEntityExtractor.cs(104,14): warning SA1513: Closing brace should be followed by blank line (https://github.com/DotNetAnalyzers/StyleCopAnalyzers/blob/master/documentation/SA1513.md) [C:\Projects\Hazina\src\Core\AI\Hazina.AI.RAG\Hazina.AI.RAG.csproj::TargetFramework=net10.0]
C:\Projects\Hazina\src\Core\AI\Hazina.AI.RAG\Utilities\SentenceSplitter.cs(109,76): warning SA1629: Documentation text should end with a period (https://github.com/DotNetAnalyzers/StyleCopAnalyzers/blob/master/documentation/SA1629.md) [C:\Projects\Hazina\src\Core\AI\Hazina.AI.RAG\Hazina.AI.RAG.csproj::TargetFramework=net10.0]
C:\Projects\Hazina\src\Core\AI\Hazina.AI.RAG\Utilities\SentenceSplitter.cs(113,35): warning SA1503: Braces should not be omitted (https://github.com/DotNetAnalyzers/StyleCopAnalyzers/blob/master/documentation/SA1503.md) [C:\Projects\Hazina\src\Core\AI\Hazina.AI.RAG\Hazina.AI.RAG.csproj::TargetFramework=net10.0]
C:\Projects\Hazina\src\Core\AI\Hazina.AI.RAG\Utilities\SentenceSplitter.cs(116,22): warning SA1122: Use string.Empty for empty strings (https://github.com/DotNetAnalyzers/StyleCopAnalyzers/blob/master/documentation/SA1122.md) [C:\Projects\Hazina\src\Core\AI\Hazina.AI.RAG\Hazina.AI.RAG.csproj::TargetFramework=net10.0]
C:\Projects\Hazina\src\Core\AI\Hazina.AI.RAG\Extensions\RetrievalServiceExtensions.cs(15,95): warning SA1629: Documentation text should end with a period (https://github.com/DotNetAnalyzers/StyleCopAnalyzers/blob/master/documentation/SA1629.md) [C:\Projects\Hazina\src\Core\AI\Hazina.AI.RAG\Hazina.AI.RAG.csproj::TargetFramework=net10.0]
C:\Projects\Hazina\src\Core\AI\Hazina.AI.RAG\Core\RAGEngine.cs(165,9): warning SA1111: Closing parenthesis should be on line of last parameter (https://github.com/DotNetAnalyzers/StyleCopAnalyzers/blob/master/documentation/SA1111.md) [C:\Projects\Hazina\src\Core\AI\Hazina.AI.RAG\Hazina.AI.RAG.csproj::TargetFramework=net10.0]
C:\Projects\Hazina\src\Core\AI\Hazina.AI.RAG\Extensions\DocumentStoreSemanticExtensions.cs(64,22): warning MA0004: Use Task.ConfigureAwait(false) if the current SynchronizationContext is not needed (https://github.com/meziantou/Meziantou.Analyzer/blob/main/docs/Rules/MA0004.md) [C:\Projects\Hazina\src\Core\AI\Hazina.AI.RAG\Hazina.AI.RAG.csproj::TargetFramework=net10.0]
C:\Projects\Hazina\src\Core\AI\Hazina.AI.RAG\Extensions\DocumentStoreSemanticExtensions.cs(87,9): warning MA0004: Use Task.ConfigureAwait(false) if the current SynchronizationContext is not needed (https://github.com/meziantou/Meziantou.Analyzer/blob/main/docs/Rules/MA0004.md) [C:\Projects\Hazina\src\Core\AI\Hazina.AI.RAG\Hazina.AI.RAG.csproj::TargetFramework=net10.0]
C:\Projects\Hazina\src\Core\AI\Hazina.AI.RAG\Core\RAGEngine.cs(159,30): warning MA0004: Use Task.ConfigureAwait(false) if the current SynchronizationContext is not needed (https://github.com/meziantou/Meziantou.Analyzer/blob/main/docs/Rules/MA0004.md) [C:\Projects\Hazina\src\Core\AI\Hazina.AI.RAG\Hazina.AI.RAG.csproj::TargetFramework=net10.0]
C:\Projects\Hazina\src\Core\AI\Hazina.AI.RAG\Extensions\DocumentStoreSemanticExtensions.cs(94,9): warning MA0004: Use Task.ConfigureAwait(false) if the current SynchronizationContext is not needed (https://github.com/meziantou/Meziantou.Analyzer/blob/main/docs/Rules/MA0004.md) [C:\Projects\Hazina\src\Core\AI\Hazina.AI.RAG\Hazina.AI.RAG.csproj::TargetFramework=net10.0]
C:\Projects\Hazina\src\Core\AI\Hazina.AI.RAG\Core\RAGEngine.cs(160,16): warning MA0004: Use Task.ConfigureAwait(false) if the current SynchronizationContext is not needed (https://github.com/meziantou/Meziantou.Analyzer/blob/main/docs/Rules/MA0004.md) [C:\Projects\Hazina\src\Core\AI\Hazina.AI.RAG\Hazina.AI.RAG.csproj::TargetFramework=net10.0]
C:\Projects\Hazina\src\Core\AI\Hazina.AI.RAG\Retrieval\VectorStoreRetriever.cs(30,30): warning MA0004: Use Task.ConfigureAwait(false) if the current SynchronizationContext is not needed (https://github.com/meziantou/Meziantou.Analyzer/blob/main/docs/Rules/MA0004.md) [C:\Projects\Hazina\src\Core\AI\Hazina.AI.RAG\Hazina.AI.RAG.csproj::TargetFramework=net10.0]
C:\Projects\Hazina\src\Core\AI\Hazina.AI.RAG\Retrieval\VectorStoreRetriever.cs(33,23): warning MA0004: Use Task.ConfigureAwait(false) if the current SynchronizationContext is not needed (https://github.com/meziantou/Meziantou.Analyzer/blob/main/docs/Rules/MA0004.md) [C:\Projects\Hazina\src\Core\AI\Hazina.AI.RAG\Hazina.AI.RAG.csproj::TargetFramework=net10.0]
C:\Projects\Hazina\src\Core\AI\Hazina.AI.RAG\Extensions\DocumentStoreSemanticExtensions.cs(95,9): warning MA0004: Use Task.ConfigureAwait(false) if the current SynchronizationContext is not needed (https://github.com/meziantou/Meziantou.Analyzer/blob/main/docs/Rules/MA0004.md) [C:\Projects\Hazina\src\Core\AI\Hazina.AI.RAG\Hazina.AI.RAG.csproj::TargetFramework=net10.0]
C:\Projects\Hazina\src\Core\AI\Hazina.AI.RAG\Extensions\DocumentStoreSemanticExtensions.cs(102,13): warning MA0004: Use Task.ConfigureAwait(false) if the current SynchronizationContext is not needed (https://github.com/meziantou/Meziantou.Analyzer/blob/main/docs/Rules/MA0004.md) [C:\Projects\Hazina\src\Core\AI\Hazina.AI.RAG\Hazina.AI.RAG.csproj::TargetFramework=net10.0]
C:\Projects\Hazina\src\Core\AI\Hazina.AI.RAG\Graph\Pipeline\LLMRelationshipExtractor.cs(197,19): warning S3260: Private classes which are not derived in the current assembly should be marked as 'sealed'. (https://rules.sonarsource.com/csharp/RSPEC-3260) [C:\Projects\Hazina\src\Core\AI\Hazina.AI.RAG\Hazina.AI.RAG.csproj::TargetFramework=net10.0]
C:\Projects\Hazina\src\Core\AI\Hazina.AI.RAG\Graph\Pipeline\LLMRelationshipExtractor.cs(1,1): warning SA1633: The file header is missing or not located at the top of the file. (https://github.com/DotNetAnalyzers/StyleCopAnalyzers/blob/master/documentation/SA1633.md) [C:\Projects\Hazina\src\Core\AI\Hazina.AI.RAG\Hazina.AI.RAG.csproj::TargetFramework=net10.0]
C:\Projects\Hazina\src\Core\AI\Hazina.AI.RAG\Extensions\DocumentStoreSemanticExtensions.cs(118,17): warning MA0004: Use Task.ConfigureAwait(false) if the current SynchronizationContext is not needed (https://github.com/meziantou/Meziantou.Analyzer/blob/main/docs/Rules/MA0004.md) [C:\Projects\Hazina\src\Core\AI\Hazina.AI.RAG\Hazina.AI.RAG.csproj::TargetFramework=net10.0]
C:\Projects\Hazina\src\Core\AI\Hazina.AI.RAG\Extensions\DocumentStoreSemanticExtensions.cs(130,9): warning MA0004: Use Task.ConfigureAwait(false) if the current SynchronizationContext is not needed (https://github.com/meziantou/Meziantou.Analyzer/blob/main/docs/Rules/MA0004.md) [C:\Projects\Hazina\src\Core\AI\Hazina.AI.RAG\Hazina.AI.RAG.csproj::TargetFramework=net10.0]
C:\Projects\Hazina\src\Core\AI\Hazina.AI.RAG\Graph\Pipeline\LLMRelationshipExtractor.cs(116,14): warning SA1513: Closing brace should be followed by blank line (https://github.com/DotNetAnalyzers/StyleCopAnalyzers/blob/master/documentation/SA1513.md) [C:\Projects\Hazina\src\Core\AI\Hazina.AI.RAG\Hazina.AI.RAG.csproj::TargetFramework=net10.0]
C:\Projects\Hazina\src\Core\AI\Hazina.AI.RAG\Graph\Pipeline\LLMRelationshipExtractor.cs(120,14): warning SA1513: Closing brace should be followed by blank line (https://github.com/DotNetAnalyzers/StyleCopAnalyzers/blob/master/documentation/SA1513.md) [C:\Projects\Hazina\src\Core\AI\Hazina.AI.RAG\Hazina.AI.RAG.csproj::TargetFramework=net10.0]
C:\Projects\Hazina\src\Core\AI\Hazina.AI.RAG\Graph\Pipeline\LLMRelationshipExtractor.cs(124,14): warning SA1513: Closing brace should be followed by blank line (https://github.com/DotNetAnalyzers/StyleCopAnalyzers/blob/master/documentation/SA1513.md) [C:\Projects\Hazina\src\Core\AI\Hazina.AI.RAG\Hazina.AI.RAG.csproj::TargetFramework=net10.0]
C:\Projects\Hazina\src\Core\AI\Hazina.AI.RAG\Embeddings\BasicMetadataExtractor.cs(41,41): warning CA1062: In externally visible method 'Dictionary<string, object> BasicMetadataExtractor.ExtractMetadata(string chunkText)', validate parameter 'chunkText' is non-null before using it. If appropriate, throw an 'ArgumentNullException' when the argument is 'null'. (https://learn.microsoft.com/dotnet/fundamentals/code-analysis/quality-rules/ca1062) [C:\Projects\Hazina\src\Core\AI\Hazina.AI.RAG\Hazina.AI.RAG.csproj::TargetFramework=net10.0]
C:\Projects\Hazina\src\Core\AI\Hazina.AI.RAG\Extensions\DocumentStoreSemanticExtensions.cs(67,13): warning MA0002: Use an overload that has a IEqualityComparer<string> or IComparer<string> parameter (https://github.com/meziantou/Meziantou.Analyzer/blob/main/docs/Rules/MA0002.md) [C:\Projects\Hazina\src\Core\AI\Hazina.AI.RAG\Hazina.AI.RAG.csproj::TargetFramework=net10.0]
C:\Projects\Hazina\src\Core\AI\Hazina.AI.RAG\Extensions\DocumentStoreSemanticExtensions.cs(83,42): warning MA0002: Use an overload that has a IEqualityComparer<string> or IComparer<string> parameter (https://github.com/meziantou/Meziantou.Analyzer/blob/main/docs/Rules/MA0002.md) [C:\Projects\Hazina\src\Core\AI\Hazina.AI.RAG\Hazina.AI.RAG.csproj::TargetFramework=net10.0]
C:\Projects\Hazina\src\Core\AI\Hazina.AI.RAG\Utilities\SentenceSplitter.cs(147,68): warning SA1629: Documentation text should end with a period (https://github.com/DotNetAnalyzers/StyleCopAnalyzers/blob/master/documentation/SA1629.md) [C:\Projects\Hazina\src\Core\AI\Hazina.AI.RAG\Hazina.AI.RAG.csproj::TargetFramework=net10.0]
C:\Projects\Hazina\src\Core\AI\Hazina.AI.RAG\Graph\Pipeline\EntityNormalizationService.cs(150,38): warning SA1116: The parameters should begin on the line after the declaration, whenever the parameter span across multiple lines (https://github.com/DotNetAnalyzers/StyleCopAnalyzers/blob/master/documentation/SA1116.md) [C:\Projects\Hazina\src\Core\AI\Hazina.AI.RAG\Hazina.AI.RAG.csproj::TargetFramework=net10.0]
C:\Projects\Hazina\src\Core\AI\Hazina.AI.RAG\Graph\Pipeline\EntityNormalizationService.cs(151,38): warning SA1117: The parameters should all be placed on the same line or each parameter should be placed on its own line (https://github.com/DotNetAnalyzers/StyleCopAnalyzers/blob/master/documentation/SA1117.md) [C:\Projects\Hazina\src\Core\AI\Hazina.AI.RAG\Hazina.AI.RAG.csproj::TargetFramework=net10.0]
C:\Projects\Hazina\src\Core\AI\Hazina.AI.RAG\Graph\Pipeline\EntityNormalizationService.cs(150,21): warning CA1873: Evaluation of this argument may be expensive and unnecessary if logging is disabled (https://learn.microsoft.com/dotnet/fundamentals/code-analysis/quality-rules/ca1873) [C:\Projects\Hazina\src\Core\AI\Hazina.AI.RAG\Hazina.AI.RAG.csproj::TargetFramework=net10.0]
C:\Projects\Hazina\src\Core\AI\Hazina.AI.RAG\Graph\Pipeline\EntityNormalizationService.cs(150,21): warning CA1848: For improved performance, use the LoggerMessage delegates instead of calling 'LoggerExtensions.LogDebug(ILogger, string?, params object?[])' (https://learn.microsoft.com/dotnet/fundamentals/code-analysis/quality-rules/ca1848) [C:\Projects\Hazina\src\Core\AI\Hazina.AI.RAG\Hazina.AI.RAG.csproj::TargetFramework=net10.0]
C:\Projects\Hazina\src\Core\AI\Hazina.AI.RAG\Graph\Pipeline\LLMTextService.cs(1,1): warning SA1633: The file header is missing or not located at the top of the file. (https://github.com/DotNetAnalyzers/StyleCopAnalyzers/blob/master/documentation/SA1633.md) [C:\Projects\Hazina\src\Core\AI\Hazina.AI.RAG\Hazina.AI.RAG.csproj::TargetFramework=net10.0]
C:\Projects\Hazina\src\Core\AI\Hazina.AI.RAG\Graph\Pipeline\EntityNormalizationService.cs(133,20): warning MA0004: Use Task.ConfigureAwait(false) if the current SynchronizationContext is not needed (https://github.com/meziantou/Meziantou.Analyzer/blob/main/docs/Rules/MA0004.md) [C:\Projects\Hazina\src\Core\AI\Hazina.AI.RAG\Hazina.AI.RAG.csproj::TargetFramework=net10.0]
C:\Projects\Hazina\src\Core\AI\Hazina.AI.RAG\Graph\Pipeline\EntityNormalizationService.cs(136,31): warning MA0004: Use Task.ConfigureAwait(false) if the current SynchronizationContext is not needed (https://github.com/meziantou/Meziantou.Analyzer/blob/main/docs/Rules/MA0004.md) [C:\Projects\Hazina\src\Core\AI\Hazina.AI.RAG\Hazina.AI.RAG.csproj::TargetFramework=net10.0]
C:\Projects\Hazina\src\Core\AI\Hazina.AI.RAG\Graph\Pipeline\EntityNormalizationService.cs(143,17): warning MA0006: Use string.Equals instead of Equals operator (https://github.com/meziantou/Meziantou.Analyzer/blob/main/docs/Rules/MA0006.md) [C:\Projects\Hazina\src\Core\AI\Hazina.AI.RAG\Hazina.AI.RAG.csproj::TargetFramework=net10.0]
C:\Projects\Hazina\src\Core\AI\Hazina.AI.RAG\Graph\Retrieval\HybridRetrievalService.cs(1,1): warning SA1633: The file header is missing or not located at the top of the file. (https://github.com/DotNetAnalyzers/StyleCopAnalyzers/blob/master/documentation/SA1633.md) [C:\Projects\Hazina\src\Core\AI\Hazina.AI.RAG\Hazina.AI.RAG.csproj::TargetFramework=net10.0]
C:\Projects\Hazina\src\Core\AI\Hazina.AI.RAG\Graph\Retrieval\HybridRetrievalService.cs(80,9): warning SA1512: Single-line comments should not be followed by blank line (https://github.com/DotNetAnalyzers/StyleCopAnalyzers/blob/master/documentation/SA1512.md) [C:\Projects\Hazina\src\Core\AI\Hazina.AI.RAG\Hazina.AI.RAG.csproj::TargetFramework=net10.0]
C:\Projects\Hazina\src\Core\AI\Hazina.AI.RAG\Graph\Retrieval\HybridRetrievalService.cs(386,14): warning SA1402: File may only contain a single type (https://github.com/DotNetAnalyzers/StyleCopAnalyzers/blob/master/documentation/SA1402.md) [C:\Projects\Hazina\src\Core\AI\Hazina.AI.RAG\Hazina.AI.RAG.csproj::TargetFramework=net10.0]
C:\Projects\Hazina\src\Core\AI\Hazina.AI.RAG\Graph\Retrieval\HybridRetrievalService.cs(410,14): warning SA1402: File may only contain a single type (https://github.com/DotNetAnalyzers/StyleCopAnalyzers/blob/master/documentation/SA1402.md) [C:\Projects\Hazina\src\Core\AI\Hazina.AI.RAG\Hazina.AI.RAG.csproj::TargetFramework=net10.0]
C:\Projects\Hazina\src\Core\AI\Hazina.AI.RAG\Graph\Pipeline\LLMRelationshipExtractor.cs(142,40): warning SA1116: The parameters should begin on the line after the declaration, whenever the parameter span across multiple lines (https://github.com/DotNetAnalyzers/StyleCopAnalyzers/blob/master/documentation/SA1116.md) [C:\Projects\Hazina\src\Core\AI\Hazina.AI.RAG\Hazina.AI.RAG.csproj::TargetFramework=net10.0]
C:\Projects\Hazina\src\Core\AI\Hazina.AI.RAG\Graph\Pipeline\LLMRelationshipExtractor.cs(150,38): warning SA1116: The parameters should begin on the line after the declaration, whenever the parameter span across multiple lines (https://github.com/DotNetAnalyzers/StyleCopAnalyzers/blob/master/documentation/SA1116.md) [C:\Projects\Hazina\src\Core\AI\Hazina.AI.RAG\Hazina.AI.RAG.csproj::TargetFramework=net10.0]
C:\Projects\Hazina\src\Core\AI\Hazina.AI.RAG\Graph\Pipeline\LLMRelationshipExtractor.cs(158,40): warning SA1116: The parameters should begin on the line after the declaration, whenever the parameter span across multiple lines (https://github.com/DotNetAnalyzers/StyleCopAnalyzers/blob/master/documentation/SA1116.md) [C:\Projects\Hazina\src\Core\AI\Hazina.AI.RAG\Hazina.AI.RAG.csproj::TargetFramework=net10.0]
C:\Projects\Hazina\src\Core\AI\Hazina.AI.RAG\Graph\Pipeline\LLMRelationshipExtractor.cs(165,40): warning SA1116: The parameters should begin on the line after the declaration, whenever the parameter span across multiple lines (https://github.com/DotNetAnalyzers/StyleCopAnalyzers/blob/master/documentation/SA1116.md) [C:\Projects\Hazina\src\Core\AI\Hazina.AI.RAG\Hazina.AI.RAG.csproj::TargetFramework=net10.0]
C:\Projects\Hazina\src\Core\AI\Hazina.AI.RAG\Graph\Pipeline\LLMRelationshipExtractor.cs(150,21): warning CA1873: Evaluation of this argument may be expensive and unnecessary if logging is disabled (https://learn.microsoft.com/dotnet/fundamentals/code-analysis/quality-rules/ca1873) [C:\Projects\Hazina\src\Core\AI\Hazina.AI.RAG\Hazina.AI.RAG.csproj::TargetFramework=net10.0]
C:\Projects\Hazina\src\Core\AI\Hazina.AI.RAG\Graph\Pipeline\LLMRelationshipExtractor.cs(96,9): warning CA1031: Modify 'ExtractRelationshipsAsync' to catch a more specific allowed exception type, or rethrow the exception (https://learn.microsoft.com/dotnet/fundamentals/code-analysis/quality-rules/ca1031) [C:\Projects\Hazina\src\Core\AI\Hazina.AI.RAG\Hazina.AI.RAG.csproj::TargetFramework=net10.0]
C:\Projects\Hazina\src\Core\AI\Hazina.AI.RAG\Graph\Pipeline\LLMRelationshipExtractor.cs(130,17): warning CA1848: For improved performance, use the LoggerMessage delegates instead of calling 'LoggerExtensions.LogWarning(ILogger, string?, params object?[])' (https://learn.microsoft.com/dotnet/fundamentals/code-analysis/quality-rules/ca1848) [C:\Projects\Hazina\src\Core\AI\Hazina.AI.RAG\Hazina.AI.RAG.csproj::TargetFramework=net10.0]
C:\Projects\Hazina\src\Core\AI\Hazina.AI.RAG\Graph\Pipeline\LLMRelationshipExtractor.cs(142,21): warning CA1848: For improved performance, use the LoggerMessage delegates instead of calling 'LoggerExtensions.LogWarning(ILogger, string?, params object?[])' (https://learn.microsoft.com/dotnet/fundamentals/code-analysis/quality-rules/ca1848) [C:\Projects\Hazina\src\Core\AI\Hazina.AI.RAG\Hazina.AI.RAG.csproj::TargetFramework=net10.0]
C:\Projects\Hazina\src\Core\AI\Hazina.AI.RAG\Graph\Pipeline\LLMRelationshipExtractor.cs(150,21): warning CA1848: For improved performance, use the LoggerMessage delegates instead of calling 'LoggerExtensions.LogDebug(ILogger, string?, params object?[])' (https://learn.microsoft.com/dotnet/fundamentals/code-analysis/quality-rules/ca1848) [C:\Projects\Hazina\src\Core\AI\Hazina.AI.RAG\Hazina.AI.RAG.csproj::TargetFramework=net10.0]
C:\Projects\Hazina\src\Core\AI\Hazina.AI.RAG\Graph\Pipeline\LLMRelationshipExtractor.cs(158,21): warning CA1848: For improved performance, use the LoggerMessage delegates instead of calling 'LoggerExtensions.LogWarning(ILogger, string?, params object?[])' (https://learn.microsoft.com/dotnet/fundamentals/code-analysis/quality-rules/ca1848) [C:\Projects\Hazina\src\Core\AI\Hazina.AI.RAG\Hazina.AI.RAG.csproj::TargetFramework=net10.0]
C:\Projects\Hazina\src\Core\AI\Hazina.AI.RAG\Graph\Pipeline\LLMRelationshipExtractor.cs(165,21): warning CA1848: For improved performance, use the LoggerMessage delegates instead of calling 'LoggerExtensions.LogWarning(ILogger, string?, params object?[])' (https://learn.microsoft.com/dotnet/fundamentals/code-analysis/quality-rules/ca1848) [C:\Projects\Hazina\src\Core\AI\Hazina.AI.RAG\Hazina.AI.RAG.csproj::TargetFramework=net10.0]
C:\Projects\Hazina\src\Core\AI\Hazina.AI.RAG\Graph\Pipeline\LLMRelationshipExtractor.cs(192,13): warning CA1848: For improved performance, use the LoggerMessage delegates instead of calling 'LoggerExtensions.LogError(ILogger, Exception?, string?, params object?[])' (https://learn.microsoft.com/dotnet/fundamentals/code-analysis/quality-rules/ca1848) [C:\Projects\Hazina\src\Core\AI\Hazina.AI.RAG\Hazina.AI.RAG.csproj::TargetFramework=net10.0]
C:\Projects\Hazina\src\Core\AI\Hazina.AI.RAG\Graph\Pipeline\LLMRelationshipExtractor.cs(113,17): warning CA1310: The behavior of 'string.StartsWith(string)' could vary based on the current user's locale settings. Replace this call in 'Hazina.AI.RAG.Graph.Pipeline.LLMRelationshipExtractor.ParseRelationshipResponse(string, System.Collections.Generic.List<Hazina.AI.RAG.Graph.Models.GraphEntity>, string?, string)' with a call to 'string.StartsWith(string, System.StringComparison)'. (https://learn.microsoft.com/dotnet/fundamentals/code-analysis/quality-rules/ca1310) [C:\Projects\Hazina\src\Core\AI\Hazina.AI.RAG\Hazina.AI.RAG.csproj::TargetFramework=net10.0]
C:\Projects\Hazina\src\Core\AI\Hazina.AI.RAG\Graph\Pipeline\LLMRelationshipExtractor.cs(117,17): warning CA1310: The behavior of 'string.StartsWith(string)' could vary based on the current user's locale settings. Replace this call in 'Hazina.AI.RAG.Graph.Pipeline.LLMRelationshipExtractor.ParseRelationshipResponse(string, System.Collections.Generic.List<Hazina.AI.RAG.Graph.Models.GraphEntity>, string?, string)' with a call to 'string.StartsWith(string, System.StringComparison)'. (https://learn.microsoft.com/dotnet/fundamentals/code-analysis/quality-rules/ca1310) [C:\Projects\Hazina\src\Core\AI\Hazina.AI.RAG\Hazina.AI.RAG.csproj::TargetFramework=net10.0]
C:\Projects\Hazina\src\Core\AI\Hazina.AI.RAG\Graph\Pipeline\LLMRelationshipExtractor.cs(121,17): warning CA1310: The behavior of 'string.EndsWith(string)' could vary based on the current user's locale settings. Replace this call in 'Hazina.AI.RAG.Graph.Pipeline.LLMRelationshipExtractor.ParseRelationshipResponse(string, System.Collections.Generic.List<Hazina.AI.RAG.Graph.Models.GraphEntity>, string?, string)' with a call to 'string.EndsWith(string, System.StringComparison)'. (https://learn.microsoft.com/dotnet/fundamentals/code-analysis/quality-rules/ca1310) [C:\Projects\Hazina\src\Core\AI\Hazina.AI.RAG\Hazina.AI.RAG.csproj::TargetFramework=net10.0]
C:\Projects\Hazina\src\Core\AI\Hazina.AI.RAG\Extensions\RetrievalServiceExtensions.cs(51,51): warning SA1629: Documentation text should end with a period (https://github.com/DotNetAnalyzers/StyleCopAnalyzers/blob/master/documentation/SA1629.md) [C:\Projects\Hazina\src\Core\AI\Hazina.AI.RAG\Hazina.AI.RAG.csproj::TargetFramework=net10.0]
C:\Projects\Hazina\src\Core\AI\Hazina.AI.RAG\Extensions\RetrievalServiceExtensions.cs(61,50): warning SA1629: Documentation text should end with a period (https://github.com/DotNetAnalyzers/StyleCopAnalyzers/blob/master/documentation/SA1629.md) [C:\Projects\Hazina\src\Core\AI\Hazina.AI.RAG\Hazina.AI.RAG.csproj::TargetFramework=net10.0]
C:\Projects\Hazina\src\Core\AI\Hazina.AI.RAG\Graph\Storage\GraphStoreFactory.cs(1,1): warning SA1633: The file header is missing or not located at the top of the file. (https://github.com/DotNetAnalyzers/StyleCopAnalyzers/blob/master/documentation/SA1633.md) [C:\Projects\Hazina\src\Core\AI\Hazina.AI.RAG\Hazina.AI.RAG.csproj::TargetFramework=net10.0]
C:\Projects\Hazina\src\Core\AI\Hazina.AI.RAG\Graph\Pipeline\LLMRelationshipExtractor.cs(113,17): warning MA0074: Use an overload of 'StartsWith' that has a StringComparison parameter (https://github.com/meziantou/Meziantou.Analyzer/blob/main/docs/Rules/MA0074.md) [C:\Projects\Hazina\src\Core\AI\Hazina.AI.RAG\Hazina.AI.RAG.csproj::TargetFramework=net10.0]
C:\Projects\Hazina\src\Core\AI\Hazina.AI.RAG\Utilities\SentenceSplitter.cs(39,13): warning S1481: Remove the unused local variable 'sentences'. (https://rules.sonarsource.com/csharp/RSPEC-1481) [C:\Projects\Hazina\src\Core\AI\Hazina.AI.RAG\Hazina.AI.RAG.csproj::TargetFramework=net10.0]
C:\Projects\Hazina\src\Core\AI\Hazina.AI.RAG\Graph\Pipeline\LLMRelationshipExtractor.cs(117,17): warning MA0074: Use an overload of 'StartsWith' that has a StringComparison parameter (https://github.com/meziantou/Meziantou.Analyzer/blob/main/docs/Rules/MA0074.md) [C:\Projects\Hazina\src\Core\AI\Hazina.AI.RAG\Hazina.AI.RAG.csproj::TargetFramework=net10.0]
C:\Projects\Hazina\src\Core\AI\Hazina.AI.RAG\Graph\Pipeline\LLMRelationshipExtractor.cs(121,17): warning MA0074: Use an overload of 'EndsWith' that has a StringComparison parameter (https://github.com/meziantou/Meziantou.Analyzer/blob/main/docs/Rules/MA0074.md) [C:\Projects\Hazina\src\Core\AI\Hazina.AI.RAG\Hazina.AI.RAG.csproj::TargetFramework=net10.0]
C:\Projects\Hazina\src\Core\AI\Hazina.AI.RAG\Graph\Storage\IGraphStore.cs(1,1): warning SA1633: The file header is missing or not located at the top of the file. (https://github.com/DotNetAnalyzers/StyleCopAnalyzers/blob/master/documentation/SA1633.md) [C:\Projects\Hazina\src\Core\AI\Hazina.AI.RAG\Hazina.AI.RAG.csproj::TargetFramework=net10.0]
C:\Projects\Hazina\src\Core\AI\Hazina.AI.RAG\Graph\Storage\InMemoryGraphStore.cs(1,1): warning SA1633: The file header is missing or not located at the top of the file. (https://github.com/DotNetAnalyzers/StyleCopAnalyzers/blob/master/documentation/SA1633.md) [C:\Projects\Hazina\src\Core\AI\Hazina.AI.RAG\Hazina.AI.RAG.csproj::TargetFramework=net10.0]
C:\Projects\Hazina\src\Core\AI\Hazina.AI.RAG\Graph\Storage\InMemoryGraphStore.cs(26,18): warning SA1513: Closing brace should be followed by blank line (https://github.com/DotNetAnalyzers/StyleCopAnalyzers/blob/master/documentation/SA1513.md) [C:\Projects\Hazina\src\Core\AI\Hazina.AI.RAG\Hazina.AI.RAG.csproj::TargetFramework=net10.0]
C:\Projects\Hazina\src\Core\AI\Hazina.AI.RAG\Graph\Storage\InMemoryGraphStore.cs(105,22): warning SA1513: Closing brace should be followed by blank line (https://github.com/DotNetAnalyzers/StyleCopAnalyzers/blob/master/documentation/SA1513.md) [C:\Projects\Hazina\src\Core\AI\Hazina.AI.RAG\Hazina.AI.RAG.csproj::TargetFramework=net10.0]
C:\Projects\Hazina\src\Core\AI\Hazina.AI.RAG\Graph\Storage\InMemoryGraphStore.cs(118,22): warning SA1513: Closing brace should be followed by blank line (https://github.com/DotNetAnalyzers/StyleCopAnalyzers/blob/master/documentation/SA1513.md) [C:\Projects\Hazina\src\Core\AI\Hazina.AI.RAG\Hazina.AI.RAG.csproj::TargetFramework=net10.0]
C:\Projects\Hazina\src\Core\AI\Hazina.AI.RAG\Retrieval\Reranker.cs(25,33): warning CA1002: Change 'List<RetrievedDocument>' in 'Reranker.RerankAsync(string, List<RetrievedDocument>, [CancellationToken])' to use 'Collection<T>', 'ReadOnlyCollection<T>' or 'KeyedCollection<K,V>' (https://learn.microsoft.com/dotnet/fundamentals/code-analysis/quality-rules/ca1002) [C:\Projects\Hazina\src\Core\AI\Hazina.AI.RAG\Hazina.AI.RAG.csproj::TargetFramework=net10.0]
C:\Projects\Hazina\src\Core\AI\Hazina.AI.RAG\Retrieval\Reranker.cs(23,18): warning MA0016: Prefer using collection abstraction instead of implementation (https://github.com/meziantou/Meziantou.Analyzer/blob/main/docs/Rules/MA0016.md) [C:\Projects\Hazina\src\Core\AI\Hazina.AI.RAG\Hazina.AI.RAG.csproj::TargetFramework=net10.0]
C:\Projects\Hazina\src\Core\AI\Hazina.AI.RAG\Retrieval\Reranker.cs(25,9): warning MA0016: Prefer using collection abstraction instead of implementation (https://github.com/meziantou/Meziantou.Analyzer/blob/main/docs/Rules/MA0016.md) [C:\Projects\Hazina\src\Core\AI\Hazina.AI.RAG\Hazina.AI.RAG.csproj::TargetFramework=net10.0]
C:\Projects\Hazina\src\Core\AI\Hazina.AI.RAG\Graph\Retrieval\HybridRetrievalService.cs(39,18): warning MA0016: Prefer using collection abstraction instead of implementation (https://github.com/meziantou/Meziantou.Analyzer/blob/main/docs/Rules/MA0016.md) [C:\Projects\Hazina\src\Core\AI\Hazina.AI.RAG\Hazina.AI.RAG.csproj::TargetFramework=net10.0]
C:\Projects\Hazina\src\Core\AI\Hazina.AI.RAG\Embeddings\TextChunker.cs(84,18): warning MA0016: Prefer using collection abstraction instead of implementation (https://github.com/meziantou/Meziantou.Analyzer/blob/main/docs/Rules/MA0016.md) [C:\Projects\Hazina\src\Core\AI\Hazina.AI.RAG\Hazina.AI.RAG.csproj::TargetFramework=net10.0]
C:\Projects\Hazina\src\Core\AI\Hazina.AI.RAG\Embeddings\TextChunker.cs(87,9): warning MA0016: Prefer using collection abstraction instead of implementation (https://github.com/meziantou/Meziantou.Analyzer/blob/main/docs/Rules/MA0016.md) [C:\Projects\Hazina\src\Core\AI\Hazina.AI.RAG\Hazina.AI.RAG.csproj::TargetFramework=net10.0]
C:\Projects\Hazina\src\Core\AI\Hazina.AI.RAG\Embeddings\TextChunker.cs(84,40): warning MA0051: Method is too long (62 lines; maximum allowed: 60) (https://github.com/meziantou/Meziantou.Analyzer/blob/main/docs/Rules/MA0051.md) [C:\Projects\Hazina\src\Core\AI\Hazina.AI.RAG\Hazina.AI.RAG.csproj::TargetFramework=net10.0]
C:\Projects\Hazina\src\Core\AI\Hazina.AI.RAG\Extensions\RetrievalServiceExtensions.cs(71,60): warning SA1629: Documentation text should end with a period (https://github.com/DotNetAnalyzers/StyleCopAnalyzers/blob/master/documentation/SA1629.md) [C:\Projects\Hazina\src\Core\AI\Hazina.AI.RAG\Hazina.AI.RAG.csproj::TargetFramework=net10.0]
C:\Projects\Hazina\src\Core\AI\Hazina.AI.RAG\Extensions\DocumentStoreSemanticExtensions.cs(141,9): warning S1172: Remove this unused method parameter 'embeddingGenerator'. (https://rules.sonarsource.com/csharp/RSPEC-1172) [C:\Projects\Hazina\src\Core\AI\Hazina.AI.RAG\Hazina.AI.RAG.csproj::TargetFramework=net10.0]
C:\Projects\Hazina\src\Core\AI\Hazina.AI.RAG\Extensions\DocumentStoreSemanticExtensions.cs(144,9): warning S1172: Remove this unused method parameter 'chunkMetadata'. (https://rules.sonarsource.com/csharp/RSPEC-1172) [C:\Projects\Hazina\src\Core\AI\Hazina.AI.RAG\Hazina.AI.RAG.csproj::TargetFramework=net10.0]
C:\Projects\Hazina\src\Core\AI\Hazina.AI.RAG\Extensions\DocumentStoreSemanticExtensions.cs(145,9): warning S1172: Remove this unused method parameter 'ct'. (https://rules.sonarsource.com/csharp/RSPEC-1172) [C:\Projects\Hazina\src\Core\AI\Hazina.AI.RAG\Hazina.AI.RAG.csproj::TargetFramework=net10.0]
C:\Projects\Hazina\src\Core\AI\Hazina.AI.RAG\Extensions\DocumentStoreSemanticExtensions.cs(87,15): warning CA1062: In externally visible method 'Task<bool> DocumentStoreSemanticExtensions.StoreWithSemanticChunking(DocumentStore documentStore, string name, string content, IEmbeddingGenerator embeddingGenerator, TextChunkingOptions? chunkingOptions = null, ILLMClient? llmClient = null, Dictionary<string, string>? metadata = null, CancellationToken ct = default(CancellationToken))', validate parameter 'documentStore' is non-null before using it. If appropriate, throw an 'ArgumentNullException' when the argument is 'null'. (https://learn.microsoft.com/dotnet/fundamentals/code-analysis/quality-rules/ca1062) [C:\Projects\Hazina\src\Core\AI\Hazina.AI.RAG\Hazina.AI.RAG.csproj::TargetFramework=net10.0]
C:\Projects\Hazina\src\Core\AI\Hazina.AI.RAG\Embeddings\TextChunker.cs(106,17): warning S1854: Remove this useless assignment to local variable 'effectiveOptions'. (https://rules.sonarsource.com/csharp/RSPEC-1854) [C:\Projects\Hazina\src\Core\AI\Hazina.AI.RAG\Hazina.AI.RAG.csproj::TargetFramework=net10.0]
C:\Projects\Hazina\src\Core\AI\Hazina.AI.RAG\Embeddings\EmbeddingCache.cs(20,57): warning SA1629: Documentation text should end with a period (https://github.com/DotNetAnalyzers/StyleCopAnalyzers/blob/master/documentation/SA1629.md) [C:\Projects\Hazina\src\Core\AI\Hazina.AI.RAG\Hazina.AI.RAG.csproj::TargetFramework=net10.0]
C:\Projects\Hazina\src\Core\AI\Hazina.AI.RAG\Retrieval\Reranker.cs(21,46): warning SA1629: Documentation text should end with a period (https://github.com/DotNetAnalyzers/StyleCopAnalyzers/blob/master/documentation/SA1629.md) [C:\Projects\Hazina\src\Core\AI\Hazina.AI.RAG\Hazina.AI.RAG.csproj::TargetFramework=net10.0]
C:\Projects\Hazina\src\Core\AI\Hazina.AI.RAG\Retrieval\Reranker.cs(29,13): warning SA1503: Braces should not be omitted (https://github.com/DotNetAnalyzers/StyleCopAnalyzers/blob/master/documentation/SA1503.md) [C:\Projects\Hazina\src\Core\AI\Hazina.AI.RAG\Hazina.AI.RAG.csproj::TargetFramework=net10.0]
C:\Projects\Hazina\src\Core\AI\Hazina.AI.RAG\Graph\Models\GraphPath.cs(18,62): warning SA1501: Statement should not be on a single line (https://github.com/DotNetAnalyzers/StyleCopAnalyzers/blob/master/documentation/SA1501.md) [C:\Projects\Hazina\src\Core\AI\Hazina.AI.RAG\Hazina.AI.RAG.csproj::TargetFramework=net10.0]
C:\Projects\Hazina\src\Core\AI\Hazina.AI.RAG\Graph\Models\GraphPath.cs(23,17): warning SA1119: Statement should not use unnecessary parenthesis (https://github.com/DotNetAnalyzers/StyleCopAnalyzers/blob/master/documentation/SA1119.md) [C:\Projects\Hazina\src\Core\AI\Hazina.AI.RAG\Hazina.AI.RAG.csproj::TargetFramework=net10.0]
C:\Projects\Hazina\src\Core\AI\Hazina.AI.RAG\Graph\Models\GraphPath.cs(22,45): warning SA1407: Arithmetic expressions should declare precedence (https://github.com/DotNetAnalyzers/StyleCopAnalyzers/blob/master/documentation/SA1407.md) [C:\Projects\Hazina\src\Core\AI\Hazina.AI.RAG\Hazina.AI.RAG.csproj::TargetFramework=net10.0]
C:\Projects\Hazina\src\Core\AI\Hazina.AI.RAG\Graph\Models\GraphPath.cs(23,86): warning SA1407: Arithmetic expressions should declare precedence (https://github.com/DotNetAnalyzers/StyleCopAnalyzers/blob/master/documentation/SA1407.md) [C:\Projects\Hazina\src\Core\AI\Hazina.AI.RAG\Hazina.AI.RAG.csproj::TargetFramework=net10.0]
C:\Projects\Hazina\src\Core\AI\Hazina.AI.RAG\Graph\Models\GraphPath.cs(23,58): warning SA1407: Arithmetic expressions should declare precedence (https://github.com/DotNetAnalyzers/StyleCopAnalyzers/blob/master/documentation/SA1407.md) [C:\Projects\Hazina\src\Core\AI\Hazina.AI.RAG\Hazina.AI.RAG.csproj::TargetFramework=net10.0]
C:\Projects\Hazina\src\Core\AI\Hazina.AI.RAG\Graph\Models\GraphPath.cs(23,18): warning SA1407: Arithmetic expressions should declare precedence (https://github.com/DotNetAnalyzers/StyleCopAnalyzers/blob/master/documentation/SA1407.md) [C:\Projects\Hazina\src\Core\AI\Hazina.AI.RAG\Hazina.AI.RAG.csproj::TargetFramework=net10.0]
C:\Projects\Hazina\src\Core\AI\Hazina.AI.RAG\Graph\Models\GraphPath.cs(23,36): warning SA1407: Arithmetic expressions should declare precedence (https://github.com/DotNetAnalyzers/StyleCopAnalyzers/blob/master/documentation/SA1407.md) [C:\Projects\Hazina\src\Core\AI\Hazina.AI.RAG\Hazina.AI.RAG.csproj::TargetFramework=net10.0]
C:\Projects\Hazina\src\Core\AI\Hazina.AI.RAG\Graph\Models\GraphPath.cs(18,77): warning SA1107: Code should not contain multiple statements on one line (https://github.com/DotNetAnalyzers/StyleCopAnalyzers/blob/master/documentation/SA1107.md) [C:\Projects\Hazina\src\Core\AI\Hazina.AI.RAG\Hazina.AI.RAG.csproj::TargetFramework=net10.0]
C:\Projects\Hazina\src\Core\AI\Hazina.AI.RAG\Extensions\DocumentStoreSemanticExtensions.cs(166,9): warning MA0016: Prefer using collection abstraction instead of implementation (https://github.com/meziantou/Meziantou.Analyzer/blob/main/docs/Rules/MA0016.md) [C:\Projects\Hazina\src\Core\AI\Hazina.AI.RAG\Hazina.AI.RAG.csproj::TargetFramework=net10.0]
C:\Projects\Hazina\src\Core\AI\Hazina.AI.RAG\Graph\Storage\SQLiteGraphStore.cs(1,1): warning SA1633: The file header is missing or not located at the top of the file. (https://github.com/DotNetAnalyzers/StyleCopAnalyzers/blob/master/documentation/SA1633.md) [C:\Projects\Hazina\src\Core\AI\Hazina.AI.RAG\Hazina.AI.RAG.csproj::TargetFramework=net10.0]
C:\Projects\Hazina\src\Core\AI\Hazina.AI.RAG\Extensions\DocumentStoreSemanticExtensions.cs(148,9): warning MA0004: Use Task.ConfigureAwait(false) if the current SynchronizationContext is not needed (https://github.com/meziantou/Meziantou.Analyzer/blob/main/docs/Rules/MA0004.md) [C:\Projects\Hazina\src\Core\AI\Hazina.AI.RAG\Hazina.AI.RAG.csproj::TargetFramework=net10.0]
C:\Projects\Hazina\src\Core\AI\Hazina.AI.RAG\Retrieval\Reranker.cs(37,24): warning MA0004: Use Task.ConfigureAwait(false) if the current SynchronizationContext is not needed (https://github.com/meziantou/Meziantou.Analyzer/blob/main/docs/Rules/MA0004.md) [C:\Projects\Hazina\src\Core\AI\Hazina.AI.RAG\Hazina.AI.RAG.csproj::TargetFramework=net10.0]
C:\Projects\Hazina\src\Core\AI\Hazina.AI.RAG\Embeddings\EmbeddingCache.cs(42,38): warning SA1629: Documentation text should end with a period (https://github.com/DotNetAnalyzers/StyleCopAnalyzers/blob/master/documentation/SA1629.md) [C:\Projects\Hazina\src\Core\AI\Hazina.AI.RAG\Hazina.AI.RAG.csproj::TargetFramework=net10.0]
C:\Projects\Hazina\src\Core\AI\Hazina.AI.RAG\Extensions\DocumentStoreSemanticExtensions.cs(152,9): warning MA0004: Use Task.ConfigureAwait(false) if the current SynchronizationContext is not needed (https://github.com/meziantou/Meziantou.Analyzer/blob/main/docs/Rules/MA0004.md) [C:\Projects\Hazina\src\Core\AI\Hazina.AI.RAG\Hazina.AI.RAG.csproj::TargetFramework=net10.0]
C:\Projects\Hazina\src\Core\AI\Hazina.AI.RAG\Retrieval\Reranker.cs(40,24): warning MA0004: Use Task.ConfigureAwait(false) if the current SynchronizationContext is not needed (https://github.com/meziantou/Meziantou.Analyzer/blob/main/docs/Rules/MA0004.md) [C:\Projects\Hazina\src\Core\AI\Hazina.AI.RAG\Hazina.AI.RAG.csproj::TargetFramework=net10.0]
C:\Projects\Hazina\src\Core\AI\Hazina.AI.RAG\Extensions\DocumentStoreSemanticExtensions.cs(156,53): warning SA1629: Documentation text should end with a period (https://github.com/DotNetAnalyzers/StyleCopAnalyzers/blob/master/documentation/SA1629.md) [C:\Projects\Hazina\src\Core\AI\Hazina.AI.RAG\Hazina.AI.RAG.csproj::TargetFramework=net10.0]
C:\Projects\Hazina\src\Core\AI\Hazina.AI.RAG\Extensions\DocumentStoreSemanticExtensions.cs(195,9): warning SA1111: Closing parenthesis should be on line of last parameter (https://github.com/DotNetAnalyzers/StyleCopAnalyzers/blob/master/documentation/SA1111.md) [C:\Projects\Hazina\src\Core\AI\Hazina.AI.RAG\Hazina.AI.RAG.csproj::TargetFramework=net10.0]
C:\Projects\Hazina\src\Core\AI\Hazina.AI.RAG\Graph\Retrieval\HybridRetrievalService.cs(34,60): warning SA1629: Documentation text should end with a period (https://github.com/DotNetAnalyzers/StyleCopAnalyzers/blob/master/documentation/SA1629.md) [C:\Projects\Hazina\src\Core\AI\Hazina.AI.RAG\Hazina.AI.RAG.csproj::TargetFramework=net10.0]
C:\Projects\Hazina\src\Core\AI\Hazina.AI.RAG\Graph\Retrieval\HybridRetrievalService.cs(35,59): warning SA1629: Documentation text should end with a period (https://github.com/DotNetAnalyzers/StyleCopAnalyzers/blob/master/documentation/SA1629.md) [C:\Projects\Hazina\src\Core\AI\Hazina.AI.RAG\Hazina.AI.RAG.csproj::TargetFramework=net10.0]
C:\Projects\Hazina\src\Core\AI\Hazina.AI.RAG\Graph\Retrieval\HybridRetrievalService.cs(36,55): warning SA1629: Documentation text should end with a period (https://github.com/DotNetAnalyzers/StyleCopAnalyzers/blob/master/documentation/SA1629.md) [C:\Projects\Hazina\src\Core\AI\Hazina.AI.RAG\Hazina.AI.RAG.csproj::TargetFramework=net10.0]
C:\Projects\Hazina\src\Core\AI\Hazina.AI.RAG\Graph\Retrieval\HybridRetrievalService.cs(37,59): warning SA1629: Documentation text should end with a period (https://github.com/DotNetAnalyzers/StyleCopAnalyzers/blob/master/documentation/SA1629.md) [C:\Projects\Hazina\src\Core\AI\Hazina.AI.RAG\Hazina.AI.RAG.csproj::TargetFramework=net10.0]
C:\Projects\Hazina\src\Core\AI\Hazina.AI.RAG\Graph\Retrieval\HybridRetrievalService.cs(38,57): warning SA1629: Documentation text should end with a period (https://github.com/DotNetAnalyzers/StyleCopAnalyzers/blob/master/documentation/SA1629.md) [C:\Projects\Hazina\src\Core\AI\Hazina.AI.RAG\Hazina.AI.RAG.csproj::TargetFramework=net10.0]
C:\Projects\Hazina\src\Core\AI\Hazina.AI.RAG\Extensions\DocumentStoreSemanticExtensions.cs(171,27): warning MA0004: Use Task.ConfigureAwait(false) if the current SynchronizationContext is not needed (https://github.com/meziantou/Meziantou.Analyzer/blob/main/docs/Rules/MA0004.md) [C:\Projects\Hazina\src\Core\AI\Hazina.AI.RAG\Hazina.AI.RAG.csproj::TargetFramework=net10.0]
C:\Projects\Hazina\src\Core\AI\Hazina.AI.RAG\Extensions\DocumentStoreSemanticExtensions.cs(173,15): warning MA0004: Use Task.ConfigureAwait(false) if the current SynchronizationContext is not needed (https://github.com/meziantou/Meziantou.Analyzer/blob/main/docs/Rules/MA0004.md) [C:\Projects\Hazina\src\Core\AI\Hazina.AI.RAG\Hazina.AI.RAG.csproj::TargetFramework=net10.0]
C:\Projects\Hazina\src\Core\AI\Hazina.AI.RAG\Extensions\DocumentStoreSemanticExtensions.cs(186,16): warning MA0004: Use Task.ConfigureAwait(false) if the current SynchronizationContext is not needed (https://github.com/meziantou/Meziantou.Analyzer/blob/main/docs/Rules/MA0004.md) [C:\Projects\Hazina\src\Core\AI\Hazina.AI.RAG\Hazina.AI.RAG.csproj::TargetFramework=net10.0]
C:\Projects\Hazina\src\Core\AI\Hazina.AI.RAG\Graph\Retrieval\HybridRetrievalService.cs(53,26): warning SA1116: The parameters should begin on the line after the declaration, whenever the parameter span across multiple lines (https://github.com/DotNetAnalyzers/StyleCopAnalyzers/blob/master/documentation/SA1116.md) [C:\Projects\Hazina\src\Core\AI\Hazina.AI.RAG\Hazina.AI.RAG.csproj::TargetFramework=net10.0]
C:\Projects\Hazina\src\Core\AI\Hazina.AI.RAG\Graph\Retrieval\HybridRetrievalService.cs(65,32): warning SA1116: The parameters should begin on the line after the declaration, whenever the parameter span across multiple lines (https://github.com/DotNetAnalyzers/StyleCopAnalyzers/blob/master/documentation/SA1116.md) [C:\Projects\Hazina\src\Core\AI\Hazina.AI.RAG\Hazina.AI.RAG.csproj::TargetFramework=net10.0]
C:\Projects\Hazina\src\Core\AI\Hazina.AI.RAG\Extensions\DocumentStoreSemanticExtensions.cs(181,43): warning MA0002: Use an overload that has a IEqualityComparer<string> or IComparer<string> parameter (https://github.com/meziantou/Meziantou.Analyzer/blob/main/docs/Rules/MA0002.md) [C:\Projects\Hazina\src\Core\AI\Hazina.AI.RAG\Hazina.AI.RAG.csproj::TargetFramework=net10.0]
C:\Projects\Hazina\src\Core\AI\Hazina.AI.RAG\Graph\Retrieval\HybridRetrievalService.cs(49,9): warning CA1873: Evaluation of this argument may be expensive and unnecessary if logging is disabled (https://learn.microsoft.com/dotnet/fundamentals/code-analysis/quality-rules/ca1873) [C:\Projects\Hazina\src\Core\AI\Hazina.AI.RAG\Hazina.AI.RAG.csproj::TargetFramework=net10.0]
C:\Projects\Hazina\src\Core\AI\Hazina.AI.RAG\Graph\Retrieval\HybridRetrievalService.cs(53,9): warning CA1873: Evaluation of this argument may be expensive and unnecessary if logging is disabled (https://learn.microsoft.com/dotnet/fundamentals/code-analysis/quality-rules/ca1873) [C:\Projects\Hazina\src\Core\AI\Hazina.AI.RAG\Hazina.AI.RAG.csproj::TargetFramework=net10.0]
C:\Projects\Hazina\src\Core\AI\Hazina.AI.RAG\Graph\Retrieval\HybridRetrievalService.cs(65,9): warning CA1873: Evaluation of this argument may be expensive and unnecessary if logging is disabled (https://learn.microsoft.com/dotnet/fundamentals/code-analysis/quality-rules/ca1873) [C:\Projects\Hazina\src\Core\AI\Hazina.AI.RAG\Hazina.AI.RAG.csproj::TargetFramework=net10.0]
C:\Projects\Hazina\src\Core\Agents\Hazina.AgentFactory\Models\AgentCardModel.cs(16,20): warning CS8618: Non-nullable field 'newStoreToAdd' must contain a non-null value when exiting constructor. Consider adding the 'required' modifier or declaring the field as nullable. [C:\Projects\Hazina\src\Core\Agents\Hazina.AgentFactory\Hazina.AgentFactory.csproj::TargetFramework=net9.0]
C:\Projects\Hazina\src\Core\AI\Hazina.AI.RAG\Graph\Retrieval\HybridRetrievalService.cs(49,9): warning CA1848: For improved performance, use the LoggerMessage delegates instead of calling 'LoggerExtensions.LogDebug(ILogger, string?, params object?[])' (https://learn.microsoft.com/dotnet/fundamentals/code-analysis/quality-rules/ca1848) [C:\Projects\Hazina\src\Core\AI\Hazina.AI.RAG\Hazina.AI.RAG.csproj::TargetFramework=net10.0]
C:\Projects\Hazina\src\Core\AI\Hazina.AI.RAG\Graph\Retrieval\HybridRetrievalService.cs(53,9): warning CA1848: For improved performance, use the LoggerMessage delegates instead of calling 'LoggerExtensions.LogDebug(ILogger, string?, params object?[])' (https://learn.microsoft.com/dotnet/fundamentals/code-analysis/quality-rules/ca1848) [C:\Projects\Hazina\src\Core\AI\Hazina.AI.RAG\Hazina.AI.RAG.csproj::TargetFramework=net10.0]
C:\Projects\Hazina\src\Core\AI\Hazina.AI.RAG\Graph\Retrieval\HybridRetrievalService.cs(65,9): warning CA1848: For improved performance, use the LoggerMessage delegates instead of calling 'LoggerExtensions.LogInformation(ILogger, string?, params object?[])' (https://learn.microsoft.com/dotnet/fundamentals/code-analysis/quality-rules/ca1848) [C:\Projects\Hazina\src\Core\AI\Hazina.AI.RAG\Hazina.AI.RAG.csproj::TargetFramework=net10.0]
C:\Projects\Hazina\src\Core\AI\Hazina.AI.RAG\Graph\Pipeline\EntityNormalizationService.cs(160,25): warning S2325: Make 'MergeEntities' a static method. (https://rules.sonarsource.com/csharp/RSPEC-2325) [C:\Projects\Hazina\src\Core\AI\Hazina.AI.RAG\Hazina.AI.RAG.csproj::TargetFramework=net10.0]
C:\Projects\Hazina\src\Core\AI\Hazina.AI.RAG\Graph\Retrieval\HybridRetrievalService.cs(48,29): warning MA0004: Use Task.ConfigureAwait(false) if the current SynchronizationContext is not needed (https://github.com/meziantou/Meziantou.Analyzer/blob/main/docs/Rules/MA0004.md) [C:\Projects\Hazina\src\Core\AI\Hazina.AI.RAG\Hazina.AI.RAG.csproj::TargetFramework=net10.0]
C:\Projects\Hazina\src\Core\AI\Hazina.AI.RAG\Graph\Retrieval\HybridRetrievalService.cs(52,28): warning MA0004: Use Task.ConfigureAwait(false) if the current SynchronizationContext is not needed (https://github.com/meziantou/Meziantou.Analyzer/blob/main/docs/Rules/MA0004.md) [C:\Projects\Hazina\src\Core\AI\Hazina.AI.RAG\Hazina.AI.RAG.csproj::TargetFramework=net10.0]
C:\Projects\Hazina\src\Core\AI\Hazina.AI.RAG\Extensions\DocumentStoreSemanticExtensions.cs(170,31): warning CA1062: In externally visible method 'Task<bool> DocumentStoreSemanticExtensions.StoreWithSemanticChunking(DocumentStore documentStore, string name, byte[] content, string mimeType, IEmbeddingGenerator embeddingGenerator, TextChunkingOptions? chunkingOptions = null, ILLMClient? llmClient = null, Dictionary<string, string>? metadata = null, CancellationToken ct = default(CancellationToken))', validate parameter 'documentStore' is non-null before using it. If appropriate, throw an 'ArgumentNullException' when the argument is 'null'. (https://learn.microsoft.com/dotnet/fundamentals/code-analysis/quality-rules/ca1062) [C:\Projects\Hazina\src\Core\AI\Hazina.AI.RAG\Hazina.AI.RAG.csproj::TargetFramework=net10.0]
C:\Projects\Hazina\src\Core\AI\Hazina.AI.RAG\Retrieval\Reranker.cs(28,13): warning CA1062: In externally visible method 'Task<List<RetrievedDocument>> Reranker.RerankAsync(string query, List<RetrievedDocument> documents, CancellationToken cancellationToken = default(CancellationToken))', validate parameter 'documents' is non-null before using it. If appropriate, throw an 'ArgumentNullException' when the argument is 'null'. (https://learn.microsoft.com/dotnet/fundamentals/code-analysis/quality-rules/ca1062) [C:\Projects\Hazina\src\Core\AI\Hazina.AI.RAG\Hazina.AI.RAG.csproj::TargetFramework=net10.0]
C:\Projects\Hazina\src\Core\AI\Hazina.AI.RAG\Embeddings\EmbeddingCache.cs(55,51): warning SA1629: Documentation text should end with a period (https://github.com/DotNetAnalyzers/StyleCopAnalyzers/blob/master/documentation/SA1629.md) [C:\Projects\Hazina\src\Core\AI\Hazina.AI.RAG\Hazina.AI.RAG.csproj::TargetFramework=net10.0]
C:\Projects\Hazina\src\Core\AI\Hazina.AI.RAG\Embeddings\TextChunker.cs(77,75): warning SA1629: Documentation text should end with a period (https://github.com/DotNetAnalyzers/StyleCopAnalyzers/blob/master/documentation/SA1629.md) [C:\Projects\Hazina\src\Core\AI\Hazina.AI.RAG\Hazina.AI.RAG.csproj::TargetFramework=net10.0]
C:\Projects\Hazina\src\Core\AI\Hazina.AI.RAG\Embeddings\TextChunker.cs(79,41): warning SA1629: Documentation text should end with a period (https://github.com/DotNetAnalyzers/StyleCopAnalyzers/blob/master/documentation/SA1629.md) [C:\Projects\Hazina\src\Core\AI\Hazina.AI.RAG\Hazina.AI.RAG.csproj::TargetFramework=net10.0]
C:\Projects\Hazina\src\Core\AI\Hazina.AI.RAG\Embeddings\TextChunker.cs(80,91): warning SA1629: Documentation text should end with a period (https://github.com/DotNetAnalyzers/StyleCopAnalyzers/blob/master/documentation/SA1629.md) [C:\Projects\Hazina\src\Core\AI\Hazina.AI.RAG\Hazina.AI.RAG.csproj::TargetFramework=net10.0]
C:\Projects\Hazina\src\Core\AI\Hazina.AI.RAG\Embeddings\TextChunker.cs(81,70): warning SA1629: Documentation text should end with a period (https://github.com/DotNetAnalyzers/StyleCopAnalyzers/blob/master/documentation/SA1629.md) [C:\Projects\Hazina\src\Core\AI\Hazina.AI.RAG\Hazina.AI.RAG.csproj::TargetFramework=net10.0]
C:\Projects\Hazina\src\Core\AI\Hazina.AI.RAG\Embeddings\TextChunker.cs(82,44): warning SA1629: Documentation text should end with a period (https://github.com/DotNetAnalyzers/StyleCopAnalyzers/blob/master/documentation/SA1629.md) [C:\Projects\Hazina\src\Core\AI\Hazina.AI.RAG\Hazina.AI.RAG.csproj::TargetFramework=net10.0]
C:\Projects\Hazina\src\Core\AI\Hazina.AI.RAG\Embeddings\TextChunker.cs(83,37): warning SA1629: Documentation text should end with a period (https://github.com/DotNetAnalyzers/StyleCopAnalyzers/blob/master/documentation/SA1629.md) [C:\Projects\Hazina\src\Core\AI\Hazina.AI.RAG\Hazina.AI.RAG.csproj::TargetFramework=net10.0]
C:\Projects\Hazina\src\Core\AI\Hazina.AI.RAG\Embeddings\TextChunker.cs(91,13): warning SA1503: Braces should not be omitted (https://github.com/DotNetAnalyzers/StyleCopAnalyzers/blob/master/documentation/SA1503.md) [C:\Projects\Hazina\src\Core\AI\Hazina.AI.RAG\Hazina.AI.RAG.csproj::TargetFramework=net10.0]
C:\Projects\Hazina\src\Core\AI\Hazina.AI.RAG\Utilities\SentenceSplitter.cs(233,32): warning CA1002: Change 'List<string>' in 'SentenceSplitter.SplitDefault(string)' to use 'Collection<T>', 'ReadOnlyCollection<T>' or 'KeyedCollection<K,V>' (https://learn.microsoft.com/dotnet/fundamentals/code-analysis/quality-rules/ca1002) [C:\Projects\Hazina\src\Core\AI\Hazina.AI.RAG\Hazina.AI.RAG.csproj::TargetFramework=net10.0]
C:\Projects\Hazina\src\Core\AI\Hazina.AI.RAG\Utilities\SentenceSplitter.cs(233,19): warning MA0016: Prefer using collection abstraction instead of implementation (https://github.com/meziantou/Meziantou.Analyzer/blob/main/docs/Rules/MA0016.md) [C:\Projects\Hazina\src\Core\AI\Hazina.AI.RAG\Hazina.AI.RAG.csproj::TargetFramework=net10.0]
C:\Projects\Hazina\src\Core\AI\Hazina.AI.RAG\Embeddings\TextChunker.cs(125,25): warning CA1873: Evaluation of this argument may be expensive and unnecessary if logging is disabled (https://learn.microsoft.com/dotnet/fundamentals/code-analysis/quality-rules/ca1873) [C:\Projects\Hazina\src\Core\AI\Hazina.AI.RAG\Hazina.AI.RAG.csproj::TargetFramework=net10.0]
C:\Projects\Hazina\src\Core\AI\Hazina.AI.RAG\Embeddings\TextChunker.cs(100,25): warning CA1848: For improved performance, use the LoggerMessage delegates instead of calling 'LoggerExtensions.LogWarning(ILogger, string?, params object?[])' (https://learn.microsoft.com/dotnet/fundamentals/code-analysis/quality-rules/ca1848) [C:\Projects\Hazina\src\Core\AI\Hazina.AI.RAG\Hazina.AI.RAG.csproj::TargetFramework=net10.0]
C:\Projects\Hazina\src\Core\AI\Hazina.AI.RAG\Embeddings\TextChunker.cs(125,25): warning CA1848: For improved performance, use the LoggerMessage delegates instead of calling 'LoggerExtensions.LogDebug(ILogger, string?, params object?[])' (https://learn.microsoft.com/dotnet/fundamentals/code-analysis/quality-rules/ca1848) [C:\Projects\Hazina\src\Core\AI\Hazina.AI.RAG\Hazina.AI.RAG.csproj::TargetFramework=net10.0]
C:\Projects\Hazina\src\Core\AI\Hazina.AI.RAG\Graph\Pipeline\EntityNormalizationService.cs(204,32): warning SA1407: Arithmetic expressions should declare precedence (https://github.com/DotNetAnalyzers/StyleCopAnalyzers/blob/master/documentation/SA1407.md) [C:\Projects\Hazina\src\Core\AI\Hazina.AI.RAG\Hazina.AI.RAG.csproj::TargetFramework=net10.0]
C:\Projects\Hazina\src\Core\AI\Hazina.AI.RAG\Embeddings\EmbeddingCache.cs(70,57): warning SA1629: Documentation text should end with a period (https://github.com/DotNetAnalyzers/StyleCopAnalyzers/blob/master/documentation/SA1629.md) [C:\Projects\Hazina\src\Core\AI\Hazina.AI.RAG\Hazina.AI.RAG.csproj::TargetFramework=net10.0]
C:\Projects\Hazina\src\Core\AI\Hazina.AI.RAG\Interfaces\IReranker.cs(1,1): warning SA1633: The file header is missing or not located at the top of the file. (https://github.com/DotNetAnalyzers/StyleCopAnalyzers/blob/master/documentation/SA1633.md) [C:\Projects\Hazina\src\Core\AI\Hazina.AI.RAG\Hazina.AI.RAG.csproj::TargetFramework=net10.0]
C:\Projects\Hazina\src\Core\AI\Hazina.AI.RAG\Interfaces\IReranker.cs(22,5): warning SA1009: Closing parenthesis should not be preceded by a space (https://github.com/DotNetAnalyzers/StyleCopAnalyzers/blob/master/documentation/SA1009.md) [C:\Projects\Hazina\src\Core\AI\Hazina.AI.RAG\Hazina.AI.RAG.csproj::TargetFramework=net10.0]
C:\Projects\Hazina\src\Core\AI\Hazina.AI.RAG\Embeddings\EmbeddingCache.cs(87,36): warning SA1629: Documentation text should end with a period (https://github.com/DotNetAnalyzers/StyleCopAnalyzers/blob/master/documentation/SA1629.md) [C:\Projects\Hazina\src\Core\AI\Hazina.AI.RAG\Hazina.AI.RAG.csproj::TargetFramework=net10.0]
C:\Projects\Hazina\src\Core\AI\Hazina.AI.RAG\Embeddings\TextChunker.cs(166,54): warning CA1861: Prefer 'static readonly' fields over constant array arguments if the called method is called repeatedly and is not mutating the passed array (https://learn.microsoft.com/dotnet/fundamentals/code-analysis/quality-rules/ca1861) [C:\Projects\Hazina\src\Core\AI\Hazina.AI.RAG\Hazina.AI.RAG.csproj::TargetFramework=net10.0]
C:\Projects\Hazina\src\Core\AI\Hazina.AI.RAG\Interfaces\IRetrievalCandidate.cs(1,1): warning SA1633: The file header is missing or not located at the top of the file. (https://github.com/DotNetAnalyzers/StyleCopAnalyzers/blob/master/documentation/SA1633.md) [C:\Projects\Hazina\src\Core\AI\Hazina.AI.RAG\Hazina.AI.RAG.csproj::TargetFramework=net10.0]
C:\Projects\Hazina\src\Core\AI\Hazina.AI.RAG\Graph\Pipeline\EntityNormalizationService.cs(172,14): warning MA0002: Use an overload that has a IEqualityComparer<string> or IComparer<string> parameter (https://github.com/meziantou/Meziantou.Analyzer/blob/main/docs/Rules/MA0002.md) [C:\Projects\Hazina\src\Core\AI\Hazina.AI.RAG\Hazina.AI.RAG.csproj::TargetFramework=net10.0]
C:\Projects\Hazina\src\Core\AI\Hazina.AI.RAG\Interfaces\IRetrievalPipeline.cs(1,1): warning SA1633: The file header is missing or not located at the top of the file. (https://github.com/DotNetAnalyzers/StyleCopAnalyzers/blob/master/documentation/SA1633.md) [C:\Projects\Hazina\src\Core\AI\Hazina.AI.RAG\Hazina.AI.RAG.csproj::TargetFramework=net10.0]
C:\Projects\Hazina\src\Core\AI\Hazina.AI.RAG\Interfaces\IRetrievalPipeline.cs(23,5): warning SA1009: Closing parenthesis should not be preceded by a space (https://github.com/DotNetAnalyzers/StyleCopAnalyzers/blob/master/documentation/SA1009.md) [C:\Projects\Hazina\src\Core\AI\Hazina.AI.RAG\Hazina.AI.RAG.csproj::TargetFramework=net10.0]
C:\Projects\Hazina\src\Core\AI\Hazina.AI.RAG\Interfaces\IRetriever.cs(1,1): warning SA1633: The file header is missing or not located at the top of the file. (https://github.com/DotNetAnalyzers/StyleCopAnalyzers/blob/master/documentation/SA1633.md) [C:\Projects\Hazina\src\Core\AI\Hazina.AI.RAG\Hazina.AI.RAG.csproj::TargetFramework=net10.0]
C:\Projects\Hazina\src\Core\AI\Hazina.AI.RAG\Interfaces\IRetriever.cs(22,5): warning SA1009: Closing parenthesis should not be preceded by a space (https://github.com/DotNetAnalyzers/StyleCopAnalyzers/blob/master/documentation/SA1009.md) [C:\Projects\Hazina\src\Core\AI\Hazina.AI.RAG\Hazina.AI.RAG.csproj::TargetFramework=net10.0]
C:\Projects\Hazina\src\Core\AI\Hazina.AI.RAG\Utilities\SentenceSplitter.cs(231,56): warning SA1629: Documentation text should end with a period (https://github.com/DotNetAnalyzers/StyleCopAnalyzers/blob/master/documentation/SA1629.md) [C:\Projects\Hazina\src\Core\AI\Hazina.AI.RAG\Hazina.AI.RAG.csproj::TargetFramework=net10.0]
C:\Projects\Hazina\src\Core\AI\Hazina.AI.RAG\Embeddings\TextChunker.cs(181,47): warning MA0002: Use an overload that has a IEqualityComparer<string> or IComparer<string> parameter (https://github.com/meziantou/Meziantou.Analyzer/blob/main/docs/Rules/MA0002.md) [C:\Projects\Hazina\src\Core\AI\Hazina.AI.RAG\Hazina.AI.RAG.csproj::TargetFramework=net10.0]
C:\Projects\Hazina\src\Core\AI\Hazina.AI.RAG\Embeddings\TextChunker.cs(181,90): warning MA0002: Use an overload that has a IEqualityComparer<string> or IComparer<string> parameter (https://github.com/meziantou/Meziantou.Analyzer/blob/main/docs/Rules/MA0002.md) [C:\Projects\Hazina\src\Core\AI\Hazina.AI.RAG\Hazina.AI.RAG.csproj::TargetFramework=net10.0]
C:\Projects\Hazina\src\Core\AI\Hazina.AI.RAG\Embeddings\EmbeddingCache.cs(81,25): warning MA0004: Use Task.ConfigureAwait(false) if the current SynchronizationContext is not needed (https://github.com/meziantou/Meziantou.Analyzer/blob/main/docs/Rules/MA0004.md) [C:\Projects\Hazina\src\Core\AI\Hazina.AI.RAG\Hazina.AI.RAG.csproj::TargetFramework=net10.0]
C:\Projects\Hazina\src\Core\AI\Hazina.AI.RAG\Retrieval\Reranker.cs(48,45): warning SA1629: Documentation text should end with a period (https://github.com/DotNetAnalyzers/StyleCopAnalyzers/blob/master/documentation/SA1629.md) [C:\Projects\Hazina\src\Core\AI\Hazina.AI.RAG\Hazina.AI.RAG.csproj::TargetFramework=net10.0]
C:\Projects\Hazina\src\Core\AI\Hazina.AI.RAG\Retrieval\Reranker.cs(56,13): warning SA1503: Braces should not be omitted (https://github.com/DotNetAnalyzers/StyleCopAnalyzers/blob/master/documentation/SA1503.md) [C:\Projects\Hazina\src\Core\AI\Hazina.AI.RAG\Hazina.AI.RAG.csproj::TargetFramework=net10.0]
C:\Projects\Hazina\src\Core\AI\Hazina.AI.RAG\Retrieval\Reranker.cs(58,59): warning SA1316: Tuple element names should use correct casing (https://github.com/DotNetAnalyzers/StyleCopAnalyzers/blob/master/documentation/SA1316.md) [C:\Projects\Hazina\src\Core\AI\Hazina.AI.RAG\Hazina.AI.RAG.csproj::TargetFramework=net10.0]
C:\Projects\Hazina\src\Core\AI\Hazina.AI.RAG\Retrieval\Reranker.cs(58,71): warning SA1316: Tuple element names should use correct casing (https://github.com/DotNetAnalyzers/StyleCopAnalyzers/blob/master/documentation/SA1316.md) [C:\Projects\Hazina\src\Core\AI\Hazina.AI.RAG\Hazina.AI.RAG.csproj::TargetFramework=net10.0]
C:\Projects\Hazina\src\Core\AI\Hazina.AI.RAG\Retrieval\LlmJudgeReranker.cs(1,1): warning SA1633: The file header is missing or not located at the top of the file. (https://github.com/DotNetAnalyzers/StyleCopAnalyzers/blob/master/documentation/SA1633.md) [C:\Projects\Hazina\src\Core\AI\Hazina.AI.RAG\Hazina.AI.RAG.csproj::TargetFramework=net10.0]
C:\Projects\Hazina\src\Core\AI\Hazina.AI.RAG\Embeddings\TextChunker.cs(127,26): warning MA0004: Use Task.ConfigureAwait(false) if the current SynchronizationContext is not needed (https://github.com/meziantou/Meziantou.Analyzer/blob/main/docs/Rules/MA0004.md) [C:\Projects\Hazina\src\Core\AI\Hazina.AI.RAG\Hazina.AI.RAG.csproj::TargetFramework=net10.0]
C:\Projects\Hazina\src\Core\AI\Hazina.AI.RAG\Embeddings\TextChunker.cs(131,26): warning MA0004: Use Task.ConfigureAwait(false) if the current SynchronizationContext is not needed (https://github.com/meziantou/Meziantou.Analyzer/blob/main/docs/Rules/MA0004.md) [C:\Projects\Hazina\src\Core\AI\Hazina.AI.RAG\Hazina.AI.RAG.csproj::TargetFramework=net10.0]
C:\Projects\Hazina\src\Core\AI\Hazina.AI.RAG\Graph\Pipeline\EntityNormalizationService.cs(220,16): warning CA1308: In method 'CalculateStringSimilarity', replace the call to 'ToLowerInvariant' with 'ToUpperInvariant' (https://learn.microsoft.com/dotnet/fundamentals/code-analysis/quality-rules/ca1308) [C:\Projects\Hazina\src\Core\AI\Hazina.AI.RAG\Hazina.AI.RAG.csproj::TargetFramework=net10.0]
C:\Projects\Hazina\src\Core\AI\Hazina.AI.RAG\Graph\Pipeline\EntityNormalizationService.cs(221,16): warning CA1308: In method 'CalculateStringSimilarity', replace the call to 'ToLowerInvariant' with 'ToUpperInvariant' (https://learn.microsoft.com/dotnet/fundamentals/code-analysis/quality-rules/ca1308) [C:\Projects\Hazina\src\Core\AI\Hazina.AI.RAG\Hazina.AI.RAG.csproj::TargetFramework=net10.0]
C:\Projects\Hazina\src\Core\AI\Hazina.AI.RAG\Retrieval\LlmJudgeReranker.cs(123,14): warning SA1402: File may only contain a single type (https://github.com/DotNetAnalyzers/StyleCopAnalyzers/blob/master/documentation/SA1402.md) [C:\Projects\Hazina\src\Core\AI\Hazina.AI.RAG\Hazina.AI.RAG.csproj::TargetFramework=net10.0]
C:\Projects\Hazina\src\Core\AI\Hazina.AI.RAG\Retrieval\LlmJudgeReranker.cs(82,13): warning SA1009: Closing parenthesis should not be preceded by a space (https://github.com/DotNetAnalyzers/StyleCopAnalyzers/blob/master/documentation/SA1009.md) [C:\Projects\Hazina\src\Core\AI\Hazina.AI.RAG\Hazina.AI.RAG.csproj::TargetFramework=net10.0]
C:\Projects\Hazina\src\Core\AI\Hazina.AI.RAG\Embeddings\EmbeddingCache.cs(100,29): warning SA1629: Documentation text should end with a period (https://github.com/DotNetAnalyzers/StyleCopAnalyzers/blob/master/documentation/SA1629.md) [C:\Projects\Hazina\src\Core\AI\Hazina.AI.RAG\Hazina.AI.RAG.csproj::TargetFramework=net10.0]
C:\Projects\Hazina\src\Core\AI\Hazina.AI.RAG\Retrieval\NoOpReranker.cs(1,1): warning SA1633: The file header is missing or not located at the top of the file. (https://github.com/DotNetAnalyzers/StyleCopAnalyzers/blob/master/documentation/SA1633.md) [C:\Projects\Hazina\src\Core\AI\Hazina.AI.RAG\Hazina.AI.RAG.csproj::TargetFramework=net10.0]
C:\Projects\Hazina\src\Core\AI\Hazina.AI.RAG\Embeddings\EmbeddingCache.cs(102,23): warning CA1024: Use properties where appropriate (https://learn.microsoft.com/dotnet/fundamentals/code-analysis/quality-rules/ca1024) [C:\Projects\Hazina\src\Core\AI\Hazina.AI.RAG\Hazina.AI.RAG.csproj::TargetFramework=net10.0]
C:\Projects\Hazina\src\Core\AI\Hazina.AI.RAG\Graph\Pipeline\EntityNormalizationService.cs(224,13): warning MA0006: Use string.Equals instead of Equals operator (https://github.com/meziantou/Meziantou.Analyzer/blob/main/docs/Rules/MA0006.md) [C:\Projects\Hazina\src\Core\AI\Hazina.AI.RAG\Hazina.AI.RAG.csproj::TargetFramework=net10.0]
C:\Projects\Hazina\src\Core\AI\Hazina.AI.RAG\Retrieval\Reranker.cs(1,1): warning SA1633: The file header is missing or not located at the top of the file. (https://github.com/DotNetAnalyzers/StyleCopAnalyzers/blob/master/documentation/SA1633.md) [C:\Projects\Hazina\src\Core\AI\Hazina.AI.RAG\Hazina.AI.RAG.csproj::TargetFramework=net10.0]
C:\Projects\Hazina\src\Core\AI\Hazina.AI.RAG\Graph\Storage\IGraphStore.cs(15,45): warning CA1002: Change 'List<GraphEntity>' in 'IGraphStore.AddEntitiesAsync(List<GraphEntity>, [CancellationToken])' to use 'Collection<T>', 'ReadOnlyCollection<T>' or 'KeyedCollection<K,V>' (https://learn.microsoft.com/dotnet/fundamentals/code-analysis/quality-rules/ca1002) [C:\Projects\Hazina\src\Core\AI\Hazina.AI.RAG\Hazina.AI.RAG.csproj::TargetFramework=net10.0]
C:\Projects\Hazina\src\Core\AI\Hazina.AI.RAG\Embeddings\EmbeddingCache.cs(81,31): warning CA1062: In externally visible method 'Task<Embedding> EmbeddingCache.GetOrAddAsync(string text, Func<string, Task<Embedding>> generatorAsync)', validate parameter 'generatorAsync' is non-null before using it. If appropriate, throw an 'ArgumentNullException' when the argument is 'null'. (https://learn.microsoft.com/dotnet/fundamentals/code-analysis/quality-rules/ca1062) [C:\Projects\Hazina\src\Core\AI\Hazina.AI.RAG\Hazina.AI.RAG.csproj::TargetFramework=net10.0]
C:\Projects\Hazina\src\Core\AI\Hazina.AI.RAG\Graph\Storage\IGraphStore.cs(15,27): warning MA0016: Prefer using collection abstraction instead of implementation (https://github.com/meziantou/Meziantou.Analyzer/blob/main/docs/Rules/MA0016.md) [C:\Projects\Hazina\src\Core\AI\Hazina.AI.RAG\Hazina.AI.RAG.csproj::TargetFramework=net10.0]
C:\Projects\Hazina\src\Core\AI\Hazina.AI.RAG\Retrieval\Reranker.cs(62,34): warning MA0004: Use Task.ConfigureAwait(false) if the current SynchronizationContext is not needed (https://github.com/meziantou/Meziantou.Analyzer/blob/main/docs/Rules/MA0004.md) [C:\Projects\Hazina\src\Core\AI\Hazina.AI.RAG\Hazina.AI.RAG.csproj::TargetFramework=net10.0]
C:\Projects\Hazina\src\Core\AI\Hazina.AI.RAG\Graph\Storage\IGraphStore.cs(25,5): warning MA0016: Prefer using collection abstraction instead of implementation (https://github.com/meziantou/Meziantou.Analyzer/blob/main/docs/Rules/MA0016.md) [C:\Projects\Hazina\src\Core\AI\Hazina.AI.RAG\Hazina.AI.RAG.csproj::TargetFramework=net10.0]
C:\Projects\Hazina\src\Core\AI\Hazina.AI.RAG\Retrieval\Reranker.cs(226,14): warning SA1402: File may only contain a single type (https://github.com/DotNetAnalyzers/StyleCopAnalyzers/blob/master/documentation/SA1402.md) [C:\Projects\Hazina\src\Core\AI\Hazina.AI.RAG\Hazina.AI.RAG.csproj::TargetFramework=net10.0]
C:\Projects\Hazina\src\Core\AI\Hazina.AI.RAG\Graph\Storage\IGraphStore.cs(33,5): warning MA0016: Prefer using collection abstraction instead of implementation (https://github.com/meziantou/Meziantou.Analyzer/blob/main/docs/Rules/MA0016.md) [C:\Projects\Hazina\src\Core\AI\Hazina.AI.RAG\Hazina.AI.RAG.csproj::TargetFramework=net10.0]
C:\Projects\Hazina\src\Core\AI\Hazina.AI.RAG\Utilities\SentenceSplitter.cs(171,52): warning SA1629: Documentation text should end with a period (https://github.com/DotNetAnalyzers/StyleCopAnalyzers/blob/master/documentation/SA1629.md) [C:\Projects\Hazina\src\Core\AI\Hazina.AI.RAG\Hazina.AI.RAG.csproj::TargetFramework=net10.0]
C:\Projects\Hazina\src\Core\AI\Hazina.AI.RAG\Embeddings\EmbeddingCache.cs(64,25): warning CA1062: In externally visible method 'Embedding EmbeddingCache.GetOrAdd(string text, Func<string, Embedding> generator)', validate parameter 'generator' is non-null before using it. If appropriate, throw an 'ArgumentNullException' when the argument is 'null'. (https://learn.microsoft.com/dotnet/fundamentals/code-analysis/quality-rules/ca1062) [C:\Projects\Hazina\src\Core\AI\Hazina.AI.RAG\Hazina.AI.RAG.csproj::TargetFramework=net10.0]
C:\Projects\Hazina\src\Core\AI\Hazina.AI.RAG\Graph\Storage\IGraphStore.cs(50,56): warning CA1002: Change 'List<GraphRelationship>' in 'IGraphStore.AddRelationshipsAsync(List<GraphRelationship>, [CancellationToken])' to use 'Collection<T>', 'ReadOnlyCollection<T>' or 'KeyedCollection<K,V>' (https://learn.microsoft.com/dotnet/fundamentals/code-analysis/quality-rules/ca1002) [C:\Projects\Hazina\src\Core\AI\Hazina.AI.RAG\Hazina.AI.RAG.csproj::TargetFramework=net10.0]
C:\Projects\Hazina\src\Core\AI\Hazina.AI.RAG\Graph\Storage\IGraphStore.cs(50,32): warning MA0016: Prefer using collection abstraction instead of implementation (https://github.com/meziantou/Meziantou.Analyzer/blob/main/docs/Rules/MA0016.md) [C:\Projects\Hazina\src\Core\AI\Hazina.AI.RAG\Hazina.AI.RAG.csproj::TargetFramework=net10.0]
C:\Projects\Hazina\src\Core\AI\Hazina.AI.RAG\Graph\Storage\IGraphStore.cs(42,5): warning MA0016: Prefer using collection abstraction instead of implementation (https://github.com/meziantou/Meziantou.Analyzer/blob/main/docs/Rules/MA0016.md) [C:\Projects\Hazina\src\Core\AI\Hazina.AI.RAG\Hazina.AI.RAG.csproj::TargetFramework=net10.0]
C:\Projects\Hazina\src\Core\AI\Hazina.AI.RAG\Graph\Storage\IGraphStore.cs(12,5): warning SA1514: Element documentation header should be preceded by blank line (https://github.com/DotNetAnalyzers/StyleCopAnalyzers/blob/master/documentation/SA1514.md) [C:\Projects\Hazina\src\Core\AI\Hazina.AI.RAG\Hazina.AI.RAG.csproj::TargetFramework=net10.0]
C:\Projects\Hazina\src\Core\AI\Hazina.AI.RAG\Embeddings\ContentTypeDetector.cs(64,31): warning SA1629: Documentation text should end with a period (https://github.com/DotNetAnalyzers/StyleCopAnalyzers/blob/master/documentation/SA1629.md) [C:\Projects\Hazina\src\Core\AI\Hazina.AI.RAG\Hazina.AI.RAG.csproj::TargetFramework=net10.0]
C:\Projects\Hazina\src\Core\AI\Hazina.AI.RAG\Embeddings\ContentTypeDetector.cs(72,13): warning SA1503: Braces should not be omitted (https://github.com/DotNetAnalyzers/StyleCopAnalyzers/blob/master/documentation/SA1503.md) [C:\Projects\Hazina\src\Core\AI\Hazina.AI.RAG\Hazina.AI.RAG.csproj::TargetFramework=net10.0]
C:\Projects\Hazina\src\Core\AI\Hazina.AI.RAG\Embeddings\ContentTypeDetector.cs(76,13): warning SA1503: Braces should not be omitted (https://github.com/DotNetAnalyzers/StyleCopAnalyzers/blob/master/documentation/SA1503.md) [C:\Projects\Hazina\src\Core\AI\Hazina.AI.RAG\Hazina.AI.RAG.csproj::TargetFramework=net10.0]
C:\Projects\Hazina\src\Core\AI\Hazina.AI.RAG\Embeddings\ContentTypeDetector.cs(80,13): warning SA1503: Braces should not be omitted (https://github.com/DotNetAnalyzers/StyleCopAnalyzers/blob/master/documentation/SA1503.md) [C:\Projects\Hazina\src\Core\AI\Hazina.AI.RAG\Hazina.AI.RAG.csproj::TargetFramework=net10.0]
C:\Projects\Hazina\src\Core\AI\Hazina.AI.RAG\Retrieval\Reranker.cs(140,13): warning SA1009: Closing parenthesis should not be preceded by a space (https://github.com/DotNetAnalyzers/StyleCopAnalyzers/blob/master/documentation/SA1009.md) [C:\Projects\Hazina\src\Core\AI\Hazina.AI.RAG\Hazina.AI.RAG.csproj::TargetFramework=net10.0]
C:\Projects\Hazina\src\Core\AI\Hazina.AI.RAG\Graph\Storage\IGraphStore.cs(71,5): warning MA0016: Prefer using collection abstraction instead of implementation (https://github.com/meziantou/Meziantou.Analyzer/blob/main/docs/Rules/MA0016.md) [C:\Projects\Hazina\src\Core\AI\Hazina.AI.RAG\Hazina.AI.RAG.csproj::TargetFramework=net10.0]
C:\Projects\Hazina\src\Core\AI\Hazina.AI.RAG\Graph\Storage\IGraphStore.cs(63,5): warning MA0016: Prefer using collection abstraction instead of implementation (https://github.com/meziantou/Meziantou.Analyzer/blob/main/docs/Rules/MA0016.md) [C:\Projects\Hazina\src\Core\AI\Hazina.AI.RAG\Hazina.AI.RAG.csproj::TargetFramework=net10.0]
C:\Projects\Hazina\src\Core\AI\Hazina.AI.RAG\Graph\Storage\IGraphStore.cs(55,5): warning MA0016: Prefer using collection abstraction instead of implementation (https://github.com/meziantou/Meziantou.Analyzer/blob/main/docs/Rules/MA0016.md) [C:\Projects\Hazina\src\Core\AI\Hazina.AI.RAG\Hazina.AI.RAG.csproj::TargetFramework=net10.0]
C:\Projects\Hazina\src\Core\AI\Hazina.AI.RAG\Graph\Storage\IGraphStore.cs(80,5): warning MA0016: Prefer using collection abstraction instead of implementation (https://github.com/meziantou/Meziantou.Analyzer/blob/main/docs/Rules/MA0016.md) [C:\Projects\Hazina\src\Core\AI\Hazina.AI.RAG\Hazina.AI.RAG.csproj::TargetFramework=net10.0]
C:\Projects\Hazina\src\Core\AI\Hazina.AI.RAG\Embeddings\ContentTypeDetector.cs(83,30): warning CA1875: Use 'Regex.Count' instead of 'Regex.Matches(...).Count' (https://learn.microsoft.com/dotnet/fundamentals/code-analysis/quality-rules/ca1875) [C:\Projects\Hazina\src\Core\AI\Hazina.AI.RAG\Hazina.AI.RAG.csproj::TargetFramework=net10.0]
C:\Projects\Hazina\src\Core\AI\Hazina.AI.RAG\Embeddings\ContentTypeDetector.cs(71,13): warning MA0009: Regular expressions should not be vulnerable to Denial of Service attacks (https://github.com/meziantou/Meziantou.Analyzer/blob/main/docs/Rules/MA0009.md) [C:\Projects\Hazina\src\Core\AI\Hazina.AI.RAG\Hazina.AI.RAG.csproj::TargetFramework=net10.0]
C:\Projects\Hazina\src\Core\AI\Hazina.AI.RAG\Embeddings\ContentTypeDetector.cs(75,13): warning MA0009: Regular expressions should not be vulnerable to Denial of Service attacks (https://github.com/meziantou/Meziantou.Analyzer/blob/main/docs/Rules/MA0009.md) [C:\Projects\Hazina\src\Core\AI\Hazina.AI.RAG\Hazina.AI.RAG.csproj::TargetFramework=net10.0]
C:\Projects\Hazina\src\Core\AI\Hazina.AI.RAG\Embeddings\ContentTypeDetector.cs(79,13): warning MA0009: Regular expressions should not be vulnerable to Denial of Service attacks (https://github.com/meziantou/Meziantou.Analyzer/blob/main/docs/Rules/MA0009.md) [C:\Projects\Hazina\src\Core\AI\Hazina.AI.RAG\Hazina.AI.RAG.csproj::TargetFramework=net10.0]
C:\Projects\Hazina\src\Core\AI\Hazina.AI.RAG\Embeddings\ContentTypeDetector.cs(83,30): warning MA0009: Regular expressions should not be vulnerable to Denial of Service attacks (https://github.com/meziantou/Meziantou.Analyzer/blob/main/docs/Rules/MA0009.md) [C:\Projects\Hazina\src\Core\AI\Hazina.AI.RAG\Hazina.AI.RAG.csproj::TargetFramework=net10.0]
C:\Projects\Hazina\src\Core\Agents\Hazina.AgentFactory\Models\AgentCardModel.cs(18,20): warning CS8618: Non-nullable field 'newFunctionToAdd' must contain a non-null value when exiting constructor. Consider adding the 'required' modifier or declaring the field as nullable. [C:\Projects\Hazina\src\Core\Agents\Hazina.AgentFactory\Hazina.AgentFactory.csproj::TargetFramework=net9.0]
C:\Projects\Hazina\src\Core\AI\Hazina.AI.RAG\Retrieval\RetrievalPipeline.cs(1,1): warning SA1633: The file header is missing or not located at the top of the file. (https://github.com/DotNetAnalyzers/StyleCopAnalyzers/blob/master/documentation/SA1633.md) [C:\Projects\Hazina\src\Core\AI\Hazina.AI.RAG\Hazina.AI.RAG.csproj::TargetFramework=net10.0]
C:\Projects\Hazina\src\Core\Agents\Hazina.AgentFactory\Models\AgentCardModel.cs(19,20): warning CS8618: Non-nullable field 'newAgentToAdd' must contain a non-null value when exiting constructor. Consider adding the 'required' modifier or declaring the field as nullable. [C:\Projects\Hazina\src\Core\Agents\Hazina.AgentFactory\Hazina.AgentFactory.csproj::TargetFramework=net9.0]
C:\Projects\Hazina\src\Core\AI\Hazina.AI.RAG\Retrieval\RetrievalPipeline.cs(32,9): warning SA1009: Closing parenthesis should not be preceded by a space (https://github.com/DotNetAnalyzers/StyleCopAnalyzers/blob/master/documentation/SA1009.md) [C:\Projects\Hazina\src\Core\AI\Hazina.AI.RAG\Hazina.AI.RAG.csproj::TargetFramework=net10.0]
C:\Projects\Hazina\src\Core\AI\Hazina.AI.RAG\Retrieval\RetrievalPipeline.cs(42,9): warning SA1009: Closing parenthesis should not be preceded by a space (https://github.com/DotNetAnalyzers/StyleCopAnalyzers/blob/master/documentation/SA1009.md) [C:\Projects\Hazina\src\Core\AI\Hazina.AI.RAG\Hazina.AI.RAG.csproj::TargetFramework=net10.0]
C:\Projects\Hazina\src\Core\AI\Hazina.AI.RAG\Retrieval\VectorStoreRetriever.cs(1,1): warning SA1633: The file header is missing or not located at the top of the file. (https://github.com/DotNetAnalyzers/StyleCopAnalyzers/blob/master/documentation/SA1633.md) [C:\Projects\Hazina\src\Core\AI\Hazina.AI.RAG\Hazina.AI.RAG.csproj::TargetFramework=net10.0]
C:\Projects\Hazina\src\Core\AI\Hazina.AI.RAG\Graph\Storage\IGraphStore.cs(47,5): warning SA1514: Element documentation header should be preceded by blank line (https://github.com/DotNetAnalyzers/StyleCopAnalyzers/blob/master/documentation/SA1514.md) [C:\Projects\Hazina\src\Core\AI\Hazina.AI.RAG\Hazina.AI.RAG.csproj::TargetFramework=net10.0]
C:\Projects\Hazina\src\Core\AI\Hazina.AI.RAG\Graph\Storage\IGraphStore.cs(60,5): warning SA1514: Element documentation header should be preceded by blank line (https://github.com/DotNetAnalyzers/StyleCopAnalyzers/blob/master/documentation/SA1514.md) [C:\Projects\Hazina\src\Core\AI\Hazina.AI.RAG\Hazina.AI.RAG.csproj::TargetFramework=net10.0]
C:\Projects\Hazina\src\Core\AI\Hazina.AI.RAG\Graph\Storage\IGraphStore.cs(87,5): warning SA1514: Element documentation header should be preceded by blank line (https://github.com/DotNetAnalyzers/StyleCopAnalyzers/blob/master/documentation/SA1514.md) [C:\Projects\Hazina\src\Core\AI\Hazina.AI.RAG\Hazina.AI.RAG.csproj::TargetFramework=net10.0]
C:\Projects\Hazina\src\Core\AI\Hazina.AI.RAG\Retrieval\VectorStoreRetriever.cs(48,10): warning SA1513: Closing brace should be followed by blank line (https://github.com/DotNetAnalyzers/StyleCopAnalyzers/blob/master/documentation/SA1513.md) [C:\Projects\Hazina\src\Core\AI\Hazina.AI.RAG\Hazina.AI.RAG.csproj::TargetFramework=net10.0]
C:\Projects\Hazina\src\Core\AI\Hazina.AI.RAG\Retrieval\VectorStoreRetriever.cs(38,9): warning SA1009: Closing parenthesis should not be preceded by a space (https://github.com/DotNetAnalyzers/StyleCopAnalyzers/blob/master/documentation/SA1009.md) [C:\Projects\Hazina\src\Core\AI\Hazina.AI.RAG\Hazina.AI.RAG.csproj::TargetFramework=net10.0]
C:\Projects\Hazina\src\Core\AI\Hazina.AI.RAG\Embeddings\TextChunker.cs(212,51): warning MA0002: Use an overload that has a IEqualityComparer<string> or IComparer<string> parameter (https://github.com/meziantou/Meziantou.Analyzer/blob/main/docs/Rules/MA0002.md) [C:\Projects\Hazina\src\Core\AI\Hazina.AI.RAG\Hazina.AI.RAG.csproj::TargetFramework=net10.0]
C:\Projects\Hazina\src\Core\AI\Hazina.AI.RAG\Embeddings\TextChunker.cs(212,94): warning MA0002: Use an overload that has a IEqualityComparer<string> or IComparer<string> parameter (https://github.com/meziantou/Meziantou.Analyzer/blob/main/docs/Rules/MA0002.md) [C:\Projects\Hazina\src\Core\AI\Hazina.AI.RAG\Hazina.AI.RAG.csproj::TargetFramework=net10.0]
C:\Projects\Hazina\src\Core\AI\Hazina.AI.RAG\Embeddings\TextChunker.cs(232,47): warning MA0002: Use an overload that has a IEqualityComparer<string> or IComparer<string> parameter (https://github.com/meziantou/Meziantou.Analyzer/blob/main/docs/Rules/MA0002.md) [C:\Projects\Hazina\src\Core\AI\Hazina.AI.RAG\Hazina.AI.RAG.csproj::TargetFramework=net10.0]
C:\Projects\Hazina\src\Core\AI\Hazina.AI.RAG\Embeddings\TextChunker.cs(232,90): warning MA0002: Use an overload that has a IEqualityComparer<string> or IComparer<string> parameter (https://github.com/meziantou/Meziantou.Analyzer/blob/main/docs/Rules/MA0002.md) [C:\Projects\Hazina\src\Core\AI\Hazina.AI.RAG\Hazina.AI.RAG.csproj::TargetFramework=net10.0]
C:\Projects\Hazina\src\Core\AI\Hazina.AI.RAG\Graph\Storage\GraphStoreFactory.cs(14,52): warning SA1629: Documentation text should end with a period (https://github.com/DotNetAnalyzers/StyleCopAnalyzers/blob/master/documentation/SA1629.md) [C:\Projects\Hazina\src\Core\AI\Hazina.AI.RAG\Hazina.AI.RAG.csproj::TargetFramework=net10.0]
C:\Projects\Hazina\src\Core\AI\Hazina.AI.RAG\Graph\Storage\GraphStoreFactory.cs(15,45): warning SA1629: Documentation text should end with a period (https://github.com/DotNetAnalyzers/StyleCopAnalyzers/blob/master/documentation/SA1629.md) [C:\Projects\Hazina\src\Core\AI\Hazina.AI.RAG\Hazina.AI.RAG.csproj::TargetFramework=net10.0]
C:\Projects\Hazina\src\Core\AI\Hazina.AI.RAG\Graph\Storage\GraphStoreFactory.cs(16,55): warning SA1629: Documentation text should end with a period (https://github.com/DotNetAnalyzers/StyleCopAnalyzers/blob/master/documentation/SA1629.md) [C:\Projects\Hazina\src\Core\AI\Hazina.AI.RAG\Hazina.AI.RAG.csproj::TargetFramework=net10.0]
C:\Projects\Hazina\src\Core\AI\Hazina.AI.RAG\Graph\Storage\GraphStoreFactory.cs(24,24): warning MA0015: Use an overload of 'System.ArgumentException' with the parameter name (https://github.com/meziantou/Meziantou.Analyzer/blob/main/docs/Rules/MA0015.md) [C:\Projects\Hazina\src\Core\AI\Hazina.AI.RAG\Hazina.AI.RAG.csproj::TargetFramework=net10.0]
C:\Projects\Hazina\src\Core\AI\Hazina.AI.RAG\Graph\Storage\GraphStoreFactory.cs(23,39): warning MA0025: Implement the functionality (or raise NotSupportedException or PlatformNotSupportedException) (https://github.com/meziantou/Meziantou.Analyzer/blob/main/docs/Rules/MA0025.md) [C:\Projects\Hazina\src\Core\AI\Hazina.AI.RAG\Hazina.AI.RAG.csproj::TargetFramework=net10.0]
C:\Projects\Hazina\src\Core\AI\Hazina.AI.RAG\Graph\Storage\GraphStoreFactory.cs(19,16): warning CA1062: In externally visible method 'IGraphStore GraphStoreFactory.Create(GraphRAGConfig config, ILogger logger)', validate parameter 'config' is non-null before using it. If appropriate, throw an 'ArgumentNullException' when the argument is 'null'. (https://learn.microsoft.com/dotnet/fundamentals/code-analysis/quality-rules/ca1062) [C:\Projects\Hazina\src\Core\AI\Hazina.AI.RAG\Hazina.AI.RAG.csproj::TargetFramework=net10.0]
C:\Projects\Hazina\src\Core\AI\Hazina.AI.RAG\Utilities\SentenceSplitter.cs(1,1): warning SA1633: The file header is missing or not located at the top of the file. (https://github.com/DotNetAnalyzers/StyleCopAnalyzers/blob/master/documentation/SA1633.md) [C:\Projects\Hazina\src\Core\AI\Hazina.AI.RAG\Hazina.AI.RAG.csproj::TargetFramework=net10.0]
C:\Projects\Hazina\src\Core\AI\Hazina.AI.RAG\Utilities\SentenceSplitter.cs(81,18): warning SA1513: Closing brace should be followed by blank line (https://github.com/DotNetAnalyzers/StyleCopAnalyzers/blob/master/documentation/SA1513.md) [C:\Projects\Hazina\src\Core\AI\Hazina.AI.RAG\Hazina.AI.RAG.csproj::TargetFramework=net10.0]
C:\Projects\Hazina\src\Core\AI\Hazina.AI.RAG\Graph\Pipeline\EntityNormalizationService.cs(283,24): warning S1244: Do not check floating point equality with exact values, use a range instead. (https://rules.sonarsource.com/csharp/RSPEC-1244) [C:\Projects\Hazina\src\Core\AI\Hazina.AI.RAG\Hazina.AI.RAG.csproj::TargetFramework=net10.0]
C:\Projects\Hazina\src\Core\AI\Hazina.AI.RAG\Graph\Pipeline\EntityNormalizationService.cs(283,45): warning S1244: Do not check floating point equality with exact values, use a range instead. (https://rules.sonarsource.com/csharp/RSPEC-1244) [C:\Projects\Hazina\src\Core\AI\Hazina.AI.RAG\Hazina.AI.RAG.csproj::TargetFramework=net10.0]
C:\Projects\Hazina\src\Core\AI\Hazina.AI.RAG\Embeddings\TextChunker.cs(283,17): warning CA1848: For improved performance, use the LoggerMessage delegates instead of calling 'LoggerExtensions.LogInformation(ILogger, string?, params object?[])' (https://learn.microsoft.com/dotnet/fundamentals/code-analysis/quality-rules/ca1848) [C:\Projects\Hazina\src\Core\AI\Hazina.AI.RAG\Hazina.AI.RAG.csproj::TargetFramework=net10.0]
C:\Projects\Hazina\src\Core\AI\Hazina.AI.RAG\Graph\Pipeline\EntityNormalizationService.cs(265,20): warning S2325: Make 'CalculateCosineSimilarity' a static method. (https://rules.sonarsource.com/csharp/RSPEC-2325) [C:\Projects\Hazina\src\Core\AI\Hazina.AI.RAG\Hazina.AI.RAG.csproj::TargetFramework=net10.0]
C:\Projects\Hazina\src\Core\AI\Hazina.AI.RAG\Embeddings\EmbeddingCache.cs(117,50): warning SA1629: Documentation text should end with a period (https://github.com/DotNetAnalyzers/StyleCopAnalyzers/blob/master/documentation/SA1629.md) [C:\Projects\Hazina\src\Core\AI\Hazina.AI.RAG\Hazina.AI.RAG.csproj::TargetFramework=net10.0]
C:\Projects\Hazina\src\Core\AI\Hazina.AI.RAG\Embeddings\TextChunker.cs(290,26): warning S2325: Make 'SplitIntoSentences' a static method. (https://rules.sonarsource.com/csharp/RSPEC-2325) [C:\Projects\Hazina\src\Core\AI\Hazina.AI.RAG\Hazina.AI.RAG.csproj::TargetFramework=net10.0]
C:\Projects\Hazina\src\Core\AI\Hazina.AI.RAG\Embeddings\ContentTypeDetector.cs(101,35): warning S6605: Collection-specific "Exists" method should be used instead of the "Any" extension. (https://rules.sonarsource.com/csharp/RSPEC-6605) [C:\Projects\Hazina\src\Core\AI\Hazina.AI.RAG\Hazina.AI.RAG.csproj::TargetFramework=net10.0]
C:\Projects\Hazina\src\Core\AI\Hazina.AI.RAG\Embeddings\EmbeddingCache.cs(123,25): warning CA1850: Prefer static 'System.Security.Cryptography.SHA256.HashData' method over 'ComputeHash' (https://learn.microsoft.com/dotnet/fundamentals/code-analysis/quality-rules/ca1850) [C:\Projects\Hazina\src\Core\AI\Hazina.AI.RAG\Hazina.AI.RAG.csproj::TargetFramework=net10.0]
C:\Projects\Hazina\src\Core\AI\Hazina.AI.RAG\Graph\Retrieval\HybridRetrievalService.cs(73,53): warning MA0051: Method is too long (65 lines; maximum allowed: 60) (https://github.com/meziantou/Meziantou.Analyzer/blob/main/docs/Rules/MA0051.md) [C:\Projects\Hazina\src\Core\AI\Hazina.AI.RAG\Hazina.AI.RAG.csproj::TargetFramework=net10.0]
C:\Projects\Hazina\src\Core\AI\Hazina.AI.RAG\Graph\Pipeline\EntityNormalizationService.cs(235,17): warning S2325: Make 'LevenshteinDistance' a static method. (https://rules.sonarsource.com/csharp/RSPEC-2325) [C:\Projects\Hazina\src\Core\AI\Hazina.AI.RAG\Hazina.AI.RAG.csproj::TargetFramework=net10.0]
C:\Projects\Hazina\src\Core\AI\Hazina.AI.RAG\Graph\Retrieval\HybridRetrievalService.cs(135,26): warning S2139: Either log this exception and handle it, or rethrow it with some contextual information. (https://rules.sonarsource.com/csharp/RSPEC-2139) [C:\Projects\Hazina\src\Core\AI\Hazina.AI.RAG\Hazina.AI.RAG.csproj::TargetFramework=net10.0]
C:\Projects\Hazina\src\Core\AI\Hazina.AI.RAG\Graph\Retrieval\HybridRetrievalService.cs(76,9): warning S1172: Remove this unused method parameter 'cancellationToken'. (https://rules.sonarsource.com/csharp/RSPEC-1172) [C:\Projects\Hazina\src\Core\AI\Hazina.AI.RAG\Hazina.AI.RAG.csproj::TargetFramework=net10.0]
C:\Projects\Hazina\src\Core\AI\Hazina.AI.RAG\Embeddings\TextChunker.cs(242,37): warning CA1861: Prefer 'static readonly' fields over constant array arguments if the called method is called repeatedly and is not mutating the passed array (https://learn.microsoft.com/dotnet/fundamentals/code-analysis/quality-rules/ca1861) [C:\Projects\Hazina\src\Core\AI\Hazina.AI.RAG\Hazina.AI.RAG.csproj::TargetFramework=net10.0]
C:\Projects\Hazina\src\Core\AI\Hazina.AI.RAG\Embeddings\TextChunker.cs(269,51): warning MA0002: Use an overload that has a IEqualityComparer<string> or IComparer<string> parameter (https://github.com/meziantou/Meziantou.Analyzer/blob/main/docs/Rules/MA0002.md) [C:\Projects\Hazina\src\Core\AI\Hazina.AI.RAG\Hazina.AI.RAG.csproj::TargetFramework=net10.0]
C:\Projects\Hazina\src\Core\AI\Hazina.AI.RAG\Embeddings\TextChunker.cs(269,94): warning MA0002: Use an overload that has a IEqualityComparer<string> or IComparer<string> parameter (https://github.com/meziantou/Meziantou.Analyzer/blob/main/docs/Rules/MA0002.md) [C:\Projects\Hazina\src\Core\AI\Hazina.AI.RAG\Hazina.AI.RAG.csproj::TargetFramework=net10.0]
C:\Projects\Hazina\src\Core\Agents\Hazina.AgentFactory\Models\AgentCardModel.cs(20,20): warning CS8618: Non-nullable field 'newFlowToAdd' must contain a non-null value when exiting constructor. Consider adding the 'required' modifier or declaring the field as nullable. [C:\Projects\Hazina\src\Core\Agents\Hazina.AgentFactory\Hazina.AgentFactory.csproj::TargetFramework=net9.0]
C:\Projects\Hazina\src\Core\Agents\Hazina.AgentFactory\Models\AgentCardModel.cs(38,46): warning CS8618: Non-nullable event 'PropertyChanged' must contain a non-null value when exiting constructor. Consider adding the 'required' modifier or declaring the event as nullable. [C:\Projects\Hazina\src\Core\Agents\Hazina.AgentFactory\Hazina.AgentFactory.csproj::TargetFramework=net9.0]
C:\Projects\Hazina\src\Core\AI\Hazina.AI.RAG\Embeddings\HierarchicalChunker.cs(26,18): warning MA0016: Prefer using collection abstraction instead of implementation (https://github.com/meziantou/Meziantou.Analyzer/blob/main/docs/Rules/MA0016.md) [C:\Projects\Hazina\src\Core\AI\Hazina.AI.RAG\Hazina.AI.RAG.csproj::TargetFramework=net10.0]
C:\Projects\Hazina\src\Core\AI\Hazina.AI.RAG\Embeddings\HierarchicalChunker.cs(26,40): warning MA0051: Method is too long (61 lines; maximum allowed: 60) (https://github.com/meziantou/Meziantou.Analyzer/blob/main/docs/Rules/MA0051.md) [C:\Projects\Hazina\src\Core\AI\Hazina.AI.RAG\Hazina.AI.RAG.csproj::TargetFramework=net10.0]
C:\Projects\Hazina\src\Core\AI\Hazina.AI.RAG\Embeddings\TextChunker.cs(305,21): warning SA1503: Braces should not be omitted (https://github.com/DotNetAnalyzers/StyleCopAnalyzers/blob/master/documentation/SA1503.md) [C:\Projects\Hazina\src\Core\AI\Hazina.AI.RAG\Hazina.AI.RAG.csproj::TargetFramework=net10.0]
C:\Projects\Hazina\src\Core\AI\Hazina.AI.RAG\Embeddings\TextChunker.cs(309,21): warning SA1503: Braces should not be omitted (https://github.com/DotNetAnalyzers/StyleCopAnalyzers/blob/master/documentation/SA1503.md) [C:\Projects\Hazina\src\Core\AI\Hazina.AI.RAG\Hazina.AI.RAG.csproj::TargetFramework=net10.0]
C:\Projects\Hazina\src\Core\AI\Hazina.AI.RAG\Embeddings\EmbeddingCache.cs(128,67): warning SA1629: Documentation text should end with a period (https://github.com/DotNetAnalyzers/StyleCopAnalyzers/blob/master/documentation/SA1629.md) [C:\Projects\Hazina\src\Core\AI\Hazina.AI.RAG\Hazina.AI.RAG.csproj::TargetFramework=net10.0]
C:\Projects\Hazina\src\Core\AI\Hazina.AI.RAG\Embeddings\EmbeddingCache.cs(134,42): warning SA1503: Braces should not be omitted (https://github.com/DotNetAnalyzers/StyleCopAnalyzers/blob/master/documentation/SA1503.md) [C:\Projects\Hazina\src\Core\AI\Hazina.AI.RAG\Hazina.AI.RAG.csproj::TargetFramework=net10.0]
C:\Projects\Hazina\src\Core\AI\Hazina.AI.RAG\Embeddings\ContentTypeDetector.cs(90,49): warning SA1629: Documentation text should end with a period (https://github.com/DotNetAnalyzers/StyleCopAnalyzers/blob/master/documentation/SA1629.md) [C:\Projects\Hazina\src\Core\AI\Hazina.AI.RAG\Hazina.AI.RAG.csproj::TargetFramework=net10.0]
C:\Projects\Hazina\src\Core\AI\Hazina.AI.RAG\Embeddings\ContentTypeDetector.cs(101,52): warning CA1307: 'string.Contains(string)' has a method overload that takes a 'StringComparison' parameter. Replace this call in 'Hazina.AI.RAG.Embeddings.ContentTypeDetector.HasMarkdownPatterns(string)' with a call to 'string.Contains(string, System.StringComparison)' for clarity of intent. (https://learn.microsoft.com/dotnet/fundamentals/code-analysis/quality-rules/ca1307) [C:\Projects\Hazina\src\Core\AI\Hazina.AI.RAG\Hazina.AI.RAG.csproj::TargetFramework=net10.0]
C:\Projects\Hazina\src\Core\AI\Hazina.AI.RAG\Graph\Pipeline\EntityNormalizationService.cs(239,18): warning CA1814: LevenshteinDistance uses a multidimensional array of int[*,*]. Replace it with a jagged array if possible. (https://learn.microsoft.com/dotnet/fundamentals/code-analysis/quality-rules/ca1814) [C:\Projects\Hazina\src\Core\AI\Hazina.AI.RAG\Hazina.AI.RAG.csproj::TargetFramework=net10.0]
C:\Projects\Hazina\src\Core\AI\Hazina.AI.RAG\Embeddings\HierarchicalChunker.cs(24,45): warning SA1629: Documentation text should end with a period (https://github.com/DotNetAnalyzers/StyleCopAnalyzers/blob/master/documentation/SA1629.md) [C:\Projects\Hazina\src\Core\AI\Hazina.AI.RAG\Hazina.AI.RAG.csproj::TargetFramework=net10.0]
C:\Projects\Hazina\src\Core\AI\Hazina.AI.RAG\Embeddings\HierarchicalChunker.cs(32,13): warning SA1503: Braces should not be omitted (https://github.com/DotNetAnalyzers/StyleCopAnalyzers/blob/master/documentation/SA1503.md) [C:\Projects\Hazina\src\Core\AI\Hazina.AI.RAG\Hazina.AI.RAG.csproj::TargetFramework=net10.0]
C:\Projects\Hazina\src\Core\AI\Hazina.AI.RAG\Embeddings\HierarchicalChunker.cs(37,31): warning SA1116: The parameters should begin on the line after the declaration, whenever the parameter span across multiple lines (https://github.com/DotNetAnalyzers/StyleCopAnalyzers/blob/master/documentation/SA1116.md) [C:\Projects\Hazina\src\Core\AI\Hazina.AI.RAG\Hazina.AI.RAG.csproj::TargetFramework=net10.0]
C:\Projects\Hazina\src\Core\AI\Hazina.AI.RAG\Embeddings\HierarchicalChunker.cs(81,37): warning SA1116: The parameters should begin on the line after the declaration, whenever the parameter span across multiple lines (https://github.com/DotNetAnalyzers/StyleCopAnalyzers/blob/master/documentation/SA1116.md) [C:\Projects\Hazina\src\Core\AI\Hazina.AI.RAG\Hazina.AI.RAG.csproj::TargetFramework=net10.0]
C:\Projects\Hazina\src\Core\AI\Hazina.AI.RAG\Embeddings\HierarchicalChunker.cs(38,30): warning SA1117: The parameters should all be placed on the same line or each parameter should be placed on its own line (https://github.com/DotNetAnalyzers/StyleCopAnalyzers/blob/master/documentation/SA1117.md) [C:\Projects\Hazina\src\Core\AI\Hazina.AI.RAG\Hazina.AI.RAG.csproj::TargetFramework=net10.0]
C:\Projects\Hazina\src\Core\AI\Hazina.AI.RAG\Embeddings\HierarchicalChunker.cs(82,33): warning SA1117: The parameters should all be placed on the same line or each parameter should be placed on its own line (https://github.com/DotNetAnalyzers/StyleCopAnalyzers/blob/master/documentation/SA1117.md) [C:\Projects\Hazina\src\Core\AI\Hazina.AI.RAG\Hazina.AI.RAG.csproj::TargetFramework=net10.0]
C:\Projects\Hazina\src\Core\AI\Hazina.AI.RAG\Embeddings\HierarchicalChunker.cs(37,21): warning CA1873: Evaluation of this argument may be expensive and unnecessary if logging is disabled (https://learn.microsoft.com/dotnet/fundamentals/code-analysis/quality-rules/ca1873) [C:\Projects\Hazina\src\Core\AI\Hazina.AI.RAG\Hazina.AI.RAG.csproj::TargetFramework=net10.0]
C:\Projects\Hazina\src\Core\AI\Hazina.AI.RAG\Embeddings\HierarchicalChunker.cs(42,17): warning CA1873: Evaluation of this argument may be expensive and unnecessary if logging is disabled (https://learn.microsoft.com/dotnet/fundamentals/code-analysis/quality-rules/ca1873) [C:\Projects\Hazina\src\Core\AI\Hazina.AI.RAG\Hazina.AI.RAG.csproj::TargetFramework=net10.0]
C:\Projects\Hazina\src\Core\AI\Hazina.AI.RAG\Embeddings\HierarchicalChunker.cs(48,21): warning CA1873: Evaluation of this argument may be expensive and unnecessary if logging is disabled (https://learn.microsoft.com/dotnet/fundamentals/code-analysis/quality-rules/ca1873) [C:\Projects\Hazina\src\Core\AI\Hazina.AI.RAG\Hazina.AI.RAG.csproj::TargetFramework=net10.0]
C:\Projects\Hazina\src\Core\AI\Hazina.AI.RAG\Embeddings\HierarchicalChunker.cs(81,21): warning CA1873: Evaluation of this argument may be expensive and unnecessary if logging is disabled (https://learn.microsoft.com/dotnet/fundamentals/code-analysis/quality-rules/ca1873) [C:\Projects\Hazina\src\Core\AI\Hazina.AI.RAG\Hazina.AI.RAG.csproj::TargetFramework=net10.0]
C:\Projects\Hazina\src\Core\AI\Hazina.AI.RAG\Embeddings\HierarchicalChunker.cs(37,21): warning CA1848: For improved performance, use the LoggerMessage delegates instead of calling 'LoggerExtensions.LogDebug(ILogger, string?, params object?[])' (https://learn.microsoft.com/dotnet/fundamentals/code-analysis/quality-rules/ca1848) [C:\Projects\Hazina\src\Core\AI\Hazina.AI.RAG\Hazina.AI.RAG.csproj::TargetFramework=net10.0]
C:\Projects\Hazina\src\Core\AI\Hazina.AI.RAG\Embeddings\HierarchicalChunker.cs(42,17): warning CA1848: For improved performance, use the LoggerMessage delegates instead of calling 'LoggerExtensions.LogInformation(ILogger, string?, params object?[])' (https://learn.microsoft.com/dotnet/fundamentals/code-analysis/quality-rules/ca1848) [C:\Projects\Hazina\src\Core\AI\Hazina.AI.RAG\Hazina.AI.RAG.csproj::TargetFramework=net10.0]
C:\Projects\Hazina\src\Core\AI\Hazina.AI.RAG\Embeddings\HierarchicalChunker.cs(48,21): warning CA1848: For improved performance, use the LoggerMessage delegates instead of calling 'LoggerExtensions.LogDebug(ILogger, string?, params object?[])' (https://learn.microsoft.com/dotnet/fundamentals/code-analysis/quality-rules/ca1848) [C:\Projects\Hazina\src\Core\AI\Hazina.AI.RAG\Hazina.AI.RAG.csproj::TargetFramework=net10.0]
C:\Projects\Hazina\src\Core\AI\Hazina.AI.RAG\Embeddings\HierarchicalChunker.cs(77,29): warning CA1848: For improved performance, use the LoggerMessage delegates instead of calling 'LoggerExtensions.LogWarning(ILogger, Exception?, string?, params object?[])' (https://learn.microsoft.com/dotnet/fundamentals/code-analysis/quality-rules/ca1848) [C:\Projects\Hazina\src\Core\AI\Hazina.AI.RAG\Hazina.AI.RAG.csproj::TargetFramework=net10.0]
C:\Projects\Hazina\src\Core\AI\Hazina.AI.RAG\Embeddings\HierarchicalChunker.cs(81,21): warning CA1848: For improved performance, use the LoggerMessage delegates instead of calling 'LoggerExtensions.LogInformation(ILogger, string?, params object?[])' (https://learn.microsoft.com/dotnet/fundamentals/code-analysis/quality-rules/ca1848) [C:\Projects\Hazina\src\Core\AI\Hazina.AI.RAG\Hazina.AI.RAG.csproj::TargetFramework=net10.0]
C:\Projects\Hazina\src\Core\AI\Hazina.AI.RAG\Embeddings\HierarchicalChunker.cs(88,21): warning CA1848: For improved performance, use the LoggerMessage delegates instead of calling 'LoggerExtensions.LogError(ILogger, Exception?, string?, params object?[])' (https://learn.microsoft.com/dotnet/fundamentals/code-analysis/quality-rules/ca1848) [C:\Projects\Hazina\src\Core\AI\Hazina.AI.RAG\Hazina.AI.RAG.csproj::TargetFramework=net10.0]
C:\Projects\Hazina\src\Core\AI\Hazina.AI.RAG\Graph\Retrieval\HybridRetrievalService.cs(97,59): warning SA1503: Braces should not be omitted (https://github.com/DotNetAnalyzers/StyleCopAnalyzers/blob/master/documentation/SA1503.md) [C:\Projects\Hazina\src\Core\AI\Hazina.AI.RAG\Hazina.AI.RAG.csproj::TargetFramework=net10.0]
C:\Projects\Hazina\src\Core\AI\Hazina.AI.RAG\Graph\Retrieval\HybridRetrievalService.cs(103,93): warning SA1503: Braces should not be omitted (https://github.com/DotNetAnalyzers/StyleCopAnalyzers/blob/master/documentation/SA1503.md) [C:\Projects\Hazina\src\Core\AI\Hazina.AI.RAG\Hazina.AI.RAG.csproj::TargetFramework=net10.0]
C:\Projects\Hazina\src\Core\AI\Hazina.AI.RAG\Graph\Retrieval\HybridRetrievalService.cs(90,49): warning SA1316: Tuple element names should use correct casing (https://github.com/DotNetAnalyzers/StyleCopAnalyzers/blob/master/documentation/SA1316.md) [C:\Projects\Hazina\src\Core\AI\Hazina.AI.RAG\Hazina.AI.RAG.csproj::TargetFramework=net10.0]
C:\Projects\Hazina\src\Core\AI\Hazina.AI.RAG\Graph\Retrieval\HybridRetrievalService.cs(90,63): warning SA1316: Tuple element names should use correct casing (https://github.com/DotNetAnalyzers/StyleCopAnalyzers/blob/master/documentation/SA1316.md) [C:\Projects\Hazina\src\Core\AI\Hazina.AI.RAG\Hazina.AI.RAG.csproj::TargetFramework=net10.0]
C:\Projects\Hazina\src\Core\AI\Hazina.AI.RAG\Graph\Retrieval\HybridRetrievalService.cs(90,80): warning SA1316: Tuple element names should use correct casing (https://github.com/DotNetAnalyzers/StyleCopAnalyzers/blob/master/documentation/SA1316.md) [C:\Projects\Hazina\src\Core\AI\Hazina.AI.RAG\Hazina.AI.RAG.csproj::TargetFramework=net10.0]
C:\Projects\Hazina\src\Core\AI\Hazina.AI.RAG\Graph\Retrieval\HybridRetrievalService.cs(90,99): warning SA1316: Tuple element names should use correct casing (https://github.com/DotNetAnalyzers/StyleCopAnalyzers/blob/master/documentation/SA1316.md) [C:\Projects\Hazina\src\Core\AI\Hazina.AI.RAG\Hazina.AI.RAG.csproj::TargetFramework=net10.0]
C:\Projects\Hazina\src\Core\AI\Hazina.AI.RAG\Graph\Retrieval\HybridRetrievalService.cs(92,60): warning SA1108: Block statements should not contain embedded comments (https://github.com/DotNetAnalyzers/StyleCopAnalyzers/blob/master/documentation/SA1108.md) [C:\Projects\Hazina\src\Core\AI\Hazina.AI.RAG\Hazina.AI.RAG.csproj::TargetFramework=net10.0]
C:\Projects\Hazina\src\Core\AI\Hazina.AI.RAG\Graph\Pipeline\LLMEntityExtractor.cs(76,13): warning CA1873: Evaluation of this argument may be expensive and unnecessary if logging is disabled (https://learn.microsoft.com/dotnet/fundamentals/code-analysis/quality-rules/ca1873) [C:\Projects\Hazina\src\Core\AI\Hazina.AI.RAG\Hazina.AI.RAG.csproj::TargetFramework=net10.0]
C:\Projects\Hazina\src\Core\AI\Hazina.AI.RAG\Embeddings\HierarchicalChunker.cs(39,20): warning MA0004: Use Task.ConfigureAwait(false) if the current SynchronizationContext is not needed (https://github.com/meziantou/Meziantou.Analyzer/blob/main/docs/Rules/MA0004.md) [C:\Projects\Hazina\src\Core\AI\Hazina.AI.RAG\Hazina.AI.RAG.csproj::TargetFramework=net10.0]
C:\Projects\Hazina\src\Core\AI\Hazina.AI.RAG\Graph\Pipeline\LLMEntityExtractor.cs(69,17): warning CA1848: For improved performance, use the LoggerMessage delegates instead of calling 'LoggerExtensions.LogWarning(ILogger, string?, params object?[])' (https://learn.microsoft.com/dotnet/fundamentals/code-analysis/quality-rules/ca1848) [C:\Projects\Hazina\src\Core\AI\Hazina.AI.RAG\Hazina.AI.RAG.csproj::TargetFramework=net10.0]
C:\Projects\Hazina\src\Core\AI\Hazina.AI.RAG\Graph\Pipeline\LLMEntityExtractor.cs(76,13): warning CA1848: For improved performance, use the LoggerMessage delegates instead of calling 'LoggerExtensions.LogInformation(ILogger, string?, params object?[])' (https://learn.microsoft.com/dotnet/fundamentals/code-analysis/quality-rules/ca1848) [C:\Projects\Hazina\src\Core\AI\Hazina.AI.RAG\Hazina.AI.RAG.csproj::TargetFramework=net10.0]
C:\Projects\Hazina\src\Core\AI\Hazina.AI.RAG\Graph\Pipeline\LLMEntityExtractor.cs(82,13): warning CA1848: For improved performance, use the LoggerMessage delegates instead of calling 'LoggerExtensions.LogError(ILogger, Exception?, string?, params object?[])' (https://learn.microsoft.com/dotnet/fundamentals/code-analysis/quality-rules/ca1848) [C:\Projects\Hazina\src\Core\AI\Hazina.AI.RAG\Hazina.AI.RAG.csproj::TargetFramework=net10.0]
C:\Projects\Hazina\src\Core\AI\Hazina.AI.RAG\Retrieval\Reranker.cs(73,54): warning SA1629: Documentation text should end with a period (https://github.com/DotNetAnalyzers/StyleCopAnalyzers/blob/master/documentation/SA1629.md) [C:\Projects\Hazina\src\Core\AI\Hazina.AI.RAG\Hazina.AI.RAG.csproj::TargetFramework=net10.0]
C:\Projects\Hazina\src\Core\AI\Hazina.AI.RAG\Retrieval\Reranker.cs(81,13): warning SA1503: Braces should not be omitted (https://github.com/DotNetAnalyzers/StyleCopAnalyzers/blob/master/documentation/SA1503.md) [C:\Projects\Hazina\src\Core\AI\Hazina.AI.RAG\Hazina.AI.RAG.csproj::TargetFramework=net10.0]
C:\Projects\Hazina\src\Core\AI\Hazina.AI.RAG\Retrieval\Reranker.cs(83,59): warning SA1316: Tuple element names should use correct casing (https://github.com/DotNetAnalyzers/StyleCopAnalyzers/blob/master/documentation/SA1316.md) [C:\Projects\Hazina\src\Core\AI\Hazina.AI.RAG\Hazina.AI.RAG.csproj::TargetFramework=net10.0]
C:\Projects\Hazina\src\Core\AI\Hazina.AI.RAG\Retrieval\Reranker.cs(83,71): warning SA1316: Tuple element names should use correct casing (https://github.com/DotNetAnalyzers/StyleCopAnalyzers/blob/master/documentation/SA1316.md) [C:\Projects\Hazina\src\Core\AI\Hazina.AI.RAG\Hazina.AI.RAG.csproj::TargetFramework=net10.0]
C:\Projects\Hazina\src\Core\AI\Hazina.AI.RAG\Embeddings\HierarchicalChunker.cs(58,41): warning MA0004: Use Task.ConfigureAwait(false) if the current SynchronizationContext is not needed (https://github.com/meziantou/Meziantou.Analyzer/blob/main/docs/Rules/MA0004.md) [C:\Projects\Hazina\src\Core\AI\Hazina.AI.RAG\Hazina.AI.RAG.csproj::TargetFramework=net10.0]
C:\Projects\Hazina\src\Core\AI\Hazina.AI.RAG\Graph\Pipeline\LLMEntityExtractor.cs(59,26): warning CA1307: 'string.Replace(string, string?)' has a method overload that takes a 'StringComparison' parameter. Replace this call in 'Hazina.AI.RAG.Graph.Pipeline.LLMEntityExtractor.ExtractEntitiesAsync(string, string?, System.Threading.CancellationToken)' with a call to 'string.Replace(string, string?, System.StringComparison)' for clarity of intent. (https://learn.microsoft.com/dotnet/fundamentals/code-analysis/quality-rules/ca1307) [C:\Projects\Hazina\src\Core\AI\Hazina.AI.RAG\Hazina.AI.RAG.csproj::TargetFramework=net10.0]
C:\Projects\Hazina\src\Core\AI\Hazina.AI.RAG\Graph\Retrieval\HybridRetrievalService.cs(87,58): warning SA1122: Use string.Empty for empty strings (https://github.com/DotNetAnalyzers/StyleCopAnalyzers/blob/master/documentation/SA1122.md) [C:\Projects\Hazina\src\Core\AI\Hazina.AI.RAG\Hazina.AI.RAG.csproj::TargetFramework=net10.0]
C:\Projects\Hazina\src\Core\AI\Hazina.AI.RAG\Graph\Retrieval\HybridRetrievalService.cs(106,84): warning SA1122: Use string.Empty for empty strings (https://github.com/DotNetAnalyzers/StyleCopAnalyzers/blob/master/documentation/SA1122.md) [C:\Projects\Hazina\src\Core\AI\Hazina.AI.RAG\Hazina.AI.RAG.csproj::TargetFramework=net10.0]
C:\Projects\Hazina\src\Core\AI\Hazina.AI.RAG\Embeddings\HierarchicalChunker.cs(89,20): warning MA0004: Use Task.ConfigureAwait(false) if the current SynchronizationContext is not needed (https://github.com/meziantou/Meziantou.Analyzer/blob/main/docs/Rules/MA0004.md) [C:\Projects\Hazina\src\Core\AI\Hazina.AI.RAG\Hazina.AI.RAG.csproj::TargetFramework=net10.0]
C:\Projects\Hazina\src\Core\AI\Hazina.AI.RAG\Core\RAGEngine.cs(178,13): warning SA1503: Braces should not be omitted (https://github.com/DotNetAnalyzers/StyleCopAnalyzers/blob/master/documentation/SA1503.md) [C:\Projects\Hazina\src\Core\AI\Hazina.AI.RAG\Hazina.AI.RAG.csproj::TargetFramework=net10.0]
C:\Projects\Hazina\src\Core\AI\Hazina.AI.RAG\Core\RAGEngine.cs(189,9): warning SA1111: Closing parenthesis should be on line of last parameter (https://github.com/DotNetAnalyzers/StyleCopAnalyzers/blob/master/documentation/SA1111.md) [C:\Projects\Hazina\src\Core\AI\Hazina.AI.RAG\Hazina.AI.RAG.csproj::TargetFramework=net10.0]
C:\Projects\Hazina\src\Core\AI\Hazina.AI.RAG\Embeddings\HierarchicalChunkerExtensions.cs(29,22): warning MA0004: Use Task.ConfigureAwait(false) if the current SynchronizationContext is not needed (https://github.com/meziantou/Meziantou.Analyzer/blob/main/docs/Rules/MA0004.md) [C:\Projects\Hazina\src\Core\AI\Hazina.AI.RAG\Hazina.AI.RAG.csproj::TargetFramework=net10.0]
C:\Projects\Hazina\src\Core\AI\Hazina.AI.RAG\Graph\Pipeline\LLMEntityExtractor.cs(61,28): warning MA0004: Use Task.ConfigureAwait(false) if the current SynchronizationContext is not needed (https://github.com/meziantou/Meziantou.Analyzer/blob/main/docs/Rules/MA0004.md) [C:\Projects\Hazina\src\Core\AI\Hazina.AI.RAG\Hazina.AI.RAG.csproj::TargetFramework=net10.0]
C:\Projects\Hazina\src\Core\AI\Hazina.AI.RAG\Core\RAGEngine.cs(195,62): warning SA1122: Use string.Empty for empty strings (https://github.com/DotNetAnalyzers/StyleCopAnalyzers/blob/master/documentation/SA1122.md) [C:\Projects\Hazina\src\Core\AI\Hazina.AI.RAG\Hazina.AI.RAG.csproj::TargetFramework=net10.0]
C:\Projects\Hazina\src\Core\AI\Hazina.AI.RAG\Retrieval\Reranker.cs(87,28): warning MA0004: Use Task.ConfigureAwait(false) if the current SynchronizationContext is not needed (https://github.com/meziantou/Meziantou.Analyzer/blob/main/docs/Rules/MA0004.md) [C:\Projects\Hazina\src\Core\AI\Hazina.AI.RAG\Hazina.AI.RAG.csproj::TargetFramework=net10.0]
C:\Projects\Hazina\src\Core\AI\Hazina.AI.RAG\Graph\Retrieval\HybridRetrievalService.cs(113,21): warning CA1848: For improved performance, use the LoggerMessage delegates instead of calling 'LoggerExtensions.LogWarning(ILogger, Exception?, string?, params object?[])' (https://learn.microsoft.com/dotnet/fundamentals/code-analysis/quality-rules/ca1848) [C:\Projects\Hazina\src\Core\AI\Hazina.AI.RAG\Hazina.AI.RAG.csproj::TargetFramework=net10.0]
C:\Projects\Hazina\src\Core\AI\Hazina.AI.RAG\Graph\Retrieval\HybridRetrievalService.cs(137,13): warning CA1848: For improved performance, use the LoggerMessage delegates instead of calling 'LoggerExtensions.LogError(ILogger, Exception?, string?, params object?[])' (https://learn.microsoft.com/dotnet/fundamentals/code-analysis/quality-rules/ca1848) [C:\Projects\Hazina\src\Core\AI\Hazina.AI.RAG\Hazina.AI.RAG.csproj::TargetFramework=net10.0]
C:\Projects\Hazina\src\Core\AI\Hazina.AI.RAG\Core\RAGEngine.cs(184,23): warning MA0004: Use Task.ConfigureAwait(false) if the current SynchronizationContext is not needed (https://github.com/meziantou/Meziantou.Analyzer/blob/main/docs/Rules/MA0004.md) [C:\Projects\Hazina\src\Core\AI\Hazina.AI.RAG\Hazina.AI.RAG.csproj::TargetFramework=net10.0]
C:\Projects\Hazina\src\Core\AI\Hazina.AI.RAG\Core\RAGEngine.cs(197,24): warning MA0002: Use an overload that has a IEqualityComparer<string> or IComparer<string> parameter (https://github.com/meziantou/Meziantou.Analyzer/blob/main/docs/Rules/MA0002.md) [C:\Projects\Hazina\src\Core\AI\Hazina.AI.RAG\Hazina.AI.RAG.csproj::TargetFramework=net10.0]
C:\Projects\Hazina\src\Core\AI\Hazina.AI.RAG\Graph\Retrieval\HybridRetrievalService.cs(87,32): warning MA0004: Use Task.ConfigureAwait(false) if the current SynchronizationContext is not needed (https://github.com/meziantou/Meziantou.Analyzer/blob/main/docs/Rules/MA0004.md) [C:\Projects\Hazina\src\Core\AI\Hazina.AI.RAG\Hazina.AI.RAG.csproj::TargetFramework=net10.0]
C:\Projects\Hazina\src\Core\AI\Hazina.AI.RAG\Graph\Pipeline\LLMEntityExtractor.cs(80,9): warning CA1031: Modify 'ExtractEntitiesAsync' to catch a more specific allowed exception type, or rethrow the exception (https://learn.microsoft.com/dotnet/fundamentals/code-analysis/quality-rules/ca1031) [C:\Projects\Hazina\src\Core\AI\Hazina.AI.RAG\Hazina.AI.RAG.csproj::TargetFramework=net10.0]
C:\Projects\Hazina\src\Core\AI\Hazina.AI.RAG\Graph\Retrieval\HybridRetrievalService.cs(96,41): warning MA0004: Use Task.ConfigureAwait(false) if the current SynchronizationContext is not needed (https://github.com/meziantou/Meziantou.Analyzer/blob/main/docs/Rules/MA0004.md) [C:\Projects\Hazina\src\Core\AI\Hazina.AI.RAG\Hazina.AI.RAG.csproj::TargetFramework=net10.0]
C:\Projects\Hazina\src\Core\AI\Hazina.AI.RAG\Graph\Retrieval\HybridRetrievalService.cs(102,46): warning MA0004: Use Task.ConfigureAwait(false) if the current SynchronizationContext is not needed (https://github.com/meziantou/Meziantou.Analyzer/blob/main/docs/Rules/MA0004.md) [C:\Projects\Hazina\src\Core\AI\Hazina.AI.RAG\Hazina.AI.RAG.csproj::TargetFramework=net10.0]
C:\Projects\Hazina\src\Core\AI\Hazina.AI.RAG\Graph\Retrieval\HybridRetrievalService.cs(106,41): warning MA0004: Use Task.ConfigureAwait(false) if the current SynchronizationContext is not needed (https://github.com/meziantou/Meziantou.Analyzer/blob/main/docs/Rules/MA0004.md) [C:\Projects\Hazina\src\Core\AI\Hazina.AI.RAG\Hazina.AI.RAG.csproj::TargetFramework=net10.0]
C:\Projects\Hazina\src\Core\AI\Hazina.AI.RAG\Embeddings\LLMMetadataExtractor.cs(38,54): warning SA1629: Documentation text should end with a period (https://github.com/DotNetAnalyzers/StyleCopAnalyzers/blob/master/documentation/SA1629.md) [C:\Projects\Hazina\src\Core\AI\Hazina.AI.RAG\Hazina.AI.RAG.csproj::TargetFramework=net10.0]
C:\Projects\Hazina\src\Core\AI\Hazina.AI.RAG\Embeddings\LLMMetadataExtractor.cs(59,13): warning SA1111: Closing parenthesis should be on line of last parameter (https://github.com/DotNetAnalyzers/StyleCopAnalyzers/blob/master/documentation/SA1111.md) [C:\Projects\Hazina\src\Core\AI\Hazina.AI.RAG\Hazina.AI.RAG.csproj::TargetFramework=net10.0]
C:\Projects\Hazina\src\Core\AI\Hazina.AI.RAG\Embeddings\LLMMetadataExtractor.cs(65,21): warning CA1848: For improved performance, use the LoggerMessage delegates instead of calling 'LoggerExtensions.LogError(ILogger, Exception?, string?, params object?[])' (https://learn.microsoft.com/dotnet/fundamentals/code-analysis/quality-rules/ca1848) [C:\Projects\Hazina\src\Core\AI\Hazina.AI.RAG\Hazina.AI.RAG.csproj::TargetFramework=net10.0]
C:\Projects\Hazina\src\Core\AI\Hazina.AI.RAG\Embeddings\LLMMetadataExtractor.cs(54,28): warning MA0004: Use Task.ConfigureAwait(false) if the current SynchronizationContext is not needed (https://github.com/meziantou/Meziantou.Analyzer/blob/main/docs/Rules/MA0004.md) [C:\Projects\Hazina\src\Core\AI\Hazina.AI.RAG\Hazina.AI.RAG.csproj::TargetFramework=net10.0]
C:\Projects\Hazina\src\Core\AI\Hazina.AI.RAG\Retrieval\LlmJudgeReranker.cs(30,13): warning SA1503: Braces should not be omitted (https://github.com/DotNetAnalyzers/StyleCopAnalyzers/blob/master/documentation/SA1503.md) [C:\Projects\Hazina\src\Core\AI\Hazina.AI.RAG\Hazina.AI.RAG.csproj::TargetFramework=net10.0]
C:\Projects\Hazina\src\Core\AI\Hazina.AI.RAG\Retrieval\LlmJudgeReranker.cs(32,62): warning SA1316: Tuple element names should use correct casing (https://github.com/DotNetAnalyzers/StyleCopAnalyzers/blob/master/documentation/SA1316.md) [C:\Projects\Hazina\src\Core\AI\Hazina.AI.RAG\Hazina.AI.RAG.csproj::TargetFramework=net10.0]
C:\Projects\Hazina\src\Core\AI\Hazina.AI.RAG\Retrieval\LlmJudgeReranker.cs(32,80): warning SA1316: Tuple element names should use correct casing (https://github.com/DotNetAnalyzers/StyleCopAnalyzers/blob/master/documentation/SA1316.md) [C:\Projects\Hazina\src\Core\AI\Hazina.AI.RAG\Hazina.AI.RAG.csproj::TargetFramework=net10.0]
C:\Projects\Hazina\src\Core\AI\Hazina.AI.RAG\Retrieval\LlmJudgeReranker.cs(36,34): warning MA0004: Use Task.ConfigureAwait(false) if the current SynchronizationContext is not needed (https://github.com/meziantou/Meziantou.Analyzer/blob/main/docs/Rules/MA0004.md) [C:\Projects\Hazina\src\Core\AI\Hazina.AI.RAG\Hazina.AI.RAG.csproj::TargetFramework=net10.0]
C:\Projects\Hazina\src\Core\AI\Hazina.AI.RAG\Graph\Retrieval\HybridRetrievalService.cs(165,24): warning S1244: Do not check floating point equality with exact values, use a range instead. (https://rules.sonarsource.com/csharp/RSPEC-1244) [C:\Projects\Hazina\src\Core\AI\Hazina.AI.RAG\Hazina.AI.RAG.csproj::TargetFramework=net10.0]
C:\Projects\Hazina\src\Core\AI\Hazina.AI.RAG\Graph\Retrieval\HybridRetrievalService.cs(165,43): warning S1244: Do not check floating point equality with exact values, use a range instead. (https://rules.sonarsource.com/csharp/RSPEC-1244) [C:\Projects\Hazina\src\Core\AI\Hazina.AI.RAG\Hazina.AI.RAG.csproj::TargetFramework=net10.0]
C:\Projects\Hazina\src\Core\AI\Hazina.AI.RAG\Embeddings\LLMMetadataExtractor.cs(63,9): warning CA1031: Modify 'ExtractMetadataAsync' to catch a more specific allowed exception type, or rethrow the exception (https://learn.microsoft.com/dotnet/fundamentals/code-analysis/quality-rules/ca1031) [C:\Projects\Hazina\src\Core\AI\Hazina.AI.RAG\Hazina.AI.RAG.csproj::TargetFramework=net10.0]
C:\Projects\Hazina\src\Core\AI\Hazina.AI.RAG\Embeddings\SemanticSimilarityChunker.cs(59,18): warning MA0016: Prefer using collection abstraction instead of implementation (https://github.com/meziantou/Meziantou.Analyzer/blob/main/docs/Rules/MA0016.md) [C:\Projects\Hazina\src\Core\AI\Hazina.AI.RAG\Hazina.AI.RAG.csproj::TargetFramework=net10.0]
C:\Projects\Hazina\src\Core\AI\Hazina.AI.RAG\Embeddings\SemanticSimilarityChunker.cs(59,40): warning MA0051: Method is too long (63 lines; maximum allowed: 60) (https://github.com/meziantou/Meziantou.Analyzer/blob/main/docs/Rules/MA0051.md) [C:\Projects\Hazina\src\Core\AI\Hazina.AI.RAG\Hazina.AI.RAG.csproj::TargetFramework=net10.0]
C:\Projects\Hazina\src\Core\AI\Hazina.AI.RAG\Embeddings\LLMMetadataExtractor.cs(46,49): warning CA1062: In externally visible method 'Task<ChunkMetadata?> LLMMetadataExtractor.ExtractMetadataAsync(string chunkText, CancellationToken ct = default(CancellationToken))', validate parameter 'chunkText' is non-null before using it. If appropriate, throw an 'ArgumentNullException' when the argument is 'null'. (https://learn.microsoft.com/dotnet/fundamentals/code-analysis/quality-rules/ca1062) [C:\Projects\Hazina\src\Core\AI\Hazina.AI.RAG\Hazina.AI.RAG.csproj::TargetFramework=net10.0]
C:\Projects\Hazina\src\Core\AI\Hazina.AI.RAG\Graph\Storage\InMemoryGraphStore.cs(18,32): warning CA1062: In externally visible method 'Task InMemoryGraphStore.AddEntitiesAsync(List<GraphEntity> entities, CancellationToken cancellationToken = default(CancellationToken))', validate parameter 'entities' is non-null before using it. If appropriate, throw an 'ArgumentNullException' when the argument is 'null'. (https://learn.microsoft.com/dotnet/fundamentals/code-analysis/quality-rules/ca1062) [C:\Projects\Hazina\src\Core\AI\Hazina.AI.RAG\Hazina.AI.RAG.csproj::TargetFramework=net10.0]
C:\Projects\Hazina\src\Core\AI\Hazina.AI.RAG\Embeddings\SemanticSimilarityChunker.cs(131,26): warning S2325: Make 'SplitIntoSentences' a static method. (https://rules.sonarsource.com/csharp/RSPEC-2325) [C:\Projects\Hazina\src\Core\AI\Hazina.AI.RAG\Hazina.AI.RAG.csproj::TargetFramework=net10.0]
C:\Projects\Hazina\src\Core\AI\Hazina.AI.RAG\Retrieval\Reranker.cs(99,43): warning SA1629: Documentation text should end with a period (https://github.com/DotNetAnalyzers/StyleCopAnalyzers/blob/master/documentation/SA1629.md) [C:\Projects\Hazina\src\Core\AI\Hazina.AI.RAG\Hazina.AI.RAG.csproj::TargetFramework=net10.0]
C:\Projects\Hazina\src\Core\AI\Hazina.AI.RAG\Retrieval\Reranker.cs(107,13): warning SA1503: Braces should not be omitted (https://github.com/DotNetAnalyzers/StyleCopAnalyzers/blob/master/documentation/SA1503.md) [C:\Projects\Hazina\src\Core\AI\Hazina.AI.RAG\Hazina.AI.RAG.csproj::TargetFramework=net10.0]
C:\Projects\Hazina\src\Core\AI\Hazina.AI.RAG\Retrieval\Reranker.cs(140,13): warning SA1111: Closing parenthesis should be on line of last parameter (https://github.com/DotNetAnalyzers/StyleCopAnalyzers/blob/master/documentation/SA1111.md) [C:\Projects\Hazina\src\Core\AI\Hazina.AI.RAG\Hazina.AI.RAG.csproj::TargetFramework=net10.0]
C:\Projects\Hazina\src\Core\AI\Hazina.AI.RAG\Embeddings\SemanticSimilarityChunker.cs(129,59): warning SA1629: Documentation text should end with a period (https://github.com/DotNetAnalyzers/StyleCopAnalyzers/blob/master/documentation/SA1629.md) [C:\Projects\Hazina\src\Core\AI\Hazina.AI.RAG\Hazina.AI.RAG.csproj::TargetFramework=net10.0]
C:\Projects\Hazina\src\Core\AI\Hazina.AI.RAG\Embeddings\SemanticSimilarityChunker.cs(138,9): warning SA1111: Closing parenthesis should be on line of last parameter (https://github.com/DotNetAnalyzers/StyleCopAnalyzers/blob/master/documentation/SA1111.md) [C:\Projects\Hazina\src\Core\AI\Hazina.AI.RAG\Hazina.AI.RAG.csproj::TargetFramework=net10.0]
C:\Projects\Hazina\src\Core\AI\Hazina.AI.RAG\Graph\Retrieval\HybridRetrievalService.cs(148,19): warning MA0015: Use an overload of 'System.ArgumentException' with the parameter name (https://github.com/meziantou/Meziantou.Analyzer/blob/main/docs/Rules/MA0015.md) [C:\Projects\Hazina\src\Core\AI\Hazina.AI.RAG\Hazina.AI.RAG.csproj::TargetFramework=net10.0]
C:\Projects\Hazina\src\Core\AI\Hazina.AI.RAG\Embeddings\HierarchicalChunker.cs(98,13): warning S1854: Remove this useless assignment to local variable 'sections'. (https://rules.sonarsource.com/csharp/RSPEC-1854) [C:\Projects\Hazina\src\Core\AI\Hazina.AI.RAG\Hazina.AI.RAG.csproj::TargetFramework=net10.0]
C:\Projects\Hazina\src\Core\AI\Hazina.AI.RAG\Graph\Pipeline\IEntityExtractor.cs(17,5): warning MA0016: Prefer using collection abstraction instead of implementation (https://github.com/meziantou/Meziantou.Analyzer/blob/main/docs/Rules/MA0016.md) [C:\Projects\Hazina\src\Core\AI\Hazina.AI.RAG\Hazina.AI.RAG.csproj::TargetFramework=net10.0]
C:\Projects\Hazina\src\Core\AI\Hazina.AI.RAG\Embeddings\HierarchicalChunker.cs(75,17): warning CA1031: Modify 'ChunkAsync' to catch a more specific allowed exception type, or rethrow the exception (https://learn.microsoft.com/dotnet/fundamentals/code-analysis/quality-rules/ca1031) [C:\Projects\Hazina\src\Core\AI\Hazina.AI.RAG\Hazina.AI.RAG.csproj::TargetFramework=net10.0]
C:\Projects\Hazina\src\Core\AI\Hazina.AI.RAG\Embeddings\HierarchicalChunker.cs(86,9): warning CA1031: Modify 'ChunkAsync' to catch a more specific allowed exception type, or rethrow the exception (https://learn.microsoft.com/dotnet/fundamentals/code-analysis/quality-rules/ca1031) [C:\Projects\Hazina\src\Core\AI\Hazina.AI.RAG\Hazina.AI.RAG.csproj::TargetFramework=net10.0]
C:\Projects\Hazina\src\Core\AI\Hazina.AI.RAG\Retrieval\LlmJudgeReranker.cs(29,13): warning CA1062: In externally visible method 'Task<List<IRetrievalCandidate>> LlmJudgeReranker.RerankAsync(string query, List<IRetrievalCandidate> candidates, int topN = 5, CancellationToken cancellationToken = default(CancellationToken))', validate parameter 'candidates' is non-null before using it. If appropriate, throw an 'ArgumentNullException' when the argument is 'null'. (https://learn.microsoft.com/dotnet/fundamentals/code-analysis/quality-rules/ca1062) [C:\Projects\Hazina\src\Core\AI\Hazina.AI.RAG\Hazina.AI.RAG.csproj::TargetFramework=net10.0]
C:\Projects\Hazina\src\Core\AI\Hazina.AI.RAG\Embeddings\HierarchicalChunkerExtensions.cs(32,14): warning CA1062: In externally visible method 'Task<(List<TextChunk> Chunks, List<ChunkSet> ChunkSets)> HierarchicalChunkerExtensions.ChunkWithSetsAsync(HierarchicalChunker chunker, string text, string documentId, SemanticChunkingOptions options, CancellationToken ct = default(CancellationToken))', validate parameter 'options' is non-null before using it. If appropriate, throw an 'ArgumentNullException' when the argument is 'null'. (https://learn.microsoft.com/dotnet/fundamentals/code-analysis/quality-rules/ca1062) [C:\Projects\Hazina\src\Core\AI\Hazina.AI.RAG\Hazina.AI.RAG.csproj::TargetFramework=net10.0]
C:\Projects\Hazina\src\Core\AI\Hazina.AI.RAG\Embeddings\HierarchicalChunkerExtensions.cs(29,28): warning CA1062: In externally visible method 'Task<(List<TextChunk> Chunks, List<ChunkSet> ChunkSets)> HierarchicalChunkerExtensions.ChunkWithSetsAsync(HierarchicalChunker chunker, string text, string documentId, SemanticChunkingOptions options, CancellationToken ct = default(CancellationToken))', validate parameter 'chunker' is non-null before using it. If appropriate, throw an 'ArgumentNullException' when the argument is 'null'. (https://learn.microsoft.com/dotnet/fundamentals/code-analysis/quality-rules/ca1062) [C:\Projects\Hazina\src\Core\AI\Hazina.AI.RAG\Hazina.AI.RAG.csproj::TargetFramework=net10.0]
C:\Projects\Hazina\src\Core\AI\Hazina.AI.RAG\Graph\Pipeline\IRelationshipExtractor.cs(20,27): warning CA1002: Change 'List<GraphEntity>' in 'IRelationshipExtractor.ExtractRelationshipsAsync(string, List<GraphEntity>, [string], [CancellationToken])' to use 'Collection<T>', 'ReadOnlyCollection<T>' or 'KeyedCollection<K,V>' (https://learn.microsoft.com/dotnet/fundamentals/code-analysis/quality-rules/ca1002) [C:\Projects\Hazina\src\Core\AI\Hazina.AI.RAG\Hazina.AI.RAG.csproj::TargetFramework=net10.0]
C:\Projects\Hazina\src\Core\AI\Hazina.AI.RAG\Graph\Pipeline\IRelationshipExtractor.cs(18,5): warning MA0016: Prefer using collection abstraction instead of implementation (https://github.com/meziantou/Meziantou.Analyzer/blob/main/docs/Rules/MA0016.md) [C:\Projects\Hazina\src\Core\AI\Hazina.AI.RAG\Hazina.AI.RAG.csproj::TargetFramework=net10.0]
C:\Projects\Hazina\src\Core\AI\Hazina.AI.RAG\Graph\Pipeline\IRelationshipExtractor.cs(20,9): warning MA0016: Prefer using collection abstraction instead of implementation (https://github.com/meziantou/Meziantou.Analyzer/blob/main/docs/Rules/MA0016.md) [C:\Projects\Hazina\src\Core\AI\Hazina.AI.RAG\Hazina.AI.RAG.csproj::TargetFramework=net10.0]
C:\Projects\Hazina\src\Core\AI\Hazina.AI.RAG\Retrieval\Reranker.cs(134,28): warning MA0004: Use Task.ConfigureAwait(false) if the current SynchronizationContext is not needed (https://github.com/meziantou/Meziantou.Analyzer/blob/main/docs/Rules/MA0004.md) [C:\Projects\Hazina\src\Core\AI\Hazina.AI.RAG\Hazina.AI.RAG.csproj::TargetFramework=net10.0]
C:\Projects\Hazina\src\Core\AI\Hazina.AI.RAG\Embeddings\SemanticSimilarityChunker.cs(57,54): warning SA1629: Documentation text should end with a period (https://github.com/DotNetAnalyzers/StyleCopAnalyzers/blob/master/documentation/SA1629.md) [C:\Projects\Hazina\src\Core\AI\Hazina.AI.RAG\Hazina.AI.RAG.csproj::TargetFramework=net10.0]
C:\Projects\Hazina\src\Core\AI\Hazina.AI.RAG\Retrieval\Reranker.cs(142,17): warning MA0011: Use an overload of 'TryParse' that has a 'System.IFormatProvider' parameter (https://github.com/meziantou/Meziantou.Analyzer/blob/main/docs/Rules/MA0011.md) [C:\Projects\Hazina\src\Core\AI\Hazina.AI.RAG\Hazina.AI.RAG.csproj::TargetFramework=net10.0]
C:\Projects\Hazina\src\Core\AI\Hazina.AI.RAG\Embeddings\SemanticSimilarityChunker.cs(65,13): warning SA1503: Braces should not be omitted (https://github.com/DotNetAnalyzers/StyleCopAnalyzers/blob/master/documentation/SA1503.md) [C:\Projects\Hazina\src\Core\AI\Hazina.AI.RAG\Hazina.AI.RAG.csproj::TargetFramework=net10.0]
C:\Projects\Hazina\src\Core\AI\Hazina.AI.RAG\Embeddings\SemanticSimilarityChunker.cs(86,17): warning SA1503: Braces should not be omitted (https://github.com/DotNetAnalyzers/StyleCopAnalyzers/blob/master/documentation/SA1503.md) [C:\Projects\Hazina\src\Core\AI\Hazina.AI.RAG\Hazina.AI.RAG.csproj::TargetFramework=net10.0]
C:\Projects\Hazina\src\Core\AI\Hazina.AI.RAG\Graph\Pipeline\IEntityExtractor.cs(13,47): warning SA1629: Documentation text should end with a period (https://github.com/DotNetAnalyzers/StyleCopAnalyzers/blob/master/documentation/SA1629.md) [C:\Projects\Hazina\src\Core\AI\Hazina.AI.RAG\Hazina.AI.RAG.csproj::TargetFramework=net10.0]
C:\Projects\Hazina\src\Core\AI\Hazina.AI.RAG\Graph\Pipeline\IEntityNormalizer.cs(14,53): warning SA1629: Documentation text should end with a period (https://github.com/DotNetAnalyzers/StyleCopAnalyzers/blob/master/documentation/SA1629.md) [C:\Projects\Hazina\src\Core\AI\Hazina.AI.RAG\Hazina.AI.RAG.csproj::TargetFramework=net10.0]
C:\Projects\Hazina\src\Core\AI\Hazina.AI.RAG\Graph\Pipeline\IEntityExtractor.cs(14,78): warning SA1629: Documentation text should end with a period (https://github.com/DotNetAnalyzers/StyleCopAnalyzers/blob/master/documentation/SA1629.md) [C:\Projects\Hazina\src\Core\AI\Hazina.AI.RAG\Hazina.AI.RAG.csproj::TargetFramework=net10.0]
C:\Projects\Hazina\src\Core\AI\Hazina.AI.RAG\Graph\Pipeline\IEntityNormalizer.cs(15,80): warning SA1629: Documentation text should end with a period (https://github.com/DotNetAnalyzers/StyleCopAnalyzers/blob/master/documentation/SA1629.md) [C:\Projects\Hazina\src\Core\AI\Hazina.AI.RAG\Hazina.AI.RAG.csproj::TargetFramework=net10.0]
C:\Projects\Hazina\src\Core\AI\Hazina.AI.RAG\Graph\Pipeline\IEntityExtractor.cs(15,59): warning SA1629: Documentation text should end with a period (https://github.com/DotNetAnalyzers/StyleCopAnalyzers/blob/master/documentation/SA1629.md) [C:\Projects\Hazina\src\Core\AI\Hazina.AI.RAG\Hazina.AI.RAG.csproj::TargetFramework=net10.0]
C:\Projects\Hazina\src\Core\AI\Hazina.AI.RAG\Graph\Pipeline\IEntityNormalizer.cs(16,59): warning SA1629: Documentation text should end with a period (https://github.com/DotNetAnalyzers/StyleCopAnalyzers/blob/master/documentation/SA1629.md) [C:\Projects\Hazina\src\Core\AI\Hazina.AI.RAG\Hazina.AI.RAG.csproj::TargetFramework=net10.0]
C:\Projects\Hazina\src\Core\AI\Hazina.AI.RAG\Graph\Pipeline\IEntityExtractor.cs(16,67): warning SA1629: Documentation text should end with a period (https://github.com/DotNetAnalyzers/StyleCopAnalyzers/blob/master/documentation/SA1629.md) [C:\Projects\Hazina\src\Core\AI\Hazina.AI.RAG\Hazina.AI.RAG.csproj::TargetFramework=net10.0]
C:\Projects\Hazina\src\Core\AI\Hazina.AI.RAG\Graph\Pipeline\IEntityNormalizer.cs(17,72): warning SA1629: Documentation text should end with a period (https://github.com/DotNetAnalyzers/StyleCopAnalyzers/blob/master/documentation/SA1629.md) [C:\Projects\Hazina\src\Core\AI\Hazina.AI.RAG\Hazina.AI.RAG.csproj::TargetFramework=net10.0]
C:\Projects\Hazina\src\Core\AI\Hazina.AI.RAG\Graph\Retrieval\HybridRetrievalService.cs(111,17): warning CA1031: Modify 'PerformVectorSearchAsync' to catch a more specific allowed exception type, or rethrow the exception (https://learn.microsoft.com/dotnet/fundamentals/code-analysis/quality-rules/ca1031) [C:\Projects\Hazina\src\Core\AI\Hazina.AI.RAG\Hazina.AI.RAG.csproj::TargetFramework=net10.0]
C:\Projects\Hazina\src\Core\AI\Hazina.AI.RAG\Embeddings\SemanticSimilarityChunker.cs(75,21): warning CA1873: Evaluation of this argument may be expensive and unnecessary if logging is disabled (https://learn.microsoft.com/dotnet/fundamentals/code-analysis/quality-rules/ca1873) [C:\Projects\Hazina\src\Core\AI\Hazina.AI.RAG\Hazina.AI.RAG.csproj::TargetFramework=net10.0]
C:\Projects\Hazina\src\Core\AI\Hazina.AI.RAG\Embeddings\SemanticSimilarityChunker.cs(79,21): warning CA1873: Evaluation of this argument may be expensive and unnecessary if logging is disabled (https://learn.microsoft.com/dotnet/fundamentals/code-analysis/quality-rules/ca1873) [C:\Projects\Hazina\src\Core\AI\Hazina.AI.RAG\Hazina.AI.RAG.csproj::TargetFramework=net10.0]
C:\Projects\Hazina\src\Core\AI\Hazina.AI.RAG\Embeddings\SemanticSimilarityChunker.cs(83,21): warning CA1873: Evaluation of this argument may be expensive and unnecessary if logging is disabled (https://learn.microsoft.com/dotnet/fundamentals/code-analysis/quality-rules/ca1873) [C:\Projects\Hazina\src\Core\AI\Hazina.AI.RAG\Hazina.AI.RAG.csproj::TargetFramework=net10.0]
C:\Projects\Hazina\src\Core\AI\Hazina.AI.RAG\Embeddings\SemanticSimilarityChunker.cs(99,21): warning CA1873: Evaluation of this argument may be expensive and unnecessary if logging is disabled (https://learn.microsoft.com/dotnet/fundamentals/code-analysis/quality-rules/ca1873) [C:\Projects\Hazina\src\Core\AI\Hazina.AI.RAG\Hazina.AI.RAG.csproj::TargetFramework=net10.0]
C:\Projects\Hazina\src\Core\AI\Hazina.AI.RAG\Embeddings\SemanticSimilarityChunker.cs(103,21): warning CA1873: Evaluation of this argument may be expensive and unnecessary if logging is disabled (https://learn.microsoft.com/dotnet/fundamentals/code-analysis/quality-rules/ca1873) [C:\Projects\Hazina\src\Core\AI\Hazina.AI.RAG\Hazina.AI.RAG.csproj::TargetFramework=net10.0]
C:\Projects\Hazina\src\Core\AI\Hazina.AI.RAG\Embeddings\SemanticSimilarityChunker.cs(107,21): warning CA1873: Evaluation of this argument may be expensive and unnecessary if logging is disabled (https://learn.microsoft.com/dotnet/fundamentals/code-analysis/quality-rules/ca1873) [C:\Projects\Hazina\src\Core\AI\Hazina.AI.RAG\Hazina.AI.RAG.csproj::TargetFramework=net10.0]
C:\Projects\Hazina\src\Core\AI\Hazina.AI.RAG\Embeddings\SemanticSimilarityChunker.cs(111,21): warning CA1873: Evaluation of this argument may be expensive and unnecessary if logging is disabled (https://learn.microsoft.com/dotnet/fundamentals/code-analysis/quality-rules/ca1873) [C:\Projects\Hazina\src\Core\AI\Hazina.AI.RAG\Hazina.AI.RAG.csproj::TargetFramework=net10.0]
C:\Projects\Hazina\src\Core\AI\Hazina.AI.RAG\Embeddings\SemanticSimilarityChunker.cs(69,21): warning CA1848: For improved performance, use the LoggerMessage delegates instead of calling 'LoggerExtensions.LogWarning(ILogger, string?, params object?[])' (https://learn.microsoft.com/dotnet/fundamentals/code-analysis/quality-rules/ca1848) [C:\Projects\Hazina\src\Core\AI\Hazina.AI.RAG\Hazina.AI.RAG.csproj::TargetFramework=net10.0]
C:\Projects\Hazina\src\Core\AI\Hazina.AI.RAG\Embeddings\SemanticSimilarityChunker.cs(75,21): warning CA1848: For improved performance, use the LoggerMessage delegates instead of calling 'LoggerExtensions.LogInformation(ILogger, string?, params object?[])' (https://learn.microsoft.com/dotnet/fundamentals/code-analysis/quality-rules/ca1848) [C:\Projects\Hazina\src\Core\AI\Hazina.AI.RAG\Hazina.AI.RAG.csproj::TargetFramework=net10.0]
C:\Projects\Hazina\src\Core\AI\Hazina.AI.RAG\Embeddings\SemanticSimilarityChunker.cs(79,21): warning CA1848: For improved performance, use the LoggerMessage delegates instead of calling 'LoggerExtensions.LogDebug(ILogger, string?, params object?[])' (https://learn.microsoft.com/dotnet/fundamentals/code-analysis/quality-rules/ca1848) [C:\Projects\Hazina\src\Core\AI\Hazina.AI.RAG\Hazina.AI.RAG.csproj::TargetFramework=net10.0]
C:\Projects\Hazina\src\Core\AI\Hazina.AI.RAG\Embeddings\SemanticSimilarityChunker.cs(83,21): warning CA1848: For improved performance, use the LoggerMessage delegates instead of calling 'LoggerExtensions.LogDebug(ILogger, string?, params object?[])' (https://learn.microsoft.com/dotnet/fundamentals/code-analysis/quality-rules/ca1848) [C:\Projects\Hazina\src\Core\AI\Hazina.AI.RAG\Hazina.AI.RAG.csproj::TargetFramework=net10.0]
C:\Projects\Hazina\src\Core\AI\Hazina.AI.RAG\Embeddings\SemanticSimilarityChunker.cs(99,21): warning CA1848: For improved performance, use the LoggerMessage delegates instead of calling 'LoggerExtensions.LogDebug(ILogger, string?, params object?[])' (https://learn.microsoft.com/dotnet/fundamentals/code-analysis/quality-rules/ca1848) [C:\Projects\Hazina\src\Core\AI\Hazina.AI.RAG\Hazina.AI.RAG.csproj::TargetFramework=net10.0]
C:\Projects\Hazina\src\Core\AI\Hazina.AI.RAG\Embeddings\SemanticSimilarityChunker.cs(103,21): warning CA1848: For improved performance, use the LoggerMessage delegates instead of calling 'LoggerExtensions.LogDebug(ILogger, string?, params object?[])' (https://learn.microsoft.com/dotnet/fundamentals/code-analysis/quality-rules/ca1848) [C:\Projects\Hazina\src\Core\AI\Hazina.AI.RAG\Hazina.AI.RAG.csproj::TargetFramework=net10.0]
C:\Projects\Hazina\src\Core\AI\Hazina.AI.RAG\Embeddings\SemanticSimilarityChunker.cs(107,21): warning CA1848: For improved performance, use the LoggerMessage delegates instead of calling 'LoggerExtensions.LogInformation(ILogger, string?, params object?[])' (https://learn.microsoft.com/dotnet/fundamentals/code-analysis/quality-rules/ca1848) [C:\Projects\Hazina\src\Core\AI\Hazina.AI.RAG\Hazina.AI.RAG.csproj::TargetFramework=net10.0]
C:\Projects\Hazina\src\Core\AI\Hazina.AI.RAG\Embeddings\SemanticSimilarityChunker.cs(111,21): warning CA1848: For improved performance, use the LoggerMessage delegates instead of calling 'LoggerExtensions.LogInformation(ILogger, string?, params object?[])' (https://learn.microsoft.com/dotnet/fundamentals/code-analysis/quality-rules/ca1848) [C:\Projects\Hazina\src\Core\AI\Hazina.AI.RAG\Hazina.AI.RAG.csproj::TargetFramework=net10.0]
C:\Projects\Hazina\src\Core\AI\Hazina.AI.RAG\Embeddings\SemanticSimilarityChunker.cs(123,21): warning CA1848: For improved performance, use the LoggerMessage delegates instead of calling 'LoggerExtensions.LogError(ILogger, Exception?, string?, params object?[])' (https://learn.microsoft.com/dotnet/fundamentals/code-analysis/quality-rules/ca1848) [C:\Projects\Hazina\src\Core\AI\Hazina.AI.RAG\Hazina.AI.RAG.csproj::TargetFramework=net10.0]
C:\Projects\Hazina\src\Core\AI\Hazina.AI.RAG\Graph\Pipeline\ILLMTextService.cs(11,45): warning SA1629: Documentation text should end with a period (https://github.com/DotNetAnalyzers/StyleCopAnalyzers/blob/master/documentation/SA1629.md) [C:\Projects\Hazina\src\Core\AI\Hazina.AI.RAG\Hazina.AI.RAG.csproj::TargetFramework=net10.0]
C:\Projects\Hazina\src\Core\AI\Hazina.AI.RAG\Graph\Pipeline\ILLMTextService.cs(12,60): warning SA1629: Documentation text should end with a period (https://github.com/DotNetAnalyzers/StyleCopAnalyzers/blob/master/documentation/SA1629.md) [C:\Projects\Hazina\src\Core\AI\Hazina.AI.RAG\Hazina.AI.RAG.csproj::TargetFramework=net10.0]
C:\Projects\Hazina\src\Core\AI\Hazina.AI.RAG\Graph\Pipeline\ILLMTextService.cs(13,69): warning SA1629: Documentation text should end with a period (https://github.com/DotNetAnalyzers/StyleCopAnalyzers/blob/master/documentation/SA1629.md) [C:\Projects\Hazina\src\Core\AI\Hazina.AI.RAG\Hazina.AI.RAG.csproj::TargetFramework=net10.0]
C:\Projects\Hazina\src\Core\AI\Hazina.AI.RAG\Graph\Pipeline\ILLMTextService.cs(14,59): warning SA1629: Documentation text should end with a period (https://github.com/DotNetAnalyzers/StyleCopAnalyzers/blob/master/documentation/SA1629.md) [C:\Projects\Hazina\src\Core\AI\Hazina.AI.RAG\Hazina.AI.RAG.csproj::TargetFramework=net10.0]
C:\Projects\Hazina\src\Core\AI\Hazina.AI.RAG\Graph\Pipeline\ILLMTextService.cs(15,40): warning SA1629: Documentation text should end with a period (https://github.com/DotNetAnalyzers/StyleCopAnalyzers/blob/master/documentation/SA1629.md) [C:\Projects\Hazina\src\Core\AI\Hazina.AI.RAG\Hazina.AI.RAG.csproj::TargetFramework=net10.0]
C:\Projects\Hazina\src\Core\AI\Hazina.AI.RAG\Graph\Pipeline\IRelationshipExtractor.cs(13,47): warning SA1629: Documentation text should end with a period (https://github.com/DotNetAnalyzers/StyleCopAnalyzers/blob/master/documentation/SA1629.md) [C:\Projects\Hazina\src\Core\AI\Hazina.AI.RAG\Hazina.AI.RAG.csproj::TargetFramework=net10.0]
C:\Projects\Hazina\src\Core\AI\Hazina.AI.RAG\Graph\Pipeline\IRelationshipExtractor.cs(14,72): warning SA1629: Documentation text should end with a period (https://github.com/DotNetAnalyzers/StyleCopAnalyzers/blob/master/documentation/SA1629.md) [C:\Projects\Hazina\src\Core\AI\Hazina.AI.RAG\Hazina.AI.RAG.csproj::TargetFramework=net10.0]
C:\Projects\Hazina\src\Core\AI\Hazina.AI.RAG\Graph\Pipeline\IRelationshipExtractor.cs(15,69): warning SA1629: Documentation text should end with a period (https://github.com/DotNetAnalyzers/StyleCopAnalyzers/blob/master/documentation/SA1629.md) [C:\Projects\Hazina\src\Core\AI\Hazina.AI.RAG\Hazina.AI.RAG.csproj::TargetFramework=net10.0]
C:\Projects\Hazina\src\Core\AI\Hazina.AI.RAG\Graph\Pipeline\IRelationshipExtractor.cs(16,59): warning SA1629: Documentation text should end with a period (https://github.com/DotNetAnalyzers/StyleCopAnalyzers/blob/master/documentation/SA1629.md) [C:\Projects\Hazina\src\Core\AI\Hazina.AI.RAG\Hazina.AI.RAG.csproj::TargetFramework=net10.0]
C:\Projects\Hazina\src\Core\AI\Hazina.AI.RAG\Graph\Pipeline\IRelationshipExtractor.cs(17,62): warning SA1629: Documentation text should end with a period (https://github.com/DotNetAnalyzers/StyleCopAnalyzers/blob/master/documentation/SA1629.md) [C:\Projects\Hazina\src\Core\AI\Hazina.AI.RAG\Hazina.AI.RAG.csproj::TargetFramework=net10.0]
C:\Projects\Hazina\src\Core\AI\Hazina.AI.RAG\Embeddings\HierarchicalChunker.cs(94,61): warning SA1629: Documentation text should end with a period (https://github.com/DotNetAnalyzers/StyleCopAnalyzers/blob/master/documentation/SA1629.md) [C:\Projects\Hazina\src\Core\AI\Hazina.AI.RAG\Hazina.AI.RAG.csproj::TargetFramework=net10.0]
C:\Projects\Hazina\src\Core\AI\Hazina.AI.RAG\Embeddings\LLMMetadataExtractor.cs(75,25): warning CA1002: Change 'List<TextChunk>' in 'LLMMetadataExtractor.ExtractBatchMetadataAsync(List<TextChunk>, [CancellationToken])' to use 'Collection<T>', 'ReadOnlyCollection<T>' or 'KeyedCollection<K,V>' (https://learn.microsoft.com/dotnet/fundamentals/code-analysis/quality-rules/ca1002) [C:\Projects\Hazina\src\Core\AI\Hazina.AI.RAG\Hazina.AI.RAG.csproj::TargetFramework=net10.0]
C:\Projects\Hazina\src\Core\AI\Hazina.AI.RAG\Retrieval\Reranker.cs(158,36): warning CA1002: Change 'List<RetrievedDocument>' in 'Reranker.FilterByRelevance(List<RetrievedDocument>, double)' to use 'Collection<T>', 'ReadOnlyCollection<T>' or 'KeyedCollection<K,V>' (https://learn.microsoft.com/dotnet/fundamentals/code-analysis/quality-rules/ca1002) [C:\Projects\Hazina\src\Core\AI\Hazina.AI.RAG\Hazina.AI.RAG.csproj::TargetFramework=net10.0]
C:\Projects\Hazina\src\Core\AI\Hazina.AI.RAG\Retrieval\Reranker.cs(159,33): warning CA1002: Change 'List<RetrievedDocument>' in 'Reranker.FilterByRelevance(List<RetrievedDocument>, double)' to use 'Collection<T>', 'ReadOnlyCollection<T>' or 'KeyedCollection<K,V>' (https://learn.microsoft.com/dotnet/fundamentals/code-analysis/quality-rules/ca1002) [C:\Projects\Hazina\src\Core\AI\Hazina.AI.RAG\Hazina.AI.RAG.csproj::TargetFramework=net10.0]
C:\Projects\Hazina\src\Core\AI\Hazina.AI.RAG\Embeddings\LLMMetadataExtractor.cs(74,18): warning MA0016: Prefer using collection abstraction instead of implementation (https://github.com/meziantou/Meziantou.Analyzer/blob/main/docs/Rules/MA0016.md) [C:\Projects\Hazina\src\Core\AI\Hazina.AI.RAG\Hazina.AI.RAG.csproj::TargetFramework=net10.0]
C:\Projects\Hazina\src\Core\AI\Hazina.AI.RAG\Embeddings\LLMMetadataExtractor.cs(75,9): warning MA0016: Prefer using collection abstraction instead of implementation (https://github.com/meziantou/Meziantou.Analyzer/blob/main/docs/Rules/MA0016.md) [C:\Projects\Hazina\src\Core\AI\Hazina.AI.RAG\Hazina.AI.RAG.csproj::TargetFramework=net10.0]
C:\Projects\Hazina\src\Core\AI\Hazina.AI.RAG\Embeddings\SemanticSimilarityChunker.cs(98,30): warning MA0004: Use Task.ConfigureAwait(false) if the current SynchronizationContext is not needed (https://github.com/meziantou/Meziantou.Analyzer/blob/main/docs/Rules/MA0004.md) [C:\Projects\Hazina\src\Core\AI\Hazina.AI.RAG\Hazina.AI.RAG.csproj::TargetFramework=net10.0]
C:\Projects\Hazina\src\Core\AI\Hazina.AI.RAG\Embeddings\SemanticSimilarityChunker.cs(116,17): warning MA0004: Use Task.ConfigureAwait(false) if the current SynchronizationContext is not needed (https://github.com/meziantou/Meziantou.Analyzer/blob/main/docs/Rules/MA0004.md) [C:\Projects\Hazina\src\Core\AI\Hazina.AI.RAG\Hazina.AI.RAG.csproj::TargetFramework=net10.0]
C:\Projects\Hazina\src\Core\AI\Hazina.AI.RAG\Retrieval\Reranker.cs(158,12): warning MA0016: Prefer using collection abstraction instead of implementation (https://github.com/meziantou/Meziantou.Analyzer/blob/main/docs/Rules/MA0016.md) [C:\Projects\Hazina\src\Core\AI\Hazina.AI.RAG\Hazina.AI.RAG.csproj::TargetFramework=net10.0]
C:\Projects\Hazina\src\Core\AI\Hazina.AI.RAG\Retrieval\Reranker.cs(159,9): warning MA0016: Prefer using collection abstraction instead of implementation (https://github.com/meziantou/Meziantou.Analyzer/blob/main/docs/Rules/MA0016.md) [C:\Projects\Hazina\src\Core\AI\Hazina.AI.RAG\Hazina.AI.RAG.csproj::TargetFramework=net10.0]
C:\Projects\Hazina\src\Core\AI\Hazina.AI.RAG\Retrieval\Reranker.cs(147,9): warning CA1031: Modify 'ScoreRelevanceAsync' to catch a more specific allowed exception type, or rethrow the exception (https://learn.microsoft.com/dotnet/fundamentals/code-analysis/quality-rules/ca1031) [C:\Projects\Hazina\src\Core\AI\Hazina.AI.RAG\Hazina.AI.RAG.csproj::TargetFramework=net10.0]
C:\Projects\Hazina\src\Core\AI\Hazina.AI.RAG\Retrieval\Reranker.cs(158,36): warning S2325: Make 'FilterByRelevance' a static method. (https://rules.sonarsource.com/csharp/RSPEC-2325) [C:\Projects\Hazina\src\Core\AI\Hazina.AI.RAG\Hazina.AI.RAG.csproj::TargetFramework=net10.0]
C:\Projects\Hazina\src\Core\AI\Hazina.AI.RAG\Embeddings\LLMMetadataExtractor.cs(72,86): warning SA1629: Documentation text should end with a period (https://github.com/DotNetAnalyzers/StyleCopAnalyzers/blob/master/documentation/SA1629.md) [C:\Projects\Hazina\src\Core\AI\Hazina.AI.RAG\Hazina.AI.RAG.csproj::TargetFramework=net10.0]
C:\Projects\Hazina\src\Core\AI\Hazina.AI.RAG\Embeddings\LLMMetadataExtractor.cs(79,13): warning SA1503: Braces should not be omitted (https://github.com/DotNetAnalyzers/StyleCopAnalyzers/blob/master/documentation/SA1503.md) [C:\Projects\Hazina\src\Core\AI\Hazina.AI.RAG\Hazina.AI.RAG.csproj::TargetFramework=net10.0]
C:\Projects\Hazina\src\Core\AI\Hazina.AI.RAG\Embeddings\LLMMetadataExtractor.cs(99,17): warning SA1111: Closing parenthesis should be on line of last parameter (https://github.com/DotNetAnalyzers/StyleCopAnalyzers/blob/master/documentation/SA1111.md) [C:\Projects\Hazina\src\Core\AI\Hazina.AI.RAG\Hazina.AI.RAG.csproj::TargetFramework=net10.0]
C:\Projects\Hazina\src\Core\AI\Hazina.AI.RAG\Embeddings\SemanticSimilarityChunker.cs(121,9): warning CA1031: Modify 'ChunkAsync' to catch a more specific allowed exception type, or rethrow the exception (https://learn.microsoft.com/dotnet/fundamentals/code-analysis/quality-rules/ca1031) [C:\Projects\Hazina\src\Core\AI\Hazina.AI.RAG\Hazina.AI.RAG.csproj::TargetFramework=net10.0]
C:\Projects\Hazina\src\Core\AI\Hazina.AI.RAG\Embeddings\LLMMetadataExtractor.cs(94,25): warning CA1873: Evaluation of this argument may be expensive and unnecessary if logging is disabled (https://learn.microsoft.com/dotnet/fundamentals/code-analysis/quality-rules/ca1873) [C:\Projects\Hazina\src\Core\AI\Hazina.AI.RAG\Hazina.AI.RAG.csproj::TargetFramework=net10.0]
C:\Projects\Hazina\src\Core\AI\Hazina.AI.RAG\Embeddings\LLMMetadataExtractor.cs(94,25): warning CA1848: For improved performance, use the LoggerMessage delegates instead of calling 'LoggerExtensions.LogDebug(ILogger, string?, params object?[])' (https://learn.microsoft.com/dotnet/fundamentals/code-analysis/quality-rules/ca1848) [C:\Projects\Hazina\src\Core\AI\Hazina.AI.RAG\Hazina.AI.RAG.csproj::TargetFramework=net10.0]
C:\Projects\Hazina\src\Core\AI\Hazina.AI.RAG\Embeddings\LLMMetadataExtractor.cs(106,21): warning CA1848: For improved performance, use the LoggerMessage delegates instead of calling 'LoggerExtensions.LogError(ILogger, Exception?, string?, params object?[])' (https://learn.microsoft.com/dotnet/fundamentals/code-analysis/quality-rules/ca1848) [C:\Projects\Hazina\src\Core\AI\Hazina.AI.RAG\Hazina.AI.RAG.csproj::TargetFramework=net10.0]
C:\Projects\Hazina\src\Core\AI\Hazina.AI.RAG\Retrieval\Reranker.cs(156,56): warning SA1629: Documentation text should end with a period (https://github.com/DotNetAnalyzers/StyleCopAnalyzers/blob/master/documentation/SA1629.md) [C:\Projects\Hazina\src\Core\AI\Hazina.AI.RAG\Hazina.AI.RAG.csproj::TargetFramework=net10.0]
C:\Projects\Hazina\src\Core\AI\Hazina.AI.RAG\Embeddings\LLMMetadataExtractor.cs(91,36): warning MA0004: Use Task.ConfigureAwait(false) if the current SynchronizationContext is not needed (https://github.com/meziantou/Meziantou.Analyzer/blob/main/docs/Rules/MA0004.md) [C:\Projects\Hazina\src\Core\AI\Hazina.AI.RAG\Hazina.AI.RAG.csproj::TargetFramework=net10.0]
C:\Projects\Hazina\src\Core\AI\Hazina.AI.RAG\Embeddings\ContentTypeDetector.cs(117,28): warning S1905: Remove this unnecessary cast to 'int'. (https://rules.sonarsource.com/csharp/RSPEC-1905) [C:\Projects\Hazina\src\Core\AI\Hazina.AI.RAG\Hazina.AI.RAG.csproj::TargetFramework=net10.0]
C:\Projects\Hazina\src\Core\AI\Hazina.AI.RAG\Core\RAGEngine.cs(211,20): warning S2325: Make 'CalculateKeywordRelevance' a static method. (https://rules.sonarsource.com/csharp/RSPEC-2325) [C:\Projects\Hazina\src\Core\AI\Hazina.AI.RAG\Hazina.AI.RAG.csproj::TargetFramework=net10.0]
C:\Projects\Hazina\src\Core\AI\Hazina.AI.RAG\Embeddings\LLMMetadataExtractor.cs(104,9): warning CA1031: Modify 'ExtractBatchMetadataAsync' to catch a more specific allowed exception type, or rethrow the exception (https://learn.microsoft.com/dotnet/fundamentals/code-analysis/quality-rules/ca1031) [C:\Projects\Hazina\src\Core\AI\Hazina.AI.RAG\Hazina.AI.RAG.csproj::TargetFramework=net10.0]
C:\Projects\Hazina\src\Core\AI\Hazina.AI.RAG\Embeddings\ContentTypeDetector.cs(105,35): warning SA1629: Documentation text should end with a period (https://github.com/DotNetAnalyzers/StyleCopAnalyzers/blob/master/documentation/SA1629.md) [C:\Projects\Hazina\src\Core\AI\Hazina.AI.RAG\Hazina.AI.RAG.csproj::TargetFramework=net10.0]
C:\Projects\Hazina\src\Core\AI\Hazina.AI.RAG\Core\RAGEngine.cs(217,62): warning SA1122: Use string.Empty for empty strings (https://github.com/DotNetAnalyzers/StyleCopAnalyzers/blob/master/documentation/SA1122.md) [C:\Projects\Hazina\src\Core\AI\Hazina.AI.RAG\Hazina.AI.RAG.csproj::TargetFramework=net10.0]
C:\Projects\Hazina\src\Core\AI\Hazina.AI.RAG\Embeddings\ContentTypeDetector.cs(112,27): warning CA1875: Use 'Regex.Count' instead of 'Regex.Matches(...).Count' (https://learn.microsoft.com/dotnet/fundamentals/code-analysis/quality-rules/ca1875) [C:\Projects\Hazina\src\Core\AI\Hazina.AI.RAG\Hazina.AI.RAG.csproj::TargetFramework=net10.0]
C:\Projects\Hazina\src\Core\AI\Hazina.AI.RAG\Embeddings\ContentTypeDetector.cs(116,30): warning CA1875: Use 'Regex.Count' instead of 'Regex.Matches(...).Count' (https://learn.microsoft.com/dotnet/fundamentals/code-analysis/quality-rules/ca1875) [C:\Projects\Hazina\src\Core\AI\Hazina.AI.RAG\Hazina.AI.RAG.csproj::TargetFramework=net10.0]
C:\Projects\Hazina\src\Core\AI\Hazina.AI.RAG\Embeddings\ContentTypeDetector.cs(120,25): warning CA1875: Use 'Regex.Count' instead of 'Regex.Matches(...).Count' (https://learn.microsoft.com/dotnet/fundamentals/code-analysis/quality-rules/ca1875) [C:\Projects\Hazina\src\Core\AI\Hazina.AI.RAG\Hazina.AI.RAG.csproj::TargetFramework=net10.0]
C:\Projects\Hazina\src\Core\AI\Hazina.AI.RAG\Embeddings\ContentTypeDetector.cs(124,25): warning CA1875: Use 'Regex.Count' instead of 'Regex.Matches(...).Count' (https://learn.microsoft.com/dotnet/fundamentals/code-analysis/quality-rules/ca1875) [C:\Projects\Hazina\src\Core\AI\Hazina.AI.RAG\Hazina.AI.RAG.csproj::TargetFramework=net10.0]
C:\Projects\Hazina\src\Core\AI\Hazina.AI.RAG\Graph\Retrieval\HybridRetrievalService.cs(173,53): warning MA0051: Method is too long (62 lines; maximum allowed: 60) (https://github.com/meziantou/Meziantou.Analyzer/blob/main/docs/Rules/MA0051.md) [C:\Projects\Hazina\src\Core\AI\Hazina.AI.RAG\Hazina.AI.RAG.csproj::TargetFramework=net10.0]
C:\Projects\Hazina\src\Core\AI\Hazina.AI.RAG\Embeddings\ContentTypeDetector.cs(112,27): warning MA0009: Regular expressions should not be vulnerable to Denial of Service attacks (https://github.com/meziantou/Meziantou.Analyzer/blob/main/docs/Rules/MA0009.md) [C:\Projects\Hazina\src\Core\AI\Hazina.AI.RAG\Hazina.AI.RAG.csproj::TargetFramework=net10.0]
C:\Projects\Hazina\src\Core\AI\Hazina.AI.RAG\Embeddings\ContentTypeDetector.cs(116,30): warning MA0009: Regular expressions should not be vulnerable to Denial of Service attacks (https://github.com/meziantou/Meziantou.Analyzer/blob/main/docs/Rules/MA0009.md) [C:\Projects\Hazina\src\Core\AI\Hazina.AI.RAG\Hazina.AI.RAG.csproj::TargetFramework=net10.0]
C:\Projects\Hazina\src\Core\AI\Hazina.AI.RAG\Embeddings\ContentTypeDetector.cs(120,25): warning MA0009: Regular expressions should not be vulnerable to Denial of Service attacks (https://github.com/meziantou/Meziantou.Analyzer/blob/main/docs/Rules/MA0009.md) [C:\Projects\Hazina\src\Core\AI\Hazina.AI.RAG\Hazina.AI.RAG.csproj::TargetFramework=net10.0]
C:\Projects\Hazina\src\Core\AI\Hazina.AI.RAG\Embeddings\ContentTypeDetector.cs(124,25): warning MA0009: Regular expressions should not be vulnerable to Denial of Service attacks (https://github.com/meziantou/Meziantou.Analyzer/blob/main/docs/Rules/MA0009.md) [C:\Projects\Hazina\src\Core\AI\Hazina.AI.RAG\Hazina.AI.RAG.csproj::TargetFramework=net10.0]
C:\Projects\Hazina\src\Core\AI\Hazina.AI.RAG\Core\RAGEngine.cs(218,26): warning CA1875: Use 'Regex.Count' instead of 'Regex.Matches(...).Count' (https://learn.microsoft.com/dotnet/fundamentals/code-analysis/quality-rules/ca1875) [C:\Projects\Hazina\src\Core\AI\Hazina.AI.RAG\Hazina.AI.RAG.csproj::TargetFramework=net10.0]
C:\Projects\Hazina\src\Core\AI\Hazina.AI.RAG\Core\RAGEngine.cs(218,26): warning MA0009: Regular expressions should not be vulnerable to Denial of Service attacks (https://github.com/meziantou/Meziantou.Analyzer/blob/main/docs/Rules/MA0009.md) [C:\Projects\Hazina\src\Core\AI\Hazina.AI.RAG\Hazina.AI.RAG.csproj::TargetFramework=net10.0]
C:\Projects\Hazina\src\Core\AI\Hazina.AI.RAG\Graph\Pipeline\LLMEntityExtractor.cs(87,31): warning MA0051: Method is too long (72 lines; maximum allowed: 60) (https://github.com/meziantou/Meziantou.Analyzer/blob/main/docs/Rules/MA0051.md) [C:\Projects\Hazina\src\Core\AI\Hazina.AI.RAG\Hazina.AI.RAG.csproj::TargetFramework=net10.0]
C:\Projects\Hazina\src\Core\AI\Hazina.AI.RAG\Embeddings\SemanticSimilarityChunker.cs(145,41): warning MA0051: Method is too long (75 lines; maximum allowed: 60) (https://github.com/meziantou/Meziantou.Analyzer/blob/main/docs/Rules/MA0051.md) [C:\Projects\Hazina\src\Core\AI\Hazina.AI.RAG\Hazina.AI.RAG.csproj::TargetFramework=net10.0]
C:\Projects\Hazina\src\Core\AI\Hazina.AI.RAG\Embeddings\ContentTypeDetector.cs(136,25): warning S6610: "StartsWith" overloads that take a "char" should be used (https://rules.sonarsource.com/csharp/RSPEC-6610) [C:\Projects\Hazina\src\Core\AI\Hazina.AI.RAG\Hazina.AI.RAG.csproj::TargetFramework=net10.0]
C:\Projects\Hazina\src\Core\AI\Hazina.AI.RAG\Embeddings\ContentTypeDetector.cs(136,52): warning S6610: "EndsWith" overloads that take a "char" should be used (https://rules.sonarsource.com/csharp/RSPEC-6610) [C:\Projects\Hazina\src\Core\AI\Hazina.AI.RAG\Hazina.AI.RAG.csproj::TargetFramework=net10.0]
C:\Projects\Hazina\src\Core\AI\Hazina.AI.RAG\Embeddings\ContentTypeDetector.cs(137,25): warning S6610: "StartsWith" overloads that take a "char" should be used (https://rules.sonarsource.com/csharp/RSPEC-6610) [C:\Projects\Hazina\src\Core\AI\Hazina.AI.RAG\Hazina.AI.RAG.csproj::TargetFramework=net10.0]
C:\Projects\Hazina\src\Core\AI\Hazina.AI.RAG\Embeddings\ContentTypeDetector.cs(137,52): warning S6610: "EndsWith" overloads that take a "char" should be used (https://rules.sonarsource.com/csharp/RSPEC-6610) [C:\Projects\Hazina\src\Core\AI\Hazina.AI.RAG\Hazina.AI.RAG.csproj::TargetFramework=net10.0]
C:\Projects\Hazina\src\Core\AI\Hazina.AI.RAG\Embeddings\ContentTypeDetector.cs(131,45): warning SA1629: Documentation text should end with a period (https://github.com/DotNetAnalyzers/StyleCopAnalyzers/blob/master/documentation/SA1629.md) [C:\Projects\Hazina\src\Core\AI\Hazina.AI.RAG\Hazina.AI.RAG.csproj::TargetFramework=net10.0]
C:\Projects\Hazina\src\Core\AI\Hazina.AI.RAG\Embeddings\ContentTypeDetector.cs(136,35): warning CA1866: Use 'string.StartsWith(char)' instead of 'string.StartsWith(string)' when you have a string with a single char (https://learn.microsoft.com/dotnet/fundamentals/code-analysis/quality-rules/ca1866) [C:\Projects\Hazina\src\Core\AI\Hazina.AI.RAG\Hazina.AI.RAG.csproj::TargetFramework=net10.0]
C:\Projects\Hazina\src\Core\AI\Hazina.AI.RAG\Embeddings\ContentTypeDetector.cs(136,60): warning CA1866: Use 'string.EndsWith(char)' instead of 'string.EndsWith(string)' when you have a string with a single char (https://learn.microsoft.com/dotnet/fundamentals/code-analysis/quality-rules/ca1866) [C:\Projects\Hazina\src\Core\AI\Hazina.AI.RAG\Hazina.AI.RAG.csproj::TargetFramework=net10.0]
C:\Projects\Hazina\src\Core\AI\Hazina.AI.RAG\Embeddings\ContentTypeDetector.cs(137,35): warning CA1866: Use 'string.StartsWith(char)' instead of 'string.StartsWith(string)' when you have a string with a single char (https://learn.microsoft.com/dotnet/fundamentals/code-analysis/quality-rules/ca1866) [C:\Projects\Hazina\src\Core\AI\Hazina.AI.RAG\Hazina.AI.RAG.csproj::TargetFramework=net10.0]
C:\Projects\Hazina\src\Core\AI\Hazina.AI.RAG\Embeddings\ContentTypeDetector.cs(137,60): warning CA1866: Use 'string.EndsWith(char)' instead of 'string.EndsWith(string)' when you have a string with a single char (https://learn.microsoft.com/dotnet/fundamentals/code-analysis/quality-rules/ca1866) [C:\Projects\Hazina\src\Core\AI\Hazina.AI.RAG\Hazina.AI.RAG.csproj::TargetFramework=net10.0]
C:\Projects\Hazina\src\Core\AI\Hazina.AI.RAG\Graph\Retrieval\HybridRetrievalService.cs(202,43): warning S3267: Loops should be simplified using the "Where" LINQ method (https://rules.sonarsource.com/csharp/RSPEC-3267) [C:\Projects\Hazina\src\Core\AI\Hazina.AI.RAG\Hazina.AI.RAG.csproj::TargetFramework=net10.0]
C:\Projects\Hazina\src\Core\AI\Hazina.AI.RAG\Embeddings\ContentTypeDetector.cs(136,17): warning CA1310: The behavior of 'string.StartsWith(string)' could vary based on the current user's locale settings. Replace this call in 'Hazina.AI.RAG.Embeddings.ContentTypeDetector.HasJsonPatterns(string)' with a call to 'string.StartsWith(string, System.StringComparison)'. (https://learn.microsoft.com/dotnet/fundamentals/code-analysis/quality-rules/ca1310) [C:\Projects\Hazina\src\Core\AI\Hazina.AI.RAG\Hazina.AI.RAG.csproj::TargetFramework=net10.0]
C:\Projects\Hazina\src\Core\AI\Hazina.AI.RAG\Embeddings\ContentTypeDetector.cs(136,44): warning CA1310: The behavior of 'string.EndsWith(string)' could vary based on the current user's locale settings. Replace this call in 'Hazina.AI.RAG.Embeddings.ContentTypeDetector.HasJsonPatterns(string)' with a call to 'string.EndsWith(string, System.StringComparison)'. (https://learn.microsoft.com/dotnet/fundamentals/code-analysis/quality-rules/ca1310) [C:\Projects\Hazina\src\Core\AI\Hazina.AI.RAG\Hazina.AI.RAG.csproj::TargetFramework=net10.0]
C:\Projects\Hazina\src\Core\AI\Hazina.AI.RAG\Embeddings\ContentTypeDetector.cs(137,17): warning CA1310: The behavior of 'string.StartsWith(string)' could vary based on the current user's locale settings. Replace this call in 'Hazina.AI.RAG.Embeddings.ContentTypeDetector.HasJsonPatterns(string)' with a call to 'string.StartsWith(string, System.StringComparison)'. (https://learn.microsoft.com/dotnet/fundamentals/code-analysis/quality-rules/ca1310) [C:\Projects\Hazina\src\Core\AI\Hazina.AI.RAG\Hazina.AI.RAG.csproj::TargetFramework=net10.0]
C:\Projects\Hazina\src\Core\AI\Hazina.AI.RAG\Embeddings\ContentTypeDetector.cs(137,44): warning CA1310: The behavior of 'string.EndsWith(string)' could vary based on the current user's locale settings. Replace this call in 'Hazina.AI.RAG.Embeddings.ContentTypeDetector.HasJsonPatterns(string)' with a call to 'string.EndsWith(string, System.StringComparison)'. (https://learn.microsoft.com/dotnet/fundamentals/code-analysis/quality-rules/ca1310) [C:\Projects\Hazina\src\Core\AI\Hazina.AI.RAG\Hazina.AI.RAG.csproj::TargetFramework=net10.0]
C:\Projects\Hazina\src\Core\AI\Hazina.AI.RAG\Retrieval\Reranker.cs(168,36): warning CA1002: Change 'List<RetrievedDocument>' in 'Reranker.DiversifyResults(List<RetrievedDocument>, int, [double])' to use 'Collection<T>', 'ReadOnlyCollection<T>' or 'KeyedCollection<K,V>' (https://learn.microsoft.com/dotnet/fundamentals/code-analysis/quality-rules/ca1002) [C:\Projects\Hazina\src\Core\AI\Hazina.AI.RAG\Hazina.AI.RAG.csproj::TargetFramework=net10.0]
C:\Projects\Hazina\src\Core\AI\Hazina.AI.RAG\Retrieval\Reranker.cs(169,33): warning CA1002: Change 'List<RetrievedDocument>' in 'Reranker.DiversifyResults(List<RetrievedDocument>, int, [double])' to use 'Collection<T>', 'ReadOnlyCollection<T>' or 'KeyedCollection<K,V>' (https://learn.microsoft.com/dotnet/fundamentals/code-analysis/quality-rules/ca1002) [C:\Projects\Hazina\src\Core\AI\Hazina.AI.RAG\Hazina.AI.RAG.csproj::TargetFramework=net10.0]
C:\Projects\Hazina\src\Core\AI\Hazina.AI.RAG\Retrieval\Reranker.cs(168,12): warning MA0016: Prefer using collection abstraction instead of implementation (https://github.com/meziantou/Meziantou.Analyzer/blob/main/docs/Rules/MA0016.md) [C:\Projects\Hazina\src\Core\AI\Hazina.AI.RAG\Hazina.AI.RAG.csproj::TargetFramework=net10.0]
C:\Projects\Hazina\src\Core\AI\Hazina.AI.RAG\Retrieval\Reranker.cs(169,9): warning MA0016: Prefer using collection abstraction instead of implementation (https://github.com/meziantou/Meziantou.Analyzer/blob/main/docs/Rules/MA0016.md) [C:\Projects\Hazina\src\Core\AI\Hazina.AI.RAG\Hazina.AI.RAG.csproj::TargetFramework=net10.0]
C:\Projects\Hazina\src\Core\AI\Hazina.AI.RAG\Retrieval\LlmJudgeReranker.cs(82,13): warning SA1111: Closing parenthesis should be on line of last parameter (https://github.com/DotNetAnalyzers/StyleCopAnalyzers/blob/master/documentation/SA1111.md) [C:\Projects\Hazina\src\Core\AI\Hazina.AI.RAG\Hazina.AI.RAG.csproj::TargetFramework=net10.0]
C:\Projects\Hazina\src\Core\AI\Hazina.AI.RAG\Embeddings\ContentTypeDetector.cs(136,17): warning MA0074: Use an overload of 'StartsWith' that has a StringComparison parameter (https://github.com/meziantou/Meziantou.Analyzer/blob/main/docs/Rules/MA0074.md) [C:\Projects\Hazina\src\Core\AI\Hazina.AI.RAG\Hazina.AI.RAG.csproj::TargetFramework=net10.0]
C:\Projects\Hazina\src\Core\AI\Hazina.AI.RAG\Embeddings\ContentTypeDetector.cs(136,44): warning MA0074: Use an overload of 'EndsWith' that has a StringComparison parameter (https://github.com/meziantou/Meziantou.Analyzer/blob/main/docs/Rules/MA0074.md) [C:\Projects\Hazina\src\Core\AI\Hazina.AI.RAG\Hazina.AI.RAG.csproj::TargetFramework=net10.0]
C:\Projects\Hazina\src\Core\AI\Hazina.AI.RAG\Embeddings\ContentTypeDetector.cs(137,17): warning MA0074: Use an overload of 'StartsWith' that has a StringComparison parameter (https://github.com/meziantou/Meziantou.Analyzer/blob/main/docs/Rules/MA0074.md) [C:\Projects\Hazina\src\Core\AI\Hazina.AI.RAG\Hazina.AI.RAG.csproj::TargetFramework=net10.0]
C:\Projects\Hazina\src\Core\AI\Hazina.AI.RAG\Embeddings\ContentTypeDetector.cs(137,44): warning MA0074: Use an overload of 'EndsWith' that has a StringComparison parameter (https://github.com/meziantou/Meziantou.Analyzer/blob/main/docs/Rules/MA0074.md) [C:\Projects\Hazina\src\Core\AI\Hazina.AI.RAG\Hazina.AI.RAG.csproj::TargetFramework=net10.0]
C:\Projects\Hazina\src\Core\AI\Hazina.AI.RAG\Retrieval\LlmJudgeReranker.cs(76,28): warning MA0004: Use Task.ConfigureAwait(false) if the current SynchronizationContext is not needed (https://github.com/meziantou/Meziantou.Analyzer/blob/main/docs/Rules/MA0004.md) [C:\Projects\Hazina\src\Core\AI\Hazina.AI.RAG\Hazina.AI.RAG.csproj::TargetFramework=net10.0]
C:\Projects\Hazina\src\Core\AI\Hazina.AI.RAG\Retrieval\LlmJudgeReranker.cs(86,17): warning MA0011: Use an overload of 'TryParse' that has a 'System.IFormatProvider' parameter (https://github.com/meziantou/Meziantou.Analyzer/blob/main/docs/Rules/MA0011.md) [C:\Projects\Hazina\src\Core\AI\Hazina.AI.RAG\Hazina.AI.RAG.csproj::TargetFramework=net10.0]
C:\Projects\Hazina\src\Core\AI\Hazina.AI.RAG\Retrieval\LlmJudgeReranker.cs(91,17): warning MA0011: Use an overload of 'TryParse' that has a 'System.IFormatProvider' parameter (https://github.com/meziantou/Meziantou.Analyzer/blob/main/docs/Rules/MA0011.md) [C:\Projects\Hazina\src\Core\AI\Hazina.AI.RAG\Hazina.AI.RAG.csproj::TargetFramework=net10.0]
C:\Projects\Hazina\src\Core\AI\Hazina.AI.RAG\Embeddings\LLMMetadataExtractor.cs(167,31): warning S3267: Loop should be simplified by calling Select(chunk => chunk.Text)) (https://rules.sonarsource.com/csharp/RSPEC-3267) [C:\Projects\Hazina\src\Core\AI\Hazina.AI.RAG\Hazina.AI.RAG.csproj::TargetFramework=net10.0]
C:\Projects\Hazina\src\Core\AI\Hazina.AI.RAG\Retrieval\LlmJudgeReranker.cs(96,9): warning CA1031: Modify 'ScoreRelevanceAsync' to catch a more specific allowed exception type, or rethrow the exception (https://learn.microsoft.com/dotnet/fundamentals/code-analysis/quality-rules/ca1031) [C:\Projects\Hazina\src\Core\AI\Hazina.AI.RAG\Hazina.AI.RAG.csproj::TargetFramework=net10.0]
C:\Projects\Hazina\src\Core\AI\Hazina.AI.RAG\Embeddings\LLMMetadataExtractor.cs(112,41): warning SA1629: Documentation text should end with a period (https://github.com/DotNetAnalyzers/StyleCopAnalyzers/blob/master/documentation/SA1629.md) [C:\Projects\Hazina\src\Core\AI\Hazina.AI.RAG\Hazina.AI.RAG.csproj::TargetFramework=net10.0]
C:\Projects\Hazina\src\Core\AI\Hazina.AI.RAG\Embeddings\LLMMetadataExtractor.cs(133,13): warning SA1111: Closing parenthesis should be on line of last parameter (https://github.com/DotNetAnalyzers/StyleCopAnalyzers/blob/master/documentation/SA1111.md) [C:\Projects\Hazina\src\Core\AI\Hazina.AI.RAG\Hazina.AI.RAG.csproj::TargetFramework=net10.0]
C:\Projects\Hazina\src\Core\AI\Hazina.AI.RAG\Embeddings\LLMMetadataExtractor.cs(145,17): warning SA1111: Closing parenthesis should be on line of last parameter (https://github.com/DotNetAnalyzers/StyleCopAnalyzers/blob/master/documentation/SA1111.md) [C:\Projects\Hazina\src\Core\AI\Hazina.AI.RAG\Hazina.AI.RAG.csproj::TargetFramework=net10.0]
C:\Projects\Hazina\src\Core\AI\Hazina.AI.RAG\Embeddings\LLMMetadataExtractor.cs(141,25): warning CA1848: For improved performance, use the LoggerMessage delegates instead of calling 'LoggerExtensions.LogWarning(ILogger, string?, params object?[])' (https://learn.microsoft.com/dotnet/fundamentals/code-analysis/quality-rules/ca1848) [C:\Projects\Hazina\src\Core\AI\Hazina.AI.RAG\Hazina.AI.RAG.csproj::TargetFramework=net10.0]
C:\Projects\Hazina\src\Core\AI\Hazina.AI.RAG\Embeddings\LLMMetadataExtractor.cs(153,21): warning CA1848: For improved performance, use the LoggerMessage delegates instead of calling 'LoggerExtensions.LogError(ILogger, Exception?, string?, params object?[])' (https://learn.microsoft.com/dotnet/fundamentals/code-analysis/quality-rules/ca1848) [C:\Projects\Hazina\src\Core\AI\Hazina.AI.RAG\Hazina.AI.RAG.csproj::TargetFramework=net10.0]
C:\Projects\Hazina\src\Core\AI\Hazina.AI.RAG\Embeddings\LLMMetadataExtractor.cs(128,28): warning MA0004: Use Task.ConfigureAwait(false) if the current SynchronizationContext is not needed (https://github.com/meziantou/Meziantou.Analyzer/blob/main/docs/Rules/MA0004.md) [C:\Projects\Hazina\src\Core\AI\Hazina.AI.RAG\Hazina.AI.RAG.csproj::TargetFramework=net10.0]
C:\Projects\Hazina\src\Core\AI\Hazina.AI.RAG\Embeddings\LLMMetadataExtractor.cs(148,24): warning MA0004: Use Task.ConfigureAwait(false) if the current SynchronizationContext is not needed (https://github.com/meziantou/Meziantou.Analyzer/blob/main/docs/Rules/MA0004.md) [C:\Projects\Hazina\src\Core\AI\Hazina.AI.RAG\Hazina.AI.RAG.csproj::TargetFramework=net10.0]
C:\Projects\Hazina\src\Core\AI\Hazina.AI.RAG\Embeddings\LLMMetadataExtractor.cs(154,20): warning MA0004: Use Task.ConfigureAwait(false) if the current SynchronizationContext is not needed (https://github.com/meziantou/Meziantou.Analyzer/blob/main/docs/Rules/MA0004.md) [C:\Projects\Hazina\src\Core\AI\Hazina.AI.RAG\Hazina.AI.RAG.csproj::TargetFramework=net10.0]
C:\Projects\Hazina\src\Core\AI\Hazina.AI.RAG\Graph\Explainability\RetrievalTrace.cs(43,9): warning CA1305: The behavior of 'StringBuilder.AppendLine(ref StringBuilder.AppendInterpolatedStringHandler)' could vary based on the current user's locale settings. Replace this call in 'ExplainabilityService.GenerateExplanation(HybridRetrievalResult)' with a call to 'StringBuilder.AppendLine(IFormatProvider, ref StringBuilder.AppendInterpolatedStringHandler)'. (https://learn.microsoft.com/dotnet/fundamentals/code-analysis/quality-rules/ca1305) [C:\Projects\Hazina\src\Core\AI\Hazina.AI.RAG\Hazina.AI.RAG.csproj::TargetFramework=net10.0]
C:\Projects\Hazina\src\Core\AI\Hazina.AI.RAG\Graph\Explainability\RetrievalTrace.cs(44,9): warning CA1305: The behavior of 'StringBuilder.AppendLine(ref StringBuilder.AppendInterpolatedStringHandler)' could vary based on the current user's locale settings. Replace this call in 'ExplainabilityService.GenerateExplanation(HybridRetrievalResult)' with a call to 'StringBuilder.AppendLine(IFormatProvider, ref StringBuilder.AppendInterpolatedStringHandler)'. (https://learn.microsoft.com/dotnet/fundamentals/code-analysis/quality-rules/ca1305) [C:\Projects\Hazina\src\Core\AI\Hazina.AI.RAG\Hazina.AI.RAG.csproj::TargetFramework=net10.0]
C:\Projects\Hazina\src\Core\AI\Hazina.AI.RAG\Graph\Explainability\RetrievalTrace.cs(48,13): warning CA1305: The behavior of 'StringBuilder.AppendLine(ref StringBuilder.AppendInterpolatedStringHandler)' could vary based on the current user's locale settings. Replace this call in 'ExplainabilityService.GenerateExplanation(HybridRetrievalResult)' with a call to 'StringBuilder.AppendLine(IFormatProvider, ref StringBuilder.AppendInterpolatedStringHandler)'. (https://learn.microsoft.com/dotnet/fundamentals/code-analysis/quality-rules/ca1305) [C:\Projects\Hazina\src\Core\AI\Hazina.AI.RAG\Hazina.AI.RAG.csproj::TargetFramework=net10.0]
C:\Projects\Hazina\src\Core\AI\Hazina.AI.RAG\Graph\Explainability\RetrievalTrace.cs(54,13): warning CA1305: The behavior of 'StringBuilder.AppendLine(ref StringBuilder.AppendInterpolatedStringHandler)' could vary based on the current user's locale settings. Replace this call in 'ExplainabilityService.GenerateExplanation(HybridRetrievalResult)' with a call to 'StringBuilder.AppendLine(IFormatProvider, ref StringBuilder.AppendInterpolatedStringHandler)'. (https://learn.microsoft.com/dotnet/fundamentals/code-analysis/quality-rules/ca1305) [C:\Projects\Hazina\src\Core\AI\Hazina.AI.RAG\Hazina.AI.RAG.csproj::TargetFramework=net10.0]
C:\Projects\Hazina\src\Core\AI\Hazina.AI.RAG\Graph\Explainability\RetrievalTrace.cs(59,17): warning CA1305: The behavior of 'StringBuilder.Append(ref StringBuilder.AppendInterpolatedStringHandler)' could vary based on the current user's locale settings. Replace this call in 'ExplainabilityService.GenerateExplanation(HybridRetrievalResult)' with a call to 'StringBuilder.Append(IFormatProvider, ref StringBuilder.AppendInterpolatedStringHandler)'. (https://learn.microsoft.com/dotnet/fundamentals/code-analysis/quality-rules/ca1305) [C:\Projects\Hazina\src\Core\AI\Hazina.AI.RAG\Hazina.AI.RAG.csproj::TargetFramework=net10.0]
C:\Projects\Hazina\src\Core\AI\Hazina.AI.RAG\Graph\Explainability\RetrievalTrace.cs(64,21): warning CA1305: The behavior of 'StringBuilder.Append(ref StringBuilder.AppendInterpolatedStringHandler)' could vary based on the current user's locale settings. Replace this call in 'ExplainabilityService.GenerateExplanation(HybridRetrievalResult)' with a call to 'StringBuilder.Append(IFormatProvider, ref StringBuilder.AppendInterpolatedStringHandler)'. (https://learn.microsoft.com/dotnet/fundamentals/code-analysis/quality-rules/ca1305) [C:\Projects\Hazina\src\Core\AI\Hazina.AI.RAG\Hazina.AI.RAG.csproj::TargetFramework=net10.0]
C:\Projects\Hazina\src\Core\AI\Hazina.AI.RAG\Graph\Explainability\RetrievalTrace.cs(73,13): warning CA1305: The behavior of 'StringBuilder.AppendLine(ref StringBuilder.AppendInterpolatedStringHandler)' could vary based on the current user's locale settings. Replace this call in 'ExplainabilityService.GenerateExplanation(HybridRetrievalResult)' with a call to 'StringBuilder.AppendLine(IFormatProvider, ref StringBuilder.AppendInterpolatedStringHandler)'. (https://learn.microsoft.com/dotnet/fundamentals/code-analysis/quality-rules/ca1305) [C:\Projects\Hazina\src\Core\AI\Hazina.AI.RAG\Hazina.AI.RAG.csproj::TargetFramework=net10.0]
C:\Projects\Hazina\src\Core\AI\Hazina.AI.RAG\Graph\Explainability\RetrievalTrace.cs(43,9): warning MA0011: Use an overload of 'AppendLine' that has a 'System.IFormatProvider' parameter (https://github.com/meziantou/Meziantou.Analyzer/blob/main/docs/Rules/MA0011.md) [C:\Projects\Hazina\src\Core\AI\Hazina.AI.RAG\Hazina.AI.RAG.csproj::TargetFramework=net10.0]
C:\Projects\Hazina\src\Core\AI\Hazina.AI.RAG\Graph\Explainability\RetrievalTrace.cs(48,13): warning MA0011: Use an overload of 'AppendLine' that has a 'System.IFormatProvider' parameter (https://github.com/meziantou/Meziantou.Analyzer/blob/main/docs/Rules/MA0011.md) [C:\Projects\Hazina\src\Core\AI\Hazina.AI.RAG\Hazina.AI.RAG.csproj::TargetFramework=net10.0]
C:\Projects\Hazina\src\Core\AI\Hazina.AI.RAG\Graph\Explainability\RetrievalTrace.cs(54,13): warning MA0011: Use an overload of 'AppendLine' that has a 'System.IFormatProvider' parameter (https://github.com/meziantou/Meziantou.Analyzer/blob/main/docs/Rules/MA0011.md) [C:\Projects\Hazina\src\Core\AI\Hazina.AI.RAG\Hazina.AI.RAG.csproj::TargetFramework=net10.0]
C:\Projects\Hazina\src\Core\AI\Hazina.AI.RAG\Embeddings\LLMMetadataExtractor.cs(151,9): warning CA1031: Modify 'ProcessBatchAsync' to catch a more specific allowed exception type, or rethrow the exception (https://learn.microsoft.com/dotnet/fundamentals/code-analysis/quality-rules/ca1031) [C:\Projects\Hazina\src\Core\AI\Hazina.AI.RAG\Hazina.AI.RAG.csproj::TargetFramework=net10.0]
C:\Projects\Hazina\src\Core\AI\Hazina.AI.RAG\Graph\Explainability\RetrievalTrace.cs(59,17): warning MA0011: Use an overload of 'Append' that has a 'System.IFormatProvider' parameter (https://github.com/meziantou/Meziantou.Analyzer/blob/main/docs/Rules/MA0011.md) [C:\Projects\Hazina\src\Core\AI\Hazina.AI.RAG\Hazina.AI.RAG.csproj::TargetFramework=net10.0]
C:\Projects\Hazina\src\Core\AI\Hazina.AI.RAG\Graph\Explainability\RetrievalTrace.cs(73,13): warning MA0011: Use an overload of 'AppendLine' that has a 'System.IFormatProvider' parameter (https://github.com/meziantou/Meziantou.Analyzer/blob/main/docs/Rules/MA0011.md) [C:\Projects\Hazina\src\Core\AI\Hazina.AI.RAG\Hazina.AI.RAG.csproj::TargetFramework=net10.0]
C:\Projects\Hazina\src\Core\AI\Hazina.AI.RAG\Graph\Explainability\RetrievalTrace.cs(43,66): warning CA1062: In externally visible method 'string ExplainabilityService.GenerateExplanation(HybridRetrievalResult result)', validate parameter 'result' is non-null before using it. If appropriate, throw an 'ArgumentNullException' when the argument is 'null'. (https://learn.microsoft.com/dotnet/fundamentals/code-analysis/quality-rules/ca1062) [C:\Projects\Hazina\src\Core\AI\Hazina.AI.RAG\Hazina.AI.RAG.csproj::TargetFramework=net10.0]
C:\Projects\Hazina\src\Core\AI\Hazina.AI.RAG\Embeddings\HierarchicalChunker.cs(35,27): warning CA1062: In externally visible method 'Task<List<TextChunk>> HierarchicalChunker.ChunkAsync(string text, SemanticChunkingOptions options, CancellationToken ct = default(CancellationToken))', validate parameter 'options' is non-null before using it. If appropriate, throw an 'ArgumentNullException' when the argument is 'null'. (https://learn.microsoft.com/dotnet/fundamentals/code-analysis/quality-rules/ca1062) [C:\Projects\Hazina\src\Core\AI\Hazina.AI.RAG\Hazina.AI.RAG.csproj::TargetFramework=net10.0]
C:\Projects\Hazina\src\Core\AI\Hazina.AI.RAG\Embeddings\SemanticSimilarityChunker.cs(67,14): warning CA1062: In externally visible method 'Task<List<TextChunk>> SemanticSimilarityChunker.ChunkAsync(string text, SemanticChunkingOptions options, CancellationToken ct = default(CancellationToken))', validate parameter 'options' is non-null before using it. If appropriate, throw an 'ArgumentNullException' when the argument is 'null'. (https://learn.microsoft.com/dotnet/fundamentals/code-analysis/quality-rules/ca1062) [C:\Projects\Hazina\src\Core\AI\Hazina.AI.RAG\Hazina.AI.RAG.csproj::TargetFramework=net10.0]
C:\Projects\Hazina\src\Core\AI\Hazina.AI.RAG\Retrieval\Reranker.cs(166,47): warning SA1629: Documentation text should end with a period (https://github.com/DotNetAnalyzers/StyleCopAnalyzers/blob/master/documentation/SA1629.md) [C:\Projects\Hazina\src\Core\AI\Hazina.AI.RAG\Hazina.AI.RAG.csproj::TargetFramework=net10.0]
C:\Projects\Hazina\src\Core\AI\Hazina.AI.RAG\Retrieval\Reranker.cs(174,13): warning SA1503: Braces should not be omitted (https://github.com/DotNetAnalyzers/StyleCopAnalyzers/blob/master/documentation/SA1503.md) [C:\Projects\Hazina\src\Core\AI\Hazina.AI.RAG\Hazina.AI.RAG.csproj::TargetFramework=net10.0]
C:\Projects\Hazina\src\Core\Agents\Hazina.AgentFactory\Core\AgentManager.cs(48,12): warning CS8618: Non-nullable field '_stores' must contain a non-null value when exiting constructor. Consider adding the 'required' modifier or declaring the field as nullable. [C:\Projects\Hazina\src\Core\Agents\Hazina.AgentFactory\Hazina.AgentFactory.csproj::TargetFramework=net9.0]
C:\Projects\Hazina\src\Core\Agents\Hazina.AgentFactory\Core\AgentManager.cs(48,12): warning CS8618: Non-nullable field '_agents' must contain a non-null value when exiting constructor. Consider adding the 'required' modifier or declaring the field as nullable. [C:\Projects\Hazina\src\Core\Agents\Hazina.AgentFactory\Hazina.AgentFactory.csproj::TargetFramework=net9.0]
C:\Projects\Hazina\src\Core\Agents\Hazina.AgentFactory\Core\AgentManager.cs(48,12): warning CS8618: Non-nullable field '_flows' must contain a non-null value when exiting constructor. Consider adding the 'required' modifier or declaring the field as nullable. [C:\Projects\Hazina\src\Core\Agents\Hazina.AgentFactory\Hazina.AgentFactory.csproj::TargetFramework=net9.0]
C:\Projects\Hazina\src\Core\Agents\Hazina.AgentFactory\Core\AgentManager.cs(48,12): warning CS8618: Non-nullable field '_storesJson' must contain a non-null value when exiting constructor. Consider adding the 'required' modifier or declaring the field as nullable. [C:\Projects\Hazina\src\Core\Agents\Hazina.AgentFactory\Hazina.AgentFactory.csproj::TargetFramework=net9.0]
C:\Projects\Hazina\src\Core\Agents\Hazina.AgentFactory\Core\AgentManager.cs(48,12): warning CS8618: Non-nullable field '_agentsJson' must contain a non-null value when exiting constructor. Consider adding the 'required' modifier or declaring the field as nullable. [C:\Projects\Hazina\src\Core\Agents\Hazina.AgentFactory\Hazina.AgentFactory.csproj::TargetFramework=net9.0]
C:\Projects\Hazina\src\Core\Agents\Hazina.AgentFactory\Core\AgentManager.cs(48,12): warning CS8618: Non-nullable field '_flowsJson' must contain a non-null value when exiting constructor. Consider adding the 'required' modifier or declaring the field as nullable. [C:\Projects\Hazina\src\Core\Agents\Hazina.AgentFactory\Hazina.AgentFactory.csproj::TargetFramework=net9.0]
C:\Projects\Hazina\src\Core\Agents\Hazina.AgentFactory\Core\AgentManager.cs(62,12): warning CS8618: Non-nullable field '_stores' must contain a non-null value when exiting constructor. Consider adding the 'required' modifier or declaring the field as nullable. [C:\Projects\Hazina\src\Core\Agents\Hazina.AgentFactory\Hazina.AgentFactory.csproj::TargetFramework=net9.0]
C:\Projects\Hazina\src\Core\Agents\Hazina.AgentFactory\Core\AgentManager.cs(62,12): warning CS8618: Non-nullable field '_agents' must contain a non-null value when exiting constructor. Consider adding the 'required' modifier or declaring the field as nullable. [C:\Projects\Hazina\src\Core\Agents\Hazina.AgentFactory\Hazina.AgentFactory.csproj::TargetFramework=net9.0]
C:\Projects\Hazina\src\Core\Agents\Hazina.AgentFactory\Core\AgentManager.cs(62,12): warning CS8618: Non-nullable field '_flows' must contain a non-null value when exiting constructor. Consider adding the 'required' modifier or declaring the field as nullable. [C:\Projects\Hazina\src\Core\Agents\Hazina.AgentFactory\Hazina.AgentFactory.csproj::TargetFramework=net9.0]
C:\Projects\Hazina\src\Core\Agents\Hazina.AgentFactory\Core\AgentManager.cs(62,12): warning CS8618: Non-nullable field '_storesJson' must contain a non-null value when exiting constructor. Consider adding the 'required' modifier or declaring the field as nullable. [C:\Projects\Hazina\src\Core\Agents\Hazina.AgentFactory\Hazina.AgentFactory.csproj::TargetFramework=net9.0]
C:\Projects\Hazina\src\Core\AI\Hazina.AI.RAG\Retrieval\Reranker.cs(182,17): warning SA1503: Braces should not be omitted (https://github.com/DotNetAnalyzers/StyleCopAnalyzers/blob/master/documentation/SA1503.md) [C:\Projects\Hazina\src\Core\AI\Hazina.AI.RAG\Hazina.AI.RAG.csproj::TargetFramework=net10.0]
C:\Projects\Hazina\src\Core\Agents\Hazina.AgentFactory\Core\AgentManager.cs(62,12): warning CS8618: Non-nullable field '_agentsJson' must contain a non-null value when exiting constructor. Consider adding the 'required' modifier or declaring the field as nullable. [C:\Projects\Hazina\src\Core\Agents\Hazina.AgentFactory\Hazina.AgentFactory.csproj::TargetFramework=net9.0]
C:\Projects\Hazina\src\Core\Agents\Hazina.AgentFactory\Core\AgentManager.cs(62,12): warning CS8618: Non-nullable field '_flowsJson' must contain a non-null value when exiting constructor. Consider adding the 'required' modifier or declaring the field as nullable. [C:\Projects\Hazina\src\Core\Agents\Hazina.AgentFactory\Hazina.AgentFactory.csproj::TargetFramework=net9.0]
C:\Projects\Hazina\src\Core\Agents\Hazina.AgentFactory\Core\AgentManager.cs(73,12): warning CS8618: Non-nullable field '_stores' must contain a non-null value when exiting constructor. Consider adding the 'required' modifier or declaring the field as nullable. [C:\Projects\Hazina\src\Core\Agents\Hazina.AgentFactory\Hazina.AgentFactory.csproj::TargetFramework=net9.0]
C:\Projects\Hazina\src\Core\Agents\Hazina.AgentFactory\Core\AgentManager.cs(73,12): warning CS8618: Non-nullable field '_agents' must contain a non-null value when exiting constructor. Consider adding the 'required' modifier or declaring the field as nullable. [C:\Projects\Hazina\src\Core\Agents\Hazina.AgentFactory\Hazina.AgentFactory.csproj::TargetFramework=net9.0]
C:\Projects\Hazina\src\Core\Agents\Hazina.AgentFactory\Core\AgentManager.cs(73,12): warning CS8618: Non-nullable field '_flows' must contain a non-null value when exiting constructor. Consider adding the 'required' modifier or declaring the field as nullable. [C:\Projects\Hazina\src\Core\Agents\Hazina.AgentFactory\Hazina.AgentFactory.csproj::TargetFramework=net9.0]
C:\Projects\Hazina\src\Core\Agents\Hazina.AgentFactory\Core\AgentManager.cs(73,12): warning CS8618: Non-nullable field '_storesJsonPath' must contain a non-null value when exiting constructor. Consider adding the 'required' modifier or declaring the field as nullable. [C:\Projects\Hazina\src\Core\Agents\Hazina.AgentFactory\Hazina.AgentFactory.csproj::TargetFramework=net9.0]
C:\Projects\Hazina\src\Core\Agents\Hazina.AgentFactory\Core\AgentManager.cs(73,12): warning CS8618: Non-nullable field '_agentsJsonPath' must contain a non-null value when exiting constructor. Consider adding the 'required' modifier or declaring the field as nullable. [C:\Projects\Hazina\src\Core\Agents\Hazina.AgentFactory\Hazina.AgentFactory.csproj::TargetFramework=net9.0]
C:\Projects\Hazina\src\Core\Agents\Hazina.AgentFactory\Core\AgentManager.cs(73,12): warning CS8618: Non-nullable field '_flowsJsonPath' must contain a non-null value when exiting constructor. Consider adding the 'required' modifier or declaring the field as nullable. [C:\Projects\Hazina\src\Core\Agents\Hazina.AgentFactory\Hazina.AgentFactory.csproj::TargetFramework=net9.0]
C:\Projects\Hazina\src\Core\Agents\Hazina.AgentFactory\Core\QuickAgentCreator.cs(46,30): warning CS0618: 'EmbeddingStoreFactory.CreateFromSpec(string, ILLMClient)' is obsolete: 'Use CreateNew() with IEmbeddingGenerator for better separation of concerns' [C:\Projects\Hazina\src\Core\Agents\Hazina.AgentFactory\Hazina.AgentFactory.csproj::TargetFramework=net9.0]
C:\Projects\Hazina\src\Core\AI\Hazina.AI.RAG\Retrieval\LlmJudgeReranker.cs(106,16): warning CA1307: 'string.Replace(string, string?)' has a method overload that takes a 'StringComparison' parameter. Replace this call in 'Hazina.AI.RAG.Retrieval.LlmJudgeReranker.BuildScoringPrompt(string, string)' with a call to 'string.Replace(string, string?, System.StringComparison)' for clarity of intent. (https://learn.microsoft.com/dotnet/fundamentals/code-analysis/quality-rules/ca1307) [C:\Projects\Hazina\src\Core\AI\Hazina.AI.RAG\Hazina.AI.RAG.csproj::TargetFramework=net10.0]
C:\Projects\Hazina\src\Core\Agents\Hazina.AgentFactory\Abstractions\IClock.cs(1,1): warning SA1633: The file header is missing or not located at the top of the file. (https://github.com/DotNetAnalyzers/StyleCopAnalyzers/blob/master/documentation/SA1633.md) [C:\Projects\Hazina\src\Core\Agents\Hazina.AgentFactory\Hazina.AgentFactory.csproj::TargetFramework=net9.0]
C:\Projects\Hazina\src\Core\Agents\Hazina.AgentFactory\Abstractions\IClock.cs(38,14): warning SA1402: File may only contain a single type (https://github.com/DotNetAnalyzers/StyleCopAnalyzers/blob/master/documentation/SA1402.md) [C:\Projects\Hazina\src\Core\Agents\Hazina.AgentFactory\Hazina.AgentFactory.csproj::TargetFramework=net9.0]
C:\Projects\Hazina\src\Core\Agents\Hazina.AgentFactory\Abstractions\IFileSystem.cs(1,1): warning SA1633: The file header is missing or not located at the top of the file. (https://github.com/DotNetAnalyzers/StyleCopAnalyzers/blob/master/documentation/SA1633.md) [C:\Projects\Hazina\src\Core\Agents\Hazina.AgentFactory\Hazina.AgentFactory.csproj::TargetFramework=net9.0]
C:\Projects\Hazina\src\Core\Agents\Hazina.AgentFactory\Abstractions\IFileSystem.cs(144,14): warning SA1402: File may only contain a single type (https://github.com/DotNetAnalyzers/StyleCopAnalyzers/blob/master/documentation/SA1402.md) [C:\Projects\Hazina\src\Core\Agents\Hazina.AgentFactory\Hazina.AgentFactory.csproj::TargetFramework=net9.0]
C:\Projects\Hazina\src\Core\Agents\Hazina.AgentFactory\Abstractions\IFileSystem.cs(165,14): warning SA1402: File may only contain a single type (https://github.com/DotNetAnalyzers/StyleCopAnalyzers/blob/master/documentation/SA1402.md) [C:\Projects\Hazina\src\Core\Agents\Hazina.AgentFactory\Hazina.AgentFactory.csproj::TargetFramework=net9.0]
C:\Projects\Hazina\src\Core\Agents\Hazina.AgentFactory\Configuration\AgentConfig.cs(1,1): warning SA1633: The file header is missing or not located at the top of the file. (https://github.com/DotNetAnalyzers/StyleCopAnalyzers/blob/master/documentation/SA1633.md) [C:\Projects\Hazina\src\Core\Agents\Hazina.AgentFactory\Hazina.AgentFactory.csproj::TargetFramework=net9.0]
C:\Projects\Hazina\src\Core\Agents\Hazina.AgentFactory\Configuration\AgentConfig.cs(1,1): warning SA1517: Code should not contain blank lines at start of file (https://github.com/DotNetAnalyzers/StyleCopAnalyzers/blob/master/documentation/SA1517.md) [C:\Projects\Hazina\src\Core\Agents\Hazina.AgentFactory\Hazina.AgentFactory.csproj::TargetFramework=net9.0]
C:\Projects\Hazina\src\Core\Agents\Hazina.AgentFactory\Configuration\FlowConfig.cs(1,1): warning SA1633: The file header is missing or not located at the top of the file. (https://github.com/DotNetAnalyzers/StyleCopAnalyzers/blob/master/documentation/SA1633.md) [C:\Projects\Hazina\src\Core\Agents\Hazina.AgentFactory\Hazina.AgentFactory.csproj::TargetFramework=net9.0]
C:\Projects\Hazina\src\Core\Agents\Hazina.AgentFactory\Configuration\Formatters\AgentConfigFormatHelper.cs(1,1): warning SA1633: The file header is missing or not located at the top of the file. (https://github.com/DotNetAnalyzers/StyleCopAnalyzers/blob/master/documentation/SA1633.md) [C:\Projects\Hazina\src\Core\Agents\Hazina.AgentFactory\Hazina.AgentFactory.csproj::TargetFramework=net9.0]
C:\Projects\Hazina\src\Core\Agents\Hazina.AgentFactory\Configuration\Formatters\AgentConfigFormatHelper.cs(23,10): warning SA1513: Closing brace should be followed by blank line (https://github.com/DotNetAnalyzers/StyleCopAnalyzers/blob/master/documentation/SA1513.md) [C:\Projects\Hazina\src\Core\Agents\Hazina.AgentFactory\Hazina.AgentFactory.csproj::TargetFramework=net9.0]
C:\Projects\Hazina\src\Core\Agents\Hazina.AgentFactory\Configuration\Formatters\AgentConfigFormatHelper.cs(24,9): warning SA1515: Single-line comment should be preceded by blank line (https://github.com/DotNetAnalyzers/StyleCopAnalyzers/blob/master/documentation/SA1515.md) [C:\Projects\Hazina\src\Core\Agents\Hazina.AgentFactory\Hazina.AgentFactory.csproj::TargetFramework=net9.0]
C:\Projects\Hazina\src\Core\Agents\Hazina.AgentFactory\Configuration\Formatters\AgentConfigFormatHelper.cs(45,9): warning SA1515: Single-line comment should be preceded by blank line (https://github.com/DotNetAnalyzers/StyleCopAnalyzers/blob/master/documentation/SA1515.md) [C:\Projects\Hazina\src\Core\Agents\Hazina.AgentFactory\Hazina.AgentFactory.csproj::TargetFramework=net9.0]
C:\Projects\Hazina\src\Core\Agents\Hazina.AgentFactory\Configuration\Formatters\AgentConfigFormatHelper.cs(48,9): warning SA1515: Single-line comment should be preceded by blank line (https://github.com/DotNetAnalyzers/StyleCopAnalyzers/blob/master/documentation/SA1515.md) [C:\Projects\Hazina\src\Core\Agents\Hazina.AgentFactory\Hazina.AgentFactory.csproj::TargetFramework=net9.0]
C:\Projects\Hazina\src\Core\Agents\Hazina.AgentFactory\Configuration\Formatters\AgentConfigFormatHelper.cs(13,9): warning SA1000: The keyword 'if' should be followed by a space (https://github.com/DotNetAnalyzers/StyleCopAnalyzers/blob/master/documentation/SA1000.md) [C:\Projects\Hazina\src\Core\Agents\Hazina.AgentFactory\Hazina.AgentFactory.csproj::TargetFramework=net9.0]
C:\Projects\Hazina\src\Core\Agents\Hazina.AgentFactory\Configuration\Formatters\AgentConfigFormatHelper.cs(29,9): warning SA1000: The keyword 'catch' should be followed by a space (https://github.com/DotNetAnalyzers/StyleCopAnalyzers/blob/master/documentation/SA1000.md) [C:\Projects\Hazina\src\Core\Agents\Hazina.AgentFactory\Hazina.AgentFactory.csproj::TargetFramework=net9.0]
C:\Projects\Hazina\src\Core\Agents\Hazina.AgentFactory\Configuration\Formatters\FlowConfigFormatHelper.cs(1,1): warning SA1633: The file header is missing or not located at the top of the file. (https://github.com/DotNetAnalyzers/StyleCopAnalyzers/blob/master/documentation/SA1633.md) [C:\Projects\Hazina\src\Core\Agents\Hazina.AgentFactory\Hazina.AgentFactory.csproj::TargetFramework=net9.0]
C:\Projects\Hazina\src\Core\Agents\Hazina.AgentFactory\Configuration\Formatters\FlowConfigFormatHelper.cs(21,10): warning SA1513: Closing brace should be followed by blank line (https://github.com/DotNetAnalyzers/StyleCopAnalyzers/blob/master/documentation/SA1513.md) [C:\Projects\Hazina\src\Core\Agents\Hazina.AgentFactory\Hazina.AgentFactory.csproj::TargetFramework=net9.0]
C:\Projects\Hazina\src\Core\Agents\Hazina.AgentFactory\Configuration\Formatters\FlowConfigFormatHelper.cs(22,9): warning SA1515: Single-line comment should be preceded by blank line (https://github.com/DotNetAnalyzers/StyleCopAnalyzers/blob/master/documentation/SA1515.md) [C:\Projects\Hazina\src\Core\Agents\Hazina.AgentFactory\Hazina.AgentFactory.csproj::TargetFramework=net9.0]
C:\Projects\Hazina\src\Core\Agents\Hazina.AgentFactory\Configuration\Formatters\FlowConfigFormatHelper.cs(43,9): warning SA1515: Single-line comment should be preceded by blank line (https://github.com/DotNetAnalyzers/StyleCopAnalyzers/blob/master/documentation/SA1515.md) [C:\Projects\Hazina\src\Core\Agents\Hazina.AgentFactory\Hazina.AgentFactory.csproj::TargetFramework=net9.0]
C:\Projects\Hazina\src\Core\Agents\Hazina.AgentFactory\Configuration\Formatters\FlowConfigFormatHelper.cs(46,9): warning SA1515: Single-line comment should be preceded by blank line (https://github.com/DotNetAnalyzers/StyleCopAnalyzers/blob/master/documentation/SA1515.md) [C:\Projects\Hazina\src\Core\Agents\Hazina.AgentFactory\Hazina.AgentFactory.csproj::TargetFramework=net9.0]
C:\Projects\Hazina\src\Core\Agents\Hazina.AgentFactory\Configuration\Formatters\StoreConfigFormatHelper.cs(1,1): warning SA1633: The file header is missing or not located at the top of the file. (https://github.com/DotNetAnalyzers/StyleCopAnalyzers/blob/master/documentation/SA1633.md) [C:\Projects\Hazina\src\Core\Agents\Hazina.AgentFactory\Hazina.AgentFactory.csproj::TargetFramework=net9.0]
C:\Projects\Hazina\src\Core\Agents\Hazina.AgentFactory\Configuration\Formatters\StoreConfigFormatHelper.cs(23,10): warning SA1513: Closing brace should be followed by blank line (https://github.com/DotNetAnalyzers/StyleCopAnalyzers/blob/master/documentation/SA1513.md) [C:\Projects\Hazina\src\Core\Agents\Hazina.AgentFactory\Hazina.AgentFactory.csproj::TargetFramework=net9.0]
C:\Projects\Hazina\src\Core\Agents\Hazina.AgentFactory\Configuration\Formatters\StoreConfigFormatHelper.cs(24,9): warning SA1515: Single-line comment should be preceded by blank line (https://github.com/DotNetAnalyzers/StyleCopAnalyzers/blob/master/documentation/SA1515.md) [C:\Projects\Hazina\src\Core\Agents\Hazina.AgentFactory\Hazina.AgentFactory.csproj::TargetFramework=net9.0]
C:\Projects\Hazina\src\Core\AI\Hazina.AI.RAG\Retrieval\LlmJudgeReranker.cs(106,16): warning CA1307: 'string.Replace(string, string?)' has a method overload that takes a 'StringComparison' parameter. Replace this call in 'Hazina.AI.RAG.Retrieval.LlmJudgeReranker.BuildScoringPrompt(string, string)' with a call to 'string.Replace(string, string?, System.StringComparison)' for clarity of intent. (https://learn.microsoft.com/dotnet/fundamentals/code-analysis/quality-rules/ca1307) [C:\Projects\Hazina\src\Core\AI\Hazina.AI.RAG\Hazina.AI.RAG.csproj::TargetFramework=net10.0]
C:\Projects\Hazina\src\Core\Agents\Hazina.AgentFactory\Configuration\Formatters\StoreConfigFormatHelper.cs(45,9): warning SA1515: Single-line comment should be preceded by blank line (https://github.com/DotNetAnalyzers/StyleCopAnalyzers/blob/master/documentation/SA1515.md) [C:\Projects\Hazina\src\Core\Agents\Hazina.AgentFactory\Hazina.AgentFactory.csproj::TargetFramework=net9.0]
C:\Projects\Hazina\src\Core\Agents\Hazina.AgentFactory\Configuration\Formatters\StoreConfigFormatHelper.cs(48,9): warning SA1515: Single-line comment should be preceded by blank line (https://github.com/DotNetAnalyzers/StyleCopAnalyzers/blob/master/documentation/SA1515.md) [C:\Projects\Hazina\src\Core\Agents\Hazina.AgentFactory\Hazina.AgentFactory.csproj::TargetFramework=net9.0]
C:\Projects\Hazina\src\Core\Agents\Hazina.AgentFactory\Configuration\Formatters\StoreConfigFormatHelper.cs(13,9): warning SA1000: The keyword 'if' should be followed by a space (https://github.com/DotNetAnalyzers/StyleCopAnalyzers/blob/master/documentation/SA1000.md) [C:\Projects\Hazina\src\Core\Agents\Hazina.AgentFactory\Hazina.AgentFactory.csproj::TargetFramework=net9.0]
C:\Projects\Hazina\src\Core\AI\Hazina.AI.RAG\Embeddings\HierarchicalChunker.cs(170,34): warning S6610: "StartsWith" overloads that take a "char" should be used (https://rules.sonarsource.com/csharp/RSPEC-6610) [C:\Projects\Hazina\src\Core\AI\Hazina.AI.RAG\Hazina.AI.RAG.csproj::TargetFramework=net10.0]
C:\Projects\Hazina\src\Core\Agents\Hazina.AgentFactory\Configuration\Formatters\StoreConfigFormatHelper.cs(29,9): warning SA1000: The keyword 'catch' should be followed by a space (https://github.com/DotNetAnalyzers/StyleCopAnalyzers/blob/master/documentation/SA1000.md) [C:\Projects\Hazina\src\Core\Agents\Hazina.AgentFactory\Hazina.AgentFactory.csproj::TargetFramework=net9.0]
C:\Projects\Hazina\src\Core\Agents\Hazina.AgentFactory\Configuration\GoogleConfig.cs(1,1): warning SA1633: The file header is missing or not located at the top of the file. (https://github.com/DotNetAnalyzers/StyleCopAnalyzers/blob/master/documentation/SA1633.md) [C:\Projects\Hazina\src\Core\Agents\Hazina.AgentFactory\Hazina.AgentFactory.csproj::TargetFramework=net9.0]
C:\Projects\Hazina\src\Core\Agents\Hazina.AgentFactory\Configuration\Parsers\HazinaAgentConfigParser.cs(1,1): warning SA1633: The file header is missing or not located at the top of the file. (https://github.com/DotNetAnalyzers/StyleCopAnalyzers/blob/master/documentation/SA1633.md) [C:\Projects\Hazina\src\Core\Agents\Hazina.AgentFactory\Hazina.AgentFactory.csproj::TargetFramework=net9.0]
C:\Projects\Hazina\src\Core\Agents\Hazina.AgentFactory\Configuration\Parsers\HazinaAgentConfigParser.cs(148,1): warning SA1507: Code should not contain multiple blank lines in a row (https://github.com/DotNetAnalyzers/StyleCopAnalyzers/blob/master/documentation/SA1507.md) [C:\Projects\Hazina\src\Core\Agents\Hazina.AgentFactory\Hazina.AgentFactory.csproj::TargetFramework=net9.0]
C:\Projects\Hazina\src\Core\Agents\Hazina.AgentFactory\Configuration\Parsers\HazinaAgentConfigParser.cs(30,10): warning SA1513: Closing brace should be followed by blank line (https://github.com/DotNetAnalyzers/StyleCopAnalyzers/blob/master/documentation/SA1513.md) [C:\Projects\Hazina\src\Core\Agents\Hazina.AgentFactory\Hazina.AgentFactory.csproj::TargetFramework=net9.0]
C:\Projects\Hazina\src\Core\Agents\Hazina.AgentFactory\Configuration\Parsers\HazinaAgentConfigParser.cs(50,18): warning SA1513: Closing brace should be followed by blank line (https://github.com/DotNetAnalyzers/StyleCopAnalyzers/blob/master/documentation/SA1513.md) [C:\Projects\Hazina\src\Core\Agents\Hazina.AgentFactory\Hazina.AgentFactory.csproj::TargetFramework=net9.0]
C:\Projects\Hazina\src\Core\Agents\Hazina.AgentFactory\Configuration\Parsers\HazinaAgentConfigParser.cs(52,14): warning SA1513: Closing brace should be followed by blank line (https://github.com/DotNetAnalyzers/StyleCopAnalyzers/blob/master/documentation/SA1513.md) [C:\Projects\Hazina\src\Core\Agents\Hazina.AgentFactory\Hazina.AgentFactory.csproj::TargetFramework=net9.0]
C:\Projects\Hazina\src\Core\Agents\Hazina.AgentFactory\Configuration\Parsers\HazinaAgentConfigParser.cs(83,10): warning SA1513: Closing brace should be followed by blank line (https://github.com/DotNetAnalyzers/StyleCopAnalyzers/blob/master/documentation/SA1513.md) [C:\Projects\Hazina\src\Core\Agents\Hazina.AgentFactory\Hazina.AgentFactory.csproj::TargetFramework=net9.0]
C:\Projects\Hazina\src\Core\Agents\Hazina.AgentFactory\Configuration\Parsers\HazinaAgentConfigParser.cs(92,6): warning SA1513: Closing brace should be followed by blank line (https://github.com/DotNetAnalyzers/StyleCopAnalyzers/blob/master/documentation/SA1513.md) [C:\Projects\Hazina\src\Core\Agents\Hazina.AgentFactory\Hazina.AgentFactory.csproj::TargetFramework=net9.0]
C:\Projects\Hazina\src\Core\Agents\Hazina.AgentFactory\Configuration\Parsers\HazinaAgentConfigParser.cs(120,6): warning SA1513: Closing brace should be followed by blank line (https://github.com/DotNetAnalyzers/StyleCopAnalyzers/blob/master/documentation/SA1513.md) [C:\Projects\Hazina\src\Core\Agents\Hazina.AgentFactory\Hazina.AgentFactory.csproj::TargetFramework=net9.0]
C:\Projects\Hazina\src\Core\Agents\Hazina.AgentFactory\Configuration\Parsers\HazinaAgentConfigParser.cs(133,6): warning SA1513: Closing brace should be followed by blank line (https://github.com/DotNetAnalyzers/StyleCopAnalyzers/blob/master/documentation/SA1513.md) [C:\Projects\Hazina\src\Core\Agents\Hazina.AgentFactory\Hazina.AgentFactory.csproj::TargetFramework=net9.0]
C:\Projects\Hazina\src\Core\Agents\Hazina.AgentFactory\Configuration\Parsers\HazinaAgentConfigParser.cs(167,10): warning SA1513: Closing brace should be followed by blank line (https://github.com/DotNetAnalyzers/StyleCopAnalyzers/blob/master/documentation/SA1513.md) [C:\Projects\Hazina\src\Core\Agents\Hazina.AgentFactory\Hazina.AgentFactory.csproj::TargetFramework=net9.0]
C:\Projects\Hazina\src\Core\Agents\Hazina.AgentFactory\Configuration\Parsers\HazinaAgentConfigParser.cs(187,18): warning SA1513: Closing brace should be followed by blank line (https://github.com/DotNetAnalyzers/StyleCopAnalyzers/blob/master/documentation/SA1513.md) [C:\Projects\Hazina\src\Core\Agents\Hazina.AgentFactory\Hazina.AgentFactory.csproj::TargetFramework=net9.0]
C:\Projects\Hazina\src\Core\Agents\Hazina.AgentFactory\Configuration\Parsers\HazinaAgentConfigParser.cs(189,14): warning SA1513: Closing brace should be followed by blank line (https://github.com/DotNetAnalyzers/StyleCopAnalyzers/blob/master/documentation/SA1513.md) [C:\Projects\Hazina\src\Core\Agents\Hazina.AgentFactory\Hazina.AgentFactory.csproj::TargetFramework=net9.0]
C:\Projects\Hazina\src\Core\Agents\Hazina.AgentFactory\Configuration\Parsers\HazinaAgentConfigParser.cs(203,10): warning SA1513: Closing brace should be followed by blank line (https://github.com/DotNetAnalyzers/StyleCopAnalyzers/blob/master/documentation/SA1513.md) [C:\Projects\Hazina\src\Core\Agents\Hazina.AgentFactory\Hazina.AgentFactory.csproj::TargetFramework=net9.0]
C:\Projects\Hazina\src\Core\Agents\Hazina.AgentFactory\Configuration\Parsers\HazinaAgentConfigParser.cs(212,6): warning SA1513: Closing brace should be followed by blank line (https://github.com/DotNetAnalyzers/StyleCopAnalyzers/blob/master/documentation/SA1513.md) [C:\Projects\Hazina\src\Core\Agents\Hazina.AgentFactory\Hazina.AgentFactory.csproj::TargetFramework=net9.0]
C:\Projects\Hazina\src\Core\Agents\Hazina.AgentFactory\Configuration\Parsers\HazinaAgentConfigParser.cs(240,6): warning SA1513: Closing brace should be followed by blank line (https://github.com/DotNetAnalyzers/StyleCopAnalyzers/blob/master/documentation/SA1513.md) [C:\Projects\Hazina\src\Core\Agents\Hazina.AgentFactory\Hazina.AgentFactory.csproj::TargetFramework=net9.0]
C:\Projects\Hazina\src\Core\Agents\Hazina.AgentFactory\Configuration\Parsers\HazinaAgentConfigParser.cs(253,6): warning SA1513: Closing brace should be followed by blank line (https://github.com/DotNetAnalyzers/StyleCopAnalyzers/blob/master/documentation/SA1513.md) [C:\Projects\Hazina\src\Core\Agents\Hazina.AgentFactory\Hazina.AgentFactory.csproj::TargetFramework=net9.0]
C:\Projects\Hazina\src\Core\Agents\Hazina.AgentFactory\Configuration\Parsers\HazinaAgentConfigParser.cs(97,5): warning SA1515: Single-line comment should be preceded by blank line (https://github.com/DotNetAnalyzers/StyleCopAnalyzers/blob/master/documentation/SA1515.md) [C:\Projects\Hazina\src\Core\Agents\Hazina.AgentFactory\Hazina.AgentFactory.csproj::TargetFramework=net9.0]
C:\Projects\Hazina\src\Core\AI\Hazina.AI.RAG\Embeddings\HierarchicalChunker.cs(153,57): warning SA1629: Documentation text should end with a period (https://github.com/DotNetAnalyzers/StyleCopAnalyzers/blob/master/documentation/SA1629.md) [C:\Projects\Hazina\src\Core\AI\Hazina.AI.RAG\Hazina.AI.RAG.csproj::TargetFramework=net10.0]
C:\Projects\Hazina\src\Core\Agents\Hazina.AgentFactory\Configuration\Parsers\HazinaAgentConfigParser.cs(121,5): warning SA1515: Single-line comment should be preceded by blank line (https://github.com/DotNetAnalyzers/StyleCopAnalyzers/blob/master/documentation/SA1515.md) [C:\Projects\Hazina\src\Core\Agents\Hazina.AgentFactory\Hazina.AgentFactory.csproj::TargetFramework=net9.0]
C:\Projects\Hazina\src\Core\Agents\Hazina.AgentFactory\Configuration\Parsers\HazinaAgentConfigParser.cs(134,5): warning SA1515: Single-line comment should be preceded by blank line (https://github.com/DotNetAnalyzers/StyleCopAnalyzers/blob/master/documentation/SA1515.md) [C:\Projects\Hazina\src\Core\Agents\Hazina.AgentFactory\Hazina.AgentFactory.csproj::TargetFramework=net9.0]
C:\Projects\Hazina\src\Core\Agents\Hazina.AgentFactory\Configuration\Parsers\HazinaAgentConfigParser.cs(217,5): warning SA1515: Single-line comment should be preceded by blank line (https://github.com/DotNetAnalyzers/StyleCopAnalyzers/blob/master/documentation/SA1515.md) [C:\Projects\Hazina\src\Core\Agents\Hazina.AgentFactory\Hazina.AgentFactory.csproj::TargetFramework=net9.0]
C:\Projects\Hazina\src\Core\Agents\Hazina.AgentFactory\Configuration\Parsers\HazinaAgentConfigParser.cs(241,5): warning SA1515: Single-line comment should be preceded by blank line (https://github.com/DotNetAnalyzers/StyleCopAnalyzers/blob/master/documentation/SA1515.md) [C:\Projects\Hazina\src\Core\Agents\Hazina.AgentFactory\Hazina.AgentFactory.csproj::TargetFramework=net9.0]
C:\Projects\Hazina\src\Core\Agents\Hazina.AgentFactory\Configuration\Parsers\HazinaAgentConfigParser.cs(254,5): warning SA1515: Single-line comment should be preceded by blank line (https://github.com/DotNetAnalyzers/StyleCopAnalyzers/blob/master/documentation/SA1515.md) [C:\Projects\Hazina\src\Core\Agents\Hazina.AgentFactory\Hazina.AgentFactory.csproj::TargetFramework=net9.0]
C:\Projects\Hazina\src\Core\AI\Hazina.AI.RAG\Embeddings\HierarchicalChunker.cs(170,44): warning CA1866: Use 'string.StartsWith(char)' instead of 'string.StartsWith(string)' when you have a string with a single char (https://learn.microsoft.com/dotnet/fundamentals/code-analysis/quality-rules/ca1866) [C:\Projects\Hazina\src\Core\AI\Hazina.AI.RAG\Hazina.AI.RAG.csproj::TargetFramework=net10.0]
C:\Projects\Hazina\src\Core\Agents\Hazina.AgentFactory\Configuration\Parsers\HazinaAgentConfigParser.cs(153,21): warning SA1402: File may only contain a single type (https://github.com/DotNetAnalyzers/StyleCopAnalyzers/blob/master/documentation/SA1402.md) [C:\Projects\Hazina\src\Core\Agents\Hazina.AgentFactory\Hazina.AgentFactory.csproj::TargetFramework=net9.0]
C:\Projects\Hazina\src\Core\Agents\Hazina.AgentFactory\Configuration\AgentConfig.cs(2,14): warning CA1050: Declare types in namespaces (https://learn.microsoft.com/dotnet/fundamentals/code-analysis/quality-rules/ca1050) [C:\Projects\Hazina\src\Core\Agents\Hazina.AgentFactory\Hazina.AgentFactory.csproj::TargetFramework=net9.0]
C:\Projects\Hazina\src\Core\Agents\Hazina.AgentFactory\Configuration\AgentConfig.cs(2,14): warning MA0047: Declare type 'AgentConfig' in a namespace (https://github.com/meziantou/Meziantou.Analyzer/blob/main/docs/Rules/MA0047.md) [C:\Projects\Hazina\src\Core\Agents\Hazina.AgentFactory\Hazina.AgentFactory.csproj::TargetFramework=net9.0]
C:\Projects\Hazina\src\Core\Agents\Hazina.AgentFactory\Configuration\AgentConfig.cs(9,25): warning CA2227: Change 'CallsAgents' to be read-only by removing the property setter (https://learn.microsoft.com/dotnet/fundamentals/code-analysis/quality-rules/ca2227) [C:\Projects\Hazina\src\Core\Agents\Hazina.AgentFactory\Hazina.AgentFactory.csproj::TargetFramework=net9.0]
C:\Projects\Hazina\src\Core\Agents\Hazina.AgentFactory\Configuration\AgentConfig.cs(8,25): warning CA2227: Change 'Functions' to be read-only by removing the property setter (https://learn.microsoft.com/dotnet/fundamentals/code-analysis/quality-rules/ca2227) [C:\Projects\Hazina\src\Core\Agents\Hazina.AgentFactory\Hazina.AgentFactory.csproj::TargetFramework=net9.0]
C:\Projects\Hazina\src\Core\Agents\Hazina.AgentFactory\Configuration\AgentConfig.cs(8,25): warning CA1002: Change 'List<string>' in 'AgentConfig.Functions' to use 'Collection<T>', 'ReadOnlyCollection<T>' or 'KeyedCollection<K,V>' (https://learn.microsoft.com/dotnet/fundamentals/code-analysis/quality-rules/ca1002) [C:\Projects\Hazina\src\Core\Agents\Hazina.AgentFactory\Hazina.AgentFactory.csproj::TargetFramework=net9.0]
C:\Projects\Hazina\src\Core\Agents\Hazina.AgentFactory\Configuration\AgentConfig.cs(9,25): warning CA1002: Change 'List<string>' in 'AgentConfig.CallsAgents' to use 'Collection<T>', 'ReadOnlyCollection<T>' or 'KeyedCollection<K,V>' (https://learn.microsoft.com/dotnet/fundamentals/code-analysis/quality-rules/ca1002) [C:\Projects\Hazina\src\Core\Agents\Hazina.AgentFactory\Hazina.AgentFactory.csproj::TargetFramework=net9.0]
C:\Projects\Hazina\src\Core\Agents\Hazina.AgentFactory\Configuration\AgentConfig.cs(8,12): warning MA0016: Prefer using collection abstraction instead of implementation (https://github.com/meziantou/Meziantou.Analyzer/blob/main/docs/Rules/MA0016.md) [C:\Projects\Hazina\src\Core\Agents\Hazina.AgentFactory\Hazina.AgentFactory.csproj::TargetFramework=net9.0]
C:\Projects\Hazina\src\Core\Agents\Hazina.AgentFactory\Configuration\AgentConfig.cs(9,12): warning MA0016: Prefer using collection abstraction instead of implementation (https://github.com/meziantou/Meziantou.Analyzer/blob/main/docs/Rules/MA0016.md) [C:\Projects\Hazina\src\Core\Agents\Hazina.AgentFactory\Hazina.AgentFactory.csproj::TargetFramework=net9.0]
C:\Projects\Hazina\src\Core\Agents\Hazina.AgentFactory\Abstractions\IClock.cs(28,14): warning MA0048: File name must match type name (https://github.com/meziantou/Meziantou.Analyzer/blob/main/docs/Rules/MA0048.md) [C:\Projects\Hazina\src\Core\Agents\Hazina.AgentFactory\Hazina.AgentFactory.csproj::TargetFramework=net9.0]
C:\Projects\Hazina\src\Core\Agents\Hazina.AgentFactory\Configuration\AgentConfig.cs(10,25): warning CA2227: Change 'CallsFlows' to be read-only by removing the property setter (https://learn.microsoft.com/dotnet/fundamentals/code-analysis/quality-rules/ca2227) [C:\Projects\Hazina\src\Core\Agents\Hazina.AgentFactory\Hazina.AgentFactory.csproj::TargetFramework=net9.0]
C:\Projects\Hazina\src\Core\Agents\Hazina.AgentFactory\Configuration\AgentConfig.cs(10,25): warning CA1002: Change 'List<string>' in 'AgentConfig.CallsFlows' to use 'Collection<T>', 'ReadOnlyCollection<T>' or 'KeyedCollection<K,V>' (https://learn.microsoft.com/dotnet/fundamentals/code-analysis/quality-rules/ca1002) [C:\Projects\Hazina\src\Core\Agents\Hazina.AgentFactory\Hazina.AgentFactory.csproj::TargetFramework=net9.0]
C:\Projects\Hazina\src\Core\Agents\Hazina.AgentFactory\Configuration\AgentConfig.cs(10,12): warning MA0016: Prefer using collection abstraction instead of implementation (https://github.com/meziantou/Meziantou.Analyzer/blob/main/docs/Rules/MA0016.md) [C:\Projects\Hazina\src\Core\Agents\Hazina.AgentFactory\Hazina.AgentFactory.csproj::TargetFramework=net9.0]
C:\Projects\Hazina\src\Core\Agents\Hazina.AgentFactory\Configuration\AgentConfig.cs(2,14): warning S3903: Move 'AgentConfig' into a named namespace. (https://rules.sonarsource.com/csharp/RSPEC-3903) [C:\Projects\Hazina\src\Core\Agents\Hazina.AgentFactory\Hazina.AgentFactory.csproj::TargetFramework=net9.0]
C:\Projects\Hazina\src\Core\Agents\Hazina.AgentFactory\Configuration\AgentConfig.cs(11,46): warning CA1805: Member 'ExplicitModify' is explicitly initialized to its default value (https://learn.microsoft.com/dotnet/fundamentals/code-analysis/quality-rules/ca1805) [C:\Projects\Hazina\src\Core\Agents\Hazina.AgentFactory\Hazina.AgentFactory.csproj::TargetFramework=net9.0]
C:\Projects\Hazina\src\Core\Agents\Hazina.AgentFactory\Abstractions\IClock.cs(31,1): warning SA1516: Elements should be separated by blank line (https://github.com/DotNetAnalyzers/StyleCopAnalyzers/blob/master/documentation/SA1516.md) [C:\Projects\Hazina\src\Core\Agents\Hazina.AgentFactory\Hazina.AgentFactory.csproj::TargetFramework=net9.0]
C:\Projects\Hazina\src\Core\Agents\Hazina.AgentFactory\Abstractions\IClock.cs(32,1): warning SA1516: Elements should be separated by blank line (https://github.com/DotNetAnalyzers/StyleCopAnalyzers/blob/master/documentation/SA1516.md) [C:\Projects\Hazina\src\Core\Agents\Hazina.AgentFactory\Hazina.AgentFactory.csproj::TargetFramework=net9.0]
C:\Projects\Hazina\src\Core\Agents\Hazina.AgentFactory\Configuration\AgentConfig.cs(5,1): warning SA1516: Elements should be separated by blank line (https://github.com/DotNetAnalyzers/StyleCopAnalyzers/blob/master/documentation/SA1516.md) [C:\Projects\Hazina\src\Core\Agents\Hazina.AgentFactory\Hazina.AgentFactory.csproj::TargetFramework=net9.0]
C:\Projects\Hazina\src\Core\AI\Hazina.AI.RAG\Embeddings\HierarchicalChunker.cs(170,17): warning CA1310: The behavior of 'string.StartsWith(string)' could vary based on the current user's locale settings. Replace this call in 'Hazina.AI.RAG.Embeddings.HierarchicalChunker.SplitMarkdownSections(string)' with a call to 'string.StartsWith(string, System.StringComparison)'. (https://learn.microsoft.com/dotnet/fundamentals/code-analysis/quality-rules/ca1310) [C:\Projects\Hazina\src\Core\AI\Hazina.AI.RAG\Hazina.AI.RAG.csproj::TargetFramework=net10.0]
C:\Projects\Hazina\src\Core\Agents\Hazina.AgentFactory\Configuration\AgentConfig.cs(6,1): warning SA1516: Elements should be separated by blank line (https://github.com/DotNetAnalyzers/StyleCopAnalyzers/blob/master/documentation/SA1516.md) [C:\Projects\Hazina\src\Core\Agents\Hazina.AgentFactory\Hazina.AgentFactory.csproj::TargetFramework=net9.0]
C:\Projects\Hazina\src\Core\Agents\Hazina.AgentFactory\Configuration\AgentConfig.cs(7,1): warning SA1516: Elements should be separated by blank line (https://github.com/DotNetAnalyzers/StyleCopAnalyzers/blob/master/documentation/SA1516.md) [C:\Projects\Hazina\src\Core\Agents\Hazina.AgentFactory\Hazina.AgentFactory.csproj::TargetFramework=net9.0]
C:\Projects\Hazina\src\Core\Agents\Hazina.AgentFactory\Configuration\AgentConfig.cs(8,1): warning SA1516: Elements should be separated by blank line (https://github.com/DotNetAnalyzers/StyleCopAnalyzers/blob/master/documentation/SA1516.md) [C:\Projects\Hazina\src\Core\Agents\Hazina.AgentFactory\Hazina.AgentFactory.csproj::TargetFramework=net9.0]
C:\Projects\Hazina\src\Core\Agents\Hazina.AgentFactory\Configuration\AgentConfig.cs(9,1): warning SA1516: Elements should be separated by blank line (https://github.com/DotNetAnalyzers/StyleCopAnalyzers/blob/master/documentation/SA1516.md) [C:\Projects\Hazina\src\Core\Agents\Hazina.AgentFactory\Hazina.AgentFactory.csproj::TargetFramework=net9.0]
C:\Projects\Hazina\src\Core\Agents\Hazina.AgentFactory\Configuration\AgentConfig.cs(10,1): warning SA1516: Elements should be separated by blank line (https://github.com/DotNetAnalyzers/StyleCopAnalyzers/blob/master/documentation/SA1516.md) [C:\Projects\Hazina\src\Core\Agents\Hazina.AgentFactory\Hazina.AgentFactory.csproj::TargetFramework=net9.0]
C:\Projects\Hazina\src\Core\Agents\Hazina.AgentFactory\Configuration\AgentConfig.cs(11,1): warning SA1516: Elements should be separated by blank line (https://github.com/DotNetAnalyzers/StyleCopAnalyzers/blob/master/documentation/SA1516.md) [C:\Projects\Hazina\src\Core\Agents\Hazina.AgentFactory\Hazina.AgentFactory.csproj::TargetFramework=net9.0]
C:\Projects\Hazina\src\Core\Agents\Hazina.AgentFactory\Abstractions\IClock.cs(38,14): warning MA0048: File name must match type name (https://github.com/meziantou/Meziantou.Analyzer/blob/main/docs/Rules/MA0048.md) [C:\Projects\Hazina\src\Core\Agents\Hazina.AgentFactory\Hazina.AgentFactory.csproj::TargetFramework=net9.0]
C:\Projects\Hazina\src\Core\Agents\Hazina.AgentFactory\Configuration\AgentConfig.cs(7,27): warning CA2227: Change 'Stores' to be read-only by removing the property setter (https://learn.microsoft.com/dotnet/fundamentals/code-analysis/quality-rules/ca2227) [C:\Projects\Hazina\src\Core\Agents\Hazina.AgentFactory\Hazina.AgentFactory.csproj::TargetFramework=net9.0]
C:\Projects\Hazina\src\Core\Agents\Hazina.AgentFactory\Configuration\AgentConfig.cs(7,27): warning CA1002: Change 'List<StoreRef>' in 'AgentConfig.Stores' to use 'Collection<T>', 'ReadOnlyCollection<T>' or 'KeyedCollection<K,V>' (https://learn.microsoft.com/dotnet/fundamentals/code-analysis/quality-rules/ca1002) [C:\Projects\Hazina\src\Core\Agents\Hazina.AgentFactory\Hazina.AgentFactory.csproj::TargetFramework=net9.0]
C:\Projects\Hazina\src\Core\Agents\Hazina.AgentFactory\Configuration\AgentConfig.cs(7,12): warning MA0016: Prefer using collection abstraction instead of implementation (https://github.com/meziantou/Meziantou.Analyzer/blob/main/docs/Rules/MA0016.md) [C:\Projects\Hazina\src\Core\Agents\Hazina.AgentFactory\Hazina.AgentFactory.csproj::TargetFramework=net9.0]
C:\Projects\Hazina\src\Core\Agents\Hazina.AgentFactory\Abstractions\IFileSystem.cs(83,18): warning MA0048: File name must match type name (https://github.com/meziantou/Meziantou.Analyzer/blob/main/docs/Rules/MA0048.md) [C:\Projects\Hazina\src\Core\Agents\Hazina.AgentFactory\Hazina.AgentFactory.csproj::TargetFramework=net9.0]
C:\Projects\Hazina\src\Core\Agents\Hazina.AgentFactory\Configuration\Parsers\HazinaStoreConfigParser.cs(1,1): warning SA1633: The file header is missing or not located at the top of the file. (https://github.com/DotNetAnalyzers/StyleCopAnalyzers/blob/master/documentation/SA1633.md) [C:\Projects\Hazina\src\Core\Agents\Hazina.AgentFactory\Hazina.AgentFactory.csproj::TargetFramework=net9.0]
C:\Projects\Hazina\src\Core\Agents\Hazina.AgentFactory\Abstractions\IFileSystem.cs(86,1): warning SA1516: Elements should be separated by blank line (https://github.com/DotNetAnalyzers/StyleCopAnalyzers/blob/master/documentation/SA1516.md) [C:\Projects\Hazina\src\Core\Agents\Hazina.AgentFactory\Hazina.AgentFactory.csproj::TargetFramework=net9.0]
C:\Projects\Hazina\src\Core\Agents\Hazina.AgentFactory\Abstractions\IFileSystem.cs(87,1): warning SA1516: Elements should be separated by blank line (https://github.com/DotNetAnalyzers/StyleCopAnalyzers/blob/master/documentation/SA1516.md) [C:\Projects\Hazina\src\Core\Agents\Hazina.AgentFactory\Hazina.AgentFactory.csproj::TargetFramework=net9.0]
C:\Projects\Hazina\src\Core\Agents\Hazina.AgentFactory\Abstractions\IFileSystem.cs(88,1): warning SA1516: Elements should be separated by blank line (https://github.com/DotNetAnalyzers/StyleCopAnalyzers/blob/master/documentation/SA1516.md) [C:\Projects\Hazina\src\Core\Agents\Hazina.AgentFactory\Hazina.AgentFactory.csproj::TargetFramework=net9.0]
C:\Projects\Hazina\src\Core\Agents\Hazina.AgentFactory\Abstractions\IFileSystem.cs(89,1): warning SA1516: Elements should be separated by blank line (https://github.com/DotNetAnalyzers/StyleCopAnalyzers/blob/master/documentation/SA1516.md) [C:\Projects\Hazina\src\Core\Agents\Hazina.AgentFactory\Hazina.AgentFactory.csproj::TargetFramework=net9.0]
C:\Projects\Hazina\src\Core\Agents\Hazina.AgentFactory\Abstractions\IFileSystem.cs(90,1): warning SA1516: Elements should be separated by blank line (https://github.com/DotNetAnalyzers/StyleCopAnalyzers/blob/master/documentation/SA1516.md) [C:\Projects\Hazina\src\Core\Agents\Hazina.AgentFactory\Hazina.AgentFactory.csproj::TargetFramework=net9.0]
C:\Projects\Hazina\src\Core\Agents\Hazina.AgentFactory\Abstractions\IFileSystem.cs(91,1): warning SA1516: Elements should be separated by blank line (https://github.com/DotNetAnalyzers/StyleCopAnalyzers/blob/master/documentation/SA1516.md) [C:\Projects\Hazina\src\Core\Agents\Hazina.AgentFactory\Hazina.AgentFactory.csproj::TargetFramework=net9.0]
C:\Projects\Hazina\src\Core\Agents\Hazina.AgentFactory\Configuration\Parsers\HazinaStoreConfigParser.cs(22,10): warning SA1513: Closing brace should be followed by blank line (https://github.com/DotNetAnalyzers/StyleCopAnalyzers/blob/master/documentation/SA1513.md) [C:\Projects\Hazina\src\Core\Agents\Hazina.AgentFactory\Hazina.AgentFactory.csproj::TargetFramework=net9.0]
C:\Projects\Hazina\src\Core\Agents\Hazina.AgentFactory\Configuration\Parsers\HazinaStoreConfigParser.cs(41,18): warning SA1513: Closing brace should be followed by blank line (https://github.com/DotNetAnalyzers/StyleCopAnalyzers/blob/master/documentation/SA1513.md) [C:\Projects\Hazina\src\Core\Agents\Hazina.AgentFactory\Hazina.AgentFactory.csproj::TargetFramework=net9.0]
C:\Projects\Hazina\src\Core\Agents\Hazina.AgentFactory\Configuration\Parsers\HazinaStoreConfigParser.cs(43,14): warning SA1513: Closing brace should be followed by blank line (https://github.com/DotNetAnalyzers/StyleCopAnalyzers/blob/master/documentation/SA1513.md) [C:\Projects\Hazina\src\Core\Agents\Hazina.AgentFactory\Hazina.AgentFactory.csproj::TargetFramework=net9.0]
C:\Projects\Hazina\src\Core\Agents\Hazina.AgentFactory\Configuration\Parsers\HazinaStoreConfigParser.cs(64,10): warning SA1513: Closing brace should be followed by blank line (https://github.com/DotNetAnalyzers/StyleCopAnalyzers/blob/master/documentation/SA1513.md) [C:\Projects\Hazina\src\Core\Agents\Hazina.AgentFactory\Hazina.AgentFactory.csproj::TargetFramework=net9.0]
C:\Projects\Hazina\src\Core\Agents\Hazina.AgentFactory\Configuration\Parsers\HazinaStoreConfigParser.cs(68,2): warning SA1518: File is required to end with a single newline character (https://github.com/DotNetAnalyzers/StyleCopAnalyzers/blob/master/documentation/SA1518.md) [C:\Projects\Hazina\src\Core\Agents\Hazina.AgentFactory\Hazina.AgentFactory.csproj::TargetFramework=net9.0]
C:\Projects\Hazina\src\Core\Agents\Hazina.AgentFactory\Abstractions\IClock.cs(48,1): warning SA1516: Elements should be separated by blank line (https://github.com/DotNetAnalyzers/StyleCopAnalyzers/blob/master/documentation/SA1516.md) [C:\Projects\Hazina\src\Core\Agents\Hazina.AgentFactory\Hazina.AgentFactory.csproj::TargetFramework=net9.0]
C:\Projects\Hazina\src\Core\Agents\Hazina.AgentFactory\Abstractions\IClock.cs(49,1): warning SA1516: Elements should be separated by blank line (https://github.com/DotNetAnalyzers/StyleCopAnalyzers/blob/master/documentation/SA1516.md) [C:\Projects\Hazina\src\Core\Agents\Hazina.AgentFactory\Hazina.AgentFactory.csproj::TargetFramework=net9.0]
C:\Projects\Hazina\src\Core\Agents\Hazina.AgentFactory\Configuration\Formatters\AgentConfigFormatHelper.cs(5,21): warning CA1050: Declare types in namespaces (https://learn.microsoft.com/dotnet/fundamentals/code-analysis/quality-rules/ca1050) [C:\Projects\Hazina\src\Core\Agents\Hazina.AgentFactory\Hazina.AgentFactory.csproj::TargetFramework=net9.0]
C:\Projects\Hazina\src\Core\Agents\Hazina.AgentFactory\Configuration\Formatters\AgentConfigFormatHelper.cs(5,21): warning MA0047: Declare type 'AgentConfigFormatHelper' in a namespace (https://github.com/meziantou/Meziantou.Analyzer/blob/main/docs/Rules/MA0047.md) [C:\Projects\Hazina\src\Core\Agents\Hazina.AgentFactory\Hazina.AgentFactory.csproj::TargetFramework=net9.0]
C:\Projects\Hazina\src\Core\Agents\Hazina.AgentFactory\Configuration\Parsers\HazinaStoreConfigParserV2.cs(1,1): warning SA1633: The file header is missing or not located at the top of the file. (https://github.com/DotNetAnalyzers/StyleCopAnalyzers/blob/master/documentation/SA1633.md) [C:\Projects\Hazina\src\Core\Agents\Hazina.AgentFactory\Hazina.AgentFactory.csproj::TargetFramework=net9.0]
C:\Projects\Hazina\src\Core\Agents\Hazina.AgentFactory\Core\AgentManager.cs(3,1): warning SA1210: Using directives should be ordered alphabetically by the namespaces (https://github.com/DotNetAnalyzers/StyleCopAnalyzers/blob/master/documentation/SA1210.md) [C:\Projects\Hazina\src\Core\Agents\Hazina.AgentFactory\Hazina.AgentFactory.csproj::TargetFramework=net9.0]
C:\Projects\Hazina\src\Core\Agents\Hazina.AgentFactory\Configuration\Parsers\HazinaStoreConfigParserV2.cs(45,22): warning SA1513: Closing brace should be followed by blank line (https://github.com/DotNetAnalyzers/StyleCopAnalyzers/blob/master/documentation/SA1513.md) [C:\Projects\Hazina\src\Core\Agents\Hazina.AgentFactory\Hazina.AgentFactory.csproj::TargetFramework=net9.0]
C:\Projects\Hazina\src\Core\Agents\Hazina.AgentFactory\Abstractions\IFileSystem.cs(97,18): warning MA0048: File name must match type name (https://github.com/meziantou/Meziantou.Analyzer/blob/main/docs/Rules/MA0048.md) [C:\Projects\Hazina\src\Core\Agents\Hazina.AgentFactory\Hazina.AgentFactory.csproj::TargetFramework=net9.0]
C:\Projects\Hazina\src\Core\Agents\Hazina.AgentFactory\Configuration\Formatters\AgentConfigFormatHelper.cs(5,21): warning S3903: Move 'AgentConfigFormatHelper' into a named namespace. (https://rules.sonarsource.com/csharp/RSPEC-3903) [C:\Projects\Hazina\src\Core\Agents\Hazina.AgentFactory\Hazina.AgentFactory.csproj::TargetFramework=net9.0]
C:\Projects\Hazina\src\Core\Agents\Hazina.AgentFactory\Abstractions\IFileSystem.cs(100,1): warning SA1516: Elements should be separated by blank line (https://github.com/DotNetAnalyzers/StyleCopAnalyzers/blob/master/documentation/SA1516.md) [C:\Projects\Hazina\src\Core\Agents\Hazina.AgentFactory\Hazina.AgentFactory.csproj::TargetFramework=net9.0]
C:\Projects\Hazina\src\Core\AI\Hazina.AI.RAG\Retrieval\Reranker.cs(173,13): warning CA1062: In externally visible method 'List<RetrievedDocument> Reranker.DiversifyResults(List<RetrievedDocument> documents, int maxResults, double diversityThreshold = 0.8)', validate parameter 'documents' is non-null before using it. If appropriate, throw an 'ArgumentNullException' when the argument is 'null'. (https://learn.microsoft.com/dotnet/fundamentals/code-analysis/quality-rules/ca1062) [C:\Projects\Hazina\src\Core\AI\Hazina.AI.RAG\Hazina.AI.RAG.csproj::TargetFramework=net10.0]
C:\Projects\Hazina\src\Core\Agents\Hazina.AgentFactory\Abstractions\IFileSystem.cs(101,1): warning SA1516: Elements should be separated by blank line (https://github.com/DotNetAnalyzers/StyleCopAnalyzers/blob/master/documentation/SA1516.md) [C:\Projects\Hazina\src\Core\Agents\Hazina.AgentFactory\Hazina.AgentFactory.csproj::TargetFramework=net9.0]
C:\Projects\Hazina\src\Core\Agents\Hazina.AgentFactory\Abstractions\IFileSystem.cs(102,1): warning SA1516: Elements should be separated by blank line (https://github.com/DotNetAnalyzers/StyleCopAnalyzers/blob/master/documentation/SA1516.md) [C:\Projects\Hazina\src\Core\Agents\Hazina.AgentFactory\Hazina.AgentFactory.csproj::TargetFramework=net9.0]
C:\Projects\Hazina\src\Core\Agents\Hazina.AgentFactory\Abstractions\IFileSystem.cs(103,1): warning SA1516: Elements should be separated by blank line (https://github.com/DotNetAnalyzers/StyleCopAnalyzers/blob/master/documentation/SA1516.md) [C:\Projects\Hazina\src\Core\Agents\Hazina.AgentFactory\Hazina.AgentFactory.csproj::TargetFramework=net9.0]
C:\Projects\Hazina\src\Core\AI\Hazina.AI.RAG\Embeddings\HierarchicalChunker.cs(170,17): warning MA0074: Use an overload of 'StartsWith' that has a StringComparison parameter (https://github.com/meziantou/Meziantou.Analyzer/blob/main/docs/Rules/MA0074.md) [C:\Projects\Hazina\src\Core\AI\Hazina.AI.RAG\Hazina.AI.RAG.csproj::TargetFramework=net10.0]
C:\Projects\Hazina\src\Core\Agents\Hazina.AgentFactory\Configuration\Formatters\StoreConfigFormatHelper.cs(5,21): warning CA1050: Declare types in namespaces (https://learn.microsoft.com/dotnet/fundamentals/code-analysis/quality-rules/ca1050) [C:\Projects\Hazina\src\Core\Agents\Hazina.AgentFactory\Hazina.AgentFactory.csproj::TargetFramework=net9.0]
C:\Projects\Hazina\src\Core\AI\Hazina.AI.RAG\Embeddings\LLMMetadataExtractor.cs(159,63): warning SA1629: Documentation text should end with a period (https://github.com/DotNetAnalyzers/StyleCopAnalyzers/blob/master/documentation/SA1629.md) [C:\Projects\Hazina\src\Core\AI\Hazina.AI.RAG\Hazina.AI.RAG.csproj::TargetFramework=net10.0]
C:\Projects\Hazina\src\Core\AI\Hazina.AI.RAG\Embeddings\LLMMetadataExtractor.cs(169,28): warning MA0004: Use Task.ConfigureAwait(false) if the current SynchronizationContext is not needed (https://github.com/meziantou/Meziantou.Analyzer/blob/main/docs/Rules/MA0004.md) [C:\Projects\Hazina\src\Core\AI\Hazina.AI.RAG\Hazina.AI.RAG.csproj::TargetFramework=net10.0]
C:\Projects\Hazina\src\Core\Agents\Hazina.AgentFactory\Configuration\FlowConfig.cs(5,25): warning CA2227: Change 'CallsAgents' to be read-only by removing the property setter (https://learn.microsoft.com/dotnet/fundamentals/code-analysis/quality-rules/ca2227) [C:\Projects\Hazina\src\Core\Agents\Hazina.AgentFactory\Hazina.AgentFactory.csproj::TargetFramework=net9.0]
C:\Projects\Hazina\src\Core\Agents\Hazina.AgentFactory\Configuration\FlowConfig.cs(5,25): warning CA1002: Change 'List<string>' in 'FlowConfig.CallsAgents' to use 'Collection<T>', 'ReadOnlyCollection<T>' or 'KeyedCollection<K,V>' (https://learn.microsoft.com/dotnet/fundamentals/code-analysis/quality-rules/ca1002) [C:\Projects\Hazina\src\Core\Agents\Hazina.AgentFactory\Hazina.AgentFactory.csproj::TargetFramework=net9.0]
C:\Projects\Hazina\src\Core\AI\Hazina.AI.RAG\Graph\Explainability\RetrievalTrace.cs(85,29): warning CA1002: Change 'List<RetrievalStep>' in 'ExplainabilityService.CreateTrace(string, HybridRetrievalResult, List<RetrievalStep>)' to use 'Collection<T>', 'ReadOnlyCollection<T>' or 'KeyedCollection<K,V>' (https://learn.microsoft.com/dotnet/fundamentals/code-analysis/quality-rules/ca1002) [C:\Projects\Hazina\src\Core\AI\Hazina.AI.RAG\Hazina.AI.RAG.csproj::TargetFramework=net10.0]
C:\Projects\Hazina\src\Core\Agents\Hazina.AgentFactory\Configuration\GoogleConfig.cs(8,14): warning CA1050: Declare types in namespaces (https://learn.microsoft.com/dotnet/fundamentals/code-analysis/quality-rules/ca1050) [C:\Projects\Hazina\src\Core\Agents\Hazina.AgentFactory\Hazina.AgentFactory.csproj::TargetFramework=net9.0]
C:\Projects\Hazina\src\Core\Agents\Hazina.AgentFactory\Configuration\Formatters\FlowConfigFormatHelper.cs(3,21): warning CA1050: Declare types in namespaces (https://learn.microsoft.com/dotnet/fundamentals/code-analysis/quality-rules/ca1050) [C:\Projects\Hazina\src\Core\Agents\Hazina.AgentFactory\Hazina.AgentFactory.csproj::TargetFramework=net9.0]
C:\Projects\Hazina\src\Core\Agents\Hazina.AgentFactory\Configuration\FlowConfig.cs(5,12): warning MA0016: Prefer using collection abstraction instead of implementation (https://github.com/meziantou/Meziantou.Analyzer/blob/main/docs/Rules/MA0016.md) [C:\Projects\Hazina\src\Core\Agents\Hazina.AgentFactory\Hazina.AgentFactory.csproj::TargetFramework=net9.0]
C:\Projects\Hazina\src\Core\Agents\Hazina.AgentFactory\Configuration\Formatters\FlowConfigFormatHelper.cs(3,21): warning MA0047: Declare type 'FlowConfigFormatHelper' in a namespace (https://github.com/meziantou/Meziantou.Analyzer/blob/main/docs/Rules/MA0047.md) [C:\Projects\Hazina\src\Core\Agents\Hazina.AgentFactory\Hazina.AgentFactory.csproj::TargetFramework=net9.0]
C:\Projects\Hazina\src\Core\Agents\Hazina.AgentFactory\Configuration\GoogleConfig.cs(8,14): warning MA0047: Declare type 'GoogleConfig' in a namespace (https://github.com/meziantou/Meziantou.Analyzer/blob/main/docs/Rules/MA0047.md) [C:\Projects\Hazina\src\Core\Agents\Hazina.AgentFactory\Hazina.AgentFactory.csproj::TargetFramework=net9.0]
C:\Projects\Hazina\src\Core\Agents\Hazina.AgentFactory\Configuration\Formatters\StoreConfigFormatHelper.cs(5,21): warning MA0047: Declare type 'StoreConfigFormatHelper' in a namespace (https://github.com/meziantou/Meziantou.Analyzer/blob/main/docs/Rules/MA0047.md) [C:\Projects\Hazina\src\Core\Agents\Hazina.AgentFactory\Hazina.AgentFactory.csproj::TargetFramework=net9.0]
C:\Projects\Hazina\src\Core\Agents\Hazina.AgentFactory\Configuration\Parsers\HazinaAgentConfigParser.cs(11,21): warning CA1050: Declare types in namespaces (https://learn.microsoft.com/dotnet/fundamentals/code-analysis/quality-rules/ca1050) [C:\Projects\Hazina\src\Core\Agents\Hazina.AgentFactory\Hazina.AgentFactory.csproj::TargetFramework=net9.0]
C:\Projects\Hazina\src\Core\Agents\Hazina.AgentFactory\Configuration\Formatters\FlowConfigFormatHelper.cs(3,21): warning S3903: Move 'FlowConfigFormatHelper' into a named namespace. (https://rules.sonarsource.com/csharp/RSPEC-3903) [C:\Projects\Hazina\src\Core\Agents\Hazina.AgentFactory\Hazina.AgentFactory.csproj::TargetFramework=net9.0]
C:\Projects\Hazina\src\Core\Agents\Hazina.AgentFactory\Configuration\Formatters\StoreConfigFormatHelper.cs(5,21): warning S3903: Move 'StoreConfigFormatHelper' into a named namespace. (https://rules.sonarsource.com/csharp/RSPEC-3903) [C:\Projects\Hazina\src\Core\Agents\Hazina.AgentFactory\Hazina.AgentFactory.csproj::TargetFramework=net9.0]
C:\Projects\Hazina\src\Core\Agents\Hazina.AgentFactory\Configuration\Parsers\HazinaAgentConfigParser.cs(11,21): warning MA0047: Declare type 'HazinaAgentConfigParser' in a namespace (https://github.com/meziantou/Meziantou.Analyzer/blob/main/docs/Rules/MA0047.md) [C:\Projects\Hazina\src\Core\Agents\Hazina.AgentFactory\Hazina.AgentFactory.csproj::TargetFramework=net9.0]
C:\Projects\Hazina\src\Core\Agents\Hazina.AgentFactory\Configuration\FlowConfig.cs(1,14): warning CA1050: Declare types in namespaces (https://learn.microsoft.com/dotnet/fundamentals/code-analysis/quality-rules/ca1050) [C:\Projects\Hazina\src\Core\Agents\Hazina.AgentFactory\Hazina.AgentFactory.csproj::TargetFramework=net9.0]
C:\Projects\Hazina\src\Core\Agents\Hazina.AgentFactory\Configuration\FlowConfig.cs(1,14): warning MA0047: Declare type 'FlowConfig' in a namespace (https://github.com/meziantou/Meziantou.Analyzer/blob/main/docs/Rules/MA0047.md) [C:\Projects\Hazina\src\Core\Agents\Hazina.AgentFactory\Hazina.AgentFactory.csproj::TargetFramework=net9.0]
C:\Projects\Hazina\src\Core\Agents\Hazina.AgentFactory\Abstractions\IFileSystem.cs(144,14): warning MA0048: File name must match type name (https://github.com/meziantou/Meziantou.Analyzer/blob/main/docs/Rules/MA0048.md) [C:\Projects\Hazina\src\Core\Agents\Hazina.AgentFactory\Hazina.AgentFactory.csproj::TargetFramework=net9.0]
C:\Projects\Hazina\src\Core\AI\Hazina.AI.RAG\Graph\Explainability\RetrievalTrace.cs(85,9): warning MA0016: Prefer using collection abstraction instead of implementation (https://github.com/meziantou/Meziantou.Analyzer/blob/main/docs/Rules/MA0016.md) [C:\Projects\Hazina\src\Core\AI\Hazina.AI.RAG\Hazina.AI.RAG.csproj::TargetFramework=net10.0]
C:\Projects\Hazina\src\Core\Agents\Hazina.AgentFactory\Configuration\GoogleConfig.cs(8,14): warning S3903: Move 'GoogleConfig' into a named namespace. (https://rules.sonarsource.com/csharp/RSPEC-3903) [C:\Projects\Hazina\src\Core\Agents\Hazina.AgentFactory\Hazina.AgentFactory.csproj::TargetFramework=net9.0]
C:\Projects\Hazina\src\Core\Agents\Hazina.AgentFactory\Configuration\FlowConfig.cs(1,14): warning S3903: Move 'FlowConfig' into a named namespace. (https://rules.sonarsource.com/csharp/RSPEC-3903) [C:\Projects\Hazina\src\Core\Agents\Hazina.AgentFactory\Hazina.AgentFactory.csproj::TargetFramework=net9.0]
C:\Projects\Hazina\src\Core\Agents\Hazina.AgentFactory\Configuration\FlowConfig.cs(4,1): warning SA1516: Elements should be separated by blank line (https://github.com/DotNetAnalyzers/StyleCopAnalyzers/blob/master/documentation/SA1516.md) [C:\Projects\Hazina\src\Core\Agents\Hazina.AgentFactory\Hazina.AgentFactory.csproj::TargetFramework=net9.0]
C:\Projects\Hazina\src\Core\Agents\Hazina.AgentFactory\Configuration\FlowConfig.cs(5,1): warning SA1516: Elements should be separated by blank line (https://github.com/DotNetAnalyzers/StyleCopAnalyzers/blob/master/documentation/SA1516.md) [C:\Projects\Hazina\src\Core\Agents\Hazina.AgentFactory\Hazina.AgentFactory.csproj::TargetFramework=net9.0]
C:\Projects\Hazina\src\Core\AI\Hazina.AI.RAG\Embeddings\SemanticSimilarityChunker.cs(143,70): warning SA1629: Documentation text should end with a period (https://github.com/DotNetAnalyzers/StyleCopAnalyzers/blob/master/documentation/SA1629.md) [C:\Projects\Hazina\src\Core\AI\Hazina.AI.RAG\Hazina.AI.RAG.csproj::TargetFramework=net10.0]
C:\Projects\Hazina\src\Core\Agents\Hazina.AgentFactory\Configuration\Parsers\HazinaStoreConfigParser.cs(7,21): warning CA1050: Declare types in namespaces (https://learn.microsoft.com/dotnet/fundamentals/code-analysis/quality-rules/ca1050) [C:\Projects\Hazina\src\Core\Agents\Hazina.AgentFactory\Hazina.AgentFactory.csproj::TargetFramework=net9.0]
C:\Projects\Hazina\src\Core\Agents\Hazina.AgentFactory\Configuration\Parsers\HazinaAgentConfigParser.cs(11,21): warning S3903: Move 'HazinaAgentConfigParser' into a named namespace. (https://rules.sonarsource.com/csharp/RSPEC-3903) [C:\Projects\Hazina\src\Core\Agents\Hazina.AgentFactory\Hazina.AgentFactory.csproj::TargetFramework=net9.0]
C:\Projects\Hazina\src\Core\Agents\Hazina.AgentFactory\Configuration\StoreConfig.cs(5,14): warning CA1050: Declare types in namespaces (https://learn.microsoft.com/dotnet/fundamentals/code-analysis/quality-rules/ca1050) [C:\Projects\Hazina\src\Core\Agents\Hazina.AgentFactory\Hazina.AgentFactory.csproj::TargetFramework=net9.0]
C:\Projects\Hazina\src\Core\Agents\Hazina.AgentFactory\Configuration\Parsers\HazinaStoreConfigParser.cs(7,21): warning MA0047: Declare type 'HazinaStoreConfigParser' in a namespace (https://github.com/meziantou/Meziantou.Analyzer/blob/main/docs/Rules/MA0047.md) [C:\Projects\Hazina\src\Core\Agents\Hazina.AgentFactory\Hazina.AgentFactory.csproj::TargetFramework=net9.0]
C:\Projects\Hazina\src\Core\Agents\Hazina.AgentFactory\Configuration\StoreConfig.cs(5,14): warning MA0047: Declare type 'StoreConfig' in a namespace (https://github.com/meziantou/Meziantou.Analyzer/blob/main/docs/Rules/MA0047.md) [C:\Projects\Hazina\src\Core\Agents\Hazina.AgentFactory\Hazina.AgentFactory.csproj::TargetFramework=net9.0]
C:\Projects\Hazina\src\Core\Agents\Hazina.AgentFactory\Configuration\StoreConfig.cs(27,21): warning CA1819: Properties should not return arrays (https://learn.microsoft.com/dotnet/fundamentals/code-analysis/quality-rules/ca1819) [C:\Projects\Hazina\src\Core\Agents\Hazina.AgentFactory\Hazina.AgentFactory.csproj::TargetFramework=net9.0]
C:\Projects\Hazina\src\Core\Agents\Hazina.AgentFactory\Configuration\Parsers\HazinaAgentConfigParser.cs(93,1): warning SA1516: Elements should be separated by blank line (https://github.com/DotNetAnalyzers/StyleCopAnalyzers/blob/master/documentation/SA1516.md) [C:\Projects\Hazina\src\Core\Agents\Hazina.AgentFactory\Hazina.AgentFactory.csproj::TargetFramework=net9.0]
C:\Projects\Hazina\src\Core\Agents\Hazina.AgentFactory\Configuration\Parsers\HazinaAgentConfigParser.cs(97,1): warning SA1516: Elements should be separated by blank line (https://github.com/DotNetAnalyzers/StyleCopAnalyzers/blob/master/documentation/SA1516.md) [C:\Projects\Hazina\src\Core\Agents\Hazina.AgentFactory\Hazina.AgentFactory.csproj::TargetFramework=net9.0]
C:\Projects\Hazina\src\Core\Agents\Hazina.AgentFactory\Configuration\Parsers\HazinaStoreConfigParser.cs(7,21): warning S3903: Move 'HazinaStoreConfigParser' into a named namespace. (https://rules.sonarsource.com/csharp/RSPEC-3903) [C:\Projects\Hazina\src\Core\Agents\Hazina.AgentFactory\Hazina.AgentFactory.csproj::TargetFramework=net9.0]
C:\Projects\Hazina\src\Core\Agents\Hazina.AgentFactory\Abstractions\IFileSystem.cs(154,1): warning SA1516: Elements should be separated by blank line (https://github.com/DotNetAnalyzers/StyleCopAnalyzers/blob/master/documentation/SA1516.md) [C:\Projects\Hazina\src\Core\Agents\Hazina.AgentFactory\Hazina.AgentFactory.csproj::TargetFramework=net9.0]
C:\Projects\Hazina\src\Core\AI\Hazina.AI.RAG\Graph\Pipeline\LLMEntityExtractor.cs(120,40): warning SA1116: The parameters should begin on the line after the declaration, whenever the parameter span across multiple lines (https://github.com/DotNetAnalyzers/StyleCopAnalyzers/blob/master/documentation/SA1116.md) [C:\Projects\Hazina\src\Core\AI\Hazina.AI.RAG\Hazina.AI.RAG.csproj::TargetFramework=net10.0]
C:\Projects\Hazina\src\Core\Agents\Hazina.AgentFactory\Configuration\Schema\ConfigSchemaGenerator.cs(1,1): warning SA1633: The file header is missing or not located at the top of the file. (https://github.com/DotNetAnalyzers/StyleCopAnalyzers/blob/master/documentation/SA1633.md) [C:\Projects\Hazina\src\Core\Agents\Hazina.AgentFactory\Hazina.AgentFactory.csproj::TargetFramework=net9.0]
C:\Projects\Hazina\src\Core\Agents\Hazina.AgentFactory\Abstractions\IFileSystem.cs(155,1): warning SA1516: Elements should be separated by blank line (https://github.com/DotNetAnalyzers/StyleCopAnalyzers/blob/master/documentation/SA1516.md) [C:\Projects\Hazina\src\Core\Agents\Hazina.AgentFactory\Hazina.AgentFactory.csproj::TargetFramework=net9.0]
C:\Projects\Hazina\src\Core\Agents\Hazina.AgentFactory\Abstractions\IFileSystem.cs(156,1): warning SA1516: Elements should be separated by blank line (https://github.com/DotNetAnalyzers/StyleCopAnalyzers/blob/master/documentation/SA1516.md) [C:\Projects\Hazina\src\Core\Agents\Hazina.AgentFactory\Hazina.AgentFactory.csproj::TargetFramework=net9.0]
C:\Projects\Hazina\src\Core\Agents\Hazina.AgentFactory\Abstractions\IFileSystem.cs(157,1): warning SA1516: Elements should be separated by blank line (https://github.com/DotNetAnalyzers/StyleCopAnalyzers/blob/master/documentation/SA1516.md) [C:\Projects\Hazina\src\Core\Agents\Hazina.AgentFactory\Hazina.AgentFactory.csproj::TargetFramework=net9.0]
C:\Projects\Hazina\src\Core\Agents\Hazina.AgentFactory\Abstractions\IFileSystem.cs(158,1): warning SA1516: Elements should be separated by blank line (https://github.com/DotNetAnalyzers/StyleCopAnalyzers/blob/master/documentation/SA1516.md) [C:\Projects\Hazina\src\Core\Agents\Hazina.AgentFactory\Hazina.AgentFactory.csproj::TargetFramework=net9.0]
C:\Projects\Hazina\src\Core\Agents\Hazina.AgentFactory\Abstractions\IFileSystem.cs(159,1): warning SA1516: Elements should be separated by blank line (https://github.com/DotNetAnalyzers/StyleCopAnalyzers/blob/master/documentation/SA1516.md) [C:\Projects\Hazina\src\Core\Agents\Hazina.AgentFactory\Hazina.AgentFactory.csproj::TargetFramework=net9.0]
C:\Projects\Hazina\src\Core\AI\Hazina.AI.RAG\Graph\Pipeline\LLMEntityExtractor.cs(128,38): warning SA1116: The parameters should begin on the line after the declaration, whenever the parameter span across multiple lines (https://github.com/DotNetAnalyzers/StyleCopAnalyzers/blob/master/documentation/SA1116.md) [C:\Projects\Hazina\src\Core\AI\Hazina.AI.RAG\Hazina.AI.RAG.csproj::TargetFramework=net10.0]
C:\Projects\Hazina\src\Core\Agents\Hazina.AgentFactory\Configuration\StoreConfig.cs(15,19): warning SA1623: The property's documentation summary text should begin with: 'Gets or sets' (https://github.com/DotNetAnalyzers/StyleCopAnalyzers/blob/master/documentation/SA1623.md) [C:\Projects\Hazina\src\Core\Agents\Hazina.AgentFactory\Hazina.AgentFactory.csproj::TargetFramework=net9.0]
C:\Projects\Hazina\src\Core\Agents\Hazina.AgentFactory\Configuration\Parsers\HazinaAgentConfigParser.cs(121,1): warning SA1516: Elements should be separated by blank line (https://github.com/DotNetAnalyzers/StyleCopAnalyzers/blob/master/documentation/SA1516.md) [C:\Projects\Hazina\src\Core\Agents\Hazina.AgentFactory\Hazina.AgentFactory.csproj::TargetFramework=net9.0]
C:\Projects\Hazina\src\Core\Agents\Hazina.AgentFactory\Configuration\StoreConfig.cs(5,14): warning S3903: Move 'StoreConfig' into a named namespace. (https://rules.sonarsource.com/csharp/RSPEC-3903) [C:\Projects\Hazina\src\Core\Agents\Hazina.AgentFactory\Hazina.AgentFactory.csproj::TargetFramework=net9.0]
C:\Projects\Hazina\src\Core\Agents\Hazina.AgentFactory\Configuration\Parsers\HazinaAgentConfigParser.cs(134,1): warning SA1516: Elements should be separated by blank line (https://github.com/DotNetAnalyzers/StyleCopAnalyzers/blob/master/documentation/SA1516.md) [C:\Projects\Hazina\src\Core\Agents\Hazina.AgentFactory\Hazina.AgentFactory.csproj::TargetFramework=net9.0]
C:\Projects\Hazina\src\Core\Agents\Hazina.AgentFactory\Abstractions\IFileSystem.cs(109,14): warning MA0048: File name must match type name (https://github.com/meziantou/Meziantou.Analyzer/blob/main/docs/Rules/MA0048.md) [C:\Projects\Hazina\src\Core\Agents\Hazina.AgentFactory\Hazina.AgentFactory.csproj::TargetFramework=net9.0]
C:\Projects\Hazina\src\Core\Agents\Hazina.AgentFactory\Configuration\StoreConfig.cs(1,1): warning SA1514: Element documentation header should be preceded by blank line (https://github.com/DotNetAnalyzers/StyleCopAnalyzers/blob/master/documentation/SA1514.md) [C:\Projects\Hazina\src\Core\Agents\Hazina.AgentFactory\Hazina.AgentFactory.csproj::TargetFramework=net9.0]
C:\Projects\Hazina\src\Core\AI\Hazina.AI.RAG\Graph\Pipeline\LLMEntityExtractor.cs(121,41): warning SA1117: The parameters should all be placed on the same line or each parameter should be placed on its own line (https://github.com/DotNetAnalyzers/StyleCopAnalyzers/blob/master/documentation/SA1117.md) [C:\Projects\Hazina\src\Core\AI\Hazina.AI.RAG\Hazina.AI.RAG.csproj::TargetFramework=net10.0]
C:\Projects\Hazina\src\Core\Agents\Hazina.AgentFactory\Configuration\StoreConfig.cs(21,19): warning SA1623: The property's documentation summary text should begin with: 'Gets or sets' (https://github.com/DotNetAnalyzers/StyleCopAnalyzers/blob/master/documentation/SA1623.md) [C:\Projects\Hazina\src\Core\Agents\Hazina.AgentFactory\Hazina.AgentFactory.csproj::TargetFramework=net9.0]
C:\Projects\Hazina\src\Core\AI\Hazina.AI.RAG\Graph\Pipeline\LLMEntityExtractor.cs(129,41): warning SA1117: The parameters should all be placed on the same line or each parameter should be placed on its own line (https://github.com/DotNetAnalyzers/StyleCopAnalyzers/blob/master/documentation/SA1117.md) [C:\Projects\Hazina\src\Core\AI\Hazina.AI.RAG\Hazina.AI.RAG.csproj::TargetFramework=net10.0]
C:\Projects\Hazina\src\Core\AI\Hazina.AI.RAG\Graph\Retrieval\HybridRetrievalService.cs(247,16): warning MA0004: Use Task.ConfigureAwait(false) if the current SynchronizationContext is not needed (https://github.com/meziantou/Meziantou.Analyzer/blob/main/docs/Rules/MA0004.md) [C:\Projects\Hazina\src\Core\AI\Hazina.AI.RAG\Hazina.AI.RAG.csproj::TargetFramework=net10.0]
C:\Projects\Hazina\src\Core\AI\Hazina.AI.RAG\Embeddings\SemanticSimilarityChunker.cs(211,21): warning SA1111: Closing parenthesis should be on line of last parameter (https://github.com/DotNetAnalyzers/StyleCopAnalyzers/blob/master/documentation/SA1111.md) [C:\Projects\Hazina\src\Core\AI\Hazina.AI.RAG\Hazina.AI.RAG.csproj::TargetFramework=net10.0]
C:\Projects\Hazina\src\Core\AI\Hazina.AI.RAG\Core\RAGEngine.cs(228,24): warning CA1002: Change 'List<Document>' in 'RAGEngine.IndexDocumentsAsync(List<Document>, [CancellationToken])' to use 'Collection<T>', 'ReadOnlyCollection<T>' or 'KeyedCollection<K,V>' (https://learn.microsoft.com/dotnet/fundamentals/code-analysis/quality-rules/ca1002) [C:\Projects\Hazina\src\Core\AI\Hazina.AI.RAG\Hazina.AI.RAG.csproj::TargetFramework=net10.0]
C:\Projects\Hazina\src\Core\AI\Hazina.AI.RAG\Graph\Retrieval\HybridRetrievalService.cs(216,33): warning CA1848: For improved performance, use the LoggerMessage delegates instead of calling 'LoggerExtensions.LogWarning(ILogger, Exception?, string?, params object?[])' (https://learn.microsoft.com/dotnet/fundamentals/code-analysis/quality-rules/ca1848) [C:\Projects\Hazina\src\Core\AI\Hazina.AI.RAG\Hazina.AI.RAG.csproj::TargetFramework=net10.0]
C:\Projects\Hazina\src\Core\AI\Hazina.AI.RAG\Core\RAGEngine.cs(228,9): warning MA0016: Prefer using collection abstraction instead of implementation (https://github.com/meziantou/Meziantou.Analyzer/blob/main/docs/Rules/MA0016.md) [C:\Projects\Hazina\src\Core\AI\Hazina.AI.RAG\Hazina.AI.RAG.csproj::TargetFramework=net10.0]
C:\Projects\Hazina\src\Core\AI\Hazina.AI.RAG\Graph\Pipeline\LLMEntityExtractor.cs(128,21): warning CA1873: Evaluation of this argument may be expensive and unnecessary if logging is disabled (https://learn.microsoft.com/dotnet/fundamentals/code-analysis/quality-rules/ca1873) [C:\Projects\Hazina\src\Core\AI\Hazina.AI.RAG\Hazina.AI.RAG.csproj::TargetFramework=net10.0]
C:\Projects\Hazina\src\Core\AI\Hazina.AI.RAG\Retrieval\LlmJudgeReranker.cs(114,13): warning SA1503: Braces should not be omitted (https://github.com/DotNetAnalyzers/StyleCopAnalyzers/blob/master/documentation/SA1503.md) [C:\Projects\Hazina\src\Core\AI\Hazina.AI.RAG\Hazina.AI.RAG.csproj::TargetFramework=net10.0]
C:\Projects\Hazina\src\Core\AI\Hazina.AI.RAG\Retrieval\LlmJudgeReranker.cs(116,16): warning CA1845: Use span-based 'string.Concat' and 'AsSpan' instead of 'Substring' (https://learn.microsoft.com/dotnet/fundamentals/code-analysis/quality-rules/ca1845) [C:\Projects\Hazina\src\Core\AI\Hazina.AI.RAG\Hazina.AI.RAG.csproj::TargetFramework=net10.0]
C:\Projects\Hazina\src\Core\AI\Hazina.AI.RAG\Graph\Pipeline\LLMEntityExtractor.cs(110,17): warning CA1848: For improved performance, use the LoggerMessage delegates instead of calling 'LoggerExtensions.LogWarning(ILogger, string?, params object?[])' (https://learn.microsoft.com/dotnet/fundamentals/code-analysis/quality-rules/ca1848) [C:\Projects\Hazina\src\Core\AI\Hazina.AI.RAG\Hazina.AI.RAG.csproj::TargetFramework=net10.0]
C:\Projects\Hazina\src\Core\AI\Hazina.AI.RAG\Graph\Pipeline\LLMEntityExtractor.cs(120,21): warning CA1848: For improved performance, use the LoggerMessage delegates instead of calling 'LoggerExtensions.LogWarning(ILogger, string?, params object?[])' (https://learn.microsoft.com/dotnet/fundamentals/code-analysis/quality-rules/ca1848) [C:\Projects\Hazina\src\Core\AI\Hazina.AI.RAG\Hazina.AI.RAG.csproj::TargetFramework=net10.0]
C:\Projects\Hazina\src\Core\AI\Hazina.AI.RAG\Graph\Pipeline\LLMEntityExtractor.cs(128,21): warning CA1848: For improved performance, use the LoggerMessage delegates instead of calling 'LoggerExtensions.LogDebug(ILogger, string?, params object?[])' (https://learn.microsoft.com/dotnet/fundamentals/code-analysis/quality-rules/ca1848) [C:\Projects\Hazina\src\Core\AI\Hazina.AI.RAG\Hazina.AI.RAG.csproj::TargetFramework=net10.0]
C:\Projects\Hazina\src\Core\AI\Hazina.AI.RAG\Graph\Pipeline\LLMEntityExtractor.cs(157,13): warning CA1848: For improved performance, use the LoggerMessage delegates instead of calling 'LoggerExtensions.LogError(ILogger, Exception?, string?, params object?[])' (https://learn.microsoft.com/dotnet/fundamentals/code-analysis/quality-rules/ca1848) [C:\Projects\Hazina\src\Core\AI\Hazina.AI.RAG\Hazina.AI.RAG.csproj::TargetFramework=net10.0]
C:\Projects\Hazina\src\Core\AI\Hazina.AI.RAG\Graph\Pipeline\LLMEntityExtractor.cs(93,17): warning CA1310: The behavior of 'string.StartsWith(string)' could vary based on the current user's locale settings. Replace this call in 'Hazina.AI.RAG.Graph.Pipeline.LLMEntityExtractor.ParseEntityResponse(string, string?)' with a call to 'string.StartsWith(string, System.StringComparison)'. (https://learn.microsoft.com/dotnet/fundamentals/code-analysis/quality-rules/ca1310) [C:\Projects\Hazina\src\Core\AI\Hazina.AI.RAG\Hazina.AI.RAG.csproj::TargetFramework=net10.0]
C:\Projects\Hazina\src\Core\AI\Hazina.AI.RAG\Graph\Pipeline\LLMEntityExtractor.cs(97,17): warning CA1310: The behavior of 'string.StartsWith(string)' could vary based on the current user's locale settings. Replace this call in 'Hazina.AI.RAG.Graph.Pipeline.LLMEntityExtractor.ParseEntityResponse(string, string?)' with a call to 'string.StartsWith(string, System.StringComparison)'. (https://learn.microsoft.com/dotnet/fundamentals/code-analysis/quality-rules/ca1310) [C:\Projects\Hazina\src\Core\AI\Hazina.AI.RAG\Hazina.AI.RAG.csproj::TargetFramework=net10.0]
C:\Projects\Hazina\src\Core\AI\Hazina.AI.RAG\Graph\Pipeline\LLMEntityExtractor.cs(101,17): warning CA1310: The behavior of 'string.EndsWith(string)' could vary based on the current user's locale settings. Replace this call in 'Hazina.AI.RAG.Graph.Pipeline.LLMEntityExtractor.ParseEntityResponse(string, string?)' with a call to 'string.EndsWith(string, System.StringComparison)'. (https://learn.microsoft.com/dotnet/fundamentals/code-analysis/quality-rules/ca1310) [C:\Projects\Hazina\src\Core\AI\Hazina.AI.RAG\Hazina.AI.RAG.csproj::TargetFramework=net10.0]
C:\Projects\Hazina\src\Core\AI\Hazina.AI.RAG\Embeddings\SemanticSimilarityChunker.cs(173,25): warning CA1873: Evaluation of this argument may be expensive and unnecessary if logging is disabled (https://learn.microsoft.com/dotnet/fundamentals/code-analysis/quality-rules/ca1873) [C:\Projects\Hazina\src\Core\AI\Hazina.AI.RAG\Hazina.AI.RAG.csproj::TargetFramework=net10.0]
C:\Projects\Hazina\src\Core\AI\Hazina.AI.RAG\Embeddings\SemanticSimilarityChunker.cs(189,25): warning CA1873: Evaluation of this argument may be expensive and unnecessary if logging is disabled (https://learn.microsoft.com/dotnet/fundamentals/code-analysis/quality-rules/ca1873) [C:\Projects\Hazina\src\Core\AI\Hazina.AI.RAG\Hazina.AI.RAG.csproj::TargetFramework=net10.0]
C:\Projects\Hazina\src\Core\AI\Hazina.AI.RAG\Embeddings\SemanticSimilarityChunker.cs(194,21): warning CA1873: Evaluation of this argument may be expensive and unnecessary if logging is disabled (https://learn.microsoft.com/dotnet/fundamentals/code-analysis/quality-rules/ca1873) [C:\Projects\Hazina\src\Core\AI\Hazina.AI.RAG\Hazina.AI.RAG.csproj::TargetFramework=net10.0]
C:\Projects\Hazina\src\Core\AI\Hazina.AI.RAG\Graph\Retrieval\HybridRetrievalService.cs(189,28): warning MA0004: Use Task.ConfigureAwait(false) if the current SynchronizationContext is not needed (https://github.com/meziantou/Meziantou.Analyzer/blob/main/docs/Rules/MA0004.md) [C:\Projects\Hazina\src\Core\AI\Hazina.AI.RAG\Hazina.AI.RAG.csproj::TargetFramework=net10.0]
C:\Projects\Hazina\src\Core\AI\Hazina.AI.RAG\Graph\Retrieval\HybridRetrievalService.cs(194,39): warning MA0004: Use Task.ConfigureAwait(false) if the current SynchronizationContext is not needed (https://github.com/meziantou/Meziantou.Analyzer/blob/main/docs/Rules/MA0004.md) [C:\Projects\Hazina\src\Core\AI\Hazina.AI.RAG\Hazina.AI.RAG.csproj::TargetFramework=net10.0]
C:\Projects\Hazina\src\Core\AI\Hazina.AI.RAG\Embeddings\SemanticSimilarityChunker.cs(173,25): warning CA1848: For improved performance, use the LoggerMessage delegates instead of calling 'LoggerExtensions.LogDebug(ILogger, string?, params object?[])' (https://learn.microsoft.com/dotnet/fundamentals/code-analysis/quality-rules/ca1848) [C:\Projects\Hazina\src\Core\AI\Hazina.AI.RAG\Hazina.AI.RAG.csproj::TargetFramework=net10.0]
C:\Projects\Hazina\src\Core\Agents\Hazina.AgentFactory\Configuration\StoreConfig.cs(10,19): warning SA1623: The property's documentation summary text should begin with: 'Gets or sets' (https://github.com/DotNetAnalyzers/StyleCopAnalyzers/blob/master/documentation/SA1623.md) [C:\Projects\Hazina\src\Core\Agents\Hazina.AgentFactory\Hazina.AgentFactory.csproj::TargetFramework=net9.0]
C:\Projects\Hazina\src\Core\AI\Hazina.AI.RAG\Embeddings\SemanticSimilarityChunker.cs(189,25): warning CA1848: For improved performance, use the LoggerMessage delegates instead of calling 'LoggerExtensions.LogDebug(ILogger, string?, params object?[])' (https://learn.microsoft.com/dotnet/fundamentals/code-analysis/quality-rules/ca1848) [C:\Projects\Hazina\src\Core\AI\Hazina.AI.RAG\Hazina.AI.RAG.csproj::TargetFramework=net10.0]
C:\Projects\Hazina\src\Core\AI\Hazina.AI.RAG\Embeddings\SemanticSimilarityChunker.cs(194,21): warning CA1848: For improved performance, use the LoggerMessage delegates instead of calling 'LoggerExtensions.LogDebug(ILogger, string?, params object?[])' (https://learn.microsoft.com/dotnet/fundamentals/code-analysis/quality-rules/ca1848) [C:\Projects\Hazina\src\Core\AI\Hazina.AI.RAG\Hazina.AI.RAG.csproj::TargetFramework=net10.0]
C:\Projects\Hazina\src\Core\AI\Hazina.AI.RAG\Embeddings\SemanticSimilarityChunker.cs(200,21): warning CA1848: For improved performance, use the LoggerMessage delegates instead of calling 'LoggerExtensions.LogError(ILogger, Exception?, string?, params object?[])' (https://learn.microsoft.com/dotnet/fundamentals/code-analysis/quality-rules/ca1848) [C:\Projects\Hazina\src\Core\AI\Hazina.AI.RAG\Hazina.AI.RAG.csproj::TargetFramework=net10.0]
C:\Projects\Hazina\src\Core\AI\Hazina.AI.RAG\Graph\Retrieval\HybridRetrievalService.cs(269,23): warning MA0015: Use an overload of 'System.ArgumentException' with the parameter name (https://github.com/meziantou/Meziantou.Analyzer/blob/main/docs/Rules/MA0015.md) [C:\Projects\Hazina\src\Core\AI\Hazina.AI.RAG\Hazina.AI.RAG.csproj::TargetFramework=net10.0]
C:\Projects\Hazina\src\Core\AI\Hazina.AI.RAG\Embeddings\SemanticSimilarityChunker.cs(216,29): warning CA1848: For improved performance, use the LoggerMessage delegates instead of calling 'LoggerExtensions.LogWarning(ILogger, Exception?, string?, params object?[])' (https://learn.microsoft.com/dotnet/fundamentals/code-analysis/quality-rules/ca1848) [C:\Projects\Hazina\src\Core\AI\Hazina.AI.RAG\Hazina.AI.RAG.csproj::TargetFramework=net10.0]
C:\Projects\Hazina\src\Core\AI\Hazina.AI.RAG\Graph\Retrieval\HybridRetrievalService.cs(211,48): warning MA0004: Use Task.ConfigureAwait(false) if the current SynchronizationContext is not needed (https://github.com/meziantou/Meziantou.Analyzer/blob/main/docs/Rules/MA0004.md) [C:\Projects\Hazina\src\Core\AI\Hazina.AI.RAG\Hazina.AI.RAG.csproj::TargetFramework=net10.0]
C:\Projects\Hazina\src\Core\AI\Hazina.AI.RAG\Graph\Retrieval\HybridRetrievalService.cs(212,40): warning MA0004: Use Task.ConfigureAwait(false) if the current SynchronizationContext is not needed (https://github.com/meziantou/Meziantou.Analyzer/blob/main/docs/Rules/MA0004.md) [C:\Projects\Hazina\src\Core\AI\Hazina.AI.RAG\Hazina.AI.RAG.csproj::TargetFramework=net10.0]
C:\Projects\Hazina\src\Core\AI\Hazina.AI.RAG\Embeddings\BasicMetadataExtractor.cs(72,25): warning CA1002: Change 'List<string>' in 'BasicMetadataExtractor.ExtractKeywordsTFIDF(string, [int])' to use 'Collection<T>', 'ReadOnlyCollection<T>' or 'KeyedCollection<K,V>' (https://learn.microsoft.com/dotnet/fundamentals/code-analysis/quality-rules/ca1002) [C:\Projects\Hazina\src\Core\AI\Hazina.AI.RAG\Hazina.AI.RAG.csproj::TargetFramework=net10.0]
C:\Projects\Hazina\src\Core\Agents\Hazina.AgentFactory\Configuration\StoreConfig.cs(50,17): warning SA1623: The property's documentation summary text should begin with: 'Gets or sets a value indicating whether' (https://github.com/DotNetAnalyzers/StyleCopAnalyzers/blob/master/documentation/SA1623.md) [C:\Projects\Hazina\src\Core\Agents\Hazina.AgentFactory\Hazina.AgentFactory.csproj::TargetFramework=net9.0]
C:\Projects\Hazina\src\Core\AI\Hazina.AI.RAG\Embeddings\BasicMetadataExtractor.cs(72,12): warning MA0016: Prefer using collection abstraction instead of implementation (https://github.com/meziantou/Meziantou.Analyzer/blob/main/docs/Rules/MA0016.md) [C:\Projects\Hazina\src\Core\AI\Hazina.AI.RAG\Hazina.AI.RAG.csproj::TargetFramework=net10.0]
C:\Projects\Hazina\src\Core\AI\Hazina.AI.RAG\Retrieval\Reranker.cs(208,20): warning S2325: Make 'CalculateTextSimilarity' a static method. (https://rules.sonarsource.com/csharp/RSPEC-2325) [C:\Projects\Hazina\src\Core\AI\Hazina.AI.RAG\Hazina.AI.RAG.csproj::TargetFramework=net10.0]
C:\Projects\Hazina\src\Core\AI\Hazina.AI.RAG\Graph\Retrieval\HybridRetrievalService.cs(184,29): warning MA0002: Use an overload that has a IEqualityComparer<string> or IComparer<string> parameter (https://github.com/meziantou/Meziantou.Analyzer/blob/main/docs/Rules/MA0002.md) [C:\Projects\Hazina\src\Core\AI\Hazina.AI.RAG\Hazina.AI.RAG.csproj::TargetFramework=net10.0]
C:\Projects\Hazina\src\Core\Agents\Hazina.AgentFactory\Configuration\StoreConfig.cs(57,18): warning SA1623: The property's documentation summary text should begin with: 'Gets or sets' (https://github.com/DotNetAnalyzers/StyleCopAnalyzers/blob/master/documentation/SA1623.md) [C:\Projects\Hazina\src\Core\Agents\Hazina.AgentFactory\Hazina.AgentFactory.csproj::TargetFramework=net9.0]
C:\Projects\Hazina\src\Core\AI\Hazina.AI.RAG\Embeddings\SemanticSimilarityChunker.cs(175,37): warning MA0004: Use Task.ConfigureAwait(false) if the current SynchronizationContext is not needed (https://github.com/meziantou/Meziantou.Analyzer/blob/main/docs/Rules/MA0004.md) [C:\Projects\Hazina\src\Core\AI\Hazina.AI.RAG\Hazina.AI.RAG.csproj::TargetFramework=net10.0]
C:\Projects\Hazina\src\Core\AI\Hazina.AI.RAG\Embeddings\SemanticSimilarityChunker.cs(208,37): warning MA0004: Use Task.ConfigureAwait(false) if the current SynchronizationContext is not needed (https://github.com/meziantou/Meziantou.Analyzer/blob/main/docs/Rules/MA0004.md) [C:\Projects\Hazina\src\Core\AI\Hazina.AI.RAG\Hazina.AI.RAG.csproj::TargetFramework=net10.0]
C:\Projects\Hazina\src\Core\AI\Hazina.AI.RAG\Embeddings\SemanticSimilarityChunker.cs(210,36): warning MA0004: Use Task.ConfigureAwait(false) if the current SynchronizationContext is not needed (https://github.com/meziantou/Meziantou.Analyzer/blob/main/docs/Rules/MA0004.md) [C:\Projects\Hazina\src\Core\AI\Hazina.AI.RAG\Hazina.AI.RAG.csproj::TargetFramework=net10.0]
C:\Projects\Hazina\src\Core\Agents\Hazina.AgentFactory\Configuration\StoreConfig.cs(55,22): warning SA1629: Documentation text should end with a period (https://github.com/DotNetAnalyzers/StyleCopAnalyzers/blob/master/documentation/SA1629.md) [C:\Projects\Hazina\src\Core\Agents\Hazina.AgentFactory\Hazina.AgentFactory.csproj::TargetFramework=net9.0]
C:\Projects\Hazina\src\Core\AI\Hazina.AI.RAG\Graph\Pipeline\LLMEntityExtractor.cs(139,58): warning MA0002: Use an overload that has a IEqualityComparer<string> or IComparer<string> parameter (https://github.com/meziantou/Meziantou.Analyzer/blob/main/docs/Rules/MA0002.md) [C:\Projects\Hazina\src\Core\AI\Hazina.AI.RAG\Hazina.AI.RAG.csproj::TargetFramework=net10.0]
C:\Projects\Hazina\src\Core\AI\Hazina.AI.RAG\Graph\Explainability\RetrievalTrace.cs(90,32): warning CA1062: In externally visible method 'RetrievalTrace ExplainabilityService.CreateTrace(string queryText, HybridRetrievalResult result, List<RetrievalStep> steps)', validate parameter 'result' is non-null before using it. If appropriate, throw an 'ArgumentNullException' when the argument is 'null'. (https://learn.microsoft.com/dotnet/fundamentals/code-analysis/quality-rules/ca1062) [C:\Projects\Hazina\src\Core\AI\Hazina.AI.RAG\Hazina.AI.RAG.csproj::TargetFramework=net10.0]
C:\Projects\Hazina\src\Core\AI\Hazina.AI.RAG\Graph\Pipeline\LLMEntityExtractor.cs(93,17): warning MA0074: Use an overload of 'StartsWith' that has a StringComparison parameter (https://github.com/meziantou/Meziantou.Analyzer/blob/main/docs/Rules/MA0074.md) [C:\Projects\Hazina\src\Core\AI\Hazina.AI.RAG\Hazina.AI.RAG.csproj::TargetFramework=net10.0]
C:\Projects\Hazina\src\Core\AI\Hazina.AI.RAG\Graph\Pipeline\LLMEntityExtractor.cs(97,17): warning MA0074: Use an overload of 'StartsWith' that has a StringComparison parameter (https://github.com/meziantou/Meziantou.Analyzer/blob/main/docs/Rules/MA0074.md) [C:\Projects\Hazina\src\Core\AI\Hazina.AI.RAG\Hazina.AI.RAG.csproj::TargetFramework=net10.0]
C:\Projects\Hazina\src\Core\Agents\Hazina.AgentFactory\Configuration\StoreConfig.cs(63,22): warning CA1819: Properties should not return arrays (https://learn.microsoft.com/dotnet/fundamentals/code-analysis/quality-rules/ca1819) [C:\Projects\Hazina\src\Core\Agents\Hazina.AgentFactory\Hazina.AgentFactory.csproj::TargetFramework=net9.0]
C:\Projects\Hazina\src\Core\AI\Hazina.AI.RAG\Graph\Pipeline\LLMEntityExtractor.cs(101,17): warning MA0074: Use an overload of 'EndsWith' that has a StringComparison parameter (https://github.com/meziantou/Meziantou.Analyzer/blob/main/docs/Rules/MA0074.md) [C:\Projects\Hazina\src\Core\AI\Hazina.AI.RAG\Hazina.AI.RAG.csproj::TargetFramework=net10.0]
C:\Projects\Hazina\src\Core\AI\Hazina.AI.RAG\Core\RAGEngine.cs(225,38): warning SA1629: Documentation text should end with a period (https://github.com/DotNetAnalyzers/StyleCopAnalyzers/blob/master/documentation/SA1629.md) [C:\Projects\Hazina\src\Core\AI\Hazina.AI.RAG\Hazina.AI.RAG.csproj::TargetFramework=net10.0]
C:\Projects\Hazina\src\Core\AI\Hazina.AI.RAG\Core\RAGEngine.cs(255,17): warning SA1111: Closing parenthesis should be on line of last parameter (https://github.com/DotNetAnalyzers/StyleCopAnalyzers/blob/master/documentation/SA1111.md) [C:\Projects\Hazina\src\Core\AI\Hazina.AI.RAG\Hazina.AI.RAG.csproj::TargetFramework=net10.0]
C:\Projects\Hazina\src\Core\AI\Hazina.AI.RAG\Retrieval\Reranker.cs(206,43): warning SA1629: Documentation text should end with a period (https://github.com/DotNetAnalyzers/StyleCopAnalyzers/blob/master/documentation/SA1629.md) [C:\Projects\Hazina\src\Core\AI\Hazina.AI.RAG\Hazina.AI.RAG.csproj::TargetFramework=net10.0]
C:\Projects\Hazina\src\Core\AI\Hazina.AI.RAG\Embeddings\ContentTypeDetector.cs(149,22): warning S6610: "StartsWith" overloads that take a "char" should be used (https://rules.sonarsource.com/csharp/RSPEC-6610) [C:\Projects\Hazina\src\Core\AI\Hazina.AI.RAG\Hazina.AI.RAG.csproj::TargetFramework=net10.0]
C:\Projects\Hazina\src\Core\AI\Hazina.AI.RAG\Embeddings\ContentTypeDetector.cs(149,49): warning S6610: "EndsWith" overloads that take a "char" should be used (https://rules.sonarsource.com/csharp/RSPEC-6610) [C:\Projects\Hazina\src\Core\AI\Hazina.AI.RAG\Hazina.AI.RAG.csproj::TargetFramework=net10.0]
C:\Projects\Hazina\src\Core\AI\Hazina.AI.RAG\Embeddings\ContentTypeDetector.cs(150,22): warning S6610: "StartsWith" overloads that take a "char" should be used (https://rules.sonarsource.com/csharp/RSPEC-6610) [C:\Projects\Hazina\src\Core\AI\Hazina.AI.RAG\Hazina.AI.RAG.csproj::TargetFramework=net10.0]
C:\Projects\Hazina\src\Core\AI\Hazina.AI.RAG\Embeddings\ContentTypeDetector.cs(150,49): warning S6610: "EndsWith" overloads that take a "char" should be used (https://rules.sonarsource.com/csharp/RSPEC-6610) [C:\Projects\Hazina\src\Core\AI\Hazina.AI.RAG\Hazina.AI.RAG.csproj::TargetFramework=net10.0]
C:\Projects\Hazina\src\Core\AI\Hazina.AI.RAG\Configuration\SemanticChunkingConfiguration.cs(15,43): warning MA0051: Method is too long (89 lines; maximum allowed: 60) (https://github.com/meziantou/Meziantou.Analyzer/blob/main/docs/Rules/MA0051.md) [C:\Projects\Hazina\src\Core\AI\Hazina.AI.RAG\Hazina.AI.RAG.csproj::TargetFramework=net10.0]
C:\Projects\Hazina\src\Core\AI\Hazina.AI.RAG\Retrieval\Reranker.cs(210,28): warning CA1311: Specify a culture or use an invariant version to avoid implicit dependency on current culture (https://learn.microsoft.com/dotnet/fundamentals/code-analysis/quality-rules/ca1311) [C:\Projects\Hazina\src\Core\AI\Hazina.AI.RAG\Hazina.AI.RAG.csproj::TargetFramework=net10.0]
C:\Projects\Hazina\src\Core\AI\Hazina.AI.RAG\Retrieval\Reranker.cs(211,28): warning CA1311: Specify a culture or use an invariant version to avoid implicit dependency on current culture (https://learn.microsoft.com/dotnet/fundamentals/code-analysis/quality-rules/ca1311) [C:\Projects\Hazina\src\Core\AI\Hazina.AI.RAG\Hazina.AI.RAG.csproj::TargetFramework=net10.0]
C:\Projects\Hazina\src\Core\AI\Hazina.AI.RAG\Embeddings\ContentTypeDetector.cs(141,31): warning SA1629: Documentation text should end with a period (https://github.com/DotNetAnalyzers/StyleCopAnalyzers/blob/master/documentation/SA1629.md) [C:\Projects\Hazina\src\Core\AI\Hazina.AI.RAG\Hazina.AI.RAG.csproj::TargetFramework=net10.0]
C:\Projects\Hazina\src\Core\AI\Hazina.AI.RAG\Retrieval\Reranker.cs(210,44): warning CA1861: Prefer 'static readonly' fields over constant array arguments if the called method is called repeatedly and is not mutating the passed array (https://learn.microsoft.com/dotnet/fundamentals/code-analysis/quality-rules/ca1861) [C:\Projects\Hazina\src\Core\AI\Hazina.AI.RAG\Hazina.AI.RAG.csproj::TargetFramework=net10.0]
C:\Projects\Hazina\src\Core\Agents\Hazina.AgentFactory\Configuration\StoreConfig.cs(37,21): warning CA1819: Properties should not return arrays (https://learn.microsoft.com/dotnet/fundamentals/code-analysis/quality-rules/ca1819) [C:\Projects\Hazina\src\Core\Agents\Hazina.AgentFactory\Hazina.AgentFactory.csproj::TargetFramework=net9.0]
C:\Projects\Hazina\src\Core\AI\Hazina.AI.RAG\Retrieval\Reranker.cs(211,44): warning CA1861: Prefer 'static readonly' fields over constant array arguments if the called method is called repeatedly and is not mutating the passed array (https://learn.microsoft.com/dotnet/fundamentals/code-analysis/quality-rules/ca1861) [C:\Projects\Hazina\src\Core\AI\Hazina.AI.RAG\Hazina.AI.RAG.csproj::TargetFramework=net10.0]
C:\Projects\Hazina\src\Core\AI\Hazina.AI.RAG\Embeddings\ContentTypeDetector.cs(149,32): warning CA1866: Use 'string.StartsWith(char)' instead of 'string.StartsWith(string)' when you have a string with a single char (https://learn.microsoft.com/dotnet/fundamentals/code-analysis/quality-rules/ca1866) [C:\Projects\Hazina\src\Core\AI\Hazina.AI.RAG\Hazina.AI.RAG.csproj::TargetFramework=net10.0]
C:\Projects\Hazina\src\Core\AI\Hazina.AI.RAG\Embeddings\ContentTypeDetector.cs(149,57): warning CA1866: Use 'string.EndsWith(char)' instead of 'string.EndsWith(string)' when you have a string with a single char (https://learn.microsoft.com/dotnet/fundamentals/code-analysis/quality-rules/ca1866) [C:\Projects\Hazina\src\Core\AI\Hazina.AI.RAG\Hazina.AI.RAG.csproj::TargetFramework=net10.0]
C:\Projects\Hazina\src\Core\AI\Hazina.AI.RAG\Embeddings\ContentTypeDetector.cs(150,32): warning CA1866: Use 'string.StartsWith(char)' instead of 'string.StartsWith(string)' when you have a string with a single char (https://learn.microsoft.com/dotnet/fundamentals/code-analysis/quality-rules/ca1866) [C:\Projects\Hazina\src\Core\AI\Hazina.AI.RAG\Hazina.AI.RAG.csproj::TargetFramework=net10.0]
C:\Projects\Hazina\src\Core\AI\Hazina.AI.RAG\Embeddings\ContentTypeDetector.cs(150,57): warning CA1866: Use 'string.EndsWith(char)' instead of 'string.EndsWith(string)' when you have a string with a single char (https://learn.microsoft.com/dotnet/fundamentals/code-analysis/quality-rules/ca1866) [C:\Projects\Hazina\src\Core\AI\Hazina.AI.RAG\Hazina.AI.RAG.csproj::TargetFramework=net10.0]
C:\Projects\Hazina\src\Core\AI\Hazina.AI.RAG\Retrieval\Reranker.cs(210,22): warning CA1304: The behavior of 'string.ToLower()' could vary based on the current user's locale settings. Replace this call in 'Reranker.CalculateTextSimilarity(string, string)' with a call to 'string.ToLower(CultureInfo)'. (https://learn.microsoft.com/dotnet/fundamentals/code-analysis/quality-rules/ca1304) [C:\Projects\Hazina\src\Core\AI\Hazina.AI.RAG\Hazina.AI.RAG.csproj::TargetFramework=net10.0]
C:\Projects\Hazina\src\Core\AI\Hazina.AI.RAG\Retrieval\Reranker.cs(211,22): warning CA1304: The behavior of 'string.ToLower()' could vary based on the current user's locale settings. Replace this call in 'Reranker.CalculateTextSimilarity(string, string)' with a call to 'string.ToLower(CultureInfo)'. (https://learn.microsoft.com/dotnet/fundamentals/code-analysis/quality-rules/ca1304) [C:\Projects\Hazina\src\Core\AI\Hazina.AI.RAG\Hazina.AI.RAG.csproj::TargetFramework=net10.0]
C:\Projects\Hazina\src\Core\AI\Hazina.AI.RAG\Embeddings\ContentTypeDetector.cs(149,14): warning CA1310: The behavior of 'string.StartsWith(string)' could vary based on the current user's locale settings. Replace this call in 'Hazina.AI.RAG.Embeddings.ContentTypeDetector.GetJsonScore(string)' with a call to 'string.StartsWith(string, System.StringComparison)'. (https://learn.microsoft.com/dotnet/fundamentals/code-analysis/quality-rules/ca1310) [C:\Projects\Hazina\src\Core\AI\Hazina.AI.RAG\Hazina.AI.RAG.csproj::TargetFramework=net10.0]
C:\Projects\Hazina\src\Core\AI\Hazina.AI.RAG\Embeddings\ContentTypeDetector.cs(149,41): warning CA1310: The behavior of 'string.EndsWith(string)' could vary based on the current user's locale settings. Replace this call in 'Hazina.AI.RAG.Embeddings.ContentTypeDetector.GetJsonScore(string)' with a call to 'string.EndsWith(string, System.StringComparison)'. (https://learn.microsoft.com/dotnet/fundamentals/code-analysis/quality-rules/ca1310) [C:\Projects\Hazina\src\Core\AI\Hazina.AI.RAG\Hazina.AI.RAG.csproj::TargetFramework=net10.0]
C:\Projects\Hazina\src\Core\AI\Hazina.AI.RAG\Embeddings\ContentTypeDetector.cs(150,14): warning CA1310: The behavior of 'string.StartsWith(string)' could vary based on the current user's locale settings. Replace this call in 'Hazina.AI.RAG.Embeddings.ContentTypeDetector.GetJsonScore(string)' with a call to 'string.StartsWith(string, System.StringComparison)'. (https://learn.microsoft.com/dotnet/fundamentals/code-analysis/quality-rules/ca1310) [C:\Projects\Hazina\src\Core\AI\Hazina.AI.RAG\Hazina.AI.RAG.csproj::TargetFramework=net10.0]
C:\Projects\Hazina\src\Core\AI\Hazina.AI.RAG\Embeddings\ContentTypeDetector.cs(150,41): warning CA1310: The behavior of 'string.EndsWith(string)' could vary based on the current user's locale settings. Replace this call in 'Hazina.AI.RAG.Embeddings.ContentTypeDetector.GetJsonScore(string)' with a call to 'string.EndsWith(string, System.StringComparison)'. (https://learn.microsoft.com/dotnet/fundamentals/code-analysis/quality-rules/ca1310) [C:\Projects\Hazina\src\Core\AI\Hazina.AI.RAG\Hazina.AI.RAG.csproj::TargetFramework=net10.0]
C:\Projects\Hazina\src\Core\AI\Hazina.AI.RAG\Embeddings\ContentTypeDetector.cs(156,29): warning CA1875: Use 'Regex.Count' instead of 'Regex.Matches(...).Count' (https://learn.microsoft.com/dotnet/fundamentals/code-analysis/quality-rules/ca1875) [C:\Projects\Hazina\src\Core\AI\Hazina.AI.RAG\Hazina.AI.RAG.csproj::TargetFramework=net10.0]
C:\Projects\Hazina\src\Core\AI\Hazina.AI.RAG\Retrieval\Reranker.cs(210,22): warning MA0011: Use an overload of 'ToLower' that has a 'System.Globalization.CultureInfo' parameter (https://github.com/meziantou/Meziantou.Analyzer/blob/main/docs/Rules/MA0011.md) [C:\Projects\Hazina\src\Core\AI\Hazina.AI.RAG\Hazina.AI.RAG.csproj::TargetFramework=net10.0]
C:\Projects\Hazina\src\Core\AI\Hazina.AI.RAG\Retrieval\Reranker.cs(211,22): warning MA0011: Use an overload of 'ToLower' that has a 'System.Globalization.CultureInfo' parameter (https://github.com/meziantou/Meziantou.Analyzer/blob/main/docs/Rules/MA0011.md) [C:\Projects\Hazina\src\Core\AI\Hazina.AI.RAG\Hazina.AI.RAG.csproj::TargetFramework=net10.0]
C:\Projects\Hazina\src\Core\AI\Hazina.AI.RAG\Embeddings\ContentTypeDetector.cs(156,29): warning MA0009: Regular expressions should not be vulnerable to Denial of Service attacks (https://github.com/meziantou/Meziantou.Analyzer/blob/main/docs/Rules/MA0009.md) [C:\Projects\Hazina\src\Core\AI\Hazina.AI.RAG\Hazina.AI.RAG.csproj::TargetFramework=net10.0]
C:\Projects\Hazina\src\Core\AI\Hazina.AI.RAG\Core\RAGEngine.cs(242,33): warning MA0004: Use Task.ConfigureAwait(false) if the current SynchronizationContext is not needed (https://github.com/meziantou/Meziantou.Analyzer/blob/main/docs/Rules/MA0004.md) [C:\Projects\Hazina\src\Core\AI\Hazina.AI.RAG\Hazina.AI.RAG.csproj::TargetFramework=net10.0]
C:\Projects\Hazina\src\Core\AI\Hazina.AI.RAG\Graph\Storage\SQLiteGraphStore.cs(133,23): warning MA0051: Method is too long (82 lines; maximum allowed: 60) (https://github.com/meziantou/Meziantou.Analyzer/blob/main/docs/Rules/MA0051.md) [C:\Projects\Hazina\src\Core\AI\Hazina.AI.RAG\Hazina.AI.RAG.csproj::TargetFramework=net10.0]
C:\Projects\Hazina\src\Core\AI\Hazina.AI.RAG\Core\RAGEngine.cs(245,17): warning MA0004: Use Task.ConfigureAwait(false) if the current SynchronizationContext is not needed (https://github.com/meziantou/Meziantou.Analyzer/blob/main/docs/Rules/MA0004.md) [C:\Projects\Hazina\src\Core\AI\Hazina.AI.RAG\Hazina.AI.RAG.csproj::TargetFramework=net10.0]
C:\Projects\Hazina\src\Core\AI\Hazina.AI.RAG\Core\RAGEngine.cs(248,21): warning MA0002: Use an overload that has a IEqualityComparer<string> or IComparer<string> parameter (https://github.com/meziantou/Meziantou.Analyzer/blob/main/docs/Rules/MA0002.md) [C:\Projects\Hazina\src\Core\AI\Hazina.AI.RAG\Hazina.AI.RAG.csproj::TargetFramework=net10.0]
C:\Projects\Hazina\src\Core\AI\Hazina.AI.RAG\Retrieval\Reranker.cs(213,20): warning MA0002: Use an overload that has a IEqualityComparer<string> or IComparer<string> parameter (https://github.com/meziantou/Meziantou.Analyzer/blob/main/docs/Rules/MA0002.md) [C:\Projects\Hazina\src\Core\AI\Hazina.AI.RAG\Hazina.AI.RAG.csproj::TargetFramework=net10.0]
C:\Projects\Hazina\src\Core\AI\Hazina.AI.RAG\Retrieval\Reranker.cs(214,20): warning MA0002: Use an overload that has a IEqualityComparer<string> or IComparer<string> parameter (https://github.com/meziantou/Meziantou.Analyzer/blob/main/docs/Rules/MA0002.md) [C:\Projects\Hazina\src\Core\AI\Hazina.AI.RAG\Hazina.AI.RAG.csproj::TargetFramework=net10.0]
C:\Projects\Hazina\src\Core\AI\Hazina.AI.RAG\Retrieval\Reranker.cs(216,28): warning MA0002: Use an overload that has a IEqualityComparer<string> or IComparer<string> parameter (https://github.com/meziantou/Meziantou.Analyzer/blob/main/docs/Rules/MA0002.md) [C:\Projects\Hazina\src\Core\AI\Hazina.AI.RAG\Hazina.AI.RAG.csproj::TargetFramework=net10.0]
C:\Projects\Hazina\src\Core\AI\Hazina.AI.RAG\Retrieval\Reranker.cs(217,21): warning MA0002: Use an overload that has a IEqualityComparer<string> or IComparer<string> parameter (https://github.com/meziantou/Meziantou.Analyzer/blob/main/docs/Rules/MA0002.md) [C:\Projects\Hazina\src\Core\AI\Hazina.AI.RAG\Hazina.AI.RAG.csproj::TargetFramework=net10.0]
C:\Projects\Hazina\src\Core\AI\Hazina.AI.RAG\Embeddings\ContentTypeDetector.cs(149,14): warning MA0074: Use an overload of 'StartsWith' that has a StringComparison parameter (https://github.com/meziantou/Meziantou.Analyzer/blob/main/docs/Rules/MA0074.md) [C:\Projects\Hazina\src\Core\AI\Hazina.AI.RAG\Hazina.AI.RAG.csproj::TargetFramework=net10.0]
C:\Projects\Hazina\src\Core\AI\Hazina.AI.RAG\Embeddings\ContentTypeDetector.cs(149,41): warning MA0074: Use an overload of 'EndsWith' that has a StringComparison parameter (https://github.com/meziantou/Meziantou.Analyzer/blob/main/docs/Rules/MA0074.md) [C:\Projects\Hazina\src\Core\AI\Hazina.AI.RAG\Hazina.AI.RAG.csproj::TargetFramework=net10.0]
C:\Projects\Hazina\src\Core\AI\Hazina.AI.RAG\Embeddings\ContentTypeDetector.cs(150,14): warning MA0074: Use an overload of 'StartsWith' that has a StringComparison parameter (https://github.com/meziantou/Meziantou.Analyzer/blob/main/docs/Rules/MA0074.md) [C:\Projects\Hazina\src\Core\AI\Hazina.AI.RAG\Hazina.AI.RAG.csproj::TargetFramework=net10.0]
C:\Projects\Hazina\src\Core\AI\Hazina.AI.RAG\Embeddings\ContentTypeDetector.cs(150,41): warning MA0074: Use an overload of 'EndsWith' that has a StringComparison parameter (https://github.com/meziantou/Meziantou.Analyzer/blob/main/docs/Rules/MA0074.md) [C:\Projects\Hazina\src\Core\AI\Hazina.AI.RAG\Hazina.AI.RAG.csproj::TargetFramework=net10.0]
C:\Projects\Hazina\src\Core\AI\Hazina.AI.RAG\Core\RAGEngine.cs(259,13): warning CA1031: Modify 'IndexDocumentsAsync' to catch a more specific allowed exception type, or rethrow the exception (https://learn.microsoft.com/dotnet/fundamentals/code-analysis/quality-rules/ca1031) [C:\Projects\Hazina\src\Core\AI\Hazina.AI.RAG\Hazina.AI.RAG.csproj::TargetFramework=net10.0]
C:\Projects\Hazina\src\Core\AI\Hazina.AI.RAG\Embeddings\SemanticSimilarityChunker.cs(214,17): warning CA1031: Modify 'GenerateSentenceEmbeddingsAsync' to catch a more specific allowed exception type, or rethrow the exception (https://learn.microsoft.com/dotnet/fundamentals/code-analysis/quality-rules/ca1031) [C:\Projects\Hazina\src\Core\AI\Hazina.AI.RAG\Hazina.AI.RAG.csproj::TargetFramework=net10.0]
C:\Projects\Hazina\src\Core\AI\Hazina.AI.RAG\Embeddings\SemanticSimilarityChunker.cs(198,9): warning CA1031: Modify 'GenerateSentenceEmbeddingsAsync' to catch a more specific allowed exception type, or rethrow the exception (https://learn.microsoft.com/dotnet/fundamentals/code-analysis/quality-rules/ca1031) [C:\Projects\Hazina\src\Core\AI\Hazina.AI.RAG\Hazina.AI.RAG.csproj::TargetFramework=net10.0]
C:\Projects\Hazina\src\Core\AI\Hazina.AI.RAG\Graph\Retrieval\HybridRetrievalService.cs(214,29): warning CA1031: Modify 'ExpandWithGraphAsync' to catch a more specific allowed exception type, or rethrow the exception (https://learn.microsoft.com/dotnet/fundamentals/code-analysis/quality-rules/ca1031) [C:\Projects\Hazina\src\Core\AI\Hazina.AI.RAG\Hazina.AI.RAG.csproj::TargetFramework=net10.0]
C:\Projects\Hazina\src\Core\AI\Hazina.AI.RAG\Embeddings\HierarchicalChunker.cs(216,72): warning SA1629: Documentation text should end with a period (https://github.com/DotNetAnalyzers/StyleCopAnalyzers/blob/master/documentation/SA1629.md) [C:\Projects\Hazina\src\Core\AI\Hazina.AI.RAG\Hazina.AI.RAG.csproj::TargetFramework=net10.0]
C:\Projects\Hazina\src\Core\AI\Hazina.AI.RAG\Embeddings\HierarchicalChunker.cs(240,57): warning SA1108: Block statements should not contain embedded comments (https://github.com/DotNetAnalyzers/StyleCopAnalyzers/blob/master/documentation/SA1108.md) [C:\Projects\Hazina\src\Core\AI\Hazina.AI.RAG\Hazina.AI.RAG.csproj::TargetFramework=net10.0]
C:\Projects\Hazina\src\Core\AI\Hazina.AI.RAG\Embeddings\HierarchicalChunker.cs(254,54): warning CA1845: Use span-based 'string.Concat' and 'AsSpan' instead of 'Substring' (https://learn.microsoft.com/dotnet/fundamentals/code-analysis/quality-rules/ca1845) [C:\Projects\Hazina\src\Core\AI\Hazina.AI.RAG\Hazina.AI.RAG.csproj::TargetFramework=net10.0]
C:\Projects\Hazina\src\Core\Agents\Hazina.AgentFactory\Configuration\StoreConfig.cs(50,52): warning CA1805: Member 'ExplicitWriteEnabled' is explicitly initialized to its default value (https://learn.microsoft.com/dotnet/fundamentals/code-analysis/quality-rules/ca1805) [C:\Projects\Hazina\src\Core\Agents\Hazina.AgentFactory\Hazina.AgentFactory.csproj::TargetFramework=net9.0]
C:\Projects\Hazina\src\Core\AI\Hazina.AI.RAG\Embeddings\HierarchicalChunker.cs(234,33): warning CA1310: The behavior of 'string.StartsWith(string)' could vary based on the current user's locale settings. Replace this call in 'Hazina.AI.RAG.Embeddings.HierarchicalChunker.SplitCodeSections(string)' with a call to 'string.StartsWith(string, System.StringComparison)'. (https://learn.microsoft.com/dotnet/fundamentals/code-analysis/quality-rules/ca1310) [C:\Projects\Hazina\src\Core\AI\Hazina.AI.RAG\Hazina.AI.RAG.csproj::TargetFramework=net10.0]
C:\Projects\Hazina\src\Core\AI\Hazina.AI.RAG\Embeddings\HierarchicalChunker.cs(235,31): warning CA1310: The behavior of 'string.StartsWith(string)' could vary based on the current user's locale settings. Replace this call in 'Hazina.AI.RAG.Embeddings.HierarchicalChunker.SplitCodeSections(string)' with a call to 'string.StartsWith(string, System.StringComparison)'. (https://learn.microsoft.com/dotnet/fundamentals/code-analysis/quality-rules/ca1310) [C:\Projects\Hazina\src\Core\AI\Hazina.AI.RAG\Hazina.AI.RAG.csproj::TargetFramework=net10.0]
C:\Projects\Hazina\src\Core\Agents\Hazina.AgentFactory\Configuration\StoreConfig.cs(32,19): warning SA1623: The property's documentation summary text should begin with: 'Gets or sets' (https://github.com/DotNetAnalyzers/StyleCopAnalyzers/blob/master/documentation/SA1623.md) [C:\Projects\Hazina\src\Core\Agents\Hazina.AgentFactory\Hazina.AgentFactory.csproj::TargetFramework=net9.0]
C:\Projects\Hazina\src\Core\AI\Hazina.AI.RAG\Embeddings\HierarchicalChunker.cs(236,31): warning CA1310: The behavior of 'string.StartsWith(string)' could vary based on the current user's locale settings. Replace this call in 'Hazina.AI.RAG.Embeddings.HierarchicalChunker.SplitCodeSections(string)' with a call to 'string.StartsWith(string, System.StringComparison)'. (https://learn.microsoft.com/dotnet/fundamentals/code-analysis/quality-rules/ca1310) [C:\Projects\Hazina\src\Core\AI\Hazina.AI.RAG\Hazina.AI.RAG.csproj::TargetFramework=net10.0]
C:\Projects\Hazina\src\Core\AI\Hazina.AI.RAG\Embeddings\HierarchicalChunker.cs(237,31): warning CA1307: 'string.Contains(string)' has a method overload that takes a 'StringComparison' parameter. Replace this call in 'Hazina.AI.RAG.Embeddings.HierarchicalChunker.SplitCodeSections(string)' with a call to 'string.Contains(string, System.StringComparison)' for clarity of intent. (https://learn.microsoft.com/dotnet/fundamentals/code-analysis/quality-rules/ca1307) [C:\Projects\Hazina\src\Core\AI\Hazina.AI.RAG\Hazina.AI.RAG.csproj::TargetFramework=net10.0]
C:\Projects\Hazina\src\Core\AI\Hazina.AI.RAG\Embeddings\HierarchicalChunker.cs(238,31): warning MA0009: Regular expressions should not be vulnerable to Denial of Service attacks (https://github.com/meziantou/Meziantou.Analyzer/blob/main/docs/Rules/MA0009.md) [C:\Projects\Hazina\src\Core\AI\Hazina.AI.RAG\Hazina.AI.RAG.csproj::TargetFramework=net10.0]
C:\Projects\Hazina\src\Core\Agents\Hazina.AgentFactory\Configuration\StoreConfig.cs(27,21): warning SA1623: The property's documentation summary text should begin with: 'Gets or sets' (https://github.com/DotNetAnalyzers/StyleCopAnalyzers/blob/master/documentation/SA1623.md) [C:\Projects\Hazina\src\Core\Agents\Hazina.AgentFactory\Hazina.AgentFactory.csproj::TargetFramework=net9.0]
C:\Projects\Hazina\src\Core\AI\Hazina.AI.RAG\Core\RAGEngine.cs(233,30): warning CA1062: In externally visible method 'Task<IndexingResult> RAGEngine.IndexDocumentsAsync(List<Document> documents, CancellationToken cancellationToken = default(CancellationToken))', validate parameter 'documents' is non-null before using it. If appropriate, throw an 'ArgumentNullException' when the argument is 'null'. (https://learn.microsoft.com/dotnet/fundamentals/code-analysis/quality-rules/ca1062) [C:\Projects\Hazina\src\Core\AI\Hazina.AI.RAG\Hazina.AI.RAG.csproj::TargetFramework=net10.0]
C:\Projects\Hazina\src\Core\AI\Hazina.AI.RAG\Embeddings\LLMMetadataExtractor.cs(187,20): warning S2325: Make 'BuildSingleChunkPrompt' a static method. (https://rules.sonarsource.com/csharp/RSPEC-2325) [C:\Projects\Hazina\src\Core\AI\Hazina.AI.RAG\Hazina.AI.RAG.csproj::TargetFramework=net10.0]
C:\Projects\Hazina\src\Core\AI\Hazina.AI.RAG\Core\RAGEngine.cs(276,18): warning MA0016: Prefer using collection abstraction instead of implementation (https://github.com/meziantou/Meziantou.Analyzer/blob/main/docs/Rules/MA0016.md) [C:\Projects\Hazina\src\Core\AI\Hazina.AI.RAG\Hazina.AI.RAG.csproj::TargetFramework=net10.0]
C:\Projects\Hazina\src\Core\AI\Hazina.AI.RAG\Graph\Retrieval\HybridRetrievalService.cs(273,41): warning S2325: Make 'FuseByWeightedSum' a static method. (https://rules.sonarsource.com/csharp/RSPEC-2325) [C:\Projects\Hazina\src\Core\AI\Hazina.AI.RAG\Hazina.AI.RAG.csproj::TargetFramework=net10.0]
C:\Projects\Hazina\src\Core\AI\Hazina.AI.RAG\Embeddings\HierarchicalChunker.cs(234,33): warning MA0074: Use an overload of 'StartsWith' that has a StringComparison parameter (https://github.com/meziantou/Meziantou.Analyzer/blob/main/docs/Rules/MA0074.md) [C:\Projects\Hazina\src\Core\AI\Hazina.AI.RAG\Hazina.AI.RAG.csproj::TargetFramework=net10.0]
C:\Projects\Hazina\src\Core\AI\Hazina.AI.RAG\Embeddings\HierarchicalChunker.cs(281,52): warning SA1629: Documentation text should end with a period (https://github.com/DotNetAnalyzers/StyleCopAnalyzers/blob/master/documentation/SA1629.md) [C:\Projects\Hazina\src\Core\AI\Hazina.AI.RAG\Hazina.AI.RAG.csproj::TargetFramework=net10.0]
C:\Projects\Hazina\src\Core\AI\Hazina.AI.RAG\Embeddings\HierarchicalChunker.cs(288,13): warning SA1503: Braces should not be omitted (https://github.com/DotNetAnalyzers/StyleCopAnalyzers/blob/master/documentation/SA1503.md) [C:\Projects\Hazina\src\Core\AI\Hazina.AI.RAG\Hazina.AI.RAG.csproj::TargetFramework=net10.0]
C:\Projects\Hazina\src\Core\AI\Hazina.AI.RAG\Embeddings\SemanticSimilarityChunker.cs(226,63): warning SA1629: Documentation text should end with a period (https://github.com/DotNetAnalyzers/StyleCopAnalyzers/blob/master/documentation/SA1629.md) [C:\Projects\Hazina\src\Core\AI\Hazina.AI.RAG\Hazina.AI.RAG.csproj::TargetFramework=net10.0]
C:\Projects\Hazina\src\Core\AI\Hazina.AI.RAG\Embeddings\HierarchicalChunker.cs(235,31): warning MA0074: Use an overload of 'StartsWith' that has a StringComparison parameter (https://github.com/meziantou/Meziantou.Analyzer/blob/main/docs/Rules/MA0074.md) [C:\Projects\Hazina\src\Core\AI\Hazina.AI.RAG\Hazina.AI.RAG.csproj::TargetFramework=net10.0]
C:\Projects\Hazina\src\Core\AI\Hazina.AI.RAG\Embeddings\HierarchicalChunker.cs(236,31): warning MA0074: Use an overload of 'StartsWith' that has a StringComparison parameter (https://github.com/meziantou/Meziantou.Analyzer/blob/main/docs/Rules/MA0074.md) [C:\Projects\Hazina\src\Core\AI\Hazina.AI.RAG\Hazina.AI.RAG.csproj::TargetFramework=net10.0]
C:\Projects\Hazina\src\Core\AI\Hazina.AI.RAG\Embeddings\SemanticSimilarityChunker.cs(241,25): warning CA1848: For improved performance, use the LoggerMessage delegates instead of calling 'LoggerExtensions.LogWarning(ILogger, Exception?, string?, params object?[])' (https://learn.microsoft.com/dotnet/fundamentals/code-analysis/quality-rules/ca1848) [C:\Projects\Hazina\src\Core\AI\Hazina.AI.RAG\Hazina.AI.RAG.csproj::TargetFramework=net10.0]
C:\Projects\Hazina\src\Core\AI\Hazina.AI.RAG\Embeddings\HierarchicalChunkerExtensions.cs(109,13): warning S3458: Remove this empty 'case' clause. (https://rules.sonarsource.com/csharp/RSPEC-3458) [C:\Projects\Hazina\src\Core\AI\Hazina.AI.RAG\Hazina.AI.RAG.csproj::TargetFramework=net10.0]
C:\Projects\Hazina\src\Core\AI\Hazina.AI.RAG\Embeddings\SemanticSimilarityChunker.cs(239,13): warning CA1031: Modify 'CalculatePairwiseSimilarities' to catch a more specific allowed exception type, or rethrow the exception (https://learn.microsoft.com/dotnet/fundamentals/code-analysis/quality-rules/ca1031) [C:\Projects\Hazina\src\Core\AI\Hazina.AI.RAG\Hazina.AI.RAG.csproj::TargetFramework=net10.0]
C:\Projects\Hazina\src\Core\AI\Hazina.AI.RAG\Embeddings\BasicMetadataExtractor.cs(104,19): warning S2325: Make 'ExtractSummary' a static method. (https://rules.sonarsource.com/csharp/RSPEC-2325) [C:\Projects\Hazina\src\Core\AI\Hazina.AI.RAG\Hazina.AI.RAG.csproj::TargetFramework=net10.0]
C:\Projects\Hazina\src\Core\Agents\Hazina.AgentFactory\Configuration\StoreConfig.cs(32,48): warning SA1122: Use string.Empty for empty strings (https://github.com/DotNetAnalyzers/StyleCopAnalyzers/blob/master/documentation/SA1122.md) [C:\Projects\Hazina\src\Core\Agents\Hazina.AgentFactory\Hazina.AgentFactory.csproj::TargetFramework=net9.0]
C:\Projects\Hazina\src\Core\AI\Hazina.AI.RAG\Embeddings\BasicMetadataExtractor.cs(70,70): warning SA1629: Documentation text should end with a period (https://github.com/DotNetAnalyzers/StyleCopAnalyzers/blob/master/documentation/SA1629.md) [C:\Projects\Hazina\src\Core\AI\Hazina.AI.RAG\Hazina.AI.RAG.csproj::TargetFramework=net10.0]
C:\Projects\Hazina\src\Core\AI\Hazina.AI.RAG\Embeddings\BasicMetadataExtractor.cs(78,13): warning SA1503: Braces should not be omitted (https://github.com/DotNetAnalyzers/StyleCopAnalyzers/blob/master/documentation/SA1503.md) [C:\Projects\Hazina\src\Core\AI\Hazina.AI.RAG\Hazina.AI.RAG.csproj::TargetFramework=net10.0]
C:\Projects\Hazina\src\Core\AI\Hazina.AI.RAG\Configuration\SemanticChunkingConfiguration.cs(13,59): warning SA1629: Documentation text should end with a period (https://github.com/DotNetAnalyzers/StyleCopAnalyzers/blob/master/documentation/SA1629.md) [C:\Projects\Hazina\src\Core\AI\Hazina.AI.RAG\Hazina.AI.RAG.csproj::TargetFramework=net10.0]
C:\Projects\Hazina\src\Core\AI\Hazina.AI.RAG\Embeddings\ContentTypeDetector.cs(163,64): warning SA1629: Documentation text should end with a period (https://github.com/DotNetAnalyzers/StyleCopAnalyzers/blob/master/documentation/SA1629.md) [C:\Projects\Hazina\src\Core\AI\Hazina.AI.RAG\Hazina.AI.RAG.csproj::TargetFramework=net10.0]
C:\Projects\Hazina\src\Core\AI\Hazina.AI.RAG\Embeddings\HierarchicalChunkerExtensions.cs(84,48): warning S6608: Indexing at 0 should be used instead of the "Enumerable" extension method "First" (https://rules.sonarsource.com/csharp/RSPEC-6608) [C:\Projects\Hazina\src\Core\AI\Hazina.AI.RAG\Hazina.AI.RAG.csproj::TargetFramework=net10.0]
C:\Projects\Hazina\src\Core\AI\Hazina.AI.RAG\Core\RAGEngine.cs(274,39): warning SA1629: Documentation text should end with a period (https://github.com/DotNetAnalyzers/StyleCopAnalyzers/blob/master/documentation/SA1629.md) [C:\Projects\Hazina\src\Core\AI\Hazina.AI.RAG\Hazina.AI.RAG.csproj::TargetFramework=net10.0]
C:\Projects\Hazina\src\Core\AI\Hazina.AI.RAG\Embeddings\BasicMetadataExtractor.cs(83,38): warning CA1311: Specify a culture or use an invariant version to avoid implicit dependency on current culture (https://learn.microsoft.com/dotnet/fundamentals/code-analysis/quality-rules/ca1311) [C:\Projects\Hazina\src\Core\AI\Hazina.AI.RAG\Hazina.AI.RAG.csproj::TargetFramework=net10.0]
C:\Projects\Hazina\src\Core\AI\Hazina.AI.RAG\Embeddings\LLMMetadataExtractor.cs(185,58): warning SA1629: Documentation text should end with a period (https://github.com/DotNetAnalyzers/StyleCopAnalyzers/blob/master/documentation/SA1629.md) [C:\Projects\Hazina\src\Core\AI\Hazina.AI.RAG\Hazina.AI.RAG.csproj::TargetFramework=net10.0]
C:\Projects\Hazina\src\Core\AI\Hazina.AI.RAG\Core\RAGEngine.cs(282,25): warning MA0004: Use Task.ConfigureAwait(false) if the current SynchronizationContext is not needed (https://github.com/meziantou/Meziantou.Analyzer/blob/main/docs/Rules/MA0004.md) [C:\Projects\Hazina\src\Core\AI\Hazina.AI.RAG\Hazina.AI.RAG.csproj::TargetFramework=net10.0]
C:\Projects\Hazina\src\Core\AI\Hazina.AI.RAG\Core\RAGEngine.cs(283,16): warning MA0004: Use Task.ConfigureAwait(false) if the current SynchronizationContext is not needed (https://github.com/meziantou/Meziantou.Analyzer/blob/main/docs/Rules/MA0004.md) [C:\Projects\Hazina\src\Core\AI\Hazina.AI.RAG\Hazina.AI.RAG.csproj::TargetFramework=net10.0]
C:\Projects\Hazina\src\Core\AI\Hazina.AI.RAG\Embeddings\BasicMetadataExtractor.cs(83,32): warning CA1304: The behavior of 'string.ToLower()' could vary based on the current user's locale settings. Replace this call in 'BasicMetadataExtractor.ExtractKeywordsTFIDF(string, [int])' with a call to 'string.ToLower(CultureInfo)'. (https://learn.microsoft.com/dotnet/fundamentals/code-analysis/quality-rules/ca1304) [C:\Projects\Hazina\src\Core\AI\Hazina.AI.RAG\Hazina.AI.RAG.csproj::TargetFramework=net10.0]
C:\Projects\Hazina\src\Core\AI\Hazina.AI.RAG\Embeddings\HierarchicalChunkerExtensions.cs(85,46): warning S6608: Indexing at Count-1 should be used instead of the "Enumerable" extension method "Last" (https://rules.sonarsource.com/csharp/RSPEC-6608) [C:\Projects\Hazina\src\Core\AI\Hazina.AI.RAG\Hazina.AI.RAG.csproj::TargetFramework=net10.0]
C:\Projects\Hazina\src\Core\AI\Hazina.AI.RAG\Embeddings\SemanticSimilarityChunker.cs(298,17): warning S1854: Remove this useless assignment to local variable 'currentChunkStart'. (https://rules.sonarsource.com/csharp/RSPEC-1854) [C:\Projects\Hazina\src\Core\AI\Hazina.AI.RAG\Hazina.AI.RAG.csproj::TargetFramework=net10.0]
C:\Projects\Hazina\src\Core\AI\Hazina.AI.RAG\Embeddings\LLMMetadataExtractor.cs(191,15): warning CA1845: Use span-based 'string.Concat' and 'AsSpan' instead of 'Substring' (https://learn.microsoft.com/dotnet/fundamentals/code-analysis/quality-rules/ca1845) [C:\Projects\Hazina\src\Core\AI\Hazina.AI.RAG\Hazina.AI.RAG.csproj::TargetFramework=net10.0]
C:\Projects\Hazina\src\Core\AI\Hazina.AI.RAG\Embeddings\BasicMetadataExtractor.cs(102,85): warning SA1629: Documentation text should end with a period (https://github.com/DotNetAnalyzers/StyleCopAnalyzers/blob/master/documentation/SA1629.md) [C:\Projects\Hazina\src\Core\AI\Hazina.AI.RAG\Hazina.AI.RAG.csproj::TargetFramework=net10.0]
C:\Projects\Hazina\src\Core\AI\Hazina.AI.RAG\Embeddings\BasicMetadataExtractor.cs(109,13): warning SA1503: Braces should not be omitted (https://github.com/DotNetAnalyzers/StyleCopAnalyzers/blob/master/documentation/SA1503.md) [C:\Projects\Hazina\src\Core\AI\Hazina.AI.RAG\Hazina.AI.RAG.csproj::TargetFramework=net10.0]
C:\Projects\Hazina\src\Core\AI\Hazina.AI.RAG\Embeddings\BasicMetadataExtractor.cs(123,29): warning CA1845: Use span-based 'string.Concat' and 'AsSpan' instead of 'Substring' (https://learn.microsoft.com/dotnet/fundamentals/code-analysis/quality-rules/ca1845) [C:\Projects\Hazina\src\Core\AI\Hazina.AI.RAG\Hazina.AI.RAG.csproj::TargetFramework=net10.0]
C:\Projects\Hazina\src\Core\AI\Hazina.AI.RAG\Embeddings\HierarchicalChunkerExtensions.cs(65,17): warning SA1503: Braces should not be omitted (https://github.com/DotNetAnalyzers/StyleCopAnalyzers/blob/master/documentation/SA1503.md) [C:\Projects\Hazina\src\Core\AI\Hazina.AI.RAG\Hazina.AI.RAG.csproj::TargetFramework=net10.0]
C:\Projects\Hazina\src\Core\AI\Hazina.AI.RAG\Embeddings\HierarchicalChunkerExtensions.cs(87,13): warning SA1111: Closing parenthesis should be on line of last parameter (https://github.com/DotNetAnalyzers/StyleCopAnalyzers/blob/master/documentation/SA1111.md) [C:\Projects\Hazina\src\Core\AI\Hazina.AI.RAG\Hazina.AI.RAG.csproj::TargetFramework=net10.0]
C:\Projects\Hazina\src\Core\AI\Hazina.AI.RAG\Embeddings\BasicMetadataExtractor.cs(83,32): warning MA0011: Use an overload of 'ToLower' that has a 'System.Globalization.CultureInfo' parameter (https://github.com/meziantou/Meziantou.Analyzer/blob/main/docs/Rules/MA0011.md) [C:\Projects\Hazina\src\Core\AI\Hazina.AI.RAG\Hazina.AI.RAG.csproj::TargetFramework=net10.0]
C:\Projects\Hazina\src\Core\AI\Hazina.AI.RAG\Embeddings\BasicMetadataExtractor.cs(81,24): warning MA0002: Use an overload that has a IEqualityComparer<string> or IComparer<string> parameter (https://github.com/meziantou/Meziantou.Analyzer/blob/main/docs/Rules/MA0002.md) [C:\Projects\Hazina\src\Core\AI\Hazina.AI.RAG\Hazina.AI.RAG.csproj::TargetFramework=net10.0]
C:\Projects\Hazina\src\Core\AI\Hazina.AI.RAG\Embeddings\HierarchicalChunkerExtensions.cs(57,27): warning CA1854: Prefer a 'TryGetValue' call over a Dictionary indexer access guarded by a 'ContainsKey' check to avoid double lookup (https://learn.microsoft.com/dotnet/fundamentals/code-analysis/quality-rules/ca1854) [C:\Projects\Hazina\src\Core\AI\Hazina.AI.RAG\Hazina.AI.RAG.csproj::TargetFramework=net10.0]
C:\Projects\Hazina\src\Core\AI\Hazina.AI.RAG\Embeddings\HierarchicalChunkerExtensions.cs(68,32): warning CA1854: Prefer a 'TryGetValue' call over a Dictionary indexer access guarded by a 'ContainsKey' check to avoid double lookup (https://learn.microsoft.com/dotnet/fundamentals/code-analysis/quality-rules/ca1854) [C:\Projects\Hazina\src\Core\AI\Hazina.AI.RAG\Hazina.AI.RAG.csproj::TargetFramework=net10.0]
C:\Projects\Hazina\src\Core\AI\Hazina.AI.RAG\Embeddings\BasicMetadataExtractor.cs(132,17): warning S2325: Make 'CountWords' a static method. (https://rules.sonarsource.com/csharp/RSPEC-2325) [C:\Projects\Hazina\src\Core\AI\Hazina.AI.RAG\Hazina.AI.RAG.csproj::TargetFramework=net10.0]
C:\Projects\Hazina\src\Core\AI\Hazina.AI.RAG\Embeddings\BasicMetadataExtractor.cs(140,17): warning S2325: Make 'CountSentences' a static method. (https://rules.sonarsource.com/csharp/RSPEC-2325) [C:\Projects\Hazina\src\Core\AI\Hazina.AI.RAG\Hazina.AI.RAG.csproj::TargetFramework=net10.0]
C:\Projects\Hazina\src\Core\AI\Hazina.AI.RAG\Graph\Retrieval\HybridRetrievalService.cs(278,23): warning MA0002: Use an overload that has a IEqualityComparer<string> or IComparer<string> parameter (https://github.com/meziantou/Meziantou.Analyzer/blob/main/docs/Rules/MA0002.md) [C:\Projects\Hazina\src\Core\AI\Hazina.AI.RAG\Hazina.AI.RAG.csproj::TargetFramework=net10.0]
C:\Projects\Hazina\src\Core\AI\Hazina.AI.RAG\Graph\Retrieval\HybridRetrievalService.cs(309,41): warning S2325: Make 'FuseByReciprocalRank' a static method. (https://rules.sonarsource.com/csharp/RSPEC-2325) [C:\Projects\Hazina\src\Core\AI\Hazina.AI.RAG\Hazina.AI.RAG.csproj::TargetFramework=net10.0]
C:\Projects\Hazina\src\Core\AI\Hazina.AI.RAG\Embeddings\LLMMetadataExtractor.cs(213,20): warning S2325: Make 'BuildBatchPrompt' a static method. (https://rules.sonarsource.com/csharp/RSPEC-2325) [C:\Projects\Hazina\src\Core\AI\Hazina.AI.RAG\Hazina.AI.RAG.csproj::TargetFramework=net10.0]
C:\Projects\Hazina\src\Core\AI\Hazina.AI.RAG\Embeddings\BasicMetadataExtractor.cs(75,38): warning CA1062: In externally visible method 'List<string> BasicMetadataExtractor.ExtractKeywordsTFIDF(string text, int topK = 5)', validate parameter 'text' is non-null before using it. If appropriate, throw an 'ArgumentNullException' when the argument is 'null'. (https://learn.microsoft.com/dotnet/fundamentals/code-analysis/quality-rules/ca1062) [C:\Projects\Hazina\src\Core\AI\Hazina.AI.RAG\Hazina.AI.RAG.csproj::TargetFramework=net10.0]
C:\Projects\Hazina\src\Core\AI\Hazina.AI.RAG\Embeddings\ContentTypeDetector.cs(213,64): warning SA1629: Documentation text should end with a period (https://github.com/DotNetAnalyzers/StyleCopAnalyzers/blob/master/documentation/SA1629.md) [C:\Projects\Hazina\src\Core\AI\Hazina.AI.RAG\Hazina.AI.RAG.csproj::TargetFramework=net10.0]
C:\Projects\Hazina\src\Core\AI\Hazina.AI.RAG\Graph\Storage\SQLiteGraphStore.cs(204,17): warning CA1873: Evaluation of this argument may be expensive and unnecessary if logging is disabled (https://learn.microsoft.com/dotnet/fundamentals/code-analysis/quality-rules/ca1873) [C:\Projects\Hazina\src\Core\AI\Hazina.AI.RAG\Hazina.AI.RAG.csproj::TargetFramework=net10.0]
C:\Projects\Hazina\src\Core\AI\Hazina.AI.RAG\Graph\Storage\SQLiteGraphStore.cs(204,17): warning CA1848: For improved performance, use the LoggerMessage delegates instead of calling 'LoggerExtensions.LogDebug(ILogger, string?, params object?[])' (https://learn.microsoft.com/dotnet/fundamentals/code-analysis/quality-rules/ca1848) [C:\Projects\Hazina\src\Core\AI\Hazina.AI.RAG\Hazina.AI.RAG.csproj::TargetFramework=net10.0]
C:\Projects\Hazina\src\Core\AI\Hazina.AI.RAG\Embeddings\SemanticSimilarityChunker.cs(320,26): warning S2325: Make 'ApplyRollingAverage' a static method. (https://rules.sonarsource.com/csharp/RSPEC-2325) [C:\Projects\Hazina\src\Core\AI\Hazina.AI.RAG\Hazina.AI.RAG.csproj::TargetFramework=net10.0]
C:\Projects\Hazina\src\Core\AI\Hazina.AI.RAG\Graph\Storage\SQLiteGraphStore.cs(146,37): warning CA1849: 'SqliteConnection.BeginTransaction()' synchronously blocks. Await 'DbConnection.BeginTransactionAsync(CancellationToken)' instead. (https://learn.microsoft.com/dotnet/fundamentals/code-analysis/quality-rules/ca1849) [C:\Projects\Hazina\src\Core\AI\Hazina.AI.RAG\Hazina.AI.RAG.csproj::TargetFramework=net10.0]
C:\Projects\Hazina\src\Core\AI\Hazina.AI.RAG\Graph\Storage\SQLiteGraphStore.cs(140,9): warning MA0004: Use Task.ConfigureAwait(false) if the current SynchronizationContext is not needed (https://github.com/meziantou/Meziantou.Analyzer/blob/main/docs/Rules/MA0004.md) [C:\Projects\Hazina\src\Core\AI\Hazina.AI.RAG\Hazina.AI.RAG.csproj::TargetFramework=net10.0]
C:\Projects\Hazina\src\Core\AI\Hazina.AI.RAG\Graph\Storage\SQLiteGraphStore.cs(144,13): warning MA0004: Use Task.ConfigureAwait(false) if the current SynchronizationContext is not needed (https://github.com/meziantou/Meziantou.Analyzer/blob/main/docs/Rules/MA0004.md) [C:\Projects\Hazina\src\Core\AI\Hazina.AI.RAG\Hazina.AI.RAG.csproj::TargetFramework=net10.0]
C:\Projects\Hazina\src\Core\AI\Hazina.AI.RAG\Graph\Storage\SQLiteGraphStore.cs(170,21): warning MA0004: Use Task.ConfigureAwait(false) if the current SynchronizationContext is not needed (https://github.com/meziantou/Meziantou.Analyzer/blob/main/docs/Rules/MA0004.md) [C:\Projects\Hazina\src\Core\AI\Hazina.AI.RAG\Hazina.AI.RAG.csproj::TargetFramework=net10.0]
C:\Projects\Hazina\src\Core\AI\Hazina.AI.RAG\Graph\Storage\SQLiteGraphStore.cs(183,29): warning MA0004: Use Task.ConfigureAwait(false) if the current SynchronizationContext is not needed (https://github.com/meziantou/Meziantou.Analyzer/blob/main/docs/Rules/MA0004.md) [C:\Projects\Hazina\src\Core\AI\Hazina.AI.RAG\Hazina.AI.RAG.csproj::TargetFramework=net10.0]
C:\Projects\Hazina\src\Core\AI\Hazina.AI.RAG\Graph\Storage\SQLiteGraphStore.cs(198,29): warning MA0004: Use Task.ConfigureAwait(false) if the current SynchronizationContext is not needed (https://github.com/meziantou/Meziantou.Analyzer/blob/main/docs/Rules/MA0004.md) [C:\Projects\Hazina\src\Core\AI\Hazina.AI.RAG\Hazina.AI.RAG.csproj::TargetFramework=net10.0]
C:\Projects\Hazina\src\Core\AI\Hazina.AI.RAG\Graph\Storage\SQLiteGraphStore.cs(203,17): warning MA0004: Use Task.ConfigureAwait(false) if the current SynchronizationContext is not needed (https://github.com/meziantou/Meziantou.Analyzer/blob/main/docs/Rules/MA0004.md) [C:\Projects\Hazina\src\Core\AI\Hazina.AI.RAG\Hazina.AI.RAG.csproj::TargetFramework=net10.0]
C:\Projects\Hazina\src\Core\AI\Hazina.AI.RAG\Graph\Storage\SQLiteGraphStore.cs(208,17): warning MA0004: Use Task.ConfigureAwait(false) if the current SynchronizationContext is not needed (https://github.com/meziantou/Meziantou.Analyzer/blob/main/docs/Rules/MA0004.md) [C:\Projects\Hazina\src\Core\AI\Hazina.AI.RAG\Hazina.AI.RAG.csproj::TargetFramework=net10.0]
C:\Projects\Hazina\src\Core\AI\Hazina.AI.RAG\Configuration\SemanticChunkingConfiguration.cs(19,23): warning CA1062: In externally visible method 'SemanticChunkingOptions SemanticChunkingConfiguration.LoadFromConfiguration(IConfiguration configuration)', validate parameter 'configuration' is non-null before using it. If appropriate, throw an 'ArgumentNullException' when the argument is 'null'. (https://learn.microsoft.com/dotnet/fundamentals/code-analysis/quality-rules/ca1062) [C:\Projects\Hazina\src\Core\AI\Hazina.AI.RAG\Hazina.AI.RAG.csproj::TargetFramework=net10.0]
C:\Projects\Hazina\src\Core\AI\Hazina.AI.RAG\Embeddings\BasicMetadataExtractor.cs(130,28): warning SA1629: Documentation text should end with a period (https://github.com/DotNetAnalyzers/StyleCopAnalyzers/blob/master/documentation/SA1629.md) [C:\Projects\Hazina\src\Core\AI\Hazina.AI.RAG\Hazina.AI.RAG.csproj::TargetFramework=net10.0]
C:\Projects\Hazina\src\Core\AI\Hazina.AI.RAG\Embeddings\BasicMetadataExtractor.cs(138,32): warning SA1629: Documentation text should end with a period (https://github.com/DotNetAnalyzers/StyleCopAnalyzers/blob/master/documentation/SA1629.md) [C:\Projects\Hazina\src\Core\AI\Hazina.AI.RAG\Hazina.AI.RAG.csproj::TargetFramework=net10.0]
C:\Projects\Hazina\src\Core\AI\Hazina.AI.RAG\Embeddings\HierarchicalChunker.cs(295,49): warning SA1629: Documentation text should end with a period (https://github.com/DotNetAnalyzers/StyleCopAnalyzers/blob/master/documentation/SA1629.md) [C:\Projects\Hazina\src\Core\AI\Hazina.AI.RAG\Hazina.AI.RAG.csproj::TargetFramework=net10.0]
C:\Projects\Hazina\src\Core\AI\Hazina.AI.RAG\Embeddings\BasicMetadataExtractor.cs(134,27): warning CA1861: Prefer 'static readonly' fields over constant array arguments if the called method is called repeatedly and is not mutating the passed array (https://learn.microsoft.com/dotnet/fundamentals/code-analysis/quality-rules/ca1861) [C:\Projects\Hazina\src\Core\AI\Hazina.AI.RAG\Hazina.AI.RAG.csproj::TargetFramework=net10.0]
C:\Projects\Hazina\src\Core\Agents\Hazina.AgentFactory\Configuration\StoreConfig.cs(63,22): warning SA1623: The property's documentation summary text should begin with: 'Gets or sets' (https://github.com/DotNetAnalyzers/StyleCopAnalyzers/blob/master/documentation/SA1623.md) [C:\Projects\Hazina\src\Core\Agents\Hazina.AgentFactory\Hazina.AgentFactory.csproj::TargetFramework=net9.0]
C:\Projects\Hazina\src\Core\AI\Hazina.AI.RAG\Embeddings\HierarchicalChunker.cs(300,37): warning CA1861: Prefer 'static readonly' fields over constant array arguments if the called method is called repeatedly and is not mutating the passed array (https://learn.microsoft.com/dotnet/fundamentals/code-analysis/quality-rules/ca1861) [C:\Projects\Hazina\src\Core\AI\Hazina.AI.RAG\Hazina.AI.RAG.csproj::TargetFramework=net10.0]
C:\Projects\Hazina\src\Core\AI\Hazina.AI.RAG\Graph\Retrieval\HybridRetrievalService.cs(349,41): warning S2325: Make 'FuseByMaxScore' a static method. (https://rules.sonarsource.com/csharp/RSPEC-2325) [C:\Projects\Hazina\src\Core\AI\Hazina.AI.RAG\Hazina.AI.RAG.csproj::TargetFramework=net10.0]
C:\Projects\Hazina\src\Core\AI\Hazina.AI.RAG\Embeddings\SemanticSimilarityChunker.cs(347,9): warning S1172: Remove this unused method parameter 'originalText'. (https://rules.sonarsource.com/csharp/RSPEC-1172) [C:\Projects\Hazina\src\Core\AI\Hazina.AI.RAG\Hazina.AI.RAG.csproj::TargetFramework=net10.0]
C:\Projects\Hazina\src\Core\AI\Hazina.AI.RAG\Embeddings\SemanticSimilarityChunker.cs(250,61): warning SA1629: Documentation text should end with a period (https://github.com/DotNetAnalyzers/StyleCopAnalyzers/blob/master/documentation/SA1629.md) [C:\Projects\Hazina\src\Core\AI\Hazina.AI.RAG\Hazina.AI.RAG.csproj::TargetFramework=net10.0]
C:\Projects\Hazina\src\Core\AI\Hazina.AI.RAG\Embeddings\SemanticSimilarityChunker.cs(295,35): warning SA1116: The parameters should begin on the line after the declaration, whenever the parameter span across multiple lines (https://github.com/DotNetAnalyzers/StyleCopAnalyzers/blob/master/documentation/SA1116.md) [C:\Projects\Hazina\src\Core\AI\Hazina.AI.RAG\Hazina.AI.RAG.csproj::TargetFramework=net10.0]
C:\Projects\Hazina\src\Core\AI\Hazina.AI.RAG\Embeddings\SemanticSimilarityChunker.cs(296,28): warning SA1117: The parameters should all be placed on the same line or each parameter should be placed on its own line (https://github.com/DotNetAnalyzers/StyleCopAnalyzers/blob/master/documentation/SA1117.md) [C:\Projects\Hazina\src\Core\AI\Hazina.AI.RAG\Hazina.AI.RAG.csproj::TargetFramework=net10.0]
C:\Projects\Hazina\src\Core\AI\Hazina.AI.RAG\Embeddings\ContentTypeDetector.cs(180,50): warning SA1629: Documentation text should end with a period (https://github.com/DotNetAnalyzers/StyleCopAnalyzers/blob/master/documentation/SA1629.md) [C:\Projects\Hazina\src\Core\AI\Hazina.AI.RAG\Hazina.AI.RAG.csproj::TargetFramework=net10.0]
C:\Projects\Hazina\src\Core\AI\Hazina.AI.RAG\Embeddings\ContentTypeDetector.cs(199,13): warning SA1503: Braces should not be omitted (https://github.com/DotNetAnalyzers/StyleCopAnalyzers/blob/master/documentation/SA1503.md) [C:\Projects\Hazina\src\Core\AI\Hazina.AI.RAG\Hazina.AI.RAG.csproj::TargetFramework=net10.0]
C:\Projects\Hazina\src\Core\AI\Hazina.AI.RAG\Embeddings\ContentTypeDetector.cs(203,13): warning SA1503: Braces should not be omitted (https://github.com/DotNetAnalyzers/StyleCopAnalyzers/blob/master/documentation/SA1503.md) [C:\Projects\Hazina\src\Core\AI\Hazina.AI.RAG\Hazina.AI.RAG.csproj::TargetFramework=net10.0]
C:\Projects\Hazina\src\Core\AI\Hazina.AI.RAG\Embeddings\ContentTypeDetector.cs(207,13): warning SA1503: Braces should not be omitted (https://github.com/DotNetAnalyzers/StyleCopAnalyzers/blob/master/documentation/SA1503.md) [C:\Projects\Hazina\src\Core\AI\Hazina.AI.RAG\Hazina.AI.RAG.csproj::TargetFramework=net10.0]
C:\Projects\Hazina\src\Core\AI\Hazina.AI.RAG\Embeddings\ContentTypeDetector.cs(198,13): warning CA1307: 'string.Contains(string)' has a method overload that takes a 'StringComparison' parameter. Replace this call in 'Hazina.AI.RAG.Embeddings.ContentTypeDetector.GetTechnicalScore(string)' with a call to 'string.Contains(string, System.StringComparison)' for clarity of intent. (https://learn.microsoft.com/dotnet/fundamentals/code-analysis/quality-rules/ca1307) [C:\Projects\Hazina\src\Core\AI\Hazina.AI.RAG\Hazina.AI.RAG.csproj::TargetFramework=net10.0]
C:\Projects\Hazina\src\Core\AI\Hazina.AI.RAG\Embeddings\ContentTypeDetector.cs(198,37): warning CA1307: 'string.Contains(string)' has a method overload that takes a 'StringComparison' parameter. Replace this call in 'Hazina.AI.RAG.Embeddings.ContentTypeDetector.GetTechnicalScore(string)' with a call to 'string.Contains(string, System.StringComparison)' for clarity of intent. (https://learn.microsoft.com/dotnet/fundamentals/code-analysis/quality-rules/ca1307) [C:\Projects\Hazina\src\Core\AI\Hazina.AI.RAG\Hazina.AI.RAG.csproj::TargetFramework=net10.0]
C:\Projects\Hazina\src\Core\AI\Hazina.AI.RAG\Configuration\SemanticChunkingConfiguration.cs(109,42): warning SA1629: Documentation text should end with a period (https://github.com/DotNetAnalyzers/StyleCopAnalyzers/blob/master/documentation/SA1629.md) [C:\Projects\Hazina\src\Core\AI\Hazina.AI.RAG\Hazina.AI.RAG.csproj::TargetFramework=net10.0]
C:\Projects\Hazina\src\Core\AI\Hazina.AI.RAG\Embeddings\SemanticSimilarityChunker.cs(295,25): warning CA1873: Evaluation of this argument may be expensive and unnecessary if logging is disabled (https://learn.microsoft.com/dotnet/fundamentals/code-analysis/quality-rules/ca1873) [C:\Projects\Hazina\src\Core\AI\Hazina.AI.RAG\Hazina.AI.RAG.csproj::TargetFramework=net10.0]
C:\Projects\Hazina\src\Core\AI\Hazina.AI.RAG\Embeddings\ContentTypeDetector.cs(202,62): warning MA0023: Add RegexOptions.ExplicitCapture to prevent capturing unneeded groups (https://github.com/meziantou/Meziantou.Analyzer/blob/main/docs/Rules/MA0023.md) [C:\Projects\Hazina\src\Core\AI\Hazina.AI.RAG\Hazina.AI.RAG.csproj::TargetFramework=net10.0]
C:\Projects\Hazina\src\Core\AI\Hazina.AI.RAG\Embeddings\SemanticSimilarityChunker.cs(295,25): warning CA1848: For improved performance, use the LoggerMessage delegates instead of calling 'LoggerExtensions.LogDebug(ILogger, string?, params object?[])' (https://learn.microsoft.com/dotnet/fundamentals/code-analysis/quality-rules/ca1848) [C:\Projects\Hazina\src\Core\AI\Hazina.AI.RAG\Hazina.AI.RAG.csproj::TargetFramework=net10.0]
C:\Projects\Hazina\src\Core\AI\Hazina.AI.RAG\Embeddings\ContentTypeDetector.cs(202,13): warning MA0009: Regular expressions should not be vulnerable to Denial of Service attacks (https://github.com/meziantou/Meziantou.Analyzer/blob/main/docs/Rules/MA0009.md) [C:\Projects\Hazina\src\Core\AI\Hazina.AI.RAG\Hazina.AI.RAG.csproj::TargetFramework=net10.0]
C:\Projects\Hazina\src\Core\Agents\Hazina.AgentFactory\Configuration\StoreConfig.cs(37,21): warning SA1623: The property's documentation summary text should begin with: 'Gets or sets' (https://github.com/DotNetAnalyzers/StyleCopAnalyzers/blob/master/documentation/SA1623.md) [C:\Projects\Hazina\src\Core\Agents\Hazina.AgentFactory\Hazina.AgentFactory.csproj::TargetFramework=net9.0]
C:\Projects\Hazina\src\Core\AI\Hazina.AI.RAG\Embeddings\ContentTypeDetector.cs(206,13): warning MA0009: Regular expressions should not be vulnerable to Denial of Service attacks (https://github.com/meziantou/Meziantou.Analyzer/blob/main/docs/Rules/MA0009.md) [C:\Projects\Hazina\src\Core\AI\Hazina.AI.RAG\Hazina.AI.RAG.csproj::TargetFramework=net10.0]
C:\Projects\Hazina\src\Core\AI\Hazina.AI.RAG\Embeddings\LLMMetadataExtractor.cs(272,25): warning CA1002: Change 'List<TextChunk>' in 'LLMMetadataExtractor.EnrichChunksAsync(List<TextChunk>, [CancellationToken])' to use 'Collection<T>', 'ReadOnlyCollection<T>' or 'KeyedCollection<K,V>' (https://learn.microsoft.com/dotnet/fundamentals/code-analysis/quality-rules/ca1002) [C:\Projects\Hazina\src\Core\AI\Hazina.AI.RAG\Hazina.AI.RAG.csproj::TargetFramework=net10.0]
C:\Projects\Hazina\src\Core\AI\Hazina.AI.RAG\Configuration\SemanticChunkingConfiguration.cs(115,23): warning CA1062: In externally visible method 'TextChunkingOptions SemanticChunkingConfiguration.LoadTextChunkingOptions(IConfiguration configuration)', validate parameter 'configuration' is non-null before using it. If appropriate, throw an 'ArgumentNullException' when the argument is 'null'. (https://learn.microsoft.com/dotnet/fundamentals/code-analysis/quality-rules/ca1062) [C:\Projects\Hazina\src\Core\AI\Hazina.AI.RAG\Hazina.AI.RAG.csproj::TargetFramework=net10.0]
C:\Projects\Hazina\src\Core\AI\Hazina.AI.RAG\Embeddings\LLMMetadataExtractor.cs(272,9): warning MA0016: Prefer using collection abstraction instead of implementation (https://github.com/meziantou/Meziantou.Analyzer/blob/main/docs/Rules/MA0016.md) [C:\Projects\Hazina\src\Core\AI\Hazina.AI.RAG\Hazina.AI.RAG.csproj::TargetFramework=net10.0]
C:\Projects\Hazina\src\Core\AI\Hazina.AI.RAG\Embeddings\LLMMetadataExtractor.cs(211,51): warning SA1629: Documentation text should end with a period (https://github.com/DotNetAnalyzers/StyleCopAnalyzers/blob/master/documentation/SA1629.md) [C:\Projects\Hazina\src\Core\AI\Hazina.AI.RAG\Hazina.AI.RAG.csproj::TargetFramework=net10.0]
C:\Projects\Hazina\src\Core\AI\Hazina.AI.RAG\Embeddings\LLMMetadataExtractor.cs(227,19): warning CA1845: Use span-based 'string.Concat' and 'AsSpan' instead of 'Substring' (https://learn.microsoft.com/dotnet/fundamentals/code-analysis/quality-rules/ca1845) [C:\Projects\Hazina\src\Core\AI\Hazina.AI.RAG\Hazina.AI.RAG.csproj::TargetFramework=net10.0]
C:\Projects\Hazina\src\Core\AI\Hazina.AI.RAG\Embeddings\ContentTypeDetector.cs(247,60): warning SA1629: Documentation text should end with a period (https://github.com/DotNetAnalyzers/StyleCopAnalyzers/blob/master/documentation/SA1629.md) [C:\Projects\Hazina\src\Core\AI\Hazina.AI.RAG\Hazina.AI.RAG.csproj::TargetFramework=net10.0]
C:\Projects\Hazina\src\Core\AI\Hazina.AI.RAG\Embeddings\LLMMetadataExtractor.cs(249,58): warning SA1629: Documentation text should end with a period (https://github.com/DotNetAnalyzers/StyleCopAnalyzers/blob/master/documentation/SA1629.md) [C:\Projects\Hazina\src\Core\AI\Hazina.AI.RAG\Hazina.AI.RAG.csproj::TargetFramework=net10.0]
C:\Projects\Hazina\src\Core\AI\Hazina.AI.RAG\Embeddings\LLMMetadataExtractor.cs(219,9): warning CA1305: The behavior of 'StringBuilder.AppendLine(ref StringBuilder.AppendInterpolatedStringHandler)' could vary based on the current user's locale settings. Replace this call in 'LLMMetadataExtractor.BuildBatchPrompt(List<TextChunk>)' with a call to 'StringBuilder.AppendLine(IFormatProvider, ref StringBuilder.AppendInterpolatedStringHandler)'. (https://learn.microsoft.com/dotnet/fundamentals/code-analysis/quality-rules/ca1305) [C:\Projects\Hazina\src\Core\AI\Hazina.AI.RAG\Hazina.AI.RAG.csproj::TargetFramework=net10.0]
C:\Projects\Hazina\src\Core\AI\Hazina.AI.RAG\Embeddings\LLMMetadataExtractor.cs(230,13): warning CA1305: The behavior of 'StringBuilder.AppendLine(ref StringBuilder.AppendInterpolatedStringHandler)' could vary based on the current user's locale settings. Replace this call in 'LLMMetadataExtractor.BuildBatchPrompt(List<TextChunk>)' with a call to 'StringBuilder.AppendLine(IFormatProvider, ref StringBuilder.AppendInterpolatedStringHandler)'. (https://learn.microsoft.com/dotnet/fundamentals/code-analysis/quality-rules/ca1305) [C:\Projects\Hazina\src\Core\AI\Hazina.AI.RAG\Hazina.AI.RAG.csproj::TargetFramework=net10.0]
C:\Projects\Hazina\src\Core\AI\Hazina.AI.RAG\Embeddings\LLMMetadataExtractor.cs(239,9): warning CA1305: The behavior of 'StringBuilder.AppendLine(ref StringBuilder.AppendInterpolatedStringHandler)' could vary based on the current user's locale settings. Replace this call in 'LLMMetadataExtractor.BuildBatchPrompt(List<TextChunk>)' with a call to 'StringBuilder.AppendLine(IFormatProvider, ref StringBuilder.AppendInterpolatedStringHandler)'. (https://learn.microsoft.com/dotnet/fundamentals/code-analysis/quality-rules/ca1305) [C:\Projects\Hazina\src\Core\AI\Hazina.AI.RAG\Hazina.AI.RAG.csproj::TargetFramework=net10.0]
C:\Projects\Hazina\src\Core\AI\Hazina.AI.RAG\Embeddings\LLMMetadataExtractor.cs(243,9): warning CA1305: The behavior of 'StringBuilder.AppendLine(ref StringBuilder.AppendInterpolatedStringHandler)' could vary based on the current user's locale settings. Replace this call in 'LLMMetadataExtractor.BuildBatchPrompt(List<TextChunk>)' with a call to 'StringBuilder.AppendLine(IFormatProvider, ref StringBuilder.AppendInterpolatedStringHandler)'. (https://learn.microsoft.com/dotnet/fundamentals/code-analysis/quality-rules/ca1305) [C:\Projects\Hazina\src\Core\AI\Hazina.AI.RAG\Hazina.AI.RAG.csproj::TargetFramework=net10.0]
C:\Projects\Hazina\src\Core\AI\Hazina.AI.RAG\Graph\Retrieval\HybridRetrievalService.cs(314,23): warning MA0002: Use an overload that has a IEqualityComparer<string> or IComparer<string> parameter (https://github.com/meziantou/Meziantou.Analyzer/blob/main/docs/Rules/MA0002.md) [C:\Projects\Hazina\src\Core\AI\Hazina.AI.RAG\Hazina.AI.RAG.csproj::TargetFramework=net10.0]
C:\Projects\Hazina\src\Core\AI\Hazina.AI.RAG\Embeddings\LLMMetadataExtractor.cs(254,15): warning CA1845: Use span-based 'string.Concat' and 'AsSpan' instead of 'Substring' (https://learn.microsoft.com/dotnet/fundamentals/code-analysis/quality-rules/ca1845) [C:\Projects\Hazina\src\Core\AI\Hazina.AI.RAG\Hazina.AI.RAG.csproj::TargetFramework=net10.0]
C:\Projects\Hazina\src\Core\AI\Hazina.AI.RAG\Embeddings\LLMMetadataExtractor.cs(219,9): warning MA0011: Use an overload of 'AppendLine' that has a 'System.IFormatProvider' parameter (https://github.com/meziantou/Meziantou.Analyzer/blob/main/docs/Rules/MA0011.md) [C:\Projects\Hazina\src\Core\AI\Hazina.AI.RAG\Hazina.AI.RAG.csproj::TargetFramework=net10.0]
C:\Projects\Hazina\src\Core\AI\Hazina.AI.RAG\Embeddings\LLMMetadataExtractor.cs(230,13): warning MA0011: Use an overload of 'AppendLine' that has a 'System.IFormatProvider' parameter (https://github.com/meziantou/Meziantou.Analyzer/blob/main/docs/Rules/MA0011.md) [C:\Projects\Hazina\src\Core\AI\Hazina.AI.RAG\Hazina.AI.RAG.csproj::TargetFramework=net10.0]
C:\Projects\Hazina\src\Core\AI\Hazina.AI.RAG\Embeddings\LLMMetadataExtractor.cs(243,9): warning MA0011: Use an overload of 'AppendLine' that has a 'System.IFormatProvider' parameter (https://github.com/meziantou/Meziantou.Analyzer/blob/main/docs/Rules/MA0011.md) [C:\Projects\Hazina\src\Core\AI\Hazina.AI.RAG\Hazina.AI.RAG.csproj::TargetFramework=net10.0]
C:\Projects\Hazina\src\Core\AI\Hazina.AI.RAG\Embeddings\LLMMetadataExtractor.cs(291,35): warning S3267: Loop should be simplified by calling Select(chunk => chunk.Text)) (https://rules.sonarsource.com/csharp/RSPEC-3267) [C:\Projects\Hazina\src\Core\AI\Hazina.AI.RAG\Hazina.AI.RAG.csproj::TargetFramework=net10.0]
C:\Projects\Hazina\src\Core\Agents\Hazina.AgentFactory\Configuration\StoreConfig.cs(69,17): warning SA1623: The property's documentation summary text should begin with: 'Gets or sets a value indicating whether' (https://github.com/DotNetAnalyzers/StyleCopAnalyzers/blob/master/documentation/SA1623.md) [C:\Projects\Hazina\src\Core\Agents\Hazina.AgentFactory\Hazina.AgentFactory.csproj::TargetFramework=net9.0]
C:\Projects\Hazina\src\Core\AI\Hazina.AI.RAG\Embeddings\SemanticSimilarityChunker.cs(318,71): warning SA1629: Documentation text should end with a period (https://github.com/DotNetAnalyzers/StyleCopAnalyzers/blob/master/documentation/SA1629.md) [C:\Projects\Hazina\src\Core\AI\Hazina.AI.RAG\Hazina.AI.RAG.csproj::TargetFramework=net10.0]
C:\Projects\Hazina\src\Core\AI\Hazina.AI.RAG\Embeddings\ContentTypeDetector.cs(264,68): warning SA1629: Documentation text should end with a period (https://github.com/DotNetAnalyzers/StyleCopAnalyzers/blob/master/documentation/SA1629.md) [C:\Projects\Hazina\src\Core\AI\Hazina.AI.RAG\Hazina.AI.RAG.csproj::TargetFramework=net10.0]
C:\Projects\Hazina\src\Core\Agents\Hazina.AgentFactory\Configuration\StoreConfig.cs(43,17): warning SA1623: The property's documentation summary text should begin with: 'Gets or sets a value indicating whether' (https://github.com/DotNetAnalyzers/StyleCopAnalyzers/blob/master/documentation/SA1623.md) [C:\Projects\Hazina\src\Core\Agents\Hazina.AgentFactory\Hazina.AgentFactory.csproj::TargetFramework=net9.0]
C:\Projects\Hazina\src\Core\AI\Hazina.AI.RAG\Embeddings\SemanticSimilarityChunker.cs(323,13): warning SA1503: Braces should not be omitted (https://github.com/DotNetAnalyzers/StyleCopAnalyzers/blob/master/documentation/SA1503.md) [C:\Projects\Hazina\src\Core\AI\Hazina.AI.RAG\Hazina.AI.RAG.csproj::TargetFramework=net10.0]
C:\Projects\Hazina\src\Core\AI\Hazina.AI.RAG\Embeddings\ContentTypeDetector.cs(274,13): warning MA0006: Use string.Equals instead of Equals operator (https://github.com/meziantou/Meziantou.Analyzer/blob/main/docs/Rules/MA0006.md) [C:\Projects\Hazina\src\Core\AI\Hazina.AI.RAG\Hazina.AI.RAG.csproj::TargetFramework=net10.0]
C:\Projects\Hazina\src\Core\AI\Hazina.AI.RAG\Embeddings\ContentTypeDetector.cs(270,27): warning CA1062: In externally visible method 'void ContentTypeDetector.ApplyContentTypeOptimizations(SemanticChunkingOptions options, string text)', validate parameter 'options' is non-null before using it. If appropriate, throw an 'ArgumentNullException' when the argument is 'null'. (https://learn.microsoft.com/dotnet/fundamentals/code-analysis/quality-rules/ca1062) [C:\Projects\Hazina\src\Core\AI\Hazina.AI.RAG\Hazina.AI.RAG.csproj::TargetFramework=net10.0]
C:\Projects\Hazina\src\Core\AI\Hazina.AI.RAG\Embeddings\ContentTypeDetector.cs(230,60): warning SA1629: Documentation text should end with a period (https://github.com/DotNetAnalyzers/StyleCopAnalyzers/blob/master/documentation/SA1629.md) [C:\Projects\Hazina\src\Core\AI\Hazina.AI.RAG\Hazina.AI.RAG.csproj::TargetFramework=net10.0]
C:\Projects\Hazina\src\Core\AI\Hazina.AI.RAG\Embeddings\BasicMetadataExtractor.cs(178,31): warning S6605: Collection-specific "Exists" method should be used instead of the "Any" extension. (https://rules.sonarsource.com/csharp/RSPEC-6605) [C:\Projects\Hazina\src\Core\AI\Hazina.AI.RAG\Hazina.AI.RAG.csproj::TargetFramework=net10.0]
C:\Projects\Hazina\src\Core\AI\Hazina.AI.RAG\Graph\Retrieval\HybridRetrievalService.cs(353,23): warning MA0002: Use an overload that has a IEqualityComparer<string> or IComparer<string> parameter (https://github.com/meziantou/Meziantou.Analyzer/blob/main/docs/Rules/MA0002.md) [C:\Projects\Hazina\src\Core\AI\Hazina.AI.RAG\Hazina.AI.RAG.csproj::TargetFramework=net10.0]
C:\Projects\Hazina\src\Core\AI\Hazina.AI.RAG\Embeddings\BasicMetadataExtractor.cs(169,18): warning S2325: Make 'DetectCode' a static method. (https://rules.sonarsource.com/csharp/RSPEC-2325) [C:\Projects\Hazina\src\Core\AI\Hazina.AI.RAG\Hazina.AI.RAG.csproj::TargetFramework=net10.0]
C:\Projects\Hazina\src\Core\AI\Hazina.AI.RAG\Embeddings\BasicMetadataExtractor.cs(184,18): warning S2325: Make 'DetectUrls' a static method. (https://rules.sonarsource.com/csharp/RSPEC-2325) [C:\Projects\Hazina\src\Core\AI\Hazina.AI.RAG\Hazina.AI.RAG.csproj::TargetFramework=net10.0]
C:\Projects\Hazina\src\Core\AI\Hazina.AI.RAG\Embeddings\SemanticSimilarityChunker.cs(342,52): warning SA1629: Documentation text should end with a period (https://github.com/DotNetAnalyzers/StyleCopAnalyzers/blob/master/documentation/SA1629.md) [C:\Projects\Hazina\src\Core\AI\Hazina.AI.RAG\Hazina.AI.RAG.csproj::TargetFramework=net10.0]
C:\Projects\Hazina\src\Core\AI\Hazina.AI.RAG\Graph\Pipeline\GraphConstructionPipeline.cs(43,48): warning MA0051: Method is too long (145 lines; maximum allowed: 60) (https://github.com/meziantou/Meziantou.Analyzer/blob/main/docs/Rules/MA0051.md) [C:\Projects\Hazina\src\Core\AI\Hazina.AI.RAG\Hazina.AI.RAG.csproj::TargetFramework=net10.0]
C:\Projects\Hazina\src\Core\AI\Hazina.AI.RAG\Embeddings\SemanticSimilarityChunker.cs(368,28): warning MA0002: Use an overload that has a IEqualityComparer<string> or IComparer<string> parameter (https://github.com/meziantou/Meziantou.Analyzer/blob/main/docs/Rules/MA0002.md) [C:\Projects\Hazina\src\Core\AI\Hazina.AI.RAG\Hazina.AI.RAG.csproj::TargetFramework=net10.0]
C:\Projects\Hazina\src\Core\AI\Hazina.AI.RAG\Embeddings\BasicMetadataExtractor.cs(148,26): warning S2325: Make 'TokenizeAndClean' a static method. (https://rules.sonarsource.com/csharp/RSPEC-2325) [C:\Projects\Hazina\src\Core\AI\Hazina.AI.RAG\Hazina.AI.RAG.csproj::TargetFramework=net10.0]
C:\Projects\Hazina\src\Core\AI\Hazina.AI.RAG\Embeddings\LLMMetadataExtractor.cs(269,66): warning SA1629: Documentation text should end with a period (https://github.com/DotNetAnalyzers/StyleCopAnalyzers/blob/master/documentation/SA1629.md) [C:\Projects\Hazina\src\Core\AI\Hazina.AI.RAG\Hazina.AI.RAG.csproj::TargetFramework=net10.0]
C:\Projects\Hazina\src\Core\AI\Hazina.AI.RAG\Embeddings\LLMMetadataExtractor.cs(276,13): warning SA1503: Braces should not be omitted (https://github.com/DotNetAnalyzers/StyleCopAnalyzers/blob/master/documentation/SA1503.md) [C:\Projects\Hazina\src\Core\AI\Hazina.AI.RAG\Hazina.AI.RAG.csproj::TargetFramework=net10.0]
C:\Projects\Hazina\src\Core\AI\Hazina.AI.RAG\Embeddings\LLMMetadataExtractor.cs(278,17): warning CA1873: Evaluation of this argument may be expensive and unnecessary if logging is disabled (https://learn.microsoft.com/dotnet/fundamentals/code-analysis/quality-rules/ca1873) [C:\Projects\Hazina\src\Core\AI\Hazina.AI.RAG\Hazina.AI.RAG.csproj::TargetFramework=net10.0]
C:\Projects\Hazina\src\Core\AI\Hazina.AI.RAG\Embeddings\LLMMetadataExtractor.cs(312,17): warning CA1873: Evaluation of this argument may be expensive and unnecessary if logging is disabled (https://learn.microsoft.com/dotnet/fundamentals/code-analysis/quality-rules/ca1873) [C:\Projects\Hazina\src\Core\AI\Hazina.AI.RAG\Hazina.AI.RAG.csproj::TargetFramework=net10.0]
C:\Projects\Hazina\src\Core\AI\Hazina.AI.RAG\Embeddings\LLMMetadataExtractor.cs(278,17): warning CA1848: For improved performance, use the LoggerMessage delegates instead of calling 'LoggerExtensions.LogInformation(ILogger, string?, params object?[])' (https://learn.microsoft.com/dotnet/fundamentals/code-analysis/quality-rules/ca1848) [C:\Projects\Hazina\src\Core\AI\Hazina.AI.RAG\Hazina.AI.RAG.csproj::TargetFramework=net10.0]
C:\Projects\Hazina\src\Core\AI\Hazina.AI.RAG\Embeddings\LLMMetadataExtractor.cs(312,17): warning CA1848: For improved performance, use the LoggerMessage delegates instead of calling 'LoggerExtensions.LogInformation(ILogger, string?, params object?[])' (https://learn.microsoft.com/dotnet/fundamentals/code-analysis/quality-rules/ca1848) [C:\Projects\Hazina\src\Core\AI\Hazina.AI.RAG\Hazina.AI.RAG.csproj::TargetFramework=net10.0]
C:\Projects\Hazina\src\Core\Agents\Hazina.AgentFactory\Configuration\StoreConfig.cs(69,46): warning CA1805: Member 'FollowSymlinks' is explicitly initialized to its default value (https://learn.microsoft.com/dotnet/fundamentals/code-analysis/quality-rules/ca1805) [C:\Projects\Hazina\src\Core\Agents\Hazina.AgentFactory\Hazina.AgentFactory.csproj::TargetFramework=net9.0]
C:\Projects\Hazina\src\Core\AI\Hazina.AI.RAG\Embeddings\LLMMetadataExtractor.cs(285,28): warning MA0004: Use Task.ConfigureAwait(false) if the current SynchronizationContext is not needed (https://github.com/meziantou/Meziantou.Analyzer/blob/main/docs/Rules/MA0004.md) [C:\Projects\Hazina\src\Core\AI\Hazina.AI.RAG\Hazina.AI.RAG.csproj::TargetFramework=net10.0]
C:\Projects\Hazina\src\Core\AI\Hazina.AI.RAG\Embeddings\LLMMetadataExtractor.cs(293,32): warning MA0004: Use Task.ConfigureAwait(false) if the current SynchronizationContext is not needed (https://github.com/meziantou/Meziantou.Analyzer/blob/main/docs/Rules/MA0004.md) [C:\Projects\Hazina\src\Core\AI\Hazina.AI.RAG\Hazina.AI.RAG.csproj::TargetFramework=net10.0]
C:\Projects\Hazina\src\Core\AI\Hazina.AI.RAG\Graph\Storage\SQLiteGraphStore.cs(221,9): warning MA0004: Use Task.ConfigureAwait(false) if the current SynchronizationContext is not needed (https://github.com/meziantou/Meziantou.Analyzer/blob/main/docs/Rules/MA0004.md) [C:\Projects\Hazina\src\Core\AI\Hazina.AI.RAG\Hazina.AI.RAG.csproj::TargetFramework=net10.0]
C:\Projects\Hazina\src\Core\AI\Hazina.AI.RAG\Graph\Storage\SQLiteGraphStore.cs(228,28): warning MA0004: Use Task.ConfigureAwait(false) if the current SynchronizationContext is not needed (https://github.com/meziantou/Meziantou.Analyzer/blob/main/docs/Rules/MA0004.md) [C:\Projects\Hazina\src\Core\AI\Hazina.AI.RAG\Hazina.AI.RAG.csproj::TargetFramework=net10.0]
C:\Projects\Hazina\src\Core\AI\Hazina.AI.RAG\Graph\Storage\SQLiteGraphStore.cs(229,13): warning MA0004: Use Task.ConfigureAwait(false) if the current SynchronizationContext is not needed (https://github.com/meziantou/Meziantou.Analyzer/blob/main/docs/Rules/MA0004.md) [C:\Projects\Hazina\src\Core\AI\Hazina.AI.RAG\Hazina.AI.RAG.csproj::TargetFramework=net10.0]
C:\Projects\Hazina\src\Core\AI\Hazina.AI.RAG\Graph\Storage\SQLiteGraphStore.cs(232,13): warning MA0004: Use Task.ConfigureAwait(false) if the current SynchronizationContext is not needed (https://github.com/meziantou/Meziantou.Analyzer/blob/main/docs/Rules/MA0004.md) [C:\Projects\Hazina\src\Core\AI\Hazina.AI.RAG\Hazina.AI.RAG.csproj::TargetFramework=net10.0]
C:\Projects\Hazina\src\Core\AI\Hazina.AI.RAG\Embeddings\SemanticSimilarityChunker.cs(444,47): warning SA1629: Documentation text should end with a period (https://github.com/DotNetAnalyzers/StyleCopAnalyzers/blob/master/documentation/SA1629.md) [C:\Projects\Hazina\src\Core\AI\Hazina.AI.RAG\Hazina.AI.RAG.csproj::TargetFramework=net10.0]
C:\Projects\Hazina\src\Core\AI\Hazina.AI.RAG\Embeddings\BasicMetadataExtractor.cs(194,18): warning S2325: Make 'DetectNumbers' a static method. (https://rules.sonarsource.com/csharp/RSPEC-2325) [C:\Projects\Hazina\src\Core\AI\Hazina.AI.RAG\Hazina.AI.RAG.csproj::TargetFramework=net10.0]
C:\Projects\Hazina\src\Core\AI\Hazina.AI.RAG\Embeddings\SemanticSimilarityChunker.cs(454,24): warning MA0002: Use an overload that has a IEqualityComparer<string> or IComparer<string> parameter (https://github.com/meziantou/Meziantou.Analyzer/blob/main/docs/Rules/MA0002.md) [C:\Projects\Hazina\src\Core\AI\Hazina.AI.RAG\Hazina.AI.RAG.csproj::TargetFramework=net10.0]
C:\Projects\Hazina\src\Core\AI\Hazina.AI.RAG\Embeddings\SemanticSimilarityChunker.cs(492,31): warning S3267: Loop should be simplified by calling Select(chunk => chunk.Metadata)) (https://rules.sonarsource.com/csharp/RSPEC-3267) [C:\Projects\Hazina\src\Core\AI\Hazina.AI.RAG\Hazina.AI.RAG.csproj::TargetFramework=net10.0]
C:\Projects\Hazina\src\Core\AI\Hazina.AI.RAG\Embeddings\SemanticSimilarityChunker.cs(385,65): warning SA1629: Documentation text should end with a period (https://github.com/DotNetAnalyzers/StyleCopAnalyzers/blob/master/documentation/SA1629.md) [C:\Projects\Hazina\src\Core\AI\Hazina.AI.RAG\Hazina.AI.RAG.csproj::TargetFramework=net10.0]
C:\Projects\Hazina\src\Core\AI\Hazina.AI.RAG\Embeddings\BasicMetadataExtractor.cs(182,37): warning SA1629: Documentation text should end with a period (https://github.com/DotNetAnalyzers/StyleCopAnalyzers/blob/master/documentation/SA1629.md) [C:\Projects\Hazina\src\Core\AI\Hazina.AI.RAG\Hazina.AI.RAG.csproj::TargetFramework=net10.0]
C:\Projects\Hazina\src\Core\AI\Hazina.AI.RAG\Embeddings\SemanticSimilarityChunker.cs(422,29): warning CA1873: Evaluation of this argument may be expensive and unnecessary if logging is disabled (https://learn.microsoft.com/dotnet/fundamentals/code-analysis/quality-rules/ca1873) [C:\Projects\Hazina\src\Core\AI\Hazina.AI.RAG\Hazina.AI.RAG.csproj::TargetFramework=net10.0]
C:\Projects\Hazina\src\Core\AI\Hazina.AI.RAG\Embeddings\SemanticSimilarityChunker.cs(410,29): warning CA1848: For improved performance, use the LoggerMessage delegates instead of calling 'LoggerExtensions.LogWarning(ILogger, Exception?, string?, params object?[])' (https://learn.microsoft.com/dotnet/fundamentals/code-analysis/quality-rules/ca1848) [C:\Projects\Hazina\src\Core\AI\Hazina.AI.RAG\Hazina.AI.RAG.csproj::TargetFramework=net10.0]
C:\Projects\Hazina\src\Core\AI\Hazina.AI.RAG\Embeddings\SemanticSimilarityChunker.cs(422,29): warning CA1848: For improved performance, use the LoggerMessage delegates instead of calling 'LoggerExtensions.LogInformation(ILogger, string?, params object?[])' (https://learn.microsoft.com/dotnet/fundamentals/code-analysis/quality-rules/ca1848) [C:\Projects\Hazina\src\Core\AI\Hazina.AI.RAG\Hazina.AI.RAG.csproj::TargetFramework=net10.0]
C:\Projects\Hazina\src\Core\AI\Hazina.AI.RAG\Embeddings\SemanticSimilarityChunker.cs(427,29): warning CA1848: For improved performance, use the LoggerMessage delegates instead of calling 'LoggerExtensions.LogInformation(ILogger, string?, params object?[])' (https://learn.microsoft.com/dotnet/fundamentals/code-analysis/quality-rules/ca1848) [C:\Projects\Hazina\src\Core\AI\Hazina.AI.RAG\Hazina.AI.RAG.csproj::TargetFramework=net10.0]
C:\Projects\Hazina\src\Core\AI\Hazina.AI.RAG\Embeddings\SemanticSimilarityChunker.cs(431,29): warning CA1848: For improved performance, use the LoggerMessage delegates instead of calling 'LoggerExtensions.LogError(ILogger, Exception?, string?, params object?[])' (https://learn.microsoft.com/dotnet/fundamentals/code-analysis/quality-rules/ca1848) [C:\Projects\Hazina\src\Core\AI\Hazina.AI.RAG\Hazina.AI.RAG.csproj::TargetFramework=net10.0]
C:\Projects\Hazina\src\Core\AI\Hazina.AI.RAG\Embeddings\SemanticSimilarityChunker.cs(436,25): warning CA1848: For improved performance, use the LoggerMessage delegates instead of calling 'LoggerExtensions.LogWarning(ILogger, string?, params object?[])' (https://learn.microsoft.com/dotnet/fundamentals/code-analysis/quality-rules/ca1848) [C:\Projects\Hazina\src\Core\AI\Hazina.AI.RAG\Hazina.AI.RAG.csproj::TargetFramework=net10.0]
C:\Projects\Hazina\src\Core\AI\Hazina.AI.RAG\Graph\Storage\InMemoryGraphStore.cs(152,9): warning MA0004: Use Task.ConfigureAwait(false) if the current SynchronizationContext is not needed (https://github.com/meziantou/Meziantou.Analyzer/blob/main/docs/Rules/MA0004.md) [C:\Projects\Hazina\src\Core\AI\Hazina.AI.RAG\Hazina.AI.RAG.csproj::TargetFramework=net10.0]
C:\Projects\Hazina\src\Core\AI\Hazina.AI.RAG\Graph\Storage\InMemoryGraphStore.cs(149,23): warning MA0002: Use an overload that has a IEqualityComparer<string> or IComparer<string> parameter (https://github.com/meziantou/Meziantou.Analyzer/blob/main/docs/Rules/MA0002.md) [C:\Projects\Hazina\src\Core\AI\Hazina.AI.RAG\Hazina.AI.RAG.csproj::TargetFramework=net10.0]
C:\Projects\Hazina\src\Core\AI\Hazina.AI.RAG\Embeddings\SemanticSimilarityChunker.cs(425,21): warning MA0004: Use Task.ConfigureAwait(false) if the current SynchronizationContext is not needed (https://github.com/meziantou/Meziantou.Analyzer/blob/main/docs/Rules/MA0004.md) [C:\Projects\Hazina\src\Core\AI\Hazina.AI.RAG\Hazina.AI.RAG.csproj::TargetFramework=net10.0]
C:\Projects\Hazina\src\Core\AI\Hazina.AI.RAG\Graph\Storage\InMemoryGraphStore.cs(82,25): warning MA0002: Use an overload that has a IEqualityComparer<string> or IComparer<string> parameter (https://github.com/meziantou/Meziantou.Analyzer/blob/main/docs/Rules/MA0002.md) [C:\Projects\Hazina\src\Core\AI\Hazina.AI.RAG\Hazina.AI.RAG.csproj::TargetFramework=net10.0]
C:\Projects\Hazina\src\Core\AI\Hazina.AI.RAG\Graph\Storage\InMemoryGraphStore.cs(102,26): warning MA0002: Use an overload that has a IEqualityComparer<string> or IComparer<string> parameter (https://github.com/meziantou/Meziantou.Analyzer/blob/main/docs/Rules/MA0002.md) [C:\Projects\Hazina\src\Core\AI\Hazina.AI.RAG\Hazina.AI.RAG.csproj::TargetFramework=net10.0]
C:\Projects\Hazina\src\Core\AI\Hazina.AI.RAG\Graph\Storage\InMemoryGraphStore.cs(115,26): warning MA0002: Use an overload that has a IEqualityComparer<string> or IComparer<string> parameter (https://github.com/meziantou/Meziantou.Analyzer/blob/main/docs/Rules/MA0002.md) [C:\Projects\Hazina\src\Core\AI\Hazina.AI.RAG\Hazina.AI.RAG.csproj::TargetFramework=net10.0]
C:\Projects\Hazina\src\Core\AI\Hazina.AI.RAG\Embeddings\SemanticSimilarityChunker.cs(408,17): warning CA1031: Modify 'EnrichWithMetadataAsync' to catch a more specific allowed exception type, or rethrow the exception (https://learn.microsoft.com/dotnet/fundamentals/code-analysis/quality-rules/ca1031) [C:\Projects\Hazina\src\Core\AI\Hazina.AI.RAG\Hazina.AI.RAG.csproj::TargetFramework=net10.0]
C:\Projects\Hazina\src\Core\AI\Hazina.AI.RAG\Embeddings\SemanticSimilarityChunker.cs(429,17): warning CA1031: Modify 'EnrichWithMetadataAsync' to catch a more specific allowed exception type, or rethrow the exception (https://learn.microsoft.com/dotnet/fundamentals/code-analysis/quality-rules/ca1031) [C:\Projects\Hazina\src\Core\AI\Hazina.AI.RAG\Hazina.AI.RAG.csproj::TargetFramework=net10.0]
C:\Projects\Hazina\src\Core\AI\Hazina.AI.RAG\Embeddings\SemanticSimilarityChunker.cs(476,73): warning SA1629: Documentation text should end with a period (https://github.com/DotNetAnalyzers/StyleCopAnalyzers/blob/master/documentation/SA1629.md) [C:\Projects\Hazina\src\Core\AI\Hazina.AI.RAG\Hazina.AI.RAG.csproj::TargetFramework=net10.0]
C:\Projects\Hazina\src\Core\AI\Hazina.AI.RAG\Embeddings\BasicMetadataExtractor.cs(167,49): warning SA1629: Documentation text should end with a period (https://github.com/DotNetAnalyzers/StyleCopAnalyzers/blob/master/documentation/SA1629.md) [C:\Projects\Hazina\src\Core\AI\Hazina.AI.RAG\Hazina.AI.RAG.csproj::TargetFramework=net10.0]
C:\Projects\Hazina\src\Core\AI\Hazina.AI.RAG\Embeddings\SemanticSimilarityChunker.cs(503,29): warning SA1629: Documentation text should end with a period (https://github.com/DotNetAnalyzers/StyleCopAnalyzers/blob/master/documentation/SA1629.md) [C:\Projects\Hazina\src\Core\AI\Hazina.AI.RAG\Hazina.AI.RAG.csproj::TargetFramework=net10.0]
C:\Projects\Hazina\src\Core\AI\Hazina.AI.RAG\Embeddings\SemanticSimilarityChunker.cs(480,17): warning CA1873: Evaluation of this argument may be expensive and unnecessary if logging is disabled (https://learn.microsoft.com/dotnet/fundamentals/code-analysis/quality-rules/ca1873) [C:\Projects\Hazina\src\Core\AI\Hazina.AI.RAG\Hazina.AI.RAG.csproj::TargetFramework=net10.0]
C:\Projects\Hazina\src\Core\AI\Hazina.AI.RAG\Embeddings\SemanticSimilarityChunker.cs(480,17): warning CA1848: For improved performance, use the LoggerMessage delegates instead of calling 'LoggerExtensions.LogInformation(ILogger, string?, params object?[])' (https://learn.microsoft.com/dotnet/fundamentals/code-analysis/quality-rules/ca1848) [C:\Projects\Hazina\src\Core\AI\Hazina.AI.RAG\Hazina.AI.RAG.csproj::TargetFramework=net10.0]
C:\Projects\Hazina\src\Core\AI\Hazina.AI.RAG\Embeddings\SemanticSimilarityChunker.cs(520,35): warning SA1629: Documentation text should end with a period (https://github.com/DotNetAnalyzers/StyleCopAnalyzers/blob/master/documentation/SA1629.md) [C:\Projects\Hazina\src\Core\AI\Hazina.AI.RAG\Hazina.AI.RAG.csproj::TargetFramework=net10.0]
C:\Projects\Hazina\src\Core\AI\Hazina.AI.RAG\Embeddings\BasicMetadataExtractor.cs(192,63): warning SA1629: Documentation text should end with a period (https://github.com/DotNetAnalyzers/StyleCopAnalyzers/blob/master/documentation/SA1629.md) [C:\Projects\Hazina\src\Core\AI\Hazina.AI.RAG\Hazina.AI.RAG.csproj::TargetFramework=net10.0]
C:\Projects\Hazina\src\Core\AI\Hazina.AI.RAG\Embeddings\BasicMetadataExtractor.cs(196,32): warning CA1861: Prefer 'static readonly' fields over constant array arguments if the called method is called repeatedly and is not mutating the passed array (https://learn.microsoft.com/dotnet/fundamentals/code-analysis/quality-rules/ca1861) [C:\Projects\Hazina\src\Core\AI\Hazina.AI.RAG\Hazina.AI.RAG.csproj::TargetFramework=net10.0]
C:\Projects\Hazina\src\Core\AI\Hazina.AI.RAG\Embeddings\SemanticSimilarityChunker.cs(525,17): warning CA1873: Evaluation of this argument may be expensive and unnecessary if logging is disabled (https://learn.microsoft.com/dotnet/fundamentals/code-analysis/quality-rules/ca1873) [C:\Projects\Hazina\src\Core\AI\Hazina.AI.RAG\Hazina.AI.RAG.csproj::TargetFramework=net10.0]
C:\Projects\Hazina\src\Core\AI\Hazina.AI.RAG\Embeddings\SemanticSimilarityChunker.cs(525,17): warning CA1848: For improved performance, use the LoggerMessage delegates instead of calling 'LoggerExtensions.LogInformation(ILogger, string?, params object?[])' (https://learn.microsoft.com/dotnet/fundamentals/code-analysis/quality-rules/ca1848) [C:\Projects\Hazina\src\Core\AI\Hazina.AI.RAG\Hazina.AI.RAG.csproj::TargetFramework=net10.0]
C:\Projects\Hazina\src\Core\AI\Hazina.AI.RAG\Graph\Storage\InMemoryGraphStore.cs(92,38): warning CA1062: In externally visible method 'Task InMemoryGraphStore.AddRelationshipsAsync(List<GraphRelationship> relationships, CancellationToken cancellationToken = default(CancellationToken))', validate parameter 'relationships' is non-null before using it. If appropriate, throw an 'ArgumentNullException' when the argument is 'null'. (https://learn.microsoft.com/dotnet/fundamentals/code-analysis/quality-rules/ca1062) [C:\Projects\Hazina\src\Core\AI\Hazina.AI.RAG\Hazina.AI.RAG.csproj::TargetFramework=net10.0]
C:\Projects\Hazina\src\Core\AI\Hazina.AI.RAG\Embeddings\BasicMetadataExtractor.cs(197,44): warning MA0011: Use an overload of 'TryParse' that has a 'System.IFormatProvider' parameter (https://github.com/meziantou/Meziantou.Analyzer/blob/main/docs/Rules/MA0011.md) [C:\Projects\Hazina\src\Core\AI\Hazina.AI.RAG\Hazina.AI.RAG.csproj::TargetFramework=net10.0]
C:\Projects\Hazina\src\Core\AI\Hazina.AI.RAG\Graph\Pipeline\GraphConstructionPipeline.cs(39,68): warning SA1629: Documentation text should end with a period (https://github.com/DotNetAnalyzers/StyleCopAnalyzers/blob/master/documentation/SA1629.md) [C:\Projects\Hazina\src\Core\AI\Hazina.AI.RAG\Hazina.AI.RAG.csproj::TargetFramework=net10.0]
C:\Projects\Hazina\src\Core\AI\Hazina.AI.RAG\Graph\Pipeline\GraphConstructionPipeline.cs(40,64): warning SA1629: Documentation text should end with a period (https://github.com/DotNetAnalyzers/StyleCopAnalyzers/blob/master/documentation/SA1629.md) [C:\Projects\Hazina\src\Core\AI\Hazina.AI.RAG\Hazina.AI.RAG.csproj::TargetFramework=net10.0]
C:\Projects\Hazina\src\Core\AI\Hazina.AI.RAG\Graph\Pipeline\GraphConstructionPipeline.cs(41,59): warning SA1629: Documentation text should end with a period (https://github.com/DotNetAnalyzers/StyleCopAnalyzers/blob/master/documentation/SA1629.md) [C:\Projects\Hazina\src\Core\AI\Hazina.AI.RAG\Hazina.AI.RAG.csproj::TargetFramework=net10.0]
C:\Projects\Hazina\src\Core\AI\Hazina.AI.RAG\Graph\Pipeline\GraphConstructionPipeline.cs(42,75): warning SA1629: Documentation text should end with a period (https://github.com/DotNetAnalyzers/StyleCopAnalyzers/blob/master/documentation/SA1629.md) [C:\Projects\Hazina\src\Core\AI\Hazina.AI.RAG\Hazina.AI.RAG.csproj::TargetFramework=net10.0]
C:\Projects\Hazina\src\Core\AI\Hazina.AI.RAG\Graph\Pipeline\GraphConstructionPipeline.cs(200,18): warning MA0016: Prefer using collection abstraction instead of implementation (https://github.com/meziantou/Meziantou.Analyzer/blob/main/docs/Rules/MA0016.md) [C:\Projects\Hazina\src\Core\AI\Hazina.AI.RAG\Hazina.AI.RAG.csproj::TargetFramework=net10.0]
C:\Projects\Hazina\src\Core\AI\Hazina.AI.RAG\Graph\Pipeline\GraphConstructionPipeline.cs(201,9): warning MA0016: Prefer using collection abstraction instead of implementation (https://github.com/meziantou/Meziantou.Analyzer/blob/main/docs/Rules/MA0016.md) [C:\Projects\Hazina\src\Core\AI\Hazina.AI.RAG\Hazina.AI.RAG.csproj::TargetFramework=net10.0]
C:\Projects\Hazina\src\Core\AI\Hazina.AI.RAG\Graph\Pipeline\GraphConstructionPipeline.cs(76,36): warning SA1116: The parameters should begin on the line after the declaration, whenever the parameter span across multiple lines (https://github.com/DotNetAnalyzers/StyleCopAnalyzers/blob/master/documentation/SA1116.md) [C:\Projects\Hazina\src\Core\AI\Hazina.AI.RAG\Hazina.AI.RAG.csproj::TargetFramework=net10.0]
C:\Projects\Hazina\src\Core\AI\Hazina.AI.RAG\Graph\Pipeline\GraphConstructionPipeline.cs(90,36): warning SA1116: The parameters should begin on the line after the declaration, whenever the parameter span across multiple lines (https://github.com/DotNetAnalyzers/StyleCopAnalyzers/blob/master/documentation/SA1116.md) [C:\Projects\Hazina\src\Core\AI\Hazina.AI.RAG\Hazina.AI.RAG.csproj::TargetFramework=net10.0]
C:\Projects\Hazina\src\Core\AI\Hazina.AI.RAG\Graph\Pipeline\GraphConstructionPipeline.cs(104,36): warning SA1116: The parameters should begin on the line after the declaration, whenever the parameter span across multiple lines (https://github.com/DotNetAnalyzers/StyleCopAnalyzers/blob/master/documentation/SA1116.md) [C:\Projects\Hazina\src\Core\AI\Hazina.AI.RAG\Hazina.AI.RAG.csproj::TargetFramework=net10.0]
C:\Projects\Hazina\src\Core\AI\Hazina.AI.RAG\Graph\Pipeline\GraphConstructionPipeline.cs(110,36): warning SA1116: The parameters should begin on the line after the declaration, whenever the parameter span across multiple lines (https://github.com/DotNetAnalyzers/StyleCopAnalyzers/blob/master/documentation/SA1116.md) [C:\Projects\Hazina\src\Core\AI\Hazina.AI.RAG\Hazina.AI.RAG.csproj::TargetFramework=net10.0]
C:\Projects\Hazina\src\Core\AI\Hazina.AI.RAG\Graph\Pipeline\GraphConstructionPipeline.cs(133,36): warning SA1116: The parameters should begin on the line after the declaration, whenever the parameter span across multiple lines (https://github.com/DotNetAnalyzers/StyleCopAnalyzers/blob/master/documentation/SA1116.md) [C:\Projects\Hazina\src\Core\AI\Hazina.AI.RAG\Hazina.AI.RAG.csproj::TargetFramework=net10.0]
C:\Projects\Hazina\src\Core\AI\Hazina.AI.RAG\Graph\Pipeline\GraphConstructionPipeline.cs(77,42): warning SA1117: The parameters should all be placed on the same line or each parameter should be placed on its own line (https://github.com/DotNetAnalyzers/StyleCopAnalyzers/blob/master/documentation/SA1117.md) [C:\Projects\Hazina\src\Core\AI\Hazina.AI.RAG\Hazina.AI.RAG.csproj::TargetFramework=net10.0]
C:\Projects\Hazina\src\Core\AI\Hazina.AI.RAG\Graph\Pipeline\GraphConstructionPipeline.cs(91,33): warning SA1117: The parameters should all be placed on the same line or each parameter should be placed on its own line (https://github.com/DotNetAnalyzers/StyleCopAnalyzers/blob/master/documentation/SA1117.md) [C:\Projects\Hazina\src\Core\AI\Hazina.AI.RAG\Hazina.AI.RAG.csproj::TargetFramework=net10.0]
C:\Projects\Hazina\src\Core\AI\Hazina.AI.RAG\Graph\Pipeline\GraphConstructionPipeline.cs(105,47): warning SA1117: The parameters should all be placed on the same line or each parameter should be placed on its own line (https://github.com/DotNetAnalyzers/StyleCopAnalyzers/blob/master/documentation/SA1117.md) [C:\Projects\Hazina\src\Core\AI\Hazina.AI.RAG\Hazina.AI.RAG.csproj::TargetFramework=net10.0]
C:\Projects\Hazina\src\Core\AI\Hazina.AI.RAG\Graph\Pipeline\GraphConstructionPipeline.cs(111,33): warning SA1117: The parameters should all be placed on the same line or each parameter should be placed on its own line (https://github.com/DotNetAnalyzers/StyleCopAnalyzers/blob/master/documentation/SA1117.md) [C:\Projects\Hazina\src\Core\AI\Hazina.AI.RAG\Hazina.AI.RAG.csproj::TargetFramework=net10.0]
C:\Projects\Hazina\src\Core\Agents\Hazina.AgentFactory\Configuration\StoreConfig.cs(76,16): warning SA1623: The property's documentation summary text should begin with: 'Gets or sets' (https://github.com/DotNetAnalyzers/StyleCopAnalyzers/blob/master/documentation/SA1623.md) [C:\Projects\Hazina\src\Core\Agents\Hazina.AgentFactory\Hazina.AgentFactory.csproj::TargetFramework=net9.0]
C:\Projects\Hazina\src\Core\AI\Hazina.AI.RAG\Graph\Pipeline\GraphConstructionPipeline.cs(134,42): warning SA1117: The parameters should all be placed on the same line or each parameter should be placed on its own line (https://github.com/DotNetAnalyzers/StyleCopAnalyzers/blob/master/documentation/SA1117.md) [C:\Projects\Hazina\src\Core\AI\Hazina.AI.RAG\Hazina.AI.RAG.csproj::TargetFramework=net10.0]
C:\Projects\Hazina\src\Core\AI\Hazina.AI.RAG\Embeddings\SemanticSimilarityChunker.cs(511,34): warning SA1629: Documentation text should end with a period (https://github.com/DotNetAnalyzers/StyleCopAnalyzers/blob/master/documentation/SA1629.md) [C:\Projects\Hazina\src\Core\AI\Hazina.AI.RAG\Hazina.AI.RAG.csproj::TargetFramework=net10.0]
C:\Projects\Hazina\src\Core\Agents\Hazina.AgentFactory\Configuration\StoreConfig.cs(74,20): warning SA1629: Documentation text should end with a period (https://github.com/DotNetAnalyzers/StyleCopAnalyzers/blob/master/documentation/SA1629.md) [C:\Projects\Hazina\src\Core\Agents\Hazina.AgentFactory\Hazina.AgentFactory.csproj::TargetFramework=net9.0]
C:\Projects\Hazina\src\Core\AI\Hazina.AI.RAG\Embeddings\SemanticSimilarityChunker.cs(516,17): warning CA1848: For improved performance, use the LoggerMessage delegates instead of calling 'LoggerExtensions.LogInformation(ILogger, string?, params object?[])' (https://learn.microsoft.com/dotnet/fundamentals/code-analysis/quality-rules/ca1848) [C:\Projects\Hazina\src\Core\AI\Hazina.AI.RAG\Hazina.AI.RAG.csproj::TargetFramework=net10.0]
C:\Projects\Hazina\src\Core\AI\Hazina.AI.RAG\Embeddings\BasicMetadataExtractor.cs(151,32): warning SA1116: The parameters should begin on the line after the declaration, whenever the parameter span across multiple lines (https://github.com/DotNetAnalyzers/StyleCopAnalyzers/blob/master/documentation/SA1116.md) [C:\Projects\Hazina\src\Core\AI\Hazina.AI.RAG\Hazina.AI.RAG.csproj::TargetFramework=net10.0]
C:\Projects\Hazina\src\Core\AI\Hazina.AI.RAG\Embeddings\BasicMetadataExtractor.cs(156,28): warning CA1311: Specify a culture or use an invariant version to avoid implicit dependency on current culture (https://learn.microsoft.com/dotnet/fundamentals/code-analysis/quality-rules/ca1311) [C:\Projects\Hazina\src\Core\AI\Hazina.AI.RAG\Hazina.AI.RAG.csproj::TargetFramework=net10.0]
C:\Projects\Hazina\src\Core\AI\Hazina.AI.RAG\Embeddings\BasicMetadataExtractor.cs(151,32): warning CA1861: Prefer 'static readonly' fields over constant array arguments if the called method is called repeatedly and is not mutating the passed array (https://learn.microsoft.com/dotnet/fundamentals/code-analysis/quality-rules/ca1861) [C:\Projects\Hazina\src\Core\AI\Hazina.AI.RAG\Hazina.AI.RAG.csproj::TargetFramework=net10.0]
C:\Projects\Hazina\src\Core\AI\Hazina.AI.RAG\Embeddings\BasicMetadataExtractor.cs(156,26): warning CA1304: The behavior of 'string.ToLower()' could vary based on the current user's locale settings. Replace this call in 'BasicMetadataExtractor.TokenizeAndClean(string)' with a call to 'string.ToLower(CultureInfo)'. (https://learn.microsoft.com/dotnet/fundamentals/code-analysis/quality-rules/ca1304) [C:\Projects\Hazina\src\Core\AI\Hazina.AI.RAG\Hazina.AI.RAG.csproj::TargetFramework=net10.0]
C:\Projects\Hazina\src\Core\AI\Hazina.AI.RAG\Graph\Storage\SQLiteGraphStore.cs(245,9): warning MA0004: Use Task.ConfigureAwait(false) if the current SynchronizationContext is not needed (https://github.com/meziantou/Meziantou.Analyzer/blob/main/docs/Rules/MA0004.md) [C:\Projects\Hazina\src\Core\AI\Hazina.AI.RAG\Hazina.AI.RAG.csproj::TargetFramework=net10.0]
C:\Projects\Hazina\src\Core\AI\Hazina.AI.RAG\Graph\Storage\SQLiteGraphStore.cs(267,28): warning MA0004: Use Task.ConfigureAwait(false) if the current SynchronizationContext is not needed (https://github.com/meziantou/Meziantou.Analyzer/blob/main/docs/Rules/MA0004.md) [C:\Projects\Hazina\src\Core\AI\Hazina.AI.RAG\Hazina.AI.RAG.csproj::TargetFramework=net10.0]
C:\Projects\Hazina\src\Core\AI\Hazina.AI.RAG\Graph\Pipeline\GraphConstructionPipeline.cs(66,13): warning CA1873: Evaluation of this argument may be expensive and unnecessary if logging is disabled (https://learn.microsoft.com/dotnet/fundamentals/code-analysis/quality-rules/ca1873) [C:\Projects\Hazina\src\Core\AI\Hazina.AI.RAG\Hazina.AI.RAG.csproj::TargetFramework=net10.0]
C:\Projects\Hazina\src\Core\AI\Hazina.AI.RAG\Graph\Pipeline\GraphConstructionPipeline.cs(69,13): warning CA1873: Evaluation of this argument may be expensive and unnecessary if logging is disabled (https://learn.microsoft.com/dotnet/fundamentals/code-analysis/quality-rules/ca1873) [C:\Projects\Hazina\src\Core\AI\Hazina.AI.RAG\Hazina.AI.RAG.csproj::TargetFramework=net10.0]
C:\Projects\Hazina\src\Core\AI\Hazina.AI.RAG\Graph\Pipeline\GraphConstructionPipeline.cs(76,13): warning CA1873: Evaluation of this argument may be expensive and unnecessary if logging is disabled (https://learn.microsoft.com/dotnet/fundamentals/code-analysis/quality-rules/ca1873) [C:\Projects\Hazina\src\Core\AI\Hazina.AI.RAG\Hazina.AI.RAG.csproj::TargetFramework=net10.0]
C:\Projects\Hazina\src\Core\AI\Hazina.AI.RAG\Graph\Storage\SQLiteGraphStore.cs(268,16): warning MA0004: Use Task.ConfigureAwait(false) if the current SynchronizationContext is not needed (https://github.com/meziantou/Meziantou.Analyzer/blob/main/docs/Rules/MA0004.md) [C:\Projects\Hazina\src\Core\AI\Hazina.AI.RAG\Hazina.AI.RAG.csproj::TargetFramework=net10.0]
C:\Projects\Hazina\src\Core\AI\Hazina.AI.RAG\Graph\Storage\SQLiteGraphStore.cs(271,13): warning MA0004: Use Task.ConfigureAwait(false) if the current SynchronizationContext is not needed (https://github.com/meziantou/Meziantou.Analyzer/blob/main/docs/Rules/MA0004.md) [C:\Projects\Hazina\src\Core\AI\Hazina.AI.RAG\Hazina.AI.RAG.csproj::TargetFramework=net10.0]
C:\Projects\Hazina\src\Core\AI\Hazina.AI.RAG\Embeddings\BasicMetadataExtractor.cs(156,26): warning MA0011: Use an overload of 'ToLower' that has a 'System.Globalization.CultureInfo' parameter (https://github.com/meziantou/Meziantou.Analyzer/blob/main/docs/Rules/MA0011.md) [C:\Projects\Hazina\src\Core\AI\Hazina.AI.RAG\Hazina.AI.RAG.csproj::TargetFramework=net10.0]
C:\Projects\Hazina\src\Core\AI\Hazina.AI.RAG\Graph\Pipeline\GraphConstructionPipeline.cs(96,13): warning CA1873: Evaluation of this argument may be expensive and unnecessary if logging is disabled (https://learn.microsoft.com/dotnet/fundamentals/code-analysis/quality-rules/ca1873) [C:\Projects\Hazina\src\Core\AI\Hazina.AI.RAG\Hazina.AI.RAG.csproj::TargetFramework=net10.0]
C:\Projects\Hazina\src\Core\AI\Hazina.AI.RAG\Graph\Pipeline\GraphConstructionPipeline.cs(104,13): warning CA1873: Evaluation of this argument may be expensive and unnecessary if logging is disabled (https://learn.microsoft.com/dotnet/fundamentals/code-analysis/quality-rules/ca1873) [C:\Projects\Hazina\src\Core\AI\Hazina.AI.RAG\Hazina.AI.RAG.csproj::TargetFramework=net10.0]
C:\Projects\Hazina\src\Core\AI\Hazina.AI.RAG\Graph\Pipeline\GraphConstructionPipeline.cs(119,13): warning CA1873: Evaluation of this argument may be expensive and unnecessary if logging is disabled (https://learn.microsoft.com/dotnet/fundamentals/code-analysis/quality-rules/ca1873) [C:\Projects\Hazina\src\Core\AI\Hazina.AI.RAG\Hazina.AI.RAG.csproj::TargetFramework=net10.0]
C:\Projects\Hazina\src\Core\AI\Hazina.AI.RAG\Graph\Pipeline\GraphConstructionPipeline.cs(133,13): warning CA1873: Evaluation of this argument may be expensive and unnecessary if logging is disabled (https://learn.microsoft.com/dotnet/fundamentals/code-analysis/quality-rules/ca1873) [C:\Projects\Hazina\src\Core\AI\Hazina.AI.RAG\Hazina.AI.RAG.csproj::TargetFramework=net10.0]
C:\Projects\Hazina\src\Core\AI\Hazina.AI.RAG\Graph\Storage\InMemoryGraphStore.cs(254,13): warning S1066: Merge this if statement with the enclosing one. (https://rules.sonarsource.com/csharp/RSPEC-1066) [C:\Projects\Hazina\src\Core\AI\Hazina.AI.RAG\Hazina.AI.RAG.csproj::TargetFramework=net10.0]
C:\Projects\Hazina\src\Core\AI\Hazina.AI.RAG\Graph\Pipeline\GraphConstructionPipeline.cs(137,13): warning CA1873: Evaluation of this argument may be expensive and unnecessary if logging is disabled (https://learn.microsoft.com/dotnet/fundamentals/code-analysis/quality-rules/ca1873) [C:\Projects\Hazina\src\Core\AI\Hazina.AI.RAG\Hazina.AI.RAG.csproj::TargetFramework=net10.0]
C:\Projects\Hazina\src\Core\AI\Hazina.AI.RAG\Embeddings\BasicMetadataExtractor.cs(159,26): warning MA0011: Use an overload of 'TryParse' that has a 'System.IFormatProvider' parameter (https://github.com/meziantou/Meziantou.Analyzer/blob/main/docs/Rules/MA0011.md) [C:\Projects\Hazina\src\Core\AI\Hazina.AI.RAG\Hazina.AI.RAG.csproj::TargetFramework=net10.0]
C:\Projects\Hazina\src\Core\AI\Hazina.AI.RAG\Graph\Pipeline\GraphConstructionPipeline.cs(164,13): warning CA1873: Evaluation of this argument may be expensive and unnecessary if logging is disabled (https://learn.microsoft.com/dotnet/fundamentals/code-analysis/quality-rules/ca1873) [C:\Projects\Hazina\src\Core\AI\Hazina.AI.RAG\Hazina.AI.RAG.csproj::TargetFramework=net10.0]
C:\Projects\Hazina\src\Core\AI\Hazina.AI.RAG\Graph\Pipeline\GraphConstructionPipeline.cs(171,13): warning CA1873: Evaluation of this argument may be expensive and unnecessary if logging is disabled (https://learn.microsoft.com/dotnet/fundamentals/code-analysis/quality-rules/ca1873) [C:\Projects\Hazina\src\Core\AI\Hazina.AI.RAG\Hazina.AI.RAG.csproj::TargetFramework=net10.0]
C:\Projects\Hazina\src\Core\AI\Hazina.AI.RAG\Graph\Pipeline\GraphConstructionPipeline.cs(66,13): warning CA1848: For improved performance, use the LoggerMessage delegates instead of calling 'LoggerExtensions.LogInformation(ILogger, string?, params object?[])' (https://learn.microsoft.com/dotnet/fundamentals/code-analysis/quality-rules/ca1848) [C:\Projects\Hazina\src\Core\AI\Hazina.AI.RAG\Hazina.AI.RAG.csproj::TargetFramework=net10.0]
C:\Projects\Hazina\src\Core\AI\Hazina.AI.RAG\Graph\Pipeline\GraphConstructionPipeline.cs(69,13): warning CA1848: For improved performance, use the LoggerMessage delegates instead of calling 'LoggerExtensions.LogDebug(ILogger, string?, params object?[])' (https://learn.microsoft.com/dotnet/fundamentals/code-analysis/quality-rules/ca1848) [C:\Projects\Hazina\src\Core\AI\Hazina.AI.RAG\Hazina.AI.RAG.csproj::TargetFramework=net10.0]
C:\Projects\Hazina\src\Core\AI\Hazina.AI.RAG\Graph\Pipeline\GraphConstructionPipeline.cs(76,13): warning CA1848: For improved performance, use the LoggerMessage delegates instead of calling 'LoggerExtensions.LogInformation(ILogger, string?, params object?[])' (https://learn.microsoft.com/dotnet/fundamentals/code-analysis/quality-rules/ca1848) [C:\Projects\Hazina\src\Core\AI\Hazina.AI.RAG\Hazina.AI.RAG.csproj::TargetFramework=net10.0]
C:\Projects\Hazina\src\Core\AI\Hazina.AI.RAG\Graph\Pipeline\GraphConstructionPipeline.cs(81,17): warning CA1848: For improved performance, use the LoggerMessage delegates instead of calling 'LoggerExtensions.LogWarning(ILogger, string?, params object?[])' (https://learn.microsoft.com/dotnet/fundamentals/code-analysis/quality-rules/ca1848) [C:\Projects\Hazina\src\Core\AI\Hazina.AI.RAG\Hazina.AI.RAG.csproj::TargetFramework=net10.0]
C:\Projects\Hazina\src\Core\AI\Hazina.AI.RAG\Graph\Pipeline\GraphConstructionPipeline.cs(90,17): warning CA1848: For improved performance, use the LoggerMessage delegates instead of calling 'LoggerExtensions.LogWarning(ILogger, string?, params object?[])' (https://learn.microsoft.com/dotnet/fundamentals/code-analysis/quality-rules/ca1848) [C:\Projects\Hazina\src\Core\AI\Hazina.AI.RAG\Hazina.AI.RAG.csproj::TargetFramework=net10.0]
C:\Projects\Hazina\src\Core\AI\Hazina.AI.RAG\Graph\Pipeline\GraphConstructionPipeline.cs(96,13): warning CA1848: For improved performance, use the LoggerMessage delegates instead of calling 'LoggerExtensions.LogDebug(ILogger, string?, params object?[])' (https://learn.microsoft.com/dotnet/fundamentals/code-analysis/quality-rules/ca1848) [C:\Projects\Hazina\src\Core\AI\Hazina.AI.RAG\Hazina.AI.RAG.csproj::TargetFramework=net10.0]
C:\Projects\Hazina\src\Core\AI\Hazina.AI.RAG\Graph\Pipeline\GraphConstructionPipeline.cs(104,13): warning CA1848: For improved performance, use the LoggerMessage delegates instead of calling 'LoggerExtensions.LogInformation(ILogger, string?, params object?[])' (https://learn.microsoft.com/dotnet/fundamentals/code-analysis/quality-rules/ca1848) [C:\Projects\Hazina\src\Core\AI\Hazina.AI.RAG\Hazina.AI.RAG.csproj::TargetFramework=net10.0]
C:\Projects\Hazina\src\Core\AI\Hazina.AI.RAG\Graph\Pipeline\GraphConstructionPipeline.cs(110,17): warning CA1848: For improved performance, use the LoggerMessage delegates instead of calling 'LoggerExtensions.LogWarning(ILogger, string?, params object?[])' (https://learn.microsoft.com/dotnet/fundamentals/code-analysis/quality-rules/ca1848) [C:\Projects\Hazina\src\Core\AI\Hazina.AI.RAG\Hazina.AI.RAG.csproj::TargetFramework=net10.0]
C:\Projects\Hazina\src\Core\AI\Hazina.AI.RAG\Graph\Pipeline\GraphConstructionPipeline.cs(119,13): warning CA1848: For improved performance, use the LoggerMessage delegates instead of calling 'LoggerExtensions.LogDebug(ILogger, string?, params object?[])' (https://learn.microsoft.com/dotnet/fundamentals/code-analysis/quality-rules/ca1848) [C:\Projects\Hazina\src\Core\AI\Hazina.AI.RAG\Hazina.AI.RAG.csproj::TargetFramework=net10.0]
C:\Projects\Hazina\src\Core\AI\Hazina.AI.RAG\Graph\Pipeline\GraphConstructionPipeline.cs(133,13): warning CA1848: For improved performance, use the LoggerMessage delegates instead of calling 'LoggerExtensions.LogInformation(ILogger, string?, params object?[])' (https://learn.microsoft.com/dotnet/fundamentals/code-analysis/quality-rules/ca1848) [C:\Projects\Hazina\src\Core\AI\Hazina.AI.RAG\Hazina.AI.RAG.csproj::TargetFramework=net10.0]
C:\Projects\Hazina\src\Core\AI\Hazina.AI.RAG\Graph\Pipeline\GraphConstructionPipeline.cs(137,13): warning CA1848: For improved performance, use the LoggerMessage delegates instead of calling 'LoggerExtensions.LogDebug(ILogger, string?, params object?[])' (https://learn.microsoft.com/dotnet/fundamentals/code-analysis/quality-rules/ca1848) [C:\Projects\Hazina\src\Core\AI\Hazina.AI.RAG\Hazina.AI.RAG.csproj::TargetFramework=net10.0]
C:\Projects\Hazina\src\Core\AI\Hazina.AI.RAG\Graph\Pipeline\GraphConstructionPipeline.cs(164,13): warning CA1848: For improved performance, use the LoggerMessage delegates instead of calling 'LoggerExtensions.LogDebug(ILogger, string?, params object?[])' (https://learn.microsoft.com/dotnet/fundamentals/code-analysis/quality-rules/ca1848) [C:\Projects\Hazina\src\Core\AI\Hazina.AI.RAG\Hazina.AI.RAG.csproj::TargetFramework=net10.0]
C:\Projects\Hazina\src\Core\AI\Hazina.AI.RAG\Graph\Pipeline\GraphConstructionPipeline.cs(171,13): warning CA1848: For improved performance, use the LoggerMessage delegates instead of calling 'LoggerExtensions.LogInformation(ILogger, string?, params object?[])' (https://learn.microsoft.com/dotnet/fundamentals/code-analysis/quality-rules/ca1848) [C:\Projects\Hazina\src\Core\AI\Hazina.AI.RAG\Hazina.AI.RAG.csproj::TargetFramework=net10.0]
C:\Projects\Hazina\src\Core\AI\Hazina.AI.RAG\Graph\Pipeline\GraphConstructionPipeline.cs(188,13): warning CA1848: For improved performance, use the LoggerMessage delegates instead of calling 'LoggerExtensions.LogError(ILogger, Exception?, string?, params object?[])' (https://learn.microsoft.com/dotnet/fundamentals/code-analysis/quality-rules/ca1848) [C:\Projects\Hazina\src\Core\AI\Hazina.AI.RAG\Hazina.AI.RAG.csproj::TargetFramework=net10.0]
C:\Projects\Hazina\src\Core\AI\Hazina.AI.RAG\Graph\Storage\InMemoryGraphStore.cs(171,29): warning MA0004: Use Task.ConfigureAwait(false) if the current SynchronizationContext is not needed (https://github.com/meziantou/Meziantou.Analyzer/blob/main/docs/Rules/MA0004.md) [C:\Projects\Hazina\src\Core\AI\Hazina.AI.RAG\Hazina.AI.RAG.csproj::TargetFramework=net10.0]
C:\Projects\Hazina\src\Core\AI\Hazina.AI.RAG\Graph\Storage\InMemoryGraphStore.cs(179,32): warning MA0004: Use Task.ConfigureAwait(false) if the current SynchronizationContext is not needed (https://github.com/meziantou/Meziantou.Analyzer/blob/main/docs/Rules/MA0004.md) [C:\Projects\Hazina\src\Core\AI\Hazina.AI.RAG\Hazina.AI.RAG.csproj::TargetFramework=net10.0]
C:\Projects\Hazina\src\Core\AI\Hazina.AI.RAG\Graph\Storage\InMemoryGraphStore.cs(186,25): warning MA0004: Use Task.ConfigureAwait(false) if the current SynchronizationContext is not needed (https://github.com/meziantou/Meziantou.Analyzer/blob/main/docs/Rules/MA0004.md) [C:\Projects\Hazina\src\Core\AI\Hazina.AI.RAG\Hazina.AI.RAG.csproj::TargetFramework=net10.0]
C:\Projects\Hazina\src\Core\AI\Hazina.AI.RAG\Graph\Pipeline\GraphConstructionPipeline.cs(197,74): warning SA1629: Documentation text should end with a period (https://github.com/DotNetAnalyzers/StyleCopAnalyzers/blob/master/documentation/SA1629.md) [C:\Projects\Hazina\src\Core\AI\Hazina.AI.RAG\Hazina.AI.RAG.csproj::TargetFramework=net10.0]
C:\Projects\Hazina\src\Core\AI\Hazina.AI.RAG\Graph\Pipeline\GraphConstructionPipeline.cs(198,59): warning SA1629: Documentation text should end with a period (https://github.com/DotNetAnalyzers/StyleCopAnalyzers/blob/master/documentation/SA1629.md) [C:\Projects\Hazina\src\Core\AI\Hazina.AI.RAG\Hazina.AI.RAG.csproj::TargetFramework=net10.0]
C:\Projects\Hazina\src\Core\AI\Hazina.AI.RAG\Graph\Pipeline\GraphConstructionPipeline.cs(199,43): warning SA1629: Documentation text should end with a period (https://github.com/DotNetAnalyzers/StyleCopAnalyzers/blob/master/documentation/SA1629.md) [C:\Projects\Hazina\src\Core\AI\Hazina.AI.RAG\Hazina.AI.RAG.csproj::TargetFramework=net10.0]
C:\Projects\Hazina\src\Core\Agents\Hazina.AgentFactory\Abstractions\IFileSystem.cs(165,14): warning MA0048: File name must match type name (https://github.com/meziantou/Meziantou.Analyzer/blob/main/docs/Rules/MA0048.md) [C:\Projects\Hazina\src\Core\Agents\Hazina.AgentFactory\Hazina.AgentFactory.csproj::TargetFramework=net9.0]
C:\Projects\Hazina\src\Core\AI\Hazina.AI.RAG\Graph\Pipeline\GraphConstructionPipeline.cs(218,32): warning SA1116: The parameters should begin on the line after the declaration, whenever the parameter span across multiple lines (https://github.com/DotNetAnalyzers/StyleCopAnalyzers/blob/master/documentation/SA1116.md) [C:\Projects\Hazina\src\Core\AI\Hazina.AI.RAG\Hazina.AI.RAG.csproj::TargetFramework=net10.0]
C:\Projects\Hazina\src\Core\AI\Hazina.AI.RAG\Graph\Storage\InMemoryGraphStore.cs(288,9): warning MA0004: Use Task.ConfigureAwait(false) if the current SynchronizationContext is not needed (https://github.com/meziantou/Meziantou.Analyzer/blob/main/docs/Rules/MA0004.md) [C:\Projects\Hazina\src\Core\AI\Hazina.AI.RAG\Hazina.AI.RAG.csproj::TargetFramework=net10.0]
C:\Projects\Hazina\src\Core\AI\Hazina.AI.RAG\Graph\Storage\InMemoryGraphStore.cs(285,23): warning MA0002: Use an overload that has a IEqualityComparer<string> or IComparer<string> parameter (https://github.com/meziantou/Meziantou.Analyzer/blob/main/docs/Rules/MA0002.md) [C:\Projects\Hazina\src\Core\AI\Hazina.AI.RAG\Hazina.AI.RAG.csproj::TargetFramework=net10.0]
C:\Projects\Hazina\src\Core\AI\Hazina.AI.RAG\Core\RAGEngine.cs(381,59): warning SA1122: Use string.Empty for empty strings (https://github.com/DotNetAnalyzers/StyleCopAnalyzers/blob/master/documentation/SA1122.md) [C:\Projects\Hazina\src\Core\AI\Hazina.AI.RAG\Hazina.AI.RAG.csproj::TargetFramework=net10.0]
C:\Projects\Hazina\src\Core\AI\Hazina.AI.RAG\Core\RAGEngine.cs(386,57): warning SA1122: Use string.Empty for empty strings (https://github.com/DotNetAnalyzers/StyleCopAnalyzers/blob/master/documentation/SA1122.md) [C:\Projects\Hazina\src\Core\AI\Hazina.AI.RAG\Hazina.AI.RAG.csproj::TargetFramework=net10.0]
C:\Projects\Hazina\src\Core\AI\Hazina.AI.RAG\Graph\Storage\InMemoryGraphStore.cs(201,23): warning MA0002: Use an overload that has a IEqualityComparer<string> or IComparer<string> parameter (https://github.com/meziantou/Meziantou.Analyzer/blob/main/docs/Rules/MA0002.md) [C:\Projects\Hazina\src\Core\AI\Hazina.AI.RAG\Hazina.AI.RAG.csproj::TargetFramework=net10.0]
C:\Projects\Hazina\src\Core\AI\Hazina.AI.RAG\Graph\Storage\InMemoryGraphStore.cs(175,30): warning MA0006: Use string.Equals instead of Equals operator (https://github.com/meziantou/Meziantou.Analyzer/blob/main/docs/Rules/MA0006.md) [C:\Projects\Hazina\src\Core\AI\Hazina.AI.RAG\Hazina.AI.RAG.csproj::TargetFramework=net10.0]
C:\Projects\Hazina\src\Core\AI\Hazina.AI.RAG\Graph\Pipeline\GraphConstructionPipeline.cs(218,9): warning CA1873: Evaluation of this argument may be expensive and unnecessary if logging is disabled (https://learn.microsoft.com/dotnet/fundamentals/code-analysis/quality-rules/ca1873) [C:\Projects\Hazina\src\Core\AI\Hazina.AI.RAG\Hazina.AI.RAG.csproj::TargetFramework=net10.0]
C:\Projects\Hazina\src\Core\AI\Hazina.AI.RAG\Graph\Pipeline\GraphConstructionPipeline.cs(210,17): warning CA1848: For improved performance, use the LoggerMessage delegates instead of calling 'LoggerExtensions.LogWarning(ILogger, string?, params object?[])' (https://learn.microsoft.com/dotnet/fundamentals/code-analysis/quality-rules/ca1848) [C:\Projects\Hazina\src\Core\AI\Hazina.AI.RAG\Hazina.AI.RAG.csproj::TargetFramework=net10.0]
C:\Projects\Hazina\src\Core\AI\Hazina.AI.RAG\Graph\Pipeline\GraphConstructionPipeline.cs(218,9): warning CA1848: For improved performance, use the LoggerMessage delegates instead of calling 'LoggerExtensions.LogInformation(ILogger, string?, params object?[])' (https://learn.microsoft.com/dotnet/fundamentals/code-analysis/quality-rules/ca1848) [C:\Projects\Hazina\src\Core\AI\Hazina.AI.RAG\Hazina.AI.RAG.csproj::TargetFramework=net10.0]
C:\Projects\Hazina\src\Core\AI\Hazina.AI.RAG\Graph\Pipeline\GraphConstructionPipeline.cs(214,26): warning MA0004: Use Task.ConfigureAwait(false) if the current SynchronizationContext is not needed (https://github.com/meziantou/Meziantou.Analyzer/blob/main/docs/Rules/MA0004.md) [C:\Projects\Hazina\src\Core\AI\Hazina.AI.RAG\Hazina.AI.RAG.csproj::TargetFramework=net10.0]
C:\Projects\Hazina\src\Core\Agents\Hazina.AgentFactory\Models\BuildOutput.cs(4,21): warning CA1050: Declare types in namespaces (https://learn.microsoft.com/dotnet/fundamentals/code-analysis/quality-rules/ca1050) [C:\Projects\Hazina\src\Core\Agents\Hazina.AgentFactory\Hazina.AgentFactory.csproj::TargetFramework=net9.0]
C:\Projects\Hazina\src\Core\AI\Hazina.AI.RAG\Core\RAGEngine.cs(392,69): warning S1172: Remove this unused method parameter 'cancellationToken'. (https://rules.sonarsource.com/csharp/RSPEC-1172) [C:\Projects\Hazina\src\Core\AI\Hazina.AI.RAG\Hazina.AI.RAG.csproj::TargetFramework=net10.0]
C:\Projects\Hazina\src\Core\AI\Hazina.AI.RAG\Graph\Pipeline\GraphConstructionPipeline.cs(70,37): warning MA0004: Use Task.ConfigureAwait(false) if the current SynchronizationContext is not needed (https://github.com/meziantou/Meziantou.Analyzer/blob/main/docs/Rules/MA0004.md) [C:\Projects\Hazina\src\Core\AI\Hazina.AI.RAG\Hazina.AI.RAG.csproj::TargetFramework=net10.0]
C:\Projects\Hazina\src\Core\AI\Hazina.AI.RAG\Graph\Pipeline\GraphConstructionPipeline.cs(97,42): warning MA0004: Use Task.ConfigureAwait(false) if the current SynchronizationContext is not needed (https://github.com/meziantou/Meziantou.Analyzer/blob/main/docs/Rules/MA0004.md) [C:\Projects\Hazina\src\Core\AI\Hazina.AI.RAG\Hazina.AI.RAG.csproj::TargetFramework=net10.0]
C:\Projects\Hazina\src\Core\AI\Hazina.AI.RAG\Graph\Pipeline\GraphConstructionPipeline.cs(124,34): warning MA0004: Use Task.ConfigureAwait(false) if the current SynchronizationContext is not needed (https://github.com/meziantou/Meziantou.Analyzer/blob/main/docs/Rules/MA0004.md) [C:\Projects\Hazina\src\Core\AI\Hazina.AI.RAG\Hazina.AI.RAG.csproj::TargetFramework=net10.0]
C:\Projects\Hazina\src\Core\AI\Hazina.AI.RAG\Graph\Pipeline\GraphConstructionPipeline.cs(140,13): warning MA0004: Use Task.ConfigureAwait(false) if the current SynchronizationContext is not needed (https://github.com/meziantou/Meziantou.Analyzer/blob/main/docs/Rules/MA0004.md) [C:\Projects\Hazina\src\Core\AI\Hazina.AI.RAG\Hazina.AI.RAG.csproj::TargetFramework=net10.0]
C:\Projects\Hazina\src\Core\AI\Hazina.AI.RAG\Graph\Pipeline\GraphConstructionPipeline.cs(165,13): warning MA0004: Use Task.ConfigureAwait(false) if the current SynchronizationContext is not needed (https://github.com/meziantou/Meziantou.Analyzer/blob/main/docs/Rules/MA0004.md) [C:\Projects\Hazina\src\Core\AI\Hazina.AI.RAG\Hazina.AI.RAG.csproj::TargetFramework=net10.0]
C:\Projects\Hazina\src\Core\AI\Hazina.AI.RAG\Core\RAGEngine.cs(394,25): warning MA0004: Use Task.ConfigureAwait(false) if the current SynchronizationContext is not needed (https://github.com/meziantou/Meziantou.Analyzer/blob/main/docs/Rules/MA0004.md) [C:\Projects\Hazina\src\Core\AI\Hazina.AI.RAG\Hazina.AI.RAG.csproj::TargetFramework=net10.0]
C:\Projects\Hazina\src\Core\AI\Hazina.AI.RAG\Graph\Storage\InMemoryGraphStore.cs(335,35): warning CA1062: In externally visible method 'Task InMemoryGraphStore.UpdateEntityAsync(GraphEntity entity, CancellationToken cancellationToken = default(CancellationToken))', validate parameter 'entity' is non-null before using it. If appropriate, throw an 'ArgumentNullException' when the argument is 'null'. (https://learn.microsoft.com/dotnet/fundamentals/code-analysis/quality-rules/ca1062) [C:\Projects\Hazina\src\Core\AI\Hazina.AI.RAG\Hazina.AI.RAG.csproj::TargetFramework=net10.0]
C:\Projects\Hazina\src\Core\AI\Hazina.AI.RAG\Graph\Storage\SQLiteGraphStore.cs(259,9): warning CA2100: Review if the query string passed to 'string SqliteCommand.CommandText' in 'SearchEntitiesByNameAsync', accepts any user input (https://learn.microsoft.com/dotnet/fundamentals/code-analysis/quality-rules/ca2100) [C:\Projects\Hazina\src\Core\AI\Hazina.AI.RAG\Hazina.AI.RAG.csproj::TargetFramework=net10.0]
C:\Projects\Hazina\src\Core\AI\Hazina.AI.RAG\Graph\Storage\InMemoryGraphStore.cs(242,13): warning MA0006: Use string.Equals instead of Equals operator (https://github.com/meziantou/Meziantou.Analyzer/blob/main/docs/Rules/MA0006.md) [C:\Projects\Hazina\src\Core\AI\Hazina.AI.RAG\Hazina.AI.RAG.csproj::TargetFramework=net10.0]
C:\Projects\Hazina\src\Core\AI\Hazina.AI.RAG\Graph\Storage\InMemoryGraphStore.cs(260,38): warning MA0006: Use string.Equals instead of Equals operator (https://github.com/meziantou/Meziantou.Analyzer/blob/main/docs/Rules/MA0006.md) [C:\Projects\Hazina\src\Core\AI\Hazina.AI.RAG\Hazina.AI.RAG.csproj::TargetFramework=net10.0]
C:\Projects\Hazina\src\Core\AI\Hazina.AI.RAG\Graph\Pipeline\GraphConstructionPipeline.cs(144,35): warning MA0002: Use an overload that has a IEqualityComparer<string> or IComparer<string> parameter (https://github.com/meziantou/Meziantou.Analyzer/blob/main/docs/Rules/MA0002.md) [C:\Projects\Hazina\src\Core\AI\Hazina.AI.RAG\Hazina.AI.RAG.csproj::TargetFramework=net10.0]
C:\Projects\Hazina\src\Core\AI\Hazina.AI.RAG\Core\RAGEngine.cs(424,20): warning S2325: Make 'BuildContext' a static method. (https://rules.sonarsource.com/csharp/RSPEC-2325) [C:\Projects\Hazina\src\Core\AI\Hazina.AI.RAG\Hazina.AI.RAG.csproj::TargetFramework=net10.0]
C:\Projects\Hazina\src\Core\AI\Hazina.AI.RAG\Graph\Pipeline\GraphConstructionPipeline.cs(145,65): warning MA0006: Use string.Equals instead of Equals operator (https://github.com/meziantou/Meziantou.Analyzer/blob/main/docs/Rules/MA0006.md) [C:\Projects\Hazina\src\Core\AI\Hazina.AI.RAG\Hazina.AI.RAG.csproj::TargetFramework=net10.0]
C:\Projects\Hazina\src\Core\AI\Hazina.AI.RAG\Graph\Storage\SQLiteGraphStore.cs(302,48): warning SA1316: Tuple element names should use correct casing (https://github.com/DotNetAnalyzers/StyleCopAnalyzers/blob/master/documentation/SA1316.md) [C:\Projects\Hazina\src\Core\AI\Hazina.AI.RAG\Hazina.AI.RAG.csproj::TargetFramework=net10.0]
C:\Projects\Hazina\src\Core\AI\Hazina.AI.RAG\Graph\Storage\SQLiteGraphStore.cs(302,63): warning SA1316: Tuple element names should use correct casing (https://github.com/DotNetAnalyzers/StyleCopAnalyzers/blob/master/documentation/SA1316.md) [C:\Projects\Hazina\src\Core\AI\Hazina.AI.RAG\Hazina.AI.RAG.csproj::TargetFramework=net10.0]
C:\Projects\Hazina\src\Core\AI\Hazina.AI.RAG\Graph\Storage\InMemoryGraphStore.cs(308,29): warning MA0004: Use Task.ConfigureAwait(false) if the current SynchronizationContext is not needed (https://github.com/meziantou/Meziantou.Analyzer/blob/main/docs/Rules/MA0004.md) [C:\Projects\Hazina\src\Core\AI\Hazina.AI.RAG\Hazina.AI.RAG.csproj::TargetFramework=net10.0]
C:\Projects\Hazina\src\Core\AI\Hazina.AI.RAG\Graph\Storage\InMemoryGraphStore.cs(319,32): warning MA0004: Use Task.ConfigureAwait(false) if the current SynchronizationContext is not needed (https://github.com/meziantou/Meziantou.Analyzer/blob/main/docs/Rules/MA0004.md) [C:\Projects\Hazina\src\Core\AI\Hazina.AI.RAG\Hazina.AI.RAG.csproj::TargetFramework=net10.0]
C:\Projects\Hazina\src\Core\AI\Hazina.AI.RAG\Core\RAGEngine.cs(432,17): warning SA1503: Braces should not be omitted (https://github.com/DotNetAnalyzers/StyleCopAnalyzers/blob/master/documentation/SA1503.md) [C:\Projects\Hazina\src\Core\AI\Hazina.AI.RAG\Hazina.AI.RAG.csproj::TargetFramework=net10.0]
C:\Projects\Hazina\src\Core\AI\Hazina.AI.RAG\Graph\Storage\InMemoryGraphStore.cs(326,25): warning MA0004: Use Task.ConfigureAwait(false) if the current SynchronizationContext is not needed (https://github.com/meziantou/Meziantou.Analyzer/blob/main/docs/Rules/MA0004.md) [C:\Projects\Hazina\src\Core\AI\Hazina.AI.RAG\Hazina.AI.RAG.csproj::TargetFramework=net10.0]
C:\Projects\Hazina\src\Core\AI\Hazina.AI.RAG\Core\RAGEngine.cs(434,13): warning CA1305: The behavior of 'StringBuilder.AppendLine(ref StringBuilder.AppendInterpolatedStringHandler)' could vary based on the current user's locale settings. Replace this call in 'RAGEngine.BuildContext(List<RetrievedDocument>, int)' with a call to 'StringBuilder.AppendLine(IFormatProvider, ref StringBuilder.AppendInterpolatedStringHandler)'. (https://learn.microsoft.com/dotnet/fundamentals/code-analysis/quality-rules/ca1305) [C:\Projects\Hazina\src\Core\AI\Hazina.AI.RAG\Hazina.AI.RAG.csproj::TargetFramework=net10.0]
C:\Projects\Hazina\src\Core\AI\Hazina.AI.RAG\Graph\Storage\SQLiteGraphStore.cs(285,9): warning MA0004: Use Task.ConfigureAwait(false) if the current SynchronizationContext is not needed (https://github.com/meziantou/Meziantou.Analyzer/blob/main/docs/Rules/MA0004.md) [C:\Projects\Hazina\src\Core\AI\Hazina.AI.RAG\Hazina.AI.RAG.csproj::TargetFramework=net10.0]
C:\Projects\Hazina\src\Core\AI\Hazina.AI.RAG\Graph\Storage\SQLiteGraphStore.cs(303,28): warning MA0004: Use Task.ConfigureAwait(false) if the current SynchronizationContext is not needed (https://github.com/meziantou/Meziantou.Analyzer/blob/main/docs/Rules/MA0004.md) [C:\Projects\Hazina\src\Core\AI\Hazina.AI.RAG\Hazina.AI.RAG.csproj::TargetFramework=net10.0]
C:\Projects\Hazina\src\Core\AI\Hazina.AI.RAG\Graph\Storage\SQLiteGraphStore.cs(304,16): warning MA0004: Use Task.ConfigureAwait(false) if the current SynchronizationContext is not needed (https://github.com/meziantou/Meziantou.Analyzer/blob/main/docs/Rules/MA0004.md) [C:\Projects\Hazina\src\Core\AI\Hazina.AI.RAG\Hazina.AI.RAG.csproj::TargetFramework=net10.0]
C:\Projects\Hazina\src\Core\AI\Hazina.AI.RAG\Graph\Storage\SQLiteGraphStore.cs(322,13): warning MA0004: Use Task.ConfigureAwait(false) if the current SynchronizationContext is not needed (https://github.com/meziantou/Meziantou.Analyzer/blob/main/docs/Rules/MA0004.md) [C:\Projects\Hazina\src\Core\AI\Hazina.AI.RAG\Hazina.AI.RAG.csproj::TargetFramework=net10.0]
C:\Projects\Hazina\src\Core\AI\Hazina.AI.RAG\Core\RAGEngine.cs(434,13): warning MA0011: Use an overload of 'AppendLine' that has a 'System.IFormatProvider' parameter (https://github.com/meziantou/Meziantou.Analyzer/blob/main/docs/Rules/MA0011.md) [C:\Projects\Hazina\src\Core\AI\Hazina.AI.RAG\Hazina.AI.RAG.csproj::TargetFramework=net10.0]
C:\Projects\Hazina\src\Core\AI\Hazina.AI.RAG\Graph\Storage\SQLiteGraphStore.cs(356,9): warning CA1873: Evaluation of this argument may be expensive and unnecessary if logging is disabled (https://learn.microsoft.com/dotnet/fundamentals/code-analysis/quality-rules/ca1873) [C:\Projects\Hazina\src\Core\AI\Hazina.AI.RAG\Hazina.AI.RAG.csproj::TargetFramework=net10.0]
C:\Projects\Hazina\src\Core\AI\Hazina.AI.RAG\Graph\Storage\SQLiteGraphStore.cs(356,9): warning CA1848: For improved performance, use the LoggerMessage delegates instead of calling 'LoggerExtensions.LogDebug(ILogger, string?, params object?[])' (https://learn.microsoft.com/dotnet/fundamentals/code-analysis/quality-rules/ca1848) [C:\Projects\Hazina\src\Core\AI\Hazina.AI.RAG\Hazina.AI.RAG.csproj::TargetFramework=net10.0]
C:\Projects\Hazina\src\Core\AI\Hazina.AI.RAG\Graph\Storage\InMemoryGraphStore.cs(315,30): warning MA0006: Use string.Equals instead of Equals operator (https://github.com/meziantou/Meziantou.Analyzer/blob/main/docs/Rules/MA0006.md) [C:\Projects\Hazina\src\Core\AI\Hazina.AI.RAG\Hazina.AI.RAG.csproj::TargetFramework=net10.0]
C:\Projects\Hazina\src\Core\Agents\Hazina.AgentFactory\Models\BuildOutput.cs(4,21): warning MA0047: Declare type 'BuildOutput' in a namespace (https://github.com/meziantou/Meziantou.Analyzer/blob/main/docs/Rules/MA0047.md) [C:\Projects\Hazina\src\Core\Agents\Hazina.AgentFactory\Hazina.AgentFactory.csproj::TargetFramework=net9.0]
C:\Projects\Hazina\src\Core\AI\Hazina.AI.RAG\Graph\Storage\SQLiteGraphStore.cs(333,9): warning MA0004: Use Task.ConfigureAwait(false) if the current SynchronizationContext is not needed (https://github.com/meziantou/Meziantou.Analyzer/blob/main/docs/Rules/MA0004.md) [C:\Projects\Hazina\src\Core\AI\Hazina.AI.RAG\Hazina.AI.RAG.csproj::TargetFramework=net10.0]
C:\Projects\Hazina\src\Core\AI\Hazina.AI.RAG\Graph\Storage\SQLiteGraphStore.cs(348,28): warning MA0004: Use Task.ConfigureAwait(false) if the current SynchronizationContext is not needed (https://github.com/meziantou/Meziantou.Analyzer/blob/main/docs/Rules/MA0004.md) [C:\Projects\Hazina\src\Core\AI\Hazina.AI.RAG\Hazina.AI.RAG.csproj::TargetFramework=net10.0]
C:\Projects\Hazina\src\Core\AI\Hazina.AI.RAG\Graph\Storage\SQLiteGraphStore.cs(349,16): warning MA0004: Use Task.ConfigureAwait(false) if the current SynchronizationContext is not needed (https://github.com/meziantou/Meziantou.Analyzer/blob/main/docs/Rules/MA0004.md) [C:\Projects\Hazina\src\Core\AI\Hazina.AI.RAG\Hazina.AI.RAG.csproj::TargetFramework=net10.0]
C:\Projects\Hazina\src\Core\Agents\Hazina.AgentFactory\Models\BuildOutput.cs(4,21): warning S3903: Move 'BuildOutput' into a named namespace. (https://rules.sonarsource.com/csharp/RSPEC-3903) [C:\Projects\Hazina\src\Core\Agents\Hazina.AgentFactory\Hazina.AgentFactory.csproj::TargetFramework=net9.0]
C:\Projects\Hazina\src\Core\AI\Hazina.AI.RAG\Graph\Storage\SQLiteGraphStore.cs(352,13): warning MA0004: Use Task.ConfigureAwait(false) if the current SynchronizationContext is not needed (https://github.com/meziantou/Meziantou.Analyzer/blob/main/docs/Rules/MA0004.md) [C:\Projects\Hazina\src\Core\AI\Hazina.AI.RAG\Hazina.AI.RAG.csproj::TargetFramework=net10.0]
C:\Projects\Hazina\src\Core\AI\Hazina.AI.RAG\Graph\Pipeline\GraphConstructionPipeline.cs(182,9): warning CA1031: Modify 'ProcessDocumentAsync' to catch a more specific allowed exception type, or rethrow the exception (https://learn.microsoft.com/dotnet/fundamentals/code-analysis/quality-rules/ca1031) [C:\Projects\Hazina\src\Core\AI\Hazina.AI.RAG\Hazina.AI.RAG.csproj::TargetFramework=net10.0]
C:\Projects\Hazina\src\Core\AI\Hazina.AI.RAG\Core\RAGEngine.cs(493,20): warning S2325: Make 'BuildRAGPrompt' a static method. (https://rules.sonarsource.com/csharp/RSPEC-2325) [C:\Projects\Hazina\src\Core\AI\Hazina.AI.RAG\Hazina.AI.RAG.csproj::TargetFramework=net10.0]
C:\Projects\Hazina\src\Core\Agents\Hazina.AgentFactory\Models\BuildOutput.cs(7,26): warning CA2211: Non-constant fields should not be visible (https://learn.microsoft.com/dotnet/fundamentals/code-analysis/quality-rules/ca2211) [C:\Projects\Hazina\src\Core\Agents\Hazina.AgentFactory\Hazina.AgentFactory.csproj::TargetFramework=net9.0]
C:\Projects\Hazina\src\Core\AI\Hazina.AI.RAG\Graph\Storage\InMemoryGraphStore.cs(397,24): warning S1244: Do not check floating point equality with exact values, use a range instead. (https://rules.sonarsource.com/csharp/RSPEC-1244) [C:\Projects\Hazina\src\Core\AI\Hazina.AI.RAG\Hazina.AI.RAG.csproj::TargetFramework=net10.0]
C:\Projects\Hazina\src\Core\AI\Hazina.AI.RAG\Graph\Storage\InMemoryGraphStore.cs(397,45): warning S1244: Do not check floating point equality with exact values, use a range instead. (https://rules.sonarsource.com/csharp/RSPEC-1244) [C:\Projects\Hazina\src\Core\AI\Hazina.AI.RAG\Hazina.AI.RAG.csproj::TargetFramework=net10.0]
C:\Projects\Hazina\src\Core\AI\Hazina.AI.RAG\Graph\Storage\InMemoryGraphStore.cs(379,20): warning S2325: Make 'CalculateCosineSimilarity' a static method. (https://rules.sonarsource.com/csharp/RSPEC-2325) [C:\Projects\Hazina\src\Core\AI\Hazina.AI.RAG\Hazina.AI.RAG.csproj::TargetFramework=net10.0]
C:\Projects\Hazina\src\Core\AI\Hazina.AI.RAG\Graph\Pipeline\GraphConstructionPipeline.cs(206,44): warning CA1062: In externally visible method 'Task<List<GraphConstructionResult>> GraphConstructionPipeline.ProcessDocumentsBatchAsync(Dictionary<string, string> documents, CancellationToken cancellationToken = default(CancellationToken))', validate parameter 'documents' is non-null before using it. If appropriate, throw an 'ArgumentNullException' when the argument is 'null'. (https://learn.microsoft.com/dotnet/fundamentals/code-analysis/quality-rules/ca1062) [C:\Projects\Hazina\src\Core\AI\Hazina.AI.RAG\Hazina.AI.RAG.csproj::TargetFramework=net10.0]
C:\Projects\Hazina\src\Core\AI\Hazina.AI.RAG\Core\RAGEngine.cs(286,5): warning SA1124: Do not use regions (https://github.com/DotNetAnalyzers/StyleCopAnalyzers/blob/master/documentation/SA1124.md) [C:\Projects\Hazina\src\Core\AI\Hazina.AI.RAG\Hazina.AI.RAG.csproj::TargetFramework=net10.0]
C:\Projects\Hazina\src\Core\AI\Hazina.AI.RAG\Core\RAGEngine.cs(408,9): warning SA1111: Closing parenthesis should be on line of last parameter (https://github.com/DotNetAnalyzers/StyleCopAnalyzers/blob/master/documentation/SA1111.md) [C:\Projects\Hazina\src\Core\AI\Hazina.AI.RAG\Hazina.AI.RAG.csproj::TargetFramework=net10.0]
C:\Projects\Hazina\src\Core\AI\Hazina.AI.RAG\Core\RAGEngine.cs(415,102): warning SA1122: Use string.Empty for empty strings (https://github.com/DotNetAnalyzers/StyleCopAnalyzers/blob/master/documentation/SA1122.md) [C:\Projects\Hazina\src\Core\AI\Hazina.AI.RAG\Hazina.AI.RAG.csproj::TargetFramework=net10.0]
C:\Projects\Hazina\src\Core\AI\Hazina.AI.RAG\Core\RAGEngine.cs(415,107): warning SA1122: Use string.Empty for empty strings (https://github.com/DotNetAnalyzers/StyleCopAnalyzers/blob/master/documentation/SA1122.md) [C:\Projects\Hazina\src\Core\AI\Hazina.AI.RAG\Hazina.AI.RAG.csproj::TargetFramework=net10.0]
C:\Projects\Hazina\src\Core\AI\Hazina.AI.RAG\Core\RAGEngine.cs(312,43): warning CA1860: Prefer comparing 'Count' to 0 rather than using 'Any()', both for clarity and for performance (https://learn.microsoft.com/dotnet/fundamentals/code-analysis/quality-rules/ca1860) [C:\Projects\Hazina\src\Core\AI\Hazina.AI.RAG\Hazina.AI.RAG.csproj::TargetFramework=net10.0]
C:\Projects\Hazina\src\Core\AI\Hazina.AI.RAG\Core\RAGEngine.cs(504,9): warning CA1305: The behavior of 'StringBuilder.AppendLine(ref StringBuilder.AppendInterpolatedStringHandler)' could vary based on the current user's locale settings. Replace this call in 'RAGEngine.BuildRAGPrompt(string, string, RAGQueryOptions)' with a call to 'StringBuilder.AppendLine(IFormatProvider, ref StringBuilder.AppendInterpolatedStringHandler)'. (https://learn.microsoft.com/dotnet/fundamentals/code-analysis/quality-rules/ca1305) [C:\Projects\Hazina\src\Core\AI\Hazina.AI.RAG\Hazina.AI.RAG.csproj::TargetFramework=net10.0]
C:\Projects\Hazina\src\Core\AI\Hazina.AI.RAG\Core\RAGEngine.cs(462,13): warning SA1111: Closing parenthesis should be on line of last parameter (https://github.com/DotNetAnalyzers/StyleCopAnalyzers/blob/master/documentation/SA1111.md) [C:\Projects\Hazina\src\Core\AI\Hazina.AI.RAG\Hazina.AI.RAG.csproj::TargetFramework=net10.0]
C:\Projects\Hazina\src\Core\AI\Hazina.AI.RAG\Core\RAGEngine.cs(487,13): warning SA1111: Closing parenthesis should be on line of last parameter (https://github.com/DotNetAnalyzers/StyleCopAnalyzers/blob/master/documentation/SA1111.md) [C:\Projects\Hazina\src\Core\AI\Hazina.AI.RAG\Hazina.AI.RAG.csproj::TargetFramework=net10.0]
C:\Projects\Hazina\src\Core\AI\Hazina.AI.RAG\Core\RAGEngine.cs(454,26): warning MA0004: Use Task.ConfigureAwait(false) if the current SynchronizationContext is not needed (https://github.com/meziantou/Meziantou.Analyzer/blob/main/docs/Rules/MA0004.md) [C:\Projects\Hazina\src\Core\AI\Hazina.AI.RAG\Hazina.AI.RAG.csproj::TargetFramework=net10.0]
C:\Projects\Hazina\src\Core\AI\Hazina.AI.RAG\Core\RAGEngine.cs(404,23): warning MA0004: Use Task.ConfigureAwait(false) if the current SynchronizationContext is not needed (https://github.com/meziantou/Meziantou.Analyzer/blob/main/docs/Rules/MA0004.md) [C:\Projects\Hazina\src\Core\AI\Hazina.AI.RAG\Hazina.AI.RAG.csproj::TargetFramework=net10.0]
C:\Projects\Hazina\src\Core\AI\Hazina.AI.RAG\Core\RAGEngine.cs(481,28): warning MA0004: Use Task.ConfigureAwait(false) if the current SynchronizationContext is not needed (https://github.com/meziantou/Meziantou.Analyzer/blob/main/docs/Rules/MA0004.md) [C:\Projects\Hazina\src\Core\AI\Hazina.AI.RAG\Hazina.AI.RAG.csproj::TargetFramework=net10.0]
C:\Projects\Hazina\src\Core\AI\Hazina.AI.RAG\Core\RAGEngine.cs(315,24): warning MA0004: Use Task.ConfigureAwait(false) if the current SynchronizationContext is not needed (https://github.com/meziantou/Meziantou.Analyzer/blob/main/docs/Rules/MA0004.md) [C:\Projects\Hazina\src\Core\AI\Hazina.AI.RAG\Hazina.AI.RAG.csproj::TargetFramework=net10.0]
C:\Projects\Hazina\src\Core\AI\Hazina.AI.RAG\Core\RAGEngine.cs(334,26): warning MA0004: Use Task.ConfigureAwait(false) if the current SynchronizationContext is not needed (https://github.com/meziantou/Meziantou.Analyzer/blob/main/docs/Rules/MA0004.md) [C:\Projects\Hazina\src\Core\AI\Hazina.AI.RAG\Hazina.AI.RAG.csproj::TargetFramework=net10.0]
C:\Projects\Hazina\src\Core\AI\Hazina.AI.RAG\Core\RAGEngine.cs(419,23): warning MA0002: Use an overload that has a IEqualityComparer<string> or IComparer<string> parameter (https://github.com/meziantou/Meziantou.Analyzer/blob/main/docs/Rules/MA0002.md) [C:\Projects\Hazina\src\Core\AI\Hazina.AI.RAG\Hazina.AI.RAG.csproj::TargetFramework=net10.0]
C:\Projects\Hazina\src\Core\AI\Hazina.AI.RAG\Graph\Storage\SQLiteGraphStore.cs(449,9): warning MA0004: Use Task.ConfigureAwait(false) if the current SynchronizationContext is not needed (https://github.com/meziantou/Meziantou.Analyzer/blob/main/docs/Rules/MA0004.md) [C:\Projects\Hazina\src\Core\AI\Hazina.AI.RAG\Hazina.AI.RAG.csproj::TargetFramework=net10.0]
C:\Projects\Hazina\src\Core\AI\Hazina.AI.RAG\Graph\Storage\SQLiteGraphStore.cs(454,9): warning MA0004: Use Task.ConfigureAwait(false) if the current SynchronizationContext is not needed (https://github.com/meziantou/Meziantou.Analyzer/blob/main/docs/Rules/MA0004.md) [C:\Projects\Hazina\src\Core\AI\Hazina.AI.RAG\Hazina.AI.RAG.csproj::TargetFramework=net10.0]
C:\Projects\Hazina\src\Core\AI\Hazina.AI.RAG\Graph\Storage\SQLiteGraphStore.cs(451,23): warning MA0002: Use an overload that has a IEqualityComparer<string> or IComparer<string> parameter (https://github.com/meziantou/Meziantou.Analyzer/blob/main/docs/Rules/MA0002.md) [C:\Projects\Hazina\src\Core\AI\Hazina.AI.RAG\Hazina.AI.RAG.csproj::TargetFramework=net10.0]
C:\Projects\Hazina\src\Core\AI\Hazina.AI.RAG\Core\RAGEngine.cs(304,23): warning MA0002: Use an overload that has a IEqualityComparer<string> or IComparer<string> parameter (https://github.com/meziantou/Meziantou.Analyzer/blob/main/docs/Rules/MA0002.md) [C:\Projects\Hazina\src\Core\AI\Hazina.AI.RAG\Hazina.AI.RAG.csproj::TargetFramework=net10.0]
C:\Projects\Hazina\src\Core\AI\Hazina.AI.RAG\Graph\Storage\SQLiteGraphStore.cs(146,37): warning S6966: Await BeginTransactionAsync instead. (https://rules.sonarsource.com/csharp/RSPEC-6966) [C:\Projects\Hazina\src\Core\AI\Hazina.AI.RAG\Hazina.AI.RAG.csproj::TargetFramework=net10.0]
C:\Projects\Hazina\src\Core\AI\Hazina.AI.RAG\Graph\Storage\SQLiteGraphStore.cs(426,9): warning MA0004: Use Task.ConfigureAwait(false) if the current SynchronizationContext is not needed (https://github.com/meziantou/Meziantou.Analyzer/blob/main/docs/Rules/MA0004.md) [C:\Projects\Hazina\src\Core\AI\Hazina.AI.RAG\Hazina.AI.RAG.csproj::TargetFramework=net10.0]
C:\Projects\Hazina\src\Core\AI\Hazina.AI.RAG\Graph\Storage\SQLiteGraphStore.cs(434,28): warning MA0004: Use Task.ConfigureAwait(false) if the current SynchronizationContext is not needed (https://github.com/meziantou/Meziantou.Analyzer/blob/main/docs/Rules/MA0004.md) [C:\Projects\Hazina\src\Core\AI\Hazina.AI.RAG\Hazina.AI.RAG.csproj::TargetFramework=net10.0]
C:\Projects\Hazina\src\Core\AI\Hazina.AI.RAG\Graph\Storage\SQLiteGraphStore.cs(435,16): warning MA0004: Use Task.ConfigureAwait(false) if the current SynchronizationContext is not needed (https://github.com/meziantou/Meziantou.Analyzer/blob/main/docs/Rules/MA0004.md) [C:\Projects\Hazina\src\Core\AI\Hazina.AI.RAG\Hazina.AI.RAG.csproj::TargetFramework=net10.0]
C:\Projects\Hazina\src\Core\AI\Hazina.AI.RAG\Core\RAGEngine.cs(343,24): warning MA0002: Use an overload that has a IEqualityComparer<string> or IComparer<string> parameter (https://github.com/meziantou/Meziantou.Analyzer/blob/main/docs/Rules/MA0002.md) [C:\Projects\Hazina\src\Core\AI\Hazina.AI.RAG\Hazina.AI.RAG.csproj::TargetFramework=net10.0]
C:\Projects\Hazina\src\Core\AI\Hazina.AI.RAG\Graph\Storage\InMemoryGraphStore.cs(368,38): warning MA0002: Use an overload that has a IEqualityComparer<string> or IComparer<string> parameter (https://github.com/meziantou/Meziantou.Analyzer/blob/main/docs/Rules/MA0002.md) [C:\Projects\Hazina\src\Core\AI\Hazina.AI.RAG\Hazina.AI.RAG.csproj::TargetFramework=net10.0]
C:\Projects\Hazina\src\Core\AI\Hazina.AI.RAG\Graph\Storage\InMemoryGraphStore.cs(368,38): warning MA0002: Use an overload that has a IEqualityComparer<string> or IComparer<string> parameter (https://github.com/meziantou/Meziantou.Analyzer/blob/main/docs/Rules/MA0002.md) [C:\Projects\Hazina\src\Core\AI\Hazina.AI.RAG\Hazina.AI.RAG.csproj::TargetFramework=net10.0]
C:\Projects\Hazina\src\Core\AI\Hazina.AI.RAG\Core\RAGEngine.cs(343,24): warning MA0002: Use an overload that has a IEqualityComparer<string> or IComparer<string> parameter (https://github.com/meziantou/Meziantou.Analyzer/blob/main/docs/Rules/MA0002.md) [C:\Projects\Hazina\src\Core\AI\Hazina.AI.RAG\Hazina.AI.RAG.csproj::TargetFramework=net10.0]
C:\Projects\Hazina\src\Core\AI\Hazina.AI.RAG\Core\RAGEngine.cs(343,56): warning MA0002: Use an overload that has a IEqualityComparer<string> or IComparer<string> parameter (https://github.com/meziantou/Meziantou.Analyzer/blob/main/docs/Rules/MA0002.md) [C:\Projects\Hazina\src\Core\AI\Hazina.AI.RAG\Hazina.AI.RAG.csproj::TargetFramework=net10.0]
C:\Projects\Hazina\src\Core\AI\Hazina.AI.RAG\Core\RAGEngine.cs(345,25): warning MA0002: Use an overload that has a IEqualityComparer<string> or IComparer<string> parameter (https://github.com/meziantou/Meziantou.Analyzer/blob/main/docs/Rules/MA0002.md) [C:\Projects\Hazina\src\Core\AI\Hazina.AI.RAG\Hazina.AI.RAG.csproj::TargetFramework=net10.0]
C:\Projects\Hazina\src\Core\AI\Hazina.AI.RAG\Graph\Storage\InMemoryGraphStore.cs(371,44): warning MA0002: Use an overload that has a IEqualityComparer<string> or IComparer<string> parameter (https://github.com/meziantou/Meziantou.Analyzer/blob/main/docs/Rules/MA0002.md) [C:\Projects\Hazina\src\Core\AI\Hazina.AI.RAG\Hazina.AI.RAG.csproj::TargetFramework=net10.0]
C:\Projects\Hazina\src\Core\AI\Hazina.AI.RAG\Graph\Storage\InMemoryGraphStore.cs(371,44): warning MA0002: Use an overload that has a IEqualityComparer<string> or IComparer<string> parameter (https://github.com/meziantou/Meziantou.Analyzer/blob/main/docs/Rules/MA0002.md) [C:\Projects\Hazina\src\Core\AI\Hazina.AI.RAG\Hazina.AI.RAG.csproj::TargetFramework=net10.0]
C:\Projects\Hazina\src\Core\AI\Hazina.AI.RAG\Graph\Storage\SQLiteGraphStore.cs(639,24): warning S2325: Make 'LoadEntityRelations' a static method. (https://rules.sonarsource.com/csharp/RSPEC-2325) [C:\Projects\Hazina\src\Core\AI\Hazina.AI.RAG\Hazina.AI.RAG.csproj::TargetFramework=net10.0]
C:\Projects\Hazina\src\Core\AI\Hazina.AI.RAG\Graph\Storage\SQLiteGraphStore.cs(698,20): warning S2325: Make 'SerializeEmbedding' a static method. (https://rules.sonarsource.com/csharp/RSPEC-2325) [C:\Projects\Hazina\src\Core\AI\Hazina.AI.RAG\Hazina.AI.RAG.csproj::TargetFramework=net10.0]
C:\Projects\Hazina\src\Core\AI\Hazina.AI.RAG\Graph\Storage\SQLiteGraphStore.cs(705,21): warning S2325: Make 'DeserializeEmbedding' a static method. (https://rules.sonarsource.com/csharp/RSPEC-2325) [C:\Projects\Hazina\src\Core\AI\Hazina.AI.RAG\Hazina.AI.RAG.csproj::TargetFramework=net10.0]
C:\Projects\Hazina\src\Core\AI\Hazina.AI.RAG\Graph\Storage\SQLiteGraphStore.cs(309,60): warning CA1062: In externally visible method 'Task<List<GraphEntity>> SQLiteGraphStore.SearchEntitiesByEmbeddingAsync(float[] embedding, int topK = 10, string? typeFilter = null, CancellationToken cancellationToken = default(CancellationToken))', validate parameter 'embedding' is non-null before using it. If appropriate, throw an 'ArgumentNullException' when the argument is 'null'. (https://learn.microsoft.com/dotnet/fundamentals/code-analysis/quality-rules/ca1062) [C:\Projects\Hazina\src\Core\AI\Hazina.AI.RAG\Hazina.AI.RAG.csproj::TargetFramework=net10.0]
C:\Projects\Hazina\src\Core\AI\Hazina.AI.RAG\Graph\Storage\SQLiteGraphStore.cs(529,16): warning MA0004: Use Task.ConfigureAwait(false) if the current SynchronizationContext is not needed (https://github.com/meziantou/Meziantou.Analyzer/blob/main/docs/Rules/MA0004.md) [C:\Projects\Hazina\src\Core\AI\Hazina.AI.RAG\Hazina.AI.RAG.csproj::TargetFramework=net10.0]
C:\Projects\Hazina\src\Core\AI\Hazina.AI.RAG\Graph\Storage\SQLiteGraphStore.cs(409,17): warning CA1873: Evaluation of this argument may be expensive and unnecessary if logging is disabled (https://learn.microsoft.com/dotnet/fundamentals/code-analysis/quality-rules/ca1873) [C:\Projects\Hazina\src\Core\AI\Hazina.AI.RAG\Hazina.AI.RAG.csproj::TargetFramework=net10.0]
C:\Projects\Hazina\src\Core\AI\Hazina.AI.RAG\Graph\Storage\SQLiteGraphStore.cs(409,17): warning CA1848: For improved performance, use the LoggerMessage delegates instead of calling 'LoggerExtensions.LogDebug(ILogger, string?, params object?[])' (https://learn.microsoft.com/dotnet/fundamentals/code-analysis/quality-rules/ca1848) [C:\Projects\Hazina\src\Core\AI\Hazina.AI.RAG\Hazina.AI.RAG.csproj::TargetFramework=net10.0]
C:\Projects\Hazina\src\Core\AI\Hazina.AI.RAG\Graph\Storage\SQLiteGraphStore.cs(373,37): warning CA1849: 'SqliteConnection.BeginTransaction()' synchronously blocks. Await 'DbConnection.BeginTransactionAsync(CancellationToken)' instead. (https://learn.microsoft.com/dotnet/fundamentals/code-analysis/quality-rules/ca1849) [C:\Projects\Hazina\src\Core\AI\Hazina.AI.RAG\Hazina.AI.RAG.csproj::TargetFramework=net10.0]
C:\Projects\Hazina\src\Core\AI\Hazina.AI.RAG\Graph\Storage\SQLiteGraphStore.cs(367,9): warning MA0004: Use Task.ConfigureAwait(false) if the current SynchronizationContext is not needed (https://github.com/meziantou/Meziantou.Analyzer/blob/main/docs/Rules/MA0004.md) [C:\Projects\Hazina\src\Core\AI\Hazina.AI.RAG\Hazina.AI.RAG.csproj::TargetFramework=net10.0]
C:\Projects\Hazina\src\Core\AI\Hazina.AI.RAG\Graph\Storage\SQLiteGraphStore.cs(371,13): warning MA0004: Use Task.ConfigureAwait(false) if the current SynchronizationContext is not needed (https://github.com/meziantou/Meziantou.Analyzer/blob/main/docs/Rules/MA0004.md) [C:\Projects\Hazina\src\Core\AI\Hazina.AI.RAG\Hazina.AI.RAG.csproj::TargetFramework=net10.0]
C:\Projects\Hazina\src\Core\AI\Hazina.AI.RAG\Graph\Storage\SQLiteGraphStore.cs(405,21): warning MA0004: Use Task.ConfigureAwait(false) if the current SynchronizationContext is not needed (https://github.com/meziantou/Meziantou.Analyzer/blob/main/docs/Rules/MA0004.md) [C:\Projects\Hazina\src\Core\AI\Hazina.AI.RAG\Hazina.AI.RAG.csproj::TargetFramework=net10.0]
C:\Projects\Hazina\src\Core\AI\Hazina.AI.RAG\Graph\Storage\SQLiteGraphStore.cs(408,17): warning MA0004: Use Task.ConfigureAwait(false) if the current SynchronizationContext is not needed (https://github.com/meziantou/Meziantou.Analyzer/blob/main/docs/Rules/MA0004.md) [C:\Projects\Hazina\src\Core\AI\Hazina.AI.RAG\Hazina.AI.RAG.csproj::TargetFramework=net10.0]
C:\Projects\Hazina\src\Core\AI\Hazina.AI.RAG\Graph\Storage\SQLiteGraphStore.cs(413,17): warning MA0004: Use Task.ConfigureAwait(false) if the current SynchronizationContext is not needed (https://github.com/meziantou/Meziantou.Analyzer/blob/main/docs/Rules/MA0004.md) [C:\Projects\Hazina\src\Core\AI\Hazina.AI.RAG\Hazina.AI.RAG.csproj::TargetFramework=net10.0]
C:\Projects\Hazina\src\Core\AI\Hazina.AI.RAG\Graph\Storage\SQLiteGraphStore.cs(730,24): warning S1244: Do not check floating point equality with exact values, use a range instead. (https://rules.sonarsource.com/csharp/RSPEC-1244) [C:\Projects\Hazina\src\Core\AI\Hazina.AI.RAG\Hazina.AI.RAG.csproj::TargetFramework=net10.0]
C:\Projects\Hazina\src\Core\AI\Hazina.AI.RAG\Graph\Storage\SQLiteGraphStore.cs(730,45): warning S1244: Do not check floating point equality with exact values, use a range instead. (https://rules.sonarsource.com/csharp/RSPEC-1244) [C:\Projects\Hazina\src\Core\AI\Hazina.AI.RAG\Hazina.AI.RAG.csproj::TargetFramework=net10.0]
C:\Projects\Hazina\src\Core\AI\Hazina.AI.RAG\Graph\Storage\SQLiteGraphStore.cs(712,20): warning S2325: Make 'CalculateCosineSimilarity' a static method. (https://rules.sonarsource.com/csharp/RSPEC-2325) [C:\Projects\Hazina\src\Core\AI\Hazina.AI.RAG\Hazina.AI.RAG.csproj::TargetFramework=net10.0]
C:\Projects\Hazina\src\Core\AI\Hazina.AI.RAG\Graph\Storage\SQLiteGraphStore.cs(534,9): warning MA0004: Use Task.ConfigureAwait(false) if the current SynchronizationContext is not needed (https://github.com/meziantou/Meziantou.Analyzer/blob/main/docs/Rules/MA0004.md) [C:\Projects\Hazina\src\Core\AI\Hazina.AI.RAG\Hazina.AI.RAG.csproj::TargetFramework=net10.0]
C:\Projects\Hazina\src\Core\AI\Hazina.AI.RAG\Graph\Storage\SQLiteGraphStore.cs(486,28): warning MA0004: Use Task.ConfigureAwait(false) if the current SynchronizationContext is not needed (https://github.com/meziantou/Meziantou.Analyzer/blob/main/docs/Rules/MA0004.md) [C:\Projects\Hazina\src\Core\AI\Hazina.AI.RAG\Hazina.AI.RAG.csproj::TargetFramework=net10.0]
C:\Projects\Hazina\src\Core\AI\Hazina.AI.RAG\Graph\Storage\SQLiteGraphStore.cs(487,16): warning MA0004: Use Task.ConfigureAwait(false) if the current SynchronizationContext is not needed (https://github.com/meziantou/Meziantou.Analyzer/blob/main/docs/Rules/MA0004.md) [C:\Projects\Hazina\src\Core\AI\Hazina.AI.RAG\Hazina.AI.RAG.csproj::TargetFramework=net10.0]
C:\Projects\Hazina\src\Core\AI\Hazina.AI.RAG\Graph\Storage\SQLiteGraphStore.cs(499,28): warning MA0004: Use Task.ConfigureAwait(false) if the current SynchronizationContext is not needed (https://github.com/meziantou/Meziantou.Analyzer/blob/main/docs/Rules/MA0004.md) [C:\Projects\Hazina\src\Core\AI\Hazina.AI.RAG\Hazina.AI.RAG.csproj::TargetFramework=net10.0]
C:\Projects\Hazina\src\Core\AI\Hazina.AI.RAG\Graph\Storage\SQLiteGraphStore.cs(545,37): warning CA1849: 'SqliteConnection.BeginTransaction()' synchronously blocks. Await 'DbConnection.BeginTransactionAsync(CancellationToken)' instead. (https://learn.microsoft.com/dotnet/fundamentals/code-analysis/quality-rules/ca1849) [C:\Projects\Hazina\src\Core\AI\Hazina.AI.RAG\Hazina.AI.RAG.csproj::TargetFramework=net10.0]
C:\Projects\Hazina\src\Core\AI\Hazina.AI.RAG\Graph\Storage\SQLiteGraphStore.cs(506,21): warning MA0004: Use Task.ConfigureAwait(false) if the current SynchronizationContext is not needed (https://github.com/meziantou/Meziantou.Analyzer/blob/main/docs/Rules/MA0004.md) [C:\Projects\Hazina\src\Core\AI\Hazina.AI.RAG\Hazina.AI.RAG.csproj::TargetFramework=net10.0]
C:\Projects\Hazina\src\Core\AI\Hazina.AI.RAG\Graph\Storage\SQLiteGraphStore.cs(539,9): warning MA0004: Use Task.ConfigureAwait(false) if the current SynchronizationContext is not needed (https://github.com/meziantou/Meziantou.Analyzer/blob/main/docs/Rules/MA0004.md) [C:\Projects\Hazina\src\Core\AI\Hazina.AI.RAG\Hazina.AI.RAG.csproj::TargetFramework=net10.0]
C:\Projects\Hazina\src\Core\AI\Hazina.AI.RAG\Graph\Storage\SQLiteGraphStore.cs(543,13): warning MA0004: Use Task.ConfigureAwait(false) if the current SynchronizationContext is not needed (https://github.com/meziantou/Meziantou.Analyzer/blob/main/docs/Rules/MA0004.md) [C:\Projects\Hazina\src\Core\AI\Hazina.AI.RAG\Hazina.AI.RAG.csproj::TargetFramework=net10.0]
C:\Projects\Hazina\src\Core\AI\Hazina.AI.RAG\Graph\Storage\SQLiteGraphStore.cs(554,17): warning MA0004: Use Task.ConfigureAwait(false) if the current SynchronizationContext is not needed (https://github.com/meziantou/Meziantou.Analyzer/blob/main/docs/Rules/MA0004.md) [C:\Projects\Hazina\src\Core\AI\Hazina.AI.RAG\Hazina.AI.RAG.csproj::TargetFramework=net10.0]
C:\Projects\Hazina\src\Core\AI\Hazina.AI.RAG\Graph\Storage\SQLiteGraphStore.cs(556,17): warning MA0004: Use Task.ConfigureAwait(false) if the current SynchronizationContext is not needed (https://github.com/meziantou/Meziantou.Analyzer/blob/main/docs/Rules/MA0004.md) [C:\Projects\Hazina\src\Core\AI\Hazina.AI.RAG\Hazina.AI.RAG.csproj::TargetFramework=net10.0]
C:\Projects\Hazina\src\Core\AI\Hazina.AI.RAG\Graph\Storage\SQLiteGraphStore.cs(560,17): warning MA0004: Use Task.ConfigureAwait(false) if the current SynchronizationContext is not needed (https://github.com/meziantou/Meziantou.Analyzer/blob/main/docs/Rules/MA0004.md) [C:\Projects\Hazina\src\Core\AI\Hazina.AI.RAG\Hazina.AI.RAG.csproj::TargetFramework=net10.0]
C:\Projects\Hazina\src\Core\AI\Hazina.AI.RAG\Graph\Storage\SQLiteGraphStore.cs(646,32): warning MA0004: Use Task.ConfigureAwait(false) if the current SynchronizationContext is not needed (https://github.com/meziantou/Meziantou.Analyzer/blob/main/docs/Rules/MA0004.md) [C:\Projects\Hazina\src\Core\AI\Hazina.AI.RAG\Hazina.AI.RAG.csproj::TargetFramework=net10.0]
C:\Projects\Hazina\src\Core\AI\Hazina.AI.RAG\Graph\Storage\SQLiteGraphStore.cs(647,20): warning MA0004: Use Task.ConfigureAwait(false) if the current SynchronizationContext is not needed (https://github.com/meziantou/Meziantou.Analyzer/blob/main/docs/Rules/MA0004.md) [C:\Projects\Hazina\src\Core\AI\Hazina.AI.RAG\Hazina.AI.RAG.csproj::TargetFramework=net10.0]
C:\Projects\Hazina\src\Core\AI\Hazina.AI.RAG\Graph\Storage\SQLiteGraphStore.cs(658,32): warning MA0004: Use Task.ConfigureAwait(false) if the current SynchronizationContext is not needed (https://github.com/meziantou/Meziantou.Analyzer/blob/main/docs/Rules/MA0004.md) [C:\Projects\Hazina\src\Core\AI\Hazina.AI.RAG\Hazina.AI.RAG.csproj::TargetFramework=net10.0]
C:\Projects\Hazina\src\Core\AI\Hazina.AI.RAG\Graph\Storage\SQLiteGraphStore.cs(659,20): warning MA0004: Use Task.ConfigureAwait(false) if the current SynchronizationContext is not needed (https://github.com/meziantou/Meziantou.Analyzer/blob/main/docs/Rules/MA0004.md) [C:\Projects\Hazina\src\Core\AI\Hazina.AI.RAG\Hazina.AI.RAG.csproj::TargetFramework=net10.0]
C:\Projects\Hazina\src\Core\AI\Hazina.AI.RAG\Graph\Storage\SQLiteGraphStore.cs(625,23): warning S6580: Use a format provider when parsing date and time. (https://rules.sonarsource.com/csharp/RSPEC-6580) [C:\Projects\Hazina\src\Core\AI\Hazina.AI.RAG\Hazina.AI.RAG.csproj::TargetFramework=net10.0]
C:\Projects\Hazina\src\Core\AI\Hazina.AI.RAG\Graph\Storage\SQLiteGraphStore.cs(581,33): warning CA1305: The behavior of 'Convert.ToInt32(object)' could vary based on the current user's locale settings. Replace this call in 'SQLiteGraphStore.GetStatisticsAsync([CancellationToken])' with a call to 'Convert.ToInt32(object, IFormatProvider)'. (https://learn.microsoft.com/dotnet/fundamentals/code-analysis/quality-rules/ca1305) [C:\Projects\Hazina\src\Core\AI\Hazina.AI.RAG\Hazina.AI.RAG.csproj::TargetFramework=net10.0]
C:\Projects\Hazina\src\Core\AI\Hazina.AI.RAG\Graph\Storage\SQLiteGraphStore.cs(588,39): warning CA1305: The behavior of 'Convert.ToInt32(object)' could vary based on the current user's locale settings. Replace this call in 'SQLiteGraphStore.GetStatisticsAsync([CancellationToken])' with a call to 'Convert.ToInt32(object, IFormatProvider)'. (https://learn.microsoft.com/dotnet/fundamentals/code-analysis/quality-rules/ca1305) [C:\Projects\Hazina\src\Core\AI\Hazina.AI.RAG\Hazina.AI.RAG.csproj::TargetFramework=net10.0]
C:\Projects\Hazina\src\Core\AI\Hazina.AI.RAG\Graph\Storage\SQLiteGraphStore.cs(626,27): warning S6580: Use a format provider when parsing date and time. (https://rules.sonarsource.com/csharp/RSPEC-6580) [C:\Projects\Hazina\src\Core\AI\Hazina.AI.RAG\Hazina.AI.RAG.csproj::TargetFramework=net10.0]
C:\Projects\Hazina\src\Core\AI\Hazina.AI.RAG\Graph\Storage\SQLiteGraphStore.cs(625,23): warning CA1305: The behavior of 'DateTime.Parse(string)' could vary based on the current user's locale settings. Replace this call in 'SQLiteGraphStore.ReadEntity(SqliteDataReader)' with a call to 'DateTime.Parse(string, IFormatProvider)'. (https://learn.microsoft.com/dotnet/fundamentals/code-analysis/quality-rules/ca1305) [C:\Projects\Hazina\src\Core\AI\Hazina.AI.RAG\Hazina.AI.RAG.csproj::TargetFramework=net10.0]
C:\Projects\Hazina\src\Core\AI\Hazina.AI.RAG\Graph\Storage\SQLiteGraphStore.cs(626,27): warning CA1305: The behavior of 'DateTime.Parse(string)' could vary based on the current user's locale settings. Replace this call in 'SQLiteGraphStore.ReadEntity(SqliteDataReader)' with a call to 'DateTime.Parse(string, IFormatProvider)'. (https://learn.microsoft.com/dotnet/fundamentals/code-analysis/quality-rules/ca1305) [C:\Projects\Hazina\src\Core\AI\Hazina.AI.RAG\Hazina.AI.RAG.csproj::TargetFramework=net10.0]
C:\Projects\Hazina\src\Core\AI\Hazina.AI.RAG\Graph\Storage\SQLiteGraphStore.cs(573,9): warning MA0004: Use Task.ConfigureAwait(false) if the current SynchronizationContext is not needed (https://github.com/meziantou/Meziantou.Analyzer/blob/main/docs/Rules/MA0004.md) [C:\Projects\Hazina\src\Core\AI\Hazina.AI.RAG\Hazina.AI.RAG.csproj::TargetFramework=net10.0]
C:\Projects\Hazina\src\Core\AI\Hazina.AI.RAG\Graph\Storage\SQLiteGraphStore.cs(581,49): warning MA0004: Use Task.ConfigureAwait(false) if the current SynchronizationContext is not needed (https://github.com/meziantou/Meziantou.Analyzer/blob/main/docs/Rules/MA0004.md) [C:\Projects\Hazina\src\Core\AI\Hazina.AI.RAG\Hazina.AI.RAG.csproj::TargetFramework=net10.0]
C:\Projects\Hazina\src\Core\AI\Hazina.AI.RAG\Graph\Storage\SQLiteGraphStore.cs(588,55): warning MA0004: Use Task.ConfigureAwait(false) if the current SynchronizationContext is not needed (https://github.com/meziantou/Meziantou.Analyzer/blob/main/docs/Rules/MA0004.md) [C:\Projects\Hazina\src\Core\AI\Hazina.AI.RAG\Hazina.AI.RAG.csproj::TargetFramework=net10.0]
C:\Projects\Hazina\src\Core\AI\Hazina.AI.RAG\Graph\Storage\SQLiteGraphStore.cs(595,32): warning MA0004: Use Task.ConfigureAwait(false) if the current SynchronizationContext is not needed (https://github.com/meziantou/Meziantou.Analyzer/blob/main/docs/Rules/MA0004.md) [C:\Projects\Hazina\src\Core\AI\Hazina.AI.RAG\Hazina.AI.RAG.csproj::TargetFramework=net10.0]
C:\Projects\Hazina\src\Core\AI\Hazina.AI.RAG\Graph\Storage\SQLiteGraphStore.cs(596,20): warning MA0004: Use Task.ConfigureAwait(false) if the current SynchronizationContext is not needed (https://github.com/meziantou/Meziantou.Analyzer/blob/main/docs/Rules/MA0004.md) [C:\Projects\Hazina\src\Core\AI\Hazina.AI.RAG\Hazina.AI.RAG.csproj::TargetFramework=net10.0]
C:\Projects\Hazina\src\Core\AI\Hazina.AI.RAG\Graph\Storage\SQLiteGraphStore.cs(606,32): warning MA0004: Use Task.ConfigureAwait(false) if the current SynchronizationContext is not needed (https://github.com/meziantou/Meziantou.Analyzer/blob/main/docs/Rules/MA0004.md) [C:\Projects\Hazina\src\Core\AI\Hazina.AI.RAG\Hazina.AI.RAG.csproj::TargetFramework=net10.0]
C:\Projects\Hazina\src\Core\AI\Hazina.AI.RAG\Graph\Storage\SQLiteGraphStore.cs(607,20): warning MA0004: Use Task.ConfigureAwait(false) if the current SynchronizationContext is not needed (https://github.com/meziantou/Meziantou.Analyzer/blob/main/docs/Rules/MA0004.md) [C:\Projects\Hazina\src\Core\AI\Hazina.AI.RAG\Hazina.AI.RAG.csproj::TargetFramework=net10.0]
C:\Projects\Hazina\src\Core\AI\Hazina.AI.RAG\Graph\Storage\SQLiteGraphStore.cs(680,23): warning S6580: Use a format provider when parsing date and time. (https://rules.sonarsource.com/csharp/RSPEC-6580) [C:\Projects\Hazina\src\Core\AI\Hazina.AI.RAG\Hazina.AI.RAG.csproj::TargetFramework=net10.0]
C:\Projects\Hazina\src\Core\AI\Hazina.AI.RAG\Graph\Storage\SQLiteGraphStore.cs(681,27): warning S6580: Use a format provider when parsing date and time. (https://rules.sonarsource.com/csharp/RSPEC-6580) [C:\Projects\Hazina\src\Core\AI\Hazina.AI.RAG\Hazina.AI.RAG.csproj::TargetFramework=net10.0]
C:\Projects\Hazina\src\Core\AI\Hazina.AI.RAG\Graph\Storage\SQLiteGraphStore.cs(690,91): warning S6580: Use a format provider when parsing date and time. (https://rules.sonarsource.com/csharp/RSPEC-6580) [C:\Projects\Hazina\src\Core\AI\Hazina.AI.RAG\Hazina.AI.RAG.csproj::TargetFramework=net10.0]
C:\Projects\Hazina\src\Core\AI\Hazina.AI.RAG\Graph\Storage\SQLiteGraphStore.cs(691,87): warning S6580: Use a format provider when parsing date and time. (https://rules.sonarsource.com/csharp/RSPEC-6580) [C:\Projects\Hazina\src\Core\AI\Hazina.AI.RAG\Hazina.AI.RAG.csproj::TargetFramework=net10.0]
C:\Projects\Hazina\src\Core\AI\Hazina.AI.RAG\Graph\Storage\SQLiteGraphStore.cs(581,33): warning MA0011: Use an overload of 'ToInt32' that has a 'System.IFormatProvider' parameter (https://github.com/meziantou/Meziantou.Analyzer/blob/main/docs/Rules/MA0011.md) [C:\Projects\Hazina\src\Core\AI\Hazina.AI.RAG\Hazina.AI.RAG.csproj::TargetFramework=net10.0]
C:\Projects\Hazina\src\Core\AI\Hazina.AI.RAG\Graph\Storage\SQLiteGraphStore.cs(588,39): warning MA0011: Use an overload of 'ToInt32' that has a 'System.IFormatProvider' parameter (https://github.com/meziantou/Meziantou.Analyzer/blob/main/docs/Rules/MA0011.md) [C:\Projects\Hazina\src\Core\AI\Hazina.AI.RAG\Hazina.AI.RAG.csproj::TargetFramework=net10.0]
C:\Projects\Hazina\src\Core\Agents\Hazina.AgentFactory\Models\BuildOutput.cs(7,26): warning MA0069: Non-constant static fields should not be visible (https://github.com/meziantou/Meziantou.Analyzer/blob/main/docs/Rules/MA0069.md) [C:\Projects\Hazina\src\Core\Agents\Hazina.AgentFactory\Hazina.AgentFactory.csproj::TargetFramework=net9.0]
C:\Projects\Hazina\src\Core\AI\Hazina.AI.RAG\Graph\Storage\SQLiteGraphStore.cs(738,17): warning CA1063: Modify 'SQLiteGraphStore.Dispose' so that it calls Dispose(true), then calls GC.SuppressFinalize on the current object instance ('this' or 'Me' in Visual Basic), and then returns (https://learn.microsoft.com/dotnet/fundamentals/code-analysis/quality-rules/ca1063) [C:\Projects\Hazina\src\Core\AI\Hazina.AI.RAG\Hazina.AI.RAG.csproj::TargetFramework=net10.0]
C:\Projects\Hazina\src\Core\AI\Hazina.AI.RAG\Graph\Storage\SQLiteGraphStore.cs(738,17): warning CA1816: Change SQLiteGraphStore.Dispose() to call GC.SuppressFinalize(object). This will prevent derived types that introduce a finalizer from needing to re-implement 'IDisposable' to call it. (https://learn.microsoft.com/dotnet/fundamentals/code-analysis/quality-rules/ca1816) [C:\Projects\Hazina\src\Core\AI\Hazina.AI.RAG\Hazina.AI.RAG.csproj::TargetFramework=net10.0]
C:\Projects\Hazina\src\Core\Agents\Hazina.AgentFactory\Models\BuildOutput.cs(7,26): warning SA1401: Field should be private (https://github.com/DotNetAnalyzers/StyleCopAnalyzers/blob/master/documentation/SA1401.md) [C:\Projects\Hazina\src\Core\Agents\Hazina.AgentFactory\Hazina.AgentFactory.csproj::TargetFramework=net9.0]
C:\Projects\Hazina\src\Core\AI\Hazina.AI.RAG\Graph\Storage\SQLiteGraphStore.cs(625,23): warning MA0011: Use an overload of 'Parse' that has a 'System.IFormatProvider' parameter (https://github.com/meziantou/Meziantou.Analyzer/blob/main/docs/Rules/MA0011.md) [C:\Projects\Hazina\src\Core\AI\Hazina.AI.RAG\Hazina.AI.RAG.csproj::TargetFramework=net10.0]
C:\Projects\Hazina\src\Core\AI\Hazina.AI.RAG\Graph\Storage\SQLiteGraphStore.cs(626,27): warning MA0011: Use an overload of 'Parse' that has a 'System.IFormatProvider' parameter (https://github.com/meziantou/Meziantou.Analyzer/blob/main/docs/Rules/MA0011.md) [C:\Projects\Hazina\src\Core\AI\Hazina.AI.RAG\Hazina.AI.RAG.csproj::TargetFramework=net10.0]
C:\Projects\Hazina\src\Core\AI\Hazina.AI.RAG\Graph\Storage\SQLiteGraphStore.cs(545,37): warning S6966: Await BeginTransactionAsync instead. (https://rules.sonarsource.com/csharp/RSPEC-6966) [C:\Projects\Hazina\src\Core\AI\Hazina.AI.RAG\Hazina.AI.RAG.csproj::TargetFramework=net10.0]
C:\Projects\Hazina\src\Core\AI\Hazina.AI.RAG\Graph\Storage\SQLiteGraphStore.cs(680,23): warning CA1305: The behavior of 'DateTime.Parse(string)' could vary based on the current user's locale settings. Replace this call in 'SQLiteGraphStore.ReadRelationship(SqliteDataReader)' with a call to 'DateTime.Parse(string, IFormatProvider)'. (https://learn.microsoft.com/dotnet/fundamentals/code-analysis/quality-rules/ca1305) [C:\Projects\Hazina\src\Core\AI\Hazina.AI.RAG\Hazina.AI.RAG.csproj::TargetFramework=net10.0]
C:\Projects\Hazina\src\Core\AI\Hazina.AI.RAG\Graph\Storage\SQLiteGraphStore.cs(681,27): warning CA1305: The behavior of 'DateTime.Parse(string)' could vary based on the current user's locale settings. Replace this call in 'SQLiteGraphStore.ReadRelationship(SqliteDataReader)' with a call to 'DateTime.Parse(string, IFormatProvider)'. (https://learn.microsoft.com/dotnet/fundamentals/code-analysis/quality-rules/ca1305) [C:\Projects\Hazina\src\Core\AI\Hazina.AI.RAG\Hazina.AI.RAG.csproj::TargetFramework=net10.0]
C:\Projects\Hazina\src\Core\AI\Hazina.AI.RAG\Graph\Storage\SQLiteGraphStore.cs(690,91): warning CA1305: The behavior of 'DateTime.Parse(string)' could vary based on the current user's locale settings. Replace this call in 'SQLiteGraphStore.ReadRelationship(SqliteDataReader)' with a call to 'DateTime.Parse(string, IFormatProvider)'. (https://learn.microsoft.com/dotnet/fundamentals/code-analysis/quality-rules/ca1305) [C:\Projects\Hazina\src\Core\AI\Hazina.AI.RAG\Hazina.AI.RAG.csproj::TargetFramework=net10.0]
C:\Projects\Hazina\src\Core\AI\Hazina.AI.RAG\Graph\Storage\SQLiteGraphStore.cs(691,87): warning CA1305: The behavior of 'DateTime.Parse(string)' could vary based on the current user's locale settings. Replace this call in 'SQLiteGraphStore.ReadRelationship(SqliteDataReader)' with a call to 'DateTime.Parse(string, IFormatProvider)'. (https://learn.microsoft.com/dotnet/fundamentals/code-analysis/quality-rules/ca1305) [C:\Projects\Hazina\src\Core\AI\Hazina.AI.RAG\Hazina.AI.RAG.csproj::TargetFramework=net10.0]
C:\Projects\Hazina\src\Core\AI\Hazina.AI.RAG\Graph\Storage\SQLiteGraphStore.cs(624,135): warning MA0002: Use an overload that has a IEqualityComparer<string> or IComparer<string> parameter (https://github.com/meziantou/Meziantou.Analyzer/blob/main/docs/Rules/MA0002.md) [C:\Projects\Hazina\src\Core\AI\Hazina.AI.RAG\Hazina.AI.RAG.csproj::TargetFramework=net10.0]
C:\Projects\Hazina\src\Core\AI\Hazina.AI.RAG\Graph\Storage\SQLiteGraphStore.cs(680,23): warning MA0011: Use an overload of 'Parse' that has a 'System.IFormatProvider' parameter (https://github.com/meziantou/Meziantou.Analyzer/blob/main/docs/Rules/MA0011.md) [C:\Projects\Hazina\src\Core\AI\Hazina.AI.RAG\Hazina.AI.RAG.csproj::TargetFramework=net10.0]
C:\Projects\Hazina\src\Core\AI\Hazina.AI.RAG\Graph\Storage\SQLiteGraphStore.cs(681,27): warning MA0011: Use an overload of 'Parse' that has a 'System.IFormatProvider' parameter (https://github.com/meziantou/Meziantou.Analyzer/blob/main/docs/Rules/MA0011.md) [C:\Projects\Hazina\src\Core\AI\Hazina.AI.RAG\Hazina.AI.RAG.csproj::TargetFramework=net10.0]
C:\Projects\Hazina\src\Core\AI\Hazina.AI.RAG\Graph\Storage\SQLiteGraphStore.cs(690,91): warning MA0011: Use an overload of 'Parse' that has a 'System.IFormatProvider' parameter (https://github.com/meziantou/Meziantou.Analyzer/blob/main/docs/Rules/MA0011.md) [C:\Projects\Hazina\src\Core\AI\Hazina.AI.RAG\Hazina.AI.RAG.csproj::TargetFramework=net10.0]
C:\Projects\Hazina\src\Core\AI\Hazina.AI.RAG\Graph\Storage\SQLiteGraphStore.cs(691,87): warning MA0011: Use an overload of 'Parse' that has a 'System.IFormatProvider' parameter (https://github.com/meziantou/Meziantou.Analyzer/blob/main/docs/Rules/MA0011.md) [C:\Projects\Hazina\src\Core\AI\Hazina.AI.RAG\Hazina.AI.RAG.csproj::TargetFramework=net10.0]
C:\Projects\Hazina\src\Core\AI\Hazina.AI.RAG\Graph\Storage\SQLiteGraphStore.cs(676,135): warning MA0002: Use an overload that has a IEqualityComparer<string> or IComparer<string> parameter (https://github.com/meziantou/Meziantou.Analyzer/blob/main/docs/Rules/MA0002.md) [C:\Projects\Hazina\src\Core\AI\Hazina.AI.RAG\Hazina.AI.RAG.csproj::TargetFramework=net10.0]
C:\Projects\Hazina\src\Core\AI\Hazina.AI.RAG\Graph\Storage\SQLiteGraphStore.cs(373,37): warning S6966: Await BeginTransactionAsync instead. (https://rules.sonarsource.com/csharp/RSPEC-6966) [C:\Projects\Hazina\src\Core\AI\Hazina.AI.RAG\Hazina.AI.RAG.csproj::TargetFramework=net10.0]
C:\Projects\Hazina\src\Core\AI\Hazina.AI.RAG\Graph\Pipeline\LLMRelationshipExtractor.cs(197,19): warning CA1812: 'LLMRelationshipExtractor.ExtractedRelationship' is an internal class that is apparently never instantiated. If so, remove the code from the assembly. If this class is intended to contain only static members, make it 'static' (Module in Visual Basic). (https://learn.microsoft.com/dotnet/fundamentals/code-analysis/quality-rules/ca1812) [C:\Projects\Hazina\src\Core\AI\Hazina.AI.RAG\Hazina.AI.RAG.csproj::TargetFramework=net10.0]
C:\Projects\Hazina\src\Core\AI\Hazina.AI.RAG\Graph\Pipeline\LLMEntityExtractor.cs(162,19): warning CA1812: 'LLMEntityExtractor.ExtractedEntity' is an internal class that is apparently never instantiated. If so, remove the code from the assembly. If this class is intended to contain only static members, make it 'static' (Module in Visual Basic). (https://learn.microsoft.com/dotnet/fundamentals/code-analysis/quality-rules/ca1812) [C:\Projects\Hazina\src\Core\AI\Hazina.AI.RAG\Hazina.AI.RAG.csproj::TargetFramework=net10.0]
C:\Projects\Hazina\src\Core\AI\Hazina.AI.RAG\Graph\Pipeline\LLMRelationshipExtractor.cs(197,19): warning CA1852: Type 'ExtractedRelationship' can be sealed because it has no subtypes in its containing assembly and is not externally visible (https://learn.microsoft.com/dotnet/fundamentals/code-analysis/quality-rules/ca1852) [C:\Projects\Hazina\src\Core\AI\Hazina.AI.RAG\Hazina.AI.RAG.csproj::TargetFramework=net10.0]
C:\Projects\Hazina\src\Core\AI\Hazina.AI.RAG\Graph\Pipeline\LLMEntityExtractor.cs(162,19): warning CA1852: Type 'ExtractedEntity' can be sealed because it has no subtypes in its containing assembly and is not externally visible (https://learn.microsoft.com/dotnet/fundamentals/code-analysis/quality-rules/ca1852) [C:\Projects\Hazina\src\Core\AI\Hazina.AI.RAG\Hazina.AI.RAG.csproj::TargetFramework=net10.0]
C:\Projects\Hazina\src\Core\AI\Hazina.AI.RAG\Embeddings\EmbeddingCache.cs(15,29): warning MA0158: Use System.Threading.Lock (https://github.com/meziantou/Meziantou.Analyzer/blob/main/docs/Rules/MA0158.md) [C:\Projects\Hazina\src\Core\AI\Hazina.AI.RAG\Hazina.AI.RAG.csproj::TargetFramework=net10.0]
C:\Projects\Hazina\src\Core\Agents\Hazina.AgentFactory\Models\BuildOutput.cs(7,26): warning S1104: Make this field 'private' and encapsulate it in a 'public' property. (https://rules.sonarsource.com/csharp/RSPEC-1104) [C:\Projects\Hazina\src\Core\Agents\Hazina.AgentFactory\Hazina.AgentFactory.csproj::TargetFramework=net9.0]
C:\Projects\Hazina\src\Core\Agents\Hazina.AgentFactory\Configuration\Parsers\HazinaAgentConfigParser.cs(153,21): warning CA1050: Declare types in namespaces (https://learn.microsoft.com/dotnet/fundamentals/code-analysis/quality-rules/ca1050) [C:\Projects\Hazina\src\Core\Agents\Hazina.AgentFactory\Hazina.AgentFactory.csproj::TargetFramework=net9.0]
C:\Projects\Hazina\src\Core\Agents\Hazina.AgentFactory\Models\BuildOutput.cs(6,26): warning CA2211: Non-constant fields should not be visible (https://learn.microsoft.com/dotnet/fundamentals/code-analysis/quality-rules/ca2211) [C:\Projects\Hazina\src\Core\Agents\Hazina.AgentFactory\Hazina.AgentFactory.csproj::TargetFramework=net9.0]
C:\Projects\Hazina\src\Core\Agents\Hazina.AgentFactory\Configuration\Parsers\HazinaAgentConfigParser.cs(153,21): warning MA0047: Declare type 'HazinaFlowConfigParser' in a namespace (https://github.com/meziantou/Meziantou.Analyzer/blob/main/docs/Rules/MA0047.md) [C:\Projects\Hazina\src\Core\Agents\Hazina.AgentFactory\Hazina.AgentFactory.csproj::TargetFramework=net9.0]
C:\Projects\Hazina\src\Core\Agents\Hazina.AgentFactory\Configuration\Parsers\HazinaAgentConfigParser.cs(153,21): warning MA0048: File name must match type name (https://github.com/meziantou/Meziantou.Analyzer/blob/main/docs/Rules/MA0048.md) [C:\Projects\Hazina\src\Core\Agents\Hazina.AgentFactory\Hazina.AgentFactory.csproj::TargetFramework=net9.0]
C:\Projects\Hazina\src\Core\Agents\Hazina.AgentFactory\Models\BuildOutput.cs(6,26): warning MA0069: Non-constant static fields should not be visible (https://github.com/meziantou/Meziantou.Analyzer/blob/main/docs/Rules/MA0069.md) [C:\Projects\Hazina\src\Core\Agents\Hazina.AgentFactory\Hazina.AgentFactory.csproj::TargetFramework=net9.0]
C:\Projects\Hazina\src\Core\Agents\Hazina.AgentFactory\Models\BuildOutput.cs(6,26): warning SA1401: Field should be private (https://github.com/DotNetAnalyzers/StyleCopAnalyzers/blob/master/documentation/SA1401.md) [C:\Projects\Hazina\src\Core\Agents\Hazina.AgentFactory\Hazina.AgentFactory.csproj::TargetFramework=net9.0]
C:\Projects\Hazina\src\Core\Agents\Hazina.AgentFactory\Abstractions\IFileSystem.cs(175,1): warning SA1516: Elements should be separated by blank line (https://github.com/DotNetAnalyzers/StyleCopAnalyzers/blob/master/documentation/SA1516.md) [C:\Projects\Hazina\src\Core\Agents\Hazina.AgentFactory\Hazina.AgentFactory.csproj::TargetFramework=net9.0]
C:\Projects\Hazina\src\Core\Agents\Hazina.AgentFactory\Abstractions\IFileSystem.cs(176,1): warning SA1516: Elements should be separated by blank line (https://github.com/DotNetAnalyzers/StyleCopAnalyzers/blob/master/documentation/SA1516.md) [C:\Projects\Hazina\src\Core\Agents\Hazina.AgentFactory\Hazina.AgentFactory.csproj::TargetFramework=net9.0]
C:\Projects\Hazina\src\Core\Agents\Hazina.AgentFactory\Abstractions\IFileSystem.cs(177,1): warning SA1516: Elements should be separated by blank line (https://github.com/DotNetAnalyzers/StyleCopAnalyzers/blob/master/documentation/SA1516.md) [C:\Projects\Hazina\src\Core\Agents\Hazina.AgentFactory\Hazina.AgentFactory.csproj::TargetFramework=net9.0]
C:\Projects\Hazina\src\Core\Agents\Hazina.AgentFactory\Abstractions\IFileSystem.cs(178,1): warning SA1516: Elements should be separated by blank line (https://github.com/DotNetAnalyzers/StyleCopAnalyzers/blob/master/documentation/SA1516.md) [C:\Projects\Hazina\src\Core\Agents\Hazina.AgentFactory\Hazina.AgentFactory.csproj::TargetFramework=net9.0]
C:\Projects\Hazina\src\Core\Agents\Hazina.AgentFactory\Models\BuildOutput.cs(6,26): warning S1104: Make this field 'private' and encapsulate it in a 'public' property. (https://rules.sonarsource.com/csharp/RSPEC-1104) [C:\Projects\Hazina\src\Core\Agents\Hazina.AgentFactory\Hazina.AgentFactory.csproj::TargetFramework=net9.0]
C:\Projects\Hazina\src\Core\Agents\Hazina.AgentFactory\Models\BuildOutput.cs(8,26): warning CA2211: Non-constant fields should not be visible (https://learn.microsoft.com/dotnet/fundamentals/code-analysis/quality-rules/ca2211) [C:\Projects\Hazina\src\Core\Agents\Hazina.AgentFactory\Hazina.AgentFactory.csproj::TargetFramework=net9.0]
C:\Projects\Hazina\src\Core\Agents\Hazina.AgentFactory\Models\BuildOutput.cs(8,26): warning MA0069: Non-constant static fields should not be visible (https://github.com/meziantou/Meziantou.Analyzer/blob/main/docs/Rules/MA0069.md) [C:\Projects\Hazina\src\Core\Agents\Hazina.AgentFactory\Hazina.AgentFactory.csproj::TargetFramework=net9.0]
C:\Projects\Hazina\src\Core\Agents\Hazina.AgentFactory\Models\BuildOutput.cs(8,26): warning SA1401: Field should be private (https://github.com/DotNetAnalyzers/StyleCopAnalyzers/blob/master/documentation/SA1401.md) [C:\Projects\Hazina\src\Core\Agents\Hazina.AgentFactory\Hazina.AgentFactory.csproj::TargetFramework=net9.0]
C:\Projects\Hazina\src\Core\Agents\Hazina.AgentFactory\Models\BuildOutput.cs(8,26): warning S1104: Make this field 'private' and encapsulate it in a 'public' property. (https://rules.sonarsource.com/csharp/RSPEC-1104) [C:\Projects\Hazina\src\Core\Agents\Hazina.AgentFactory\Hazina.AgentFactory.csproj::TargetFramework=net9.0]
C:\Projects\Hazina\src\Core\Agents\Hazina.AgentFactory\Models\FlowCardModels.cs(2,1): warning SA1210: Using directives should be ordered alphabetically by the namespaces (https://github.com/DotNetAnalyzers/StyleCopAnalyzers/blob/master/documentation/SA1210.md) [C:\Projects\Hazina\src\Core\Agents\Hazina.AgentFactory\Hazina.AgentFactory.csproj::TargetFramework=net9.0]
C:\Projects\Hazina\src\Core\Agents\Hazina.AgentFactory\Models\FlowCardModels.cs(5,1): warning SA1210: Using directives should be ordered alphabetically by the namespaces (https://github.com/DotNetAnalyzers/StyleCopAnalyzers/blob/master/documentation/SA1210.md) [C:\Projects\Hazina\src\Core\Agents\Hazina.AgentFactory\Hazina.AgentFactory.csproj::TargetFramework=net9.0]
C:\Projects\Hazina\src\Core\Agents\Hazina.AgentFactory\Models\BuildOutput.cs(6,26): warning S2223: Change the visibility of 'buildFile' or make it 'const' or 'readonly'. (https://rules.sonarsource.com/csharp/RSPEC-2223) [C:\Projects\Hazina\src\Core\Agents\Hazina.AgentFactory\Hazina.AgentFactory.csproj::TargetFramework=net9.0]
C:\Projects\Hazina\src\Core\Agents\Hazina.AgentFactory\Models\BuildOutput.cs(8,26): warning S2223: Change the visibility of 'buildErrorsFile' or make it 'const' or 'readonly'. (https://rules.sonarsource.com/csharp/RSPEC-2223) [C:\Projects\Hazina\src\Core\Agents\Hazina.AgentFactory\Hazina.AgentFactory.csproj::TargetFramework=net9.0]
C:\Projects\Hazina\src\Core\Agents\Hazina.AgentFactory\Models\BuildOutput.cs(7,26): warning S2223: Change the visibility of 'buildOutputFile' or make it 'const' or 'readonly'. (https://rules.sonarsource.com/csharp/RSPEC-2223) [C:\Projects\Hazina\src\Core\Agents\Hazina.AgentFactory\Hazina.AgentFactory.csproj::TargetFramework=net9.0]
C:\Projects\Hazina\src\Core\Agents\Hazina.AgentFactory\Models\BuildOutput.cs(6,26): warning SA1307: Field 'buildFile' should begin with upper-case letter (https://github.com/DotNetAnalyzers/StyleCopAnalyzers/blob/master/documentation/SA1307.md) [C:\Projects\Hazina\src\Core\Agents\Hazina.AgentFactory\Hazina.AgentFactory.csproj::TargetFramework=net9.0]
C:\Projects\Hazina\src\Core\Agents\Hazina.AgentFactory\Models\BuildOutput.cs(8,26): warning SA1307: Field 'buildErrorsFile' should begin with upper-case letter (https://github.com/DotNetAnalyzers/StyleCopAnalyzers/blob/master/documentation/SA1307.md) [C:\Projects\Hazina\src\Core\Agents\Hazina.AgentFactory\Hazina.AgentFactory.csproj::TargetFramework=net9.0]
C:\Projects\Hazina\src\Core\Agents\Hazina.AgentFactory\Models\BuildOutput.cs(7,26): warning SA1307: Field 'buildOutputFile' should begin with upper-case letter (https://github.com/DotNetAnalyzers/StyleCopAnalyzers/blob/master/documentation/SA1307.md) [C:\Projects\Hazina\src\Core\Agents\Hazina.AgentFactory\Hazina.AgentFactory.csproj::TargetFramework=net9.0]
C:\Projects\Hazina\src\Core\Agents\Hazina.AgentFactory\Configuration\Validation\ConfigurationResult.cs(12,17): warning SA1623: The property's documentation summary text should begin with: 'Gets a value indicating whether' (https://github.com/DotNetAnalyzers/StyleCopAnalyzers/blob/master/documentation/SA1623.md) [C:\Projects\Hazina\src\Core\Agents\Hazina.AgentFactory\Hazina.AgentFactory.csproj::TargetFramework=net9.0]
C:\Projects\Hazina\src\Core\Agents\Hazina.AgentFactory\Services\Email\EmailDetail.cs(9,1): warning SA1516: Elements should be separated by blank line (https://github.com/DotNetAnalyzers/StyleCopAnalyzers/blob/master/documentation/SA1516.md) [C:\Projects\Hazina\src\Core\Agents\Hazina.AgentFactory\Hazina.AgentFactory.csproj::TargetFramework=net9.0]
C:\Projects\Hazina\src\Core\Agents\Hazina.AgentFactory\Services\Email\EmailDetail.cs(10,1): warning SA1516: Elements should be separated by blank line (https://github.com/DotNetAnalyzers/StyleCopAnalyzers/blob/master/documentation/SA1516.md) [C:\Projects\Hazina\src\Core\Agents\Hazina.AgentFactory\Hazina.AgentFactory.csproj::TargetFramework=net9.0]
C:\Projects\Hazina\src\Core\Agents\Hazina.AgentFactory\Configuration\Validation\ConfigurationResult.cs(22,39): warning CA2227: Change 'Errors' to be read-only by removing the property setter (https://learn.microsoft.com/dotnet/fundamentals/code-analysis/quality-rules/ca2227) [C:\Projects\Hazina\src\Core\Agents\Hazina.AgentFactory\Hazina.AgentFactory.csproj::TargetFramework=net9.0]
C:\Projects\Hazina\src\Core\Agents\Hazina.AgentFactory\Configuration\Validation\ConfigurationResult.cs(22,39): warning CA1002: Change 'List<ValidationDiagnostic>' in 'ConfigurationResult<T>.Errors' to use 'Collection<T>', 'ReadOnlyCollection<T>' or 'KeyedCollection<K,V>' (https://learn.microsoft.com/dotnet/fundamentals/code-analysis/quality-rules/ca1002) [C:\Projects\Hazina\src\Core\Agents\Hazina.AgentFactory\Hazina.AgentFactory.csproj::TargetFramework=net9.0]
C:\Projects\Hazina\src\Core\Agents\Hazina.AgentFactory\Configuration\Validation\ConfigurationResult.cs(27,39): warning CA2227: Change 'Warnings' to be read-only by removing the property setter (https://learn.microsoft.com/dotnet/fundamentals/code-analysis/quality-rules/ca2227) [C:\Projects\Hazina\src\Core\Agents\Hazina.AgentFactory\Hazina.AgentFactory.csproj::TargetFramework=net9.0]
C:\Projects\Hazina\src\Core\Agents\Hazina.AgentFactory\Configuration\Validation\ConfigurationResult.cs(32,39): warning CA2227: Change 'Infos' to be read-only by removing the property setter (https://learn.microsoft.com/dotnet/fundamentals/code-analysis/quality-rules/ca2227) [C:\Projects\Hazina\src\Core\Agents\Hazina.AgentFactory\Hazina.AgentFactory.csproj::TargetFramework=net9.0]
C:\Projects\Hazina\src\Core\Agents\Hazina.AgentFactory\Configuration\Validation\ConfigurationResult.cs(32,39): warning CA1002: Change 'List<ValidationDiagnostic>' in 'ConfigurationResult<T>.Infos' to use 'Collection<T>', 'ReadOnlyCollection<T>' or 'KeyedCollection<K,V>' (https://learn.microsoft.com/dotnet/fundamentals/code-analysis/quality-rules/ca1002) [C:\Projects\Hazina\src\Core\Agents\Hazina.AgentFactory\Hazina.AgentFactory.csproj::TargetFramework=net9.0]
C:\Projects\Hazina\src\Core\Agents\Hazina.AgentFactory\Configuration\Validation\ConfigurationResult.cs(27,39): warning CA1002: Change 'List<ValidationDiagnostic>' in 'ConfigurationResult<T>.Warnings' to use 'Collection<T>', 'ReadOnlyCollection<T>' or 'KeyedCollection<K,V>' (https://learn.microsoft.com/dotnet/fundamentals/code-analysis/quality-rules/ca1002) [C:\Projects\Hazina\src\Core\Agents\Hazina.AgentFactory\Hazina.AgentFactory.csproj::TargetFramework=net9.0]
C:\Projects\Hazina\src\Core\Agents\Hazina.AgentFactory\Configuration\Validation\ConfigurationResult.cs(27,12): warning MA0016: Prefer using collection abstraction instead of implementation (https://github.com/meziantou/Meziantou.Analyzer/blob/main/docs/Rules/MA0016.md) [C:\Projects\Hazina\src\Core\Agents\Hazina.AgentFactory\Hazina.AgentFactory.csproj::TargetFramework=net9.0]
C:\Projects\Hazina\src\Core\Agents\Hazina.AgentFactory\Configuration\Validation\ConfigurationResult.cs(32,12): warning MA0016: Prefer using collection abstraction instead of implementation (https://github.com/meziantou/Meziantou.Analyzer/blob/main/docs/Rules/MA0016.md) [C:\Projects\Hazina\src\Core\Agents\Hazina.AgentFactory\Hazina.AgentFactory.csproj::TargetFramework=net9.0]
C:\Projects\Hazina\src\Core\Agents\Hazina.AgentFactory\Configuration\Validation\ConfigurationResult.cs(22,12): warning MA0016: Prefer using collection abstraction instead of implementation (https://github.com/meziantou/Meziantou.Analyzer/blob/main/docs/Rules/MA0016.md) [C:\Projects\Hazina\src\Core\Agents\Hazina.AgentFactory\Hazina.AgentFactory.csproj::TargetFramework=net9.0]
C:\Projects\Hazina\src\Core\Agents\Hazina.AgentFactory\Configuration\Validation\ConfigurationResult.cs(17,15): warning SA1623: The property's documentation summary text should begin with: 'Gets or sets' (https://github.com/DotNetAnalyzers/StyleCopAnalyzers/blob/master/documentation/SA1623.md) [C:\Projects\Hazina\src\Core\Agents\Hazina.AgentFactory\Hazina.AgentFactory.csproj::TargetFramework=net9.0]
C:\Projects\Hazina\src\Core\Agents\Hazina.AgentFactory\Configuration\Validation\ConfigurationResult.cs(22,39): warning SA1623: The property's documentation summary text should begin with: 'Gets or sets' (https://github.com/DotNetAnalyzers/StyleCopAnalyzers/blob/master/documentation/SA1623.md) [C:\Projects\Hazina\src\Core\Agents\Hazina.AgentFactory\Hazina.AgentFactory.csproj::TargetFramework=net9.0]
C:\Projects\Hazina\src\Core\Agents\Hazina.AgentFactory\Configuration\Validation\ConfigurationResult.cs(27,39): warning SA1623: The property's documentation summary text should begin with: 'Gets or sets' (https://github.com/DotNetAnalyzers/StyleCopAnalyzers/blob/master/documentation/SA1623.md) [C:\Projects\Hazina\src\Core\Agents\Hazina.AgentFactory\Hazina.AgentFactory.csproj::TargetFramework=net9.0]
C:\Projects\Hazina\src\Core\Agents\Hazina.AgentFactory\Configuration\Validation\ConfigurationResult.cs(32,39): warning SA1623: The property's documentation summary text should begin with: 'Gets or sets' (https://github.com/DotNetAnalyzers/StyleCopAnalyzers/blob/master/documentation/SA1623.md) [C:\Projects\Hazina\src\Core\Agents\Hazina.AgentFactory\Hazina.AgentFactory.csproj::TargetFramework=net9.0]
C:\Projects\Hazina\src\Core\Agents\Hazina.AgentFactory\Configuration\StoreConfig.cs(1,1): warning SA1633: The file header is missing or not located at the top of the file. (https://github.com/DotNetAnalyzers/StyleCopAnalyzers/blob/master/documentation/SA1633.md) [C:\Projects\Hazina\src\Core\Agents\Hazina.AgentFactory\Hazina.AgentFactory.csproj::TargetFramework=net9.0]
C:\Projects\Hazina\src\Core\Agents\Hazina.AgentFactory\Configuration\StoreConfig.cs(77,2): warning SA1518: File is required to end with a single newline character (https://github.com/DotNetAnalyzers/StyleCopAnalyzers/blob/master/documentation/SA1518.md) [C:\Projects\Hazina\src\Core\Agents\Hazina.AgentFactory\Hazina.AgentFactory.csproj::TargetFramework=net9.0]
C:\Projects\Hazina\src\Core\Agents\Hazina.AgentFactory\Configuration\Parsers\HazinaAgentConfigParser.cs(209,27): warning S1144: Remove the unused private method 'EscapeMultiline'. (https://rules.sonarsource.com/csharp/RSPEC-1144) [C:\Projects\Hazina\src\Core\Agents\Hazina.AgentFactory\Hazina.AgentFactory.csproj::TargetFramework=net9.0]
C:\Projects\Hazina\src\Core\Agents\Hazina.AgentFactory\Configuration\Parsers\HazinaAgentConfigParser.cs(213,27): warning S1144: Remove the unused private method 'UnescapeMultiline'. (https://rules.sonarsource.com/csharp/RSPEC-1144) [C:\Projects\Hazina\src\Core\Agents\Hazina.AgentFactory\Hazina.AgentFactory.csproj::TargetFramework=net9.0]
C:\Projects\Hazina\src\Core\Agents\Hazina.AgentFactory\Configuration\Parsers\HazinaAgentConfigParser.cs(216,27): warning S1144: Remove the unused private method 'ToStoreRefString'. (https://rules.sonarsource.com/csharp/RSPEC-1144) [C:\Projects\Hazina\src\Core\Agents\Hazina.AgentFactory\Hazina.AgentFactory.csproj::TargetFramework=net9.0]
C:\Projects\Hazina\src\Core\Agents\Hazina.AgentFactory\Configuration\Parsers\HazinaAgentConfigParser.cs(218,29): warning S1144: Remove the unused private method 'ParseStoreRef'. (https://rules.sonarsource.com/csharp/RSPEC-1144) [C:\Projects\Hazina\src\Core\Agents\Hazina.AgentFactory\Hazina.AgentFactory.csproj::TargetFramework=net9.0]
C:\Projects\Hazina\src\Core\Agents\Hazina.AgentFactory\Core\AgentManager.cs(29,39): warning CA1051: Do not declare visible instance fields (https://learn.microsoft.com/dotnet/fundamentals/code-analysis/quality-rules/ca1051) [C:\Projects\Hazina\src\Core\Agents\Hazina.AgentFactory\Hazina.AgentFactory.csproj::TargetFramework=net9.0]
C:\Projects\Hazina\src\Core\Agents\Hazina.AgentFactory\Core\AgentManager.cs(29,39): warning SA1401: Field should be private (https://github.com/DotNetAnalyzers/StyleCopAnalyzers/blob/master/documentation/SA1401.md) [C:\Projects\Hazina\src\Core\Agents\Hazina.AgentFactory\Hazina.AgentFactory.csproj::TargetFramework=net9.0]
C:\Projects\Hazina\src\Core\Agents\Hazina.AgentFactory\Core\AgentManager.cs(32,36): warning CA1002: Change 'List<HazinaChatMessage>' in 'AgentManager.History' to use 'Collection<T>', 'ReadOnlyCollection<T>' or 'KeyedCollection<K,V>' (https://learn.microsoft.com/dotnet/fundamentals/code-analysis/quality-rules/ca1002) [C:\Projects\Hazina\src\Core\Agents\Hazina.AgentFactory\Hazina.AgentFactory.csproj::TargetFramework=net9.0]
C:\Projects\Hazina\src\Core\Agents\Hazina.AgentFactory\Core\AgentManager.cs(32,12): warning MA0016: Prefer using collection abstraction instead of implementation (https://github.com/meziantou/Meziantou.Analyzer/blob/main/docs/Rules/MA0016.md) [C:\Projects\Hazina\src\Core\Agents\Hazina.AgentFactory\Hazina.AgentFactory.csproj::TargetFramework=net9.0]
C:\Projects\Hazina\src\Core\Agents\Hazina.AgentFactory\Core\AgentManager.cs(22,20): warning S2933: Make '_storesJson' 'readonly'. (https://rules.sonarsource.com/csharp/RSPEC-2933) [C:\Projects\Hazina\src\Core\Agents\Hazina.AgentFactory\Hazina.AgentFactory.csproj::TargetFramework=net9.0]
C:\Projects\Hazina\src\Core\Agents\Hazina.AgentFactory\Core\AgentManager.cs(23,20): warning S2933: Make '_agentsJson' 'readonly'. (https://rules.sonarsource.com/csharp/RSPEC-2933) [C:\Projects\Hazina\src\Core\Agents\Hazina.AgentFactory\Hazina.AgentFactory.csproj::TargetFramework=net9.0]
C:\Projects\Hazina\src\Core\Agents\Hazina.AgentFactory\Core\AgentManager.cs(24,20): warning S2933: Make '_flowsJson' 'readonly'. (https://rules.sonarsource.com/csharp/RSPEC-2933) [C:\Projects\Hazina\src\Core\Agents\Hazina.AgentFactory\Hazina.AgentFactory.csproj::TargetFramework=net9.0]
C:\Projects\Hazina\src\Core\Agents\Hazina.AgentFactory\Core\AgentManager.cs(25,18): warning S2933: Make '_isContent' 'readonly'. (https://rules.sonarsource.com/csharp/RSPEC-2933) [C:\Projects\Hazina\src\Core\Agents\Hazina.AgentFactory\Hazina.AgentFactory.csproj::TargetFramework=net9.0]
C:\Projects\Hazina\src\Core\Agents\Hazina.AgentFactory\Configuration\Parsers\HazinaAgentConfigParser.cs(153,21): warning S3903: Move 'HazinaFlowConfigParser' into a named namespace. (https://rules.sonarsource.com/csharp/RSPEC-3903) [C:\Projects\Hazina\src\Core\Agents\Hazina.AgentFactory\Hazina.AgentFactory.csproj::TargetFramework=net9.0]
C:\Projects\Hazina\src\Core\Agents\Hazina.AgentFactory\Configuration\Parsers\HazinaAgentConfigParser.cs(213,1): warning SA1516: Elements should be separated by blank line (https://github.com/DotNetAnalyzers/StyleCopAnalyzers/blob/master/documentation/SA1516.md) [C:\Projects\Hazina\src\Core\Agents\Hazina.AgentFactory\Hazina.AgentFactory.csproj::TargetFramework=net9.0]
C:\Projects\Hazina\src\Core\Agents\Hazina.AgentFactory\Configuration\Parsers\HazinaAgentConfigParser.cs(217,1): warning SA1516: Elements should be separated by blank line (https://github.com/DotNetAnalyzers/StyleCopAnalyzers/blob/master/documentation/SA1516.md) [C:\Projects\Hazina\src\Core\Agents\Hazina.AgentFactory\Hazina.AgentFactory.csproj::TargetFramework=net9.0]
C:\Projects\Hazina\src\Core\Agents\Hazina.AgentFactory\Configuration\Parsers\HazinaAgentConfigParser.cs(241,1): warning SA1516: Elements should be separated by blank line (https://github.com/DotNetAnalyzers/StyleCopAnalyzers/blob/master/documentation/SA1516.md) [C:\Projects\Hazina\src\Core\Agents\Hazina.AgentFactory\Hazina.AgentFactory.csproj::TargetFramework=net9.0]
C:\Projects\Hazina\src\Core\Agents\Hazina.AgentFactory\Configuration\Parsers\HazinaAgentConfigParser.cs(254,1): warning SA1516: Elements should be separated by blank line (https://github.com/DotNetAnalyzers/StyleCopAnalyzers/blob/master/documentation/SA1516.md) [C:\Projects\Hazina\src\Core\Agents\Hazina.AgentFactory\Hazina.AgentFactory.csproj::TargetFramework=net9.0]
C:\Projects\Hazina\src\Core\Agents\Hazina.AgentFactory\Core\AgentManager.cs(41,39): warning SA1623: The property's documentation summary text should begin with: 'Gets' (https://github.com/DotNetAnalyzers/StyleCopAnalyzers/blob/master/documentation/SA1623.md) [C:\Projects\Hazina\src\Core\Agents\Hazina.AgentFactory\Hazina.AgentFactory.csproj::TargetFramework=net9.0]
C:\Projects\Hazina\src\Core\Agents\Hazina.AgentFactory\Core\AgentManager.cs(37,42): warning SA1623: The property's documentation summary text should begin with: 'Gets' (https://github.com/DotNetAnalyzers/StyleCopAnalyzers/blob/master/documentation/SA1623.md) [C:\Projects\Hazina\src\Core\Agents\Hazina.AgentFactory\Hazina.AgentFactory.csproj::TargetFramework=net9.0]
C:\Projects\Hazina\src\Core\Agents\Hazina.AgentFactory\Core\AgentManager.cs(39,73): warning SA1629: Documentation text should end with a period (https://github.com/DotNetAnalyzers/StyleCopAnalyzers/blob/master/documentation/SA1629.md) [C:\Projects\Hazina\src\Core\Agents\Hazina.AgentFactory\Hazina.AgentFactory.csproj::TargetFramework=net9.0]
C:\Projects\Hazina\src\Core\Agents\Hazina.AgentFactory\Core\AgentManager.cs(38,5): warning SA1514: Element documentation header should be preceded by blank line (https://github.com/DotNetAnalyzers/StyleCopAnalyzers/blob/master/documentation/SA1514.md) [C:\Projects\Hazina\src\Core\Agents\Hazina.AgentFactory\Hazina.AgentFactory.csproj::TargetFramework=net9.0]
C:\Projects\Hazina\src\Core\Agents\Hazina.AgentFactory\Core\AgentManager.cs(35,73): warning SA1629: Documentation text should end with a period (https://github.com/DotNetAnalyzers/StyleCopAnalyzers/blob/master/documentation/SA1629.md) [C:\Projects\Hazina\src\Core\Agents\Hazina.AgentFactory\Hazina.AgentFactory.csproj::TargetFramework=net9.0]
C:\Projects\Hazina\src\Core\Agents\Hazina.AgentFactory\Core\AgentFactory.cs(34,29): warning CA1051: Do not declare visible instance fields (https://learn.microsoft.com/dotnet/fundamentals/code-analysis/quality-rules/ca1051) [C:\Projects\Hazina\src\Core\Agents\Hazina.AgentFactory\Hazina.AgentFactory.csproj::TargetFramework=net9.0]
C:\Projects\Hazina\src\Core\Agents\Hazina.AgentFactory\Core\AgentFactory.cs(34,29): warning CA1002: Change 'List<FlowConfig>' in 'AgentFactory.flowsConfig' to use 'Collection<T>', 'ReadOnlyCollection<T>' or 'KeyedCollection<K,V>' (https://learn.microsoft.com/dotnet/fundamentals/code-analysis/quality-rules/ca1002) [C:\Projects\Hazina\src\Core\Agents\Hazina.AgentFactory\Hazina.AgentFactory.csproj::TargetFramework=net9.0]
C:\Projects\Hazina\src\Core\Agents\Hazina.AgentFactory\Core\AgentFactory.cs(37,19): warning CA1051: Do not declare visible instance fields (https://learn.microsoft.com/dotnet/fundamentals/code-analysis/quality-rules/ca1051) [C:\Projects\Hazina\src\Core\Agents\Hazina.AgentFactory\Hazina.AgentFactory.csproj::TargetFramework=net9.0]
C:\Projects\Hazina\src\Core\Agents\Hazina.AgentFactory\Core\AgentFactory.cs(33,30): warning CA1051: Do not declare visible instance fields (https://learn.microsoft.com/dotnet/fundamentals/code-analysis/quality-rules/ca1051) [C:\Projects\Hazina\src\Core\Agents\Hazina.AgentFactory\Hazina.AgentFactory.csproj::TargetFramework=net9.0]
C:\Projects\Hazina\src\Core\Agents\Hazina.AgentFactory\Core\AgentFactory.cs(33,30): warning CA1002: Change 'List<AgentConfig>' in 'AgentFactory.agentsConfig' to use 'Collection<T>', 'ReadOnlyCollection<T>' or 'KeyedCollection<K,V>' (https://learn.microsoft.com/dotnet/fundamentals/code-analysis/quality-rules/ca1002) [C:\Projects\Hazina\src\Core\Agents\Hazina.AgentFactory\Hazina.AgentFactory.csproj::TargetFramework=net9.0]
C:\Projects\Hazina\src\Core\Agents\Hazina.AgentFactory\Core\AgentFactory.cs(33,12): warning MA0016: Prefer using collection abstraction instead of implementation (https://github.com/meziantou/Meziantou.Analyzer/blob/main/docs/Rules/MA0016.md) [C:\Projects\Hazina\src\Core\Agents\Hazina.AgentFactory\Hazina.AgentFactory.csproj::TargetFramework=net9.0]
C:\Projects\Hazina\src\Core\Agents\Hazina.AgentFactory\Core\AgentFactory.cs(33,30): warning SA1401: Field should be private (https://github.com/DotNetAnalyzers/StyleCopAnalyzers/blob/master/documentation/SA1401.md) [C:\Projects\Hazina\src\Core\Agents\Hazina.AgentFactory\Hazina.AgentFactory.csproj::TargetFramework=net9.0]
C:\Projects\Hazina\src\Core\Agents\Hazina.AgentFactory\Core\AgentFactory.cs(32,30): warning CA1051: Do not declare visible instance fields (https://learn.microsoft.com/dotnet/fundamentals/code-analysis/quality-rules/ca1051) [C:\Projects\Hazina\src\Core\Agents\Hazina.AgentFactory\Hazina.AgentFactory.csproj::TargetFramework=net9.0]
C:\Projects\Hazina\src\Core\Agents\Hazina.AgentFactory\Core\AgentFactory.cs(32,30): warning CA1002: Change 'List<StoreConfig>' in 'AgentFactory.storesConfig' to use 'Collection<T>', 'ReadOnlyCollection<T>' or 'KeyedCollection<K,V>' (https://learn.microsoft.com/dotnet/fundamentals/code-analysis/quality-rules/ca1002) [C:\Projects\Hazina\src\Core\Agents\Hazina.AgentFactory\Hazina.AgentFactory.csproj::TargetFramework=net9.0]
C:\Projects\Hazina\src\Core\Agents\Hazina.AgentFactory\Core\AgentFactory.cs(32,12): warning MA0016: Prefer using collection abstraction instead of implementation (https://github.com/meziantou/Meziantou.Analyzer/blob/main/docs/Rules/MA0016.md) [C:\Projects\Hazina\src\Core\Agents\Hazina.AgentFactory\Hazina.AgentFactory.csproj::TargetFramework=net9.0]
C:\Projects\Hazina\src\Core\Agents\Hazina.AgentFactory\Core\AgentFactory.cs(32,30): warning SA1401: Field should be private (https://github.com/DotNetAnalyzers/StyleCopAnalyzers/blob/master/documentation/SA1401.md) [C:\Projects\Hazina\src\Core\Agents\Hazina.AgentFactory\Hazina.AgentFactory.csproj::TargetFramework=net9.0]
C:\Projects\Hazina\src\Core\Agents\Hazina.AgentFactory\Core\AgentFactory.cs(40,17): warning CA1051: Do not declare visible instance fields (https://learn.microsoft.com/dotnet/fundamentals/code-analysis/quality-rules/ca1051) [C:\Projects\Hazina\src\Core\Agents\Hazina.AgentFactory\Hazina.AgentFactory.csproj::TargetFramework=net9.0]
C:\Projects\Hazina\src\Core\Agents\Hazina.AgentFactory\Core\AgentFactory.cs(40,17): warning SA1401: Field should be private (https://github.com/DotNetAnalyzers/StyleCopAnalyzers/blob/master/documentation/SA1401.md) [C:\Projects\Hazina\src\Core\Agents\Hazina.AgentFactory\Hazina.AgentFactory.csproj::TargetFramework=net9.0]
C:\Projects\Hazina\src\Core\Agents\Hazina.AgentFactory\Core\AgentFactory.cs(40,17): warning S1104: Make this field 'private' and encapsulate it in a 'public' property. (https://rules.sonarsource.com/csharp/RSPEC-1104) [C:\Projects\Hazina\src\Core\Agents\Hazina.AgentFactory\Hazina.AgentFactory.csproj::TargetFramework=net9.0]
C:\Projects\Hazina\src\Core\Agents\Hazina.AgentFactory\Core\AgentFactory.cs(36,19): warning CA1051: Do not declare visible instance fields (https://learn.microsoft.com/dotnet/fundamentals/code-analysis/quality-rules/ca1051) [C:\Projects\Hazina\src\Core\Agents\Hazina.AgentFactory\Hazina.AgentFactory.csproj::TargetFramework=net9.0]
C:\Projects\Hazina\src\Core\Agents\Hazina.AgentFactory\Core\AgentFactory.cs(41,36): warning CA1051: Do not declare visible instance fields (https://learn.microsoft.com/dotnet/fundamentals/code-analysis/quality-rules/ca1051) [C:\Projects\Hazina\src\Core\Agents\Hazina.AgentFactory\Hazina.AgentFactory.csproj::TargetFramework=net9.0]
C:\Projects\Hazina\src\Core\Agents\Hazina.AgentFactory\Core\AgentFactory.cs(41,36): warning CA1002: Change 'List<HazinaChatMessage>' in 'AgentFactory.Messages' to use 'Collection<T>', 'ReadOnlyCollection<T>' or 'KeyedCollection<K,V>' (https://learn.microsoft.com/dotnet/fundamentals/code-analysis/quality-rules/ca1002) [C:\Projects\Hazina\src\Core\Agents\Hazina.AgentFactory\Hazina.AgentFactory.csproj::TargetFramework=net9.0]
C:\Projects\Hazina\src\Core\Agents\Hazina.AgentFactory\Core\AgentFactory.cs(41,12): warning MA0016: Prefer using collection abstraction instead of implementation (https://github.com/meziantou/Meziantou.Analyzer/blob/main/docs/Rules/MA0016.md) [C:\Projects\Hazina\src\Core\Agents\Hazina.AgentFactory\Hazina.AgentFactory.csproj::TargetFramework=net9.0]
C:\Projects\Hazina\src\Core\Agents\Hazina.AgentFactory\Core\AgentFactory.cs(41,36): warning SA1401: Field should be private (https://github.com/DotNetAnalyzers/StyleCopAnalyzers/blob/master/documentation/SA1401.md) [C:\Projects\Hazina\src\Core\Agents\Hazina.AgentFactory\Hazina.AgentFactory.csproj::TargetFramework=net9.0]
C:\Projects\Hazina\src\Core\Agents\Hazina.AgentFactory\Core\AgentFactory.cs(36,19): warning SA1401: Field should be private (https://github.com/DotNetAnalyzers/StyleCopAnalyzers/blob/master/documentation/SA1401.md) [C:\Projects\Hazina\src\Core\Agents\Hazina.AgentFactory\Hazina.AgentFactory.csproj::TargetFramework=net9.0]
C:\Projects\Hazina\src\Core\Agents\Hazina.AgentFactory\Core\AgentFactory.cs(36,19): warning S1104: Make this field 'private' and encapsulate it in a 'public' property. (https://rules.sonarsource.com/csharp/RSPEC-1104) [C:\Projects\Hazina\src\Core\Agents\Hazina.AgentFactory\Hazina.AgentFactory.csproj::TargetFramework=net9.0]
C:\Projects\Hazina\src\Core\Agents\Hazina.AgentFactory\Core\AgentFactory.cs(32,30): warning S1104: Make this field 'private' and encapsulate it in a 'public' property. (https://rules.sonarsource.com/csharp/RSPEC-1104) [C:\Projects\Hazina\src\Core\Agents\Hazina.AgentFactory\Hazina.AgentFactory.csproj::TargetFramework=net9.0]
C:\Projects\Hazina\src\Core\Agents\Hazina.AgentFactory\Core\AgentFactory.cs(32,30): warning SA1307: Field 'storesConfig' should begin with upper-case letter (https://github.com/DotNetAnalyzers/StyleCopAnalyzers/blob/master/documentation/SA1307.md) [C:\Projects\Hazina\src\Core\Agents\Hazina.AgentFactory\Hazina.AgentFactory.csproj::TargetFramework=net9.0]
C:\Projects\Hazina\src\Core\Agents\Hazina.AgentFactory\Core\AgentFactory.cs(29,5): warning SA1124: Do not use regions (https://github.com/DotNetAnalyzers/StyleCopAnalyzers/blob/master/documentation/SA1124.md) [C:\Projects\Hazina\src\Core\Agents\Hazina.AgentFactory\Hazina.AgentFactory.csproj::TargetFramework=net9.0]
C:\Projects\Hazina\src\Core\Agents\Hazina.AgentFactory\Core\AgentFactory.cs(34,12): warning MA0016: Prefer using collection abstraction instead of implementation (https://github.com/meziantou/Meziantou.Analyzer/blob/main/docs/Rules/MA0016.md) [C:\Projects\Hazina\src\Core\Agents\Hazina.AgentFactory\Hazina.AgentFactory.csproj::TargetFramework=net9.0]
C:\Projects\Hazina\src\Core\Agents\Hazina.AgentFactory\Core\AgentFactory.cs(34,29): warning SA1401: Field should be private (https://github.com/DotNetAnalyzers/StyleCopAnalyzers/blob/master/documentation/SA1401.md) [C:\Projects\Hazina\src\Core\Agents\Hazina.AgentFactory\Hazina.AgentFactory.csproj::TargetFramework=net9.0]
C:\Projects\Hazina\src\Core\Agents\Hazina.AgentFactory\Core\AgentFactory.cs(37,19): warning SA1401: Field should be private (https://github.com/DotNetAnalyzers/StyleCopAnalyzers/blob/master/documentation/SA1401.md) [C:\Projects\Hazina\src\Core\Agents\Hazina.AgentFactory\Hazina.AgentFactory.csproj::TargetFramework=net9.0]
C:\Projects\Hazina\src\Core\Agents\Hazina.AgentFactory\Core\AgentFactory.cs(37,19): warning S1104: Make this field 'private' and encapsulate it in a 'public' property. (https://rules.sonarsource.com/csharp/RSPEC-1104) [C:\Projects\Hazina\src\Core\Agents\Hazina.AgentFactory\Hazina.AgentFactory.csproj::TargetFramework=net9.0]
C:\Projects\Hazina\src\Core\Agents\Hazina.AgentFactory\Core\AgentFactory.cs(33,30): warning S1104: Make this field 'private' and encapsulate it in a 'public' property. (https://rules.sonarsource.com/csharp/RSPEC-1104) [C:\Projects\Hazina\src\Core\Agents\Hazina.AgentFactory\Hazina.AgentFactory.csproj::TargetFramework=net9.0]
C:\Projects\Hazina\src\Core\Agents\Hazina.AgentFactory\Core\AgentFactory.cs(38,19): warning CA1051: Do not declare visible instance fields (https://learn.microsoft.com/dotnet/fundamentals/code-analysis/quality-rules/ca1051) [C:\Projects\Hazina\src\Core\Agents\Hazina.AgentFactory\Hazina.AgentFactory.csproj::TargetFramework=net9.0]
C:\Projects\Hazina\src\Core\Agents\Hazina.AgentFactory\Core\AgentFactory.cs(43,44): warning CA1051: Do not declare visible instance fields (https://learn.microsoft.com/dotnet/fundamentals/code-analysis/quality-rules/ca1051) [C:\Projects\Hazina\src\Core\Agents\Hazina.AgentFactory\Hazina.AgentFactory.csproj::TargetFramework=net9.0]
C:\Projects\Hazina\src\Core\Agents\Hazina.AgentFactory\Core\AgentFactory.cs(38,19): warning SA1401: Field should be private (https://github.com/DotNetAnalyzers/StyleCopAnalyzers/blob/master/documentation/SA1401.md) [C:\Projects\Hazina\src\Core\Agents\Hazina.AgentFactory\Hazina.AgentFactory.csproj::TargetFramework=net9.0]
C:\Projects\Hazina\src\Core\Agents\Hazina.AgentFactory\Core\AgentFactory.cs(43,12): warning MA0016: Prefer using collection abstraction instead of implementation (https://github.com/meziantou/Meziantou.Analyzer/blob/main/docs/Rules/MA0016.md) [C:\Projects\Hazina\src\Core\Agents\Hazina.AgentFactory\Hazina.AgentFactory.csproj::TargetFramework=net9.0]
C:\Projects\Hazina\src\Core\Agents\Hazina.AgentFactory\Core\AgentFactory.cs(43,44): warning SA1401: Field should be private (https://github.com/DotNetAnalyzers/StyleCopAnalyzers/blob/master/documentation/SA1401.md) [C:\Projects\Hazina\src\Core\Agents\Hazina.AgentFactory\Hazina.AgentFactory.csproj::TargetFramework=net9.0]
C:\Projects\Hazina\src\Core\Agents\Hazina.AgentFactory\Core\AgentFactory.cs(33,30): warning SA1307: Field 'agentsConfig' should begin with upper-case letter (https://github.com/DotNetAnalyzers/StyleCopAnalyzers/blob/master/documentation/SA1307.md) [C:\Projects\Hazina\src\Core\Agents\Hazina.AgentFactory\Hazina.AgentFactory.csproj::TargetFramework=net9.0]
C:\Projects\Hazina\src\Core\Agents\Hazina.AgentFactory\Core\AgentFactory.cs(34,29): warning S1104: Make this field 'private' and encapsulate it in a 'public' property. (https://rules.sonarsource.com/csharp/RSPEC-1104) [C:\Projects\Hazina\src\Core\Agents\Hazina.AgentFactory\Hazina.AgentFactory.csproj::TargetFramework=net9.0]
C:\Projects\Hazina\src\Core\Agents\Hazina.AgentFactory\Core\AgentFactory.cs(38,19): warning S1104: Make this field 'private' and encapsulate it in a 'public' property. (https://rules.sonarsource.com/csharp/RSPEC-1104) [C:\Projects\Hazina\src\Core\Agents\Hazina.AgentFactory\Hazina.AgentFactory.csproj::TargetFramework=net9.0]
C:\Projects\Hazina\src\Core\Agents\Hazina.AgentFactory\Core\AgentFactory.cs(34,29): warning SA1307: Field 'flowsConfig' should begin with upper-case letter (https://github.com/DotNetAnalyzers/StyleCopAnalyzers/blob/master/documentation/SA1307.md) [C:\Projects\Hazina\src\Core\Agents\Hazina.AgentFactory\Hazina.AgentFactory.csproj::TargetFramework=net9.0]
C:\Projects\Hazina\src\Core\Agents\Hazina.AgentFactory\Core\AgentFactory.cs(43,44): warning S1104: Make this field 'private' and encapsulate it in a 'public' property. (https://rules.sonarsource.com/csharp/RSPEC-1104) [C:\Projects\Hazina\src\Core\Agents\Hazina.AgentFactory\Hazina.AgentFactory.csproj::TargetFramework=net9.0]
C:\Projects\Hazina\src\Core\Agents\Hazina.AgentFactory\Core\AgentFactory.cs(44,43): warning CA1051: Do not declare visible instance fields (https://learn.microsoft.com/dotnet/fundamentals/code-analysis/quality-rules/ca1051) [C:\Projects\Hazina\src\Core\Agents\Hazina.AgentFactory\Hazina.AgentFactory.csproj::TargetFramework=net9.0]
C:\Projects\Hazina\src\Core\Agents\Hazina.AgentFactory\Core\AgentFactory.cs(44,12): warning MA0016: Prefer using collection abstraction instead of implementation (https://github.com/meziantou/Meziantou.Analyzer/blob/main/docs/Rules/MA0016.md) [C:\Projects\Hazina\src\Core\Agents\Hazina.AgentFactory\Hazina.AgentFactory.csproj::TargetFramework=net9.0]
C:\Projects\Hazina\src\Core\Agents\Hazina.AgentFactory\Core\AgentFactory.cs(44,43): warning SA1401: Field should be private (https://github.com/DotNetAnalyzers/StyleCopAnalyzers/blob/master/documentation/SA1401.md) [C:\Projects\Hazina\src\Core\Agents\Hazina.AgentFactory\Hazina.AgentFactory.csproj::TargetFramework=net9.0]
C:\Projects\Hazina\src\Core\Agents\Hazina.AgentFactory\Core\AgentFactory.cs(43,53): warning MA0002: Use an overload that has a IEqualityComparer<string> or IComparer<string> parameter (https://github.com/meziantou/Meziantou.Analyzer/blob/main/docs/Rules/MA0002.md) [C:\Projects\Hazina\src\Core\Agents\Hazina.AgentFactory\Hazina.AgentFactory.csproj::TargetFramework=net9.0]
C:\Projects\Hazina\src\Core\Agents\Hazina.AgentFactory\Core\AgentFactory.cs(40,27): warning CA1805: Member 'WriteMode' is explicitly initialized to its default value (https://learn.microsoft.com/dotnet/fundamentals/code-analysis/quality-rules/ca1805) [C:\Projects\Hazina\src\Core\Agents\Hazina.AgentFactory\Hazina.AgentFactory.csproj::TargetFramework=net9.0]
C:\Projects\Hazina\src\Core\Agents\Hazina.AgentFactory\Core\AgentFactory.cs(44,43): warning S1104: Make this field 'private' and encapsulate it in a 'public' property. (https://rules.sonarsource.com/csharp/RSPEC-1104) [C:\Projects\Hazina\src\Core\Agents\Hazina.AgentFactory\Hazina.AgentFactory.csproj::TargetFramework=net9.0]
C:\Projects\Hazina\src\Core\Agents\Hazina.AgentFactory\Configuration\Validation\AgentConfigValidator.cs(1,1): warning SA1633: The file header is missing or not located at the top of the file. (https://github.com/DotNetAnalyzers/StyleCopAnalyzers/blob/master/documentation/SA1633.md) [C:\Projects\Hazina\src\Core\Agents\Hazina.AgentFactory\Hazina.AgentFactory.csproj::TargetFramework=net9.0]
C:\Projects\Hazina\src\Core\Agents\Hazina.AgentFactory\Core\AgentFactory.cs(41,36): warning S1104: Make this field 'private' and encapsulate it in a 'public' property. (https://rules.sonarsource.com/csharp/RSPEC-1104) [C:\Projects\Hazina\src\Core\Agents\Hazina.AgentFactory\Hazina.AgentFactory.csproj::TargetFramework=net9.0]
C:\Projects\Hazina\src\Core\Agents\Hazina.AgentFactory\Core\AgentFactory.cs(48,5): warning SA1124: Do not use regions (https://github.com/DotNetAnalyzers/StyleCopAnalyzers/blob/master/documentation/SA1124.md) [C:\Projects\Hazina\src\Core\Agents\Hazina.AgentFactory\Hazina.AgentFactory.csproj::TargetFramework=net9.0]
C:\Projects\Hazina\src\Core\Agents\Hazina.AgentFactory\Core\AgentFactory.cs(44,51): warning MA0002: Use an overload that has a IEqualityComparer<string> or IComparer<string> parameter (https://github.com/meziantou/Meziantou.Analyzer/blob/main/docs/Rules/MA0002.md) [C:\Projects\Hazina\src\Core\Agents\Hazina.AgentFactory\Hazina.AgentFactory.csproj::TargetFramework=net9.0]
C:\Projects\Hazina\src\Core\Agents\Hazina.AgentFactory\Core\AgentManager.cs(110,1): warning SA1516: Elements should be separated by blank line (https://github.com/DotNetAnalyzers/StyleCopAnalyzers/blob/master/documentation/SA1516.md) [C:\Projects\Hazina\src\Core\Agents\Hazina.AgentFactory\Hazina.AgentFactory.csproj::TargetFramework=net9.0]
C:\Projects\Hazina\src\Core\Agents\Hazina.AgentFactory\Core\AgentManager.cs(26,29): warning SA1214: Readonly fields should appear before non-readonly fields (https://github.com/DotNetAnalyzers/StyleCopAnalyzers/blob/master/documentation/SA1214.md) [C:\Projects\Hazina\src\Core\Agents\Hazina.AgentFactory\Hazina.AgentFactory.csproj::TargetFramework=net9.0]
C:\Projects\Hazina\src\Core\Agents\Hazina.AgentFactory\Core\AgentFactoryExtensions.cs(6,66): warning SA1629: Documentation text should end with a period (https://github.com/DotNetAnalyzers/StyleCopAnalyzers/blob/master/documentation/SA1629.md) [C:\Projects\Hazina\src\Core\Agents\Hazina.AgentFactory\Hazina.AgentFactory.csproj::TargetFramework=net9.0]
C:\Projects\Hazina\src\Core\Agents\Hazina.AgentFactory\Core\AgentFactory.cs(57,5): warning SA1124: Do not use regions (https://github.com/DotNetAnalyzers/StyleCopAnalyzers/blob/master/documentation/SA1124.md) [C:\Projects\Hazina\src\Core\Agents\Hazina.AgentFactory\Hazina.AgentFactory.csproj::TargetFramework=net9.0]
C:\Projects\Hazina\src\Core\Agents\Hazina.AgentFactory\Services\BigQuery\IBigQueryService.cs(11,1): warning SA1516: Elements should be separated by blank line (https://github.com/DotNetAnalyzers/StyleCopAnalyzers/blob/master/documentation/SA1516.md) [C:\Projects\Hazina\src\Core\Agents\Hazina.AgentFactory\Hazina.AgentFactory.csproj::TargetFramework=net9.0]
C:\Projects\Hazina\src\Core\Agents\Hazina.AgentFactory\Services\BigQuery\IBigQueryService.cs(12,1): warning SA1516: Elements should be separated by blank line (https://github.com/DotNetAnalyzers/StyleCopAnalyzers/blob/master/documentation/SA1516.md) [C:\Projects\Hazina\src\Core\Agents\Hazina.AgentFactory\Hazina.AgentFactory.csproj::TargetFramework=net9.0]
C:\Projects\Hazina\src\Core\Agents\Hazina.AgentFactory\Services\BigQuery\IBigQueryService.cs(13,1): warning SA1516: Elements should be separated by blank line (https://github.com/DotNetAnalyzers/StyleCopAnalyzers/blob/master/documentation/SA1516.md) [C:\Projects\Hazina\src\Core\Agents\Hazina.AgentFactory\Hazina.AgentFactory.csproj::TargetFramework=net9.0]
C:\Projects\Hazina\src\Core\Agents\Hazina.AgentFactory\Services\BigQuery\IBigQueryService.cs(14,1): warning SA1516: Elements should be separated by blank line (https://github.com/DotNetAnalyzers/StyleCopAnalyzers/blob/master/documentation/SA1516.md) [C:\Projects\Hazina\src\Core\Agents\Hazina.AgentFactory\Hazina.AgentFactory.csproj::TargetFramework=net9.0]
C:\Projects\Hazina\src\Core\Agents\Hazina.AgentFactory\Core\HazinaAgent.cs(8,1): warning SA1516: Elements should be separated by blank line (https://github.com/DotNetAnalyzers/StyleCopAnalyzers/blob/master/documentation/SA1516.md) [C:\Projects\Hazina\src\Core\Agents\Hazina.AgentFactory\Hazina.AgentFactory.csproj::TargetFramework=net9.0]
C:\Projects\Hazina\src\Core\Agents\Hazina.AgentFactory\Core\HazinaAgent.cs(9,1): warning SA1516: Elements should be separated by blank line (https://github.com/DotNetAnalyzers/StyleCopAnalyzers/blob/master/documentation/SA1516.md) [C:\Projects\Hazina\src\Core\Agents\Hazina.AgentFactory\Hazina.AgentFactory.csproj::TargetFramework=net9.0]
C:\Projects\Hazina\src\Core\Agents\Hazina.AgentFactory\Core\HazinaAgent.cs(10,1): warning SA1516: Elements should be separated by blank line (https://github.com/DotNetAnalyzers/StyleCopAnalyzers/blob/master/documentation/SA1516.md) [C:\Projects\Hazina\src\Core\Agents\Hazina.AgentFactory\Hazina.AgentFactory.csproj::TargetFramework=net9.0]
C:\Projects\Hazina\src\Core\Agents\Hazina.AgentFactory\Core\HazinaAgent.cs(10,39): warning CA1805: Member 'IsCoder' is explicitly initialized to its default value (https://learn.microsoft.com/dotnet/fundamentals/code-analysis/quality-rules/ca1805) [C:\Projects\Hazina\src\Core\Agents\Hazina.AgentFactory\Hazina.AgentFactory.csproj::TargetFramework=net9.0]
C:\Projects\Hazina\src\Core\Agents\Hazina.AgentFactory\Core\AgentFactory.cs(265,5): warning SA1124: Do not use regions (https://github.com/DotNetAnalyzers/StyleCopAnalyzers/blob/master/documentation/SA1124.md) [C:\Projects\Hazina\src\Core\Agents\Hazina.AgentFactory\Hazina.AgentFactory.csproj::TargetFramework=net9.0]
C:\Projects\Hazina\src\Core\Agents\Hazina.AgentFactory\Models\FlowCardModels.cs(11,14): warning CA1050: Declare types in namespaces (https://learn.microsoft.com/dotnet/fundamentals/code-analysis/quality-rules/ca1050) [C:\Projects\Hazina\src\Core\Agents\Hazina.AgentFactory\Hazina.AgentFactory.csproj::TargetFramework=net9.0]
C:\Projects\Hazina\src\Core\Agents\Hazina.AgentFactory\Models\FlowCardModels.cs(11,14): warning MA0047: Declare type 'FlowCardModel' in a namespace (https://github.com/meziantou/Meziantou.Analyzer/blob/main/docs/Rules/MA0047.md) [C:\Projects\Hazina\src\Core\Agents\Hazina.AgentFactory\Hazina.AgentFactory.csproj::TargetFramework=net9.0]
C:\Projects\Hazina\src\Core\Agents\Hazina.AgentFactory\Models\FlowCardModels.cs(11,14): warning MA0048: File name must match type name (https://github.com/meziantou/Meziantou.Analyzer/blob/main/docs/Rules/MA0048.md) [C:\Projects\Hazina\src\Core\Agents\Hazina.AgentFactory\Hazina.AgentFactory.csproj::TargetFramework=net9.0]
C:\Projects\Hazina\src\Core\Agents\Hazina.AgentFactory\Models\FlowCardModels.cs(30,41): warning CA2227: Change 'CallsAgents' to be read-only by removing the property setter (https://learn.microsoft.com/dotnet/fundamentals/code-analysis/quality-rules/ca2227) [C:\Projects\Hazina\src\Core\Agents\Hazina.AgentFactory\Hazina.AgentFactory.csproj::TargetFramework=net9.0]
C:\Projects\Hazina\src\Core\Agents\Hazina.AgentFactory\Configuration\Validation\ValidationDiagnostic.cs(21,19): warning SA1623: The property's documentation summary text should begin with: 'Gets or sets' (https://github.com/DotNetAnalyzers/StyleCopAnalyzers/blob/master/documentation/SA1623.md) [C:\Projects\Hazina\src\Core\Agents\Hazina.AgentFactory\Hazina.AgentFactory.csproj::TargetFramework=net9.0]
C:\Projects\Hazina\src\Core\Agents\Hazina.AgentFactory\Configuration\Validation\ValidationDiagnostic.cs(26,20): warning SA1623: The property's documentation summary text should begin with: 'Gets or sets' (https://github.com/DotNetAnalyzers/StyleCopAnalyzers/blob/master/documentation/SA1623.md) [C:\Projects\Hazina\src\Core\Agents\Hazina.AgentFactory\Hazina.AgentFactory.csproj::TargetFramework=net9.0]
C:\Projects\Hazina\src\Core\Agents\Hazina.AgentFactory\Configuration\Validation\ValidationDiagnostic.cs(31,17): warning SA1623: The property's documentation summary text should begin with: 'Gets or sets' (https://github.com/DotNetAnalyzers/StyleCopAnalyzers/blob/master/documentation/SA1623.md) [C:\Projects\Hazina\src\Core\Agents\Hazina.AgentFactory\Hazina.AgentFactory.csproj::TargetFramework=net9.0]
C:\Projects\Hazina\src\Core\Agents\Hazina.AgentFactory\Configuration\Validation\ValidationDiagnostic.cs(36,17): warning SA1623: The property's documentation summary text should begin with: 'Gets or sets' (https://github.com/DotNetAnalyzers/StyleCopAnalyzers/blob/master/documentation/SA1623.md) [C:\Projects\Hazina\src\Core\Agents\Hazina.AgentFactory\Hazina.AgentFactory.csproj::TargetFramework=net9.0]
C:\Projects\Hazina\src\Core\Agents\Hazina.AgentFactory\Configuration\Validation\ValidationDiagnostic.cs(11,31): warning SA1623: The property's documentation summary text should begin with: 'Gets or sets' (https://github.com/DotNetAnalyzers/StyleCopAnalyzers/blob/master/documentation/SA1623.md) [C:\Projects\Hazina\src\Core\Agents\Hazina.AgentFactory\Hazina.AgentFactory.csproj::TargetFramework=net9.0]
C:\Projects\Hazina\src\Core\Agents\Hazina.AgentFactory\Configuration\Validation\ValidationDiagnostic.cs(16,19): warning SA1623: The property's documentation summary text should begin with: 'Gets or sets' (https://github.com/DotNetAnalyzers/StyleCopAnalyzers/blob/master/documentation/SA1623.md) [C:\Projects\Hazina\src\Core\Agents\Hazina.AgentFactory\Hazina.AgentFactory.csproj::TargetFramework=net9.0]
C:\Projects\Hazina\src\Core\Agents\Hazina.AgentFactory\Core\HazinaFlow.cs(6,25): warning CA2227: Change 'CallsAgents' to be read-only by removing the property setter (https://learn.microsoft.com/dotnet/fundamentals/code-analysis/quality-rules/ca2227) [C:\Projects\Hazina\src\Core\Agents\Hazina.AgentFactory\Hazina.AgentFactory.csproj::TargetFramework=net9.0]
C:\Projects\Hazina\src\Core\Agents\Hazina.AgentFactory\Core\HazinaFlow.cs(6,25): warning CA1002: Change 'List<string>' in 'HazinaFlow.CallsAgents' to use 'Collection<T>', 'ReadOnlyCollection<T>' or 'KeyedCollection<K,V>' (https://learn.microsoft.com/dotnet/fundamentals/code-analysis/quality-rules/ca1002) [C:\Projects\Hazina\src\Core\Agents\Hazina.AgentFactory\Hazina.AgentFactory.csproj::TargetFramework=net9.0]
C:\Projects\Hazina\src\Core\Agents\Hazina.AgentFactory\Core\HazinaFlow.cs(6,12): warning MA0016: Prefer using collection abstraction instead of implementation (https://github.com/meziantou/Meziantou.Analyzer/blob/main/docs/Rules/MA0016.md) [C:\Projects\Hazina\src\Core\Agents\Hazina.AgentFactory\Hazina.AgentFactory.csproj::TargetFramework=net9.0]
C:\Projects\Hazina\src\Core\Agents\Hazina.AgentFactory\Configuration\Validation\ValidationDiagnostic.cs(48,13): warning MA0048: File name must match type name (https://github.com/meziantou/Meziantou.Analyzer/blob/main/docs/Rules/MA0048.md) [C:\Projects\Hazina\src\Core\Agents\Hazina.AgentFactory\Hazina.AgentFactory.csproj::TargetFramework=net9.0]
C:\Projects\Hazina\src\Core\Agents\Hazina.AgentFactory\Services\Email\EmailSettings.cs(9,1): warning SA1516: Elements should be separated by blank line (https://github.com/DotNetAnalyzers/StyleCopAnalyzers/blob/master/documentation/SA1516.md) [C:\Projects\Hazina\src\Core\Agents\Hazina.AgentFactory\Hazina.AgentFactory.csproj::TargetFramework=net9.0]
C:\Projects\Hazina\src\Core\Agents\Hazina.AgentFactory\Services\Email\EmailSettings.cs(10,1): warning SA1516: Elements should be separated by blank line (https://github.com/DotNetAnalyzers/StyleCopAnalyzers/blob/master/documentation/SA1516.md) [C:\Projects\Hazina\src\Core\Agents\Hazina.AgentFactory\Hazina.AgentFactory.csproj::TargetFramework=net9.0]
C:\Projects\Hazina\src\Core\Agents\Hazina.AgentFactory\Services\Email\EmailSettings.cs(11,1): warning SA1516: Elements should be separated by blank line (https://github.com/DotNetAnalyzers/StyleCopAnalyzers/blob/master/documentation/SA1516.md) [C:\Projects\Hazina\src\Core\Agents\Hazina.AgentFactory\Hazina.AgentFactory.csproj::TargetFramework=net9.0]
C:\Projects\Hazina\src\Core\Agents\Hazina.AgentFactory\Services\Email\EmailSettings.cs(12,1): warning SA1516: Elements should be separated by blank line (https://github.com/DotNetAnalyzers/StyleCopAnalyzers/blob/master/documentation/SA1516.md) [C:\Projects\Hazina\src\Core\Agents\Hazina.AgentFactory\Hazina.AgentFactory.csproj::TargetFramework=net9.0]
C:\Projects\Hazina\src\Core\Agents\Hazina.AgentFactory\Services\Email\EmailSettings.cs(13,1): warning SA1516: Elements should be separated by blank line (https://github.com/DotNetAnalyzers/StyleCopAnalyzers/blob/master/documentation/SA1516.md) [C:\Projects\Hazina\src\Core\Agents\Hazina.AgentFactory\Hazina.AgentFactory.csproj::TargetFramework=net9.0]
C:\Projects\Hazina\src\Core\Agents\Hazina.AgentFactory\Services\Email\EmailSettings.cs(14,1): warning SA1516: Elements should be separated by blank line (https://github.com/DotNetAnalyzers/StyleCopAnalyzers/blob/master/documentation/SA1516.md) [C:\Projects\Hazina\src\Core\Agents\Hazina.AgentFactory\Hazina.AgentFactory.csproj::TargetFramework=net9.0]
C:\Projects\Hazina\src\Core\Agents\Hazina.AgentFactory\Services\Email\EmailSettings.cs(15,1): warning SA1516: Elements should be separated by blank line (https://github.com/DotNetAnalyzers/StyleCopAnalyzers/blob/master/documentation/SA1516.md) [C:\Projects\Hazina\src\Core\Agents\Hazina.AgentFactory\Hazina.AgentFactory.csproj::TargetFramework=net9.0]
C:\Projects\Hazina\src\Core\Agents\Hazina.AgentFactory\Services\Email\EmailSettings.cs(16,1): warning SA1516: Elements should be separated by blank line (https://github.com/DotNetAnalyzers/StyleCopAnalyzers/blob/master/documentation/SA1516.md) [C:\Projects\Hazina\src\Core\Agents\Hazina.AgentFactory\Hazina.AgentFactory.csproj::TargetFramework=net9.0]
C:\Projects\Hazina\src\Core\Agents\Hazina.AgentFactory\Models\FlowCardModels.cs(11,14): warning S3903: Move 'FlowCardModel' into a named namespace. (https://rules.sonarsource.com/csharp/RSPEC-3903) [C:\Projects\Hazina\src\Core\Agents\Hazina.AgentFactory\Hazina.AgentFactory.csproj::TargetFramework=net9.0]
C:\Projects\Hazina\src\Core\Agents\Hazina.AgentFactory\Core\QuickAgentCreator.cs(14,1): warning SA1516: Elements should be separated by blank line (https://github.com/DotNetAnalyzers/StyleCopAnalyzers/blob/master/documentation/SA1516.md) [C:\Projects\Hazina\src\Core\Agents\Hazina.AgentFactory\Hazina.AgentFactory.csproj::TargetFramework=net9.0]
C:\Projects\Hazina\src\Core\Agents\Hazina.AgentFactory\Core\HazinaFlow.cs(6,1): warning SA1516: Elements should be separated by blank line (https://github.com/DotNetAnalyzers/StyleCopAnalyzers/blob/master/documentation/SA1516.md) [C:\Projects\Hazina\src\Core\Agents\Hazina.AgentFactory\Hazina.AgentFactory.csproj::TargetFramework=net9.0]
C:\Projects\Hazina\src\Core\Agents\Hazina.AgentFactory\Core\HazinaFlow.cs(7,1): warning SA1516: Elements should be separated by blank line (https://github.com/DotNetAnalyzers/StyleCopAnalyzers/blob/master/documentation/SA1516.md) [C:\Projects\Hazina\src\Core\Agents\Hazina.AgentFactory\Hazina.AgentFactory.csproj::TargetFramework=net9.0]
C:\Projects\Hazina\src\Core\Agents\Hazina.AgentFactory\Models\FlowCardModels.cs(57,1): warning SA1516: Elements should be separated by blank line (https://github.com/DotNetAnalyzers/StyleCopAnalyzers/blob/master/documentation/SA1516.md) [C:\Projects\Hazina\src\Core\Agents\Hazina.AgentFactory\Hazina.AgentFactory.csproj::TargetFramework=net9.0]
C:\Projects\Hazina\src\Core\Agents\Hazina.AgentFactory\Models\FlowCardModels.cs(79,25): warning CA2227: Change 'AllAgents' to be read-only by removing the property setter (https://learn.microsoft.com/dotnet/fundamentals/code-analysis/quality-rules/ca2227) [C:\Projects\Hazina\src\Core\Agents\Hazina.AgentFactory\Hazina.AgentFactory.csproj::TargetFramework=net9.0]
C:\Projects\Hazina\src\Core\Agents\Hazina.AgentFactory\Models\FlowCardModels.cs(78,48): warning CA2227: Change 'Cards' to be read-only by removing the property setter (https://learn.microsoft.com/dotnet/fundamentals/code-analysis/quality-rules/ca2227) [C:\Projects\Hazina\src\Core\Agents\Hazina.AgentFactory\Hazina.AgentFactory.csproj::TargetFramework=net9.0]
C:\Projects\Hazina\src\Core\Agents\Hazina.AgentFactory\Models\FlowCardModels.cs(76,14): warning CA1050: Declare types in namespaces (https://learn.microsoft.com/dotnet/fundamentals/code-analysis/quality-rules/ca1050) [C:\Projects\Hazina\src\Core\Agents\Hazina.AgentFactory\Hazina.AgentFactory.csproj::TargetFramework=net9.0]
C:\Projects\Hazina\src\Core\Agents\Hazina.AgentFactory\Models\FlowCardModels.cs(79,25): warning CA1002: Change 'List<string>' in 'FlowCardsBindingModel.AllAgents' to use 'Collection<T>', 'ReadOnlyCollection<T>' or 'KeyedCollection<K,V>' (https://learn.microsoft.com/dotnet/fundamentals/code-analysis/quality-rules/ca1002) [C:\Projects\Hazina\src\Core\Agents\Hazina.AgentFactory\Hazina.AgentFactory.csproj::TargetFramework=net9.0]
C:\Projects\Hazina\src\Core\Agents\Hazina.AgentFactory\Models\FlowCardModels.cs(79,12): warning MA0016: Prefer using collection abstraction instead of implementation (https://github.com/meziantou/Meziantou.Analyzer/blob/main/docs/Rules/MA0016.md) [C:\Projects\Hazina\src\Core\Agents\Hazina.AgentFactory\Hazina.AgentFactory.csproj::TargetFramework=net9.0]
C:\Projects\Hazina\src\Core\Agents\Hazina.AgentFactory\Models\FlowCardModels.cs(76,14): warning MA0047: Declare type 'FlowCardsBindingModel' in a namespace (https://github.com/meziantou/Meziantou.Analyzer/blob/main/docs/Rules/MA0047.md) [C:\Projects\Hazina\src\Core\Agents\Hazina.AgentFactory\Hazina.AgentFactory.csproj::TargetFramework=net9.0]
C:\Projects\Hazina\src\Core\Agents\Hazina.AgentFactory\Models\FlowCardModels.cs(76,14): warning MA0048: File name must match type name (https://github.com/meziantou/Meziantou.Analyzer/blob/main/docs/Rules/MA0048.md) [C:\Projects\Hazina\src\Core\Agents\Hazina.AgentFactory\Hazina.AgentFactory.csproj::TargetFramework=net9.0]
C:\Projects\Hazina\src\Core\Agents\Hazina.AgentFactory\Models\FlowCardModels.cs(76,14): warning S3903: Move 'FlowCardsBindingModel' into a named namespace. (https://rules.sonarsource.com/csharp/RSPEC-3903) [C:\Projects\Hazina\src\Core\Agents\Hazina.AgentFactory\Hazina.AgentFactory.csproj::TargetFramework=net9.0]
C:\Projects\Hazina\src\Core\Agents\Hazina.AgentFactory\Core\AgentFactory.cs(25,51): warning SA1629: Documentation text should end with a period (https://github.com/DotNetAnalyzers/StyleCopAnalyzers/blob/master/documentation/SA1629.md) [C:\Projects\Hazina\src\Core\Agents\Hazina.AgentFactory\Hazina.AgentFactory.csproj::TargetFramework=net9.0]
C:\Projects\Hazina\src\Core\Agents\Hazina.AgentFactory\Core\AgentFactory.cs(51,1): warning SA1516: Elements should be separated by blank line (https://github.com/DotNetAnalyzers/StyleCopAnalyzers/blob/master/documentation/SA1516.md) [C:\Projects\Hazina\src\Core\Agents\Hazina.AgentFactory\Hazina.AgentFactory.csproj::TargetFramework=net9.0]
C:\Projects\Hazina\src\Core\Agents\Hazina.AgentFactory\Core\AgentFactory.cs(52,1): warning SA1516: Elements should be separated by blank line (https://github.com/DotNetAnalyzers/StyleCopAnalyzers/blob/master/documentation/SA1516.md) [C:\Projects\Hazina\src\Core\Agents\Hazina.AgentFactory\Hazina.AgentFactory.csproj::TargetFramework=net9.0]
C:\Projects\Hazina\src\Core\Agents\Hazina.AgentFactory\Core\AgentFactory.cs(53,1): warning SA1516: Elements should be separated by blank line (https://github.com/DotNetAnalyzers/StyleCopAnalyzers/blob/master/documentation/SA1516.md) [C:\Projects\Hazina\src\Core\Agents\Hazina.AgentFactory\Hazina.AgentFactory.csproj::TargetFramework=net9.0]
C:\Projects\Hazina\src\Core\Agents\Hazina.AgentFactory\Models\FlowCardModels.cs(74,70): warning SA1629: Documentation text should end with a period (https://github.com/DotNetAnalyzers/StyleCopAnalyzers/blob/master/documentation/SA1629.md) [C:\Projects\Hazina\src\Core\Agents\Hazina.AgentFactory\Hazina.AgentFactory.csproj::TargetFramework=net9.0]
C:\Projects\Hazina\src\Core\Agents\Hazina.AgentFactory\Models\FlowCardModels.cs(79,1): warning SA1516: Elements should be separated by blank line (https://github.com/DotNetAnalyzers/StyleCopAnalyzers/blob/master/documentation/SA1516.md) [C:\Projects\Hazina\src\Core\Agents\Hazina.AgentFactory\Hazina.AgentFactory.csproj::TargetFramework=net9.0]
C:\Projects\Hazina\src\Core\Agents\Hazina.AgentFactory\Models\FlowCardModels.cs(82,1): warning SA1516: Elements should be separated by blank line (https://github.com/DotNetAnalyzers/StyleCopAnalyzers/blob/master/documentation/SA1516.md) [C:\Projects\Hazina\src\Core\Agents\Hazina.AgentFactory\Hazina.AgentFactory.csproj::TargetFramework=net9.0]
C:\Projects\Hazina\src\Core\Agents\Hazina.AgentFactory\Models\FlowCardModels.cs(94,1): warning SA1516: Elements should be separated by blank line (https://github.com/DotNetAnalyzers/StyleCopAnalyzers/blob/master/documentation/SA1516.md) [C:\Projects\Hazina\src\Core\Agents\Hazina.AgentFactory\Hazina.AgentFactory.csproj::TargetFramework=net9.0]
C:\Projects\Hazina\src\Core\Agents\Hazina.AgentFactory\Models\FlowCardModels.cs(95,1): warning SA1516: Elements should be separated by blank line (https://github.com/DotNetAnalyzers/StyleCopAnalyzers/blob/master/documentation/SA1516.md) [C:\Projects\Hazina\src\Core\Agents\Hazina.AgentFactory\Hazina.AgentFactory.csproj::TargetFramework=net9.0]
C:\Projects\Hazina\src\Core\Agents\Hazina.AgentFactory\Models\GitOutput.cs(58,21): warning CA1050: Declare types in namespaces (https://learn.microsoft.com/dotnet/fundamentals/code-analysis/quality-rules/ca1050) [C:\Projects\Hazina\src\Core\Agents\Hazina.AgentFactory\Hazina.AgentFactory.csproj::TargetFramework=net9.0]
C:\Projects\Hazina\src\Core\Agents\Hazina.AgentFactory\Models\GitOutput.cs(58,21): warning MA0047: Declare type 'NpmOutput' in a namespace (https://github.com/meziantou/Meziantou.Analyzer/blob/main/docs/Rules/MA0047.md) [C:\Projects\Hazina\src\Core\Agents\Hazina.AgentFactory\Hazina.AgentFactory.csproj::TargetFramework=net9.0]
C:\Projects\Hazina\src\Core\Agents\Hazina.AgentFactory\Models\GitOutput.cs(58,21): warning MA0048: File name must match type name (https://github.com/meziantou/Meziantou.Analyzer/blob/main/docs/Rules/MA0048.md) [C:\Projects\Hazina\src\Core\Agents\Hazina.AgentFactory\Hazina.AgentFactory.csproj::TargetFramework=net9.0]
C:\Projects\Hazina\src\Core\Agents\Hazina.AgentFactory\Models\FlowCardModels.cs(136,1): warning SA1516: Elements should be separated by blank line (https://github.com/DotNetAnalyzers/StyleCopAnalyzers/blob/master/documentation/SA1516.md) [C:\Projects\Hazina\src\Core\Agents\Hazina.AgentFactory\Hazina.AgentFactory.csproj::TargetFramework=net9.0]
C:\Projects\Hazina\src\Core\Agents\Hazina.AgentFactory\Models\GitOutput.cs(58,21): warning S3903: Move 'NpmOutput' into a named namespace. (https://rules.sonarsource.com/csharp/RSPEC-3903) [C:\Projects\Hazina\src\Core\Agents\Hazina.AgentFactory\Hazina.AgentFactory.csproj::TargetFramework=net9.0]
C:\Projects\Hazina\src\Core\Agents\Hazina.AgentFactory\Models\AgentCardModel.cs(6,14): warning CA1050: Declare types in namespaces (https://learn.microsoft.com/dotnet/fundamentals/code-analysis/quality-rules/ca1050) [C:\Projects\Hazina\src\Core\Agents\Hazina.AgentFactory\Hazina.AgentFactory.csproj::TargetFramework=net9.0]
C:\Projects\Hazina\src\Core\Agents\Hazina.AgentFactory\Models\AgentCardModel.cs(6,14): warning MA0047: Declare type 'AgentCardModel' in a namespace (https://github.com/meziantou/Meziantou.Analyzer/blob/main/docs/Rules/MA0047.md) [C:\Projects\Hazina\src\Core\Agents\Hazina.AgentFactory\Hazina.AgentFactory.csproj::TargetFramework=net9.0]
C:\Projects\Hazina\src\Core\Agents\Hazina.AgentFactory\Models\AgentCardModel.cs(17,35): warning CA1805: Member 'newStoreWritable' is explicitly initialized to its default value (https://learn.microsoft.com/dotnet/fundamentals/code-analysis/quality-rules/ca1805) [C:\Projects\Hazina\src\Core\Agents\Hazina.AgentFactory\Hazina.AgentFactory.csproj::TargetFramework=net9.0]
C:\Projects\Hazina\src\Core\Agents\Hazina.AgentFactory\Configuration\Validation\ConfigurationResult.cs(1,1): warning SA1633: The file header is missing or not located at the top of the file. (https://github.com/DotNetAnalyzers/StyleCopAnalyzers/blob/master/documentation/SA1633.md) [C:\Projects\Hazina\src\Core\Agents\Hazina.AgentFactory\Hazina.AgentFactory.csproj::TargetFramework=net9.0]
C:\Projects\Hazina\src\Core\Agents\Hazina.AgentFactory\Models\AgentCardModel.cs(21,29): warning CA1805: Member 'isExpanded' is explicitly initialized to its default value (https://learn.microsoft.com/dotnet/fundamentals/code-analysis/quality-rules/ca1805) [C:\Projects\Hazina\src\Core\Agents\Hazina.AgentFactory\Hazina.AgentFactory.csproj::TargetFramework=net9.0]
C:\Projects\Hazina\src\Core\Agents\Hazina.AgentFactory\Models\GitOutput.cs(6,21): warning CA1050: Declare types in namespaces (https://learn.microsoft.com/dotnet/fundamentals/code-analysis/quality-rules/ca1050) [C:\Projects\Hazina\src\Core\Agents\Hazina.AgentFactory\Hazina.AgentFactory.csproj::TargetFramework=net9.0]
C:\Projects\Hazina\src\Core\Agents\Hazina.AgentFactory\Models\GitOutput.cs(6,21): warning MA0047: Declare type 'GitOutput' in a namespace (https://github.com/meziantou/Meziantou.Analyzer/blob/main/docs/Rules/MA0047.md) [C:\Projects\Hazina\src\Core\Agents\Hazina.AgentFactory\Hazina.AgentFactory.csproj::TargetFramework=net9.0]
C:\Projects\Hazina\src\Core\Agents\Hazina.AgentFactory\Models\AgentCardModel.cs(26,43): warning CA2227: Change 'Stores' to be read-only by removing the property setter (https://learn.microsoft.com/dotnet/fundamentals/code-analysis/quality-rules/ca2227) [C:\Projects\Hazina\src\Core\Agents\Hazina.AgentFactory\Hazina.AgentFactory.csproj::TargetFramework=net9.0]
C:\Projects\Hazina\src\Core\Agents\Hazina.AgentFactory\Models\AgentCardModel.cs(27,41): warning CA2227: Change 'Functions' to be read-only by removing the property setter (https://learn.microsoft.com/dotnet/fundamentals/code-analysis/quality-rules/ca2227) [C:\Projects\Hazina\src\Core\Agents\Hazina.AgentFactory\Hazina.AgentFactory.csproj::TargetFramework=net9.0]
C:\Projects\Hazina\src\Core\Agents\Hazina.AgentFactory\Models\AgentCardModel.cs(28,41): warning CA2227: Change 'CallsAgents' to be read-only by removing the property setter (https://learn.microsoft.com/dotnet/fundamentals/code-analysis/quality-rules/ca2227) [C:\Projects\Hazina\src\Core\Agents\Hazina.AgentFactory\Hazina.AgentFactory.csproj::TargetFramework=net9.0]
C:\Projects\Hazina\src\Core\Agents\Hazina.AgentFactory\Models\AgentCardModel.cs(29,41): warning CA2227: Change 'CallsFlows' to be read-only by removing the property setter (https://learn.microsoft.com/dotnet/fundamentals/code-analysis/quality-rules/ca2227) [C:\Projects\Hazina\src\Core\Agents\Hazina.AgentFactory\Hazina.AgentFactory.csproj::TargetFramework=net9.0]
C:\Projects\Hazina\src\Core\Agents\Hazina.AgentFactory\Models\GitOutput.cs(6,21): warning S3903: Move 'GitOutput' into a named namespace. (https://rules.sonarsource.com/csharp/RSPEC-3903) [C:\Projects\Hazina\src\Core\Agents\Hazina.AgentFactory\Hazina.AgentFactory.csproj::TargetFramework=net9.0]
C:\Projects\Hazina\src\Core\Agents\Hazina.AgentFactory\Core\StoresAndAgentsAndFlowLoader.cs(5,33): warning CA1051: Do not declare visible instance fields (https://learn.microsoft.com/dotnet/fundamentals/code-analysis/quality-rules/ca1051) [C:\Projects\Hazina\src\Core\Agents\Hazina.AgentFactory\Hazina.AgentFactory.csproj::TargetFramework=net9.0]
C:\Projects\Hazina\src\Core\Agents\Hazina.AgentFactory\Core\StoresAndAgentsAndFlowLoader.cs(5,33): warning CA1002: Change 'List<IDocumentStore>' in 'StoresAndAgentsAndFlowLoader._stores' to use 'Collection<T>', 'ReadOnlyCollection<T>' or 'KeyedCollection<K,V>' (https://learn.microsoft.com/dotnet/fundamentals/code-analysis/quality-rules/ca1002) [C:\Projects\Hazina\src\Core\Agents\Hazina.AgentFactory\Hazina.AgentFactory.csproj::TargetFramework=net9.0]
C:\Projects\Hazina\src\Core\Agents\Hazina.AgentFactory\Core\StoresAndAgentsAndFlowLoader.cs(9,39): warning CA1051: Do not declare visible instance fields (https://learn.microsoft.com/dotnet/fundamentals/code-analysis/quality-rules/ca1051) [C:\Projects\Hazina\src\Core\Agents\Hazina.AgentFactory\Hazina.AgentFactory.csproj::TargetFramework=net9.0]
C:\Projects\Hazina\src\Core\Agents\Hazina.AgentFactory\Core\StoresAndAgentsAndFlowLoader.cs(5,12): warning MA0016: Prefer using collection abstraction instead of implementation (https://github.com/meziantou/Meziantou.Analyzer/blob/main/docs/Rules/MA0016.md) [C:\Projects\Hazina\src\Core\Agents\Hazina.AgentFactory\Hazina.AgentFactory.csproj::TargetFramework=net9.0]
C:\Projects\Hazina\src\Core\Agents\Hazina.AgentFactory\Core\StoresAndAgentsAndFlowLoader.cs(5,33): warning SA1401: Field should be private (https://github.com/DotNetAnalyzers/StyleCopAnalyzers/blob/master/documentation/SA1401.md) [C:\Projects\Hazina\src\Core\Agents\Hazina.AgentFactory\Hazina.AgentFactory.csproj::TargetFramework=net9.0]
C:\Projects\Hazina\src\Core\Agents\Hazina.AgentFactory\Core\StoresAndAgentsAndFlowLoader.cs(9,39): warning SA1401: Field should be private (https://github.com/DotNetAnalyzers/StyleCopAnalyzers/blob/master/documentation/SA1401.md) [C:\Projects\Hazina\src\Core\Agents\Hazina.AgentFactory\Hazina.AgentFactory.csproj::TargetFramework=net9.0]
C:\Projects\Hazina\src\Core\Agents\Hazina.AgentFactory\Core\StoresAndAgentsAndFlowLoader.cs(6,30): warning CA1051: Do not declare visible instance fields (https://learn.microsoft.com/dotnet/fundamentals/code-analysis/quality-rules/ca1051) [C:\Projects\Hazina\src\Core\Agents\Hazina.AgentFactory\Hazina.AgentFactory.csproj::TargetFramework=net9.0]
C:\Projects\Hazina\src\Core\Agents\Hazina.AgentFactory\Core\StoresAndAgentsAndFlowLoader.cs(6,30): warning CA1002: Change 'List<HazinaAgent>' in 'StoresAndAgentsAndFlowLoader._agents' to use 'Collection<T>', 'ReadOnlyCollection<T>' or 'KeyedCollection<K,V>' (https://learn.microsoft.com/dotnet/fundamentals/code-analysis/quality-rules/ca1002) [C:\Projects\Hazina\src\Core\Agents\Hazina.AgentFactory\Hazina.AgentFactory.csproj::TargetFramework=net9.0]
C:\Projects\Hazina\src\Core\Agents\Hazina.AgentFactory\Core\StoresAndAgentsAndFlowLoader.cs(6,12): warning MA0016: Prefer using collection abstraction instead of implementation (https://github.com/meziantou/Meziantou.Analyzer/blob/main/docs/Rules/MA0016.md) [C:\Projects\Hazina\src\Core\Agents\Hazina.AgentFactory\Hazina.AgentFactory.csproj::TargetFramework=net9.0]
C:\Projects\Hazina\src\Core\Agents\Hazina.AgentFactory\Core\StoresAndAgentsAndFlowLoader.cs(6,30): warning SA1401: Field should be private (https://github.com/DotNetAnalyzers/StyleCopAnalyzers/blob/master/documentation/SA1401.md) [C:\Projects\Hazina\src\Core\Agents\Hazina.AgentFactory\Hazina.AgentFactory.csproj::TargetFramework=net9.0]
C:\Projects\Hazina\src\Core\Agents\Hazina.AgentFactory\Core\StoresAndAgentsAndFlowLoader.cs(5,33): warning S1104: Make this field 'private' and encapsulate it in a 'public' property. (https://rules.sonarsource.com/csharp/RSPEC-1104) [C:\Projects\Hazina\src\Core\Agents\Hazina.AgentFactory\Hazina.AgentFactory.csproj::TargetFramework=net9.0]
C:\Projects\Hazina\src\Core\Agents\Hazina.AgentFactory\Models\StorePaths.cs(2,14): warning CA1050: Declare types in namespaces (https://learn.microsoft.com/dotnet/fundamentals/code-analysis/quality-rules/ca1050) [C:\Projects\Hazina\src\Core\Agents\Hazina.AgentFactory\Hazina.AgentFactory.csproj::TargetFramework=net9.0]
C:\Projects\Hazina\src\Core\Agents\Hazina.AgentFactory\Models\StorePaths.cs(2,14): warning MA0047: Declare type 'StorePaths' in a namespace (https://github.com/meziantou/Meziantou.Analyzer/blob/main/docs/Rules/MA0047.md) [C:\Projects\Hazina\src\Core\Agents\Hazina.AgentFactory\Hazina.AgentFactory.csproj::TargetFramework=net9.0]
C:\Projects\Hazina\src\Core\Agents\Hazina.AgentFactory\Core\StoresAndAgentsAndFlowLoader.cs(6,30): warning S1104: Make this field 'private' and encapsulate it in a 'public' property. (https://rules.sonarsource.com/csharp/RSPEC-1104) [C:\Projects\Hazina\src\Core\Agents\Hazina.AgentFactory\Hazina.AgentFactory.csproj::TargetFramework=net9.0]
C:\Projects\Hazina\src\Core\Agents\Hazina.AgentFactory\Models\StorePaths.cs(15,19): warning CA1051: Do not declare visible instance fields (https://learn.microsoft.com/dotnet/fundamentals/code-analysis/quality-rules/ca1051) [C:\Projects\Hazina\src\Core\Agents\Hazina.AgentFactory\Hazina.AgentFactory.csproj::TargetFramework=net9.0]
C:\Projects\Hazina\src\Core\Agents\Hazina.AgentFactory\Models\StorePaths.cs(14,19): warning CA1051: Do not declare visible instance fields (https://learn.microsoft.com/dotnet/fundamentals/code-analysis/quality-rules/ca1051) [C:\Projects\Hazina\src\Core\Agents\Hazina.AgentFactory\Hazina.AgentFactory.csproj::TargetFramework=net9.0]
C:\Projects\Hazina\src\Core\Agents\Hazina.AgentFactory\Models\StorePaths.cs(15,19): warning SA1401: Field should be private (https://github.com/DotNetAnalyzers/StyleCopAnalyzers/blob/master/documentation/SA1401.md) [C:\Projects\Hazina\src\Core\Agents\Hazina.AgentFactory\Hazina.AgentFactory.csproj::TargetFramework=net9.0]
C:\Projects\Hazina\src\Core\Agents\Hazina.AgentFactory\Models\StorePaths.cs(15,19): warning S1104: Make this field 'private' and encapsulate it in a 'public' property. (https://rules.sonarsource.com/csharp/RSPEC-1104) [C:\Projects\Hazina\src\Core\Agents\Hazina.AgentFactory\Hazina.AgentFactory.csproj::TargetFramework=net9.0]
C:\Projects\Hazina\src\Core\Agents\Hazina.AgentFactory\Core\StoresAndAgentsAndFlowLoader.cs(7,29): warning CA1051: Do not declare visible instance fields (https://learn.microsoft.com/dotnet/fundamentals/code-analysis/quality-rules/ca1051) [C:\Projects\Hazina\src\Core\Agents\Hazina.AgentFactory\Hazina.AgentFactory.csproj::TargetFramework=net9.0]
C:\Projects\Hazina\src\Core\Agents\Hazina.AgentFactory\Core\StoresAndAgentsAndFlowLoader.cs(7,29): warning CA1002: Change 'List<HazinaFlow>' in 'StoresAndAgentsAndFlowLoader._flows' to use 'Collection<T>', 'ReadOnlyCollection<T>' or 'KeyedCollection<K,V>' (https://learn.microsoft.com/dotnet/fundamentals/code-analysis/quality-rules/ca1002) [C:\Projects\Hazina\src\Core\Agents\Hazina.AgentFactory\Hazina.AgentFactory.csproj::TargetFramework=net9.0]
C:\Projects\Hazina\src\Core\Agents\Hazina.AgentFactory\Core\StoresAndAgentsAndFlowLoader.cs(7,12): warning MA0016: Prefer using collection abstraction instead of implementation (https://github.com/meziantou/Meziantou.Analyzer/blob/main/docs/Rules/MA0016.md) [C:\Projects\Hazina\src\Core\Agents\Hazina.AgentFactory\Hazina.AgentFactory.csproj::TargetFramework=net9.0]
C:\Projects\Hazina\src\Core\Agents\Hazina.AgentFactory\Core\StoresAndAgentsAndFlowLoader.cs(7,29): warning SA1401: Field should be private (https://github.com/DotNetAnalyzers/StyleCopAnalyzers/blob/master/documentation/SA1401.md) [C:\Projects\Hazina\src\Core\Agents\Hazina.AgentFactory\Hazina.AgentFactory.csproj::TargetFramework=net9.0]
C:\Projects\Hazina\src\Core\Agents\Hazina.AgentFactory\Models\StoreEntry.cs(5,14): warning CA1050: Declare types in namespaces (https://learn.microsoft.com/dotnet/fundamentals/code-analysis/quality-rules/ca1050) [C:\Projects\Hazina\src\Core\Agents\Hazina.AgentFactory\Hazina.AgentFactory.csproj::TargetFramework=net9.0]
C:\Projects\Hazina\src\Core\Agents\Hazina.AgentFactory\Core\StoresAndAgentsAndFlowLoader.cs(7,29): warning S1104: Make this field 'private' and encapsulate it in a 'public' property. (https://rules.sonarsource.com/csharp/RSPEC-1104) [C:\Projects\Hazina\src\Core\Agents\Hazina.AgentFactory\Hazina.AgentFactory.csproj::TargetFramework=net9.0]
C:\Projects\Hazina\src\Core\Agents\Hazina.AgentFactory\Models\StorePaths.cs(13,19): warning CA1051: Do not declare visible instance fields (https://learn.microsoft.com/dotnet/fundamentals/code-analysis/quality-rules/ca1051) [C:\Projects\Hazina\src\Core\Agents\Hazina.AgentFactory\Hazina.AgentFactory.csproj::TargetFramework=net9.0]
C:\Projects\Hazina\src\Core\Agents\Hazina.AgentFactory\Models\StoreEntry.cs(5,14): warning MA0047: Declare type 'StoreEntry' in a namespace (https://github.com/meziantou/Meziantou.Analyzer/blob/main/docs/Rules/MA0047.md) [C:\Projects\Hazina\src\Core\Agents\Hazina.AgentFactory\Hazina.AgentFactory.csproj::TargetFramework=net9.0]
C:\Projects\Hazina\src\Core\Agents\Hazina.AgentFactory\Models\StorePaths.cs(14,19): warning SA1401: Field should be private (https://github.com/DotNetAnalyzers/StyleCopAnalyzers/blob/master/documentation/SA1401.md) [C:\Projects\Hazina\src\Core\Agents\Hazina.AgentFactory\Hazina.AgentFactory.csproj::TargetFramework=net9.0]
C:\Projects\Hazina\src\Core\Agents\Hazina.AgentFactory\Models\StorePaths.cs(13,19): warning SA1401: Field should be private (https://github.com/DotNetAnalyzers/StyleCopAnalyzers/blob/master/documentation/SA1401.md) [C:\Projects\Hazina\src\Core\Agents\Hazina.AgentFactory\Hazina.AgentFactory.csproj::TargetFramework=net9.0]
C:\Projects\Hazina\src\Core\Agents\Hazina.AgentFactory\Models\StorePaths.cs(14,19): warning S1104: Make this field 'private' and encapsulate it in a 'public' property. (https://rules.sonarsource.com/csharp/RSPEC-1104) [C:\Projects\Hazina\src\Core\Agents\Hazina.AgentFactory\Hazina.AgentFactory.csproj::TargetFramework=net9.0]
C:\Projects\Hazina\src\Core\Agents\Hazina.AgentFactory\Models\StorePaths.cs(13,19): warning S1104: Make this field 'private' and encapsulate it in a 'public' property. (https://rules.sonarsource.com/csharp/RSPEC-1104) [C:\Projects\Hazina\src\Core\Agents\Hazina.AgentFactory\Hazina.AgentFactory.csproj::TargetFramework=net9.0]
C:\Projects\Hazina\src\Core\Agents\Hazina.AgentFactory\Models\StorePaths.cs(2,14): warning S3903: Move 'StorePaths' into a named namespace. (https://rules.sonarsource.com/csharp/RSPEC-3903) [C:\Projects\Hazina\src\Core\Agents\Hazina.AgentFactory\Hazina.AgentFactory.csproj::TargetFramework=net9.0]
C:\Projects\Hazina\src\Core\Agents\Hazina.AgentFactory\Models\AgentCardModel.cs(6,14): warning S3903: Move 'AgentCardModel' into a named namespace. (https://rules.sonarsource.com/csharp/RSPEC-3903) [C:\Projects\Hazina\src\Core\Agents\Hazina.AgentFactory\Hazina.AgentFactory.csproj::TargetFramework=net9.0]
C:\Projects\Hazina\src\Core\Agents\Hazina.AgentFactory\Models\StorePaths.cs(13,1): warning SA1516: Elements should be separated by blank line (https://github.com/DotNetAnalyzers/StyleCopAnalyzers/blob/master/documentation/SA1516.md) [C:\Projects\Hazina\src\Core\Agents\Hazina.AgentFactory\Hazina.AgentFactory.csproj::TargetFramework=net9.0]
C:\Projects\Hazina\src\Core\Agents\Hazina.AgentFactory\Models\IsReadyResult.cs(3,14): warning CA1050: Declare types in namespaces (https://learn.microsoft.com/dotnet/fundamentals/code-analysis/quality-rules/ca1050) [C:\Projects\Hazina\src\Core\Agents\Hazina.AgentFactory\Hazina.AgentFactory.csproj::TargetFramework=net9.0]
C:\Projects\Hazina\src\Core\Agents\Hazina.AgentFactory\Models\StoreEntry.cs(5,14): warning S3903: Move 'StoreEntry' into a named namespace. (https://rules.sonarsource.com/csharp/RSPEC-3903) [C:\Projects\Hazina\src\Core\Agents\Hazina.AgentFactory\Hazina.AgentFactory.csproj::TargetFramework=net9.0]
C:\Projects\Hazina\src\Core\Agents\Hazina.AgentFactory\Models\IsReadyResult.cs(3,14): warning MA0047: Declare type 'IsReadyResult' in a namespace (https://github.com/meziantou/Meziantou.Analyzer/blob/main/docs/Rules/MA0047.md) [C:\Projects\Hazina\src\Core\Agents\Hazina.AgentFactory\Hazina.AgentFactory.csproj::TargetFramework=net9.0]
C:\Projects\Hazina\src\Core\Agents\Hazina.AgentFactory\Core\StoresAndAgentsAndFlowLoader.cs(9,39): warning SA1214: Readonly fields should appear before non-readonly fields (https://github.com/DotNetAnalyzers/StyleCopAnalyzers/blob/master/documentation/SA1214.md) [C:\Projects\Hazina\src\Core\Agents\Hazina.AgentFactory\Hazina.AgentFactory.csproj::TargetFramework=net9.0]
C:\Projects\Hazina\src\Core\Agents\Hazina.AgentFactory\Models\IsReadyResult.cs(3,14): warning S3903: Move 'IsReadyResult' into a named namespace. (https://rules.sonarsource.com/csharp/RSPEC-3903) [C:\Projects\Hazina\src\Core\Agents\Hazina.AgentFactory\Hazina.AgentFactory.csproj::TargetFramework=net9.0]
C:\Projects\Hazina\src\Core\Agents\Hazina.AgentFactory\Models\AgentCardModel.cs(3,1): warning SA1514: Element documentation header should be preceded by blank line (https://github.com/DotNetAnalyzers/StyleCopAnalyzers/blob/master/documentation/SA1514.md) [C:\Projects\Hazina\src\Core\Agents\Hazina.AgentFactory\Hazina.AgentFactory.csproj::TargetFramework=net9.0]
C:\Projects\Hazina\src\Core\Agents\Hazina.AgentFactory\Models\StoreEntry.cs(2,1): warning SA1514: Element documentation header should be preceded by blank line (https://github.com/DotNetAnalyzers/StyleCopAnalyzers/blob/master/documentation/SA1514.md) [C:\Projects\Hazina\src\Core\Agents\Hazina.AgentFactory\Hazina.AgentFactory.csproj::TargetFramework=net9.0]
C:\Projects\Hazina\src\Core\Agents\Hazina.AgentFactory\Models\StoreEntry.cs(9,1): warning SA1516: Elements should be separated by blank line (https://github.com/DotNetAnalyzers/StyleCopAnalyzers/blob/master/documentation/SA1516.md) [C:\Projects\Hazina\src\Core\Agents\Hazina.AgentFactory\Hazina.AgentFactory.csproj::TargetFramework=net9.0]
C:\Projects\Hazina\src\Core\Agents\Hazina.AgentFactory\Models\StoreEntry.cs(14,1): warning SA1516: Elements should be separated by blank line (https://github.com/DotNetAnalyzers/StyleCopAnalyzers/blob/master/documentation/SA1516.md) [C:\Projects\Hazina\src\Core\Agents\Hazina.AgentFactory\Hazina.AgentFactory.csproj::TargetFramework=net9.0]
C:\Projects\Hazina\src\Core\Agents\Hazina.AgentFactory\Models\AgentCardModel.cs(24,1): warning SA1516: Elements should be separated by blank line (https://github.com/DotNetAnalyzers/StyleCopAnalyzers/blob/master/documentation/SA1516.md) [C:\Projects\Hazina\src\Core\Agents\Hazina.AgentFactory\Hazina.AgentFactory.csproj::TargetFramework=net9.0]
C:\Projects\Hazina\src\Core\Agents\Hazina.AgentFactory\Models\StoreEntry.cs(19,1): warning SA1516: Elements should be separated by blank line (https://github.com/DotNetAnalyzers/StyleCopAnalyzers/blob/master/documentation/SA1516.md) [C:\Projects\Hazina\src\Core\Agents\Hazina.AgentFactory\Hazina.AgentFactory.csproj::TargetFramework=net9.0]
C:\Projects\Hazina\src\Core\Agents\Hazina.AgentFactory\Models\AgentCardModel.cs(25,1): warning SA1516: Elements should be separated by blank line (https://github.com/DotNetAnalyzers/StyleCopAnalyzers/blob/master/documentation/SA1516.md) [C:\Projects\Hazina\src\Core\Agents\Hazina.AgentFactory\Hazina.AgentFactory.csproj::TargetFramework=net9.0]
C:\Projects\Hazina\src\Core\Agents\Hazina.AgentFactory\Models\StoreEntry.cs(20,1): warning SA1516: Elements should be separated by blank line (https://github.com/DotNetAnalyzers/StyleCopAnalyzers/blob/master/documentation/SA1516.md) [C:\Projects\Hazina\src\Core\Agents\Hazina.AgentFactory\Hazina.AgentFactory.csproj::TargetFramework=net9.0]
C:\Projects\Hazina\src\Core\Agents\Hazina.AgentFactory\Models\AgentCardModel.cs(26,1): warning SA1516: Elements should be separated by blank line (https://github.com/DotNetAnalyzers/StyleCopAnalyzers/blob/master/documentation/SA1516.md) [C:\Projects\Hazina\src\Core\Agents\Hazina.AgentFactory\Hazina.AgentFactory.csproj::TargetFramework=net9.0]
C:\Projects\Hazina\src\Core\Agents\Hazina.AgentFactory\Models\AgentCardModel.cs(27,1): warning SA1516: Elements should be separated by blank line (https://github.com/DotNetAnalyzers/StyleCopAnalyzers/blob/master/documentation/SA1516.md) [C:\Projects\Hazina\src\Core\Agents\Hazina.AgentFactory\Hazina.AgentFactory.csproj::TargetFramework=net9.0]
C:\Projects\Hazina\src\Core\Agents\Hazina.AgentFactory\Models\AgentCardModel.cs(28,1): warning SA1516: Elements should be separated by blank line (https://github.com/DotNetAnalyzers/StyleCopAnalyzers/blob/master/documentation/SA1516.md) [C:\Projects\Hazina\src\Core\Agents\Hazina.AgentFactory\Hazina.AgentFactory.csproj::TargetFramework=net9.0]
C:\Projects\Hazina\src\Core\Agents\Hazina.AgentFactory\Models\AgentCardModel.cs(29,1): warning SA1516: Elements should be separated by blank line (https://github.com/DotNetAnalyzers/StyleCopAnalyzers/blob/master/documentation/SA1516.md) [C:\Projects\Hazina\src\Core\Agents\Hazina.AgentFactory\Hazina.AgentFactory.csproj::TargetFramework=net9.0]
C:\Projects\Hazina\src\Core\Agents\Hazina.AgentFactory\Models\AgentCardModel.cs(30,1): warning SA1516: Elements should be separated by blank line (https://github.com/DotNetAnalyzers/StyleCopAnalyzers/blob/master/documentation/SA1516.md) [C:\Projects\Hazina\src\Core\Agents\Hazina.AgentFactory\Hazina.AgentFactory.csproj::TargetFramework=net9.0]
C:\Projects\Hazina\src\Core\Agents\Hazina.AgentFactory\Models\AgentCardModel.cs(31,1): warning SA1516: Elements should be separated by blank line (https://github.com/DotNetAnalyzers/StyleCopAnalyzers/blob/master/documentation/SA1516.md) [C:\Projects\Hazina\src\Core\Agents\Hazina.AgentFactory\Hazina.AgentFactory.csproj::TargetFramework=net9.0]
C:\Projects\Hazina\src\Core\Agents\Hazina.AgentFactory\Models\AgentCardModel.cs(32,1): warning SA1516: Elements should be separated by blank line (https://github.com/DotNetAnalyzers/StyleCopAnalyzers/blob/master/documentation/SA1516.md) [C:\Projects\Hazina\src\Core\Agents\Hazina.AgentFactory\Hazina.AgentFactory.csproj::TargetFramework=net9.0]
C:\Projects\Hazina\src\Core\Agents\Hazina.AgentFactory\Models\AgentCardModel.cs(33,1): warning SA1516: Elements should be separated by blank line (https://github.com/DotNetAnalyzers/StyleCopAnalyzers/blob/master/documentation/SA1516.md) [C:\Projects\Hazina\src\Core\Agents\Hazina.AgentFactory\Hazina.AgentFactory.csproj::TargetFramework=net9.0]
C:\Projects\Hazina\src\Core\Agents\Hazina.AgentFactory\Models\AgentCardModel.cs(34,1): warning SA1516: Elements should be separated by blank line (https://github.com/DotNetAnalyzers/StyleCopAnalyzers/blob/master/documentation/SA1516.md) [C:\Projects\Hazina\src\Core\Agents\Hazina.AgentFactory\Hazina.AgentFactory.csproj::TargetFramework=net9.0]
C:\Projects\Hazina\src\Core\Agents\Hazina.AgentFactory\Models\AgentCardModel.cs(35,1): warning SA1516: Elements should be separated by blank line (https://github.com/DotNetAnalyzers/StyleCopAnalyzers/blob/master/documentation/SA1516.md) [C:\Projects\Hazina\src\Core\Agents\Hazina.AgentFactory\Hazina.AgentFactory.csproj::TargetFramework=net9.0]
C:\Projects\Hazina\src\Core\Agents\Hazina.AgentFactory\Models\AgentCardModel.cs(36,1): warning SA1516: Elements should be separated by blank line (https://github.com/DotNetAnalyzers/StyleCopAnalyzers/blob/master/documentation/SA1516.md) [C:\Projects\Hazina\src\Core\Agents\Hazina.AgentFactory\Hazina.AgentFactory.csproj::TargetFramework=net9.0]
C:\Projects\Hazina\src\Core\Agents\Hazina.AgentFactory\Models\AgentCardModel.cs(39,1): warning SA1516: Elements should be separated by blank line (https://github.com/DotNetAnalyzers/StyleCopAnalyzers/blob/master/documentation/SA1516.md) [C:\Projects\Hazina\src\Core\Agents\Hazina.AgentFactory\Hazina.AgentFactory.csproj::TargetFramework=net9.0]
C:\Projects\Hazina\src\Core\Agents\Hazina.AgentFactory\Models\IsReadyResult.cs(6,1): warning SA1516: Elements should be separated by blank line (https://github.com/DotNetAnalyzers/StyleCopAnalyzers/blob/master/documentation/SA1516.md) [C:\Projects\Hazina\src\Core\Agents\Hazina.AgentFactory\Hazina.AgentFactory.csproj::TargetFramework=net9.0]
C:\Projects\Hazina\src\Core\Agents\Hazina.AgentFactory\Models\IsReadyResult.cs(7,1): warning SA1516: Elements should be separated by blank line (https://github.com/DotNetAnalyzers/StyleCopAnalyzers/blob/master/documentation/SA1516.md) [C:\Projects\Hazina\src\Core\Agents\Hazina.AgentFactory\Hazina.AgentFactory.csproj::TargetFramework=net9.0]
C:\Projects\Hazina\src\Core\Agents\Hazina.AgentFactory\Models\IsReadyResult.cs(9,1): warning SA1516: Elements should be separated by blank line (https://github.com/DotNetAnalyzers/StyleCopAnalyzers/blob/master/documentation/SA1516.md) [C:\Projects\Hazina\src\Core\Agents\Hazina.AgentFactory\Hazina.AgentFactory.csproj::TargetFramework=net9.0]
C:\Projects\Hazina\src\Core\Agents\Hazina.AgentFactory\Models\StoreRef.cs(1,14): warning CA1050: Declare types in namespaces (https://learn.microsoft.com/dotnet/fundamentals/code-analysis/quality-rules/ca1050) [C:\Projects\Hazina\src\Core\Agents\Hazina.AgentFactory\Hazina.AgentFactory.csproj::TargetFramework=net9.0]
C:\Projects\Hazina\src\Core\Agents\Hazina.AgentFactory\Services\Email\IEmailService.cs(9,1): warning SA1516: Elements should be separated by blank line (https://github.com/DotNetAnalyzers/StyleCopAnalyzers/blob/master/documentation/SA1516.md) [C:\Projects\Hazina\src\Core\Agents\Hazina.AgentFactory\Hazina.AgentFactory.csproj::TargetFramework=net9.0]
C:\Projects\Hazina\src\Core\Agents\Hazina.AgentFactory\Services\Email\IEmailService.cs(10,1): warning SA1516: Elements should be separated by blank line (https://github.com/DotNetAnalyzers/StyleCopAnalyzers/blob/master/documentation/SA1516.md) [C:\Projects\Hazina\src\Core\Agents\Hazina.AgentFactory\Hazina.AgentFactory.csproj::TargetFramework=net9.0]
C:\Projects\Hazina\src\Core\Agents\Hazina.AgentFactory\Services\Email\IEmailService.cs(11,1): warning SA1516: Elements should be separated by blank line (https://github.com/DotNetAnalyzers/StyleCopAnalyzers/blob/master/documentation/SA1516.md) [C:\Projects\Hazina\src\Core\Agents\Hazina.AgentFactory\Hazina.AgentFactory.csproj::TargetFramework=net9.0]
C:\Projects\Hazina\src\Core\Agents\Hazina.AgentFactory\Services\Email\IEmailService.cs(12,1): warning SA1516: Elements should be separated by blank line (https://github.com/DotNetAnalyzers/StyleCopAnalyzers/blob/master/documentation/SA1516.md) [C:\Projects\Hazina\src\Core\Agents\Hazina.AgentFactory\Hazina.AgentFactory.csproj::TargetFramework=net9.0]
C:\Projects\Hazina\src\Core\Agents\Hazina.AgentFactory\Services\Email\IEmailService.cs(13,1): warning SA1516: Elements should be separated by blank line (https://github.com/DotNetAnalyzers/StyleCopAnalyzers/blob/master/documentation/SA1516.md) [C:\Projects\Hazina\src\Core\Agents\Hazina.AgentFactory\Hazina.AgentFactory.csproj::TargetFramework=net9.0]
C:\Projects\Hazina\src\Core\Agents\Hazina.AgentFactory\Models\StoreRef.cs(1,14): warning MA0047: Declare type 'StoreRef' in a namespace (https://github.com/meziantou/Meziantou.Analyzer/blob/main/docs/Rules/MA0047.md) [C:\Projects\Hazina\src\Core\Agents\Hazina.AgentFactory\Hazina.AgentFactory.csproj::TargetFramework=net9.0]
C:\Projects\Hazina\src\Core\Agents\Hazina.AgentFactory\Models\StoreRef.cs(1,14): warning S3903: Move 'StoreRef' into a named namespace. (https://rules.sonarsource.com/csharp/RSPEC-3903) [C:\Projects\Hazina\src\Core\Agents\Hazina.AgentFactory\Hazina.AgentFactory.csproj::TargetFramework=net9.0]
C:\Projects\Hazina\src\Core\Agents\Hazina.AgentFactory\Models\StoreRef.cs(4,37): warning CA1805: Member 'Write' is explicitly initialized to its default value (https://learn.microsoft.com/dotnet/fundamentals/code-analysis/quality-rules/ca1805) [C:\Projects\Hazina\src\Core\Agents\Hazina.AgentFactory\Hazina.AgentFactory.csproj::TargetFramework=net9.0]
C:\Projects\Hazina\src\Core\Agents\Hazina.AgentFactory\Models\StoreRef.cs(4,1): warning SA1516: Elements should be separated by blank line (https://github.com/DotNetAnalyzers/StyleCopAnalyzers/blob/master/documentation/SA1516.md) [C:\Projects\Hazina\src\Core\Agents\Hazina.AgentFactory\Hazina.AgentFactory.csproj::TargetFramework=net9.0]
C:\Projects\Hazina\src\Core\Agents\Hazina.AgentFactory\Models\GitOutput.cs(111,21): warning CA1050: Declare types in namespaces (https://learn.microsoft.com/dotnet/fundamentals/code-analysis/quality-rules/ca1050) [C:\Projects\Hazina\src\Core\Agents\Hazina.AgentFactory\Hazina.AgentFactory.csproj::TargetFramework=net9.0]
C:\Projects\Hazina\src\Core\Agents\Hazina.AgentFactory\Models\GitOutput.cs(111,21): warning MA0047: Declare type 'DotNetOutput' in a namespace (https://github.com/meziantou/Meziantou.Analyzer/blob/main/docs/Rules/MA0047.md) [C:\Projects\Hazina\src\Core\Agents\Hazina.AgentFactory\Hazina.AgentFactory.csproj::TargetFramework=net9.0]
C:\Projects\Hazina\src\Core\Agents\Hazina.AgentFactory\Models\GitOutput.cs(111,21): warning MA0048: File name must match type name (https://github.com/meziantou/Meziantou.Analyzer/blob/main/docs/Rules/MA0048.md) [C:\Projects\Hazina\src\Core\Agents\Hazina.AgentFactory\Hazina.AgentFactory.csproj::TargetFramework=net9.0]
C:\Projects\Hazina\src\Core\Agents\Hazina.AgentFactory\Services\Email\EmailSummary.cs(9,1): warning SA1516: Elements should be separated by blank line (https://github.com/DotNetAnalyzers/StyleCopAnalyzers/blob/master/documentation/SA1516.md) [C:\Projects\Hazina\src\Core\Agents\Hazina.AgentFactory\Hazina.AgentFactory.csproj::TargetFramework=net9.0]
C:\Projects\Hazina\src\Core\Agents\Hazina.AgentFactory\Services\Email\EmailSummary.cs(10,1): warning SA1516: Elements should be separated by blank line (https://github.com/DotNetAnalyzers/StyleCopAnalyzers/blob/master/documentation/SA1516.md) [C:\Projects\Hazina\src\Core\Agents\Hazina.AgentFactory\Hazina.AgentFactory.csproj::TargetFramework=net9.0]
C:\Projects\Hazina\src\Core\Agents\Hazina.AgentFactory\Services\Email\EmailSummary.cs(11,1): warning SA1516: Elements should be separated by blank line (https://github.com/DotNetAnalyzers/StyleCopAnalyzers/blob/master/documentation/SA1516.md) [C:\Projects\Hazina\src\Core\Agents\Hazina.AgentFactory\Hazina.AgentFactory.csproj::TargetFramework=net9.0]
C:\Projects\Hazina\src\Core\Agents\Hazina.AgentFactory\Services\Execution\IAgentExecutionService.cs(9,1): warning SA1516: Elements should be separated by blank line (https://github.com/DotNetAnalyzers/StyleCopAnalyzers/blob/master/documentation/SA1516.md) [C:\Projects\Hazina\src\Core\Agents\Hazina.AgentFactory\Hazina.AgentFactory.csproj::TargetFramework=net9.0]
C:\Projects\Hazina\src\Core\Agents\Hazina.AgentFactory\Services\Execution\IAgentExecutionService.cs(10,1): warning SA1516: Elements should be separated by blank line (https://github.com/DotNetAnalyzers/StyleCopAnalyzers/blob/master/documentation/SA1516.md) [C:\Projects\Hazina\src\Core\Agents\Hazina.AgentFactory\Hazina.AgentFactory.csproj::TargetFramework=net9.0]
C:\Projects\Hazina\src\Core\Agents\Hazina.AgentFactory\Services\Execution\IAgentExecutionService.cs(11,1): warning SA1516: Elements should be separated by blank line (https://github.com/DotNetAnalyzers/StyleCopAnalyzers/blob/master/documentation/SA1516.md) [C:\Projects\Hazina\src\Core\Agents\Hazina.AgentFactory\Hazina.AgentFactory.csproj::TargetFramework=net9.0]
C:\Projects\Hazina\src\Core\Agents\Hazina.AgentFactory\Models\GitOutput.cs(111,21): warning S3903: Move 'DotNetOutput' into a named namespace. (https://rules.sonarsource.com/csharp/RSPEC-3903) [C:\Projects\Hazina\src\Core\Agents\Hazina.AgentFactory\Hazina.AgentFactory.csproj::TargetFramework=net9.0]
C:\Projects\Hazina\src\Core\Agents\Hazina.AgentFactory\Configuration\Validation\StoreConfigValidator.cs(1,1): warning SA1633: The file header is missing or not located at the top of the file. (https://github.com/DotNetAnalyzers/StyleCopAnalyzers/blob/master/documentation/SA1633.md) [C:\Projects\Hazina\src\Core\Agents\Hazina.AgentFactory\Hazina.AgentFactory.csproj::TargetFramework=net9.0]
C:\Projects\Hazina\src\Core\Agents\Hazina.AgentFactory\Services\Tools\ToolRegistrationService.cs(30,27): warning CA1002: Change 'List<StoreConfig>' in 'ToolRegistrationService.ToolRegistrationService(List<StoreConfig>, List<AgentConfig>, List<FlowConfig>, IEmailService, IBigQueryService, Func<string, string, string, CancellationToken, Task<string>>, Func<string, string, string, CancellationToken, Task<string>>, Func<string, string, string, CancellationToken, Task<string>>, Func<string, string, string, bool, CancellationToken, Task<string>>, Func<bool>)' to use 'Collection<T>', 'ReadOnlyCollection<T>' or 'KeyedCollection<K,V>' (https://learn.microsoft.com/dotnet/fundamentals/code-analysis/quality-rules/ca1002) [C:\Projects\Hazina\src\Core\Agents\Hazina.AgentFactory\Hazina.AgentFactory.csproj::TargetFramework=net9.0]
C:\Projects\Hazina\src\Core\Agents\Hazina.AgentFactory\Services\Tools\ToolRegistrationService.cs(31,27): warning CA1002: Change 'List<AgentConfig>' in 'ToolRegistrationService.ToolRegistrationService(List<StoreConfig>, List<AgentConfig>, List<FlowConfig>, IEmailService, IBigQueryService, Func<string, string, string, CancellationToken, Task<string>>, Func<string, string, string, CancellationToken, Task<string>>, Func<string, string, string, CancellationToken, Task<string>>, Func<string, string, string, bool, CancellationToken, Task<string>>, Func<bool>)' to use 'Collection<T>', 'ReadOnlyCollection<T>' or 'KeyedCollection<K,V>' (https://learn.microsoft.com/dotnet/fundamentals/code-analysis/quality-rules/ca1002) [C:\Projects\Hazina\src\Core\Agents\Hazina.AgentFactory\Hazina.AgentFactory.csproj::TargetFramework=net9.0]
C:\Projects\Hazina\src\Core\Agents\Hazina.AgentFactory\Services\Tools\ToolRegistrationService.cs(32,26): warning CA1002: Change 'List<FlowConfig>' in 'ToolRegistrationService.ToolRegistrationService(List<StoreConfig>, List<AgentConfig>, List<FlowConfig>, IEmailService, IBigQueryService, Func<string, string, string, CancellationToken, Task<string>>, Func<string, string, string, CancellationToken, Task<string>>, Func<string, string, string, CancellationToken, Task<string>>, Func<string, string, string, bool, CancellationToken, Task<string>>, Func<bool>)' to use 'Collection<T>', 'ReadOnlyCollection<T>' or 'KeyedCollection<K,V>' (https://learn.microsoft.com/dotnet/fundamentals/code-analysis/quality-rules/ca1002) [C:\Projects\Hazina\src\Core\Agents\Hazina.AgentFactory\Hazina.AgentFactory.csproj::TargetFramework=net9.0]
C:\Projects\Hazina\src\Core\Agents\Hazina.AgentFactory\Services\Tools\ToolRegistrationService.cs(30,9): warning MA0016: Prefer using collection abstraction instead of implementation (https://github.com/meziantou/Meziantou.Analyzer/blob/main/docs/Rules/MA0016.md) [C:\Projects\Hazina\src\Core\Agents\Hazina.AgentFactory\Hazina.AgentFactory.csproj::TargetFramework=net9.0]
C:\Projects\Hazina\src\Core\Agents\Hazina.AgentFactory\Services\Tools\ToolRegistrationService.cs(31,9): warning MA0016: Prefer using collection abstraction instead of implementation (https://github.com/meziantou/Meziantou.Analyzer/blob/main/docs/Rules/MA0016.md) [C:\Projects\Hazina\src\Core\Agents\Hazina.AgentFactory\Hazina.AgentFactory.csproj::TargetFramework=net9.0]
C:\Projects\Hazina\src\Core\Agents\Hazina.AgentFactory\Services\Tools\ToolRegistrationService.cs(32,9): warning MA0016: Prefer using collection abstraction instead of implementation (https://github.com/meziantou/Meziantou.Analyzer/blob/main/docs/Rules/MA0016.md) [C:\Projects\Hazina\src\Core\Agents\Hazina.AgentFactory\Hazina.AgentFactory.csproj::TargetFramework=net9.0]
C:\Projects\Hazina\src\Core\Agents\Hazina.AgentFactory\Configuration\Formatters\FlowConfigFormatHelper.cs(9,36): warning CA1002: Change 'List<FlowConfig>' in 'FlowConfigFormatHelper.AutoDetectAndParse(string)' to use 'Collection<T>', 'ReadOnlyCollection<T>' or 'KeyedCollection<K,V>' (https://learn.microsoft.com/dotnet/fundamentals/code-analysis/quality-rules/ca1002) [C:\Projects\Hazina\src\Core\Agents\Hazina.AgentFactory\Hazina.AgentFactory.csproj::TargetFramework=net9.0]
C:\Projects\Hazina\src\Core\Agents\Hazina.AgentFactory\Configuration\Formatters\FlowConfigFormatHelper.cs(9,19): warning MA0016: Prefer using collection abstraction instead of implementation (https://github.com/meziantou/Meziantou.Analyzer/blob/main/docs/Rules/MA0016.md) [C:\Projects\Hazina\src\Core\Agents\Hazina.AgentFactory\Hazina.AgentFactory.csproj::TargetFramework=net9.0]
C:\Projects\Hazina\src\Core\Agents\Hazina.AgentFactory\Configuration\Formatters\AgentConfigFormatHelper.cs(11,37): warning CA1002: Change 'List<AgentConfig>' in 'AgentConfigFormatHelper.AutoDetectAndParse(string)' to use 'Collection<T>', 'ReadOnlyCollection<T>' or 'KeyedCollection<K,V>' (https://learn.microsoft.com/dotnet/fundamentals/code-analysis/quality-rules/ca1002) [C:\Projects\Hazina\src\Core\Agents\Hazina.AgentFactory\Hazina.AgentFactory.csproj::TargetFramework=net9.0]
C:\Projects\Hazina\src\Core\Agents\Hazina.AgentFactory\Configuration\Formatters\AgentConfigFormatHelper.cs(11,19): warning MA0016: Prefer using collection abstraction instead of implementation (https://github.com/meziantou/Meziantou.Analyzer/blob/main/docs/Rules/MA0016.md) [C:\Projects\Hazina\src\Core\Agents\Hazina.AgentFactory\Hazina.AgentFactory.csproj::TargetFramework=net9.0]
C:\Projects\Hazina\src\Core\Agents\Hazina.AgentFactory\Configuration\Formatters\StoreConfigFormatHelper.cs(11,37): warning CA1002: Change 'List<StoreConfig>' in 'StoreConfigFormatHelper.AutoDetectAndParse(string)' to use 'Collection<T>', 'ReadOnlyCollection<T>' or 'KeyedCollection<K,V>' (https://learn.microsoft.com/dotnet/fundamentals/code-analysis/quality-rules/ca1002) [C:\Projects\Hazina\src\Core\Agents\Hazina.AgentFactory\Hazina.AgentFactory.csproj::TargetFramework=net9.0]
C:\Projects\Hazina\src\Core\Agents\Hazina.AgentFactory\Configuration\Formatters\StoreConfigFormatHelper.cs(11,19): warning MA0016: Prefer using collection abstraction instead of implementation (https://github.com/meziantou/Meziantou.Analyzer/blob/main/docs/Rules/MA0016.md) [C:\Projects\Hazina\src\Core\Agents\Hazina.AgentFactory\Hazina.AgentFactory.csproj::TargetFramework=net9.0]
C:\Projects\Hazina\src\Core\Agents\Hazina.AgentFactory\Configuration\Formatters\AgentConfigFormatHelper.cs(31,19): warning S112: 'System.Exception' should not be thrown by user code. (https://rules.sonarsource.com/csharp/RSPEC-112) [C:\Projects\Hazina\src\Core\Agents\Hazina.AgentFactory\Hazina.AgentFactory.csproj::TargetFramework=net9.0]
C:\Projects\Hazina\src\Core\Agents\Hazina.AgentFactory\Configuration\Formatters\FlowConfigFormatHelper.cs(29,19): warning S112: 'System.Exception' should not be thrown by user code. (https://rules.sonarsource.com/csharp/RSPEC-112) [C:\Projects\Hazina\src\Core\Agents\Hazina.AgentFactory\Hazina.AgentFactory.csproj::TargetFramework=net9.0]
C:\Projects\Hazina\src\Core\Agents\Hazina.AgentFactory\Configuration\Formatters\AgentConfigFormatHelper.cs(31,19): warning CA2201: Exception type System.Exception is not sufficiently specific (https://learn.microsoft.com/dotnet/fundamentals/code-analysis/quality-rules/ca2201) [C:\Projects\Hazina\src\Core\Agents\Hazina.AgentFactory\Hazina.AgentFactory.csproj::TargetFramework=net9.0]
C:\Projects\Hazina\src\Core\Agents\Hazina.AgentFactory\Models\AgentCardModel.cs(23,59): warning SA1107: Code should not contain multiple statements on one line (https://github.com/DotNetAnalyzers/StyleCopAnalyzers/blob/master/documentation/SA1107.md) [C:\Projects\Hazina\src\Core\Agents\Hazina.AgentFactory\Hazina.AgentFactory.csproj::TargetFramework=net9.0]
C:\Projects\Hazina\src\Core\Agents\Hazina.AgentFactory\Configuration\Formatters\AgentConfigFormatHelper.cs(31,19): warning MA0054: Embed the caught exception as innerException (https://github.com/meziantou/Meziantou.Analyzer/blob/main/docs/Rules/MA0054.md) [C:\Projects\Hazina\src\Core\Agents\Hazina.AgentFactory\Hazina.AgentFactory.csproj::TargetFramework=net9.0]
C:\Projects\Hazina\src\Core\Agents\Hazina.AgentFactory\Configuration\Formatters\FlowConfigFormatHelper.cs(29,19): warning CA2201: Exception type System.Exception is not sufficiently specific (https://learn.microsoft.com/dotnet/fundamentals/code-analysis/quality-rules/ca2201) [C:\Projects\Hazina\src\Core\Agents\Hazina.AgentFactory\Hazina.AgentFactory.csproj::TargetFramework=net9.0]
C:\Projects\Hazina\src\Core\Agents\Hazina.AgentFactory\Configuration\Validation\ValidationDiagnostic.cs(1,1): warning SA1633: The file header is missing or not located at the top of the file. (https://github.com/DotNetAnalyzers/StyleCopAnalyzers/blob/master/documentation/SA1633.md) [C:\Projects\Hazina\src\Core\Agents\Hazina.AgentFactory\Hazina.AgentFactory.csproj::TargetFramework=net9.0]
C:\Projects\Hazina\src\Core\Agents\Hazina.AgentFactory\Configuration\Formatters\FlowConfigFormatHelper.cs(29,19): warning MA0054: Embed the caught exception as innerException (https://github.com/meziantou/Meziantou.Analyzer/blob/main/docs/Rules/MA0054.md) [C:\Projects\Hazina\src\Core\Agents\Hazina.AgentFactory\Hazina.AgentFactory.csproj::TargetFramework=net9.0]
C:\Projects\Hazina\src\Core\Agents\Hazina.AgentFactory\Configuration\Formatters\StoreConfigFormatHelper.cs(31,19): warning S112: 'System.Exception' should not be thrown by user code. (https://rules.sonarsource.com/csharp/RSPEC-112) [C:\Projects\Hazina\src\Core\Agents\Hazina.AgentFactory\Hazina.AgentFactory.csproj::TargetFramework=net9.0]
C:\Projects\Hazina\src\Core\Agents\Hazina.AgentFactory\Configuration\Formatters\StoreConfigFormatHelper.cs(31,19): warning CA2201: Exception type System.Exception is not sufficiently specific (https://learn.microsoft.com/dotnet/fundamentals/code-analysis/quality-rules/ca2201) [C:\Projects\Hazina\src\Core\Agents\Hazina.AgentFactory\Hazina.AgentFactory.csproj::TargetFramework=net9.0]
C:\Projects\Hazina\src\Core\Agents\Hazina.AgentFactory\Models\FlowCardModels.cs(21,35): warning SA1501: Statement should not be on a single line (https://github.com/DotNetAnalyzers/StyleCopAnalyzers/blob/master/documentation/SA1501.md) [C:\Projects\Hazina\src\Core\Agents\Hazina.AgentFactory\Hazina.AgentFactory.csproj::TargetFramework=net9.0]
C:\Projects\Hazina\src\Core\Agents\Hazina.AgentFactory\Models\FlowCardModels.cs(21,52): warning SA1107: Code should not contain multiple statements on one line (https://github.com/DotNetAnalyzers/StyleCopAnalyzers/blob/master/documentation/SA1107.md) [C:\Projects\Hazina\src\Core\Agents\Hazina.AgentFactory\Hazina.AgentFactory.csproj::TargetFramework=net9.0]
C:\Projects\Hazina\src\Core\Agents\Hazina.AgentFactory\Configuration\Formatters\StoreConfigFormatHelper.cs(31,19): warning MA0054: Embed the caught exception as innerException (https://github.com/meziantou/Meziantou.Analyzer/blob/main/docs/Rules/MA0054.md) [C:\Projects\Hazina\src\Core\Agents\Hazina.AgentFactory\Hazina.AgentFactory.csproj::TargetFramework=net9.0]
C:\Projects\Hazina\src\Core\Agents\Hazina.AgentFactory\Configuration\Formatters\AgentConfigFormatHelper.cs(19,13): warning CA1031: Modify 'AutoDetectAndParse' to catch a more specific allowed exception type, or rethrow the exception (https://learn.microsoft.com/dotnet/fundamentals/code-analysis/quality-rules/ca1031) [C:\Projects\Hazina\src\Core\Agents\Hazina.AgentFactory\Hazina.AgentFactory.csproj::TargetFramework=net9.0]
C:\Projects\Hazina\src\Core\Agents\Hazina.AgentFactory\Models\FlowCardModels.cs(21,19): warning MA0006: Use string.Equals instead of NotEquals operator (https://github.com/meziantou/Meziantou.Analyzer/blob/main/docs/Rules/MA0006.md) [C:\Projects\Hazina\src\Core\Agents\Hazina.AgentFactory\Hazina.AgentFactory.csproj::TargetFramework=net9.0]
C:\Projects\Hazina\src\Core\Agents\Hazina.AgentFactory\Configuration\Formatters\FlowConfigFormatHelper.cs(41,21): warning S6610: "StartsWith" overloads that take a "char" should be used (https://rules.sonarsource.com/csharp/RSPEC-6610) [C:\Projects\Hazina\src\Core\Agents\Hazina.AgentFactory\Hazina.AgentFactory.csproj::TargetFramework=net9.0]
C:\Projects\Hazina\src\Core\Agents\Hazina.AgentFactory\Configuration\Formatters\FlowConfigFormatHelper.cs(41,48): warning S6610: "StartsWith" overloads that take a "char" should be used (https://rules.sonarsource.com/csharp/RSPEC-6610) [C:\Projects\Hazina\src\Core\Agents\Hazina.AgentFactory\Hazina.AgentFactory.csproj::TargetFramework=net9.0]
C:\Projects\Hazina\src\Core\Agents\Hazina.AgentFactory\Configuration\Formatters\FlowConfigFormatHelper.cs(44,21): warning S6610: "StartsWith" overloads that take a "char" should be used (https://rules.sonarsource.com/csharp/RSPEC-6610) [C:\Projects\Hazina\src\Core\Agents\Hazina.AgentFactory\Hazina.AgentFactory.csproj::TargetFramework=net9.0]
C:\Projects\Hazina\src\Core\Agents\Hazina.AgentFactory\Models\AgentCardModel.cs(24,80): warning SA1107: Code should not contain multiple statements on one line (https://github.com/DotNetAnalyzers/StyleCopAnalyzers/blob/master/documentation/SA1107.md) [C:\Projects\Hazina\src\Core\Agents\Hazina.AgentFactory\Hazina.AgentFactory.csproj::TargetFramework=net9.0]
C:\Projects\Hazina\src\Core\Agents\Hazina.AgentFactory\Configuration\Formatters\FlowConfigFormatHelper.cs(39,46): warning SA1503: Braces should not be omitted (https://github.com/DotNetAnalyzers/StyleCopAnalyzers/blob/master/documentation/SA1503.md) [C:\Projects\Hazina\src\Core\Agents\Hazina.AgentFactory\Hazina.AgentFactory.csproj::TargetFramework=net9.0]
C:\Projects\Hazina\src\Core\Agents\Hazina.AgentFactory\Configuration\Formatters\FlowConfigFormatHelper.cs(42,13): warning SA1503: Braces should not be omitted (https://github.com/DotNetAnalyzers/StyleCopAnalyzers/blob/master/documentation/SA1503.md) [C:\Projects\Hazina\src\Core\Agents\Hazina.AgentFactory\Hazina.AgentFactory.csproj::TargetFramework=net9.0]
C:\Projects\Hazina\src\Core\Agents\Hazina.AgentFactory\Configuration\Formatters\FlowConfigFormatHelper.cs(45,13): warning SA1503: Braces should not be omitted (https://github.com/DotNetAnalyzers/StyleCopAnalyzers/blob/master/documentation/SA1503.md) [C:\Projects\Hazina\src\Core\Agents\Hazina.AgentFactory\Hazina.AgentFactory.csproj::TargetFramework=net9.0]
C:\Projects\Hazina\src\Core\Agents\Hazina.AgentFactory\Configuration\Formatters\FlowConfigFormatHelper.cs(48,13): warning SA1503: Braces should not be omitted (https://github.com/DotNetAnalyzers/StyleCopAnalyzers/blob/master/documentation/SA1503.md) [C:\Projects\Hazina\src\Core\Agents\Hazina.AgentFactory\Hazina.AgentFactory.csproj::TargetFramework=net9.0]
C:\Projects\Hazina\src\Core\Agents\Hazina.AgentFactory\Configuration\Formatters\FlowConfigFormatHelper.cs(41,31): warning CA1866: Use 'string.StartsWith(char)' instead of 'string.StartsWith(string)' when you have a string with a single char (https://learn.microsoft.com/dotnet/fundamentals/code-analysis/quality-rules/ca1866) [C:\Projects\Hazina\src\Core\Agents\Hazina.AgentFactory\Hazina.AgentFactory.csproj::TargetFramework=net9.0]
C:\Projects\Hazina\src\Core\Agents\Hazina.AgentFactory\Configuration\Formatters\FlowConfigFormatHelper.cs(41,58): warning CA1866: Use 'string.StartsWith(char)' instead of 'string.StartsWith(string)' when you have a string with a single char (https://learn.microsoft.com/dotnet/fundamentals/code-analysis/quality-rules/ca1866) [C:\Projects\Hazina\src\Core\Agents\Hazina.AgentFactory\Hazina.AgentFactory.csproj::TargetFramework=net9.0]
C:\Projects\Hazina\src\Core\Agents\Hazina.AgentFactory\Configuration\Formatters\FlowConfigFormatHelper.cs(44,31): warning CA1866: Use 'string.StartsWith(char)' instead of 'string.StartsWith(string)' when you have a string with a single char (https://learn.microsoft.com/dotnet/fundamentals/code-analysis/quality-rules/ca1866) [C:\Projects\Hazina\src\Core\Agents\Hazina.AgentFactory\Hazina.AgentFactory.csproj::TargetFramework=net9.0]
C:\Projects\Hazina\src\Core\Agents\Hazina.AgentFactory\Configuration\Formatters\StoreConfigFormatHelper.cs(19,13): warning CA1031: Modify 'AutoDetectAndParse' to catch a more specific allowed exception type, or rethrow the exception (https://learn.microsoft.com/dotnet/fundamentals/code-analysis/quality-rules/ca1031) [C:\Projects\Hazina\src\Core\Agents\Hazina.AgentFactory\Hazina.AgentFactory.csproj::TargetFramework=net9.0]
C:\Projects\Hazina\src\Core\Agents\Hazina.AgentFactory\Configuration\Formatters\FlowConfigFormatHelper.cs(17,13): warning CA1031: Modify 'AutoDetectAndParse' to catch a more specific allowed exception type, or rethrow the exception (https://learn.microsoft.com/dotnet/fundamentals/code-analysis/quality-rules/ca1031) [C:\Projects\Hazina\src\Core\Agents\Hazina.AgentFactory\Hazina.AgentFactory.csproj::TargetFramework=net9.0]
C:\Projects\Hazina\src\Core\Agents\Hazina.AgentFactory\Configuration\Formatters\FlowConfigFormatHelper.cs(44,58): warning CA1847: Use 'string.Contains(char)' instead of 'string.Contains(string)' when searching for a single character (https://learn.microsoft.com/dotnet/fundamentals/code-analysis/quality-rules/ca1847) [C:\Projects\Hazina\src\Core\Agents\Hazina.AgentFactory\Hazina.AgentFactory.csproj::TargetFramework=net9.0]
C:\Projects\Hazina\src\Core\Agents\Hazina.AgentFactory\Configuration\Formatters\FlowConfigFormatHelper.cs(44,83): warning CA1847: Use 'string.Contains(char)' instead of 'string.Contains(string)' when searching for a single character (https://learn.microsoft.com/dotnet/fundamentals/code-analysis/quality-rules/ca1847) [C:\Projects\Hazina\src\Core\Agents\Hazina.AgentFactory\Hazina.AgentFactory.csproj::TargetFramework=net9.0]
C:\Projects\Hazina\src\Core\Agents\Hazina.AgentFactory\Configuration\Formatters\FlowConfigFormatHelper.cs(41,13): warning CA1310: The behavior of 'string.StartsWith(string)' could vary based on the current user's locale settings. Replace this call in 'FlowConfigFormatHelper.IsLikelyJson(string)' with a call to 'string.StartsWith(string, System.StringComparison)'. (https://learn.microsoft.com/dotnet/fundamentals/code-analysis/quality-rules/ca1310) [C:\Projects\Hazina\src\Core\Agents\Hazina.AgentFactory\Hazina.AgentFactory.csproj::TargetFramework=net9.0]
C:\Projects\Hazina\src\Core\Agents\Hazina.AgentFactory\Configuration\Formatters\FlowConfigFormatHelper.cs(41,40): warning CA1310: The behavior of 'string.StartsWith(string)' could vary based on the current user's locale settings. Replace this call in 'FlowConfigFormatHelper.IsLikelyJson(string)' with a call to 'string.StartsWith(string, System.StringComparison)'. (https://learn.microsoft.com/dotnet/fundamentals/code-analysis/quality-rules/ca1310) [C:\Projects\Hazina\src\Core\Agents\Hazina.AgentFactory\Hazina.AgentFactory.csproj::TargetFramework=net9.0]
C:\Projects\Hazina\src\Core\Agents\Hazina.AgentFactory\Configuration\Formatters\FlowConfigFormatHelper.cs(44,13): warning CA1310: The behavior of 'string.StartsWith(string)' could vary based on the current user's locale settings. Replace this call in 'FlowConfigFormatHelper.IsLikelyJson(string)' with a call to 'string.StartsWith(string, System.StringComparison)'. (https://learn.microsoft.com/dotnet/fundamentals/code-analysis/quality-rules/ca1310) [C:\Projects\Hazina\src\Core\Agents\Hazina.AgentFactory\Hazina.AgentFactory.csproj::TargetFramework=net9.0]
C:\Projects\Hazina\src\Core\Agents\Hazina.AgentFactory\Configuration\Formatters\FlowConfigFormatHelper.cs(44,41): warning CA1307: 'string.Contains(string)' has a method overload that takes a 'StringComparison' parameter. Replace this call in 'FlowConfigFormatHelper.IsLikelyJson(string)' with a call to 'string.Contains(string, System.StringComparison)' for clarity of intent. (https://learn.microsoft.com/dotnet/fundamentals/code-analysis/quality-rules/ca1307) [C:\Projects\Hazina\src\Core\Agents\Hazina.AgentFactory\Hazina.AgentFactory.csproj::TargetFramework=net9.0]
C:\Projects\Hazina\src\Core\Agents\Hazina.AgentFactory\Configuration\Formatters\FlowConfigFormatHelper.cs(44,66): warning CA1307: 'string.Contains(string)' has a method overload that takes a 'StringComparison' parameter. Replace this call in 'FlowConfigFormatHelper.IsLikelyJson(string)' with a call to 'string.Contains(string, System.StringComparison)' for clarity of intent. (https://learn.microsoft.com/dotnet/fundamentals/code-analysis/quality-rules/ca1307) [C:\Projects\Hazina\src\Core\Agents\Hazina.AgentFactory\Hazina.AgentFactory.csproj::TargetFramework=net9.0]
C:\Projects\Hazina\src\Core\Agents\Hazina.AgentFactory\Configuration\Formatters\FlowConfigFormatHelper.cs(47,13): warning CA1310: The behavior of 'string.StartsWith(string)' could vary based on the current user's locale settings. Replace this call in 'FlowConfigFormatHelper.IsLikelyJson(string)' with a call to 'string.StartsWith(string, System.StringComparison)'. (https://learn.microsoft.com/dotnet/fundamentals/code-analysis/quality-rules/ca1310) [C:\Projects\Hazina\src\Core\Agents\Hazina.AgentFactory\Hazina.AgentFactory.csproj::TargetFramework=net9.0]
C:\Projects\Hazina\src\Core\Agents\Hazina.AgentFactory\Models\FlowCardModels.cs(27,42): warning SA1501: Statement should not be on a single line (https://github.com/DotNetAnalyzers/StyleCopAnalyzers/blob/master/documentation/SA1501.md) [C:\Projects\Hazina\src\Core\Agents\Hazina.AgentFactory\Hazina.AgentFactory.csproj::TargetFramework=net9.0]
C:\Projects\Hazina\src\Core\Agents\Hazina.AgentFactory\Models\FlowCardModels.cs(27,66): warning SA1107: Code should not contain multiple statements on one line (https://github.com/DotNetAnalyzers/StyleCopAnalyzers/blob/master/documentation/SA1107.md) [C:\Projects\Hazina\src\Core\Agents\Hazina.AgentFactory\Hazina.AgentFactory.csproj::TargetFramework=net9.0]
C:\Projects\Hazina\src\Core\Agents\Hazina.AgentFactory\Configuration\Formatters\FlowConfigFormatHelper.cs(47,9): warning MA0140: Both if and else branch have identical code (https://github.com/meziantou/Meziantou.Analyzer/blob/main/docs/Rules/MA0140.md) [C:\Projects\Hazina\src\Core\Agents\Hazina.AgentFactory\Hazina.AgentFactory.csproj::TargetFramework=net9.0]
C:\Projects\Hazina\src\Core\Agents\Hazina.AgentFactory\Core\AgentFactory.cs(1,1): warning SA1633: The file header is missing or not located at the top of the file. (https://github.com/DotNetAnalyzers/StyleCopAnalyzers/blob/master/documentation/SA1633.md) [C:\Projects\Hazina\src\Core\Agents\Hazina.AgentFactory\Hazina.AgentFactory.csproj::TargetFramework=net9.0]
C:\Projects\Hazina\src\Core\Agents\Hazina.AgentFactory\Models\AgentCardModel.cs(25,65): warning SA1107: Code should not contain multiple statements on one line (https://github.com/DotNetAnalyzers/StyleCopAnalyzers/blob/master/documentation/SA1107.md) [C:\Projects\Hazina\src\Core\Agents\Hazina.AgentFactory\Hazina.AgentFactory.csproj::TargetFramework=net9.0]
C:\Projects\Hazina\src\Core\Agents\Hazina.AgentFactory\Models\FlowCardModels.cs(27,19): warning MA0006: Use string.Equals instead of NotEquals operator (https://github.com/meziantou/Meziantou.Analyzer/blob/main/docs/Rules/MA0006.md) [C:\Projects\Hazina\src\Core\Agents\Hazina.AgentFactory\Hazina.AgentFactory.csproj::TargetFramework=net9.0]
C:\Projects\Hazina\src\Core\Agents\Hazina.AgentFactory\Configuration\Formatters\StoreConfigFormatHelper.cs(43,21): warning S6610: "StartsWith" overloads that take a "char" should be used (https://rules.sonarsource.com/csharp/RSPEC-6610) [C:\Projects\Hazina\src\Core\Agents\Hazina.AgentFactory\Hazina.AgentFactory.csproj::TargetFramework=net9.0]
C:\Projects\Hazina\src\Core\Agents\Hazina.AgentFactory\Configuration\Formatters\StoreConfigFormatHelper.cs(43,48): warning S6610: "StartsWith" overloads that take a "char" should be used (https://rules.sonarsource.com/csharp/RSPEC-6610) [C:\Projects\Hazina\src\Core\Agents\Hazina.AgentFactory\Hazina.AgentFactory.csproj::TargetFramework=net9.0]
C:\Projects\Hazina\src\Core\Agents\Hazina.AgentFactory\Configuration\Formatters\StoreConfigFormatHelper.cs(46,21): warning S6610: "StartsWith" overloads that take a "char" should be used (https://rules.sonarsource.com/csharp/RSPEC-6610) [C:\Projects\Hazina\src\Core\Agents\Hazina.AgentFactory\Hazina.AgentFactory.csproj::TargetFramework=net9.0]
C:\Projects\Hazina\src\Core\Agents\Hazina.AgentFactory\Configuration\Formatters\StoreConfigFormatHelper.cs(41,46): warning SA1503: Braces should not be omitted (https://github.com/DotNetAnalyzers/StyleCopAnalyzers/blob/master/documentation/SA1503.md) [C:\Projects\Hazina\src\Core\Agents\Hazina.AgentFactory\Hazina.AgentFactory.csproj::TargetFramework=net9.0]
C:\Projects\Hazina\src\Core\Agents\Hazina.AgentFactory\Configuration\Formatters\StoreConfigFormatHelper.cs(44,13): warning SA1503: Braces should not be omitted (https://github.com/DotNetAnalyzers/StyleCopAnalyzers/blob/master/documentation/SA1503.md) [C:\Projects\Hazina\src\Core\Agents\Hazina.AgentFactory\Hazina.AgentFactory.csproj::TargetFramework=net9.0]
C:\Projects\Hazina\src\Core\Agents\Hazina.AgentFactory\Configuration\Formatters\StoreConfigFormatHelper.cs(47,13): warning SA1503: Braces should not be omitted (https://github.com/DotNetAnalyzers/StyleCopAnalyzers/blob/master/documentation/SA1503.md) [C:\Projects\Hazina\src\Core\Agents\Hazina.AgentFactory\Hazina.AgentFactory.csproj::TargetFramework=net9.0]
C:\Projects\Hazina\src\Core\Agents\Hazina.AgentFactory\Configuration\Formatters\StoreConfigFormatHelper.cs(50,13): warning SA1503: Braces should not be omitted (https://github.com/DotNetAnalyzers/StyleCopAnalyzers/blob/master/documentation/SA1503.md) [C:\Projects\Hazina\src\Core\Agents\Hazina.AgentFactory\Hazina.AgentFactory.csproj::TargetFramework=net9.0]
C:\Projects\Hazina\src\Core\Agents\Hazina.AgentFactory\Models\BuildOutput.cs(34,62): warning S1075: Remove this hardcoded path-delimiter. (https://rules.sonarsource.com/csharp/RSPEC-1075) [C:\Projects\Hazina\src\Core\Agents\Hazina.AgentFactory\Hazina.AgentFactory.csproj::TargetFramework=net9.0]
C:\Projects\Hazina\src\Core\Agents\Hazina.AgentFactory\Configuration\Formatters\StoreConfigFormatHelper.cs(43,31): warning CA1866: Use 'string.StartsWith(char)' instead of 'string.StartsWith(string)' when you have a string with a single char (https://learn.microsoft.com/dotnet/fundamentals/code-analysis/quality-rules/ca1866) [C:\Projects\Hazina\src\Core\Agents\Hazina.AgentFactory\Hazina.AgentFactory.csproj::TargetFramework=net9.0]
C:\Projects\Hazina\src\Core\Agents\Hazina.AgentFactory\Configuration\Formatters\StoreConfigFormatHelper.cs(43,58): warning CA1866: Use 'string.StartsWith(char)' instead of 'string.StartsWith(string)' when you have a string with a single char (https://learn.microsoft.com/dotnet/fundamentals/code-analysis/quality-rules/ca1866) [C:\Projects\Hazina\src\Core\Agents\Hazina.AgentFactory\Hazina.AgentFactory.csproj::TargetFramework=net9.0]
C:\Projects\Hazina\src\Core\Agents\Hazina.AgentFactory\Configuration\Formatters\StoreConfigFormatHelper.cs(46,31): warning CA1866: Use 'string.StartsWith(char)' instead of 'string.StartsWith(string)' when you have a string with a single char (https://learn.microsoft.com/dotnet/fundamentals/code-analysis/quality-rules/ca1866) [C:\Projects\Hazina\src\Core\Agents\Hazina.AgentFactory\Hazina.AgentFactory.csproj::TargetFramework=net9.0]
C:\Projects\Hazina\src\Core\Agents\Hazina.AgentFactory\Configuration\Formatters\StoreConfigFormatHelper.cs(46,58): warning CA1847: Use 'string.Contains(char)' instead of 'string.Contains(string)' when searching for a single character (https://learn.microsoft.com/dotnet/fundamentals/code-analysis/quality-rules/ca1847) [C:\Projects\Hazina\src\Core\Agents\Hazina.AgentFactory\Hazina.AgentFactory.csproj::TargetFramework=net9.0]
C:\Projects\Hazina\src\Core\Agents\Hazina.AgentFactory\Configuration\Formatters\StoreConfigFormatHelper.cs(46,83): warning CA1847: Use 'string.Contains(char)' instead of 'string.Contains(string)' when searching for a single character (https://learn.microsoft.com/dotnet/fundamentals/code-analysis/quality-rules/ca1847) [C:\Projects\Hazina\src\Core\Agents\Hazina.AgentFactory\Hazina.AgentFactory.csproj::TargetFramework=net9.0]
C:\Projects\Hazina\src\Core\Agents\Hazina.AgentFactory\Models\AgentCardModel.cs(26,89): warning SA1107: Code should not contain multiple statements on one line (https://github.com/DotNetAnalyzers/StyleCopAnalyzers/blob/master/documentation/SA1107.md) [C:\Projects\Hazina\src\Core\Agents\Hazina.AgentFactory\Hazina.AgentFactory.csproj::TargetFramework=net9.0]
C:\Projects\Hazina\src\Core\Agents\Hazina.AgentFactory\Core\AgentFactory.cs(259,10): warning SA1513: Closing brace should be followed by blank line (https://github.com/DotNetAnalyzers/StyleCopAnalyzers/blob/master/documentation/SA1513.md) [C:\Projects\Hazina\src\Core\Agents\Hazina.AgentFactory\Hazina.AgentFactory.csproj::TargetFramework=net9.0]
C:\Projects\Hazina\src\Core\Agents\Hazina.AgentFactory\Core\AgentFactory.cs(321,10): warning SA1513: Closing brace should be followed by blank line (https://github.com/DotNetAnalyzers/StyleCopAnalyzers/blob/master/documentation/SA1513.md) [C:\Projects\Hazina\src\Core\Agents\Hazina.AgentFactory\Hazina.AgentFactory.csproj::TargetFramework=net9.0]
C:\Projects\Hazina\src\Core\Agents\Hazina.AgentFactory\Configuration\Formatters\StoreConfigFormatHelper.cs(43,13): warning CA1310: The behavior of 'string.StartsWith(string)' could vary based on the current user's locale settings. Replace this call in 'StoreConfigFormatHelper.IsLikelyJson(string)' with a call to 'string.StartsWith(string, System.StringComparison)'. (https://learn.microsoft.com/dotnet/fundamentals/code-analysis/quality-rules/ca1310) [C:\Projects\Hazina\src\Core\Agents\Hazina.AgentFactory\Hazina.AgentFactory.csproj::TargetFramework=net9.0]
C:\Projects\Hazina\src\Core\Agents\Hazina.AgentFactory\Configuration\Formatters\StoreConfigFormatHelper.cs(43,40): warning CA1310: The behavior of 'string.StartsWith(string)' could vary based on the current user's locale settings. Replace this call in 'StoreConfigFormatHelper.IsLikelyJson(string)' with a call to 'string.StartsWith(string, System.StringComparison)'. (https://learn.microsoft.com/dotnet/fundamentals/code-analysis/quality-rules/ca1310) [C:\Projects\Hazina\src\Core\Agents\Hazina.AgentFactory\Hazina.AgentFactory.csproj::TargetFramework=net9.0]
C:\Projects\Hazina\src\Core\Agents\Hazina.AgentFactory\Configuration\Formatters\StoreConfigFormatHelper.cs(46,13): warning CA1310: The behavior of 'string.StartsWith(string)' could vary based on the current user's locale settings. Replace this call in 'StoreConfigFormatHelper.IsLikelyJson(string)' with a call to 'string.StartsWith(string, System.StringComparison)'. (https://learn.microsoft.com/dotnet/fundamentals/code-analysis/quality-rules/ca1310) [C:\Projects\Hazina\src\Core\Agents\Hazina.AgentFactory\Hazina.AgentFactory.csproj::TargetFramework=net9.0]
C:\Projects\Hazina\src\Core\Agents\Hazina.AgentFactory\Configuration\Formatters\StoreConfigFormatHelper.cs(46,41): warning CA1307: 'string.Contains(string)' has a method overload that takes a 'StringComparison' parameter. Replace this call in 'StoreConfigFormatHelper.IsLikelyJson(string)' with a call to 'string.Contains(string, System.StringComparison)' for clarity of intent. (https://learn.microsoft.com/dotnet/fundamentals/code-analysis/quality-rules/ca1307) [C:\Projects\Hazina\src\Core\Agents\Hazina.AgentFactory\Hazina.AgentFactory.csproj::TargetFramework=net9.0]
C:\Projects\Hazina\src\Core\Agents\Hazina.AgentFactory\Configuration\Formatters\StoreConfigFormatHelper.cs(46,66): warning CA1307: 'string.Contains(string)' has a method overload that takes a 'StringComparison' parameter. Replace this call in 'StoreConfigFormatHelper.IsLikelyJson(string)' with a call to 'string.Contains(string, System.StringComparison)' for clarity of intent. (https://learn.microsoft.com/dotnet/fundamentals/code-analysis/quality-rules/ca1307) [C:\Projects\Hazina\src\Core\Agents\Hazina.AgentFactory\Hazina.AgentFactory.csproj::TargetFramework=net9.0]
C:\Projects\Hazina\src\Core\Agents\Hazina.AgentFactory\Configuration\Formatters\StoreConfigFormatHelper.cs(49,13): warning CA1310: The behavior of 'string.StartsWith(string)' could vary based on the current user's locale settings. Replace this call in 'StoreConfigFormatHelper.IsLikelyJson(string)' with a call to 'string.StartsWith(string, System.StringComparison)'. (https://learn.microsoft.com/dotnet/fundamentals/code-analysis/quality-rules/ca1310) [C:\Projects\Hazina\src\Core\Agents\Hazina.AgentFactory\Hazina.AgentFactory.csproj::TargetFramework=net9.0]
C:\Projects\Hazina\src\Core\Agents\Hazina.AgentFactory\Configuration\Formatters\AgentConfigFormatHelper.cs(43,21): warning S6610: "StartsWith" overloads that take a "char" should be used (https://rules.sonarsource.com/csharp/RSPEC-6610) [C:\Projects\Hazina\src\Core\Agents\Hazina.AgentFactory\Hazina.AgentFactory.csproj::TargetFramework=net9.0]
C:\Projects\Hazina\src\Core\Agents\Hazina.AgentFactory\Configuration\Formatters\AgentConfigFormatHelper.cs(43,48): warning S6610: "StartsWith" overloads that take a "char" should be used (https://rules.sonarsource.com/csharp/RSPEC-6610) [C:\Projects\Hazina\src\Core\Agents\Hazina.AgentFactory\Hazina.AgentFactory.csproj::TargetFramework=net9.0]
C:\Projects\Hazina\src\Core\Agents\Hazina.AgentFactory\Configuration\Formatters\AgentConfigFormatHelper.cs(46,21): warning S6610: "StartsWith" overloads that take a "char" should be used (https://rules.sonarsource.com/csharp/RSPEC-6610) [C:\Projects\Hazina\src\Core\Agents\Hazina.AgentFactory\Hazina.AgentFactory.csproj::TargetFramework=net9.0]
C:\Projects\Hazina\src\Core\Agents\Hazina.AgentFactory\Configuration\Formatters\FlowConfigFormatHelper.cs(41,13): warning MA0074: Use an overload of 'StartsWith' that has a StringComparison parameter (https://github.com/meziantou/Meziantou.Analyzer/blob/main/docs/Rules/MA0074.md) [C:\Projects\Hazina\src\Core\Agents\Hazina.AgentFactory\Hazina.AgentFactory.csproj::TargetFramework=net9.0]
C:\Projects\Hazina\src\Core\Agents\Hazina.AgentFactory\Configuration\Formatters\AgentConfigFormatHelper.cs(41,46): warning SA1503: Braces should not be omitted (https://github.com/DotNetAnalyzers/StyleCopAnalyzers/blob/master/documentation/SA1503.md) [C:\Projects\Hazina\src\Core\Agents\Hazina.AgentFactory\Hazina.AgentFactory.csproj::TargetFramework=net9.0]
C:\Projects\Hazina\src\Core\Agents\Hazina.AgentFactory\Configuration\Formatters\AgentConfigFormatHelper.cs(44,13): warning SA1503: Braces should not be omitted (https://github.com/DotNetAnalyzers/StyleCopAnalyzers/blob/master/documentation/SA1503.md) [C:\Projects\Hazina\src\Core\Agents\Hazina.AgentFactory\Hazina.AgentFactory.csproj::TargetFramework=net9.0]
C:\Projects\Hazina\src\Core\Agents\Hazina.AgentFactory\Configuration\Formatters\AgentConfigFormatHelper.cs(47,13): warning SA1503: Braces should not be omitted (https://github.com/DotNetAnalyzers/StyleCopAnalyzers/blob/master/documentation/SA1503.md) [C:\Projects\Hazina\src\Core\Agents\Hazina.AgentFactory\Hazina.AgentFactory.csproj::TargetFramework=net9.0]
C:\Projects\Hazina\src\Core\Agents\Hazina.AgentFactory\Configuration\Formatters\AgentConfigFormatHelper.cs(50,13): warning SA1503: Braces should not be omitted (https://github.com/DotNetAnalyzers/StyleCopAnalyzers/blob/master/documentation/SA1503.md) [C:\Projects\Hazina\src\Core\Agents\Hazina.AgentFactory\Hazina.AgentFactory.csproj::TargetFramework=net9.0]
C:\Projects\Hazina\src\Core\Agents\Hazina.AgentFactory\Configuration\Formatters\FlowConfigFormatHelper.cs(41,40): warning MA0074: Use an overload of 'StartsWith' that has a StringComparison parameter (https://github.com/meziantou/Meziantou.Analyzer/blob/main/docs/Rules/MA0074.md) [C:\Projects\Hazina\src\Core\Agents\Hazina.AgentFactory\Hazina.AgentFactory.csproj::TargetFramework=net9.0]
C:\Projects\Hazina\src\Core\Agents\Hazina.AgentFactory\Configuration\Formatters\StoreConfigFormatHelper.cs(49,9): warning MA0140: Both if and else branch have identical code (https://github.com/meziantou/Meziantou.Analyzer/blob/main/docs/Rules/MA0140.md) [C:\Projects\Hazina\src\Core\Agents\Hazina.AgentFactory\Hazina.AgentFactory.csproj::TargetFramework=net9.0]
C:\Projects\Hazina\src\Core\Agents\Hazina.AgentFactory\Configuration\Formatters\FlowConfigFormatHelper.cs(44,13): warning MA0074: Use an overload of 'StartsWith' that has a StringComparison parameter (https://github.com/meziantou/Meziantou.Analyzer/blob/main/docs/Rules/MA0074.md) [C:\Projects\Hazina\src\Core\Agents\Hazina.AgentFactory\Hazina.AgentFactory.csproj::TargetFramework=net9.0]
C:\Projects\Hazina\src\Core\Agents\Hazina.AgentFactory\Configuration\Formatters\AgentConfigFormatHelper.cs(43,31): warning CA1866: Use 'string.StartsWith(char)' instead of 'string.StartsWith(string)' when you have a string with a single char (https://learn.microsoft.com/dotnet/fundamentals/code-analysis/quality-rules/ca1866) [C:\Projects\Hazina\src\Core\Agents\Hazina.AgentFactory\Hazina.AgentFactory.csproj::TargetFramework=net9.0]
C:\Projects\Hazina\src\Core\Agents\Hazina.AgentFactory\Models\FlowCardModels.cs(33,42): warning SA1501: Statement should not be on a single line (https://github.com/DotNetAnalyzers/StyleCopAnalyzers/blob/master/documentation/SA1501.md) [C:\Projects\Hazina\src\Core\Agents\Hazina.AgentFactory\Hazina.AgentFactory.csproj::TargetFramework=net9.0]
C:\Projects\Hazina\src\Core\Agents\Hazina.AgentFactory\Models\FlowCardModels.cs(33,66): warning SA1107: Code should not contain multiple statements on one line (https://github.com/DotNetAnalyzers/StyleCopAnalyzers/blob/master/documentation/SA1107.md) [C:\Projects\Hazina\src\Core\Agents\Hazina.AgentFactory\Hazina.AgentFactory.csproj::TargetFramework=net9.0]
C:\Projects\Hazina\src\Core\Agents\Hazina.AgentFactory\Configuration\Formatters\FlowConfigFormatHelper.cs(47,13): warning MA0074: Use an overload of 'StartsWith' that has a StringComparison parameter (https://github.com/meziantou/Meziantou.Analyzer/blob/main/docs/Rules/MA0074.md) [C:\Projects\Hazina\src\Core\Agents\Hazina.AgentFactory\Hazina.AgentFactory.csproj::TargetFramework=net9.0]
C:\Projects\Hazina\src\Core\Agents\Hazina.AgentFactory\Configuration\Formatters\AgentConfigFormatHelper.cs(43,58): warning CA1866: Use 'string.StartsWith(char)' instead of 'string.StartsWith(string)' when you have a string with a single char (https://learn.microsoft.com/dotnet/fundamentals/code-analysis/quality-rules/ca1866) [C:\Projects\Hazina\src\Core\Agents\Hazina.AgentFactory\Hazina.AgentFactory.csproj::TargetFramework=net9.0]
C:\Projects\Hazina\src\Core\Agents\Hazina.AgentFactory\Configuration\Formatters\AgentConfigFormatHelper.cs(46,31): warning CA1866: Use 'string.StartsWith(char)' instead of 'string.StartsWith(string)' when you have a string with a single char (https://learn.microsoft.com/dotnet/fundamentals/code-analysis/quality-rules/ca1866) [C:\Projects\Hazina\src\Core\Agents\Hazina.AgentFactory\Hazina.AgentFactory.csproj::TargetFramework=net9.0]
C:\Projects\Hazina\src\Core\Agents\Hazina.AgentFactory\Configuration\Formatters\AgentConfigFormatHelper.cs(46,58): warning CA1847: Use 'string.Contains(char)' instead of 'string.Contains(string)' when searching for a single character (https://learn.microsoft.com/dotnet/fundamentals/code-analysis/quality-rules/ca1847) [C:\Projects\Hazina\src\Core\Agents\Hazina.AgentFactory\Hazina.AgentFactory.csproj::TargetFramework=net9.0]
C:\Projects\Hazina\src\Core\Agents\Hazina.AgentFactory\Configuration\Formatters\AgentConfigFormatHelper.cs(46,83): warning CA1847: Use 'string.Contains(char)' instead of 'string.Contains(string)' when searching for a single character (https://learn.microsoft.com/dotnet/fundamentals/code-analysis/quality-rules/ca1847) [C:\Projects\Hazina\src\Core\Agents\Hazina.AgentFactory\Hazina.AgentFactory.csproj::TargetFramework=net9.0]
C:\Projects\Hazina\src\Core\Agents\Hazina.AgentFactory\Configuration\Formatters\AgentConfigFormatHelper.cs(43,13): warning CA1310: The behavior of 'string.StartsWith(string)' could vary based on the current user's locale settings. Replace this call in 'AgentConfigFormatHelper.IsLikelyJson(string)' with a call to 'string.StartsWith(string, System.StringComparison)'. (https://learn.microsoft.com/dotnet/fundamentals/code-analysis/quality-rules/ca1310) [C:\Projects\Hazina\src\Core\Agents\Hazina.AgentFactory\Hazina.AgentFactory.csproj::TargetFramework=net9.0]
C:\Projects\Hazina\src\Core\Agents\Hazina.AgentFactory\Configuration\Formatters\AgentConfigFormatHelper.cs(43,40): warning CA1310: The behavior of 'string.StartsWith(string)' could vary based on the current user's locale settings. Replace this call in 'AgentConfigFormatHelper.IsLikelyJson(string)' with a call to 'string.StartsWith(string, System.StringComparison)'. (https://learn.microsoft.com/dotnet/fundamentals/code-analysis/quality-rules/ca1310) [C:\Projects\Hazina\src\Core\Agents\Hazina.AgentFactory\Hazina.AgentFactory.csproj::TargetFramework=net9.0]
C:\Projects\Hazina\src\Core\Agents\Hazina.AgentFactory\Configuration\Formatters\AgentConfigFormatHelper.cs(46,13): warning CA1310: The behavior of 'string.StartsWith(string)' could vary based on the current user's locale settings. Replace this call in 'AgentConfigFormatHelper.IsLikelyJson(string)' with a call to 'string.StartsWith(string, System.StringComparison)'. (https://learn.microsoft.com/dotnet/fundamentals/code-analysis/quality-rules/ca1310) [C:\Projects\Hazina\src\Core\Agents\Hazina.AgentFactory\Hazina.AgentFactory.csproj::TargetFramework=net9.0]
C:\Projects\Hazina\src\Core\Agents\Hazina.AgentFactory\Configuration\Formatters\AgentConfigFormatHelper.cs(46,41): warning CA1307: 'string.Contains(string)' has a method overload that takes a 'StringComparison' parameter. Replace this call in 'AgentConfigFormatHelper.IsLikelyJson(string)' with a call to 'string.Contains(string, System.StringComparison)' for clarity of intent. (https://learn.microsoft.com/dotnet/fundamentals/code-analysis/quality-rules/ca1307) [C:\Projects\Hazina\src\Core\Agents\Hazina.AgentFactory\Hazina.AgentFactory.csproj::TargetFramework=net9.0]
C:\Projects\Hazina\src\Core\Agents\Hazina.AgentFactory\Configuration\Formatters\AgentConfigFormatHelper.cs(46,66): warning CA1307: 'string.Contains(string)' has a method overload that takes a 'StringComparison' parameter. Replace this call in 'AgentConfigFormatHelper.IsLikelyJson(string)' with a call to 'string.Contains(string, System.StringComparison)' for clarity of intent. (https://learn.microsoft.com/dotnet/fundamentals/code-analysis/quality-rules/ca1307) [C:\Projects\Hazina\src\Core\Agents\Hazina.AgentFactory\Hazina.AgentFactory.csproj::TargetFramework=net9.0]
C:\Projects\Hazina\src\Core\Agents\Hazina.AgentFactory\Configuration\Formatters\AgentConfigFormatHelper.cs(49,13): warning CA1310: The behavior of 'string.StartsWith(string)' could vary based on the current user's locale settings. Replace this call in 'AgentConfigFormatHelper.IsLikelyJson(string)' with a call to 'string.StartsWith(string, System.StringComparison)'. (https://learn.microsoft.com/dotnet/fundamentals/code-analysis/quality-rules/ca1310) [C:\Projects\Hazina\src\Core\Agents\Hazina.AgentFactory\Hazina.AgentFactory.csproj::TargetFramework=net9.0]
C:\Projects\Hazina\src\Core\Agents\Hazina.AgentFactory\Configuration\Formatters\AgentConfigFormatHelper.cs(49,9): warning MA0140: Both if and else branch have identical code (https://github.com/meziantou/Meziantou.Analyzer/blob/main/docs/Rules/MA0140.md) [C:\Projects\Hazina\src\Core\Agents\Hazina.AgentFactory\Hazina.AgentFactory.csproj::TargetFramework=net9.0]
C:\Projects\Hazina\src\Core\Agents\Hazina.AgentFactory\Models\FlowCardModels.cs(39,44): warning SA1501: Statement should not be on a single line (https://github.com/DotNetAnalyzers/StyleCopAnalyzers/blob/master/documentation/SA1501.md) [C:\Projects\Hazina\src\Core\Agents\Hazina.AgentFactory\Hazina.AgentFactory.csproj::TargetFramework=net9.0]
C:\Projects\Hazina\src\Core\Agents\Hazina.AgentFactory\Models\FlowCardModels.cs(39,70): warning SA1107: Code should not contain multiple statements on one line (https://github.com/DotNetAnalyzers/StyleCopAnalyzers/blob/master/documentation/SA1107.md) [C:\Projects\Hazina\src\Core\Agents\Hazina.AgentFactory\Hazina.AgentFactory.csproj::TargetFramework=net9.0]
C:\Projects\Hazina\src\Core\Agents\Hazina.AgentFactory\Models\AgentCardModel.cs(27,96): warning SA1107: Code should not contain multiple statements on one line (https://github.com/DotNetAnalyzers/StyleCopAnalyzers/blob/master/documentation/SA1107.md) [C:\Projects\Hazina\src\Core\Agents\Hazina.AgentFactory\Hazina.AgentFactory.csproj::TargetFramework=net9.0]
C:\Projects\Hazina\src\Core\Agents\Hazina.AgentFactory\Models\FlowCardModels.cs(39,19): warning MA0006: Use string.Equals instead of NotEquals operator (https://github.com/meziantou/Meziantou.Analyzer/blob/main/docs/Rules/MA0006.md) [C:\Projects\Hazina\src\Core\Agents\Hazina.AgentFactory\Hazina.AgentFactory.csproj::TargetFramework=net9.0]
C:\Projects\Hazina\src\Core\Agents\Hazina.AgentFactory\Configuration\Formatters\StoreConfigFormatHelper.cs(43,13): warning MA0074: Use an overload of 'StartsWith' that has a StringComparison parameter (https://github.com/meziantou/Meziantou.Analyzer/blob/main/docs/Rules/MA0074.md) [C:\Projects\Hazina\src\Core\Agents\Hazina.AgentFactory\Hazina.AgentFactory.csproj::TargetFramework=net9.0]
C:\Projects\Hazina\src\Core\Agents\Hazina.AgentFactory\Configuration\Formatters\StoreConfigFormatHelper.cs(43,40): warning MA0074: Use an overload of 'StartsWith' that has a StringComparison parameter (https://github.com/meziantou/Meziantou.Analyzer/blob/main/docs/Rules/MA0074.md) [C:\Projects\Hazina\src\Core\Agents\Hazina.AgentFactory\Hazina.AgentFactory.csproj::TargetFramework=net9.0]
C:\Projects\Hazina\src\Core\Agents\Hazina.AgentFactory\Configuration\Formatters\StoreConfigFormatHelper.cs(46,13): warning MA0074: Use an overload of 'StartsWith' that has a StringComparison parameter (https://github.com/meziantou/Meziantou.Analyzer/blob/main/docs/Rules/MA0074.md) [C:\Projects\Hazina\src\Core\Agents\Hazina.AgentFactory\Hazina.AgentFactory.csproj::TargetFramework=net9.0]
C:\Projects\Hazina\src\Core\Agents\Hazina.AgentFactory\Configuration\Formatters\StoreConfigFormatHelper.cs(49,13): warning MA0074: Use an overload of 'StartsWith' that has a StringComparison parameter (https://github.com/meziantou/Meziantou.Analyzer/blob/main/docs/Rules/MA0074.md) [C:\Projects\Hazina\src\Core\Agents\Hazina.AgentFactory\Hazina.AgentFactory.csproj::TargetFramework=net9.0]
C:\Projects\Hazina\src\Core\Agents\Hazina.AgentFactory\Configuration\Formatters\AgentConfigFormatHelper.cs(43,13): warning MA0074: Use an overload of 'StartsWith' that has a StringComparison parameter (https://github.com/meziantou/Meziantou.Analyzer/blob/main/docs/Rules/MA0074.md) [C:\Projects\Hazina\src\Core\Agents\Hazina.AgentFactory\Hazina.AgentFactory.csproj::TargetFramework=net9.0]
C:\Projects\Hazina\src\Core\Agents\Hazina.AgentFactory\Configuration\Formatters\AgentConfigFormatHelper.cs(43,40): warning MA0074: Use an overload of 'StartsWith' that has a StringComparison parameter (https://github.com/meziantou/Meziantou.Analyzer/blob/main/docs/Rules/MA0074.md) [C:\Projects\Hazina\src\Core\Agents\Hazina.AgentFactory\Hazina.AgentFactory.csproj::TargetFramework=net9.0]
C:\Projects\Hazina\src\Core\Agents\Hazina.AgentFactory\Models\AgentCardModel.cs(28,102): warning SA1107: Code should not contain multiple statements on one line (https://github.com/DotNetAnalyzers/StyleCopAnalyzers/blob/master/documentation/SA1107.md) [C:\Projects\Hazina\src\Core\Agents\Hazina.AgentFactory\Hazina.AgentFactory.csproj::TargetFramework=net9.0]
C:\Projects\Hazina\src\Core\Agents\Hazina.AgentFactory\Models\AgentCardModel.cs(29,99): warning SA1107: Code should not contain multiple statements on one line (https://github.com/DotNetAnalyzers/StyleCopAnalyzers/blob/master/documentation/SA1107.md) [C:\Projects\Hazina\src\Core\Agents\Hazina.AgentFactory\Hazina.AgentFactory.csproj::TargetFramework=net9.0]
C:\Projects\Hazina\src\Core\Agents\Hazina.AgentFactory\Configuration\Formatters\AgentConfigFormatHelper.cs(46,13): warning MA0074: Use an overload of 'StartsWith' that has a StringComparison parameter (https://github.com/meziantou/Meziantou.Analyzer/blob/main/docs/Rules/MA0074.md) [C:\Projects\Hazina\src\Core\Agents\Hazina.AgentFactory\Hazina.AgentFactory.csproj::TargetFramework=net9.0]
C:\Projects\Hazina\src\Core\Agents\Hazina.AgentFactory\Configuration\Parsers\HazinaAgentConfigParser.cs(163,13): warning CA1305: The behavior of 'StringBuilder.AppendLine(ref StringBuilder.AppendInterpolatedStringHandler)' could vary based on the current user's locale settings. Replace this call in 'HazinaFlowConfigParser.Serialize(IEnumerable<FlowConfig>)' with a call to 'StringBuilder.AppendLine(IFormatProvider, ref StringBuilder.AppendInterpolatedStringHandler)'. (https://learn.microsoft.com/dotnet/fundamentals/code-analysis/quality-rules/ca1305) [C:\Projects\Hazina\src\Core\Agents\Hazina.AgentFactory\Hazina.AgentFactory.csproj::TargetFramework=net9.0]
C:\Projects\Hazina\src\Core\Agents\Hazina.AgentFactory\Configuration\Formatters\AgentConfigFormatHelper.cs(49,13): warning MA0074: Use an overload of 'StartsWith' that has a StringComparison parameter (https://github.com/meziantou/Meziantou.Analyzer/blob/main/docs/Rules/MA0074.md) [C:\Projects\Hazina\src\Core\Agents\Hazina.AgentFactory\Hazina.AgentFactory.csproj::TargetFramework=net9.0]
C:\Projects\Hazina\src\Core\Agents\Hazina.AgentFactory\Configuration\Parsers\HazinaAgentConfigParser.cs(164,13): warning CA1305: The behavior of 'StringBuilder.AppendLine(ref StringBuilder.AppendInterpolatedStringHandler)' could vary based on the current user's locale settings. Replace this call in 'HazinaFlowConfigParser.Serialize(IEnumerable<FlowConfig>)' with a call to 'StringBuilder.AppendLine(IFormatProvider, ref StringBuilder.AppendInterpolatedStringHandler)'. (https://learn.microsoft.com/dotnet/fundamentals/code-analysis/quality-rules/ca1305) [C:\Projects\Hazina\src\Core\Agents\Hazina.AgentFactory\Hazina.AgentFactory.csproj::TargetFramework=net9.0]
C:\Projects\Hazina\src\Core\Agents\Hazina.AgentFactory\Configuration\Parsers\HazinaAgentConfigParser.cs(165,13): warning CA1305: The behavior of 'StringBuilder.AppendLine(ref StringBuilder.AppendInterpolatedStringHandler)' could vary based on the current user's locale settings. Replace this call in 'HazinaFlowConfigParser.Serialize(IEnumerable<FlowConfig>)' with a call to 'StringBuilder.AppendLine(IFormatProvider, ref StringBuilder.AppendInterpolatedStringHandler)'. (https://learn.microsoft.com/dotnet/fundamentals/code-analysis/quality-rules/ca1305) [C:\Projects\Hazina\src\Core\Agents\Hazina.AgentFactory\Hazina.AgentFactory.csproj::TargetFramework=net9.0]
C:\Projects\Hazina\src\Core\Agents\Hazina.AgentFactory\Models\FlowCardModels.cs(51,17): warning CA1062: In externally visible method 'FlowCardModel.FlowCardModel(FlowConfig flow)', validate parameter 'flow' is non-null before using it. If appropriate, throw an 'ArgumentNullException' when the argument is 'null'. (https://learn.microsoft.com/dotnet/fundamentals/code-analysis/quality-rules/ca1062) [C:\Projects\Hazina\src\Core\Agents\Hazina.AgentFactory\Hazina.AgentFactory.csproj::TargetFramework=net9.0]
C:\Projects\Hazina\src\Core\Agents\Hazina.AgentFactory\Models\FlowCardModels.cs(120,21): warning SA1503: Braces should not be omitted (https://github.com/DotNetAnalyzers/StyleCopAnalyzers/blob/master/documentation/SA1503.md) [C:\Projects\Hazina\src\Core\Agents\Hazina.AgentFactory\Hazina.AgentFactory.csproj::TargetFramework=net9.0]
C:\Projects\Hazina\src\Core\Agents\Hazina.AgentFactory\Models\FlowCardModels.cs(60,56): warning SA1629: Documentation text should end with a period (https://github.com/DotNetAnalyzers/StyleCopAnalyzers/blob/master/documentation/SA1629.md) [C:\Projects\Hazina\src\Core\Agents\Hazina.AgentFactory\Hazina.AgentFactory.csproj::TargetFramework=net9.0]
C:\Projects\Hazina\src\Core\Agents\Hazina.AgentFactory\Models\AgentCardModel.cs(30,87): warning SA1107: Code should not contain multiple statements on one line (https://github.com/DotNetAnalyzers/StyleCopAnalyzers/blob/master/documentation/SA1107.md) [C:\Projects\Hazina\src\Core\Agents\Hazina.AgentFactory\Hazina.AgentFactory.csproj::TargetFramework=net9.0]
C:\Projects\Hazina\src\Core\Agents\Hazina.AgentFactory\Services\Tools\ToolRegistrationService.cs(80,13): warning MA0002: Use an overload that has a IEqualityComparer<string> or IComparer<string> parameter (https://github.com/meziantou/Meziantou.Analyzer/blob/main/docs/Rules/MA0002.md) [C:\Projects\Hazina\src\Core\Agents\Hazina.AgentFactory\Hazina.AgentFactory.csproj::TargetFramework=net9.0]
C:\Projects\Hazina\src\Core\Agents\Hazina.AgentFactory\Services\Tools\ToolRegistrationService.cs(84,13): warning MA0002: Use an overload that has a IEqualityComparer<string> or IComparer<string> parameter (https://github.com/meziantou/Meziantou.Analyzer/blob/main/docs/Rules/MA0002.md) [C:\Projects\Hazina\src\Core\Agents\Hazina.AgentFactory\Hazina.AgentFactory.csproj::TargetFramework=net9.0]
C:\Projects\Hazina\src\Core\Agents\Hazina.AgentFactory\Core\AgentFactoryExtensions.cs(1,1): warning SA1633: The file header is missing or not located at the top of the file. (https://github.com/DotNetAnalyzers/StyleCopAnalyzers/blob/master/documentation/SA1633.md) [C:\Projects\Hazina\src\Core\Agents\Hazina.AgentFactory\Hazina.AgentFactory.csproj::TargetFramework=net9.0]
C:\Projects\Hazina\src\Core\Agents\Hazina.AgentFactory\Services\Tools\ToolRegistrationService.cs(88,13): warning MA0002: Use an overload that has a IEqualityComparer<string> or IComparer<string> parameter (https://github.com/meziantou/Meziantou.Analyzer/blob/main/docs/Rules/MA0002.md) [C:\Projects\Hazina\src\Core\Agents\Hazina.AgentFactory\Hazina.AgentFactory.csproj::TargetFramework=net9.0]
C:\Projects\Hazina\src\Core\Agents\Hazina.AgentFactory\Configuration\Parsers\HazinaAgentConfigParser.cs(161,31): warning CA1062: In externally visible method 'string HazinaFlowConfigParser.Serialize(IEnumerable<FlowConfig> agents)', validate parameter 'agents' is non-null before using it. If appropriate, throw an 'ArgumentNullException' when the argument is 'null'. (https://learn.microsoft.com/dotnet/fundamentals/code-analysis/quality-rules/ca1062) [C:\Projects\Hazina\src\Core\Agents\Hazina.AgentFactory\Hazina.AgentFactory.csproj::TargetFramework=net9.0]
C:\Projects\Hazina\src\Core\Agents\Hazina.AgentFactory\Models\AgentCardModel.cs(31,86): warning SA1107: Code should not contain multiple statements on one line (https://github.com/DotNetAnalyzers/StyleCopAnalyzers/blob/master/documentation/SA1107.md) [C:\Projects\Hazina\src\Core\Agents\Hazina.AgentFactory\Hazina.AgentFactory.csproj::TargetFramework=net9.0]
C:\Projects\Hazina\src\Core\Agents\Hazina.AgentFactory\Models\FlowCardModels.cs(134,13): warning SA1503: Braces should not be omitted (https://github.com/DotNetAnalyzers/StyleCopAnalyzers/blob/master/documentation/SA1503.md) [C:\Projects\Hazina\src\Core\Agents\Hazina.AgentFactory\Hazina.AgentFactory.csproj::TargetFramework=net9.0]
C:\Projects\Hazina\src\Core\Agents\Hazina.AgentFactory\Models\AgentCardModel.cs(32,93): warning SA1107: Code should not contain multiple statements on one line (https://github.com/DotNetAnalyzers/StyleCopAnalyzers/blob/master/documentation/SA1107.md) [C:\Projects\Hazina\src\Core\Agents\Hazina.AgentFactory\Hazina.AgentFactory.csproj::TargetFramework=net9.0]
C:\Projects\Hazina\src\Core\Agents\Hazina.AgentFactory\Configuration\Parsers\HazinaStoreConfigParser.cs(15,13): warning CA1305: The behavior of 'StringBuilder.AppendLine(ref StringBuilder.AppendInterpolatedStringHandler)' could vary based on the current user's locale settings. Replace this call in 'HazinaStoreConfigParser.Serialize(IEnumerable<StoreConfig>)' with a call to 'StringBuilder.AppendLine(IFormatProvider, ref StringBuilder.AppendInterpolatedStringHandler)'. (https://learn.microsoft.com/dotnet/fundamentals/code-analysis/quality-rules/ca1305) [C:\Projects\Hazina\src\Core\Agents\Hazina.AgentFactory\Hazina.AgentFactory.csproj::TargetFramework=net9.0]
C:\Projects\Hazina\src\Core\Agents\Hazina.AgentFactory\Configuration\Parsers\HazinaStoreConfigParser.cs(16,13): warning CA1305: The behavior of 'StringBuilder.AppendLine(ref StringBuilder.AppendInterpolatedStringHandler)' could vary based on the current user's locale settings. Replace this call in 'HazinaStoreConfigParser.Serialize(IEnumerable<StoreConfig>)' with a call to 'StringBuilder.AppendLine(IFormatProvider, ref StringBuilder.AppendInterpolatedStringHandler)'. (https://learn.microsoft.com/dotnet/fundamentals/code-analysis/quality-rules/ca1305) [C:\Projects\Hazina\src\Core\Agents\Hazina.AgentFactory\Hazina.AgentFactory.csproj::TargetFramework=net9.0]
C:\Projects\Hazina\src\Core\Agents\Hazina.AgentFactory\Configuration\Parsers\HazinaStoreConfigParser.cs(17,13): warning CA1305: The behavior of 'StringBuilder.AppendLine(ref StringBuilder.AppendInterpolatedStringHandler)' could vary based on the current user's locale settings. Replace this call in 'HazinaStoreConfigParser.Serialize(IEnumerable<StoreConfig>)' with a call to 'StringBuilder.AppendLine(IFormatProvider, ref StringBuilder.AppendInterpolatedStringHandler)'. (https://learn.microsoft.com/dotnet/fundamentals/code-analysis/quality-rules/ca1305) [C:\Projects\Hazina\src\Core\Agents\Hazina.AgentFactory\Hazina.AgentFactory.csproj::TargetFramework=net9.0]
C:\Projects\Hazina\src\Core\Agents\Hazina.AgentFactory\Configuration\Parsers\HazinaStoreConfigParser.cs(18,13): warning CA1305: The behavior of 'StringBuilder.AppendLine(ref StringBuilder.AppendInterpolatedStringHandler)' could vary based on the current user's locale settings. Replace this call in 'HazinaStoreConfigParser.Serialize(IEnumerable<StoreConfig>)' with a call to 'StringBuilder.AppendLine(IFormatProvider, ref StringBuilder.AppendInterpolatedStringHandler)'. (https://learn.microsoft.com/dotnet/fundamentals/code-analysis/quality-rules/ca1305) [C:\Projects\Hazina\src\Core\Agents\Hazina.AgentFactory\Hazina.AgentFactory.csproj::TargetFramework=net9.0]
C:\Projects\Hazina\src\Core\Agents\Hazina.AgentFactory\Configuration\Parsers\HazinaStoreConfigParser.cs(19,13): warning CA1305: The behavior of 'StringBuilder.AppendLine(ref StringBuilder.AppendInterpolatedStringHandler)' could vary based on the current user's locale settings. Replace this call in 'HazinaStoreConfigParser.Serialize(IEnumerable<StoreConfig>)' with a call to 'StringBuilder.AppendLine(IFormatProvider, ref StringBuilder.AppendInterpolatedStringHandler)'. (https://learn.microsoft.com/dotnet/fundamentals/code-analysis/quality-rules/ca1305) [C:\Projects\Hazina\src\Core\Agents\Hazina.AgentFactory\Hazina.AgentFactory.csproj::TargetFramework=net9.0]
C:\Projects\Hazina\src\Core\Agents\Hazina.AgentFactory\Configuration\Parsers\HazinaStoreConfigParser.cs(20,13): warning CA1305: The behavior of 'StringBuilder.AppendLine(ref StringBuilder.AppendInterpolatedStringHandler)' could vary based on the current user's locale settings. Replace this call in 'HazinaStoreConfigParser.Serialize(IEnumerable<StoreConfig>)' with a call to 'StringBuilder.AppendLine(IFormatProvider, ref StringBuilder.AppendInterpolatedStringHandler)'. (https://learn.microsoft.com/dotnet/fundamentals/code-analysis/quality-rules/ca1305) [C:\Projects\Hazina\src\Core\Agents\Hazina.AgentFactory\Hazina.AgentFactory.csproj::TargetFramework=net9.0]
C:\Projects\Hazina\src\Core\Agents\Hazina.AgentFactory\Services\Tools\ToolRegistrationService.cs(80,13): warning CA1851: Possible multiple enumerations of 'IEnumerable' collection. Consider using an implementation that avoids multiple enumerations. (https://learn.microsoft.com/dotnet/fundamentals/code-analysis/quality-rules/ca1851) [C:\Projects\Hazina\src\Core\Agents\Hazina.AgentFactory\Hazina.AgentFactory.csproj::TargetFramework=net9.0]
C:\Projects\Hazina\src\Core\Agents\Hazina.AgentFactory\Services\Tools\ToolRegistrationService.cs(84,13): warning CA1851: Possible multiple enumerations of 'IEnumerable' collection. Consider using an implementation that avoids multiple enumerations. (https://learn.microsoft.com/dotnet/fundamentals/code-analysis/quality-rules/ca1851) [C:\Projects\Hazina\src\Core\Agents\Hazina.AgentFactory\Hazina.AgentFactory.csproj::TargetFramework=net9.0]
C:\Projects\Hazina\src\Core\Agents\Hazina.AgentFactory\Services\Tools\ToolRegistrationService.cs(88,13): warning CA1851: Possible multiple enumerations of 'IEnumerable' collection. Consider using an implementation that avoids multiple enumerations. (https://learn.microsoft.com/dotnet/fundamentals/code-analysis/quality-rules/ca1851) [C:\Projects\Hazina\src\Core\Agents\Hazina.AgentFactory\Hazina.AgentFactory.csproj::TargetFramework=net9.0]
C:\Projects\Hazina\src\Core\Agents\Hazina.AgentFactory\Core\AgentManager.cs(1,1): warning SA1633: The file header is missing or not located at the top of the file. (https://github.com/DotNetAnalyzers/StyleCopAnalyzers/blob/master/documentation/SA1633.md) [C:\Projects\Hazina\src\Core\Agents\Hazina.AgentFactory\Hazina.AgentFactory.csproj::TargetFramework=net9.0]
C:\Projects\Hazina\src\Core\Agents\Hazina.AgentFactory\Core\AgentManager.cs(100,10): warning SA1513: Closing brace should be followed by blank line (https://github.com/DotNetAnalyzers/StyleCopAnalyzers/blob/master/documentation/SA1513.md) [C:\Projects\Hazina\src\Core\Agents\Hazina.AgentFactory\Hazina.AgentFactory.csproj::TargetFramework=net9.0]
C:\Projects\Hazina\src\Core\Agents\Hazina.AgentFactory\Core\AgentManager.cs(109,6): warning SA1513: Closing brace should be followed by blank line (https://github.com/DotNetAnalyzers/StyleCopAnalyzers/blob/master/documentation/SA1513.md) [C:\Projects\Hazina\src\Core\Agents\Hazina.AgentFactory\Hazina.AgentFactory.csproj::TargetFramework=net9.0]
C:\Projects\Hazina\src\Core\Agents\Hazina.AgentFactory\Core\AgentManager.cs(131,10): warning SA1513: Closing brace should be followed by blank line (https://github.com/DotNetAnalyzers/StyleCopAnalyzers/blob/master/documentation/SA1513.md) [C:\Projects\Hazina\src\Core\Agents\Hazina.AgentFactory\Hazina.AgentFactory.csproj::TargetFramework=net9.0]
C:\Projects\Hazina\src\Core\Agents\Hazina.AgentFactory\Core\AgentManager.cs(144,14): warning SA1513: Closing brace should be followed by blank line (https://github.com/DotNetAnalyzers/StyleCopAnalyzers/blob/master/documentation/SA1513.md) [C:\Projects\Hazina\src\Core\Agents\Hazina.AgentFactory\Hazina.AgentFactory.csproj::TargetFramework=net9.0]
C:\Projects\Hazina\src\Core\Agents\Hazina.AgentFactory\Core\AgentManager.cs(187,10): warning SA1513: Closing brace should be followed by blank line (https://github.com/DotNetAnalyzers/StyleCopAnalyzers/blob/master/documentation/SA1513.md) [C:\Projects\Hazina\src\Core\Agents\Hazina.AgentFactory\Hazina.AgentFactory.csproj::TargetFramework=net9.0]
C:\Projects\Hazina\src\Core\Agents\Hazina.AgentFactory\Models\AgentCardModel.cs(33,95): warning SA1107: Code should not contain multiple statements on one line (https://github.com/DotNetAnalyzers/StyleCopAnalyzers/blob/master/documentation/SA1107.md) [C:\Projects\Hazina\src\Core\Agents\Hazina.AgentFactory\Hazina.AgentFactory.csproj::TargetFramework=net9.0]
C:\Projects\Hazina\src\Core\Agents\Hazina.AgentFactory\Configuration\Parsers\HazinaAgentConfigParser.cs(174,36): warning CA1002: Change 'List<FlowConfig>' in 'HazinaFlowConfigParser.Parse(string)' to use 'Collection<T>', 'ReadOnlyCollection<T>' or 'KeyedCollection<K,V>' (https://learn.microsoft.com/dotnet/fundamentals/code-analysis/quality-rules/ca1002) [C:\Projects\Hazina\src\Core\Agents\Hazina.AgentFactory\Hazina.AgentFactory.csproj::TargetFramework=net9.0]
C:\Projects\Hazina\src\Core\Agents\Hazina.AgentFactory\Configuration\Parsers\HazinaAgentConfigParser.cs(174,19): warning MA0016: Prefer using collection abstraction instead of implementation (https://github.com/meziantou/Meziantou.Analyzer/blob/main/docs/Rules/MA0016.md) [C:\Projects\Hazina\src\Core\Agents\Hazina.AgentFactory\Hazina.AgentFactory.csproj::TargetFramework=net9.0]
C:\Projects\Hazina\src\Core\Agents\Hazina.AgentFactory\Models\GitOutput.cs(131,75): warning SA1503: Braces should not be omitted (https://github.com/DotNetAnalyzers/StyleCopAnalyzers/blob/master/documentation/SA1503.md) [C:\Projects\Hazina\src\Core\Agents\Hazina.AgentFactory\Hazina.AgentFactory.csproj::TargetFramework=net9.0]
C:\Projects\Hazina\src\Core\Agents\Hazina.AgentFactory\Models\GitOutput.cs(132,74): warning SA1503: Braces should not be omitted (https://github.com/DotNetAnalyzers/StyleCopAnalyzers/blob/master/documentation/SA1503.md) [C:\Projects\Hazina\src\Core\Agents\Hazina.AgentFactory\Hazina.AgentFactory.csproj::TargetFramework=net9.0]
C:\Projects\Hazina\src\Core\Agents\Hazina.AgentFactory\Models\GitOutput.cs(113,18): warning SA1206: The 'static' modifier should appear before 'async' (https://github.com/DotNetAnalyzers/StyleCopAnalyzers/blob/master/documentation/SA1206.md) [C:\Projects\Hazina\src\Core\Agents\Hazina.AgentFactory\Hazina.AgentFactory.csproj::TargetFramework=net9.0]
C:\Projects\Hazina\src\Core\Agents\Hazina.AgentFactory\Models\StoreEntry.cs(12,44): warning SA1501: Statement should not be on a single line (https://github.com/DotNetAnalyzers/StyleCopAnalyzers/blob/master/documentation/SA1501.md) [C:\Projects\Hazina\src\Core\Agents\Hazina.AgentFactory\Hazina.AgentFactory.csproj::TargetFramework=net9.0]
C:\Projects\Hazina\src\Core\Agents\Hazina.AgentFactory\Models\StoreEntry.cs(12,66): warning SA1107: Code should not contain multiple statements on one line (https://github.com/DotNetAnalyzers/StyleCopAnalyzers/blob/master/documentation/SA1107.md) [C:\Projects\Hazina\src\Core\Agents\Hazina.AgentFactory\Hazina.AgentFactory.csproj::TargetFramework=net9.0]
C:\Projects\Hazina\src\Core\Agents\Hazina.AgentFactory\Models\AgentCardModel.cs(34,86): warning SA1107: Code should not contain multiple statements on one line (https://github.com/DotNetAnalyzers/StyleCopAnalyzers/blob/master/documentation/SA1107.md) [C:\Projects\Hazina\src\Core\Agents\Hazina.AgentFactory\Hazina.AgentFactory.csproj::TargetFramework=net9.0]
C:\Projects\Hazina\src\Core\Agents\Hazina.AgentFactory\Models\StoreEntry.cs(17,43): warning SA1501: Statement should not be on a single line (https://github.com/DotNetAnalyzers/StyleCopAnalyzers/blob/master/documentation/SA1501.md) [C:\Projects\Hazina\src\Core\Agents\Hazina.AgentFactory\Hazina.AgentFactory.csproj::TargetFramework=net9.0]
C:\Projects\Hazina\src\Core\Agents\Hazina.AgentFactory\Core\HazinaAgent.cs(1,1): warning SA1633: The file header is missing or not located at the top of the file. (https://github.com/DotNetAnalyzers/StyleCopAnalyzers/blob/master/documentation/SA1633.md) [C:\Projects\Hazina\src\Core\Agents\Hazina.AgentFactory\Hazina.AgentFactory.csproj::TargetFramework=net9.0]
C:\Projects\Hazina\src\Core\Agents\Hazina.AgentFactory\Models\StoreEntry.cs(17,64): warning SA1107: Code should not contain multiple statements on one line (https://github.com/DotNetAnalyzers/StyleCopAnalyzers/blob/master/documentation/SA1107.md) [C:\Projects\Hazina\src\Core\Agents\Hazina.AgentFactory\Hazina.AgentFactory.csproj::TargetFramework=net9.0]
C:\Projects\Hazina\src\Core\Agents\Hazina.AgentFactory\Models\StoreEntry.cs(12,23): warning MA0006: Use string.Equals instead of NotEquals operator (https://github.com/meziantou/Meziantou.Analyzer/blob/main/docs/Rules/MA0006.md) [C:\Projects\Hazina\src\Core\Agents\Hazina.AgentFactory\Hazina.AgentFactory.csproj::TargetFramework=net9.0]
C:\Projects\Hazina\src\Core\Agents\Hazina.AgentFactory\Core\HazinaFlow.cs(1,1): warning SA1633: The file header is missing or not located at the top of the file. (https://github.com/DotNetAnalyzers/StyleCopAnalyzers/blob/master/documentation/SA1633.md) [C:\Projects\Hazina\src\Core\Agents\Hazina.AgentFactory\Hazina.AgentFactory.csproj::TargetFramework=net9.0]
C:\Projects\Hazina\src\Core\Agents\Hazina.AgentFactory\Core\HazinaFlow.cs(12,2): warning SA1518: File is required to end with a single newline character (https://github.com/DotNetAnalyzers/StyleCopAnalyzers/blob/master/documentation/SA1518.md) [C:\Projects\Hazina\src\Core\Agents\Hazina.AgentFactory\Hazina.AgentFactory.csproj::TargetFramework=net9.0]
C:\Projects\Hazina\src\Core\Agents\Hazina.AgentFactory\Models\AgentCardModel.cs(35,83): warning SA1107: Code should not contain multiple statements on one line (https://github.com/DotNetAnalyzers/StyleCopAnalyzers/blob/master/documentation/SA1107.md) [C:\Projects\Hazina\src\Core\Agents\Hazina.AgentFactory\Hazina.AgentFactory.csproj::TargetFramework=net9.0]
C:\Projects\Hazina\src\Core\Agents\Hazina.AgentFactory\Core\QuickAgentCreator.cs(1,1): warning SA1633: The file header is missing or not located at the top of the file. (https://github.com/DotNetAnalyzers/StyleCopAnalyzers/blob/master/documentation/SA1633.md) [C:\Projects\Hazina\src\Core\Agents\Hazina.AgentFactory\Hazina.AgentFactory.csproj::TargetFramework=net9.0]
C:\Projects\Hazina\src\Core\Agents\Hazina.AgentFactory\Models\GitOutput.cs(26,75): warning SA1503: Braces should not be omitted (https://github.com/DotNetAnalyzers/StyleCopAnalyzers/blob/master/documentation/SA1503.md) [C:\Projects\Hazina\src\Core\Agents\Hazina.AgentFactory\Hazina.AgentFactory.csproj::TargetFramework=net9.0]
C:\Projects\Hazina\src\Core\Agents\Hazina.AgentFactory\Models\GitOutput.cs(27,74): warning SA1503: Braces should not be omitted (https://github.com/DotNetAnalyzers/StyleCopAnalyzers/blob/master/documentation/SA1503.md) [C:\Projects\Hazina\src\Core\Agents\Hazina.AgentFactory\Hazina.AgentFactory.csproj::TargetFramework=net9.0]
C:\Projects\Hazina\src\Core\Agents\Hazina.AgentFactory\Models\GitOutput.cs(78,75): warning SA1503: Braces should not be omitted (https://github.com/DotNetAnalyzers/StyleCopAnalyzers/blob/master/documentation/SA1503.md) [C:\Projects\Hazina\src\Core\Agents\Hazina.AgentFactory\Hazina.AgentFactory.csproj::TargetFramework=net9.0]
C:\Projects\Hazina\src\Core\Agents\Hazina.AgentFactory\Models\GitOutput.cs(79,74): warning SA1503: Braces should not be omitted (https://github.com/DotNetAnalyzers/StyleCopAnalyzers/blob/master/documentation/SA1503.md) [C:\Projects\Hazina\src\Core\Agents\Hazina.AgentFactory\Hazina.AgentFactory.csproj::TargetFramework=net9.0]
C:\Projects\Hazina\src\Core\Agents\Hazina.AgentFactory\Models\GitOutput.cs(142,33): warning MA0004: Use Task.ConfigureAwait(false) if the current SynchronizationContext is not needed (https://github.com/meziantou/Meziantou.Analyzer/blob/main/docs/Rules/MA0004.md) [C:\Projects\Hazina\src\Core\Agents\Hazina.AgentFactory\Hazina.AgentFactory.csproj::TargetFramework=net9.0]
C:\Projects\Hazina\src\Core\Agents\Hazina.AgentFactory\Models\AgentCardModel.cs(36,75): warning SA1107: Code should not contain multiple statements on one line (https://github.com/DotNetAnalyzers/StyleCopAnalyzers/blob/master/documentation/SA1107.md) [C:\Projects\Hazina\src\Core\Agents\Hazina.AgentFactory\Hazina.AgentFactory.csproj::TargetFramework=net9.0]
C:\Projects\Hazina\src\Core\Agents\Hazina.AgentFactory\Core\StoresAndAgentsAndFlowLoader.cs(1,1): warning SA1633: The file header is missing or not located at the top of the file. (https://github.com/DotNetAnalyzers/StyleCopAnalyzers/blob/master/documentation/SA1633.md) [C:\Projects\Hazina\src\Core\Agents\Hazina.AgentFactory\Hazina.AgentFactory.csproj::TargetFramework=net9.0]
C:\Projects\Hazina\src\Core\Agents\Hazina.AgentFactory\Core\StoresAndAgentsAndFlowLoader.cs(68,18): warning SA1513: Closing brace should be followed by blank line (https://github.com/DotNetAnalyzers/StyleCopAnalyzers/blob/master/documentation/SA1513.md) [C:\Projects\Hazina\src\Core\Agents\Hazina.AgentFactory\Hazina.AgentFactory.csproj::TargetFramework=net9.0]
C:\Projects\Hazina\src\Core\Agents\Hazina.AgentFactory\Core\StoresAndAgentsAndFlowLoader.cs(100,10): warning SA1513: Closing brace should be followed by blank line (https://github.com/DotNetAnalyzers/StyleCopAnalyzers/blob/master/documentation/SA1513.md) [C:\Projects\Hazina\src\Core\Agents\Hazina.AgentFactory\Hazina.AgentFactory.csproj::TargetFramework=net9.0]
C:\Projects\Hazina\src\Core\Agents\Hazina.AgentFactory\Configuration\Parsers\HazinaStoreConfigParser.cs(27,37): warning CA1002: Change 'List<StoreConfig>' in 'HazinaStoreConfigParser.Parse(string)' to use 'Collection<T>', 'ReadOnlyCollection<T>' or 'KeyedCollection<K,V>' (https://learn.microsoft.com/dotnet/fundamentals/code-analysis/quality-rules/ca1002) [C:\Projects\Hazina\src\Core\Agents\Hazina.AgentFactory\Hazina.AgentFactory.csproj::TargetFramework=net9.0]
C:\Projects\Hazina\src\Core\Agents\Hazina.AgentFactory\Core\StoresAndAgentsAndFlowLoader.cs(43,9): warning SA1515: Single-line comment should be preceded by blank line (https://github.com/DotNetAnalyzers/StyleCopAnalyzers/blob/master/documentation/SA1515.md) [C:\Projects\Hazina\src\Core\Agents\Hazina.AgentFactory\Hazina.AgentFactory.csproj::TargetFramework=net9.0]
C:\Projects\Hazina\src\Core\Agents\Hazina.AgentFactory\Configuration\Parsers\HazinaStoreConfigParser.cs(27,19): warning MA0016: Prefer using collection abstraction instead of implementation (https://github.com/meziantou/Meziantou.Analyzer/blob/main/docs/Rules/MA0016.md) [C:\Projects\Hazina\src\Core\Agents\Hazina.AgentFactory\Hazina.AgentFactory.csproj::TargetFramework=net9.0]
C:\Projects\Hazina\src\Core\Agents\Hazina.AgentFactory\Models\GitOutput.cs(89,33): warning MA0004: Use Task.ConfigureAwait(false) if the current SynchronizationContext is not needed (https://github.com/meziantou/Meziantou.Analyzer/blob/main/docs/Rules/MA0004.md) [C:\Projects\Hazina\src\Core\Agents\Hazina.AgentFactory\Hazina.AgentFactory.csproj::TargetFramework=net9.0]
C:\Projects\Hazina\src\Core\Agents\Hazina.AgentFactory\Models\GitOutput.cs(37,33): warning MA0004: Use Task.ConfigureAwait(false) if the current SynchronizationContext is not needed (https://github.com/meziantou/Meziantou.Analyzer/blob/main/docs/Rules/MA0004.md) [C:\Projects\Hazina\src\Core\Agents\Hazina.AgentFactory\Hazina.AgentFactory.csproj::TargetFramework=net9.0]
C:\Projects\Hazina\src\Core\Agents\Hazina.AgentFactory\Core\StoresAndAgentsAndFlowLoader.cs(85,9): warning SA1000: The keyword 'foreach' should be followed by a space (https://github.com/DotNetAnalyzers/StyleCopAnalyzers/blob/master/documentation/SA1000.md) [C:\Projects\Hazina\src\Core\Agents\Hazina.AgentFactory\Hazina.AgentFactory.csproj::TargetFramework=net9.0]
C:\Projects\Hazina\src\Core\Agents\Hazina.AgentFactory\Models\StorePaths.cs(7,56): warning SA1503: Braces should not be omitted (https://github.com/DotNetAnalyzers/StyleCopAnalyzers/blob/master/documentation/SA1503.md) [C:\Projects\Hazina\src\Core\Agents\Hazina.AgentFactory\Hazina.AgentFactory.csproj::TargetFramework=net9.0]
C:\Projects\Hazina\src\Core\Agents\Hazina.AgentFactory\Models\StorePaths.cs(8,51): warning SA1503: Braces should not be omitted (https://github.com/DotNetAnalyzers/StyleCopAnalyzers/blob/master/documentation/SA1503.md) [C:\Projects\Hazina\src\Core\Agents\Hazina.AgentFactory\Hazina.AgentFactory.csproj::TargetFramework=net9.0]
C:\Projects\Hazina\src\Core\Agents\Hazina.AgentFactory\Configuration\Parsers\HazinaAgentConfigParser.cs(211,58): warning SA1122: Use string.Empty for empty strings (https://github.com/DotNetAnalyzers/StyleCopAnalyzers/blob/master/documentation/SA1122.md) [C:\Projects\Hazina\src\Core\Agents\Hazina.AgentFactory\Hazina.AgentFactory.csproj::TargetFramework=net9.0]
C:\Projects\Hazina\src\Core\Agents\Hazina.AgentFactory\Core\StoresAndAgentsAndFlowLoader.cs(81,13): warning SA1009: Closing parenthesis should not be preceded by a space (https://github.com/DotNetAnalyzers/StyleCopAnalyzers/blob/master/documentation/SA1009.md) [C:\Projects\Hazina\src\Core\Agents\Hazina.AgentFactory\Hazina.AgentFactory.csproj::TargetFramework=net9.0]
C:\Projects\Hazina\src\Core\Agents\Hazina.AgentFactory\Configuration\Parsers\HazinaAgentConfigParser.cs(211,22): warning CA1307: 'string.Replace(string, string?)' has a method overload that takes a 'StringComparison' parameter. Replace this call in 'HazinaFlowConfigParser.EscapeMultiline(string)' with a call to 'string.Replace(string, string?, System.StringComparison)' for clarity of intent. (https://learn.microsoft.com/dotnet/fundamentals/code-analysis/quality-rules/ca1307) [C:\Projects\Hazina\src\Core\Agents\Hazina.AgentFactory\Hazina.AgentFactory.csproj::TargetFramework=net9.0]
C:\Projects\Hazina\src\Core\Agents\Hazina.AgentFactory\Configuration\Parsers\HazinaAgentConfigParser.cs(211,22): warning CA1307: 'string.Replace(string, string?)' has a method overload that takes a 'StringComparison' parameter. Replace this call in 'HazinaFlowConfigParser.EscapeMultiline(string)' with a call to 'string.Replace(string, string?, System.StringComparison)' for clarity of intent. (https://learn.microsoft.com/dotnet/fundamentals/code-analysis/quality-rules/ca1307) [C:\Projects\Hazina\src\Core\Agents\Hazina.AgentFactory\Hazina.AgentFactory.csproj::TargetFramework=net9.0]
C:\Projects\Hazina\src\Core\Agents\Hazina.AgentFactory\Configuration\Parsers\HazinaAgentConfigParser.cs(213,68): warning CA1307: 'string.Replace(string, string?)' has a method overload that takes a 'StringComparison' parameter. Replace this call in 'HazinaFlowConfigParser.UnescapeMultiline(string)' with a call to 'string.Replace(string, string?, System.StringComparison)' for clarity of intent. (https://learn.microsoft.com/dotnet/fundamentals/code-analysis/quality-rules/ca1307) [C:\Projects\Hazina\src\Core\Agents\Hazina.AgentFactory\Hazina.AgentFactory.csproj::TargetFramework=net9.0]
C:\Projects\Hazina\src\Core\Agents\Hazina.AgentFactory\Configuration\Parsers\HazinaAgentConfigParser.cs(228,36): warning CA1002: Change 'List<FlowConfig>' in 'HazinaFlowConfigParser.LoadFromFile(string)' to use 'Collection<T>', 'ReadOnlyCollection<T>' or 'KeyedCollection<K,V>' (https://learn.microsoft.com/dotnet/fundamentals/code-analysis/quality-rules/ca1002) [C:\Projects\Hazina\src\Core\Agents\Hazina.AgentFactory\Hazina.AgentFactory.csproj::TargetFramework=net9.0]
C:\Projects\Hazina\src\Core\Agents\Hazina.AgentFactory\Configuration\Parsers\HazinaAgentConfigParser.cs(228,19): warning MA0016: Prefer using collection abstraction instead of implementation (https://github.com/meziantou/Meziantou.Analyzer/blob/main/docs/Rules/MA0016.md) [C:\Projects\Hazina\src\Core\Agents\Hazina.AgentFactory\Hazina.AgentFactory.csproj::TargetFramework=net9.0]
C:\Projects\Hazina\src\Core\Agents\Hazina.AgentFactory\Models\AgentCardModel.cs(42,12): warning MA0026: TODO Implement add/remove logic and helper methods, following FlowCardModel patterns (https://github.com/meziantou/Meziantou.Analyzer/blob/main/docs/Rules/MA0026.md) [C:\Projects\Hazina\src\Core\Agents\Hazina.AgentFactory\Hazina.AgentFactory.csproj::TargetFramework=net9.0]
C:\Projects\Hazina\src\Core\Agents\Hazina.AgentFactory\Models\AgentCardModel.cs(42,12): warning S1135: Complete the task associated to this 'TODO' comment. (https://rules.sonarsource.com/csharp/RSPEC-1135) [C:\Projects\Hazina\src\Core\Agents\Hazina.AgentFactory\Hazina.AgentFactory.csproj::TargetFramework=net9.0]
C:\Projects\Hazina\src\Core\Agents\Hazina.AgentFactory\Models\AgentCardModel.cs(1,1): warning SA1633: The file header is missing or not located at the top of the file. (https://github.com/DotNetAnalyzers/StyleCopAnalyzers/blob/master/documentation/SA1633.md) [C:\Projects\Hazina\src\Core\Agents\Hazina.AgentFactory\Hazina.AgentFactory.csproj::TargetFramework=net9.0]
C:\Projects\Hazina\src\Core\Agents\Hazina.AgentFactory\Configuration\Parsers\HazinaAgentConfigParser.cs(37,37): warning CA1002: Change 'List<AgentConfig>' in 'HazinaAgentConfigParser.Parse(string)' to use 'Collection<T>', 'ReadOnlyCollection<T>' or 'KeyedCollection<K,V>' (https://learn.microsoft.com/dotnet/fundamentals/code-analysis/quality-rules/ca1002) [C:\Projects\Hazina\src\Core\Agents\Hazina.AgentFactory\Hazina.AgentFactory.csproj::TargetFramework=net9.0]
C:\Projects\Hazina\src\Core\Agents\Hazina.AgentFactory\Configuration\Parsers\HazinaAgentConfigParser.cs(37,19): warning MA0016: Prefer using collection abstraction instead of implementation (https://github.com/meziantou/Meziantou.Analyzer/blob/main/docs/Rules/MA0016.md) [C:\Projects\Hazina\src\Core\Agents\Hazina.AgentFactory\Hazina.AgentFactory.csproj::TargetFramework=net9.0]
C:\Projects\Hazina\src\Core\Agents\Hazina.AgentFactory\Models\GitOutput.cs(97,17): warning CA1031: Modify 'GetNpmOutputAsync' to catch a more specific allowed exception type, or rethrow the exception (https://learn.microsoft.com/dotnet/fundamentals/code-analysis/quality-rules/ca1031) [C:\Projects\Hazina\src\Core\Agents\Hazina.AgentFactory\Hazina.AgentFactory.csproj::TargetFramework=net9.0]
C:\Projects\Hazina\src\Core\Agents\Hazina.AgentFactory\Models\GitOutput.cs(150,17): warning CA1031: Modify 'GetDotNetOutput' to catch a more specific allowed exception type, or rethrow the exception (https://learn.microsoft.com/dotnet/fundamentals/code-analysis/quality-rules/ca1031) [C:\Projects\Hazina\src\Core\Agents\Hazina.AgentFactory\Hazina.AgentFactory.csproj::TargetFramework=net9.0]
C:\Projects\Hazina\src\Core\Agents\Hazina.AgentFactory\Models\GitOutput.cs(45,17): warning CA1031: Modify 'GetGitOutput' to catch a more specific allowed exception type, or rethrow the exception (https://learn.microsoft.com/dotnet/fundamentals/code-analysis/quality-rules/ca1031) [C:\Projects\Hazina\src\Core\Agents\Hazina.AgentFactory\Hazina.AgentFactory.csproj::TargetFramework=net9.0]
C:\Projects\Hazina\src\Core\Agents\Hazina.AgentFactory\Models\AgentsCardsBindingModel.cs(1,1): warning S125: Remove this commented out code. (https://rules.sonarsource.com/csharp/RSPEC-125) [C:\Projects\Hazina\src\Core\Agents\Hazina.AgentFactory\Hazina.AgentFactory.csproj::TargetFramework=net9.0]
C:\Projects\Hazina\src\Core\Agents\Hazina.AgentFactory\Models\AgentsCardsBindingModel.cs(1,1): warning SA1633: The file header XML is invalid. (https://github.com/DotNetAnalyzers/StyleCopAnalyzers/blob/master/documentation/SA1633.md) [C:\Projects\Hazina\src\Core\Agents\Hazina.AgentFactory\Hazina.AgentFactory.csproj::TargetFramework=net9.0]
C:\Projects\Hazina\src\Core\Agents\Hazina.AgentFactory\Models\AgentsCardsBindingModel.cs(1,1): warning SA1005: Single line comment should begin with a space (https://github.com/DotNetAnalyzers/StyleCopAnalyzers/blob/master/documentation/SA1005.md) [C:\Projects\Hazina\src\Core\Agents\Hazina.AgentFactory\Hazina.AgentFactory.csproj::TargetFramework=net9.0]
C:\Projects\Hazina\src\Core\Agents\Hazina.AgentFactory\Models\AgentsCardsBindingModel.cs(2,1): warning SA1005: Single line comment should begin with a space (https://github.com/DotNetAnalyzers/StyleCopAnalyzers/blob/master/documentation/SA1005.md) [C:\Projects\Hazina\src\Core\Agents\Hazina.AgentFactory\Hazina.AgentFactory.csproj::TargetFramework=net9.0]
C:\Projects\Hazina\src\Core\Agents\Hazina.AgentFactory\Models\AgentsCardsBindingModel.cs(3,1): warning SA1005: Single line comment should begin with a space (https://github.com/DotNetAnalyzers/StyleCopAnalyzers/blob/master/documentation/SA1005.md) [C:\Projects\Hazina\src\Core\Agents\Hazina.AgentFactory\Hazina.AgentFactory.csproj::TargetFramework=net9.0]
C:\Projects\Hazina\src\Core\Agents\Hazina.AgentFactory\Models\AgentsCardsBindingModel.cs(4,1): warning SA1005: Single line comment should begin with a space (https://github.com/DotNetAnalyzers/StyleCopAnalyzers/blob/master/documentation/SA1005.md) [C:\Projects\Hazina\src\Core\Agents\Hazina.AgentFactory\Hazina.AgentFactory.csproj::TargetFramework=net9.0]
C:\Projects\Hazina\src\Core\Agents\Hazina.AgentFactory\Models\AgentsCardsBindingModel.cs(5,1): warning SA1005: Single line comment should begin with a space (https://github.com/DotNetAnalyzers/StyleCopAnalyzers/blob/master/documentation/SA1005.md) [C:\Projects\Hazina\src\Core\Agents\Hazina.AgentFactory\Hazina.AgentFactory.csproj::TargetFramework=net9.0]
C:\Projects\Hazina\src\Core\Agents\Hazina.AgentFactory\Models\AgentsCardsBindingModel.cs(6,1): warning SA1005: Single line comment should begin with a space (https://github.com/DotNetAnalyzers/StyleCopAnalyzers/blob/master/documentation/SA1005.md) [C:\Projects\Hazina\src\Core\Agents\Hazina.AgentFactory\Hazina.AgentFactory.csproj::TargetFramework=net9.0]
C:\Projects\Hazina\src\Core\Agents\Hazina.AgentFactory\Models\AgentsCardsBindingModel.cs(8,1): warning SA1005: Single line comment should begin with a space (https://github.com/DotNetAnalyzers/StyleCopAnalyzers/blob/master/documentation/SA1005.md) [C:\Projects\Hazina\src\Core\Agents\Hazina.AgentFactory\Hazina.AgentFactory.csproj::TargetFramework=net9.0]
C:\Projects\Hazina\src\Core\Agents\Hazina.AgentFactory\Models\AgentsCardsBindingModel.cs(20,1): warning SA1005: Single line comment should begin with a space (https://github.com/DotNetAnalyzers/StyleCopAnalyzers/blob/master/documentation/SA1005.md) [C:\Projects\Hazina\src\Core\Agents\Hazina.AgentFactory\Hazina.AgentFactory.csproj::TargetFramework=net9.0]
C:\Projects\Hazina\src\Core\Agents\Hazina.AgentFactory\Models\AgentsCardsBindingModel.cs(53,1): warning SA1005: Single line comment should begin with a space (https://github.com/DotNetAnalyzers/StyleCopAnalyzers/blob/master/documentation/SA1005.md) [C:\Projects\Hazina\src\Core\Agents\Hazina.AgentFactory\Hazina.AgentFactory.csproj::TargetFramework=net9.0]
C:\Projects\Hazina\src\Core\Agents\Hazina.AgentFactory\Models\AgentsCardsBindingModel.cs(58,1): warning SA1005: Single line comment should begin with a space (https://github.com/DotNetAnalyzers/StyleCopAnalyzers/blob/master/documentation/SA1005.md) [C:\Projects\Hazina\src\Core\Agents\Hazina.AgentFactory\Hazina.AgentFactory.csproj::TargetFramework=net9.0]
C:\Projects\Hazina\src\Core\Agents\Hazina.AgentFactory\Models\BuildOutput.cs(27,13): warning S125: Remove this commented out code. (https://rules.sonarsource.com/csharp/RSPEC-125) [C:\Projects\Hazina\src\Core\Agents\Hazina.AgentFactory\Hazina.AgentFactory.csproj::TargetFramework=net9.0]
C:\Projects\Hazina\src\Core\Agents\Hazina.AgentFactory\Models\BuildOutput.cs(1,1): warning SA1633: The file header XML is invalid. (https://github.com/DotNetAnalyzers/StyleCopAnalyzers/blob/master/documentation/SA1633.md) [C:\Projects\Hazina\src\Core\Agents\Hazina.AgentFactory\Hazina.AgentFactory.csproj::TargetFramework=net9.0]
C:\Projects\Hazina\src\Core\Agents\Hazina.AgentFactory\Models\BuildOutput.cs(30,13): warning SA1512: Single-line comments should not be followed by blank line (https://github.com/DotNetAnalyzers/StyleCopAnalyzers/blob/master/documentation/SA1512.md) [C:\Projects\Hazina\src\Core\Agents\Hazina.AgentFactory\Hazina.AgentFactory.csproj::TargetFramework=net9.0]
C:\Projects\Hazina\src\Core\Agents\Hazina.AgentFactory\Models\BuildOutput.cs(16,13): warning SA1515: Single-line comment should be preceded by blank line (https://github.com/DotNetAnalyzers/StyleCopAnalyzers/blob/master/documentation/SA1515.md) [C:\Projects\Hazina\src\Core\Agents\Hazina.AgentFactory\Hazina.AgentFactory.csproj::TargetFramework=net9.0]
C:\Projects\Hazina\src\Core\Agents\Hazina.AgentFactory\Models\BuildOutput.cs(16,13): warning SA1005: Single line comment should begin with a space (https://github.com/DotNetAnalyzers/StyleCopAnalyzers/blob/master/documentation/SA1005.md) [C:\Projects\Hazina\src\Core\Agents\Hazina.AgentFactory\Hazina.AgentFactory.csproj::TargetFramework=net9.0]
C:\Projects\Hazina\src\Core\Agents\Hazina.AgentFactory\Models\BuildOutput.cs(17,13): warning SA1005: Single line comment should begin with a space (https://github.com/DotNetAnalyzers/StyleCopAnalyzers/blob/master/documentation/SA1005.md) [C:\Projects\Hazina\src\Core\Agents\Hazina.AgentFactory\Hazina.AgentFactory.csproj::TargetFramework=net9.0]
C:\Projects\Hazina\src\Core\Agents\Hazina.AgentFactory\Models\BuildOutput.cs(18,13): warning SA1005: Single line comment should begin with a space (https://github.com/DotNetAnalyzers/StyleCopAnalyzers/blob/master/documentation/SA1005.md) [C:\Projects\Hazina\src\Core\Agents\Hazina.AgentFactory\Hazina.AgentFactory.csproj::TargetFramework=net9.0]
C:\Projects\Hazina\src\Core\Agents\Hazina.AgentFactory\Models\BuildOutput.cs(27,13): warning SA1005: Single line comment should begin with a space (https://github.com/DotNetAnalyzers/StyleCopAnalyzers/blob/master/documentation/SA1005.md) [C:\Projects\Hazina\src\Core\Agents\Hazina.AgentFactory\Hazina.AgentFactory.csproj::TargetFramework=net9.0]
C:\Projects\Hazina\src\Core\Agents\Hazina.AgentFactory\Models\BuildOutput.cs(28,13): warning SA1005: Single line comment should begin with a space (https://github.com/DotNetAnalyzers/StyleCopAnalyzers/blob/master/documentation/SA1005.md) [C:\Projects\Hazina\src\Core\Agents\Hazina.AgentFactory\Hazina.AgentFactory.csproj::TargetFramework=net9.0]
C:\Projects\Hazina\src\Core\Agents\Hazina.AgentFactory\Models\BuildOutput.cs(29,13): warning SA1005: Single line comment should begin with a space (https://github.com/DotNetAnalyzers/StyleCopAnalyzers/blob/master/documentation/SA1005.md) [C:\Projects\Hazina\src\Core\Agents\Hazina.AgentFactory\Hazina.AgentFactory.csproj::TargetFramework=net9.0]
C:\Projects\Hazina\src\Core\Agents\Hazina.AgentFactory\Models\BuildOutput.cs(30,13): warning SA1005: Single line comment should begin with a space (https://github.com/DotNetAnalyzers/StyleCopAnalyzers/blob/master/documentation/SA1005.md) [C:\Projects\Hazina\src\Core\Agents\Hazina.AgentFactory\Hazina.AgentFactory.csproj::TargetFramework=net9.0]
C:\Projects\Hazina\src\Core\Agents\Hazina.AgentFactory\Configuration\Parsers\HazinaStoreConfigParser.cs(13,31): warning CA1062: In externally visible method 'string HazinaStoreConfigParser.Serialize(IEnumerable<StoreConfig> stores)', validate parameter 'stores' is non-null before using it. If appropriate, throw an 'ArgumentNullException' when the argument is 'null'. (https://learn.microsoft.com/dotnet/fundamentals/code-analysis/quality-rules/ca1062) [C:\Projects\Hazina\src\Core\Agents\Hazina.AgentFactory\Hazina.AgentFactory.csproj::TargetFramework=net9.0]
C:\Projects\Hazina\src\Core\Agents\Hazina.AgentFactory\Models\FlowCardModels.cs(1,1): warning SA1633: The file header is missing or not located at the top of the file. (https://github.com/DotNetAnalyzers/StyleCopAnalyzers/blob/master/documentation/SA1633.md) [C:\Projects\Hazina\src\Core\Agents\Hazina.AgentFactory\Hazina.AgentFactory.csproj::TargetFramework=net9.0]
C:\Projects\Hazina\src\Core\Agents\Hazina.AgentFactory\Models\FlowCardModels.cs(11,14): warning SA1649: File name should match first type name (https://github.com/DotNetAnalyzers/StyleCopAnalyzers/blob/master/documentation/SA1649.md) [C:\Projects\Hazina\src\Core\Agents\Hazina.AgentFactory\Hazina.AgentFactory.csproj::TargetFramework=net9.0]
C:\Projects\Hazina\src\Core\Agents\Hazina.AgentFactory\Models\FlowCardModels.cs(93,6): warning SA1513: Closing brace should be followed by blank line (https://github.com/DotNetAnalyzers/StyleCopAnalyzers/blob/master/documentation/SA1513.md) [C:\Projects\Hazina\src\Core\Agents\Hazina.AgentFactory\Hazina.AgentFactory.csproj::TargetFramework=net9.0]
C:\Projects\Hazina\src\Core\Agents\Hazina.AgentFactory\Models\FlowCardModels.cs(114,10): warning SA1513: Closing brace should be followed by blank line (https://github.com/DotNetAnalyzers/StyleCopAnalyzers/blob/master/documentation/SA1513.md) [C:\Projects\Hazina\src\Core\Agents\Hazina.AgentFactory\Hazina.AgentFactory.csproj::TargetFramework=net9.0]
C:\Projects\Hazina\src\Core\Agents\Hazina.AgentFactory\Models\FlowCardModels.cs(122,10): warning SA1513: Closing brace should be followed by blank line (https://github.com/DotNetAnalyzers/StyleCopAnalyzers/blob/master/documentation/SA1513.md) [C:\Projects\Hazina\src\Core\Agents\Hazina.AgentFactory\Hazina.AgentFactory.csproj::TargetFramework=net9.0]
C:\Projects\Hazina\src\Core\Agents\Hazina.AgentFactory\Models\FlowCardModels.cs(135,6): warning SA1513: Closing brace should be followed by blank line (https://github.com/DotNetAnalyzers/StyleCopAnalyzers/blob/master/documentation/SA1513.md) [C:\Projects\Hazina\src\Core\Agents\Hazina.AgentFactory\Hazina.AgentFactory.csproj::TargetFramework=net9.0]
C:\Projects\Hazina\src\Core\Agents\Hazina.AgentFactory\Models\FlowCardModels.cs(76,14): warning SA1402: File may only contain a single type (https://github.com/DotNetAnalyzers/StyleCopAnalyzers/blob/master/documentation/SA1402.md) [C:\Projects\Hazina\src\Core\Agents\Hazina.AgentFactory\Hazina.AgentFactory.csproj::TargetFramework=net9.0]
C:\Projects\Hazina\src\Core\Agents\Hazina.AgentFactory\Configuration\Parsers\HazinaAgentConfigParser.cs(220,47): warning SA1503: Braces should not be omitted (https://github.com/DotNetAnalyzers/StyleCopAnalyzers/blob/master/documentation/SA1503.md) [C:\Projects\Hazina\src\Core\Agents\Hazina.AgentFactory\Hazina.AgentFactory.csproj::TargetFramework=net9.0]
C:\Projects\Hazina\src\Core\Agents\Hazina.AgentFactory\Configuration\Parsers\HazinaAgentConfigParser.cs(223,13): warning SA1503: Braces should not be omitted (https://github.com/DotNetAnalyzers/StyleCopAnalyzers/blob/master/documentation/SA1503.md) [C:\Projects\Hazina\src\Core\Agents\Hazina.AgentFactory\Hazina.AgentFactory.csproj::TargetFramework=net9.0]
C:\Projects\Hazina\src\Core\Agents\Hazina.AgentFactory\Configuration\Parsers\HazinaAgentConfigParser.cs(238,19): warning S112: 'System.Exception' should not be thrown by user code. (https://rules.sonarsource.com/csharp/RSPEC-112) [C:\Projects\Hazina\src\Core\Agents\Hazina.AgentFactory\Hazina.AgentFactory.csproj::TargetFramework=net9.0]
C:\Projects\Hazina\src\Core\Agents\Hazina.AgentFactory\Configuration\Parsers\HazinaAgentConfigParser.cs(251,19): warning S112: 'System.Exception' should not be thrown by user code. (https://rules.sonarsource.com/csharp/RSPEC-112) [C:\Projects\Hazina\src\Core\Agents\Hazina.AgentFactory\Hazina.AgentFactory.csproj::TargetFramework=net9.0]
C:\Projects\Hazina\src\Core\Agents\Hazina.AgentFactory\Configuration\Parsers\HazinaAgentConfigParser.cs(264,19): warning S112: 'System.Exception' should not be thrown by user code. (https://rules.sonarsource.com/csharp/RSPEC-112) [C:\Projects\Hazina\src\Core\Agents\Hazina.AgentFactory\Hazina.AgentFactory.csproj::TargetFramework=net9.0]
C:\Projects\Hazina\src\Core\Agents\Hazina.AgentFactory\Models\GitOutput.cs(1,1): warning SA1633: The file header XML is invalid. (https://github.com/DotNetAnalyzers/StyleCopAnalyzers/blob/master/documentation/SA1633.md) [C:\Projects\Hazina\src\Core\Agents\Hazina.AgentFactory\Hazina.AgentFactory.csproj::TargetFramework=net9.0]
C:\Projects\Hazina\src\Core\Agents\Hazina.AgentFactory\Configuration\Parsers\HazinaAgentConfigParser.cs(230,33): warning SA1503: Braces should not be omitted (https://github.com/DotNetAnalyzers/StyleCopAnalyzers/blob/master/documentation/SA1503.md) [C:\Projects\Hazina\src\Core\Agents\Hazina.AgentFactory\Hazina.AgentFactory.csproj::TargetFramework=net9.0]
C:\Projects\Hazina\src\Core\Agents\Hazina.AgentFactory\Models\GitOutput.cs(109,1): warning SA1507: Code should not contain multiple blank lines in a row (https://github.com/DotNetAnalyzers/StyleCopAnalyzers/blob/master/documentation/SA1507.md) [C:\Projects\Hazina\src\Core\Agents\Hazina.AgentFactory\Hazina.AgentFactory.csproj::TargetFramework=net9.0]
C:\Projects\Hazina\src\Core\Agents\Hazina.AgentFactory\Configuration\Parsers\HazinaAgentConfigParser.cs(238,19): warning CA2201: Exception type System.Exception is not sufficiently specific (https://learn.microsoft.com/dotnet/fundamentals/code-analysis/quality-rules/ca2201) [C:\Projects\Hazina\src\Core\Agents\Hazina.AgentFactory\Hazina.AgentFactory.csproj::TargetFramework=net9.0]
C:\Projects\Hazina\src\Core\Agents\Hazina.AgentFactory\Configuration\Parsers\HazinaAgentConfigParser.cs(251,19): warning CA2201: Exception type System.Exception is not sufficiently specific (https://learn.microsoft.com/dotnet/fundamentals/code-analysis/quality-rules/ca2201) [C:\Projects\Hazina\src\Core\Agents\Hazina.AgentFactory\Hazina.AgentFactory.csproj::TargetFramework=net9.0]
C:\Projects\Hazina\src\Core\Agents\Hazina.AgentFactory\Models\GitOutput.cs(58,21): warning SA1402: File may only contain a single type (https://github.com/DotNetAnalyzers/StyleCopAnalyzers/blob/master/documentation/SA1402.md) [C:\Projects\Hazina\src\Core\Agents\Hazina.AgentFactory\Hazina.AgentFactory.csproj::TargetFramework=net9.0]
C:\Projects\Hazina\src\Core\Agents\Hazina.AgentFactory\Models\GitOutput.cs(111,21): warning SA1402: File may only contain a single type (https://github.com/DotNetAnalyzers/StyleCopAnalyzers/blob/master/documentation/SA1402.md) [C:\Projects\Hazina\src\Core\Agents\Hazina.AgentFactory\Hazina.AgentFactory.csproj::TargetFramework=net9.0]
C:\Projects\Hazina\src\Core\Agents\Hazina.AgentFactory\Configuration\Parsers\HazinaAgentConfigParser.cs(264,19): warning CA2201: Exception type System.Exception is not sufficiently specific (https://learn.microsoft.com/dotnet/fundamentals/code-analysis/quality-rules/ca2201) [C:\Projects\Hazina\src\Core\Agents\Hazina.AgentFactory\Hazina.AgentFactory.csproj::TargetFramework=net9.0]
C:\Projects\Hazina\src\Core\Agents\Hazina.AgentFactory\Models\IsReadyResult.cs(1,1): warning SA1633: The file header is missing or not located at the top of the file. (https://github.com/DotNetAnalyzers/StyleCopAnalyzers/blob/master/documentation/SA1633.md) [C:\Projects\Hazina\src\Core\Agents\Hazina.AgentFactory\Hazina.AgentFactory.csproj::TargetFramework=net9.0]
C:\Projects\Hazina\src\Core\Agents\Hazina.AgentFactory\Models\IsReadyResult.cs(11,2): warning SA1518: File is required to end with a single newline character (https://github.com/DotNetAnalyzers/StyleCopAnalyzers/blob/master/documentation/SA1518.md) [C:\Projects\Hazina\src\Core\Agents\Hazina.AgentFactory\Hazina.AgentFactory.csproj::TargetFramework=net9.0]
C:\Projects\Hazina\src\Core\Agents\Hazina.AgentFactory\Models\StoreEntry.cs(1,1): warning SA1633: The file header is missing or not located at the top of the file. (https://github.com/DotNetAnalyzers/StyleCopAnalyzers/blob/master/documentation/SA1633.md) [C:\Projects\Hazina\src\Core\Agents\Hazina.AgentFactory\Hazina.AgentFactory.csproj::TargetFramework=net9.0]
C:\Projects\Hazina\src\Core\Agents\Hazina.AgentFactory\Models\StoreEntry.cs(13,10): warning SA1513: Closing brace should be followed by blank line (https://github.com/DotNetAnalyzers/StyleCopAnalyzers/blob/master/documentation/SA1513.md) [C:\Projects\Hazina\src\Core\Agents\Hazina.AgentFactory\Hazina.AgentFactory.csproj::TargetFramework=net9.0]
C:\Projects\Hazina\src\Core\Agents\Hazina.AgentFactory\Models\StoreEntry.cs(18,10): warning SA1513: Closing brace should be followed by blank line (https://github.com/DotNetAnalyzers/StyleCopAnalyzers/blob/master/documentation/SA1513.md) [C:\Projects\Hazina\src\Core\Agents\Hazina.AgentFactory\Hazina.AgentFactory.csproj::TargetFramework=net9.0]
C:\Projects\Hazina\src\Core\Agents\Hazina.AgentFactory\Models\StorePaths.cs(1,1): warning SA1633: The file header XML is invalid. (https://github.com/DotNetAnalyzers/StyleCopAnalyzers/blob/master/documentation/SA1633.md) [C:\Projects\Hazina\src\Core\Agents\Hazina.AgentFactory\Hazina.AgentFactory.csproj::TargetFramework=net9.0]
C:\Projects\Hazina\src\Core\Agents\Hazina.AgentFactory\Models\StorePaths.cs(12,6): warning SA1513: Closing brace should be followed by blank line (https://github.com/DotNetAnalyzers/StyleCopAnalyzers/blob/master/documentation/SA1513.md) [C:\Projects\Hazina\src\Core\Agents\Hazina.AgentFactory\Hazina.AgentFactory.csproj::TargetFramework=net9.0]
C:\Projects\Hazina\src\Core\Agents\Hazina.AgentFactory\Models\StorePaths.cs(8,9): warning SA1000: The keyword 'if' should be followed by a space (https://github.com/DotNetAnalyzers/StyleCopAnalyzers/blob/master/documentation/SA1000.md) [C:\Projects\Hazina\src\Core\Agents\Hazina.AgentFactory\Hazina.AgentFactory.csproj::TargetFramework=net9.0]
C:\Projects\Hazina\src\Core\Agents\Hazina.AgentFactory\Models\StoreRef.cs(1,1): warning SA1633: The file header is missing or not located at the top of the file. (https://github.com/DotNetAnalyzers/StyleCopAnalyzers/blob/master/documentation/SA1633.md) [C:\Projects\Hazina\src\Core\Agents\Hazina.AgentFactory\Hazina.AgentFactory.csproj::TargetFramework=net9.0]
C:\Projects\Hazina\src\Core\Agents\Hazina.AgentFactory\Configuration\Parsers\HazinaAgentConfigParser.cs(190,34): warning SA1503: Braces should not be omitted (https://github.com/DotNetAnalyzers/StyleCopAnalyzers/blob/master/documentation/SA1503.md) [C:\Projects\Hazina\src\Core\Agents\Hazina.AgentFactory\Hazina.AgentFactory.csproj::TargetFramework=net9.0]
C:\Projects\Hazina\src\Core\Agents\Hazina.AgentFactory\Configuration\Parsers\HazinaAgentConfigParser.cs(192,29): warning SA1503: Braces should not be omitted (https://github.com/DotNetAnalyzers/StyleCopAnalyzers/blob/master/documentation/SA1503.md) [C:\Projects\Hazina\src\Core\Agents\Hazina.AgentFactory\Hazina.AgentFactory.csproj::TargetFramework=net9.0]
C:\Projects\Hazina\src\Core\Agents\Hazina.AgentFactory\Configuration\Parsers\HazinaAgentConfigParser.cs(204,59): warning SA1503: Braces should not be omitted (https://github.com/DotNetAnalyzers/StyleCopAnalyzers/blob/master/documentation/SA1503.md) [C:\Projects\Hazina\src\Core\Agents\Hazina.AgentFactory\Hazina.AgentFactory.csproj::TargetFramework=net9.0]
C:\Projects\Hazina\src\Core\Agents\Hazina.AgentFactory\Configuration\Parsers\HazinaAgentConfigParser.cs(108,37): warning CA1002: Change 'List<AgentConfig>' in 'HazinaAgentConfigParser.LoadFromFile(string)' to use 'Collection<T>', 'ReadOnlyCollection<T>' or 'KeyedCollection<K,V>' (https://learn.microsoft.com/dotnet/fundamentals/code-analysis/quality-rules/ca1002) [C:\Projects\Hazina\src\Core\Agents\Hazina.AgentFactory\Hazina.AgentFactory.csproj::TargetFramework=net9.0]
C:\Projects\Hazina\src\Core\Agents\Hazina.AgentFactory\Configuration\Parsers\HazinaAgentConfigParser.cs(200,154): warning SA1122: Use string.Empty for empty strings (https://github.com/DotNetAnalyzers/StyleCopAnalyzers/blob/master/documentation/SA1122.md) [C:\Projects\Hazina\src\Core\Agents\Hazina.AgentFactory\Hazina.AgentFactory.csproj::TargetFramework=net9.0]
C:\Projects\Hazina\src\Core\Agents\Hazina.AgentFactory\Services\BigQuery\BigQueryService.cs(1,1): warning SA1633: The file header is missing or not located at the top of the file. (https://github.com/DotNetAnalyzers/StyleCopAnalyzers/blob/master/documentation/SA1633.md) [C:\Projects\Hazina\src\Core\Agents\Hazina.AgentFactory\Hazina.AgentFactory.csproj::TargetFramework=net9.0]
C:\Projects\Hazina\src\Core\Agents\Hazina.AgentFactory\Configuration\Parsers\HazinaAgentConfigParser.cs(108,19): warning MA0016: Prefer using collection abstraction instead of implementation (https://github.com/meziantou/Meziantou.Analyzer/blob/main/docs/Rules/MA0016.md) [C:\Projects\Hazina\src\Core\Agents\Hazina.AgentFactory\Hazina.AgentFactory.csproj::TargetFramework=net9.0]
C:\Projects\Hazina\src\Core\Agents\Hazina.AgentFactory\Configuration\Parsers\HazinaAgentConfigParser.cs(191,26): warning CA1307: 'string.IndexOf(char)' has a method overload that takes a 'StringComparison' parameter. Replace this call in 'HazinaFlowConfigParser.Parse(string)' with a call to 'string.IndexOf(char, System.StringComparison)' for clarity of intent. (https://learn.microsoft.com/dotnet/fundamentals/code-analysis/quality-rules/ca1307) [C:\Projects\Hazina\src\Core\Agents\Hazina.AgentFactory\Hazina.AgentFactory.csproj::TargetFramework=net9.0]
C:\Projects\Hazina\src\Core\Agents\Hazina.AgentFactory\Configuration\Parsers\HazinaAgentConfigParser.cs(200,149): warning CA1820: Test for empty strings using 'string.Length' property or 'string.IsNullOrEmpty' method instead of an Equality check (https://learn.microsoft.com/dotnet/fundamentals/code-analysis/quality-rules/ca1820) [C:\Projects\Hazina\src\Core\Agents\Hazina.AgentFactory\Hazina.AgentFactory.csproj::TargetFramework=net9.0]
C:\Projects\Hazina\src\Core\Agents\Hazina.AgentFactory\Services\BigQuery\IBigQueryService.cs(1,1): warning SA1633: The file header is missing or not located at the top of the file. (https://github.com/DotNetAnalyzers/StyleCopAnalyzers/blob/master/documentation/SA1633.md) [C:\Projects\Hazina\src\Core\Agents\Hazina.AgentFactory\Hazina.AgentFactory.csproj::TargetFramework=net9.0]
C:\Projects\Hazina\src\Core\Agents\Hazina.AgentFactory\Configuration\Parsers\HazinaAgentConfigParser.cs(21,13): warning CA1305: The behavior of 'StringBuilder.AppendLine(ref StringBuilder.AppendInterpolatedStringHandler)' could vary based on the current user's locale settings. Replace this call in 'HazinaAgentConfigParser.Serialize(IEnumerable<AgentConfig>)' with a call to 'StringBuilder.AppendLine(IFormatProvider, ref StringBuilder.AppendInterpolatedStringHandler)'. (https://learn.microsoft.com/dotnet/fundamentals/code-analysis/quality-rules/ca1305) [C:\Projects\Hazina\src\Core\Agents\Hazina.AgentFactory\Hazina.AgentFactory.csproj::TargetFramework=net9.0]
C:\Projects\Hazina\src\Core\Agents\Hazina.AgentFactory\Configuration\Parsers\HazinaAgentConfigParser.cs(22,13): warning CA1305: The behavior of 'StringBuilder.AppendLine(ref StringBuilder.AppendInterpolatedStringHandler)' could vary based on the current user's locale settings. Replace this call in 'HazinaAgentConfigParser.Serialize(IEnumerable<AgentConfig>)' with a call to 'StringBuilder.AppendLine(IFormatProvider, ref StringBuilder.AppendInterpolatedStringHandler)'. (https://learn.microsoft.com/dotnet/fundamentals/code-analysis/quality-rules/ca1305) [C:\Projects\Hazina\src\Core\Agents\Hazina.AgentFactory\Hazina.AgentFactory.csproj::TargetFramework=net9.0]
C:\Projects\Hazina\src\Core\Agents\Hazina.AgentFactory\Configuration\Parsers\HazinaAgentConfigParser.cs(23,13): warning CA1305: The behavior of 'StringBuilder.AppendLine(ref StringBuilder.AppendInterpolatedStringHandler)' could vary based on the current user's locale settings. Replace this call in 'HazinaAgentConfigParser.Serialize(IEnumerable<AgentConfig>)' with a call to 'StringBuilder.AppendLine(IFormatProvider, ref StringBuilder.AppendInterpolatedStringHandler)'. (https://learn.microsoft.com/dotnet/fundamentals/code-analysis/quality-rules/ca1305) [C:\Projects\Hazina\src\Core\Agents\Hazina.AgentFactory\Hazina.AgentFactory.csproj::TargetFramework=net9.0]
C:\Projects\Hazina\src\Core\Agents\Hazina.AgentFactory\Configuration\Parsers\HazinaAgentConfigParser.cs(24,13): warning CA1305: The behavior of 'StringBuilder.AppendLine(ref StringBuilder.AppendInterpolatedStringHandler)' could vary based on the current user's locale settings. Replace this call in 'HazinaAgentConfigParser.Serialize(IEnumerable<AgentConfig>)' with a call to 'StringBuilder.AppendLine(IFormatProvider, ref StringBuilder.AppendInterpolatedStringHandler)'. (https://learn.microsoft.com/dotnet/fundamentals/code-analysis/quality-rules/ca1305) [C:\Projects\Hazina\src\Core\Agents\Hazina.AgentFactory\Hazina.AgentFactory.csproj::TargetFramework=net9.0]
C:\Projects\Hazina\src\Core\Agents\Hazina.AgentFactory\Configuration\Parsers\HazinaAgentConfigParser.cs(25,13): warning CA1305: The behavior of 'StringBuilder.AppendLine(ref StringBuilder.AppendInterpolatedStringHandler)' could vary based on the current user's locale settings. Replace this call in 'HazinaAgentConfigParser.Serialize(IEnumerable<AgentConfig>)' with a call to 'StringBuilder.AppendLine(IFormatProvider, ref StringBuilder.AppendInterpolatedStringHandler)'. (https://learn.microsoft.com/dotnet/fundamentals/code-analysis/quality-rules/ca1305) [C:\Projects\Hazina\src\Core\Agents\Hazina.AgentFactory\Hazina.AgentFactory.csproj::TargetFramework=net9.0]
C:\Projects\Hazina\src\Core\Agents\Hazina.AgentFactory\Configuration\Parsers\HazinaAgentConfigParser.cs(26,13): warning CA1305: The behavior of 'StringBuilder.AppendLine(ref StringBuilder.AppendInterpolatedStringHandler)' could vary based on the current user's locale settings. Replace this call in 'HazinaAgentConfigParser.Serialize(IEnumerable<AgentConfig>)' with a call to 'StringBuilder.AppendLine(IFormatProvider, ref StringBuilder.AppendInterpolatedStringHandler)'. (https://learn.microsoft.com/dotnet/fundamentals/code-analysis/quality-rules/ca1305) [C:\Projects\Hazina\src\Core\Agents\Hazina.AgentFactory\Hazina.AgentFactory.csproj::TargetFramework=net9.0]
C:\Projects\Hazina\src\Core\Agents\Hazina.AgentFactory\Configuration\Parsers\HazinaAgentConfigParser.cs(27,13): warning CA1305: The behavior of 'StringBuilder.AppendLine(ref StringBuilder.AppendInterpolatedStringHandler)' could vary based on the current user's locale settings. Replace this call in 'HazinaAgentConfigParser.Serialize(IEnumerable<AgentConfig>)' with a call to 'StringBuilder.AppendLine(IFormatProvider, ref StringBuilder.AppendInterpolatedStringHandler)'. (https://learn.microsoft.com/dotnet/fundamentals/code-analysis/quality-rules/ca1305) [C:\Projects\Hazina\src\Core\Agents\Hazina.AgentFactory\Hazina.AgentFactory.csproj::TargetFramework=net9.0]
C:\Projects\Hazina\src\Core\Agents\Hazina.AgentFactory\Configuration\Parsers\HazinaAgentConfigParser.cs(28,13): warning CA1305: The behavior of 'StringBuilder.AppendLine(ref StringBuilder.AppendInterpolatedStringHandler)' could vary based on the current user's locale settings. Replace this call in 'HazinaAgentConfigParser.Serialize(IEnumerable<AgentConfig>)' with a call to 'StringBuilder.AppendLine(IFormatProvider, ref StringBuilder.AppendInterpolatedStringHandler)'. (https://learn.microsoft.com/dotnet/fundamentals/code-analysis/quality-rules/ca1305) [C:\Projects\Hazina\src\Core\Agents\Hazina.AgentFactory\Hazina.AgentFactory.csproj::TargetFramework=net9.0]
C:\Projects\Hazina\src\Core\Agents\Hazina.AgentFactory\Services\Email\EmailDetail.cs(1,1): warning SA1633: The file header is missing or not located at the top of the file. (https://github.com/DotNetAnalyzers/StyleCopAnalyzers/blob/master/documentation/SA1633.md) [C:\Projects\Hazina\src\Core\Agents\Hazina.AgentFactory\Hazina.AgentFactory.csproj::TargetFramework=net9.0]
C:\Projects\Hazina\src\Core\Agents\Hazina.AgentFactory\Services\Email\EmailService.cs(1,1): warning SA1633: The file header is missing or not located at the top of the file. (https://github.com/DotNetAnalyzers/StyleCopAnalyzers/blob/master/documentation/SA1633.md) [C:\Projects\Hazina\src\Core\Agents\Hazina.AgentFactory\Hazina.AgentFactory.csproj::TargetFramework=net9.0]
C:\Projects\Hazina\src\Core\Agents\Hazina.AgentFactory\Services\Tools\ToolRegistrationService.cs(96,36): warning S6602: "Find" method should be used instead of the "FirstOrDefault" extension method. (https://rules.sonarsource.com/csharp/RSPEC-6602) [C:\Projects\Hazina\src\Core\Agents\Hazina.AgentFactory\Hazina.AgentFactory.csproj::TargetFramework=net9.0]
C:\Projects\Hazina\src\Core\Agents\Hazina.AgentFactory\Services\Email\EmailSettings.cs(1,1): warning SA1633: The file header is missing or not located at the top of the file. (https://github.com/DotNetAnalyzers/StyleCopAnalyzers/blob/master/documentation/SA1633.md) [C:\Projects\Hazina\src\Core\Agents\Hazina.AgentFactory\Hazina.AgentFactory.csproj::TargetFramework=net9.0]
C:\Projects\Hazina\src\Core\Agents\Hazina.AgentFactory\Services\Email\EmailSummary.cs(1,1): warning SA1633: The file header is missing or not located at the top of the file. (https://github.com/DotNetAnalyzers/StyleCopAnalyzers/blob/master/documentation/SA1633.md) [C:\Projects\Hazina\src\Core\Agents\Hazina.AgentFactory\Hazina.AgentFactory.csproj::TargetFramework=net9.0]
C:\Projects\Hazina\src\Core\Agents\Hazina.AgentFactory\Services\Email\IEmailService.cs(1,1): warning SA1633: The file header is missing or not located at the top of the file. (https://github.com/DotNetAnalyzers/StyleCopAnalyzers/blob/master/documentation/SA1633.md) [C:\Projects\Hazina\src\Core\Agents\Hazina.AgentFactory\Hazina.AgentFactory.csproj::TargetFramework=net9.0]
C:\Projects\Hazina\src\Core\Agents\Hazina.AgentFactory\Services\Execution\AgentExecutionService.cs(1,1): warning SA1633: The file header is missing or not located at the top of the file. (https://github.com/DotNetAnalyzers/StyleCopAnalyzers/blob/master/documentation/SA1633.md) [C:\Projects\Hazina\src\Core\Agents\Hazina.AgentFactory\Hazina.AgentFactory.csproj::TargetFramework=net9.0]
C:\Projects\Hazina\src\Core\Agents\Hazina.AgentFactory\Services\Execution\AgentExecutionService.cs(93,10): warning SA1513: Closing brace should be followed by blank line (https://github.com/DotNetAnalyzers/StyleCopAnalyzers/blob/master/documentation/SA1513.md) [C:\Projects\Hazina\src\Core\Agents\Hazina.AgentFactory\Hazina.AgentFactory.csproj::TargetFramework=net9.0]
C:\Projects\Hazina\src\Core\Agents\Hazina.AgentFactory\Configuration\Parsers\HazinaAgentConfigParser.cs(91,58): warning SA1122: Use string.Empty for empty strings (https://github.com/DotNetAnalyzers/StyleCopAnalyzers/blob/master/documentation/SA1122.md) [C:\Projects\Hazina\src\Core\Agents\Hazina.AgentFactory\Hazina.AgentFactory.csproj::TargetFramework=net9.0]
C:\Projects\Hazina\src\Core\Agents\Hazina.AgentFactory\Configuration\Parsers\HazinaAgentConfigParser.cs(93,68): warning CA1307: 'string.Replace(string, string?)' has a method overload that takes a 'StringComparison' parameter. Replace this call in 'HazinaAgentConfigParser.UnescapeMultiline(string)' with a call to 'string.Replace(string, string?, System.StringComparison)' for clarity of intent. (https://learn.microsoft.com/dotnet/fundamentals/code-analysis/quality-rules/ca1307) [C:\Projects\Hazina\src\Core\Agents\Hazina.AgentFactory\Hazina.AgentFactory.csproj::TargetFramework=net9.0]
C:\Projects\Hazina\src\Core\Agents\Hazina.AgentFactory\Configuration\Parsers\HazinaAgentConfigParser.cs(91,22): warning CA1307: 'string.Replace(string, string?)' has a method overload that takes a 'StringComparison' parameter. Replace this call in 'HazinaAgentConfigParser.EscapeMultiline(string)' with a call to 'string.Replace(string, string?, System.StringComparison)' for clarity of intent. (https://learn.microsoft.com/dotnet/fundamentals/code-analysis/quality-rules/ca1307) [C:\Projects\Hazina\src\Core\Agents\Hazina.AgentFactory\Hazina.AgentFactory.csproj::TargetFramework=net9.0]
C:\Projects\Hazina\src\Core\Agents\Hazina.AgentFactory\Configuration\Parsers\HazinaAgentConfigParser.cs(91,22): warning CA1307: 'string.Replace(string, string?)' has a method overload that takes a 'StringComparison' parameter. Replace this call in 'HazinaAgentConfigParser.EscapeMultiline(string)' with a call to 'string.Replace(string, string?, System.StringComparison)' for clarity of intent. (https://learn.microsoft.com/dotnet/fundamentals/code-analysis/quality-rules/ca1307) [C:\Projects\Hazina\src\Core\Agents\Hazina.AgentFactory\Hazina.AgentFactory.csproj::TargetFramework=net9.0]
C:\Projects\Hazina\src\Core\Agents\Hazina.AgentFactory\Services\Execution\IAgentExecutionService.cs(1,1): warning SA1633: The file header is missing or not located at the top of the file. (https://github.com/DotNetAnalyzers/StyleCopAnalyzers/blob/master/documentation/SA1633.md) [C:\Projects\Hazina\src\Core\Agents\Hazina.AgentFactory\Hazina.AgentFactory.csproj::TargetFramework=net9.0]
C:\Projects\Hazina\src\Core\Agents\Hazina.AgentFactory\Services\Tools\IToolRegistrationService.cs(1,1): warning SA1633: The file header is missing or not located at the top of the file. (https://github.com/DotNetAnalyzers/StyleCopAnalyzers/blob/master/documentation/SA1633.md) [C:\Projects\Hazina\src\Core\Agents\Hazina.AgentFactory\Hazina.AgentFactory.csproj::TargetFramework=net9.0]
C:\Projects\Hazina\src\Core\Agents\Hazina.AgentFactory\Configuration\Parsers\HazinaAgentConfigParser.cs(100,47): warning SA1503: Braces should not be omitted (https://github.com/DotNetAnalyzers/StyleCopAnalyzers/blob/master/documentation/SA1503.md) [C:\Projects\Hazina\src\Core\Agents\Hazina.AgentFactory\Hazina.AgentFactory.csproj::TargetFramework=net9.0]
C:\Projects\Hazina\src\Core\Agents\Hazina.AgentFactory\Configuration\Parsers\HazinaAgentConfigParser.cs(103,13): warning SA1503: Braces should not be omitted (https://github.com/DotNetAnalyzers/StyleCopAnalyzers/blob/master/documentation/SA1503.md) [C:\Projects\Hazina\src\Core\Agents\Hazina.AgentFactory\Hazina.AgentFactory.csproj::TargetFramework=net9.0]
C:\Projects\Hazina\src\Core\Agents\Hazina.AgentFactory\Configuration\Parsers\HazinaAgentConfigParser.cs(118,19): warning S112: 'System.Exception' should not be thrown by user code. (https://rules.sonarsource.com/csharp/RSPEC-112) [C:\Projects\Hazina\src\Core\Agents\Hazina.AgentFactory\Hazina.AgentFactory.csproj::TargetFramework=net9.0]
C:\Projects\Hazina\src\Core\Agents\Hazina.AgentFactory\Configuration\Parsers\HazinaAgentConfigParser.cs(131,19): warning S112: 'System.Exception' should not be thrown by user code. (https://rules.sonarsource.com/csharp/RSPEC-112) [C:\Projects\Hazina\src\Core\Agents\Hazina.AgentFactory\Hazina.AgentFactory.csproj::TargetFramework=net9.0]
C:\Projects\Hazina\src\Core\Agents\Hazina.AgentFactory\Services\Tools\Parameters\CommonToolParameters.cs(1,1): warning SA1633: The file header is missing or not located at the top of the file. (https://github.com/DotNetAnalyzers/StyleCopAnalyzers/blob/master/documentation/SA1633.md) [C:\Projects\Hazina\src\Core\Agents\Hazina.AgentFactory\Hazina.AgentFactory.csproj::TargetFramework=net9.0]
C:\Projects\Hazina\src\Core\Agents\Hazina.AgentFactory\Configuration\Parsers\HazinaAgentConfigParser.cs(110,33): warning SA1503: Braces should not be omitted (https://github.com/DotNetAnalyzers/StyleCopAnalyzers/blob/master/documentation/SA1503.md) [C:\Projects\Hazina\src\Core\Agents\Hazina.AgentFactory\Hazina.AgentFactory.csproj::TargetFramework=net9.0]
C:\Projects\Hazina\src\Core\Agents\Hazina.AgentFactory\Configuration\Parsers\HazinaAgentConfigParser.cs(131,19): warning CA2201: Exception type System.Exception is not sufficiently specific (https://learn.microsoft.com/dotnet/fundamentals/code-analysis/quality-rules/ca2201) [C:\Projects\Hazina\src\Core\Agents\Hazina.AgentFactory\Hazina.AgentFactory.csproj::TargetFramework=net9.0]
C:\Projects\Hazina\src\Core\Agents\Hazina.AgentFactory\Configuration\Parsers\HazinaAgentConfigParser.cs(118,19): warning CA2201: Exception type System.Exception is not sufficiently specific (https://learn.microsoft.com/dotnet/fundamentals/code-analysis/quality-rules/ca2201) [C:\Projects\Hazina\src\Core\Agents\Hazina.AgentFactory\Hazina.AgentFactory.csproj::TargetFramework=net9.0]
C:\Projects\Hazina\src\Core\Agents\Hazina.AgentFactory\Services\Tools\ToolRegistrationService.cs(354,20): warning MA0026: TODO Make these configurable (https://github.com/meziantou/Meziantou.Analyzer/blob/main/docs/Rules/MA0026.md) [C:\Projects\Hazina\src\Core\Agents\Hazina.AgentFactory\Hazina.AgentFactory.csproj::TargetFramework=net9.0]
C:\Projects\Hazina\src\Core\Agents\Hazina.AgentFactory\Services\Tools\ToolRegistrationService.cs(354,20): warning S1135: Complete the task associated to this 'TODO' comment. (https://rules.sonarsource.com/csharp/RSPEC-1135) [C:\Projects\Hazina\src\Core\Agents\Hazina.AgentFactory\Hazina.AgentFactory.csproj::TargetFramework=net9.0]
C:\Projects\Hazina\src\Core\Agents\Hazina.AgentFactory\Services\Tools\ToolRegistrationService.cs(1,1): warning SA1633: The file header is missing or not located at the top of the file. (https://github.com/DotNetAnalyzers/StyleCopAnalyzers/blob/master/documentation/SA1633.md) [C:\Projects\Hazina\src\Core\Agents\Hazina.AgentFactory\Hazina.AgentFactory.csproj::TargetFramework=net9.0]
C:\Projects\Hazina\src\Core\Agents\Hazina.AgentFactory\Configuration\Parsers\HazinaAgentConfigParser.cs(144,19): warning S112: 'System.Exception' should not be thrown by user code. (https://rules.sonarsource.com/csharp/RSPEC-112) [C:\Projects\Hazina\src\Core\Agents\Hazina.AgentFactory\Hazina.AgentFactory.csproj::TargetFramework=net9.0]
C:\Projects\Hazina\src\Core\Agents\Hazina.AgentFactory\Configuration\Parsers\HazinaAgentConfigParser.cs(178,30): warning CA1062: In externally visible method 'List<FlowConfig> HazinaFlowConfigParser.Parse(string input)', validate parameter 'input' is non-null before using it. If appropriate, throw an 'ArgumentNullException' when the argument is 'null'. (https://learn.microsoft.com/dotnet/fundamentals/code-analysis/quality-rules/ca1062) [C:\Projects\Hazina\src\Core\Agents\Hazina.AgentFactory\Hazina.AgentFactory.csproj::TargetFramework=net9.0]
C:\Projects\Hazina\src\Core\Agents\Hazina.AgentFactory\Configuration\Parsers\HazinaAgentConfigParser.cs(144,19): warning CA2201: Exception type System.Exception is not sufficiently specific (https://learn.microsoft.com/dotnet/fundamentals/code-analysis/quality-rules/ca2201) [C:\Projects\Hazina\src\Core\Agents\Hazina.AgentFactory\Hazina.AgentFactory.csproj::TargetFramework=net9.0]
C:\Projects\Hazina\src\Core\Agents\Hazina.AgentFactory\Configuration\Parsers\HazinaStoreConfigParser.cs(44,34): warning SA1503: Braces should not be omitted (https://github.com/DotNetAnalyzers/StyleCopAnalyzers/blob/master/documentation/SA1503.md) [C:\Projects\Hazina\src\Core\Agents\Hazina.AgentFactory\Hazina.AgentFactory.csproj::TargetFramework=net9.0]
C:\Projects\Hazina\src\Core\Agents\Hazina.AgentFactory\Configuration\Parsers\HazinaStoreConfigParser.cs(47,29): warning SA1503: Braces should not be omitted (https://github.com/DotNetAnalyzers/StyleCopAnalyzers/blob/master/documentation/SA1503.md) [C:\Projects\Hazina\src\Core\Agents\Hazina.AgentFactory\Hazina.AgentFactory.csproj::TargetFramework=net9.0]
C:\Projects\Hazina\src\Core\Agents\Hazina.AgentFactory\Configuration\Parsers\HazinaStoreConfigParser.cs(65,59): warning SA1503: Braces should not be omitted (https://github.com/DotNetAnalyzers/StyleCopAnalyzers/blob/master/documentation/SA1503.md) [C:\Projects\Hazina\src\Core\Agents\Hazina.AgentFactory\Hazina.AgentFactory.csproj::TargetFramework=net9.0]
C:\Projects\Hazina\src\Core\Agents\Hazina.AgentFactory\Configuration\Parsers\HazinaStoreConfigParser.cs(46,26): warning CA1307: 'string.IndexOf(char)' has a method overload that takes a 'StringComparison' parameter. Replace this call in 'HazinaStoreConfigParser.Parse(string)' with a call to 'string.IndexOf(char, System.StringComparison)' for clarity of intent. (https://learn.microsoft.com/dotnet/fundamentals/code-analysis/quality-rules/ca1307) [C:\Projects\Hazina\src\Core\Agents\Hazina.AgentFactory\Hazina.AgentFactory.csproj::TargetFramework=net9.0]
C:\Projects\Hazina\src\Core\Agents\Hazina.AgentFactory\Configuration\Parsers\HazinaAgentConfigParser.cs(53,34): warning SA1503: Braces should not be omitted (https://github.com/DotNetAnalyzers/StyleCopAnalyzers/blob/master/documentation/SA1503.md) [C:\Projects\Hazina\src\Core\Agents\Hazina.AgentFactory\Hazina.AgentFactory.csproj::TargetFramework=net9.0]
C:\Projects\Hazina\src\Core\Agents\Hazina.AgentFactory\Configuration\Parsers\HazinaAgentConfigParser.cs(55,29): warning SA1503: Braces should not be omitted (https://github.com/DotNetAnalyzers/StyleCopAnalyzers/blob/master/documentation/SA1503.md) [C:\Projects\Hazina\src\Core\Agents\Hazina.AgentFactory\Hazina.AgentFactory.csproj::TargetFramework=net9.0]
C:\Projects\Hazina\src\Core\Agents\Hazina.AgentFactory\Configuration\Parsers\HazinaAgentConfigParser.cs(84,59): warning SA1503: Braces should not be omitted (https://github.com/DotNetAnalyzers/StyleCopAnalyzers/blob/master/documentation/SA1503.md) [C:\Projects\Hazina\src\Core\Agents\Hazina.AgentFactory\Hazina.AgentFactory.csproj::TargetFramework=net9.0]
C:\Projects\Hazina\src\Core\Agents\Hazina.AgentFactory\Services\Tools\ToolRegistrationService.cs(72,14): warning SA1513: Closing brace should be followed by blank line (https://github.com/DotNetAnalyzers/StyleCopAnalyzers/blob/master/documentation/SA1513.md) [C:\Projects\Hazina\src\Core\Agents\Hazina.AgentFactory\Hazina.AgentFactory.csproj::TargetFramework=net9.0]
C:\Projects\Hazina\src\Core\Agents\Hazina.AgentFactory\Services\Tools\ToolRegistrationService.cs(76,14): warning SA1513: Closing brace should be followed by blank line (https://github.com/DotNetAnalyzers/StyleCopAnalyzers/blob/master/documentation/SA1513.md) [C:\Projects\Hazina\src\Core\Agents\Hazina.AgentFactory\Hazina.AgentFactory.csproj::TargetFramework=net9.0]
C:\Projects\Hazina\src\Core\Agents\Hazina.AgentFactory\Services\Tools\ToolRegistrationService.cs(83,10): warning SA1513: Closing brace should be followed by blank line (https://github.com/DotNetAnalyzers/StyleCopAnalyzers/blob/master/documentation/SA1513.md) [C:\Projects\Hazina\src\Core\Agents\Hazina.AgentFactory\Hazina.AgentFactory.csproj::TargetFramework=net9.0]
C:\Projects\Hazina\src\Core\Agents\Hazina.AgentFactory\Services\Tools\ToolRegistrationService.cs(87,10): warning SA1513: Closing brace should be followed by blank line (https://github.com/DotNetAnalyzers/StyleCopAnalyzers/blob/master/documentation/SA1513.md) [C:\Projects\Hazina\src\Core\Agents\Hazina.AgentFactory\Hazina.AgentFactory.csproj::TargetFramework=net9.0]
C:\Projects\Hazina\src\Core\Agents\Hazina.AgentFactory\Services\Tools\ToolRegistrationService.cs(195,22): warning SA1513: Closing brace should be followed by blank line (https://github.com/DotNetAnalyzers/StyleCopAnalyzers/blob/master/documentation/SA1513.md) [C:\Projects\Hazina\src\Core\Agents\Hazina.AgentFactory\Hazina.AgentFactory.csproj::TargetFramework=net9.0]
C:\Projects\Hazina\src\Core\Agents\Hazina.AgentFactory\Services\Tools\ToolRegistrationService.cs(255,22): warning SA1513: Closing brace should be followed by blank line (https://github.com/DotNetAnalyzers/StyleCopAnalyzers/blob/master/documentation/SA1513.md) [C:\Projects\Hazina\src\Core\Agents\Hazina.AgentFactory\Hazina.AgentFactory.csproj::TargetFramework=net9.0]
C:\Projects\Hazina\src\Core\Agents\Hazina.AgentFactory\Services\Tools\ToolRegistrationService.cs(275,22): warning SA1513: Closing brace should be followed by blank line (https://github.com/DotNetAnalyzers/StyleCopAnalyzers/blob/master/documentation/SA1513.md) [C:\Projects\Hazina\src\Core\Agents\Hazina.AgentFactory\Hazina.AgentFactory.csproj::TargetFramework=net9.0]
C:\Projects\Hazina\src\Core\Agents\Hazina.AgentFactory\Services\Tools\ToolRegistrationService.cs(580,26): warning SA1513: Closing brace should be followed by blank line (https://github.com/DotNetAnalyzers/StyleCopAnalyzers/blob/master/documentation/SA1513.md) [C:\Projects\Hazina\src\Core\Agents\Hazina.AgentFactory\Hazina.AgentFactory.csproj::TargetFramework=net9.0]
C:\Projects\Hazina\src\Core\Agents\Hazina.AgentFactory\Services\Tools\ToolRegistrationService.cs(625,22): warning SA1513: Closing brace should be followed by blank line (https://github.com/DotNetAnalyzers/StyleCopAnalyzers/blob/master/documentation/SA1513.md) [C:\Projects\Hazina\src\Core\Agents\Hazina.AgentFactory\Hazina.AgentFactory.csproj::TargetFramework=net9.0]
C:\Projects\Hazina\src\Core\Agents\Hazina.AgentFactory\Configuration\Parsers\HazinaAgentConfigParser.cs(70,151): warning SA1122: Use string.Empty for empty strings (https://github.com/DotNetAnalyzers/StyleCopAnalyzers/blob/master/documentation/SA1122.md) [C:\Projects\Hazina\src\Core\Agents\Hazina.AgentFactory\Hazina.AgentFactory.csproj::TargetFramework=net9.0]
C:\Projects\Hazina\src\Core\Agents\Hazina.AgentFactory\Configuration\Parsers\HazinaAgentConfigParser.cs(73,153): warning SA1122: Use string.Empty for empty strings (https://github.com/DotNetAnalyzers/StyleCopAnalyzers/blob/master/documentation/SA1122.md) [C:\Projects\Hazina\src\Core\Agents\Hazina.AgentFactory\Hazina.AgentFactory.csproj::TargetFramework=net9.0]
C:\Projects\Hazina\src\Core\Agents\Hazina.AgentFactory\Configuration\Parsers\HazinaAgentConfigParser.cs(76,153): warning SA1122: Use string.Empty for empty strings (https://github.com/DotNetAnalyzers/StyleCopAnalyzers/blob/master/documentation/SA1122.md) [C:\Projects\Hazina\src\Core\Agents\Hazina.AgentFactory\Hazina.AgentFactory.csproj::TargetFramework=net9.0]
C:\Projects\Hazina\src\Core\Agents\Hazina.AgentFactory\Services\Tools\ToolRegistrationService.cs(104,38): warning SA1503: Braces should not be omitted (https://github.com/DotNetAnalyzers/StyleCopAnalyzers/blob/master/documentation/SA1503.md) [C:\Projects\Hazina\src\Core\Agents\Hazina.AgentFactory\Hazina.AgentFactory.csproj::TargetFramework=net9.0]
C:\Projects\Hazina\src\Core\Agents\Hazina.AgentFactory\Services\Tools\ToolRegistrationService.cs(107,25): warning SA1503: Braces should not be omitted (https://github.com/DotNetAnalyzers/StyleCopAnalyzers/blob/master/documentation/SA1503.md) [C:\Projects\Hazina\src\Core\Agents\Hazina.AgentFactory\Hazina.AgentFactory.csproj::TargetFramework=net9.0]
C:\Projects\Hazina\src\Core\Agents\Hazina.AgentFactory\Services\Tools\ToolRegistrationService.cs(109,25): warning SA1503: Braces should not be omitted (https://github.com/DotNetAnalyzers/StyleCopAnalyzers/blob/master/documentation/SA1503.md) [C:\Projects\Hazina\src\Core\Agents\Hazina.AgentFactory\Hazina.AgentFactory.csproj::TargetFramework=net9.0]
C:\Projects\Hazina\src\Core\Agents\Hazina.AgentFactory\Services\Tools\ToolRegistrationService.cs(121,21): warning SA1503: Braces should not be omitted (https://github.com/DotNetAnalyzers/StyleCopAnalyzers/blob/master/documentation/SA1503.md) [C:\Projects\Hazina\src\Core\Agents\Hazina.AgentFactory\Hazina.AgentFactory.csproj::TargetFramework=net9.0]
C:\Projects\Hazina\src\Core\Agents\Hazina.AgentFactory\Services\Tools\ToolRegistrationService.cs(106,21): warning SA1519: Braces should not be omitted from multi-line child statement (https://github.com/DotNetAnalyzers/StyleCopAnalyzers/blob/master/documentation/SA1519.md) [C:\Projects\Hazina\src\Core\Agents\Hazina.AgentFactory\Hazina.AgentFactory.csproj::TargetFramework=net9.0]
C:\Projects\Hazina\src\Core\Agents\Hazina.AgentFactory\Configuration\Parsers\HazinaAgentConfigParser.cs(70,122): warning SA1003: Operator '=>' should be preceded by whitespace. (https://github.com/DotNetAnalyzers/StyleCopAnalyzers/blob/master/documentation/SA1003.md) [C:\Projects\Hazina\src\Core\Agents\Hazina.AgentFactory\Hazina.AgentFactory.csproj::TargetFramework=net9.0]
C:\Projects\Hazina\src\Core\Agents\Hazina.AgentFactory\Configuration\Parsers\HazinaAgentConfigParser.cs(73,124): warning SA1003: Operator '=>' should be preceded by whitespace. (https://github.com/DotNetAnalyzers/StyleCopAnalyzers/blob/master/documentation/SA1003.md) [C:\Projects\Hazina\src\Core\Agents\Hazina.AgentFactory\Hazina.AgentFactory.csproj::TargetFramework=net9.0]
C:\Projects\Hazina\src\Core\Agents\Hazina.AgentFactory\Services\Tools\ToolRegistrationService.cs(96,132): warning SA1122: Use string.Empty for empty strings (https://github.com/DotNetAnalyzers/StyleCopAnalyzers/blob/master/documentation/SA1122.md) [C:\Projects\Hazina\src\Core\Agents\Hazina.AgentFactory\Hazina.AgentFactory.csproj::TargetFramework=net9.0]
C:\Projects\Hazina\src\Core\Agents\Hazina.AgentFactory\Configuration\Parsers\HazinaAgentConfigParser.cs(54,26): warning CA1307: 'string.IndexOf(char)' has a method overload that takes a 'StringComparison' parameter. Replace this call in 'HazinaAgentConfigParser.Parse(string)' with a call to 'string.IndexOf(char, System.StringComparison)' for clarity of intent. (https://learn.microsoft.com/dotnet/fundamentals/code-analysis/quality-rules/ca1307) [C:\Projects\Hazina\src\Core\Agents\Hazina.AgentFactory\Hazina.AgentFactory.csproj::TargetFramework=net9.0]
C:\Projects\Hazina\src\Core\Agents\Hazina.AgentFactory\Configuration\Parsers\HazinaAgentConfigParser.cs(70,146): warning CA1820: Test for empty strings using 'string.Length' property or 'string.IsNullOrEmpty' method instead of an Equality check (https://learn.microsoft.com/dotnet/fundamentals/code-analysis/quality-rules/ca1820) [C:\Projects\Hazina\src\Core\Agents\Hazina.AgentFactory\Hazina.AgentFactory.csproj::TargetFramework=net9.0]
C:\Projects\Hazina\src\Core\Agents\Hazina.AgentFactory\Configuration\Parsers\HazinaAgentConfigParser.cs(73,148): warning CA1820: Test for empty strings using 'string.Length' property or 'string.IsNullOrEmpty' method instead of an Equality check (https://learn.microsoft.com/dotnet/fundamentals/code-analysis/quality-rules/ca1820) [C:\Projects\Hazina\src\Core\Agents\Hazina.AgentFactory\Hazina.AgentFactory.csproj::TargetFramework=net9.0]
C:\Projects\Hazina\src\Core\Agents\Hazina.AgentFactory\Configuration\Parsers\HazinaAgentConfigParser.cs(76,148): warning CA1820: Test for empty strings using 'string.Length' property or 'string.IsNullOrEmpty' method instead of an Equality check (https://learn.microsoft.com/dotnet/fundamentals/code-analysis/quality-rules/ca1820) [C:\Projects\Hazina\src\Core\Agents\Hazina.AgentFactory\Hazina.AgentFactory.csproj::TargetFramework=net9.0]
C:\Projects\Hazina\src\Core\Agents\Hazina.AgentFactory\Services\Tools\ToolRegistrationService.cs(107,32): warning MA0004: Use Task.ConfigureAwait(false) if the current SynchronizationContext is not needed (https://github.com/meziantou/Meziantou.Analyzer/blob/main/docs/Rules/MA0004.md) [C:\Projects\Hazina\src\Core\Agents\Hazina.AgentFactory\Hazina.AgentFactory.csproj::TargetFramework=net9.0]
C:\Projects\Hazina\src\Core\Agents\Hazina.AgentFactory\Services\Tools\ToolRegistrationService.cs(121,28): warning MA0004: Use Task.ConfigureAwait(false) if the current SynchronizationContext is not needed (https://github.com/meziantou/Meziantou.Analyzer/blob/main/docs/Rules/MA0004.md) [C:\Projects\Hazina\src\Core\Agents\Hazina.AgentFactory\Hazina.AgentFactory.csproj::TargetFramework=net9.0]
C:\Projects\Hazina\src\Core\Agents\Hazina.AgentFactory\Configuration\Parsers\HazinaAgentConfigParser.cs(19,31): warning CA1062: In externally visible method 'string HazinaAgentConfigParser.Serialize(IEnumerable<AgentConfig> agents)', validate parameter 'agents' is non-null before using it. If appropriate, throw an 'ArgumentNullException' when the argument is 'null'. (https://learn.microsoft.com/dotnet/fundamentals/code-analysis/quality-rules/ca1062) [C:\Projects\Hazina\src\Core\Agents\Hazina.AgentFactory\Hazina.AgentFactory.csproj::TargetFramework=net9.0]
C:\Projects\Hazina\src\Core\Agents\Hazina.AgentFactory\Services\Tools\ToolRegistrationService.cs(96,56): warning MA0006: Use string.Equals instead of Equals operator (https://github.com/meziantou/Meziantou.Analyzer/blob/main/docs/Rules/MA0006.md) [C:\Projects\Hazina\src\Core\Agents\Hazina.AgentFactory\Hazina.AgentFactory.csproj::TargetFramework=net9.0]
C:\Projects\Hazina\src\Core\Agents\Hazina.AgentFactory\Services\Email\IEmailService.cs(8,38): warning CA1716: In virtual/interface member IEmailService.SendEmailAsync(string, string, string, CancellationToken), rename parameter to so that it no longer conflicts with the reserved language keyword 'To'. Using a reserved keyword as the name of a parameter on a virtual/interface member makes it harder for consumers in other languages to override/implement the member. (https://learn.microsoft.com/dotnet/fundamentals/code-analysis/quality-rules/ca1716) [C:\Projects\Hazina\src\Core\Agents\Hazina.AgentFactory\Hazina.AgentFactory.csproj::TargetFramework=net9.0]
C:\Projects\Hazina\src\Core\Agents\Hazina.AgentFactory\Services\Email\IEmailService.cs(9,5): warning MA0016: Prefer using collection abstraction instead of implementation (https://github.com/meziantou/Meziantou.Analyzer/blob/main/docs/Rules/MA0016.md) [C:\Projects\Hazina\src\Core\Agents\Hazina.AgentFactory\Hazina.AgentFactory.csproj::TargetFramework=net9.0]
C:\Projects\Hazina\src\Core\Agents\Hazina.AgentFactory\Services\Email\IEmailService.cs(13,5): warning MA0016: Prefer using collection abstraction instead of implementation (https://github.com/meziantou/Meziantou.Analyzer/blob/main/docs/Rules/MA0016.md) [C:\Projects\Hazina\src\Core\Agents\Hazina.AgentFactory\Hazina.AgentFactory.csproj::TargetFramework=net9.0]
C:\Projects\Hazina\src\Core\Agents\Hazina.AgentFactory\Core\StoresAndAgentsAndFlowLoader.cs(16,40): warning CA1707: In member Hazina.AgentFactory.Core.StoresAndAgentsAndFlowLoader.LoadFiles(string, string, string), remove the underscores from parameter name _storesJsonPath (https://learn.microsoft.com/dotnet/fundamentals/code-analysis/quality-rules/ca1707) [C:\Projects\Hazina\src\Core\Agents\Hazina.AgentFactory\Hazina.AgentFactory.csproj::TargetFramework=net9.0]
C:\Projects\Hazina\src\Core\Agents\Hazina.AgentFactory\Core\StoresAndAgentsAndFlowLoader.cs(16,64): warning CA1707: In member Hazina.AgentFactory.Core.StoresAndAgentsAndFlowLoader.LoadFiles(string, string, string), remove the underscores from parameter name _agentsJsonPath (https://learn.microsoft.com/dotnet/fundamentals/code-analysis/quality-rules/ca1707) [C:\Projects\Hazina\src\Core\Agents\Hazina.AgentFactory\Hazina.AgentFactory.csproj::TargetFramework=net9.0]
C:\Projects\Hazina\src\Core\Agents\Hazina.AgentFactory\Core\StoresAndAgentsAndFlowLoader.cs(16,88): warning CA1707: In member Hazina.AgentFactory.Core.StoresAndAgentsAndFlowLoader.LoadFiles(string, string, string), remove the underscores from parameter name _flowsJsonPath (https://learn.microsoft.com/dotnet/fundamentals/code-analysis/quality-rules/ca1707) [C:\Projects\Hazina\src\Core\Agents\Hazina.AgentFactory\Hazina.AgentFactory.csproj::TargetFramework=net9.0]
C:\Projects\Hazina\src\Core\Agents\Hazina.AgentFactory\Core\StoresAndAgentsAndFlowLoader.cs(22,13): warning SA1503: Braces should not be omitted (https://github.com/DotNetAnalyzers/StyleCopAnalyzers/blob/master/documentation/SA1503.md) [C:\Projects\Hazina\src\Core\Agents\Hazina.AgentFactory\Hazina.AgentFactory.csproj::TargetFramework=net9.0]
C:\Projects\Hazina\src\Core\Agents\Hazina.AgentFactory\Core\StoresAndAgentsAndFlowLoader.cs(24,13): warning SA1503: Braces should not be omitted (https://github.com/DotNetAnalyzers/StyleCopAnalyzers/blob/master/documentation/SA1503.md) [C:\Projects\Hazina\src\Core\Agents\Hazina.AgentFactory\Hazina.AgentFactory.csproj::TargetFramework=net9.0]
C:\Projects\Hazina\src\Core\Agents\Hazina.AgentFactory\Core\StoresAndAgentsAndFlowLoader.cs(26,13): warning SA1503: Braces should not be omitted (https://github.com/DotNetAnalyzers/StyleCopAnalyzers/blob/master/documentation/SA1503.md) [C:\Projects\Hazina\src\Core\Agents\Hazina.AgentFactory\Hazina.AgentFactory.csproj::TargetFramework=net9.0]
C:\Projects\Hazina\src\Core\Agents\Hazina.AgentFactory\Core\StoresAndAgentsAndFlowLoader.cs(16,40): warning SA1313: Parameter '_storesJsonPath' should begin with lower-case letter (https://github.com/DotNetAnalyzers/StyleCopAnalyzers/blob/master/documentation/SA1313.md) [C:\Projects\Hazina\src\Core\Agents\Hazina.AgentFactory\Hazina.AgentFactory.csproj::TargetFramework=net9.0]
C:\Projects\Hazina\src\Core\Agents\Hazina.AgentFactory\Core\StoresAndAgentsAndFlowLoader.cs(16,64): warning SA1313: Parameter '_agentsJsonPath' should begin with lower-case letter (https://github.com/DotNetAnalyzers/StyleCopAnalyzers/blob/master/documentation/SA1313.md) [C:\Projects\Hazina\src\Core\Agents\Hazina.AgentFactory\Hazina.AgentFactory.csproj::TargetFramework=net9.0]
C:\Projects\Hazina\src\Core\Agents\Hazina.AgentFactory\Core\StoresAndAgentsAndFlowLoader.cs(16,88): warning SA1313: Parameter '_flowsJsonPath' should begin with lower-case letter (https://github.com/DotNetAnalyzers/StyleCopAnalyzers/blob/master/documentation/SA1313.md) [C:\Projects\Hazina\src\Core\Agents\Hazina.AgentFactory\Hazina.AgentFactory.csproj::TargetFramework=net9.0]
C:\Projects\Hazina\src\Core\Agents\Hazina.AgentFactory\Core\StoresAndAgentsAndFlowLoader.cs(27,22): warning CA1849: 'File.ReadAllText(string)' synchronously blocks. Await 'File.ReadAllTextAsync(string, CancellationToken)' instead. (https://learn.microsoft.com/dotnet/fundamentals/code-analysis/quality-rules/ca1849) [C:\Projects\Hazina\src\Core\Agents\Hazina.AgentFactory\Hazina.AgentFactory.csproj::TargetFramework=net9.0]
C:\Projects\Hazina\src\Core\Agents\Hazina.AgentFactory\Core\StoresAndAgentsAndFlowLoader.cs(28,22): warning CA1849: 'File.ReadAllText(string)' synchronously blocks. Await 'File.ReadAllTextAsync(string, CancellationToken)' instead. (https://learn.microsoft.com/dotnet/fundamentals/code-analysis/quality-rules/ca1849) [C:\Projects\Hazina\src\Core\Agents\Hazina.AgentFactory\Hazina.AgentFactory.csproj::TargetFramework=net9.0]
C:\Projects\Hazina\src\Core\Agents\Hazina.AgentFactory\Core\StoresAndAgentsAndFlowLoader.cs(29,21): warning CA1849: 'File.ReadAllText(string)' synchronously blocks. Await 'File.ReadAllTextAsync(string, CancellationToken)' instead. (https://learn.microsoft.com/dotnet/fundamentals/code-analysis/quality-rules/ca1849) [C:\Projects\Hazina\src\Core\Agents\Hazina.AgentFactory\Hazina.AgentFactory.csproj::TargetFramework=net9.0]
C:\Projects\Hazina\src\Core\Agents\Hazina.AgentFactory\Core\StoresAndAgentsAndFlowLoader.cs(31,9): warning MA0004: Use Task.ConfigureAwait(false) if the current SynchronizationContext is not needed (https://github.com/meziantou/Meziantou.Analyzer/blob/main/docs/Rules/MA0004.md) [C:\Projects\Hazina\src\Core\Agents\Hazina.AgentFactory\Hazina.AgentFactory.csproj::TargetFramework=net9.0]
C:\Projects\Hazina\src\Core\Agents\Hazina.AgentFactory\Services\Tools\ToolRegistrationService.cs(129,36): warning S6602: "Find" method should be used instead of the "FirstOrDefault" extension method. (https://rules.sonarsource.com/csharp/RSPEC-6602) [C:\Projects\Hazina\src\Core\Agents\Hazina.AgentFactory\Hazina.AgentFactory.csproj::TargetFramework=net9.0]
C:\Projects\Hazina\src\Core\Agents\Hazina.AgentFactory\Services\Execution\AgentExecutionService.cs(24,33): warning CA1002: Change 'List<HazinaChatMessage>' in 'AgentExecutionService.AgentExecutionService(Dictionary<string, HazinaAgent>, Dictionary<string, HazinaFlow>, List<HazinaChatMessage>, Func<bool>, Action<bool>)' to use 'Collection<T>', 'ReadOnlyCollection<T>' or 'KeyedCollection<K,V>' (https://learn.microsoft.com/dotnet/fundamentals/code-analysis/quality-rules/ca1002) [C:\Projects\Hazina\src\Core\Agents\Hazina.AgentFactory\Hazina.AgentFactory.csproj::TargetFramework=net9.0]
C:\Projects\Hazina\src\Core\Agents\Hazina.AgentFactory\Services\Execution\AgentExecutionService.cs(22,9): warning MA0016: Prefer using collection abstraction instead of implementation (https://github.com/meziantou/Meziantou.Analyzer/blob/main/docs/Rules/MA0016.md) [C:\Projects\Hazina\src\Core\Agents\Hazina.AgentFactory\Hazina.AgentFactory.csproj::TargetFramework=net9.0]
C:\Projects\Hazina\src\Core\Agents\Hazina.AgentFactory\Services\Execution\AgentExecutionService.cs(23,9): warning MA0016: Prefer using collection abstraction instead of implementation (https://github.com/meziantou/Meziantou.Analyzer/blob/main/docs/Rules/MA0016.md) [C:\Projects\Hazina\src\Core\Agents\Hazina.AgentFactory\Hazina.AgentFactory.csproj::TargetFramework=net9.0]
C:\Projects\Hazina\src\Core\Agents\Hazina.AgentFactory\Services\Execution\AgentExecutionService.cs(24,9): warning MA0016: Prefer using collection abstraction instead of implementation (https://github.com/meziantou/Meziantou.Analyzer/blob/main/docs/Rules/MA0016.md) [C:\Projects\Hazina\src\Core\Agents\Hazina.AgentFactory\Hazina.AgentFactory.csproj::TargetFramework=net9.0]
C:\Projects\Hazina\src\Core\Agents\Hazina.AgentFactory\Configuration\Validation\ValidationDiagnostic.cs(40,92): warning SA1122: Use string.Empty for empty strings (https://github.com/DotNetAnalyzers/StyleCopAnalyzers/blob/master/documentation/SA1122.md) [C:\Projects\Hazina\src\Core\Agents\Hazina.AgentFactory\Hazina.AgentFactory.csproj::TargetFramework=net9.0]
C:\Projects\Hazina\src\Core\Agents\Hazina.AgentFactory\Configuration\Validation\ValidationDiagnostic.cs(41,94): warning SA1122: Use string.Empty for empty strings (https://github.com/DotNetAnalyzers/StyleCopAnalyzers/blob/master/documentation/SA1122.md) [C:\Projects\Hazina\src\Core\Agents\Hazina.AgentFactory\Hazina.AgentFactory.csproj::TargetFramework=net9.0]
C:\Projects\Hazina\src\Core\Agents\Hazina.AgentFactory\Tests\HazinaAgentConfigParserTests.cs(1,1): warning S125: Remove this commented out code. (https://rules.sonarsource.com/csharp/RSPEC-125) [C:\Projects\Hazina\src\Core\Agents\Hazina.AgentFactory\Hazina.AgentFactory.csproj::TargetFramework=net9.0]
C:\Projects\Hazina\src\Core\Agents\Hazina.AgentFactory\Tests\HazinaAgentConfigParserTests.cs(1,1): warning SA1633: The file header XML is invalid. (https://github.com/DotNetAnalyzers/StyleCopAnalyzers/blob/master/documentation/SA1633.md) [C:\Projects\Hazina\src\Core\Agents\Hazina.AgentFactory\Hazina.AgentFactory.csproj::TargetFramework=net9.0]
C:\Projects\Hazina\src\Core\Agents\Hazina.AgentFactory\Tests\HazinaAgentConfigParserTests.cs(1,1): warning SA1005: Single line comment should begin with a space (https://github.com/DotNetAnalyzers/StyleCopAnalyzers/blob/master/documentation/SA1005.md) [C:\Projects\Hazina\src\Core\Agents\Hazina.AgentFactory\Hazina.AgentFactory.csproj::TargetFramework=net9.0]
C:\Projects\Hazina\src\Core\Agents\Hazina.AgentFactory\Tests\HazinaAgentConfigParserTests.cs(2,1): warning SA1005: Single line comment should begin with a space (https://github.com/DotNetAnalyzers/StyleCopAnalyzers/blob/master/documentation/SA1005.md) [C:\Projects\Hazina\src\Core\Agents\Hazina.AgentFactory\Hazina.AgentFactory.csproj::TargetFramework=net9.0]
C:\Projects\Hazina\src\Core\Agents\Hazina.AgentFactory\Tests\HazinaAgentConfigParserTests.cs(3,1): warning SA1005: Single line comment should begin with a space (https://github.com/DotNetAnalyzers/StyleCopAnalyzers/blob/master/documentation/SA1005.md) [C:\Projects\Hazina\src\Core\Agents\Hazina.AgentFactory\Hazina.AgentFactory.csproj::TargetFramework=net9.0]
C:\Projects\Hazina\src\Core\Agents\Hazina.AgentFactory\Tests\HazinaAgentConfigParserTests.cs(4,1): warning SA1005: Single line comment should begin with a space (https://github.com/DotNetAnalyzers/StyleCopAnalyzers/blob/master/documentation/SA1005.md) [C:\Projects\Hazina\src\Core\Agents\Hazina.AgentFactory\Hazina.AgentFactory.csproj::TargetFramework=net9.0]
C:\Projects\Hazina\src\Core\Agents\Hazina.AgentFactory\Tests\HazinaAgentConfigParserTests.cs(6,1): warning SA1005: Single line comment should begin with a space (https://github.com/DotNetAnalyzers/StyleCopAnalyzers/blob/master/documentation/SA1005.md) [C:\Projects\Hazina\src\Core\Agents\Hazina.AgentFactory\Hazina.AgentFactory.csproj::TargetFramework=net9.0]
C:\Projects\Hazina\src\Core\Agents\Hazina.AgentFactory\Tests\HazinaAgentConfigParserTests.cs(7,1): warning SA1005: Single line comment should begin with a space (https://github.com/DotNetAnalyzers/StyleCopAnalyzers/blob/master/documentation/SA1005.md) [C:\Projects\Hazina\src\Core\Agents\Hazina.AgentFactory\Hazina.AgentFactory.csproj::TargetFramework=net9.0]
C:\Projects\Hazina\src\Core\Agents\Hazina.AgentFactory\Tests\HazinaAgentConfigParserTests.cs(41,1): warning SA1005: Single line comment should begin with a space (https://github.com/DotNetAnalyzers/StyleCopAnalyzers/blob/master/documentation/SA1005.md) [C:\Projects\Hazina\src\Core\Agents\Hazina.AgentFactory\Hazina.AgentFactory.csproj::TargetFramework=net9.0]
C:\Projects\Hazina\src\Core\Agents\Hazina.AgentFactory\Tests\HazinaAgentConfigParserTests.cs(58,1): warning SA1005: Single line comment should begin with a space (https://github.com/DotNetAnalyzers/StyleCopAnalyzers/blob/master/documentation/SA1005.md) [C:\Projects\Hazina\src\Core\Agents\Hazina.AgentFactory\Hazina.AgentFactory.csproj::TargetFramework=net9.0]
C:\Projects\Hazina\src\Core\Agents\Hazina.AgentFactory\Tests\HazinaAgentConfigParserTests.cs(136,1): warning SA1005: Single line comment should begin with a space (https://github.com/DotNetAnalyzers/StyleCopAnalyzers/blob/master/documentation/SA1005.md) [C:\Projects\Hazina\src\Core\Agents\Hazina.AgentFactory\Hazina.AgentFactory.csproj::TargetFramework=net9.0]
C:\Projects\Hazina\src\Core\Agents\Hazina.AgentFactory\Tests\HazinaStoreConfigParserTests.cs(1,1): warning S125: Remove this commented out code. (https://rules.sonarsource.com/csharp/RSPEC-125) [C:\Projects\Hazina\src\Core\Agents\Hazina.AgentFactory\Hazina.AgentFactory.csproj::TargetFramework=net9.0]
C:\Projects\Hazina\src\Core\Agents\Hazina.AgentFactory\Tests\HazinaStoreConfigParserTests.cs(1,1): warning SA1633: The file header XML is invalid. (https://github.com/DotNetAnalyzers/StyleCopAnalyzers/blob/master/documentation/SA1633.md) [C:\Projects\Hazina\src\Core\Agents\Hazina.AgentFactory\Hazina.AgentFactory.csproj::TargetFramework=net9.0]
C:\Projects\Hazina\src\Core\Agents\Hazina.AgentFactory\Tests\HazinaStoreConfigParserTests.cs(1,1): warning SA1005: Single line comment should begin with a space (https://github.com/DotNetAnalyzers/StyleCopAnalyzers/blob/master/documentation/SA1005.md) [C:\Projects\Hazina\src\Core\Agents\Hazina.AgentFactory\Hazina.AgentFactory.csproj::TargetFramework=net9.0]
C:\Projects\Hazina\src\Core\Agents\Hazina.AgentFactory\Tests\HazinaStoreConfigParserTests.cs(2,1): warning SA1005: Single line comment should begin with a space (https://github.com/DotNetAnalyzers/StyleCopAnalyzers/blob/master/documentation/SA1005.md) [C:\Projects\Hazina\src\Core\Agents\Hazina.AgentFactory\Hazina.AgentFactory.csproj::TargetFramework=net9.0]
C:\Projects\Hazina\src\Core\Agents\Hazina.AgentFactory\Tests\HazinaStoreConfigParserTests.cs(3,1): warning SA1005: Single line comment should begin with a space (https://github.com/DotNetAnalyzers/StyleCopAnalyzers/blob/master/documentation/SA1005.md) [C:\Projects\Hazina\src\Core\Agents\Hazina.AgentFactory\Hazina.AgentFactory.csproj::TargetFramework=net9.0]
C:\Projects\Hazina\src\Core\Agents\Hazina.AgentFactory\Tests\HazinaStoreConfigParserTests.cs(5,1): warning SA1005: Single line comment should begin with a space (https://github.com/DotNetAnalyzers/StyleCopAnalyzers/blob/master/documentation/SA1005.md) [C:\Projects\Hazina\src\Core\Agents\Hazina.AgentFactory\Hazina.AgentFactory.csproj::TargetFramework=net9.0]
C:\Projects\Hazina\src\Core\Agents\Hazina.AgentFactory\Tests\HazinaStoreConfigParserTests.cs(6,1): warning SA1005: Single line comment should begin with a space (https://github.com/DotNetAnalyzers/StyleCopAnalyzers/blob/master/documentation/SA1005.md) [C:\Projects\Hazina\src\Core\Agents\Hazina.AgentFactory\Hazina.AgentFactory.csproj::TargetFramework=net9.0]
C:\Projects\Hazina\src\Core\Agents\Hazina.AgentFactory\Tests\HazinaStoreConfigParserTests.cs(8,1): warning SA1005: Single line comment should begin with a space (https://github.com/DotNetAnalyzers/StyleCopAnalyzers/blob/master/documentation/SA1005.md) [C:\Projects\Hazina\src\Core\Agents\Hazina.AgentFactory\Hazina.AgentFactory.csproj::TargetFramework=net9.0]
C:\Projects\Hazina\src\Core\Agents\Hazina.AgentFactory\Tests\HazinaStoreConfigParserTests.cs(9,1): warning SA1005: Single line comment should begin with a space (https://github.com/DotNetAnalyzers/StyleCopAnalyzers/blob/master/documentation/SA1005.md) [C:\Projects\Hazina\src\Core\Agents\Hazina.AgentFactory\Hazina.AgentFactory.csproj::TargetFramework=net9.0]
C:\Projects\Hazina\src\Core\Agents\Hazina.AgentFactory\Tests\HazinaStoreConfigParserTests.cs(10,1): warning SA1005: Single line comment should begin with a space (https://github.com/DotNetAnalyzers/StyleCopAnalyzers/blob/master/documentation/SA1005.md) [C:\Projects\Hazina\src\Core\Agents\Hazina.AgentFactory\Hazina.AgentFactory.csproj::TargetFramework=net9.0]
C:\Projects\Hazina\src\Core\Agents\Hazina.AgentFactory\Tests\HazinaStoreConfigParserTests.cs(11,1): warning SA1005: Single line comment should begin with a space (https://github.com/DotNetAnalyzers/StyleCopAnalyzers/blob/master/documentation/SA1005.md) [C:\Projects\Hazina\src\Core\Agents\Hazina.AgentFactory\Hazina.AgentFactory.csproj::TargetFramework=net9.0]
C:\Projects\Hazina\src\Core\Agents\Hazina.AgentFactory\Tests\HazinaStoreConfigParserTests.cs(12,1): warning SA1005: Single line comment should begin with a space (https://github.com/DotNetAnalyzers/StyleCopAnalyzers/blob/master/documentation/SA1005.md) [C:\Projects\Hazina\src\Core\Agents\Hazina.AgentFactory\Hazina.AgentFactory.csproj::TargetFramework=net9.0]
C:\Projects\Hazina\src\Core\Agents\Hazina.AgentFactory\Tests\HazinaStoreConfigParserTests.cs(14,1): warning SA1005: Single line comment should begin with a space (https://github.com/DotNetAnalyzers/StyleCopAnalyzers/blob/master/documentation/SA1005.md) [C:\Projects\Hazina\src\Core\Agents\Hazina.AgentFactory\Hazina.AgentFactory.csproj::TargetFramework=net9.0]
C:\Projects\Hazina\src\Core\Agents\Hazina.AgentFactory\Tests\HazinaStoreConfigParserTests.cs(15,1): warning SA1005: Single line comment should begin with a space (https://github.com/DotNetAnalyzers/StyleCopAnalyzers/blob/master/documentation/SA1005.md) [C:\Projects\Hazina\src\Core\Agents\Hazina.AgentFactory\Hazina.AgentFactory.csproj::TargetFramework=net9.0]
C:\Projects\Hazina\src\Core\Agents\Hazina.AgentFactory\Tests\HazinaStoreConfigParserTests.cs(16,1): warning SA1005: Single line comment should begin with a space (https://github.com/DotNetAnalyzers/StyleCopAnalyzers/blob/master/documentation/SA1005.md) [C:\Projects\Hazina\src\Core\Agents\Hazina.AgentFactory\Hazina.AgentFactory.csproj::TargetFramework=net9.0]
C:\Projects\Hazina\src\Core\Agents\Hazina.AgentFactory\Tests\HazinaStoreConfigParserTests.cs(17,1): warning SA1005: Single line comment should begin with a space (https://github.com/DotNetAnalyzers/StyleCopAnalyzers/blob/master/documentation/SA1005.md) [C:\Projects\Hazina\src\Core\Agents\Hazina.AgentFactory\Hazina.AgentFactory.csproj::TargetFramework=net9.0]
C:\Projects\Hazina\src\Core\Agents\Hazina.AgentFactory\Tests\HazinaStoreConfigParserTests.cs(18,1): warning SA1005: Single line comment should begin with a space (https://github.com/DotNetAnalyzers/StyleCopAnalyzers/blob/master/documentation/SA1005.md) [C:\Projects\Hazina\src\Core\Agents\Hazina.AgentFactory\Hazina.AgentFactory.csproj::TargetFramework=net9.0]
C:\Projects\Hazina\src\Core\Agents\Hazina.AgentFactory\Tests\HazinaStoreConfigParserTests.cs(19,1): warning SA1005: Single line comment should begin with a space (https://github.com/DotNetAnalyzers/StyleCopAnalyzers/blob/master/documentation/SA1005.md) [C:\Projects\Hazina\src\Core\Agents\Hazina.AgentFactory\Hazina.AgentFactory.csproj::TargetFramework=net9.0]
C:\Projects\Hazina\src\Core\Agents\Hazina.AgentFactory\Tests\HazinaStoreConfigParserTests.cs(20,1): warning SA1005: Single line comment should begin with a space (https://github.com/DotNetAnalyzers/StyleCopAnalyzers/blob/master/documentation/SA1005.md) [C:\Projects\Hazina\src\Core\Agents\Hazina.AgentFactory\Hazina.AgentFactory.csproj::TargetFramework=net9.0]
C:\Projects\Hazina\src\Core\Agents\Hazina.AgentFactory\Tests\HazinaStoreConfigParserTests.cs(22,1): warning SA1005: Single line comment should begin with a space (https://github.com/DotNetAnalyzers/StyleCopAnalyzers/blob/master/documentation/SA1005.md) [C:\Projects\Hazina\src\Core\Agents\Hazina.AgentFactory\Hazina.AgentFactory.csproj::TargetFramework=net9.0]
C:\Projects\Hazina\src\Core\Agents\Hazina.AgentFactory\Tests\HazinaStoreConfigParserTests.cs(31,1): warning SA1005: Single line comment should begin with a space (https://github.com/DotNetAnalyzers/StyleCopAnalyzers/blob/master/documentation/SA1005.md) [C:\Projects\Hazina\src\Core\Agents\Hazina.AgentFactory\Hazina.AgentFactory.csproj::TargetFramework=net9.0]
C:\Projects\Hazina\src\Core\Agents\Hazina.AgentFactory\Tests\HazinaStoreConfigParserTests.cs(52,1): warning SA1005: Single line comment should begin with a space (https://github.com/DotNetAnalyzers/StyleCopAnalyzers/blob/master/documentation/SA1005.md) [C:\Projects\Hazina\src\Core\Agents\Hazina.AgentFactory\Hazina.AgentFactory.csproj::TargetFramework=net9.0]
C:\Projects\Hazina\src\Core\Agents\Hazina.AgentFactory\Tests\HazinaStoreConfigParserTests.cs(60,1): warning SA1005: Single line comment should begin with a space (https://github.com/DotNetAnalyzers/StyleCopAnalyzers/blob/master/documentation/SA1005.md) [C:\Projects\Hazina\src\Core\Agents\Hazina.AgentFactory\Hazina.AgentFactory.csproj::TargetFramework=net9.0]
C:\Projects\Hazina\src\Core\Agents\Hazina.AgentFactory\Tests\HazinaStoreConfigParserTests.cs(18,16): warning SA1028: Code should not contain trailing whitespace (https://github.com/DotNetAnalyzers/StyleCopAnalyzers/blob/master/documentation/SA1028.md) [C:\Projects\Hazina\src\Core\Agents\Hazina.AgentFactory\Hazina.AgentFactory.csproj::TargetFramework=net9.0]
C:\Projects\Hazina\src\Core\Agents\Hazina.AgentFactory\Tests\HazinaStoreConfigParserTests.cs(19,18): warning SA1028: Code should not contain trailing whitespace (https://github.com/DotNetAnalyzers/StyleCopAnalyzers/blob/master/documentation/SA1028.md) [C:\Projects\Hazina\src\Core\Agents\Hazina.AgentFactory\Hazina.AgentFactory.csproj::TargetFramework=net9.0]
C:\Projects\Hazina\src\Core\Agents\Hazina.AgentFactory\Tests\StoreConfigFormatHelperTests.cs(1,1): warning S125: Remove this commented out code. (https://rules.sonarsource.com/csharp/RSPEC-125) [C:\Projects\Hazina\src\Core\Agents\Hazina.AgentFactory\Hazina.AgentFactory.csproj::TargetFramework=net9.0]
C:\Projects\Hazina\src\Core\Agents\Hazina.AgentFactory\Tests\StoreConfigFormatHelperTests.cs(1,1): warning SA1633: The file header XML is invalid. (https://github.com/DotNetAnalyzers/StyleCopAnalyzers/blob/master/documentation/SA1633.md) [C:\Projects\Hazina\src\Core\Agents\Hazina.AgentFactory\Hazina.AgentFactory.csproj::TargetFramework=net9.0]
C:\Projects\Hazina\src\Core\Agents\Hazina.AgentFactory\Tests\StoreConfigFormatHelperTests.cs(1,1): warning SA1005: Single line comment should begin with a space (https://github.com/DotNetAnalyzers/StyleCopAnalyzers/blob/master/documentation/SA1005.md) [C:\Projects\Hazina\src\Core\Agents\Hazina.AgentFactory\Hazina.AgentFactory.csproj::TargetFramework=net9.0]
C:\Projects\Hazina\src\Core\Agents\Hazina.AgentFactory\Tests\StoreConfigFormatHelperTests.cs(2,1): warning SA1005: Single line comment should begin with a space (https://github.com/DotNetAnalyzers/StyleCopAnalyzers/blob/master/documentation/SA1005.md) [C:\Projects\Hazina\src\Core\Agents\Hazina.AgentFactory\Hazina.AgentFactory.csproj::TargetFramework=net9.0]
C:\Projects\Hazina\src\Core\Agents\Hazina.AgentFactory\Tests\StoreConfigFormatHelperTests.cs(3,1): warning SA1005: Single line comment should begin with a space (https://github.com/DotNetAnalyzers/StyleCopAnalyzers/blob/master/documentation/SA1005.md) [C:\Projects\Hazina\src\Core\Agents\Hazina.AgentFactory\Hazina.AgentFactory.csproj::TargetFramework=net9.0]
C:\Projects\Hazina\src\Core\Agents\Hazina.AgentFactory\Tests\StoreConfigFormatHelperTests.cs(5,1): warning SA1005: Single line comment should begin with a space (https://github.com/DotNetAnalyzers/StyleCopAnalyzers/blob/master/documentation/SA1005.md) [C:\Projects\Hazina\src\Core\Agents\Hazina.AgentFactory\Hazina.AgentFactory.csproj::TargetFramework=net9.0]
C:\Projects\Hazina\src\Core\Agents\Hazina.AgentFactory\Tests\StoreConfigFormatHelperTests.cs(6,1): warning SA1005: Single line comment should begin with a space (https://github.com/DotNetAnalyzers/StyleCopAnalyzers/blob/master/documentation/SA1005.md) [C:\Projects\Hazina\src\Core\Agents\Hazina.AgentFactory\Hazina.AgentFactory.csproj::TargetFramework=net9.0]
C:\Projects\Hazina\src\Core\Agents\Hazina.AgentFactory\Tests\StoreConfigFormatHelperTests.cs(11,1): warning SA1005: Single line comment should begin with a space (https://github.com/DotNetAnalyzers/StyleCopAnalyzers/blob/master/documentation/SA1005.md) [C:\Projects\Hazina\src\Core\Agents\Hazina.AgentFactory\Hazina.AgentFactory.csproj::TargetFramework=net9.0]
C:\Projects\Hazina\src\Core\Agents\Hazina.AgentFactory\Tests\StoreConfigFormatHelperTests.cs(13,1): warning SA1005: Single line comment should begin with a space (https://github.com/DotNetAnalyzers/StyleCopAnalyzers/blob/master/documentation/SA1005.md) [C:\Projects\Hazina\src\Core\Agents\Hazina.AgentFactory\Hazina.AgentFactory.csproj::TargetFramework=net9.0]
C:\Projects\Hazina\src\Core\Agents\Hazina.AgentFactory\Tests\StoreConfigFormatHelperTests.cs(15,1): warning SA1005: Single line comment should begin with a space (https://github.com/DotNetAnalyzers/StyleCopAnalyzers/blob/master/documentation/SA1005.md) [C:\Projects\Hazina\src\Core\Agents\Hazina.AgentFactory\Hazina.AgentFactory.csproj::TargetFramework=net9.0]
C:\Projects\Hazina\src\Core\Agents\Hazina.AgentFactory\Tests\StoreConfigFormatHelperTests.cs(18,1): warning SA1005: Single line comment should begin with a space (https://github.com/DotNetAnalyzers/StyleCopAnalyzers/blob/master/documentation/SA1005.md) [C:\Projects\Hazina\src\Core\Agents\Hazina.AgentFactory\Hazina.AgentFactory.csproj::TargetFramework=net9.0]
C:\Projects\Hazina\src\Core\Agents\Hazina.AgentFactory\Tests\StoreConfigFormatHelperTests.cs(25,1): warning SA1005: Single line comment should begin with a space (https://github.com/DotNetAnalyzers/StyleCopAnalyzers/blob/master/documentation/SA1005.md) [C:\Projects\Hazina\src\Core\Agents\Hazina.AgentFactory\Hazina.AgentFactory.csproj::TargetFramework=net9.0]
C:\Projects\Hazina\src\Core\Agents\Hazina.AgentFactory\Tests\StoreConfigFormatHelperTests.cs(31,1): warning SA1005: Single line comment should begin with a space (https://github.com/DotNetAnalyzers/StyleCopAnalyzers/blob/master/documentation/SA1005.md) [C:\Projects\Hazina\src\Core\Agents\Hazina.AgentFactory\Hazina.AgentFactory.csproj::TargetFramework=net9.0]
C:\Projects\Hazina\src\Core\Agents\Hazina.AgentFactory\Tests\StoreConfigFormatHelperTests.cs(40,1): warning SA1005: Single line comment should begin with a space (https://github.com/DotNetAnalyzers/StyleCopAnalyzers/blob/master/documentation/SA1005.md) [C:\Projects\Hazina\src\Core\Agents\Hazina.AgentFactory\Hazina.AgentFactory.csproj::TargetFramework=net9.0]
C:\Projects\Hazina\src\Core\Agents\Hazina.AgentFactory\Tests\StoreConfigFormatHelperTests.cs(54,1): warning SA1005: Single line comment should begin with a space (https://github.com/DotNetAnalyzers/StyleCopAnalyzers/blob/master/documentation/SA1005.md) [C:\Projects\Hazina\src\Core\Agents\Hazina.AgentFactory\Hazina.AgentFactory.csproj::TargetFramework=net9.0]
C:\Projects\Hazina\src\Core\Agents\Hazina.AgentFactory\Tests\StoreConfigFormatHelperTests.cs(68,1): warning SA1005: Single line comment should begin with a space (https://github.com/DotNetAnalyzers/StyleCopAnalyzers/blob/master/documentation/SA1005.md) [C:\Projects\Hazina\src\Core\Agents\Hazina.AgentFactory\Hazina.AgentFactory.csproj::TargetFramework=net9.0]
C:\Projects\Hazina\src\Core\Agents\Hazina.AgentFactory\Tests\StoreConfigFormatHelperTests.cs(75,1): warning SA1005: Single line comment should begin with a space (https://github.com/DotNetAnalyzers/StyleCopAnalyzers/blob/master/documentation/SA1005.md) [C:\Projects\Hazina\src\Core\Agents\Hazina.AgentFactory\Hazina.AgentFactory.csproj::TargetFramework=net9.0]
C:\Projects\Hazina\src\Core\Agents\Hazina.AgentFactory\Tests\StoreConfigFormatHelperTests.cs(84,1): warning SA1005: Single line comment should begin with a space (https://github.com/DotNetAnalyzers/StyleCopAnalyzers/blob/master/documentation/SA1005.md) [C:\Projects\Hazina\src\Core\Agents\Hazina.AgentFactory\Hazina.AgentFactory.csproj::TargetFramework=net9.0]
C:\Projects\Hazina\src\Core\Agents\Hazina.AgentFactory\Tests\StoreConfigFormatHelperTests.cs(92,1): warning SA1005: Single line comment should begin with a space (https://github.com/DotNetAnalyzers/StyleCopAnalyzers/blob/master/documentation/SA1005.md) [C:\Projects\Hazina\src\Core\Agents\Hazina.AgentFactory\Hazina.AgentFactory.csproj::TargetFramework=net9.0]
C:\Projects\Hazina\src\Core\Agents\Hazina.AgentFactory\Configuration\Parsers\HazinaStoreConfigParser.cs(32,30): warning CA1062: In externally visible method 'List<StoreConfig> HazinaStoreConfigParser.Parse(string input)', validate parameter 'input' is non-null before using it. If appropriate, throw an 'ArgumentNullException' when the argument is 'null'. (https://learn.microsoft.com/dotnet/fundamentals/code-analysis/quality-rules/ca1062) [C:\Projects\Hazina\src\Core\Agents\Hazina.AgentFactory\Hazina.AgentFactory.csproj::TargetFramework=net9.0]
C:\Projects\Hazina\src\Core\Agents\Hazina.AgentFactory\Services\Tools\ToolRegistrationService.cs(361,21): warning S4830: Enable server certificate validation on this SSL/TLS connection (https://rules.sonarsource.com/csharp/RSPEC-4830) [C:\Projects\Hazina\src\Core\Agents\Hazina.AgentFactory\Hazina.AgentFactory.csproj::TargetFramework=net9.0]
C:\Projects\Hazina\src\Core\Agents\Hazina.AgentFactory\Configuration\Parsers\HazinaStoreConfigParserV2.cs(50,21): warning SA1503: Braces should not be omitted (https://github.com/DotNetAnalyzers/StyleCopAnalyzers/blob/master/documentation/SA1503.md) [C:\Projects\Hazina\src\Core\Agents\Hazina.AgentFactory\Hazina.AgentFactory.csproj::TargetFramework=net9.0]
C:\Projects\Hazina\src\Core\Agents\Hazina.AgentFactory\Configuration\Parsers\HazinaStoreConfigParserV2.cs(67,17): warning SA1503: Braces should not be omitted (https://github.com/DotNetAnalyzers/StyleCopAnalyzers/blob/master/documentation/SA1503.md) [C:\Projects\Hazina\src\Core\Agents\Hazina.AgentFactory\Hazina.AgentFactory.csproj::TargetFramework=net9.0]
C:\Projects\Hazina\src\Core\Agents\Hazina.AgentFactory\Services\Tools\ToolRegistrationService.cs(62,29): warning CA1062: In externally visible method 'void ToolRegistrationService.AddStoreTools(IEnumerable<(IDocumentStore Store, bool Write)> stores, IToolsContext tools, IEnumerable<string> functions, IEnumerable<string> agents, IEnumerable<string> flows, string caller)', validate parameter 'flows' is non-null before using it. If appropriate, throw an 'ArgumentNullException' when the argument is 'null'. (https://learn.microsoft.com/dotnet/fundamentals/code-analysis/quality-rules/ca1062) [C:\Projects\Hazina\src\Core\Agents\Hazina.AgentFactory\Hazina.AgentFactory.csproj::TargetFramework=net9.0]
C:\Projects\Hazina\src\Core\Agents\Hazina.AgentFactory\Services\Tools\ToolRegistrationService.cs(61,23): warning CA1062: In externally visible method 'void ToolRegistrationService.AddStoreTools(IEnumerable<(IDocumentStore Store, bool Write)> stores, IToolsContext tools, IEnumerable<string> functions, IEnumerable<string> agents, IEnumerable<string> flows, string caller)', validate parameter 'tools' is non-null before using it. If appropriate, throw an 'ArgumentNullException' when the argument is 'null'. (https://learn.microsoft.com/dotnet/fundamentals/code-analysis/quality-rules/ca1062) [C:\Projects\Hazina\src\Core\Agents\Hazina.AgentFactory\Hazina.AgentFactory.csproj::TargetFramework=net9.0]
C:\Projects\Hazina\src\Core\Agents\Hazina.AgentFactory\Services\Tools\ToolRegistrationService.cs(61,30): warning CA1062: In externally visible method 'void ToolRegistrationService.AddStoreTools(IEnumerable<(IDocumentStore Store, bool Write)> stores, IToolsContext tools, IEnumerable<string> functions, IEnumerable<string> agents, IEnumerable<string> flows, string caller)', validate parameter 'agents' is non-null before using it. If appropriate, throw an 'ArgumentNullException' when the argument is 'null'. (https://learn.microsoft.com/dotnet/fundamentals/code-analysis/quality-rules/ca1062) [C:\Projects\Hazina\src\Core\Agents\Hazina.AgentFactory\Hazina.AgentFactory.csproj::TargetFramework=net9.0]
C:\Projects\Hazina\src\Core\Agents\Hazina.AgentFactory\Services\Tools\ToolRegistrationService.cs(65,35): warning CA1062: In externally visible method 'void ToolRegistrationService.AddStoreTools(IEnumerable<(IDocumentStore Store, bool Write)> stores, IToolsContext tools, IEnumerable<string> functions, IEnumerable<string> agents, IEnumerable<string> flows, string caller)', validate parameter 'stores' is non-null before using it. If appropriate, throw an 'ArgumentNullException' when the argument is 'null'. (https://learn.microsoft.com/dotnet/fundamentals/code-analysis/quality-rules/ca1062) [C:\Projects\Hazina\src\Core\Agents\Hazina.AgentFactory\Hazina.AgentFactory.csproj::TargetFramework=net9.0]
C:\Projects\Hazina\src\Core\Agents\Hazina.AgentFactory\Core\StoresAndAgentsAndFlowLoader.cs(27,22): warning S6966: Await ReadAllTextAsync instead. (https://rules.sonarsource.com/csharp/RSPEC-6966) [C:\Projects\Hazina\src\Core\Agents\Hazina.AgentFactory\Hazina.AgentFactory.csproj::TargetFramework=net9.0]
C:\Projects\Hazina\src\Core\Agents\Hazina.AgentFactory\Core\StoresAndAgentsAndFlowLoader.cs(28,22): warning S6966: Await ReadAllTextAsync instead. (https://rules.sonarsource.com/csharp/RSPEC-6966) [C:\Projects\Hazina\src\Core\Agents\Hazina.AgentFactory\Hazina.AgentFactory.csproj::TargetFramework=net9.0]
C:\Projects\Hazina\src\Core\Agents\Hazina.AgentFactory\Core\StoresAndAgentsAndFlowLoader.cs(29,21): warning S6966: Await ReadAllTextAsync instead. (https://rules.sonarsource.com/csharp/RSPEC-6966) [C:\Projects\Hazina\src\Core\Agents\Hazina.AgentFactory\Hazina.AgentFactory.csproj::TargetFramework=net9.0]
C:\Projects\Hazina\src\Core\Agents\Hazina.AgentFactory\Services\BigQuery\BigQueryService.cs(36,30): warning CA2016: Forward the 'cancel' parameter to the 'ExecuteQueryAsync' method or pass in 'CancellationToken.None' explicitly to indicate intentionally not propagating the token (https://learn.microsoft.com/dotnet/fundamentals/code-analysis/quality-rules/ca2016) [C:\Projects\Hazina\src\Core\Agents\Hazina.AgentFactory\Hazina.AgentFactory.csproj::TargetFramework=net9.0]
C:\Projects\Hazina\src\Core\Agents\Hazina.AgentFactory\Services\BigQuery\BigQueryService.cs(39,30): warning CA2016: Forward the 'cancel' parameter to the 'ExecuteQueryAsync' method or pass in 'CancellationToken.None' explicitly to indicate intentionally not propagating the token (https://learn.microsoft.com/dotnet/fundamentals/code-analysis/quality-rules/ca2016) [C:\Projects\Hazina\src\Core\Agents\Hazina.AgentFactory\Hazina.AgentFactory.csproj::TargetFramework=net9.0]
C:\Projects\Hazina\src\Core\Agents\Hazina.AgentFactory\Configuration\Parsers\HazinaStoreConfigParserV2.cs(52,30): warning CA1307: 'string.IndexOf(char)' has a method overload that takes a 'StringComparison' parameter. Replace this call in 'Hazina.AgentFactory.Configuration.Parsers.HazinaStoreConfigParserV2.Parse(string)' with a call to 'string.IndexOf(char, System.StringComparison)' for clarity of intent. (https://learn.microsoft.com/dotnet/fundamentals/code-analysis/quality-rules/ca1307) [C:\Projects\Hazina\src\Core\Agents\Hazina.AgentFactory\Hazina.AgentFactory.csproj::TargetFramework=net9.0]
C:\Projects\Hazina\src\Core\Agents\Hazina.AgentFactory\Services\Tools\ToolRegistrationService.cs(289,39): warning SA1503: Braces should not be omitted (https://github.com/DotNetAnalyzers/StyleCopAnalyzers/blob/master/documentation/SA1503.md) [C:\Projects\Hazina\src\Core\Agents\Hazina.AgentFactory\Hazina.AgentFactory.csproj::TargetFramework=net9.0]
C:\Projects\Hazina\src\Core\Agents\Hazina.AgentFactory\Services\Tools\ToolRegistrationService.cs(307,25): warning SA1503: Braces should not be omitted (https://github.com/DotNetAnalyzers/StyleCopAnalyzers/blob/master/documentation/SA1503.md) [C:\Projects\Hazina\src\Core\Agents\Hazina.AgentFactory\Hazina.AgentFactory.csproj::TargetFramework=net9.0]
C:\Projects\Hazina\src\Core\Agents\Hazina.AgentFactory\Services\Tools\ToolRegistrationService.cs(320,25): warning SA1503: Braces should not be omitted (https://github.com/DotNetAnalyzers/StyleCopAnalyzers/blob/master/documentation/SA1503.md) [C:\Projects\Hazina\src\Core\Agents\Hazina.AgentFactory\Hazina.AgentFactory.csproj::TargetFramework=net9.0]
C:\Projects\Hazina\src\Core\Agents\Hazina.AgentFactory\Services\Tools\ToolRegistrationService.cs(322,25): warning SA1503: Braces should not be omitted (https://github.com/DotNetAnalyzers/StyleCopAnalyzers/blob/master/documentation/SA1503.md) [C:\Projects\Hazina\src\Core\Agents\Hazina.AgentFactory\Hazina.AgentFactory.csproj::TargetFramework=net9.0]
C:\Projects\Hazina\src\Core\Agents\Hazina.AgentFactory\Services\Tools\ToolRegistrationService.cs(335,21): warning SA1503: Braces should not be omitted (https://github.com/DotNetAnalyzers/StyleCopAnalyzers/blob/master/documentation/SA1503.md) [C:\Projects\Hazina\src\Core\Agents\Hazina.AgentFactory\Hazina.AgentFactory.csproj::TargetFramework=net9.0]
C:\Projects\Hazina\src\Core\Agents\Hazina.AgentFactory\Configuration\Parsers\HazinaAgentConfigParser.cs(41,30): warning CA1062: In externally visible method 'List<AgentConfig> HazinaAgentConfigParser.Parse(string input)', validate parameter 'input' is non-null before using it. If appropriate, throw an 'ArgumentNullException' when the argument is 'null'. (https://learn.microsoft.com/dotnet/fundamentals/code-analysis/quality-rules/ca1062) [C:\Projects\Hazina\src\Core\Agents\Hazina.AgentFactory\Hazina.AgentFactory.csproj::TargetFramework=net9.0]
C:\Projects\Hazina\src\Core\Agents\Hazina.AgentFactory\Services\Tools\ToolRegistrationService.cs(304,47): warning SA1116: The parameters should begin on the line after the declaration, whenever the parameter span across multiple lines (https://github.com/DotNetAnalyzers/StyleCopAnalyzers/blob/master/documentation/SA1116.md) [C:\Projects\Hazina\src\Core\Agents\Hazina.AgentFactory\Hazina.AgentFactory.csproj::TargetFramework=net9.0]
C:\Projects\Hazina\src\Core\Agents\Hazina.AgentFactory\Services\Tools\ToolRegistrationService.cs(317,47): warning SA1116: The parameters should begin on the line after the declaration, whenever the parameter span across multiple lines (https://github.com/DotNetAnalyzers/StyleCopAnalyzers/blob/master/documentation/SA1116.md) [C:\Projects\Hazina\src\Core\Agents\Hazina.AgentFactory\Hazina.AgentFactory.csproj::TargetFramework=net9.0]
C:\Projects\Hazina\src\Core\Agents\Hazina.AgentFactory\Services\Tools\ToolRegistrationService.cs(309,20): warning SA1117: The parameters should all be placed on the same line or each parameter should be placed on its own line (https://github.com/DotNetAnalyzers/StyleCopAnalyzers/blob/master/documentation/SA1117.md) [C:\Projects\Hazina\src\Core\Agents\Hazina.AgentFactory\Hazina.AgentFactory.csproj::TargetFramework=net9.0]
C:\Projects\Hazina\src\Core\Agents\Hazina.AgentFactory\Services\Tools\ToolRegistrationService.cs(324,20): warning SA1117: The parameters should all be placed on the same line or each parameter should be placed on its own line (https://github.com/DotNetAnalyzers/StyleCopAnalyzers/blob/master/documentation/SA1117.md) [C:\Projects\Hazina\src\Core\Agents\Hazina.AgentFactory\Hazina.AgentFactory.csproj::TargetFramework=net9.0]
C:\Projects\Hazina\src\Core\Agents\Hazina.AgentFactory\Services\Tools\ToolRegistrationService.cs(351,21): warning SA1503: Braces should not be omitted (https://github.com/DotNetAnalyzers/StyleCopAnalyzers/blob/master/documentation/SA1503.md) [C:\Projects\Hazina\src\Core\Agents\Hazina.AgentFactory\Hazina.AgentFactory.csproj::TargetFramework=net9.0]
C:\Projects\Hazina\src\Core\Agents\Hazina.AgentFactory\Services\BigQuery\BigQueryService.cs(36,24): warning MA0004: Use Task.ConfigureAwait(false) if the current SynchronizationContext is not needed (https://github.com/meziantou/Meziantou.Analyzer/blob/main/docs/Rules/MA0004.md) [C:\Projects\Hazina\src\Core\Agents\Hazina.AgentFactory\Hazina.AgentFactory.csproj::TargetFramework=net9.0]
C:\Projects\Hazina\src\Core\Agents\Hazina.AgentFactory\Services\BigQuery\BigQueryService.cs(39,24): warning MA0004: Use Task.ConfigureAwait(false) if the current SynchronizationContext is not needed (https://github.com/meziantou/Meziantou.Analyzer/blob/main/docs/Rules/MA0004.md) [C:\Projects\Hazina\src\Core\Agents\Hazina.AgentFactory\Hazina.AgentFactory.csproj::TargetFramework=net9.0]
C:\Projects\Hazina\src\Core\Agents\Hazina.AgentFactory\Services\Tools\ToolRegistrationService.cs(377,48): warning CA2016: Forward the 'cancel' parameter to the 'SendAsync' method or pass in 'CancellationToken.None' explicitly to indicate intentionally not propagating the token (https://learn.microsoft.com/dotnet/fundamentals/code-analysis/quality-rules/ca2016) [C:\Projects\Hazina\src\Core\Agents\Hazina.AgentFactory\Hazina.AgentFactory.csproj::TargetFramework=net9.0]
C:\Projects\Hazina\src\Core\Agents\Hazina.AgentFactory\Services\Tools\ToolRegistrationService.cs(379,34): warning CA2016: Forward the 'cancel' parameter to the 'ReadAsStringAsync' method or pass in 'CancellationToken.None' explicitly to indicate intentionally not propagating the token (https://learn.microsoft.com/dotnet/fundamentals/code-analysis/quality-rules/ca2016) [C:\Projects\Hazina\src\Core\Agents\Hazina.AgentFactory\Hazina.AgentFactory.csproj::TargetFramework=net9.0]
C:\Projects\Hazina\src\Core\Agents\Hazina.AgentFactory\Configuration\Validation\AgentConfigValidator.cs(15,23): warning CA1002: Change 'List<string>' in 'AgentConfigValidator.AgentConfigValidator(AgentConfig, [List<string>], [List<string>])' to use 'Collection<T>', 'ReadOnlyCollection<T>' or 'KeyedCollection<K,V>' (https://learn.microsoft.com/dotnet/fundamentals/code-analysis/quality-rules/ca1002) [C:\Projects\Hazina\src\Core\Agents\Hazina.AgentFactory\Hazina.AgentFactory.csproj::TargetFramework=net9.0]
C:\Projects\Hazina\src\Core\Agents\Hazina.AgentFactory\Configuration\Validation\AgentConfigValidator.cs(16,23): warning CA1002: Change 'List<string>' in 'AgentConfigValidator.AgentConfigValidator(AgentConfig, [List<string>], [List<string>])' to use 'Collection<T>', 'ReadOnlyCollection<T>' or 'KeyedCollection<K,V>' (https://learn.microsoft.com/dotnet/fundamentals/code-analysis/quality-rules/ca1002) [C:\Projects\Hazina\src\Core\Agents\Hazina.AgentFactory\Hazina.AgentFactory.csproj::TargetFramework=net9.0]
C:\Projects\Hazina\src\Core\Agents\Hazina.AgentFactory\Configuration\Validation\AgentConfigValidator.cs(15,9): warning MA0016: Prefer using collection abstraction instead of implementation (https://github.com/meziantou/Meziantou.Analyzer/blob/main/docs/Rules/MA0016.md) [C:\Projects\Hazina\src\Core\Agents\Hazina.AgentFactory\Hazina.AgentFactory.csproj::TargetFramework=net9.0]
C:\Projects\Hazina\src\Core\Agents\Hazina.AgentFactory\Configuration\Validation\AgentConfigValidator.cs(16,9): warning MA0016: Prefer using collection abstraction instead of implementation (https://github.com/meziantou/Meziantou.Analyzer/blob/main/docs/Rules/MA0016.md) [C:\Projects\Hazina\src\Core\Agents\Hazina.AgentFactory\Hazina.AgentFactory.csproj::TargetFramework=net9.0]
C:\Projects\Hazina\src\Core\Agents\Hazina.AgentFactory\Configuration\Schema\ConfigSchemaGenerator.cs(15,26): warning MA0051: Method is too long (97 lines; maximum allowed: 60) (https://github.com/meziantou/Meziantou.Analyzer/blob/main/docs/Rules/MA0051.md) [C:\Projects\Hazina\src\Core\Agents\Hazina.AgentFactory\Hazina.AgentFactory.csproj::TargetFramework=net9.0]
C:\Projects\Hazina\src\Core\Agents\Hazina.AgentFactory\Services\Tools\ToolRegistrationService.cs(377,42): warning MA0004: Use Task.ConfigureAwait(false) if the current SynchronizationContext is not needed (https://github.com/meziantou/Meziantou.Analyzer/blob/main/docs/Rules/MA0004.md) [C:\Projects\Hazina\src\Core\Agents\Hazina.AgentFactory\Hazina.AgentFactory.csproj::TargetFramework=net9.0]
C:\Projects\Hazina\src\Core\Agents\Hazina.AgentFactory\Services\Tools\ToolRegistrationService.cs(379,28): warning MA0004: Use Task.ConfigureAwait(false) if the current SynchronizationContext is not needed (https://github.com/meziantou/Meziantou.Analyzer/blob/main/docs/Rules/MA0004.md) [C:\Projects\Hazina\src\Core\Agents\Hazina.AgentFactory\Hazina.AgentFactory.csproj::TargetFramework=net9.0]
C:\Projects\Hazina\src\Core\Agents\Hazina.AgentFactory\Services\Tools\ToolRegistrationService.cs(142,25): warning SA1503: Braces should not be omitted (https://github.com/DotNetAnalyzers/StyleCopAnalyzers/blob/master/documentation/SA1503.md) [C:\Projects\Hazina\src\Core\Agents\Hazina.AgentFactory\Hazina.AgentFactory.csproj::TargetFramework=net9.0]
C:\Projects\Hazina\src\Core\Agents\Hazina.AgentFactory\Services\Tools\ToolRegistrationService.cs(160,21): warning SA1503: Braces should not be omitted (https://github.com/DotNetAnalyzers/StyleCopAnalyzers/blob/master/documentation/SA1503.md) [C:\Projects\Hazina\src\Core\Agents\Hazina.AgentFactory\Hazina.AgentFactory.csproj::TargetFramework=net9.0]
C:\Projects\Hazina\src\Core\Agents\Hazina.AgentFactory\Services\Tools\ToolRegistrationService.cs(173,21): warning SA1503: Braces should not be omitted (https://github.com/DotNetAnalyzers/StyleCopAnalyzers/blob/master/documentation/SA1503.md) [C:\Projects\Hazina\src\Core\Agents\Hazina.AgentFactory\Hazina.AgentFactory.csproj::TargetFramework=net9.0]
C:\Projects\Hazina\src\Core\Agents\Hazina.AgentFactory\Services\Tools\ToolRegistrationService.cs(129,132): warning SA1122: Use string.Empty for empty strings (https://github.com/DotNetAnalyzers/StyleCopAnalyzers/blob/master/documentation/SA1122.md) [C:\Projects\Hazina\src\Core\Agents\Hazina.AgentFactory\Hazina.AgentFactory.csproj::TargetFramework=net9.0]
C:\Projects\Hazina\src\Core\Agents\Hazina.AgentFactory\Services\Tools\ToolRegistrationService.cs(143,63): warning SA1122: Use string.Empty for empty strings (https://github.com/DotNetAnalyzers/StyleCopAnalyzers/blob/master/documentation/SA1122.md) [C:\Projects\Hazina\src\Core\Agents\Hazina.AgentFactory\Hazina.AgentFactory.csproj::TargetFramework=net9.0]
C:\Projects\Hazina\src\Core\Agents\Hazina.AgentFactory\Services\Tools\ToolRegistrationService.cs(296,17): warning MA0004: Use Task.ConfigureAwait(false) if the current SynchronizationContext is not needed (https://github.com/meziantou/Meziantou.Analyzer/blob/main/docs/Rules/MA0004.md) [C:\Projects\Hazina\src\Core\Agents\Hazina.AgentFactory\Hazina.AgentFactory.csproj::TargetFramework=net9.0]
C:\Projects\Hazina\src\Core\Agents\Hazina.AgentFactory\Services\Tools\ToolRegistrationService.cs(296,59): warning MA0004: Use Task.ConfigureAwait(false) if the current SynchronizationContext is not needed (https://github.com/meziantou/Meziantou.Analyzer/blob/main/docs/Rules/MA0004.md) [C:\Projects\Hazina\src\Core\Agents\Hazina.AgentFactory\Hazina.AgentFactory.csproj::TargetFramework=net9.0]
C:\Projects\Hazina\src\Core\Agents\Hazina.AgentFactory\Services\Tools\ToolRegistrationService.cs(304,17): warning MA0004: Use Task.ConfigureAwait(false) if the current SynchronizationContext is not needed (https://github.com/meziantou/Meziantou.Analyzer/blob/main/docs/Rules/MA0004.md) [C:\Projects\Hazina\src\Core\Agents\Hazina.AgentFactory\Hazina.AgentFactory.csproj::TargetFramework=net9.0]
C:\Projects\Hazina\src\Core\Agents\Hazina.AgentFactory\Services\Tools\ToolRegistrationService.cs(308,28): warning MA0004: Use Task.ConfigureAwait(false) if the current SynchronizationContext is not needed (https://github.com/meziantou/Meziantou.Analyzer/blob/main/docs/Rules/MA0004.md) [C:\Projects\Hazina\src\Core\Agents\Hazina.AgentFactory\Hazina.AgentFactory.csproj::TargetFramework=net9.0]
C:\Projects\Hazina\src\Core\Agents\Hazina.AgentFactory\Services\Tools\ToolRegistrationService.cs(317,17): warning MA0004: Use Task.ConfigureAwait(false) if the current SynchronizationContext is not needed (https://github.com/meziantou/Meziantou.Analyzer/blob/main/docs/Rules/MA0004.md) [C:\Projects\Hazina\src\Core\Agents\Hazina.AgentFactory\Hazina.AgentFactory.csproj::TargetFramework=net9.0]
C:\Projects\Hazina\src\Core\Agents\Hazina.AgentFactory\Services\Tools\ToolRegistrationService.cs(323,28): warning MA0004: Use Task.ConfigureAwait(false) if the current SynchronizationContext is not needed (https://github.com/meziantou/Meziantou.Analyzer/blob/main/docs/Rules/MA0004.md) [C:\Projects\Hazina\src\Core\Agents\Hazina.AgentFactory\Hazina.AgentFactory.csproj::TargetFramework=net9.0]
C:\Projects\Hazina\src\Core\Agents\Hazina.AgentFactory\Services\Tools\ToolRegistrationService.cs(336,24): warning MA0004: Use Task.ConfigureAwait(false) if the current SynchronizationContext is not needed (https://github.com/meziantou/Meziantou.Analyzer/blob/main/docs/Rules/MA0004.md) [C:\Projects\Hazina\src\Core\Agents\Hazina.AgentFactory\Hazina.AgentFactory.csproj::TargetFramework=net9.0]
C:\Projects\Hazina\src\Core\Agents\Hazina.AgentFactory\Services\Tools\ToolRegistrationService.cs(381,17): warning CA1031: Modify 'AddWordpressTools' to catch a more specific allowed exception type, or rethrow the exception (https://learn.microsoft.com/dotnet/fundamentals/code-analysis/quality-rules/ca1031) [C:\Projects\Hazina\src\Core\Agents\Hazina.AgentFactory\Hazina.AgentFactory.csproj::TargetFramework=net9.0]
C:\Projects\Hazina\src\Core\Agents\Hazina.AgentFactory\Configuration\Schema\ConfigSchemaGenerator.cs(54,36): warning SA1122: Use string.Empty for empty strings (https://github.com/DotNetAnalyzers/StyleCopAnalyzers/blob/master/documentation/SA1122.md) [C:\Projects\Hazina\src\Core\Agents\Hazina.AgentFactory\Hazina.AgentFactory.csproj::TargetFramework=net9.0]
C:\Projects\Hazina\src\Core\Agents\Hazina.AgentFactory\Configuration\Schema\ConfigSchemaGenerator.cs(108,49): warning CA1869: Avoid creating a new 'JsonSerializerOptions' instance for every serialization operation. Cache and reuse instances instead. (https://learn.microsoft.com/dotnet/fundamentals/code-analysis/quality-rules/ca1869) [C:\Projects\Hazina\src\Core\Agents\Hazina.AgentFactory\Hazina.AgentFactory.csproj::TargetFramework=net9.0]
C:\Projects\Hazina\src\Core\Agents\Hazina.AgentFactory\Services\Tools\ToolRegistrationService.cs(142,50): warning MA0004: Use Task.ConfigureAwait(false) if the current SynchronizationContext is not needed (https://github.com/meziantou/Meziantou.Analyzer/blob/main/docs/Rules/MA0004.md) [C:\Projects\Hazina\src\Core\Agents\Hazina.AgentFactory\Hazina.AgentFactory.csproj::TargetFramework=net9.0]
C:\Projects\Hazina\src\Core\Agents\Hazina.AgentFactory\Configuration\Schema\ConfigSchemaGenerator.cs(118,26): warning MA0051: Method is too long (76 lines; maximum allowed: 60) (https://github.com/meziantou/Meziantou.Analyzer/blob/main/docs/Rules/MA0051.md) [C:\Projects\Hazina\src\Core\Agents\Hazina.AgentFactory\Hazina.AgentFactory.csproj::TargetFramework=net9.0]
C:\Projects\Hazina\src\Core\Agents\Hazina.AgentFactory\Services\Tools\ToolRegistrationService.cs(143,46): warning MA0004: Use Task.ConfigureAwait(false) if the current SynchronizationContext is not needed (https://github.com/meziantou/Meziantou.Analyzer/blob/main/docs/Rules/MA0004.md) [C:\Projects\Hazina\src\Core\Agents\Hazina.AgentFactory\Hazina.AgentFactory.csproj::TargetFramework=net9.0]
C:\Projects\Hazina\src\Core\Agents\Hazina.AgentFactory\Services\Tools\ToolRegistrationService.cs(160,46): warning MA0004: Use Task.ConfigureAwait(false) if the current SynchronizationContext is not needed (https://github.com/meziantou/Meziantou.Analyzer/blob/main/docs/Rules/MA0004.md) [C:\Projects\Hazina\src\Core\Agents\Hazina.AgentFactory\Hazina.AgentFactory.csproj::TargetFramework=net9.0]
C:\Projects\Hazina\src\Core\Agents\Hazina.AgentFactory\Services\Tools\ToolRegistrationService.cs(173,28): warning MA0004: Use Task.ConfigureAwait(false) if the current SynchronizationContext is not needed (https://github.com/meziantou/Meziantou.Analyzer/blob/main/docs/Rules/MA0004.md) [C:\Projects\Hazina\src\Core\Agents\Hazina.AgentFactory\Hazina.AgentFactory.csproj::TargetFramework=net9.0]
C:\Projects\Hazina\src\Core\Agents\Hazina.AgentFactory\Configuration\Schema\ConfigSchemaGenerator.cs(190,49): warning CA1869: Avoid creating a new 'JsonSerializerOptions' instance for every serialization operation. Cache and reuse instances instead. (https://learn.microsoft.com/dotnet/fundamentals/code-analysis/quality-rules/ca1869) [C:\Projects\Hazina\src\Core\Agents\Hazina.AgentFactory\Hazina.AgentFactory.csproj::TargetFramework=net9.0]
C:\Projects\Hazina\src\Core\Agents\Hazina.AgentFactory\Core\AgentFactoryExtensions.cs(11,53): warning SA1629: Documentation text should end with a period (https://github.com/DotNetAnalyzers/StyleCopAnalyzers/blob/master/documentation/SA1629.md) [C:\Projects\Hazina\src\Core\Agents\Hazina.AgentFactory\Hazina.AgentFactory.csproj::TargetFramework=net9.0]
C:\Projects\Hazina\src\Core\Agents\Hazina.AgentFactory\Services\BigQuery\BigQueryService.cs(50,13): warning SA1503: Braces should not be omitted (https://github.com/DotNetAnalyzers/StyleCopAnalyzers/blob/master/documentation/SA1503.md) [C:\Projects\Hazina\src\Core\Agents\Hazina.AgentFactory\Hazina.AgentFactory.csproj::TargetFramework=net9.0]
C:\Projects\Hazina\src\Core\Agents\Hazina.AgentFactory\Core\AgentFactoryExtensions.cs(25,16): warning MA0004: Use Task.ConfigureAwait(false) if the current SynchronizationContext is not needed (https://github.com/meziantou/Meziantou.Analyzer/blob/main/docs/Rules/MA0004.md) [C:\Projects\Hazina\src\Core\Agents\Hazina.AgentFactory\Hazina.AgentFactory.csproj::TargetFramework=net9.0]
C:\Projects\Hazina\src\Core\Agents\Hazina.AgentFactory\Configuration\Parsers\HazinaStoreConfigParserV2.cs(79,9): warning CA1031: Modify 'Parse' to catch a more specific allowed exception type, or rethrow the exception (https://learn.microsoft.com/dotnet/fundamentals/code-analysis/quality-rules/ca1031) [C:\Projects\Hazina\src\Core\Agents\Hazina.AgentFactory\Hazina.AgentFactory.csproj::TargetFramework=net9.0]
C:\Projects\Hazina\src\Core\Agents\Hazina.AgentFactory\Services\BigQuery\BigQueryService.cs(54,28): warning CA2016: Forward the 'cancel' parameter to the 'ExecuteQueryAsync' method or pass in 'CancellationToken.None' explicitly to indicate intentionally not propagating the token (https://learn.microsoft.com/dotnet/fundamentals/code-analysis/quality-rules/ca2016) [C:\Projects\Hazina\src\Core\Agents\Hazina.AgentFactory\Hazina.AgentFactory.csproj::TargetFramework=net9.0]
C:\Projects\Hazina\src\Core\Agents\Hazina.AgentFactory\Services\BigQuery\BigQueryService.cs(54,22): warning MA0004: Use Task.ConfigureAwait(false) if the current SynchronizationContext is not needed (https://github.com/meziantou/Meziantou.Analyzer/blob/main/docs/Rules/MA0004.md) [C:\Projects\Hazina\src\Core\Agents\Hazina.AgentFactory\Hazina.AgentFactory.csproj::TargetFramework=net9.0]
C:\Projects\Hazina\src\Core\Agents\Hazina.AgentFactory\Services\Execution\AgentExecutionService.cs(58,35): warning S6602: "Find" method should be used instead of the "FirstOrDefault" extension method. (https://rules.sonarsource.com/csharp/RSPEC-6602) [C:\Projects\Hazina\src\Core\Agents\Hazina.AgentFactory\Hazina.AgentFactory.csproj::TargetFramework=net9.0]
C:\Projects\Hazina\src\Core\Agents\Hazina.AgentFactory\Services\Tools\ToolRegistrationService.cs(129,56): warning MA0006: Use string.Equals instead of Equals operator (https://github.com/meziantou/Meziantou.Analyzer/blob/main/docs/Rules/MA0006.md) [C:\Projects\Hazina\src\Core\Agents\Hazina.AgentFactory\Hazina.AgentFactory.csproj::TargetFramework=net9.0]
C:\Projects\Hazina\src\Core\Agents\Hazina.AgentFactory\Core\AgentFactoryExtensions.cs(37,66): warning SA1629: Documentation text should end with a period (https://github.com/DotNetAnalyzers/StyleCopAnalyzers/blob/master/documentation/SA1629.md) [C:\Projects\Hazina\src\Core\Agents\Hazina.AgentFactory\Hazina.AgentFactory.csproj::TargetFramework=net9.0]
C:\Projects\Hazina\src\Core\Agents\Hazina.AgentFactory\Core\HazinaFlow.cs(7,49): warning CA1002: Change 'List<string>' in 'HazinaFlow.HazinaFlow(string, List<string>)' to use 'Collection<T>', 'ReadOnlyCollection<T>' or 'KeyedCollection<K,V>' (https://learn.microsoft.com/dotnet/fundamentals/code-analysis/quality-rules/ca1002) [C:\Projects\Hazina\src\Core\Agents\Hazina.AgentFactory\Hazina.AgentFactory.csproj::TargetFramework=net9.0]
C:\Projects\Hazina\src\Core\Agents\Hazina.AgentFactory\Core\HazinaFlow.cs(7,36): warning MA0016: Prefer using collection abstraction instead of implementation (https://github.com/meziantou/Meziantou.Analyzer/blob/main/docs/Rules/MA0016.md) [C:\Projects\Hazina\src\Core\Agents\Hazina.AgentFactory\Hazina.AgentFactory.csproj::TargetFramework=net9.0]
C:\Projects\Hazina\src\Core\Agents\Hazina.AgentFactory\Core\AgentFactoryExtensions.cs(51,16): warning MA0004: Use Task.ConfigureAwait(false) if the current SynchronizationContext is not needed (https://github.com/meziantou/Meziantou.Analyzer/blob/main/docs/Rules/MA0004.md) [C:\Projects\Hazina\src\Core\Agents\Hazina.AgentFactory\Hazina.AgentFactory.csproj::TargetFramework=net9.0]
C:\Projects\Hazina\src\Core\Agents\Hazina.AgentFactory\Services\Execution\AgentExecutionService.cs(59,32): warning SA1503: Braces should not be omitted (https://github.com/DotNetAnalyzers/StyleCopAnalyzers/blob/master/documentation/SA1503.md) [C:\Projects\Hazina\src\Core\Agents\Hazina.AgentFactory\Hazina.AgentFactory.csproj::TargetFramework=net9.0]
C:\Projects\Hazina\src\Core\Agents\Hazina.AgentFactory\Configuration\Schema\ConfigSchemaGenerator.cs(234,49): warning CA1869: Avoid creating a new 'JsonSerializerOptions' instance for every serialization operation. Cache and reuse instances instead. (https://learn.microsoft.com/dotnet/fundamentals/code-analysis/quality-rules/ca1869) [C:\Projects\Hazina\src\Core\Agents\Hazina.AgentFactory\Hazina.AgentFactory.csproj::TargetFramework=net9.0]
C:\Projects\Hazina\src\Core\Agents\Hazina.AgentFactory\Services\Execution\AgentExecutionService.cs(54,104): warning SA1122: Use string.Empty for empty strings (https://github.com/DotNetAnalyzers/StyleCopAnalyzers/blob/master/documentation/SA1122.md) [C:\Projects\Hazina\src\Core\Agents\Hazina.AgentFactory\Hazina.AgentFactory.csproj::TargetFramework=net9.0]
C:\Projects\Hazina\src\Core\Agents\Hazina.AgentFactory\Core\AgentManager.cs(45,9): warning SA1642: Constructor summary documentation should begin with standard text (https://github.com/DotNetAnalyzers/StyleCopAnalyzers/blob/master/documentation/SA1642.md) [C:\Projects\Hazina\src\Core\Agents\Hazina.AgentFactory\Hazina.AgentFactory.csproj::TargetFramework=net9.0]
C:\Projects\Hazina\src\Core\Agents\Hazina.AgentFactory\Configuration\Validation\ConfigurationResult.cs(12,29): warning CA1860: Prefer comparing 'Count' to 0 rather than using 'Any()', both for clarity and for performance (https://learn.microsoft.com/dotnet/fundamentals/code-analysis/quality-rules/ca1860) [C:\Projects\Hazina\src\Core\Agents\Hazina.AgentFactory\Hazina.AgentFactory.csproj::TargetFramework=net9.0]
C:\Projects\Hazina\src\Core\Agents\Hazina.AgentFactory\Services\Tools\ToolRegistrationService.cs(145,17): warning CA1031: Modify 'AddReadTools' to catch a more specific allowed exception type, or rethrow the exception (https://learn.microsoft.com/dotnet/fundamentals/code-analysis/quality-rules/ca1031) [C:\Projects\Hazina\src\Core\Agents\Hazina.AgentFactory\Hazina.AgentFactory.csproj::TargetFramework=net9.0]
C:\Projects\Hazina\src\Core\Agents\Hazina.AgentFactory\Services\Execution\AgentExecutionService.cs(54,27): warning MA0004: Use Task.ConfigureAwait(false) if the current SynchronizationContext is not needed (https://github.com/meziantou/Meziantou.Analyzer/blob/main/docs/Rules/MA0004.md) [C:\Projects\Hazina\src\Core\Agents\Hazina.AgentFactory\Hazina.AgentFactory.csproj::TargetFramework=net9.0]
C:\Projects\Hazina\src\Core\Agents\Hazina.AgentFactory\Services\BigQuery\BigQueryService.cs(64,13): warning SA1503: Braces should not be omitted (https://github.com/DotNetAnalyzers/StyleCopAnalyzers/blob/master/documentation/SA1503.md) [C:\Projects\Hazina\src\Core\Agents\Hazina.AgentFactory\Hazina.AgentFactory.csproj::TargetFramework=net9.0]
C:\Projects\Hazina\src\Core\Agents\Hazina.AgentFactory\Services\BigQuery\BigQueryService.cs(66,13): warning SA1503: Braces should not be omitted (https://github.com/DotNetAnalyzers/StyleCopAnalyzers/blob/master/documentation/SA1503.md) [C:\Projects\Hazina\src\Core\Agents\Hazina.AgentFactory\Hazina.AgentFactory.csproj::TargetFramework=net9.0]
C:\Projects\Hazina\src\Core\Agents\Hazina.AgentFactory\Services\BigQuery\BigQueryService.cs(70,28): warning CA2016: Forward the 'cancel' parameter to the 'ExecuteQueryAsync' method or pass in 'CancellationToken.None' explicitly to indicate intentionally not propagating the token (https://learn.microsoft.com/dotnet/fundamentals/code-analysis/quality-rules/ca2016) [C:\Projects\Hazina\src\Core\Agents\Hazina.AgentFactory\Hazina.AgentFactory.csproj::TargetFramework=net9.0]
C:\Projects\Hazina\src\Core\Agents\Hazina.AgentFactory\Services\BigQuery\BigQueryService.cs(70,22): warning MA0004: Use Task.ConfigureAwait(false) if the current SynchronizationContext is not needed (https://github.com/meziantou/Meziantou.Analyzer/blob/main/docs/Rules/MA0004.md) [C:\Projects\Hazina\src\Core\Agents\Hazina.AgentFactory\Hazina.AgentFactory.csproj::TargetFramework=net9.0]
C:\Projects\Hazina\src\Core\Agents\Hazina.AgentFactory\Configuration\Validation\ConfigurationResult.cs(37,42): warning CA1000: Do not declare static members on generic types (https://learn.microsoft.com/dotnet/fundamentals/code-analysis/quality-rules/ca1000) [C:\Projects\Hazina\src\Core\Agents\Hazina.AgentFactory\Hazina.AgentFactory.csproj::TargetFramework=net9.0]
C:\Projects\Hazina\src\Core\Agents\Hazina.AgentFactory\Configuration\Parsers\HazinaStoreConfigParserV2.cs(86,18): warning MA0051: Method is too long (76 lines; maximum allowed: 60) (https://github.com/meziantou/Meziantou.Analyzer/blob/main/docs/Rules/MA0051.md) [C:\Projects\Hazina\src\Core\Agents\Hazina.AgentFactory\Hazina.AgentFactory.csproj::TargetFramework=net9.0]
C:\Projects\Hazina\src\Core\Agents\Hazina.AgentFactory\Core\QuickAgentCreator.cs(28,29): warning SA1503: Braces should not be omitted (https://github.com/DotNetAnalyzers/StyleCopAnalyzers/blob/master/documentation/SA1503.md) [C:\Projects\Hazina\src\Core\Agents\Hazina.AgentFactory\Hazina.AgentFactory.csproj::TargetFramework=net9.0]
C:\Projects\Hazina\src\Core\Agents\Hazina.AgentFactory\Core\QuickAgentCreator.cs(29,28): warning SA1503: Braces should not be omitted (https://github.com/DotNetAnalyzers/StyleCopAnalyzers/blob/master/documentation/SA1503.md) [C:\Projects\Hazina\src\Core\Agents\Hazina.AgentFactory\Hazina.AgentFactory.csproj::TargetFramework=net9.0]
C:\Projects\Hazina\src\Core\Agents\Hazina.AgentFactory\Core\QuickAgentCreator.cs(30,32): warning SA1503: Braces should not be omitted (https://github.com/DotNetAnalyzers/StyleCopAnalyzers/blob/master/documentation/SA1503.md) [C:\Projects\Hazina\src\Core\Agents\Hazina.AgentFactory\Hazina.AgentFactory.csproj::TargetFramework=net9.0]
C:\Projects\Hazina\src\Core\Agents\Hazina.AgentFactory\Configuration\Validation\ConfigurationResult.cs(45,42): warning CA1000: Do not declare static members on generic types (https://learn.microsoft.com/dotnet/fundamentals/code-analysis/quality-rules/ca1000) [C:\Projects\Hazina\src\Core\Agents\Hazina.AgentFactory\Hazina.AgentFactory.csproj::TargetFramework=net9.0]
C:\Projects\Hazina\src\Core\Agents\Hazina.AgentFactory\Core\QuickAgentCreator.cs(31,16): warning MA0004: Use Task.ConfigureAwait(false) if the current SynchronizationContext is not needed (https://github.com/meziantou/Meziantou.Analyzer/blob/main/docs/Rules/MA0004.md) [C:\Projects\Hazina\src\Core\Agents\Hazina.AgentFactory\Hazina.AgentFactory.csproj::TargetFramework=net9.0]
C:\Projects\Hazina\src\Core\Agents\Hazina.AgentFactory\Configuration\Validation\StoreConfigValidator.cs(47,13): warning SA1503: Braces should not be omitted (https://github.com/DotNetAnalyzers/StyleCopAnalyzers/blob/master/documentation/SA1503.md) [C:\Projects\Hazina\src\Core\Agents\Hazina.AgentFactory\Hazina.AgentFactory.csproj::TargetFramework=net9.0]
C:\Projects\Hazina\src\Core\Agents\Hazina.AgentFactory\Configuration\Validation\StoreConfigValidator.cs(50,35): warning CA1847: Use 'string.Contains(char)' instead of 'string.Contains(string)' when searching for a single character (https://learn.microsoft.com/dotnet/fundamentals/code-analysis/quality-rules/ca1847) [C:\Projects\Hazina\src\Core\Agents\Hazina.AgentFactory\Hazina.AgentFactory.csproj::TargetFramework=net9.0]
C:\Projects\Hazina\src\Core\Agents\Hazina.AgentFactory\Configuration\Validation\StoreConfigValidator.cs(50,66): warning CA1847: Use 'string.Contains(char)' instead of 'string.Contains(string)' when searching for a single character (https://learn.microsoft.com/dotnet/fundamentals/code-analysis/quality-rules/ca1847) [C:\Projects\Hazina\src\Core\Agents\Hazina.AgentFactory\Hazina.AgentFactory.csproj::TargetFramework=net9.0]
C:\Projects\Hazina\src\Core\Agents\Hazina.AgentFactory\Configuration\Validation\StoreConfigValidator.cs(50,13): warning CA1307: 'string.Contains(string)' has a method overload that takes a 'StringComparison' parameter. Replace this call in 'Hazina.AgentFactory.Configuration.Validation.StoreConfigValidator.ValidatePath()' with a call to 'string.Contains(string, System.StringComparison)' for clarity of intent. (https://learn.microsoft.com/dotnet/fundamentals/code-analysis/quality-rules/ca1307) [C:\Projects\Hazina\src\Core\Agents\Hazina.AgentFactory\Hazina.AgentFactory.csproj::TargetFramework=net9.0]
C:\Projects\Hazina\src\Core\Agents\Hazina.AgentFactory\Configuration\Validation\StoreConfigValidator.cs(50,44): warning CA1307: 'string.Contains(string)' has a method overload that takes a 'StringComparison' parameter. Replace this call in 'Hazina.AgentFactory.Configuration.Validation.StoreConfigValidator.ValidatePath()' with a call to 'string.Contains(string, System.StringComparison)' for clarity of intent. (https://learn.microsoft.com/dotnet/fundamentals/code-analysis/quality-rules/ca1307) [C:\Projects\Hazina\src\Core\Agents\Hazina.AgentFactory\Hazina.AgentFactory.csproj::TargetFramework=net9.0]
C:\Projects\Hazina\src\Core\Agents\Hazina.AgentFactory\Configuration\Validation\StoreConfigValidator.cs(62,13): warning CA1307: 'string.Contains(string)' has a method overload that takes a 'StringComparison' parameter. Replace this call in 'Hazina.AgentFactory.Configuration.Validation.StoreConfigValidator.ValidatePath()' with a call to 'string.Contains(string, System.StringComparison)' for clarity of intent. (https://learn.microsoft.com/dotnet/fundamentals/code-analysis/quality-rules/ca1307) [C:\Projects\Hazina\src\Core\Agents\Hazina.AgentFactory\Hazina.AgentFactory.csproj::TargetFramework=net9.0]
C:\Projects\Hazina\src\Core\Agents\Hazina.AgentFactory\Services\BigQuery\BigQueryService.cs(80,13): warning SA1503: Braces should not be omitted (https://github.com/DotNetAnalyzers/StyleCopAnalyzers/blob/master/documentation/SA1503.md) [C:\Projects\Hazina\src\Core\Agents\Hazina.AgentFactory\Hazina.AgentFactory.csproj::TargetFramework=net9.0]
C:\Projects\Hazina\src\Core\Agents\Hazina.AgentFactory\Services\Execution\AgentExecutionService.cs(86,25): warning MA0004: Use Task.ConfigureAwait(false) if the current SynchronizationContext is not needed (https://github.com/meziantou/Meziantou.Analyzer/blob/main/docs/Rules/MA0004.md) [C:\Projects\Hazina\src\Core\Agents\Hazina.AgentFactory\Hazina.AgentFactory.csproj::TargetFramework=net9.0]
C:\Projects\Hazina\src\Core\Agents\Hazina.AgentFactory\Services\Execution\AgentExecutionService.cs(91,25): warning MA0004: Use Task.ConfigureAwait(false) if the current SynchronizationContext is not needed (https://github.com/meziantou/Meziantou.Analyzer/blob/main/docs/Rules/MA0004.md) [C:\Projects\Hazina\src\Core\Agents\Hazina.AgentFactory\Hazina.AgentFactory.csproj::TargetFramework=net9.0]
C:\Projects\Hazina\src\Core\Agents\Hazina.AgentFactory\Services\BigQuery\BigQueryService.cs(85,32): warning CA2016: Forward the 'cancel' parameter to the 'ExecuteQueryAsync' method or pass in 'CancellationToken.None' explicitly to indicate intentionally not propagating the token (https://learn.microsoft.com/dotnet/fundamentals/code-analysis/quality-rules/ca2016) [C:\Projects\Hazina\src\Core\Agents\Hazina.AgentFactory\Hazina.AgentFactory.csproj::TargetFramework=net9.0]
C:\Projects\Hazina\src\Core\Agents\Hazina.AgentFactory\Services\BigQuery\BigQueryService.cs(85,26): warning MA0004: Use Task.ConfigureAwait(false) if the current SynchronizationContext is not needed (https://github.com/meziantou/Meziantou.Analyzer/blob/main/docs/Rules/MA0004.md) [C:\Projects\Hazina\src\Core\Agents\Hazina.AgentFactory\Hazina.AgentFactory.csproj::TargetFramework=net9.0]
C:\Projects\Hazina\src\Core\Agents\Hazina.AgentFactory\Core\QuickAgentCreator.cs(34,60): warning CA1002: Change 'List<string>' in 'QuickAgentCreator.CreateFlow(string, List<string>)' to use 'Collection<T>', 'ReadOnlyCollection<T>' or 'KeyedCollection<K,V>' (https://learn.microsoft.com/dotnet/fundamentals/code-analysis/quality-rules/ca1002) [C:\Projects\Hazina\src\Core\Agents\Hazina.AgentFactory\Hazina.AgentFactory.csproj::TargetFramework=net9.0]
C:\Projects\Hazina\src\Core\Agents\Hazina.AgentFactory\Core\QuickAgentCreator.cs(34,47): warning MA0016: Prefer using collection abstraction instead of implementation (https://github.com/meziantou/Meziantou.Analyzer/blob/main/docs/Rules/MA0016.md) [C:\Projects\Hazina\src\Core\Agents\Hazina.AgentFactory\Hazina.AgentFactory.csproj::TargetFramework=net9.0]
C:\Projects\Hazina\src\Core\Agents\Hazina.AgentFactory\Configuration\Validation\ConfigurationResult.cs(56,42): warning CA1000: Do not declare static members on generic types (https://learn.microsoft.com/dotnet/fundamentals/code-analysis/quality-rules/ca1000) [C:\Projects\Hazina\src\Core\Agents\Hazina.AgentFactory\Hazina.AgentFactory.csproj::TargetFramework=net9.0]
C:\Projects\Hazina\src\Core\Agents\Hazina.AgentFactory\Configuration\Validation\StoreConfigValidator.cs(76,9): warning CA1031: Modify 'ValidatePath' to catch a more specific allowed exception type, or rethrow the exception (https://learn.microsoft.com/dotnet/fundamentals/code-analysis/quality-rules/ca1031) [C:\Projects\Hazina\src\Core\Agents\Hazina.AgentFactory\Hazina.AgentFactory.csproj::TargetFramework=net9.0]
C:\Projects\Hazina\src\Core\Agents\Hazina.AgentFactory\Services\BigQuery\BigQueryService.cs(88,9): warning CA1031: Modify 'ExecuteQueryAsync' to catch a more specific allowed exception type, or rethrow the exception (https://learn.microsoft.com/dotnet/fundamentals/code-analysis/quality-rules/ca1031) [C:\Projects\Hazina\src\Core\Agents\Hazina.AgentFactory\Hazina.AgentFactory.csproj::TargetFramework=net9.0]
C:\Projects\Hazina\src\Core\Agents\Hazina.AgentFactory\Core\AgentManager.cs(95,13): warning MA0004: Use Task.ConfigureAwait(false) if the current SynchronizationContext is not needed (https://github.com/meziantou/Meziantou.Analyzer/blob/main/docs/Rules/MA0004.md) [C:\Projects\Hazina\src\Core\Agents\Hazina.AgentFactory\Hazina.AgentFactory.csproj::TargetFramework=net9.0]
C:\Projects\Hazina\src\Core\Agents\Hazina.AgentFactory\Core\AgentManager.cs(99,13): warning MA0004: Use Task.ConfigureAwait(false) if the current SynchronizationContext is not needed (https://github.com/meziantou/Meziantou.Analyzer/blob/main/docs/Rules/MA0004.md) [C:\Projects\Hazina\src\Core\Agents\Hazina.AgentFactory\Hazina.AgentFactory.csproj::TargetFramework=net9.0]
C:\Projects\Hazina\src\Core\Agents\Hazina.AgentFactory\Core\AgentManager.cs(108,24): warning S6602: "Find" method should be used instead of the "FirstOrDefault" extension method. (https://rules.sonarsource.com/csharp/RSPEC-6602) [C:\Projects\Hazina\src\Core\Agents\Hazina.AgentFactory\Hazina.AgentFactory.csproj::TargetFramework=net9.0]
C:\Projects\Hazina\src\Core\Agents\Hazina.AgentFactory\Configuration\Parsers\HazinaStoreConfigParserV2.cs(86,18): warning S2325: Make 'ParseField' a static method. (https://rules.sonarsource.com/csharp/RSPEC-2325) [C:\Projects\Hazina\src\Core\Agents\Hazina.AgentFactory\Hazina.AgentFactory.csproj::TargetFramework=net9.0]
C:\Projects\Hazina\src\Core\Agents\Hazina.AgentFactory\Core\StoresAndAgentsAndFlowLoader.cs(64,37): warning S6602: "Find" method should be used instead of the "FirstOrDefault" extension method. (https://rules.sonarsource.com/csharp/RSPEC-6602) [C:\Projects\Hazina\src\Core\Agents\Hazina.AgentFactory\Hazina.AgentFactory.csproj::TargetFramework=net9.0]
C:\Projects\Hazina\src\Core\Agents\Hazina.AgentFactory\Core\AgentFactoryExtensions.cs(63,64): warning SA1629: Documentation text should end with a period (https://github.com/DotNetAnalyzers/StyleCopAnalyzers/blob/master/documentation/SA1629.md) [C:\Projects\Hazina\src\Core\Agents\Hazina.AgentFactory\Hazina.AgentFactory.csproj::TargetFramework=net9.0]
C:\Projects\Hazina\src\Core\Agents\Hazina.AgentFactory\Core\AgentFactoryExtensions.cs(76,21): warning MA0004: Use Task.ConfigureAwait(false) if the current SynchronizationContext is not needed (https://github.com/meziantou/Meziantou.Analyzer/blob/main/docs/Rules/MA0004.md) [C:\Projects\Hazina\src\Core\Agents\Hazina.AgentFactory\Hazina.AgentFactory.csproj::TargetFramework=net9.0]
C:\Projects\Hazina\src\Core\Agents\Hazina.AgentFactory\Core\AgentManager.cs(108,44): warning MA0006: Use string.Equals instead of Equals operator (https://github.com/meziantou/Meziantou.Analyzer/blob/main/docs/Rules/MA0006.md) [C:\Projects\Hazina\src\Core\Agents\Hazina.AgentFactory\Hazina.AgentFactory.csproj::TargetFramework=net9.0]
C:\Projects\Hazina\src\Core\Agents\Hazina.AgentFactory\Core\AgentFactoryExtensions.cs(86,9): warning CA1062: In externally visible method 'Task<HazinaAgent> AgentFactoryExtensions.CreateAgentWithCustomClient(AgentFactory factory, string name, string systemPrompt, IEnumerable<(IDocumentStore Store, bool Write)> stores, IEnumerable<string> functions, IEnumerable<string> agents, IEnumerable<string> flows, ILLMClient llmClient, bool isCoder = false)', validate parameter 'factory' is non-null before using it. If appropriate, throw an 'ArgumentNullException' when the argument is 'null'. (https://learn.microsoft.com/dotnet/fundamentals/code-analysis/quality-rules/ca1062) [C:\Projects\Hazina\src\Core\Agents\Hazina.AgentFactory\Hazina.AgentFactory.csproj::TargetFramework=net9.0]
C:\Projects\Hazina\src\Core\Agents\Hazina.AgentFactory\Core\AgentManager.cs(112,23): warning S6602: "Find" method should be used instead of the "FirstOrDefault" extension method. (https://rules.sonarsource.com/csharp/RSPEC-6602) [C:\Projects\Hazina\src\Core\Agents\Hazina.AgentFactory\Hazina.AgentFactory.csproj::TargetFramework=net9.0]
C:\Projects\Hazina\src\Core\Agents\Hazina.AgentFactory\Configuration\Parsers\HazinaStoreConfigParserV2.cs(32,25): warning CA1062: In externally visible method 'ConfigurationResult<List<StoreConfig>> HazinaStoreConfigParserV2.Parse(string input)', validate parameter 'input' is non-null before using it. If appropriate, throw an 'ArgumentNullException' when the argument is 'null'. (https://learn.microsoft.com/dotnet/fundamentals/code-analysis/quality-rules/ca1062) [C:\Projects\Hazina\src\Core\Agents\Hazina.AgentFactory\Hazina.AgentFactory.csproj::TargetFramework=net9.0]
C:\Projects\Hazina\src\Core\Agents\Hazina.AgentFactory\Services\BigQuery\BigQueryService.cs(101,35): warning S3267: Loop should be simplified by calling Select(field => field.Name)) (https://rules.sonarsource.com/csharp/RSPEC-3267) [C:\Projects\Hazina\src\Core\Agents\Hazina.AgentFactory\Hazina.AgentFactory.csproj::TargetFramework=net9.0]
C:\Projects\Hazina\src\Core\Agents\Hazina.AgentFactory\Configuration\Validation\StoreConfigValidator.cs(84,45): warning CA1860: Prefer comparing 'Length' to 0 rather than using 'Any()', both for clarity and for performance (https://learn.microsoft.com/dotnet/fundamentals/code-analysis/quality-rules/ca1860) [C:\Projects\Hazina\src\Core\Agents\Hazina.AgentFactory\Hazina.AgentFactory.csproj::TargetFramework=net9.0]
C:\Projects\Hazina\src\Core\Agents\Hazina.AgentFactory\Configuration\Validation\StoreConfigValidator.cs(99,34): warning CA1847: Use 'string.Contains(char)' instead of 'string.Contains(string)' when searching for a single character (https://learn.microsoft.com/dotnet/fundamentals/code-analysis/quality-rules/ca1847) [C:\Projects\Hazina\src\Core\Agents\Hazina.AgentFactory\Hazina.AgentFactory.csproj::TargetFramework=net9.0]
C:\Projects\Hazina\src\Core\Agents\Hazina.AgentFactory\Configuration\Validation\StoreConfigValidator.cs(99,59): warning CA1847: Use 'string.Contains(char)' instead of 'string.Contains(string)' when searching for a single character (https://learn.microsoft.com/dotnet/fundamentals/code-analysis/quality-rules/ca1847) [C:\Projects\Hazina\src\Core\Agents\Hazina.AgentFactory\Hazina.AgentFactory.csproj::TargetFramework=net9.0]
C:\Projects\Hazina\src\Core\Agents\Hazina.AgentFactory\Configuration\Validation\StoreConfigValidator.cs(99,18): warning CA1307: 'string.Contains(string)' has a method overload that takes a 'StringComparison' parameter. Replace this call in 'Hazina.AgentFactory.Configuration.Validation.StoreConfigValidator.ValidateFileFilters()' with a call to 'string.Contains(string, System.StringComparison)' for clarity of intent. (https://learn.microsoft.com/dotnet/fundamentals/code-analysis/quality-rules/ca1307) [C:\Projects\Hazina\src\Core\Agents\Hazina.AgentFactory\Hazina.AgentFactory.csproj::TargetFramework=net9.0]
C:\Projects\Hazina\src\Core\Agents\Hazina.AgentFactory\Configuration\Validation\StoreConfigValidator.cs(99,43): warning CA1307: 'string.Contains(string)' has a method overload that takes a 'StringComparison' parameter. Replace this call in 'Hazina.AgentFactory.Configuration.Validation.StoreConfigValidator.ValidateFileFilters()' with a call to 'string.Contains(string, System.StringComparison)' for clarity of intent. (https://learn.microsoft.com/dotnet/fundamentals/code-analysis/quality-rules/ca1307) [C:\Projects\Hazina\src\Core\Agents\Hazina.AgentFactory\Hazina.AgentFactory.csproj::TargetFramework=net9.0]
C:\Projects\Hazina\src\Core\Agents\Hazina.AgentFactory\Core\QuickAgentCreator.cs(62,9): warning MA0004: Use Task.ConfigureAwait(false) if the current SynchronizationContext is not needed (https://github.com/meziantou/Meziantou.Analyzer/blob/main/docs/Rules/MA0004.md) [C:\Projects\Hazina\src\Core\Agents\Hazina.AgentFactory\Hazina.AgentFactory.csproj::TargetFramework=net9.0]
C:\Projects\Hazina\src\Core\Agents\Hazina.AgentFactory\Services\Execution\AgentExecutionService.cs(119,35): warning S6602: "Find" method should be used instead of the "FirstOrDefault" extension method. (https://rules.sonarsource.com/csharp/RSPEC-6602) [C:\Projects\Hazina\src\Core\Agents\Hazina.AgentFactory\Hazina.AgentFactory.csproj::TargetFramework=net9.0]
C:\Projects\Hazina\src\Core\Agents\Hazina.AgentFactory\Core\AgentManager.cs(112,43): warning MA0006: Use string.Equals instead of Equals operator (https://github.com/meziantou/Meziantou.Analyzer/blob/main/docs/Rules/MA0006.md) [C:\Projects\Hazina\src\Core\Agents\Hazina.AgentFactory\Hazina.AgentFactory.csproj::TargetFramework=net9.0]
C:\Projects\Hazina\src\Core\Agents\Hazina.AgentFactory\Configuration\Validation\StoreConfigValidator.cs(105,17): warning MA0006: Use string.Equals instead of Equals operator (https://github.com/meziantou/Meziantou.Analyzer/blob/main/docs/Rules/MA0006.md) [C:\Projects\Hazina\src\Core\Agents\Hazina.AgentFactory\Hazina.AgentFactory.csproj::TargetFramework=net9.0]
C:\Projects\Hazina\src\Core\Agents\Hazina.AgentFactory\Configuration\Validation\StoreConfigValidator.cs(105,34): warning MA0006: Use string.Equals instead of Equals operator (https://github.com/meziantou/Meziantou.Analyzer/blob/main/docs/Rules/MA0006.md) [C:\Projects\Hazina\src\Core\Agents\Hazina.AgentFactory\Hazina.AgentFactory.csproj::TargetFramework=net9.0]
C:\Projects\Hazina\src\Core\Agents\Hazina.AgentFactory\Services\Tools\ToolRegistrationService.cs(179,18): warning MA0051: Method is too long (105 lines; maximum allowed: 60) (https://github.com/meziantou/Meziantou.Analyzer/blob/main/docs/Rules/MA0051.md) [C:\Projects\Hazina\src\Core\Agents\Hazina.AgentFactory\Hazina.AgentFactory.csproj::TargetFramework=net9.0]
C:\Projects\Hazina\src\Core\Agents\Hazina.AgentFactory\Core\AgentFactory.cs(82,13): warning CA1031: Modify '.ctor' to catch a more specific allowed exception type, or rethrow the exception (https://learn.microsoft.com/dotnet/fundamentals/code-analysis/quality-rules/ca1031) [C:\Projects\Hazina\src\Core\Agents\Hazina.AgentFactory\Hazina.AgentFactory.csproj::TargetFramework=net9.0]
C:\Projects\Hazina\src\Core\Agents\Hazina.AgentFactory\Core\StoresAndAgentsAndFlowLoader.cs(81,13): warning SA1111: Closing parenthesis should be on line of last parameter (https://github.com/DotNetAnalyzers/StyleCopAnalyzers/blob/master/documentation/SA1111.md) [C:\Projects\Hazina\src\Core\Agents\Hazina.AgentFactory\Hazina.AgentFactory.csproj::TargetFramework=net9.0]
C:\Projects\Hazina\src\Core\Agents\Hazina.AgentFactory\Configuration\Validation\ConfigurationResult.cs(112,16): warning MA0002: Use an overload that has a IEqualityComparer<string> or IComparer<string> parameter (https://github.com/meziantou/Meziantou.Analyzer/blob/main/docs/Rules/MA0002.md) [C:\Projects\Hazina\src\Core\Agents\Hazina.AgentFactory\Hazina.AgentFactory.csproj::TargetFramework=net9.0]
C:\Projects\Hazina\src\Core\Agents\Hazina.AgentFactory\Core\StoresAndAgentsAndFlowLoader.cs(53,25): warning CA1849: 'QuickAgentCreator.CreateStore(StorePaths, string)' synchronously blocks. Await 'QuickAgentCreator.CreateStoreAsync(StorePaths, string)' instead. (https://learn.microsoft.com/dotnet/fundamentals/code-analysis/quality-rules/ca1849) [C:\Projects\Hazina\src\Core\Agents\Hazina.AgentFactory\Hazina.AgentFactory.csproj::TargetFramework=net9.0]
C:\Projects\Hazina\src\Core\Agents\Hazina.AgentFactory\Core\StoresAndAgentsAndFlowLoader.cs(54,13): warning MA0004: Use Task.ConfigureAwait(false) if the current SynchronizationContext is not needed (https://github.com/meziantou/Meziantou.Analyzer/blob/main/docs/Rules/MA0004.md) [C:\Projects\Hazina\src\Core\Agents\Hazina.AgentFactory\Hazina.AgentFactory.csproj::TargetFramework=net9.0]
C:\Projects\Hazina\src\Core\Agents\Hazina.AgentFactory\Core\StoresAndAgentsAndFlowLoader.cs(73,25): warning MA0004: Use Task.ConfigureAwait(false) if the current SynchronizationContext is not needed (https://github.com/meziantou/Meziantou.Analyzer/blob/main/docs/Rules/MA0004.md) [C:\Projects\Hazina\src\Core\Agents\Hazina.AgentFactory\Hazina.AgentFactory.csproj::TargetFramework=net9.0]
C:\Projects\Hazina\src\Core\Agents\Hazina.AgentFactory\Configuration\Parsers\HazinaStoreConfigParserV2.cs(120,21): warning SA1503: Braces should not be omitted (https://github.com/DotNetAnalyzers/StyleCopAnalyzers/blob/master/documentation/SA1503.md) [C:\Projects\Hazina\src\Core\Agents\Hazina.AgentFactory\Hazina.AgentFactory.csproj::TargetFramework=net9.0]
C:\Projects\Hazina\src\Core\Agents\Hazina.AgentFactory\Configuration\Parsers\HazinaStoreConfigParserV2.cs(122,21): warning SA1503: Braces should not be omitted (https://github.com/DotNetAnalyzers/StyleCopAnalyzers/blob/master/documentation/SA1503.md) [C:\Projects\Hazina\src\Core\Agents\Hazina.AgentFactory\Hazina.AgentFactory.csproj::TargetFramework=net9.0]
C:\Projects\Hazina\src\Core\Agents\Hazina.AgentFactory\Configuration\Parsers\HazinaStoreConfigParserV2.cs(127,21): warning SA1503: Braces should not be omitted (https://github.com/DotNetAnalyzers/StyleCopAnalyzers/blob/master/documentation/SA1503.md) [C:\Projects\Hazina\src\Core\Agents\Hazina.AgentFactory\Hazina.AgentFactory.csproj::TargetFramework=net9.0]
C:\Projects\Hazina\src\Core\Agents\Hazina.AgentFactory\Configuration\Parsers\HazinaStoreConfigParserV2.cs(129,21): warning SA1503: Braces should not be omitted (https://github.com/DotNetAnalyzers/StyleCopAnalyzers/blob/master/documentation/SA1503.md) [C:\Projects\Hazina\src\Core\Agents\Hazina.AgentFactory\Hazina.AgentFactory.csproj::TargetFramework=net9.0]
C:\Projects\Hazina\src\Core\Agents\Hazina.AgentFactory\Configuration\Parsers\HazinaStoreConfigParserV2.cs(134,21): warning SA1503: Braces should not be omitted (https://github.com/DotNetAnalyzers/StyleCopAnalyzers/blob/master/documentation/SA1503.md) [C:\Projects\Hazina\src\Core\Agents\Hazina.AgentFactory\Hazina.AgentFactory.csproj::TargetFramework=net9.0]
C:\Projects\Hazina\src\Core\Agents\Hazina.AgentFactory\Configuration\Parsers\HazinaStoreConfigParserV2.cs(136,21): warning SA1503: Braces should not be omitted (https://github.com/DotNetAnalyzers/StyleCopAnalyzers/blob/master/documentation/SA1503.md) [C:\Projects\Hazina\src\Core\Agents\Hazina.AgentFactory\Hazina.AgentFactory.csproj::TargetFramework=net9.0]
C:\Projects\Hazina\src\Core\Agents\Hazina.AgentFactory\Configuration\Parsers\HazinaStoreConfigParserV2.cs(147,21): warning SA1503: Braces should not be omitted (https://github.com/DotNetAnalyzers/StyleCopAnalyzers/blob/master/documentation/SA1503.md) [C:\Projects\Hazina\src\Core\Agents\Hazina.AgentFactory\Hazina.AgentFactory.csproj::TargetFramework=net9.0]
C:\Projects\Hazina\src\Core\Agents\Hazina.AgentFactory\Configuration\Parsers\HazinaStoreConfigParserV2.cs(149,21): warning SA1503: Braces should not be omitted (https://github.com/DotNetAnalyzers/StyleCopAnalyzers/blob/master/documentation/SA1503.md) [C:\Projects\Hazina\src\Core\Agents\Hazina.AgentFactory\Hazina.AgentFactory.csproj::TargetFramework=net9.0]
C:\Projects\Hazina\src\Core\Agents\Hazina.AgentFactory\Configuration\Parsers\HazinaStoreConfigParserV2.cs(154,21): warning SA1503: Braces should not be omitted (https://github.com/DotNetAnalyzers/StyleCopAnalyzers/blob/master/documentation/SA1503.md) [C:\Projects\Hazina\src\Core\Agents\Hazina.AgentFactory\Hazina.AgentFactory.csproj::TargetFramework=net9.0]
C:\Projects\Hazina\src\Core\Agents\Hazina.AgentFactory\Configuration\Parsers\HazinaStoreConfigParserV2.cs(156,21): warning SA1503: Braces should not be omitted (https://github.com/DotNetAnalyzers/StyleCopAnalyzers/blob/master/documentation/SA1503.md) [C:\Projects\Hazina\src\Core\Agents\Hazina.AgentFactory\Hazina.AgentFactory.csproj::TargetFramework=net9.0]
C:\Projects\Hazina\src\Core\Agents\Hazina.AgentFactory\Core\AgentFactory.cs(84,35): warning CA1303: Method 'AgentFactory.AgentFactory(string openAIApiKey, string logFilePath, string googleProjectId = "")' passes a literal string as parameter 'value' of a call to 'void Console.WriteLine(string? value)'. Retrieve the following string(s) from a resource table instead: "Could not load google account file". (https://learn.microsoft.com/dotnet/fundamentals/code-analysis/quality-rules/ca1303) [C:\Projects\Hazina\src\Core\Agents\Hazina.AgentFactory\Hazina.AgentFactory.csproj::TargetFramework=net9.0]
C:\Projects\Hazina\src\Core\Agents\Hazina.AgentFactory\Core\QuickAgentCreator.cs(44,37): warning CA1062: In externally visible method 'DocumentStore QuickAgentCreator.CreateStore(StorePaths paths, string name)', validate parameter 'paths' is non-null before using it. If appropriate, throw an 'ArgumentNullException' when the argument is 'null'. (https://learn.microsoft.com/dotnet/fundamentals/code-analysis/quality-rules/ca1062) [C:\Projects\Hazina\src\Core\Agents\Hazina.AgentFactory\Hazina.AgentFactory.csproj::TargetFramework=net9.0]
C:\Projects\Hazina\src\Core\Agents\Hazina.AgentFactory\Core\StoresAndAgentsAndFlowLoader.cs(64,57): warning MA0006: Use string.Equals instead of Equals operator (https://github.com/meziantou/Meziantou.Analyzer/blob/main/docs/Rules/MA0006.md) [C:\Projects\Hazina\src\Core\Agents\Hazina.AgentFactory\Hazina.AgentFactory.csproj::TargetFramework=net9.0]
C:\Projects\Hazina\src\Core\Agents\Hazina.AgentFactory\Configuration\Validation\StoreConfigValidator.cs(153,58): warning S6605: Collection-specific "Exists" method should be used instead of the "Any" extension. (https://rules.sonarsource.com/csharp/RSPEC-6605) [C:\Projects\Hazina\src\Core\Agents\Hazina.AgentFactory\Hazina.AgentFactory.csproj::TargetFramework=net9.0]
C:\Projects\Hazina\src\Core\Agents\Hazina.AgentFactory\Services\Execution\AgentExecutionService.cs(160,35): warning S6602: "Find" method should be used instead of the "FirstOrDefault" extension method. (https://rules.sonarsource.com/csharp/RSPEC-6602) [C:\Projects\Hazina\src\Core\Agents\Hazina.AgentFactory\Hazina.AgentFactory.csproj::TargetFramework=net9.0]
C:\Projects\Hazina\src\Core\Agents\Hazina.AgentFactory\Core\AgentFactory.cs(130,13): warning SA1503: Braces should not be omitted (https://github.com/DotNetAnalyzers/StyleCopAnalyzers/blob/master/documentation/SA1503.md) [C:\Projects\Hazina\src\Core\Agents\Hazina.AgentFactory\Hazina.AgentFactory.csproj::TargetFramework=net9.0]
C:\Projects\Hazina\src\Core\Agents\Hazina.AgentFactory\Services\Execution\AgentExecutionService.cs(120,32): warning SA1503: Braces should not be omitted (https://github.com/DotNetAnalyzers/StyleCopAnalyzers/blob/master/documentation/SA1503.md) [C:\Projects\Hazina\src\Core\Agents\Hazina.AgentFactory\Hazina.AgentFactory.csproj::TargetFramework=net9.0]
C:\Projects\Hazina\src\Core\Agents\Hazina.AgentFactory\Core\AgentFactory.cs(125,5): warning SA1124: Do not use regions (https://github.com/DotNetAnalyzers/StyleCopAnalyzers/blob/master/documentation/SA1124.md) [C:\Projects\Hazina\src\Core\Agents\Hazina.AgentFactory\Hazina.AgentFactory.csproj::TargetFramework=net9.0]
C:\Projects\Hazina\src\Core\Agents\Hazina.AgentFactory\Core\AgentFactory.cs(130,20): warning MA0004: Use Task.ConfigureAwait(false) if the current SynchronizationContext is not needed (https://github.com/meziantou/Meziantou.Analyzer/blob/main/docs/Rules/MA0004.md) [C:\Projects\Hazina\src\Core\Agents\Hazina.AgentFactory\Hazina.AgentFactory.csproj::TargetFramework=net9.0]
C:\Projects\Hazina\src\Core\Agents\Hazina.AgentFactory\Core\AgentFactory.cs(133,16): warning MA0004: Use Task.ConfigureAwait(false) if the current SynchronizationContext is not needed (https://github.com/meziantou/Meziantou.Analyzer/blob/main/docs/Rules/MA0004.md) [C:\Projects\Hazina\src\Core\Agents\Hazina.AgentFactory\Hazina.AgentFactory.csproj::TargetFramework=net9.0]
C:\Projects\Hazina\src\Core\Agents\Hazina.AgentFactory\Core\AgentManager.cs(155,32): warning SA1503: Braces should not be omitted (https://github.com/DotNetAnalyzers/StyleCopAnalyzers/blob/master/documentation/SA1503.md) [C:\Projects\Hazina\src\Core\Agents\Hazina.AgentFactory\Hazina.AgentFactory.csproj::TargetFramework=net9.0]
C:\Projects\Hazina\src\Core\Agents\Hazina.AgentFactory\Core\AgentManager.cs(160,32): warning SA1503: Braces should not be omitted (https://github.com/DotNetAnalyzers/StyleCopAnalyzers/blob/master/documentation/SA1503.md) [C:\Projects\Hazina\src\Core\Agents\Hazina.AgentFactory\Hazina.AgentFactory.csproj::TargetFramework=net9.0]
C:\Projects\Hazina\src\Core\Agents\Hazina.AgentFactory\Configuration\Validation\AgentConfigValidator.cs(54,40): warning CA1860: Prefer comparing 'Count' to 0 rather than using 'Any()', both for clarity and for performance (https://learn.microsoft.com/dotnet/fundamentals/code-analysis/quality-rules/ca1860) [C:\Projects\Hazina\src\Core\Agents\Hazina.AgentFactory\Hazina.AgentFactory.csproj::TargetFramework=net9.0]
C:\Projects\Hazina\src\Core\Agents\Hazina.AgentFactory\Configuration\Parsers\HazinaStoreConfigParserV2.cs(133,21): warning MA0011: Use an overload of 'TryParse' that has a 'System.IFormatProvider' parameter (https://github.com/meziantou/Meziantou.Analyzer/blob/main/docs/Rules/MA0011.md) [C:\Projects\Hazina\src\Core\Agents\Hazina.AgentFactory\Hazina.AgentFactory.csproj::TargetFramework=net9.0]
C:\Projects\Hazina\src\Core\Agents\Hazina.AgentFactory\Core\AgentManager.cs(172,31): warning CA1707: Remove the underscores from member name Hazina.AgentFactory.Core.AgentManager.SendMessage_Flow(string, System.Threading.CancellationToken, string) (https://learn.microsoft.com/dotnet/fundamentals/code-analysis/quality-rules/ca1707) [C:\Projects\Hazina\src\Core\Agents\Hazina.AgentFactory\Hazina.AgentFactory.csproj::TargetFramework=net9.0]
C:\Projects\Hazina\src\Core\Agents\Hazina.AgentFactory\Configuration\Parsers\HazinaStoreConfigParserV2.cs(153,21): warning MA0011: Use an overload of 'TryParse' that has a 'System.IFormatProvider' parameter (https://github.com/meziantou/Meziantou.Analyzer/blob/main/docs/Rules/MA0011.md) [C:\Projects\Hazina\src\Core\Agents\Hazina.AgentFactory\Hazina.AgentFactory.csproj::TargetFramework=net9.0]
C:\Projects\Hazina\src\Core\Agents\Hazina.AgentFactory\Services\Execution\AgentExecutionService.cs(116,27): warning MA0004: Use Task.ConfigureAwait(false) if the current SynchronizationContext is not needed (https://github.com/meziantou/Meziantou.Analyzer/blob/main/docs/Rules/MA0004.md) [C:\Projects\Hazina\src\Core\Agents\Hazina.AgentFactory\Hazina.AgentFactory.csproj::TargetFramework=net9.0]
C:\Projects\Hazina\src\Core\Agents\Hazina.AgentFactory\Core\AgentManager.cs(163,9): warning MA0004: Use Task.ConfigureAwait(false) if the current SynchronizationContext is not needed (https://github.com/meziantou/Meziantou.Analyzer/blob/main/docs/Rules/MA0004.md) [C:\Projects\Hazina\src\Core\Agents\Hazina.AgentFactory\Hazina.AgentFactory.csproj::TargetFramework=net9.0]
C:\Projects\Hazina\src\Core\Agents\Hazina.AgentFactory\Core\AgentManager.cs(165,24): warning MA0004: Use Task.ConfigureAwait(false) if the current SynchronizationContext is not needed (https://github.com/meziantou/Meziantou.Analyzer/blob/main/docs/Rules/MA0004.md) [C:\Projects\Hazina\src\Core\Agents\Hazina.AgentFactory\Hazina.AgentFactory.csproj::TargetFramework=net9.0]
C:\Projects\Hazina\src\Core\Agents\Hazina.AgentFactory\Core\AgentManager.cs(167,9): warning MA0004: Use Task.ConfigureAwait(false) if the current SynchronizationContext is not needed (https://github.com/meziantou/Meziantou.Analyzer/blob/main/docs/Rules/MA0004.md) [C:\Projects\Hazina\src\Core\Agents\Hazina.AgentFactory\Hazina.AgentFactory.csproj::TargetFramework=net9.0]
C:\Projects\Hazina\src\Core\Agents\Hazina.AgentFactory\Configuration\Validation\AgentConfigValidator.cs(61,26): warning MA0002: Use an overload that has a IEqualityComparer<string> or IComparer<string> parameter (https://github.com/meziantou/Meziantou.Analyzer/blob/main/docs/Rules/MA0002.md) [C:\Projects\Hazina\src\Core\Agents\Hazina.AgentFactory\Hazina.AgentFactory.csproj::TargetFramework=net9.0]
C:\Projects\Hazina\src\Core\Agents\Hazina.AgentFactory\Configuration\Validation\AgentConfigValidator.cs(76,22): warning MA0002: Use an overload that has a IEqualityComparer<string> or IComparer<string> parameter (https://github.com/meziantou/Meziantou.Analyzer/blob/main/docs/Rules/MA0002.md) [C:\Projects\Hazina\src\Core\Agents\Hazina.AgentFactory\Hazina.AgentFactory.csproj::TargetFramework=net9.0]
C:\Projects\Hazina\src\Core\Agents\Hazina.AgentFactory\Configuration\Validation\ConfigurationResult.cs(122,13): warning CA1860: Prefer comparing 'Count' to 0 rather than using 'Any()', both for clarity and for performance (https://learn.microsoft.com/dotnet/fundamentals/code-analysis/quality-rules/ca1860) [C:\Projects\Hazina\src\Core\Agents\Hazina.AgentFactory\Hazina.AgentFactory.csproj::TargetFramework=net9.0]
C:\Projects\Hazina\src\Core\Agents\Hazina.AgentFactory\Configuration\Validation\ConfigurationResult.cs(131,13): warning CA1860: Prefer comparing 'Count' to 0 rather than using 'Any()', both for clarity and for performance (https://learn.microsoft.com/dotnet/fundamentals/code-analysis/quality-rules/ca1860) [C:\Projects\Hazina\src\Core\Agents\Hazina.AgentFactory\Hazina.AgentFactory.csproj::TargetFramework=net9.0]
C:\Projects\Hazina\src\Core\Agents\Hazina.AgentFactory\Configuration\Validation\ConfigurationResult.cs(140,13): warning CA1860: Prefer comparing 'Count' to 0 rather than using 'Any()', both for clarity and for performance (https://learn.microsoft.com/dotnet/fundamentals/code-analysis/quality-rules/ca1860) [C:\Projects\Hazina\src\Core\Agents\Hazina.AgentFactory\Hazina.AgentFactory.csproj::TargetFramework=net9.0]
C:\Projects\Hazina\src\Core\Agents\Hazina.AgentFactory\Core\AgentManager.cs(125,32): warning SA1503: Braces should not be omitted (https://github.com/DotNetAnalyzers/StyleCopAnalyzers/blob/master/documentation/SA1503.md) [C:\Projects\Hazina\src\Core\Agents\Hazina.AgentFactory\Hazina.AgentFactory.csproj::TargetFramework=net9.0]
C:\Projects\Hazina\src\Core\Agents\Hazina.AgentFactory\Core\AgentManager.cs(130,32): warning SA1503: Braces should not be omitted (https://github.com/DotNetAnalyzers/StyleCopAnalyzers/blob/master/documentation/SA1503.md) [C:\Projects\Hazina\src\Core\Agents\Hazina.AgentFactory\Hazina.AgentFactory.csproj::TargetFramework=net9.0]
C:\Projects\Hazina\src\Core\Agents\Hazina.AgentFactory\Core\AgentManager.cs(137,17): warning SA1503: Braces should not be omitted (https://github.com/DotNetAnalyzers/StyleCopAnalyzers/blob/master/documentation/SA1503.md) [C:\Projects\Hazina\src\Core\Agents\Hazina.AgentFactory\Hazina.AgentFactory.csproj::TargetFramework=net9.0]
C:\Projects\Hazina\src\Core\Agents\Hazina.AgentFactory\Services\BigQuery\BigQueryService.cs(97,29): warning CA1062: In externally visible method 'string BigQueryService.ExtractAsString(IEnumerable<BigQueryRow> result)', validate parameter 'result' is non-null before using it. If appropriate, throw an 'ArgumentNullException' when the argument is 'null'. (https://learn.microsoft.com/dotnet/fundamentals/code-analysis/quality-rules/ca1062) [C:\Projects\Hazina\src\Core\Agents\Hazina.AgentFactory\Hazina.AgentFactory.csproj::TargetFramework=net9.0]
C:\Projects\Hazina\src\Core\Agents\Hazina.AgentFactory\Configuration\Validation\AgentConfigValidator.cs(92,43): warning CA1860: Prefer comparing 'Count' to 0 rather than using 'Any()', both for clarity and for performance (https://learn.microsoft.com/dotnet/fundamentals/code-analysis/quality-rules/ca1860) [C:\Projects\Hazina\src\Core\Agents\Hazina.AgentFactory\Hazina.AgentFactory.csproj::TargetFramework=net9.0]
C:\Projects\Hazina\src\Core\Agents\Hazina.AgentFactory\Core\AgentFactoryExtensions.cs(113,13): warning S3011: Make sure that this accessibility bypass is safe here. (https://rules.sonarsource.com/csharp/RSPEC-3011) [C:\Projects\Hazina\src\Core\Agents\Hazina.AgentFactory\Hazina.AgentFactory.csproj::TargetFramework=net9.0]
C:\Projects\Hazina\src\Core\Agents\Hazina.AgentFactory\Configuration\Validation\AgentConfigValidator.cs(99,26): warning MA0002: Use an overload that has a IEqualityComparer<string> or IComparer<string> parameter (https://github.com/meziantou/Meziantou.Analyzer/blob/main/docs/Rules/MA0002.md) [C:\Projects\Hazina\src\Core\Agents\Hazina.AgentFactory\Hazina.AgentFactory.csproj::TargetFramework=net9.0]
C:\Projects\Hazina\src\Core\Agents\Hazina.AgentFactory\Configuration\Validation\AgentConfigValidator.cs(114,22): warning MA0002: Use an overload that has a IEqualityComparer<string> or IComparer<string> parameter (https://github.com/meziantou/Meziantou.Analyzer/blob/main/docs/Rules/MA0002.md) [C:\Projects\Hazina\src\Core\Agents\Hazina.AgentFactory\Hazina.AgentFactory.csproj::TargetFramework=net9.0]
C:\Projects\Hazina\src\Core\Agents\Hazina.AgentFactory\Core\AgentManager.cs(139,28): warning MA0004: Use Task.ConfigureAwait(false) if the current SynchronizationContext is not needed (https://github.com/meziantou/Meziantou.Analyzer/blob/main/docs/Rules/MA0004.md) [C:\Projects\Hazina\src\Core\Agents\Hazina.AgentFactory\Hazina.AgentFactory.csproj::TargetFramework=net9.0]
C:\Projects\Hazina\src\Core\Agents\Hazina.AgentFactory\Core\AgentManager.cs(142,28): warning MA0004: Use Task.ConfigureAwait(false) if the current SynchronizationContext is not needed (https://github.com/meziantou/Meziantou.Analyzer/blob/main/docs/Rules/MA0004.md) [C:\Projects\Hazina\src\Core\Agents\Hazina.AgentFactory\Hazina.AgentFactory.csproj::TargetFramework=net9.0]
C:\Projects\Hazina\src\Core\Agents\Hazina.AgentFactory\Core\AgentFactoryExtensions.cs(120,61): warning S1905: Remove this unnecessary cast to 'IDocumentStore'. (https://rules.sonarsource.com/csharp/RSPEC-1905) [C:\Projects\Hazina\src\Core\Agents\Hazina.AgentFactory\Hazina.AgentFactory.csproj::TargetFramework=net9.0]
C:\Projects\Hazina\src\Core\Agents\Hazina.AgentFactory\Core\AgentManager.cs(138,26): warning SA1129: Do not use default value type constructor (https://github.com/DotNetAnalyzers/StyleCopAnalyzers/blob/master/documentation/SA1129.md) [C:\Projects\Hazina\src\Core\Agents\Hazina.AgentFactory\Hazina.AgentFactory.csproj::TargetFramework=net9.0]
C:\Projects\Hazina\src\Core\Agents\Hazina.AgentFactory\Core\AgentManager.cs(174,9): warning MA0004: Use Task.ConfigureAwait(false) if the current SynchronizationContext is not needed (https://github.com/meziantou/Meziantou.Analyzer/blob/main/docs/Rules/MA0004.md) [C:\Projects\Hazina\src\Core\Agents\Hazina.AgentFactory\Hazina.AgentFactory.csproj::TargetFramework=net9.0]
C:\Projects\Hazina\src\Core\Agents\Hazina.AgentFactory\Core\AgentManager.cs(176,24): warning MA0004: Use Task.ConfigureAwait(false) if the current SynchronizationContext is not needed (https://github.com/meziantou/Meziantou.Analyzer/blob/main/docs/Rules/MA0004.md) [C:\Projects\Hazina\src\Core\Agents\Hazina.AgentFactory\Hazina.AgentFactory.csproj::TargetFramework=net9.0]
C:\Projects\Hazina\src\Core\Agents\Hazina.AgentFactory\Core\AgentManager.cs(134,31): warning CA1303: Method 'Task AgentManager.InteractiveUserLoop(string agentName = null)' passes a literal string as parameter 'value' of a call to 'void Console.WriteLine(string? value)'. Retrieve the following string(s) from a resource table instead: "Geef een instructie (of 'exit' om te stoppen):". (https://learn.microsoft.com/dotnet/fundamentals/code-analysis/quality-rules/ca1303) [C:\Projects\Hazina\src\Core\Agents\Hazina.AgentFactory\Hazina.AgentFactory.csproj::TargetFramework=net9.0]
C:\Projects\Hazina\src\Core\Agents\Hazina.AgentFactory\Core\AgentFactory.cs(139,13): warning SA1503: Braces should not be omitted (https://github.com/DotNetAnalyzers/StyleCopAnalyzers/blob/master/documentation/SA1503.md) [C:\Projects\Hazina\src\Core\Agents\Hazina.AgentFactory\Hazina.AgentFactory.csproj::TargetFramework=net9.0]
C:\Projects\Hazina\src\Core\Agents\Hazina.AgentFactory\Core\AgentFactory.cs(147,13): warning SA1503: Braces should not be omitted (https://github.com/DotNetAnalyzers/StyleCopAnalyzers/blob/master/documentation/SA1503.md) [C:\Projects\Hazina\src\Core\Agents\Hazina.AgentFactory\Hazina.AgentFactory.csproj::TargetFramework=net9.0]
C:\Projects\Hazina\src\Core\Agents\Hazina.AgentFactory\Core\AgentFactory.cs(139,20): warning MA0004: Use Task.ConfigureAwait(false) if the current SynchronizationContext is not needed (https://github.com/meziantou/Meziantou.Analyzer/blob/main/docs/Rules/MA0004.md) [C:\Projects\Hazina\src\Core\Agents\Hazina.AgentFactory\Hazina.AgentFactory.csproj::TargetFramework=net9.0]
C:\Projects\Hazina\src\Core\Agents\Hazina.AgentFactory\Core\AgentFactory.cs(141,16): warning MA0004: Use Task.ConfigureAwait(false) if the current SynchronizationContext is not needed (https://github.com/meziantou/Meziantou.Analyzer/blob/main/docs/Rules/MA0004.md) [C:\Projects\Hazina\src\Core\Agents\Hazina.AgentFactory\Hazina.AgentFactory.csproj::TargetFramework=net9.0]
C:\Projects\Hazina\src\Core\Agents\Hazina.AgentFactory\Configuration\Validation\StoreConfigValidator.cs(142,26): warning S6610: "StartsWith" overloads that take a "char" should be used (https://rules.sonarsource.com/csharp/RSPEC-6610) [C:\Projects\Hazina\src\Core\Agents\Hazina.AgentFactory\Hazina.AgentFactory.csproj::TargetFramework=net9.0]
C:\Projects\Hazina\src\Core\Agents\Hazina.AgentFactory\Core\AgentFactory.cs(147,20): warning MA0004: Use Task.ConfigureAwait(false) if the current SynchronizationContext is not needed (https://github.com/meziantou/Meziantou.Analyzer/blob/main/docs/Rules/MA0004.md) [C:\Projects\Hazina\src\Core\Agents\Hazina.AgentFactory\Hazina.AgentFactory.csproj::TargetFramework=net9.0]
C:\Projects\Hazina\src\Core\Agents\Hazina.AgentFactory\Core\AgentFactory.cs(149,16): warning MA0004: Use Task.ConfigureAwait(false) if the current SynchronizationContext is not needed (https://github.com/meziantou/Meziantou.Analyzer/blob/main/docs/Rules/MA0004.md) [C:\Projects\Hazina\src\Core\Agents\Hazina.AgentFactory\Hazina.AgentFactory.csproj::TargetFramework=net9.0]
C:\Projects\Hazina\src\Core\Agents\Hazina.AgentFactory\Core\AgentFactory.cs(155,13): warning SA1503: Braces should not be omitted (https://github.com/DotNetAnalyzers/StyleCopAnalyzers/blob/master/documentation/SA1503.md) [C:\Projects\Hazina\src\Core\Agents\Hazina.AgentFactory\Hazina.AgentFactory.csproj::TargetFramework=net9.0]
C:\Projects\Hazina\src\Core\Agents\Hazina.AgentFactory\Configuration\Validation\StoreConfigValidator.cs(131,74): warning SA1108: Block statements should not contain embedded comments (https://github.com/DotNetAnalyzers/StyleCopAnalyzers/blob/master/documentation/SA1108.md) [C:\Projects\Hazina\src\Core\Agents\Hazina.AgentFactory\Hazina.AgentFactory.csproj::TargetFramework=net9.0]
C:\Projects\Hazina\src\Core\Agents\Hazina.AgentFactory\Configuration\Parsers\HazinaStoreConfigParserV2.cs(168,19): warning S2325: Make 'Serialize' a static method. (https://rules.sonarsource.com/csharp/RSPEC-2325) [C:\Projects\Hazina\src\Core\Agents\Hazina.AgentFactory\Hazina.AgentFactory.csproj::TargetFramework=net9.0]
C:\Projects\Hazina\src\Core\Agents\Hazina.AgentFactory\Services\Execution\AgentExecutionService.cs(161,32): warning SA1503: Braces should not be omitted (https://github.com/DotNetAnalyzers/StyleCopAnalyzers/blob/master/documentation/SA1503.md) [C:\Projects\Hazina\src\Core\Agents\Hazina.AgentFactory\Hazina.AgentFactory.csproj::TargetFramework=net9.0]
C:\Projects\Hazina\src\Core\Agents\Hazina.AgentFactory\Core\AgentFactory.cs(155,20): warning MA0004: Use Task.ConfigureAwait(false) if the current SynchronizationContext is not needed (https://github.com/meziantou/Meziantou.Analyzer/blob/main/docs/Rules/MA0004.md) [C:\Projects\Hazina\src\Core\Agents\Hazina.AgentFactory\Hazina.AgentFactory.csproj::TargetFramework=net9.0]
C:\Projects\Hazina\src\Core\Agents\Hazina.AgentFactory\Services\Execution\AgentExecutionService.cs(157,104): warning SA1122: Use string.Empty for empty strings (https://github.com/DotNetAnalyzers/StyleCopAnalyzers/blob/master/documentation/SA1122.md) [C:\Projects\Hazina\src\Core\Agents\Hazina.AgentFactory\Hazina.AgentFactory.csproj::TargetFramework=net9.0]
C:\Projects\Hazina\src\Core\Agents\Hazina.AgentFactory\Configuration\Validation\StoreConfigValidator.cs(142,36): warning CA1866: Use 'string.StartsWith(char)' instead of 'string.StartsWith(string)' when you have a string with a single char (https://learn.microsoft.com/dotnet/fundamentals/code-analysis/quality-rules/ca1866) [C:\Projects\Hazina\src\Core\Agents\Hazina.AgentFactory\Hazina.AgentFactory.csproj::TargetFramework=net9.0]
C:\Projects\Hazina\src\Core\Agents\Hazina.AgentFactory\Core\AgentFactory.cs(157,16): warning MA0004: Use Task.ConfigureAwait(false) if the current SynchronizationContext is not needed (https://github.com/meziantou/Meziantou.Analyzer/blob/main/docs/Rules/MA0004.md) [C:\Projects\Hazina\src\Core\Agents\Hazina.AgentFactory\Hazina.AgentFactory.csproj::TargetFramework=net9.0]
C:\Projects\Hazina\src\Core\Agents\Hazina.AgentFactory\Configuration\Validation\StoreConfigValidator.cs(138,50): warning CA1860: Prefer comparing 'Length' to 0 rather than using 'Any()', both for clarity and for performance (https://learn.microsoft.com/dotnet/fundamentals/code-analysis/quality-rules/ca1860) [C:\Projects\Hazina\src\Core\Agents\Hazina.AgentFactory\Hazina.AgentFactory.csproj::TargetFramework=net9.0]
C:\Projects\Hazina\src\Core\Agents\Hazina.AgentFactory\Configuration\Validation\StoreConfigValidator.cs(154,46): warning CA1308: In method 'ValidateSafetySettings', replace the call to 'ToLowerInvariant' with 'ToUpperInvariant' (https://learn.microsoft.com/dotnet/fundamentals/code-analysis/quality-rules/ca1308) [C:\Projects\Hazina\src\Core\Agents\Hazina.AgentFactory\Hazina.AgentFactory.csproj::TargetFramework=net9.0]
C:\Projects\Hazina\src\Core\Agents\Hazina.AgentFactory\Configuration\Validation\StoreConfigValidator.cs(142,22): warning CA1310: The behavior of 'string.StartsWith(string)' could vary based on the current user's locale settings. Replace this call in 'Hazina.AgentFactory.Configuration.Validation.StoreConfigValidator.ValidateSafetySettings()' with a call to 'string.StartsWith(string, System.StringComparison)'. (https://learn.microsoft.com/dotnet/fundamentals/code-analysis/quality-rules/ca1310) [C:\Projects\Hazina\src\Core\Agents\Hazina.AgentFactory\Hazina.AgentFactory.csproj::TargetFramework=net9.0]
C:\Projects\Hazina\src\Core\Agents\Hazina.AgentFactory\Core\AgentManager.cs(182,62): warning CA1311: Specify a culture or use an invariant version to avoid implicit dependency on current culture (https://learn.microsoft.com/dotnet/fundamentals/code-analysis/quality-rules/ca1311) [C:\Projects\Hazina\src\Core\Agents\Hazina.AgentFactory\Hazina.AgentFactory.csproj::TargetFramework=net9.0]
C:\Projects\Hazina\src\Core\Agents\Hazina.AgentFactory\Core\AgentManager.cs(182,55): warning CA1862: Prefer using 'string.Equals(string, StringComparison)' to perform a case-insensitive comparison, but keep in mind that this might cause subtle changes in behavior, so make sure to conduct thorough testing after applying the suggestion, or if culturally sensitive comparison is not required, consider using 'StringComparison.OrdinalIgnoreCase' (https://learn.microsoft.com/dotnet/fundamentals/code-analysis/quality-rules/ca1862) [C:\Projects\Hazina\src\Core\Agents\Hazina.AgentFactory\Hazina.AgentFactory.csproj::TargetFramework=net9.0]
C:\Projects\Hazina\src\Core\Agents\Hazina.AgentFactory\Core\AgentFactoryExtensions.cs(91,77): warning SA1629: Documentation text should end with a period (https://github.com/DotNetAnalyzers/StyleCopAnalyzers/blob/master/documentation/SA1629.md) [C:\Projects\Hazina\src\Core\Agents\Hazina.AgentFactory\Hazina.AgentFactory.csproj::TargetFramework=net9.0]
C:\Projects\Hazina\src\Core\Agents\Hazina.AgentFactory\Core\AgentManager.cs(182,55): warning CA1304: The behavior of 'string.ToLower()' could vary based on the current user's locale settings. Replace this call in 'AgentManager.AddHistory(string)' with a call to 'string.ToLower(CultureInfo)'. (https://learn.microsoft.com/dotnet/fundamentals/code-analysis/quality-rules/ca1304) [C:\Projects\Hazina\src\Core\Agents\Hazina.AgentFactory\Hazina.AgentFactory.csproj::TargetFramework=net9.0]
C:\Projects\Hazina\src\Core\Agents\Hazina.AgentFactory\Core\AgentManager.cs(185,26): warning CA1305: The behavior of 'DateTime.ToString(string)' could vary based on the current user's locale settings. Replace this call in 'AgentManager.AddHistory(string)' with a call to 'DateTime.ToString(string, IFormatProvider)'. (https://learn.microsoft.com/dotnet/fundamentals/code-analysis/quality-rules/ca1305) [C:\Projects\Hazina\src\Core\Agents\Hazina.AgentFactory\Hazina.AgentFactory.csproj::TargetFramework=net9.0]
C:\Projects\Hazina\src\Core\Agents\Hazina.AgentFactory\Services\Execution\AgentExecutionService.cs(157,27): warning MA0004: Use Task.ConfigureAwait(false) if the current SynchronizationContext is not needed (https://github.com/meziantou/Meziantou.Analyzer/blob/main/docs/Rules/MA0004.md) [C:\Projects\Hazina\src\Core\Agents\Hazina.AgentFactory\Hazina.AgentFactory.csproj::TargetFramework=net9.0]
C:\Projects\Hazina\src\Core\Agents\Hazina.AgentFactory\Core\AgentManager.cs(186,13): warning MA0004: Use Task.ConfigureAwait(false) if the current SynchronizationContext is not needed (https://github.com/meziantou/Meziantou.Analyzer/blob/main/docs/Rules/MA0004.md) [C:\Projects\Hazina\src\Core\Agents\Hazina.AgentFactory\Hazina.AgentFactory.csproj::TargetFramework=net9.0]
C:\Projects\Hazina\src\Core\Agents\Hazina.AgentFactory\Configuration\Validation\StoreConfigValidator.cs(142,22): warning MA0074: Use an overload of 'StartsWith' that has a StringComparison parameter (https://github.com/meziantou/Meziantou.Analyzer/blob/main/docs/Rules/MA0074.md) [C:\Projects\Hazina\src\Core\Agents\Hazina.AgentFactory\Hazina.AgentFactory.csproj::TargetFramework=net9.0]
C:\Projects\Hazina\src\Core\Agents\Hazina.AgentFactory\Core\AgentManager.cs(182,55): warning MA0011: Use an overload of 'ToLower' that has a 'System.Globalization.CultureInfo' parameter (https://github.com/meziantou/Meziantou.Analyzer/blob/main/docs/Rules/MA0011.md) [C:\Projects\Hazina\src\Core\Agents\Hazina.AgentFactory\Hazina.AgentFactory.csproj::TargetFramework=net9.0]
C:\Projects\Hazina\src\Core\Agents\Hazina.AgentFactory\Core\AgentManager.cs(185,26): warning MA0011: Use an overload of 'ToString' that has a 'System.IFormatProvider' parameter (https://github.com/meziantou/Meziantou.Analyzer/blob/main/docs/Rules/MA0011.md) [C:\Projects\Hazina\src\Core\Agents\Hazina.AgentFactory\Hazina.AgentFactory.csproj::TargetFramework=net9.0]
C:\Projects\Hazina\src\Core\Agents\Hazina.AgentFactory\Services\Email\EmailService.cs(41,58): warning CA2016: Forward the 'cancel' parameter to the 'GetFolder' method or pass in 'CancellationToken.None' explicitly to indicate intentionally not propagating the token (https://learn.microsoft.com/dotnet/fundamentals/code-analysis/quality-rules/ca2016) [C:\Projects\Hazina\src\Core\Agents\Hazina.AgentFactory\Hazina.AgentFactory.csproj::TargetFramework=net9.0]
C:\Projects\Hazina\src\Core\Agents\Hazina.AgentFactory\Services\Email\EmailService.cs(42,15): warning CA2016: Forward the 'cancel' parameter to the 'OpenAsync' method or pass in 'CancellationToken.None' explicitly to indicate intentionally not propagating the token (https://learn.microsoft.com/dotnet/fundamentals/code-analysis/quality-rules/ca2016) [C:\Projects\Hazina\src\Core\Agents\Hazina.AgentFactory\Hazina.AgentFactory.csproj::TargetFramework=net9.0]
C:\Projects\Hazina\src\Core\Agents\Hazina.AgentFactory\Core\AgentManager.cs(182,55): warning MA0006: Use string.Equals instead of Equals operator (https://github.com/meziantou/Meziantou.Analyzer/blob/main/docs/Rules/MA0006.md) [C:\Projects\Hazina\src\Core\Agents\Hazina.AgentFactory\Hazina.AgentFactory.csproj::TargetFramework=net9.0]
C:\Projects\Hazina\src\Core\Agents\Hazina.AgentFactory\Services\Email\EmailService.cs(41,58): warning CA1849: 'ImapClient.GetFolder(string, CancellationToken)' synchronously blocks. Await 'ImapClient.GetFolderAsync(string, CancellationToken)' instead. (https://learn.microsoft.com/dotnet/fundamentals/code-analysis/quality-rules/ca1849) [C:\Projects\Hazina\src\Core\Agents\Hazina.AgentFactory\Hazina.AgentFactory.csproj::TargetFramework=net9.0]
C:\Projects\Hazina\src\Core\Agents\Hazina.AgentFactory\Services\Email\EmailService.cs(31,9): warning MA0004: Use Task.ConfigureAwait(false) if the current SynchronizationContext is not needed (https://github.com/meziantou/Meziantou.Analyzer/blob/main/docs/Rules/MA0004.md) [C:\Projects\Hazina\src\Core\Agents\Hazina.AgentFactory\Hazina.AgentFactory.csproj::TargetFramework=net9.0]
C:\Projects\Hazina\src\Core\Agents\Hazina.AgentFactory\Core\StoresAndAgentsAndFlowLoader.cs(106,62): warning S6605: Collection-specific "Exists" method should be used instead of the "Any" extension. (https://rules.sonarsource.com/csharp/RSPEC-6605) [C:\Projects\Hazina\src\Core\Agents\Hazina.AgentFactory\Hazina.AgentFactory.csproj::TargetFramework=net9.0]
C:\Projects\Hazina\src\Core\Agents\Hazina.AgentFactory\Services\Email\EmailService.cs(32,9): warning MA0004: Use Task.ConfigureAwait(false) if the current SynchronizationContext is not needed (https://github.com/meziantou/Meziantou.Analyzer/blob/main/docs/Rules/MA0004.md) [C:\Projects\Hazina\src\Core\Agents\Hazina.AgentFactory\Hazina.AgentFactory.csproj::TargetFramework=net9.0]
C:\Projects\Hazina\src\Core\Agents\Hazina.AgentFactory\Services\Email\EmailService.cs(33,9): warning MA0004: Use Task.ConfigureAwait(false) if the current SynchronizationContext is not needed (https://github.com/meziantou/Meziantou.Analyzer/blob/main/docs/Rules/MA0004.md) [C:\Projects\Hazina\src\Core\Agents\Hazina.AgentFactory\Hazina.AgentFactory.csproj::TargetFramework=net9.0]
C:\Projects\Hazina\src\Core\Agents\Hazina.AgentFactory\Core\StoresAndAgentsAndFlowLoader.cs(112,59): warning S6605: Collection-specific "Exists" method should be used instead of the "Any" extension. (https://rules.sonarsource.com/csharp/RSPEC-6605) [C:\Projects\Hazina\src\Core\Agents\Hazina.AgentFactory\Hazina.AgentFactory.csproj::TargetFramework=net9.0]
C:\Projects\Hazina\src\Core\Agents\Hazina.AgentFactory\Services\Email\EmailService.cs(34,9): warning MA0004: Use Task.ConfigureAwait(false) if the current SynchronizationContext is not needed (https://github.com/meziantou/Meziantou.Analyzer/blob/main/docs/Rules/MA0004.md) [C:\Projects\Hazina\src\Core\Agents\Hazina.AgentFactory\Hazina.AgentFactory.csproj::TargetFramework=net9.0]
C:\Projects\Hazina\src\Core\Agents\Hazina.AgentFactory\Services\Email\EmailService.cs(38,9): warning MA0004: Use Task.ConfigureAwait(false) if the current SynchronizationContext is not needed (https://github.com/meziantou/Meziantou.Analyzer/blob/main/docs/Rules/MA0004.md) [C:\Projects\Hazina\src\Core\Agents\Hazina.AgentFactory\Hazina.AgentFactory.csproj::TargetFramework=net9.0]
C:\Projects\Hazina\src\Core\Agents\Hazina.AgentFactory\Services\Email\EmailService.cs(39,9): warning MA0004: Use Task.ConfigureAwait(false) if the current SynchronizationContext is not needed (https://github.com/meziantou/Meziantou.Analyzer/blob/main/docs/Rules/MA0004.md) [C:\Projects\Hazina\src\Core\Agents\Hazina.AgentFactory\Hazina.AgentFactory.csproj::TargetFramework=net9.0]
C:\Projects\Hazina\src\Core\Agents\Hazina.AgentFactory\Services\Email\EmailService.cs(42,9): warning MA0004: Use Task.ConfigureAwait(false) if the current SynchronizationContext is not needed (https://github.com/meziantou/Meziantou.Analyzer/blob/main/docs/Rules/MA0004.md) [C:\Projects\Hazina\src\Core\Agents\Hazina.AgentFactory\Hazina.AgentFactory.csproj::TargetFramework=net9.0]
C:\Projects\Hazina\src\Core\Agents\Hazina.AgentFactory\Services\Email\EmailService.cs(43,9): warning MA0004: Use Task.ConfigureAwait(false) if the current SynchronizationContext is not needed (https://github.com/meziantou/Meziantou.Analyzer/blob/main/docs/Rules/MA0004.md) [C:\Projects\Hazina\src\Core\Agents\Hazina.AgentFactory\Hazina.AgentFactory.csproj::TargetFramework=net9.0]
C:\Projects\Hazina\src\Core\Agents\Hazina.AgentFactory\Services\Email\EmailService.cs(44,9): warning MA0004: Use Task.ConfigureAwait(false) if the current SynchronizationContext is not needed (https://github.com/meziantou/Meziantou.Analyzer/blob/main/docs/Rules/MA0004.md) [C:\Projects\Hazina\src\Core\Agents\Hazina.AgentFactory\Hazina.AgentFactory.csproj::TargetFramework=net9.0]
C:\Projects\Hazina\src\Core\Agents\Hazina.AgentFactory\Configuration\Validation\StoreConfigValidator.cs(178,52): warning S6605: Collection-specific "Exists" method should be used instead of the "Any" extension. (https://rules.sonarsource.com/csharp/RSPEC-6605) [C:\Projects\Hazina\src\Core\Agents\Hazina.AgentFactory\Hazina.AgentFactory.csproj::TargetFramework=net9.0]
C:\Projects\Hazina\src\Core\Agents\Hazina.AgentFactory\Configuration\Validation\StoreConfigValidator.cs(179,36): warning S6605: Collection-specific "Exists" method should be used instead of the "Any" extension. (https://rules.sonarsource.com/csharp/RSPEC-6605) [C:\Projects\Hazina\src\Core\Agents\Hazina.AgentFactory\Hazina.AgentFactory.csproj::TargetFramework=net9.0]
C:\Projects\Hazina\src\Core\Agents\Hazina.AgentFactory\Configuration\Validation\StoreConfigValidator.cs(168,33): warning S3267: Loops should be simplified using the "Where" LINQ method (https://rules.sonarsource.com/csharp/RSPEC-3267) [C:\Projects\Hazina\src\Core\Agents\Hazina.AgentFactory\Hazina.AgentFactory.csproj::TargetFramework=net9.0]
C:\Projects\Hazina\src\Core\Agents\Hazina.AgentFactory\Core\StoresAndAgentsAndFlowLoader.cs(119,17): warning S2325: Make 'MatchPattern' a static method. (https://rules.sonarsource.com/csharp/RSPEC-2325) [C:\Projects\Hazina\src\Core\Agents\Hazina.AgentFactory\Hazina.AgentFactory.csproj::TargetFramework=net9.0]
C:\Projects\Hazina\src\Core\Agents\Hazina.AgentFactory\Core\AgentFactoryExtensions.cs(122,13): warning CA1851: Possible multiple enumerations of 'IEnumerable' collection. Consider using an implementation that avoids multiple enumerations. (https://learn.microsoft.com/dotnet/fundamentals/code-analysis/quality-rules/ca1851) [C:\Projects\Hazina\src\Core\Agents\Hazina.AgentFactory\Hazina.AgentFactory.csproj::TargetFramework=net9.0]
C:\Projects\Hazina\src\Core\Agents\Hazina.AgentFactory\Core\AgentFactoryExtensions.cs(120,26): warning CA1851: Possible multiple enumerations of 'IEnumerable' collection. Consider using an implementation that avoids multiple enumerations. (https://learn.microsoft.com/dotnet/fundamentals/code-analysis/quality-rules/ca1851) [C:\Projects\Hazina\src\Core\Agents\Hazina.AgentFactory\Hazina.AgentFactory.csproj::TargetFramework=net9.0]
C:\Projects\Hazina\src\Core\Agents\Hazina.AgentFactory\Configuration\Parsers\HazinaStoreConfigParserV2.cs(184,17): warning SA1503: Braces should not be omitted (https://github.com/DotNetAnalyzers/StyleCopAnalyzers/blob/master/documentation/SA1503.md) [C:\Projects\Hazina\src\Core\Agents\Hazina.AgentFactory\Hazina.AgentFactory.csproj::TargetFramework=net9.0]
C:\Projects\Hazina\src\Core\Agents\Hazina.AgentFactory\Configuration\Parsers\HazinaStoreConfigParserV2.cs(187,17): warning SA1503: Braces should not be omitted (https://github.com/DotNetAnalyzers/StyleCopAnalyzers/blob/master/documentation/SA1503.md) [C:\Projects\Hazina\src\Core\Agents\Hazina.AgentFactory\Hazina.AgentFactory.csproj::TargetFramework=net9.0]
C:\Projects\Hazina\src\Core\Agents\Hazina.AgentFactory\Configuration\Parsers\HazinaStoreConfigParserV2.cs(186,52): warning CA1860: Prefer comparing 'Length' to 0 rather than using 'Any()', both for clarity and for performance (https://learn.microsoft.com/dotnet/fundamentals/code-analysis/quality-rules/ca1860) [C:\Projects\Hazina\src\Core\Agents\Hazina.AgentFactory\Hazina.AgentFactory.csproj::TargetFramework=net9.0]
C:\Projects\Hazina\src\Core\Agents\Hazina.AgentFactory\Configuration\Parsers\HazinaStoreConfigParserV2.cs(174,13): warning CA1305: The behavior of 'StringBuilder.AppendLine(ref StringBuilder.AppendInterpolatedStringHandler)' could vary based on the current user's locale settings. Replace this call in 'HazinaStoreConfigParserV2.Serialize(IEnumerable<StoreConfig>)' with a call to 'StringBuilder.AppendLine(IFormatProvider, ref StringBuilder.AppendInterpolatedStringHandler)'. (https://learn.microsoft.com/dotnet/fundamentals/code-analysis/quality-rules/ca1305) [C:\Projects\Hazina\src\Core\Agents\Hazina.AgentFactory\Hazina.AgentFactory.csproj::TargetFramework=net9.0]
C:\Projects\Hazina\src\Core\Agents\Hazina.AgentFactory\Configuration\Parsers\HazinaStoreConfigParserV2.cs(175,13): warning CA1305: The behavior of 'StringBuilder.AppendLine(ref StringBuilder.AppendInterpolatedStringHandler)' could vary based on the current user's locale settings. Replace this call in 'HazinaStoreConfigParserV2.Serialize(IEnumerable<StoreConfig>)' with a call to 'StringBuilder.AppendLine(IFormatProvider, ref StringBuilder.AppendInterpolatedStringHandler)'. (https://learn.microsoft.com/dotnet/fundamentals/code-analysis/quality-rules/ca1305) [C:\Projects\Hazina\src\Core\Agents\Hazina.AgentFactory\Hazina.AgentFactory.csproj::TargetFramework=net9.0]
C:\Projects\Hazina\src\Core\Agents\Hazina.AgentFactory\Configuration\Parsers\HazinaStoreConfigParserV2.cs(176,13): warning CA1305: The behavior of 'StringBuilder.AppendLine(ref StringBuilder.AppendInterpolatedStringHandler)' could vary based on the current user's locale settings. Replace this call in 'HazinaStoreConfigParserV2.Serialize(IEnumerable<StoreConfig>)' with a call to 'StringBuilder.AppendLine(IFormatProvider, ref StringBuilder.AppendInterpolatedStringHandler)'. (https://learn.microsoft.com/dotnet/fundamentals/code-analysis/quality-rules/ca1305) [C:\Projects\Hazina\src\Core\Agents\Hazina.AgentFactory\Hazina.AgentFactory.csproj::TargetFramework=net9.0]
C:\Projects\Hazina\src\Core\Agents\Hazina.AgentFactory\Configuration\Parsers\HazinaStoreConfigParserV2.cs(177,13): warning CA1305: The behavior of 'StringBuilder.AppendLine(ref StringBuilder.AppendInterpolatedStringHandler)' could vary based on the current user's locale settings. Replace this call in 'HazinaStoreConfigParserV2.Serialize(IEnumerable<StoreConfig>)' with a call to 'StringBuilder.AppendLine(IFormatProvider, ref StringBuilder.AppendInterpolatedStringHandler)'. (https://learn.microsoft.com/dotnet/fundamentals/code-analysis/quality-rules/ca1305) [C:\Projects\Hazina\src\Core\Agents\Hazina.AgentFactory\Hazina.AgentFactory.csproj::TargetFramework=net9.0]
C:\Projects\Hazina\src\Core\Agents\Hazina.AgentFactory\Configuration\Parsers\HazinaStoreConfigParserV2.cs(178,13): warning CA1305: The behavior of 'StringBuilder.AppendLine(ref StringBuilder.AppendInterpolatedStringHandler)' could vary based on the current user's locale settings. Replace this call in 'HazinaStoreConfigParserV2.Serialize(IEnumerable<StoreConfig>)' with a call to 'StringBuilder.AppendLine(IFormatProvider, ref StringBuilder.AppendInterpolatedStringHandler)'. (https://learn.microsoft.com/dotnet/fundamentals/code-analysis/quality-rules/ca1305) [C:\Projects\Hazina\src\Core\Agents\Hazina.AgentFactory\Hazina.AgentFactory.csproj::TargetFramework=net9.0]
C:\Projects\Hazina\src\Core\Agents\Hazina.AgentFactory\Configuration\Parsers\HazinaStoreConfigParserV2.cs(179,13): warning CA1305: The behavior of 'StringBuilder.AppendLine(ref StringBuilder.AppendInterpolatedStringHandler)' could vary based on the current user's locale settings. Replace this call in 'HazinaStoreConfigParserV2.Serialize(IEnumerable<StoreConfig>)' with a call to 'StringBuilder.AppendLine(IFormatProvider, ref StringBuilder.AppendInterpolatedStringHandler)'. (https://learn.microsoft.com/dotnet/fundamentals/code-analysis/quality-rules/ca1305) [C:\Projects\Hazina\src\Core\Agents\Hazina.AgentFactory\Hazina.AgentFactory.csproj::TargetFramework=net9.0]
C:\Projects\Hazina\src\Core\Agents\Hazina.AgentFactory\Configuration\Parsers\HazinaStoreConfigParserV2.cs(180,13): warning CA1305: The behavior of 'StringBuilder.AppendLine(ref StringBuilder.AppendInterpolatedStringHandler)' could vary based on the current user's locale settings. Replace this call in 'HazinaStoreConfigParserV2.Serialize(IEnumerable<StoreConfig>)' with a call to 'StringBuilder.AppendLine(IFormatProvider, ref StringBuilder.AppendInterpolatedStringHandler)'. (https://learn.microsoft.com/dotnet/fundamentals/code-analysis/quality-rules/ca1305) [C:\Projects\Hazina\src\Core\Agents\Hazina.AgentFactory\Hazina.AgentFactory.csproj::TargetFramework=net9.0]
C:\Projects\Hazina\src\Core\Agents\Hazina.AgentFactory\Configuration\Parsers\HazinaStoreConfigParserV2.cs(181,13): warning CA1305: The behavior of 'StringBuilder.AppendLine(ref StringBuilder.AppendInterpolatedStringHandler)' could vary based on the current user's locale settings. Replace this call in 'HazinaStoreConfigParserV2.Serialize(IEnumerable<StoreConfig>)' with a call to 'StringBuilder.AppendLine(IFormatProvider, ref StringBuilder.AppendInterpolatedStringHandler)'. (https://learn.microsoft.com/dotnet/fundamentals/code-analysis/quality-rules/ca1305) [C:\Projects\Hazina\src\Core\Agents\Hazina.AgentFactory\Hazina.AgentFactory.csproj::TargetFramework=net9.0]
C:\Projects\Hazina\src\Core\Agents\Hazina.AgentFactory\Configuration\Parsers\HazinaStoreConfigParserV2.cs(184,17): warning CA1305: The behavior of 'StringBuilder.AppendLine(ref StringBuilder.AppendInterpolatedStringHandler)' could vary based on the current user's locale settings. Replace this call in 'HazinaStoreConfigParserV2.Serialize(IEnumerable<StoreConfig>)' with a call to 'StringBuilder.AppendLine(IFormatProvider, ref StringBuilder.AppendInterpolatedStringHandler)'. (https://learn.microsoft.com/dotnet/fundamentals/code-analysis/quality-rules/ca1305) [C:\Projects\Hazina\src\Core\Agents\Hazina.AgentFactory\Hazina.AgentFactory.csproj::TargetFramework=net9.0]
C:\Projects\Hazina\src\Core\Agents\Hazina.AgentFactory\Configuration\Parsers\HazinaStoreConfigParserV2.cs(187,17): warning CA1305: The behavior of 'StringBuilder.AppendLine(ref StringBuilder.AppendInterpolatedStringHandler)' could vary based on the current user's locale settings. Replace this call in 'HazinaStoreConfigParserV2.Serialize(IEnumerable<StoreConfig>)' with a call to 'StringBuilder.AppendLine(IFormatProvider, ref StringBuilder.AppendInterpolatedStringHandler)'. (https://learn.microsoft.com/dotnet/fundamentals/code-analysis/quality-rules/ca1305) [C:\Projects\Hazina\src\Core\Agents\Hazina.AgentFactory\Hazina.AgentFactory.csproj::TargetFramework=net9.0]
C:\Projects\Hazina\src\Core\Agents\Hazina.AgentFactory\Configuration\Parsers\HazinaStoreConfigParserV2.cs(189,13): warning CA1305: The behavior of 'StringBuilder.AppendLine(ref StringBuilder.AppendInterpolatedStringHandler)' could vary based on the current user's locale settings. Replace this call in 'HazinaStoreConfigParserV2.Serialize(IEnumerable<StoreConfig>)' with a call to 'StringBuilder.AppendLine(IFormatProvider, ref StringBuilder.AppendInterpolatedStringHandler)'. (https://learn.microsoft.com/dotnet/fundamentals/code-analysis/quality-rules/ca1305) [C:\Projects\Hazina\src\Core\Agents\Hazina.AgentFactory\Hazina.AgentFactory.csproj::TargetFramework=net9.0]
C:\Projects\Hazina\src\Core\Agents\Hazina.AgentFactory\Configuration\Parsers\HazinaStoreConfigParserV2.cs(190,13): warning CA1305: The behavior of 'StringBuilder.AppendLine(ref StringBuilder.AppendInterpolatedStringHandler)' could vary based on the current user's locale settings. Replace this call in 'HazinaStoreConfigParserV2.Serialize(IEnumerable<StoreConfig>)' with a call to 'StringBuilder.AppendLine(IFormatProvider, ref StringBuilder.AppendInterpolatedStringHandler)'. (https://learn.microsoft.com/dotnet/fundamentals/code-analysis/quality-rules/ca1305) [C:\Projects\Hazina\src\Core\Agents\Hazina.AgentFactory\Hazina.AgentFactory.csproj::TargetFramework=net9.0]
C:\Projects\Hazina\src\Core\Agents\Hazina.AgentFactory\Core\StoresAndAgentsAndFlowLoader.cs(121,21): warning S6610: "StartsWith" overloads that take a "char" should be used (https://rules.sonarsource.com/csharp/RSPEC-6610) [C:\Projects\Hazina\src\Core\Agents\Hazina.AgentFactory\Hazina.AgentFactory.csproj::TargetFramework=net9.0]
C:\Projects\Hazina\src\Core\Agents\Hazina.AgentFactory\Core\StoresAndAgentsAndFlowLoader.cs(122,13): warning SA1503: Braces should not be omitted (https://github.com/DotNetAnalyzers/StyleCopAnalyzers/blob/master/documentation/SA1503.md) [C:\Projects\Hazina\src\Core\Agents\Hazina.AgentFactory\Hazina.AgentFactory.csproj::TargetFramework=net9.0]
C:\Projects\Hazina\src\Core\Agents\Hazina.AgentFactory\Services\Email\EmailService.cs(24,23): warning CA2000: Call System.IDisposable.Dispose on object created by 'new MimeMessage()' before all references to it are out of scope (https://learn.microsoft.com/dotnet/fundamentals/code-analysis/quality-rules/ca2000) [C:\Projects\Hazina\src\Core\Agents\Hazina.AgentFactory\Hazina.AgentFactory.csproj::TargetFramework=net9.0]
C:\Projects\Hazina\src\Core\Agents\Hazina.AgentFactory\Services\Tools\ToolRegistrationService.cs(193,122): warning CA1305: The behavior of 'int.Parse(string)' could vary based on the current user's locale settings. Replace this call in 'ToolRegistrationService.AddBuildTools(IToolsContext, IEnumerable<string>, IDocumentStore)' with a call to 'int.Parse(string, IFormatProvider)'. (https://learn.microsoft.com/dotnet/fundamentals/code-analysis/quality-rules/ca1305) [C:\Projects\Hazina\src\Core\Agents\Hazina.AgentFactory\Hazina.AgentFactory.csproj::TargetFramework=net9.0]
C:\Projects\Hazina\src\Core\Agents\Hazina.AgentFactory\Services\Tools\ToolRegistrationService.cs(253,142): warning CA1305: The behavior of 'int.Parse(string)' could vary based on the current user's locale settings. Replace this call in 'ToolRegistrationService.AddBuildTools(IToolsContext, IEnumerable<string>, IDocumentStore)' with a call to 'int.Parse(string, IFormatProvider)'. (https://learn.microsoft.com/dotnet/fundamentals/code-analysis/quality-rules/ca1305) [C:\Projects\Hazina\src\Core\Agents\Hazina.AgentFactory\Hazina.AgentFactory.csproj::TargetFramework=net9.0]
C:\Projects\Hazina\src\Core\Agents\Hazina.AgentFactory\Core\StoresAndAgentsAndFlowLoader.cs(121,31): warning CA1866: Use 'string.StartsWith(char)' instead of 'string.StartsWith(string)' when you have a string with a single char (https://learn.microsoft.com/dotnet/fundamentals/code-analysis/quality-rules/ca1866) [C:\Projects\Hazina\src\Core\Agents\Hazina.AgentFactory\Hazina.AgentFactory.csproj::TargetFramework=net9.0]
C:\Projects\Hazina\src\Core\Agents\Hazina.AgentFactory\Services\Tools\ToolRegistrationService.cs(273,128): warning CA1305: The behavior of 'int.Parse(string)' could vary based on the current user's locale settings. Replace this call in 'ToolRegistrationService.AddBuildTools(IToolsContext, IEnumerable<string>, IDocumentStore)' with a call to 'int.Parse(string, IFormatProvider)'. (https://learn.microsoft.com/dotnet/fundamentals/code-analysis/quality-rules/ca1305) [C:\Projects\Hazina\src\Core\Agents\Hazina.AgentFactory\Hazina.AgentFactory.csproj::TargetFramework=net9.0]
C:\Projects\Hazina\src\Core\Agents\Hazina.AgentFactory\Core\StoresAndAgentsAndFlowLoader.cs(121,13): warning CA1310: The behavior of 'string.StartsWith(string)' could vary based on the current user's locale settings. Replace this call in 'Hazina.AgentFactory.Core.StoresAndAgentsAndFlowLoader.MatchPattern(string, string)' with a call to 'string.StartsWith(string, System.StringComparison)'. (https://learn.microsoft.com/dotnet/fundamentals/code-analysis/quality-rules/ca1310) [C:\Projects\Hazina\src\Core\Agents\Hazina.AgentFactory\Hazina.AgentFactory.csproj::TargetFramework=net9.0]
C:\Projects\Hazina\src\Core\Agents\Hazina.AgentFactory\Configuration\Validation\AgentConfigValidator.cs(179,37): warning S3267: Loops should be simplified using the "Where" LINQ method (https://rules.sonarsource.com/csharp/RSPEC-3267) [C:\Projects\Hazina\src\Core\Agents\Hazina.AgentFactory\Hazina.AgentFactory.csproj::TargetFramework=net9.0]
C:\Projects\Hazina\src\Core\Agents\Hazina.AgentFactory\Services\Email\EmailService.cs(41,58): warning S6966: Await GetFolderAsync instead. (https://rules.sonarsource.com/csharp/RSPEC-6966) [C:\Projects\Hazina\src\Core\Agents\Hazina.AgentFactory\Hazina.AgentFactory.csproj::TargetFramework=net9.0]
C:\Projects\Hazina\src\Core\Agents\Hazina.AgentFactory\Configuration\Parsers\HazinaStoreConfigParserV2.cs(184,17): warning MA0011: Use an overload of 'AppendLine' that has a 'System.IFormatProvider' parameter (https://github.com/meziantou/Meziantou.Analyzer/blob/main/docs/Rules/MA0011.md) [C:\Projects\Hazina\src\Core\Agents\Hazina.AgentFactory\Hazina.AgentFactory.csproj::TargetFramework=net9.0]
C:\Projects\Hazina\src\Core\Agents\Hazina.AgentFactory\Core\StoresAndAgentsAndFlowLoader.cs(121,13): warning MA0074: Use an overload of 'StartsWith' that has a StringComparison parameter (https://github.com/meziantou/Meziantou.Analyzer/blob/main/docs/Rules/MA0074.md) [C:\Projects\Hazina\src\Core\Agents\Hazina.AgentFactory\Hazina.AgentFactory.csproj::TargetFramework=net9.0]
C:\Projects\Hazina\src\Core\Agents\Hazina.AgentFactory\Configuration\Validation\StoreConfigValidator.cs(166,13): warning SA1503: Braces should not be omitted (https://github.com/DotNetAnalyzers/StyleCopAnalyzers/blob/master/documentation/SA1503.md) [C:\Projects\Hazina\src\Core\Agents\Hazina.AgentFactory\Hazina.AgentFactory.csproj::TargetFramework=net9.0]
C:\Projects\Hazina\src\Core\Agents\Hazina.AgentFactory\Configuration\Parsers\HazinaStoreConfigParserV2.cs(190,13): warning MA0011: Use an overload of 'AppendLine' that has a 'System.IFormatProvider' parameter (https://github.com/meziantou/Meziantou.Analyzer/blob/main/docs/Rules/MA0011.md) [C:\Projects\Hazina\src\Core\Agents\Hazina.AgentFactory\Hazina.AgentFactory.csproj::TargetFramework=net9.0]
C:\Projects\Hazina\src\Core\Agents\Hazina.AgentFactory\Core\StoresAndAgentsAndFlowLoader.cs(121,13): warning CA1062: In externally visible method 'bool StoresAndAgentsAndFlowLoader.MatchPattern(string text, string pattern)', validate parameter 'pattern' is non-null before using it. If appropriate, throw an 'ArgumentNullException' when the argument is 'null'. (https://learn.microsoft.com/dotnet/fundamentals/code-analysis/quality-rules/ca1062) [C:\Projects\Hazina\src\Core\Agents\Hazina.AgentFactory\Hazina.AgentFactory.csproj::TargetFramework=net9.0]
C:\Projects\Hazina\src\Core\Agents\Hazina.AgentFactory\Core\StoresAndAgentsAndFlowLoader.cs(122,20): warning CA1062: In externally visible method 'bool StoresAndAgentsAndFlowLoader.MatchPattern(string text, string pattern)', validate parameter 'text' is non-null before using it. If appropriate, throw an 'ArgumentNullException' when the argument is 'null'. (https://learn.microsoft.com/dotnet/fundamentals/code-analysis/quality-rules/ca1062) [C:\Projects\Hazina\src\Core\Agents\Hazina.AgentFactory\Hazina.AgentFactory.csproj::TargetFramework=net9.0]
C:\Projects\Hazina\src\Core\Agents\Hazina.AgentFactory\Configuration\Validation\StoreConfigValidator.cs(165,48): warning CA1860: Prefer comparing 'Length' to 0 rather than using 'Any()', both for clarity and for performance (https://learn.microsoft.com/dotnet/fundamentals/code-analysis/quality-rules/ca1860) [C:\Projects\Hazina\src\Core\Agents\Hazina.AgentFactory\Hazina.AgentFactory.csproj::TargetFramework=net9.0]
C:\Projects\Hazina\src\Core\Agents\Hazina.AgentFactory\Configuration\Validation\StoreConfigValidator.cs(179,51): warning CA1307: 'string.Contains(string)' has a method overload that takes a 'StringComparison' parameter. Replace this call in 'Hazina.AgentFactory.Configuration.Validation.StoreConfigValidator.ValidateExcludePatterns()' with a call to 'string.Contains(string, System.StringComparison)' for clarity of intent. (https://learn.microsoft.com/dotnet/fundamentals/code-analysis/quality-rules/ca1307) [C:\Projects\Hazina\src\Core\Agents\Hazina.AgentFactory\Hazina.AgentFactory.csproj::TargetFramework=net9.0]
C:\Projects\Hazina\src\Core\Agents\Hazina.AgentFactory\Core\AgentFactory.cs(210,60): warning CA1002: Change 'List<string>' in 'AgentFactory.CreateFlow(string, List<string>)' to use 'Collection<T>', 'ReadOnlyCollection<T>' or 'KeyedCollection<K,V>' (https://learn.microsoft.com/dotnet/fundamentals/code-analysis/quality-rules/ca1002) [C:\Projects\Hazina\src\Core\Agents\Hazina.AgentFactory\Hazina.AgentFactory.csproj::TargetFramework=net9.0]
C:\Projects\Hazina\src\Core\Agents\Hazina.AgentFactory\Services\Tools\ToolRegistrationService.cs(193,38): warning MA0004: Use Task.ConfigureAwait(false) if the current SynchronizationContext is not needed (https://github.com/meziantou/Meziantou.Analyzer/blob/main/docs/Rules/MA0004.md) [C:\Projects\Hazina\src\Core\Agents\Hazina.AgentFactory\Hazina.AgentFactory.csproj::TargetFramework=net9.0]
C:\Projects\Hazina\src\Core\Agents\Hazina.AgentFactory\Core\AgentFactory.cs(210,47): warning MA0016: Prefer using collection abstraction instead of implementation (https://github.com/meziantou/Meziantou.Analyzer/blob/main/docs/Rules/MA0016.md) [C:\Projects\Hazina\src\Core\Agents\Hazina.AgentFactory\Hazina.AgentFactory.csproj::TargetFramework=net9.0]
C:\Projects\Hazina\src\Core\Agents\Hazina.AgentFactory\Services\Tools\ToolRegistrationService.cs(253,38): warning MA0004: Use Task.ConfigureAwait(false) if the current SynchronizationContext is not needed (https://github.com/meziantou/Meziantou.Analyzer/blob/main/docs/Rules/MA0004.md) [C:\Projects\Hazina\src\Core\Agents\Hazina.AgentFactory\Hazina.AgentFactory.csproj::TargetFramework=net9.0]
C:\Projects\Hazina\src\Core\Agents\Hazina.AgentFactory\Services\Tools\ToolRegistrationService.cs(273,38): warning MA0004: Use Task.ConfigureAwait(false) if the current SynchronizationContext is not needed (https://github.com/meziantou/Meziantou.Analyzer/blob/main/docs/Rules/MA0004.md) [C:\Projects\Hazina\src\Core\Agents\Hazina.AgentFactory\Hazina.AgentFactory.csproj::TargetFramework=net9.0]
C:\Projects\Hazina\src\Core\Agents\Hazina.AgentFactory\Configuration\Validation\AgentConfigValidator.cs(125,13): warning SA1503: Braces should not be omitted (https://github.com/DotNetAnalyzers/StyleCopAnalyzers/blob/master/documentation/SA1503.md) [C:\Projects\Hazina\src\Core\Agents\Hazina.AgentFactory\Hazina.AgentFactory.csproj::TargetFramework=net9.0]
C:\Projects\Hazina\src\Core\Agents\Hazina.AgentFactory\Core\StoresAndAgentsAndFlowLoader.cs(94,35): warning SA1122: Use string.Empty for empty strings (https://github.com/DotNetAnalyzers/StyleCopAnalyzers/blob/master/documentation/SA1122.md) [C:\Projects\Hazina\src\Core\Agents\Hazina.AgentFactory\Hazina.AgentFactory.csproj::TargetFramework=net9.0]
C:\Projects\Hazina\src\Core\Agents\Hazina.AgentFactory\Services\Tools\ToolRegistrationService.cs(193,122): warning MA0011: Use an overload of 'Parse' that has a 'System.IFormatProvider' parameter (https://github.com/meziantou/Meziantou.Analyzer/blob/main/docs/Rules/MA0011.md) [C:\Projects\Hazina\src\Core\Agents\Hazina.AgentFactory\Hazina.AgentFactory.csproj::TargetFramework=net9.0]
C:\Projects\Hazina\src\Core\Agents\Hazina.AgentFactory\Configuration\Validation\AgentConfigValidator.cs(124,45): warning CA1860: Prefer comparing 'Count' to 0 rather than using 'Any()', both for clarity and for performance (https://learn.microsoft.com/dotnet/fundamentals/code-analysis/quality-rules/ca1860) [C:\Projects\Hazina\src\Core\Agents\Hazina.AgentFactory\Hazina.AgentFactory.csproj::TargetFramework=net9.0]
C:\Projects\Hazina\src\Core\Agents\Hazina.AgentFactory\Core\StoresAndAgentsAndFlowLoader.cs(94,19): warning CA1820: Test for empty strings using 'string.Length' property or 'string.IsNullOrEmpty' method instead of an Equality check (https://learn.microsoft.com/dotnet/fundamentals/code-analysis/quality-rules/ca1820) [C:\Projects\Hazina\src\Core\Agents\Hazina.AgentFactory\Hazina.AgentFactory.csproj::TargetFramework=net9.0]
C:\Projects\Hazina\src\Core\Agents\Hazina.AgentFactory\Services\Tools\ToolRegistrationService.cs(253,142): warning MA0011: Use an overload of 'Parse' that has a 'System.IFormatProvider' parameter (https://github.com/meziantou/Meziantou.Analyzer/blob/main/docs/Rules/MA0011.md) [C:\Projects\Hazina\src\Core\Agents\Hazina.AgentFactory\Hazina.AgentFactory.csproj::TargetFramework=net9.0]
C:\Projects\Hazina\src\Core\Agents\Hazina.AgentFactory\Services\Tools\ToolRegistrationService.cs(273,128): warning MA0011: Use an overload of 'Parse' that has a 'System.IFormatProvider' parameter (https://github.com/meziantou/Meziantou.Analyzer/blob/main/docs/Rules/MA0011.md) [C:\Projects\Hazina\src\Core\Agents\Hazina.AgentFactory\Hazina.AgentFactory.csproj::TargetFramework=net9.0]
C:\Projects\Hazina\src\Core\Agents\Hazina.AgentFactory\Core\StoresAndAgentsAndFlowLoader.cs(114,17): warning MA0004: Use Task.ConfigureAwait(false) if the current SynchronizationContext is not needed (https://github.com/meziantou/Meziantou.Analyzer/blob/main/docs/Rules/MA0004.md) [C:\Projects\Hazina\src\Core\Agents\Hazina.AgentFactory\Hazina.AgentFactory.csproj::TargetFramework=net9.0]
C:\Projects\Hazina\src\Core\Agents\Hazina.AgentFactory\Services\Tools\ToolRegistrationService.cs(181,13): warning MA0002: Use an overload that has a IEqualityComparer<string> or IComparer<string> parameter (https://github.com/meziantou/Meziantou.Analyzer/blob/main/docs/Rules/MA0002.md) [C:\Projects\Hazina\src\Core\Agents\Hazina.AgentFactory\Hazina.AgentFactory.csproj::TargetFramework=net9.0]
C:\Projects\Hazina\src\Core\Agents\Hazina.AgentFactory\Services\Tools\ToolRegistrationService.cs(563,40): warning S6602: "Find" method should be used instead of the "FirstOrDefault" extension method. (https://rules.sonarsource.com/csharp/RSPEC-6602) [C:\Projects\Hazina\src\Core\Agents\Hazina.AgentFactory\Hazina.AgentFactory.csproj::TargetFramework=net9.0]
C:\Projects\Hazina\src\Core\Agents\Hazina.AgentFactory\Core\AgentFactory.cs(205,21): warning MA0004: Use Task.ConfigureAwait(false) if the current SynchronizationContext is not needed (https://github.com/meziantou/Meziantou.Analyzer/blob/main/docs/Rules/MA0004.md) [C:\Projects\Hazina\src\Core\Agents\Hazina.AgentFactory\Hazina.AgentFactory.csproj::TargetFramework=net9.0]
C:\Projects\Hazina\src\Core\Agents\Hazina.AgentFactory\Configuration\Validation\AgentConfigValidator.cs(128,13): warning MA0002: Use an overload that has a IEqualityComparer<string> or IComparer<string> parameter (https://github.com/meziantou/Meziantou.Analyzer/blob/main/docs/Rules/MA0002.md) [C:\Projects\Hazina\src\Core\Agents\Hazina.AgentFactory\Hazina.AgentFactory.csproj::TargetFramework=net9.0]
C:\Projects\Hazina\src\Core\Agents\Hazina.AgentFactory\Configuration\Validation\AgentConfigValidator.cs(165,13): warning SA1503: Braces should not be omitted (https://github.com/DotNetAnalyzers/StyleCopAnalyzers/blob/master/documentation/SA1503.md) [C:\Projects\Hazina\src\Core\Agents\Hazina.AgentFactory\Hazina.AgentFactory.csproj::TargetFramework=net9.0]
C:\Projects\Hazina\src\Core\Agents\Hazina.AgentFactory\Services\Tools\ToolRegistrationService.cs(201,13): warning MA0002: Use an overload that has a IEqualityComparer<string> or IComparer<string> parameter (https://github.com/meziantou/Meziantou.Analyzer/blob/main/docs/Rules/MA0002.md) [C:\Projects\Hazina\src\Core\Agents\Hazina.AgentFactory\Hazina.AgentFactory.csproj::TargetFramework=net9.0]
C:\Projects\Hazina\src\Core\Agents\Hazina.AgentFactory\Configuration\Validation\AgentConfigValidator.cs(134,26): warning MA0002: Use an overload that has a IEqualityComparer<string> or IComparer<string> parameter (https://github.com/meziantou/Meziantou.Analyzer/blob/main/docs/Rules/MA0002.md) [C:\Projects\Hazina\src\Core\Agents\Hazina.AgentFactory\Hazina.AgentFactory.csproj::TargetFramework=net9.0]
C:\Projects\Hazina\src\Core\Agents\Hazina.AgentFactory\Configuration\Validation\AgentConfigValidator.cs(148,13): warning SA1503: Braces should not be omitted (https://github.com/DotNetAnalyzers/StyleCopAnalyzers/blob/master/documentation/SA1503.md) [C:\Projects\Hazina\src\Core\Agents\Hazina.AgentFactory\Hazina.AgentFactory.csproj::TargetFramework=net9.0]
C:\Projects\Hazina\src\Core\Agents\Hazina.AgentFactory\Configuration\Parsers\HazinaStoreConfigParserV2.cs(257,9): warning CA1031: Modify 'SaveToFile' to catch a more specific allowed exception type, or rethrow the exception (https://learn.microsoft.com/dotnet/fundamentals/code-analysis/quality-rules/ca1031) [C:\Projects\Hazina\src\Core\Agents\Hazina.AgentFactory\Hazina.AgentFactory.csproj::TargetFramework=net9.0]
C:\Projects\Hazina\src\Core\Agents\Hazina.AgentFactory\Core\AgentFactory.cs(176,13): warning SA1503: Braces should not be omitted (https://github.com/DotNetAnalyzers/StyleCopAnalyzers/blob/master/documentation/SA1503.md) [C:\Projects\Hazina\src\Core\Agents\Hazina.AgentFactory\Hazina.AgentFactory.csproj::TargetFramework=net9.0]
C:\Projects\Hazina\src\Core\Agents\Hazina.AgentFactory\Services\Tools\ToolRegistrationService.cs(211,13): warning MA0002: Use an overload that has a IEqualityComparer<string> or IComparer<string> parameter (https://github.com/meziantou/Meziantou.Analyzer/blob/main/docs/Rules/MA0002.md) [C:\Projects\Hazina\src\Core\Agents\Hazina.AgentFactory\Hazina.AgentFactory.csproj::TargetFramework=net9.0]
C:\Projects\Hazina\src\Core\Agents\Hazina.AgentFactory\Core\AgentFactory.cs(162,5): warning SA1124: Do not use regions (https://github.com/DotNetAnalyzers/StyleCopAnalyzers/blob/master/documentation/SA1124.md) [C:\Projects\Hazina\src\Core\Agents\Hazina.AgentFactory\Hazina.AgentFactory.csproj::TargetFramework=net9.0]
C:\Projects\Hazina\src\Core\Agents\Hazina.AgentFactory\Configuration\Validation\AgentConfigValidator.cs(147,44): warning CA1860: Prefer comparing 'Count' to 0 rather than using 'Any()', both for clarity and for performance (https://learn.microsoft.com/dotnet/fundamentals/code-analysis/quality-rules/ca1860) [C:\Projects\Hazina\src\Core\Agents\Hazina.AgentFactory\Hazina.AgentFactory.csproj::TargetFramework=net9.0]
C:\Projects\Hazina\src\Core\Agents\Hazina.AgentFactory\Services\Tools\ToolRegistrationService.cs(221,13): warning MA0002: Use an overload that has a IEqualityComparer<string> or IComparer<string> parameter (https://github.com/meziantou/Meziantou.Analyzer/blob/main/docs/Rules/MA0002.md) [C:\Projects\Hazina\src\Core\Agents\Hazina.AgentFactory\Hazina.AgentFactory.csproj::TargetFramework=net9.0]
C:\Projects\Hazina\src\Core\Agents\Hazina.AgentFactory\Services\Tools\ToolRegistrationService.cs(231,13): warning MA0002: Use an overload that has a IEqualityComparer<string> or IComparer<string> parameter (https://github.com/meziantou/Meziantou.Analyzer/blob/main/docs/Rules/MA0002.md) [C:\Projects\Hazina\src\Core\Agents\Hazina.AgentFactory\Hazina.AgentFactory.csproj::TargetFramework=net9.0]
C:\Projects\Hazina\src\Core\Agents\Hazina.AgentFactory\Services\Tools\ToolRegistrationService.cs(241,13): warning MA0002: Use an overload that has a IEqualityComparer<string> or IComparer<string> parameter (https://github.com/meziantou/Meziantou.Analyzer/blob/main/docs/Rules/MA0002.md) [C:\Projects\Hazina\src\Core\Agents\Hazina.AgentFactory\Hazina.AgentFactory.csproj::TargetFramework=net9.0]
C:\Projects\Hazina\src\Core\Agents\Hazina.AgentFactory\Configuration\Validation\StoreConfigValidator.cs(190,88): warning CA1002: Change 'List<StoreConfig>' in 'StoreConfigValidator.ValidateAll(List<StoreConfig>)' to use 'Collection<T>', 'ReadOnlyCollection<T>' or 'KeyedCollection<K,V>' (https://learn.microsoft.com/dotnet/fundamentals/code-analysis/quality-rules/ca1002) [C:\Projects\Hazina\src\Core\Agents\Hazina.AgentFactory\Hazina.AgentFactory.csproj::TargetFramework=net9.0]
C:\Projects\Hazina\src\Core\Agents\Hazina.AgentFactory\Configuration\Validation\StoreConfigValidator.cs(190,70): warning MA0016: Prefer using collection abstraction instead of implementation (https://github.com/meziantou/Meziantou.Analyzer/blob/main/docs/Rules/MA0016.md) [C:\Projects\Hazina\src\Core\Agents\Hazina.AgentFactory\Hazina.AgentFactory.csproj::TargetFramework=net9.0]
C:\Projects\Hazina\src\Core\Agents\Hazina.AgentFactory\Configuration\Validation\AgentConfigValidator.cs(151,26): warning MA0002: Use an overload that has a IEqualityComparer<string> or IComparer<string> parameter (https://github.com/meziantou/Meziantou.Analyzer/blob/main/docs/Rules/MA0002.md) [C:\Projects\Hazina\src\Core\Agents\Hazina.AgentFactory\Hazina.AgentFactory.csproj::TargetFramework=net9.0]
C:\Projects\Hazina\src\Core\Agents\Hazina.AgentFactory\Configuration\Parsers\HazinaStoreConfigParserV2.cs(215,9): warning CA1031: Modify 'LoadFromFile' to catch a more specific allowed exception type, or rethrow the exception (https://learn.microsoft.com/dotnet/fundamentals/code-analysis/quality-rules/ca1031) [C:\Projects\Hazina\src\Core\Agents\Hazina.AgentFactory\Hazina.AgentFactory.csproj::TargetFramework=net9.0]
C:\Projects\Hazina\src\Core\Agents\Hazina.AgentFactory\Services\Tools\ToolRegistrationService.cs(261,13): warning MA0002: Use an overload that has a IEqualityComparer<string> or IComparer<string> parameter (https://github.com/meziantou/Meziantou.Analyzer/blob/main/docs/Rules/MA0002.md) [C:\Projects\Hazina\src\Core\Agents\Hazina.AgentFactory\Hazina.AgentFactory.csproj::TargetFramework=net9.0]
C:\Projects\Hazina\src\Core\Agents\Hazina.AgentFactory\Services\Tools\ToolRegistrationService.cs(565,23): warning S112: 'System.Exception' should not be thrown by user code. (https://rules.sonarsource.com/csharp/RSPEC-112) [C:\Projects\Hazina\src\Core\Agents\Hazina.AgentFactory\Hazina.AgentFactory.csproj::TargetFramework=net9.0]
C:\Projects\Hazina\src\Core\Agents\Hazina.AgentFactory\Services\Tools\ToolRegistrationService.cs(281,13): warning MA0002: Use an overload that has a IEqualityComparer<string> or IComparer<string> parameter (https://github.com/meziantou/Meziantou.Analyzer/blob/main/docs/Rules/MA0002.md) [C:\Projects\Hazina\src\Core\Agents\Hazina.AgentFactory\Hazina.AgentFactory.csproj::TargetFramework=net9.0]
C:\Projects\Hazina\src\Core\Agents\Hazina.AgentFactory\Services\Tools\ToolRegistrationService.cs(565,17): warning SA1503: Braces should not be omitted (https://github.com/DotNetAnalyzers/StyleCopAnalyzers/blob/master/documentation/SA1503.md) [C:\Projects\Hazina\src\Core\Agents\Hazina.AgentFactory\Hazina.AgentFactory.csproj::TargetFramework=net9.0]
C:\Projects\Hazina\src\Core\Agents\Hazina.AgentFactory\Services\Tools\ToolRegistrationService.cs(576,46): warning SA1503: Braces should not be omitted (https://github.com/DotNetAnalyzers/StyleCopAnalyzers/blob/master/documentation/SA1503.md) [C:\Projects\Hazina\src\Core\Agents\Hazina.AgentFactory\Hazina.AgentFactory.csproj::TargetFramework=net9.0]
C:\Projects\Hazina\src\Core\Agents\Hazina.AgentFactory\Services\Tools\ToolRegistrationService.cs(595,29): warning SA1503: Braces should not be omitted (https://github.com/DotNetAnalyzers/StyleCopAnalyzers/blob/master/documentation/SA1503.md) [C:\Projects\Hazina\src\Core\Agents\Hazina.AgentFactory\Hazina.AgentFactory.csproj::TargetFramework=net9.0]
C:\Projects\Hazina\src\Core\Agents\Hazina.AgentFactory\Services\Tools\ToolRegistrationService.cs(565,23): warning CA2201: Exception type System.Exception is not sufficiently specific (https://learn.microsoft.com/dotnet/fundamentals/code-analysis/quality-rules/ca2201) [C:\Projects\Hazina\src\Core\Agents\Hazina.AgentFactory\Hazina.AgentFactory.csproj::TargetFramework=net9.0]
C:\Projects\Hazina\src\Core\Agents\Hazina.AgentFactory\Core\StoresAndAgentsAndFlowLoader.cs(53,25): warning S6966: Await CreateStoreAsync instead. (https://rules.sonarsource.com/csharp/RSPEC-6966) [C:\Projects\Hazina\src\Core\Agents\Hazina.AgentFactory\Hazina.AgentFactory.csproj::TargetFramework=net9.0]
C:\Projects\Hazina\src\Core\Agents\Hazina.AgentFactory\Services\Tools\ToolRegistrationService.cs(579,36): warning MA0004: Use Task.ConfigureAwait(false) if the current SynchronizationContext is not needed (https://github.com/meziantou/Meziantou.Analyzer/blob/main/docs/Rules/MA0004.md) [C:\Projects\Hazina\src\Core\Agents\Hazina.AgentFactory\Hazina.AgentFactory.csproj::TargetFramework=net9.0]
C:\Projects\Hazina\src\Core\Agents\Hazina.AgentFactory\Services\Tools\ToolRegistrationService.cs(595,36): warning MA0004: Use Task.ConfigureAwait(false) if the current SynchronizationContext is not needed (https://github.com/meziantou/Meziantou.Analyzer/blob/main/docs/Rules/MA0004.md) [C:\Projects\Hazina\src\Core\Agents\Hazina.AgentFactory\Hazina.AgentFactory.csproj::TargetFramework=net9.0]
C:\Projects\Hazina\src\Core\Agents\Hazina.AgentFactory\Core\AgentFactory.cs(184,26): warning CA1851: Possible multiple enumerations of 'IEnumerable' collection. Consider using an implementation that avoids multiple enumerations. (https://learn.microsoft.com/dotnet/fundamentals/code-analysis/quality-rules/ca1851) [C:\Projects\Hazina\src\Core\Agents\Hazina.AgentFactory\Hazina.AgentFactory.csproj::TargetFramework=net9.0]
C:\Projects\Hazina\src\Core\Agents\Hazina.AgentFactory\Core\AgentFactory.cs(186,13): warning CA1851: Possible multiple enumerations of 'IEnumerable' collection. Consider using an implementation that avoids multiple enumerations. (https://learn.microsoft.com/dotnet/fundamentals/code-analysis/quality-rules/ca1851) [C:\Projects\Hazina\src\Core\Agents\Hazina.AgentFactory\Hazina.AgentFactory.csproj::TargetFramework=net9.0]
C:\Projects\Hazina\src\Core\Agents\Hazina.AgentFactory\Services\Tools\ToolRegistrationService.cs(563,60): warning MA0006: Use string.Equals instead of Equals operator (https://github.com/meziantou/Meziantou.Analyzer/blob/main/docs/Rules/MA0006.md) [C:\Projects\Hazina\src\Core\Agents\Hazina.AgentFactory\Hazina.AgentFactory.csproj::TargetFramework=net9.0]
C:\Projects\Hazina\src\Core\Agents\Hazina.AgentFactory\Core\AgentFactory.cs(223,40): warning S6602: "Find" method should be used instead of the "FirstOrDefault" extension method. (https://rules.sonarsource.com/csharp/RSPEC-6602) [C:\Projects\Hazina\src\Core\Agents\Hazina.AgentFactory\Hazina.AgentFactory.csproj::TargetFramework=net9.0]
C:\Projects\Hazina\src\Core\Agents\Hazina.AgentFactory\Services\Email\EmailService.cs(89,13): warning SA1503: Braces should not be omitted (https://github.com/DotNetAnalyzers/StyleCopAnalyzers/blob/master/documentation/SA1503.md) [C:\Projects\Hazina\src\Core\Agents\Hazina.AgentFactory\Hazina.AgentFactory.csproj::TargetFramework=net9.0]
C:\Projects\Hazina\src\Core\Agents\Hazina.AgentFactory\Configuration\Validation\AgentConfigValidator.cs(192,27): warning CA1002: Change 'List<AgentConfig>' in 'AgentConfigValidator.ValidateAll(List<AgentConfig>, [List<string>], [List<string>])' to use 'Collection<T>', 'ReadOnlyCollection<T>' or 'KeyedCollection<K,V>' (https://learn.microsoft.com/dotnet/fundamentals/code-analysis/quality-rules/ca1002) [C:\Projects\Hazina\src\Core\Agents\Hazina.AgentFactory\Hazina.AgentFactory.csproj::TargetFramework=net9.0]
C:\Projects\Hazina\src\Core\Agents\Hazina.AgentFactory\Configuration\Validation\AgentConfigValidator.cs(193,23): warning CA1002: Change 'List<string>' in 'AgentConfigValidator.ValidateAll(List<AgentConfig>, [List<string>], [List<string>])' to use 'Collection<T>', 'ReadOnlyCollection<T>' or 'KeyedCollection<K,V>' (https://learn.microsoft.com/dotnet/fundamentals/code-analysis/quality-rules/ca1002) [C:\Projects\Hazina\src\Core\Agents\Hazina.AgentFactory\Hazina.AgentFactory.csproj::TargetFramework=net9.0]
C:\Projects\Hazina\src\Core\Agents\Hazina.AgentFactory\Configuration\Validation\AgentConfigValidator.cs(194,23): warning CA1002: Change 'List<string>' in 'AgentConfigValidator.ValidateAll(List<AgentConfig>, [List<string>], [List<string>])' to use 'Collection<T>', 'ReadOnlyCollection<T>' or 'KeyedCollection<K,V>' (https://learn.microsoft.com/dotnet/fundamentals/code-analysis/quality-rules/ca1002) [C:\Projects\Hazina\src\Core\Agents\Hazina.AgentFactory\Hazina.AgentFactory.csproj::TargetFramework=net9.0]
C:\Projects\Hazina\src\Core\Agents\Hazina.AgentFactory\Core\AgentFactory.cs(289,34): warning S6602: "Find" method should be used instead of the "FirstOrDefault" extension method. (https://rules.sonarsource.com/csharp/RSPEC-6602) [C:\Projects\Hazina\src\Core\Agents\Hazina.AgentFactory\Hazina.AgentFactory.csproj::TargetFramework=net9.0]
C:\Projects\Hazina\src\Core\Agents\Hazina.AgentFactory\Services\Tools\ToolRegistrationService.cs(389,18): warning MA0051: Method is too long (117 lines; maximum allowed: 60) (https://github.com/meziantou/Meziantou.Analyzer/blob/main/docs/Rules/MA0051.md) [C:\Projects\Hazina\src\Core\Agents\Hazina.AgentFactory\Hazina.AgentFactory.csproj::TargetFramework=net9.0]
C:\Projects\Hazina\src\Core\Agents\Hazina.AgentFactory\Configuration\Validation\AgentConfigValidator.cs(192,9): warning MA0016: Prefer using collection abstraction instead of implementation (https://github.com/meziantou/Meziantou.Analyzer/blob/main/docs/Rules/MA0016.md) [C:\Projects\Hazina\src\Core\Agents\Hazina.AgentFactory\Hazina.AgentFactory.csproj::TargetFramework=net9.0]
C:\Projects\Hazina\src\Core\Agents\Hazina.AgentFactory\Configuration\Validation\AgentConfigValidator.cs(193,9): warning MA0016: Prefer using collection abstraction instead of implementation (https://github.com/meziantou/Meziantou.Analyzer/blob/main/docs/Rules/MA0016.md) [C:\Projects\Hazina\src\Core\Agents\Hazina.AgentFactory\Hazina.AgentFactory.csproj::TargetFramework=net9.0]
C:\Projects\Hazina\src\Core\Agents\Hazina.AgentFactory\Configuration\Validation\AgentConfigValidator.cs(194,9): warning MA0016: Prefer using collection abstraction instead of implementation (https://github.com/meziantou/Meziantou.Analyzer/blob/main/docs/Rules/MA0016.md) [C:\Projects\Hazina\src\Core\Agents\Hazina.AgentFactory\Hazina.AgentFactory.csproj::TargetFramework=net9.0]
C:\Projects\Hazina\src\Core\Agents\Hazina.AgentFactory\Services\Email\EmailService.cs(82,9): warning MA0004: Use Task.ConfigureAwait(false) if the current SynchronizationContext is not needed (https://github.com/meziantou/Meziantou.Analyzer/blob/main/docs/Rules/MA0004.md) [C:\Projects\Hazina\src\Core\Agents\Hazina.AgentFactory\Hazina.AgentFactory.csproj::TargetFramework=net9.0]
C:\Projects\Hazina\src\Core\Agents\Hazina.AgentFactory\Services\Email\EmailService.cs(83,9): warning MA0004: Use Task.ConfigureAwait(false) if the current SynchronizationContext is not needed (https://github.com/meziantou/Meziantou.Analyzer/blob/main/docs/Rules/MA0004.md) [C:\Projects\Hazina\src\Core\Agents\Hazina.AgentFactory\Hazina.AgentFactory.csproj::TargetFramework=net9.0]
C:\Projects\Hazina\src\Core\Agents\Hazina.AgentFactory\Services\Email\EmailService.cs(86,9): warning MA0004: Use Task.ConfigureAwait(false) if the current SynchronizationContext is not needed (https://github.com/meziantou/Meziantou.Analyzer/blob/main/docs/Rules/MA0004.md) [C:\Projects\Hazina\src\Core\Agents\Hazina.AgentFactory\Hazina.AgentFactory.csproj::TargetFramework=net9.0]
C:\Projects\Hazina\src\Core\Agents\Hazina.AgentFactory\Services\Email\EmailService.cs(91,23): warning MA0004: Use Task.ConfigureAwait(false) if the current SynchronizationContext is not needed (https://github.com/meziantou/Meziantou.Analyzer/blob/main/docs/Rules/MA0004.md) [C:\Projects\Hazina\src\Core\Agents\Hazina.AgentFactory\Hazina.AgentFactory.csproj::TargetFramework=net9.0]
C:\Projects\Hazina\src\Core\Agents\Hazina.AgentFactory\Services\Email\EmailService.cs(94,9): warning MA0004: Use Task.ConfigureAwait(false) if the current SynchronizationContext is not needed (https://github.com/meziantou/Meziantou.Analyzer/blob/main/docs/Rules/MA0004.md) [C:\Projects\Hazina\src\Core\Agents\Hazina.AgentFactory\Hazina.AgentFactory.csproj::TargetFramework=net9.0]
C:\Projects\Hazina\src\Core\Agents\Hazina.AgentFactory\Core\StoresAndAgentsAndFlowLoader.cs(114,23): warning CA1062: In externally visible method 'Task StoresAndAgentsAndFlowLoader.AddFiles(IDocumentStore store, string path, string[] fileFilters, string subDirectory = "", string[] excludePattern = null)', validate parameter 'store' is non-null before using it. If appropriate, throw an 'ArgumentNullException' when the argument is 'null'. (https://learn.microsoft.com/dotnet/fundamentals/code-analysis/quality-rules/ca1062) [C:\Projects\Hazina\src\Core\Agents\Hazina.AgentFactory\Hazina.AgentFactory.csproj::TargetFramework=net9.0]
C:\Projects\Hazina\src\Core\Agents\Hazina.AgentFactory\Core\StoresAndAgentsAndFlowLoader.cs(97,30): warning CA1062: In externally visible method 'Task StoresAndAgentsAndFlowLoader.AddFiles(IDocumentStore store, string path, string[] fileFilters, string subDirectory = "", string[] excludePattern = null)', validate parameter 'fileFilters' is non-null before using it. If appropriate, throw an 'ArgumentNullException' when the argument is 'null'. (https://learn.microsoft.com/dotnet/fundamentals/code-analysis/quality-rules/ca1062) [C:\Projects\Hazina\src\Core\Agents\Hazina.AgentFactory\Hazina.AgentFactory.csproj::TargetFramework=net9.0]
C:\Projects\Hazina\src\Core\Agents\Hazina.AgentFactory\Core\AgentFactory.cs(224,34): warning SA1503: Braces should not be omitted (https://github.com/DotNetAnalyzers/StyleCopAnalyzers/blob/master/documentation/SA1503.md) [C:\Projects\Hazina\src\Core\Agents\Hazina.AgentFactory\Hazina.AgentFactory.csproj::TargetFramework=net9.0]
C:\Projects\Hazina\src\Core\Agents\Hazina.AgentFactory\Core\AgentFactory.cs(219,5): warning SA1124: Do not use regions (https://github.com/DotNetAnalyzers/StyleCopAnalyzers/blob/master/documentation/SA1124.md) [C:\Projects\Hazina\src\Core\Agents\Hazina.AgentFactory\Hazina.AgentFactory.csproj::TargetFramework=net9.0]
C:\Projects\Hazina\src\Core\Agents\Hazina.AgentFactory\Core\AgentFactory.cs(231,22): warning CA1849: 'QuickAgentCreator.CreateStore(StorePaths, string)' synchronously blocks. Await 'QuickAgentCreator.CreateStoreAsync(StorePaths, string)' instead. (https://learn.microsoft.com/dotnet/fundamentals/code-analysis/quality-rules/ca1849) [C:\Projects\Hazina\src\Core\Agents\Hazina.AgentFactory\Hazina.AgentFactory.csproj::TargetFramework=net9.0]
C:\Projects\Hazina\src\Core\Agents\Hazina.AgentFactory\Core\AgentFactory.cs(232,9): warning MA0004: Use Task.ConfigureAwait(false) if the current SynchronizationContext is not needed (https://github.com/meziantou/Meziantou.Analyzer/blob/main/docs/Rules/MA0004.md) [C:\Projects\Hazina\src\Core\Agents\Hazina.AgentFactory\Hazina.AgentFactory.csproj::TargetFramework=net9.0]
C:\Projects\Hazina\src\Core\Agents\Hazina.AgentFactory\Core\AgentFactory.cs(234,21): warning MA0004: Use Task.ConfigureAwait(false) if the current SynchronizationContext is not needed (https://github.com/meziantou/Meziantou.Analyzer/blob/main/docs/Rules/MA0004.md) [C:\Projects\Hazina\src\Core\Agents\Hazina.AgentFactory\Hazina.AgentFactory.csproj::TargetFramework=net9.0]
C:\Projects\Hazina\src\Core\Agents\Hazina.AgentFactory\Core\AgentFactory.cs(247,35): warning MA0004: Use Task.ConfigureAwait(false) if the current SynchronizationContext is not needed (https://github.com/meziantou/Meziantou.Analyzer/blob/main/docs/Rules/MA0004.md) [C:\Projects\Hazina\src\Core\Agents\Hazina.AgentFactory\Hazina.AgentFactory.csproj::TargetFramework=net9.0]
C:\Projects\Hazina\src\Core\Agents\Hazina.AgentFactory\Core\AgentFactory.cs(257,31): warning MA0004: Use Task.ConfigureAwait(false) if the current SynchronizationContext is not needed (https://github.com/meziantou/Meziantou.Analyzer/blob/main/docs/Rules/MA0004.md) [C:\Projects\Hazina\src\Core\Agents\Hazina.AgentFactory\Hazina.AgentFactory.csproj::TargetFramework=net9.0]
C:\Projects\Hazina\src\Core\Agents\Hazina.AgentFactory\Services\Tools\ToolRegistrationService.cs(607,39): warning S6602: "Find" method should be used instead of the "FirstOrDefault" extension method. (https://rules.sonarsource.com/csharp/RSPEC-6602) [C:\Projects\Hazina\src\Core\Agents\Hazina.AgentFactory\Hazina.AgentFactory.csproj::TargetFramework=net9.0]
C:\Projects\Hazina\src\Core\Agents\Hazina.AgentFactory\Services\Tools\ToolRegistrationService.cs(509,61): warning S1172: Remove this unused method parameter 'agents'. (https://rules.sonarsource.com/csharp/RSPEC-1172) [C:\Projects\Hazina\src\Core\Agents\Hazina.AgentFactory\Hazina.AgentFactory.csproj::TargetFramework=net9.0]
C:\Projects\Hazina\src\Core\Agents\Hazina.AgentFactory\Services\Tools\ToolRegistrationService.cs(509,89): warning S1172: Remove this unused method parameter 'caller'. (https://rules.sonarsource.com/csharp/RSPEC-1172) [C:\Projects\Hazina\src\Core\Agents\Hazina.AgentFactory\Hazina.AgentFactory.csproj::TargetFramework=net9.0]
C:\Projects\Hazina\src\Core\Agents\Hazina.AgentFactory\Configuration\Parsers\HazinaStoreConfigParserV2.cs(172,31): warning CA1062: In externally visible method 'string HazinaStoreConfigParserV2.Serialize(IEnumerable<StoreConfig> stores)', validate parameter 'stores' is non-null before using it. If appropriate, throw an 'ArgumentNullException' when the argument is 'null'. (https://learn.microsoft.com/dotnet/fundamentals/code-analysis/quality-rules/ca1062) [C:\Projects\Hazina\src\Core\Agents\Hazina.AgentFactory\Hazina.AgentFactory.csproj::TargetFramework=net9.0]
C:\Projects\Hazina\src\Core\Agents\Hazina.AgentFactory\Configuration\Validation\AgentConfigValidator.cs(283,21): warning S1066: Merge this if statement with the enclosing one. (https://rules.sonarsource.com/csharp/RSPEC-1066) [C:\Projects\Hazina\src\Core\Agents\Hazina.AgentFactory\Hazina.AgentFactory.csproj::TargetFramework=net9.0]
C:\Projects\Hazina\src\Core\Agents\Hazina.AgentFactory\Configuration\Validation\AgentConfigValidator.cs(279,41): warning S3267: Loops should be simplified using the "Where" LINQ method (https://rules.sonarsource.com/csharp/RSPEC-3267) [C:\Projects\Hazina\src\Core\Agents\Hazina.AgentFactory\Hazina.AgentFactory.csproj::TargetFramework=net9.0]
C:\Projects\Hazina\src\Core\Agents\Hazina.AgentFactory\Core\AgentFactory.cs(231,22): warning S6966: Await CreateStoreAsync instead. (https://rules.sonarsource.com/csharp/RSPEC-6966) [C:\Projects\Hazina\src\Core\Agents\Hazina.AgentFactory\Hazina.AgentFactory.csproj::TargetFramework=net9.0]
C:\Projects\Hazina\src\Core\Agents\Hazina.AgentFactory\Core\AgentFactory.cs(344,34): warning S6602: "Find" method should be used instead of the "FirstOrDefault" extension method. (https://rules.sonarsource.com/csharp/RSPEC-6602) [C:\Projects\Hazina\src\Core\Agents\Hazina.AgentFactory\Hazina.AgentFactory.csproj::TargetFramework=net9.0]
C:\Projects\Hazina\src\Core\Agents\Hazina.AgentFactory\Services\Tools\ToolRegistrationService.cs(181,13): warning CA1851: Possible multiple enumerations of 'IEnumerable' collection. Consider using an implementation that avoids multiple enumerations. (https://learn.microsoft.com/dotnet/fundamentals/code-analysis/quality-rules/ca1851) [C:\Projects\Hazina\src\Core\Agents\Hazina.AgentFactory\Hazina.AgentFactory.csproj::TargetFramework=net9.0]
C:\Projects\Hazina\src\Core\Agents\Hazina.AgentFactory\Services\Tools\ToolRegistrationService.cs(201,13): warning CA1851: Possible multiple enumerations of 'IEnumerable' collection. Consider using an implementation that avoids multiple enumerations. (https://learn.microsoft.com/dotnet/fundamentals/code-analysis/quality-rules/ca1851) [C:\Projects\Hazina\src\Core\Agents\Hazina.AgentFactory\Hazina.AgentFactory.csproj::TargetFramework=net9.0]
C:\Projects\Hazina\src\Core\Agents\Hazina.AgentFactory\Services\Tools\ToolRegistrationService.cs(211,13): warning CA1851: Possible multiple enumerations of 'IEnumerable' collection. Consider using an implementation that avoids multiple enumerations. (https://learn.microsoft.com/dotnet/fundamentals/code-analysis/quality-rules/ca1851) [C:\Projects\Hazina\src\Core\Agents\Hazina.AgentFactory\Hazina.AgentFactory.csproj::TargetFramework=net9.0]
C:\Projects\Hazina\src\Core\Agents\Hazina.AgentFactory\Services\Tools\ToolRegistrationService.cs(221,13): warning CA1851: Possible multiple enumerations of 'IEnumerable' collection. Consider using an implementation that avoids multiple enumerations. (https://learn.microsoft.com/dotnet/fundamentals/code-analysis/quality-rules/ca1851) [C:\Projects\Hazina\src\Core\Agents\Hazina.AgentFactory\Hazina.AgentFactory.csproj::TargetFramework=net9.0]
C:\Projects\Hazina\src\Core\Agents\Hazina.AgentFactory\Services\Tools\ToolRegistrationService.cs(231,13): warning CA1851: Possible multiple enumerations of 'IEnumerable' collection. Consider using an implementation that avoids multiple enumerations. (https://learn.microsoft.com/dotnet/fundamentals/code-analysis/quality-rules/ca1851) [C:\Projects\Hazina\src\Core\Agents\Hazina.AgentFactory\Hazina.AgentFactory.csproj::TargetFramework=net9.0]
C:\Projects\Hazina\src\Core\Agents\Hazina.AgentFactory\Services\Tools\ToolRegistrationService.cs(241,13): warning CA1851: Possible multiple enumerations of 'IEnumerable' collection. Consider using an implementation that avoids multiple enumerations. (https://learn.microsoft.com/dotnet/fundamentals/code-analysis/quality-rules/ca1851) [C:\Projects\Hazina\src\Core\Agents\Hazina.AgentFactory\Hazina.AgentFactory.csproj::TargetFramework=net9.0]
C:\Projects\Hazina\src\Core\Agents\Hazina.AgentFactory\Services\Tools\ToolRegistrationService.cs(261,13): warning CA1851: Possible multiple enumerations of 'IEnumerable' collection. Consider using an implementation that avoids multiple enumerations. (https://learn.microsoft.com/dotnet/fundamentals/code-analysis/quality-rules/ca1851) [C:\Projects\Hazina\src\Core\Agents\Hazina.AgentFactory\Hazina.AgentFactory.csproj::TargetFramework=net9.0]
C:\Projects\Hazina\src\Core\Agents\Hazina.AgentFactory\Services\Tools\ToolRegistrationService.cs(281,13): warning CA1851: Possible multiple enumerations of 'IEnumerable' collection. Consider using an implementation that avoids multiple enumerations. (https://learn.microsoft.com/dotnet/fundamentals/code-analysis/quality-rules/ca1851) [C:\Projects\Hazina\src\Core\Agents\Hazina.AgentFactory\Hazina.AgentFactory.csproj::TargetFramework=net9.0]
C:\Projects\Hazina\src\Core\Agents\Hazina.AgentFactory\Core\AgentFactory.cs(380,34): warning S6602: "Find" method should be used instead of the "FirstOrDefault" extension method. (https://rules.sonarsource.com/csharp/RSPEC-6602) [C:\Projects\Hazina\src\Core\Agents\Hazina.AgentFactory\Hazina.AgentFactory.csproj::TargetFramework=net9.0]
C:\Projects\Hazina\src\Core\Agents\Hazina.AgentFactory\Services\Email\EmailService.cs(115,17): warning SA1503: Braces should not be omitted (https://github.com/DotNetAnalyzers/StyleCopAnalyzers/blob/master/documentation/SA1503.md) [C:\Projects\Hazina\src\Core\Agents\Hazina.AgentFactory\Hazina.AgentFactory.csproj::TargetFramework=net9.0]
C:\Projects\Hazina\src\Core\Agents\Hazina.AgentFactory\Core\AgentFactory.cs(314,25): warning MA0004: Use Task.ConfigureAwait(false) if the current SynchronizationContext is not needed (https://github.com/meziantou/Meziantou.Analyzer/blob/main/docs/Rules/MA0004.md) [C:\Projects\Hazina\src\Core\Agents\Hazina.AgentFactory\Hazina.AgentFactory.csproj::TargetFramework=net9.0]
C:\Projects\Hazina\src\Core\Agents\Hazina.AgentFactory\Core\AgentFactory.cs(319,25): warning MA0004: Use Task.ConfigureAwait(false) if the current SynchronizationContext is not needed (https://github.com/meziantou/Meziantou.Analyzer/blob/main/docs/Rules/MA0004.md) [C:\Projects\Hazina\src\Core\Agents\Hazina.AgentFactory\Hazina.AgentFactory.csproj::TargetFramework=net9.0]
C:\Projects\Hazina\src\Core\Agents\Hazina.AgentFactory\Services\Email\EmailService.cs(107,9): warning MA0004: Use Task.ConfigureAwait(false) if the current SynchronizationContext is not needed (https://github.com/meziantou/Meziantou.Analyzer/blob/main/docs/Rules/MA0004.md) [C:\Projects\Hazina\src\Core\Agents\Hazina.AgentFactory\Hazina.AgentFactory.csproj::TargetFramework=net9.0]
C:\Projects\Hazina\src\Core\Agents\Hazina.AgentFactory\Services\Email\EmailService.cs(108,9): warning MA0004: Use Task.ConfigureAwait(false) if the current SynchronizationContext is not needed (https://github.com/meziantou/Meziantou.Analyzer/blob/main/docs/Rules/MA0004.md) [C:\Projects\Hazina\src\Core\Agents\Hazina.AgentFactory\Hazina.AgentFactory.csproj::TargetFramework=net9.0]
C:\Projects\Hazina\src\Core\Agents\Hazina.AgentFactory\Services\Email\EmailService.cs(114,17): warning MA0004: Use Task.ConfigureAwait(false) if the current SynchronizationContext is not needed (https://github.com/meziantou/Meziantou.Analyzer/blob/main/docs/Rules/MA0004.md) [C:\Projects\Hazina\src\Core\Agents\Hazina.AgentFactory\Hazina.AgentFactory.csproj::TargetFramework=net9.0]
C:\Projects\Hazina\src\Core\Agents\Hazina.AgentFactory\Services\Email\EmailService.cs(122,9): warning MA0004: Use Task.ConfigureAwait(false) if the current SynchronizationContext is not needed (https://github.com/meziantou/Meziantou.Analyzer/blob/main/docs/Rules/MA0004.md) [C:\Projects\Hazina\src\Core\Agents\Hazina.AgentFactory\Hazina.AgentFactory.csproj::TargetFramework=net9.0]
C:\Projects\Hazina\src\Core\Agents\Hazina.AgentFactory\Services\Email\EmailService.cs(124,9): warning MA0004: Use Task.ConfigureAwait(false) if the current SynchronizationContext is not needed (https://github.com/meziantou/Meziantou.Analyzer/blob/main/docs/Rules/MA0004.md) [C:\Projects\Hazina\src\Core\Agents\Hazina.AgentFactory\Hazina.AgentFactory.csproj::TargetFramework=net9.0]
C:\Projects\Hazina\src\Core\Agents\Hazina.AgentFactory\Configuration\Validation\AgentConfigValidator.cs(269,13): warning SA1503: Braces should not be omitted (https://github.com/DotNetAnalyzers/StyleCopAnalyzers/blob/master/documentation/SA1503.md) [C:\Projects\Hazina\src\Core\Agents\Hazina.AgentFactory\Hazina.AgentFactory.csproj::TargetFramework=net9.0]
C:\Projects\Hazina\src\Core\Agents\Hazina.AgentFactory\Configuration\Validation\AgentConfigValidator.cs(272,13): warning SA1503: Braces should not be omitted (https://github.com/DotNetAnalyzers/StyleCopAnalyzers/blob/master/documentation/SA1503.md) [C:\Projects\Hazina\src\Core\Agents\Hazina.AgentFactory\Hazina.AgentFactory.csproj::TargetFramework=net9.0]
C:\Projects\Hazina\src\Core\Agents\Hazina.AgentFactory\Configuration\Validation\AgentConfigValidator.cs(284,25): warning SA1503: Braces should not be omitted (https://github.com/DotNetAnalyzers/StyleCopAnalyzers/blob/master/documentation/SA1503.md) [C:\Projects\Hazina\src\Core\Agents\Hazina.AgentFactory\Hazina.AgentFactory.csproj::TargetFramework=net9.0]
C:\Projects\Hazina\src\Core\Agents\Hazina.AgentFactory\Configuration\Validation\StoreConfigValidator.cs(194,32): warning CA1860: Prefer comparing 'Count' to 0 rather than using 'Any()', both for clarity and for performance (https://learn.microsoft.com/dotnet/fundamentals/code-analysis/quality-rules/ca1860) [C:\Projects\Hazina\src\Core\Agents\Hazina.AgentFactory\Hazina.AgentFactory.csproj::TargetFramework=net9.0]
C:\Projects\Hazina\src\Core\Agents\Hazina.AgentFactory\Configuration\Validation\AgentConfigValidator.cs(268,13): warning MA0002: Use an overload that has a IEqualityComparer<string> or IComparer<string> parameter (https://github.com/meziantou/Meziantou.Analyzer/blob/main/docs/Rules/MA0002.md) [C:\Projects\Hazina\src\Core\Agents\Hazina.AgentFactory\Hazina.AgentFactory.csproj::TargetFramework=net9.0]
C:\Projects\Hazina\src\Core\Agents\Hazina.AgentFactory\Configuration\Validation\StoreConfigValidator.cs(201,30): warning MA0002: Use an overload that has a IEqualityComparer<string> or IComparer<string> parameter (https://github.com/meziantou/Meziantou.Analyzer/blob/main/docs/Rules/MA0002.md) [C:\Projects\Hazina\src\Core\Agents\Hazina.AgentFactory\Hazina.AgentFactory.csproj::TargetFramework=net9.0]
C:\Projects\Hazina\src\Core\Agents\Hazina.AgentFactory\Core\AgentFactory.cs(290,32): warning SA1503: Braces should not be omitted (https://github.com/DotNetAnalyzers/StyleCopAnalyzers/blob/master/documentation/SA1503.md) [C:\Projects\Hazina\src\Core\Agents\Hazina.AgentFactory\Hazina.AgentFactory.csproj::TargetFramework=net9.0]
C:\Projects\Hazina\src\Core\Agents\Hazina.AgentFactory\Core\AgentFactory.cs(287,98): warning SA1122: Use string.Empty for empty strings (https://github.com/DotNetAnalyzers/StyleCopAnalyzers/blob/master/documentation/SA1122.md) [C:\Projects\Hazina\src\Core\Agents\Hazina.AgentFactory\Hazina.AgentFactory.csproj::TargetFramework=net9.0]
C:\Projects\Hazina\src\Core\Agents\Hazina.AgentFactory\Services\Email\EmailService.cs(169,116): warning S1172: Remove this unused method parameter 'isRoot'. (https://rules.sonarsource.com/csharp/RSPEC-1172) [C:\Projects\Hazina\src\Core\Agents\Hazina.AgentFactory\Hazina.AgentFactory.csproj::TargetFramework=net9.0]
C:\Projects\Hazina\src\Core\Agents\Hazina.AgentFactory\Core\AgentFactory.cs(287,27): warning MA0004: Use Task.ConfigureAwait(false) if the current SynchronizationContext is not needed (https://github.com/meziantou/Meziantou.Analyzer/blob/main/docs/Rules/MA0004.md) [C:\Projects\Hazina\src\Core\Agents\Hazina.AgentFactory\Hazina.AgentFactory.csproj::TargetFramework=net9.0]
C:\Projects\Hazina\src\Core\Agents\Hazina.AgentFactory\Services\Email\EmailService.cs(138,13): warning SA1503: Braces should not be omitted (https://github.com/DotNetAnalyzers/StyleCopAnalyzers/blob/master/documentation/SA1503.md) [C:\Projects\Hazina\src\Core\Agents\Hazina.AgentFactory\Hazina.AgentFactory.csproj::TargetFramework=net9.0]
C:\Projects\Hazina\src\Core\Agents\Hazina.AgentFactory\Services\Email\EmailService.cs(145,13): warning SA1503: Braces should not be omitted (https://github.com/DotNetAnalyzers/StyleCopAnalyzers/blob/master/documentation/SA1503.md) [C:\Projects\Hazina\src\Core\Agents\Hazina.AgentFactory\Hazina.AgentFactory.csproj::TargetFramework=net9.0]
C:\Projects\Hazina\src\Core\Agents\Hazina.AgentFactory\Core\AgentFactory.cs(381,32): warning SA1503: Braces should not be omitted (https://github.com/DotNetAnalyzers/StyleCopAnalyzers/blob/master/documentation/SA1503.md) [C:\Projects\Hazina\src\Core\Agents\Hazina.AgentFactory\Hazina.AgentFactory.csproj::TargetFramework=net9.0]
C:\Projects\Hazina\src\Core\Agents\Hazina.AgentFactory\Core\AgentFactory.cs(345,32): warning SA1503: Braces should not be omitted (https://github.com/DotNetAnalyzers/StyleCopAnalyzers/blob/master/documentation/SA1503.md) [C:\Projects\Hazina\src\Core\Agents\Hazina.AgentFactory\Hazina.AgentFactory.csproj::TargetFramework=net9.0]
C:\Projects\Hazina\src\Core\Agents\Hazina.AgentFactory\Configuration\Validation\AgentConfigValidator.cs(248,26): warning MA0002: Use an overload that has a IEqualityComparer<string> or IComparer<string> parameter (https://github.com/meziantou/Meziantou.Analyzer/blob/main/docs/Rules/MA0002.md) [C:\Projects\Hazina\src\Core\Agents\Hazina.AgentFactory\Hazina.AgentFactory.csproj::TargetFramework=net9.0]
C:\Projects\Hazina\src\Core\Agents\Hazina.AgentFactory\Configuration\Validation\AgentConfigValidator.cs(252,27): warning MA0002: Use an overload that has a IEqualityComparer<string> or IComparer<string> parameter (https://github.com/meziantou/Meziantou.Analyzer/blob/main/docs/Rules/MA0002.md) [C:\Projects\Hazina\src\Core\Agents\Hazina.AgentFactory\Hazina.AgentFactory.csproj::TargetFramework=net9.0]
C:\Projects\Hazina\src\Core\Agents\Hazina.AgentFactory\Core\AgentFactory.cs(378,98): warning SA1122: Use string.Empty for empty strings (https://github.com/DotNetAnalyzers/StyleCopAnalyzers/blob/master/documentation/SA1122.md) [C:\Projects\Hazina\src\Core\Agents\Hazina.AgentFactory\Hazina.AgentFactory.csproj::TargetFramework=net9.0]
C:\Projects\Hazina\src\Core\Agents\Hazina.AgentFactory\Services\Tools\ToolRegistrationService.cs(609,23): warning S112: 'System.Exception' should not be thrown by user code. (https://rules.sonarsource.com/csharp/RSPEC-112) [C:\Projects\Hazina\src\Core\Agents\Hazina.AgentFactory\Hazina.AgentFactory.csproj::TargetFramework=net9.0]
C:\Projects\Hazina\src\Core\Agents\Hazina.AgentFactory\Services\Email\EmailService.cs(177,17): warning MA0004: Use Task.ConfigureAwait(false) if the current SynchronizationContext is not needed (https://github.com/meziantou/Meziantou.Analyzer/blob/main/docs/Rules/MA0004.md) [C:\Projects\Hazina\src\Core\Agents\Hazina.AgentFactory\Hazina.AgentFactory.csproj::TargetFramework=net9.0]
C:\Projects\Hazina\src\Core\Agents\Hazina.AgentFactory\Services\Email\EmailService.cs(185,29): warning MA0004: Use Task.ConfigureAwait(false) if the current SynchronizationContext is not needed (https://github.com/meziantou/Meziantou.Analyzer/blob/main/docs/Rules/MA0004.md) [C:\Projects\Hazina\src\Core\Agents\Hazina.AgentFactory\Hazina.AgentFactory.csproj::TargetFramework=net9.0]
C:\Projects\Hazina\src\Core\Agents\Hazina.AgentFactory\Services\Email\EmailService.cs(187,13): warning MA0004: Use Task.ConfigureAwait(false) if the current SynchronizationContext is not needed (https://github.com/meziantou/Meziantou.Analyzer/blob/main/docs/Rules/MA0004.md) [C:\Projects\Hazina\src\Core\Agents\Hazina.AgentFactory\Hazina.AgentFactory.csproj::TargetFramework=net9.0]
C:\Projects\Hazina\src\Core\Agents\Hazina.AgentFactory\Services\Tools\ToolRegistrationService.cs(609,17): warning SA1503: Braces should not be omitted (https://github.com/DotNetAnalyzers/StyleCopAnalyzers/blob/master/documentation/SA1503.md) [C:\Projects\Hazina\src\Core\Agents\Hazina.AgentFactory\Hazina.AgentFactory.csproj::TargetFramework=net9.0]
C:\Projects\Hazina\src\Core\Agents\Hazina.AgentFactory\Services\Email\EmailService.cs(131,9): warning MA0004: Use Task.ConfigureAwait(false) if the current SynchronizationContext is not needed (https://github.com/meziantou/Meziantou.Analyzer/blob/main/docs/Rules/MA0004.md) [C:\Projects\Hazina\src\Core\Agents\Hazina.AgentFactory\Hazina.AgentFactory.csproj::TargetFramework=net9.0]
C:\Projects\Hazina\src\Core\Agents\Hazina.AgentFactory\Services\Email\EmailService.cs(132,9): warning MA0004: Use Task.ConfigureAwait(false) if the current SynchronizationContext is not needed (https://github.com/meziantou/Meziantou.Analyzer/blob/main/docs/Rules/MA0004.md) [C:\Projects\Hazina\src\Core\Agents\Hazina.AgentFactory\Hazina.AgentFactory.csproj::TargetFramework=net9.0]
C:\Projects\Hazina\src\Core\Agents\Hazina.AgentFactory\Services\Email\EmailService.cs(135,9): warning MA0004: Use Task.ConfigureAwait(false) if the current SynchronizationContext is not needed (https://github.com/meziantou/Meziantou.Analyzer/blob/main/docs/Rules/MA0004.md) [C:\Projects\Hazina\src\Core\Agents\Hazina.AgentFactory\Hazina.AgentFactory.csproj::TargetFramework=net9.0]
C:\Projects\Hazina\src\Core\Agents\Hazina.AgentFactory\Services\Email\EmailService.cs(141,23): warning MA0004: Use Task.ConfigureAwait(false) if the current SynchronizationContext is not needed (https://github.com/meziantou/Meziantou.Analyzer/blob/main/docs/Rules/MA0004.md) [C:\Projects\Hazina\src\Core\Agents\Hazina.AgentFactory\Hazina.AgentFactory.csproj::TargetFramework=net9.0]
C:\Projects\Hazina\src\Core\Agents\Hazina.AgentFactory\Services\Tools\ToolRegistrationService.cs(530,21): warning SA1503: Braces should not be omitted (https://github.com/DotNetAnalyzers/StyleCopAnalyzers/blob/master/documentation/SA1503.md) [C:\Projects\Hazina\src\Core\Agents\Hazina.AgentFactory\Hazina.AgentFactory.csproj::TargetFramework=net9.0]
C:\Projects\Hazina\src\Core\Agents\Hazina.AgentFactory\Services\Tools\ToolRegistrationService.cs(532,21): warning SA1503: Braces should not be omitted (https://github.com/DotNetAnalyzers/StyleCopAnalyzers/blob/master/documentation/SA1503.md) [C:\Projects\Hazina\src\Core\Agents\Hazina.AgentFactory\Hazina.AgentFactory.csproj::TargetFramework=net9.0]
C:\Projects\Hazina\src\Core\Agents\Hazina.AgentFactory\Services\Tools\ToolRegistrationService.cs(534,21): warning SA1503: Braces should not be omitted (https://github.com/DotNetAnalyzers/StyleCopAnalyzers/blob/master/documentation/SA1503.md) [C:\Projects\Hazina\src\Core\Agents\Hazina.AgentFactory\Hazina.AgentFactory.csproj::TargetFramework=net9.0]
C:\Projects\Hazina\src\Core\Agents\Hazina.AgentFactory\Services\Tools\ToolRegistrationService.cs(547,21): warning SA1503: Braces should not be omitted (https://github.com/DotNetAnalyzers/StyleCopAnalyzers/blob/master/documentation/SA1503.md) [C:\Projects\Hazina\src\Core\Agents\Hazina.AgentFactory\Hazina.AgentFactory.csproj::TargetFramework=net9.0]
C:\Projects\Hazina\src\Core\Agents\Hazina.AgentFactory\Services\Tools\ToolRegistrationService.cs(549,21): warning SA1503: Braces should not be omitted (https://github.com/DotNetAnalyzers/StyleCopAnalyzers/blob/master/documentation/SA1503.md) [C:\Projects\Hazina\src\Core\Agents\Hazina.AgentFactory\Hazina.AgentFactory.csproj::TargetFramework=net9.0]
C:\Projects\Hazina\src\Core\Agents\Hazina.AgentFactory\Services\Tools\ToolRegistrationService.cs(551,21): warning SA1503: Braces should not be omitted (https://github.com/DotNetAnalyzers/StyleCopAnalyzers/blob/master/documentation/SA1503.md) [C:\Projects\Hazina\src\Core\Agents\Hazina.AgentFactory\Hazina.AgentFactory.csproj::TargetFramework=net9.0]
C:\Projects\Hazina\src\Core\Agents\Hazina.AgentFactory\Services\Tools\ToolRegistrationService.cs(553,21): warning SA1503: Braces should not be omitted (https://github.com/DotNetAnalyzers/StyleCopAnalyzers/blob/master/documentation/SA1503.md) [C:\Projects\Hazina\src\Core\Agents\Hazina.AgentFactory\Hazina.AgentFactory.csproj::TargetFramework=net9.0]
C:\Projects\Hazina\src\Core\Agents\Hazina.AgentFactory\Services\Email\EmailService.cs(147,9): warning MA0004: Use Task.ConfigureAwait(false) if the current SynchronizationContext is not needed (https://github.com/meziantou/Meziantou.Analyzer/blob/main/docs/Rules/MA0004.md) [C:\Projects\Hazina\src\Core\Agents\Hazina.AgentFactory\Hazina.AgentFactory.csproj::TargetFramework=net9.0]
C:\Projects\Hazina\src\Core\Agents\Hazina.AgentFactory\Services\Email\EmailService.cs(149,9): warning MA0004: Use Task.ConfigureAwait(false) if the current SynchronizationContext is not needed (https://github.com/meziantou/Meziantou.Analyzer/blob/main/docs/Rules/MA0004.md) [C:\Projects\Hazina\src\Core\Agents\Hazina.AgentFactory\Hazina.AgentFactory.csproj::TargetFramework=net9.0]
C:\Projects\Hazina\src\Core\Agents\Hazina.AgentFactory\Services\Tools\ToolRegistrationService.cs(609,23): warning CA2201: Exception type System.Exception is not sufficiently specific (https://learn.microsoft.com/dotnet/fundamentals/code-analysis/quality-rules/ca2201) [C:\Projects\Hazina\src\Core\Agents\Hazina.AgentFactory\Hazina.AgentFactory.csproj::TargetFramework=net9.0]
C:\Projects\Hazina\src\Core\Agents\Hazina.AgentFactory\Core\AgentFactory.cs(342,27): warning MA0004: Use Task.ConfigureAwait(false) if the current SynchronizationContext is not needed (https://github.com/meziantou/Meziantou.Analyzer/blob/main/docs/Rules/MA0004.md) [C:\Projects\Hazina\src\Core\Agents\Hazina.AgentFactory\Hazina.AgentFactory.csproj::TargetFramework=net9.0]
C:\Projects\Hazina\src\Core\Agents\Hazina.AgentFactory\Services\Email\EmailService.cs(52,9): warning MA0004: Use Task.ConfigureAwait(false) if the current SynchronizationContext is not needed (https://github.com/meziantou/Meziantou.Analyzer/blob/main/docs/Rules/MA0004.md) [C:\Projects\Hazina\src\Core\Agents\Hazina.AgentFactory\Hazina.AgentFactory.csproj::TargetFramework=net9.0]
C:\Projects\Hazina\src\Core\Agents\Hazina.AgentFactory\Services\Email\EmailService.cs(53,9): warning MA0004: Use Task.ConfigureAwait(false) if the current SynchronizationContext is not needed (https://github.com/meziantou/Meziantou.Analyzer/blob/main/docs/Rules/MA0004.md) [C:\Projects\Hazina\src\Core\Agents\Hazina.AgentFactory\Hazina.AgentFactory.csproj::TargetFramework=net9.0]
C:\Projects\Hazina\src\Core\Agents\Hazina.AgentFactory\Services\Email\EmailService.cs(56,9): warning MA0004: Use Task.ConfigureAwait(false) if the current SynchronizationContext is not needed (https://github.com/meziantou/Meziantou.Analyzer/blob/main/docs/Rules/MA0004.md) [C:\Projects\Hazina\src\Core\Agents\Hazina.AgentFactory\Hazina.AgentFactory.csproj::TargetFramework=net9.0]
C:\Projects\Hazina\src\Core\Agents\Hazina.AgentFactory\Services\Email\EmailService.cs(156,9): warning MA0004: Use Task.ConfigureAwait(false) if the current SynchronizationContext is not needed (https://github.com/meziantou/Meziantou.Analyzer/blob/main/docs/Rules/MA0004.md) [C:\Projects\Hazina\src\Core\Agents\Hazina.AgentFactory\Hazina.AgentFactory.csproj::TargetFramework=net9.0]
C:\Projects\Hazina\src\Core\Agents\Hazina.AgentFactory\Services\Email\EmailService.cs(58,20): warning MA0004: Use Task.ConfigureAwait(false) if the current SynchronizationContext is not needed (https://github.com/meziantou/Meziantou.Analyzer/blob/main/docs/Rules/MA0004.md) [C:\Projects\Hazina\src\Core\Agents\Hazina.AgentFactory\Hazina.AgentFactory.csproj::TargetFramework=net9.0]
C:\Projects\Hazina\src\Core\Agents\Hazina.AgentFactory\Services\Email\EmailService.cs(62,25): warning MA0004: Use Task.ConfigureAwait(false) if the current SynchronizationContext is not needed (https://github.com/meziantou/Meziantou.Analyzer/blob/main/docs/Rules/MA0004.md) [C:\Projects\Hazina\src\Core\Agents\Hazina.AgentFactory\Hazina.AgentFactory.csproj::TargetFramework=net9.0]
C:\Projects\Hazina\src\Core\Agents\Hazina.AgentFactory\Services\Email\EmailService.cs(157,9): warning MA0004: Use Task.ConfigureAwait(false) if the current SynchronizationContext is not needed (https://github.com/meziantou/Meziantou.Analyzer/blob/main/docs/Rules/MA0004.md) [C:\Projects\Hazina\src\Core\Agents\Hazina.AgentFactory\Hazina.AgentFactory.csproj::TargetFramework=net9.0]
C:\Projects\Hazina\src\Core\Agents\Hazina.AgentFactory\Services\Email\EmailService.cs(75,9): warning MA0004: Use Task.ConfigureAwait(false) if the current SynchronizationContext is not needed (https://github.com/meziantou/Meziantou.Analyzer/blob/main/docs/Rules/MA0004.md) [C:\Projects\Hazina\src\Core\Agents\Hazina.AgentFactory\Hazina.AgentFactory.csproj::TargetFramework=net9.0]
C:\Projects\Hazina\src\Core\Agents\Hazina.AgentFactory\Services\Email\EmailService.cs(159,20): warning MA0004: Use Task.ConfigureAwait(false) if the current SynchronizationContext is not needed (https://github.com/meziantou/Meziantou.Analyzer/blob/main/docs/Rules/MA0004.md) [C:\Projects\Hazina\src\Core\Agents\Hazina.AgentFactory\Hazina.AgentFactory.csproj::TargetFramework=net9.0]
C:\Projects\Hazina\src\Core\Agents\Hazina.AgentFactory\Services\Email\EmailService.cs(162,9): warning MA0004: Use Task.ConfigureAwait(false) if the current SynchronizationContext is not needed (https://github.com/meziantou/Meziantou.Analyzer/blob/main/docs/Rules/MA0004.md) [C:\Projects\Hazina\src\Core\Agents\Hazina.AgentFactory\Hazina.AgentFactory.csproj::TargetFramework=net9.0]
C:\Projects\Hazina\src\Core\Agents\Hazina.AgentFactory\Services\Email\EmailService.cs(164,9): warning MA0004: Use Task.ConfigureAwait(false) if the current SynchronizationContext is not needed (https://github.com/meziantou/Meziantou.Analyzer/blob/main/docs/Rules/MA0004.md) [C:\Projects\Hazina\src\Core\Agents\Hazina.AgentFactory\Hazina.AgentFactory.csproj::TargetFramework=net9.0]
C:\Projects\Hazina\src\Core\Agents\Hazina.AgentFactory\Core\AgentFactory.cs(378,27): warning MA0004: Use Task.ConfigureAwait(false) if the current SynchronizationContext is not needed (https://github.com/meziantou/Meziantou.Analyzer/blob/main/docs/Rules/MA0004.md) [C:\Projects\Hazina\src\Core\Agents\Hazina.AgentFactory\Hazina.AgentFactory.csproj::TargetFramework=net9.0]
C:\Projects\Hazina\src\Core\Agents\Hazina.AgentFactory\Services\Tools\ToolRegistrationService.cs(410,38): warning SA1501: Statement should not be on a single line (https://github.com/DotNetAnalyzers/StyleCopAnalyzers/blob/master/documentation/SA1501.md) [C:\Projects\Hazina\src\Core\Agents\Hazina.AgentFactory\Hazina.AgentFactory.csproj::TargetFramework=net9.0]
C:\Projects\Hazina\src\Core\Agents\Hazina.AgentFactory\Services\Tools\ToolRegistrationService.cs(431,38): warning SA1501: Statement should not be on a single line (https://github.com/DotNetAnalyzers/StyleCopAnalyzers/blob/master/documentation/SA1501.md) [C:\Projects\Hazina\src\Core\Agents\Hazina.AgentFactory\Hazina.AgentFactory.csproj::TargetFramework=net9.0]
C:\Projects\Hazina\src\Core\Agents\Hazina.AgentFactory\Services\Tools\ToolRegistrationService.cs(450,38): warning SA1501: Statement should not be on a single line (https://github.com/DotNetAnalyzers/StyleCopAnalyzers/blob/master/documentation/SA1501.md) [C:\Projects\Hazina\src\Core\Agents\Hazina.AgentFactory\Hazina.AgentFactory.csproj::TargetFramework=net9.0]
C:\Projects\Hazina\src\Core\Agents\Hazina.AgentFactory\Services\Tools\ToolRegistrationService.cs(468,38): warning SA1501: Statement should not be on a single line (https://github.com/DotNetAnalyzers/StyleCopAnalyzers/blob/master/documentation/SA1501.md) [C:\Projects\Hazina\src\Core\Agents\Hazina.AgentFactory\Hazina.AgentFactory.csproj::TargetFramework=net9.0]
C:\Projects\Hazina\src\Core\Agents\Hazina.AgentFactory\Services\Tools\ToolRegistrationService.cs(488,38): warning SA1501: Statement should not be on a single line (https://github.com/DotNetAnalyzers/StyleCopAnalyzers/blob/master/documentation/SA1501.md) [C:\Projects\Hazina\src\Core\Agents\Hazina.AgentFactory\Hazina.AgentFactory.csproj::TargetFramework=net9.0]
C:\Projects\Hazina\src\Core\Agents\Hazina.AgentFactory\Services\Tools\ToolRegistrationService.cs(504,38): warning SA1501: Statement should not be on a single line (https://github.com/DotNetAnalyzers/StyleCopAnalyzers/blob/master/documentation/SA1501.md) [C:\Projects\Hazina\src\Core\Agents\Hazina.AgentFactory\Hazina.AgentFactory.csproj::TargetFramework=net9.0]
C:\Projects\Hazina\src\Core\Agents\Hazina.AgentFactory\Services\Tools\ToolRegistrationService.cs(399,21): warning SA1503: Braces should not be omitted (https://github.com/DotNetAnalyzers/StyleCopAnalyzers/blob/master/documentation/SA1503.md) [C:\Projects\Hazina\src\Core\Agents\Hazina.AgentFactory\Hazina.AgentFactory.csproj::TargetFramework=net9.0]
C:\Projects\Hazina\src\Core\Agents\Hazina.AgentFactory\Services\Tools\ToolRegistrationService.cs(401,21): warning SA1503: Braces should not be omitted (https://github.com/DotNetAnalyzers/StyleCopAnalyzers/blob/master/documentation/SA1503.md) [C:\Projects\Hazina\src\Core\Agents\Hazina.AgentFactory\Hazina.AgentFactory.csproj::TargetFramework=net9.0]
C:\Projects\Hazina\src\Core\Agents\Hazina.AgentFactory\Services\Tools\ToolRegistrationService.cs(403,21): warning SA1503: Braces should not be omitted (https://github.com/DotNetAnalyzers/StyleCopAnalyzers/blob/master/documentation/SA1503.md) [C:\Projects\Hazina\src\Core\Agents\Hazina.AgentFactory\Hazina.AgentFactory.csproj::TargetFramework=net9.0]
C:\Projects\Hazina\src\Core\Agents\Hazina.AgentFactory\Services\Tools\ToolRegistrationService.cs(424,25): warning SA1503: Braces should not be omitted (https://github.com/DotNetAnalyzers/StyleCopAnalyzers/blob/master/documentation/SA1503.md) [C:\Projects\Hazina\src\Core\Agents\Hazina.AgentFactory\Hazina.AgentFactory.csproj::TargetFramework=net9.0]
C:\Projects\Hazina\src\Core\Agents\Hazina.AgentFactory\Services\Tools\ToolRegistrationService.cs(426,25): warning SA1503: Braces should not be omitted (https://github.com/DotNetAnalyzers/StyleCopAnalyzers/blob/master/documentation/SA1503.md) [C:\Projects\Hazina\src\Core\Agents\Hazina.AgentFactory\Hazina.AgentFactory.csproj::TargetFramework=net9.0]
C:\Projects\Hazina\src\Core\Agents\Hazina.AgentFactory\Services\Tools\ToolRegistrationService.cs(443,21): warning SA1503: Braces should not be omitted (https://github.com/DotNetAnalyzers/StyleCopAnalyzers/blob/master/documentation/SA1503.md) [C:\Projects\Hazina\src\Core\Agents\Hazina.AgentFactory\Hazina.AgentFactory.csproj::TargetFramework=net9.0]
C:\Projects\Hazina\src\Core\Agents\Hazina.AgentFactory\Services\Tools\ToolRegistrationService.cs(462,21): warning SA1503: Braces should not be omitted (https://github.com/DotNetAnalyzers/StyleCopAnalyzers/blob/master/documentation/SA1503.md) [C:\Projects\Hazina\src\Core\Agents\Hazina.AgentFactory\Hazina.AgentFactory.csproj::TargetFramework=net9.0]
C:\Projects\Hazina\src\Core\Agents\Hazina.AgentFactory\Services\Tools\ToolRegistrationService.cs(480,21): warning SA1503: Braces should not be omitted (https://github.com/DotNetAnalyzers/StyleCopAnalyzers/blob/master/documentation/SA1503.md) [C:\Projects\Hazina\src\Core\Agents\Hazina.AgentFactory\Hazina.AgentFactory.csproj::TargetFramework=net9.0]
C:\Projects\Hazina\src\Core\Agents\Hazina.AgentFactory\Services\Tools\ToolRegistrationService.cs(482,21): warning SA1503: Braces should not be omitted (https://github.com/DotNetAnalyzers/StyleCopAnalyzers/blob/master/documentation/SA1503.md) [C:\Projects\Hazina\src\Core\Agents\Hazina.AgentFactory\Hazina.AgentFactory.csproj::TargetFramework=net9.0]
C:\Projects\Hazina\src\Core\Agents\Hazina.AgentFactory\Services\Tools\ToolRegistrationService.cs(535,24): warning MA0004: Use Task.ConfigureAwait(false) if the current SynchronizationContext is not needed (https://github.com/meziantou/Meziantou.Analyzer/blob/main/docs/Rules/MA0004.md) [C:\Projects\Hazina\src\Core\Agents\Hazina.AgentFactory\Hazina.AgentFactory.csproj::TargetFramework=net9.0]
C:\Projects\Hazina\src\Core\Agents\Hazina.AgentFactory\Services\Tools\ToolRegistrationService.cs(554,24): warning MA0004: Use Task.ConfigureAwait(false) if the current SynchronizationContext is not needed (https://github.com/meziantou/Meziantou.Analyzer/blob/main/docs/Rules/MA0004.md) [C:\Projects\Hazina\src\Core\Agents\Hazina.AgentFactory\Hazina.AgentFactory.csproj::TargetFramework=net9.0]
C:\Projects\Hazina\src\Core\Agents\Hazina.AgentFactory\Services\Tools\ToolRegistrationService.cs(622,40): warning MA0004: Use Task.ConfigureAwait(false) if the current SynchronizationContext is not needed (https://github.com/meziantou/Meziantou.Analyzer/blob/main/docs/Rules/MA0004.md) [C:\Projects\Hazina\src\Core\Agents\Hazina.AgentFactory\Hazina.AgentFactory.csproj::TargetFramework=net9.0]
C:\Projects\Hazina\src\Core\Agents\Hazina.AgentFactory\Services\Email\EmailService.cs(179,13): warning CA1031: Modify 'EnumerateFoldersAsync' to catch a more specific allowed exception type, or rethrow the exception (https://learn.microsoft.com/dotnet/fundamentals/code-analysis/quality-rules/ca1031) [C:\Projects\Hazina\src\Core\Agents\Hazina.AgentFactory\Hazina.AgentFactory.csproj::TargetFramework=net9.0]
C:\Projects\Hazina\src\Core\Agents\Hazina.AgentFactory\Services\Tools\ToolRegistrationService.cs(428,75): warning CA1305: The behavior of 'int.Parse(string)' could vary based on the current user's locale settings. Replace this call in 'ToolRegistrationService.AddEmailTools(IToolsContext)' with a call to 'int.Parse(string, IFormatProvider)'. (https://learn.microsoft.com/dotnet/fundamentals/code-analysis/quality-rules/ca1305) [C:\Projects\Hazina\src\Core\Agents\Hazina.AgentFactory\Hazina.AgentFactory.csproj::TargetFramework=net9.0]
C:\Projects\Hazina\src\Core\Agents\Hazina.AgentFactory\Configuration\Validation\AgentConfigValidator.cs(198,32): warning CA1860: Prefer comparing 'Count' to 0 rather than using 'Any()', both for clarity and for performance (https://learn.microsoft.com/dotnet/fundamentals/code-analysis/quality-rules/ca1860) [C:\Projects\Hazina\src\Core\Agents\Hazina.AgentFactory\Hazina.AgentFactory.csproj::TargetFramework=net9.0]
C:\Projects\Hazina\src\Core\Agents\Hazina.AgentFactory\Services\Tools\ToolRegistrationService.cs(607,59): warning MA0006: Use string.Equals instead of Equals operator (https://github.com/meziantou/Meziantou.Analyzer/blob/main/docs/Rules/MA0006.md) [C:\Projects\Hazina\src\Core\Agents\Hazina.AgentFactory\Hazina.AgentFactory.csproj::TargetFramework=net9.0]
C:\Projects\Hazina\src\Core\Agents\Hazina.AgentFactory\Configuration\Validation\AgentConfigValidator.cs(205,30): warning MA0002: Use an overload that has a IEqualityComparer<string> or IComparer<string> parameter (https://github.com/meziantou/Meziantou.Analyzer/blob/main/docs/Rules/MA0002.md) [C:\Projects\Hazina\src\Core\Agents\Hazina.AgentFactory\Hazina.AgentFactory.csproj::TargetFramework=net9.0]
C:\Projects\Hazina\src\Core\Agents\Hazina.AgentFactory\Services\Tools\ToolRegistrationService.cs(407,34): warning MA0004: Use Task.ConfigureAwait(false) if the current SynchronizationContext is not needed (https://github.com/meziantou/Meziantou.Analyzer/blob/main/docs/Rules/MA0004.md) [C:\Projects\Hazina\src\Core\Agents\Hazina.AgentFactory\Hazina.AgentFactory.csproj::TargetFramework=net9.0]
C:\Projects\Hazina\src\Core\Agents\Hazina.AgentFactory\Services\Tools\ToolRegistrationService.cs(428,34): warning MA0004: Use Task.ConfigureAwait(false) if the current SynchronizationContext is not needed (https://github.com/meziantou/Meziantou.Analyzer/blob/main/docs/Rules/MA0004.md) [C:\Projects\Hazina\src\Core\Agents\Hazina.AgentFactory\Hazina.AgentFactory.csproj::TargetFramework=net9.0]
C:\Projects\Hazina\src\Core\Agents\Hazina.AgentFactory\Services\Tools\ToolRegistrationService.cs(447,33): warning MA0004: Use Task.ConfigureAwait(false) if the current SynchronizationContext is not needed (https://github.com/meziantou/Meziantou.Analyzer/blob/main/docs/Rules/MA0004.md) [C:\Projects\Hazina\src\Core\Agents\Hazina.AgentFactory\Hazina.AgentFactory.csproj::TargetFramework=net9.0]
C:\Projects\Hazina\src\Core\Agents\Hazina.AgentFactory\Services\Tools\ToolRegistrationService.cs(466,28): warning MA0004: Use Task.ConfigureAwait(false) if the current SynchronizationContext is not needed (https://github.com/meziantou/Meziantou.Analyzer/blob/main/docs/Rules/MA0004.md) [C:\Projects\Hazina\src\Core\Agents\Hazina.AgentFactory\Hazina.AgentFactory.csproj::TargetFramework=net9.0]
C:\Projects\Hazina\src\Core\Agents\Hazina.AgentFactory\Services\Tools\ToolRegistrationService.cs(486,28): warning MA0004: Use Task.ConfigureAwait(false) if the current SynchronizationContext is not needed (https://github.com/meziantou/Meziantou.Analyzer/blob/main/docs/Rules/MA0004.md) [C:\Projects\Hazina\src\Core\Agents\Hazina.AgentFactory\Hazina.AgentFactory.csproj::TargetFramework=net9.0]
C:\Projects\Hazina\src\Core\Agents\Hazina.AgentFactory\Services\Tools\ToolRegistrationService.cs(501,35): warning MA0004: Use Task.ConfigureAwait(false) if the current SynchronizationContext is not needed (https://github.com/meziantou/Meziantou.Analyzer/blob/main/docs/Rules/MA0004.md) [C:\Projects\Hazina\src\Core\Agents\Hazina.AgentFactory\Hazina.AgentFactory.csproj::TargetFramework=net9.0]
C:\Projects\Hazina\src\Core\Agents\Hazina.AgentFactory\Services\Tools\ToolRegistrationService.cs(428,75): warning MA0011: Use an overload of 'Parse' that has a 'System.IFormatProvider' parameter (https://github.com/meziantou/Meziantou.Analyzer/blob/main/docs/Rules/MA0011.md) [C:\Projects\Hazina\src\Core\Agents\Hazina.AgentFactory\Hazina.AgentFactory.csproj::TargetFramework=net9.0]
C:\Projects\Hazina\src\Core\Agents\Hazina.AgentFactory\Services\Tools\ToolRegistrationService.cs(410,17): warning CA1031: Modify 'AddEmailTools' to catch a more specific allowed exception type, or rethrow the exception (https://learn.microsoft.com/dotnet/fundamentals/code-analysis/quality-rules/ca1031) [C:\Projects\Hazina\src\Core\Agents\Hazina.AgentFactory\Hazina.AgentFactory.csproj::TargetFramework=net9.0]
C:\Projects\Hazina\src\Core\Agents\Hazina.AgentFactory\Services\Tools\ToolRegistrationService.cs(431,17): warning CA1031: Modify 'AddEmailTools' to catch a more specific allowed exception type, or rethrow the exception (https://learn.microsoft.com/dotnet/fundamentals/code-analysis/quality-rules/ca1031) [C:\Projects\Hazina\src\Core\Agents\Hazina.AgentFactory\Hazina.AgentFactory.csproj::TargetFramework=net9.0]
C:\Projects\Hazina\src\Core\Agents\Hazina.AgentFactory\Services\Tools\ToolRegistrationService.cs(450,17): warning CA1031: Modify 'AddEmailTools' to catch a more specific allowed exception type, or rethrow the exception (https://learn.microsoft.com/dotnet/fundamentals/code-analysis/quality-rules/ca1031) [C:\Projects\Hazina\src\Core\Agents\Hazina.AgentFactory\Hazina.AgentFactory.csproj::TargetFramework=net9.0]
C:\Projects\Hazina\src\Core\Agents\Hazina.AgentFactory\Services\Tools\ToolRegistrationService.cs(468,17): warning CA1031: Modify 'AddEmailTools' to catch a more specific allowed exception type, or rethrow the exception (https://learn.microsoft.com/dotnet/fundamentals/code-analysis/quality-rules/ca1031) [C:\Projects\Hazina\src\Core\Agents\Hazina.AgentFactory\Hazina.AgentFactory.csproj::TargetFramework=net9.0]
C:\Projects\Hazina\src\Core\Agents\Hazina.AgentFactory\Services\Tools\ToolRegistrationService.cs(488,17): warning CA1031: Modify 'AddEmailTools' to catch a more specific allowed exception type, or rethrow the exception (https://learn.microsoft.com/dotnet/fundamentals/code-analysis/quality-rules/ca1031) [C:\Projects\Hazina\src\Core\Agents\Hazina.AgentFactory\Hazina.AgentFactory.csproj::TargetFramework=net9.0]
C:\Projects\Hazina\src\Core\Agents\Hazina.AgentFactory\Services\Tools\ToolRegistrationService.cs(504,17): warning CA1031: Modify 'AddEmailTools' to catch a more specific allowed exception type, or rethrow the exception (https://learn.microsoft.com/dotnet/fundamentals/code-analysis/quality-rules/ca1031) [C:\Projects\Hazina\src\Core\Agents\Hazina.AgentFactory\Hazina.AgentFactory.csproj::TargetFramework=net9.0]
C:\Projects\Hazina\src\Core\Agents\Hazina.AgentFactory\Core\AgentFactory.cs(27,14): warning CA1724: The type name AgentFactory conflicts in whole or in part with the namespace name 'Hazina.AgentFactory'. Change either name to eliminate the conflict. (https://learn.microsoft.com/dotnet/fundamentals/code-analysis/quality-rules/ca1724) [C:\Projects\Hazina\src\Core\Agents\Hazina.AgentFactory\Hazina.AgentFactory.csproj::TargetFramework=net9.0]
C:\Projects\Hazina\src\Core\Agents\Hazina.AgentFactory\Services\Tools\ToolRegistrationService.cs(363,34): warning CA5400: HttpClient may be created without enabling CheckCertificateRevocationList (https://learn.microsoft.com/dotnet/fundamentals/code-analysis/quality-rules/ca5400) [C:\Projects\Hazina\src\Core\Agents\Hazina.AgentFactory\Hazina.AgentFactory.csproj::TargetFramework=net9.0]
C:\Projects\Hazina\src\Core\Agents\Hazina.Generator\Models\ModifyDocumentRequest.cs(1,14): warning CA1050: Declare types in namespaces (https://learn.microsoft.com/dotnet/fundamentals/code-analysis/quality-rules/ca1050) [C:\Projects\Hazina\src\Core\Agents\Hazina.Generator\Hazina.Generator.csproj::TargetFramework=net8.0]
C:\Projects\Hazina\src\Core\Agents\Hazina.Generator\Models\DeleteDocumentRequest.cs(1,14): warning CA1050: Declare types in namespaces (https://learn.microsoft.com/dotnet/fundamentals/code-analysis/quality-rules/ca1050) [C:\Projects\Hazina\src\Core\Agents\Hazina.Generator\Hazina.Generator.csproj::TargetFramework=net8.0]
C:\Projects\Hazina\src\Core\Agents\Hazina.Generator\Models\DeleteDocumentRequest.cs(6,14): warning CA1050: Declare types in namespaces (https://learn.microsoft.com/dotnet/fundamentals/code-analysis/quality-rules/ca1050) [C:\Projects\Hazina\src\Core\Agents\Hazina.Generator\Hazina.Generator.csproj::TargetFramework=net8.0]
C:\Projects\Hazina\src\Core\Agents\Hazina.Generator\Models\StoreSafetyPolicy.cs(6,14): warning CA1050: Declare types in namespaces (https://learn.microsoft.com/dotnet/fundamentals/code-analysis/quality-rules/ca1050) [C:\Projects\Hazina\src\Core\Agents\Hazina.Generator\Hazina.Generator.csproj::TargetFramework=net8.0]
C:\Projects\Hazina\src\Core\Agents\Hazina.Generator\Models\ModifyDocumentRequest.cs(1,14): warning MA0047: Declare type 'ModifyDocumentRequest' in a namespace (https://github.com/meziantou/Meziantou.Analyzer/blob/main/docs/Rules/MA0047.md) [C:\Projects\Hazina\src\Core\Agents\Hazina.Generator\Hazina.Generator.csproj::TargetFramework=net8.0]
C:\Projects\Hazina\src\Core\Agents\Hazina.Generator\Models\StoreSafetyPolicy.cs(6,14): warning MA0047: Declare type 'StoreSafetyPolicy' in a namespace (https://github.com/meziantou/Meziantou.Analyzer/blob/main/docs/Rules/MA0047.md) [C:\Projects\Hazina\src\Core\Agents\Hazina.Generator\Hazina.Generator.csproj::TargetFramework=net8.0]
C:\Projects\Hazina\src\Core\Agents\Hazina.Generator\Models\DeleteDocumentRequest.cs(6,14): warning MA0047: Declare type 'MoveDocumentRequest' in a namespace (https://github.com/meziantou/Meziantou.Analyzer/blob/main/docs/Rules/MA0047.md) [C:\Projects\Hazina\src\Core\Agents\Hazina.Generator\Hazina.Generator.csproj::TargetFramework=net8.0]
C:\Projects\Hazina\src\Core\Agents\Hazina.Generator\Models\DeleteDocumentRequest.cs(1,14): warning MA0047: Declare type 'DeleteDocumentRequest' in a namespace (https://github.com/meziantou/Meziantou.Analyzer/blob/main/docs/Rules/MA0047.md) [C:\Projects\Hazina\src\Core\Agents\Hazina.Generator\Hazina.Generator.csproj::TargetFramework=net8.0]
C:\Projects\Hazina\src\Core\Agents\Hazina.Generator\Models\DeleteDocumentRequest.cs(6,14): warning MA0048: File name must match type name (https://github.com/meziantou/Meziantou.Analyzer/blob/main/docs/Rules/MA0048.md) [C:\Projects\Hazina\src\Core\Agents\Hazina.Generator\Hazina.Generator.csproj::TargetFramework=net8.0]
C:\Projects\Hazina\src\Core\Agents\Hazina.Generator\Interfaces\IDocumentGenerator.cs(3,18): warning CA1050: Declare types in namespaces (https://learn.microsoft.com/dotnet/fundamentals/code-analysis/quality-rules/ca1050) [C:\Projects\Hazina\src\Core\Agents\Hazina.Generator\Hazina.Generator.csproj::TargetFramework=net8.0]
C:\Projects\Hazina\src\Core\Agents\Hazina.Generator\Core\DocumentGenerator.cs(3,1): warning SA1208: Using directive for 'System.Collections.Generic' should appear before directive for 'OpenAI.Chat' (https://github.com/DotNetAnalyzers/StyleCopAnalyzers/blob/master/documentation/SA1208.md) [C:\Projects\Hazina\src\Core\Agents\Hazina.Generator\Hazina.Generator.csproj::TargetFramework=net8.0]
C:\Projects\Hazina\src\Core\Agents\Hazina.Generator\Core\DocumentGenerator.cs(4,1): warning SA1208: Using directive for 'System.IO' should appear before directive for 'OpenAI.Chat' (https://github.com/DotNetAnalyzers/StyleCopAnalyzers/blob/master/documentation/SA1208.md) [C:\Projects\Hazina\src\Core\Agents\Hazina.Generator\Hazina.Generator.csproj::TargetFramework=net8.0]
C:\Projects\Hazina\src\Core\Agents\Hazina.Generator\Core\DocumentGenerator.cs(5,1): warning SA1208: Using directive for 'System.Security.Cryptography' should appear before directive for 'OpenAI.Chat' (https://github.com/DotNetAnalyzers/StyleCopAnalyzers/blob/master/documentation/SA1208.md) [C:\Projects\Hazina\src\Core\Agents\Hazina.Generator\Hazina.Generator.csproj::TargetFramework=net8.0]
C:\Projects\Hazina\src\Core\Agents\Hazina.Generator\Core\DocumentGenerator.cs(6,1): warning SA1208: Using directive for 'System.Text.Json' should appear before directive for 'OpenAI.Chat' (https://github.com/DotNetAnalyzers/StyleCopAnalyzers/blob/master/documentation/SA1208.md) [C:\Projects\Hazina\src\Core\Agents\Hazina.Generator\Hazina.Generator.csproj::TargetFramework=net8.0]
C:\Projects\Hazina\src\Core\Agents\Hazina.Generator\Core\DocumentGenerator.cs(7,1): warning SA1208: Using directive for 'System.Threading.Channels' should appear before directive for 'OpenAI.Chat' (https://github.com/DotNetAnalyzers/StyleCopAnalyzers/blob/master/documentation/SA1208.md) [C:\Projects\Hazina\src\Core\Agents\Hazina.Generator\Hazina.Generator.csproj::TargetFramework=net8.0]
C:\Projects\Hazina\src\Core\Agents\Hazina.Generator\Core\DocumentGenerator.cs(2,1): warning SA1210: Using directives should be ordered alphabetically by the namespaces (https://github.com/DotNetAnalyzers/StyleCopAnalyzers/blob/master/documentation/SA1210.md) [C:\Projects\Hazina\src\Core\Agents\Hazina.Generator\Hazina.Generator.csproj::TargetFramework=net8.0]
C:\Projects\Hazina\src\Core\Agents\Hazina.Generator\Interfaces\IDocumentGenerator.cs(3,18): warning MA0047: Declare type 'IDocumentGenerator' in a namespace (https://github.com/meziantou/Meziantou.Analyzer/blob/main/docs/Rules/MA0047.md) [C:\Projects\Hazina\src\Core\Agents\Hazina.Generator\Hazina.Generator.csproj::TargetFramework=net8.0]
C:\Projects\Hazina\src\Core\Agents\Hazina.Generator\Models\ModifyDocumentRequest.cs(1,14): warning S3903: Move 'ModifyDocumentRequest' into a named namespace. (https://rules.sonarsource.com/csharp/RSPEC-3903) [C:\Projects\Hazina\src\Core\Agents\Hazina.Generator\Hazina.Generator.csproj::TargetFramework=net8.0]
C:\Projects\Hazina\src\Core\Agents\Hazina.Generator\Core\DocumentGenerator.cs(18,5): warning S125: Remove this commented out code. (https://rules.sonarsource.com/csharp/RSPEC-125) [C:\Projects\Hazina\src\Core\Agents\Hazina.Generator\Hazina.Generator.csproj::TargetFramework=net8.0]
C:\Projects\Hazina\src\Core\Agents\Hazina.Generator\Models\StoreSafetyPolicyViolationException.cs(4,14): warning CA1032: Add the following constructor to StoreSafetyPolicyViolationException: public StoreSafetyPolicyViolationException() (https://learn.microsoft.com/dotnet/fundamentals/code-analysis/quality-rules/ca1032) [C:\Projects\Hazina\src\Core\Agents\Hazina.Generator\Hazina.Generator.csproj::TargetFramework=net8.0]
C:\Projects\Hazina\src\Core\Agents\Hazina.Generator\Core\DocumentGenerator.cs(44,9): warning S125: Remove this commented out code. (https://rules.sonarsource.com/csharp/RSPEC-125) [C:\Projects\Hazina\src\Core\Agents\Hazina.Generator\Hazina.Generator.csproj::TargetFramework=net8.0]
C:\Projects\Hazina\src\Core\Agents\Hazina.Generator\Core\DocumentGenerator.cs(56,9): warning S125: Remove this commented out code. (https://rules.sonarsource.com/csharp/RSPEC-125) [C:\Projects\Hazina\src\Core\Agents\Hazina.Generator\Hazina.Generator.csproj::TargetFramework=net8.0]
C:\Projects\Hazina\src\Core\Agents\Hazina.Generator\Models\StoreSafetyPolicyViolationException.cs(4,14): warning CA1050: Declare types in namespaces (https://learn.microsoft.com/dotnet/fundamentals/code-analysis/quality-rules/ca1050) [C:\Projects\Hazina\src\Core\Agents\Hazina.Generator\Hazina.Generator.csproj::TargetFramework=net8.0]
C:\Projects\Hazina\src\Core\Agents\Hazina.Generator\Models\ModifyDocumentRequest.cs(4,40): warning SA1122: Use string.Empty for empty strings (https://github.com/DotNetAnalyzers/StyleCopAnalyzers/blob/master/documentation/SA1122.md) [C:\Projects\Hazina\src\Core\Agents\Hazina.Generator\Hazina.Generator.csproj::TargetFramework=net8.0]
C:\Projects\Hazina\src\Core\Agents\Hazina.Generator\Models\ModifyDocumentRequest.cs(4,1): warning SA1516: Elements should be separated by blank line (https://github.com/DotNetAnalyzers/StyleCopAnalyzers/blob/master/documentation/SA1516.md) [C:\Projects\Hazina\src\Core\Agents\Hazina.Generator\Hazina.Generator.csproj::TargetFramework=net8.0]
C:\Projects\Hazina\src\Core\Agents\Hazina.Generator\Models\ModifyDocumentRequest.cs(5,1): warning SA1516: Elements should be separated by blank line (https://github.com/DotNetAnalyzers/StyleCopAnalyzers/blob/master/documentation/SA1516.md) [C:\Projects\Hazina\src\Core\Agents\Hazina.Generator\Hazina.Generator.csproj::TargetFramework=net8.0]
C:\Projects\Hazina\src\Core\Agents\Hazina.Generator\Models\StoreSafetyPolicyViolationException.cs(4,14): warning MA0047: Declare type 'StoreSafetyPolicyViolationException' in a namespace (https://github.com/meziantou/Meziantou.Analyzer/blob/main/docs/Rules/MA0047.md) [C:\Projects\Hazina\src\Core\Agents\Hazina.Generator\Hazina.Generator.csproj::TargetFramework=net8.0]
C:\Projects\Hazina\src\Core\Agents\Hazina.Generator\Models\ModifyDocumentRequest.cs(5,44): warning SA1122: Use string.Empty for empty strings (https://github.com/DotNetAnalyzers/StyleCopAnalyzers/blob/master/documentation/SA1122.md) [C:\Projects\Hazina\src\Core\Agents\Hazina.Generator\Hazina.Generator.csproj::TargetFramework=net8.0]
C:\Projects\Hazina\src\Core\Agents\Hazina.Generator\Core\DocumentGenerator.cs(113,9): warning S125: Remove this commented out code. (https://rules.sonarsource.com/csharp/RSPEC-125) [C:\Projects\Hazina\src\Core\Agents\Hazina.Generator\Hazina.Generator.csproj::TargetFramework=net8.0]
C:\Projects\Hazina\src\Core\Agents\Hazina.Generator\Models\StoreSafetyPolicyViolationException.cs(4,14): warning S3903: Move 'StoreSafetyPolicyViolationException' into a named namespace. (https://rules.sonarsource.com/csharp/RSPEC-3903) [C:\Projects\Hazina\src\Core\Agents\Hazina.Generator\Hazina.Generator.csproj::TargetFramework=net8.0]
C:\Projects\Hazina\src\Core\Agents\Hazina.Generator\Models\DeleteDocumentRequest.cs(1,14): warning S3903: Move 'DeleteDocumentRequest' into a named namespace. (https://rules.sonarsource.com/csharp/RSPEC-3903) [C:\Projects\Hazina\src\Core\Agents\Hazina.Generator\Hazina.Generator.csproj::TargetFramework=net8.0]
C:\Projects\Hazina\src\Core\Agents\Hazina.Generator\Interfaces\IDocumentGenerator.cs(3,18): warning S3903: Move 'IDocumentGenerator' into a named namespace. (https://rules.sonarsource.com/csharp/RSPEC-3903) [C:\Projects\Hazina\src\Core\Agents\Hazina.Generator\Hazina.Generator.csproj::TargetFramework=net8.0]
C:\Projects\Hazina\src\Core\Agents\Hazina.Generator\Models\DeleteDocumentRequest.cs(6,14): warning S3903: Move 'MoveDocumentRequest' into a named namespace. (https://rules.sonarsource.com/csharp/RSPEC-3903) [C:\Projects\Hazina\src\Core\Agents\Hazina.Generator\Hazina.Generator.csproj::TargetFramework=net8.0]
C:\Projects\Hazina\src\Core\Agents\Hazina.Generator\Interfaces\IDocumentGenerator.cs(5,31): warning S4136: All 'GetResponse' method overloads should be adjacent. (https://rules.sonarsource.com/csharp/RSPEC-4136) [C:\Projects\Hazina\src\Core\Agents\Hazina.Generator\Hazina.Generator.csproj::TargetFramework=net8.0]
C:\Projects\Hazina\src\Core\Agents\Hazina.Generator\Interfaces\IDocumentGenerator.cs(6,31): warning S4136: All 'StreamResponse' method overloads should be adjacent. (https://rules.sonarsource.com/csharp/RSPEC-4136) [C:\Projects\Hazina\src\Core\Agents\Hazina.Generator\Hazina.Generator.csproj::TargetFramework=net8.0]
C:\Projects\Hazina\src\Core\Agents\Hazina.Generator\Models\DeleteDocumentRequest.cs(9,1): warning SA1516: Elements should be separated by blank line (https://github.com/DotNetAnalyzers/StyleCopAnalyzers/blob/master/documentation/SA1516.md) [C:\Projects\Hazina\src\Core\Agents\Hazina.Generator\Hazina.Generator.csproj::TargetFramework=net8.0]
C:\Projects\Hazina\src\Core\Agents\Hazina.Generator\Interfaces\IDocumentGenerator.cs(6,1): warning SA1516: Elements should be separated by blank line (https://github.com/DotNetAnalyzers/StyleCopAnalyzers/blob/master/documentation/SA1516.md) [C:\Projects\Hazina\src\Core\Agents\Hazina.Generator\Hazina.Generator.csproj::TargetFramework=net8.0]
C:\Projects\Hazina\src\Core\Agents\Hazina.Generator\Interfaces\IDocumentGenerator.cs(7,1): warning SA1516: Elements should be separated by blank line (https://github.com/DotNetAnalyzers/StyleCopAnalyzers/blob/master/documentation/SA1516.md) [C:\Projects\Hazina\src\Core\Agents\Hazina.Generator\Hazina.Generator.csproj::TargetFramework=net8.0]
C:\Projects\Hazina\src\Core\Agents\Hazina.Generator\Interfaces\IDocumentGenerator.cs(8,1): warning SA1516: Elements should be separated by blank line (https://github.com/DotNetAnalyzers/StyleCopAnalyzers/blob/master/documentation/SA1516.md) [C:\Projects\Hazina\src\Core\Agents\Hazina.Generator\Hazina.Generator.csproj::TargetFramework=net8.0]
C:\Projects\Hazina\src\Core\Agents\Hazina.Generator\Interfaces\IDocumentGenerator.cs(9,1): warning SA1516: Elements should be separated by blank line (https://github.com/DotNetAnalyzers/StyleCopAnalyzers/blob/master/documentation/SA1516.md) [C:\Projects\Hazina\src\Core\Agents\Hazina.Generator\Hazina.Generator.csproj::TargetFramework=net8.0]
C:\Projects\Hazina\src\Core\Agents\Hazina.Generator\Interfaces\IDocumentGenerator.cs(10,1): warning SA1516: Elements should be separated by blank line (https://github.com/DotNetAnalyzers/StyleCopAnalyzers/blob/master/documentation/SA1516.md) [C:\Projects\Hazina\src\Core\Agents\Hazina.Generator\Hazina.Generator.csproj::TargetFramework=net8.0]
C:\Projects\Hazina\src\Core\Agents\Hazina.Generator\Models\ModifyDocumentRequest.cs(3,40): warning SA1122: Use string.Empty for empty strings (https://github.com/DotNetAnalyzers/StyleCopAnalyzers/blob/master/documentation/SA1122.md) [C:\Projects\Hazina\src\Core\Agents\Hazina.Generator\Hazina.Generator.csproj::TargetFramework=net8.0]
C:\Projects\Hazina\src\Core\Agents\Hazina.Generator\Models\StoreSafetyPolicyViolationException.cs(1,1): warning SA1514: Element documentation header should be preceded by blank line (https://github.com/DotNetAnalyzers/StyleCopAnalyzers/blob/master/documentation/SA1514.md) [C:\Projects\Hazina\src\Core\Agents\Hazina.Generator\Hazina.Generator.csproj::TargetFramework=net8.0]
C:\Projects\Hazina\src\Core\Agents\Hazina.Generator\Models\UpdateStoreResponse.cs(3,14): warning CA1050: Declare types in namespaces (https://learn.microsoft.com/dotnet/fundamentals/code-analysis/quality-rules/ca1050) [C:\Projects\Hazina\src\Core\Agents\Hazina.Generator\Hazina.Generator.csproj::TargetFramework=net8.0]
C:\Projects\Hazina\src\Core\Agents\Hazina.Generator\Models\UpdateStoreResponse.cs(5,39): warning CA2227: Change 'Moves' to be read-only by removing the property setter (https://learn.microsoft.com/dotnet/fundamentals/code-analysis/quality-rules/ca2227) [C:\Projects\Hazina\src\Core\Agents\Hazina.Generator\Hazina.Generator.csproj::TargetFramework=net8.0]
C:\Projects\Hazina\src\Core\Agents\Hazina.Generator\Models\UpdateStoreResponse.cs(5,39): warning CA1002: Change 'List<MoveDocumentRequest>' in 'UpdateStoreResponse.Moves' to use 'Collection<T>', 'ReadOnlyCollection<T>' or 'KeyedCollection<K,V>' (https://learn.microsoft.com/dotnet/fundamentals/code-analysis/quality-rules/ca1002) [C:\Projects\Hazina\src\Core\Agents\Hazina.Generator\Hazina.Generator.csproj::TargetFramework=net8.0]
C:\Projects\Hazina\src\Core\Agents\Hazina.Generator\Models\UpdateStoreResponse.cs(3,14): warning MA0047: Declare type 'UpdateStoreResponse' in a namespace (https://github.com/meziantou/Meziantou.Analyzer/blob/main/docs/Rules/MA0047.md) [C:\Projects\Hazina\src\Core\Agents\Hazina.Generator\Hazina.Generator.csproj::TargetFramework=net8.0]
C:\Projects\Hazina\src\Core\Agents\Hazina.Generator\Models\UpdateStoreResponse.cs(6,41): warning CA2227: Change 'Deletions' to be read-only by removing the property setter (https://learn.microsoft.com/dotnet/fundamentals/code-analysis/quality-rules/ca2227) [C:\Projects\Hazina\src\Core\Agents\Hazina.Generator\Hazina.Generator.csproj::TargetFramework=net8.0]
C:\Projects\Hazina\src\Core\Agents\Hazina.Generator\Models\UpdateStoreResponse.cs(6,41): warning CA1002: Change 'List<DeleteDocumentRequest>' in 'UpdateStoreResponse.Deletions' to use 'Collection<T>', 'ReadOnlyCollection<T>' or 'KeyedCollection<K,V>' (https://learn.microsoft.com/dotnet/fundamentals/code-analysis/quality-rules/ca1002) [C:\Projects\Hazina\src\Core\Agents\Hazina.Generator\Hazina.Generator.csproj::TargetFramework=net8.0]
C:\Projects\Hazina\src\Core\Agents\Hazina.Generator\Models\DeleteDocumentRequest.cs(3,40): warning SA1122: Use string.Empty for empty strings (https://github.com/DotNetAnalyzers/StyleCopAnalyzers/blob/master/documentation/SA1122.md) [C:\Projects\Hazina\src\Core\Agents\Hazina.Generator\Hazina.Generator.csproj::TargetFramework=net8.0]
C:\Projects\Hazina\src\Core\Agents\Hazina.Generator\Models\UpdateStoreResponse.cs(6,12): warning MA0016: Prefer using collection abstraction instead of implementation (https://github.com/meziantou/Meziantou.Analyzer/blob/main/docs/Rules/MA0016.md) [C:\Projects\Hazina\src\Core\Agents\Hazina.Generator\Hazina.Generator.csproj::TargetFramework=net8.0]
C:\Projects\Hazina\src\Core\Agents\Hazina.Generator\Models\UpdateStoreResponse.cs(7,41): warning CA2227: Change 'Modifications' to be read-only by removing the property setter (https://learn.microsoft.com/dotnet/fundamentals/code-analysis/quality-rules/ca2227) [C:\Projects\Hazina\src\Core\Agents\Hazina.Generator\Hazina.Generator.csproj::TargetFramework=net8.0]
C:\Projects\Hazina\src\Core\Agents\Hazina.Generator\Models\UpdateStoreResponse.cs(7,41): warning CA1002: Change 'List<ModifyDocumentRequest>' in 'UpdateStoreResponse.Modifications' to use 'Collection<T>', 'ReadOnlyCollection<T>' or 'KeyedCollection<K,V>' (https://learn.microsoft.com/dotnet/fundamentals/code-analysis/quality-rules/ca1002) [C:\Projects\Hazina\src\Core\Agents\Hazina.Generator\Hazina.Generator.csproj::TargetFramework=net8.0]
C:\Projects\Hazina\src\Core\Agents\Hazina.Generator\Models\UpdateStoreResponse.cs(7,12): warning MA0016: Prefer using collection abstraction instead of implementation (https://github.com/meziantou/Meziantou.Analyzer/blob/main/docs/Rules/MA0016.md) [C:\Projects\Hazina\src\Core\Agents\Hazina.Generator\Hazina.Generator.csproj::TargetFramework=net8.0]
C:\Projects\Hazina\src\Core\Agents\Hazina.Generator\Models\DeleteDocumentRequest.cs(8,40): warning SA1122: Use string.Empty for empty strings (https://github.com/DotNetAnalyzers/StyleCopAnalyzers/blob/master/documentation/SA1122.md) [C:\Projects\Hazina\src\Core\Agents\Hazina.Generator\Hazina.Generator.csproj::TargetFramework=net8.0]
C:\Projects\Hazina\src\Core\Agents\Hazina.Generator\Models\DeleteDocumentRequest.cs(9,43): warning SA1122: Use string.Empty for empty strings (https://github.com/DotNetAnalyzers/StyleCopAnalyzers/blob/master/documentation/SA1122.md) [C:\Projects\Hazina\src\Core\Agents\Hazina.Generator\Hazina.Generator.csproj::TargetFramework=net8.0]
C:\Projects\Hazina\src\Core\Agents\Hazina.Generator\Models\UpdateStoreResponse.cs(5,12): warning MA0016: Prefer using collection abstraction instead of implementation (https://github.com/meziantou/Meziantou.Analyzer/blob/main/docs/Rules/MA0016.md) [C:\Projects\Hazina\src\Core\Agents\Hazina.Generator\Hazina.Generator.csproj::TargetFramework=net8.0]
C:\Projects\Hazina\src\Core\Agents\Hazina.Generator\Models\UpdateStoreResponse.cs(3,14): warning S3903: Move 'UpdateStoreResponse' into a named namespace. (https://rules.sonarsource.com/csharp/RSPEC-3903) [C:\Projects\Hazina\src\Core\Agents\Hazina.Generator\Hazina.Generator.csproj::TargetFramework=net8.0]
C:\Projects\Hazina\src\Core\Agents\Hazina.Generator\Models\StoreSafetyPolicy.cs(6,14): warning S3903: Move 'StoreSafetyPolicy' into a named namespace. (https://rules.sonarsource.com/csharp/RSPEC-3903) [C:\Projects\Hazina\src\Core\Agents\Hazina.Generator\Hazina.Generator.csproj::TargetFramework=net8.0]
C:\Projects\Hazina\src\Core\Agents\Hazina.Generator\Models\StoreSafetyPolicy.cs(19,28): warning CA2227: Change 'AllowedExtensions' to be read-only by removing the property setter (https://learn.microsoft.com/dotnet/fundamentals/code-analysis/quality-rules/ca2227) [C:\Projects\Hazina\src\Core\Agents\Hazina.Generator\Hazina.Generator.csproj::TargetFramework=net8.0]
C:\Projects\Hazina\src\Core\Agents\Hazina.Generator\Core\DocumentGenerator.cs(1,1): warning SA1633: The file header is missing or not located at the top of the file. (https://github.com/DotNetAnalyzers/StyleCopAnalyzers/blob/master/documentation/SA1633.md) [C:\Projects\Hazina\src\Core\Agents\Hazina.Generator\Hazina.Generator.csproj::TargetFramework=net8.0]
C:\Projects\Hazina\src\Core\Agents\Hazina.Generator\Models\StoreSafetyPolicy.cs(19,12): warning MA0016: Prefer using collection abstraction instead of implementation (https://github.com/meziantou/Meziantou.Analyzer/blob/main/docs/Rules/MA0016.md) [C:\Projects\Hazina\src\Core\Agents\Hazina.Generator\Hazina.Generator.csproj::TargetFramework=net8.0]
C:\Projects\Hazina\src\Core\Agents\Hazina.Generator\Core\DocumentGenerator.cs(14,14): warning CA1050: Declare types in namespaces (https://learn.microsoft.com/dotnet/fundamentals/code-analysis/quality-rules/ca1050) [C:\Projects\Hazina\src\Core\Agents\Hazina.Generator\Hazina.Generator.csproj::TargetFramework=net8.0]
C:\Projects\Hazina\src\Core\Agents\Hazina.Generator\Core\DocumentGenerator.cs(179,1): warning SA1507: Code should not contain multiple blank lines in a row (https://github.com/DotNetAnalyzers/StyleCopAnalyzers/blob/master/documentation/SA1507.md) [C:\Projects\Hazina\src\Core\Agents\Hazina.Generator\Hazina.Generator.csproj::TargetFramework=net8.0]
C:\Projects\Hazina\src\Core\Agents\Hazina.Generator\Models\StoreSafetyPolicy.cs(12,17): warning SA1623: The property's documentation summary text should begin with: 'Gets or sets' (https://github.com/DotNetAnalyzers/StyleCopAnalyzers/blob/master/documentation/SA1623.md) [C:\Projects\Hazina\src\Core\Agents\Hazina.Generator\Hazina.Generator.csproj::TargetFramework=net8.0]
C:\Projects\Hazina\src\Core\Agents\Hazina.Generator\Models\UpdateStoreResponse.cs(8,51): warning SA1122: Use string.Empty for empty strings (https://github.com/DotNetAnalyzers/StyleCopAnalyzers/blob/master/documentation/SA1122.md) [C:\Projects\Hazina\src\Core\Agents\Hazina.Generator\Hazina.Generator.csproj::TargetFramework=net8.0]
C:\Projects\Hazina\src\Core\Agents\Hazina.Generator\Models\StoreSafetyPolicy.cs(31,17): warning SA1623: The property's documentation summary text should begin with: 'Gets or sets a value indicating whether' (https://github.com/DotNetAnalyzers/StyleCopAnalyzers/blob/master/documentation/SA1623.md) [C:\Projects\Hazina\src\Core\Agents\Hazina.Generator\Hazina.Generator.csproj::TargetFramework=net8.0]
C:\Projects\Hazina\src\Core\Agents\Hazina.Generator\Core\DocumentGenerator.cs(20,36): warning CA2227: Change 'BaseMessages' to be read-only by removing the property setter (https://learn.microsoft.com/dotnet/fundamentals/code-analysis/quality-rules/ca2227) [C:\Projects\Hazina\src\Core\Agents\Hazina.Generator\Hazina.Generator.csproj::TargetFramework=net8.0]
C:\Projects\Hazina\src\Core\Agents\Hazina.Generator\Core\DocumentGenerator.cs(20,36): warning CA1002: Change 'List<HazinaChatMessage>' in 'DocumentGenerator.BaseMessages' to use 'Collection<T>', 'ReadOnlyCollection<T>' or 'KeyedCollection<K,V>' (https://learn.microsoft.com/dotnet/fundamentals/code-analysis/quality-rules/ca1002) [C:\Projects\Hazina\src\Core\Agents\Hazina.Generator\Hazina.Generator.csproj::TargetFramework=net8.0]
C:\Projects\Hazina\src\Core\Agents\Hazina.Generator\Core\DocumentGenerator.cs(20,12): warning MA0016: Prefer using collection abstraction instead of implementation (https://github.com/meziantou/Meziantou.Analyzer/blob/main/docs/Rules/MA0016.md) [C:\Projects\Hazina\src\Core\Agents\Hazina.Generator\Hazina.Generator.csproj::TargetFramework=net8.0]
C:\Projects\Hazina\src\Core\Agents\Hazina.Generator\Core\DocumentGenerator.cs(17,36): warning CA2227: Change 'ReadonlyStores' to be read-only by removing the property setter (https://learn.microsoft.com/dotnet/fundamentals/code-analysis/quality-rules/ca2227) [C:\Projects\Hazina\src\Core\Agents\Hazina.Generator\Hazina.Generator.csproj::TargetFramework=net8.0]
C:\Projects\Hazina\src\Core\Agents\Hazina.Generator\Core\DocumentGenerator.cs(17,36): warning CA1002: Change 'List<IDocumentStore>' in 'DocumentGenerator.ReadonlyStores' to use 'Collection<T>', 'ReadOnlyCollection<T>' or 'KeyedCollection<K,V>' (https://learn.microsoft.com/dotnet/fundamentals/code-analysis/quality-rules/ca1002) [C:\Projects\Hazina\src\Core\Agents\Hazina.Generator\Hazina.Generator.csproj::TargetFramework=net8.0]
C:\Projects\Hazina\src\Core\Agents\Hazina.Generator\Core\DocumentGenerator.cs(14,14): warning MA0047: Declare type 'DocumentGenerator' in a namespace (https://github.com/meziantou/Meziantou.Analyzer/blob/main/docs/Rules/MA0047.md) [C:\Projects\Hazina\src\Core\Agents\Hazina.Generator\Hazina.Generator.csproj::TargetFramework=net8.0]
C:\Projects\Hazina\src\Core\Agents\Hazina.Generator\Core\DocumentGenerator.cs(17,15): warning MA0016: Prefer using collection abstraction instead of implementation (https://github.com/meziantou/Meziantou.Analyzer/blob/main/docs/Rules/MA0016.md) [C:\Projects\Hazina\src\Core\Agents\Hazina.Generator\Hazina.Generator.csproj::TargetFramework=net8.0]
C:\Projects\Hazina\src\Core\Agents\Hazina.Generator\Models\StoreSafetyPolicy.cs(19,28): warning SA1623: The property's documentation summary text should begin with: 'Gets or sets' (https://github.com/DotNetAnalyzers/StyleCopAnalyzers/blob/master/documentation/SA1623.md) [C:\Projects\Hazina\src\Core\Agents\Hazina.Generator\Hazina.Generator.csproj::TargetFramework=net8.0]
C:\Projects\Hazina\src\Core\Agents\Hazina.Generator\Models\UpdateStoreResponse.cs(6,1): warning SA1516: Elements should be separated by blank line (https://github.com/DotNetAnalyzers/StyleCopAnalyzers/blob/master/documentation/SA1516.md) [C:\Projects\Hazina\src\Core\Agents\Hazina.Generator\Hazina.Generator.csproj::TargetFramework=net8.0]
C:\Projects\Hazina\src\Core\Agents\Hazina.Generator\Models\UpdateStoreResponse.cs(7,1): warning SA1516: Elements should be separated by blank line (https://github.com/DotNetAnalyzers/StyleCopAnalyzers/blob/master/documentation/SA1516.md) [C:\Projects\Hazina\src\Core\Agents\Hazina.Generator\Hazina.Generator.csproj::TargetFramework=net8.0]
C:\Projects\Hazina\src\Core\Agents\Hazina.Generator\Models\StoreSafetyPolicy.cs(1,1): warning SA1514: Element documentation header should be preceded by blank line (https://github.com/DotNetAnalyzers/StyleCopAnalyzers/blob/master/documentation/SA1514.md) [C:\Projects\Hazina\src\Core\Agents\Hazina.Generator\Hazina.Generator.csproj::TargetFramework=net8.0]
C:\Projects\Hazina\src\Core\Agents\Hazina.Generator\Models\UpdateStoreResponse.cs(8,1): warning SA1516: Elements should be separated by blank line (https://github.com/DotNetAnalyzers/StyleCopAnalyzers/blob/master/documentation/SA1516.md) [C:\Projects\Hazina\src\Core\Agents\Hazina.Generator\Hazina.Generator.csproj::TargetFramework=net8.0]
C:\Projects\Hazina\src\Core\Agents\Hazina.Generator\Core\DocumentGenerator.cs(134,9): warning SA1512: Single-line comments should not be followed by blank line (https://github.com/DotNetAnalyzers/StyleCopAnalyzers/blob/master/documentation/SA1512.md) [C:\Projects\Hazina\src\Core\Agents\Hazina.Generator\Hazina.Generator.csproj::TargetFramework=net8.0]
C:\Projects\Hazina\src\Core\Agents\Hazina.Generator\Interfaces\IDocumentGenerator.cs(6,31): warning CA1068: Method 'IDocumentGenerator.StreamResponse(string, System.Threading.CancellationToken, System.Action<string>, System.Collections.Generic.IEnumerable<HazinaChatMessage>?, bool, bool, Hazina.LLMs.IToolsContext, System.Collections.Generic.List<ImageData>)' should take CancellationToken as the last parameter (https://learn.microsoft.com/dotnet/fundamentals/code-analysis/quality-rules/ca1068) [C:\Projects\Hazina\src\Core\Agents\Hazina.Generator\Hazina.Generator.csproj::TargetFramework=net8.0]
C:\Projects\Hazina\src\Core\Agents\Hazina.Generator\Core\DocumentGenerator.cs(166,14): warning SA1513: Closing brace should be followed by blank line (https://github.com/DotNetAnalyzers/StyleCopAnalyzers/blob/master/documentation/SA1513.md) [C:\Projects\Hazina\src\Core\Agents\Hazina.Generator\Hazina.Generator.csproj::TargetFramework=net8.0]
C:\Projects\Hazina\src\Core\Agents\Hazina.Generator\Core\DocumentGenerator.cs(171,14): warning SA1513: Closing brace should be followed by blank line (https://github.com/DotNetAnalyzers/StyleCopAnalyzers/blob/master/documentation/SA1513.md) [C:\Projects\Hazina\src\Core\Agents\Hazina.Generator\Hazina.Generator.csproj::TargetFramework=net8.0]
C:\Projects\Hazina\src\Core\Agents\Hazina.Generator\Interfaces\IDocumentGenerator.cs(6,250): warning CA1002: Change 'List<ImageData>' in 'IDocumentGenerator.StreamResponse(string, CancellationToken, Action<string>, IEnumerable<HazinaChatMessage>, bool, bool, IToolsContext, List<ImageData>)' to use 'Collection<T>', 'ReadOnlyCollection<T>' or 'KeyedCollection<K,V>' (https://learn.microsoft.com/dotnet/fundamentals/code-analysis/quality-rules/ca1002) [C:\Projects\Hazina\src\Core\Agents\Hazina.Generator\Hazina.Generator.csproj::TargetFramework=net8.0]
C:\Projects\Hazina\src\Core\Agents\Hazina.Generator\Core\DocumentGenerator.cs(203,14): warning SA1513: Closing brace should be followed by blank line (https://github.com/DotNetAnalyzers/StyleCopAnalyzers/blob/master/documentation/SA1513.md) [C:\Projects\Hazina\src\Core\Agents\Hazina.Generator\Hazina.Generator.csproj::TargetFramework=net8.0]
C:\Projects\Hazina\src\Core\Agents\Hazina.Generator\Interfaces\IDocumentGenerator.cs(7,38): warning CA1068: Method 'IDocumentGenerator.GetResponse<ResponseType>(string, System.Threading.CancellationToken, System.Collections.Generic.IEnumerable<HazinaChatMessage>?, bool, bool, Hazina.LLMs.IToolsContext, System.Collections.Generic.List<ImageData>)' should take CancellationToken as the last parameter (https://learn.microsoft.com/dotnet/fundamentals/code-analysis/quality-rules/ca1068) [C:\Projects\Hazina\src\Core\Agents\Hazina.Generator\Hazina.Generator.csproj::TargetFramework=net8.0]
C:\Projects\Hazina\src\Core\Agents\Hazina.Generator\Core\DocumentGenerator.cs(210,10): warning SA1513: Closing brace should be followed by blank line (https://github.com/DotNetAnalyzers/StyleCopAnalyzers/blob/master/documentation/SA1513.md) [C:\Projects\Hazina\src\Core\Agents\Hazina.Generator\Hazina.Generator.csproj::TargetFramework=net8.0]
C:\Projects\Hazina\src\Core\Agents\Hazina.Generator\Core\DocumentGenerator.cs(216,10): warning SA1513: Closing brace should be followed by blank line (https://github.com/DotNetAnalyzers/StyleCopAnalyzers/blob/master/documentation/SA1513.md) [C:\Projects\Hazina\src\Core\Agents\Hazina.Generator\Hazina.Generator.csproj::TargetFramework=net8.0]
C:\Projects\Hazina\src\Core\Agents\Hazina.Generator\Core\DocumentGenerator.cs(223,10): warning SA1513: Closing brace should be followed by blank line (https://github.com/DotNetAnalyzers/StyleCopAnalyzers/blob/master/documentation/SA1513.md) [C:\Projects\Hazina\src\Core\Agents\Hazina.Generator\Hazina.Generator.csproj::TargetFramework=net8.0]
C:\Projects\Hazina\src\Core\Agents\Hazina.Generator\Interfaces\IDocumentGenerator.cs(7,236): warning CA1002: Change 'List<ImageData>' in 'IDocumentGenerator.GetResponse<ResponseType>(string, CancellationToken, IEnumerable<HazinaChatMessage>, bool, bool, IToolsContext, List<ImageData>)' to use 'Collection<T>', 'ReadOnlyCollection<T>' or 'KeyedCollection<K,V>' (https://learn.microsoft.com/dotnet/fundamentals/code-analysis/quality-rules/ca1002) [C:\Projects\Hazina\src\Core\Agents\Hazina.Generator\Hazina.Generator.csproj::TargetFramework=net8.0]
C:\Projects\Hazina\src\Core\Agents\Hazina.Generator\Core\DocumentGenerator.cs(18,5): warning SA1515: Single-line comment should be preceded by blank line (https://github.com/DotNetAnalyzers/StyleCopAnalyzers/blob/master/documentation/SA1515.md) [C:\Projects\Hazina\src\Core\Agents\Hazina.Generator\Hazina.Generator.csproj::TargetFramework=net8.0]
C:\Projects\Hazina\src\Core\Agents\Hazina.Generator\Interfaces\IDocumentGenerator.cs(7,50): warning CA1715: Prefix generic type parameter name ResponseType with 'T' (https://learn.microsoft.com/dotnet/fundamentals/code-analysis/quality-rules/ca1715) [C:\Projects\Hazina\src\Core\Agents\Hazina.Generator\Hazina.Generator.csproj::TargetFramework=net8.0]
C:\Projects\Hazina\src\Core\Agents\Hazina.Generator\Core\DocumentGenerator.cs(44,9): warning SA1515: Single-line comment should be preceded by blank line (https://github.com/DotNetAnalyzers/StyleCopAnalyzers/blob/master/documentation/SA1515.md) [C:\Projects\Hazina\src\Core\Agents\Hazina.Generator\Hazina.Generator.csproj::TargetFramework=net8.0]
C:\Projects\Hazina\src\Core\Agents\Hazina.Generator\Core\DocumentGenerator.cs(56,9): warning SA1515: Single-line comment should be preceded by blank line (https://github.com/DotNetAnalyzers/StyleCopAnalyzers/blob/master/documentation/SA1515.md) [C:\Projects\Hazina\src\Core\Agents\Hazina.Generator\Hazina.Generator.csproj::TargetFramework=net8.0]
C:\Projects\Hazina\src\Core\Agents\Hazina.Generator\Interfaces\IDocumentGenerator.cs(8,38): warning CA1068: Method 'IDocumentGenerator.StreamResponse<ResponseType>(string, System.Threading.CancellationToken, System.Action<string>, System.Collections.Generic.IEnumerable<HazinaChatMessage>?, bool, bool, Hazina.LLMs.IToolsContext, System.Collections.Generic.List<ImageData>)' should take CancellationToken as the last parameter (https://learn.microsoft.com/dotnet/fundamentals/code-analysis/quality-rules/ca1068) [C:\Projects\Hazina\src\Core\Agents\Hazina.Generator\Hazina.Generator.csproj::TargetFramework=net8.0]
C:\Projects\Hazina\src\Core\Agents\Hazina.Generator\Interfaces\IDocumentGenerator.cs(8,271): warning CA1002: Change 'List<ImageData>' in 'IDocumentGenerator.StreamResponse<ResponseType>(string, CancellationToken, Action<string>, IEnumerable<HazinaChatMessage>, bool, bool, IToolsContext, List<ImageData>)' to use 'Collection<T>', 'ReadOnlyCollection<T>' or 'KeyedCollection<K,V>' (https://learn.microsoft.com/dotnet/fundamentals/code-analysis/quality-rules/ca1002) [C:\Projects\Hazina\src\Core\Agents\Hazina.Generator\Hazina.Generator.csproj::TargetFramework=net8.0]
C:\Projects\Hazina\src\Core\Agents\Hazina.Generator\Interfaces\IDocumentGenerator.cs(8,53): warning CA1715: Prefix generic type parameter name ResponseType with 'T' (https://learn.microsoft.com/dotnet/fundamentals/code-analysis/quality-rules/ca1715) [C:\Projects\Hazina\src\Core\Agents\Hazina.Generator\Hazina.Generator.csproj::TargetFramework=net8.0]
C:\Projects\Hazina\src\Core\Agents\Hazina.Generator\Interfaces\IDocumentGenerator.cs(7,220): warning MA0016: Prefer using collection abstraction instead of implementation (https://github.com/meziantou/Meziantou.Analyzer/blob/main/docs/Rules/MA0016.md) [C:\Projects\Hazina\src\Core\Agents\Hazina.Generator\Hazina.Generator.csproj::TargetFramework=net8.0]
C:\Projects\Hazina\src\Core\Agents\Hazina.Generator\Interfaces\IDocumentGenerator.cs(9,31): warning CA1068: Method 'IDocumentGenerator.UpdateStore(string, System.Threading.CancellationToken, System.Collections.Generic.IEnumerable<HazinaChatMessage>?, bool, bool, Hazina.LLMs.IToolsContext, System.Collections.Generic.List<ImageData>)' should take CancellationToken as the last parameter (https://learn.microsoft.com/dotnet/fundamentals/code-analysis/quality-rules/ca1068) [C:\Projects\Hazina\src\Core\Agents\Hazina.Generator\Hazina.Generator.csproj::TargetFramework=net8.0]
C:\Projects\Hazina\src\Core\Agents\Hazina.Generator\Interfaces\IDocumentGenerator.cs(8,255): warning MA0016: Prefer using collection abstraction instead of implementation (https://github.com/meziantou/Meziantou.Analyzer/blob/main/docs/Rules/MA0016.md) [C:\Projects\Hazina\src\Core\Agents\Hazina.Generator\Hazina.Generator.csproj::TargetFramework=net8.0]
C:\Projects\Hazina\src\Core\Agents\Hazina.Generator\Interfaces\IDocumentGenerator.cs(9,215): warning CA1002: Change 'List<ImageData>' in 'IDocumentGenerator.UpdateStore(string, CancellationToken, IEnumerable<HazinaChatMessage>, bool, bool, IToolsContext, List<ImageData>)' to use 'Collection<T>', 'ReadOnlyCollection<T>' or 'KeyedCollection<K,V>' (https://learn.microsoft.com/dotnet/fundamentals/code-analysis/quality-rules/ca1002) [C:\Projects\Hazina\src\Core\Agents\Hazina.Generator\Hazina.Generator.csproj::TargetFramework=net8.0]
C:\Projects\Hazina\src\Core\Agents\Hazina.Generator\Core\DocumentGenerator.cs(30,29): warning CA1051: Do not declare visible instance fields (https://learn.microsoft.com/dotnet/fundamentals/code-analysis/quality-rules/ca1051) [C:\Projects\Hazina\src\Core\Agents\Hazina.Generator\Hazina.Generator.csproj::TargetFramework=net8.0]
C:\Projects\Hazina\src\Core\Agents\Hazina.Generator\Interfaces\IDocumentGenerator.cs(9,199): warning MA0016: Prefer using collection abstraction instead of implementation (https://github.com/meziantou/Meziantou.Analyzer/blob/main/docs/Rules/MA0016.md) [C:\Projects\Hazina\src\Core\Agents\Hazina.Generator\Hazina.Generator.csproj::TargetFramework=net8.0]
C:\Projects\Hazina\src\Core\Agents\Hazina.Generator\Core\DocumentGenerator.cs(30,29): warning SA1401: Field should be private (https://github.com/DotNetAnalyzers/StyleCopAnalyzers/blob/master/documentation/SA1401.md) [C:\Projects\Hazina\src\Core\Agents\Hazina.Generator\Hazina.Generator.csproj::TargetFramework=net8.0]
C:\Projects\Hazina\src\Core\Agents\Hazina.Generator\Interfaces\IDocumentGenerator.cs(10,31): warning CA1068: Method 'IDocumentGenerator.StreamUpdateStore(string, System.Threading.CancellationToken, System.Action<string>, System.Collections.Generic.IEnumerable<HazinaChatMessage>?, bool, bool, Hazina.LLMs.IToolsContext, System.Collections.Generic.List<ImageData>)' should take CancellationToken as the last parameter (https://learn.microsoft.com/dotnet/fundamentals/code-analysis/quality-rules/ca1068) [C:\Projects\Hazina\src\Core\Agents\Hazina.Generator\Hazina.Generator.csproj::TargetFramework=net8.0]
C:\Projects\Hazina\src\Core\Agents\Hazina.Generator\Interfaces\IDocumentGenerator.cs(10,253): warning CA1002: Change 'List<ImageData>' in 'IDocumentGenerator.StreamUpdateStore(string, CancellationToken, Action<string>, IEnumerable<HazinaChatMessage>, bool, bool, IToolsContext, List<ImageData>)' to use 'Collection<T>', 'ReadOnlyCollection<T>' or 'KeyedCollection<K,V>' (https://learn.microsoft.com/dotnet/fundamentals/code-analysis/quality-rules/ca1002) [C:\Projects\Hazina\src\Core\Agents\Hazina.Generator\Hazina.Generator.csproj::TargetFramework=net8.0]
C:\Projects\Hazina\src\Core\Agents\Hazina.Generator\Interfaces\IDocumentGenerator.cs(5,31): warning CA1068: Method 'IDocumentGenerator.GetResponse(string, System.Threading.CancellationToken, System.Collections.Generic.IEnumerable<HazinaChatMessage>?, bool, bool, Hazina.LLMs.IToolsContext, System.Collections.Generic.List<ImageData>)' should take CancellationToken as the last parameter (https://learn.microsoft.com/dotnet/fundamentals/code-analysis/quality-rules/ca1068) [C:\Projects\Hazina\src\Core\Agents\Hazina.Generator\Hazina.Generator.csproj::TargetFramework=net8.0]
C:\Projects\Hazina\src\Core\Agents\Hazina.Generator\Interfaces\IDocumentGenerator.cs(5,215): warning CA1002: Change 'List<ImageData>' in 'IDocumentGenerator.GetResponse(string, CancellationToken, IEnumerable<HazinaChatMessage>, bool, bool, IToolsContext, List<ImageData>)' to use 'Collection<T>', 'ReadOnlyCollection<T>' or 'KeyedCollection<K,V>' (https://learn.microsoft.com/dotnet/fundamentals/code-analysis/quality-rules/ca1002) [C:\Projects\Hazina\src\Core\Agents\Hazina.Generator\Hazina.Generator.csproj::TargetFramework=net8.0]
C:\Projects\Hazina\src\Core\Agents\Hazina.Generator\Core\DocumentGenerator.cs(28,30): warning SA1623: The property's documentation summary text should begin with: 'Gets or sets' (https://github.com/DotNetAnalyzers/StyleCopAnalyzers/blob/master/documentation/SA1623.md) [C:\Projects\Hazina\src\Core\Agents\Hazina.Generator\Hazina.Generator.csproj::TargetFramework=net8.0]
C:\Projects\Hazina\src\Core\Agents\Hazina.Generator\Core\DocumentGenerator.cs(30,29): warning S1104: Make this field 'private' and encapsulate it in a 'public' property. (https://rules.sonarsource.com/csharp/RSPEC-1104) [C:\Projects\Hazina\src\Core\Agents\Hazina.Generator\Hazina.Generator.csproj::TargetFramework=net8.0]
C:\Projects\Hazina\src\Core\Agents\Hazina.Generator\Interfaces\IDocumentGenerator.cs(5,199): warning MA0016: Prefer using collection abstraction instead of implementation (https://github.com/meziantou/Meziantou.Analyzer/blob/main/docs/Rules/MA0016.md) [C:\Projects\Hazina\src\Core\Agents\Hazina.Generator\Hazina.Generator.csproj::TargetFramework=net8.0]
C:\Projects\Hazina\src\Core\Agents\Hazina.Generator\Interfaces\IDocumentGenerator.cs(6,234): warning MA0016: Prefer using collection abstraction instead of implementation (https://github.com/meziantou/Meziantou.Analyzer/blob/main/docs/Rules/MA0016.md) [C:\Projects\Hazina\src\Core\Agents\Hazina.Generator\Hazina.Generator.csproj::TargetFramework=net8.0]
C:\Projects\Hazina\src\Core\Agents\Hazina.Generator\Interfaces\IDocumentGenerator.cs(7,50): warning SA1314: Type parameter names should begin with T (https://github.com/DotNetAnalyzers/StyleCopAnalyzers/blob/master/documentation/SA1314.md) [C:\Projects\Hazina\src\Core\Agents\Hazina.Generator\Hazina.Generator.csproj::TargetFramework=net8.0]
C:\Projects\Hazina\src\Core\Agents\Hazina.Generator\Interfaces\IDocumentGenerator.cs(7,244): warning SA1127: Generic type constraints should be on their own line (https://github.com/DotNetAnalyzers/StyleCopAnalyzers/blob/master/documentation/SA1127.md) [C:\Projects\Hazina\src\Core\Agents\Hazina.Generator\Hazina.Generator.csproj::TargetFramework=net8.0]
C:\Projects\Hazina\src\Core\Agents\Hazina.Generator\Interfaces\IDocumentGenerator.cs(10,237): warning MA0016: Prefer using collection abstraction instead of implementation (https://github.com/meziantou/Meziantou.Analyzer/blob/main/docs/Rules/MA0016.md) [C:\Projects\Hazina\src\Core\Agents\Hazina.Generator\Hazina.Generator.csproj::TargetFramework=net8.0]
C:\Projects\Hazina\src\Core\Agents\Hazina.Generator\Interfaces\IDocumentGenerator.cs(8,53): warning SA1314: Type parameter names should begin with T (https://github.com/DotNetAnalyzers/StyleCopAnalyzers/blob/master/documentation/SA1314.md) [C:\Projects\Hazina\src\Core\Agents\Hazina.Generator\Hazina.Generator.csproj::TargetFramework=net8.0]
C:\Projects\Hazina\src\Core\Agents\Hazina.Generator\Interfaces\IDocumentGenerator.cs(8,279): warning SA1127: Generic type constraints should be on their own line (https://github.com/DotNetAnalyzers/StyleCopAnalyzers/blob/master/documentation/SA1127.md) [C:\Projects\Hazina\src\Core\Agents\Hazina.Generator\Hazina.Generator.csproj::TargetFramework=net8.0]
C:\Projects\Hazina\src\Core\Agents\Hazina.Generator\Core\DocumentGenerator.cs(189,9): warning SA1000: The keyword 'if' should be followed by a space (https://github.com/DotNetAnalyzers/StyleCopAnalyzers/blob/master/documentation/SA1000.md) [C:\Projects\Hazina\src\Core\Agents\Hazina.Generator\Hazina.Generator.csproj::TargetFramework=net8.0]
C:\Projects\Hazina\src\Core\Agents\Hazina.Generator\Core\DocumentGenerator.cs(200,13): warning SA1000: The keyword 'foreach' should be followed by a space (https://github.com/DotNetAnalyzers/StyleCopAnalyzers/blob/master/documentation/SA1000.md) [C:\Projects\Hazina\src\Core\Agents\Hazina.Generator\Hazina.Generator.csproj::TargetFramework=net8.0]
C:\Projects\Hazina\src\Core\Agents\Hazina.Generator\Core\DocumentGenerator.cs(218,9): warning SA1000: The keyword 'if' should be followed by a space (https://github.com/DotNetAnalyzers/StyleCopAnalyzers/blob/master/documentation/SA1000.md) [C:\Projects\Hazina\src\Core\Agents\Hazina.Generator\Hazina.Generator.csproj::TargetFramework=net8.0]
C:\Projects\Hazina\src\Core\Agents\Hazina.Generator\Core\DocumentGenerator.cs(14,14): warning S3903: Move 'DocumentGenerator' into a named namespace. (https://rules.sonarsource.com/csharp/RSPEC-3903) [C:\Projects\Hazina\src\Core\Agents\Hazina.Generator\Hazina.Generator.csproj::TargetFramework=net8.0]
C:\Projects\Hazina\src\Core\Agents\Hazina.Generator\Core\DocumentGenerator.cs(61,44): warning S4136: All 'GetResponse' method overloads should be adjacent. (https://rules.sonarsource.com/csharp/RSPEC-4136) [C:\Projects\Hazina\src\Core\Agents\Hazina.Generator\Hazina.Generator.csproj::TargetFramework=net8.0]
C:\Projects\Hazina\src\Core\Agents\Hazina.Generator\Core\DocumentGenerator.cs(73,44): warning S4136: All 'StreamResponse' method overloads should be adjacent. (https://rules.sonarsource.com/csharp/RSPEC-4136) [C:\Projects\Hazina\src\Core\Agents\Hazina.Generator\Hazina.Generator.csproj::TargetFramework=net8.0]
C:\Projects\Hazina\src\Core\Agents\Hazina.Generator\Core\DocumentGenerator.cs(18,5): warning SA1005: Single line comment should begin with a space (https://github.com/DotNetAnalyzers/StyleCopAnalyzers/blob/master/documentation/SA1005.md) [C:\Projects\Hazina\src\Core\Agents\Hazina.Generator\Hazina.Generator.csproj::TargetFramework=net8.0]
C:\Projects\Hazina\src\Core\Agents\Hazina.Generator\Core\DocumentGenerator.cs(19,5): warning SA1005: Single line comment should begin with a space (https://github.com/DotNetAnalyzers/StyleCopAnalyzers/blob/master/documentation/SA1005.md) [C:\Projects\Hazina\src\Core\Agents\Hazina.Generator\Hazina.Generator.csproj::TargetFramework=net8.0]
C:\Projects\Hazina\src\Core\Agents\Hazina.Generator\Core\DocumentGenerator.cs(44,9): warning SA1005: Single line comment should begin with a space (https://github.com/DotNetAnalyzers/StyleCopAnalyzers/blob/master/documentation/SA1005.md) [C:\Projects\Hazina\src\Core\Agents\Hazina.Generator\Hazina.Generator.csproj::TargetFramework=net8.0]
C:\Projects\Hazina\src\Core\Agents\Hazina.Generator\Core\DocumentGenerator.cs(45,9): warning SA1005: Single line comment should begin with a space (https://github.com/DotNetAnalyzers/StyleCopAnalyzers/blob/master/documentation/SA1005.md) [C:\Projects\Hazina\src\Core\Agents\Hazina.Generator\Hazina.Generator.csproj::TargetFramework=net8.0]
C:\Projects\Hazina\src\Core\Agents\Hazina.Generator\Core\DocumentGenerator.cs(56,9): warning SA1005: Single line comment should begin with a space (https://github.com/DotNetAnalyzers/StyleCopAnalyzers/blob/master/documentation/SA1005.md) [C:\Projects\Hazina\src\Core\Agents\Hazina.Generator\Hazina.Generator.csproj::TargetFramework=net8.0]
C:\Projects\Hazina\src\Core\Agents\Hazina.Generator\Core\DocumentGenerator.cs(57,9): warning SA1005: Single line comment should begin with a space (https://github.com/DotNetAnalyzers/StyleCopAnalyzers/blob/master/documentation/SA1005.md) [C:\Projects\Hazina\src\Core\Agents\Hazina.Generator\Hazina.Generator.csproj::TargetFramework=net8.0]
C:\Projects\Hazina\src\Core\Agents\Hazina.Generator\Core\DocumentGenerator.cs(58,9): warning SA1005: Single line comment should begin with a space (https://github.com/DotNetAnalyzers/StyleCopAnalyzers/blob/master/documentation/SA1005.md) [C:\Projects\Hazina\src\Core\Agents\Hazina.Generator\Hazina.Generator.csproj::TargetFramework=net8.0]
C:\Projects\Hazina\src\Core\Agents\Hazina.Generator\Core\DocumentGenerator.cs(113,9): warning SA1005: Single line comment should begin with a space (https://github.com/DotNetAnalyzers/StyleCopAnalyzers/blob/master/documentation/SA1005.md) [C:\Projects\Hazina\src\Core\Agents\Hazina.Generator\Hazina.Generator.csproj::TargetFramework=net8.0]
C:\Projects\Hazina\src\Core\Agents\Hazina.Generator\Core\DocumentGenerator.cs(133,9): warning SA1005: Single line comment should begin with a space (https://github.com/DotNetAnalyzers/StyleCopAnalyzers/blob/master/documentation/SA1005.md) [C:\Projects\Hazina\src\Core\Agents\Hazina.Generator\Hazina.Generator.csproj::TargetFramework=net8.0]
C:\Projects\Hazina\src\Core\Agents\Hazina.Generator\Core\DocumentGenerator.cs(134,9): warning SA1005: Single line comment should begin with a space (https://github.com/DotNetAnalyzers/StyleCopAnalyzers/blob/master/documentation/SA1005.md) [C:\Projects\Hazina\src\Core\Agents\Hazina.Generator\Hazina.Generator.csproj::TargetFramework=net8.0]
C:\Projects\Hazina\src\Core\Agents\Hazina.Generator\Core\DocumentGenerator.cs(32,270): warning CA1002: Change 'List<ImageData>' in 'DocumentGenerator.GetImage(string, CancellationToken, [IEnumerable<HazinaChatMessage>], [bool], [bool], [IToolsContext], [List<ImageData>])' to use 'Collection<T>', 'ReadOnlyCollection<T>' or 'KeyedCollection<K,V>' (https://learn.microsoft.com/dotnet/fundamentals/code-analysis/quality-rules/ca1002) [C:\Projects\Hazina\src\Core\Agents\Hazina.Generator\Hazina.Generator.csproj::TargetFramework=net8.0]
C:\Projects\Hazina\src\Core\Agents\Hazina.Generator\Core\DocumentGenerator.cs(32,253): warning MA0016: Prefer using collection abstraction instead of implementation (https://github.com/meziantou/Meziantou.Analyzer/blob/main/docs/Rules/MA0016.md) [C:\Projects\Hazina\src\Core\Agents\Hazina.Generator\Hazina.Generator.csproj::TargetFramework=net8.0]
C:\Projects\Hazina\src\Core\Agents\Hazina.Generator\Core\DocumentGenerator.cs(17,1): warning SA1516: Elements should be separated by blank line (https://github.com/DotNetAnalyzers/StyleCopAnalyzers/blob/master/documentation/SA1516.md) [C:\Projects\Hazina\src\Core\Agents\Hazina.Generator\Hazina.Generator.csproj::TargetFramework=net8.0]
C:\Projects\Hazina\src\Core\Agents\Hazina.Generator\Core\DocumentGenerator.cs(18,1): warning SA1516: Elements should be separated by blank line (https://github.com/DotNetAnalyzers/StyleCopAnalyzers/blob/master/documentation/SA1516.md) [C:\Projects\Hazina\src\Core\Agents\Hazina.Generator\Hazina.Generator.csproj::TargetFramework=net8.0]
C:\Projects\Hazina\src\Core\Agents\Hazina.Generator\Core\DocumentGenerator.cs(21,1): warning SA1516: Elements should be separated by blank line (https://github.com/DotNetAnalyzers/StyleCopAnalyzers/blob/master/documentation/SA1516.md) [C:\Projects\Hazina\src\Core\Agents\Hazina.Generator\Hazina.Generator.csproj::TargetFramework=net8.0]
C:\Projects\Hazina\src\Core\Agents\Hazina.Generator\Core\DocumentGenerator.cs(22,1): warning SA1516: Elements should be separated by blank line (https://github.com/DotNetAnalyzers/StyleCopAnalyzers/blob/master/documentation/SA1516.md) [C:\Projects\Hazina\src\Core\Agents\Hazina.Generator\Hazina.Generator.csproj::TargetFramework=net8.0]
C:\Projects\Hazina\src\Core\Agents\Hazina.Generator\Core\DocumentGenerator.cs(38,76): warning CA1002: Change 'List<HazinaChatMessage>' in 'DocumentGenerator.DocumentGenerator(IDocumentStore, List<HazinaChatMessage>, ILLMClient, List<IDocumentStore>)' to use 'Collection<T>', 'ReadOnlyCollection<T>' or 'KeyedCollection<K,V>' (https://learn.microsoft.com/dotnet/fundamentals/code-analysis/quality-rules/ca1002) [C:\Projects\Hazina\src\Core\Agents\Hazina.Generator\Hazina.Generator.csproj::TargetFramework=net8.0]
C:\Projects\Hazina\src\Core\Agents\Hazina.Generator\Core\DocumentGenerator.cs(38,130): warning CA1002: Change 'List<IDocumentStore>' in 'DocumentGenerator.DocumentGenerator(IDocumentStore, List<HazinaChatMessage>, ILLMClient, List<IDocumentStore>)' to use 'Collection<T>', 'ReadOnlyCollection<T>' or 'KeyedCollection<K,V>' (https://learn.microsoft.com/dotnet/fundamentals/code-analysis/quality-rules/ca1002) [C:\Projects\Hazina\src\Core\Agents\Hazina.Generator\Hazina.Generator.csproj::TargetFramework=net8.0]
C:\Projects\Hazina\src\Core\Agents\Hazina.Generator\Core\DocumentGenerator.cs(38,52): warning MA0016: Prefer using collection abstraction instead of implementation (https://github.com/meziantou/Meziantou.Analyzer/blob/main/docs/Rules/MA0016.md) [C:\Projects\Hazina\src\Core\Agents\Hazina.Generator\Hazina.Generator.csproj::TargetFramework=net8.0]
C:\Projects\Hazina\src\Core\Agents\Hazina.Generator\Core\DocumentGenerator.cs(38,109): warning MA0016: Prefer using collection abstraction instead of implementation (https://github.com/meziantou/Meziantou.Analyzer/blob/main/docs/Rules/MA0016.md) [C:\Projects\Hazina\src\Core\Agents\Hazina.Generator\Hazina.Generator.csproj::TargetFramework=net8.0]
C:\Projects\Hazina\src\Core\Agents\Hazina.Generator\Core\DocumentGenerator.cs(49,76): warning CA1002: Change 'List<HazinaChatMessage>' in 'DocumentGenerator.DocumentGenerator(IDocumentStore, List<HazinaChatMessage>, ILLMClient, string, string, List<IDocumentStore>)' to use 'Collection<T>', 'ReadOnlyCollection<T>' or 'KeyedCollection<K,V>' (https://learn.microsoft.com/dotnet/fundamentals/code-analysis/quality-rules/ca1002) [C:\Projects\Hazina\src\Core\Agents\Hazina.Generator\Hazina.Generator.csproj::TargetFramework=net8.0]
C:\Projects\Hazina\src\Core\Agents\Hazina.Generator\Core\DocumentGenerator.cs(49,171): warning CA1002: Change 'List<IDocumentStore>' in 'DocumentGenerator.DocumentGenerator(IDocumentStore, List<HazinaChatMessage>, ILLMClient, string, string, List<IDocumentStore>)' to use 'Collection<T>', 'ReadOnlyCollection<T>' or 'KeyedCollection<K,V>' (https://learn.microsoft.com/dotnet/fundamentals/code-analysis/quality-rules/ca1002) [C:\Projects\Hazina\src\Core\Agents\Hazina.Generator\Hazina.Generator.csproj::TargetFramework=net8.0]
C:\Projects\Hazina\src\Core\Agents\Hazina.Generator\Core\DocumentGenerator.cs(49,52): warning MA0016: Prefer using collection abstraction instead of implementation (https://github.com/meziantou/Meziantou.Analyzer/blob/main/docs/Rules/MA0016.md) [C:\Projects\Hazina\src\Core\Agents\Hazina.Generator\Hazina.Generator.csproj::TargetFramework=net8.0]
C:\Projects\Hazina\src\Core\Agents\Hazina.Generator\Core\DocumentGenerator.cs(49,150): warning MA0016: Prefer using collection abstraction instead of implementation (https://github.com/meziantou/Meziantou.Analyzer/blob/main/docs/Rules/MA0016.md) [C:\Projects\Hazina\src\Core\Agents\Hazina.Generator\Hazina.Generator.csproj::TargetFramework=net8.0]
C:\Projects\Hazina\src\Core\Agents\Hazina.Generator\Models\StoreSafetyPolicyViolationException.cs(6,64): warning SA1128: Put constructor initializers on their own line (https://github.com/DotNetAnalyzers/StyleCopAnalyzers/blob/master/documentation/SA1128.md) [C:\Projects\Hazina\src\Core\Agents\Hazina.Generator\Hazina.Generator.csproj::TargetFramework=net8.0]
C:\Projects\Hazina\src\Core\Agents\Hazina.Generator\Core\DocumentGenerator.cs(67,284): warning CA1002: Change 'List<ImageData>' in 'DocumentGenerator.GetResponse(IEnumerable<HazinaChatMessage>, CancellationToken, [IEnumerable<HazinaChatMessage>], [bool], [bool], [IToolsContext], [List<ImageData>])' to use 'Collection<T>', 'ReadOnlyCollection<T>' or 'KeyedCollection<K,V>' (https://learn.microsoft.com/dotnet/fundamentals/code-analysis/quality-rules/ca1002) [C:\Projects\Hazina\src\Core\Agents\Hazina.Generator\Hazina.Generator.csproj::TargetFramework=net8.0]
C:\Projects\Hazina\src\Core\Agents\Hazina.Generator\Core\DocumentGenerator.cs(61,63): warning CA1725: In member Task<LLMResponse<string>> DocumentGenerator.GetResponse(string message, CancellationToken cancel, IEnumerable<HazinaChatMessage>? history = null, bool addRelevantDocuments = true, bool addFilesList = true, IToolsContext? toolsContext = null, List<ImageData>? images = null), change parameter name message to query in order to match the identifier as it has been declared in Task<LLMResponse<string>> IDocumentGenerator.GetResponse(string query, CancellationToken cancel, IEnumerable<HazinaChatMessage>? messages, bool addRelevantDocuments, bool addFilesList, IToolsContext toolsContext, List<ImageData> images) (https://learn.microsoft.com/dotnet/fundamentals/code-analysis/quality-rules/ca1725) [C:\Projects\Hazina\src\Core\Agents\Hazina.Generator\Hazina.Generator.csproj::TargetFramework=net8.0]
C:\Projects\Hazina\src\Core\Agents\Hazina.Generator\Core\DocumentGenerator.cs(61,130): warning CA1725: In member Task<LLMResponse<string>> DocumentGenerator.GetResponse(string message, CancellationToken cancel, IEnumerable<HazinaChatMessage>? history = null, bool addRelevantDocuments = true, bool addFilesList = true, IToolsContext? toolsContext = null, List<ImageData>? images = null), change parameter name history to messages in order to match the identifier as it has been declared in Task<LLMResponse<string>> IDocumentGenerator.GetResponse(string query, CancellationToken cancel, IEnumerable<HazinaChatMessage>? messages, bool addRelevantDocuments, bool addFilesList, IToolsContext toolsContext, List<ImageData> images) (https://learn.microsoft.com/dotnet/fundamentals/code-analysis/quality-rules/ca1725) [C:\Projects\Hazina\src\Core\Agents\Hazina.Generator\Hazina.Generator.csproj::TargetFramework=net8.0]
C:\Projects\Hazina\src\Core\Agents\Hazina.Generator\Core\DocumentGenerator.cs(67,267): warning MA0016: Prefer using collection abstraction instead of implementation (https://github.com/meziantou/Meziantou.Analyzer/blob/main/docs/Rules/MA0016.md) [C:\Projects\Hazina\src\Core\Agents\Hazina.Generator\Hazina.Generator.csproj::TargetFramework=net8.0]
C:\Projects\Hazina\src\Core\Agents\Hazina.Generator\Core\DocumentGenerator.cs(61,130): warning MA0061: Method overrides should not change default values (original: <no default value>; current: null) (https://github.com/meziantou/Meziantou.Analyzer/blob/main/docs/Rules/MA0061.md) [C:\Projects\Hazina\src\Core\Agents\Hazina.Generator\Hazina.Generator.csproj::TargetFramework=net8.0]
C:\Projects\Hazina\src\Core\Agents\Hazina.Generator\Core\DocumentGenerator.cs(61,151): warning MA0061: Method overrides should not change default values (original: <no default value>; current: 'True') (https://github.com/meziantou/Meziantou.Analyzer/blob/main/docs/Rules/MA0061.md) [C:\Projects\Hazina\src\Core\Agents\Hazina.Generator\Hazina.Generator.csproj::TargetFramework=net8.0]
C:\Projects\Hazina\src\Core\Agents\Hazina.Generator\Core\DocumentGenerator.cs(61,185): warning MA0061: Method overrides should not change default values (original: <no default value>; current: 'True') (https://github.com/meziantou/Meziantou.Analyzer/blob/main/docs/Rules/MA0061.md) [C:\Projects\Hazina\src\Core\Agents\Hazina.Generator\Hazina.Generator.csproj::TargetFramework=net8.0]
C:\Projects\Hazina\src\Core\Agents\Hazina.Generator\Core\DocumentGenerator.cs(61,221): warning MA0061: Method overrides should not change default values (original: <no default value>; current: null) (https://github.com/meziantou/Meziantou.Analyzer/blob/main/docs/Rules/MA0061.md) [C:\Projects\Hazina\src\Core\Agents\Hazina.Generator\Hazina.Generator.csproj::TargetFramework=net8.0]
C:\Projects\Hazina\src\Core\Agents\Hazina.Generator\Core\DocumentGenerator.cs(61,259): warning MA0061: Method overrides should not change default values (original: <no default value>; current: null) (https://github.com/meziantou/Meziantou.Analyzer/blob/main/docs/Rules/MA0061.md) [C:\Projects\Hazina\src\Core\Agents\Hazina.Generator\Hazina.Generator.csproj::TargetFramework=net8.0]
C:\Projects\Hazina\src\Core\Agents\Hazina.Generator\Core\DocumentGenerator.cs(73,66): warning CA1725: In member Task<LLMResponse<string>> DocumentGenerator.StreamResponse(string message, CancellationToken cancel, Action<string> onChunkReceived, IEnumerable<HazinaChatMessage>? history = null, bool addRelevantDocuments = true, bool addFilesList = true, IToolsContext? toolsContext = null, List<ImageData>? images = null), change parameter name message to query in order to match the identifier as it has been declared in Task<LLMResponse<string>> IDocumentGenerator.StreamResponse(string query, CancellationToken cancel, Action<string> onChunkReceived, IEnumerable<HazinaChatMessage>? messages, bool addRelevantDocuments, bool addFilesList, IToolsContext toolsContext, List<ImageData> images) (https://learn.microsoft.com/dotnet/fundamentals/code-analysis/quality-rules/ca1725) [C:\Projects\Hazina\src\Core\Agents\Hazina.Generator\Hazina.Generator.csproj::TargetFramework=net8.0]
C:\Projects\Hazina\src\Core\Agents\Hazina.Generator\Core\DocumentGenerator.cs(73,165): warning CA1725: In member Task<LLMResponse<string>> DocumentGenerator.StreamResponse(string message, CancellationToken cancel, Action<string> onChunkReceived, IEnumerable<HazinaChatMessage>? history = null, bool addRelevantDocuments = true, bool addFilesList = true, IToolsContext? toolsContext = null, List<ImageData>? images = null), change parameter name history to messages in order to match the identifier as it has been declared in Task<LLMResponse<string>> IDocumentGenerator.StreamResponse(string query, CancellationToken cancel, Action<string> onChunkReceived, IEnumerable<HazinaChatMessage>? messages, bool addRelevantDocuments, bool addFilesList, IToolsContext toolsContext, List<ImageData> images) (https://learn.microsoft.com/dotnet/fundamentals/code-analysis/quality-rules/ca1725) [C:\Projects\Hazina\src\Core\Agents\Hazina.Generator\Hazina.Generator.csproj::TargetFramework=net8.0]
C:\Projects\Hazina\src\Core\Agents\Hazina.Generator\Core\DocumentGenerator.cs(73,165): warning MA0061: Method overrides should not change default values (original: <no default value>; current: null) (https://github.com/meziantou/Meziantou.Analyzer/blob/main/docs/Rules/MA0061.md) [C:\Projects\Hazina\src\Core\Agents\Hazina.Generator\Hazina.Generator.csproj::TargetFramework=net8.0]
C:\Projects\Hazina\src\Core\Agents\Hazina.Generator\Core\DocumentGenerator.cs(73,186): warning MA0061: Method overrides should not change default values (original: <no default value>; current: 'True') (https://github.com/meziantou/Meziantou.Analyzer/blob/main/docs/Rules/MA0061.md) [C:\Projects\Hazina\src\Core\Agents\Hazina.Generator\Hazina.Generator.csproj::TargetFramework=net8.0]
C:\Projects\Hazina\src\Core\Agents\Hazina.Generator\Core\DocumentGenerator.cs(73,220): warning MA0061: Method overrides should not change default values (original: <no default value>; current: 'True') (https://github.com/meziantou/Meziantou.Analyzer/blob/main/docs/Rules/MA0061.md) [C:\Projects\Hazina\src\Core\Agents\Hazina.Generator\Hazina.Generator.csproj::TargetFramework=net8.0]
C:\Projects\Hazina\src\Core\Agents\Hazina.Generator\Core\DocumentGenerator.cs(73,256): warning MA0061: Method overrides should not change default values (original: <no default value>; current: null) (https://github.com/meziantou/Meziantou.Analyzer/blob/main/docs/Rules/MA0061.md) [C:\Projects\Hazina\src\Core\Agents\Hazina.Generator\Hazina.Generator.csproj::TargetFramework=net8.0]
C:\Projects\Hazina\src\Core\Agents\Hazina.Generator\Core\DocumentGenerator.cs(73,294): warning MA0061: Method overrides should not change default values (original: <no default value>; current: null) (https://github.com/meziantou/Meziantou.Analyzer/blob/main/docs/Rules/MA0061.md) [C:\Projects\Hazina\src\Core\Agents\Hazina.Generator\Hazina.Generator.csproj::TargetFramework=net8.0]
C:\Projects\Hazina\src\Core\Agents\Hazina.Generator\Models\StoreSafetyPolicy.cs(58,23): warning SA1503: Braces should not be omitted (https://github.com/DotNetAnalyzers/StyleCopAnalyzers/blob/master/documentation/SA1503.md) [C:\Projects\Hazina\src\Core\Agents\Hazina.Generator\Hazina.Generator.csproj::TargetFramework=net8.0]
C:\Projects\Hazina\src\Core\Agents\Hazina.Generator\Core\DocumentGenerator.cs(79,44): warning CA1068: Method 'DocumentGenerator.StreamResponse(System.Collections.Generic.IEnumerable<HazinaChatMessage>, System.Threading.CancellationToken, System.Action<string>, System.Collections.Generic.IEnumerable<HazinaChatMessage>?, bool, bool, Hazina.LLMs.IToolsContext?, System.Collections.Generic.List<ImageData>?)' should take CancellationToken as the last parameter (https://learn.microsoft.com/dotnet/fundamentals/code-analysis/quality-rules/ca1068) [C:\Projects\Hazina\src\Core\Agents\Hazina.Generator\Hazina.Generator.csproj::TargetFramework=net8.0]
C:\Projects\Hazina\src\Core\Agents\Hazina.Generator\Models\StoreSafetyPolicy.cs(43,23): warning SA1503: Braces should not be omitted (https://github.com/DotNetAnalyzers/StyleCopAnalyzers/blob/master/documentation/SA1503.md) [C:\Projects\Hazina\src\Core\Agents\Hazina.Generator\Hazina.Generator.csproj::TargetFramework=net8.0]
C:\Projects\Hazina\src\Core\Agents\Hazina.Generator\Core\DocumentGenerator.cs(79,319): warning CA1002: Change 'List<ImageData>' in 'DocumentGenerator.StreamResponse(IEnumerable<HazinaChatMessage>, CancellationToken, Action<string>, [IEnumerable<HazinaChatMessage>], [bool], [bool], [IToolsContext], [List<ImageData>])' to use 'Collection<T>', 'ReadOnlyCollection<T>' or 'KeyedCollection<K,V>' (https://learn.microsoft.com/dotnet/fundamentals/code-analysis/quality-rules/ca1002) [C:\Projects\Hazina\src\Core\Agents\Hazina.Generator\Hazina.Generator.csproj::TargetFramework=net8.0]
C:\Projects\Hazina\src\Core\Agents\Hazina.Generator\Core\DocumentGenerator.cs(79,302): warning MA0016: Prefer using collection abstraction instead of implementation (https://github.com/meziantou/Meziantou.Analyzer/blob/main/docs/Rules/MA0016.md) [C:\Projects\Hazina\src\Core\Agents\Hazina.Generator\Hazina.Generator.csproj::TargetFramework=net8.0]
C:\Projects\Hazina\src\Core\Agents\Hazina.Generator\Core\DocumentGenerator.cs(97,66): warning CA1715: Prefix generic type parameter name ResponseType with 'T' (https://learn.microsoft.com/dotnet/fundamentals/code-analysis/quality-rules/ca1715) [C:\Projects\Hazina\src\Core\Agents\Hazina.Generator\Hazina.Generator.csproj::TargetFramework=net8.0]
C:\Projects\Hazina\src\Core\Agents\Hazina.Generator\Core\DocumentGenerator.cs(85,63): warning CA1715: Prefix generic type parameter name ResponseType with 'T' (https://learn.microsoft.com/dotnet/fundamentals/code-analysis/quality-rules/ca1715) [C:\Projects\Hazina\src\Core\Agents\Hazina.Generator\Hazina.Generator.csproj::TargetFramework=net8.0]
C:\Projects\Hazina\src\Core\Agents\Hazina.Generator\Core\DocumentGenerator.cs(91,305): warning CA1002: Change 'List<ImageData>' in 'DocumentGenerator.GetResponse<ResponseType>(IEnumerable<HazinaChatMessage>, CancellationToken, [IEnumerable<HazinaChatMessage>], [bool], [bool], [IToolsContext], [List<ImageData>])' to use 'Collection<T>', 'ReadOnlyCollection<T>' or 'KeyedCollection<K,V>' (https://learn.microsoft.com/dotnet/fundamentals/code-analysis/quality-rules/ca1002) [C:\Projects\Hazina\src\Core\Agents\Hazina.Generator\Hazina.Generator.csproj::TargetFramework=net8.0]
C:\Projects\Hazina\src\Core\Agents\Hazina.Generator\Core\DocumentGenerator.cs(91,63): warning CA1715: Prefix generic type parameter name ResponseType with 'T' (https://learn.microsoft.com/dotnet/fundamentals/code-analysis/quality-rules/ca1715) [C:\Projects\Hazina\src\Core\Agents\Hazina.Generator\Hazina.Generator.csproj::TargetFramework=net8.0]
C:\Projects\Hazina\src\Core\Agents\Hazina.Generator\Core\DocumentGenerator.cs(85,84): warning CA1725: In member Task<LLMResponse<ResponseType?>> DocumentGenerator.GetResponse<ResponseType>(string message, CancellationToken cancel, IEnumerable<HazinaChatMessage>? history = null, bool addRelevantDocuments = true, bool addFilesList = true, IToolsContext? toolsContext = null, List<ImageData>? images = null), change parameter name message to query in order to match the identifier as it has been declared in Task<LLMResponse<ResponseType?>> IDocumentGenerator.GetResponse<ResponseType>(string query, CancellationToken cancel, IEnumerable<HazinaChatMessage>? messages, bool addRelevantDocuments, bool addFilesList, IToolsContext toolsContext, List<ImageData> images) (https://learn.microsoft.com/dotnet/fundamentals/code-analysis/quality-rules/ca1725) [C:\Projects\Hazina\src\Core\Agents\Hazina.Generator\Hazina.Generator.csproj::TargetFramework=net8.0]
C:\Projects\Hazina\src\Core\Agents\Hazina.Generator\Core\DocumentGenerator.cs(97,87): warning CA1725: In member Task<LLMResponse<ResponseType?>> DocumentGenerator.StreamResponse<ResponseType>(string message, CancellationToken cancel, Action<string> onChunkReceived, IEnumerable<HazinaChatMessage>? history = null, bool addRelevantDocuments = true, bool addFilesList = true, IToolsContext? toolsContext = null, List<ImageData>? images = null), change parameter name message to query in order to match the identifier as it has been declared in Task<LLMResponse<ResponseType?>> IDocumentGenerator.StreamResponse<ResponseType>(string query, CancellationToken cancel, Action<string> onChunkReceived, IEnumerable<HazinaChatMessage>? messages, bool addRelevantDocuments, bool addFilesList, IToolsContext toolsContext, List<ImageData> images) (https://learn.microsoft.com/dotnet/fundamentals/code-analysis/quality-rules/ca1725) [C:\Projects\Hazina\src\Core\Agents\Hazina.Generator\Hazina.Generator.csproj::TargetFramework=net8.0]
C:\Projects\Hazina\src\Core\Agents\Hazina.Generator\Core\DocumentGenerator.cs(85,151): warning CA1725: In member Task<LLMResponse<ResponseType?>> DocumentGenerator.GetResponse<ResponseType>(string message, CancellationToken cancel, IEnumerable<HazinaChatMessage>? history = null, bool addRelevantDocuments = true, bool addFilesList = true, IToolsContext? toolsContext = null, List<ImageData>? images = null), change parameter name history to messages in order to match the identifier as it has been declared in Task<LLMResponse<ResponseType?>> IDocumentGenerator.GetResponse<ResponseType>(string query, CancellationToken cancel, IEnumerable<HazinaChatMessage>? messages, bool addRelevantDocuments, bool addFilesList, IToolsContext toolsContext, List<ImageData> images) (https://learn.microsoft.com/dotnet/fundamentals/code-analysis/quality-rules/ca1725) [C:\Projects\Hazina\src\Core\Agents\Hazina.Generator\Hazina.Generator.csproj::TargetFramework=net8.0]
C:\Projects\Hazina\src\Core\Agents\Hazina.Generator\Core\DocumentGenerator.cs(97,186): warning CA1725: In member Task<LLMResponse<ResponseType?>> DocumentGenerator.StreamResponse<ResponseType>(string message, CancellationToken cancel, Action<string> onChunkReceived, IEnumerable<HazinaChatMessage>? history = null, bool addRelevantDocuments = true, bool addFilesList = true, IToolsContext? toolsContext = null, List<ImageData>? images = null), change parameter name history to messages in order to match the identifier as it has been declared in Task<LLMResponse<ResponseType?>> IDocumentGenerator.StreamResponse<ResponseType>(string query, CancellationToken cancel, Action<string> onChunkReceived, IEnumerable<HazinaChatMessage>? messages, bool addRelevantDocuments, bool addFilesList, IToolsContext toolsContext, List<ImageData> images) (https://learn.microsoft.com/dotnet/fundamentals/code-analysis/quality-rules/ca1725) [C:\Projects\Hazina\src\Core\Agents\Hazina.Generator\Hazina.Generator.csproj::TargetFramework=net8.0]
C:\Projects\Hazina\src\Core\Agents\Hazina.Generator\Core\DocumentGenerator.cs(91,288): warning MA0016: Prefer using collection abstraction instead of implementation (https://github.com/meziantou/Meziantou.Analyzer/blob/main/docs/Rules/MA0016.md) [C:\Projects\Hazina\src\Core\Agents\Hazina.Generator\Hazina.Generator.csproj::TargetFramework=net8.0]
C:\Projects\Hazina\src\Core\Agents\Hazina.Generator\Core\DocumentGenerator.cs(97,186): warning MA0061: Method overrides should not change default values (original: <no default value>; current: null) (https://github.com/meziantou/Meziantou.Analyzer/blob/main/docs/Rules/MA0061.md) [C:\Projects\Hazina\src\Core\Agents\Hazina.Generator\Hazina.Generator.csproj::TargetFramework=net8.0]
C:\Projects\Hazina\src\Core\Agents\Hazina.Generator\Core\DocumentGenerator.cs(85,151): warning MA0061: Method overrides should not change default values (original: <no default value>; current: null) (https://github.com/meziantou/Meziantou.Analyzer/blob/main/docs/Rules/MA0061.md) [C:\Projects\Hazina\src\Core\Agents\Hazina.Generator\Hazina.Generator.csproj::TargetFramework=net8.0]
C:\Projects\Hazina\src\Core\Agents\Hazina.Generator\Core\DocumentGenerator.cs(85,172): warning MA0061: Method overrides should not change default values (original: <no default value>; current: 'True') (https://github.com/meziantou/Meziantou.Analyzer/blob/main/docs/Rules/MA0061.md) [C:\Projects\Hazina\src\Core\Agents\Hazina.Generator\Hazina.Generator.csproj::TargetFramework=net8.0]
C:\Projects\Hazina\src\Core\Agents\Hazina.Generator\Core\DocumentGenerator.cs(97,207): warning MA0061: Method overrides should not change default values (original: <no default value>; current: 'True') (https://github.com/meziantou/Meziantou.Analyzer/blob/main/docs/Rules/MA0061.md) [C:\Projects\Hazina\src\Core\Agents\Hazina.Generator\Hazina.Generator.csproj::TargetFramework=net8.0]
C:\Projects\Hazina\src\Core\Agents\Hazina.Generator\Core\DocumentGenerator.cs(85,206): warning MA0061: Method overrides should not change default values (original: <no default value>; current: 'True') (https://github.com/meziantou/Meziantou.Analyzer/blob/main/docs/Rules/MA0061.md) [C:\Projects\Hazina\src\Core\Agents\Hazina.Generator\Hazina.Generator.csproj::TargetFramework=net8.0]
C:\Projects\Hazina\src\Core\Agents\Hazina.Generator\Core\DocumentGenerator.cs(97,241): warning MA0061: Method overrides should not change default values (original: <no default value>; current: 'True') (https://github.com/meziantou/Meziantou.Analyzer/blob/main/docs/Rules/MA0061.md) [C:\Projects\Hazina\src\Core\Agents\Hazina.Generator\Hazina.Generator.csproj::TargetFramework=net8.0]
C:\Projects\Hazina\src\Core\Agents\Hazina.Generator\Core\DocumentGenerator.cs(85,242): warning MA0061: Method overrides should not change default values (original: <no default value>; current: null) (https://github.com/meziantou/Meziantou.Analyzer/blob/main/docs/Rules/MA0061.md) [C:\Projects\Hazina\src\Core\Agents\Hazina.Generator\Hazina.Generator.csproj::TargetFramework=net8.0]
C:\Projects\Hazina\src\Core\Agents\Hazina.Generator\Core\DocumentGenerator.cs(97,277): warning MA0061: Method overrides should not change default values (original: <no default value>; current: null) (https://github.com/meziantou/Meziantou.Analyzer/blob/main/docs/Rules/MA0061.md) [C:\Projects\Hazina\src\Core\Agents\Hazina.Generator\Hazina.Generator.csproj::TargetFramework=net8.0]
C:\Projects\Hazina\src\Core\Agents\Hazina.Generator\Core\DocumentGenerator.cs(85,280): warning MA0061: Method overrides should not change default values (original: <no default value>; current: null) (https://github.com/meziantou/Meziantou.Analyzer/blob/main/docs/Rules/MA0061.md) [C:\Projects\Hazina\src\Core\Agents\Hazina.Generator\Hazina.Generator.csproj::TargetFramework=net8.0]
C:\Projects\Hazina\src\Core\Agents\Hazina.Generator\Core\DocumentGenerator.cs(97,315): warning MA0061: Method overrides should not change default values (original: <no default value>; current: null) (https://github.com/meziantou/Meziantou.Analyzer/blob/main/docs/Rules/MA0061.md) [C:\Projects\Hazina\src\Core\Agents\Hazina.Generator\Hazina.Generator.csproj::TargetFramework=net8.0]
C:\Projects\Hazina\src\Core\Agents\Hazina.Generator\Core\DocumentGenerator.cs(73,173): warning S1006: Remove the default parameter value to match the signature of overridden method. (https://rules.sonarsource.com/csharp/RSPEC-1006) [C:\Projects\Hazina\src\Core\Agents\Hazina.Generator\Hazina.Generator.csproj::TargetFramework=net8.0]
C:\Projects\Hazina\src\Core\Agents\Hazina.Generator\Core\DocumentGenerator.cs(73,207): warning S1006: Remove the default parameter value to match the signature of overridden method. (https://rules.sonarsource.com/csharp/RSPEC-1006) [C:\Projects\Hazina\src\Core\Agents\Hazina.Generator\Hazina.Generator.csproj::TargetFramework=net8.0]
C:\Projects\Hazina\src\Core\Agents\Hazina.Generator\Core\DocumentGenerator.cs(73,233): warning S1006: Remove the default parameter value to match the signature of overridden method. (https://rules.sonarsource.com/csharp/RSPEC-1006) [C:\Projects\Hazina\src\Core\Agents\Hazina.Generator\Hazina.Generator.csproj::TargetFramework=net8.0]
C:\Projects\Hazina\src\Core\Agents\Hazina.Generator\Core\DocumentGenerator.cs(73,269): warning S1006: Remove the default parameter value to match the signature of overridden method. (https://rules.sonarsource.com/csharp/RSPEC-1006) [C:\Projects\Hazina\src\Core\Agents\Hazina.Generator\Hazina.Generator.csproj::TargetFramework=net8.0]
C:\Projects\Hazina\src\Core\Agents\Hazina.Generator\Core\DocumentGenerator.cs(73,301): warning S1006: Remove the default parameter value to match the signature of overridden method. (https://rules.sonarsource.com/csharp/RSPEC-1006) [C:\Projects\Hazina\src\Core\Agents\Hazina.Generator\Hazina.Generator.csproj::TargetFramework=net8.0]
C:\Projects\Hazina\src\Core\Agents\Hazina.Generator\Core\DocumentGenerator.cs(97,194): warning S1006: Remove the default parameter value to match the signature of overridden method. (https://rules.sonarsource.com/csharp/RSPEC-1006) [C:\Projects\Hazina\src\Core\Agents\Hazina.Generator\Hazina.Generator.csproj::TargetFramework=net8.0]
C:\Projects\Hazina\src\Core\Agents\Hazina.Generator\Core\DocumentGenerator.cs(97,228): warning S1006: Remove the default parameter value to match the signature of overridden method. (https://rules.sonarsource.com/csharp/RSPEC-1006) [C:\Projects\Hazina\src\Core\Agents\Hazina.Generator\Hazina.Generator.csproj::TargetFramework=net8.0]
C:\Projects\Hazina\src\Core\Agents\Hazina.Generator\Core\DocumentGenerator.cs(97,254): warning S1006: Remove the default parameter value to match the signature of overridden method. (https://rules.sonarsource.com/csharp/RSPEC-1006) [C:\Projects\Hazina\src\Core\Agents\Hazina.Generator\Hazina.Generator.csproj::TargetFramework=net8.0]
C:\Projects\Hazina\src\Core\Agents\Hazina.Generator\Core\DocumentGenerator.cs(97,290): warning S1006: Remove the default parameter value to match the signature of overridden method. (https://rules.sonarsource.com/csharp/RSPEC-1006) [C:\Projects\Hazina\src\Core\Agents\Hazina.Generator\Hazina.Generator.csproj::TargetFramework=net8.0]
C:\Projects\Hazina\src\Core\Agents\Hazina.Generator\Core\DocumentGenerator.cs(97,322): warning S1006: Remove the default parameter value to match the signature of overridden method. (https://rules.sonarsource.com/csharp/RSPEC-1006) [C:\Projects\Hazina\src\Core\Agents\Hazina.Generator\Hazina.Generator.csproj::TargetFramework=net8.0]
C:\Projects\Hazina\src\Core\Agents\Hazina.Generator\Core\DocumentGenerator.cs(61,138): warning S1006: Remove the default parameter value to match the signature of overridden method. (https://rules.sonarsource.com/csharp/RSPEC-1006) [C:\Projects\Hazina\src\Core\Agents\Hazina.Generator\Hazina.Generator.csproj::TargetFramework=net8.0]
C:\Projects\Hazina\src\Core\Agents\Hazina.Generator\Core\DocumentGenerator.cs(61,172): warning S1006: Remove the default parameter value to match the signature of overridden method. (https://rules.sonarsource.com/csharp/RSPEC-1006) [C:\Projects\Hazina\src\Core\Agents\Hazina.Generator\Hazina.Generator.csproj::TargetFramework=net8.0]
C:\Projects\Hazina\src\Core\Agents\Hazina.Generator\Core\DocumentGenerator.cs(61,198): warning S1006: Remove the default parameter value to match the signature of overridden method. (https://rules.sonarsource.com/csharp/RSPEC-1006) [C:\Projects\Hazina\src\Core\Agents\Hazina.Generator\Hazina.Generator.csproj::TargetFramework=net8.0]
C:\Projects\Hazina\src\Core\Agents\Hazina.Generator\Core\DocumentGenerator.cs(61,234): warning S1006: Remove the default parameter value to match the signature of overridden method. (https://rules.sonarsource.com/csharp/RSPEC-1006) [C:\Projects\Hazina\src\Core\Agents\Hazina.Generator\Hazina.Generator.csproj::TargetFramework=net8.0]
C:\Projects\Hazina\src\Core\Agents\Hazina.Generator\Core\DocumentGenerator.cs(61,266): warning S1006: Remove the default parameter value to match the signature of overridden method. (https://rules.sonarsource.com/csharp/RSPEC-1006) [C:\Projects\Hazina\src\Core\Agents\Hazina.Generator\Hazina.Generator.csproj::TargetFramework=net8.0]
C:\Projects\Hazina\src\Core\Agents\Hazina.Generator\Core\DocumentGenerator.cs(61,63): warning S927: Rename parameter 'message' to 'query' to match the interface declaration. (https://rules.sonarsource.com/csharp/RSPEC-927) [C:\Projects\Hazina\src\Core\Agents\Hazina.Generator\Hazina.Generator.csproj::TargetFramework=net8.0]
C:\Projects\Hazina\src\Core\Agents\Hazina.Generator\Core\DocumentGenerator.cs(61,130): warning S927: Rename parameter 'history' to 'messages' to match the interface declaration. (https://rules.sonarsource.com/csharp/RSPEC-927) [C:\Projects\Hazina\src\Core\Agents\Hazina.Generator\Hazina.Generator.csproj::TargetFramework=net8.0]
C:\Projects\Hazina\src\Core\Agents\Hazina.Generator\Core\DocumentGenerator.cs(85,159): warning S1006: Remove the default parameter value to match the signature of overridden method. (https://rules.sonarsource.com/csharp/RSPEC-1006) [C:\Projects\Hazina\src\Core\Agents\Hazina.Generator\Hazina.Generator.csproj::TargetFramework=net8.0]
C:\Projects\Hazina\src\Core\Agents\Hazina.Generator\Core\DocumentGenerator.cs(85,193): warning S1006: Remove the default parameter value to match the signature of overridden method. (https://rules.sonarsource.com/csharp/RSPEC-1006) [C:\Projects\Hazina\src\Core\Agents\Hazina.Generator\Hazina.Generator.csproj::TargetFramework=net8.0]
C:\Projects\Hazina\src\Core\Agents\Hazina.Generator\Core\DocumentGenerator.cs(85,219): warning S1006: Remove the default parameter value to match the signature of overridden method. (https://rules.sonarsource.com/csharp/RSPEC-1006) [C:\Projects\Hazina\src\Core\Agents\Hazina.Generator\Hazina.Generator.csproj::TargetFramework=net8.0]
C:\Projects\Hazina\src\Core\Agents\Hazina.Generator\Core\DocumentGenerator.cs(85,255): warning S1006: Remove the default parameter value to match the signature of overridden method. (https://rules.sonarsource.com/csharp/RSPEC-1006) [C:\Projects\Hazina\src\Core\Agents\Hazina.Generator\Hazina.Generator.csproj::TargetFramework=net8.0]
C:\Projects\Hazina\src\Core\Agents\Hazina.Generator\Core\DocumentGenerator.cs(85,287): warning S1006: Remove the default parameter value to match the signature of overridden method. (https://rules.sonarsource.com/csharp/RSPEC-1006) [C:\Projects\Hazina\src\Core\Agents\Hazina.Generator\Hazina.Generator.csproj::TargetFramework=net8.0]
C:\Projects\Hazina\src\Core\Agents\Hazina.Generator\Core\DocumentGenerator.cs(73,66): warning S927: Rename parameter 'message' to 'query' to match the interface declaration. (https://rules.sonarsource.com/csharp/RSPEC-927) [C:\Projects\Hazina\src\Core\Agents\Hazina.Generator\Hazina.Generator.csproj::TargetFramework=net8.0]
C:\Projects\Hazina\src\Core\Agents\Hazina.Generator\Core\DocumentGenerator.cs(73,165): warning S927: Rename parameter 'history' to 'messages' to match the interface declaration. (https://rules.sonarsource.com/csharp/RSPEC-927) [C:\Projects\Hazina\src\Core\Agents\Hazina.Generator\Hazina.Generator.csproj::TargetFramework=net8.0]
C:\Projects\Hazina\src\Core\Agents\Hazina.Generator\Core\DocumentGenerator.cs(97,87): warning S927: Rename parameter 'message' to 'query' to match the interface declaration. (https://rules.sonarsource.com/csharp/RSPEC-927) [C:\Projects\Hazina\src\Core\Agents\Hazina.Generator\Hazina.Generator.csproj::TargetFramework=net8.0]
C:\Projects\Hazina\src\Core\Agents\Hazina.Generator\Core\DocumentGenerator.cs(97,186): warning S927: Rename parameter 'history' to 'messages' to match the interface declaration. (https://rules.sonarsource.com/csharp/RSPEC-927) [C:\Projects\Hazina\src\Core\Agents\Hazina.Generator\Hazina.Generator.csproj::TargetFramework=net8.0]
C:\Projects\Hazina\src\Core\Agents\Hazina.Generator\Core\DocumentGenerator.cs(103,51): warning CA1068: Method 'DocumentGenerator.StreamResponse<ResponseType>(System.Collections.Generic.IEnumerable<HazinaChatMessage>, System.Threading.CancellationToken, System.Action<string>, System.Collections.Generic.IEnumerable<HazinaChatMessage>?, bool, bool, Hazina.LLMs.IToolsContext?, System.Collections.Generic.List<ImageData>?)' should take CancellationToken as the last parameter (https://learn.microsoft.com/dotnet/fundamentals/code-analysis/quality-rules/ca1068) [C:\Projects\Hazina\src\Core\Agents\Hazina.Generator\Hazina.Generator.csproj::TargetFramework=net8.0]
C:\Projects\Hazina\src\Core\Agents\Hazina.Generator\Core\DocumentGenerator.cs(103,340): warning CA1002: Change 'List<ImageData>' in 'DocumentGenerator.StreamResponse<ResponseType>(IEnumerable<HazinaChatMessage>, CancellationToken, Action<string>, [IEnumerable<HazinaChatMessage>], [bool], [bool], [IToolsContext], [List<ImageData>])' to use 'Collection<T>', 'ReadOnlyCollection<T>' or 'KeyedCollection<K,V>' (https://learn.microsoft.com/dotnet/fundamentals/code-analysis/quality-rules/ca1002) [C:\Projects\Hazina\src\Core\Agents\Hazina.Generator\Hazina.Generator.csproj::TargetFramework=net8.0]
C:\Projects\Hazina\src\Core\Agents\Hazina.Generator\Core\DocumentGenerator.cs(85,84): warning S927: Rename parameter 'message' to 'query' to match the interface declaration. (https://rules.sonarsource.com/csharp/RSPEC-927) [C:\Projects\Hazina\src\Core\Agents\Hazina.Generator\Hazina.Generator.csproj::TargetFramework=net8.0]
C:\Projects\Hazina\src\Core\Agents\Hazina.Generator\Core\DocumentGenerator.cs(85,151): warning S927: Rename parameter 'history' to 'messages' to match the interface declaration. (https://rules.sonarsource.com/csharp/RSPEC-927) [C:\Projects\Hazina\src\Core\Agents\Hazina.Generator\Hazina.Generator.csproj::TargetFramework=net8.0]
C:\Projects\Hazina\src\Core\Agents\Hazina.Generator\Core\DocumentGenerator.cs(103,66): warning CA1715: Prefix generic type parameter name ResponseType with 'T' (https://learn.microsoft.com/dotnet/fundamentals/code-analysis/quality-rules/ca1715) [C:\Projects\Hazina\src\Core\Agents\Hazina.Generator\Hazina.Generator.csproj::TargetFramework=net8.0]
C:\Projects\Hazina\src\Core\Agents\Hazina.Generator\Core\DocumentGenerator.cs(103,323): warning MA0016: Prefer using collection abstraction instead of implementation (https://github.com/meziantou/Meziantou.Analyzer/blob/main/docs/Rules/MA0016.md) [C:\Projects\Hazina\src\Core\Agents\Hazina.Generator\Hazina.Generator.csproj::TargetFramework=net8.0]
C:\Projects\Hazina\src\Core\Agents\Hazina.Generator\Core\DocumentGenerator.cs(109,63): warning CA1725: In member Task<LLMResponse<string>> DocumentGenerator.UpdateStore(string message, CancellationToken cancel, IEnumerable<HazinaChatMessage>? history = null, bool addRelevantDocuments = true, bool addFilesList = true, IToolsContext? toolsContext = null, List<ImageData>? images = null), change parameter name message to query in order to match the identifier as it has been declared in Task<LLMResponse<string>> IDocumentGenerator.UpdateStore(string query, CancellationToken cancel, IEnumerable<HazinaChatMessage>? messages, bool addRelevantDocuments, bool addFilesList, IToolsContext toolsContext, List<ImageData> images) (https://learn.microsoft.com/dotnet/fundamentals/code-analysis/quality-rules/ca1725) [C:\Projects\Hazina\src\Core\Agents\Hazina.Generator\Hazina.Generator.csproj::TargetFramework=net8.0]
C:\Projects\Hazina\src\Core\Agents\Hazina.Generator\Core\DocumentGenerator.cs(109,130): warning CA1725: In member Task<LLMResponse<string>> DocumentGenerator.UpdateStore(string message, CancellationToken cancel, IEnumerable<HazinaChatMessage>? history = null, bool addRelevantDocuments = true, bool addFilesList = true, IToolsContext? toolsContext = null, List<ImageData>? images = null), change parameter name history to messages in order to match the identifier as it has been declared in Task<LLMResponse<string>> IDocumentGenerator.UpdateStore(string query, CancellationToken cancel, IEnumerable<HazinaChatMessage>? messages, bool addRelevantDocuments, bool addFilesList, IToolsContext toolsContext, List<ImageData> images) (https://learn.microsoft.com/dotnet/fundamentals/code-analysis/quality-rules/ca1725) [C:\Projects\Hazina\src\Core\Agents\Hazina.Generator\Hazina.Generator.csproj::TargetFramework=net8.0]
C:\Projects\Hazina\src\Core\Agents\Hazina.Generator\Core\DocumentGenerator.cs(109,130): warning MA0061: Method overrides should not change default values (original: <no default value>; current: null) (https://github.com/meziantou/Meziantou.Analyzer/blob/main/docs/Rules/MA0061.md) [C:\Projects\Hazina\src\Core\Agents\Hazina.Generator\Hazina.Generator.csproj::TargetFramework=net8.0]
C:\Projects\Hazina\src\Core\Agents\Hazina.Generator\Core\DocumentGenerator.cs(109,151): warning MA0061: Method overrides should not change default values (original: <no default value>; current: 'True') (https://github.com/meziantou/Meziantou.Analyzer/blob/main/docs/Rules/MA0061.md) [C:\Projects\Hazina\src\Core\Agents\Hazina.Generator\Hazina.Generator.csproj::TargetFramework=net8.0]
C:\Projects\Hazina\src\Core\Agents\Hazina.Generator\Core\DocumentGenerator.cs(109,185): warning MA0061: Method overrides should not change default values (original: <no default value>; current: 'True') (https://github.com/meziantou/Meziantou.Analyzer/blob/main/docs/Rules/MA0061.md) [C:\Projects\Hazina\src\Core\Agents\Hazina.Generator\Hazina.Generator.csproj::TargetFramework=net8.0]
C:\Projects\Hazina\src\Core\Agents\Hazina.Generator\Core\DocumentGenerator.cs(109,221): warning MA0061: Method overrides should not change default values (original: <no default value>; current: null) (https://github.com/meziantou/Meziantou.Analyzer/blob/main/docs/Rules/MA0061.md) [C:\Projects\Hazina\src\Core\Agents\Hazina.Generator\Hazina.Generator.csproj::TargetFramework=net8.0]
C:\Projects\Hazina\src\Core\Agents\Hazina.Generator\Core\DocumentGenerator.cs(109,259): warning MA0061: Method overrides should not change default values (original: <no default value>; current: null) (https://github.com/meziantou/Meziantou.Analyzer/blob/main/docs/Rules/MA0061.md) [C:\Projects\Hazina\src\Core\Agents\Hazina.Generator\Hazina.Generator.csproj::TargetFramework=net8.0]
C:\Projects\Hazina\src\Core\Agents\Hazina.Generator\Core\DocumentGenerator.cs(34,24): warning MA0004: Use Task.ConfigureAwait(false) if the current SynchronizationContext is not needed (https://github.com/meziantou/Meziantou.Analyzer/blob/main/docs/Rules/MA0004.md) [C:\Projects\Hazina\src\Core\Agents\Hazina.Generator\Hazina.Generator.csproj::TargetFramework=net8.0]
C:\Projects\Hazina\src\Core\Agents\Hazina.Generator\Core\DocumentGenerator.cs(55,13): warning SA1312: Variable 'OpenAIAPI' should begin with lower-case letter (https://github.com/DotNetAnalyzers/StyleCopAnalyzers/blob/master/documentation/SA1312.md) [C:\Projects\Hazina\src\Core\Agents\Hazina.Generator\Hazina.Generator.csproj::TargetFramework=net8.0]
C:\Projects\Hazina\src\Core\Agents\Hazina.Generator\Core\DocumentGenerator.cs(189,22): warning SA1025: Code should not contain multiple whitespace characters in a row (https://github.com/DotNetAnalyzers/StyleCopAnalyzers/blob/master/documentation/SA1025.md) [C:\Projects\Hazina\src\Core\Agents\Hazina.Generator\Hazina.Generator.csproj::TargetFramework=net8.0]
C:\Projects\Hazina\src\Core\Agents\Hazina.Generator\Core\DocumentGenerator.cs(91,63): warning SA1314: Type parameter names should begin with T (https://github.com/DotNetAnalyzers/StyleCopAnalyzers/blob/master/documentation/SA1314.md) [C:\Projects\Hazina\src\Core\Agents\Hazina.Generator\Hazina.Generator.csproj::TargetFramework=net8.0]
C:\Projects\Hazina\src\Core\Agents\Hazina.Generator\Core\DocumentGenerator.cs(81,28): warning MA0004: Use Task.ConfigureAwait(false) if the current SynchronizationContext is not needed (https://github.com/meziantou/Meziantou.Analyzer/blob/main/docs/Rules/MA0004.md) [C:\Projects\Hazina\src\Core\Agents\Hazina.Generator\Hazina.Generator.csproj::TargetFramework=net8.0]
C:\Projects\Hazina\src\Core\Agents\Hazina.Generator\Core\DocumentGenerator.cs(82,16): warning MA0004: Use Task.ConfigureAwait(false) if the current SynchronizationContext is not needed (https://github.com/meziantou/Meziantou.Analyzer/blob/main/docs/Rules/MA0004.md) [C:\Projects\Hazina\src\Core\Agents\Hazina.Generator\Hazina.Generator.csproj::TargetFramework=net8.0]
C:\Projects\Hazina\src\Core\Agents\Hazina.Generator\Core\DocumentGenerator.cs(97,66): warning SA1314: Type parameter names should begin with T (https://github.com/DotNetAnalyzers/StyleCopAnalyzers/blob/master/documentation/SA1314.md) [C:\Projects\Hazina\src\Core\Agents\Hazina.Generator\Hazina.Generator.csproj::TargetFramework=net8.0]
C:\Projects\Hazina\src\Core\Agents\Hazina.Generator\Core\DocumentGenerator.cs(97,330): warning SA1127: Generic type constraints should be on their own line (https://github.com/DotNetAnalyzers/StyleCopAnalyzers/blob/master/documentation/SA1127.md) [C:\Projects\Hazina\src\Core\Agents\Hazina.Generator\Hazina.Generator.csproj::TargetFramework=net8.0]
C:\Projects\Hazina\src\Core\Agents\Hazina.Generator\Core\DocumentGenerator.cs(75,28): warning MA0004: Use Task.ConfigureAwait(false) if the current SynchronizationContext is not needed (https://github.com/meziantou/Meziantou.Analyzer/blob/main/docs/Rules/MA0004.md) [C:\Projects\Hazina\src\Core\Agents\Hazina.Generator\Hazina.Generator.csproj::TargetFramework=net8.0]
C:\Projects\Hazina\src\Core\Agents\Hazina.Generator\Core\DocumentGenerator.cs(91,320): warning SA1127: Generic type constraints should be on their own line (https://github.com/DotNetAnalyzers/StyleCopAnalyzers/blob/master/documentation/SA1127.md) [C:\Projects\Hazina\src\Core\Agents\Hazina.Generator\Hazina.Generator.csproj::TargetFramework=net8.0]
C:\Projects\Hazina\src\Core\Agents\Hazina.Generator\Core\DocumentGenerator.cs(103,66): warning SA1314: Type parameter names should begin with T (https://github.com/DotNetAnalyzers/StyleCopAnalyzers/blob/master/documentation/SA1314.md) [C:\Projects\Hazina\src\Core\Agents\Hazina.Generator\Hazina.Generator.csproj::TargetFramework=net8.0]
C:\Projects\Hazina\src\Core\Agents\Hazina.Generator\Core\DocumentGenerator.cs(103,355): warning SA1127: Generic type constraints should be on their own line (https://github.com/DotNetAnalyzers/StyleCopAnalyzers/blob/master/documentation/SA1127.md) [C:\Projects\Hazina\src\Core\Agents\Hazina.Generator\Hazina.Generator.csproj::TargetFramework=net8.0]
C:\Projects\Hazina\src\Core\Agents\Hazina.Generator\Core\DocumentGenerator.cs(109,138): warning S1006: Remove the default parameter value to match the signature of overridden method. (https://rules.sonarsource.com/csharp/RSPEC-1006) [C:\Projects\Hazina\src\Core\Agents\Hazina.Generator\Hazina.Generator.csproj::TargetFramework=net8.0]
C:\Projects\Hazina\src\Core\Agents\Hazina.Generator\Core\DocumentGenerator.cs(109,172): warning S1006: Remove the default parameter value to match the signature of overridden method. (https://rules.sonarsource.com/csharp/RSPEC-1006) [C:\Projects\Hazina\src\Core\Agents\Hazina.Generator\Hazina.Generator.csproj::TargetFramework=net8.0]
C:\Projects\Hazina\src\Core\Agents\Hazina.Generator\Core\DocumentGenerator.cs(109,198): warning S1006: Remove the default parameter value to match the signature of overridden method. (https://rules.sonarsource.com/csharp/RSPEC-1006) [C:\Projects\Hazina\src\Core\Agents\Hazina.Generator\Hazina.Generator.csproj::TargetFramework=net8.0]
C:\Projects\Hazina\src\Core\Agents\Hazina.Generator\Core\DocumentGenerator.cs(109,234): warning S1006: Remove the default parameter value to match the signature of overridden method. (https://rules.sonarsource.com/csharp/RSPEC-1006) [C:\Projects\Hazina\src\Core\Agents\Hazina.Generator\Hazina.Generator.csproj::TargetFramework=net8.0]
C:\Projects\Hazina\src\Core\Agents\Hazina.Generator\Core\DocumentGenerator.cs(109,266): warning S1006: Remove the default parameter value to match the signature of overridden method. (https://rules.sonarsource.com/csharp/RSPEC-1006) [C:\Projects\Hazina\src\Core\Agents\Hazina.Generator\Hazina.Generator.csproj::TargetFramework=net8.0]
C:\Projects\Hazina\src\Core\Agents\Hazina.Generator\Core\DocumentGenerator.cs(143,284): warning CA1002: Change 'List<ImageData>' in 'DocumentGenerator.UpdateStore(IEnumerable<HazinaChatMessage>, CancellationToken, [IEnumerable<HazinaChatMessage>], [bool], [bool], [IToolsContext], [List<ImageData>])' to use 'Collection<T>', 'ReadOnlyCollection<T>' or 'KeyedCollection<K,V>' (https://learn.microsoft.com/dotnet/fundamentals/code-analysis/quality-rules/ca1002) [C:\Projects\Hazina\src\Core\Agents\Hazina.Generator\Hazina.Generator.csproj::TargetFramework=net8.0]
C:\Projects\Hazina\src\Core\Agents\Hazina.Generator\Core\DocumentGenerator.cs(109,63): warning S927: Rename parameter 'message' to 'query' to match the interface declaration. (https://rules.sonarsource.com/csharp/RSPEC-927) [C:\Projects\Hazina\src\Core\Agents\Hazina.Generator\Hazina.Generator.csproj::TargetFramework=net8.0]
C:\Projects\Hazina\src\Core\Agents\Hazina.Generator\Core\DocumentGenerator.cs(109,130): warning S927: Rename parameter 'history' to 'messages' to match the interface declaration. (https://rules.sonarsource.com/csharp/RSPEC-927) [C:\Projects\Hazina\src\Core\Agents\Hazina.Generator\Hazina.Generator.csproj::TargetFramework=net8.0]
C:\Projects\Hazina\src\Core\Agents\Hazina.Generator\Core\DocumentGenerator.cs(85,63): warning SA1314: Type parameter names should begin with T (https://github.com/DotNetAnalyzers/StyleCopAnalyzers/blob/master/documentation/SA1314.md) [C:\Projects\Hazina\src\Core\Agents\Hazina.Generator\Hazina.Generator.csproj::TargetFramework=net8.0]
C:\Projects\Hazina\src\Core\Agents\Hazina.Generator\Core\DocumentGenerator.cs(143,267): warning MA0016: Prefer using collection abstraction instead of implementation (https://github.com/meziantou/Meziantou.Analyzer/blob/main/docs/Rules/MA0016.md) [C:\Projects\Hazina\src\Core\Agents\Hazina.Generator\Hazina.Generator.csproj::TargetFramework=net8.0]
C:\Projects\Hazina\src\Core\Agents\Hazina.Generator\Core\DocumentGenerator.cs(85,295): warning SA1127: Generic type constraints should be on their own line (https://github.com/DotNetAnalyzers/StyleCopAnalyzers/blob/master/documentation/SA1127.md) [C:\Projects\Hazina\src\Core\Agents\Hazina.Generator\Hazina.Generator.csproj::TargetFramework=net8.0]
C:\Projects\Hazina\src\Core\Agents\Hazina.Generator\Core\DocumentGenerator.cs(76,16): warning MA0004: Use Task.ConfigureAwait(false) if the current SynchronizationContext is not needed (https://github.com/meziantou/Meziantou.Analyzer/blob/main/docs/Rules/MA0004.md) [C:\Projects\Hazina\src\Core\Agents\Hazina.Generator\Hazina.Generator.csproj::TargetFramework=net8.0]
C:\Projects\Hazina\src\Core\Agents\Hazina.Generator\Core\DocumentGenerator.cs(218,28): warning SA1028: Code should not contain trailing whitespace (https://github.com/DotNetAnalyzers/StyleCopAnalyzers/blob/master/documentation/SA1028.md) [C:\Projects\Hazina\src\Core\Agents\Hazina.Generator\Hazina.Generator.csproj::TargetFramework=net8.0]
C:\Projects\Hazina\src\Core\Agents\Hazina.Generator\Core\Serializer.cs(1,1): warning S125: Remove this commented out code. (https://rules.sonarsource.com/csharp/RSPEC-125) [C:\Projects\Hazina\src\Core\Agents\Hazina.Generator\Hazina.Generator.csproj::TargetFramework=net8.0]
C:\Projects\Hazina\src\Core\Agents\Hazina.Generator\Core\DocumentGenerator.cs(63,28): warning MA0004: Use Task.ConfigureAwait(false) if the current SynchronizationContext is not needed (https://github.com/meziantou/Meziantou.Analyzer/blob/main/docs/Rules/MA0004.md) [C:\Projects\Hazina\src\Core\Agents\Hazina.Generator\Hazina.Generator.csproj::TargetFramework=net8.0]
C:\Projects\Hazina\src\Core\Agents\Hazina.Generator\Core\Serializer.cs(1,1): warning SA1633: The file header XML is invalid. (https://github.com/DotNetAnalyzers/StyleCopAnalyzers/blob/master/documentation/SA1633.md) [C:\Projects\Hazina\src\Core\Agents\Hazina.Generator\Hazina.Generator.csproj::TargetFramework=net8.0]
C:\Projects\Hazina\src\Core\Agents\Hazina.Generator\Core\DocumentGenerator.cs(55,13): warning S1481: Remove the unused local variable 'OpenAIAPI'. (https://rules.sonarsource.com/csharp/RSPEC-1481) [C:\Projects\Hazina\src\Core\Agents\Hazina.Generator\Hazina.Generator.csproj::TargetFramework=net8.0]
C:\Projects\Hazina\src\Core\Agents\Hazina.Generator\Core\DocumentGenerator.cs(99,28): warning MA0004: Use Task.ConfigureAwait(false) if the current SynchronizationContext is not needed (https://github.com/meziantou/Meziantou.Analyzer/blob/main/docs/Rules/MA0004.md) [C:\Projects\Hazina\src\Core\Agents\Hazina.Generator\Hazina.Generator.csproj::TargetFramework=net8.0]
C:\Projects\Hazina\src\Core\Agents\Hazina.Generator\Core\DocumentGenerator.cs(93,28): warning MA0004: Use Task.ConfigureAwait(false) if the current SynchronizationContext is not needed (https://github.com/meziantou/Meziantou.Analyzer/blob/main/docs/Rules/MA0004.md) [C:\Projects\Hazina\src\Core\Agents\Hazina.Generator\Hazina.Generator.csproj::TargetFramework=net8.0]
C:\Projects\Hazina\src\Core\Agents\Hazina.Generator\Core\DocumentGenerator.cs(64,16): warning MA0004: Use Task.ConfigureAwait(false) if the current SynchronizationContext is not needed (https://github.com/meziantou/Meziantou.Analyzer/blob/main/docs/Rules/MA0004.md) [C:\Projects\Hazina\src\Core\Agents\Hazina.Generator\Hazina.Generator.csproj::TargetFramework=net8.0]
C:\Projects\Hazina\src\Core\Agents\Hazina.Generator\Core\Serializer.cs(1,1): warning SA1005: Single line comment should begin with a space (https://github.com/DotNetAnalyzers/StyleCopAnalyzers/blob/master/documentation/SA1005.md) [C:\Projects\Hazina\src\Core\Agents\Hazina.Generator\Hazina.Generator.csproj::TargetFramework=net8.0]
C:\Projects\Hazina\src\Core\Agents\Hazina.Generator\Core\Serializer.cs(2,1): warning SA1005: Single line comment should begin with a space (https://github.com/DotNetAnalyzers/StyleCopAnalyzers/blob/master/documentation/SA1005.md) [C:\Projects\Hazina\src\Core\Agents\Hazina.Generator\Hazina.Generator.csproj::TargetFramework=net8.0]
C:\Projects\Hazina\src\Core\Agents\Hazina.Generator\Core\Serializer.cs(4,1): warning SA1005: Single line comment should begin with a space (https://github.com/DotNetAnalyzers/StyleCopAnalyzers/blob/master/documentation/SA1005.md) [C:\Projects\Hazina\src\Core\Agents\Hazina.Generator\Hazina.Generator.csproj::TargetFramework=net8.0]
C:\Projects\Hazina\src\Core\Agents\Hazina.Generator\Core\Serializer.cs(5,1): warning SA1005: Single line comment should begin with a space (https://github.com/DotNetAnalyzers/StyleCopAnalyzers/blob/master/documentation/SA1005.md) [C:\Projects\Hazina\src\Core\Agents\Hazina.Generator\Hazina.Generator.csproj::TargetFramework=net8.0]
C:\Projects\Hazina\src\Core\Agents\Hazina.Generator\Core\Serializer.cs(22,1): warning SA1005: Single line comment should begin with a space (https://github.com/DotNetAnalyzers/StyleCopAnalyzers/blob/master/documentation/SA1005.md) [C:\Projects\Hazina\src\Core\Agents\Hazina.Generator\Hazina.Generator.csproj::TargetFramework=net8.0]
C:\Projects\Hazina\src\Core\Agents\Hazina.Generator\Core\Serializer.cs(32,1): warning SA1005: Single line comment should begin with a space (https://github.com/DotNetAnalyzers/StyleCopAnalyzers/blob/master/documentation/SA1005.md) [C:\Projects\Hazina\src\Core\Agents\Hazina.Generator\Hazina.Generator.csproj::TargetFramework=net8.0]
C:\Projects\Hazina\src\Core\Agents\Hazina.Generator\Core\Serializer.cs(40,1): warning SA1005: Single line comment should begin with a space (https://github.com/DotNetAnalyzers/StyleCopAnalyzers/blob/master/documentation/SA1005.md) [C:\Projects\Hazina\src\Core\Agents\Hazina.Generator\Hazina.Generator.csproj::TargetFramework=net8.0]
C:\Projects\Hazina\src\Core\Agents\Hazina.Generator\Core\Serializer.cs(57,1): warning SA1005: Single line comment should begin with a space (https://github.com/DotNetAnalyzers/StyleCopAnalyzers/blob/master/documentation/SA1005.md) [C:\Projects\Hazina\src\Core\Agents\Hazina.Generator\Hazina.Generator.csproj::TargetFramework=net8.0]
C:\Projects\Hazina\src\Core\Agents\Hazina.Generator\Core\Serializer.cs(78,1): warning SA1005: Single line comment should begin with a space (https://github.com/DotNetAnalyzers/StyleCopAnalyzers/blob/master/documentation/SA1005.md) [C:\Projects\Hazina\src\Core\Agents\Hazina.Generator\Hazina.Generator.csproj::TargetFramework=net8.0]
C:\Projects\Hazina\src\Core\Agents\Hazina.Generator\Core\DocumentGenerator.cs(94,16): warning MA0004: Use Task.ConfigureAwait(false) if the current SynchronizationContext is not needed (https://github.com/meziantou/Meziantou.Analyzer/blob/main/docs/Rules/MA0004.md) [C:\Projects\Hazina\src\Core\Agents\Hazina.Generator\Hazina.Generator.csproj::TargetFramework=net8.0]
C:\Projects\Hazina\src\Core\Agents\Hazina.Generator\Core\DocumentGenerator.cs(100,16): warning MA0004: Use Task.ConfigureAwait(false) if the current SynchronizationContext is not needed (https://github.com/meziantou/Meziantou.Analyzer/blob/main/docs/Rules/MA0004.md) [C:\Projects\Hazina\src\Core\Agents\Hazina.Generator\Hazina.Generator.csproj::TargetFramework=net8.0]
C:\Projects\Hazina\src\Core\Agents\Hazina.Generator\Core\Serializer.cs(44,29): warning SA1028: Code should not contain trailing whitespace (https://github.com/DotNetAnalyzers/StyleCopAnalyzers/blob/master/documentation/SA1028.md) [C:\Projects\Hazina\src\Core\Agents\Hazina.Generator\Hazina.Generator.csproj::TargetFramework=net8.0]
C:\Projects\Hazina\src\Core\Agents\Hazina.Generator\Core\Serializer.cs(45,49): warning SA1028: Code should not contain trailing whitespace (https://github.com/DotNetAnalyzers/StyleCopAnalyzers/blob/master/documentation/SA1028.md) [C:\Projects\Hazina\src\Core\Agents\Hazina.Generator\Hazina.Generator.csproj::TargetFramework=net8.0]
C:\Projects\Hazina\src\Core\Agents\Hazina.Generator\Core\Serializer.cs(63,56): warning SA1028: Code should not contain trailing whitespace (https://github.com/DotNetAnalyzers/StyleCopAnalyzers/blob/master/documentation/SA1028.md) [C:\Projects\Hazina\src\Core\Agents\Hazina.Generator\Hazina.Generator.csproj::TargetFramework=net8.0]
C:\Projects\Hazina\src\Core\Agents\Hazina.Generator\Core\Serializer.cs(64,28): warning SA1028: Code should not contain trailing whitespace (https://github.com/DotNetAnalyzers/StyleCopAnalyzers/blob/master/documentation/SA1028.md) [C:\Projects\Hazina\src\Core\Agents\Hazina.Generator\Hazina.Generator.csproj::TargetFramework=net8.0]
C:\Projects\Hazina\src\Core\Agents\Hazina.Generator\Core\DocumentGenerator.cs(87,28): warning MA0004: Use Task.ConfigureAwait(false) if the current SynchronizationContext is not needed (https://github.com/meziantou/Meziantou.Analyzer/blob/main/docs/Rules/MA0004.md) [C:\Projects\Hazina\src\Core\Agents\Hazina.Generator\Hazina.Generator.csproj::TargetFramework=net8.0]
C:\Projects\Hazina\src\Core\Agents\Hazina.Generator\Core\DocumentGenerator.cs(88,16): warning MA0004: Use Task.ConfigureAwait(false) if the current SynchronizationContext is not needed (https://github.com/meziantou/Meziantou.Analyzer/blob/main/docs/Rules/MA0004.md) [C:\Projects\Hazina\src\Core\Agents\Hazina.Generator\Hazina.Generator.csproj::TargetFramework=net8.0]
C:\Projects\Hazina\src\Core\Agents\Hazina.Generator\Interfaces\IDocumentGenerator.cs(1,1): warning SA1633: The file header is missing or not located at the top of the file. (https://github.com/DotNetAnalyzers/StyleCopAnalyzers/blob/master/documentation/SA1633.md) [C:\Projects\Hazina\src\Core\Agents\Hazina.Generator\Hazina.Generator.csproj::TargetFramework=net8.0]
C:\Projects\Hazina\src\Core\Agents\Hazina.Generator\Core\DocumentGenerator.cs(151,69): warning CA1725: In member Task<LLMResponse<string>> DocumentGenerator.StreamUpdateStore(string message, CancellationToken cancel, Action<string> onChunkReceived, IEnumerable<HazinaChatMessage>? history = null, bool addRelevantDocuments = true, bool addFilesList = true, IToolsContext? toolsContext = null, List<ImageData>? images = null), change parameter name message to query in order to match the identifier as it has been declared in Task<LLMResponse<string>> IDocumentGenerator.StreamUpdateStore(string query, CancellationToken cancel, Action<string> onChunkReceived, IEnumerable<HazinaChatMessage>? messages, bool addRelevantDocuments, bool addFilesList, IToolsContext toolsContext, List<ImageData> images) (https://learn.microsoft.com/dotnet/fundamentals/code-analysis/quality-rules/ca1725) [C:\Projects\Hazina\src\Core\Agents\Hazina.Generator\Hazina.Generator.csproj::TargetFramework=net8.0]
C:\Projects\Hazina\src\Core\Agents\Hazina.Generator\Core\DocumentGenerator.cs(151,168): warning CA1725: In member Task<LLMResponse<string>> DocumentGenerator.StreamUpdateStore(string message, CancellationToken cancel, Action<string> onChunkReceived, IEnumerable<HazinaChatMessage>? history = null, bool addRelevantDocuments = true, bool addFilesList = true, IToolsContext? toolsContext = null, List<ImageData>? images = null), change parameter name history to messages in order to match the identifier as it has been declared in Task<LLMResponse<string>> IDocumentGenerator.StreamUpdateStore(string query, CancellationToken cancel, Action<string> onChunkReceived, IEnumerable<HazinaChatMessage>? messages, bool addRelevantDocuments, bool addFilesList, IToolsContext toolsContext, List<ImageData> images) (https://learn.microsoft.com/dotnet/fundamentals/code-analysis/quality-rules/ca1725) [C:\Projects\Hazina\src\Core\Agents\Hazina.Generator\Hazina.Generator.csproj::TargetFramework=net8.0]
C:\Projects\Hazina\src\Core\Agents\Hazina.Generator\Core\DocumentGenerator.cs(105,28): warning MA0004: Use Task.ConfigureAwait(false) if the current SynchronizationContext is not needed (https://github.com/meziantou/Meziantou.Analyzer/blob/main/docs/Rules/MA0004.md) [C:\Projects\Hazina\src\Core\Agents\Hazina.Generator\Hazina.Generator.csproj::TargetFramework=net8.0]
C:\Projects\Hazina\src\Core\Agents\Hazina.Generator\Core\DocumentGenerator.cs(151,168): warning MA0061: Method overrides should not change default values (original: <no default value>; current: null) (https://github.com/meziantou/Meziantou.Analyzer/blob/main/docs/Rules/MA0061.md) [C:\Projects\Hazina\src\Core\Agents\Hazina.Generator\Hazina.Generator.csproj::TargetFramework=net8.0]
C:\Projects\Hazina\src\Core\Agents\Hazina.Generator\Core\DocumentGenerator.cs(151,189): warning MA0061: Method overrides should not change default values (original: <no default value>; current: 'True') (https://github.com/meziantou/Meziantou.Analyzer/blob/main/docs/Rules/MA0061.md) [C:\Projects\Hazina\src\Core\Agents\Hazina.Generator\Hazina.Generator.csproj::TargetFramework=net8.0]
C:\Projects\Hazina\src\Core\Agents\Hazina.Generator\Core\DocumentGenerator.cs(151,223): warning MA0061: Method overrides should not change default values (original: <no default value>; current: 'True') (https://github.com/meziantou/Meziantou.Analyzer/blob/main/docs/Rules/MA0061.md) [C:\Projects\Hazina\src\Core\Agents\Hazina.Generator\Hazina.Generator.csproj::TargetFramework=net8.0]
C:\Projects\Hazina\src\Core\Agents\Hazina.Generator\Core\DocumentGenerator.cs(151,259): warning MA0061: Method overrides should not change default values (original: <no default value>; current: null) (https://github.com/meziantou/Meziantou.Analyzer/blob/main/docs/Rules/MA0061.md) [C:\Projects\Hazina\src\Core\Agents\Hazina.Generator\Hazina.Generator.csproj::TargetFramework=net8.0]
C:\Projects\Hazina\src\Core\Agents\Hazina.Generator\Core\DocumentGenerator.cs(151,297): warning MA0061: Method overrides should not change default values (original: <no default value>; current: null) (https://github.com/meziantou/Meziantou.Analyzer/blob/main/docs/Rules/MA0061.md) [C:\Projects\Hazina\src\Core\Agents\Hazina.Generator\Hazina.Generator.csproj::TargetFramework=net8.0]
C:\Projects\Hazina\src\Core\Agents\Hazina.Generator\Core\DocumentGenerator.cs(140,76): warning SA1122: Use string.Empty for empty strings (https://github.com/DotNetAnalyzers/StyleCopAnalyzers/blob/master/documentation/SA1122.md) [C:\Projects\Hazina\src\Core\Agents\Hazina.Generator\Hazina.Generator.csproj::TargetFramework=net8.0]
C:\Projects\Hazina\src\Core\Agents\Hazina.Generator\Core\DocumentGenerator.cs(106,16): warning MA0004: Use Task.ConfigureAwait(false) if the current SynchronizationContext is not needed (https://github.com/meziantou/Meziantou.Analyzer/blob/main/docs/Rules/MA0004.md) [C:\Projects\Hazina\src\Core\Agents\Hazina.Generator\Hazina.Generator.csproj::TargetFramework=net8.0]
C:\Projects\Hazina\src\Core\Agents\Hazina.Generator\Models\StoreSafetyPolicy.cs(65,43): warning SA1503: Braces should not be omitted (https://github.com/DotNetAnalyzers/StyleCopAnalyzers/blob/master/documentation/SA1503.md) [C:\Projects\Hazina\src\Core\Agents\Hazina.Generator\Hazina.Generator.csproj::TargetFramework=net8.0]
C:\Projects\Hazina\src\Core\Agents\Hazina.Generator\Interfaces\ISerializer.cs(2,1): warning S125: Remove this commented out code. (https://rules.sonarsource.com/csharp/RSPEC-125) [C:\Projects\Hazina\src\Core\Agents\Hazina.Generator\Hazina.Generator.csproj::TargetFramework=net8.0]
C:\Projects\Hazina\src\Core\Agents\Hazina.Generator\Interfaces\ISerializer.cs(1,1): warning SA1633: The file header XML is invalid. (https://github.com/DotNetAnalyzers/StyleCopAnalyzers/blob/master/documentation/SA1633.md) [C:\Projects\Hazina\src\Core\Agents\Hazina.Generator\Hazina.Generator.csproj::TargetFramework=net8.0]
C:\Projects\Hazina\src\Core\Agents\Hazina.Generator\Interfaces\ISerializer.cs(8,4): warning SA1518: File is required to end with a single newline character (https://github.com/DotNetAnalyzers/StyleCopAnalyzers/blob/master/documentation/SA1518.md) [C:\Projects\Hazina\src\Core\Agents\Hazina.Generator\Hazina.Generator.csproj::TargetFramework=net8.0]
C:\Projects\Hazina\src\Core\Agents\Hazina.Generator\Interfaces\ISerializer.cs(1,1): warning SA1005: Single line comment should begin with a space (https://github.com/DotNetAnalyzers/StyleCopAnalyzers/blob/master/documentation/SA1005.md) [C:\Projects\Hazina\src\Core\Agents\Hazina.Generator\Hazina.Generator.csproj::TargetFramework=net8.0]
C:\Projects\Hazina\src\Core\Agents\Hazina.Generator\Interfaces\ISerializer.cs(2,1): warning SA1005: Single line comment should begin with a space (https://github.com/DotNetAnalyzers/StyleCopAnalyzers/blob/master/documentation/SA1005.md) [C:\Projects\Hazina\src\Core\Agents\Hazina.Generator\Hazina.Generator.csproj::TargetFramework=net8.0]
C:\Projects\Hazina\src\Core\Agents\Hazina.Generator\Interfaces\ISerializer.cs(8,1): warning SA1005: Single line comment should begin with a space (https://github.com/DotNetAnalyzers/StyleCopAnalyzers/blob/master/documentation/SA1005.md) [C:\Projects\Hazina\src\Core\Agents\Hazina.Generator\Hazina.Generator.csproj::TargetFramework=net8.0]
C:\Projects\Hazina\src\Core\Agents\Hazina.Generator\Models\StoreSafetyPolicy.cs(84,36): warning SA1503: Braces should not be omitted (https://github.com/DotNetAnalyzers/StyleCopAnalyzers/blob/master/documentation/SA1503.md) [C:\Projects\Hazina\src\Core\Agents\Hazina.Generator\Hazina.Generator.csproj::TargetFramework=net8.0]
C:\Projects\Hazina\src\Core\Agents\Hazina.Generator\Models\DeleteDocumentRequest.cs(1,1): warning SA1633: The file header is missing or not located at the top of the file. (https://github.com/DotNetAnalyzers/StyleCopAnalyzers/blob/master/documentation/SA1633.md) [C:\Projects\Hazina\src\Core\Agents\Hazina.Generator\Hazina.Generator.csproj::TargetFramework=net8.0]
C:\Projects\Hazina\src\Core\Agents\Hazina.Generator\Models\DeleteDocumentRequest.cs(6,14): warning SA1402: File may only contain a single type (https://github.com/DotNetAnalyzers/StyleCopAnalyzers/blob/master/documentation/SA1402.md) [C:\Projects\Hazina\src\Core\Agents\Hazina.Generator\Hazina.Generator.csproj::TargetFramework=net8.0]
C:\Projects\Hazina\src\Core\Agents\Hazina.Generator\Models\ModifyDocumentRequest.cs(1,1): warning SA1633: The file header is missing or not located at the top of the file. (https://github.com/DotNetAnalyzers/StyleCopAnalyzers/blob/master/documentation/SA1633.md) [C:\Projects\Hazina\src\Core\Agents\Hazina.Generator\Hazina.Generator.csproj::TargetFramework=net8.0]
C:\Projects\Hazina\src\Core\Agents\Hazina.Generator\Core\DocumentGenerator.cs(111,28): warning MA0004: Use Task.ConfigureAwait(false) if the current SynchronizationContext is not needed (https://github.com/meziantou/Meziantou.Analyzer/blob/main/docs/Rules/MA0004.md) [C:\Projects\Hazina\src\Core\Agents\Hazina.Generator\Hazina.Generator.csproj::TargetFramework=net8.0]
C:\Projects\Hazina\src\Core\Agents\Hazina.Generator\Core\DocumentGenerator.cs(136,24): warning MA0004: Use Task.ConfigureAwait(false) if the current SynchronizationContext is not needed (https://github.com/meziantou/Meziantou.Analyzer/blob/main/docs/Rules/MA0004.md) [C:\Projects\Hazina\src\Core\Agents\Hazina.Generator\Hazina.Generator.csproj::TargetFramework=net8.0]
C:\Projects\Hazina\src\Core\Agents\Hazina.Generator\Core\DocumentGenerator.cs(151,176): warning S1006: Remove the default parameter value to match the signature of overridden method. (https://rules.sonarsource.com/csharp/RSPEC-1006) [C:\Projects\Hazina\src\Core\Agents\Hazina.Generator\Hazina.Generator.csproj::TargetFramework=net8.0]
C:\Projects\Hazina\src\Core\Agents\Hazina.Generator\Core\DocumentGenerator.cs(151,210): warning S1006: Remove the default parameter value to match the signature of overridden method. (https://rules.sonarsource.com/csharp/RSPEC-1006) [C:\Projects\Hazina\src\Core\Agents\Hazina.Generator\Hazina.Generator.csproj::TargetFramework=net8.0]
C:\Projects\Hazina\src\Core\Agents\Hazina.Generator\Core\DocumentGenerator.cs(151,236): warning S1006: Remove the default parameter value to match the signature of overridden method. (https://rules.sonarsource.com/csharp/RSPEC-1006) [C:\Projects\Hazina\src\Core\Agents\Hazina.Generator\Hazina.Generator.csproj::TargetFramework=net8.0]
C:\Projects\Hazina\src\Core\Agents\Hazina.Generator\Core\DocumentGenerator.cs(151,272): warning S1006: Remove the default parameter value to match the signature of overridden method. (https://rules.sonarsource.com/csharp/RSPEC-1006) [C:\Projects\Hazina\src\Core\Agents\Hazina.Generator\Hazina.Generator.csproj::TargetFramework=net8.0]
C:\Projects\Hazina\src\Core\Agents\Hazina.Generator\Core\DocumentGenerator.cs(151,304): warning S1006: Remove the default parameter value to match the signature of overridden method. (https://rules.sonarsource.com/csharp/RSPEC-1006) [C:\Projects\Hazina\src\Core\Agents\Hazina.Generator\Hazina.Generator.csproj::TargetFramework=net8.0]
C:\Projects\Hazina\src\Core\Agents\Hazina.Generator\Core\DocumentGenerator.cs(151,69): warning S927: Rename parameter 'message' to 'query' to match the interface declaration. (https://rules.sonarsource.com/csharp/RSPEC-927) [C:\Projects\Hazina\src\Core\Agents\Hazina.Generator\Hazina.Generator.csproj::TargetFramework=net8.0]
C:\Projects\Hazina\src\Core\Agents\Hazina.Generator\Core\DocumentGenerator.cs(151,168): warning S927: Rename parameter 'history' to 'messages' to match the interface declaration. (https://rules.sonarsource.com/csharp/RSPEC-927) [C:\Projects\Hazina\src\Core\Agents\Hazina.Generator\Hazina.Generator.csproj::TargetFramework=net8.0]
C:\Projects\Hazina\src\Core\Agents\Hazina.Generator\Core\DocumentGenerator.cs(138,9): warning MA0004: Use Task.ConfigureAwait(false) if the current SynchronizationContext is not needed (https://github.com/meziantou/Meziantou.Analyzer/blob/main/docs/Rules/MA0004.md) [C:\Projects\Hazina\src\Core\Agents\Hazina.Generator\Hazina.Generator.csproj::TargetFramework=net8.0]
C:\Projects\Hazina\src\Core\Agents\Hazina.Generator\Models\StoreSafetyPolicy.cs(1,1): warning SA1633: The file header is missing or not located at the top of the file. (https://github.com/DotNetAnalyzers/StyleCopAnalyzers/blob/master/documentation/SA1633.md) [C:\Projects\Hazina\src\Core\Agents\Hazina.Generator\Hazina.Generator.csproj::TargetFramework=net8.0]
C:\Projects\Hazina\src\Core\Agents\Hazina.Generator\Core\DocumentGenerator.cs(148,76): warning SA1122: Use string.Empty for empty strings (https://github.com/DotNetAnalyzers/StyleCopAnalyzers/blob/master/documentation/SA1122.md) [C:\Projects\Hazina\src\Core\Agents\Hazina.Generator\Hazina.Generator.csproj::TargetFramework=net8.0]
C:\Projects\Hazina\src\Core\Agents\Hazina.Generator\Core\DocumentGenerator.cs(145,28): warning MA0004: Use Task.ConfigureAwait(false) if the current SynchronizationContext is not needed (https://github.com/meziantou/Meziantou.Analyzer/blob/main/docs/Rules/MA0004.md) [C:\Projects\Hazina\src\Core\Agents\Hazina.Generator\Hazina.Generator.csproj::TargetFramework=net8.0]
C:\Projects\Hazina\src\Core\Agents\Hazina.Generator\Core\DocumentGenerator.cs(146,24): warning MA0004: Use Task.ConfigureAwait(false) if the current SynchronizationContext is not needed (https://github.com/meziantou/Meziantou.Analyzer/blob/main/docs/Rules/MA0004.md) [C:\Projects\Hazina\src\Core\Agents\Hazina.Generator\Hazina.Generator.csproj::TargetFramework=net8.0]
C:\Projects\Hazina\src\Core\Agents\Hazina.Generator\Core\DocumentGenerator.cs(69,28): warning MA0004: Use Task.ConfigureAwait(false) if the current SynchronizationContext is not needed (https://github.com/meziantou/Meziantou.Analyzer/blob/main/docs/Rules/MA0004.md) [C:\Projects\Hazina\src\Core\Agents\Hazina.Generator\Hazina.Generator.csproj::TargetFramework=net8.0]
C:\Projects\Hazina\src\Core\Agents\Hazina.Generator\Core\DocumentGenerator.cs(70,16): warning MA0004: Use Task.ConfigureAwait(false) if the current SynchronizationContext is not needed (https://github.com/meziantou/Meziantou.Analyzer/blob/main/docs/Rules/MA0004.md) [C:\Projects\Hazina\src\Core\Agents\Hazina.Generator\Hazina.Generator.csproj::TargetFramework=net8.0]
C:\Projects\Hazina\src\Core\Agents\Hazina.Generator\Core\DocumentGenerator.cs(147,9): warning MA0004: Use Task.ConfigureAwait(false) if the current SynchronizationContext is not needed (https://github.com/meziantou/Meziantou.Analyzer/blob/main/docs/Rules/MA0004.md) [C:\Projects\Hazina\src\Core\Agents\Hazina.Generator\Hazina.Generator.csproj::TargetFramework=net8.0]
C:\Projects\Hazina\src\Core\Agents\Hazina.Generator\Models\StoreSafetyPolicy.cs(78,74): warning MA0002: Use an overload that has a IEqualityComparer<string> or IComparer<string> parameter (https://github.com/meziantou/Meziantou.Analyzer/blob/main/docs/Rules/MA0002.md) [C:\Projects\Hazina\src\Core\Agents\Hazina.Generator\Hazina.Generator.csproj::TargetFramework=net8.0]
C:\Projects\Hazina\src\Core\Agents\Hazina.Generator\Core\DocumentGenerator.cs(156,76): warning SA1122: Use string.Empty for empty strings (https://github.com/DotNetAnalyzers/StyleCopAnalyzers/blob/master/documentation/SA1122.md) [C:\Projects\Hazina\src\Core\Agents\Hazina.Generator\Hazina.Generator.csproj::TargetFramework=net8.0]
C:\Projects\Hazina\src\Core\Agents\Hazina.Generator\Models\StoreSafetyPolicyViolationException.cs(1,1): warning SA1633: The file header is missing or not located at the top of the file. (https://github.com/DotNetAnalyzers/StyleCopAnalyzers/blob/master/documentation/SA1633.md) [C:\Projects\Hazina\src\Core\Agents\Hazina.Generator\Hazina.Generator.csproj::TargetFramework=net8.0]
C:\Projects\Hazina\src\Core\Agents\Hazina.Generator\Models\UpdateStoreResponse.cs(1,1): warning SA1633: The file header is missing or not located at the top of the file. (https://github.com/DotNetAnalyzers/StyleCopAnalyzers/blob/master/documentation/SA1633.md) [C:\Projects\Hazina\src\Core\Agents\Hazina.Generator\Hazina.Generator.csproj::TargetFramework=net8.0]
C:\Projects\Hazina\src\Core\Agents\Hazina.Generator\Core\DocumentGenerator.cs(183,16): warning MA0004: Use Task.ConfigureAwait(false) if the current SynchronizationContext is not needed (https://github.com/meziantou/Meziantou.Analyzer/blob/main/docs/Rules/MA0004.md) [C:\Projects\Hazina\src\Core\Agents\Hazina.Generator\Hazina.Generator.csproj::TargetFramework=net8.0]
C:\Projects\Hazina\src\Core\Agents\Hazina.Generator\Core\DocumentGenerator.cs(153,28): warning MA0004: Use Task.ConfigureAwait(false) if the current SynchronizationContext is not needed (https://github.com/meziantou/Meziantou.Analyzer/blob/main/docs/Rules/MA0004.md) [C:\Projects\Hazina\src\Core\Agents\Hazina.Generator\Hazina.Generator.csproj::TargetFramework=net8.0]
C:\Projects\Hazina\src\Core\Agents\Hazina.Generator\Core\DocumentGenerator.cs(154,24): warning MA0004: Use Task.ConfigureAwait(false) if the current SynchronizationContext is not needed (https://github.com/meziantou/Meziantou.Analyzer/blob/main/docs/Rules/MA0004.md) [C:\Projects\Hazina\src\Core\Agents\Hazina.Generator\Hazina.Generator.csproj::TargetFramework=net8.0]
C:\Projects\Hazina\src\Core\Agents\Hazina.Generator\Core\DocumentGenerator.cs(155,9): warning MA0004: Use Task.ConfigureAwait(false) if the current SynchronizationContext is not needed (https://github.com/meziantou/Meziantou.Analyzer/blob/main/docs/Rules/MA0004.md) [C:\Projects\Hazina\src\Core\Agents\Hazina.Generator\Hazina.Generator.csproj::TargetFramework=net8.0]
C:\Projects\Hazina\src\Core\Agents\Hazina.Generator\Core\DocumentGenerator.cs(162,13): warning SA1519: Braces should not be omitted from multi-line child statement (https://github.com/DotNetAnalyzers/StyleCopAnalyzers/blob/master/documentation/SA1519.md) [C:\Projects\Hazina\src\Core\Agents\Hazina.Generator\Hazina.Generator.csproj::TargetFramework=net8.0]
C:\Projects\Hazina\src\Core\Agents\Hazina.Generator\Core\DocumentGenerator.cs(168,13): warning SA1519: Braces should not be omitted from multi-line child statement (https://github.com/DotNetAnalyzers/StyleCopAnalyzers/blob/master/documentation/SA1519.md) [C:\Projects\Hazina\src\Core\Agents\Hazina.Generator\Hazina.Generator.csproj::TargetFramework=net8.0]
C:\Projects\Hazina\src\Core\Agents\Hazina.Generator\Core\DocumentGenerator.cs(173,13): warning SA1519: Braces should not be omitted from multi-line child statement (https://github.com/DotNetAnalyzers/StyleCopAnalyzers/blob/master/documentation/SA1519.md) [C:\Projects\Hazina\src\Core\Agents\Hazina.Generator\Hazina.Generator.csproj::TargetFramework=net8.0]
C:\Projects\Hazina\src\Core\Agents\Hazina.Generator\Core\DocumentGenerator.cs(165,17): warning MA0004: Use Task.ConfigureAwait(false) if the current SynchronizationContext is not needed (https://github.com/meziantou/Meziantou.Analyzer/blob/main/docs/Rules/MA0004.md) [C:\Projects\Hazina\src\Core\Agents\Hazina.Generator\Hazina.Generator.csproj::TargetFramework=net8.0]
C:\Projects\Hazina\src\Core\Agents\Hazina.Generator\Core\DocumentGenerator.cs(170,17): warning MA0004: Use Task.ConfigureAwait(false) if the current SynchronizationContext is not needed (https://github.com/meziantou/Meziantou.Analyzer/blob/main/docs/Rules/MA0004.md) [C:\Projects\Hazina\src\Core\Agents\Hazina.Generator\Hazina.Generator.csproj::TargetFramework=net8.0]
C:\Projects\Hazina\src\Core\Agents\Hazina.Generator\Core\DocumentGenerator.cs(176,17): warning MA0004: Use Task.ConfigureAwait(false) if the current SynchronizationContext is not needed (https://github.com/meziantou/Meziantou.Analyzer/blob/main/docs/Rules/MA0004.md) [C:\Projects\Hazina\src\Core\Agents\Hazina.Generator\Hazina.Generator.csproj::TargetFramework=net8.0]
C:\Projects\Hazina\src\Core\Agents\Hazina.Generator\Core\DocumentGenerator.cs(191,17): warning SA1503: Braces should not be omitted (https://github.com/DotNetAnalyzers/StyleCopAnalyzers/blob/master/documentation/SA1503.md) [C:\Projects\Hazina\src\Core\Agents\Hazina.Generator\Hazina.Generator.csproj::TargetFramework=net8.0]
C:\Projects\Hazina\src\Core\Agents\Hazina.Generator\Core\DocumentGenerator.cs(193,17): warning SA1503: Braces should not be omitted (https://github.com/DotNetAnalyzers/StyleCopAnalyzers/blob/master/documentation/SA1503.md) [C:\Projects\Hazina\src\Core\Agents\Hazina.Generator\Hazina.Generator.csproj::TargetFramework=net8.0]
C:\Projects\Hazina\src\Core\Agents\Hazina.Generator\Core\DocumentGenerator.cs(219,13): warning SA1503: Braces should not be omitted (https://github.com/DotNetAnalyzers/StyleCopAnalyzers/blob/master/documentation/SA1503.md) [C:\Projects\Hazina\src\Core\Agents\Hazina.Generator\Hazina.Generator.csproj::TargetFramework=net8.0]
C:\Projects\Hazina\src\Core\Agents\Hazina.Generator\Core\DocumentGenerator.cs(190,13): warning SA1519: Braces should not be omitted from multi-line child statement (https://github.com/DotNetAnalyzers/StyleCopAnalyzers/blob/master/documentation/SA1519.md) [C:\Projects\Hazina\src\Core\Agents\Hazina.Generator\Hazina.Generator.csproj::TargetFramework=net8.0]
C:\Projects\Hazina\src\Core\Agents\Hazina.Generator\Core\DocumentGenerator.cs(213,46): warning SA1122: Use string.Empty for empty strings (https://github.com/DotNetAnalyzers/StyleCopAnalyzers/blob/master/documentation/SA1122.md) [C:\Projects\Hazina\src\Core\Agents\Hazina.Generator\Hazina.Generator.csproj::TargetFramework=net8.0]
C:\Projects\Hazina\src\Core\Agents\Hazina.Generator\Core\DocumentGenerator.cs(199,30): warning MA0004: Use Task.ConfigureAwait(false) if the current SynchronizationContext is not needed (https://github.com/meziantou/Meziantou.Analyzer/blob/main/docs/Rules/MA0004.md) [C:\Projects\Hazina\src\Core\Agents\Hazina.Generator\Hazina.Generator.csproj::TargetFramework=net8.0]
C:\Projects\Hazina\src\Core\Agents\Hazina.Generator\Core\DocumentGenerator.cs(202,37): warning MA0004: Use Task.ConfigureAwait(false) if the current SynchronizationContext is not needed (https://github.com/meziantou/Meziantou.Analyzer/blob/main/docs/Rules/MA0004.md) [C:\Projects\Hazina\src\Core\Agents\Hazina.Generator\Hazina.Generator.csproj::TargetFramework=net8.0]
C:\Projects\Hazina\src\Core\Agents\Hazina.Generator\Core\DocumentGenerator.cs(205,24): warning MA0004: Use Task.ConfigureAwait(false) if the current SynchronizationContext is not needed (https://github.com/meziantou/Meziantou.Analyzer/blob/main/docs/Rules/MA0004.md) [C:\Projects\Hazina\src\Core\Agents\Hazina.Generator\Hazina.Generator.csproj::TargetFramework=net8.0]
C:\Projects\Hazina\src\Core\Agents\Hazina.Generator\Core\DocumentGenerator.cs(213,29): warning MA0004: Use Task.ConfigureAwait(false) if the current SynchronizationContext is not needed (https://github.com/meziantou/Meziantou.Analyzer/blob/main/docs/Rules/MA0004.md) [C:\Projects\Hazina\src\Core\Agents\Hazina.Generator\Hazina.Generator.csproj::TargetFramework=net8.0]
C:\Projects\Hazina\src\Core\Agents\Hazina.Generator\Core\DocumentGenerator.cs(193,31): warning CA1851: Possible multiple enumerations of 'IEnumerable' collection. Consider using an implementation that avoids multiple enumerations. (https://learn.microsoft.com/dotnet/fundamentals/code-analysis/quality-rules/ca1851) [C:\Projects\Hazina\src\Core\Agents\Hazina.Generator\Hazina.Generator.csproj::TargetFramework=net8.0]
C:\Projects\Hazina\src\Core\Agents\Hazina.Generator\Core\DocumentGenerator.cs(190,17): warning CA1851: Possible multiple enumerations of 'IEnumerable' collection. Consider using an implementation that avoids multiple enumerations. (https://learn.microsoft.com/dotnet/fundamentals/code-analysis/quality-rules/ca1851) [C:\Projects\Hazina\src\Core\Agents\Hazina.Generator\Hazina.Generator.csproj::TargetFramework=net8.0]
C:\Projects\Hazina\src\Core\Agents\Hazina.Generator\Core\DocumentGenerator.cs(194,78): warning CA1851: Possible multiple enumerations of 'IEnumerable' collection. Consider using an implementation that avoids multiple enumerations. (https://learn.microsoft.com/dotnet/fundamentals/code-analysis/quality-rules/ca1851) [C:\Projects\Hazina\src\Core\Agents\Hazina.Generator\Hazina.Generator.csproj::TargetFramework=net8.0]
C:\Projects\Hazina\src\Core\Agents\Hazina.Generator\Core\DocumentGenerator.cs(219,35): warning CA1851: Possible multiple enumerations of 'IEnumerable' collection. Consider using an implementation that avoids multiple enumerations. (https://learn.microsoft.com/dotnet/fundamentals/code-analysis/quality-rules/ca1851) [C:\Projects\Hazina\src\Core\Agents\Hazina.Generator\Hazina.Generator.csproj::TargetFramework=net8.0]
C:\Projects\Hazina\src\Core\Agents\Hazina.AgentFactory\Core\QuickAgentCreator.cs(23,41): warning CS8625: Cannot convert null literal to non-nullable reference type. [C:\Projects\Hazina\src\Core\Agents\Hazina.AgentFactory\Hazina.AgentFactory.csproj::TargetFramework=net10.0]
C:\Projects\Hazina\src\Core\Agents\Hazina.AgentFactory\Core\QuickAgentCreator.cs(24,38): warning CS8625: Cannot convert null literal to non-nullable reference type. [C:\Projects\Hazina\src\Core\Agents\Hazina.AgentFactory\Hazina.AgentFactory.csproj::TargetFramework=net10.0]
C:\Projects\Hazina\src\Core\Agents\Hazina.AgentFactory\Core\QuickAgentCreator.cs(25,37): warning CS8625: Cannot convert null literal to non-nullable reference type. [C:\Projects\Hazina\src\Core\Agents\Hazina.AgentFactory\Hazina.AgentFactory.csproj::TargetFramework=net10.0]
C:\Projects\Hazina\src\Core\Agents\Hazina.AgentFactory\Core\StoresAndAgentsAndFlowLoader.cs(92,141): warning CS8625: Cannot convert null literal to non-nullable reference type. [C:\Projects\Hazina\src\Core\Agents\Hazina.AgentFactory\Hazina.AgentFactory.csproj::TargetFramework=net10.0]
C:\Projects\Hazina\src\Core\Agents\Hazina.AgentFactory\Models\AgentCardModel.cs(38,46): warning CS8612: Nullability of reference types in type of 'event PropertyChangedEventHandler AgentCardModel.PropertyChanged' doesn't match implicitly implemented member 'event PropertyChangedEventHandler? INotifyPropertyChanged.PropertyChanged'. [C:\Projects\Hazina\src\Core\Agents\Hazina.AgentFactory\Hazina.AgentFactory.csproj::TargetFramework=net10.0]
C:\Projects\Hazina\src\Core\Agents\Hazina.AgentFactory\Models\FlowCardModels.cs(56,46): warning CS8612: Nullability of reference types in type of 'event PropertyChangedEventHandler FlowCardModel.PropertyChanged' doesn't match implicitly implemented member 'event PropertyChangedEventHandler? INotifyPropertyChanged.PropertyChanged'. [C:\Projects\Hazina\src\Core\Agents\Hazina.AgentFactory\Hazina.AgentFactory.csproj::TargetFramework=net10.0]
C:\Projects\Hazina\src\Core\Agents\Hazina.AgentFactory\Core\AgentManager.cs(119,62): warning CS8625: Cannot convert null literal to non-nullable reference type. [C:\Projects\Hazina\src\Core\Agents\Hazina.AgentFactory\Hazina.AgentFactory.csproj::TargetFramework=net10.0]
C:\Projects\Hazina\src\Core\Agents\Hazina.AgentFactory\Core\AgentManager.cs(149,102): warning CS8625: Cannot convert null literal to non-nullable reference type. [C:\Projects\Hazina\src\Core\Agents\Hazina.AgentFactory\Hazina.AgentFactory.csproj::TargetFramework=net10.0]
C:\Projects\Hazina\src\Core\Agents\Hazina.AgentFactory\Core\AgentManager.cs(172,106): warning CS8625: Cannot convert null literal to non-nullable reference type. [C:\Projects\Hazina\src\Core\Agents\Hazina.AgentFactory\Hazina.AgentFactory.csproj::TargetFramework=net10.0]
C:\Projects\Hazina\src\Core\Agents\Hazina.AgentFactory\Models\FlowCardModels.cs(94,46): warning CS8612: Nullability of reference types in type of 'event PropertyChangedEventHandler FlowCardsBindingModel.PropertyChanged' doesn't match implicitly implemented member 'event PropertyChangedEventHandler? INotifyPropertyChanged.PropertyChanged'. [C:\Projects\Hazina\src\Core\Agents\Hazina.AgentFactory\Hazina.AgentFactory.csproj::TargetFramework=net10.0]
C:\Projects\Hazina\src\Core\Agents\Hazina.AgentFactory\Models\StoreEntry.cs(19,50): warning CS8612: Nullability of reference types in type of 'event PropertyChangedEventHandler StoreEntry.PropertyChanged' doesn't match implicitly implemented member 'event PropertyChangedEventHandler? INotifyPropertyChanged.PropertyChanged'. [C:\Projects\Hazina\src\Core\Agents\Hazina.AgentFactory\Hazina.AgentFactory.csproj::TargetFramework=net10.0]
C:\Projects\Hazina\src\Core\Agents\Hazina.AgentFactory\Models\FlowCardModels.cs(44,12): warning CS8618: Non-nullable field '_name' must contain a non-null value when exiting constructor. Consider adding the 'required' modifier or declaring the field as nullable. [C:\Projects\Hazina\src\Core\Agents\Hazina.AgentFactory\Hazina.AgentFactory.csproj::TargetFramework=net10.0]
C:\Projects\Hazina\src\Core\Agents\Hazina.AgentFactory\Models\FlowCardModels.cs(44,12): warning CS8618: Non-nullable field '_description' must contain a non-null value when exiting constructor. Consider adding the 'required' modifier or declaring the field as nullable. [C:\Projects\Hazina\src\Core\Agents\Hazina.AgentFactory\Hazina.AgentFactory.csproj::TargetFramework=net10.0]
C:\Projects\Hazina\src\Core\Agents\Hazina.AgentFactory\Models\FlowCardModels.cs(44,12): warning CS8618: Non-nullable field '_newAgentToAdd' must contain a non-null value when exiting constructor. Consider adding the 'required' modifier or declaring the field as nullable. [C:\Projects\Hazina\src\Core\Agents\Hazina.AgentFactory\Hazina.AgentFactory.csproj::TargetFramework=net10.0]
C:\Projects\Hazina\src\Core\Agents\Hazina.AgentFactory\Models\FlowCardModels.cs(44,12): warning CS8618: Non-nullable event 'PropertyChanged' must contain a non-null value when exiting constructor. Consider adding the 'required' modifier or declaring the event as nullable. [C:\Projects\Hazina\src\Core\Agents\Hazina.AgentFactory\Hazina.AgentFactory.csproj::TargetFramework=net10.0]
C:\Projects\Hazina\src\Core\Agents\Hazina.AgentFactory\Models\IsReadyResult.cs(6,19): warning CS8618: Non-nullable property 'Message' must contain a non-null value when exiting constructor. Consider adding the 'required' modifier or declaring the property as nullable. [C:\Projects\Hazina\src\Core\Agents\Hazina.AgentFactory\Hazina.AgentFactory.csproj::TargetFramework=net10.0]
C:\Projects\Hazina\src\Core\Agents\Hazina.AgentFactory\Models\FlowCardModels.cs(49,12): warning CS8618: Non-nullable field '_newAgentToAdd' must contain a non-null value when exiting constructor. Consider adding the 'required' modifier or declaring the field as nullable. [C:\Projects\Hazina\src\Core\Agents\Hazina.AgentFactory\Hazina.AgentFactory.csproj::TargetFramework=net10.0]
C:\Projects\Hazina\src\Core\Agents\Hazina.AgentFactory\Models\FlowCardModels.cs(49,12): warning CS8618: Non-nullable event 'PropertyChanged' must contain a non-null value when exiting constructor. Consider adding the 'required' modifier or declaring the event as nullable. [C:\Projects\Hazina\src\Core\Agents\Hazina.AgentFactory\Hazina.AgentFactory.csproj::TargetFramework=net10.0]
C:\Projects\Hazina\src\Core\Agents\Hazina.AgentFactory\Models\FlowCardModels.cs(99,36): warning CS8622: Nullability of reference types in type of parameter 'sender' of 'void FlowCardsBindingModel.Cards_CollectionChanged(object sender, NotifyCollectionChangedEventArgs e)' doesn't match the target delegate 'NotifyCollectionChangedEventHandler' (possibly because of nullability attributes). [C:\Projects\Hazina\src\Core\Agents\Hazina.AgentFactory\Hazina.AgentFactory.csproj::TargetFramework=net10.0]
C:\Projects\Hazina\src\Core\Agents\Hazina.AgentFactory\Models\FlowCardModels.cs(97,12): warning CS8618: Non-nullable event 'PropertyChanged' must contain a non-null value when exiting constructor. Consider adding the 'required' modifier or declaring the event as nullable. [C:\Projects\Hazina\src\Core\Agents\Hazina.AgentFactory\Hazina.AgentFactory.csproj::TargetFramework=net10.0]
C:\Projects\Hazina\src\Core\Agents\Hazina.AgentFactory\Models\StoreRef.cs(3,19): warning CS8618: Non-nullable property 'Name' must contain a non-null value when exiting constructor. Consider adding the 'required' modifier or declaring the property as nullable. [C:\Projects\Hazina\src\Core\Agents\Hazina.AgentFactory\Hazina.AgentFactory.csproj::TargetFramework=net10.0]
C:\Projects\Hazina\src\Core\Agents\Hazina.AgentFactory\Models\StoreEntry.cs(7,24): warning CS8618: Non-nullable field '_storeName' must contain a non-null value when exiting constructor. Consider adding the 'required' modifier or declaring the field as nullable. [C:\Projects\Hazina\src\Core\Agents\Hazina.AgentFactory\Hazina.AgentFactory.csproj::TargetFramework=net10.0]
C:\Projects\Hazina\src\Core\Agents\Hazina.AgentFactory\Models\StoreEntry.cs(19,50): warning CS8618: Non-nullable event 'PropertyChanged' must contain a non-null value when exiting constructor. Consider adding the 'required' modifier or declaring the event as nullable. [C:\Projects\Hazina\src\Core\Agents\Hazina.AgentFactory\Hazina.AgentFactory.csproj::TargetFramework=net10.0]
C:\Projects\Hazina\src\Core\Agents\Hazina.AgentFactory\Models\FlowCardModels.cs(111,46): warning CS8622: Nullability of reference types in type of parameter 'sender' of 'void FlowCardsBindingModel.OnCardPropertyChanged(object sender, PropertyChangedEventArgs e)' doesn't match the target delegate 'PropertyChangedEventHandler' (possibly because of nullability attributes). [C:\Projects\Hazina\src\Core\Agents\Hazina.AgentFactory\Hazina.AgentFactory.csproj::TargetFramework=net10.0]
C:\Projects\Hazina\src\Core\Agents\Hazina.AgentFactory\Models\FlowCardModels.cs(120,46): warning CS8622: Nullability of reference types in type of parameter 'sender' of 'void FlowCardsBindingModel.OnCardPropertyChanged(object sender, PropertyChangedEventArgs e)' doesn't match the target delegate 'PropertyChangedEventHandler' (possibly because of nullability attributes). [C:\Projects\Hazina\src\Core\Agents\Hazina.AgentFactory\Hazina.AgentFactory.csproj::TargetFramework=net10.0]
C:\Projects\Hazina\src\Core\Agents\Hazina.AgentFactory\Models\FlowCardModels.cs(134,37): warning CS8622: Nullability of reference types in type of parameter 'sender' of 'void FlowCardsBindingModel.OnCardPropertyChanged(object sender, PropertyChangedEventArgs e)' doesn't match the target delegate 'PropertyChangedEventHandler' (possibly because of nullability attributes). [C:\Projects\Hazina\src\Core\Agents\Hazina.AgentFactory\Hazina.AgentFactory.csproj::TargetFramework=net10.0]
C:\Projects\Hazina\src\Core\Agents\Hazina.AgentFactory\Models\AgentCardModel.cs(8,20): warning CS8618: Non-nullable field 'name' must contain a non-null value when exiting constructor. Consider adding the 'required' modifier or declaring the field as nullable. [C:\Projects\Hazina\src\Core\Agents\Hazina.AgentFactory\Hazina.AgentFactory.csproj::TargetFramework=net10.0]
C:\Projects\Hazina\src\Core\Agents\Hazina.AgentFactory\Models\AgentCardModel.cs(9,20): warning CS8618: Non-nullable field 'description' must contain a non-null value when exiting constructor. Consider adding the 'required' modifier or declaring the field as nullable. [C:\Projects\Hazina\src\Core\Agents\Hazina.AgentFactory\Hazina.AgentFactory.csproj::TargetFramework=net10.0]
C:\Projects\Hazina\src\Core\Agents\Hazina.AgentFactory\Models\AgentCardModel.cs(10,20): warning CS8618: Non-nullable field 'prompt' must contain a non-null value when exiting constructor. Consider adding the 'required' modifier or declaring the field as nullable. [C:\Projects\Hazina\src\Core\Agents\Hazina.AgentFactory\Hazina.AgentFactory.csproj::TargetFramework=net10.0]
C:\Projects\Hazina\src\Core\Agents\Hazina.AgentFactory\Models\AgentCardModel.cs(16,20): warning CS8618: Non-nullable field 'newStoreToAdd' must contain a non-null value when exiting constructor. Consider adding the 'required' modifier or declaring the field as nullable. [C:\Projects\Hazina\src\Core\Agents\Hazina.AgentFactory\Hazina.AgentFactory.csproj::TargetFramework=net10.0]
C:\Projects\Hazina\src\Core\Agents\Hazina.AgentFactory\Models\AgentCardModel.cs(18,20): warning CS8618: Non-nullable field 'newFunctionToAdd' must contain a non-null value when exiting constructor. Consider adding the 'required' modifier or declaring the field as nullable. [C:\Projects\Hazina\src\Core\Agents\Hazina.AgentFactory\Hazina.AgentFactory.csproj::TargetFramework=net10.0]
C:\Projects\Hazina\src\Core\Agents\Hazina.AgentFactory\Models\AgentCardModel.cs(19,20): warning CS8618: Non-nullable field 'newAgentToAdd' must contain a non-null value when exiting constructor. Consider adding the 'required' modifier or declaring the field as nullable. [C:\Projects\Hazina\src\Core\Agents\Hazina.AgentFactory\Hazina.AgentFactory.csproj::TargetFramework=net10.0]
C:\Projects\Hazina\src\Core\Agents\Hazina.AgentFactory\Models\AgentCardModel.cs(20,20): warning CS8618: Non-nullable field 'newFlowToAdd' must contain a non-null value when exiting constructor. Consider adding the 'required' modifier or declaring the field as nullable. [C:\Projects\Hazina\src\Core\Agents\Hazina.AgentFactory\Hazina.AgentFactory.csproj::TargetFramework=net10.0]
C:\Projects\Hazina\src\Core\Agents\Hazina.AgentFactory\Models\AgentCardModel.cs(38,46): warning CS8618: Non-nullable event 'PropertyChanged' must contain a non-null value when exiting constructor. Consider adding the 'required' modifier or declaring the event as nullable. [C:\Projects\Hazina\src\Core\Agents\Hazina.AgentFactory\Hazina.AgentFactory.csproj::TargetFramework=net10.0]
C:\Projects\Hazina\src\Core\Agents\Hazina.AgentFactory\Core\AgentManager.cs(48,12): warning CS8618: Non-nullable field '_stores' must contain a non-null value when exiting constructor. Consider adding the 'required' modifier or declaring the field as nullable. [C:\Projects\Hazina\src\Core\Agents\Hazina.AgentFactory\Hazina.AgentFactory.csproj::TargetFramework=net10.0]
