C:\projects\Hazina\apps\CLI\Hazina.App.ClaudeCode\Hazina.App.ClaudeCode.csproj(11,5): error MSB4035: The required attribute "Include" is empty or missing from the element <ProjectReference>.
C:\projects\Hazina\src\Core\Agents\Hazina.AgentFactory\Hazina.AgentFactory.csproj(23,5): error MSB4035: The required attribute "Include" is empty or missing from the element <ProjectReference>.
C:\projects\Hazina\src\Core\Agents\Hazina.DynamicAPI\Hazina.DynamicAPI.csproj(21,5): error MSB4035: The required attribute "Include" is empty or missing from the element <ProjectReference>.
C:\projects\Hazina\src\Core\Agents\Hazina.Generator\Hazina.Generator.csproj(19,5): error MSB4035: The required attribute "Include" is empty or missing from the element <ProjectReference>.
C:\projects\Hazina\src\Core\LLMs\Hazina.LLMClientTools\Hazina.LLMClientTools.csproj(22,5): error MSB4035: The required attribute "Include" is empty or missing from the element <ProjectReference>.
C:\projects\Hazina\apps\Desktop\Hazina.App.ExplorerIntegration\Hazina.App.ExplorerIntegration.csproj(14,5): error MSB4035: The required attribute "Include" is empty or missing from the element <ProjectReference>.
C:\projects\Hazina\apps\Web\Hazina.App.HtmlMockupGenerator\Hazina.App.HtmlMockupGenerator.csproj(19,5): error MSB4035: The required attribute "Include" is empty or missing from the element <ProjectReference>.
C:\projects\Hazina\apps\Desktop\Hazina.App.Windows\Hazina.App.Windows.csproj(32,5): error MSB4035: The required attribute "Include" is empty or missing from the element <ProjectReference>.
C:\projects\Hazina\src\Core\LLMs\Hazina.LLMs.Client\Hazina.LLMs.Client.csproj(23,5): error MSB4035: The required attribute "Include" is empty or missing from the element <ProjectReference>.
C:\projects\Hazina\src\Core\LLMs.Providers\Hazina.LLMs.Anthropic\Hazina.LLMs.Anthropic.csproj(19,5): error MSB4035: The required attribute "Include" is empty or missing from the element <ProjectReference>.
C:\projects\Hazina\src\Core\LLMs.Providers\Hazina.LLMs.Gemini\Hazina.LLMs.Gemini.csproj(19,5): error MSB4035: The required attribute "Include" is empty or missing from the element <ProjectReference>.
C:\projects\Hazina\src\Core\LLMs.Providers\Hazina.LLMs.HuggingFace\Hazina.LLMs.HuggingFace.csproj(19,5): error MSB4035: The required attribute "Include" is empty or missing from the element <ProjectReference>.
C:\projects\Hazina\src\Core\LLMs.Providers\Hazina.LLMs.Mistral\Hazina.LLMs.Mistral.csproj(19,5): error MSB4035: The required attribute "Include" is empty or missing from the element <ProjectReference>.
C:\projects\Hazina\src\Core\LLMs.Providers\Hazina.LLMs.OpenAI\Hazina.LLMs.OpenAI.csproj(25,5): error MSB4035: The required attribute "Include" is empty or missing from the element <ProjectReference>.
C:\projects\Hazina\src\Core\LLMs.Providers\Hazina.LLMs.SemanticKernel\Hazina.LLMs.SemanticKernel.csproj(30,5): error MSB4035: The required attribute "Include" is empty or missing from the element <ProjectReference>.
C:\projects\Hazina\src\Core\Storage\Hazina.Store.DocumentStore\Hazina.Store.DocumentStore.csproj(19,5): error MSB4035: The required attribute "Include" is empty or missing from the element <ProjectReference>.
C:\projects\Hazina\src\Core\Storage\Hazina.Store.EmbeddingStore\Hazina.Store.EmbeddingStore.csproj(19,5): error MSB4035: The required attribute "Include" is empty or missing from the element <ProjectReference>.
C:\projects\Hazina\src\Tools\Common\Hazina.Tools.Common.Models\Hazina.Tools.Common.Models.local.csproj(11,5): error MSB4035: The required attribute "Include" is empty or missing from the element <ProjectReference>.
C:\projects\Hazina\src\Tools\Common\Hazina.Tools.Common.Infrastructure.AspNetCore\Hazina.Tools.Common.Infrastructure.AspNetCore.csproj(14,5): error MSB4035: The required attribute "Include" is empty or missing from the element <ProjectReference>.
C:\projects\Hazina\src\Tools\Common\Hazina.Tools.Common.Models\Hazina.Tools.Common.Models.csproj(11,5): error MSB4035: The required attribute "Include" is empty or missing from the element <ProjectReference>.
C:\projects\Hazina\src\Tools\Common\Hazina.Tools.Common.Infrastructure.AspNetCore\Hazina.Tools.Common.Infrastructure.AspNetCore.local.csproj(18,5): error MSB4035: The required attribute "Include" is empty or missing from the element <ProjectReference>.
C:\projects\Hazina\src\Tools\Foundation\Hazina.Tools.Data\Hazina.Tools.Data.csproj(14,5): error MSB4035: The required attribute "Include" is empty or missing from the element <ProjectReference>.
C:\projects\Hazina\src\Tools\Foundation\Hazina.Tools.Data\Hazina.Tools.Data.local.csproj(11,5): error MSB4035: The required attribute "Include" is empty or missing from the element <ProjectReference>.
C:\projects\Hazina\src\Tools\Foundation\Hazina.Tools.TextExtraction\Hazina.Tools.TextExtraction.csproj(17,5): error MSB4035: The required attribute "Include" is empty or missing from the element <ProjectReference>.
C:\projects\Hazina\src\Tools\Foundation\Hazina.Tools.Models\Hazina.Tools.Models.csproj(12,5): error MSB4035: The required attribute "Include" is empty or missing from the element <ProjectReference>.
C:\projects\Hazina\src\Tools\Services\Hazina.Tools.Services\Hazina.Tools.Services.csproj(15,5): error MSB4035: The required attribute "Include" is empty or missing from the element <ProjectReference>.
C:\projects\Hazina\src\Tools\Foundation\Hazina.Tools.TextExtraction\Hazina.Tools.TextExtraction.local.csproj(27,5): error MSB4035: The required attribute "Include" is empty or missing from the element <ProjectReference>.
C:\projects\Hazina\src\Tools\Services\Hazina.Tools.Services.BigQuery\Hazina.Tools.Services.BigQuery.local.csproj(10,5): error MSB4035: The required attribute "Include" is empty or missing from the element <ProjectReference>.
C:\projects\Hazina\src\Tools\Services\Hazina.Tools.Services.Chat\Hazina.Tools.Services.Chat.local.csproj(15,5): error MSB4035: The required attribute "Include" is empty or missing from the element <ProjectReference>.
C:\projects\Hazina\src\Tools\Services\Hazina.Tools.Services.DataGathering\Hazina.Tools.Services.DataGathering.local.csproj(14,5): error MSB4035: The required attribute "Include" is empty or missing from the element <ProjectReference>.
C:\projects\Hazina\src\Tools\Services\Hazina.Tools.Services.DataGathering\Hazina.Tools.Services.DataGathering.csproj(14,5): error MSB4035: The required attribute "Include" is empty or missing from the element <ProjectReference>.
C:\projects\Hazina\src\Tools\Services\Hazina.Tools.Services.FileOps\Hazina.Tools.Services.FileOps.csproj(19,5): error MSB4035: The required attribute "Include" is empty or missing from the element <ProjectReference>.
C:\projects\Hazina\src\Tools\Services\Hazina.Tools.Services.Intake\Hazina.Tools.Services.Intake.local.csproj(10,5): error MSB4035: The required attribute "Include" is empty or missing from the element <ProjectReference>.
C:\projects\Hazina\Tests\Core\Hazina.AgentFactory.Tests\Hazina.AgentFactory.Tests.csproj(22,5): error MSB4035: The required attribute "Include" is empty or missing from the element <ProjectReference>.
C:\projects\Hazina\Tests\Core\Hazina.DynamicAPI.Tests\Hazina.DynamicAPI.Tests.csproj(23,5): error MSB4035: The required attribute "Include" is empty or missing from the element <ProjectReference>.
C:\projects\Hazina\Tests\Core\Hazina.LLMs.Classes.Tests\Hazina.LLMs.Classes.Tests.csproj(22,5): error MSB4035: The required attribute "Include" is empty or missing from the element <ProjectReference>.
C:\projects\Hazina\Tests\Core\Hazina.Generator.Tests\Hazina.Generator.Tests.csproj(22,5): error MSB4035: The required attribute "Include" is empty or missing from the element <ProjectReference>.
C:\projects\Hazina\Tests\Core\Hazina.LLMs.Anthropic.Tests\Hazina.LLMs.Anthropic.Tests.csproj(23,5): error MSB4035: The required attribute "Include" is empty or missing from the element <ProjectReference>.
C:\projects\Hazina\Tests\Core\Hazina.LLMs.HuggingFace.Tests\Hazina.LLMs.HuggingFace.Tests.csproj(22,5): error MSB4035: The required attribute "Include" is empty or missing from the element <ProjectReference>.
C:\projects\Hazina\Tests\Core\Hazina.LLMs.Client.Tests\Hazina.LLMs.Client.Tests.csproj(22,5): error MSB4035: The required attribute "Include" is empty or missing from the element <ProjectReference>.
C:\projects\Hazina\Tests\Core\Hazina.LLMs.OpenAI.Tests\Hazina.LLMs.OpenAI.Tests.csproj(23,5): error MSB4035: The required attribute "Include" is empty or missing from the element <ProjectReference>.
C:\projects\Hazina\Tests\Core\Hazina.Store.EmbeddingStore.Tests\Hazina.Store.EmbeddingStore.Tests.csproj(22,5): error MSB4035: The required attribute "Include" is empty or missing from the element <ProjectReference>.
C:\projects\Hazina\Tests\Tools\Hazina.Tools.Common.Models.Tests\Hazina.Tools.Common.Models.Tests.csproj(15,5): error MSB4035: The required attribute "Include" is empty or missing from the element <ProjectReference>.
C:\projects\Hazina\Tests\Core\Hazina.Store.DocumentStore.Tests\Hazina.Store.DocumentStore.Tests.csproj(22,5): error MSB4035: The required attribute "Include" is empty or missing from the element <ProjectReference>.
C:\projects\Hazina\Tests\Tools\Hazina.Tools.TextExtraction.Tests\Hazina.Tools.TextExtraction.Tests.csproj(12,5): error MSB4035: The required attribute "Include" is empty or missing from the element <ProjectReference>.

Build FAILED.

C:\projects\Hazina\apps\CLI\Hazina.App.ClaudeCode\Hazina.App.ClaudeCode.csproj(11,5): error MSB4035: The required attribute "Include" is empty or missing from the element <ProjectReference>.
C:\projects\Hazina\src\Core\Agents\Hazina.AgentFactory\Hazina.AgentFactory.csproj(23,5): error MSB4035: The required attribute "Include" is empty or missing from the element <ProjectReference>.
C:\projects\Hazina\src\Core\Agents\Hazina.DynamicAPI\Hazina.DynamicAPI.csproj(21,5): error MSB4035: The required attribute "Include" is empty or missing from the element <ProjectReference>.
C:\projects\Hazina\src\Core\Agents\Hazina.Generator\Hazina.Generator.csproj(19,5): error MSB4035: The required attribute "Include" is empty or missing from the element <ProjectReference>.
C:\projects\Hazina\src\Core\LLMs\Hazina.LLMClientTools\Hazina.LLMClientTools.csproj(22,5): error MSB4035: The required attribute "Include" is empty or missing from the element <ProjectReference>.
C:\projects\Hazina\apps\Desktop\Hazina.App.ExplorerIntegration\Hazina.App.ExplorerIntegration.csproj(14,5): error MSB4035: The required attribute "Include" is empty or missing from the element <ProjectReference>.
C:\projects\Hazina\apps\Web\Hazina.App.HtmlMockupGenerator\Hazina.App.HtmlMockupGenerator.csproj(19,5): error MSB4035: The required attribute "Include" is empty or missing from the element <ProjectReference>.
C:\projects\Hazina\apps\Desktop\Hazina.App.Windows\Hazina.App.Windows.csproj(32,5): error MSB4035: The required attribute "Include" is empty or missing from the element <ProjectReference>.
C:\projects\Hazina\src\Core\LLMs\Hazina.LLMs.Client\Hazina.LLMs.Client.csproj(23,5): error MSB4035: The required attribute "Include" is empty or missing from the element <ProjectReference>.
C:\projects\Hazina\src\Core\LLMs.Providers\Hazina.LLMs.Anthropic\Hazina.LLMs.Anthropic.csproj(19,5): error MSB4035: The required attribute "Include" is empty or missing from the element <ProjectReference>.
C:\projects\Hazina\src\Core\LLMs.Providers\Hazina.LLMs.Gemini\Hazina.LLMs.Gemini.csproj(19,5): error MSB4035: The required attribute "Include" is empty or missing from the element <ProjectReference>.
C:\projects\Hazina\src\Core\LLMs.Providers\Hazina.LLMs.HuggingFace\Hazina.LLMs.HuggingFace.csproj(19,5): error MSB4035: The required attribute "Include" is empty or missing from the element <ProjectReference>.
C:\projects\Hazina\src\Core\LLMs.Providers\Hazina.LLMs.Mistral\Hazina.LLMs.Mistral.csproj(19,5): error MSB4035: The required attribute "Include" is empty or missing from the element <ProjectReference>.
C:\projects\Hazina\src\Core\LLMs.Providers\Hazina.LLMs.OpenAI\Hazina.LLMs.OpenAI.csproj(25,5): error MSB4035: The required attribute "Include" is empty or missing from the element <ProjectReference>.
C:\projects\Hazina\src\Core\LLMs.Providers\Hazina.LLMs.SemanticKernel\Hazina.LLMs.SemanticKernel.csproj(30,5): error MSB4035: The required attribute "Include" is empty or missing from the element <ProjectReference>.
C:\projects\Hazina\src\Core\Storage\Hazina.Store.DocumentStore\Hazina.Store.DocumentStore.csproj(19,5): error MSB4035: The required attribute "Include" is empty or missing from the element <ProjectReference>.
C:\projects\Hazina\src\Core\Storage\Hazina.Store.EmbeddingStore\Hazina.Store.EmbeddingStore.csproj(19,5): error MSB4035: The required attribute "Include" is empty or missing from the element <ProjectReference>.
C:\projects\Hazina\src\Tools\Common\Hazina.Tools.Common.Models\Hazina.Tools.Common.Models.local.csproj(11,5): error MSB4035: The required attribute "Include" is empty or missing from the element <ProjectReference>.
C:\projects\Hazina\src\Tools\Common\Hazina.Tools.Common.Infrastructure.AspNetCore\Hazina.Tools.Common.Infrastructure.AspNetCore.csproj(14,5): error MSB4035: The required attribute "Include" is empty or missing from the element <ProjectReference>.
C:\projects\Hazina\src\Tools\Common\Hazina.Tools.Common.Models\Hazina.Tools.Common.Models.csproj(11,5): error MSB4035: The required attribute "Include" is empty or missing from the element <ProjectReference>.
C:\projects\Hazina\src\Tools\Common\Hazina.Tools.Common.Infrastructure.AspNetCore\Hazina.Tools.Common.Infrastructure.AspNetCore.local.csproj(18,5): error MSB4035: The required attribute "Include" is empty or missing from the element <ProjectReference>.
C:\projects\Hazina\src\Tools\Foundation\Hazina.Tools.Data\Hazina.Tools.Data.csproj(14,5): error MSB4035: The required attribute "Include" is empty or missing from the element <ProjectReference>.
C:\projects\Hazina\src\Tools\Foundation\Hazina.Tools.Data\Hazina.Tools.Data.local.csproj(11,5): error MSB4035: The required attribute "Include" is empty or missing from the element <ProjectReference>.
C:\projects\Hazina\src\Tools\Foundation\Hazina.Tools.TextExtraction\Hazina.Tools.TextExtraction.csproj(17,5): error MSB4035: The required attribute "Include" is empty or missing from the element <ProjectReference>.
C:\projects\Hazina\src\Tools\Foundation\Hazina.Tools.Models\Hazina.Tools.Models.csproj(12,5): error MSB4035: The required attribute "Include" is empty or missing from the element <ProjectReference>.
C:\projects\Hazina\src\Tools\Services\Hazina.Tools.Services\Hazina.Tools.Services.csproj(15,5): error MSB4035: The required attribute "Include" is empty or missing from the element <ProjectReference>.
C:\projects\Hazina\src\Tools\Foundation\Hazina.Tools.TextExtraction\Hazina.Tools.TextExtraction.local.csproj(27,5): error MSB4035: The required attribute "Include" is empty or missing from the element <ProjectReference>.
C:\projects\Hazina\src\Tools\Services\Hazina.Tools.Services.BigQuery\Hazina.Tools.Services.BigQuery.local.csproj(10,5): error MSB4035: The required attribute "Include" is empty or missing from the element <ProjectReference>.
C:\projects\Hazina\src\Tools\Services\Hazina.Tools.Services.Chat\Hazina.Tools.Services.Chat.local.csproj(15,5): error MSB4035: The required attribute "Include" is empty or missing from the element <ProjectReference>.
C:\projects\Hazina\src\Tools\Services\Hazina.Tools.Services.DataGathering\Hazina.Tools.Services.DataGathering.local.csproj(14,5): error MSB4035: The required attribute "Include" is empty or missing from the element <ProjectReference>.
C:\projects\Hazina\src\Tools\Services\Hazina.Tools.Services.DataGathering\Hazina.Tools.Services.DataGathering.csproj(14,5): error MSB4035: The required attribute "Include" is empty or missing from the element <ProjectReference>.
C:\projects\Hazina\src\Tools\Services\Hazina.Tools.Services.FileOps\Hazina.Tools.Services.FileOps.csproj(19,5): error MSB4035: The required attribute "Include" is empty or missing from the element <ProjectReference>.
C:\projects\Hazina\src\Tools\Services\Hazina.Tools.Services.Intake\Hazina.Tools.Services.Intake.local.csproj(10,5): error MSB4035: The required attribute "Include" is empty or missing from the element <ProjectReference>.
C:\projects\Hazina\Tests\Core\Hazina.AgentFactory.Tests\Hazina.AgentFactory.Tests.csproj(22,5): error MSB4035: The required attribute "Include" is empty or missing from the element <ProjectReference>.
C:\projects\Hazina\Tests\Core\Hazina.DynamicAPI.Tests\Hazina.DynamicAPI.Tests.csproj(23,5): error MSB4035: The required attribute "Include" is empty or missing from the element <ProjectReference>.
C:\projects\Hazina\Tests\Core\Hazina.LLMs.Classes.Tests\Hazina.LLMs.Classes.Tests.csproj(22,5): error MSB4035: The required attribute "Include" is empty or missing from the element <ProjectReference>.
C:\projects\Hazina\Tests\Core\Hazina.Generator.Tests\Hazina.Generator.Tests.csproj(22,5): error MSB4035: The required attribute "Include" is empty or missing from the element <ProjectReference>.
C:\projects\Hazina\Tests\Core\Hazina.LLMs.Anthropic.Tests\Hazina.LLMs.Anthropic.Tests.csproj(23,5): error MSB4035: The required attribute "Include" is empty or missing from the element <ProjectReference>.
C:\projects\Hazina\Tests\Core\Hazina.LLMs.HuggingFace.Tests\Hazina.LLMs.HuggingFace.Tests.csproj(22,5): error MSB4035: The required attribute "Include" is empty or missing from the element <ProjectReference>.
C:\projects\Hazina\Tests\Core\Hazina.LLMs.Client.Tests\Hazina.LLMs.Client.Tests.csproj(22,5): error MSB4035: The required attribute "Include" is empty or missing from the element <ProjectReference>.
C:\projects\Hazina\Tests\Core\Hazina.LLMs.OpenAI.Tests\Hazina.LLMs.OpenAI.Tests.csproj(23,5): error MSB4035: The required attribute "Include" is empty or missing from the element <ProjectReference>.
C:\projects\Hazina\Tests\Core\Hazina.Store.EmbeddingStore.Tests\Hazina.Store.EmbeddingStore.Tests.csproj(22,5): error MSB4035: The required attribute "Include" is empty or missing from the element <ProjectReference>.
C:\projects\Hazina\Tests\Tools\Hazina.Tools.Common.Models.Tests\Hazina.Tools.Common.Models.Tests.csproj(15,5): error MSB4035: The required attribute "Include" is empty or missing from the element <ProjectReference>.
C:\projects\Hazina\Tests\Core\Hazina.Store.DocumentStore.Tests\Hazina.Store.DocumentStore.Tests.csproj(22,5): error MSB4035: The required attribute "Include" is empty or missing from the element <ProjectReference>.
C:\projects\Hazina\Tests\Tools\Hazina.Tools.TextExtraction.Tests\Hazina.Tools.TextExtraction.Tests.csproj(12,5): error MSB4035: The required attribute "Include" is empty or missing from the element <ProjectReference>.
    0 Warning(s)
    45 Error(s)

Time Elapsed 00:00:00.85
